status file for recon-all
Fri Mar  6 15:46:20 CET 2026
#@# Tessellate lh Fri Mar  6 15:46:20 CET 2026
#@# Smooth1 lh Fri Mar  6 15:46:24 CET 2026
#@# Inflation1 lh Fri Mar  6 15:46:26 CET 2026
#@# QSphere lh Fri Mar  6 15:46:36 CET 2026
#@# Fix Topology lh Fri Mar  6 15:47:33 CET 2026
#@# Smooth2 lh Fri Mar  6 15:54:43 CET 2026
#@# Inflation2 lh Fri Mar  6 15:54:45 CET 2026
#@# Curv .H and .K lh Fri Mar  6 15:54:56 CET 2026
#@# Sphere lh Fri Mar  6 15:55:45 CET 2026
#@# Surf Reg lh Fri Mar  6 15:58:22 CET 2026
#@# Jacobian white lh Fri Mar  6 16:01:26 CET 2026
#@# AvgCurv lh Fri Mar  6 16:01:27 CET 2026
#@# Cortical Parc lh Fri Mar  6 16:01:27 CET 2026
#@# white curv lh Fri Mar  6 16:07:10 CET 2026
#@# white area lh Fri Mar  6 16:07:12 CET 2026
#@# pial curv lh Fri Mar  6 16:07:12 CET 2026
#@# pial area lh Fri Mar  6 16:07:14 CET 2026
#@# thickness lh Fri Mar  6 16:07:14 CET 2026
#@# area and vertex vol lh Fri Mar  6 16:07:45 CET 2026
#@# Curvature Stats lh Fri Mar  6 16:07:46 CET 2026
#@# Cortical Parc 2 lh Fri Mar  6 16:07:49 CET 2026
#@# Cortical Parc 3 lh Fri Mar  6 16:08:02 CET 2026
#@# WM/GM Contrast lh Fri Mar  6 16:08:12 CET 2026
recon-all -s sub-v1s10x0051104_ses-1 finished without error at Fri Mar  6 16:08:15 CET 2026



#New# invocation of recon-all 



status file for recon-all
Fri Mar  6 16:34:50 CET 2026
#@# white curv lh Fri Mar  6 16:34:50 CET 2026
#@# white area lh Fri Mar  6 16:34:50 CET 2026
#@# pial curv lh Fri Mar  6 16:34:50 CET 2026
#@# pial area lh Fri Mar  6 16:34:50 CET 2026
#@# thickness lh Fri Mar  6 16:34:50 CET 2026
#@# area and vertex vol lh Fri Mar  6 16:34:50 CET 2026
#@# Parcellation Stats lh Fri Mar  6 16:34:50 CET 2026
#@# Parcellation Stats 2 lh Fri Mar  6 16:35:10 CET 2026
#@# Parcellation Stats 3 lh Fri Mar  6 16:35:20 CET 2026
#@# BA_exvivo Labels lh Fri Mar  6 16:35:30 CET 2026
recon-all -s sub-v1s10x0051104_ses-1 finished without error at Fri Mar  6 16:37:55 CET 2026
