/out/sourcedata/freesurfer/sub-v1s11x0050158_ses-1/mri
/opt/freesurfer/bin/talairach_avi
--i orig_nu.mgz --xfm transforms/talairach.auto.xfm
talairach_avi 7.3.2
Linux dna078 5.14.0-427.37.1.el9_4.x86_64 #1 SMP PREEMPT_DYNAMIC Fri Sep 13 12:41:50 EDT 2024 x86_64 x86_64 x86_64 GNU/Linux
Fri Mar  6 17:40:40 CET 2026
mri_convert orig_nu.mgz talsrcimg.img 
reading from orig_nu.mgz...
TR=0.00, TE=0.00, TI=0.00, flip angle=0.00
i_ras = (-1, 0, 7.45058e-09)
j_ras = (0, 0, -1)
k_ras = (0, 1, 0)
writing to talsrcimg.img...
Analyze Output Matrix
-1.00000   0.00000   0.00000   133.81300;
 0.00000   0.00000   1.00000  -118.75641;
 0.00000  -1.00000   0.00000   138.69904;
 0.00000   0.00000   0.00000   1.00000;
--------------------
INFO: set hdr.hist.orient to -1
mpr2mni305 talsrcimg
Fri Mar  6 17:40:40 CET 2026
/opt/freesurfer/bin/mpr2mni305 talsrcimg
mpr2mni305 7.3.2
target=711-2C_as_mni_average_305

---------------------------------------------------------------------
analyzeto4dfp talsrcimg -O0 -y
---------------------------------------------------------------------

freesurfer ifh2hdr.c
Fri Mar  6 17:40:40 2026
Writing: talsrcimg.4dfp.hdr
freesurfer analyzeto4dfp.c
Reading: talsrcimg.hdr
header size 348 bytes
hdr.dime.datatype	offset=70	value=2
hdr.dime.bitpix		offset=72	value=8
hdr.hist.orient		offset=252	value=-1
dimensionality     4
dimensions       256       256       256         1
Reading: talsrcimg.img
Writing: talsrcimg.4dfp.img
Writing: talsrcimg.4dfp.ifh
ifh2hdr talsrcimg -r0to231
ori=2

---------------------------------------------------------------------
gauss_4dfp talsrcimg 1.1
---------------------------------------------------------------------

freesurfer gauss_4dfp.c
Reading: talsrcimg.4dfp.img
Writing: talsrcimg_g11.4dfp.img
image dimensions 256 256 256 padded to 288 288 288
processing volume 1freesurfer ifh2hdr.c
Fri Mar  6 17:40:42 2026
Writing: talsrcimg_g11.4dfp.hdr

Writing: talsrcimg_g11.4dfp.ifh
including: talsrcimg.4dfp.img.rec in talsrcimg_g11.4dfp.img.rec

---------------------------------------------------------------------
imgreg_4dfp /opt/freesurfer/average/711-2C_as_mni_average_305 none talsrcimg_g11 none talsrcimg_to_711-2C_as_mni_average_305_t4 4355
---------------------------------------------------------------------

freesurfer imgreg_4dfp.c
/opt/freesurfer/average/711-2C_as_mni_average_305.4dfp.img
       256       256       256         1
  1.000000  1.000000  1.000000
orientation T byte_order littleendian
Reading image: /opt/freesurfer/average/711-2C_as_mni_average_305.4dfp.img
dimensions:      256       256       256
mmppix:       1.0000   -1.0000   -1.0000
center:     128.0000 -129.0000 -129.0000
talsrcimg_g11.4dfp.img
       256       256       256         1
  1.000000  1.000000  1.000000
orientation T byte_order littleendian
Reading image: talsrcimg_g11.4dfp.img
dimensions:      256       256       256
mmppix:       1.0000   -1.0000   -1.0000
center:     128.0000 -129.0000 -129.0000
t4_read: open error in t4_sub.f l:  41 t4_file(1:l)talsrcimg_to_711-2C_as_mni_average_305_t4 
t4_read: transform initialized to I4
rotation matrix determinant  1.000000
image alignment mode   4355 decimal     1103 hex
   -7.5000  -45.0000  -45.0000 6119.8389   15.9379
    0.0000  -45.0000  -45.0000 6418.9868   15.9549
    7.5000  -45.0000  -45.0000 6170.5444   15.9681
   -7.5000  -37.5000  -45.0000 6744.3843   15.7438
    0.0000  -37.5000  -45.0000 7073.5122   15.7511
    7.5000  -37.5000  -45.0000 6796.6323   15.7641
   -7.5000  -30.0000  -45.0000 7628.3877   15.6831
    0.0000  -30.0000  -45.0000 7994.4097   15.6891
    7.5000  -30.0000  -45.0000 7686.2231   15.7034
   -7.5000  -22.5000  -45.0000 8517.5605   15.6721
    0.0000  -22.5000  -45.0000 8931.7627   15.6861
    7.5000  -22.5000  -45.0000 8580.9346   15.7018
   -7.5000  -15.0000  -45.0000 9397.2744   15.6643
    0.0000  -15.0000  -45.0000 9850.6768   15.6866
    7.5000  -15.0000  -45.0000 9470.2031   15.7022
   -7.5000   -7.5000  -45.000010218.7686   15.6506
    0.0000   -7.5000  -45.000010706.1514   15.6743
    7.5000   -7.5000  -45.000010286.8340   15.6899
   -7.5000    0.0000  -45.000010881.4160   15.6469
    0.0000    0.0000  -45.000011398.3838   15.6638
    7.5000    0.0000  -45.000010923.1641   15.6789
   -7.5000    7.5000  -45.000010741.6553   15.6565
    0.0000    7.5000  -45.000011236.7441   15.6647
    7.5000    7.5000  -45.000010776.7588   15.6790
   -7.5000   15.0000  -45.000010491.5742   15.6681
    0.0000   15.0000  -45.000010982.8379   15.6746
    7.5000   15.0000  -45.000010531.9434   15.6895
   -7.5000   22.5000  -45.000010156.0908   15.6700
    0.0000   22.5000  -45.000010626.5088   15.6840
    7.5000   22.5000  -45.000010196.9268   15.6997
   -7.5000   30.0000  -45.0000 9781.0264   15.4555
    0.0000   30.0000  -45.000010237.9434   15.4775
    7.5000   30.0000  -45.0000 9841.4697   15.4930
   -7.5000   37.5000  -45.0000 9742.0244   15.4421
    0.0000   37.5000  -45.000010186.5244   15.4655
    7.5000   37.5000  -45.0000 9791.0830   15.4808
   -7.5000   45.0000  -45.0000 9202.0732   15.0464
    0.0000   45.0000  -45.0000 9595.2363   15.0627
    7.5000   45.0000  -45.0000 9212.5234   15.0772
   -7.5000  -45.0000  -37.5000 6568.1953   15.8694
    0.0000  -45.0000  -37.5000 6892.7886   15.8899
    7.5000  -45.0000  -37.5000 6629.5176   15.8956
   -7.5000  -37.5000  -37.5000 7249.7734   15.6815
    0.0000  -37.5000  -37.5000 7602.0581   15.6906
    7.5000  -37.5000  -37.5000 7308.7954   15.6972
   -7.5000  -30.0000  -37.5000 8219.4268   15.6292
    0.0000  -30.0000  -37.5000 8609.8252   15.6368
    7.5000  -30.0000  -37.5000 8269.3740   15.6455
   -7.5000  -22.5000  -37.5000 9179.2598   15.6224
    0.0000  -22.5000  -37.5000 9622.6729   15.6395
    7.5000  -22.5000  -37.5000 9222.6562   15.6493
   -7.5000  -15.0000  -37.500010110.5303   15.6121
    0.0000  -15.0000  -37.500010594.7178   15.6393
    7.5000  -15.0000  -37.500010154.6660   15.6482
   -7.5000   -7.5000  -37.500010956.7588   15.5908
    0.0000   -7.5000  -37.500011488.2959   15.6191
    7.5000   -7.5000  -37.500011001.3467   15.6275
   -7.5000    0.0000  -37.500011660.4395   15.5820
    0.0000    0.0000  -37.500012218.7432   15.6023
    7.5000    0.0000  -37.500011693.5664   15.6101
   -7.5000    7.5000  -37.500011469.3779   15.5953
    0.0000    7.5000  -37.500012007.5410   15.6053
    7.5000    7.5000  -37.500011513.4854   15.6132
   -7.5000   15.0000  -37.500011163.6377   15.6144
    0.0000   15.0000  -37.500011699.4990   15.6225
    7.5000   15.0000  -37.500011203.1865   15.6318
   -7.5000   22.5000  -37.500010819.2100   15.6203
    0.0000   22.5000  -37.500011329.7256   15.6374
    7.5000   22.5000  -37.500010846.2285   15.6472
   -7.5000   30.0000  -37.500010423.8154   15.4040
    0.0000   30.0000  -37.500010901.5508   15.4309
    7.5000   30.0000  -37.500010461.8760   15.4397
   -7.5000   37.5000  -37.500010360.9355   15.3830
    0.0000   37.5000  -37.500010812.7656   15.4110
    7.5000   37.5000  -37.500010374.4453   15.4192
   -7.5000   45.0000  -37.5000 9742.9219   14.9840
    0.0000   45.0000  -37.500010153.7627   15.0034
    7.5000   45.0000  -37.5000 9737.7334   15.0109
   -7.5000  -45.0000  -30.0000 7154.4038   16.5259
    0.0000  -45.0000  -30.0000 7501.7969   16.5446
    7.5000  -45.0000  -30.0000 7206.5430   16.5384
   -7.5000  -37.5000  -30.0000 7890.5254   16.3258
    0.0000  -37.5000  -30.0000 8261.4932   16.3335
    7.5000  -37.5000  -30.0000 7935.1782   16.3316
   -7.5000  -30.0000  -30.0000 8950.3135   16.2689
    0.0000  -30.0000  -30.0000 9369.4150   16.2774
    7.5000  -30.0000  -30.0000 8978.2617   16.2821
   -7.5000  -22.5000  -30.0000 9978.1465   16.2642
    0.0000  -22.5000  -30.000010443.7949   16.2844
    7.5000  -22.5000  -30.000010000.2783   16.2920
   -7.5000  -15.0000  -30.000010952.3877   16.2583
    0.0000  -15.0000  -30.000011472.1250   16.2890
    7.5000  -15.0000  -30.000010968.4766   16.2933
   -7.5000   -7.5000  -30.000011845.3496   16.2387
    0.0000   -7.5000  -30.000012405.1621   16.2679
    7.5000   -7.5000  -30.000011877.2529   16.2667
   -7.5000    0.0000  -30.000012583.5195   16.2272
    0.0000    0.0000  -30.000013194.6152   16.2457
    7.5000    0.0000  -30.000012637.0293   16.2420
   -7.5000    7.5000  -30.000012359.9551   16.2363
    0.0000    7.5000  -30.000012963.8359   16.2449
    7.5000    7.5000  -30.000012428.7695   16.2445
   -7.5000   15.0000  -30.000012039.8369   16.2535
    0.0000   15.0000  -30.000012623.2871   16.2626
    7.5000   15.0000  -30.000012074.8604   16.2679
   -7.5000   22.5000  -30.000011641.1602   16.2603
    0.0000   22.5000  -30.000012198.4082   16.2805
    7.5000   22.5000  -30.000011660.6045   16.2881
   -7.5000   30.0000  -30.000011200.6045   16.0432
    0.0000   30.0000  -30.000011715.9141   16.0734
    7.5000   30.0000  -30.000011215.7490   16.0777
   -7.5000   37.5000  -30.000011112.7949   16.0238
    0.0000   37.5000  -30.000011585.6357   16.0526
    7.5000   37.5000  -30.000011097.0391   16.0515
   -7.5000   45.0000  -30.000010418.2510   15.6159
    0.0000   45.0000  -30.000010852.3887   15.6337
    7.5000   45.0000  -30.000010396.3340   15.6301
   -7.5000  -45.0000  -22.5000 7712.5435   17.1047
    0.0000  -45.0000  -22.5000 8095.9697   17.1169
    7.5000  -45.0000  -22.5000 7775.4668   17.1045
   -7.5000  -37.5000  -22.5000 8514.2529   16.8860
    0.0000  -37.5000  -22.5000 8913.9805   16.8896
    7.5000  -37.5000  -22.5000 8562.2236   16.8844
   -7.5000  -30.0000  -22.5000 9652.2910   16.8144
    0.0000  -30.0000  -22.500010094.8682   16.8217
    7.5000  -30.0000  -22.5000 9666.3213   16.8280
   -7.5000  -22.5000  -22.500010729.9443   16.8075
    0.0000  -22.5000  -22.500011217.3770   16.8274
    7.5000  -22.5000  -22.500010734.9980   16.8389
   -7.5000  -15.0000  -22.500011745.8936   16.8106
    0.0000  -15.0000  -22.500012297.2920   16.8391
    7.5000  -15.0000  -22.500011742.4590   16.8452
   -7.5000   -7.5000  -22.500012669.5381   16.8031
    0.0000   -7.5000  -22.500013289.7529   16.8270
    7.5000   -7.5000  -22.500012709.2090   16.8224
   -7.5000    0.0000  -22.500013449.7930   16.7943
    0.0000    0.0000  -22.500014113.7148   16.8065
    7.5000    0.0000  -22.500013508.9482   16.7967
   -7.5000    7.5000  -22.500013198.2334   16.7930
    0.0000    7.5000  -22.500013840.1348   16.7976
    7.5000    7.5000  -22.500013269.1416   16.7940
   -7.5000   15.0000  -22.500012862.3252   16.7985
    0.0000   15.0000  -22.500013482.2900   16.8064
    7.5000   15.0000  -22.500012896.4443   16.8133
   -7.5000   22.5000  -22.500012447.4443   16.8023
    0.0000   22.5000  -22.500013034.7803   16.8223
    7.5000   22.5000  -22.500012452.2803   16.8337
   -7.5000   30.0000  -22.500011958.5801   16.5908
    0.0000   30.0000  -22.500012491.5264   16.6189
    7.5000   30.0000  -22.500011929.2090   16.6249
   -7.5000   37.5000  -22.500011808.5645   16.5833
    0.0000   37.5000  -22.500012322.1592   16.6069
    7.5000   37.5000  -22.500011781.1279   16.6024
   -7.5000   45.0000  -22.500011021.0781   16.1737
    0.0000   45.0000  -22.500011485.4463   16.1855
    7.5000   45.0000  -22.500010995.3086   16.1761
   -7.5000  -45.0000  -15.0000 8274.9395   17.5305
    0.0000  -45.0000  -15.0000 8686.4482   17.5389
    7.5000  -45.0000  -15.0000 8356.8291   17.5319
   -7.5000  -37.5000  -15.0000 9126.6182   17.2991
    0.0000  -37.5000  -15.0000 9561.8418   17.3007
    7.5000  -37.5000  -15.0000 9182.8916   17.3007
   -7.5000  -30.0000  -15.000010340.7588   17.2151
    0.0000  -30.0000  -15.000010799.3633   17.2211
    7.5000  -30.0000  -15.000010365.7012   17.2329
   -7.5000  -22.5000  -15.000011477.3047   17.2033
    0.0000  -22.5000  -15.000011993.0059   17.2206
    7.5000  -22.5000  -15.000011496.0791   17.2384
   -7.5000  -15.0000  -15.000012532.8848   17.2110
    0.0000  -15.0000  -15.000013115.7695   17.2349
    7.5000  -15.0000  -15.000012554.2852   17.2477
   -7.5000   -7.5000  -15.000013471.8721   17.2137
    0.0000   -7.5000  -15.000014123.1953   17.2327
    7.5000   -7.5000  -15.000013530.5039   17.2343
   -7.5000    0.0000  -15.000014283.0566   17.2106
    0.0000    0.0000  -15.000014971.2617   17.2192
    7.5000    0.0000  -15.000014357.1377   17.2148
   -7.5000    7.5000  -15.000013998.1914   17.2033
    0.0000    7.5000  -15.000014655.9980   17.2058
    7.5000    7.5000  -15.000014074.7764   17.2074
   -7.5000   15.0000  -15.000013652.8789   17.1986
    0.0000   15.0000  -15.000014311.3760   17.2053
    7.5000   15.0000  -15.000013712.3135   17.2177
   -7.5000   22.5000  -15.000013224.0254   17.1972
    0.0000   22.5000  -15.000013855.7275   17.2145
    7.5000   22.5000  -15.000013227.0420   17.2323
   -7.5000   30.0000  -15.000012693.2715   16.9882
    0.0000   30.0000  -15.000013272.3418   17.0119
    7.5000   30.0000  -15.000012656.4736   17.0245
   -7.5000   37.5000  -15.000012493.2510   16.9909
    0.0000   37.5000  -15.000013039.1309   17.0097
    7.5000   37.5000  -15.000012452.2373   17.0113
   -7.5000   45.0000  -15.000011611.8008   16.5846
    0.0000   45.0000  -15.000012098.1318   16.5929
    7.5000   45.0000  -15.000011586.5723   16.5887
   -7.5000  -45.0000   -7.5000 8881.9443   17.7369
    0.0000  -45.0000   -7.5000 9312.7559   17.7490
    7.5000  -45.0000   -7.5000 8957.7852   17.7563
   -7.5000  -37.5000   -7.5000 9788.2861   17.5094
    0.0000  -37.5000   -7.500010243.9561   17.5135
    7.5000  -37.5000   -7.5000 9841.0664   17.5239
   -7.5000  -30.0000   -7.500011077.1543   17.4287
    0.0000  -30.0000   -7.500011560.2197   17.4345
    7.5000  -30.0000   -7.500011085.5635   17.4511
   -7.5000  -22.5000   -7.500012251.6885   17.4144
    0.0000  -22.5000   -7.500012828.1172   17.4295
    7.5000  -22.5000   -7.500012299.0635   17.4502
   -7.5000  -15.0000   -7.500013350.9707   17.4155
    0.0000  -15.0000   -7.500013969.5713   17.4376
    7.5000  -15.0000   -7.500013396.2480   17.4562
   -7.5000   -7.5000   -7.500014311.1836   17.4138
    0.0000   -7.5000   -7.500014981.0547   17.4342
    7.5000   -7.5000   -7.500014384.0205   17.4473
   -7.5000    0.0000   -7.500015131.9668   17.4130
    0.0000    0.0000   -7.500015838.1973   17.4252
    7.5000    0.0000   -7.500015228.8545   17.4348
   -7.5000    7.5000   -7.500014797.0889   17.4123
    0.0000    7.5000   -7.500015455.7627   17.4174
    7.5000    7.5000   -7.500014884.2344   17.4292
   -7.5000   15.0000   -7.500014434.1025   17.4120
    0.0000   15.0000   -7.500015112.8662   17.4184
    7.5000   15.0000   -7.500014519.5635   17.4357
   -7.5000   22.5000   -7.500014010.3330   17.4063
    0.0000   22.5000   -7.500014662.4912   17.4215
    7.5000   22.5000   -7.500014014.8848   17.4422
   -7.5000   30.0000   -7.500013427.8975   17.1896
    0.0000   30.0000   -7.500014022.9736   17.2114
    7.5000   30.0000   -7.500013386.2764   17.2298
   -7.5000   37.5000   -7.500013192.8301   17.1879
    0.0000   37.5000   -7.500013753.2930   17.2081
    7.5000   37.5000   -7.500013132.8828   17.2210
   -7.5000   45.0000   -7.500012200.1699   16.7829
    0.0000   45.0000   -7.500012711.3994   16.7946
    7.5000   45.0000   -7.500012169.0986   16.8039
   -7.5000  -45.0000    0.0000 9473.9092   17.7628
    0.0000  -45.0000    0.0000 9913.8340   17.7818
    7.5000  -45.0000    0.0000 9526.0547   17.7965
   -7.5000  -37.5000    0.000010410.3584   17.5472
    0.0000  -37.5000    0.000010891.9541   17.5554
    7.5000  -37.5000    0.000010452.2266   17.5698
   -7.5000  -30.0000    0.000011734.8789   17.4799
    0.0000  -30.0000    0.000012275.5020   17.4866
    7.5000  -30.0000    0.000011776.8047   17.5025
   -7.5000  -22.5000    0.000012936.3330   17.4678
    0.0000  -22.5000    0.000013572.5312   17.4835
    7.5000  -22.5000    0.000013011.7871   17.5009
   -7.5000  -15.0000    0.000014047.4922   17.4592
    0.0000  -15.0000    0.000014699.1602   17.4840
    7.5000  -15.0000    0.000014131.6162   17.5014
   -7.5000   -7.5000    0.000015054.7812   17.4440
    0.0000   -7.5000    0.000015760.5312   17.4704
    7.5000   -7.5000    0.000015164.9014   17.4876
   -7.5000    0.0000    0.000015897.4785   17.4397
    0.0000    0.0000    0.000016624.5508   17.4586
    7.5000    0.0000    0.000016006.2471   17.4754
   -7.5000    7.5000    0.000015536.7559   17.4503
    0.0000    7.5000    0.000016204.4238   17.4594
    7.5000    7.5000    0.000015605.9346   17.4753
   -7.5000   15.0000    0.000015172.6885   17.4631
    0.0000   15.0000    0.000015856.9912   17.4705
    7.5000   15.0000    0.000015216.5859   17.4871
   -7.5000   22.5000    0.000014712.2861   17.4597
    0.0000   22.5000    0.000015389.9414   17.4754
    7.5000   22.5000    0.000014702.8574   17.4929
   -7.5000   30.0000    0.000014082.3828   17.2332
    0.0000   30.0000    0.000014695.5752   17.2577
    7.5000   30.0000    0.000014047.9248   17.2749
   -7.5000   37.5000    0.000013785.4160   17.2182
    0.0000   37.5000    0.000014353.5352   17.2443
    7.5000   37.5000    0.000013731.7842   17.2613
   -7.5000   45.0000    0.000012709.6074   16.8099
    0.0000   45.0000    0.000013220.4258   16.8281
    7.5000   45.0000    0.000012665.1387   16.8443
   -7.5000  -45.0000    7.5000 9301.8711   17.7512
    0.0000  -45.0000    7.5000 9739.0068   17.7741
    7.5000  -45.0000    7.5000 9344.3623   17.7806
   -7.5000  -37.5000    7.500010217.7188   17.5412
    0.0000  -37.5000    7.500010690.2061   17.5513
    7.5000  -37.5000    7.500010246.6084   17.5588
   -7.5000  -30.0000    7.500011486.2012   17.4828
    0.0000  -30.0000    7.500012027.8555   17.4912
    7.5000  -30.0000    7.500011533.9053   17.5010
   -7.5000  -22.5000    7.500012614.6123   17.4752
    0.0000  -22.5000    7.500013224.9092   17.4943
    7.5000  -22.5000    7.500012701.5547   17.5053
   -7.5000  -15.0000    7.500013652.6592   17.4636
    0.0000  -15.0000    7.500014279.7666   17.4941
    7.5000  -15.0000    7.500013767.4111   17.5041
   -7.5000   -7.5000    7.500014645.9639   17.4397
    0.0000   -7.5000    7.500015335.2070   17.4714
    7.5000   -7.5000    7.500014781.6377   17.4808
   -7.5000    0.0000    7.500015493.9512   17.4299
    0.0000    0.0000    7.500016166.2061   17.4525
    7.5000    0.0000    7.500015623.6377   17.4613
   -7.5000    7.5000    7.500015088.0908   17.4448
    0.0000    7.5000    7.500015743.9492   17.4559
    7.5000    7.5000    7.500015189.4092   17.4649
   -7.5000   15.0000    7.500014734.8555   17.4661
    0.0000   15.0000    7.500015389.1992   17.4752
    7.5000   15.0000    7.500014792.8770   17.4857
   -7.5000   22.5000    7.500014274.4717   17.4671
    0.0000   22.5000    7.500014929.1172   17.4863
    7.5000   22.5000    7.500014286.4629   17.4973
   -7.5000   30.0000    7.500013650.8379   17.2376
    0.0000   30.0000    7.500014249.9893   17.2677
    7.5000   30.0000    7.500013663.1494   17.2775
   -7.5000   37.5000    7.500013300.9688   17.2140
    0.0000   37.5000    7.500013850.5928   17.2453
    7.5000   37.5000    7.500013317.9902   17.2545
   -7.5000   45.0000    7.500012244.5361   16.8004
    0.0000   45.0000    7.500012705.4766   16.8222
    7.5000   45.0000    7.500012248.8623   16.8307
   -7.5000  -45.0000   15.0000 9012.8154   17.7461
    0.0000  -45.0000   15.0000 9423.6289   17.7662
    7.5000  -45.0000   15.0000 9029.7852   17.7595
   -7.5000  -37.5000   15.0000 9894.8232   17.5312
    0.0000  -37.5000   15.000010340.9365   17.5395
    7.5000  -37.5000   15.0000 9915.3213   17.5375
   -7.5000  -30.0000   15.000011106.5771   17.4702
    0.0000  -30.0000   15.000011637.2500   17.4792
    7.5000  -30.0000   15.000011169.0068   17.4843
   -7.5000  -22.5000   15.000012195.5518   17.4650
    0.0000  -22.5000   15.000012771.6963   17.4868
    7.5000  -22.5000   15.000012290.8672   17.4950
   -7.5000  -15.0000   15.000013160.5479   17.4588
    0.0000  -15.0000   15.000013760.9111   17.4917
    7.5000  -15.0000   15.000013291.6260   17.4963
   -7.5000   -7.5000   15.000014082.0537   17.4377
    0.0000   -7.5000   15.000014756.4873   17.4691
    7.5000   -7.5000   15.000014226.5234   17.4678
   -7.5000    0.0000   15.000014924.4434   17.4254
    0.0000    0.0000   15.000015573.1162   17.4452
    7.5000    0.0000   15.000015037.0918   17.4412
   -7.5000    7.5000   15.000014567.4639   17.4351
    0.0000    7.5000   15.000015181.9893   17.4443
    7.5000    7.5000   15.000014664.7109   17.4439
   -7.5000   15.0000   15.000014172.9590   17.4536
    0.0000   15.0000   15.000014782.4434   17.4633
    7.5000   15.0000   15.000014242.0273   17.4691
   -7.5000   22.5000   15.000013713.0850   17.4570
    0.0000   22.5000   15.000014302.2285   17.4787
    7.5000   22.5000   15.000013763.9521   17.4869
   -7.5000   30.0000   15.000013114.1328   17.2328
    0.0000   30.0000   15.000013662.6260   17.2653
    7.5000   30.0000   15.000013160.8379   17.2699
   -7.5000   37.5000   15.000012768.6279   17.2120
    0.0000   37.5000   15.000013260.8174   17.2430
    7.5000   37.5000   15.000012795.6211   17.2417
   -7.5000   45.0000   15.000011745.4873   16.7960
    0.0000   45.0000   15.000012163.6133   16.8152
    7.5000   45.0000   15.000011749.1396   16.8113
   -7.5000  -45.0000   22.5000 8599.1992   17.7564
    0.0000  -45.0000   22.5000 8991.5791   17.7691
    7.5000  -45.0000   22.5000 8629.2334   17.7562
   -7.5000  -37.5000   22.5000 9440.4287   17.5294
    0.0000  -37.5000   22.5000 9878.5059   17.5330
    7.5000  -37.5000   22.5000 9467.7246   17.5277
   -7.5000  -30.0000   22.500010579.7793   17.4551
    0.0000  -30.0000   22.500011095.7197   17.4626
    7.5000  -30.0000   22.500010651.2021   17.4691
   -7.5000  -22.5000   22.500011634.7598   17.4478
    0.0000  -22.5000   22.500012180.0820   17.4685
    7.5000  -22.5000   22.500011719.5166   17.4804
   -7.5000  -15.0000   22.500012595.4648   17.4511
    0.0000  -15.0000   22.500013162.6709   17.4807
    7.5000  -15.0000   22.500012699.6758   17.4870
   -7.5000   -7.5000   22.500013463.2598   17.4432
    0.0000   -7.5000   22.500014072.0312   17.4681
    7.5000   -7.5000   22.500013581.7295   17.4634
   -7.5000    0.0000   22.500014235.3379   17.4341
    0.0000    0.0000   22.500014844.1143   17.4468
    7.5000    0.0000   22.500014328.1416   17.4367
   -7.5000    7.5000   22.500013923.1094   17.4328
    0.0000    7.5000   22.500014517.5225   17.4375
    7.5000    7.5000   22.500014009.0342   17.4338
   -7.5000   15.0000   22.500013566.8662   17.4385
    0.0000   15.0000   22.500014160.3486   17.4467
    7.5000   15.0000   22.500013669.3105   17.4538
   -7.5000   22.5000   22.500013118.6660   17.4398
    0.0000   22.5000   22.500013675.2422   17.4605
    7.5000   22.5000   22.500013220.4424   17.4724
   -7.5000   30.0000   22.500012548.0576   17.2253
    0.0000   30.0000   22.500013059.0645   17.2545
    7.5000   30.0000   22.500012615.6562   17.2607
   -7.5000   37.5000   22.500012217.1641   17.2175
    0.0000   37.5000   22.500012678.4775   17.2420
    7.5000   37.5000   22.500012243.2910   17.2374
   -7.5000   45.0000   22.500011222.3154   16.8045
    0.0000   45.0000   22.500011620.9844   16.8167
    7.5000   45.0000   22.500011206.9756   16.8070
   -7.5000  -45.0000   30.0000 8048.7188   17.8182
    0.0000  -45.0000   30.0000 8432.5938   17.8269
    7.5000  -45.0000   30.0000 8098.7393   17.8197
   -7.5000  -37.5000   30.0000 8853.5264   17.5825
    0.0000  -37.5000   30.0000 9268.5039   17.5841
    7.5000  -37.5000   30.0000 8896.2109   17.5841
   -7.5000  -30.0000   30.0000 9957.0840   17.4968
    0.0000  -30.0000   30.000010427.0645   17.5030
    7.5000  -30.0000   30.000010034.9824   17.5150
   -7.5000  -22.5000   30.000010969.3496   17.4849
    0.0000  -22.5000   30.000011491.4443   17.5026
    7.5000  -22.5000   30.000011044.4805   17.5207
   -7.5000  -15.0000   30.000011894.6680   17.4927
    0.0000  -15.0000   30.000012448.3213   17.5172
    7.5000  -15.0000   30.000011984.1465   17.5302
   -7.5000   -7.5000   30.000012735.9795   17.4954
    0.0000   -7.5000   30.000013312.9238   17.5149
    7.5000   -7.5000   30.000012835.1270   17.5165
   -7.5000    0.0000   30.000013470.2031   17.4922
    0.0000    0.0000   30.000014065.0430   17.5011
    7.5000    0.0000   30.000013552.8691   17.4966
   -7.5000    7.5000   30.000013194.7354   17.4848
    0.0000    7.5000   30.000013780.5850   17.4875
    7.5000    7.5000   30.000013282.7549   17.4890
   -7.5000   15.0000   30.000012847.6025   17.4801
    0.0000   15.0000   30.000013427.6113   17.4869
    7.5000   15.0000   30.000012949.5645   17.4995
   -7.5000   22.5000   30.000012451.8447   17.4768
    0.0000   22.5000   30.000013001.1475   17.4945
    7.5000   22.5000   30.000012530.4873   17.5126
   -7.5000   30.0000   30.000011934.3242   17.2663
    0.0000   30.0000   30.000012442.1641   17.2904
    7.5000   30.0000   30.000011974.6934   17.3034
   -7.5000   37.5000   30.000011616.9580   17.2690
    0.0000   37.5000   30.000012090.0137   17.2882
    7.5000   37.5000   30.000011615.7451   17.2898
   -7.5000   45.0000   30.000010646.9521   16.8605
    0.0000   45.0000   30.000011070.3174   16.8690
    7.5000   45.0000   30.000010627.5479   16.8647
   -7.5000  -45.0000   37.5000 7781.5254   17.9244
    0.0000  -45.0000   37.5000 8135.2930   17.9366
    7.5000  -45.0000   37.5000 7823.0322   17.9440
   -7.5000  -37.5000   37.5000 8562.2852   17.6963
    0.0000  -37.5000   37.5000 8958.2344   17.7003
    7.5000  -37.5000   37.5000 8601.3467   17.7108
   -7.5000  -30.0000   37.5000 9631.3643   17.6155
    0.0000  -30.0000   37.500010089.1045   17.6213
    7.5000  -30.0000   37.5000 9694.9648   17.6380
   -7.5000  -22.5000   37.500010621.1387   17.6009
    0.0000  -22.5000   37.500011140.8477   17.6163
    7.5000  -22.5000   37.500010689.4902   17.6371
   -7.5000  -15.0000   37.500011552.9805   17.6018
    0.0000  -15.0000   37.500012110.9648   17.6243
    7.5000  -15.0000   37.500011620.8184   17.6430
   -7.5000   -7.5000   37.500012403.6074   17.5998
    0.0000   -7.5000   37.500012977.5801   17.6206
    7.5000   -7.5000   37.500012460.9521   17.6337
   -7.5000    0.0000   37.500013156.5684   17.5990
    0.0000    0.0000   37.500013758.3037   17.6114
    7.5000    0.0000   37.500013203.9268   17.6210
   -7.5000    7.5000   37.500012888.6504   17.5986
    0.0000    7.5000   37.500013476.7344   17.6037
    7.5000    7.5000   37.500012953.8174   17.6155
   -7.5000   15.0000   37.500012524.8486   17.5985
    0.0000   15.0000   37.500013106.9580   17.6050
    7.5000   15.0000   37.500012609.6855   17.6223
   -7.5000   22.5000   37.500012130.5898   17.5927
    0.0000   22.5000   37.500012684.2119   17.6082
    7.5000   22.5000   37.500012207.2314   17.6290
   -7.5000   30.0000   37.500011648.9668   17.3740
    0.0000   30.0000   37.500012162.1465   17.3962
    7.5000   30.0000   37.500011697.6133   17.4147
   -7.5000   37.5000   37.500011339.9121   17.3720
    0.0000   37.5000   37.500011812.8906   17.3925
    7.5000   37.5000   37.500011350.1621   17.4055
   -7.5000   45.0000   37.500010385.7129   16.9634
    0.0000   45.0000   37.500010806.4863   16.9754
    7.5000   45.0000   37.500010384.5557   16.9847
   -7.5000  -45.0000   45.0000 7165.5527   17.9736
    0.0000  -45.0000   45.0000 7497.7114   17.9929
    7.5000  -45.0000   45.0000 7188.2314   18.0077
   -7.5000  -37.5000   45.0000 7880.2612   17.7587
    0.0000  -37.5000   45.0000 8247.5967   17.7669
    7.5000  -37.5000   45.0000 7905.0723   17.7814
   -7.5000  -30.0000   45.0000 8857.7236   17.6924
    0.0000  -30.0000   45.0000 9282.2969   17.6992
    7.5000  -30.0000   45.0000 8915.5117   17.7150
   -7.5000  -22.5000   45.0000 9798.1865   17.6801
    0.0000  -22.5000   45.000010263.1562   17.6961
    7.5000  -22.5000   45.0000 9842.1025   17.7136
   -7.5000  -15.0000   45.000010669.7822   17.6711
    0.0000  -15.0000   45.000011199.1807   17.6965
    7.5000  -15.0000   45.000010731.9912   17.7140
   -7.5000   -7.5000   45.000011461.8320   17.6552
    0.0000   -7.5000   45.000012012.5771   17.6822
    7.5000   -7.5000   45.000011525.6416   17.6995
   -7.5000    0.0000   45.000012167.3896   17.6508
    0.0000    0.0000   45.000012737.7988   17.6699
    7.5000    0.0000   45.000012218.9150   17.6868
   -7.5000    7.5000   45.000011933.8809   17.6618
    0.0000    7.5000   45.000012485.9854   17.6709
    7.5000    7.5000   45.000011993.5957   17.6869
   -7.5000   15.0000   45.000011580.6865   17.6753
    0.0000   15.0000   45.000012134.7236   17.6827
    7.5000   15.0000   45.000011646.8408   17.6992
   -7.5000   22.5000   45.000011201.8340   17.6719
    0.0000   22.5000   45.000011708.0137   17.6879
    7.5000   22.5000   45.000011251.8369   17.7053
   -7.5000   30.0000   45.000010781.1221   17.4408
    0.0000   30.0000   45.000011252.8008   17.4660
    7.5000   30.0000   45.000010813.6934   17.4832
   -7.5000   37.5000   45.000010505.4463   17.4252
    0.0000   37.5000   45.000010946.6221   17.4519
    7.5000   37.5000   45.000010518.7861   17.4690
   -7.5000   45.0000   45.0000 9619.9111   17.0210
    0.0000   45.0000   45.000010035.7314   17.0395
    7.5000   45.0000   45.0000 9632.5361   17.0557

---------------------------------------------------------------------
imgreg_4dfp /opt/freesurfer/average/711-2C_as_mni_average_305 /opt/freesurfer/average/711-2B_as_mni_average_305_mask talsrcimg_g11 none talsrcimg_to_711-2C_as_mni_average_305_t4 4355
---------------------------------------------------------------------

freesurfer imgreg_4dfp.c
/opt/freesurfer/average/711-2C_as_mni_average_305.4dfp.img
       256       256       256         1
  1.000000  1.000000  1.000000
orientation T byte_order littleendian
Reading image: /opt/freesurfer/average/711-2C_as_mni_average_305.4dfp.img
dimensions:      256       256       256
mmppix:       1.0000   -1.0000   -1.0000
center:     128.0000 -129.0000 -129.0000
/opt/freesurfer/average/711-2B_as_mni_average_305_mask.4dfp.img
       256       256       256         1
  1.000000  1.000000  1.000000
orientation T byte_order littleendian
Reading mask: /opt/freesurfer/average/711-2B_as_mni_average_305_mask.4dfp.img (2306576 pixels)
talsrcimg_g11.4dfp.img
       256       256       256         1
  1.000000  1.000000  1.000000
orientation T byte_order littleendian
Reading image: talsrcimg_g11.4dfp.img
dimensions:      256       256       256
mmppix:       1.0000   -1.0000   -1.0000
center:     128.0000 -129.0000 -129.0000
rotation matrix determinant  1.000000
image alignment mode   4355 decimal     1103 hex
   -7.5000  -45.0000  -45.0000 1658.6836   23.9296
    0.0000  -45.0000  -45.0000 1671.9116   23.6718
    7.5000  -45.0000  -45.0000 1661.9370   23.7753
   -7.5000  -37.5000  -45.0000 1780.8484   20.9570
    0.0000  -37.5000  -45.0000 1798.2825   20.6784
    7.5000  -37.5000  -45.0000 1790.0936   20.8222
   -7.5000  -30.0000  -45.0000 1889.8424   18.6467
    0.0000  -30.0000  -45.0000 1908.6166   18.3984
    7.5000  -30.0000  -45.0000 1900.5739   18.5334
   -7.5000  -22.5000  -45.0000 1988.4818   16.9603
    0.0000  -22.5000  -45.0000 2009.3193   16.7426
    7.5000  -22.5000  -45.0000 2003.2137   16.8360
   -7.5000  -15.0000  -45.0000 2068.4951   15.7034
    0.0000  -15.0000  -45.0000 2091.8733   15.5264
    7.5000  -15.0000  -45.0000 2086.9290   15.6350
   -7.5000   -7.5000  -45.0000 2125.9065   14.8782
    0.0000   -7.5000  -45.0000 2143.2432   14.7353
    7.5000   -7.5000  -45.0000 2138.2952   14.8343
   -7.5000    0.0000  -45.0000 2151.5693   14.3642
    0.0000    0.0000  -45.0000 2172.1001   14.2182
    7.5000    0.0000  -45.0000 2164.8323   14.3081
   -7.5000    7.5000  -45.0000 2166.9309   14.1102
    0.0000    7.5000  -45.0000 2188.7769   13.9571
    7.5000    7.5000  -45.0000 2182.6377   14.0296
   -7.5000   15.0000  -45.0000 2168.9863   14.1287
    0.0000   15.0000  -45.0000 2192.0750   13.9401
    7.5000   15.0000  -45.0000 2185.9177   14.0446
   -7.5000   22.5000  -45.0000 2152.6973   14.5263
    0.0000   22.5000  -45.0000 2176.5469   14.3068
    7.5000   22.5000  -45.0000 2170.9492   14.3984
   -7.5000   30.0000  -45.0000 2109.8030   15.2076
    0.0000   30.0000  -45.0000 2136.6233   14.9691
    7.5000   30.0000  -45.0000 2134.4280   15.0871
   -7.5000   37.5000  -45.0000 2056.6917   16.1943
    0.0000   37.5000  -45.0000 2081.6072   15.9229
    7.5000   37.5000  -45.0000 2078.3779   16.0443
   -7.5000   45.0000  -45.0000 1979.3412   17.5130
    0.0000   45.0000  -45.0000 2005.5114   17.2373
    7.5000   45.0000  -45.0000 1999.0853   17.3552
   -7.5000  -45.0000  -37.5000 1727.4745   21.8829
    0.0000  -45.0000  -37.5000 1746.4211   21.6490
    7.5000  -45.0000  -37.5000 1741.1681   21.7955
   -7.5000  -37.5000  -37.5000 1863.5469   19.1754
    0.0000  -37.5000  -37.5000 1881.6478   18.9522
    7.5000  -37.5000  -37.5000 1873.6182   19.0742
   -7.5000  -30.0000  -37.5000 1981.8058   17.1306
    0.0000  -30.0000  -37.5000 1998.2732   16.9229
    7.5000  -30.0000  -37.5000 1990.3790   17.0164
   -7.5000  -22.5000  -37.5000 2086.0356   15.5878
    0.0000  -22.5000  -37.5000 2108.7205   15.3874
    7.5000  -22.5000  -37.5000 2096.8848   15.5017
   -7.5000  -15.0000  -37.5000 2173.0908   14.4128
    0.0000  -15.0000  -37.5000 2195.1008   14.2513
    7.5000  -15.0000  -37.5000 2185.5007   14.3554
   -7.5000   -7.5000  -37.5000 2230.4016   13.6127
    0.0000   -7.5000  -37.5000 2252.3530   13.4683
    7.5000   -7.5000  -37.5000 2240.3904   13.5633
   -7.5000    0.0000  -37.5000 2259.0366   13.0874
    0.0000    0.0000  -37.5000 2278.7263   12.9788
    7.5000    0.0000  -37.5000 2269.7869   13.0705
   -7.5000    7.5000  -37.5000 2271.4602   12.9196
    0.0000    7.5000  -37.5000 2294.8987   12.7575
    7.5000    7.5000  -37.5000 2286.9563   12.8516
   -7.5000   15.0000  -37.5000 2266.8518   12.9836
    0.0000   15.0000  -37.5000 2291.4160   12.8157
    7.5000   15.0000  -37.5000 2282.5811   12.9133
   -7.5000   22.5000  -37.5000 2245.0488   13.3646
    0.0000   22.5000  -37.5000 2273.9377   13.1797
    7.5000   22.5000  -37.5000 2268.2688   13.2654
   -7.5000   30.0000  -37.5000 2202.1340   13.9851
    0.0000   30.0000  -37.5000 2231.8799   13.7718
    7.5000   30.0000  -37.5000 2229.7566   13.8757
   -7.5000   37.5000  -37.5000 2145.7673   14.8649
    0.0000   37.5000  -37.5000 2175.7029   14.6237
    7.5000   37.5000  -37.5000 2169.5867   14.7427
   -7.5000   45.0000  -37.5000 2067.8081   16.0787
    0.0000   45.0000  -37.5000 2095.1262   15.8294
    7.5000   45.0000  -37.5000 2086.9878   15.9334
   -7.5000  -45.0000  -30.0000 1824.6793   20.8664
    0.0000  -45.0000  -30.0000 1849.1010   20.6321
    7.5000  -45.0000  -30.0000 1848.8961   20.8256
   -7.5000  -37.5000  -30.0000 1971.0522   18.3531
    0.0000  -37.5000  -30.0000 1990.6866   18.0967
    7.5000  -37.5000  -30.0000 1985.8412   18.2134
   -7.5000  -30.0000  -30.0000 2099.8530   16.3790
    0.0000  -30.0000  -30.0000 2123.4177   16.1623
    7.5000  -30.0000  -30.0000 2112.5620   16.2623
   -7.5000  -22.5000  -30.0000 2213.3767   14.8316
    0.0000  -22.5000  -30.0000 2238.0647   14.6613
    7.5000  -22.5000  -30.0000 2224.6807   14.8028
   -7.5000  -15.0000  -30.0000 2301.6914   13.7135
    0.0000  -15.0000  -30.0000 2325.4111   13.5635
    7.5000  -15.0000  -30.0000 2311.9224   13.6760
   -7.5000   -7.5000  -30.0000 2367.2476   12.9529
    0.0000   -7.5000  -30.0000 2388.6003   12.8075
    7.5000   -7.5000  -30.0000 2378.8823   12.9050
   -7.5000    0.0000  -30.0000 2401.8391   12.4388
    0.0000    0.0000  -30.0000 2424.7124   12.3321
    7.5000    0.0000  -30.0000 2417.6477   12.3930
   -7.5000    7.5000  -30.0000 2422.0247   12.2841
    0.0000    7.5000  -30.0000 2447.3420   12.1457
    7.5000    7.5000  -30.0000 2439.5925   12.2227
   -7.5000   15.0000  -30.0000 2417.8247   12.3899
    0.0000   15.0000  -30.0000 2445.1748   12.2622
    7.5000   15.0000  -30.0000 2432.4146   12.3482
   -7.5000   22.5000  -30.0000 2385.8296   12.7788
    0.0000   22.5000  -30.0000 2419.3391   12.6143
    7.5000   22.5000  -30.0000 2412.6265   12.6981
   -7.5000   30.0000  -30.0000 2339.3767   13.3492
    0.0000   30.0000  -30.0000 2373.8623   13.1672
    7.5000   30.0000  -30.0000 2370.7114   13.2595
   -7.5000   37.5000  -30.0000 2276.9971   14.2067
    0.0000   37.5000  -30.0000 2308.4299   14.0024
    7.5000   37.5000  -30.0000 2302.9443   14.1103
   -7.5000   45.0000  -30.0000 2190.6208   15.3629
    0.0000   45.0000  -30.0000 2218.9097   15.1337
    7.5000   45.0000  -30.0000 2212.3086   15.2408
   -7.5000  -45.0000  -22.5000 1900.6819   19.8881
    0.0000  -45.0000  -22.5000 1924.5864   19.6915
    7.5000  -45.0000  -22.5000 1923.3480   19.8807
   -7.5000  -37.5000  -22.5000 2053.6140   17.4335
    0.0000  -37.5000  -22.5000 2074.9036   17.2148
    7.5000  -37.5000  -22.5000 2070.2458   17.3644
   -7.5000  -30.0000  -22.5000 2190.4185   15.5255
    0.0000  -30.0000  -22.5000 2212.8997   15.3459
    7.5000  -30.0000  -22.5000 2203.5679   15.4816
   -7.5000  -22.5000  -22.5000 2307.0544   14.0708
    0.0000  -22.5000  -22.5000 2328.9839   13.9100
    7.5000  -22.5000  -22.5000 2317.6770   14.0539
   -7.5000  -15.0000  -22.5000 2404.1111   12.9747
    0.0000  -15.0000  -22.5000 2425.0781   12.8480
    7.5000  -15.0000  -22.5000 2411.5105   12.9442
   -7.5000   -7.5000  -22.5000 2477.4077   12.2291
    0.0000   -7.5000  -22.5000 2501.0945   12.1139
    7.5000   -7.5000  -22.5000 2489.0093   12.1949
   -7.5000    0.0000  -22.5000 2516.2913   11.7754
    0.0000    0.0000  -22.5000 2542.5352   11.6619
    7.5000    0.0000  -22.5000 2535.8865   11.7409
   -7.5000    7.5000  -22.5000 2544.7446   11.6023
    0.0000    7.5000  -22.5000 2574.4126   11.4749
    7.5000    7.5000  -22.5000 2566.4207   11.5466
   -7.5000   15.0000  -22.5000 2547.9631   11.7244
    0.0000   15.0000  -22.5000 2580.6960   11.6004
    7.5000   15.0000  -22.5000 2567.2158   11.6854
   -7.5000   22.5000  -22.5000 2516.3557   12.0977
    0.0000   22.5000  -22.5000 2551.1343   11.9714
    7.5000   22.5000  -22.5000 2542.9763   12.0412
   -7.5000   30.0000  -22.5000 2462.7971   12.6766
    0.0000   30.0000  -22.5000 2496.4094   12.5352
    7.5000   30.0000  -22.5000 2487.8669   12.6122
   -7.5000   37.5000  -22.5000 2387.1726   13.5022
    0.0000   37.5000  -22.5000 2420.2158   13.3311
    7.5000   37.5000  -22.5000 2413.5903   13.4133
   -7.5000   45.0000  -22.5000 2292.2915   14.6049
    0.0000   45.0000  -22.5000 2318.9070   14.4107
    7.5000   45.0000  -22.5000 2309.0278   14.4870
   -7.5000  -45.0000  -15.0000 1955.6487   19.0310
    0.0000  -45.0000  -15.0000 1976.2014   18.8245
    7.5000  -45.0000  -15.0000 1975.6807   19.0651
   -7.5000  -37.5000  -15.0000 2108.5286   16.6488
    0.0000  -37.5000  -15.0000 2128.8611   16.4556
    7.5000  -37.5000  -15.0000 2123.9065   16.6556
   -7.5000  -30.0000  -15.0000 2249.0295   14.7870
    0.0000  -30.0000  -15.0000 2268.0908   14.6235
    7.5000  -30.0000  -15.0000 2259.6631   14.7984
   -7.5000  -22.5000  -15.0000 2370.7712   13.3650
    0.0000  -22.5000  -15.0000 2392.0291   13.2029
    7.5000  -22.5000  -15.0000 2380.5186   13.3727
   -7.5000  -15.0000  -15.0000 2474.6909   12.3139
    0.0000  -15.0000  -15.0000 2495.2791   12.1917
    7.5000  -15.0000  -15.0000 2486.5229   12.2880
   -7.5000   -7.5000  -15.0000 2555.3889   11.5679
    0.0000   -7.5000  -15.0000 2583.9382   11.4427
    7.5000   -7.5000  -15.0000 2574.0039   11.5454
   -7.5000    0.0000  -15.0000 2606.7305   11.1035
    0.0000    0.0000  -15.0000 2637.9788   11.0008
    7.5000    0.0000  -15.0000 2631.2095   11.1036
   -7.5000    7.5000  -15.0000 2645.2937   10.9477
    0.0000    7.5000  -15.0000 2676.1248   10.8217
    7.5000    7.5000  -15.0000 2666.8440   10.9292
   -7.5000   15.0000  -15.0000 2652.7119   11.0798
    0.0000   15.0000  -15.0000 2691.9385   10.9589
    7.5000   15.0000  -15.0000 2674.5217   11.0451
   -7.5000   22.5000  -15.0000 2623.4973   11.4510
    0.0000   22.5000  -15.0000 2664.4744   11.3430
    7.5000   22.5000  -15.0000 2648.0593   11.4155
   -7.5000   30.0000  -15.0000 2564.8733   12.0225
    0.0000   30.0000  -15.0000 2602.3816   11.9165
    7.5000   30.0000  -15.0000 2586.9209   11.9770
   -7.5000   37.5000  -15.0000 2476.3301   12.8164
    0.0000   37.5000  -15.0000 2511.1489   12.6886
    7.5000   37.5000  -15.0000 2498.3281   12.7679
   -7.5000   45.0000  -15.0000 2368.4319   13.8964
    0.0000   45.0000  -15.0000 2396.1697   13.7203
    7.5000   45.0000  -15.0000 2386.2766   13.7922
   -7.5000  -45.0000   -7.5000 1989.0946   18.3177
    0.0000  -45.0000   -7.5000 2012.6367   18.1330
    7.5000  -45.0000   -7.5000 2010.2273   18.3907
   -7.5000  -37.5000   -7.5000 2144.3030   15.9981
    0.0000  -37.5000   -7.5000 2164.4065   15.8144
    7.5000  -37.5000   -7.5000 2158.7534   16.0214
   -7.5000  -30.0000   -7.5000 2291.1462   14.1748
    0.0000  -30.0000   -7.5000 2306.3875   14.0014
    7.5000  -30.0000   -7.5000 2292.7644   14.1876
   -7.5000  -22.5000   -7.5000 2414.5098   12.7697
    0.0000  -22.5000   -7.5000 2436.7539   12.6269
    7.5000  -22.5000   -7.5000 2425.3625   12.7976
   -7.5000  -15.0000   -7.5000 2526.1472   11.7239
    0.0000  -15.0000   -7.5000 2553.1987   11.5956
    7.5000  -15.0000   -7.5000 2539.1982   11.7288
   -7.5000   -7.5000   -7.5000 2623.2034   10.9787
    0.0000   -7.5000   -7.5000 2654.1677   10.8578
    7.5000   -7.5000   -7.5000 2641.7739   10.9836
   -7.5000    0.0000   -7.5000 2689.6411   10.5238
    0.0000    0.0000   -7.5000 2724.6086   10.4040
    7.5000    0.0000   -7.5000 2715.0178   10.5284
   -7.5000    7.5000   -7.5000 2735.3984   10.3532
    0.0000    7.5000   -7.5000 2770.9485   10.2404
    7.5000    7.5000   -7.5000 2756.1682   10.3648
   -7.5000   15.0000   -7.5000 2746.4478   10.4895
    0.0000   15.0000   -7.5000 2787.2090   10.3753
    7.5000   15.0000   -7.5000 2765.8420   10.4843
   -7.5000   22.5000   -7.5000 2717.3330   10.8570
    0.0000   22.5000   -7.5000 2760.2681   10.7651
    7.5000   22.5000   -7.5000 2735.6733   10.8488
   -7.5000   30.0000   -7.5000 2645.5994   11.4092
    0.0000   30.0000   -7.5000 2684.9988   11.3206
    7.5000   30.0000   -7.5000 2666.3267   11.4003
   -7.5000   37.5000   -7.5000 2547.5659   12.1758
    0.0000   37.5000   -7.5000 2582.8606   12.0776
    7.5000   37.5000   -7.5000 2566.7258   12.1499
   -7.5000   45.0000   -7.5000 2424.7739   13.1967
    0.0000   45.0000   -7.5000 2455.9641   13.0703
    7.5000   45.0000   -7.5000 2441.3816   13.1554
   -7.5000  -45.0000    0.0000 2020.2655   17.8426
    0.0000  -45.0000    0.0000 2040.0684   17.6548
    7.5000  -45.0000    0.0000 2035.4087   17.9579
   -7.5000  -37.5000    0.0000 2171.0527   15.5313
    0.0000  -37.5000    0.0000 2188.9368   15.3547
    7.5000  -37.5000    0.0000 2177.5828   15.5829
   -7.5000  -30.0000    0.0000 2315.0115   13.7456
    0.0000  -30.0000    0.0000 2331.6152   13.5712
    7.5000  -30.0000    0.0000 2315.6104   13.7722
   -7.5000  -22.5000    0.0000 2440.8525   12.3363
    0.0000  -22.5000    0.0000 2464.6692   12.1957
    7.5000  -22.5000    0.0000 2449.2432   12.3934
   -7.5000  -15.0000    0.0000 2561.3269   11.2870
    0.0000  -15.0000    0.0000 2589.0537   11.1567
    7.5000  -15.0000    0.0000 2573.5669   11.3247
   -7.5000   -7.5000    0.0000 2672.9697   10.5564
    0.0000   -7.5000    0.0000 2707.3984   10.4342
    7.5000   -7.5000    0.0000 2693.3052   10.5851
   -7.5000    0.0000    0.0000 2759.4648   10.1028
    0.0000    0.0000    0.0000 2800.6794    9.9816
    7.5000    0.0000    0.0000 2785.1128   10.1208
   -7.5000    7.5000    0.0000 2818.0601    9.9403
    0.0000    7.5000    0.0000 2859.8916    9.8103
    7.5000    7.5000    0.0000 2837.6418    9.9489
   -7.5000   15.0000    0.0000 2833.3145   10.0755
    0.0000   15.0000    0.0000 2876.0938    9.9599
    7.5000   15.0000    0.0000 2847.1228   10.0773
   -7.5000   22.5000    0.0000 2795.4397   10.4199
    0.0000   22.5000    0.0000 2839.8777   10.3257
    7.5000   22.5000    0.0000 2807.8508   10.4289
   -7.5000   30.0000    0.0000 2712.1506   10.9300
    0.0000   30.0000    0.0000 2752.8479   10.8663
    7.5000   30.0000    0.0000 2730.0869   10.9510
   -7.5000   37.5000    0.0000 2603.6050   11.6510
    0.0000   37.5000    0.0000 2638.0549   11.5669
    7.5000   37.5000    0.0000 2620.1833   11.6469
   -7.5000   45.0000    0.0000 2467.3982   12.6330
    0.0000   45.0000    0.0000 2500.3762   12.5409
    7.5000   45.0000    0.0000 2483.3040   12.6325
   -7.5000  -45.0000    7.5000 2044.3282   17.5940
    0.0000  -45.0000    7.5000 2063.0095   17.4272
    7.5000  -45.0000    7.5000 2049.5964   17.7149
   -7.5000  -37.5000    7.5000 2193.7166   15.2620
    0.0000  -37.5000    7.5000 2208.2527   15.1185
    7.5000  -37.5000    7.5000 2188.2625   15.3691
   -7.5000  -30.0000    7.5000 2330.5195   13.4834
    0.0000  -30.0000    7.5000 2349.3472   13.3320
    7.5000  -30.0000    7.5000 2331.1938   13.5699
   -7.5000  -22.5000    7.5000 2453.1292   12.0996
    0.0000  -22.5000    7.5000 2480.4851   11.9593
    7.5000  -22.5000    7.5000 2462.4980   12.1734
   -7.5000  -15.0000    7.5000 2580.7625   11.0489
    0.0000  -15.0000    7.5000 2613.7498   10.9165
    7.5000  -15.0000    7.5000 2592.5056   11.1116
   -7.5000   -7.5000    7.5000 2704.9758   10.3106
    0.0000   -7.5000    7.5000 2740.5371   10.1775
    7.5000   -7.5000    7.5000 2723.8896   10.3662
   -7.5000    0.0000    7.5000 2805.8140    9.8808
    0.0000    0.0000    7.5000 2857.8403    9.7513
    7.5000    0.0000    7.5000 2834.1223    9.9010
   -7.5000    7.5000    7.5000 2884.1565    9.6754
    0.0000    7.5000    7.5000 2937.9446    9.5238
    7.5000    7.5000    7.5000 2898.1323    9.6971
   -7.5000   15.0000    7.5000 2900.5930    9.7903
    0.0000   15.0000    7.5000 2944.9543    9.6764
    7.5000   15.0000    7.5000 2909.6462    9.8124
   -7.5000   22.5000    7.5000 2847.2878   10.1326
    0.0000   22.5000    7.5000 2895.2153   10.0561
    7.5000   22.5000    7.5000 2860.8164   10.1613
   -7.5000   30.0000    7.5000 2753.0474   10.6268
    0.0000   30.0000    7.5000 2792.1719   10.5518
    7.5000   30.0000    7.5000 2771.8052   10.6469
   -7.5000   37.5000    7.5000 2632.6575   11.3098
    0.0000   37.5000    7.5000 2667.7339   11.2094
    7.5000   37.5000    7.5000 2652.2161   11.2984
   -7.5000   45.0000    7.5000 2492.4575   12.2739
    0.0000   45.0000    7.5000 2523.6902   12.1576
    7.5000   45.0000    7.5000 2509.4229   12.2670
   -7.5000  -45.0000   15.0000 2055.6570   17.5182
    0.0000  -45.0000   15.0000 2071.6169   17.3591
    7.5000  -45.0000   15.0000 2051.3926   17.6236
   -7.5000  -37.5000   15.0000 2204.2581   15.1878
    0.0000  -37.5000   15.0000 2218.5706   15.0299
    7.5000  -37.5000   15.0000 2193.1536   15.2919
   -7.5000  -30.0000   15.0000 2337.3513   13.4335
    0.0000  -30.0000   15.0000 2359.9890   13.2806
    7.5000  -30.0000   15.0000 2338.1855   13.5373
   -7.5000  -22.5000   15.0000 2460.2903   12.0751
    0.0000  -22.5000   15.0000 2487.6003   11.9427
    7.5000  -22.5000   15.0000 2469.6641   12.1562
   -7.5000  -15.0000   15.0000 2585.1179   11.0308
    0.0000  -15.0000   15.0000 2617.9756   10.8828
    7.5000  -15.0000   15.0000 2598.8418   11.0850
   -7.5000   -7.5000   15.0000 2709.4390   10.2768
    0.0000   -7.5000   15.0000 2749.8442   10.1342
    7.5000   -7.5000   15.0000 2730.8325   10.3195
   -7.5000    0.0000   15.0000 2817.3372    9.8230
    0.0000    0.0000   15.0000 2871.1926    9.6960
    7.5000    0.0000   15.0000 2842.6174    9.8303
   -7.5000    7.5000   15.0000 2895.2659    9.6310
    0.0000    7.5000   15.0000 2949.3401    9.4704
    7.5000    7.5000   15.0000 2915.6172    9.6249
   -7.5000   15.0000   15.0000 2916.1250    9.6696
    0.0000   15.0000   15.0000 2963.6726    9.5564
    7.5000   15.0000   15.0000 2929.3718    9.6863
   -7.5000   22.5000   15.0000 2865.8010    9.9907
    0.0000   22.5000   15.0000 2910.1589    9.8881
    7.5000   22.5000   15.0000 2878.0784   10.0158
   -7.5000   30.0000   15.0000 2760.4131   10.5006
    0.0000   30.0000   15.0000 2801.2102   10.3958
    7.5000   30.0000   15.0000 2778.5854   10.5103
   -7.5000   37.5000   15.0000 2633.0305   11.1808
    0.0000   37.5000   15.0000 2667.2654   11.0364
    7.5000   37.5000   15.0000 2650.9124   11.1434
   -7.5000   45.0000   15.0000 2489.1404   12.1392
    0.0000   45.0000   15.0000 2519.7107   11.9932
    7.5000   45.0000   15.0000 2507.7322   12.0940
   -7.5000  -45.0000   22.5000 2046.4574   17.6530
    0.0000  -45.0000   22.5000 2062.4998   17.4537
    7.5000  -45.0000   22.5000 2043.2705   17.7687
   -7.5000  -37.5000   22.5000 2196.9819   15.3327
    0.0000  -37.5000   22.5000 2214.8586   15.1559
    7.5000  -37.5000   22.5000 2192.4592   15.4235
   -7.5000  -30.0000   22.5000 2332.5845   13.5682
    0.0000  -30.0000   22.5000 2356.9971   13.4131
    7.5000  -30.0000   22.5000 2337.6682   13.6526
   -7.5000  -22.5000   22.5000 2458.1123   12.2049
    0.0000  -22.5000   22.5000 2485.4006   12.0567
    7.5000  -22.5000   22.5000 2464.6008   12.2677
   -7.5000  -15.0000   22.5000 2579.9138   11.1716
    0.0000  -15.0000   22.5000 2613.5776   11.0228
    7.5000  -15.0000   22.5000 2591.5044   11.2191
   -7.5000   -7.5000   22.5000 2700.0073   10.4311
    0.0000   -7.5000   22.5000 2739.7017   10.2974
    7.5000   -7.5000   22.5000 2719.7134   10.4485
   -7.5000    0.0000   22.5000 2799.2451    9.9598
    0.0000    0.0000   22.5000 2848.7183    9.7963
    7.5000    0.0000   22.5000 2820.9358    9.9568
   -7.5000    7.5000   22.5000 2866.9055    9.7279
    0.0000    7.5000   22.5000 2916.2009    9.5850
    7.5000    7.5000   22.5000 2888.1814    9.7192
   -7.5000   15.0000   22.5000 2880.6736    9.7844
    0.0000   15.0000   22.5000 2929.5178    9.6568
    7.5000   15.0000   22.5000 2900.7168    9.7890
   -7.5000   22.5000   22.5000 2835.1426   10.0647
    0.0000   22.5000   22.5000 2878.9363    9.9593
    7.5000   22.5000   22.5000 2850.4607   10.1129
   -7.5000   30.0000   22.5000 2734.8635   10.5482
    0.0000   30.0000   22.5000 2774.2144   10.4359
    7.5000   30.0000   22.5000 2749.0334   10.5718
   -7.5000   37.5000   22.5000 2609.9370   11.2570
    0.0000   37.5000   22.5000 2645.5798   11.0936
    7.5000   37.5000   22.5000 2625.2556   11.2295
   -7.5000   45.0000   22.5000 2468.5266   12.2150
    0.0000   45.0000   22.5000 2501.0977   12.0236
    7.5000   45.0000   22.5000 2488.1953   12.1509
   -7.5000  -45.0000   30.0000 2016.2443   18.0404
    0.0000  -45.0000   30.0000 2033.8629   17.8128
    7.5000  -45.0000   30.0000 2019.5442   18.1161
   -7.5000  -37.5000   30.0000 2173.7883   15.6835
    0.0000  -37.5000   30.0000 2193.5532   15.4834
    7.5000  -37.5000   30.0000 2175.3167   15.7476
   -7.5000  -30.0000   30.0000 2317.1121   13.8964
    0.0000  -30.0000   30.0000 2340.0674   13.7348
    7.5000  -30.0000   30.0000 2321.3782   13.9595
   -7.5000  -22.5000   30.0000 2442.2122   12.5459
    0.0000  -22.5000   30.0000 2471.0103   12.3755
    7.5000  -22.5000   30.0000 2447.0986   12.5730
   -7.5000  -15.0000   30.0000 2559.1809   11.5259
    0.0000  -15.0000   30.0000 2593.9229   11.3612
    7.5000  -15.0000   30.0000 2569.7673   11.5224
   -7.5000   -7.5000   30.0000 2668.6201   10.7808
    0.0000   -7.5000   30.0000 2705.8660   10.6280
    7.5000   -7.5000   30.0000 2685.6052   10.7766
   -7.5000    0.0000   30.0000 2751.9634   10.2917
    0.0000    0.0000   30.0000 2794.1008   10.1402
    7.5000    0.0000   30.0000 2768.7502   10.2811
   -7.5000    7.5000   30.0000 2802.0537   10.0679
    0.0000    7.5000   30.0000 2841.5344    9.9367
    7.5000    7.5000   30.0000 2822.4775   10.0546
   -7.5000   15.0000   30.0000 2804.6968   10.0955
    0.0000   15.0000   30.0000 2851.0215    9.9505
    7.5000   15.0000   30.0000 2832.7629   10.0803
   -7.5000   22.5000   30.0000 2765.6672   10.3536
    0.0000   22.5000   30.0000 2805.2180   10.2251
    7.5000   22.5000   30.0000 2785.9912   10.3616
   -7.5000   30.0000   30.0000 2677.4390   10.8389
    0.0000   30.0000   30.0000 2710.6313   10.7279
    7.5000   30.0000   30.0000 2692.6416   10.8567
   -7.5000   37.5000   30.0000 2563.2683   11.5463
    0.0000   37.5000   30.0000 2594.4412   11.4103
    7.5000   37.5000   30.0000 2579.2134   11.5124
   -7.5000   45.0000   30.0000 2432.6182   12.4763
    0.0000   45.0000   30.0000 2465.3447   12.2991
    7.5000   45.0000   30.0000 2451.2847   12.3968
   -7.5000  -45.0000   37.5000 1981.0731   18.6601
    0.0000  -45.0000   37.5000 1996.5042   18.4326
    7.5000  -45.0000   37.5000 1979.3768   18.7833
   -7.5000  -37.5000   37.5000 2140.7668   16.2496
    0.0000  -37.5000   37.5000 2160.0503   16.0442
    7.5000  -37.5000   37.5000 2140.6907   16.3269
   -7.5000  -30.0000   37.5000 2283.9841   14.4444
    0.0000  -30.0000   37.5000 2305.5945   14.2790
    7.5000  -30.0000   37.5000 2287.2034   14.5168
   -7.5000  -22.5000   37.5000 2408.5378   13.0818
    0.0000  -22.5000   37.5000 2434.8811   12.9206
    7.5000  -22.5000   37.5000 2411.2856   13.1028
   -7.5000  -15.0000   37.5000 2519.9858   12.0536
    0.0000  -15.0000   37.5000 2551.7959   11.9071
    7.5000  -15.0000   37.5000 2524.6235   12.0616
   -7.5000   -7.5000   37.5000 2616.6375   11.3362
    0.0000   -7.5000   37.5000 2650.6570   11.1816
    7.5000   -7.5000   37.5000 2626.9617   11.3170
   -7.5000    0.0000   37.5000 2683.6218   10.8464
    0.0000    0.0000   37.5000 2717.0984   10.7113
    7.5000    0.0000   37.5000 2694.6775   10.8235
   -7.5000    7.5000   37.5000 2717.0771   10.6088
    0.0000    7.5000   37.5000 2750.9336   10.4778
    7.5000    7.5000   37.5000 2733.6438   10.5784
   -7.5000   15.0000   37.5000 2710.4216   10.6000
    0.0000   15.0000   37.5000 2749.6165   10.4671
    7.5000   15.0000   37.5000 2736.7261   10.5781
   -7.5000   22.5000   37.5000 2674.6807   10.8303
    0.0000   22.5000   37.5000 2708.1597   10.7266
    7.5000   22.5000   37.5000 2695.0479   10.8484
   -7.5000   30.0000   37.5000 2595.7793   11.3341
    0.0000   30.0000   37.5000 2626.0400   11.2035
    7.5000   30.0000   37.5000 2611.2527   11.3366
   -7.5000   37.5000   37.5000 2494.6333   12.0363
    0.0000   37.5000   37.5000 2521.9055   11.8739
    7.5000   37.5000   37.5000 2507.6040   11.9909
   -7.5000   45.0000   37.5000 2374.2573   12.9470
    0.0000   45.0000   37.5000 2402.2202   12.7564
    7.5000   45.0000   37.5000 2391.1414   12.8592
   -7.5000  -45.0000   45.0000 1938.2253   19.6006
    0.0000  -45.0000   45.0000 1952.5590   19.3863
    7.5000  -45.0000   45.0000 1931.4578   19.7679
   -7.5000  -37.5000   45.0000 2092.4453   17.1500
    0.0000  -37.5000   45.0000 2113.0730   16.9176
    7.5000  -37.5000   45.0000 2092.2900   17.2019
   -7.5000  -30.0000   45.0000 2230.6282   15.2542
    0.0000  -30.0000   45.0000 2255.2876   15.0698
    7.5000  -30.0000   45.0000 2235.8242   15.3243
   -7.5000  -22.5000   45.0000 2354.1074   13.8673
    0.0000  -22.5000   45.0000 2377.1953   13.7054
    7.5000  -22.5000   45.0000 2355.4639   13.8905
   -7.5000  -15.0000   45.0000 2456.8240   12.8466
    0.0000  -15.0000   45.0000 2485.9500   12.7139
    7.5000  -15.0000   45.0000 2463.6140   12.8417
   -7.5000   -7.5000   45.0000 2539.8242   12.1002
    0.0000   -7.5000   45.0000 2571.7493   11.9648
    7.5000   -7.5000   45.0000 2551.5059   12.0839
   -7.5000    0.0000   45.0000 2597.7903   11.5888
    0.0000    0.0000   45.0000 2626.1133   11.4693
    7.5000    0.0000   45.0000 2611.9565   11.5504
   -7.5000    7.5000   45.0000 2624.6860   11.3533
    0.0000    7.5000   45.0000 2653.0010   11.2076
    7.5000    7.5000   45.0000 2641.6211   11.3033
   -7.5000   15.0000   45.0000 2611.5027   11.3189
    0.0000   15.0000   45.0000 2642.4458   11.1807
    7.5000   15.0000   45.0000 2632.5522   11.2746
   -7.5000   22.5000   45.0000 2574.9368   11.5078
    0.0000   22.5000   45.0000 2597.0361   11.3867
    7.5000   22.5000   45.0000 2589.3022   11.4907
   -7.5000   30.0000   45.0000 2507.0476   11.9766
    0.0000   30.0000   45.0000 2530.8250   11.8398
    7.5000   30.0000   45.0000 2519.9604   11.9592
   -7.5000   37.5000   45.0000 2416.2024   12.6536
    0.0000   37.5000   45.0000 2437.7068   12.4925
    7.5000   37.5000   45.0000 2427.8396   12.6189
   -7.5000   45.0000   45.0000 2305.7778   13.5520
    0.0000   45.0000   45.0000 2329.6248   13.3684
    7.5000   45.0000   45.0000 2320.2031   13.4829

---------------------------------------------------------------------
imgreg_4dfp /opt/freesurfer/average/711-2C_as_mni_average_305 /opt/freesurfer/average/711-2B_as_mni_average_305_mask talsrcimg_g11 none talsrcimg_to_711-2C_as_mni_average_305_t4 1283
---------------------------------------------------------------------

freesurfer imgreg_4dfp.c
/opt/freesurfer/average/711-2C_as_mni_average_305.4dfp.img
       256       256       256         1
  1.000000  1.000000  1.000000
orientation T byte_order littleendian
Reading image: /opt/freesurfer/average/711-2C_as_mni_average_305.4dfp.img
dimensions:      256       256       256
mmppix:       1.0000   -1.0000   -1.0000
center:     128.0000 -129.0000 -129.0000
/opt/freesurfer/average/711-2B_as_mni_average_305_mask.4dfp.img
       256       256       256         1
  1.000000  1.000000  1.000000
orientation T byte_order littleendian
Reading mask: /opt/freesurfer/average/711-2B_as_mni_average_305_mask.4dfp.img (2306576 pixels)
talsrcimg_g11.4dfp.img
       256       256       256         1
  1.000000  1.000000  1.000000
orientation T byte_order littleendian
Reading image: talsrcimg_g11.4dfp.img
dimensions:      256       256       256
mmppix:       1.0000   -1.0000   -1.0000
center:     128.0000 -129.0000 -129.0000
rotation matrix determinant  1.000000
fimgreg.f
image alignment mode   1283 decimal      503 hex
parameters
    0.0000   15.0000   15.0000    0.0000    0.0000    0.0000
eta,q 0.93212  9.51910
niter,ni,del,rscale     5    3   12.0000    1.2000
parameter  6  2.890797 ->  0.500000 qaram    1.1500
parameters
    0.8772   12.5648   13.8812   -0.9142   -0.2338   -3.4500
eta,q 0.93400  9.43865
  0.0798  0.0722  0.0740  0.0713  0.0715  0.0652
  0.0736  0.0701  0.0711  0.0698  0.0699  0.0657
  0.0704  0.0699  0.0694  0.0690  0.0691  0.0671
  0.0705  0.0710  0.0695  0.0691  0.0690  0.0690
  0.0720  0.0733  0.0717  0.0699  0.0692  0.0706
  0.0729  0.0774  0.0748  0.0710  0.0703  0.0722
  0.0739  0.0829  0.0782  0.0731  0.0719  0.0741
niter,ni,del,rscale     5    3   12.0000    1.2000
parameter  6  0.707998 ->  0.500000 qaram    1.3225
parameters
    0.7015   13.0193   13.5344   -1.2796    1.0514   -7.4175
eta,q 0.93577  9.43393
  0.0738  0.0730  0.0720  0.0690  0.0709  0.0648
  0.0688  0.0700  0.0692  0.0681  0.0687  0.0642
  0.0662  0.0681  0.0667  0.0668  0.0669  0.0645
  0.0660  0.0659  0.0657  0.0657  0.0658  0.0655
  0.0675  0.0658  0.0668  0.0667  0.0655  0.0676
  0.0701  0.0681  0.0700  0.0684  0.0663  0.0701
  0.0739  0.0720  0.0741  0.0701  0.0681  0.0718
niter,ni,del,rscale     5    3   12.0000    1.2000
parameters
   -0.0438   13.6705   13.2400   -1.9578    1.4086   -7.0944
eta,q 0.93623  9.45593
  0.0714  0.0723  0.0698  0.0670  0.0694  0.0699
  0.0666  0.0698  0.0673  0.0663  0.0669  0.0669
  0.0643  0.0672  0.0648  0.0651  0.0648  0.0646
  0.0642  0.0641  0.0635  0.0636  0.0638  0.0638
  0.0659  0.0636  0.0644  0.0648  0.0642  0.0641
  0.0699  0.0664  0.0676  0.0673  0.0659  0.0662
  0.0762  0.0709  0.0719  0.0693  0.0684  0.0691
niter,ni,del,rscale     4    3   12.0000    1.2000
parameters
    0.0008   13.9651   13.1876   -2.2416    1.3706   -7.0536
eta,q 0.93635  9.46226
  0.0736  0.0715  0.0704  0.0676  0.0688  0.0696
  0.0679  0.0693  0.0677  0.0663  0.0663  0.0667
  0.0646  0.0667  0.0650  0.0654  0.0644  0.0644
  0.0638  0.0638  0.0635  0.0635  0.0636  0.0636
  0.0646  0.0635  0.0640  0.0642  0.0644  0.0642
  0.0678  0.0669  0.0670  0.0667  0.0663  0.0666
  0.0733  0.0718  0.0716  0.0690  0.0690  0.0695
niter,ni,del,rscale     3    3   12.0000    1.2000
parameters
    0.0528   14.0903   13.1648   -2.3783    1.3177   -7.0561
eta,q 0.93640  9.46593
  0.0735  0.0711  0.0705  0.0679  0.0688  0.0696
  0.0678  0.0691  0.0678  0.0664  0.0662  0.0667
  0.0646  0.0666  0.0651  0.0654  0.0643  0.0644
  0.0636  0.0636  0.0635  0.0635  0.0636  0.0636
  0.0644  0.0635  0.0639  0.0641  0.0644  0.0642
  0.0676  0.0672  0.0669  0.0665  0.0663  0.0667
  0.0732  0.0724  0.0716  0.0689  0.0690  0.0696
niter,ni,del,rscale     2    3   12.0000    1.2000
parameters
    0.0866   14.1460   13.1512   -2.4497    1.2856   -7.0647
eta,q 0.93640  9.46810
  0.0734  0.0709  0.0706  0.0680  0.0688  0.0696
  0.0677  0.0689  0.0678  0.0664  0.0663  0.0667
  0.0646  0.0665  0.0651  0.0654  0.0644  0.0645
  0.0636  0.0636  0.0635  0.0635  0.0636  0.0636
  0.0643  0.0635  0.0639  0.0640  0.0644  0.0642
  0.0676  0.0673  0.0669  0.0664  0.0663  0.0668
  0.0732  0.0726  0.0717  0.0688  0.0690  0.0697
niter,ni,del,rscale     1    3   12.0000    1.2000
parameters
    0.1045   14.1727   13.1440   -2.4862    1.2689   -7.0712
eta,q 0.93640  9.46921
  0.0733  0.0708  0.0706  0.0681  0.0689  0.0696
  0.0677  0.0689  0.0679  0.0664  0.0663  0.0667
  0.0646  0.0665  0.0651  0.0654  0.0644  0.0645
  0.0636  0.0636  0.0636  0.0636  0.0636  0.0636
  0.0643  0.0635  0.0639  0.0640  0.0643  0.0642
  0.0676  0.0673  0.0669  0.0664  0.0663  0.0668
  0.0733  0.0726  0.0717  0.0688  0.0690  0.0697
registration optimization eta report
parameter search radius
    6.0000    6.0000    6.0000    6.0000    6.0000    7.9350
100000*second partial in parameter space
       27.       22.       21.       12.       15.       10.
  0.0733  0.0708  0.0706  0.0681  0.0689  0.0696
  0.0677  0.0689  0.0679  0.0664  0.0663  0.0667
  0.0646  0.0665  0.0651  0.0654  0.0644  0.0645
  0.0636  0.0636  0.0636  0.0636  0.0636  0.0636
  0.0643  0.0635  0.0639  0.0640  0.0643  0.0642
  0.0676  0.0673  0.0669  0.0664  0.0663  0.0668
  0.0733  0.0726  0.0717  0.0688  0.0690  0.0697
    0.1045   14.1727   13.1440   -2.4862    1.2689   -7.0712
eta,q 0.93640  9.46921

---------------------------------------------------------------------
imgreg_4dfp /opt/freesurfer/average/711-2C_as_mni_average_305 /opt/freesurfer/average/711-2B_as_mni_average_305_mask talsrcimg_g11 none talsrcimg_to_711-2C_as_mni_average_305_t4 3335
---------------------------------------------------------------------

freesurfer imgreg_4dfp.c
/opt/freesurfer/average/711-2C_as_mni_average_305.4dfp.img
       256       256       256         1
  1.000000  1.000000  1.000000
orientation T byte_order littleendian
Reading image: /opt/freesurfer/average/711-2C_as_mni_average_305.4dfp.img
dimensions:      256       256       256
mmppix:       1.0000   -1.0000   -1.0000
center:     128.0000 -129.0000 -129.0000
/opt/freesurfer/average/711-2B_as_mni_average_305_mask.4dfp.img
       256       256       256         1
  1.000000  1.000000  1.000000
orientation T byte_order littleendian
Reading mask: /opt/freesurfer/average/711-2B_as_mni_average_305_mask.4dfp.img (2306576 pixels)
talsrcimg_g11.4dfp.img
       256       256       256         1
  1.000000  1.000000  1.000000
orientation T byte_order littleendian
Reading image: talsrcimg_g11.4dfp.img
dimensions:      256       256       256
mmppix:       1.0000   -1.0000   -1.0000
center:     128.0000 -129.0000 -129.0000
fimgreg.f
image alignment mode   3335 decimal      D07 hex
parameters
    0.1045   14.1727   13.1440   -0.7849   -0.8658   -0.1186
   12.3940   -1.6616  -12.3073    4.5772    2.2145   -4.3368
eta,q 0.93740  9.49580
niter,ni,del,rscale     5    3    5.0000    1.2000
parameter  4  4.454424 ->  0.500000 qaram    1.1500
parameter  5  4.051097 ->  0.500000 qaram    1.1500
parameter  6  1.866669 ->  0.500000 qaram    1.1500
parameter  9 -0.540020 -> -0.500000 qaram    1.1500
parameter 10  0.706887 ->  0.500000 qaram    1.1500
parameter 12  0.516677 ->  0.500000 qaram    1.1500
parameters
   -0.0770   14.3782   13.2999   -4.9249   -5.0058   -4.2586
    8.8938   -1.2999   -8.1673    0.4372    0.6372   -8.4768
eta,q 0.95991  8.58253
  0.0640  0.0641  0.0638  0.0512  0.0452  0.0401  0.0431  0.0472  0.0452  0.0409  0.0413  0.0404
  0.0632  0.0634  0.0631  0.0545  0.0484  0.0421  0.0425  0.0448  0.0440  0.0405  0.0407  0.0401
  0.0627  0.0629  0.0627  0.0584  0.0518  0.0453  0.0425  0.0431  0.0430  0.0410  0.0405  0.0401
  0.0626  0.0626  0.0626  0.0626  0.0556  0.0493  0.0429  0.0424  0.0424  0.0420  0.0405  0.0405
  0.0629  0.0626  0.0626  0.0670  0.0599  0.0541  0.0439  0.0428  0.0421  0.0434  0.0409  0.0411
  0.0635  0.0630  0.0630  0.0717  0.0643  0.0594  0.0451  0.0441  0.0420  0.0456  0.0416  0.0419
  0.0646  0.0638  0.0635  0.0767  0.0690  0.0654  0.0467  0.0464  0.0423  0.0484  0.0425  0.0430
niter,ni,del,rscale     7    3    5.0000    1.2000
parameter  4  1.276555 ->  0.500000 qaram    1.3225
parameter  5  1.516258 ->  0.500000 qaram    1.3225
parameter  6  0.664732 ->  0.500000 qaram    1.3225
parameters
   -0.0161   14.2588   12.6874   -9.6859   -9.7668   -9.0196
    9.1426   -1.1407   -9.5122    0.9221    0.2085   -7.2706
eta,q 0.97190  8.01385
  0.0428  0.0415  0.0410  0.0338  0.0284  0.0281  0.0310  0.0328  0.0300  0.0326  0.0292  0.0301
  0.0413  0.0407  0.0403  0.0345  0.0297  0.0281  0.0296  0.0304  0.0288  0.0304  0.0286  0.0291
  0.0404  0.0402  0.0400  0.0365  0.0317  0.0287  0.0287  0.0288  0.0282  0.0289  0.0282  0.0284
  0.0401  0.0401  0.0401  0.0400  0.0349  0.0301  0.0282  0.0282  0.0282  0.0282  0.0281  0.0281
  0.0404  0.0403  0.0406  0.0444  0.0389  0.0335  0.0284  0.0287  0.0288  0.0284  0.0283  0.0282
  0.0412  0.0409  0.0415  0.0493  0.0431  0.0385  0.0293  0.0301  0.0300  0.0297  0.0288  0.0285
  0.0425  0.0418  0.0427  0.0545  0.0480  0.0445  0.0308  0.0324  0.0317  0.0317  0.0294  0.0292
niter,ni,del,rscale     7    3    5.0000    1.2000
parameter  2 -0.593263 -> -0.500000 qaram    1.1500
parameter  3  0.510035 ->  0.500000 qaram    1.1500
parameter  5  0.584070 ->  0.500000 qaram    1.5209
parameters
    0.2871   15.6388   11.3074  -13.1336  -15.2419  -12.6417
   10.3547   -1.0411  -10.0787    3.4080    0.4395   -8.1198
eta,q 0.97599  7.60547
  0.0318  0.0325  0.0273  0.0287  0.0259  0.0254  0.0275  0.0278  0.0265  0.0297  0.0250  0.0252
  0.0300  0.0305  0.0270  0.0275  0.0251  0.0247  0.0261  0.0260  0.0253  0.0273  0.0245  0.0245
  0.0287  0.0291  0.0270  0.0267  0.0253  0.0245  0.0251  0.0249  0.0246  0.0255  0.0241  0.0241
  0.0281  0.0280  0.0273  0.0270  0.0267  0.0250  0.0245  0.0244  0.0244  0.0244  0.0240  0.0240
  0.0282  0.0275  0.0279  0.0292  0.0292  0.0258  0.0245  0.0247  0.0248  0.0240  0.0241  0.0243
  0.0289  0.0273  0.0287  0.0334  0.0330  0.0285  0.0250  0.0258  0.0258  0.0245  0.0244  0.0249
  0.0303  0.0277  0.0299  0.0386  0.0375  0.0335  0.0261  0.0277  0.0272  0.0258  0.0249  0.0258
niter,ni,del,rscale     7    3    5.0000    1.2000
parameters
    0.5200   16.5305   10.8794  -13.1978  -16.7500  -13.7613
   10.4626   -0.7951  -10.0806    5.0879    0.1209   -9.2755
eta,q 0.97645  7.52184
  0.0271  0.0287  0.0249  0.0273  0.0273  0.0259  0.0260  0.0271  0.0259  0.0277  0.0244  0.0246
  0.0255  0.0266  0.0241  0.0258  0.0255  0.0247  0.0248  0.0254  0.0247  0.0258  0.0239  0.0240
  0.0245  0.0250  0.0237  0.0246  0.0242  0.0239  0.0241  0.0242  0.0240  0.0244  0.0237  0.0236
  0.0240  0.0240  0.0237  0.0236  0.0237  0.0238  0.0237  0.0237  0.0237  0.0237  0.0236  0.0236
  0.0241  0.0237  0.0241  0.0235  0.0245  0.0243  0.0239  0.0240  0.0240  0.0236  0.0237  0.0239
  0.0249  0.0241  0.0248  0.0250  0.0268  0.0252  0.0247  0.0250  0.0247  0.0241  0.0241  0.0245
  0.0261  0.0250  0.0258  0.0283  0.0309  0.0279  0.0259  0.0268  0.0259  0.0254  0.0246  0.0254
niter,ni,del,rscale     6    3    5.0000    1.2000
parameters
    0.6253   17.0268   10.5758  -13.2034  -17.3925  -14.0609
   10.3776   -0.5190  -10.0460    6.1467   -0.0231   -9.9721
eta,q 0.97658  7.49443
  0.0263  0.0271  0.0248  0.0269  0.0274  0.0262  0.0256  0.0269  0.0257  0.0268  0.0244  0.0246
  0.0249  0.0253  0.0240  0.0255  0.0256  0.0248  0.0245  0.0251  0.0245  0.0251  0.0238  0.0239
  0.0239  0.0241  0.0235  0.0243  0.0242  0.0239  0.0238  0.0240  0.0238  0.0240  0.0235  0.0235
  0.0236  0.0235  0.0235  0.0234  0.0235  0.0235  0.0235  0.0235  0.0235  0.0235  0.0234  0.0234
  0.0238  0.0235  0.0238  0.0233  0.0238  0.0239  0.0238  0.0238  0.0237  0.0235  0.0236  0.0237
  0.0245  0.0241  0.0245  0.0246  0.0257  0.0246  0.0245  0.0247  0.0245  0.0241  0.0239  0.0242
  0.0259  0.0252  0.0255  0.0278  0.0292  0.0269  0.0258  0.0265  0.0257  0.0255  0.0244  0.0251
niter,ni,del,rscale     5    3    5.0000    1.2000
parameters
    0.7082   17.3302   10.4075  -13.2796  -17.7856  -14.2683
   10.2670   -0.3341  -10.0802    6.8048   -0.0539  -10.3304
eta,q 0.97660  7.47457
  0.0261  0.0265  0.0249  0.0267  0.0273  0.0261  0.0255  0.0267  0.0256  0.0264  0.0244  0.0247
  0.0247  0.0249  0.0240  0.0253  0.0256  0.0248  0.0244  0.0250  0.0244  0.0249  0.0238  0.0240
  0.0238  0.0239  0.0235  0.0242  0.0242  0.0238  0.0237  0.0239  0.0237  0.0239  0.0235  0.0235
  0.0234  0.0234  0.0234  0.0234  0.0234  0.0234  0.0234  0.0234  0.0234  0.0234  0.0234  0.0234
  0.0237  0.0235  0.0237  0.0232  0.0237  0.0238  0.0237  0.0237  0.0237  0.0235  0.0235  0.0236
  0.0244  0.0242  0.0243  0.0246  0.0254  0.0245  0.0245  0.0247  0.0244  0.0242  0.0238  0.0241
  0.0257  0.0254  0.0253  0.0277  0.0287  0.0267  0.0257  0.0264  0.0257  0.0257  0.0243  0.0249
niter,ni,del,rscale     4    3    5.0000    1.2000
parameters
    0.7634   17.5171   10.3021  -13.3467  -18.0415  -14.4135
   10.2004   -0.2229  -10.1338    7.2178   -0.0431  -10.5392
eta,q 0.97659  7.46076
  0.0259  0.0262  0.0249  0.0267  0.0273  0.0262  0.0254  0.0265  0.0256  0.0262  0.0244  0.0247
  0.0246  0.0247  0.0241  0.0253  0.0256  0.0248  0.0244  0.0249  0.0244  0.0248  0.0238  0.0240
  0.0237  0.0238  0.0235  0.0242  0.0242  0.0238  0.0237  0.0239  0.0237  0.0238  0.0235  0.0236
  0.0234  0.0234  0.0234  0.0234  0.0234  0.0234  0.0234  0.0234  0.0234  0.0234  0.0234  0.0234
  0.0236  0.0236  0.0236  0.0232  0.0236  0.0238  0.0237  0.0237  0.0237  0.0235  0.0235  0.0236
  0.0244  0.0243  0.0242  0.0245  0.0252  0.0245  0.0244  0.0247  0.0245  0.0243  0.0238  0.0241
  0.0257  0.0255  0.0252  0.0276  0.0284  0.0267  0.0256  0.0264  0.0257  0.0258  0.0243  0.0249
niter,ni,del,rscale     3    3    5.0000    1.2000
parameters
    0.8008   17.6348   10.2375  -13.3951  -18.2081  -14.5084
   10.1562   -0.1508  -10.1810    7.4822   -0.0191  -10.6728
eta,q 0.97657  7.45174
  0.0259  0.0261  0.0250  0.0266  0.0274  0.0262  0.0254  0.0265  0.0256  0.0261  0.0244  0.0247
  0.0245  0.0247  0.0241  0.0252  0.0256  0.0248  0.0244  0.0249  0.0245  0.0247  0.0238  0.0240
  0.0237  0.0238  0.0236  0.0242  0.0243  0.0239  0.0237  0.0238  0.0237  0.0238  0.0235  0.0236
  0.0234  0.0234  0.0234  0.0234  0.0234  0.0234  0.0234  0.0234  0.0234  0.0234  0.0234  0.0234
  0.0237  0.0236  0.0236  0.0232  0.0236  0.0237  0.0237  0.0237  0.0237  0.0236  0.0235  0.0236
  0.0244  0.0244  0.0242  0.0245  0.0252  0.0245  0.0244  0.0247  0.0245  0.0244  0.0239  0.0241
  0.0257  0.0257  0.0251  0.0276  0.0283  0.0267  0.0255  0.0264  0.0257  0.0259  0.0243  0.0249
niter,ni,del,rscale     2    3    5.0000    1.2000
parameters
    0.8232   17.7108   10.1955  -13.4290  -18.3200  -14.5711
   10.1303   -0.1019  -10.2170    7.6551   -0.0094  -10.7442
eta,q 0.97656  7.44567
  0.0258  0.0260  0.0250  0.0266  0.0274  0.0262  0.0254  0.0264  0.0256  0.0260  0.0244  0.0248
  0.0245  0.0246  0.0241  0.0252  0.0256  0.0249  0.0244  0.0248  0.0245  0.0247  0.0238  0.0241
  0.0237  0.0238  0.0236  0.0242  0.0243  0.0239  0.0237  0.0238  0.0237  0.0238  0.0235  0.0236
  0.0234  0.0234  0.0234  0.0234  0.0234  0.0234  0.0234  0.0234  0.0234  0.0234  0.0234  0.0234
  0.0237  0.0237  0.0236  0.0233  0.0236  0.0237  0.0237  0.0237  0.0237  0.0236  0.0236  0.0236
  0.0245  0.0245  0.0242  0.0245  0.0251  0.0245  0.0244  0.0247  0.0245  0.0244  0.0239  0.0241
  0.0257  0.0257  0.0251  0.0275  0.0282  0.0266  0.0255  0.0264  0.0257  0.0259  0.0243  0.0248
niter,ni,del,rscale     1    3    5.0000    1.2000
parameters
    0.8381   17.7607   10.1670  -13.4526  -18.3915  -14.6136
   10.1147   -0.0739  -10.2392    7.7638   -0.0064  -10.8085
eta,q 0.97654  7.44167
  0.0258  0.0260  0.0250  0.0266  0.0274  0.0262  0.0254  0.0264  0.0257  0.0260  0.0244  0.0248
  0.0245  0.0246  0.0242  0.0252  0.0257  0.0249  0.0244  0.0248  0.0245  0.0247  0.0239  0.0241
  0.0237  0.0237  0.0236  0.0242  0.0243  0.0239  0.0237  0.0238  0.0237  0.0238  0.0235  0.0236
  0.0234  0.0234  0.0234  0.0234  0.0235  0.0235  0.0235  0.0235  0.0235  0.0235  0.0235  0.0235
  0.0237  0.0237  0.0236  0.0233  0.0236  0.0237  0.0237  0.0238  0.0237  0.0236  0.0236  0.0236
  0.0245  0.0245  0.0242  0.0245  0.0251  0.0245  0.0244  0.0247  0.0245  0.0244  0.0239  0.0241
  0.0257  0.0258  0.0251  0.0275  0.0282  0.0266  0.0255  0.0264  0.0257  0.0260  0.0244  0.0248
registration optimization eta report
parameter search radius
    2.4000    2.7600    2.7600    9.5220   10.9503    9.5220
    7.2000    7.2000    8.2800    8.2800    7.2000    8.2800
100000*second partial in parameter space
       40.       32.       21.        4.        4.        3.
        4.        6.        3.        4.        2.        2.
  0.0258  0.0260  0.0250  0.0266  0.0274  0.0262  0.0254  0.0264  0.0257  0.0260  0.0244  0.0248
  0.0245  0.0246  0.0242  0.0252  0.0257  0.0249  0.0244  0.0248  0.0245  0.0247  0.0239  0.0241
  0.0237  0.0237  0.0236  0.0242  0.0243  0.0239  0.0237  0.0238  0.0237  0.0238  0.0235  0.0236
  0.0234  0.0234  0.0234  0.0234  0.0235  0.0235  0.0235  0.0235  0.0235  0.0235  0.0235  0.0235
  0.0237  0.0237  0.0236  0.0233  0.0236  0.0237  0.0237  0.0238  0.0237  0.0236  0.0236  0.0236
  0.0245  0.0245  0.0242  0.0245  0.0251  0.0245  0.0244  0.0247  0.0245  0.0244  0.0239  0.0241
  0.0257  0.0258  0.0251  0.0275  0.0282  0.0266  0.0255  0.0264  0.0257  0.0260  0.0244  0.0248
    0.8381   17.7607   10.1670  -13.4526  -18.3915  -14.6136
   10.1147   -0.0739  -10.2392    7.7638   -0.0064  -10.8085
eta,q 0.97654  7.44167

---------------------------------------------------------------------
imgreg_4dfp /opt/freesurfer/average/711-2C_as_mni_average_305 /opt/freesurfer/average/711-2B_as_mni_average_305_mask talsrcimg_g11 none talsrcimg_to_711-2C_as_mni_average_305_t4 2311
---------------------------------------------------------------------

freesurfer imgreg_4dfp.c
/opt/freesurfer/average/711-2C_as_mni_average_305.4dfp.img
       256       256       256         1
  1.000000  1.000000  1.000000
orientation T byte_order littleendian
Reading image: /opt/freesurfer/average/711-2C_as_mni_average_305.4dfp.img
dimensions:      256       256       256
mmppix:       1.0000   -1.0000   -1.0000
center:     128.0000 -129.0000 -129.0000
/opt/freesurfer/average/711-2B_as_mni_average_305_mask.4dfp.img
       256       256       256         1
  1.000000  1.000000  1.000000
orientation T byte_order littleendian
Reading mask: /opt/freesurfer/average/711-2B_as_mni_average_305_mask.4dfp.img (2306576 pixels)
talsrcimg_g11.4dfp.img
       256       256       256         1
  1.000000  1.000000  1.000000
orientation T byte_order littleendian
Reading image: talsrcimg_g11.4dfp.img
dimensions:      256       256       256
mmppix:       1.0000   -1.0000   -1.0000
center:     128.0000 -129.0000 -129.0000
fimgreg.f
image alignment mode   2311 decimal      907 hex
parameters
    0.8381   17.7607   10.1670  -13.4526  -18.3915  -14.6136
   10.1147   -0.0739  -10.2392    7.7638   -0.0064  -10.8085
eta,q 0.97654  7.44167
niter,ni,del,rscale     5    3    5.0000    0.8000
parameters
    0.8393   17.7585   10.1620  -11.4851  -17.2228  -13.9163
   10.2399    0.1091  -10.1388    7.4433   -0.0685  -10.9629
eta,q 0.97688  7.57896
  0.0245  0.0243  0.0240  0.0247  0.0246  0.0241  0.0243  0.0248  0.0240  0.0239  0.0236  0.0236
  0.0239  0.0238  0.0237  0.0242  0.0240  0.0237  0.0237  0.0240  0.0236  0.0235  0.0233  0.0233
  0.0236  0.0236  0.0235  0.0238  0.0235  0.0233  0.0233  0.0234  0.0232  0.0232  0.0232  0.0232
  0.0235  0.0235  0.0235  0.0235  0.0232  0.0231  0.0231  0.0231  0.0231  0.0231  0.0231  0.0231
  0.0236  0.0236  0.0235  0.0232  0.0231  0.0232  0.0232  0.0233  0.0232  0.0232  0.0232  0.0232
  0.0239  0.0239  0.0237  0.0233  0.0233  0.0234  0.0236  0.0238  0.0235  0.0236  0.0233  0.0234
  0.0245  0.0243  0.0240  0.0237  0.0238  0.0237  0.0242  0.0246  0.0240  0.0242  0.0236  0.0237
niter,ni,del,rscale     4    3    5.0000    0.7000
parameters
    0.7745   17.6026   10.1885  -11.7663  -17.0033  -13.7266
   10.2850    0.0417  -10.0735    7.2109   -0.0946  -10.8882
eta,q 0.97688  7.58108
  0.0240  0.0237  0.0236  0.0239  0.0240  0.0238  0.0240  0.0243  0.0238  0.0238  0.0235  0.0235
  0.0235  0.0233  0.0233  0.0235  0.0236  0.0234  0.0235  0.0237  0.0234  0.0234  0.0233  0.0233
  0.0232  0.0231  0.0232  0.0233  0.0233  0.0232  0.0232  0.0233  0.0232  0.0232  0.0232  0.0232
  0.0231  0.0231  0.0231  0.0231  0.0231  0.0231  0.0231  0.0231  0.0231  0.0231  0.0231  0.0231
  0.0233  0.0233  0.0231  0.0232  0.0232  0.0232  0.0232  0.0233  0.0232  0.0232  0.0232  0.0231
  0.0236  0.0235  0.0233  0.0236  0.0234  0.0234  0.0235  0.0237  0.0234  0.0235  0.0233  0.0233
  0.0242  0.0240  0.0236  0.0243  0.0239  0.0236  0.0240  0.0244  0.0238  0.0239  0.0235  0.0235
niter,ni,del,rscale     3    3    5.0000    0.6000
parameters
    0.7571   17.5348   10.2394  -11.6198  -16.8676  -13.7063
   10.2994    0.0141  -10.0466    7.0656   -0.1437  -10.7700
eta,q 0.97690  7.59069
  0.0238  0.0236  0.0235  0.0238  0.0238  0.0236  0.0238  0.0240  0.0236  0.0236  0.0234  0.0234
  0.0234  0.0233  0.0233  0.0235  0.0234  0.0233  0.0234  0.0235  0.0233  0.0233  0.0232  0.0232
  0.0232  0.0232  0.0232  0.0233  0.0232  0.0231  0.0232  0.0232  0.0232  0.0232  0.0231  0.0231
  0.0231  0.0231  0.0231  0.0231  0.0231  0.0231  0.0231  0.0231  0.0231  0.0231  0.0231  0.0231
  0.0232  0.0232  0.0231  0.0231  0.0231  0.0232  0.0232  0.0232  0.0232  0.0232  0.0231  0.0231
  0.0234  0.0234  0.0232  0.0233  0.0233  0.0233  0.0234  0.0235  0.0233  0.0234  0.0232  0.0232
  0.0238  0.0237  0.0234  0.0238  0.0237  0.0235  0.0238  0.0241  0.0236  0.0237  0.0234  0.0234
niter,ni,del,rscale     2    3    5.0000    0.5000
parameters
    0.7422   17.4886   10.2585  -11.4896  -16.7748  -13.7709
   10.3157   -0.0087  -10.0094    6.9819   -0.1863  -10.6707
eta,q 0.97690  7.59551
  0.0236  0.0234  0.0233  0.0236  0.0236  0.0234  0.0236  0.0237  0.0234  0.0234  0.0233  0.0233
  0.0233  0.0232  0.0232  0.0234  0.0233  0.0232  0.0233  0.0234  0.0233  0.0233  0.0232  0.0232
  0.0232  0.0231  0.0231  0.0232  0.0232  0.0231  0.0232  0.0232  0.0231  0.0231  0.0231  0.0231
  0.0231  0.0231  0.0231  0.0231  0.0231  0.0231  0.0231  0.0231  0.0231  0.0231  0.0231  0.0231
  0.0232  0.0232  0.0231  0.0231  0.0231  0.0232  0.0231  0.0232  0.0231  0.0231  0.0231  0.0231
  0.0233  0.0233  0.0232  0.0233  0.0233  0.0233  0.0233  0.0234  0.0232  0.0233  0.0232  0.0232
  0.0236  0.0235  0.0233  0.0236  0.0235  0.0234  0.0235  0.0238  0.0234  0.0235  0.0233  0.0233
niter,ni,del,rscale     1    3    5.0000    0.4000
parameters
    0.7320   17.4591   10.2610  -11.3747  -16.7055  -13.8656
   10.3050   -0.0172  -10.0083    6.9335   -0.2026  -10.5899
eta,q 0.97691  7.59827
  0.0234  0.0233  0.0232  0.0234  0.0234  0.0233  0.0234  0.0235  0.0233  0.0233  0.0232  0.0232
  0.0232  0.0232  0.0232  0.0233  0.0232  0.0232  0.0232  0.0233  0.0232  0.0232  0.0231  0.0232
  0.0231  0.0231  0.0231  0.0232  0.0231  0.0231  0.0231  0.0231  0.0231  0.0231  0.0231  0.0231
  0.0231  0.0231  0.0231  0.0231  0.0231  0.0231  0.0231  0.0231  0.0231  0.0231  0.0231  0.0231
  0.0231  0.0231  0.0231  0.0231  0.0231  0.0231  0.0231  0.0231  0.0231  0.0231  0.0231  0.0231
  0.0232  0.0232  0.0232  0.0232  0.0232  0.0232  0.0232  0.0233  0.0232  0.0232  0.0231  0.0231
  0.0234  0.0233  0.0232  0.0234  0.0234  0.0233  0.0234  0.0235  0.0233  0.0233  0.0232  0.0232
registration optimization eta report
parameter search radius
    0.8000    0.8000    0.8000    2.4000    2.4000    2.4000
    2.4000    2.4000    2.4000    2.4000    2.4000    2.4000
100000*second partial in parameter space
       50.       37.       24.        6.        5.        4.
        5.        7.        4.        4.        2.        2.
  0.0234  0.0233  0.0232  0.0234  0.0234  0.0233  0.0234  0.0235  0.0233  0.0233  0.0232  0.0232
  0.0232  0.0232  0.0232  0.0233  0.0232  0.0232  0.0232  0.0233  0.0232  0.0232  0.0231  0.0232
  0.0231  0.0231  0.0231  0.0232  0.0231  0.0231  0.0231  0.0231  0.0231  0.0231  0.0231  0.0231
  0.0231  0.0231  0.0231  0.0231  0.0231  0.0231  0.0231  0.0231  0.0231  0.0231  0.0231  0.0231
  0.0231  0.0231  0.0231  0.0231  0.0231  0.0231  0.0231  0.0231  0.0231  0.0231  0.0231  0.0231
  0.0232  0.0232  0.0232  0.0232  0.0232  0.0232  0.0232  0.0233  0.0232  0.0232  0.0231  0.0231
  0.0234  0.0233  0.0232  0.0234  0.0234  0.0233  0.0234  0.0235  0.0233  0.0233  0.0232  0.0232
    0.7320   17.4591   10.2610  -11.3747  -16.7055  -13.8656
   10.3050   -0.0172  -10.0083    6.9335   -0.2026  -10.5899
eta,q 0.97691  7.59827

---------------------------------------------------------------------
imgreg_4dfp /opt/freesurfer/average/711-2C_as_mni_average_305 /opt/freesurfer/average/711-2B_as_mni_average_305_mask talsrcimg_g11 none talsrcimg_to_711-2C_as_mni_average_305_t4 2311
---------------------------------------------------------------------

freesurfer imgreg_4dfp.c
/opt/freesurfer/average/711-2C_as_mni_average_305.4dfp.img
       256       256       256         1
  1.000000  1.000000  1.000000
orientation T byte_order littleendian
Reading image: /opt/freesurfer/average/711-2C_as_mni_average_305.4dfp.img
dimensions:      256       256       256
mmppix:       1.0000   -1.0000   -1.0000
center:     128.0000 -129.0000 -129.0000
/opt/freesurfer/average/711-2B_as_mni_average_305_mask.4dfp.img
       256       256       256         1
  1.000000  1.000000  1.000000
orientation T byte_order littleendian
Reading mask: /opt/freesurfer/average/711-2B_as_mni_average_305_mask.4dfp.img (2306576 pixels)
talsrcimg_g11.4dfp.img
       256       256       256         1
  1.000000  1.000000  1.000000
orientation T byte_order littleendian
Reading image: talsrcimg_g11.4dfp.img
dimensions:      256       256       256
mmppix:       1.0000   -1.0000   -1.0000
center:     128.0000 -129.0000 -129.0000
fimgreg.f
image alignment mode   2311 decimal      907 hex
parameters
    0.7320   17.4591   10.2610  -11.3747  -16.7055  -13.8656
   10.3050   -0.0172  -10.0083    6.9335   -0.2026  -10.5899
eta,q 0.97691  7.59828
niter,ni,del,rscale     5    3    5.0000    0.8000
parameters
    0.7218   17.4533   10.2555  -11.8818  -16.8814  -13.6656
   10.3008   -0.0667   -9.9815    6.8386   -0.1377  -10.7233
eta,q 0.97687  7.58018
  0.0243  0.0240  0.0237  0.0240  0.0241  0.0240  0.0242  0.0247  0.0240  0.0240  0.0236  0.0236
  0.0236  0.0235  0.0234  0.0236  0.0236  0.0235  0.0236  0.0238  0.0235  0.0235  0.0233  0.0233
  0.0232  0.0232  0.0232  0.0232  0.0233  0.0232  0.0233  0.0233  0.0232  0.0232  0.0232  0.0232
  0.0231  0.0231  0.0231  0.0231  0.0231  0.0231  0.0231  0.0231  0.0231  0.0231  0.0231  0.0231
  0.0232  0.0232  0.0232  0.0232  0.0232  0.0232  0.0232  0.0233  0.0232  0.0232  0.0232  0.0232
  0.0237  0.0235  0.0234  0.0238  0.0236  0.0235  0.0236  0.0239  0.0235  0.0235  0.0233  0.0234
  0.0244  0.0240  0.0237  0.0248  0.0243  0.0238  0.0243  0.0248  0.0240  0.0241  0.0236  0.0237
niter,ni,del,rscale     4    3    5.0000    0.7000
parameters
    0.7341   17.4498   10.2853  -11.7299  -16.7977  -13.6086
   10.3068   -0.0541   -9.9974    6.8443   -0.1472  -10.7004
eta,q 0.97689  7.59086
  0.0241  0.0238  0.0236  0.0240  0.0240  0.0237  0.0240  0.0244  0.0238  0.0238  0.0235  0.0235
  0.0236  0.0234  0.0233  0.0236  0.0235  0.0234  0.0235  0.0237  0.0234  0.0235  0.0233  0.0233
  0.0232  0.0232  0.0232  0.0233  0.0233  0.0232  0.0232  0.0233  0.0232  0.0232  0.0231  0.0232
  0.0231  0.0231  0.0231  0.0231  0.0231  0.0231  0.0231  0.0231  0.0231  0.0231  0.0231  0.0231
  0.0232  0.0232  0.0232  0.0231  0.0232  0.0232  0.0232  0.0233  0.0232  0.0232  0.0232  0.0231
  0.0235  0.0234  0.0233  0.0234  0.0234  0.0234  0.0235  0.0237  0.0234  0.0234  0.0233  0.0233
  0.0240  0.0238  0.0236  0.0240  0.0240  0.0237  0.0240  0.0244  0.0238  0.0239  0.0235  0.0235
niter,ni,del,rscale     3    3    5.0000    0.6000
parameters
    0.7272   17.4399   10.2923  -11.5996  -16.7409  -13.6641
   10.3135   -0.0486   -9.9894    6.8399   -0.1769  -10.6703
eta,q 0.97690  7.59554
  0.0238  0.0236  0.0235  0.0238  0.0237  0.0236  0.0238  0.0240  0.0236  0.0236  0.0234  0.0234
  0.0234  0.0233  0.0233  0.0235  0.0234  0.0233  0.0234  0.0235  0.0233  0.0233  0.0232  0.0232
  0.0232  0.0232  0.0231  0.0233  0.0232  0.0231  0.0232  0.0232  0.0232  0.0232  0.0231  0.0231
  0.0231  0.0231  0.0231  0.0231  0.0231  0.0231  0.0231  0.0231  0.0231  0.0231  0.0231  0.0231
  0.0232  0.0232  0.0231  0.0231  0.0231  0.0232  0.0232  0.0232  0.0232  0.0232  0.0231  0.0231
  0.0234  0.0234  0.0233  0.0233  0.0234  0.0233  0.0234  0.0235  0.0233  0.0233  0.0232  0.0232
  0.0238  0.0236  0.0234  0.0238  0.0237  0.0235  0.0238  0.0240  0.0236  0.0237  0.0234  0.0234
niter,ni,del,rscale     2    3    5.0000    0.5000
parameters
    0.7241   17.4262   10.2875  -11.4806  -16.6930  -13.7604
   10.3171   -0.0394   -9.9803    6.8361   -0.2030  -10.6010
eta,q 0.97690  7.59790
  0.0236  0.0235  0.0233  0.0236  0.0235  0.0234  0.0235  0.0238  0.0234  0.0235  0.0233  0.0233
  0.0233  0.0233  0.0232  0.0234  0.0233  0.0232  0.0233  0.0234  0.0232  0.0233  0.0232  0.0232
  0.0232  0.0231  0.0231  0.0232  0.0232  0.0231  0.0231  0.0232  0.0231  0.0231  0.0231  0.0231
  0.0231  0.0231  0.0231  0.0231  0.0231  0.0231  0.0231  0.0231  0.0231  0.0231  0.0231  0.0231
  0.0232  0.0231  0.0231  0.0231  0.0231  0.0232  0.0231  0.0232  0.0231  0.0231  0.0231  0.0231
  0.0233  0.0233  0.0232  0.0233  0.0233  0.0233  0.0233  0.0234  0.0232  0.0233  0.0232  0.0232
  0.0236  0.0235  0.0233  0.0236  0.0235  0.0234  0.0236  0.0238  0.0234  0.0235  0.0233  0.0233
niter,ni,del,rscale     1    3    5.0000    0.4000
parameters
    0.7228   17.4220   10.2813  -11.3637  -16.6619  -13.8376
   10.3082   -0.0377   -9.9798    6.8409   -0.2123  -10.5666
eta,q 0.97691  7.60043
  0.0234  0.0233  0.0232  0.0234  0.0234  0.0233  0.0234  0.0235  0.0233  0.0233  0.0232  0.0232
  0.0232  0.0232  0.0232  0.0233  0.0232  0.0232  0.0232  0.0233  0.0232  0.0232  0.0231  0.0231
  0.0231  0.0231  0.0231  0.0232  0.0231  0.0231  0.0231  0.0231  0.0231  0.0231  0.0231  0.0231
  0.0231  0.0231  0.0231  0.0231  0.0231  0.0231  0.0231  0.0231  0.0231  0.0231  0.0231  0.0231
  0.0231  0.0231  0.0231  0.0231  0.0231  0.0231  0.0231  0.0231  0.0231  0.0231  0.0231  0.0231
  0.0232  0.0232  0.0232  0.0232  0.0232  0.0232  0.0232  0.0233  0.0232  0.0232  0.0231  0.0231
  0.0234  0.0233  0.0232  0.0234  0.0234  0.0233  0.0234  0.0235  0.0233  0.0233  0.0232  0.0232
registration optimization eta report
parameter search radius
    0.8000    0.8000    0.8000    2.4000    2.4000    2.4000
    2.4000    2.4000    2.4000    2.4000    2.4000    2.4000
100000*second partial in parameter space
       50.       36.       24.        6.        5.        4.
        5.        7.        4.        4.        2.        2.
  0.0234  0.0233  0.0232  0.0234  0.0234  0.0233  0.0234  0.0235  0.0233  0.0233  0.0232  0.0232
  0.0232  0.0232  0.0232  0.0233  0.0232  0.0232  0.0232  0.0233  0.0232  0.0232  0.0231  0.0231
  0.0231  0.0231  0.0231  0.0232  0.0231  0.0231  0.0231  0.0231  0.0231  0.0231  0.0231  0.0231
  0.0231  0.0231  0.0231  0.0231  0.0231  0.0231  0.0231  0.0231  0.0231  0.0231  0.0231  0.0231
  0.0231  0.0231  0.0231  0.0231  0.0231  0.0231  0.0231  0.0231  0.0231  0.0231  0.0231  0.0231
  0.0232  0.0232  0.0232  0.0232  0.0232  0.0232  0.0232  0.0233  0.0232  0.0232  0.0231  0.0231
  0.0234  0.0233  0.0232  0.0234  0.0234  0.0233  0.0234  0.0235  0.0233  0.0233  0.0232  0.0232
    0.7228   17.4220   10.2813  -11.3637  -16.6619  -13.8376
   10.3082   -0.0377   -9.9798    6.8409   -0.2123  -10.5666
eta,q 0.97691  7.60043

---------------------------------------------------------------------
compute_vox2vox talsrcimg talsrcimg_to_711-2C_as_mni_average_305_t4 /opt/freesurfer/average/711-2C_as_mni_average_305
---------------------------------------------------------------------

freesurfer compute_vox2vox.c
Reading: talsrcimg.4dfp.ifh
Reading: talsrcimg_to_711-2C_as_mni_average_305_t4
Reading: /opt/freesurfer/average/711-2C_as_mni_average_305.4dfp.ifh
Writing: talsrcimg_to_711-2C_as_mni_average_305_t4_vox2vox.txt

start time Fri Mar 6 17:40:40 CET 2026
end		time Fri Mar 6 17:40:54 CET 2026

mpr2mni305 success

avi2talxfm orig_nu.mgz /opt/freesurfer/average/mni305.cor.mgz talsrcimg_to_711-2C_as_mni_average_305_t4_vox2vox.txt transforms/talairach.auto.xfm
avi2talxfm done
mv -f /out/sourcedata/freesurfer/sub-v1s11x0050158_ses-1/mri/talsrcimg_to_711-2C_as_mni_average_305_t4_vox2vox.txt /out/sourcedata/freesurfer/sub-v1s11x0050158_ses-1/mri/transforms/talsrcimg_to_711-2C_as_mni_average_305_t4_vox2vox.txt
lta_convert --src orig_nu.mgz --trg /opt/freesurfer/average/mni305.cor.mgz --inxfm transforms/talairach.auto.xfm --outlta transforms/talairach.auto.xfm.lta --subject fsaverage
7.3.2

--src: orig_nu.mgz src image (geometry).
--trg: /opt/freesurfer/average/mni305.cor.mgz trg image (geometry).
--inmni: transforms/talairach.auto.xfm input MNI/XFM transform.
--outlta: transforms/talairach.auto.xfm.lta output LTA.
--s: fsaverage subject name
 LTA read, type : 1
 1.11290   0.01130  -0.13622  -2.68691;
 0.01890   1.14922   0.14337  -27.43161;
 0.13172  -0.09298   1.17185  -30.69548;
 0.00000   0.00000   0.00000   1.00000;
setting subject to fsaverage
Writing  LTA to file transforms/talairach.auto.xfm.lta...
lta_convert successful.
 
 
Started at Fri Mar 6 17:40:40 CET 2026
Ended   at Fri Mar  6 17:40:54 CET 2026
talairach_avi done
