status file for recon-all
Fri Mar  6 16:39:58 CET 2026
#@# Tessellate rh Fri Mar  6 16:39:58 CET 2026
#@# Smooth1 rh Fri Mar  6 16:40:02 CET 2026
#@# Inflation1 rh Fri Mar  6 16:40:05 CET 2026
#@# QSphere rh Fri Mar  6 16:40:19 CET 2026
#@# Fix Topology rh Fri Mar  6 16:41:40 CET 2026
#@# Smooth2 rh Fri Mar  6 16:48:33 CET 2026
#@# Inflation2 rh Fri Mar  6 16:48:36 CET 2026
#@# Curv .H and .K rh Fri Mar  6 16:48:52 CET 2026
#@# Sphere rh Fri Mar  6 16:49:46 CET 2026
#@# Surf Reg rh Fri Mar  6 16:52:11 CET 2026
#@# Jacobian white rh Fri Mar  6 16:56:25 CET 2026
#@# AvgCurv rh Fri Mar  6 16:56:26 CET 2026
#@# Cortical Parc rh Fri Mar  6 16:56:27 CET 2026
#@# white curv rh Fri Mar  6 17:03:30 CET 2026
#@# white area rh Fri Mar  6 17:03:32 CET 2026
#@# pial curv rh Fri Mar  6 17:03:33 CET 2026
#@# pial area rh Fri Mar  6 17:03:35 CET 2026
#@# thickness rh Fri Mar  6 17:03:36 CET 2026
#@# area and vertex vol rh Fri Mar  6 17:04:10 CET 2026
#@# Curvature Stats rh Fri Mar  6 17:04:12 CET 2026
#@# Cortical Parc 2 rh Fri Mar  6 17:04:14 CET 2026
#@# Cortical Parc 3 rh Fri Mar  6 17:04:30 CET 2026
#@# WM/GM Contrast rh Fri Mar  6 17:04:41 CET 2026
recon-all -s sub-v1s10x0051110_ses-1 finished without error at Fri Mar  6 17:04:45 CET 2026



#New# invocation of recon-all 



status file for recon-all
Fri Mar  6 17:13:52 CET 2026
#@# white curv rh Fri Mar  6 17:13:52 CET 2026
#@# white area rh Fri Mar  6 17:13:52 CET 2026
#@# pial curv rh Fri Mar  6 17:13:52 CET 2026
#@# pial area rh Fri Mar  6 17:13:52 CET 2026
#@# thickness rh Fri Mar  6 17:13:52 CET 2026
#@# area and vertex vol rh Fri Mar  6 17:13:52 CET 2026
#@# Parcellation Stats rh Fri Mar  6 17:13:52 CET 2026
#@# Parcellation Stats 2 rh Fri Mar  6 17:14:15 CET 2026
#@# Parcellation Stats 3 rh Fri Mar  6 17:14:27 CET 2026
#@# BA_exvivo Labels rh Fri Mar  6 17:14:38 CET 2026
recon-all -s sub-v1s10x0051110_ses-1 finished without error at Fri Mar  6 17:17:29 CET 2026
