status file for recon-all
Wed Mar  4 08:18:43 CET 2026
#@# Tessellate rh Wed Mar  4 08:18:43 CET 2026
#@# Smooth1 rh Wed Mar  4 08:18:47 CET 2026
#@# Inflation1 rh Wed Mar  4 08:18:50 CET 2026
#@# QSphere rh Wed Mar  4 08:19:04 CET 2026
#@# Fix Topology rh Wed Mar  4 08:20:22 CET 2026
#@# Smooth2 rh Wed Mar  4 08:26:56 CET 2026
#@# Inflation2 rh Wed Mar  4 08:27:00 CET 2026
#@# Curv .H and .K rh Wed Mar  4 08:27:14 CET 2026
#@# Sphere rh Wed Mar  4 08:27:58 CET 2026
#@# Surf Reg rh Wed Mar  4 08:32:27 CET 2026
#@# Jacobian white rh Wed Mar  4 08:36:42 CET 2026
#@# AvgCurv rh Wed Mar  4 08:36:43 CET 2026
#@# Cortical Parc rh Wed Mar  4 08:36:44 CET 2026
#@# white curv rh Wed Mar  4 08:43:45 CET 2026
#@# white area rh Wed Mar  4 08:43:48 CET 2026
#@# pial curv rh Wed Mar  4 08:43:49 CET 2026
#@# pial area rh Wed Mar  4 08:43:50 CET 2026
#@# thickness rh Wed Mar  4 08:43:51 CET 2026
#@# area and vertex vol rh Wed Mar  4 08:44:22 CET 2026
#@# Curvature Stats rh Wed Mar  4 08:44:23 CET 2026
#@# Cortical Parc 2 rh Wed Mar  4 08:44:26 CET 2026
#@# Cortical Parc 3 rh Wed Mar  4 08:44:39 CET 2026
#@# WM/GM Contrast rh Wed Mar  4 08:44:50 CET 2026
recon-all -s sub-v1s3x0050783_ses-1 finished without error at Wed Mar  4 08:44:53 CET 2026



#New# invocation of recon-all 



status file for recon-all
Wed Mar  4 08:54:51 CET 2026
#@# white curv rh Wed Mar  4 08:54:51 CET 2026
#@# white area rh Wed Mar  4 08:54:51 CET 2026
#@# pial curv rh Wed Mar  4 08:54:51 CET 2026
#@# pial area rh Wed Mar  4 08:54:51 CET 2026
#@# thickness rh Wed Mar  4 08:54:51 CET 2026
#@# area and vertex vol rh Wed Mar  4 08:54:51 CET 2026
#@# Parcellation Stats rh Wed Mar  4 08:54:52 CET 2026
#@# Parcellation Stats 2 rh Wed Mar  4 08:55:16 CET 2026
#@# Parcellation Stats 3 rh Wed Mar  4 08:55:31 CET 2026
#@# BA_exvivo Labels rh Wed Mar  4 08:55:44 CET 2026
recon-all -s sub-v1s3x0050783_ses-1 finished without error at Wed Mar  4 08:59:05 CET 2026
