/out/sourcedata/freesurfer/sub-v1s10x0051065_ses-1/mri
/opt/freesurfer/bin/talairach_avi
--i orig_nu.mgz --xfm transforms/talairach.auto.xfm
talairach_avi 7.3.2
Linux dna061 5.14.0-427.37.1.el9_4.x86_64 #1 SMP PREEMPT_DYNAMIC Fri Sep 13 12:41:50 EDT 2024 x86_64 x86_64 x86_64 GNU/Linux
Fri Mar  6 11:08:22 CET 2026
mri_convert orig_nu.mgz talsrcimg.img 
reading from orig_nu.mgz...
TR=0.00, TE=0.00, TI=0.00, flip angle=0.00
i_ras = (-1, 0, 0)
j_ras = (0, 0, -1)
k_ras = (0, 1, 0)
writing to talsrcimg.img...
Analyze Output Matrix
-1.00000   0.00000   0.00000   129.66513;
 0.00000   0.00000   1.00000  -128.00000;
 0.00000  -1.00000   0.00000   130.00000;
 0.00000   0.00000   0.00000   1.00000;
--------------------
INFO: set hdr.hist.orient to -1
mpr2mni305 talsrcimg
Fri Mar  6 11:08:23 CET 2026
/opt/freesurfer/bin/mpr2mni305 talsrcimg
mpr2mni305 7.3.2
target=711-2C_as_mni_average_305

---------------------------------------------------------------------
analyzeto4dfp talsrcimg -O0 -y
---------------------------------------------------------------------

freesurfer ifh2hdr.c
Fri Mar  6 11:08:23 2026
Writing: talsrcimg.4dfp.hdr
freesurfer analyzeto4dfp.c
Reading: talsrcimg.hdr
header size 348 bytes
hdr.dime.datatype	offset=70	value=2
hdr.dime.bitpix		offset=72	value=8
hdr.hist.orient		offset=252	value=-1
dimensionality     4
dimensions       256       256       256         1
Reading: talsrcimg.img
Writing: talsrcimg.4dfp.img
Writing: talsrcimg.4dfp.ifh
ifh2hdr talsrcimg -r0to220
ori=2

---------------------------------------------------------------------
gauss_4dfp talsrcimg 1.1
---------------------------------------------------------------------

freesurfer gauss_4dfp.c
Reading: talsrcimg.4dfp.img
Writing: talsrcimg_g11.4dfp.img
image dimensions 256 256 256 padded to 288 288 288
processing volume 1freesurfer ifh2hdr.c
Fri Mar  6 11:08:24 2026
Writing: talsrcimg_g11.4dfp.hdr

Writing: talsrcimg_g11.4dfp.ifh
including: talsrcimg.4dfp.img.rec in talsrcimg_g11.4dfp.img.rec

---------------------------------------------------------------------
imgreg_4dfp /opt/freesurfer/average/711-2C_as_mni_average_305 none talsrcimg_g11 none talsrcimg_to_711-2C_as_mni_average_305_t4 4355
---------------------------------------------------------------------

freesurfer imgreg_4dfp.c
/opt/freesurfer/average/711-2C_as_mni_average_305.4dfp.img
       256       256       256         1
  1.000000  1.000000  1.000000
orientation T byte_order littleendian
Reading image: /opt/freesurfer/average/711-2C_as_mni_average_305.4dfp.img
dimensions:      256       256       256
mmppix:       1.0000   -1.0000   -1.0000
center:     128.0000 -129.0000 -129.0000
talsrcimg_g11.4dfp.img
       256       256       256         1
  1.000000  1.000000  1.000000
orientation T byte_order littleendian
Reading image: talsrcimg_g11.4dfp.img
dimensions:      256       256       256
mmppix:       1.0000   -1.0000   -1.0000
center:     128.0000 -129.0000 -129.0000
t4_read: open error in t4_sub.f l:  41 t4_file(1:l)talsrcimg_to_711-2C_as_mni_average_305_t4 
t4_read: transform initialized to I4
rotation matrix determinant  1.000000
image alignment mode   4355 decimal     1103 hex
   -7.5000  -45.0000  -45.0000 8657.7744   16.2293
    0.0000  -45.0000  -45.0000 9054.9385   16.2195
    7.5000  -45.0000  -45.0000 8588.9346   16.2512
   -7.5000  -37.5000  -45.0000 9207.8350   16.1833
    0.0000  -37.5000  -45.0000 9601.2549   16.1776
    7.5000  -37.5000  -45.0000 9104.2812   16.2057
   -7.5000  -30.0000  -45.000010071.6201   16.1505
    0.0000  -30.0000  -45.000010513.1699   16.1401
    7.5000  -30.0000  -45.0000 9956.3408   16.1598
   -7.5000  -22.5000  -45.000010907.7012   16.1532
    0.0000  -22.5000  -45.000011345.1338   16.1332
    7.5000  -22.5000  -45.000010749.8359   16.1478
   -7.5000  -15.0000  -45.000011626.5625   16.1736
    0.0000  -15.0000  -45.000012126.7783   16.1483
    7.5000  -15.0000  -45.000011468.1582   16.1647
   -7.5000   -7.5000  -45.000012249.4756   16.1853
    0.0000   -7.5000  -45.000012780.1709   16.1651
    7.5000   -7.5000  -45.000012109.4951   16.1898
   -7.5000    0.0000  -45.000012745.6230   16.1798
    0.0000    0.0000  -45.000013285.2354   16.1696
    7.5000    0.0000  -45.000012597.2666   16.2008
   -7.5000    7.5000  -45.000012230.2686   16.1605
    0.0000    7.5000  -45.000012781.9482   16.1546
    7.5000    7.5000  -45.000012081.3232   16.1826
   -7.5000   15.0000  -45.000011644.2793   16.1455
    0.0000   15.0000  -45.000012182.4014   16.1351
    7.5000   15.0000  -45.000011493.5293   16.1547
   -7.5000   22.5000  -45.000011000.3379   16.1509
    0.0000   22.5000  -45.000011513.7939   16.1310
    7.5000   22.5000  -45.000010843.8496   16.1456
   -7.5000   30.0000  -45.000010232.6074   15.9580
    0.0000   30.0000  -45.000010729.9014   15.9331
    7.5000   30.0000  -45.000010095.5635   15.9493
   -7.5000   37.5000  -45.0000 9689.8789   15.9710
    0.0000   37.5000  -45.000010181.1592   15.9511
    7.5000   37.5000  -45.0000 9573.4873   15.9754
   -7.5000   45.0000  -45.0000 8808.5273   15.5967
    0.0000   45.0000  -45.0000 9260.3643   15.5868
    7.5000   45.0000  -45.0000 8683.4590   15.6170
   -7.5000  -45.0000  -37.5000 9087.8828   16.2234
    0.0000  -45.0000  -37.5000 9502.4639   16.2175
    7.5000  -45.0000  -37.5000 9003.3701   16.2523
   -7.5000  -37.5000  -37.5000 9656.3945   16.1816
    0.0000  -37.5000  -37.500010087.5996   16.1789
    7.5000  -37.5000  -37.5000 9558.1338   16.2107
   -7.5000  -30.0000  -37.500010559.3652   16.1528
    0.0000  -30.0000  -37.500011031.5225   16.1461
    7.5000  -30.0000  -37.500010436.4365   16.1716
   -7.5000  -22.5000  -37.500011427.2139   16.1546
    0.0000  -22.5000  -37.500011889.2705   16.1399
    7.5000  -22.5000  -37.500011257.2695   16.1611
   -7.5000  -15.0000  -37.500012164.3945   16.1694
    0.0000  -15.0000  -37.500012678.7373   16.1505
    7.5000  -15.0000  -37.500011996.5010   16.1729
   -7.5000   -7.5000  -37.500012818.9287   16.1777
    0.0000   -7.5000  -37.500013399.3252   16.1633
    7.5000   -7.5000  -37.500012658.3867   16.1925
   -7.5000    0.0000  -37.500013345.2676   16.1740
    0.0000    0.0000  -37.500013964.2666   16.1677
    7.5000    0.0000  -37.500013189.7158   16.2019
   -7.5000    7.5000  -37.500012810.1182   16.1590
    0.0000    7.5000  -37.500013417.9385   16.1560
    7.5000    7.5000  -37.500012662.5039   16.1877
   -7.5000   15.0000  -37.500012164.9346   16.1479
    0.0000   15.0000  -37.500012734.9453   16.1411
    7.5000   15.0000  -37.500012012.4023   16.1665
   -7.5000   22.5000  -37.500011458.6543   16.1524
    0.0000   22.5000  -37.500011992.3203   16.1377
    7.5000   22.5000  -37.500011316.9443   16.1589
   -7.5000   30.0000  -37.500010667.3828   15.9539
    0.0000   30.0000  -37.500011176.5918   15.9352
    7.5000   30.0000  -37.500010542.5166   15.9573
   -7.5000   37.5000  -37.500010124.2793   15.9635
    0.0000   37.5000  -37.500010625.2656   15.9492
    7.5000   37.5000  -37.500010011.0010   15.9780
   -7.5000   45.0000  -37.5000 9177.9736   15.5922
    0.0000   45.0000  -37.5000 9655.0039   15.5861
    7.5000   45.0000  -37.5000 9078.0059   15.6192
   -7.5000  -45.0000  -30.0000 9658.4453   16.8770
    0.0000  -45.0000  -30.000010111.3975   16.8717
    7.5000  -45.0000  -30.0000 9564.5137   16.9090
   -7.5000  -37.5000  -30.000010263.7832   16.8399
    0.0000  -37.5000  -30.000010731.2861   16.8366
    7.5000  -37.5000  -30.000010152.9150   16.8711
   -7.5000  -30.0000  -30.000011222.7314   16.8126
    0.0000  -30.0000  -30.000011714.4473   16.8077
    7.5000  -30.0000  -30.000011082.2578   16.8378
   -7.5000  -22.5000  -30.000012105.9316   16.8098
    0.0000  -22.5000  -30.000012619.6436   16.8002
    7.5000  -22.5000  -30.000011934.8154   16.8281
   -7.5000  -15.0000  -30.000012864.0908   16.8186
    0.0000  -15.0000  -30.000013419.2432   16.8058
    7.5000  -15.0000  -30.000012693.4141   16.8350
   -7.5000   -7.5000  -30.000013576.2803   16.8256
    0.0000   -7.5000  -30.000014191.1455   16.8152
    7.5000   -7.5000  -30.000013377.6650   16.8490
   -7.5000    0.0000  -30.000014115.7334   16.8258
    0.0000    0.0000  -30.000014817.9619   16.8200
    7.5000    0.0000  -30.000013952.2100   16.8568
   -7.5000    7.5000  -30.000013574.2822   16.8167
    0.0000    7.5000  -30.000014249.7803   16.8131
    7.5000    7.5000  -30.000013422.6035   16.8474
   -7.5000   15.0000  -30.000012856.0322   16.8076
    0.0000   15.0000  -30.000013482.4805   16.8026
    7.5000   15.0000  -30.000012725.2432   16.8327
   -7.5000   22.5000  -30.000012090.5068   16.8058
    0.0000   22.5000  -30.000012673.9297   16.7961
    7.5000   22.5000  -30.000011969.5996   16.8240
   -7.5000   30.0000  -30.000011269.7754   16.5961
    0.0000   30.0000  -30.000011808.3564   16.5834
    7.5000   30.0000  -30.000011151.2646   16.6122
   -7.5000   37.5000  -30.000010713.6475   16.6041
    0.0000   37.5000  -30.000011249.4424   16.5939
    7.5000   37.5000  -30.000010605.8887   16.6273
   -7.5000   45.0000  -30.0000 9707.0273   16.2334
    0.0000   45.0000  -30.000010226.3809   16.2277
    7.5000   45.0000  -30.0000 9603.8379   16.2634
   -7.5000  -45.0000  -22.500010203.8232   17.4558
    0.0000  -45.0000  -22.500010647.2324   17.4480
    7.5000  -45.0000  -22.500010100.2588   17.4838
   -7.5000  -37.5000  -22.500010839.8682   17.4180
    0.0000  -37.5000  -22.500011316.3711   17.4116
    7.5000  -37.5000  -22.500010713.8359   17.4435
   -7.5000  -30.0000  -22.500011855.7510   17.3861
    0.0000  -30.0000  -22.500012391.9648   17.3797
    7.5000  -30.0000  -22.500011713.5576   17.4072
   -7.5000  -22.5000  -22.500012773.2383   17.3783
    0.0000  -22.5000  -22.500013353.6709   17.3696
    7.5000  -22.5000  -22.500012613.7178   17.3968
   -7.5000  -15.0000  -22.500013558.9463   17.3878
    0.0000  -15.0000  -22.500014169.4844   17.3767
    7.5000  -15.0000  -22.500013404.5820   17.4061
   -7.5000   -7.5000  -22.500014285.0996   17.3994
    0.0000   -7.5000  -22.500014953.0674   17.3888
    7.5000   -7.5000  -22.500014113.1514   17.4219
   -7.5000    0.0000  -22.500014857.2490   17.4029
    0.0000    0.0000  -22.500015618.6758   17.3945
    7.5000    0.0000  -22.500014717.2012   17.4298
   -7.5000    7.5000  -22.500014279.5732   17.3940
    0.0000    7.5000  -22.500015046.0381   17.3874
    7.5000    7.5000  -22.500014165.2588   17.4190
   -7.5000   15.0000  -22.500013521.4180   17.3810
    0.0000   15.0000  -22.500014216.1143   17.3745
    7.5000   15.0000  -22.500013432.4365   17.4019
   -7.5000   22.5000  -22.500012724.1758   17.3730
    0.0000   22.5000  -22.500013387.4863   17.3643
    7.5000   22.5000  -22.500012626.0605   17.3915
   -7.5000   30.0000  -22.500011863.1162   17.1604
    0.0000   30.0000  -22.500012476.7217   17.1494
    7.5000   30.0000  -22.500011744.0020   17.1785
   -7.5000   37.5000  -22.500011291.0088   17.1728
    0.0000   37.5000  -22.500011897.8818   17.1624
    7.5000   37.5000  -22.500011176.3887   17.1950
   -7.5000   45.0000  -22.500010235.0352   16.8024
    0.0000   45.0000  -22.500010811.1104   16.7944
    7.5000   45.0000  -22.500010140.5469   16.8287
   -7.5000  -45.0000  -15.000010669.0029   17.8969
    0.0000  -45.0000  -15.000011109.6074   17.8841
    7.5000  -45.0000  -15.000010579.8379   17.9159
   -7.5000  -37.5000  -15.000011354.5898   17.8535
    0.0000  -37.5000  -15.000011828.4141   17.8429
    7.5000  -37.5000  -15.000011221.8975   17.8698
   -7.5000  -30.0000  -15.000012447.8711   17.8161
    0.0000  -30.0000  -15.000013004.4609   17.8051
    7.5000  -30.0000  -15.000012303.5703   17.8256
   -7.5000  -22.5000  -15.000013463.1641   17.8083
    0.0000  -22.5000  -15.000014132.3848   17.7944
    7.5000  -22.5000  -15.000013319.7148   17.8144
   -7.5000  -15.0000  -15.000014285.9033   17.8238
    0.0000  -15.0000  -15.000015044.0996   17.8072
    7.5000  -15.0000  -15.000014182.5820   17.8304
   -7.5000   -7.5000  -15.000014993.3223   17.8403
    0.0000   -7.5000  -15.000015799.2100   17.8240
    7.5000   -7.5000  -15.000014920.4746   17.8519
   -7.5000    0.0000  -15.000015602.0244   17.8425
    0.0000    0.0000  -15.000016436.5859   17.8292
    7.5000    0.0000  -15.000015563.7100   17.8605
   -7.5000    7.5000  -15.000015009.0957   17.8288
    0.0000    7.5000  -15.000015811.2920   17.8179
    7.5000    7.5000  -15.000014978.2979   17.8446
   -7.5000   15.0000  -15.000014244.9443   17.8108
    0.0000   15.0000  -15.000014998.8545   17.7997
    7.5000   15.0000  -15.000014180.2480   17.8201
   -7.5000   22.5000  -15.000013368.4697   17.8020
    0.0000   22.5000  -15.000014100.9131   17.7881
    7.5000   22.5000  -15.000013274.0869   17.8081
   -7.5000   30.0000  -15.000012455.4717   17.5932
    0.0000   30.0000  -15.000013156.6670   17.5768
    7.5000   30.0000  -15.000012343.8740   17.5997
   -7.5000   37.5000  -15.000011897.3926   17.6105
    0.0000   37.5000  -15.000012553.3164   17.5944
    7.5000   37.5000  -15.000011749.7832   17.6219
   -7.5000   45.0000  -15.000010785.5283   17.2360
    0.0000   45.0000  -15.000011387.7217   17.2233
    7.5000   45.0000  -15.000010642.9805   17.2538
   -7.5000  -45.0000   -7.500011137.4424   18.1244
    0.0000  -45.0000   -7.500011555.3154   18.1096
    7.5000  -45.0000   -7.500011019.1191   18.1412
   -7.5000  -37.5000   -7.500011854.6279   18.0750
    0.0000  -37.5000   -7.500012306.9443   18.0642
    7.5000  -37.5000   -7.500011717.3809   18.0911
   -7.5000  -30.0000   -7.500013039.7295   18.0365
    0.0000  -30.0000   -7.500013630.8916   18.0227
    7.5000  -30.0000   -7.500012892.4834   18.0406
   -7.5000  -22.5000   -7.500014221.8926   18.0345
    0.0000  -22.5000   -7.500015072.7480   18.0134
    7.5000  -22.5000   -7.500014085.0859   18.0279
   -7.5000  -15.0000   -7.500015116.3096   18.0562
    0.0000  -15.0000   -7.500016110.7803   18.0301
    7.5000  -15.0000   -7.500015068.3740   18.0474
   -7.5000   -7.5000   -7.500015800.0723   18.0722
    0.0000   -7.5000   -7.500016662.0039   18.0491
    7.5000   -7.5000   -7.500015779.9795   18.0742
   -7.5000    0.0000   -7.500016372.1162   18.0692
    0.0000    0.0000   -7.500017143.3438   18.0539
    7.5000    0.0000   -7.500016361.5400   18.0850
   -7.5000    7.5000   -7.500015756.6738   18.0497
    0.0000    7.5000   -7.500016529.1504   18.0386
    7.5000    7.5000   -7.500015722.5742   18.0652
   -7.5000   15.0000   -7.500015032.6582   18.0310
    0.0000   15.0000   -7.500015804.7236   18.0171
    7.5000   15.0000   -7.500014922.6523   18.0349
   -7.5000   22.5000   -7.500014146.8691   18.0262
    0.0000   22.5000   -7.500014908.9111   18.0051
    7.5000   22.5000   -7.500013958.8711   18.0196
   -7.5000   30.0000   -7.500013209.7070   17.8220
    0.0000   30.0000   -7.500013921.3369   17.7963
    7.5000   30.0000   -7.500012964.9238   17.8134
   -7.5000   37.5000   -7.500012577.3652   17.8391
    0.0000   37.5000   -7.500013252.9980   17.8163
    7.5000   37.5000   -7.500012328.6523   17.8412
   -7.5000   45.0000   -7.500011382.6699   17.4574
    0.0000   45.0000   -7.500011966.0801   17.4427
    7.5000   45.0000   -7.500011126.9688   17.4729
   -7.5000  -45.0000    0.000011451.3457   18.1610
    0.0000  -45.0000    0.000011886.1221   18.1501
    7.5000  -45.0000    0.000011337.6650   18.1855
   -7.5000  -37.5000    0.000012222.2305   18.1095
    0.0000  -37.5000    0.000012691.2930   18.1032
    7.5000  -37.5000    0.000012114.8535   18.1347
   -7.5000  -30.0000    0.000013503.4307   18.0728
    0.0000  -30.0000    0.000014175.7344   18.0612
    7.5000  -30.0000    0.000013416.8486   18.0832
   -7.5000  -22.5000    0.000014743.5420   18.0758
    0.0000  -22.5000    0.000015784.3604   18.0535
    7.5000  -22.5000    0.000014704.5059   18.0698
   -7.5000  -15.0000    0.000015732.0215   18.0986
    0.0000  -15.0000    0.000016760.9102   18.0704
    7.5000  -15.0000    0.000015691.3262   18.0888
   -7.5000   -7.5000    0.000016456.2207   18.1118
    0.0000   -7.5000    0.000017303.2852   18.0892
    7.5000   -7.5000    0.000016364.9121   18.1168
   -7.5000    0.0000    0.000017106.3379   18.1056
    0.0000    0.0000    0.000017893.5859   18.0942
    7.5000    0.0000    0.000016917.0234   18.1291
   -7.5000    7.5000    0.000016536.7910   18.0840
    0.0000    7.5000    0.000017365.3457   18.0775
    7.5000    7.5000    0.000016277.4873   18.1087
   -7.5000   15.0000    0.000015762.3721   18.0673
    0.0000   15.0000    0.000016601.1445   18.0556
    7.5000   15.0000    0.000015433.5957   18.0775
   -7.5000   22.5000    0.000014797.6191   18.0675
    0.0000   22.5000    0.000015575.4697   18.0452
    7.5000   22.5000    0.000014408.0361   18.0615
   -7.5000   30.0000    0.000013740.9668   17.8644
    0.0000   30.0000    0.000014451.5869   17.8365
    7.5000   30.0000    0.000013373.7295   17.8547
   -7.5000   37.5000    0.000013083.3105   17.8789
    0.0000   37.5000    0.000013768.3213   17.8567
    7.5000   37.5000    0.000012763.0400   17.8839
   -7.5000   45.0000    0.000011823.4443   17.4942
    0.0000   45.0000    0.000012435.5996   17.4831
    7.5000   45.0000    0.000011549.3652   17.5170
   -7.5000  -45.0000    7.500010914.1699   18.1544
    0.0000  -45.0000    7.500011414.0664   18.1478
    7.5000  -45.0000    7.500010865.9961   18.1867
   -7.5000  -37.5000    7.500011642.3174   18.1077
    0.0000  -37.5000    7.500012194.8682   18.1046
    7.5000  -37.5000    7.500011573.8271   18.1402
   -7.5000  -30.0000    7.500012887.2549   18.0755
    0.0000  -30.0000    7.500013561.8125   18.0679
    7.5000  -30.0000    7.500012801.2734   18.0964
   -7.5000  -22.5000    7.500014150.3223   18.0775
    0.0000  -22.5000    7.500015006.9102   18.0610
    7.5000  -22.5000    7.500014021.9229   18.0847
   -7.5000  -15.0000    7.500015213.9043   18.0940
    0.0000  -15.0000    7.500016040.9072   18.0728
    7.5000  -15.0000    7.500014900.9297   18.0979
   -7.5000   -7.5000    7.500016081.8516   18.1033
    0.0000   -7.5000    7.500016885.7090   18.0871
    7.5000   -7.5000    7.500015620.3379   18.1198
   -7.5000    0.0000    7.500016777.2148   18.0991
    0.0000    0.0000    7.500017674.9375   18.0920
    7.5000    0.0000    7.500016231.7568   18.1304
   -7.5000    7.5000    7.500016121.8418   18.0824
    0.0000    7.5000    7.500017030.8887   18.0790
    7.5000    7.5000    7.500015640.5088   18.1145
   -7.5000   15.0000    7.500015214.8115   18.0700
    0.0000   15.0000    7.500016115.1475   18.0624
    7.5000   15.0000    7.500014827.0586   18.0908
   -7.5000   22.5000    7.500014165.5371   18.0691
    0.0000   22.5000    7.500014978.8506   18.0527
    7.5000   22.5000    7.500013848.6553   18.0764
   -7.5000   30.0000    7.500013089.0449   17.8598
    0.0000   30.0000    7.500013824.3711   17.8389
    7.5000   30.0000    7.500012843.3770   17.8637
   -7.5000   37.5000    7.500012449.8984   17.8705
    0.0000   37.5000    7.500013120.3838   17.8546
    7.5000   37.5000    7.500012258.1338   17.8868
   -7.5000   45.0000    7.500011229.6719   17.4892
    0.0000   45.0000    7.500011822.8291   17.4823
    7.5000   45.0000    7.500011080.0918   17.5195
   -7.5000  -45.0000   15.000010255.8975   18.1593
    0.0000  -45.0000   15.000010851.9219   18.1536
    7.5000  -45.0000   15.000010199.5742   18.1939
   -7.5000  -37.5000   15.000010965.0957   18.1192
    0.0000  -37.5000   15.000011561.9189   18.1157
    7.5000  -37.5000   15.000010857.0508   18.1529
   -7.5000  -30.0000   15.000012123.8906   18.0896
    0.0000  -30.0000   15.000012790.0742   18.0844
    7.5000  -30.0000   15.000011991.1035   18.1169
   -7.5000  -22.5000   15.000013218.6260   18.0867
    0.0000  -22.5000   15.000013912.8457   18.0763
    7.5000  -22.5000   15.000013038.7207   18.1063
   -7.5000  -15.0000   15.000014100.0322   18.0963
    0.0000  -15.0000   15.000014721.5488   18.0824
    7.5000  -15.0000   15.000013836.7900   18.1138
   -7.5000   -7.5000   15.000014847.6729   18.1039
    0.0000   -7.5000   15.000015493.5684   18.0927
    7.5000   -7.5000   15.000014569.9873   18.1291
   -7.5000    0.0000   15.000015484.8096   18.1041
    0.0000    0.0000   15.000016249.3789   18.0979
    7.5000    0.0000   15.000015255.8330   18.1376
   -7.5000    7.5000   15.000014918.5635   18.0941
    0.0000    7.5000   15.000015720.8545   18.0903
    7.5000    7.5000   15.000014759.6104   18.1273
   -7.5000   15.0000   15.000014160.4199   18.0843
    0.0000   15.0000   15.000014940.6045   18.0790
    7.5000   15.0000   15.000014034.2412   18.1113
   -7.5000   22.5000   15.000013227.8994   18.0783
    0.0000   22.5000   15.000013933.4170   18.0680
    7.5000   22.5000   15.000013096.0029   18.0979
   -7.5000   30.0000   15.000012225.4014   17.8621
    0.0000   30.0000   15.000012887.7568   17.8484
    7.5000   30.0000   15.000012098.4883   17.8793
   -7.5000   37.5000   15.000011615.4316   17.8709
    0.0000   37.5000   15.000012212.0742   17.8599
    7.5000   37.5000   15.000011470.4414   17.8958
   -7.5000   45.0000   15.000010469.8086   17.4951
    0.0000   45.0000   15.000011014.4736   17.4890
    7.5000   45.0000   15.000010361.9326   17.5276
   -7.5000  -45.0000   22.5000 9484.0312   18.2003
    0.0000  -45.0000   22.500010066.4082   18.1922
    7.5000  -45.0000   22.5000 9457.9297   18.2298
   -7.5000  -37.5000   22.500010121.8760   18.1606
    0.0000  -37.5000   22.500010664.4717   18.1541
    7.5000  -37.5000   22.500010070.5889   18.1877
   -7.5000  -30.0000   22.500011116.8145   18.1272
    0.0000  -30.0000   22.500011680.2588   18.1207
    7.5000  -30.0000   22.500011079.9453   18.1497
   -7.5000  -22.5000   22.500012001.7412   18.1192
    0.0000  -22.5000   22.500012561.9414   18.1102
    7.5000  -22.5000   22.500011958.3086   18.1388
   -7.5000  -15.0000   22.500012756.7246   18.1292
    0.0000  -15.0000   22.500013281.8789   18.1176
    7.5000  -15.0000   22.500012679.6240   18.1484
   -7.5000   -7.5000   22.500013425.0635   18.1413
    0.0000   -7.5000   22.500013990.6367   18.1303
    7.5000   -7.5000   22.500013358.7959   18.1649
   -7.5000    0.0000   22.500014006.7441   18.1449
    0.0000    0.0000   22.500014629.6699   18.1363
    7.5000    0.0000   22.500013955.7432   18.1733
   -7.5000    7.5000   22.500013517.4873   18.1355
    0.0000    7.5000   22.500014141.0781   18.1288
    7.5000    7.5000   22.500013483.3047   18.1620
   -7.5000   15.0000   22.500012893.6104   18.1219
    0.0000   15.0000   22.500013500.9863   18.1153
    7.5000   15.0000   22.500012836.3838   18.1441
   -7.5000   22.5000   22.500012088.3330   18.1108
    0.0000   22.5000   22.500012675.6543   18.1019
    7.5000   22.5000   22.500012018.9609   18.1304
   -7.5000   30.0000   22.500011215.4014   17.8946
    0.0000   30.0000   22.500011760.8398   17.8832
    7.5000   30.0000   22.500011130.5449   17.9136
   -7.5000   37.5000   22.500010652.3076   17.9076
    0.0000   37.5000   22.500011134.2832   17.8967
    7.5000   37.5000   22.500010535.1348   17.9309
   -7.5000   45.0000   22.5000 9619.6855   17.5342
    0.0000   45.0000   22.500010082.3896   17.5259
    7.5000   45.0000   22.5000 9528.5137   17.5620
   -7.5000  -45.0000   30.0000 8625.2207   18.4641
    0.0000  -45.0000   30.0000 9101.1025   18.4506
    7.5000  -45.0000   30.0000 8630.2109   18.4846
   -7.5000  -37.5000   30.0000 9215.0146   18.4187
    0.0000  -37.5000   30.0000 9650.7402   18.4072
    7.5000  -37.5000   30.0000 9185.2500   18.4361
   -7.5000  -30.0000   30.000010096.2402   18.3798
    0.0000  -30.0000   30.000010559.5654   18.3680
    7.5000  -30.0000   30.000010084.4072   18.3900
   -7.5000  -22.5000   30.000010898.4043   18.3720
    0.0000  -22.5000   30.000011365.6406   18.3571
    7.5000  -22.5000   30.000010873.6963   18.3787
   -7.5000  -15.0000   30.000011606.4238   18.3883
    0.0000  -15.0000   30.000012064.3828   18.3706
    7.5000  -15.0000   30.000011541.6924   18.3956
   -7.5000   -7.5000   30.000012227.1992   18.4051
    0.0000   -7.5000   30.000012728.6875   18.3878
    7.5000   -7.5000   30.000012170.0605   18.4178
   -7.5000    0.0000   30.000012746.0762   18.4070
    0.0000    0.0000   30.000013308.6582   18.3930
    7.5000    0.0000   30.000012702.3271   18.4264
   -7.5000    7.5000   30.000012318.4902   18.3927
    0.0000    7.5000   30.000012845.9756   18.3810
    7.5000    7.5000   30.000012261.2139   18.4095
   -7.5000   15.0000   30.000011750.7861   18.3743
    0.0000   15.0000   30.000012279.1611   18.3623
    7.5000   15.0000   30.000011684.8164   18.3842
   -7.5000   22.5000   30.000011015.2656   18.3636
    0.0000   22.5000   30.000011546.1387   18.3486
    7.5000   22.5000   30.000010958.1016   18.3702
   -7.5000   30.0000   30.000010194.1875   18.1504
    0.0000   30.0000   30.000010678.5342   18.1329
    7.5000   30.0000   30.000010113.9971   18.1575
   -7.5000   37.5000   30.0000 9650.1152   18.1680
    0.0000   37.5000   30.000010096.3672   18.1509
    7.5000   37.5000   30.0000 9554.2305   18.1806
   -7.5000   45.0000   30.0000 8762.5840   17.7868
    0.0000   45.0000   30.0000 9163.8027   17.7734
    7.5000   45.0000   30.0000 8666.4307   17.8060
   -7.5000  -45.0000   37.5000 8224.6152   19.1133
    0.0000  -45.0000   37.5000 8627.1416   19.0968
    7.5000  -45.0000   37.5000 8207.6855   19.1327
   -7.5000  -37.5000   37.5000 8790.3760   19.0585
    0.0000  -37.5000   37.5000 9185.3135   19.0464
    7.5000  -37.5000   37.5000 8755.3398   19.0773
   -7.5000  -30.0000   37.5000 9650.5684   19.0151
    0.0000  -30.0000   37.500010073.1904   18.9999
    7.5000  -30.0000   37.5000 9616.2744   19.0210
   -7.5000  -22.5000   37.500010447.3574   19.0124
    0.0000  -22.5000   37.500010878.9629   18.9890
    7.5000  -22.5000   37.500010401.5420   19.0063
   -7.5000  -15.0000   37.500011149.9912   19.0363
    0.0000  -15.0000   37.500011588.6934   19.0074
    7.5000  -15.0000   37.500011065.6309   19.0275
   -7.5000   -7.5000   37.500011746.4023   19.0547
    0.0000   -7.5000   37.500012224.3359   19.0291
    7.5000   -7.5000   37.500011666.4307   19.0576
   -7.5000    0.0000   37.500012228.1064   19.0521
    0.0000    0.0000   37.500012755.5684   19.0350
    7.5000    0.0000   37.500012161.3604   19.0702
   -7.5000    7.5000   37.500011809.3916   19.0304
    0.0000    7.5000   37.500012323.1709   19.0181
    7.5000    7.5000   37.500011725.5371   19.0486
   -7.5000   15.0000   37.500011280.1533   19.0090
    0.0000   15.0000   37.500011801.9521   18.9937
    7.5000   15.0000   37.500011187.3145   19.0148
   -7.5000   22.5000   37.500010606.3984   19.0036
    0.0000   22.5000   37.500011117.2549   18.9802
    7.5000   22.5000   37.500010508.1104   18.9975
   -7.5000   30.0000   37.5000 9802.1924   18.7900
    0.0000   30.0000   37.500010286.5303   18.7614
    7.5000   30.0000   37.5000 9707.7031   18.7812
   -7.5000   37.5000   37.5000 9272.5410   18.8096
    0.0000   37.5000   37.5000 9720.2764   18.7843
    7.5000   37.5000   37.5000 9183.0645   18.8124
   -7.5000   45.0000   37.5000 8431.6875   18.4107
    0.0000   45.0000   37.5000 8816.7988   18.3944
    7.5000   45.0000   37.5000 8350.8623   18.4286
   -7.5000  -45.0000   45.0000 7496.8682   19.7933
    0.0000  -45.0000   45.0000 7834.6353   19.7836
    7.5000  -45.0000   45.0000 7451.3857   19.8274
   -7.5000  -37.5000   45.0000 8022.9424   19.7331
    0.0000  -37.5000   45.0000 8386.4072   19.7280
    7.5000  -37.5000   45.0000 7976.1362   19.7671
   -7.5000  -30.0000   45.0000 8814.9551   19.6901
    0.0000  -30.0000   45.0000 9205.6367   19.6770
    7.5000  -30.0000   45.0000 8757.1543   19.7041
   -7.5000  -22.5000   45.0000 9558.0039   19.6927
    0.0000  -22.5000   45.0000 9966.0410   19.6661
    7.5000  -22.5000   45.0000 9496.4316   19.6859
   -7.5000  -15.0000   45.000010206.7236   19.7187
    0.0000  -15.0000   45.000010623.7148   19.6857
    7.5000  -15.0000   45.000010118.8838   19.7079
   -7.5000   -7.5000   45.000010741.7500   19.7338
    0.0000   -7.5000   45.000011211.2539   19.7094
    7.5000   -7.5000   45.000010669.5273   19.7431
   -7.5000    0.0000   45.000011167.9082   19.7271
    0.0000    0.0000   45.000011678.5029   19.7168
    7.5000    0.0000   45.000011109.0371   19.7599
   -7.5000    7.5000   45.000010791.3691   19.7027
    0.0000    7.5000   45.000011301.7998   19.6973
    7.5000    7.5000   45.000010715.8672   19.7361
   -7.5000   15.0000   45.000010318.3760   19.6834
    0.0000   15.0000   45.000010837.7725   19.6702
    7.5000   15.0000   45.000010268.0742   19.6972
   -7.5000   22.5000   45.0000 9734.2764   19.6836
    0.0000   22.5000   45.000010221.1816   19.6570
    7.5000   22.5000   45.0000 9653.8027   19.6767
   -7.5000   30.0000   45.0000 9011.2578   19.4618
    0.0000   30.0000   45.0000 9456.9922   19.4293
    7.5000   30.0000   45.0000 8923.9502   19.4511
   -7.5000   37.5000   45.0000 8540.7217   19.4785
    0.0000   37.5000   45.0000 8951.5039   19.4544
    7.5000   37.5000   45.0000 8463.9209   19.4877
   -7.5000   45.0000   45.0000 7772.2686   19.0722
    0.0000   45.0000   45.0000 8128.5225   19.0623
    7.5000   45.0000   45.0000 7703.7769   19.1042

---------------------------------------------------------------------
imgreg_4dfp /opt/freesurfer/average/711-2C_as_mni_average_305 /opt/freesurfer/average/711-2B_as_mni_average_305_mask talsrcimg_g11 none talsrcimg_to_711-2C_as_mni_average_305_t4 4355
---------------------------------------------------------------------

freesurfer imgreg_4dfp.c
/opt/freesurfer/average/711-2C_as_mni_average_305.4dfp.img
       256       256       256         1
  1.000000  1.000000  1.000000
orientation T byte_order littleendian
Reading image: /opt/freesurfer/average/711-2C_as_mni_average_305.4dfp.img
dimensions:      256       256       256
mmppix:       1.0000   -1.0000   -1.0000
center:     128.0000 -129.0000 -129.0000
/opt/freesurfer/average/711-2B_as_mni_average_305_mask.4dfp.img
       256       256       256         1
  1.000000  1.000000  1.000000
orientation T byte_order littleendian
Reading mask: /opt/freesurfer/average/711-2B_as_mni_average_305_mask.4dfp.img (2306576 pixels)
talsrcimg_g11.4dfp.img
       256       256       256         1
  1.000000  1.000000  1.000000
orientation T byte_order littleendian
Reading image: talsrcimg_g11.4dfp.img
dimensions:      256       256       256
mmppix:       1.0000   -1.0000   -1.0000
center:     128.0000 -129.0000 -129.0000
rotation matrix determinant  1.000000
image alignment mode   4355 decimal     1103 hex
   -7.5000  -45.0000  -45.0000 2212.0701   17.0061
    0.0000  -45.0000  -45.0000 2219.8157   17.0874
    7.5000  -45.0000  -45.0000 2200.2764   17.1258
   -7.5000  -37.5000  -45.0000 2304.2595   15.6099
    0.0000  -37.5000  -45.0000 2307.7024   15.6450
    7.5000  -37.5000  -45.0000 2281.2224   15.7161
   -7.5000  -30.0000  -45.0000 2374.2866   14.6374
    0.0000  -30.0000  -45.0000 2377.5813   14.6170
    7.5000  -30.0000  -45.0000 2349.5808   14.7322
   -7.5000  -22.5000  -45.0000 2422.1633   14.0275
    0.0000  -22.5000  -45.0000 2421.9253   13.9733
    7.5000  -22.5000  -45.0000 2395.9917   14.0952
   -7.5000  -15.0000  -45.0000 2446.0354   13.6956
    0.0000  -15.0000  -45.0000 2450.8547   13.6177
    7.5000  -15.0000  -45.0000 2420.0396   13.7579
   -7.5000   -7.5000  -45.0000 2453.4138   13.6167
    0.0000   -7.5000  -45.0000 2455.6772   13.5203
    7.5000   -7.5000  -45.0000 2431.2000   13.6939
   -7.5000    0.0000  -45.0000 2444.3210   13.7694
    0.0000    0.0000  -45.0000 2445.9717   13.6762
    7.5000    0.0000  -45.0000 2424.8967   13.8885
   -7.5000    7.5000  -45.0000 2407.1311   14.1731
    0.0000    7.5000  -45.0000 2410.9375   14.1231
    7.5000    7.5000  -45.0000 2388.2732   14.3159
   -7.5000   15.0000  -45.0000 2346.6978   14.8214
    0.0000   15.0000  -45.0000 2355.1602   14.7837
    7.5000   15.0000  -45.0000 2329.6719   14.9671
   -7.5000   22.5000  -45.0000 2274.2625   15.8335
    0.0000   22.5000  -45.0000 2281.7341   15.7819
    7.5000   22.5000  -45.0000 2256.2986   15.9227
   -7.5000   30.0000  -45.0000 2181.2915   17.2669
    0.0000   30.0000  -45.0000 2190.5620   17.2232
    7.5000   30.0000  -45.0000 2167.5671   17.3615
   -7.5000   37.5000  -45.0000 2068.2729   19.2118
    0.0000   37.5000  -45.0000 2080.8401   19.1780
    7.5000   37.5000  -45.0000 2058.6431   19.3045
   -7.5000   45.0000  -45.0000 1948.8800   21.7876
    0.0000   45.0000  -45.0000 1960.6049   21.7544
    7.5000   45.0000  -45.0000 1937.4310   21.8857
   -7.5000  -45.0000  -37.5000 2281.2649   16.1617
    0.0000  -45.0000  -37.5000 2288.3264   16.1985
    7.5000  -45.0000  -37.5000 2264.4673   16.2752
   -7.5000  -37.5000  -37.5000 2373.7070   14.8130
    0.0000  -37.5000  -37.5000 2381.0005   14.7967
    7.5000  -37.5000  -37.5000 2353.2451   14.9067
   -7.5000  -30.0000  -37.5000 2451.5334   13.7860
    0.0000  -30.0000  -37.5000 2457.5271   13.7605
    7.5000  -30.0000  -37.5000 2429.3745   13.8867
   -7.5000  -22.5000  -37.5000 2504.3245   13.1618
    0.0000  -22.5000  -37.5000 2503.2910   13.0970
    7.5000  -22.5000  -37.5000 2480.5085   13.2241
   -7.5000  -15.0000  -37.5000 2536.6748   12.8013
    0.0000  -15.0000  -37.5000 2536.2798   12.6900
    7.5000  -15.0000  -37.5000 2512.9912   12.8275
   -7.5000   -7.5000  -37.5000 2550.1199   12.7474
    0.0000   -7.5000  -37.5000 2545.4573   12.6450
    7.5000   -7.5000  -37.5000 2524.7537   12.8138
   -7.5000    0.0000  -37.5000 2538.8267   12.9107
    0.0000    0.0000  -37.5000 2538.1289   12.8346
    7.5000    0.0000  -37.5000 2514.9221   13.0112
   -7.5000    7.5000  -37.5000 2500.9009   13.2981
    0.0000    7.5000  -37.5000 2504.0530   13.2402
    7.5000    7.5000  -37.5000 2479.1704   13.4059
   -7.5000   15.0000  -37.5000 2440.8494   13.8481
    0.0000   15.0000  -37.5000 2444.6755   13.8276
    7.5000   15.0000  -37.5000 2418.5593   13.9719
   -7.5000   22.5000  -37.5000 2360.6714   14.7168
    0.0000   22.5000  -37.5000 2369.6223   14.6692
    7.5000   22.5000  -37.5000 2346.5127   14.8202
   -7.5000   30.0000  -37.5000 2261.2229   15.9979
    0.0000   30.0000  -37.5000 2275.6311   15.9112
    7.5000   30.0000  -37.5000 2250.9944   16.0730
   -7.5000   37.5000  -37.5000 2141.5085   17.7807
    0.0000   37.5000  -37.5000 2156.0935   17.7149
    7.5000   37.5000  -37.5000 2132.6099   17.8788
   -7.5000   45.0000  -37.5000 2015.0121   20.1355
    0.0000   45.0000  -37.5000 2029.2373   20.1144
    7.5000   45.0000  -37.5000 2004.5924   20.3009
   -7.5000  -45.0000  -30.0000 2381.0850   15.8863
    0.0000  -45.0000  -30.0000 2391.8645   15.8684
    7.5000  -45.0000  -30.0000 2361.6887   16.0623
   -7.5000  -37.5000  -30.0000 2477.4958   14.5306
    0.0000  -37.5000  -30.0000 2484.0591   14.4793
    7.5000  -37.5000  -30.0000 2455.4097   14.6600
   -7.5000  -30.0000  -30.0000 2566.9270   13.4806
    0.0000  -30.0000  -30.0000 2569.2800   13.4413
    7.5000  -30.0000  -30.0000 2541.2078   13.5845
   -7.5000  -22.5000  -30.0000 2631.0940   12.7943
    0.0000  -22.5000  -30.0000 2629.9792   12.7149
    7.5000  -22.5000  -30.0000 2606.4382   12.8490
   -7.5000  -15.0000  -30.0000 2670.7517   12.3653
    0.0000  -15.0000  -30.0000 2667.2166   12.2872
    7.5000  -15.0000  -30.0000 2648.3628   12.4237
   -7.5000   -7.5000  -30.0000 2687.1646   12.3079
    0.0000   -7.5000  -30.0000 2684.1724   12.2407
    7.5000   -7.5000  -30.0000 2659.3257   12.3776
   -7.5000    0.0000  -30.0000 2669.2932   12.5052
    0.0000    0.0000  -30.0000 2676.2471   12.4378
    7.5000    0.0000  -30.0000 2652.0190   12.6080
   -7.5000    7.5000  -30.0000 2635.8823   12.8608
    0.0000    7.5000  -30.0000 2644.5969   12.8281
    7.5000    7.5000  -30.0000 2620.9084   12.9994
   -7.5000   15.0000  -30.0000 2569.7432   13.4082
    0.0000   15.0000  -30.0000 2579.1296   13.3746
    7.5000   15.0000  -30.0000 2560.2305   13.5577
   -7.5000   22.5000  -30.0000 2488.7485   14.2209
    0.0000   22.5000  -30.0000 2495.3660   14.1397
    7.5000   22.5000  -30.0000 2481.9807   14.3517
   -7.5000   30.0000  -30.0000 2387.1130   15.4034
    0.0000   30.0000  -30.0000 2394.3528   15.2897
    7.5000   30.0000  -30.0000 2383.5928   15.5213
   -7.5000   37.5000  -30.0000 2256.0698   17.1087
    0.0000   37.5000  -30.0000 2263.6096   16.9881
    7.5000   37.5000  -30.0000 2247.1980   17.2184
   -7.5000   45.0000  -30.0000 2112.4785   19.3998
    0.0000   45.0000  -30.0000 2126.4556   19.3257
    7.5000   45.0000  -30.0000 2106.9727   19.5289
   -7.5000  -45.0000  -22.5000 2445.6841   15.5893
    0.0000  -45.0000  -22.5000 2454.3032   15.5517
    7.5000  -45.0000  -22.5000 2431.4832   15.7504
   -7.5000  -37.5000  -22.5000 2549.9587   14.2096
    0.0000  -37.5000  -22.5000 2558.4773   14.1549
    7.5000  -37.5000  -22.5000 2535.5525   14.3425
   -7.5000  -30.0000  -22.5000 2638.2563   13.1684
    0.0000  -30.0000  -22.5000 2649.2100   13.1260
    7.5000  -30.0000  -22.5000 2625.3127   13.2745
   -7.5000  -22.5000  -22.5000 2713.6946   12.4317
    0.0000  -22.5000  -22.5000 2720.7441   12.3709
    7.5000  -22.5000  -22.5000 2697.7021   12.5063
   -7.5000  -15.0000  -22.5000 2760.4290   11.9288
    0.0000  -15.0000  -22.5000 2763.1433   11.8802
    7.5000  -15.0000  -22.5000 2741.5127   12.0368
   -7.5000   -7.5000  -22.5000 2785.3484   11.8381
    0.0000   -7.5000  -22.5000 2788.3765   11.7837
    7.5000   -7.5000  -22.5000 2763.3992   11.9493
   -7.5000    0.0000  -22.5000 2773.5234   12.0196
    0.0000    0.0000  -22.5000 2782.7612   11.9665
    7.5000    0.0000  -22.5000 2759.1663   12.1566
   -7.5000    7.5000  -22.5000 2737.7014   12.3858
    0.0000    7.5000  -22.5000 2754.0500   12.3347
    7.5000    7.5000  -22.5000 2732.2202   12.5303
   -7.5000   15.0000  -22.5000 2671.9131   12.9386
    0.0000   15.0000  -22.5000 2679.9385   12.8680
    7.5000   15.0000  -22.5000 2672.0444   13.0902
   -7.5000   22.5000  -22.5000 2587.5139   13.7547
    0.0000   22.5000  -22.5000 2595.4741   13.6220
    7.5000   22.5000  -22.5000 2588.7173   13.8605
   -7.5000   30.0000  -22.5000 2480.6567   14.8999
    0.0000   30.0000  -22.5000 2487.6160   14.7244
    7.5000   30.0000  -22.5000 2477.2351   14.9716
   -7.5000   37.5000  -22.5000 2339.4585   16.5533
    0.0000   37.5000  -22.5000 2350.6299   16.4054
    7.5000   37.5000  -22.5000 2335.3425   16.6423
   -7.5000   45.0000  -22.5000 2192.5510   18.7640
    0.0000   45.0000  -22.5000 2209.7195   18.6826
    7.5000   45.0000  -22.5000 2191.0774   18.8618
   -7.5000  -45.0000  -15.0000 2465.1223   15.4198
    0.0000  -45.0000  -15.0000 2477.4705   15.3194
    7.5000  -45.0000  -15.0000 2458.1685   15.5865
   -7.5000  -37.5000  -15.0000 2579.1211   14.0179
    0.0000  -37.5000  -15.0000 2593.3315   13.9589
    7.5000  -37.5000  -15.0000 2568.1724   14.1599
   -7.5000  -30.0000  -15.0000 2674.3311   12.9573
    0.0000  -30.0000  -15.0000 2687.8240   12.9204
    7.5000  -30.0000  -15.0000 2662.0339   13.0896
   -7.5000  -22.5000  -15.0000 2752.0122   12.2267
    0.0000  -22.5000  -15.0000 2766.0508   12.1764
    7.5000  -22.5000  -15.0000 2744.1650   12.3223
   -7.5000  -15.0000  -15.0000 2802.9822   11.6781
    0.0000  -15.0000  -15.0000 2816.8518   11.6136
    7.5000  -15.0000  -15.0000 2795.2019   11.8305
   -7.5000   -7.5000  -15.0000 2836.9751   11.4818
    0.0000   -7.5000  -15.0000 2845.7246   11.4113
    7.5000   -7.5000  -15.0000 2826.1765   11.6630
   -7.5000    0.0000  -15.0000 2834.0496   11.6181
    0.0000    0.0000  -15.0000 2839.7808   11.5602
    7.5000    0.0000  -15.0000 2825.0837   11.8123
   -7.5000    7.5000  -15.0000 2798.5264   11.9947
    0.0000    7.5000  -15.0000 2810.9355   11.9202
    7.5000    7.5000  -15.0000 2801.1572   12.1706
   -7.5000   15.0000  -15.0000 2734.3848   12.5756
    0.0000   15.0000  -15.0000 2743.4016   12.4454
    7.5000   15.0000  -15.0000 2740.0964   12.7202
   -7.5000   22.5000  -15.0000 2643.5784   13.3958
    0.0000   22.5000  -15.0000 2654.6094   13.2380
    7.5000   22.5000  -15.0000 2648.2346   13.5337
   -7.5000   30.0000  -15.0000 2531.3264   14.5287
    0.0000   30.0000  -15.0000 2543.7651   14.3656
    7.5000   30.0000  -15.0000 2530.7515   14.6463
   -7.5000   37.5000  -15.0000 2398.2102   16.1344
    0.0000   37.5000  -15.0000 2412.4719   16.0272
    7.5000   37.5000  -15.0000 2395.0029   16.2539
   -7.5000   45.0000  -15.0000 2242.2942   18.2311
    0.0000   45.0000  -15.0000 2261.9634   18.2011
    7.5000   45.0000  -15.0000 2238.8821   18.3651
   -7.5000  -45.0000   -7.5000 2464.0334   15.3962
    0.0000  -45.0000   -7.5000 2469.4895   15.2494
    7.5000  -45.0000   -7.5000 2454.5449   15.5317
   -7.5000  -37.5000   -7.5000 2584.0728   13.9781
    0.0000  -37.5000   -7.5000 2592.4585   13.8607
    7.5000  -37.5000   -7.5000 2570.6758   14.0908
   -7.5000  -30.0000   -7.5000 2685.8489   12.9049
    0.0000  -30.0000   -7.5000 2692.6694   12.8086
    7.5000  -30.0000   -7.5000 2671.2612   13.0329
   -7.5000  -22.5000   -7.5000 2772.3606   12.1525
    0.0000  -22.5000   -7.5000 2777.4482   12.1000
    7.5000  -22.5000   -7.5000 2757.2656   12.2406
   -7.5000  -15.0000   -7.5000 2824.8457   11.6043
    0.0000  -15.0000   -7.5000 2838.4915   11.5632
    7.5000  -15.0000   -7.5000 2815.7336   11.7263
   -7.5000   -7.5000   -7.5000 2858.4832   11.2864
    0.0000   -7.5000   -7.5000 2870.2048   11.1848
    7.5000   -7.5000   -7.5000 2852.4834   11.4699
   -7.5000    0.0000   -7.5000 2857.8105   11.3335
    0.0000    0.0000   -7.5000 2865.4551   11.2091
    7.5000    0.0000   -7.5000 2857.0012   11.5455
   -7.5000    7.5000   -7.5000 2828.3970   11.7258
    0.0000    7.5000   -7.5000 2835.9863   11.5595
    7.5000    7.5000   -7.5000 2830.2566   11.8941
   -7.5000   15.0000   -7.5000 2769.5071   12.3443
    0.0000   15.0000   -7.5000 2776.8335   12.1920
    7.5000   15.0000   -7.5000 2771.0225   12.4879
   -7.5000   22.5000   -7.5000 2677.0481   13.1828
    0.0000   22.5000   -7.5000 2688.3511   13.0513
    7.5000   22.5000   -7.5000 2677.7905   13.2764
   -7.5000   30.0000   -7.5000 2562.8198   14.3157
    0.0000   30.0000   -7.5000 2572.8005   14.2122
    7.5000   30.0000   -7.5000 2555.5696   14.3807
   -7.5000   37.5000   -7.5000 2427.1196   15.8828
    0.0000   37.5000   -7.5000 2440.4209   15.7689
    7.5000   37.5000   -7.5000 2422.8794   15.9327
   -7.5000   45.0000   -7.5000 2270.2654   17.9385
    0.0000   45.0000   -7.5000 2282.7507   17.8559
    7.5000   45.0000   -7.5000 2261.4712   17.9978
   -7.5000  -45.0000    0.0000 2430.8694   15.5590
    0.0000  -45.0000    0.0000 2433.5732   15.3380
    7.5000  -45.0000    0.0000 2421.9099   15.6205
   -7.5000  -37.5000    0.0000 2554.8074   14.1053
    0.0000  -37.5000    0.0000 2558.1797   13.9332
    7.5000  -37.5000    0.0000 2542.0884   14.1980
   -7.5000  -30.0000    0.0000 2662.4939   13.0361
    0.0000  -30.0000    0.0000 2668.2847   12.9050
    7.5000  -30.0000    0.0000 2650.5481   13.1485
   -7.5000  -22.5000    0.0000 2757.7571   12.2983
    0.0000  -22.5000    0.0000 2762.4929   12.2267
    7.5000  -22.5000    0.0000 2747.3303   12.3852
   -7.5000  -15.0000    0.0000 2815.3816   11.7292
    0.0000  -15.0000    0.0000 2834.1846   11.7022
    7.5000  -15.0000    0.0000 2817.0945   11.8279
   -7.5000   -7.5000    0.0000 2851.4409   11.3979
    0.0000   -7.5000    0.0000 2869.3030   11.2620
    7.5000   -7.5000    0.0000 2851.7485   11.5246
   -7.5000    0.0000    0.0000 2862.9150   11.3926
    0.0000    0.0000    0.0000 2872.5308   11.2072
    7.5000    0.0000    0.0000 2854.3203   11.5027
   -7.5000    7.5000    0.0000 2839.2612   11.7170
    0.0000    7.5000    0.0000 2853.2112   11.5845
    7.5000    7.5000    0.0000 2829.1570   11.7699
   -7.5000   15.0000    0.0000 2778.5842   12.3049
    0.0000   15.0000    0.0000 2793.0078   12.2157
    7.5000   15.0000    0.0000 2767.7590   12.3244
   -7.5000   22.5000    0.0000 2684.1714   13.1871
    0.0000   22.5000    0.0000 2698.6560   13.0778
    7.5000   22.5000    0.0000 2672.8638   13.1494
   -7.5000   30.0000    0.0000 2568.7974   14.3550
    0.0000   30.0000    0.0000 2578.9275   14.2559
    7.5000   30.0000    0.0000 2555.3035   14.3024
   -7.5000   37.5000    0.0000 2433.8994   15.9141
    0.0000   37.5000    0.0000 2448.1367   15.8087
    7.5000   37.5000    0.0000 2422.5476   15.8574
   -7.5000   45.0000    0.0000 2276.8687   17.9309
    0.0000   45.0000    0.0000 2294.4688   17.8930
    7.5000   45.0000    0.0000 2266.9075   17.9231
   -7.5000  -45.0000    7.5000 2385.5681   15.9219
    0.0000  -45.0000    7.5000 2393.1624   15.6920
    7.5000  -45.0000    7.5000 2384.3921   16.0050
   -7.5000  -37.5000    7.5000 2507.7239   14.4380
    0.0000  -37.5000    7.5000 2515.4475   14.2495
    7.5000  -37.5000    7.5000 2505.6084   14.5242
   -7.5000  -30.0000    7.5000 2621.8213   13.3902
    0.0000  -30.0000    7.5000 2630.9136   13.2401
    7.5000  -30.0000    7.5000 2618.0361   13.4399
   -7.5000  -22.5000    7.5000 2725.7869   12.6994
    0.0000  -22.5000    7.5000 2738.5369   12.6020
    7.5000  -22.5000    7.5000 2720.0129   12.6995
   -7.5000  -15.0000    7.5000 2808.3262   12.1849
    0.0000  -15.0000    7.5000 2826.0901   12.0612
    7.5000  -15.0000    7.5000 2792.9348   12.1207
   -7.5000   -7.5000    7.5000 2861.7190   11.9006
    0.0000   -7.5000    7.5000 2874.1873   11.6765
    7.5000   -7.5000    7.5000 2837.1377   11.7983
   -7.5000    0.0000    7.5000 2874.6267   11.8491
    0.0000    0.0000    7.5000 2897.3347   11.7021
    7.5000    0.0000    7.5000 2848.7046   11.7508
   -7.5000    7.5000    7.5000 2841.0281   12.0722
    0.0000    7.5000    7.5000 2868.9346   11.9951
    7.5000    7.5000    7.5000 2824.9451   12.0202
   -7.5000   15.0000    7.5000 2769.3652   12.5788
    0.0000   15.0000    7.5000 2793.3091   12.5118
    7.5000   15.0000    7.5000 2758.1448   12.5510
   -7.5000   22.5000    7.5000 2675.8792   13.4116
    0.0000   22.5000    7.5000 2691.3884   13.2902
    7.5000   22.5000    7.5000 2667.3191   13.3652
   -7.5000   30.0000    7.5000 2559.7466   14.5575
    0.0000   30.0000    7.5000 2572.4688   14.4439
    7.5000   30.0000    7.5000 2552.5710   14.5384
   -7.5000   37.5000    7.5000 2422.0410   16.0740
    0.0000   37.5000    7.5000 2436.1394   15.9799
    7.5000   37.5000    7.5000 2417.8096   16.0565
   -7.5000   45.0000    7.5000 2257.3279   18.0943
    0.0000   45.0000    7.5000 2273.1025   18.0220
    7.5000   45.0000    7.5000 2257.1812   18.1269
   -7.5000  -45.0000   15.0000 2334.3098   16.6767
    0.0000  -45.0000   15.0000 2349.5144   16.5101
    7.5000  -45.0000   15.0000 2325.1021   16.7140
   -7.5000  -37.5000   15.0000 2458.4353   15.1604
    0.0000  -37.5000   15.0000 2468.8025   15.0288
    7.5000  -37.5000   15.0000 2442.9846   15.1908
   -7.5000  -30.0000   15.0000 2577.6479   14.0871
    0.0000  -30.0000   15.0000 2587.6917   13.9653
    7.5000  -30.0000   15.0000 2557.8174   14.0679
   -7.5000  -22.5000   15.0000 2684.0066   13.3413
    0.0000  -22.5000   15.0000 2691.6521   13.2002
    7.5000  -22.5000   15.0000 2662.2710   13.2735
   -7.5000  -15.0000   15.0000 2767.9285   12.7190
    0.0000  -15.0000   15.0000 2775.2124   12.4676
    7.5000  -15.0000   15.0000 2740.6851   12.6273
   -7.5000   -7.5000   15.0000 2827.4575   12.4039
    0.0000   -7.5000   15.0000 2833.3916   12.1448
    7.5000   -7.5000   15.0000 2797.9409   12.3270
   -7.5000    0.0000   15.0000 2839.6646   12.3951
    0.0000    0.0000   15.0000 2852.2981   12.2397
    7.5000    0.0000   15.0000 2819.0747   12.3565
   -7.5000    7.5000   15.0000 2807.1252   12.6513
    0.0000    7.5000   15.0000 2822.7559   12.5269
    7.5000    7.5000   15.0000 2795.6077   12.6318
   -7.5000   15.0000   15.0000 2729.3979   13.1573
    0.0000   15.0000   15.0000 2749.3599   13.0646
    7.5000   15.0000   15.0000 2721.0574   13.1608
   -7.5000   22.5000   15.0000 2638.8127   13.9483
    0.0000   22.5000   15.0000 2654.8232   13.8046
    7.5000   22.5000   15.0000 2630.2820   13.9243
   -7.5000   30.0000   15.0000 2525.3528   15.0319
    0.0000   30.0000   15.0000 2542.0459   14.8771
    7.5000   30.0000   15.0000 2519.4585   14.9990
   -7.5000   37.5000   15.0000 2384.3909   16.5209
    0.0000   37.5000   15.0000 2394.1372   16.4036
    7.5000   37.5000   15.0000 2381.1211   16.4681
   -7.5000   45.0000   15.0000 2221.5925   18.4788
    0.0000   45.0000   15.0000 2234.2161   18.3641
    7.5000   45.0000   15.0000 2220.9897   18.4181
   -7.5000  -45.0000   22.5000 2274.8767   17.7663
    0.0000  -45.0000   22.5000 2288.8711   17.6266
    7.5000  -45.0000   22.5000 2257.7295   17.8227
   -7.5000  -37.5000   22.5000 2401.4712   16.0928
    0.0000  -37.5000   22.5000 2410.4043   15.9099
    7.5000  -37.5000   22.5000 2383.3391   16.0954
   -7.5000  -30.0000   22.5000 2517.5186   14.8626
    0.0000  -30.0000   22.5000 2522.0364   14.6267
    7.5000  -30.0000   22.5000 2500.0957   14.8416
   -7.5000  -22.5000   22.5000 2615.1602   13.9326
    0.0000  -22.5000   22.5000 2621.6128   13.6587
    7.5000  -22.5000   22.5000 2601.9458   13.9002
   -7.5000  -15.0000   22.5000 2701.6318   13.2633
    0.0000  -15.0000   22.5000 2708.7048   12.9589
    7.5000  -15.0000   22.5000 2683.5750   13.2191
   -7.5000   -7.5000   22.5000 2760.2051   12.9330
    0.0000   -7.5000   22.5000 2766.1797   12.7039
    7.5000   -7.5000   22.5000 2740.3135   12.9349
   -7.5000    0.0000   22.5000 2768.0273   12.9901
    0.0000    0.0000   22.5000 2774.0076   12.8108
    7.5000    0.0000   22.5000 2748.9351   12.9906
   -7.5000    7.5000   22.5000 2734.2046   13.2788
    0.0000    7.5000   22.5000 2741.5510   13.1073
    7.5000    7.5000   22.5000 2719.6357   13.2609
   -7.5000   15.0000   22.5000 2662.3066   13.8183
    0.0000   15.0000   22.5000 2674.2295   13.6464
    7.5000   15.0000   22.5000 2651.1331   13.7911
   -7.5000   22.5000   22.5000 2571.3032   14.6257
    0.0000   22.5000   22.5000 2587.5225   14.4559
    7.5000   22.5000   22.5000 2565.6829   14.5788
   -7.5000   30.0000   22.5000 2465.7810   15.7248
    0.0000   30.0000   22.5000 2482.8096   15.5446
    7.5000   30.0000   22.5000 2467.2017   15.6594
   -7.5000   37.5000   22.5000 2328.7974   17.2092
    0.0000   37.5000   22.5000 2336.1221   17.0331
    7.5000   37.5000   22.5000 2328.8020   17.1638
   -7.5000   45.0000   22.5000 2171.7886   19.1161
    0.0000   45.0000   22.5000 2187.3125   19.0005
    7.5000   45.0000   22.5000 2170.3643   19.1064
   -7.5000  -45.0000   30.0000 2209.8518   18.9500
    0.0000  -45.0000   30.0000 2219.6519   18.7518
    7.5000  -45.0000   30.0000 2192.1558   18.9830
   -7.5000  -37.5000   30.0000 2338.9351   17.0774
    0.0000  -37.5000   30.0000 2345.3149   16.7805
    7.5000  -37.5000   30.0000 2321.9351   17.0673
   -7.5000  -30.0000   30.0000 2446.6250   15.7156
    0.0000  -30.0000   30.0000 2456.0623   15.3729
    7.5000  -30.0000   30.0000 2439.8164   15.6923
   -7.5000  -22.5000   30.0000 2540.0676   14.7397
    0.0000  -22.5000   30.0000 2552.7815   14.3673
    7.5000  -22.5000   30.0000 2533.9033   14.6817
   -7.5000  -15.0000   30.0000 2622.3965   14.0295
    0.0000  -15.0000   30.0000 2633.8420   13.7347
    7.5000  -15.0000   30.0000 2607.8674   14.0181
   -7.5000   -7.5000   30.0000 2675.6970   13.7113
    0.0000   -7.5000   30.0000 2683.0437   13.4854
    7.5000   -7.5000   30.0000 2656.7312   13.7333
   -7.5000    0.0000   30.0000 2672.4526   13.7540
    0.0000    0.0000   30.0000 2686.5852   13.5807
    7.5000    0.0000   30.0000 2659.7139   13.7576
   -7.5000    7.5000   30.0000 2640.4434   14.0996
    0.0000    7.5000   30.0000 2646.6943   13.9137
    7.5000    7.5000   30.0000 2626.8706   14.0407
   -7.5000   15.0000   30.0000 2574.2512   14.6258
    0.0000   15.0000   30.0000 2585.0227   14.4445
    7.5000   15.0000   30.0000 2567.7742   14.5478
   -7.5000   22.5000   30.0000 2489.3511   15.3825
    0.0000   22.5000   30.0000 2509.5286   15.2090
    7.5000   22.5000   30.0000 2489.6582   15.3345
   -7.5000   30.0000   30.0000 2389.5322   16.5071
    0.0000   30.0000   30.0000 2407.6753   16.3169
    7.5000   30.0000   30.0000 2390.0063   16.4553
   -7.5000   37.5000   30.0000 2259.8789   17.9979
    0.0000   37.5000   30.0000 2274.1433   17.8443
    7.5000   37.5000   30.0000 2257.4028   17.9263
   -7.5000   45.0000   30.0000 2120.0354   19.9259
    0.0000   45.0000   30.0000 2129.8806   19.8358
    7.5000   45.0000   30.0000 2115.4385   19.9127
   -7.5000  -45.0000   37.5000 2140.7034   20.2667
    0.0000  -45.0000   37.5000 2150.8296   19.9073
    7.5000  -45.0000   37.5000 2130.2329   20.2232
   -7.5000  -37.5000   37.5000 2261.4990   18.2601
    0.0000  -37.5000   37.5000 2275.7302   17.8486
    7.5000  -37.5000   37.5000 2254.6838   18.1959
   -7.5000  -30.0000   37.5000 2367.5000   16.7773
    0.0000  -30.0000   37.5000 2386.9460   16.3687
    7.5000  -30.0000   37.5000 2366.9810   16.7240
   -7.5000  -22.5000   37.5000 2464.5715   15.7451
    0.0000  -22.5000   37.5000 2482.5176   15.3686
    7.5000  -22.5000   37.5000 2460.2019   15.6805
   -7.5000  -15.0000   37.5000 2541.1616   15.0264
    0.0000  -15.0000   37.5000 2554.1875   14.7379
    7.5000  -15.0000   37.5000 2529.1880   14.9967
   -7.5000   -7.5000   37.5000 2581.6497   14.7229
    0.0000   -7.5000   37.5000 2591.6008   14.4731
    7.5000   -7.5000   37.5000 2570.1201   14.7185
   -7.5000    0.0000   37.5000 2573.3181   14.7185
    0.0000    0.0000   37.5000 2589.2456   14.5202
    7.5000    0.0000   37.5000 2567.3518   14.7003
   -7.5000    7.5000   37.5000 2540.2952   15.0387
    0.0000    7.5000   37.5000 2551.1130   14.8648
    7.5000    7.5000   37.5000 2530.5547   14.9932
   -7.5000   15.0000   37.5000 2480.4050   15.5842
    0.0000   15.0000   37.5000 2496.5750   15.4243
    7.5000   15.0000   37.5000 2473.6819   15.4810
   -7.5000   22.5000   37.5000 2404.4175   16.3685
    0.0000   22.5000   37.5000 2424.4922   16.2100
    7.5000   22.5000   37.5000 2399.7615   16.2590
   -7.5000   30.0000   37.5000 2308.3037   17.4848
    0.0000   30.0000   37.5000 2328.3994   17.3419
    7.5000   30.0000   37.5000 2307.6130   17.4009
   -7.5000   37.5000   37.5000 2189.9587   18.9452
    0.0000   37.5000   37.5000 2206.2036   18.8094
    7.5000   37.5000   37.5000 2189.7539   18.8903
   -7.5000   45.0000   37.5000 2062.6243   20.9461
    0.0000   45.0000   37.5000 2069.1448   20.8677
    7.5000   45.0000   37.5000 2057.2344   20.9505
   -7.5000  -45.0000   45.0000 2061.3606   21.8879
    0.0000  -45.0000   45.0000 2073.7461   21.4496
    7.5000  -45.0000   45.0000 2055.7004   21.7405
   -7.5000  -37.5000   45.0000 2176.7603   19.7100
    0.0000  -37.5000   45.0000 2197.9211   19.2726
    7.5000  -37.5000   45.0000 2177.2039   19.5985
   -7.5000  -30.0000   45.0000 2283.6501   18.0988
    0.0000  -30.0000   45.0000 2306.4614   17.6945
    7.5000  -30.0000   45.0000 2284.6587   17.9791
   -7.5000  -22.5000   45.0000 2377.5132   16.9898
    0.0000  -22.5000   45.0000 2397.7209   16.6570
    7.5000  -22.5000   45.0000 2376.6929   16.9122
   -7.5000  -15.0000   45.0000 2447.4260   16.2376
    0.0000  -15.0000   45.0000 2459.0037   15.9868
    7.5000  -15.0000   45.0000 2440.1609   16.1808
   -7.5000   -7.5000   45.0000 2474.6646   15.9113
    0.0000   -7.5000   45.0000 2487.5615   15.6977
    7.5000   -7.5000   45.0000 2472.9753   15.8711
   -7.5000    0.0000   45.0000 2464.7268   15.8640
    0.0000    0.0000   45.0000 2481.1045   15.6980
    7.5000    0.0000   45.0000 2466.4763   15.8361
   -7.5000    7.5000   45.0000 2432.0007   16.1952
    0.0000    7.5000   45.0000 2449.1426   16.0507
    7.5000    7.5000   45.0000 2426.8479   16.1193
   -7.5000   15.0000   45.0000 2378.7295   16.7281
    0.0000   15.0000   45.0000 2399.3806   16.6290
    7.5000   15.0000   45.0000 2380.7241   16.6677
   -7.5000   22.5000   45.0000 2311.1389   17.5956
    0.0000   22.5000   45.0000 2334.0066   17.4540
    7.5000   22.5000   45.0000 2309.4917   17.4633
   -7.5000   30.0000   45.0000 2221.2017   18.6917
    0.0000   30.0000   45.0000 2240.3506   18.6033
    7.5000   30.0000   45.0000 2220.5259   18.5955
   -7.5000   37.5000   45.0000 2115.0078   20.1684
    0.0000   37.5000   45.0000 2131.3584   20.0688
    7.5000   37.5000   45.0000 2117.3733   20.0878
   -7.5000   45.0000   45.0000 1996.1912   22.1668
    0.0000   45.0000   45.0000 2003.8871   22.0849
    7.5000   45.0000   45.0000 1992.2441   22.1646

---------------------------------------------------------------------
imgreg_4dfp /opt/freesurfer/average/711-2C_as_mni_average_305 /opt/freesurfer/average/711-2B_as_mni_average_305_mask talsrcimg_g11 none talsrcimg_to_711-2C_as_mni_average_305_t4 1283
---------------------------------------------------------------------

freesurfer imgreg_4dfp.c
/opt/freesurfer/average/711-2C_as_mni_average_305.4dfp.img
       256       256       256         1
  1.000000  1.000000  1.000000
orientation T byte_order littleendian
Reading image: /opt/freesurfer/average/711-2C_as_mni_average_305.4dfp.img
dimensions:      256       256       256
mmppix:       1.0000   -1.0000   -1.0000
center:     128.0000 -129.0000 -129.0000
/opt/freesurfer/average/711-2B_as_mni_average_305_mask.4dfp.img
       256       256       256         1
  1.000000  1.000000  1.000000
orientation T byte_order littleendian
Reading mask: /opt/freesurfer/average/711-2B_as_mni_average_305_mask.4dfp.img (2306576 pixels)
talsrcimg_g11.4dfp.img
       256       256       256         1
  1.000000  1.000000  1.000000
orientation T byte_order littleendian
Reading image: talsrcimg_g11.4dfp.img
dimensions:      256       256       256
mmppix:       1.0000   -1.0000   -1.0000
center:     128.0000 -129.0000 -129.0000
rotation matrix determinant  1.000000
fimgreg.f
image alignment mode   1283 decimal      503 hex
parameters
    0.0000    0.0000    7.5000    0.0000    0.0000    0.0000
eta,q 0.90917 11.75382
niter,ni,del,rscale     5    3   12.0000    1.2000
parameter  4  1.268155 ->  0.500000 qaram    1.1500
parameters
   -1.2159   -0.6394    6.8531   -3.4500   -1.8216    1.5032
eta,q 0.91791 11.48689
  0.0943  0.0941  0.0944  0.0822  0.0846  0.0902
  0.0903  0.0909  0.0919  0.0823  0.0831  0.0864
  0.0881  0.0886  0.0887  0.0841  0.0823  0.0836
  0.0890  0.0878  0.0874  0.0877  0.0826  0.0823
  0.0915  0.0893  0.0890  0.0922  0.0844  0.0822
  0.0949  0.0932  0.0935  0.0966  0.0869  0.0832
  0.1013  0.0975  0.0995  0.1010  0.0902  0.0848
niter,ni,del,rscale     5    3   12.0000    1.2000
parameter  4  0.837019 ->  0.500000 qaram    1.3225
parameters
   -0.5203   -0.0018    6.5013   -7.4175   -3.4836    2.1369
eta,q 0.91936 11.48540
  0.0956  0.0952  0.0915  0.0793  0.0827  0.0848
  0.0886  0.0891  0.0882  0.0805  0.0809  0.0822
  0.0839  0.0836  0.0844  0.0814  0.0806  0.0808
  0.0821  0.0821  0.0825  0.0825  0.0808  0.0806
  0.0827  0.0840  0.0847  0.0858  0.0819  0.0808
  0.0852  0.0867  0.0891  0.0910  0.0841  0.0816
  0.0904  0.0899  0.0945  0.0961  0.0868  0.0830
niter,ni,del,rscale     5    3   12.0000    1.2000
parameter  4  0.780112 ->  0.500000 qaram    1.5209
parameters
    0.4802    1.2117    5.8126  -11.9801   -4.8674    3.4022
eta,q 0.92129 11.50076
  0.0933  0.0922  0.0883  0.0787  0.0802  0.0812
  0.0859  0.0859  0.0850  0.0785  0.0799  0.0799
  0.0817  0.0814  0.0824  0.0798  0.0792  0.0793
  0.0806  0.0805  0.0812  0.0811  0.0787  0.0789
  0.0806  0.0817  0.0839  0.0828  0.0795  0.0785
  0.0823  0.0829  0.0876  0.0859  0.0812  0.0785
  0.0863  0.0845  0.0920  0.0907  0.0831  0.0800
niter,ni,del,rscale     5    3   12.0000    1.2000
parameters
    1.0700    3.5172    5.4807  -16.1783   -5.2342    2.4293
eta,q 0.92460 11.64375
  0.0880  0.0890  0.0873  0.0782  0.0794  0.0775
  0.0823  0.0836  0.0831  0.0754  0.0784  0.0763
  0.0800  0.0799  0.0791  0.0757  0.0766  0.0756
  0.0787  0.0783  0.0775  0.0775  0.0753  0.0754
  0.0776  0.0775  0.0799  0.0800  0.0761  0.0758
  0.0801  0.0780  0.0846  0.0834  0.0786  0.0774
  0.0851  0.0792  0.0898  0.0881  0.0812  0.0803
niter,ni,del,rscale     4    3   12.0000    1.2000
parameters
    0.9477    5.1085    4.5365  -17.8952   -4.3091    1.8261
eta,q 0.92727 11.64656
  0.0843  0.0862  0.0843  0.0799  0.0793  0.0761
  0.0789  0.0812  0.0787  0.0742  0.0773  0.0741
  0.0765  0.0778  0.0744  0.0725  0.0748  0.0730
  0.0754  0.0754  0.0749  0.0740  0.0729  0.0728
  0.0761  0.0750  0.0791  0.0765  0.0730  0.0734
  0.0798  0.0768  0.0849  0.0800  0.0744  0.0751
  0.0850  0.0787  0.0905  0.0848  0.0771  0.0780
niter,ni,del,rscale     3    3   12.0000    1.2000
parameters
    0.3002    5.9503    4.0755  -19.3536   -3.5165    1.6562
eta,q 0.92880 11.66002
  0.0812  0.0837  0.0836  0.0798  0.0779  0.0759
  0.0751  0.0788  0.0794  0.0737  0.0755  0.0730
  0.0726  0.0744  0.0741  0.0707  0.0731  0.0716
  0.0727  0.0725  0.0727  0.0726  0.0714  0.0712
  0.0748  0.0738  0.0755  0.0755  0.0712  0.0717
  0.0789  0.0758  0.0811  0.0791  0.0726  0.0735
  0.0850  0.0787  0.0880  0.0842  0.0760  0.0764
niter,ni,del,rscale     2    3   12.0000    1.2000
parameters
   -0.1014    6.2200    3.7251  -20.0671   -3.2746    1.6962
eta,q 0.92951 11.64413
  0.0815  0.0832  0.0821  0.0807  0.0767  0.0759
  0.0741  0.0774  0.0788  0.0754  0.0743  0.0727
  0.0710  0.0724  0.0734  0.0702  0.0719  0.0710
  0.0712  0.0709  0.0710  0.0711  0.0706  0.0705
  0.0738  0.0728  0.0733  0.0743  0.0706  0.0710
  0.0775  0.0759  0.0791  0.0779  0.0727  0.0728
  0.0828  0.0810  0.0865  0.0829  0.0767  0.0756
niter,ni,del,rscale     1    3   12.0000    1.2000
parameters
   -0.2332    6.3150    3.5438  -20.3751   -3.2157    1.6807
eta,q 0.92966 11.63338
  0.0825  0.0832  0.0821  0.0813  0.0764  0.0757
  0.0745  0.0767  0.0791  0.0764  0.0739  0.0725
  0.0708  0.0715  0.0736  0.0705  0.0716  0.0709
  0.0705  0.0704  0.0705  0.0705  0.0704  0.0703
  0.0730  0.0726  0.0723  0.0736  0.0705  0.0709
  0.0769  0.0763  0.0781  0.0773  0.0729  0.0727
  0.0817  0.0819  0.0856  0.0820  0.0770  0.0756
registration optimization eta report
parameter search radius
    6.0000    6.0000    6.0000    9.1253    6.0000    6.0000
100000*second partial in parameter space
       32.       33.       35.       13.       18.       15.
  0.0825  0.0832  0.0821  0.0813  0.0764  0.0757
  0.0745  0.0767  0.0791  0.0764  0.0739  0.0725
  0.0708  0.0715  0.0736  0.0705  0.0716  0.0709
  0.0705  0.0704  0.0705  0.0705  0.0704  0.0703
  0.0730  0.0726  0.0723  0.0736  0.0705  0.0709
  0.0769  0.0763  0.0781  0.0773  0.0729  0.0727
  0.0817  0.0819  0.0856  0.0820  0.0770  0.0756
   -0.2332    6.3150    3.5438  -20.3751   -3.2157    1.6807
eta,q 0.92966 11.63338

---------------------------------------------------------------------
imgreg_4dfp /opt/freesurfer/average/711-2C_as_mni_average_305 /opt/freesurfer/average/711-2B_as_mni_average_305_mask talsrcimg_g11 none talsrcimg_to_711-2C_as_mni_average_305_t4 3335
---------------------------------------------------------------------

freesurfer imgreg_4dfp.c
/opt/freesurfer/average/711-2C_as_mni_average_305.4dfp.img
       256       256       256         1
  1.000000  1.000000  1.000000
orientation T byte_order littleendian
Reading image: /opt/freesurfer/average/711-2C_as_mni_average_305.4dfp.img
dimensions:      256       256       256
mmppix:       1.0000   -1.0000   -1.0000
center:     128.0000 -129.0000 -129.0000
/opt/freesurfer/average/711-2B_as_mni_average_305_mask.4dfp.img
       256       256       256         1
  1.000000  1.000000  1.000000
orientation T byte_order littleendian
Reading mask: /opt/freesurfer/average/711-2B_as_mni_average_305_mask.4dfp.img (2306576 pixels)
talsrcimg_g11.4dfp.img
       256       256       256         1
  1.000000  1.000000  1.000000
orientation T byte_order littleendian
Reading image: talsrcimg_g11.4dfp.img
dimensions:      256       256       256
mmppix:       1.0000   -1.0000   -1.0000
center:     128.0000 -129.0000 -129.0000
fimgreg.f
image alignment mode   3335 decimal      D07 hex
parameters
   -0.2332    6.3150    3.5438   -0.2004   -6.3543   -6.4043
   -4.7017    4.2352    2.9283   34.9557   -5.6096  -34.7616
eta,q 0.92888 11.68104
niter,ni,del,rscale     5    3    5.0000    1.2000
parameter  4  2.215055 ->  0.500000 qaram    1.1500
parameter  5  2.400206 ->  0.500000 qaram    1.1500
parameter  6  0.698848 ->  0.500000 qaram    1.1500
parameter 12 -2.820010 -> -0.500000 qaram    1.1500
parameters
   -0.1099    5.9261    3.0520   -4.3404  -10.4943  -10.5443
   -4.0268    4.5486    2.8258   33.9350   -2.0550  -30.6216
eta,q 0.94529 11.33407
  0.0742  0.0721  0.0722  0.0604  0.0564  0.0574  0.0597  0.0616  0.0585  0.0585  0.0584  0.0630
  0.0726  0.0714  0.0715  0.0627  0.0584  0.0575  0.0585  0.0592  0.0578  0.0577  0.0579  0.0608
  0.0716  0.0711  0.0711  0.0661  0.0608  0.0573  0.0578  0.0579  0.0575  0.0574  0.0576  0.0589
  0.0711  0.0711  0.0711  0.0710  0.0635  0.0590  0.0575  0.0575  0.0574  0.0574  0.0574  0.0572
  0.0713  0.0714  0.0715  0.0770  0.0665  0.0632  0.0576  0.0576  0.0576  0.0577  0.0573  0.0557
  0.0722  0.0720  0.0725  0.0829  0.0701  0.0683  0.0581  0.0586  0.0579  0.0583  0.0572  0.0544
  0.0737  0.0730  0.0740  0.0884  0.0742  0.0726  0.0590  0.0611  0.0585  0.0595  0.0574  0.0532
niter,ni,del,rscale     7    3    5.0000    1.2000
parameter  3  7.879609 ->  0.500000 qaram    1.1500
parameter  4  0.888004 ->  0.500000 qaram    1.3225
parameter  5  2.312768 ->  0.500000 qaram    1.3225
parameter 10  0.968483 ->  0.500000 qaram    1.1500
parameter 12 -0.837713 -> -0.500000 qaram    1.3225
parameters
    0.0878    5.0012    1.6720   -9.1014  -15.2553  -14.5669
   -3.3156    4.2919    3.8659   29.7950   -4.4760  -25.8606
eta,q 0.95868 10.75762
  0.0577  0.0551  0.0483  0.0465  0.0418  0.0434  0.0464  0.0463  0.0456  0.0422  0.0426  0.0459
  0.0561  0.0546  0.0500  0.0469  0.0435  0.0435  0.0451  0.0449  0.0446  0.0423  0.0424  0.0446
  0.0551  0.0545  0.0522  0.0482  0.0452  0.0438  0.0441  0.0439  0.0440  0.0428  0.0423  0.0433
  0.0547  0.0547  0.0545  0.0506  0.0472  0.0440  0.0437  0.0437  0.0437  0.0436  0.0424  0.0423
  0.0549  0.0553  0.0569  0.0544  0.0497  0.0454  0.0438  0.0441  0.0437  0.0448  0.0426  0.0416
  0.0556  0.0561  0.0592  0.0597  0.0524  0.0488  0.0445  0.0451  0.0441  0.0463  0.0430  0.0413
  0.0568  0.0572  0.0615  0.0656  0.0556  0.0549  0.0455  0.0467  0.0447  0.0482  0.0436  0.0414
niter,ni,del,rscale     7    3    5.0000    1.2000
parameter  2  1.532334 ->  0.500000 qaram    1.1500
parameter  3  2.443903 ->  0.500000 qaram    1.3225
parameter  5  1.658808 ->  0.500000 qaram    1.5209
parameters
    0.3186    3.6212    0.0850  -13.1748  -20.7305  -17.6628
   -3.8189    4.1715    3.1185   26.0895   -5.0339  -28.9430
eta,q 0.97010 10.49366
  0.0447  0.0388  0.0340  0.0362  0.0310  0.0327  0.0333  0.0348  0.0326  0.0315  0.0309  0.0310
  0.0430  0.0392  0.0354  0.0355  0.0315  0.0315  0.0320  0.0329  0.0316  0.0304  0.0305  0.0302
  0.0418  0.0401  0.0372  0.0353  0.0331  0.0311  0.0313  0.0315  0.0311  0.0303  0.0302  0.0299
  0.0413  0.0413  0.0394  0.0358  0.0353  0.0318  0.0311  0.0311  0.0311  0.0311  0.0302  0.0302
  0.0415  0.0428  0.0420  0.0376  0.0379  0.0331  0.0315  0.0316  0.0314  0.0326  0.0304  0.0310
  0.0423  0.0445  0.0448  0.0413  0.0406  0.0351  0.0325  0.0330  0.0322  0.0347  0.0307  0.0321
  0.0437  0.0464  0.0477  0.0470  0.0436  0.0386  0.0340  0.0351  0.0333  0.0373  0.0312  0.0336
niter,ni,del,rscale     7    3    5.0000    1.2000
parameter  2  0.533631 ->  0.500000 qaram    1.3225
parameter  3  1.090525 ->  0.500000 qaram    1.5209
parameters
    0.3243    2.0342   -1.7400   -9.4301  -23.1150  -16.6730
   -3.7784    4.4973    3.2943   28.3240   -5.0409  -32.9953
eta,q 0.97486 10.68742
  0.0327  0.0298  0.0260  0.0312  0.0299  0.0300  0.0284  0.0301  0.0279  0.0315  0.0264  0.0260
  0.0311  0.0290  0.0264  0.0293  0.0279  0.0283  0.0271  0.0280  0.0268  0.0291  0.0260  0.0253
  0.0302  0.0290  0.0274  0.0277  0.0265  0.0270  0.0263  0.0266  0.0262  0.0272  0.0257  0.0252
  0.0299  0.0299  0.0289  0.0266  0.0260  0.0261  0.0260  0.0260  0.0260  0.0260  0.0256  0.0256
  0.0302  0.0317  0.0310  0.0260  0.0277  0.0259  0.0262  0.0264  0.0262  0.0256  0.0257  0.0265
  0.0311  0.0342  0.0336  0.0260  0.0318  0.0262  0.0271  0.0276  0.0267  0.0262  0.0259  0.0278
  0.0327  0.0371  0.0367  0.0274  0.0362  0.0292  0.0284  0.0294  0.0277  0.0278  0.0264  0.0294
niter,ni,del,rscale     7    3    5.0000    1.2000
parameter  3  0.691834 ->  0.500000 qaram    1.7490
parameters
    0.1711    1.9893   -3.8388   -9.5752  -23.8589  -17.8963
   -4.1498    4.6038    3.9733   30.3923   -5.4787  -36.3905
eta,q 0.97669 10.72252
  0.0280  0.0296  0.0238  0.0274  0.0289  0.0272  0.0263  0.0279  0.0260  0.0286  0.0242  0.0246
  0.0263  0.0271  0.0235  0.0256  0.0265  0.0255  0.0250  0.0258  0.0249  0.0264  0.0239  0.0235
  0.0253  0.0256  0.0239  0.0243  0.0246  0.0244  0.0242  0.0244  0.0243  0.0248  0.0238  0.0233
  0.0251  0.0251  0.0251  0.0235  0.0236  0.0237  0.0240  0.0240  0.0240  0.0240  0.0238  0.0238
  0.0257  0.0257  0.0271  0.0232  0.0239  0.0235  0.0244  0.0244  0.0241  0.0238  0.0239  0.0247
  0.0269  0.0273  0.0299  0.0243  0.0270  0.0267  0.0254  0.0256  0.0245  0.0242  0.0240  0.0261
  0.0288  0.0298  0.0333  0.0290  0.0317  0.0325  0.0268  0.0276  0.0253  0.0256  0.0243  0.0276
niter,ni,del,rscale     7    3    5.0000    1.2000
parameters
    0.0874    1.9594   -4.7520   -9.5017  -24.5524  -19.0128
   -4.3846    4.5089    4.3700   31.3752   -6.3963  -37.1286
eta,q 0.97679 10.69634
  0.0264  0.0276  0.0262  0.0269  0.0283  0.0270  0.0259  0.0271  0.0250  0.0271  0.0237  0.0259
  0.0246  0.0251  0.0238  0.0251  0.0259  0.0251  0.0245  0.0250  0.0242  0.0251  0.0234  0.0241
  0.0236  0.0237  0.0230  0.0238  0.0240  0.0239  0.0236  0.0237  0.0236  0.0239  0.0233  0.0233
  0.0233  0.0233  0.0233  0.0230  0.0230  0.0231  0.0234  0.0234  0.0234  0.0234  0.0233  0.0233
  0.0238  0.0238  0.0246  0.0226  0.0233  0.0230  0.0238  0.0239  0.0235  0.0234  0.0234  0.0240
  0.0249  0.0253  0.0269  0.0235  0.0263  0.0264  0.0248  0.0251  0.0239  0.0241  0.0236  0.0251
  0.0268  0.0277  0.0301  0.0282  0.0309  0.0320  0.0262  0.0273  0.0247  0.0257  0.0239  0.0265
niter,ni,del,rscale     6    3    5.0000    1.2000
parameters
    0.0597    2.0802   -5.1303   -9.5552  -25.0016  -19.6661
   -4.5076    4.4861    4.6615   31.8045   -6.7437  -37.5630
eta,q 0.97667 10.66697
  0.0263  0.0276  0.0272  0.0268  0.0285  0.0274  0.0259  0.0272  0.0250  0.0266  0.0239  0.0262
  0.0246  0.0252  0.0246  0.0251  0.0261  0.0255  0.0245  0.0250  0.0242  0.0249  0.0235  0.0243
  0.0235  0.0237  0.0233  0.0239  0.0242  0.0241  0.0237  0.0238  0.0236  0.0239  0.0234  0.0234
  0.0232  0.0232  0.0232  0.0231  0.0231  0.0232  0.0234  0.0234  0.0234  0.0234  0.0234  0.0234
  0.0236  0.0236  0.0242  0.0227  0.0233  0.0229  0.0237  0.0239  0.0235  0.0235  0.0235  0.0240
  0.0247  0.0248  0.0260  0.0237  0.0260  0.0255  0.0247  0.0251  0.0240  0.0244  0.0237  0.0250
  0.0264  0.0270  0.0287  0.0283  0.0305  0.0308  0.0261  0.0272  0.0248  0.0261  0.0239  0.0264
niter,ni,del,rscale     5    3    5.0000    1.2000
parameters
    0.0473    2.1983   -5.3713   -9.5838  -25.2818  -20.0686
   -4.5636    4.4522    4.7997   32.1373   -6.8592  -37.8245
eta,q 0.97658 10.65008
  0.0264  0.0276  0.0276  0.0268  0.0287  0.0277  0.0260  0.0272  0.0250  0.0265  0.0240  0.0263
  0.0247  0.0253  0.0249  0.0252  0.0263  0.0257  0.0246  0.0250  0.0242  0.0249  0.0236  0.0245
  0.0236  0.0238  0.0236  0.0240  0.0244  0.0243  0.0237  0.0238  0.0237  0.0239  0.0234  0.0236
  0.0233  0.0233  0.0233  0.0233  0.0233  0.0233  0.0235  0.0235  0.0235  0.0234  0.0234  0.0234
  0.0237  0.0237  0.0241  0.0229  0.0234  0.0230  0.0238  0.0239  0.0236  0.0236  0.0236  0.0240
  0.0248  0.0249  0.0259  0.0238  0.0259  0.0251  0.0247  0.0251  0.0241  0.0245  0.0237  0.0250
  0.0264  0.0270  0.0284  0.0282  0.0303  0.0302  0.0261  0.0272  0.0250  0.0262  0.0240  0.0263
niter,ni,del,rscale     4    3    5.0000    1.2000
parameters
    0.0355    2.2909   -5.5344   -9.6092  -25.4886  -20.3336
   -4.5944    4.4294    4.8396   32.3953   -6.9169  -37.9893
eta,q 0.97651 10.63851
  0.0264  0.0276  0.0277  0.0268  0.0287  0.0278  0.0260  0.0272  0.0251  0.0265  0.0241  0.0265
  0.0248  0.0253  0.0251  0.0253  0.0264  0.0258  0.0247  0.0250  0.0243  0.0250  0.0237  0.0246
  0.0237  0.0239  0.0237  0.0241  0.0245  0.0244  0.0238  0.0238  0.0237  0.0239  0.0235  0.0236
  0.0234  0.0234  0.0234  0.0234  0.0234  0.0234  0.0235  0.0235  0.0235  0.0235  0.0235  0.0235
  0.0238  0.0238  0.0242  0.0230  0.0235  0.0231  0.0238  0.0240  0.0237  0.0237  0.0236  0.0240
  0.0248  0.0251  0.0258  0.0238  0.0258  0.0250  0.0247  0.0252  0.0242  0.0246  0.0238  0.0250
  0.0265  0.0271  0.0282  0.0282  0.0302  0.0300  0.0261  0.0271  0.0251  0.0263  0.0240  0.0263
niter,ni,del,rscale     3    3    5.0000    1.2000
parameters
    0.0292    2.3642   -5.6491   -9.6324  -25.6504  -20.5285
   -4.6158    4.4161    4.8474   32.5961   -6.9052  -38.0957
eta,q 0.97644 10.62925
  0.0265  0.0276  0.0278  0.0268  0.0288  0.0279  0.0261  0.0272  0.0251  0.0265  0.0242  0.0265
  0.0248  0.0253  0.0252  0.0253  0.0265  0.0259  0.0247  0.0251  0.0243  0.0250  0.0237  0.0246
  0.0238  0.0240  0.0238  0.0242  0.0246  0.0244  0.0239  0.0239  0.0238  0.0240  0.0236  0.0237
  0.0235  0.0235  0.0235  0.0235  0.0235  0.0235  0.0236  0.0236  0.0236  0.0236  0.0236  0.0236
  0.0239  0.0239  0.0242  0.0231  0.0235  0.0231  0.0239  0.0240  0.0237  0.0238  0.0237  0.0241
  0.0249  0.0251  0.0258  0.0239  0.0258  0.0249  0.0248  0.0252  0.0243  0.0246  0.0238  0.0251
  0.0265  0.0271  0.0281  0.0282  0.0301  0.0298  0.0261  0.0271  0.0251  0.0263  0.0241  0.0263
niter,ni,del,rscale     2    3    5.0000    1.2000
parameters
    0.0247    2.4238   -5.7419   -9.6509  -25.7855  -20.6791
   -4.6254    4.4045    4.8230   32.7713   -6.8798  -38.1736
eta,q 0.97639 10.62198
  0.0265  0.0276  0.0279  0.0269  0.0288  0.0279  0.0261  0.0272  0.0252  0.0265  0.0242  0.0266
  0.0249  0.0253  0.0253  0.0253  0.0265  0.0260  0.0248  0.0251  0.0244  0.0250  0.0238  0.0247
  0.0239  0.0240  0.0239  0.0242  0.0247  0.0245  0.0239  0.0239  0.0238  0.0240  0.0236  0.0238
  0.0236  0.0236  0.0236  0.0236  0.0236  0.0236  0.0236  0.0236  0.0236  0.0236  0.0236  0.0236
  0.0239  0.0240  0.0242  0.0232  0.0236  0.0232  0.0239  0.0241  0.0238  0.0238  0.0237  0.0241
  0.0249  0.0252  0.0258  0.0239  0.0258  0.0249  0.0248  0.0252  0.0244  0.0247  0.0239  0.0251
  0.0265  0.0272  0.0281  0.0282  0.0301  0.0298  0.0261  0.0271  0.0252  0.0264  0.0241  0.0263
niter,ni,del,rscale     1    3    5.0000    1.2000
parameters
    0.0231    2.4759   -5.8177   -9.6613  -25.9072  -20.8065
   -4.6334    4.4004    4.7803   32.9270   -6.8399  -38.2331
eta,q 0.97634 10.61573
  0.0266  0.0275  0.0279  0.0269  0.0288  0.0280  0.0261  0.0272  0.0252  0.0265  0.0242  0.0266
  0.0249  0.0254  0.0254  0.0253  0.0266  0.0260  0.0248  0.0251  0.0244  0.0250  0.0238  0.0247
  0.0239  0.0240  0.0240  0.0243  0.0247  0.0246  0.0240  0.0240  0.0239  0.0240  0.0237  0.0238
  0.0236  0.0236  0.0236  0.0236  0.0236  0.0236  0.0237  0.0237  0.0237  0.0237  0.0237  0.0237
  0.0240  0.0240  0.0242  0.0232  0.0236  0.0232  0.0240  0.0241  0.0238  0.0239  0.0238  0.0242
  0.0249  0.0253  0.0258  0.0240  0.0258  0.0248  0.0248  0.0252  0.0244  0.0247  0.0239  0.0251
  0.0265  0.0272  0.0281  0.0282  0.0301  0.0297  0.0261  0.0271  0.0253  0.0264  0.0241  0.0263
registration optimization eta report
parameter search radius
    2.4000    3.1740    4.1976    9.5220   10.9503    8.2800
    7.2000    7.2000    7.2000    8.2800    7.2000    9.5220
100000*second partial in parameter space
       51.       37.       25.        5.        5.        8.
        5.        7.        3.        4.        1.        3.
  0.0266  0.0275  0.0279  0.0269  0.0288  0.0280  0.0261  0.0272  0.0252  0.0265  0.0242  0.0266
  0.0249  0.0254  0.0254  0.0253  0.0266  0.0260  0.0248  0.0251  0.0244  0.0250  0.0238  0.0247
  0.0239  0.0240  0.0240  0.0243  0.0247  0.0246  0.0240  0.0240  0.0239  0.0240  0.0237  0.0238
  0.0236  0.0236  0.0236  0.0236  0.0236  0.0236  0.0237  0.0237  0.0237  0.0237  0.0237  0.0237
  0.0240  0.0240  0.0242  0.0232  0.0236  0.0232  0.0240  0.0241  0.0238  0.0239  0.0238  0.0242
  0.0249  0.0253  0.0258  0.0240  0.0258  0.0248  0.0248  0.0252  0.0244  0.0247  0.0239  0.0251
  0.0265  0.0272  0.0281  0.0282  0.0301  0.0297  0.0261  0.0271  0.0253  0.0264  0.0241  0.0263
    0.0231    2.4759   -5.8177   -9.6613  -25.9072  -20.8065
   -4.6334    4.4004    4.7803   32.9270   -6.8399  -38.2331
eta,q 0.97634 10.61573

---------------------------------------------------------------------
imgreg_4dfp /opt/freesurfer/average/711-2C_as_mni_average_305 /opt/freesurfer/average/711-2B_as_mni_average_305_mask talsrcimg_g11 none talsrcimg_to_711-2C_as_mni_average_305_t4 2311
---------------------------------------------------------------------

freesurfer imgreg_4dfp.c
/opt/freesurfer/average/711-2C_as_mni_average_305.4dfp.img
       256       256       256         1
  1.000000  1.000000  1.000000
orientation T byte_order littleendian
Reading image: /opt/freesurfer/average/711-2C_as_mni_average_305.4dfp.img
dimensions:      256       256       256
mmppix:       1.0000   -1.0000   -1.0000
center:     128.0000 -129.0000 -129.0000
/opt/freesurfer/average/711-2B_as_mni_average_305_mask.4dfp.img
       256       256       256         1
  1.000000  1.000000  1.000000
orientation T byte_order littleendian
Reading mask: /opt/freesurfer/average/711-2B_as_mni_average_305_mask.4dfp.img (2306576 pixels)
talsrcimg_g11.4dfp.img
       256       256       256         1
  1.000000  1.000000  1.000000
orientation T byte_order littleendian
Reading image: talsrcimg_g11.4dfp.img
dimensions:      256       256       256
mmppix:       1.0000   -1.0000   -1.0000
center:     128.0000 -129.0000 -129.0000
fimgreg.f
image alignment mode   2311 decimal      907 hex
parameters
    0.0231    2.4759   -5.8177   -9.6613  -25.9072  -20.8065
   -4.6334    4.4004    4.7803   32.9270   -6.8399  -38.2331
eta,q 0.97634 10.61572
niter,ni,del,rscale     5    3    5.0000    0.8000
parameter  4 -0.847369 -> -0.500000 qaram    1.1500
parameters
    0.0087    2.4775   -5.9826   -6.9013  -24.3157  -19.5495
   -4.6085    4.6425    4.9482   33.1630   -5.9737  -38.3069
eta,q 0.97722 10.86327
  0.0250  0.0246  0.0242  0.0248  0.0249  0.0253  0.0240  0.0253  0.0236  0.0239  0.0236  0.0237
  0.0242  0.0241  0.0239  0.0243  0.0242  0.0244  0.0234  0.0239  0.0232  0.0233  0.0231  0.0231
  0.0238  0.0238  0.0237  0.0239  0.0237  0.0237  0.0229  0.0230  0.0229  0.0229  0.0229  0.0229
  0.0237  0.0237  0.0237  0.0237  0.0233  0.0231  0.0228  0.0228  0.0228  0.0228  0.0228  0.0228
  0.0238  0.0238  0.0238  0.0234  0.0231  0.0227  0.0229  0.0230  0.0228  0.0228  0.0228  0.0229
  0.0243  0.0241  0.0240  0.0233  0.0232  0.0228  0.0233  0.0236  0.0231  0.0231  0.0229  0.0232
  0.0250  0.0246  0.0244  0.0234  0.0237  0.0240  0.0241  0.0248  0.0235  0.0237  0.0231  0.0237
niter,ni,del,rscale     5    3    5.0000    0.8000
parameters
   -0.0359    2.1145   -5.8148   -7.8153  -24.3446  -19.3986
   -4.5502    4.4771    4.8164   32.7698   -5.8356  -38.3324
eta,q 0.97723 10.82459
  0.0243  0.0234  0.0237  0.0238  0.0241  0.0248  0.0240  0.0247  0.0235  0.0236  0.0232  0.0237
  0.0234  0.0229  0.0232  0.0233  0.0235  0.0240  0.0234  0.0235  0.0231  0.0231  0.0229  0.0232
  0.0229  0.0227  0.0229  0.0230  0.0230  0.0234  0.0229  0.0229  0.0228  0.0229  0.0228  0.0229
  0.0228  0.0228  0.0227  0.0227  0.0228  0.0228  0.0228  0.0228  0.0228  0.0228  0.0228  0.0228
  0.0230  0.0231  0.0228  0.0228  0.0228  0.0225  0.0229  0.0230  0.0229  0.0229  0.0228  0.0229
  0.0235  0.0236  0.0230  0.0237  0.0233  0.0231  0.0233  0.0237  0.0231  0.0233  0.0229  0.0232
  0.0244  0.0244  0.0234  0.0260  0.0243  0.0252  0.0240  0.0250  0.0235  0.0240  0.0231  0.0237
niter,ni,del,rscale     4    3    5.0000    0.7000
parameters
   -0.0328    2.0815   -5.6938   -7.4387  -24.0827  -18.9918
   -4.5176    4.5160    4.8036   32.7333   -5.6869  -38.1177
eta,q 0.97741 10.86132
  0.0239  0.0236  0.0235  0.0239  0.0238  0.0244  0.0236  0.0243  0.0231  0.0234  0.0230  0.0235
  0.0233  0.0231  0.0231  0.0234  0.0233  0.0237  0.0231  0.0233  0.0228  0.0230  0.0227  0.0230
  0.0229  0.0228  0.0229  0.0230  0.0229  0.0232  0.0227  0.0228  0.0227  0.0227  0.0226  0.0227
  0.0228  0.0228  0.0228  0.0228  0.0227  0.0227  0.0226  0.0226  0.0226  0.0226  0.0226  0.0226
  0.0229  0.0229  0.0228  0.0226  0.0227  0.0225  0.0227  0.0227  0.0226  0.0227  0.0226  0.0227
  0.0233  0.0232  0.0230  0.0229  0.0230  0.0228  0.0230  0.0233  0.0228  0.0229  0.0227  0.0229
  0.0239  0.0236  0.0233  0.0238  0.0237  0.0242  0.0236  0.0242  0.0232  0.0234  0.0229  0.0233
niter,ni,del,rscale     3    3    5.0000    0.6000
parameters
   -0.0450    2.0168   -5.6059   -7.2165  -23.9088  -18.5946
   -4.4809    4.5366    4.7752   32.6701   -5.5583  -37.9063
eta,q 0.97754 10.88575
  0.0235  0.0232  0.0232  0.0234  0.0234  0.0239  0.0232  0.0238  0.0229  0.0231  0.0228  0.0231
  0.0230  0.0228  0.0228  0.0231  0.0230  0.0234  0.0228  0.0230  0.0226  0.0227  0.0226  0.0228
  0.0227  0.0226  0.0227  0.0228  0.0227  0.0229  0.0226  0.0226  0.0225  0.0225  0.0225  0.0225
  0.0226  0.0226  0.0226  0.0226  0.0226  0.0226  0.0225  0.0225  0.0225  0.0225  0.0225  0.0225
  0.0227  0.0227  0.0226  0.0225  0.0226  0.0224  0.0225  0.0226  0.0225  0.0225  0.0225  0.0225
  0.0230  0.0229  0.0228  0.0227  0.0228  0.0226  0.0228  0.0230  0.0226  0.0227  0.0226  0.0227
  0.0235  0.0233  0.0230  0.0235  0.0233  0.0237  0.0232  0.0238  0.0229  0.0231  0.0227  0.0230
niter,ni,del,rscale     2    3    5.0000    0.5000
parameters
   -0.0581    1.9638   -5.4964   -6.9899  -23.7385  -18.1807
   -4.4297    4.5537    4.7325   32.6037   -5.3828  -37.6613
eta,q 0.97766 10.90852
  0.0231  0.0229  0.0229  0.0231  0.0230  0.0235  0.0229  0.0233  0.0226  0.0228  0.0226  0.0228
  0.0227  0.0226  0.0227  0.0228  0.0227  0.0231  0.0226  0.0228  0.0225  0.0225  0.0224  0.0226
  0.0225  0.0225  0.0225  0.0226  0.0225  0.0227  0.0224  0.0225  0.0224  0.0224  0.0224  0.0224
  0.0225  0.0225  0.0225  0.0225  0.0224  0.0224  0.0223  0.0223  0.0223  0.0223  0.0223  0.0223
  0.0225  0.0225  0.0225  0.0224  0.0224  0.0223  0.0224  0.0224  0.0224  0.0224  0.0224  0.0224
  0.0227  0.0227  0.0226  0.0226  0.0226  0.0225  0.0226  0.0227  0.0225  0.0225  0.0224  0.0225
  0.0231  0.0230  0.0227  0.0231  0.0230  0.0233  0.0229  0.0233  0.0226  0.0228  0.0225  0.0227
niter,ni,del,rscale     1    3    5.0000    0.4000
parameters
   -0.0682    1.9192   -5.3736   -6.8201  -23.5821  -17.7728
   -4.3780    4.5707    4.6372   32.5216   -5.2417  -37.3866
eta,q 0.97776 10.92672
  0.0227  0.0226  0.0227  0.0228  0.0227  0.0232  0.0226  0.0229  0.0224  0.0225  0.0224  0.0226
  0.0225  0.0224  0.0225  0.0226  0.0225  0.0228  0.0224  0.0226  0.0223  0.0224  0.0223  0.0224
  0.0224  0.0224  0.0224  0.0224  0.0224  0.0225  0.0223  0.0223  0.0223  0.0223  0.0223  0.0223
  0.0223  0.0223  0.0223  0.0223  0.0223  0.0223  0.0222  0.0222  0.0222  0.0222  0.0222  0.0222
  0.0224  0.0224  0.0223  0.0223  0.0223  0.0222  0.0223  0.0223  0.0223  0.0223  0.0223  0.0223
  0.0225  0.0225  0.0224  0.0224  0.0224  0.0224  0.0224  0.0225  0.0223  0.0224  0.0223  0.0223
  0.0228  0.0227  0.0225  0.0228  0.0227  0.0229  0.0226  0.0229  0.0224  0.0226  0.0224  0.0225
registration optimization eta report
parameter search radius
    0.8000    0.8000    0.8000    2.7600    2.4000    2.4000
    2.4000    2.4000    2.4000    2.4000    2.4000    2.4000
100000*second partial in parameter space
       65.       45.       39.        6.        6.       12.
        6.       12.        3.        5.        3.        5.
  0.0227  0.0226  0.0227  0.0228  0.0227  0.0232  0.0226  0.0229  0.0224  0.0225  0.0224  0.0226
  0.0225  0.0224  0.0225  0.0226  0.0225  0.0228  0.0224  0.0226  0.0223  0.0224  0.0223  0.0224
  0.0224  0.0224  0.0224  0.0224  0.0224  0.0225  0.0223  0.0223  0.0223  0.0223  0.0223  0.0223
  0.0223  0.0223  0.0223  0.0223  0.0223  0.0223  0.0222  0.0222  0.0222  0.0222  0.0222  0.0222
  0.0224  0.0224  0.0223  0.0223  0.0223  0.0222  0.0223  0.0223  0.0223  0.0223  0.0223  0.0223
  0.0225  0.0225  0.0224  0.0224  0.0224  0.0224  0.0224  0.0225  0.0223  0.0224  0.0223  0.0223
  0.0228  0.0227  0.0225  0.0228  0.0227  0.0229  0.0226  0.0229  0.0224  0.0226  0.0224  0.0225
   -0.0682    1.9192   -5.3736   -6.8201  -23.5821  -17.7728
   -4.3780    4.5707    4.6372   32.5216   -5.2417  -37.3866
eta,q 0.97776 10.92672

---------------------------------------------------------------------
imgreg_4dfp /opt/freesurfer/average/711-2C_as_mni_average_305 /opt/freesurfer/average/711-2B_as_mni_average_305_mask talsrcimg_g11 none talsrcimg_to_711-2C_as_mni_average_305_t4 2311
---------------------------------------------------------------------

freesurfer imgreg_4dfp.c
/opt/freesurfer/average/711-2C_as_mni_average_305.4dfp.img
       256       256       256         1
  1.000000  1.000000  1.000000
orientation T byte_order littleendian
Reading image: /opt/freesurfer/average/711-2C_as_mni_average_305.4dfp.img
dimensions:      256       256       256
mmppix:       1.0000   -1.0000   -1.0000
center:     128.0000 -129.0000 -129.0000
/opt/freesurfer/average/711-2B_as_mni_average_305_mask.4dfp.img
       256       256       256         1
  1.000000  1.000000  1.000000
orientation T byte_order littleendian
Reading mask: /opt/freesurfer/average/711-2B_as_mni_average_305_mask.4dfp.img (2306576 pixels)
talsrcimg_g11.4dfp.img
       256       256       256         1
  1.000000  1.000000  1.000000
orientation T byte_order littleendian
Reading image: talsrcimg_g11.4dfp.img
dimensions:      256       256       256
mmppix:       1.0000   -1.0000   -1.0000
center:     128.0000 -129.0000 -129.0000
fimgreg.f
image alignment mode   2311 decimal      907 hex
parameters
   -0.0682    1.9192   -5.3736   -6.8201  -23.5821  -17.7728
   -4.3780    4.5707    4.6372   32.5216   -5.2417  -37.3866
eta,q 0.97776 10.92672
niter,ni,del,rscale     5    3    5.0000    0.8000
parameters
   -0.0671    1.8878   -5.1678   -7.6248  -23.9646  -18.3978
   -4.3871    4.4123    4.5753   32.1157   -5.5629  -37.6611
eta,q 0.97750 10.85641
  0.0240  0.0234  0.0236  0.0232  0.0235  0.0242  0.0238  0.0245  0.0232  0.0234  0.0229  0.0234
  0.0230  0.0227  0.0229  0.0228  0.0229  0.0235  0.0231  0.0234  0.0228  0.0229  0.0226  0.0229
  0.0224  0.0224  0.0224  0.0224  0.0225  0.0229  0.0227  0.0227  0.0226  0.0226  0.0225  0.0226
  0.0222  0.0222  0.0222  0.0222  0.0223  0.0223  0.0225  0.0225  0.0225  0.0225  0.0225  0.0225
  0.0224  0.0224  0.0223  0.0224  0.0224  0.0224  0.0227  0.0228  0.0226  0.0227  0.0226  0.0227
  0.0230  0.0228  0.0226  0.0231  0.0230  0.0238  0.0231  0.0235  0.0228  0.0231  0.0227  0.0230
  0.0240  0.0235  0.0230  0.0249  0.0242  0.0268  0.0238  0.0249  0.0233  0.0239  0.0229  0.0236
niter,ni,del,rscale     4    3    5.0000    0.7000
parameters
   -0.0374    1.9329   -5.3379   -7.2034  -23.7778  -18.5234
   -4.3973    4.4941    4.6666   32.2703   -5.6210  -37.7327
eta,q 0.97755 10.88233
  0.0238  0.0234  0.0230  0.0234  0.0235  0.0240  0.0235  0.0242  0.0230  0.0233  0.0228  0.0232
  0.0231  0.0229  0.0227  0.0230  0.0230  0.0234  0.0229  0.0232  0.0227  0.0229  0.0226  0.0228
  0.0226  0.0226  0.0225  0.0227  0.0227  0.0229  0.0226  0.0226  0.0225  0.0226  0.0225  0.0225
  0.0225  0.0225  0.0225  0.0225  0.0224  0.0224  0.0225  0.0225  0.0225  0.0225  0.0225  0.0224
  0.0226  0.0226  0.0226  0.0224  0.0224  0.0223  0.0226  0.0226  0.0225  0.0225  0.0225  0.0226
  0.0230  0.0228  0.0229  0.0226  0.0228  0.0230  0.0229  0.0231  0.0227  0.0227  0.0226  0.0228
  0.0236  0.0233  0.0233  0.0233  0.0235  0.0249  0.0235  0.0241  0.0230  0.0232  0.0228  0.0232
niter,ni,del,rscale     3    3    5.0000    0.6000
parameters
   -0.0418    1.9267   -5.4186   -7.0274  -23.7125  -18.3613
   -4.4154    4.5336    4.7045   32.4079   -5.5257  -37.6876
eta,q 0.97762 10.89951
  0.0233  0.0231  0.0229  0.0231  0.0232  0.0238  0.0231  0.0237  0.0228  0.0230  0.0227  0.0230
  0.0228  0.0227  0.0226  0.0228  0.0228  0.0233  0.0227  0.0230  0.0226  0.0227  0.0225  0.0226
  0.0225  0.0225  0.0225  0.0226  0.0226  0.0228  0.0225  0.0225  0.0224  0.0225  0.0224  0.0224
  0.0224  0.0224  0.0224  0.0224  0.0224  0.0224  0.0224  0.0224  0.0224  0.0224  0.0224  0.0224
  0.0225  0.0225  0.0225  0.0224  0.0224  0.0223  0.0225  0.0225  0.0224  0.0224  0.0224  0.0224
  0.0228  0.0227  0.0227  0.0226  0.0227  0.0227  0.0227  0.0229  0.0225  0.0226  0.0225  0.0226
  0.0234  0.0231  0.0230  0.0232  0.0232  0.0239  0.0231  0.0237  0.0228  0.0230  0.0226  0.0229
niter,ni,del,rscale     2    3    5.0000    0.5000
parameters
   -0.0553    1.9155   -5.4004   -6.8456  -23.6349  -18.0665
   -4.3923    4.5509    4.6720   32.4702   -5.3739  -37.5307
eta,q 0.97771 10.91694
  0.0230  0.0228  0.0228  0.0229  0.0229  0.0235  0.0228  0.0233  0.0226  0.0228  0.0226  0.0228
  0.0227  0.0226  0.0225  0.0227  0.0227  0.0230  0.0225  0.0227  0.0224  0.0225  0.0224  0.0225
  0.0224  0.0224  0.0224  0.0225  0.0225  0.0227  0.0224  0.0224  0.0223  0.0224  0.0223  0.0224
  0.0224  0.0224  0.0224  0.0224  0.0224  0.0224  0.0223  0.0223  0.0223  0.0223  0.0223  0.0223
  0.0225  0.0224  0.0224  0.0223  0.0224  0.0222  0.0223  0.0224  0.0223  0.0223  0.0223  0.0223
  0.0227  0.0226  0.0225  0.0225  0.0226  0.0225  0.0225  0.0227  0.0224  0.0225  0.0224  0.0225
  0.0230  0.0228  0.0227  0.0229  0.0229  0.0233  0.0228  0.0233  0.0226  0.0228  0.0225  0.0227
niter,ni,del,rscale     1    3    5.0000    0.4000
parameters
   -0.0660    1.8956   -5.3194   -6.7158  -23.5315  -17.7030
   -4.3595    4.5717    4.5887   32.4445   -5.2324  -37.3268
eta,q 0.97779 10.93178
  0.0227  0.0226  0.0226  0.0227  0.0227  0.0231  0.0226  0.0229  0.0224  0.0225  0.0224  0.0226
  0.0225  0.0224  0.0224  0.0225  0.0225  0.0228  0.0224  0.0225  0.0223  0.0224  0.0223  0.0224
  0.0223  0.0223  0.0223  0.0224  0.0224  0.0225  0.0223  0.0223  0.0222  0.0223  0.0222  0.0223
  0.0223  0.0223  0.0223  0.0223  0.0223  0.0223  0.0222  0.0222  0.0222  0.0222  0.0222  0.0222
  0.0223  0.0223  0.0223  0.0223  0.0223  0.0222  0.0223  0.0223  0.0222  0.0222  0.0222  0.0222
  0.0225  0.0224  0.0224  0.0224  0.0224  0.0223  0.0224  0.0225  0.0223  0.0224  0.0223  0.0223
  0.0227  0.0226  0.0225  0.0226  0.0226  0.0229  0.0226  0.0229  0.0224  0.0225  0.0224  0.0225
registration optimization eta report
parameter search radius
    0.8000    0.8000    0.8000    2.4000    2.4000    2.4000
    2.4000    2.4000    2.4000    2.4000    2.4000    2.4000
100000*second partial in parameter space
       66.       46.       39.        6.        6.       13.
        6.       12.        3.        5.        3.        5.
  0.0227  0.0226  0.0226  0.0227  0.0227  0.0231  0.0226  0.0229  0.0224  0.0225  0.0224  0.0226
  0.0225  0.0224  0.0224  0.0225  0.0225  0.0228  0.0224  0.0225  0.0223  0.0224  0.0223  0.0224
  0.0223  0.0223  0.0223  0.0224  0.0224  0.0225  0.0223  0.0223  0.0222  0.0223  0.0222  0.0223
  0.0223  0.0223  0.0223  0.0223  0.0223  0.0223  0.0222  0.0222  0.0222  0.0222  0.0222  0.0222
  0.0223  0.0223  0.0223  0.0223  0.0223  0.0222  0.0223  0.0223  0.0222  0.0222  0.0222  0.0222
  0.0225  0.0224  0.0224  0.0224  0.0224  0.0223  0.0224  0.0225  0.0223  0.0224  0.0223  0.0223
  0.0227  0.0226  0.0225  0.0226  0.0226  0.0229  0.0226  0.0229  0.0224  0.0225  0.0224  0.0225
   -0.0660    1.8956   -5.3194   -6.7158  -23.5315  -17.7030
   -4.3595    4.5717    4.5887   32.4445   -5.2324  -37.3268
eta,q 0.97779 10.93178

---------------------------------------------------------------------
compute_vox2vox talsrcimg talsrcimg_to_711-2C_as_mni_average_305_t4 /opt/freesurfer/average/711-2C_as_mni_average_305
---------------------------------------------------------------------

freesurfer compute_vox2vox.c
Reading: talsrcimg.4dfp.ifh
Reading: talsrcimg_to_711-2C_as_mni_average_305_t4
Reading: /opt/freesurfer/average/711-2C_as_mni_average_305.4dfp.ifh
Writing: talsrcimg_to_711-2C_as_mni_average_305_t4_vox2vox.txt

start time Fri Mar 6 11:08:23 CET 2026
end		time Fri Mar 6 11:09:52 CET 2026

mpr2mni305 success

avi2talxfm orig_nu.mgz /opt/freesurfer/average/mni305.cor.mgz talsrcimg_to_711-2C_as_mni_average_305_t4_vox2vox.txt transforms/talairach.auto.xfm
avi2talxfm done
mv -f /out/sourcedata/freesurfer/sub-v1s10x0051065_ses-1/mri/talsrcimg_to_711-2C_as_mni_average_305_t4_vox2vox.txt /out/sourcedata/freesurfer/sub-v1s10x0051065_ses-1/mri/transforms/talsrcimg_to_711-2C_as_mni_average_305_t4_vox2vox.txt
lta_convert --src orig_nu.mgz --trg /opt/freesurfer/average/mni305.cor.mgz --inxfm transforms/talairach.auto.xfm --outlta transforms/talairach.auto.xfm.lta --subject fsaverage
7.3.2

--src: orig_nu.mgz src image (geometry).
--trg: /opt/freesurfer/average/mni305.cor.mgz trg image (geometry).
--inmni: transforms/talairach.auto.xfm input MNI/XFM transform.
--outlta: transforms/talairach.auto.xfm.lta output LTA.
--s: fsaverage subject name
 LTA read, type : 1
 1.06676  -0.06980   0.02674  -1.08794;
 0.03253   1.01688   0.49823   2.94709;
-0.07782  -0.42726   1.09473  -5.39609;
 0.00000   0.00000   0.00000   1.00000;
setting subject to fsaverage
Writing  LTA to file transforms/talairach.auto.xfm.lta...
lta_convert successful.
 
 
Started at Fri Mar 6 11:08:22 CET 2026
Ended   at Fri Mar  6 11:09:52 CET 2026
talairach_avi done
