/out/sourcedata/freesurfer/sub-v1s18x0051248_ses-1/mri
/opt/freesurfer/bin/talairach_avi
--i orig_nu.mgz --xfm transforms/talairach.auto.xfm
talairach_avi 7.3.2
Linux dna044 5.14.0-427.37.1.el9_4.x86_64 #1 SMP PREEMPT_DYNAMIC Fri Sep 13 12:41:50 EDT 2024 x86_64 x86_64 x86_64 GNU/Linux
Sat Mar  7 02:37:24 CET 2026
mri_convert orig_nu.mgz talsrcimg.img 
reading from orig_nu.mgz...
TR=0.00, TE=0.00, TI=0.00, flip angle=0.00
i_ras = (-1, 0, 0)
j_ras = (0, 0, -1)
k_ras = (0, 1, 0)
writing to talsrcimg.img...
Analyze Output Matrix
-1.00000   0.00000   0.00000   130.20517;
 0.00000   0.00000   1.00000  -121.34671;
 0.00000  -1.00000   0.00000   139.68523;
 0.00000   0.00000   0.00000   1.00000;
--------------------
INFO: set hdr.hist.orient to -1
mpr2mni305 talsrcimg
Sat Mar  7 02:37:25 CET 2026
/opt/freesurfer/bin/mpr2mni305 talsrcimg
mpr2mni305 7.3.2
target=711-2C_as_mni_average_305

---------------------------------------------------------------------
analyzeto4dfp talsrcimg -O0 -y
---------------------------------------------------------------------

freesurfer ifh2hdr.c
Sat Mar  7 02:37:25 2026
Writing: talsrcimg.4dfp.hdr
freesurfer analyzeto4dfp.c
Reading: talsrcimg.hdr
header size 348 bytes
hdr.dime.datatype	offset=70	value=2
hdr.dime.bitpix		offset=72	value=8
hdr.hist.orient		offset=252	value=-1
dimensionality     4
dimensions       256       256       256         1
Reading: talsrcimg.img
Writing: talsrcimg.4dfp.img
Writing: talsrcimg.4dfp.ifh
ifh2hdr talsrcimg -r0to213
ori=2

---------------------------------------------------------------------
gauss_4dfp talsrcimg 1.1
---------------------------------------------------------------------

freesurfer gauss_4dfp.c
Reading: talsrcimg.4dfp.img
Writing: talsrcimg_g11.4dfp.img
image dimensions 256 256 256 padded to 288 288 288
processing volume 1freesurfer ifh2hdr.c
Sat Mar  7 02:37:26 2026
Writing: talsrcimg_g11.4dfp.hdr

Writing: talsrcimg_g11.4dfp.ifh
including: talsrcimg.4dfp.img.rec in talsrcimg_g11.4dfp.img.rec

---------------------------------------------------------------------
imgreg_4dfp /opt/freesurfer/average/711-2C_as_mni_average_305 none talsrcimg_g11 none talsrcimg_to_711-2C_as_mni_average_305_t4 4355
---------------------------------------------------------------------

freesurfer imgreg_4dfp.c
/opt/freesurfer/average/711-2C_as_mni_average_305.4dfp.img
       256       256       256         1
  1.000000  1.000000  1.000000
orientation T byte_order littleendian
Reading image: /opt/freesurfer/average/711-2C_as_mni_average_305.4dfp.img
dimensions:      256       256       256
mmppix:       1.0000   -1.0000   -1.0000
center:     128.0000 -129.0000 -129.0000
talsrcimg_g11.4dfp.img
       256       256       256         1
  1.000000  1.000000  1.000000
orientation T byte_order littleendian
Reading image: talsrcimg_g11.4dfp.img
dimensions:      256       256       256
mmppix:       1.0000   -1.0000   -1.0000
center:     128.0000 -129.0000 -129.0000
t4_read: open error in t4_sub.f l:  41 t4_file(1:l)talsrcimg_to_711-2C_as_mni_average_305_t4 
t4_read: transform initialized to I4
rotation matrix determinant  1.000000
image alignment mode   4355 decimal     1103 hex
   -7.5000  -45.0000  -45.0000 8303.9219   20.2002
    0.0000  -45.0000  -45.0000 8732.5273   20.1920
    7.5000  -45.0000  -45.0000 8346.5801   20.2392
   -7.5000  -37.5000  -45.0000 8852.1592   20.1430
    0.0000  -37.5000  -45.0000 9316.7100   20.1285
    7.5000  -37.5000  -45.0000 8890.7080   20.1772
   -7.5000  -30.0000  -45.0000 9643.1787   20.1117
    0.0000  -30.0000  -45.000010170.3887   20.0879
    7.5000  -30.0000  -45.0000 9688.2510   20.1379
   -7.5000  -22.5000  -45.000010398.7217   20.0996
    0.0000  -22.5000  -45.000010977.5908   20.0710
    7.5000  -22.5000  -45.000010421.2412   20.1205
   -7.5000  -15.0000  -45.000011088.1055   20.1184
    0.0000  -15.0000  -45.000011692.1230   20.0946
    7.5000  -15.0000  -45.000011092.6035   20.1427
   -7.5000   -7.5000  -45.000011734.0723   20.1520
    0.0000   -7.5000  -45.000012332.4111   20.1392
    7.5000   -7.5000  -45.000011719.0645   20.1862
   -7.5000    0.0000  -45.000012297.6680   20.1639
    0.0000    0.0000  -45.000012907.1309   20.1557
    7.5000    0.0000  -45.000012256.7393   20.2028
   -7.5000    7.5000  -45.000011888.7998   20.1424
    0.0000    7.5000  -45.000012472.8193   20.1280
    7.5000    7.5000  -45.000011798.4600   20.1767
   -7.5000   15.0000  -45.000011361.3418   20.1117
    0.0000   15.0000  -45.000011910.4004   20.0879
    7.5000   15.0000  -45.000011260.7764   20.1379
   -7.5000   22.5000  -45.000010521.8184   20.0968
    0.0000   22.5000  -45.000011042.3965   20.0682
    7.5000   22.5000  -45.000010413.1475   20.1178
   -7.5000   30.0000  -45.0000 9599.4707   19.8503
    0.0000   30.0000  -45.000010070.9160   19.8268
    7.5000   30.0000  -45.0000 9495.4951   19.8743
   -7.5000   37.5000  -45.0000 9084.7783   19.8834
    0.0000   37.5000  -45.0000 9539.6260   19.8709
    7.5000   37.5000  -45.0000 9028.2559   19.9172
   -7.5000   45.0000  -45.0000 8271.6680   19.3900
    0.0000   45.0000  -45.0000 8658.8662   19.3821
    7.5000   45.0000  -45.0000 8216.1201   19.4274
   -7.5000  -45.0000  -37.5000 8823.3145   20.1593
    0.0000  -45.0000  -37.5000 9256.2490   20.1523
    7.5000  -45.0000  -37.5000 8835.0908   20.2001
   -7.5000  -37.5000  -37.5000 9391.8555   20.0859
    0.0000  -37.5000  -37.5000 9858.4697   20.0724
    7.5000  -37.5000  -37.5000 9379.8037   20.1232
   -7.5000  -30.0000  -37.500010220.2012   20.0535
    0.0000  -30.0000  -37.500010756.1680   20.0365
    7.5000  -30.0000  -37.500010226.1953   20.0862
   -7.5000  -22.5000  -37.500011021.5479   20.0591
    0.0000  -22.5000  -37.500011602.6172   20.0439
    7.5000  -22.5000  -37.500011022.2910   20.0894
   -7.5000  -15.0000  -37.500011737.7461   20.0949
    0.0000  -15.0000  -37.500012381.8047   20.0857
    7.5000  -15.0000  -37.500011738.1709   20.1283
   -7.5000   -7.5000  -37.500012389.2549   20.1271
    0.0000   -7.5000  -37.500013064.9521   20.1225
    7.5000   -7.5000  -37.500012380.3730   20.1664
   -7.5000    0.0000  -37.500012946.2412   20.1232
    0.0000    0.0000  -37.500013672.5430   20.1161
    7.5000    0.0000  -37.500012916.7412   20.1639
   -7.5000    7.5000  -37.500012472.4268   20.0854
    0.0000    7.5000  -37.500013151.6934   20.0719
    7.5000    7.5000  -37.500012405.5762   20.1226
   -7.5000   15.0000  -37.500011913.6514   20.0535
    0.0000   15.0000  -37.500012554.6504   20.0365
    7.5000   15.0000  -37.500011831.3701   20.0862
   -7.5000   22.5000  -37.500011010.4521   20.0564
    0.0000   22.5000  -37.500011616.5361   20.0412
    7.5000   22.5000  -37.500010929.0205   20.0866
   -7.5000   30.0000  -37.500010055.3672   19.8272
    0.0000   30.0000  -37.500010572.1680   19.8180
    7.5000   30.0000  -37.5000 9962.2920   19.8601
   -7.5000   37.5000  -37.5000 9521.7988   19.8589
    0.0000   37.5000  -37.500010014.0342   19.8544
    7.5000   37.5000  -37.5000 9461.6982   19.8976
   -7.5000   45.0000  -37.5000 8632.0342   19.3509
    0.0000   45.0000  -37.5000 9063.2910   19.3441
    7.5000   45.0000  -37.5000 8573.8232   19.3900
   -7.5000  -45.0000  -30.0000 9458.0615   20.9954
    0.0000  -45.0000  -30.0000 9940.8389   20.9905
    7.5000  -45.0000  -30.0000 9476.4131   21.0349
   -7.5000  -37.5000  -30.000010044.6826   20.8949
    0.0000  -37.5000  -30.000010571.8047   20.8857
    7.5000  -37.5000  -30.000010059.2520   20.9391
   -7.5000  -30.0000  -30.000010937.1211   20.8528
    0.0000  -30.0000  -30.000011533.7275   20.8448
    7.5000  -30.0000  -30.000010985.5859   20.9012
   -7.5000  -22.5000  -30.000011800.8145   20.8777
    0.0000  -22.5000  -30.000012446.8760   20.8745
    7.5000  -22.5000  -30.000011816.6582   20.9250
   -7.5000  -15.0000  -30.000012576.8223   20.9393
    0.0000  -15.0000  -30.000013309.0898   20.9404
    7.5000  -15.0000  -30.000012574.5645   20.9828
   -7.5000   -7.5000  -30.000013290.6895   20.9779
    0.0000   -7.5000  -30.000014072.3262   20.9784
    7.5000   -7.5000  -30.000013258.2344   21.0178
   -7.5000    0.0000  -30.000013860.7959   20.9579
    0.0000    0.0000  -30.000014684.6250   20.9529
    7.5000    0.0000  -30.000013828.9873   20.9971
   -7.5000    7.5000  -30.000013284.5039   20.8944
    0.0000    7.5000  -30.000014052.9111   20.8851
    7.5000    7.5000  -30.000013215.0654   20.9385
   -7.5000   15.0000  -30.000012667.1162   20.8528
    0.0000   15.0000  -30.000013390.2686   20.8448
    7.5000   15.0000  -30.000012592.1748   20.9012
   -7.5000   22.5000  -30.000011704.7070   20.8727
    0.0000   22.5000  -30.000012371.3936   20.8695
    7.5000   22.5000  -30.000011635.1943   20.9199
   -7.5000   30.0000  -30.000010695.7852   20.6622
    0.0000   30.0000  -30.000011282.6016   20.6633
    7.5000   30.0000  -30.000010617.3545   20.7052
   -7.5000   37.5000  -30.000010128.6445   20.7003
    0.0000   37.5000  -30.000010669.7939   20.7008
    7.5000   37.5000  -30.000010061.6914   20.7397
   -7.5000   45.0000  -30.0000 9138.9756   20.1683
    0.0000   45.0000  -30.0000 9619.0088   20.1635
    7.5000   45.0000  -30.0000 9077.3037   20.2061
   -7.5000  -45.0000  -22.500010099.2227   21.7608
    0.0000  -45.0000  -22.500010635.9355   21.7578
    7.5000  -45.0000  -22.500010116.8975   21.7974
   -7.5000  -37.5000  -22.500010717.2207   21.6519
    0.0000  -37.5000  -22.500011306.9199   21.6469
    7.5000  -37.5000  -22.500010731.5684   21.7003
   -7.5000  -30.0000  -22.500011710.0898   21.6042
    0.0000  -30.0000  -22.500012343.2510   21.5988
    7.5000  -30.0000  -22.500011727.3604   21.6625
   -7.5000  -22.5000  -22.500012616.4814   21.6316
    0.0000  -22.5000  -22.500013301.5498   21.6268
    7.5000  -22.5000  -22.500012607.7881   21.6872
   -7.5000  -15.0000  -22.500013393.3379   21.6999
    0.0000  -15.0000  -22.500014179.3711   21.6968
    7.5000  -15.0000  -22.500013394.7617   21.7456
   -7.5000   -7.5000  -22.500014136.1406   21.7431
    0.0000   -7.5000  -22.500015011.1484   21.7412
    7.5000   -7.5000  -22.500014139.5918   21.7795
   -7.5000    0.0000  -22.500014774.1494   21.7220
    0.0000    0.0000  -22.500015692.3086   21.7187
    7.5000    0.0000  -22.500014756.0732   21.7583
   -7.5000    7.5000  -22.500014145.1133   21.6513
    0.0000    7.5000  -22.500014988.7812   21.6463
    7.5000    7.5000  -22.500014070.2070   21.6997
   -7.5000   15.0000  -22.500013441.8057   21.6042
    0.0000   15.0000  -22.500014224.0938   21.5988
    7.5000   15.0000  -22.500013348.8916   21.6625
   -7.5000   22.5000  -22.500012427.8037   21.6250
    0.0000   22.5000  -22.500013147.8262   21.6201
    7.5000   22.5000  -22.500012331.1680   21.6805
   -7.5000   30.0000  -22.500011341.4502   21.4161
    0.0000   30.0000  -22.500011984.1787   21.4130
    7.5000   30.0000  -22.500011258.3477   21.4612
   -7.5000   37.5000  -22.500010725.1895   21.4587
    0.0000   37.5000  -22.500011343.6436   21.4568
    7.5000   37.5000  -22.500010667.7109   21.4946
   -7.5000   45.0000  -22.5000 9646.3232   20.9193
    0.0000   45.0000  -22.500010202.8408   20.9162
    7.5000   45.0000  -22.5000 9583.4531   20.9543
   -7.5000  -45.0000  -15.000010746.2510   22.3397
    0.0000  -45.0000  -15.000011316.2529   22.3394
    7.5000  -45.0000  -15.000010771.2979   22.3783
   -7.5000  -37.5000  -15.000011389.1973   22.2420
    0.0000  -37.5000  -15.000011996.4551   22.2395
    7.5000  -37.5000  -15.000011393.0840   22.2915
   -7.5000  -30.0000  -15.000012461.4229   22.1954
    0.0000  -30.0000  -15.000013125.3418   22.1849
    7.5000  -30.0000  -15.000012472.0723   22.2508
   -7.5000  -22.5000  -15.000013401.9551   22.2098
    0.0000  -22.5000  -15.000014150.6104   22.1919
    7.5000  -22.5000  -15.000013410.8438   22.2590
   -7.5000  -15.0000  -15.000014208.8477   22.2660
    0.0000  -15.0000  -15.000015043.7520   22.2491
    7.5000  -15.0000  -15.000014234.0576   22.3053
   -7.5000   -7.5000  -15.000014958.9609   22.3099
    0.0000   -7.5000  -15.000015904.3711   22.3024
    7.5000   -7.5000  -15.000015007.1084   22.3444
   -7.5000    0.0000  -15.000015646.7441   22.2999
    0.0000    0.0000  -15.000016644.0957   22.2993
    7.5000    0.0000  -15.000015653.6025   22.3381
   -7.5000    7.5000  -15.000014939.7158   22.2414
    0.0000    7.5000  -15.000015843.3311   22.2389
    7.5000    7.5000  -15.000014882.2148   22.2909
   -7.5000   15.0000  -15.000014166.7939   22.1954
    0.0000   15.0000  -15.000014999.0840   22.1849
    7.5000   15.0000  -15.000014080.2070   22.2508
   -7.5000   22.5000  -15.000013095.3105   22.2019
    0.0000   22.5000  -15.000013868.6162   22.1841
    7.5000   22.5000  -15.000013008.1855   22.2511
   -7.5000   30.0000  -15.000011964.8857   21.9778
    0.0000   30.0000  -15.000012685.5361   21.9611
    7.5000   30.0000  -15.000011887.0967   22.0166
   -7.5000   37.5000  -15.000011337.6523   22.0212
    0.0000   37.5000  -15.000012011.3057   22.0138
    7.5000   37.5000  -15.000011261.0068   22.0552
   -7.5000   45.0000  -15.000010176.6494   21.4888
    0.0000   45.0000  -15.000010773.4443   21.4883
    7.5000   45.0000  -15.000010094.3633   21.5257
   -7.5000  -45.0000   -7.500011392.6035   22.6026
    0.0000  -45.0000   -7.500011982.8135   22.5989
    7.5000  -45.0000   -7.500011394.4424   22.6439
   -7.5000  -37.5000   -7.500012081.9531   22.5268
    0.0000  -37.5000   -7.500012687.0801   22.5185
    7.5000  -37.5000   -7.500012070.9297   22.5708
   -7.5000  -30.0000   -7.500013229.7891   22.4852
    0.0000  -30.0000   -7.500013912.1914   22.4640
    7.5000  -30.0000   -7.500013213.8691   22.5255
   -7.5000  -22.5000   -7.500014252.5479   22.4785
    0.0000  -22.5000   -7.500015022.5117   22.4468
    7.5000  -22.5000   -7.500014253.0381   22.5106
   -7.5000  -15.0000   -7.500015105.8213   22.5115
    0.0000  -15.0000   -7.500015971.8828   22.4825
    7.5000  -15.0000   -7.500015171.1064   22.5404
   -7.5000   -7.5000   -7.500015845.6162   22.5541
    0.0000   -7.5000   -7.500016816.3262   22.5400
    7.5000   -7.5000   -7.500015953.0615   22.5884
   -7.5000    0.0000   -7.500016539.5469   22.5620
    0.0000    0.0000   -7.500017555.6426   22.5582
    7.5000    0.0000   -7.500016639.9609   22.6032
   -7.5000    7.5000   -7.500015750.1914   22.5262
    0.0000    7.5000   -7.500016678.4883   22.5179
    7.5000    7.5000   -7.500015774.5264   22.5702
   -7.5000   15.0000   -7.500014877.0488   22.4852
    0.0000   15.0000   -7.500015747.6387   22.4640
    7.5000   15.0000   -7.500014851.3555   22.5255
   -7.5000   22.5000   -7.500013772.5869   22.4681
    0.0000   22.5000   -7.500014593.1777   22.4364
    7.5000   22.5000   -7.500013708.9619   22.5002
   -7.5000   30.0000   -7.500012575.6211   22.2196
    0.0000   30.0000   -7.500013373.0010   22.1909
    7.5000   30.0000   -7.500012544.5488   22.2481
   -7.5000   37.5000   -7.500011936.4941   22.2616
    0.0000   37.5000   -7.500012682.9629   22.2477
    7.5000   37.5000   -7.500011894.1084   22.2955
   -7.5000   45.0000   -7.500010738.9111   21.7456
    0.0000   45.0000   -7.500011387.1572   21.7419
    7.5000   45.0000   -7.500010693.1230   21.7852
   -7.5000  -45.0000    0.000011967.3281   22.6046
    0.0000  -45.0000    0.000012538.3096   22.5954
    7.5000  -45.0000    0.000011933.4131   22.6482
   -7.5000  -37.5000    0.000012690.9697   22.5405
    0.0000  -37.5000    0.000013281.0107   22.5243
    7.5000  -37.5000    0.000012662.4658   22.5788
   -7.5000  -30.0000    0.000013891.4561   22.5055
    0.0000  -30.0000    0.000014552.3721   22.4789
    7.5000  -30.0000    0.000013869.7002   22.5348
   -7.5000  -22.5000    0.000015032.1631   22.4920
    0.0000  -22.5000    0.000015863.9053   22.4600
    7.5000  -22.5000    0.000015096.8906   22.5154
   -7.5000  -15.0000    0.000015894.6133   22.5130
    0.0000  -15.0000    0.000016894.9805   22.4864
    7.5000  -15.0000    0.000016144.6143   22.5402
   -7.5000   -7.5000    0.000016628.3027   22.5506
    0.0000   -7.5000    0.000017643.1680   22.5363
    7.5000   -7.5000    0.000016941.1367   22.5889
   -7.5000    0.0000    0.000017335.1172   22.5640
    0.0000    0.0000    0.000018370.3516   22.5547
    7.5000    0.0000    0.000017586.3613   22.6075
   -7.5000    7.5000    0.000016488.0391   22.5399
    0.0000    7.5000    0.000017425.5664   22.5237
    7.5000    7.5000    0.000016651.2461   22.5782
   -7.5000   15.0000    0.000015531.3145   22.5055
    0.0000   15.0000    0.000016436.6719   22.4789
    7.5000   15.0000    0.000015635.7549   22.5348
   -7.5000   22.5000    0.000014373.1768   22.4816
    0.0000   22.5000    0.000015246.5459   22.4496
    7.5000   22.5000    0.000014415.3027   22.5050
   -7.5000   30.0000    0.000013147.6035   22.2217
    0.0000   30.0000    0.000013978.9424   22.1954
    7.5000   30.0000    0.000013168.6416   22.2485
   -7.5000   37.5000    0.000012450.5225   22.2588
    0.0000   37.5000    0.000013245.1680   22.2447
    7.5000   37.5000    0.000012451.5098   22.2966
   -7.5000   45.0000    0.000011221.6943   21.7491
    0.0000   45.0000    0.000011917.5967   21.7401
    7.5000   45.0000    0.000011202.7959   21.7910
   -7.5000  -45.0000    7.500011509.6758   22.5588
    0.0000  -45.0000    7.500012089.0264   22.5510
    7.5000  -45.0000    7.500011495.2998   22.6045
   -7.5000  -37.5000    7.500012265.4453   22.4766
    0.0000  -37.5000    7.500012804.0342   22.4616
    7.5000  -37.5000    7.500012204.9434   22.5184
   -7.5000  -30.0000    7.500013519.9053   22.4404
    0.0000  -30.0000    7.500014119.8311   22.4214
    7.5000  -30.0000    7.500013466.5059   22.4770
   -7.5000  -22.5000    7.500014683.1523   22.4467
    0.0000  -22.5000    7.500015515.5498   22.4297
    7.5000  -22.5000    7.500014732.5625   22.4806
   -7.5000  -15.0000    7.500015539.0029   22.4868
    0.0000  -15.0000    7.500016384.8320   22.4764
    7.5000  -15.0000    7.500015741.5059   22.5241
   -7.5000   -7.5000    7.500016164.8076   22.5228
    0.0000   -7.5000    7.500016992.8516   22.5176
    7.5000   -7.5000    7.500016444.6270   22.5667
   -7.5000    0.0000    7.500016884.3105   22.5184
    0.0000    0.0000    7.500017718.5488   22.5105
    7.5000    0.0000    7.500017038.0684   22.5639
   -7.5000    7.5000    7.500016080.4424   22.4760
    0.0000    7.5000    7.500016907.0645   22.4610
    7.5000    7.5000    7.500016155.6514   22.5178
   -7.5000   15.0000    7.500015091.0703   22.4404
    0.0000   15.0000    7.500015884.4082   22.4214
    7.5000   15.0000    7.500015110.8633   22.4770
   -7.5000   22.5000    7.500013983.7129   22.4364
    0.0000   22.5000    7.500014717.9023   22.4194
    7.5000   22.5000    7.500013935.1201   22.4702
   -7.5000   30.0000    7.500012775.7598   22.1958
    0.0000   30.0000    7.500013494.6748   22.1855
    7.5000   30.0000    7.500012740.3555   22.2326
   -7.5000   37.5000    7.500012068.0947   22.2313
    0.0000   37.5000    7.500012791.3477   22.2262
    7.5000   37.5000    7.500012037.3447   22.2746
   -7.5000   45.0000    7.500010885.8848   21.7052
    0.0000   45.0000    7.500011538.7295   21.6975
    7.5000   45.0000    7.500010837.3076   21.7490
   -7.5000  -45.0000   15.000010961.7188   22.5456
    0.0000  -45.0000   15.000011525.7061   22.5404
    7.5000  -45.0000   15.000010978.2588   22.5880
   -7.5000  -37.5000   15.000011699.2715   22.4377
    0.0000  -37.5000   15.000012266.1777   22.4278
    7.5000  -37.5000   15.000011672.6133   22.4851
   -7.5000  -30.0000   15.000012945.9141   22.3925
    0.0000  -30.0000   15.000013661.5234   22.3839
    7.5000  -30.0000   15.000012867.4600   22.4445
   -7.5000  -22.5000   15.000014256.8467   22.4193
    0.0000  -22.5000   15.000015090.1143   22.4158
    7.5000  -22.5000   15.000013989.3779   22.4700
   -7.5000  -15.0000   15.000015260.9766   22.4854
    0.0000  -15.0000   15.000015939.7002   22.4866
    7.5000  -15.0000   15.000014886.9053   22.5321
   -7.5000   -7.5000   15.000015848.5615   22.5268
    0.0000   -7.5000   15.000016451.1992   22.5274
    7.5000   -7.5000   15.000015604.2900   22.5696
   -7.5000    0.0000   15.000016408.8418   22.5053
    0.0000    0.0000   15.000017073.8516   22.4999
    7.5000    0.0000   15.000016261.5420   22.5475
   -7.5000    7.5000   15.000015512.1172   22.4371
    0.0000    7.5000   15.000016201.3555   22.4272
    7.5000    7.5000   15.000015424.0049   22.4846
   -7.5000   15.0000   15.000014454.4736   22.3925
    0.0000   15.0000   15.000015120.0127   22.3839
    7.5000   15.0000   15.000014370.5723   22.4445
   -7.5000   22.5000   15.000013402.6172   22.4089
    0.0000   22.5000   15.000014004.1748   22.4054
    7.5000   22.5000   15.000013303.4502   22.4596
   -7.5000   30.0000   15.000012259.8350   22.1944
    0.0000   30.0000   15.000012851.5312   22.1955
    7.5000   30.0000   15.000012188.6768   22.2405
   -7.5000   37.5000   15.000011586.1357   22.2353
    0.0000   37.5000   15.000012181.2129   22.2358
    7.5000   37.5000   15.000011506.0527   22.2775
   -7.5000   45.0000   15.000010437.3848   21.6925
    0.0000   45.0000   15.000010958.7246   21.6873
    7.5000   45.0000   15.000010335.4551   21.7331
   -7.5000  -45.0000   22.500010324.1660   22.5901
    0.0000  -45.0000   22.500010962.3760   22.5869
    7.5000  -45.0000   22.500010314.3037   22.6281
   -7.5000  -37.5000   22.500011060.0342   22.4770
    0.0000  -37.5000   22.500011725.3262   22.4718
    7.5000  -37.5000   22.500011001.5752   22.5273
   -7.5000  -30.0000   22.500012216.9619   22.4275
    0.0000  -30.0000   22.500012991.1172   22.4219
    7.5000  -30.0000   22.500012118.3711   22.4880
   -7.5000  -22.5000   22.500013368.1055   22.4560
    0.0000  -22.5000   22.500014156.4229   22.4510
    7.5000  -22.5000   22.500013102.4893   22.5136
   -7.5000  -15.0000   22.500014282.9844   22.5269
    0.0000  -15.0000   22.500014870.2422   22.5236
    7.5000  -15.0000   22.500013870.7939   22.5743
   -7.5000   -7.5000   22.500014956.5010   22.5717
    0.0000   -7.5000   22.500015492.1943   22.5697
    7.5000   -7.5000   22.500014580.4912   22.6095
   -7.5000    0.0000   22.500015563.3291   22.5498
    0.0000    0.0000   22.500016158.0010   22.5464
    7.5000    0.0000   22.500015278.5771   22.5875
   -7.5000    7.5000   22.500014679.4111   22.4764
    0.0000    7.5000   22.500015263.6396   22.4712
    7.5000    7.5000   22.500014496.9902   22.5267
   -7.5000   15.0000   22.500013647.7363   22.4275
    0.0000   15.0000   22.500014218.2051   22.4219
    7.5000   15.0000   22.500013498.3711   22.4880
   -7.5000   22.5000   22.500012632.0723   22.4456
    0.0000   22.5000   22.500013174.5332   22.4406
    7.5000   22.5000   22.500012503.2295   22.5033
   -7.5000   30.0000   22.500011566.9531   22.2354
    0.0000   30.0000   22.500012089.5195   22.2321
    7.5000   30.0000   22.500011449.5234   22.2822
   -7.5000   37.5000   22.500010902.7627   22.2796
    0.0000   37.5000   22.500011413.4414   22.2776
    7.5000   37.5000   22.500010792.0332   22.3169
   -7.5000   45.0000   22.5000 9806.4102   21.7354
    0.0000   45.0000   22.500010254.5518   21.7321
    7.5000   45.0000   22.5000 9694.2656   21.7717
   -7.5000  -45.0000   30.0000 9604.0176   22.7353
    0.0000  -45.0000   30.000010136.7119   22.7350
    7.5000  -45.0000   30.0000 9597.9648   22.7748
   -7.5000  -37.5000   30.000010229.3994   22.6346
    0.0000  -37.5000   30.000010782.2529   22.6321
    7.5000  -37.5000   30.000010246.1416   22.6854
   -7.5000  -30.0000   30.000011241.6318   22.5857
    0.0000  -30.0000   30.000011855.0527   22.5751
    7.5000  -30.0000   30.000011259.2471   22.6426
   -7.5000  -22.5000   30.000012201.0742   22.6003
    0.0000  -22.5000   30.000012801.0264   22.5820
    7.5000  -22.5000   30.000012114.7295   22.6506
   -7.5000  -15.0000   30.000012948.7686   22.6586
    0.0000  -15.0000   30.000013448.0254   22.6411
    7.5000  -15.0000   30.000012792.9453   22.6986
   -7.5000   -7.5000   30.000013580.2598   22.7045
    0.0000   -7.5000   30.000014113.5498   22.6967
    7.5000   -7.5000   30.000013438.8145   22.7396
   -7.5000    0.0000   30.000014238.5010   22.6946
    0.0000    0.0000   30.000014812.0889   22.6940
    7.5000    0.0000   30.000014092.9688   22.7338
   -7.5000    7.5000   30.000013586.6367   22.6340
    0.0000    7.5000   30.000014128.7334   22.6315
    7.5000    7.5000   30.000013426.2891   22.6848
   -7.5000   15.0000   30.000012700.3389   22.5857
    0.0000   15.0000   30.000013196.9121   22.5751
    7.5000   15.0000   30.000012520.9668   22.6426
   -7.5000   22.5000   30.000011768.6553   22.5899
    0.0000   22.5000   30.000012254.1895   22.5716
    7.5000   22.5000   30.000011626.6270   22.6402
   -7.5000   30.0000   30.000010794.7129   22.3653
    0.0000   30.0000   30.000011269.1895   22.3481
    7.5000   30.0000   30.000010669.6729   22.4048
   -7.5000   37.5000   30.000010148.6836   22.4106
    0.0000   37.5000   30.000010588.1289   22.4029
    7.5000   37.5000   30.000010033.2676   22.4453
   -7.5000   45.0000   30.0000 9096.7227   21.8750
    0.0000   45.0000   30.0000 9490.0605   21.8744
    7.5000   45.0000   30.0000 8985.3164   21.9127
   -7.5000  -45.0000   37.5000 9119.0654   22.9427
    0.0000  -45.0000   37.5000 9613.0557   22.9393
    7.5000  -45.0000   37.5000 9148.1543   22.9855
   -7.5000  -37.5000   37.5000 9696.9736   22.8630
    0.0000  -37.5000   37.500010224.9336   22.8549
    7.5000  -37.5000   37.5000 9738.4541   22.9084
   -7.5000  -30.0000   37.500010637.7129   22.8185
    0.0000  -30.0000   37.500011210.1904   22.7970
    7.5000  -30.0000   37.500010675.9219   22.8599
   -7.5000  -22.5000   37.500011531.5830   22.8119
    0.0000  -22.5000   37.500012080.5449   22.7794
    7.5000  -22.5000   37.500011491.1846   22.8447
   -7.5000  -15.0000   37.500012257.0244   22.8475
    0.0000  -15.0000   37.500012751.9004   22.8177
    7.5000  -15.0000   37.500012169.1318   22.8770
   -7.5000   -7.5000   37.500012905.5732   22.8927
    0.0000   -7.5000   37.500013432.7607   22.8784
    7.5000   -7.5000   37.500012818.9854   22.9281
   -7.5000    0.0000   37.500013548.5820   22.9010
    0.0000    0.0000   37.500014123.6670   22.8975
    7.5000    0.0000   37.500013459.2441   22.9436
   -7.5000    7.5000   37.500012991.1885   22.8624
    0.0000    7.5000   37.500013519.8271   22.8543
    7.5000    7.5000   37.500012890.3291   22.9078
   -7.5000   15.0000   37.500012168.9326   22.8185
    0.0000   15.0000   37.500012671.6768   22.7970
    7.5000   15.0000   37.500012064.6191   22.8599
   -7.5000   22.5000   37.500011305.8477   22.8014
    0.0000   22.5000   37.500011798.0850   22.7689
    7.5000   22.5000   37.500011223.5840   22.8342
   -7.5000   30.0000   37.500010397.0049   22.5518
    0.0000   30.0000   37.500010861.3379   22.5224
    7.5000   30.0000   37.500010330.9248   22.5810
   -7.5000   37.5000   37.5000 9768.2588   22.5965
    0.0000   37.5000   37.500010209.6045   22.5824
    7.5000   37.5000   37.5000 9719.8711   22.6314
   -7.5000   45.0000   37.5000 8770.6543   22.0740
    0.0000   45.0000   37.5000 9172.3496   22.0705
    7.5000   45.0000   37.5000 8710.1250   22.1150
   -7.5000  -45.0000   45.0000 8295.9824   23.2966
    0.0000  -45.0000   45.0000 8771.5488   23.2873
    7.5000  -45.0000   45.0000 8369.8369   23.3429
   -7.5000  -37.5000   45.0000 8836.8672   23.2244
    0.0000  -37.5000   45.0000 9342.0332   23.2077
    7.5000  -37.5000   45.0000 8906.8652   23.2649
   -7.5000  -30.0000   45.0000 9722.6729   23.1854
    0.0000  -30.0000   45.000010271.1768   23.1576
    7.5000  -30.0000   45.0000 9788.0957   23.2162
   -7.5000  -22.5000   45.000010525.0215   23.1738
    0.0000  -22.5000   45.000011040.7949   23.1398
    7.5000  -22.5000   45.000010525.2451   23.1982
   -7.5000  -15.0000   45.000011164.0576   23.1998
    0.0000  -15.0000   45.000011656.6777   23.1713
    7.5000  -15.0000   45.000011145.5684   23.2285
   -7.5000   -7.5000   45.000011767.4189   23.2410
    0.0000   -7.5000   45.000012273.5371   23.2259
    7.5000   -7.5000   45.000011748.9766   23.2817
   -7.5000    0.0000   45.000012378.0889   23.2532
    0.0000    0.0000   45.000012894.3916   23.2438
    7.5000    0.0000   45.000012322.0186   23.2994
   -7.5000    7.5000   45.000011933.0596   23.2237
    0.0000    7.5000   45.000012429.4521   23.2071
    7.5000    7.5000   45.000011875.2383   23.2642
   -7.5000   15.0000   45.000011186.5195   23.1854
    0.0000   15.0000   45.000011679.2002   23.1576
    7.5000   15.0000   45.000011155.6338   23.2162
   -7.5000   22.5000   45.000010418.6680   23.1630
    0.0000   22.5000   45.000010888.4629   23.1290
    7.5000   22.5000   45.000010386.2842   23.1875
   -7.5000   30.0000   45.0000 9594.9248   22.8975
    0.0000   30.0000   45.000010047.3799   22.8695
    7.5000   30.0000   45.0000 9564.3340   22.9259
   -7.5000   37.5000   45.0000 9042.6201   22.9382
    0.0000   37.5000   45.0000 9465.6094   22.9233
    7.5000   37.5000   45.0000 9010.0840   22.9784
   -7.5000   45.0000   45.0000 8138.9028   22.4236
    0.0000   45.0000   45.0000 8512.5557   22.4145
    7.5000   45.0000   45.0000 8098.3398   22.4681

---------------------------------------------------------------------
imgreg_4dfp /opt/freesurfer/average/711-2C_as_mni_average_305 /opt/freesurfer/average/711-2B_as_mni_average_305_mask talsrcimg_g11 none talsrcimg_to_711-2C_as_mni_average_305_t4 4355
---------------------------------------------------------------------

freesurfer imgreg_4dfp.c
/opt/freesurfer/average/711-2C_as_mni_average_305.4dfp.img
       256       256       256         1
  1.000000  1.000000  1.000000
orientation T byte_order littleendian
Reading image: /opt/freesurfer/average/711-2C_as_mni_average_305.4dfp.img
dimensions:      256       256       256
mmppix:       1.0000   -1.0000   -1.0000
center:     128.0000 -129.0000 -129.0000
/opt/freesurfer/average/711-2B_as_mni_average_305_mask.4dfp.img
       256       256       256         1
  1.000000  1.000000  1.000000
orientation T byte_order littleendian
Reading mask: /opt/freesurfer/average/711-2B_as_mni_average_305_mask.4dfp.img (2306576 pixels)
talsrcimg_g11.4dfp.img
       256       256       256         1
  1.000000  1.000000  1.000000
orientation T byte_order littleendian
Reading image: talsrcimg_g11.4dfp.img
dimensions:      256       256       256
mmppix:       1.0000   -1.0000   -1.0000
center:     128.0000 -129.0000 -129.0000
rotation matrix determinant  1.000000
image alignment mode   4355 decimal     1103 hex
   -7.5000  -45.0000  -45.0000 2168.7258   22.4693
    0.0000  -45.0000  -45.0000 2180.5974   22.5437
    7.5000  -45.0000  -45.0000 2167.3677   22.5667
   -7.5000  -37.5000  -45.0000 2241.2549   20.9426
    0.0000  -37.5000  -45.0000 2257.0874   21.0473
    7.5000  -37.5000  -45.0000 2238.4097   21.0401
   -7.5000  -30.0000  -45.0000 2271.7544   19.8811
    0.0000  -30.0000  -45.0000 2291.0552   19.9452
    7.5000  -30.0000  -45.0000 2271.9258   19.9508
   -7.5000  -22.5000  -45.0000 2284.4631   19.3212
    0.0000  -22.5000  -45.0000 2303.5713   19.3923
    7.5000  -22.5000  -45.0000 2285.6672   19.3591
   -7.5000  -15.0000  -45.0000 2285.3108   19.0219
    0.0000  -15.0000  -45.0000 2299.8630   19.0577
    7.5000  -15.0000  -45.0000 2281.1414   19.1014
   -7.5000   -7.5000  -45.0000 2277.2173   19.0408
    0.0000   -7.5000  -45.0000 2286.5515   19.0081
    7.5000   -7.5000  -45.0000 2266.2268   19.0941
   -7.5000    0.0000  -45.0000 2259.2346   19.2787
    0.0000    0.0000  -45.0000 2269.0847   19.2525
    7.5000    0.0000  -45.0000 2241.5134   19.3734
   -7.5000    7.5000  -45.0000 2235.4241   19.9649
    0.0000    7.5000  -45.0000 2244.3577   19.9023
    7.5000    7.5000  -45.0000 2217.2388   20.0315
   -7.5000   15.0000  -45.0000 2186.6294   20.9858
    0.0000   15.0000  -45.0000 2193.1040   20.9346
    7.5000   15.0000  -45.0000 2174.1111   21.1188
   -7.5000   22.5000  -45.0000 2122.0276   22.4503
    0.0000   22.5000  -45.0000 2128.5479   22.3567
    7.5000   22.5000  -45.0000 2107.5208   22.6382
   -7.5000   30.0000  -45.0000 2036.5004   24.4880
    0.0000   30.0000  -45.0000 2041.2701   24.2977
    7.5000   30.0000  -45.0000 2020.1556   24.7493
   -7.5000   37.5000  -45.0000 1935.8185   27.2566
    0.0000   37.5000  -45.0000 1943.3438   27.0725
    7.5000   37.5000  -45.0000 1922.8696   27.5151
   -7.5000   45.0000  -45.0000 1828.0786   30.8706
    0.0000   45.0000  -45.0000 1829.9299   30.6641
    7.5000   45.0000  -45.0000 1815.8308   31.1428
   -7.5000  -45.0000  -37.5000 2255.6797   20.8684
    0.0000  -45.0000  -37.5000 2266.1211   20.9587
    7.5000  -45.0000  -37.5000 2249.0359   21.0306
   -7.5000  -37.5000  -37.5000 2328.9768   19.3875
    0.0000  -37.5000  -37.5000 2343.7056   19.4293
    7.5000  -37.5000  -37.5000 2319.8511   19.5057
   -7.5000  -30.0000  -37.5000 2366.2610   18.4212
    0.0000  -30.0000  -37.5000 2381.3975   18.4528
    7.5000  -30.0000  -37.5000 2356.6743   18.4849
   -7.5000  -22.5000  -37.5000 2385.3420   17.8253
    0.0000  -22.5000  -37.5000 2402.1572   17.8793
    7.5000  -22.5000  -37.5000 2380.7507   17.8841
   -7.5000  -15.0000  -37.5000 2392.3757   17.5212
    0.0000  -15.0000  -37.5000 2405.7100   17.5468
    7.5000  -15.0000  -37.5000 2388.0266   17.5711
   -7.5000   -7.5000  -37.5000 2384.9751   17.5090
    0.0000   -7.5000  -37.5000 2393.4062   17.5094
    7.5000   -7.5000  -37.5000 2379.3220   17.5636
   -7.5000    0.0000  -37.5000 2364.2415   17.6822
    0.0000    0.0000  -37.5000 2377.7581   17.6780
    7.5000    0.0000  -37.5000 2357.0046   17.7678
   -7.5000    7.5000  -37.5000 2343.0693   18.2810
    0.0000    7.5000  -37.5000 2353.0806   18.2396
    7.5000    7.5000  -37.5000 2332.7710   18.3447
   -7.5000   15.0000  -37.5000 2292.3555   19.2177
    0.0000   15.0000  -37.5000 2300.9282   19.1839
    7.5000   15.0000  -37.5000 2280.1960   19.2873
   -7.5000   22.5000  -37.5000 2218.7795   20.5865
    0.0000   22.5000  -37.5000 2229.6575   20.5232
    7.5000   22.5000  -37.5000 2207.1125   20.6916
   -7.5000   30.0000  -37.5000 2131.5815   22.5086
    0.0000   30.0000  -37.5000 2140.3481   22.4358
    7.5000   30.0000  -37.5000 2116.2122   22.6642
   -7.5000   37.5000  -37.5000 2025.8474   24.9954
    0.0000   37.5000  -37.5000 2034.8900   24.8924
    7.5000   37.5000  -37.5000 2016.2865   25.1739
   -7.5000   45.0000  -37.5000 1907.7629   28.1986
    0.0000   45.0000  -37.5000 1911.2135   28.0393
    7.5000   45.0000  -37.5000 1900.2894   28.4325
   -7.5000  -45.0000  -30.0000 2363.1396   20.1513
    0.0000  -45.0000  -30.0000 2380.7617   20.1991
    7.5000  -45.0000  -30.0000 2367.8662   20.2805
   -7.5000  -37.5000  -30.0000 2444.3562   18.6126
    0.0000  -37.5000  -30.0000 2461.3267   18.6562
    7.5000  -37.5000  -30.0000 2444.0256   18.7280
   -7.5000  -30.0000  -30.0000 2489.3005   17.5975
    0.0000  -30.0000  -30.0000 2505.9270   17.6487
    7.5000  -30.0000  -30.0000 2490.4038   17.7380
   -7.5000  -22.5000  -30.0000 2527.0598   17.0168
    0.0000  -22.5000  -30.0000 2539.3350   17.0467
    7.5000  -22.5000  -30.0000 2519.3127   17.1037
   -7.5000  -15.0000  -30.0000 2542.8608   16.7164
    0.0000  -15.0000  -30.0000 2560.6921   16.7187
    7.5000  -15.0000  -30.0000 2535.3323   16.7573
   -7.5000   -7.5000  -30.0000 2544.8132   16.7122
    0.0000   -7.5000  -30.0000 2558.7910   16.6841
    7.5000   -7.5000  -30.0000 2532.1516   16.7210
   -7.5000    0.0000  -30.0000 2523.0483   16.8794
    0.0000    0.0000  -30.0000 2544.0061   16.8680
    7.5000    0.0000  -30.0000 2510.1030   16.9267
   -7.5000    7.5000  -30.0000 2497.1719   17.4122
    0.0000    7.5000  -30.0000 2517.9338   17.3958
    7.5000    7.5000  -30.0000 2487.0532   17.4619
   -7.5000   15.0000  -30.0000 2442.6758   18.2471
    0.0000   15.0000  -30.0000 2458.4526   18.2501
    7.5000   15.0000  -30.0000 2430.4880   18.3144
   -7.5000   22.5000  -30.0000 2359.8499   19.5768
    0.0000   22.5000  -30.0000 2376.1780   19.5651
    7.5000   22.5000  -30.0000 2350.1477   19.6646
   -7.5000   30.0000  -30.0000 2256.9895   21.4106
    0.0000   30.0000  -30.0000 2274.7087   21.3683
    7.5000   30.0000  -30.0000 2249.1228   21.5164
   -7.5000   37.5000  -30.0000 2146.1543   23.7747
    0.0000   37.5000  -30.0000 2162.0574   23.7188
    7.5000   37.5000  -30.0000 2140.3057   23.8897
   -7.5000   45.0000  -30.0000 2016.6329   26.7895
    0.0000   45.0000  -30.0000 2028.1971   26.7141
    7.5000   45.0000  -30.0000 2006.7562   26.9782
   -7.5000  -45.0000  -22.5000 2444.0315   19.4258
    0.0000  -45.0000  -22.5000 2463.2400   19.3952
    7.5000  -45.0000  -22.5000 2446.5083   19.4957
   -7.5000  -37.5000  -22.5000 2537.3435   17.9059
    0.0000  -37.5000  -22.5000 2555.5254   17.8734
    7.5000  -37.5000  -22.5000 2533.4668   17.9822
   -7.5000  -30.0000  -22.5000 2602.4631   16.8222
    0.0000  -30.0000  -22.5000 2614.8042   16.8279
    7.5000  -30.0000  -22.5000 2599.1917   16.9212
   -7.5000  -22.5000  -22.5000 2648.2910   16.1511
    0.0000  -22.5000  -22.5000 2654.8813   16.1746
    7.5000  -22.5000  -22.5000 2635.5762   16.2452
   -7.5000  -15.0000  -22.5000 2668.0820   15.8090
    0.0000  -15.0000  -22.5000 2684.7437   15.8090
    7.5000  -15.0000  -22.5000 2661.7358   15.8453
   -7.5000   -7.5000  -22.5000 2673.3223   15.7939
    0.0000   -7.5000  -22.5000 2693.9163   15.7878
    7.5000   -7.5000  -22.5000 2664.1450   15.8560
   -7.5000    0.0000  -22.5000 2655.2358   16.0245
    0.0000    0.0000  -22.5000 2679.7439   15.9787
    7.5000    0.0000  -22.5000 2644.9558   16.0841
   -7.5000    7.5000  -22.5000 2628.6558   16.5682
    0.0000    7.5000  -22.5000 2653.6699   16.5009
    7.5000    7.5000  -22.5000 2618.9253   16.6287
   -7.5000   15.0000  -22.5000 2569.3108   17.3899
    0.0000   15.0000  -22.5000 2589.9695   17.3316
    7.5000   15.0000  -22.5000 2557.8306   17.4451
   -7.5000   22.5000  -22.5000 2482.6169   18.6513
    0.0000   22.5000  -22.5000 2499.9944   18.6054
    7.5000   22.5000  -22.5000 2469.1282   18.7171
   -7.5000   30.0000  -22.5000 2367.4292   20.4178
    0.0000   30.0000  -22.5000 2385.2346   20.3635
    7.5000   30.0000  -22.5000 2359.1807   20.5037
   -7.5000   37.5000  -22.5000 2241.1836   22.6672
    0.0000   37.5000  -22.5000 2261.2517   22.6186
    7.5000   37.5000  -22.5000 2239.6848   22.7473
   -7.5000   45.0000  -22.5000 2097.9648   25.5333
    0.0000   45.0000  -22.5000 2115.7014   25.4693
    7.5000   45.0000  -22.5000 2089.0767   25.6038
   -7.5000  -45.0000  -15.0000 2490.5417   18.7957
    0.0000  -45.0000  -15.0000 2506.9849   18.6767
    7.5000  -45.0000  -15.0000 2493.0981   18.8757
   -7.5000  -37.5000  -15.0000 2595.0400   17.2508
    0.0000  -37.5000  -15.0000 2613.3479   17.1801
    7.5000  -37.5000  -15.0000 2591.7046   17.3501
   -7.5000  -30.0000  -15.0000 2678.0371   16.1704
    0.0000  -30.0000  -15.0000 2693.0183   16.1210
    7.5000  -30.0000  -15.0000 2674.4250   16.2493
   -7.5000  -22.5000  -15.0000 2735.0049   15.4294
    0.0000  -22.5000  -15.0000 2747.1790   15.4181
    7.5000  -22.5000  -15.0000 2724.3093   15.5277
   -7.5000  -15.0000  -15.0000 2767.5801   14.9909
    0.0000  -15.0000  -15.0000 2783.8027   14.9941
    7.5000  -15.0000  -15.0000 2757.0811   15.1000
   -7.5000   -7.5000  -15.0000 2770.7922   14.9891
    0.0000   -7.5000  -15.0000 2790.8215   14.9652
    7.5000   -7.5000  -15.0000 2762.4573   15.1048
   -7.5000    0.0000  -15.0000 2757.9424   15.2827
    0.0000    0.0000  -15.0000 2779.1482   15.1883
    7.5000    0.0000  -15.0000 2747.7485   15.3324
   -7.5000    7.5000  -15.0000 2728.0315   15.8120
    0.0000    7.5000  -15.0000 2748.1692   15.7142
    7.5000    7.5000  -15.0000 2714.2346   15.8482
   -7.5000   15.0000  -15.0000 2663.0974   16.6331
    0.0000   15.0000  -15.0000 2678.9944   16.5500
    7.5000   15.0000  -15.0000 2646.6274   16.6932
   -7.5000   22.5000  -15.0000 2568.4912   17.8714
    0.0000   22.5000  -15.0000 2583.3074   17.7944
    7.5000   22.5000  -15.0000 2552.6812   17.9280
   -7.5000   30.0000  -15.0000 2448.3074   19.6078
    0.0000   30.0000  -15.0000 2466.1479   19.5314
    7.5000   30.0000  -15.0000 2434.9080   19.6541
   -7.5000   37.5000  -15.0000 2323.2585   21.7888
    0.0000   37.5000  -15.0000 2337.1731   21.7193
    7.5000   37.5000  -15.0000 2305.3203   21.8137
   -7.5000   45.0000  -15.0000 2161.1394   24.5125
    0.0000   45.0000  -15.0000 2178.0664   24.4580
    7.5000   45.0000  -15.0000 2146.9453   24.5635
   -7.5000  -45.0000   -7.5000 2513.2959   18.3182
    0.0000  -45.0000   -7.5000 2531.7590   18.1461
    7.5000  -45.0000   -7.5000 2519.8223   18.3815
   -7.5000  -37.5000   -7.5000 2627.7844   16.7697
    0.0000  -37.5000   -7.5000 2645.9758   16.6047
    7.5000  -37.5000   -7.5000 2629.3894   16.8697
   -7.5000  -30.0000   -7.5000 2725.3843   15.6212
    0.0000  -30.0000   -7.5000 2747.4045   15.5155
    7.5000  -30.0000   -7.5000 2723.3240   15.7336
   -7.5000  -22.5000   -7.5000 2800.5020   14.8396
    0.0000  -22.5000   -7.5000 2818.6624   14.7700
    7.5000  -22.5000   -7.5000 2794.5732   14.9788
   -7.5000  -15.0000   -7.5000 2844.8945   14.3576
    0.0000  -15.0000   -7.5000 2864.8250   14.3081
    7.5000  -15.0000   -7.5000 2834.8032   14.5255
   -7.5000   -7.5000   -7.5000 2855.7114   14.2760
    0.0000   -7.5000   -7.5000 2877.2087   14.2269
    7.5000   -7.5000   -7.5000 2847.0906   14.4479
   -7.5000    0.0000   -7.5000 2836.5864   14.6099
    0.0000    0.0000   -7.5000 2855.3738   14.5313
    7.5000    0.0000   -7.5000 2830.9565   14.7046
   -7.5000    7.5000   -7.5000 2802.1870   15.1488
    0.0000    7.5000   -7.5000 2817.5574   15.0442
    7.5000    7.5000   -7.5000 2792.1064   15.2307
   -7.5000   15.0000   -7.5000 2729.1082   16.0276
    0.0000   15.0000   -7.5000 2743.7258   15.8993
    7.5000   15.0000   -7.5000 2719.2532   16.0898
   -7.5000   22.5000   -7.5000 2633.8301   17.2748
    0.0000   22.5000   -7.5000 2647.3291   17.1428
    7.5000   22.5000   -7.5000 2616.0864   17.3701
   -7.5000   30.0000   -7.5000 2510.6636   18.9316
    0.0000   30.0000   -7.5000 2527.9146   18.8189
    7.5000   30.0000   -7.5000 2491.7537   19.0350
   -7.5000   37.5000   -7.5000 2374.6755   21.0149
    0.0000   37.5000   -7.5000 2387.6455   20.9162
    7.5000   37.5000   -7.5000 2359.5815   21.1134
   -7.5000   45.0000   -7.5000 2207.2688   23.5717
    0.0000   45.0000   -7.5000 2222.1135   23.5447
    7.5000   45.0000   -7.5000 2199.7585   23.7098
   -7.5000  -45.0000    0.0000 2519.6245   18.1287
    0.0000  -45.0000    0.0000 2531.4692   17.8118
    7.5000  -45.0000    0.0000 2523.0569   18.1655
   -7.5000  -37.5000    0.0000 2635.2441   16.5290
    0.0000  -37.5000    0.0000 2651.0847   16.2692
    7.5000  -37.5000    0.0000 2643.8838   16.6339
   -7.5000  -30.0000    0.0000 2737.5283   15.3155
    0.0000  -30.0000    0.0000 2761.2913   15.1274
    7.5000  -30.0000    0.0000 2746.8992   15.4583
   -7.5000  -22.5000    0.0000 2831.2695   14.4803
    0.0000  -22.5000    0.0000 2858.6821   14.3463
    7.5000  -22.5000    0.0000 2836.6428   14.6437
   -7.5000  -15.0000    0.0000 2889.1130   13.9600
    0.0000  -15.0000    0.0000 2924.1501   13.8679
    7.5000  -15.0000    0.0000 2893.3696   14.2326
   -7.5000   -7.5000    0.0000 2909.4026   13.8074
    0.0000   -7.5000    0.0000 2944.6318   13.7390
    7.5000   -7.5000    0.0000 2916.8889   14.1283
   -7.5000    0.0000    0.0000 2883.1465   14.1334
    0.0000    0.0000    0.0000 2912.2615   14.0698
    7.5000    0.0000    0.0000 2889.2268   14.3719
   -7.5000    7.5000    0.0000 2843.1357   14.7183
    0.0000    7.5000    0.0000 2865.8320   14.5779
    7.5000    7.5000    0.0000 2848.5686   14.8630
   -7.5000   15.0000    0.0000 2767.6824   15.5950
    0.0000   15.0000    0.0000 2789.8020   15.4550
    7.5000   15.0000    0.0000 2773.0891   15.7460
   -7.5000   22.5000    0.0000 2663.3357   16.8253
    0.0000   22.5000    0.0000 2680.2988   16.7118
    7.5000   22.5000    0.0000 2658.7527   17.0360
   -7.5000   30.0000    0.0000 2538.8540   18.4187
    0.0000   30.0000    0.0000 2556.5356   18.3283
    7.5000   30.0000    0.0000 2533.6692   18.6334
   -7.5000   37.5000    0.0000 2400.6821   20.3559
    0.0000   37.5000    0.0000 2414.7000   20.3260
    7.5000   37.5000    0.0000 2391.4626   20.6391
   -7.5000   45.0000    0.0000 2239.3618   22.8432
    0.0000   45.0000    0.0000 2252.2932   22.8498
    7.5000   45.0000    0.0000 2230.7004   23.1248
   -7.5000  -45.0000    7.5000 2500.3940   18.1294
    0.0000  -45.0000    7.5000 2516.2725   17.7605
    7.5000  -45.0000    7.5000 2509.9260   18.0918
   -7.5000  -37.5000    7.5000 2624.7830   16.4945
    0.0000  -37.5000    7.5000 2639.6418   16.1588
    7.5000  -37.5000    7.5000 2635.6885   16.5552
   -7.5000  -30.0000    7.5000 2735.8367   15.2818
    0.0000  -30.0000    7.5000 2753.7344   14.9565
    7.5000  -30.0000    7.5000 2750.0581   15.3544
   -7.5000  -22.5000    7.5000 2833.5217   14.4465
    0.0000  -22.5000    7.5000 2867.1765   14.1997
    7.5000  -22.5000    7.5000 2852.3774   14.5595
   -7.5000  -15.0000    7.5000 2909.0977   13.9409
    0.0000  -15.0000    7.5000 2964.3042   13.8048
    7.5000  -15.0000    7.5000 2928.3447   14.2034
   -7.5000   -7.5000    7.5000 2936.0002   13.6271
    0.0000   -7.5000    7.5000 2999.0149   13.4785
    7.5000   -7.5000    7.5000 2955.8716   13.9888
   -7.5000    0.0000    7.5000 2907.7874   13.9934
    0.0000    0.0000    7.5000 2951.0066   13.7800
    7.5000    0.0000    7.5000 2918.6958   14.1887
   -7.5000    7.5000    7.5000 2862.5854   14.5991
    0.0000    7.5000    7.5000 2895.0771   14.3956
    7.5000    7.5000    7.5000 2871.8672   14.6969
   -7.5000   15.0000    7.5000 2786.6494   15.4438
    0.0000   15.0000    7.5000 2811.7529   15.2691
    7.5000   15.0000    7.5000 2793.5454   15.5105
   -7.5000   22.5000    7.5000 2684.6777   16.6342
    0.0000   22.5000    7.5000 2701.7312   16.4859
    7.5000   22.5000    7.5000 2682.5457   16.7204
   -7.5000   30.0000    7.5000 2552.3083   18.1927
    0.0000   30.0000    7.5000 2573.3293   18.0936
    7.5000   30.0000    7.5000 2550.9736   18.3299
   -7.5000   37.5000    7.5000 2414.2522   20.1372
    0.0000   37.5000    7.5000 2434.9897   20.0953
    7.5000   37.5000    7.5000 2410.1404   20.3298
   -7.5000   45.0000    7.5000 2255.4934   22.5646
    0.0000   45.0000    7.5000 2275.3250   22.5557
    7.5000   45.0000    7.5000 2251.2913   22.7879
   -7.5000  -45.0000   15.0000 2472.0457   18.4956
    0.0000  -45.0000   15.0000 2490.4954   18.0966
    7.5000  -45.0000   15.0000 2493.9255   18.4471
   -7.5000  -37.5000   15.0000 2598.8235   16.8638
    0.0000  -37.5000   15.0000 2618.5247   16.4885
    7.5000  -37.5000   15.0000 2620.9153   16.7991
   -7.5000  -30.0000   15.0000 2712.8342   15.6632
    0.0000  -30.0000   15.0000 2739.9082   15.3579
    7.5000  -30.0000   15.0000 2734.5144   15.6168
   -7.5000  -22.5000   15.0000 2815.4482   14.9494
    0.0000  -22.5000   15.0000 2862.0430   14.7479
    7.5000  -22.5000   15.0000 2835.2556   14.8945
   -7.5000  -15.0000   15.0000 2890.7073   14.4992
    0.0000  -15.0000   15.0000 2946.7761   14.2837
    7.5000  -15.0000   15.0000 2898.8081   14.4503
   -7.5000   -7.5000   15.0000 2923.0146   14.1063
    0.0000   -7.5000   15.0000 2970.2593   13.8142
    7.5000   -7.5000   15.0000 2929.0015   14.1682
   -7.5000    0.0000   15.0000 2900.7642   14.1690
    0.0000    0.0000   15.0000 2942.9214   13.9761
    7.5000    0.0000   15.0000 2912.1794   14.3420
   -7.5000    7.5000   15.0000 2853.3376   14.6874
    0.0000    7.5000   15.0000 2886.3540   14.5501
    7.5000    7.5000   15.0000 2862.0115   14.8485
   -7.5000   15.0000   15.0000 2773.9373   15.5161
    0.0000   15.0000   15.0000 2797.9399   15.3973
    7.5000   15.0000   15.0000 2777.1057   15.6485
   -7.5000   22.5000   15.0000 2679.1411   16.7392
    0.0000   22.5000   15.0000 2693.7500   16.6117
    7.5000   22.5000   15.0000 2675.7666   16.8450
   -7.5000   30.0000   15.0000 2553.8228   18.2935
    0.0000   30.0000   15.0000 2568.5945   18.1869
    7.5000   30.0000   15.0000 2546.5393   18.3859
   -7.5000   37.5000   15.0000 2417.3716   20.1906
    0.0000   37.5000   15.0000 2432.5938   20.1303
    7.5000   37.5000   15.0000 2405.8108   20.2929
   -7.5000   45.0000   15.0000 2257.4390   22.5259
    0.0000   45.0000   15.0000 2269.3525   22.5074
    7.5000   45.0000   15.0000 2245.4700   22.6259
   -7.5000  -45.0000   22.5000 2445.3960   19.3515
    0.0000  -45.0000   22.5000 2478.0850   19.0873
    7.5000  -45.0000   22.5000 2463.9866   19.1880
   -7.5000  -37.5000   22.5000 2575.6809   17.7710
    0.0000  -37.5000   22.5000 2605.2881   17.5126
    7.5000  -37.5000   22.5000 2591.0632   17.5960
   -7.5000  -30.0000   22.5000 2688.4634   16.5691
    0.0000  -30.0000   22.5000 2717.7146   16.3307
    7.5000  -30.0000   22.5000 2701.3450   16.4242
   -7.5000  -22.5000   22.5000 2784.9783   15.8236
    0.0000  -22.5000   22.5000 2819.8931   15.5809
    7.5000  -22.5000   22.5000 2792.8904   15.6593
   -7.5000  -15.0000   22.5000 2844.5847   15.2841
    0.0000  -15.0000   22.5000 2877.8181   14.9095
    7.5000  -15.0000   22.5000 2847.6841   15.0743
   -7.5000   -7.5000   22.5000 2870.7383   14.9280
    0.0000   -7.5000   22.5000 2907.6824   14.5439
    7.5000   -7.5000   22.5000 2877.7710   14.7945
   -7.5000    0.0000   22.5000 2860.6294   14.9942
    0.0000    0.0000   22.5000 2902.4736   14.7326
    7.5000    0.0000   22.5000 2867.9905   14.9603
   -7.5000    7.5000   22.5000 2809.4287   15.3712
    0.0000    7.5000   22.5000 2842.1057   15.1913
    7.5000    7.5000   22.5000 2817.5991   15.4301
   -7.5000   15.0000   22.5000 2736.4402   16.0500
    0.0000   15.0000   22.5000 2759.8735   15.8990
    7.5000   15.0000   22.5000 2742.0081   16.1572
   -7.5000   22.5000   22.5000 2642.7339   17.1256
    0.0000   22.5000   22.5000 2661.0818   17.0019
    7.5000   22.5000   22.5000 2646.6296   17.2585
   -7.5000   30.0000   22.5000 2525.0464   18.5790
    0.0000   30.0000   22.5000 2541.6018   18.4598
    7.5000   30.0000   22.5000 2524.1968   18.6910
   -7.5000   37.5000   22.5000 2391.0417   20.4256
    0.0000   37.5000   22.5000 2406.6455   20.3485
    7.5000   37.5000   22.5000 2386.3745   20.5539
   -7.5000   45.0000   22.5000 2232.6042   22.7876
    0.0000   45.0000   22.5000 2246.2156   22.7455
    7.5000   45.0000   22.5000 2225.5818   22.8910
   -7.5000  -45.0000   30.0000 2406.2336   20.6328
    0.0000  -45.0000   30.0000 2439.4978   20.3158
    7.5000  -45.0000   30.0000 2423.9119   20.4252
   -7.5000  -37.5000   30.0000 2529.9897   18.9046
    0.0000  -37.5000   30.0000 2562.7551   18.5771
    7.5000  -37.5000   30.0000 2549.3030   18.7594
   -7.5000  -30.0000   30.0000 2635.7566   17.6038
    0.0000  -30.0000   30.0000 2672.4031   17.2682
    7.5000  -30.0000   30.0000 2657.6035   17.4534
   -7.5000  -22.5000   30.0000 2722.1482   16.7355
    0.0000  -22.5000   30.0000 2761.0667   16.3231
    7.5000  -22.5000   30.0000 2738.2236   16.5090
   -7.5000  -15.0000   30.0000 2773.2671   16.0795
    0.0000  -15.0000   30.0000 2806.4712   15.6053
    7.5000  -15.0000   30.0000 2786.6316   15.8856
   -7.5000   -7.5000   30.0000 2800.1736   15.7232
    0.0000   -7.5000   30.0000 2833.5215   15.3223
    7.5000   -7.5000   30.0000 2814.8225   15.5943
   -7.5000    0.0000   30.0000 2783.2407   15.8419
    0.0000    0.0000   30.0000 2824.9087   15.5391
    7.5000    0.0000   30.0000 2798.7236   15.7576
   -7.5000    7.5000   30.0000 2739.1074   16.2334
    0.0000    7.5000   30.0000 2773.3311   16.0144
    7.5000    7.5000   30.0000 2752.0352   16.1995
   -7.5000   15.0000   30.0000 2670.5947   16.9261
    0.0000   15.0000   30.0000 2694.2329   16.7297
    7.5000   15.0000   30.0000 2677.6260   16.9116
   -7.5000   22.5000   30.0000 2582.6509   17.9026
    0.0000   22.5000   30.0000 2606.5066   17.7420
    7.5000   22.5000   30.0000 2594.5815   17.9390
   -7.5000   30.0000   30.0000 2473.2891   19.2592
    0.0000   30.0000   30.0000 2493.8611   19.1353
    7.5000   30.0000   30.0000 2478.6587   19.3002
   -7.5000   37.5000   30.0000 2341.0549   21.0101
    0.0000   37.5000   30.0000 2352.2852   20.9126
    7.5000   37.5000   30.0000 2341.1538   21.0739
   -7.5000   45.0000   30.0000 2186.1584   23.3068
    0.0000   45.0000   30.0000 2204.7915   23.2193
    7.5000   45.0000   30.0000 2186.2944   23.4144
   -7.5000  -45.0000   37.5000 2356.0239   21.9078
    0.0000  -45.0000   37.5000 2391.4861   21.5872
    7.5000  -45.0000   37.5000 2376.2109   21.6594
   -7.5000  -37.5000   37.5000 2471.1533   20.0685
    0.0000  -37.5000   37.5000 2508.4023   19.7375
    7.5000  -37.5000   37.5000 2492.8989   19.8636
   -7.5000  -30.0000   37.5000 2571.0698   18.6681
    0.0000  -30.0000   37.5000 2611.7468   18.2814
    7.5000  -30.0000   37.5000 2593.6443   18.4447
   -7.5000  -22.5000   37.5000 2653.8047   17.7421
    0.0000  -22.5000   37.5000 2692.0989   17.2635
    7.5000  -22.5000   37.5000 2671.6238   17.4345
   -7.5000  -15.0000   37.5000 2701.6580   17.0340
    0.0000  -15.0000   37.5000 2737.3694   16.5774
    7.5000  -15.0000   37.5000 2719.2322   16.7946
   -7.5000   -7.5000   37.5000 2722.8062   16.7252
    0.0000   -7.5000   37.5000 2756.6833   16.3629
    7.5000   -7.5000   37.5000 2742.7056   16.5450
   -7.5000    0.0000   37.5000 2701.3838   16.8635
    0.0000    0.0000   37.5000 2742.5469   16.5251
    7.5000    0.0000   37.5000 2722.7002   16.7044
   -7.5000    7.5000   37.5000 2669.2041   17.2250
    0.0000    7.5000   37.5000 2703.1890   16.9331
    7.5000    7.5000   37.5000 2686.1001   17.1209
   -7.5000   15.0000   37.5000 2604.1306   17.8778
    0.0000   15.0000   37.5000 2631.2407   17.6042
    7.5000   15.0000   37.5000 2615.4724   17.7901
   -7.5000   22.5000   37.5000 2520.4819   18.8077
    0.0000   22.5000   37.5000 2546.3206   18.5973
    7.5000   22.5000   37.5000 2534.2109   18.7671
   -7.5000   30.0000   37.5000 2410.3586   20.1691
    0.0000   30.0000   37.5000 2432.1731   19.9891
    7.5000   30.0000   37.5000 2420.2981   20.1533
   -7.5000   37.5000   37.5000 2278.3628   21.8572
    0.0000   37.5000   37.5000 2296.1128   21.7740
    7.5000   37.5000   37.5000 2284.6912   21.9056
   -7.5000   45.0000   37.5000 2137.6641   24.1083
    0.0000   45.0000   37.5000 2156.5505   24.0268
    7.5000   45.0000   37.5000 2138.8926   24.1905
   -7.5000  -45.0000   45.0000 2288.4729   23.4060
    0.0000  -45.0000   45.0000 2325.0786   23.0817
    7.5000  -45.0000   45.0000 2315.4475   23.0716
   -7.5000  -37.5000   45.0000 2398.7856   21.4747
    0.0000  -37.5000   45.0000 2437.0842   21.1159
    7.5000  -37.5000   45.0000 2423.1392   21.1559
   -7.5000  -30.0000   45.0000 2495.2444   19.9645
    0.0000  -30.0000   45.0000 2537.3401   19.5671
    7.5000  -30.0000   45.0000 2519.2764   19.6551
   -7.5000  -22.5000   45.0000 2575.6245   18.9387
    0.0000  -22.5000   45.0000 2612.3289   18.4576
    7.5000  -22.5000   45.0000 2591.3091   18.5813
   -7.5000  -15.0000   45.0000 2617.6238   18.2117
    0.0000  -15.0000   45.0000 2648.4011   17.7766
    7.5000  -15.0000   45.0000 2632.8044   17.9052
   -7.5000   -7.5000   45.0000 2631.2808   17.9363
    0.0000   -7.5000   45.0000 2660.5898   17.5849
    7.5000   -7.5000   45.0000 2652.5044   17.7027
   -7.5000    0.0000   45.0000 2614.6082   18.0553
    0.0000    0.0000   45.0000 2643.3909   17.7350
    7.5000    0.0000   45.0000 2632.7415   17.8386
   -7.5000    7.5000   45.0000 2590.8162   18.4019
    0.0000    7.5000   45.0000 2618.4297   18.0764
    7.5000    7.5000   45.0000 2605.4614   18.1920
   -7.5000   15.0000   45.0000 2529.2090   19.0012
    0.0000   15.0000   45.0000 2555.7168   18.7108
    7.5000   15.0000   45.0000 2546.7173   18.8395
   -7.5000   22.5000   45.0000 2449.4038   19.9250
    0.0000   22.5000   45.0000 2473.7134   19.6505
    7.5000   22.5000   45.0000 2463.7510   19.7777
   -7.5000   30.0000   45.0000 2337.3518   21.3081
    0.0000   30.0000   45.0000 2362.7493   21.1344
    7.5000   30.0000   45.0000 2348.7017   21.2078
   -7.5000   37.5000   45.0000 2204.4763   23.0613
    0.0000   37.5000   45.0000 2226.3333   22.9629
    7.5000   37.5000   45.0000 2213.9812   23.0138
   -7.5000   45.0000   45.0000 2075.3740   25.3043
    0.0000   45.0000   45.0000 2091.4731   25.1970
    7.5000   45.0000   45.0000 2078.8918   25.3449

---------------------------------------------------------------------
imgreg_4dfp /opt/freesurfer/average/711-2C_as_mni_average_305 /opt/freesurfer/average/711-2B_as_mni_average_305_mask talsrcimg_g11 none talsrcimg_to_711-2C_as_mni_average_305_t4 1283
---------------------------------------------------------------------

freesurfer imgreg_4dfp.c
/opt/freesurfer/average/711-2C_as_mni_average_305.4dfp.img
       256       256       256         1
  1.000000  1.000000  1.000000
orientation T byte_order littleendian
Reading image: /opt/freesurfer/average/711-2C_as_mni_average_305.4dfp.img
dimensions:      256       256       256
mmppix:       1.0000   -1.0000   -1.0000
center:     128.0000 -129.0000 -129.0000
/opt/freesurfer/average/711-2B_as_mni_average_305_mask.4dfp.img
       256       256       256         1
  1.000000  1.000000  1.000000
orientation T byte_order littleendian
Reading mask: /opt/freesurfer/average/711-2B_as_mni_average_305_mask.4dfp.img (2306576 pixels)
talsrcimg_g11.4dfp.img
       256       256       256         1
  1.000000  1.000000  1.000000
orientation T byte_order littleendian
Reading image: talsrcimg_g11.4dfp.img
dimensions:      256       256       256
mmppix:       1.0000   -1.0000   -1.0000
center:     128.0000 -129.0000 -129.0000
rotation matrix determinant  1.000000
fimgreg.f
image alignment mode   1283 decimal      503 hex
parameters
    0.0000   -7.5000    7.5000    0.0000    0.0000    0.0000
eta,q 0.94251 13.54706
niter,ni,del,rscale     5    3   12.0000    1.2000
parameter  4  0.809579 ->  0.500000 qaram    1.1500
parameters
    1.1254   -8.1306    8.3537   -3.4500    0.2972    0.6267
eta,q 0.94418 13.59552
  0.0752  0.0645  0.0711  0.0570  0.0628  0.0637
  0.0692  0.0604  0.0667  0.0561  0.0602  0.0601
  0.0641  0.0592  0.0623  0.0568  0.0576  0.0574
  0.0611  0.0594  0.0595  0.0585  0.0562  0.0559
  0.0586  0.0602  0.0576  0.0606  0.0561  0.0562
  0.0606  0.0630  0.0606  0.0624  0.0584  0.0582
  0.0691  0.0666  0.0676  0.0655  0.0625  0.0612
niter,ni,del,rscale     5    3   12.0000    1.2000
parameters
    1.0724   -7.7391    8.3767   -2.8449    0.3069    0.5933
eta,q 0.94379 13.58180
  0.0687  0.0697  0.0669  0.0658  0.0631  0.0624
  0.0622  0.0617  0.0613  0.0601  0.0600  0.0592
  0.0581  0.0573  0.0586  0.0566  0.0574  0.0569
  0.0558  0.0559  0.0559  0.0559  0.0562  0.0562
  0.0562  0.0575  0.0558  0.0574  0.0567  0.0571
  0.0623  0.0610  0.0618  0.0595  0.0595  0.0593
  0.0701  0.0654  0.0673  0.0617  0.0637  0.0625
niter,ni,del,rscale     4    3   12.0000    1.2000
parameters
    1.0756   -7.8373    8.4151   -2.7176    0.2974    0.5921
eta,q 0.94383 13.58608
  0.0691  0.0664  0.0673  0.0645  0.0631  0.0624
  0.0627  0.0599  0.0617  0.0589  0.0600  0.0592
  0.0586  0.0569  0.0589  0.0561  0.0574  0.0569
  0.0562  0.0562  0.0562  0.0561  0.0562  0.0562
  0.0562  0.0581  0.0559  0.0578  0.0567  0.0571
  0.0623  0.0616  0.0621  0.0600  0.0595  0.0593
  0.0702  0.0659  0.0675  0.0623  0.0637  0.0624
niter,ni,del,rscale     3    3   12.0000    1.2000
parameters
    1.0712   -7.8699    8.4321   -2.6968    0.2895    0.5995
eta,q 0.94384 13.58669
  0.0691  0.0666  0.0673  0.0642  0.0631  0.0624
  0.0627  0.0600  0.0617  0.0586  0.0600  0.0592
  0.0586  0.0570  0.0589  0.0560  0.0574  0.0569
  0.0562  0.0562  0.0562  0.0561  0.0562  0.0562
  0.0563  0.0580  0.0560  0.0579  0.0567  0.0570
  0.0623  0.0613  0.0624  0.0602  0.0595  0.0592
  0.0702  0.0657  0.0676  0.0624  0.0637  0.0623
registration optimization eta report
parameter search radius
    6.0000    6.0000    6.0000    6.9000    6.0000    6.0000
100000*second partial in parameter space
       38.       27.       31.       15.       20.       17.
  0.0691  0.0666  0.0673  0.0642  0.0631  0.0624
  0.0627  0.0600  0.0617  0.0586  0.0600  0.0592
  0.0586  0.0570  0.0589  0.0560  0.0574  0.0569
  0.0562  0.0562  0.0562  0.0561  0.0562  0.0562
  0.0563  0.0580  0.0560  0.0579  0.0567  0.0570
  0.0623  0.0613  0.0624  0.0602  0.0595  0.0592
  0.0702  0.0657  0.0676  0.0624  0.0637  0.0623
    1.0712   -7.8699    8.4321   -2.6968    0.2895    0.5995
eta,q 0.94384 13.58669

---------------------------------------------------------------------
imgreg_4dfp /opt/freesurfer/average/711-2C_as_mni_average_305 /opt/freesurfer/average/711-2B_as_mni_average_305_mask talsrcimg_g11 none talsrcimg_to_711-2C_as_mni_average_305_t4 3335
---------------------------------------------------------------------

freesurfer imgreg_4dfp.c
/opt/freesurfer/average/711-2C_as_mni_average_305.4dfp.img
       256       256       256         1
  1.000000  1.000000  1.000000
orientation T byte_order littleendian
Reading image: /opt/freesurfer/average/711-2C_as_mni_average_305.4dfp.img
dimensions:      256       256       256
mmppix:       1.0000   -1.0000   -1.0000
center:     128.0000 -129.0000 -129.0000
/opt/freesurfer/average/711-2B_as_mni_average_305_mask.4dfp.img
       256       256       256         1
  1.000000  1.000000  1.000000
orientation T byte_order littleendian
Reading mask: /opt/freesurfer/average/711-2B_as_mni_average_305_mask.4dfp.img (2306576 pixels)
talsrcimg_g11.4dfp.img
       256       256       256         1
  1.000000  1.000000  1.000000
orientation T byte_order littleendian
Reading image: talsrcimg_g11.4dfp.img
dimensions:      256       256       256
mmppix:       1.0000   -1.0000   -1.0000
center:     128.0000 -129.0000 -129.0000
fimgreg.f
image alignment mode   3335 decimal      D07 hex
parameters
    1.0712   -7.8699    8.4321   -0.0067   -0.1160   -0.1120
   -1.0214   -0.5538    1.0463    4.6996    0.5052   -4.7051
eta,q 0.94394 13.64771
niter,ni,del,rscale     5    3    5.0000    1.2000
parameter  4  3.212127 ->  0.500000 qaram    1.1500
parameter  5  8.134394 ->  0.500000 qaram    1.1500
parameter  6  1.875390 ->  0.500000 qaram    1.1500
parameter  8 -0.538944 -> -0.500000 qaram    1.1500
parameter 12 -0.506405 -> -0.500000 qaram    1.1500
parameters
    0.9516   -7.9969    7.9353   -4.1467   -4.2560   -4.2520
   -1.7259    3.5862   -0.2794    5.8550    0.8838   -0.5651
eta,q 0.96744 13.56649
  0.0587  0.0575  0.0571  0.0466  0.0385  0.0328  0.0377  0.0452  0.0352  0.0401  0.0357  0.0381
  0.0572  0.0566  0.0562  0.0488  0.0411  0.0344  0.0362  0.0415  0.0341  0.0371  0.0344  0.0360
  0.0563  0.0561  0.0558  0.0517  0.0449  0.0383  0.0354  0.0380  0.0335  0.0347  0.0336  0.0343
  0.0561  0.0560  0.0560  0.0558  0.0495  0.0421  0.0353  0.0353  0.0335  0.0334  0.0333  0.0332
  0.0566  0.0563  0.0566  0.0608  0.0542  0.0478  0.0359  0.0337  0.0341  0.0334  0.0334  0.0326
  0.0576  0.0569  0.0574  0.0650  0.0583  0.0534  0.0371  0.0337  0.0354  0.0346  0.0341  0.0326
  0.0592  0.0577  0.0580  0.0689  0.0620  0.0593  0.0388  0.0353  0.0371  0.0370  0.0352  0.0332
niter,ni,del,rscale     7    3    5.0000    1.2000
parameter  4  0.640204 ->  0.500000 qaram    1.3225
parameter  5  0.914994 ->  0.500000 qaram    1.3225
parameters
    0.6274   -8.2985    9.0873   -8.9077   -9.0170   -7.2144
   -1.0270    2.8498   -0.4607    4.2076    1.6944    2.5128
eta,q 0.97550 13.43072
  0.0359  0.0350  0.0377  0.0300  0.0257  0.0290  0.0288  0.0308  0.0275  0.0273  0.0267  0.0278
  0.0337  0.0334  0.0356  0.0294  0.0256  0.0270  0.0270  0.0274  0.0261  0.0257  0.0257  0.0265
  0.0326  0.0325  0.0337  0.0296  0.0269  0.0251  0.0257  0.0254  0.0253  0.0249  0.0251  0.0255
  0.0326  0.0324  0.0324  0.0316  0.0293  0.0258  0.0251  0.0251  0.0250  0.0250  0.0248  0.0248
  0.0336  0.0331  0.0317  0.0358  0.0332  0.0303  0.0252  0.0263  0.0254  0.0261  0.0249  0.0245
  0.0355  0.0345  0.0318  0.0414  0.0384  0.0354  0.0261  0.0290  0.0263  0.0282  0.0252  0.0246
  0.0381  0.0366  0.0326  0.0476  0.0430  0.0417  0.0277  0.0334  0.0278  0.0309  0.0260  0.0253
niter,ni,del,rscale     7    3    5.0000    1.2000
parameters
    0.7189   -8.2877    7.8997   -9.3500  -10.8957   -8.8873
   -1.0081    2.7036   -0.6002    3.6207    1.7953    2.1765
eta,q 0.97566 13.24257
  0.0285  0.0279  0.0246  0.0289  0.0275  0.0286  0.0273  0.0305  0.0266  0.0272  0.0255  0.0256
  0.0264  0.0260  0.0240  0.0266  0.0257  0.0270  0.0258  0.0270  0.0254  0.0255  0.0248  0.0248
  0.0250  0.0249  0.0240  0.0250  0.0244  0.0251  0.0248  0.0249  0.0246  0.0246  0.0244  0.0244
  0.0245  0.0245  0.0245  0.0239  0.0240  0.0241  0.0244  0.0244  0.0244  0.0244  0.0243  0.0243
  0.0248  0.0249  0.0256  0.0240  0.0252  0.0259  0.0247  0.0251  0.0247  0.0249  0.0244  0.0245
  0.0260  0.0260  0.0273  0.0264  0.0282  0.0304  0.0258  0.0273  0.0255  0.0263  0.0248  0.0250
  0.0280  0.0278  0.0293  0.0311  0.0330  0.0358  0.0273  0.0309  0.0268  0.0283  0.0254  0.0258
niter,ni,del,rscale     6    3    5.0000    1.2000
parameters
    0.7452   -8.1673    7.0716   -8.9447  -10.7973   -9.9408
   -1.0853    2.7368   -0.6791    3.8523    2.0472    1.6534
eta,q 0.97574 13.20199
  0.0279  0.0276  0.0250  0.0292  0.0286  0.0289  0.0272  0.0308  0.0265  0.0277  0.0256  0.0255
  0.0260  0.0258  0.0243  0.0269  0.0266  0.0272  0.0256  0.0272  0.0253  0.0258  0.0248  0.0247
  0.0248  0.0247  0.0241  0.0252  0.0249  0.0255  0.0246  0.0249  0.0246  0.0247  0.0244  0.0243
  0.0243  0.0243  0.0243  0.0240  0.0239  0.0239  0.0243  0.0243  0.0243  0.0243  0.0243  0.0243
  0.0247  0.0246  0.0251  0.0237  0.0240  0.0249  0.0246  0.0250  0.0246  0.0246  0.0244  0.0245
  0.0259  0.0255  0.0262  0.0254  0.0256  0.0289  0.0257  0.0271  0.0254  0.0256  0.0247  0.0250
  0.0278  0.0269  0.0275  0.0293  0.0292  0.0333  0.0273  0.0307  0.0266  0.0273  0.0254  0.0257
niter,ni,del,rscale     5    3    5.0000    1.2000
parameters
    0.7021   -8.0882    6.5694   -8.8552  -10.6389  -10.5168
   -1.0739    2.6501   -0.7670    4.0885    2.1667    1.4802
eta,q 0.97565 13.17714
  0.0277  0.0273  0.0255  0.0290  0.0287  0.0294  0.0273  0.0308  0.0266  0.0277  0.0256  0.0257
  0.0258  0.0256  0.0246  0.0268  0.0267  0.0276  0.0258  0.0271  0.0254  0.0259  0.0249  0.0249
  0.0246  0.0246  0.0241  0.0252  0.0251  0.0259  0.0247  0.0249  0.0246  0.0248  0.0245  0.0244
  0.0243  0.0243  0.0243  0.0241  0.0241  0.0241  0.0244  0.0244  0.0244  0.0244  0.0244  0.0243
  0.0247  0.0246  0.0249  0.0239  0.0242  0.0245  0.0247  0.0251  0.0247  0.0246  0.0245  0.0245
  0.0259  0.0255  0.0258  0.0258  0.0257  0.0281  0.0257  0.0273  0.0255  0.0257  0.0249  0.0250
  0.0279  0.0269  0.0270  0.0298  0.0292  0.0323  0.0273  0.0310  0.0267  0.0272  0.0255  0.0257
niter,ni,del,rscale     4    3    5.0000    1.2000
parameters
    0.6609   -8.0209    6.3038   -8.7993  -10.5908  -10.8578
   -1.0446    2.5775   -0.8285    4.2586    2.2075    1.4110
eta,q 0.97555 13.16183
  0.0277  0.0273  0.0260  0.0290  0.0288  0.0297  0.0274  0.0308  0.0266  0.0276  0.0257  0.0258
  0.0259  0.0257  0.0249  0.0269  0.0268  0.0278  0.0259  0.0272  0.0255  0.0259  0.0250  0.0250
  0.0247  0.0247  0.0243  0.0253  0.0252  0.0262  0.0249  0.0250  0.0247  0.0249  0.0246  0.0246
  0.0243  0.0243  0.0243  0.0243  0.0243  0.0243  0.0245  0.0245  0.0245  0.0245  0.0245  0.0245
  0.0248  0.0247  0.0248  0.0241  0.0244  0.0244  0.0248  0.0252  0.0247  0.0248  0.0246  0.0246
  0.0260  0.0256  0.0256  0.0259  0.0260  0.0277  0.0258  0.0274  0.0256  0.0258  0.0250  0.0251
  0.0280  0.0269  0.0267  0.0299  0.0295  0.0319  0.0274  0.0310  0.0267  0.0273  0.0256  0.0258
niter,ni,del,rscale     3    3    5.0000    1.2000
parameters
    0.6380   -7.9697    6.1518   -8.7669  -10.5847  -11.0598
   -1.0236    2.5356   -0.8592    4.3836    2.2277    1.3720
eta,q 0.97546 13.15219
  0.0279  0.0274  0.0262  0.0291  0.0288  0.0298  0.0275  0.0309  0.0267  0.0276  0.0257  0.0259
  0.0260  0.0257  0.0251  0.0270  0.0269  0.0280  0.0259  0.0273  0.0256  0.0259  0.0251  0.0251
  0.0248  0.0248  0.0245  0.0254  0.0254  0.0263  0.0249  0.0251  0.0248  0.0249  0.0247  0.0246
  0.0245  0.0245  0.0245  0.0244  0.0244  0.0244  0.0245  0.0245  0.0245  0.0245  0.0245  0.0245
  0.0249  0.0248  0.0249  0.0242  0.0245  0.0244  0.0249  0.0253  0.0248  0.0249  0.0247  0.0247
  0.0260  0.0257  0.0256  0.0261  0.0261  0.0275  0.0259  0.0274  0.0256  0.0258  0.0251  0.0252
  0.0280  0.0270  0.0266  0.0300  0.0296  0.0318  0.0275  0.0310  0.0268  0.0274  0.0257  0.0259
niter,ni,del,rscale     2    3    5.0000    1.2000
parameters
    0.6250   -7.9305    6.0600   -8.7463  -10.5916  -11.1847
   -1.0123    2.5097   -0.8789    4.4722    2.2331    1.3499
eta,q 0.97541 13.14575
  0.0279  0.0274  0.0264  0.0291  0.0289  0.0299  0.0275  0.0310  0.0268  0.0276  0.0258  0.0259
  0.0261  0.0258  0.0252  0.0271  0.0270  0.0281  0.0260  0.0274  0.0256  0.0259  0.0251  0.0252
  0.0249  0.0248  0.0246  0.0255  0.0255  0.0264  0.0250  0.0252  0.0249  0.0250  0.0247  0.0247
  0.0245  0.0245  0.0245  0.0245  0.0245  0.0245  0.0246  0.0246  0.0246  0.0246  0.0246  0.0246
  0.0249  0.0249  0.0249  0.0243  0.0247  0.0244  0.0249  0.0253  0.0249  0.0249  0.0247  0.0248
  0.0261  0.0258  0.0256  0.0262  0.0262  0.0274  0.0260  0.0274  0.0256  0.0259  0.0251  0.0252
  0.0281  0.0271  0.0265  0.0301  0.0297  0.0317  0.0275  0.0310  0.0268  0.0274  0.0257  0.0259
niter,ni,del,rscale     1    3    5.0000    1.2000
parameters
    0.6164   -7.9023    6.0025   -8.7277  -10.6032  -11.2662
   -1.0024    2.4967   -0.8920    4.5295    2.2457    1.3334
eta,q 0.97536 13.14151
  0.0280  0.0274  0.0265  0.0292  0.0289  0.0300  0.0275  0.0310  0.0268  0.0275  0.0258  0.0260
  0.0261  0.0258  0.0253  0.0271  0.0271  0.0281  0.0260  0.0274  0.0257  0.0260  0.0251  0.0252
  0.0250  0.0249  0.0247  0.0256  0.0255  0.0265  0.0250  0.0252  0.0249  0.0250  0.0248  0.0248
  0.0246  0.0246  0.0246  0.0246  0.0246  0.0246  0.0246  0.0246  0.0246  0.0246  0.0246  0.0246
  0.0250  0.0249  0.0249  0.0244  0.0247  0.0244  0.0250  0.0254  0.0249  0.0250  0.0248  0.0248
  0.0261  0.0258  0.0256  0.0262  0.0263  0.0273  0.0260  0.0274  0.0257  0.0259  0.0252  0.0253
  0.0281  0.0272  0.0265  0.0301  0.0298  0.0316  0.0276  0.0310  0.0268  0.0274  0.0258  0.0260
registration optimization eta report
parameter search radius
    2.4000    2.4000    2.4000    9.5220    9.5220    8.2800
    7.2000    8.2800    7.2000    7.2000    7.2000    8.2800
100000*second partial in parameter space
       60.       46.       33.        6.        5.        9.
        6.        9.        4.        5.        2.        2.
  0.0280  0.0274  0.0265  0.0292  0.0289  0.0300  0.0275  0.0310  0.0268  0.0275  0.0258  0.0260
  0.0261  0.0258  0.0253  0.0271  0.0271  0.0281  0.0260  0.0274  0.0257  0.0260  0.0251  0.0252
  0.0250  0.0249  0.0247  0.0256  0.0255  0.0265  0.0250  0.0252  0.0249  0.0250  0.0248  0.0248
  0.0246  0.0246  0.0246  0.0246  0.0246  0.0246  0.0246  0.0246  0.0246  0.0246  0.0246  0.0246
  0.0250  0.0249  0.0249  0.0244  0.0247  0.0244  0.0250  0.0254  0.0249  0.0250  0.0248  0.0248
  0.0261  0.0258  0.0256  0.0262  0.0263  0.0273  0.0260  0.0274  0.0257  0.0259  0.0252  0.0253
  0.0281  0.0272  0.0265  0.0301  0.0298  0.0316  0.0276  0.0310  0.0268  0.0274  0.0258  0.0260
    0.6164   -7.9023    6.0025   -8.7277  -10.6032  -11.2662
   -1.0024    2.4967   -0.8920    4.5295    2.2457    1.3334
eta,q 0.97536 13.14151

---------------------------------------------------------------------
imgreg_4dfp /opt/freesurfer/average/711-2C_as_mni_average_305 /opt/freesurfer/average/711-2B_as_mni_average_305_mask talsrcimg_g11 none talsrcimg_to_711-2C_as_mni_average_305_t4 2311
---------------------------------------------------------------------

freesurfer imgreg_4dfp.c
/opt/freesurfer/average/711-2C_as_mni_average_305.4dfp.img
       256       256       256         1
  1.000000  1.000000  1.000000
orientation T byte_order littleendian
Reading image: /opt/freesurfer/average/711-2C_as_mni_average_305.4dfp.img
dimensions:      256       256       256
mmppix:       1.0000   -1.0000   -1.0000
center:     128.0000 -129.0000 -129.0000
/opt/freesurfer/average/711-2B_as_mni_average_305_mask.4dfp.img
       256       256       256         1
  1.000000  1.000000  1.000000
orientation T byte_order littleendian
Reading mask: /opt/freesurfer/average/711-2B_as_mni_average_305_mask.4dfp.img (2306576 pixels)
talsrcimg_g11.4dfp.img
       256       256       256         1
  1.000000  1.000000  1.000000
orientation T byte_order littleendian
Reading image: talsrcimg_g11.4dfp.img
dimensions:      256       256       256
mmppix:       1.0000   -1.0000   -1.0000
center:     128.0000 -129.0000 -129.0000
fimgreg.f
image alignment mode   2311 decimal      907 hex
parameters
    0.6164   -7.9023    6.0025   -8.7277  -10.6032  -11.2662
   -1.0024    2.4967   -0.8920    4.5295    2.2457    1.3334
eta,q 0.97536 13.14151
niter,ni,del,rscale     5    3    5.0000    0.8000
parameters
    0.6241   -7.9232    5.8808   -7.2261   -9.7840  -10.4720
   -1.0360    2.7606   -0.8153    4.6893    2.6647    1.0098
eta,q 0.97607 13.26351
  0.0262  0.0258  0.0254  0.0263  0.0260  0.0276  0.0254  0.0272  0.0251  0.0257  0.0249  0.0245
  0.0253  0.0252  0.0249  0.0256  0.0252  0.0266  0.0246  0.0255  0.0245  0.0248  0.0244  0.0241
  0.0248  0.0248  0.0247  0.0251  0.0247  0.0255  0.0241  0.0244  0.0241  0.0242  0.0241  0.0240
  0.0246  0.0246  0.0246  0.0246  0.0244  0.0243  0.0240  0.0240  0.0239  0.0239  0.0239  0.0239
  0.0248  0.0248  0.0248  0.0244  0.0243  0.0239  0.0241  0.0242  0.0241  0.0241  0.0240  0.0240
  0.0253  0.0252  0.0251  0.0245  0.0246  0.0247  0.0246  0.0250  0.0244  0.0246  0.0242  0.0243
  0.0262  0.0259  0.0256  0.0251  0.0252  0.0266  0.0254  0.0265  0.0250  0.0255  0.0246  0.0246
niter,ni,del,rscale     4    3    5.0000    0.7000
parameters
    0.5500   -8.0511    6.1963   -7.3984   -9.7283   -9.8553
   -0.9065    2.6434   -0.8405    4.5424    2.7482    0.8752
eta,q 0.97629 13.28918
  0.0251  0.0248  0.0252  0.0250  0.0250  0.0269  0.0249  0.0259  0.0246  0.0250  0.0244  0.0242
  0.0244  0.0242  0.0246  0.0245  0.0244  0.0259  0.0243  0.0247  0.0241  0.0243  0.0240  0.0239
  0.0240  0.0240  0.0242  0.0241  0.0241  0.0248  0.0239  0.0239  0.0238  0.0239  0.0238  0.0237
  0.0239  0.0239  0.0239  0.0239  0.0239  0.0239  0.0237  0.0237  0.0237  0.0237  0.0237  0.0237
  0.0241  0.0241  0.0239  0.0239  0.0240  0.0238  0.0238  0.0240  0.0238  0.0239  0.0238  0.0238
  0.0246  0.0245  0.0241  0.0244  0.0243  0.0245  0.0242  0.0248  0.0241  0.0244  0.0240  0.0240
  0.0254  0.0251  0.0244  0.0254  0.0250  0.0260  0.0248  0.0262  0.0246  0.0252  0.0244  0.0242
niter,ni,del,rscale     3    3    5.0000    0.6000
parameters
    0.5466   -8.1118    6.4907   -7.3659   -9.7725   -9.3820
   -0.9130    2.6680   -0.8167    4.4813    2.6952    0.8220
eta,q 0.97641 13.31324
  0.0247  0.0244  0.0248  0.0246  0.0244  0.0262  0.0244  0.0253  0.0243  0.0246  0.0241  0.0240
  0.0242  0.0240  0.0242  0.0242  0.0240  0.0253  0.0240  0.0244  0.0239  0.0240  0.0238  0.0237
  0.0238  0.0238  0.0239  0.0239  0.0238  0.0243  0.0237  0.0238  0.0237  0.0237  0.0236  0.0236
  0.0237  0.0237  0.0237  0.0237  0.0237  0.0237  0.0236  0.0236  0.0236  0.0236  0.0236  0.0236
  0.0238  0.0238  0.0237  0.0237  0.0237  0.0237  0.0237  0.0238  0.0237  0.0237  0.0237  0.0236
  0.0242  0.0241  0.0238  0.0240  0.0240  0.0243  0.0240  0.0243  0.0239  0.0241  0.0238  0.0238
  0.0247  0.0246  0.0241  0.0247  0.0245  0.0254  0.0245  0.0253  0.0242  0.0247  0.0241  0.0240
niter,ni,del,rscale     2    3    5.0000    0.5000
parameters
    0.5636   -8.1534    6.7358   -7.2595   -9.8312   -9.0196
   -0.9231    2.7379   -0.7833    4.4610    2.6460    0.8377
eta,q 0.97648 13.33477
  0.0243  0.0241  0.0243  0.0243  0.0241  0.0255  0.0241  0.0248  0.0240  0.0242  0.0239  0.0238
  0.0239  0.0238  0.0240  0.0239  0.0238  0.0247  0.0238  0.0241  0.0237  0.0239  0.0237  0.0236
  0.0237  0.0236  0.0237  0.0237  0.0236  0.0240  0.0236  0.0237  0.0236  0.0236  0.0236  0.0235
  0.0236  0.0236  0.0236  0.0236  0.0235  0.0236  0.0235  0.0235  0.0235  0.0235  0.0235  0.0235
  0.0237  0.0237  0.0236  0.0236  0.0236  0.0236  0.0236  0.0236  0.0236  0.0236  0.0236  0.0236
  0.0239  0.0239  0.0236  0.0238  0.0238  0.0241  0.0238  0.0240  0.0237  0.0239  0.0237  0.0236
  0.0243  0.0242  0.0238  0.0243  0.0242  0.0249  0.0241  0.0247  0.0240  0.0243  0.0239  0.0238
niter,ni,del,rscale     1    3    5.0000    0.4000
parameters
    0.5857   -8.1815    6.9458   -7.1663   -9.8709   -8.7413
   -0.9323    2.7987   -0.7523    4.4589    2.5723    0.9023
eta,q 0.97650 13.35313
  0.0240  0.0238  0.0240  0.0240  0.0239  0.0249  0.0239  0.0243  0.0238  0.0240  0.0237  0.0237
  0.0237  0.0237  0.0238  0.0238  0.0237  0.0242  0.0237  0.0239  0.0236  0.0237  0.0236  0.0236
  0.0236  0.0236  0.0236  0.0236  0.0235  0.0237  0.0235  0.0236  0.0235  0.0235  0.0235  0.0235
  0.0235  0.0235  0.0235  0.0235  0.0235  0.0235  0.0235  0.0235  0.0235  0.0235  0.0235  0.0235
  0.0236  0.0236  0.0235  0.0235  0.0235  0.0236  0.0235  0.0236  0.0235  0.0235  0.0235  0.0235
  0.0237  0.0237  0.0236  0.0237  0.0237  0.0239  0.0237  0.0238  0.0236  0.0237  0.0236  0.0236
  0.0240  0.0239  0.0237  0.0240  0.0239  0.0244  0.0239  0.0243  0.0238  0.0240  0.0237  0.0237
registration optimization eta report
parameter search radius
    0.8000    0.8000    0.8000    2.4000    2.4000    2.4000
    2.4000    2.4000    2.4000    2.4000    2.4000    2.4000
100000*second partial in parameter space
       73.       55.       48.        8.        6.       20.
        7.       14.        5.        8.        4.        3.
  0.0240  0.0238  0.0240  0.0240  0.0239  0.0249  0.0239  0.0243  0.0238  0.0240  0.0237  0.0237
  0.0237  0.0237  0.0238  0.0238  0.0237  0.0242  0.0237  0.0239  0.0236  0.0237  0.0236  0.0236
  0.0236  0.0236  0.0236  0.0236  0.0235  0.0237  0.0235  0.0236  0.0235  0.0235  0.0235  0.0235
  0.0235  0.0235  0.0235  0.0235  0.0235  0.0235  0.0235  0.0235  0.0235  0.0235  0.0235  0.0235
  0.0236  0.0236  0.0235  0.0235  0.0235  0.0236  0.0235  0.0236  0.0235  0.0235  0.0235  0.0235
  0.0237  0.0237  0.0236  0.0237  0.0237  0.0239  0.0237  0.0238  0.0236  0.0237  0.0236  0.0236
  0.0240  0.0239  0.0237  0.0240  0.0239  0.0244  0.0239  0.0243  0.0238  0.0240  0.0237  0.0237
    0.5857   -8.1815    6.9458   -7.1663   -9.8709   -8.7413
   -0.9323    2.7987   -0.7523    4.4589    2.5723    0.9023
eta,q 0.97650 13.35313

---------------------------------------------------------------------
imgreg_4dfp /opt/freesurfer/average/711-2C_as_mni_average_305 /opt/freesurfer/average/711-2B_as_mni_average_305_mask talsrcimg_g11 none talsrcimg_to_711-2C_as_mni_average_305_t4 2311
---------------------------------------------------------------------

freesurfer imgreg_4dfp.c
/opt/freesurfer/average/711-2C_as_mni_average_305.4dfp.img
       256       256       256         1
  1.000000  1.000000  1.000000
orientation T byte_order littleendian
Reading image: /opt/freesurfer/average/711-2C_as_mni_average_305.4dfp.img
dimensions:      256       256       256
mmppix:       1.0000   -1.0000   -1.0000
center:     128.0000 -129.0000 -129.0000
/opt/freesurfer/average/711-2B_as_mni_average_305_mask.4dfp.img
       256       256       256         1
  1.000000  1.000000  1.000000
orientation T byte_order littleendian
Reading mask: /opt/freesurfer/average/711-2B_as_mni_average_305_mask.4dfp.img (2306576 pixels)
talsrcimg_g11.4dfp.img
       256       256       256         1
  1.000000  1.000000  1.000000
orientation T byte_order littleendian
Reading image: talsrcimg_g11.4dfp.img
dimensions:      256       256       256
mmppix:       1.0000   -1.0000   -1.0000
center:     128.0000 -129.0000 -129.0000
fimgreg.f
image alignment mode   2311 decimal      907 hex
parameters
    0.5857   -8.1815    6.9458   -7.1663   -9.8709   -8.7413
   -0.9323    2.7987   -0.7523    4.4589    2.5723    0.9023
eta,q 0.97650 13.35313
niter,ni,del,rscale     5    3    5.0000    0.8000
parameters
    0.5942   -8.1793    7.1165   -7.6916  -10.0387   -8.9049
   -0.9310    2.7269   -0.7683    4.2685    2.5660    1.1588
eta,q 0.97646 13.32887
  0.0254  0.0249  0.0249  0.0248  0.0248  0.0267  0.0250  0.0263  0.0247  0.0251  0.0244  0.0242
  0.0244  0.0241  0.0242  0.0242  0.0242  0.0255  0.0242  0.0248  0.0241  0.0243  0.0239  0.0238
  0.0237  0.0236  0.0237  0.0237  0.0237  0.0242  0.0237  0.0239  0.0237  0.0237  0.0236  0.0236
  0.0235  0.0235  0.0235  0.0235  0.0235  0.0235  0.0235  0.0235  0.0235  0.0235  0.0235  0.0235
  0.0237  0.0237  0.0235  0.0237  0.0237  0.0239  0.0237  0.0239  0.0237  0.0238  0.0236  0.0236
  0.0243  0.0241  0.0239  0.0245  0.0242  0.0252  0.0242  0.0249  0.0241  0.0244  0.0239  0.0238
  0.0254  0.0249  0.0244  0.0259  0.0251  0.0278  0.0251  0.0265  0.0247  0.0254  0.0243  0.0241
niter,ni,del,rscale     4    3    5.0000    0.7000
parameters
    0.6254   -8.1905    7.0170   -7.5652   -9.9576   -8.9118
   -0.9539    2.7765   -0.7668    4.2629    2.5768    1.0849
eta,q 0.97648 13.33203
  0.0250  0.0246  0.0243  0.0248  0.0246  0.0262  0.0247  0.0258  0.0244  0.0249  0.0242  0.0240
  0.0242  0.0240  0.0239  0.0243  0.0241  0.0252  0.0241  0.0246  0.0239  0.0242  0.0238  0.0237
  0.0237  0.0236  0.0236  0.0238  0.0237  0.0241  0.0237  0.0238  0.0236  0.0237  0.0236  0.0236
  0.0235  0.0235  0.0235  0.0235  0.0235  0.0235  0.0235  0.0235  0.0235  0.0235  0.0235  0.0235
  0.0237  0.0237  0.0237  0.0235  0.0236  0.0238  0.0237  0.0237  0.0236  0.0237  0.0236  0.0236
  0.0241  0.0240  0.0240  0.0239  0.0240  0.0247  0.0240  0.0245  0.0239  0.0241  0.0238  0.0237
  0.0249  0.0246  0.0245  0.0249  0.0246  0.0267  0.0247  0.0257  0.0244  0.0249  0.0241  0.0240
niter,ni,del,rscale     3    3    5.0000    0.6000
parameters
    0.6229   -8.1984    7.0103   -7.4210   -9.9234   -8.7915
   -0.9479    2.8077   -0.7542    4.3089    2.5694    1.0208
eta,q 0.97650 13.34190
  0.0245  0.0243  0.0242  0.0245  0.0243  0.0258  0.0244  0.0253  0.0242  0.0246  0.0240  0.0238
  0.0240  0.0239  0.0238  0.0241  0.0239  0.0249  0.0239  0.0243  0.0238  0.0240  0.0237  0.0236
  0.0236  0.0236  0.0236  0.0237  0.0236  0.0240  0.0236  0.0237  0.0236  0.0236  0.0235  0.0235
  0.0235  0.0235  0.0235  0.0235  0.0235  0.0235  0.0235  0.0235  0.0235  0.0235  0.0235  0.0235
  0.0236  0.0236  0.0236  0.0235  0.0236  0.0237  0.0236  0.0237  0.0236  0.0236  0.0236  0.0235
  0.0240  0.0239  0.0238  0.0238  0.0238  0.0244  0.0239  0.0243  0.0238  0.0239  0.0237  0.0237
  0.0246  0.0243  0.0242  0.0245  0.0243  0.0258  0.0244  0.0252  0.0242  0.0245  0.0240  0.0239
niter,ni,del,rscale     2    3    5.0000    0.5000
parameters
    0.6209   -8.2030    7.0770   -7.2881   -9.9232   -8.6155
   -0.9458    2.8327   -0.7449    4.3657    2.5444    0.9951
eta,q 0.97652 13.35438
  0.0242  0.0240  0.0240  0.0242  0.0240  0.0253  0.0241  0.0247  0.0240  0.0242  0.0238  0.0237
  0.0238  0.0237  0.0237  0.0239  0.0238  0.0245  0.0238  0.0241  0.0237  0.0238  0.0236  0.0236
  0.0236  0.0235  0.0236  0.0236  0.0236  0.0238  0.0236  0.0236  0.0235  0.0236  0.0235  0.0235
  0.0235  0.0235  0.0235  0.0235  0.0235  0.0235  0.0235  0.0235  0.0235  0.0235  0.0235  0.0235
  0.0236  0.0236  0.0235  0.0235  0.0235  0.0236  0.0235  0.0236  0.0235  0.0235  0.0235  0.0235
  0.0238  0.0237  0.0237  0.0237  0.0237  0.0241  0.0238  0.0240  0.0237  0.0238  0.0236  0.0236
  0.0242  0.0240  0.0239  0.0242  0.0241  0.0250  0.0241  0.0247  0.0240  0.0242  0.0238  0.0237
niter,ni,del,rscale     1    3    5.0000    0.4000
parameters
    0.6211   -8.2078    7.1730   -7.1794   -9.9508   -8.4791
   -0.9364    2.8564   -0.7376    4.3969    2.5403    1.0329
eta,q 0.97653 13.36493
  0.0240  0.0238  0.0238  0.0240  0.0238  0.0247  0.0239  0.0243  0.0238  0.0240  0.0237  0.0237
  0.0237  0.0236  0.0237  0.0237  0.0236  0.0241  0.0237  0.0239  0.0236  0.0237  0.0236  0.0235
  0.0235  0.0235  0.0235  0.0236  0.0235  0.0236  0.0235  0.0236  0.0235  0.0235  0.0235  0.0235
  0.0235  0.0235  0.0235  0.0235  0.0235  0.0235  0.0235  0.0235  0.0235  0.0235  0.0235  0.0235
  0.0235  0.0235  0.0235  0.0235  0.0235  0.0236  0.0235  0.0235  0.0235  0.0235  0.0235  0.0235
  0.0237  0.0236  0.0236  0.0236  0.0236  0.0239  0.0236  0.0238  0.0236  0.0237  0.0236  0.0235
  0.0240  0.0238  0.0237  0.0239  0.0239  0.0245  0.0239  0.0243  0.0238  0.0239  0.0237  0.0236
registration optimization eta report
parameter search radius
    0.8000    0.8000    0.8000    2.4000    2.4000    2.4000
    2.4000    2.4000    2.4000    2.4000    2.4000    2.4000
100000*second partial in parameter space
       74.       56.       47.        8.        6.       20.
        7.       14.        5.        8.        4.        3.
  0.0240  0.0238  0.0238  0.0240  0.0238  0.0247  0.0239  0.0243  0.0238  0.0240  0.0237  0.0237
  0.0237  0.0236  0.0237  0.0237  0.0236  0.0241  0.0237  0.0239  0.0236  0.0237  0.0236  0.0235
  0.0235  0.0235  0.0235  0.0236  0.0235  0.0236  0.0235  0.0236  0.0235  0.0235  0.0235  0.0235
  0.0235  0.0235  0.0235  0.0235  0.0235  0.0235  0.0235  0.0235  0.0235  0.0235  0.0235  0.0235
  0.0235  0.0235  0.0235  0.0235  0.0235  0.0236  0.0235  0.0235  0.0235  0.0235  0.0235  0.0235
  0.0237  0.0236  0.0236  0.0236  0.0236  0.0239  0.0236  0.0238  0.0236  0.0237  0.0236  0.0235
  0.0240  0.0238  0.0237  0.0239  0.0239  0.0245  0.0239  0.0243  0.0238  0.0239  0.0237  0.0236
    0.6211   -8.2078    7.1730   -7.1794   -9.9508   -8.4791
   -0.9364    2.8564   -0.7376    4.3969    2.5403    1.0329
eta,q 0.97653 13.36493

---------------------------------------------------------------------
compute_vox2vox talsrcimg talsrcimg_to_711-2C_as_mni_average_305_t4 /opt/freesurfer/average/711-2C_as_mni_average_305
---------------------------------------------------------------------

freesurfer compute_vox2vox.c
Reading: talsrcimg.4dfp.ifh
Reading: talsrcimg_to_711-2C_as_mni_average_305_t4
Reading: /opt/freesurfer/average/711-2C_as_mni_average_305.4dfp.ifh
Writing: talsrcimg_to_711-2C_as_mni_average_305_t4_vox2vox.txt

start time Sat Mar 7 02:37:25 CET 2026
end		time Sat Mar 7 02:38:49 CET 2026

mpr2mni305 success

avi2talxfm orig_nu.mgz /opt/freesurfer/average/mni305.cor.mgz talsrcimg_to_711-2C_as_mni_average_305_t4_vox2vox.txt transforms/talairach.auto.xfm
avi2talxfm done
mv -f /out/sourcedata/freesurfer/sub-v1s18x0051248_ses-1/mri/talsrcimg_to_711-2C_as_mni_average_305_t4_vox2vox.txt /out/sourcedata/freesurfer/sub-v1s18x0051248_ses-1/mri/transforms/talsrcimg_to_711-2C_as_mni_average_305_t4_vox2vox.txt
lta_convert --src orig_nu.mgz --trg /opt/freesurfer/average/mni305.cor.mgz --inxfm transforms/talairach.auto.xfm --outlta transforms/talairach.auto.xfm.lta --subject fsaverage
7.3.2

--src: orig_nu.mgz src image (geometry).
--trg: /opt/freesurfer/average/mni305.cor.mgz trg image (geometry).
--inmni: transforms/talairach.auto.xfm input MNI/XFM transform.
--outlta: transforms/talairach.auto.xfm.lta output LTA.
--s: fsaverage subject name
 LTA read, type : 1
 1.07838  -0.03421   0.01161  -1.52516;
-0.03005   1.09420  -0.01286  -16.04205;
 0.01030  -0.05371   1.11123  -2.02924;
 0.00000   0.00000   0.00000   1.00000;
setting subject to fsaverage
Writing  LTA to file transforms/talairach.auto.xfm.lta...
lta_convert successful.
 
 
Started at Sat Mar 7 02:37:24 CET 2026
Ended   at Sat Mar  7 02:38:50 CET 2026
talairach_avi done
