status file for recon-all
Sat Mar  7 04:38:45 CET 2026
#@# MotionCor Sat Mar  7 04:38:46 CET 2026
#@# Talairach Sat Mar  7 04:38:52 CET 2026
#@# Talairach Failure Detection Sat Mar  7 04:41:44 CET 2026
#@# Nu Intensity Correction Sat Mar  7 04:41:44 CET 2026
#@# Intensity Normalization Sat Mar  7 04:44:33 CET 2026
recon-all -s sub-v1s19x0051296_ses-1 finished without error at Sat Mar  7 04:45:35 CET 2026



#New# invocation of recon-all 



status file for recon-all
Sat Mar  7 04:51:33 CET 2026
#@# EM Registration Sat Mar  7 04:51:33 CET 2026
recon-all -s sub-v1s19x0051296_ses-1 finished without error at Sat Mar  7 04:53:21 CET 2026



#New# invocation of recon-all 



status file for recon-all
Sat Mar  7 04:53:24 CET 2026
#@# CA Normalize Sat Mar  7 04:53:24 CET 2026
#@# CA Reg Sat Mar  7 04:54:17 CET 2026
#@# SubCort Seg Sat Mar  7 05:36:49 CET 2026
#@# CC Seg Sat Mar  7 06:01:13 CET 2026
#@# Merge ASeg Sat Mar  7 06:01:36 CET 2026
#@# Intensity Normalization2 Sat Mar  7 06:01:36 CET 2026
#@# Mask BFS Sat Mar  7 06:03:00 CET 2026
#@# WM Segmentation Sat Mar  7 06:03:01 CET 2026
#@# Fill Sat Mar  7 06:04:25 CET 2026
recon-all -s sub-v1s19x0051296_ses-1 finished without error at Sat Mar  7 06:05:02 CET 2026



#New# invocation of recon-all 



status file for recon-all
Sat Mar  7 07:00:46 CET 2026
#@# white curv lh Sat Mar  7 07:00:46 CET 2026
#@# white area lh Sat Mar  7 07:00:46 CET 2026
#@# pial curv lh Sat Mar  7 07:00:46 CET 2026
#@# pial area lh Sat Mar  7 07:00:46 CET 2026
#@# thickness lh Sat Mar  7 07:00:46 CET 2026
#@# area and vertex vol lh Sat Mar  7 07:00:46 CET 2026
#@# white curv rh Sat Mar  7 07:00:46 CET 2026
#@# white area rh Sat Mar  7 07:00:46 CET 2026
#@# pial curv rh Sat Mar  7 07:00:46 CET 2026
#@# pial area rh Sat Mar  7 07:00:46 CET 2026
#@# thickness rh Sat Mar  7 07:00:46 CET 2026
#@# area and vertex vol rh Sat Mar  7 07:00:46 CET 2026
#@# Cortical ribbon mask Sat Mar  7 07:00:46 CET 2026
recon-all -s sub-v1s19x0051296_ses-1 finished without error at Sat Mar  7 07:01:50 CET 2026



#New# invocation of recon-all 



status file for recon-all
Sat Mar  7 07:05:10 CET 2026
#@# white curv lh Sat Mar  7 07:05:10 CET 2026
#@# white area lh Sat Mar  7 07:05:10 CET 2026
#@# pial curv lh Sat Mar  7 07:05:10 CET 2026
#@# pial area lh Sat Mar  7 07:05:10 CET 2026
#@# thickness lh Sat Mar  7 07:05:10 CET 2026
#@# area and vertex vol lh Sat Mar  7 07:05:10 CET 2026
#@# white curv rh Sat Mar  7 07:05:10 CET 2026
#@# white area rh Sat Mar  7 07:05:10 CET 2026
#@# pial curv rh Sat Mar  7 07:05:10 CET 2026
#@# pial area rh Sat Mar  7 07:05:10 CET 2026
#@# thickness rh Sat Mar  7 07:05:10 CET 2026
#@# area and vertex vol rh Sat Mar  7 07:05:10 CET 2026
#@# Curvature Stats lh Sat Mar  7 07:05:10 CET 2026
#@# Curvature Stats rh Sat Mar  7 07:05:11 CET 2026
#@# Relabel Hypointensities Sat Mar  7 07:05:12 CET 2026
#@# APas-to-ASeg Sat Mar  7 07:05:21 CET 2026
#@# AParc-to-ASeg aparc Sat Mar  7 07:05:26 CET 2026
#@# AParc-to-ASeg aparc.a2009s Sat Mar  7 07:05:34 CET 2026
#@# AParc-to-ASeg aparc.DKTatlas Sat Mar  7 07:05:42 CET 2026
#@# WMParc Sat Mar  7 07:05:49 CET 2026
#@# ASeg Stats Sat Mar  7 07:08:11 CET 2026
recon-all -s sub-v1s19x0051296_ses-1 finished without error at Sat Mar  7 07:08:31 CET 2026
