status file for recon-all
Fri Mar  6 14:57:17 CET 2026
#@# Tessellate lh Fri Mar  6 14:57:17 CET 2026
#@# Smooth1 lh Fri Mar  6 14:57:21 CET 2026
#@# Inflation1 lh Fri Mar  6 14:57:23 CET 2026
#@# QSphere lh Fri Mar  6 14:57:33 CET 2026
#@# Fix Topology lh Fri Mar  6 14:58:29 CET 2026
#@# Smooth2 lh Fri Mar  6 15:09:20 CET 2026
#@# Inflation2 lh Fri Mar  6 15:09:23 CET 2026
#@# Curv .H and .K lh Fri Mar  6 15:09:34 CET 2026
#@# Sphere lh Fri Mar  6 15:10:24 CET 2026
#@# Surf Reg lh Fri Mar  6 15:12:20 CET 2026
#@# Jacobian white lh Fri Mar  6 15:15:46 CET 2026
#@# AvgCurv lh Fri Mar  6 15:15:47 CET 2026
#@# Cortical Parc lh Fri Mar  6 15:15:48 CET 2026
#@# white curv lh Fri Mar  6 15:21:17 CET 2026
#@# white area lh Fri Mar  6 15:21:19 CET 2026
#@# pial curv lh Fri Mar  6 15:21:19 CET 2026
#@# pial area lh Fri Mar  6 15:21:21 CET 2026
#@# thickness lh Fri Mar  6 15:21:22 CET 2026
#@# area and vertex vol lh Fri Mar  6 15:21:53 CET 2026
#@# Curvature Stats lh Fri Mar  6 15:21:54 CET 2026
#@# Cortical Parc 2 lh Fri Mar  6 15:21:57 CET 2026
#@# Cortical Parc 3 lh Fri Mar  6 15:22:10 CET 2026
#@# WM/GM Contrast lh Fri Mar  6 15:22:20 CET 2026
recon-all -s sub-v1s10x0051096_ses-1 finished without error at Fri Mar  6 15:22:24 CET 2026



#New# invocation of recon-all 



status file for recon-all
Fri Mar  6 15:50:42 CET 2026
#@# white curv lh Fri Mar  6 15:50:42 CET 2026
#@# white area lh Fri Mar  6 15:50:42 CET 2026
#@# pial curv lh Fri Mar  6 15:50:42 CET 2026
#@# pial area lh Fri Mar  6 15:50:42 CET 2026
#@# thickness lh Fri Mar  6 15:50:42 CET 2026
#@# area and vertex vol lh Fri Mar  6 15:50:42 CET 2026
#@# Parcellation Stats lh Fri Mar  6 15:50:42 CET 2026
#@# Parcellation Stats 2 lh Fri Mar  6 15:51:02 CET 2026
#@# Parcellation Stats 3 lh Fri Mar  6 15:51:12 CET 2026
#@# BA_exvivo Labels lh Fri Mar  6 15:51:22 CET 2026
recon-all -s sub-v1s10x0051096_ses-1 finished without error at Fri Mar  6 15:53:49 CET 2026
