status file for recon-all
Fri Mar  6 21:19:23 CET 2026
#@# Tessellate rh Fri Mar  6 21:19:23 CET 2026
#@# Smooth1 rh Fri Mar  6 21:19:27 CET 2026
#@# Inflation1 rh Fri Mar  6 21:19:30 CET 2026
#@# QSphere rh Fri Mar  6 21:19:44 CET 2026
#@# Fix Topology rh Fri Mar  6 21:21:13 CET 2026
#@# Smooth2 rh Fri Mar  6 21:26:58 CET 2026
#@# Inflation2 rh Fri Mar  6 21:27:01 CET 2026
#@# Curv .H and .K rh Fri Mar  6 21:27:17 CET 2026
#@# Sphere rh Fri Mar  6 21:28:11 CET 2026
#@# Surf Reg rh Fri Mar  6 21:30:34 CET 2026
#@# Jacobian white rh Fri Mar  6 21:35:26 CET 2026
#@# AvgCurv rh Fri Mar  6 21:35:27 CET 2026
#@# Cortical Parc rh Fri Mar  6 21:35:28 CET 2026
#@# white curv rh Fri Mar  6 21:42:21 CET 2026
#@# white area rh Fri Mar  6 21:42:22 CET 2026
#@# pial curv rh Fri Mar  6 21:42:23 CET 2026
#@# pial area rh Fri Mar  6 21:42:25 CET 2026
#@# thickness rh Fri Mar  6 21:42:26 CET 2026
#@# area and vertex vol rh Fri Mar  6 21:42:59 CET 2026
#@# Curvature Stats rh Fri Mar  6 21:43:01 CET 2026
#@# Cortical Parc 2 rh Fri Mar  6 21:43:04 CET 2026
#@# Cortical Parc 3 rh Fri Mar  6 21:43:19 CET 2026
#@# WM/GM Contrast rh Fri Mar  6 21:43:29 CET 2026
recon-all -s sub-v1s12x0050107_ses-1 finished without error at Fri Mar  6 21:43:32 CET 2026



#New# invocation of recon-all 



status file for recon-all
Fri Mar  6 21:52:55 CET 2026
#@# white curv rh Fri Mar  6 21:52:55 CET 2026
#@# white area rh Fri Mar  6 21:52:55 CET 2026
#@# pial curv rh Fri Mar  6 21:52:55 CET 2026
#@# pial area rh Fri Mar  6 21:52:55 CET 2026
#@# thickness rh Fri Mar  6 21:52:55 CET 2026
#@# area and vertex vol rh Fri Mar  6 21:52:55 CET 2026
#@# Parcellation Stats rh Fri Mar  6 21:52:55 CET 2026
#@# Parcellation Stats 2 rh Fri Mar  6 21:53:18 CET 2026
#@# Parcellation Stats 3 rh Fri Mar  6 21:53:30 CET 2026
#@# BA_exvivo Labels rh Fri Mar  6 21:53:41 CET 2026
recon-all -s sub-v1s12x0050107_ses-1 finished without error at Fri Mar  6 21:56:30 CET 2026
