status file for recon-all
Fri Mar  6 08:43:28 CET 2026
#@# Tessellate rh Fri Mar  6 08:43:28 CET 2026
#@# Smooth1 rh Fri Mar  6 08:43:32 CET 2026
#@# Inflation1 rh Fri Mar  6 08:43:35 CET 2026
#@# QSphere rh Fri Mar  6 08:43:49 CET 2026
#@# Fix Topology rh Fri Mar  6 08:45:09 CET 2026
#@# Smooth2 rh Fri Mar  6 08:56:34 CET 2026
#@# Inflation2 rh Fri Mar  6 08:56:37 CET 2026
#@# Curv .H and .K rh Fri Mar  6 08:56:54 CET 2026
#@# Sphere rh Fri Mar  6 08:57:44 CET 2026
#@# Surf Reg rh Fri Mar  6 09:04:49 CET 2026
#@# Jacobian white rh Fri Mar  6 09:12:59 CET 2026
#@# AvgCurv rh Fri Mar  6 09:13:00 CET 2026
#@# Cortical Parc rh Fri Mar  6 09:13:01 CET 2026
#@# white curv rh Fri Mar  6 09:20:37 CET 2026
#@# white area rh Fri Mar  6 09:20:39 CET 2026
#@# pial curv rh Fri Mar  6 09:20:40 CET 2026
#@# pial area rh Fri Mar  6 09:20:42 CET 2026
#@# thickness rh Fri Mar  6 09:20:43 CET 2026
#@# area and vertex vol rh Fri Mar  6 09:21:14 CET 2026
#@# Curvature Stats rh Fri Mar  6 09:21:16 CET 2026
#@# Cortical Parc 2 rh Fri Mar  6 09:21:19 CET 2026
#@# Cortical Parc 3 rh Fri Mar  6 09:21:33 CET 2026
#@# WM/GM Contrast rh Fri Mar  6 09:21:44 CET 2026
recon-all -s sub-v1s10x0050998_ses-1 finished without error at Fri Mar  6 09:21:49 CET 2026



#New# invocation of recon-all 



status file for recon-all
Fri Mar  6 09:31:08 CET 2026
#@# white curv rh Fri Mar  6 09:31:08 CET 2026
#@# white area rh Fri Mar  6 09:31:08 CET 2026
#@# pial curv rh Fri Mar  6 09:31:08 CET 2026
#@# pial area rh Fri Mar  6 09:31:08 CET 2026
#@# thickness rh Fri Mar  6 09:31:08 CET 2026
#@# area and vertex vol rh Fri Mar  6 09:31:08 CET 2026
#@# Parcellation Stats rh Fri Mar  6 09:31:08 CET 2026
#@# Parcellation Stats 2 rh Fri Mar  6 09:31:29 CET 2026
#@# Parcellation Stats 3 rh Fri Mar  6 09:31:39 CET 2026
#@# BA_exvivo Labels rh Fri Mar  6 09:31:50 CET 2026
recon-all -s sub-v1s10x0050998_ses-1 finished without error at Fri Mar  6 09:34:41 CET 2026
