status file for recon-all
Tue Mar  3 04:37:15 CET 2026
#@# MotionCor Tue Mar  3 04:37:17 CET 2026
#@# Talairach Tue Mar  3 04:37:23 CET 2026
#@# Talairach Failure Detection Tue Mar  3 04:40:38 CET 2026
#@# Nu Intensity Correction Tue Mar  3 04:40:38 CET 2026
#@# Intensity Normalization Tue Mar  3 04:43:49 CET 2026
recon-all -s sub-v1s18x0051204_ses-1 finished without error at Tue Mar  3 04:45:00 CET 2026



#New# invocation of recon-all 



status file for recon-all
Tue Mar  3 04:54:52 CET 2026
#@# EM Registration Tue Mar  3 04:54:52 CET 2026
recon-all -s sub-v1s18x0051204_ses-1 finished without error at Tue Mar  3 04:57:11 CET 2026



#New# invocation of recon-all 



status file for recon-all
Tue Mar  3 04:57:14 CET 2026
#@# CA Normalize Tue Mar  3 04:57:14 CET 2026
#@# CA Reg Tue Mar  3 04:58:08 CET 2026
#@# SubCort Seg Tue Mar  3 05:48:21 CET 2026
#@# CC Seg Tue Mar  3 06:14:16 CET 2026
#@# Merge ASeg Tue Mar  3 06:14:44 CET 2026
#@# Intensity Normalization2 Tue Mar  3 06:14:44 CET 2026
#@# Mask BFS Tue Mar  3 06:16:38 CET 2026
#@# WM Segmentation Tue Mar  3 06:16:39 CET 2026
#@# Fill Tue Mar  3 06:18:30 CET 2026
recon-all -s sub-v1s18x0051204_ses-1 finished without error at Tue Mar  3 06:19:31 CET 2026



#New# invocation of recon-all 



status file for recon-all
Tue Mar  3 06:59:20 CET 2026
#@# white curv lh Tue Mar  3 06:59:20 CET 2026
#@# white area lh Tue Mar  3 06:59:20 CET 2026
#@# pial curv lh Tue Mar  3 06:59:20 CET 2026
#@# pial area lh Tue Mar  3 06:59:20 CET 2026
#@# thickness lh Tue Mar  3 06:59:20 CET 2026
#@# area and vertex vol lh Tue Mar  3 06:59:20 CET 2026
#@# white curv rh Tue Mar  3 06:59:20 CET 2026
#@# white area rh Tue Mar  3 06:59:20 CET 2026
#@# pial curv rh Tue Mar  3 06:59:20 CET 2026
#@# pial area rh Tue Mar  3 06:59:20 CET 2026
#@# thickness rh Tue Mar  3 06:59:20 CET 2026
#@# area and vertex vol rh Tue Mar  3 06:59:20 CET 2026
#@# Cortical ribbon mask Tue Mar  3 06:59:20 CET 2026
recon-all -s sub-v1s18x0051204_ses-1 finished without error at Tue Mar  3 07:02:36 CET 2026



#New# invocation of recon-all 



status file for recon-all
Tue Mar  3 07:10:06 CET 2026
#@# white curv lh Tue Mar  3 07:10:06 CET 2026
#@# white area lh Tue Mar  3 07:10:06 CET 2026
#@# pial curv lh Tue Mar  3 07:10:06 CET 2026
#@# pial area lh Tue Mar  3 07:10:06 CET 2026
#@# thickness lh Tue Mar  3 07:10:06 CET 2026
#@# area and vertex vol lh Tue Mar  3 07:10:06 CET 2026
#@# white curv rh Tue Mar  3 07:10:07 CET 2026
#@# white area rh Tue Mar  3 07:10:07 CET 2026
#@# pial curv rh Tue Mar  3 07:10:07 CET 2026
#@# pial area rh Tue Mar  3 07:10:07 CET 2026
#@# thickness rh Tue Mar  3 07:10:07 CET 2026
#@# area and vertex vol rh Tue Mar  3 07:10:07 CET 2026
#@# Curvature Stats lh Tue Mar  3 07:10:07 CET 2026
#@# Curvature Stats rh Tue Mar  3 07:10:09 CET 2026
#@# Relabel Hypointensities Tue Mar  3 07:10:11 CET 2026
#@# APas-to-ASeg Tue Mar  3 07:10:27 CET 2026
#@# AParc-to-ASeg aparc Tue Mar  3 07:10:36 CET 2026
#@# AParc-to-ASeg aparc.a2009s Tue Mar  3 07:11:15 CET 2026
#@# AParc-to-ASeg aparc.DKTatlas Tue Mar  3 07:11:53 CET 2026
#@# WMParc Tue Mar  3 07:12:31 CET 2026
#@# ASeg Stats Tue Mar  3 07:15:09 CET 2026
recon-all -s sub-v1s18x0051204_ses-1 finished without error at Tue Mar  3 07:15:38 CET 2026
