status file for recon-all
Fri Mar  6 15:44:37 CET 2026
#@# MotionCor Fri Mar  6 15:44:38 CET 2026
#@# Talairach Fri Mar  6 15:44:47 CET 2026
#@# Talairach Failure Detection Fri Mar  6 15:49:11 CET 2026
#@# Nu Intensity Correction Fri Mar  6 15:49:11 CET 2026
#@# Intensity Normalization Fri Mar  6 15:52:27 CET 2026
recon-all -s sub-v1s10x0051126_ses-1 finished without error at Fri Mar  6 15:53:50 CET 2026



#New# invocation of recon-all 



status file for recon-all
Fri Mar  6 16:01:00 CET 2026
#@# EM Registration Fri Mar  6 16:01:00 CET 2026
recon-all -s sub-v1s10x0051126_ses-1 finished without error at Fri Mar  6 16:02:59 CET 2026



#New# invocation of recon-all 



status file for recon-all
Fri Mar  6 16:03:01 CET 2026
#@# CA Normalize Fri Mar  6 16:03:01 CET 2026
#@# CA Reg Fri Mar  6 16:04:19 CET 2026
#@# SubCort Seg Fri Mar  6 16:47:13 CET 2026
#@# CC Seg Fri Mar  6 17:14:21 CET 2026
#@# Merge ASeg Fri Mar  6 17:14:53 CET 2026
#@# Intensity Normalization2 Fri Mar  6 17:14:53 CET 2026
#@# Mask BFS Fri Mar  6 17:17:00 CET 2026
#@# WM Segmentation Fri Mar  6 17:17:01 CET 2026
#@# Fill Fri Mar  6 17:18:51 CET 2026
recon-all -s sub-v1s10x0051126_ses-1 finished without error at Fri Mar  6 17:19:52 CET 2026



#New# invocation of recon-all 



status file for recon-all
Fri Mar  6 18:12:03 CET 2026
#@# white curv lh Fri Mar  6 18:12:03 CET 2026
#@# white area lh Fri Mar  6 18:12:03 CET 2026
#@# pial curv lh Fri Mar  6 18:12:03 CET 2026
#@# pial area lh Fri Mar  6 18:12:03 CET 2026
#@# thickness lh Fri Mar  6 18:12:03 CET 2026
#@# area and vertex vol lh Fri Mar  6 18:12:03 CET 2026
#@# white curv rh Fri Mar  6 18:12:03 CET 2026
#@# white area rh Fri Mar  6 18:12:03 CET 2026
#@# pial curv rh Fri Mar  6 18:12:03 CET 2026
#@# pial area rh Fri Mar  6 18:12:03 CET 2026
#@# thickness rh Fri Mar  6 18:12:03 CET 2026
#@# area and vertex vol rh Fri Mar  6 18:12:03 CET 2026
#@# Cortical ribbon mask Fri Mar  6 18:12:03 CET 2026
recon-all -s sub-v1s10x0051126_ses-1 finished without error at Fri Mar  6 18:16:30 CET 2026



#New# invocation of recon-all 



status file for recon-all
Fri Mar  6 18:23:01 CET 2026
#@# white curv lh Fri Mar  6 18:23:01 CET 2026
#@# white area lh Fri Mar  6 18:23:01 CET 2026
#@# pial curv lh Fri Mar  6 18:23:01 CET 2026
#@# pial area lh Fri Mar  6 18:23:01 CET 2026
#@# thickness lh Fri Mar  6 18:23:01 CET 2026
#@# area and vertex vol lh Fri Mar  6 18:23:01 CET 2026
#@# white curv rh Fri Mar  6 18:23:01 CET 2026
#@# white area rh Fri Mar  6 18:23:01 CET 2026
#@# pial curv rh Fri Mar  6 18:23:01 CET 2026
#@# pial area rh Fri Mar  6 18:23:01 CET 2026
#@# thickness rh Fri Mar  6 18:23:01 CET 2026
#@# area and vertex vol rh Fri Mar  6 18:23:01 CET 2026
#@# Curvature Stats lh Fri Mar  6 18:23:01 CET 2026
#@# Curvature Stats rh Fri Mar  6 18:23:04 CET 2026
#@# Relabel Hypointensities Fri Mar  6 18:23:06 CET 2026
#@# APas-to-ASeg Fri Mar  6 18:23:21 CET 2026
#@# AParc-to-ASeg aparc Fri Mar  6 18:23:29 CET 2026
#@# AParc-to-ASeg aparc.a2009s Fri Mar  6 18:24:16 CET 2026
#@# AParc-to-ASeg aparc.DKTatlas Fri Mar  6 18:25:05 CET 2026
#@# WMParc Fri Mar  6 18:25:47 CET 2026
#@# ASeg Stats Fri Mar  6 18:29:24 CET 2026
recon-all -s sub-v1s10x0051126_ses-1 finished without error at Fri Mar  6 18:30:03 CET 2026
