status file for recon-all
Sat Mar  7 09:21:45 CET 2026
#@# Tessellate rh Sat Mar  7 09:21:45 CET 2026
#@# Smooth1 rh Sat Mar  7 09:21:49 CET 2026
#@# Inflation1 rh Sat Mar  7 09:21:51 CET 2026
#@# QSphere rh Sat Mar  7 09:22:00 CET 2026
#@# Fix Topology rh Sat Mar  7 09:22:54 CET 2026
#@# Smooth2 rh Sat Mar  7 09:28:16 CET 2026
#@# Inflation2 rh Sat Mar  7 09:28:18 CET 2026
#@# Curv .H and .K rh Sat Mar  7 09:28:27 CET 2026
#@# Sphere rh Sat Mar  7 09:29:11 CET 2026
#@# Surf Reg rh Sat Mar  7 09:31:46 CET 2026
#@# Jacobian white rh Sat Mar  7 09:34:58 CET 2026
#@# AvgCurv rh Sat Mar  7 09:34:59 CET 2026
#@# Cortical Parc rh Sat Mar  7 09:34:59 CET 2026
#@# white curv rh Sat Mar  7 09:40:30 CET 2026
#@# white area rh Sat Mar  7 09:40:31 CET 2026
#@# pial curv rh Sat Mar  7 09:40:32 CET 2026
#@# pial area rh Sat Mar  7 09:40:33 CET 2026
#@# thickness rh Sat Mar  7 09:40:34 CET 2026
#@# area and vertex vol rh Sat Mar  7 09:41:01 CET 2026
#@# Curvature Stats rh Sat Mar  7 09:41:02 CET 2026
#@# Cortical Parc 2 rh Sat Mar  7 09:41:04 CET 2026
#@# Cortical Parc 3 rh Sat Mar  7 09:41:17 CET 2026
#@# WM/GM Contrast rh Sat Mar  7 09:41:25 CET 2026
recon-all -s sub-v1s20x0050276_ses-1 finished without error at Sat Mar  7 09:41:28 CET 2026



#New# invocation of recon-all 



status file for recon-all
Sat Mar  7 09:48:54 CET 2026
#@# white curv rh Sat Mar  7 09:48:54 CET 2026
#@# white area rh Sat Mar  7 09:48:54 CET 2026
#@# pial curv rh Sat Mar  7 09:48:54 CET 2026
#@# pial area rh Sat Mar  7 09:48:54 CET 2026
#@# thickness rh Sat Mar  7 09:48:54 CET 2026
#@# area and vertex vol rh Sat Mar  7 09:48:54 CET 2026
#@# Parcellation Stats rh Sat Mar  7 09:48:54 CET 2026
#@# Parcellation Stats 2 rh Sat Mar  7 09:49:10 CET 2026
#@# Parcellation Stats 3 rh Sat Mar  7 09:49:18 CET 2026
#@# BA_exvivo Labels rh Sat Mar  7 09:49:26 CET 2026
recon-all -s sub-v1s20x0050276_ses-1 finished without error at Sat Mar  7 09:51:42 CET 2026
