/out/sourcedata/freesurfer/sub-v1s19x0051302_ses-1/mri
/opt/freesurfer/bin/talairach_avi
--i orig_nu.mgz --xfm transforms/talairach.auto.xfm
talairach_avi 7.3.2
Linux dna015 5.14.0-427.37.1.el9_4.x86_64 #1 SMP PREEMPT_DYNAMIC Fri Sep 13 12:41:50 EDT 2024 x86_64 x86_64 x86_64 GNU/Linux
Sat Mar  7 04:59:42 CET 2026
mri_convert orig_nu.mgz talsrcimg.img 
reading from orig_nu.mgz...
TR=0.00, TE=0.00, TI=0.00, flip angle=0.00
i_ras = (-1, 0, 0)
j_ras = (0, 0, -1)
k_ras = (0, 1, 0)
writing to talsrcimg.img...
Analyze Output Matrix
-1.00000   0.00000   0.00000   125.96789;
 0.00000   0.00000   1.00000  -114.08279;
 0.00000  -1.00000   0.00000   151.18645;
 0.00000   0.00000   0.00000   1.00000;
--------------------
INFO: set hdr.hist.orient to -1
mpr2mni305 talsrcimg
Sat Mar  7 04:59:43 CET 2026
/opt/freesurfer/bin/mpr2mni305 talsrcimg
mpr2mni305 7.3.2
target=711-2C_as_mni_average_305

---------------------------------------------------------------------
analyzeto4dfp talsrcimg -O0 -y
---------------------------------------------------------------------

freesurfer ifh2hdr.c
Sat Mar  7 04:59:43 2026
Writing: talsrcimg.4dfp.hdr
freesurfer analyzeto4dfp.c
Reading: talsrcimg.hdr
header size 348 bytes
hdr.dime.datatype	offset=70	value=2
hdr.dime.bitpix		offset=72	value=8
hdr.hist.orient		offset=252	value=-1
dimensionality     4
dimensions       256       256       256         1
Reading: talsrcimg.img
Writing: talsrcimg.4dfp.img
Writing: talsrcimg.4dfp.ifh
ifh2hdr talsrcimg -r0to232
ori=2

---------------------------------------------------------------------
gauss_4dfp talsrcimg 1.1
---------------------------------------------------------------------

freesurfer gauss_4dfp.c
Reading: talsrcimg.4dfp.img
Writing: talsrcimg_g11.4dfp.img
image dimensions 256 256 256 padded to 288 288 288
processing volume 1freesurfer ifh2hdr.c
Sat Mar  7 04:59:45 2026
Writing: talsrcimg_g11.4dfp.hdr

Writing: talsrcimg_g11.4dfp.ifh
including: talsrcimg.4dfp.img.rec in talsrcimg_g11.4dfp.img.rec

---------------------------------------------------------------------
imgreg_4dfp /opt/freesurfer/average/711-2C_as_mni_average_305 none talsrcimg_g11 none talsrcimg_to_711-2C_as_mni_average_305_t4 4355
---------------------------------------------------------------------

freesurfer imgreg_4dfp.c
/opt/freesurfer/average/711-2C_as_mni_average_305.4dfp.img
       256       256       256         1
  1.000000  1.000000  1.000000
orientation T byte_order littleendian
Reading image: /opt/freesurfer/average/711-2C_as_mni_average_305.4dfp.img
dimensions:      256       256       256
mmppix:       1.0000   -1.0000   -1.0000
center:     128.0000 -129.0000 -129.0000
talsrcimg_g11.4dfp.img
       256       256       256         1
  1.000000  1.000000  1.000000
orientation T byte_order littleendian
Reading image: talsrcimg_g11.4dfp.img
dimensions:      256       256       256
mmppix:       1.0000   -1.0000   -1.0000
center:     128.0000 -129.0000 -129.0000
t4_read: open error in t4_sub.f l:  41 t4_file(1:l)talsrcimg_to_711-2C_as_mni_average_305_t4 
t4_read: transform initialized to I4
rotation matrix determinant  1.000000
image alignment mode   4355 decimal     1103 hex
   -7.5000  -45.0000  -45.0000 6655.9438   18.9081
    0.0000  -45.0000  -45.0000 6966.7871   18.9155
    7.5000  -45.0000  -45.0000 6718.3672   18.8397
   -7.5000  -37.5000  -45.0000 7213.1880   18.7700
    0.0000  -37.5000  -45.0000 7544.4175   18.7694
    7.5000  -37.5000  -45.0000 7273.4834   18.6905
   -7.5000  -30.0000  -45.0000 8052.6006   18.6823
    0.0000  -30.0000  -45.0000 8421.8623   18.6771
    7.5000  -30.0000  -45.0000 8102.0430   18.6008
   -7.5000  -22.5000  -45.0000 8878.0732   18.6208
    0.0000  -22.5000  -45.0000 9295.9502   18.6185
    7.5000  -22.5000  -45.0000 8917.4688   18.5482
   -7.5000  -15.0000  -45.0000 9649.2061   18.5794
    0.0000  -15.0000  -45.000010098.5918   18.5846
    7.5000  -15.0000  -45.0000 9695.5254   18.5161
   -7.5000   -7.5000  -45.000010329.7920   18.5647
    0.0000   -7.5000  -45.000010813.9658   18.5749
    7.5000   -7.5000  -45.000010393.5137   18.5031
   -7.5000    0.0000  -45.000010990.8281   18.5670
    0.0000    0.0000  -45.000011488.0850   18.5746
    7.5000    0.0000  -45.000011030.2852   18.4977
   -7.5000    7.5000  -45.000010838.9092   18.5821
    0.0000    7.5000  -45.000011338.1357   18.5817
    7.5000    7.5000  -45.000010850.8623   18.5022
   -7.5000   15.0000  -45.000010630.5791   18.5970
    0.0000   15.0000  -45.000011107.7471   18.5919
    7.5000   15.0000  -45.000010641.7109   18.5153
   -7.5000   22.5000  -45.000010335.4932   18.5939
    0.0000   22.5000  -45.000010781.0332   18.5917
    7.5000   22.5000  -45.000010335.7881   18.5213
   -7.5000   30.0000  -45.0000 9800.1172   18.3317
    0.0000   30.0000  -45.000010194.9941   18.3367
    7.5000   30.0000  -45.0000 9775.8604   18.2692
   -7.5000   37.5000  -45.0000 9418.4561   18.3173
    0.0000   37.5000  -45.0000 9817.2764   18.3273
    7.5000   37.5000  -45.0000 9368.7949   18.2565
   -7.5000   45.0000  -45.0000 8664.6260   17.8543
    0.0000   45.0000  -45.0000 9060.5742   17.8617
    7.5000   45.0000  -45.0000 8624.1377   17.7878
   -7.5000  -45.0000  -37.5000 7166.8452   18.5909
    0.0000  -45.0000  -37.5000 7519.8027   18.6012
    7.5000  -45.0000  -37.5000 7227.7290   18.5482
   -7.5000  -37.5000  -37.5000 7788.7939   18.4618
    0.0000  -37.5000  -37.5000 8188.3062   18.4704
    7.5000  -37.5000  -37.5000 7847.0498   18.4158
   -7.5000  -30.0000  -37.5000 8688.1768   18.3712
    0.0000  -30.0000  -37.5000 9146.1387   18.3773
    7.5000  -30.0000  -37.5000 8732.6826   18.3245
   -7.5000  -22.5000  -37.5000 9557.5576   18.3015
    0.0000  -22.5000  -37.500010056.2051   18.3066
    7.5000  -22.5000  -37.5000 9591.2324   18.2576
   -7.5000  -15.0000  -37.500010369.9678   18.2577
    0.0000  -15.0000  -37.500010885.2607   18.2643
    7.5000  -15.0000  -37.500010396.5469   18.2161
   -7.5000   -7.5000  -37.500011077.9697   18.2500
    0.0000   -7.5000  -37.500011608.8584   18.2593
    7.5000   -7.5000  -37.500011121.5830   18.2080
   -7.5000    0.0000  -37.500011718.0059   18.2611
    0.0000    0.0000  -37.500012295.5332   18.2714
    7.5000    0.0000  -37.500011775.4326   18.2168
   -7.5000    7.5000  -37.500011538.6094   18.2797
    0.0000    7.5000  -37.500012116.7676   18.2884
    7.5000    7.5000  -37.500011589.1865   18.2328
   -7.5000   15.0000  -37.500011327.4570   18.2892
    0.0000   15.0000  -37.500011883.6445   18.2954
    7.5000   15.0000  -37.500011358.9814   18.2421
   -7.5000   22.5000  -37.500010996.0596   18.2755
    0.0000   22.5000  -37.500011498.8262   18.2806
    7.5000   22.5000  -37.500010986.4180   18.2315
   -7.5000   30.0000  -37.500010356.5107   18.0142
    0.0000   30.0000  -37.500010809.7051   18.0208
    7.5000   30.0000  -37.500010315.2783   17.9732
   -7.5000   37.5000  -37.5000 9936.8477   18.0068
    0.0000   37.5000  -37.500010384.9834   18.0160
    7.5000   37.5000  -37.5000 9874.6240   17.9653
   -7.5000   45.0000  -37.5000 9133.8926   17.5602
    0.0000   45.0000  -37.5000 9569.9775   17.5702
    7.5000   45.0000  -37.5000 9069.4170   17.5176
   -7.5000  -45.0000  -30.0000 7819.8560   19.1001
    0.0000  -45.0000  -30.0000 8211.4873   19.1151
    7.5000  -45.0000  -30.0000 7888.8311   19.0877
   -7.5000  -37.5000  -30.0000 8506.5977   18.9760
    0.0000  -37.5000  -30.0000 8937.3906   18.9940
    7.5000  -37.5000  -30.0000 8572.0898   18.9667
   -7.5000  -30.0000  -30.0000 9493.3691   18.8797
    0.0000  -30.0000  -30.0000 9995.2773   18.8972
    7.5000  -30.0000  -30.0000 9551.2861   18.8696
   -7.5000  -22.5000  -30.000010425.8057   18.7934
    0.0000  -22.5000  -30.000010969.5527   18.8080
    7.5000  -22.5000  -30.000010464.5488   18.7806
   -7.5000  -15.0000  -30.000011276.4082   18.7414
    0.0000  -15.0000  -30.000011858.1846   18.7539
    7.5000  -15.0000  -30.000011294.9307   18.7256
   -7.5000   -7.5000  -30.000012042.2373   18.7415
    0.0000   -7.5000  -30.000012668.2832   18.7538
    7.5000   -7.5000  -30.000012089.7900   18.7237
   -7.5000    0.0000  -30.000012724.1611   18.7658
    0.0000    0.0000  -30.000013400.0850   18.7807
    7.5000    0.0000  -30.000012783.7490   18.7507
   -7.5000    7.5000  -30.000012518.9434   18.7920
    0.0000    7.5000  -30.000013179.1055   18.8099
    7.5000    7.5000  -30.000012569.5420   18.7810
   -7.5000   15.0000  -30.000012279.7129   18.7969
    0.0000   15.0000  -30.000012902.2969   18.8144
    7.5000   15.0000  -30.000012297.3711   18.7861
   -7.5000   22.5000  -30.000011847.7969   18.7660
    0.0000   22.5000  -30.000012425.1816   18.7806
    7.5000   22.5000  -30.000011822.4385   18.7530
   -7.5000   30.0000  -30.000011091.3965   18.4933
    0.0000   30.0000  -30.000011582.4531   18.5056
    7.5000   30.0000  -30.000011026.1338   18.4777
   -7.5000   37.5000  -30.000010595.3965   18.4935
    0.0000   37.5000  -30.000011097.8018   18.5057
    7.5000   37.5000  -30.000010536.6045   18.4760
   -7.5000   45.0000  -30.0000 9711.2266   18.0589
    0.0000   45.0000  -30.000010203.9443   18.0732
    7.5000   45.0000  -30.0000 9668.6934   18.0443
   -7.5000  -45.0000  -22.5000 8564.4688   19.6089
    0.0000  -45.0000  -22.5000 9012.5801   19.6223
    7.5000  -45.0000  -22.5000 8649.1299   19.5958
   -7.5000  -37.5000  -22.5000 9289.3408   19.4842
    0.0000  -37.5000  -22.5000 9764.0986   19.4994
    7.5000  -37.5000  -22.5000 9344.5107   19.4742
   -7.5000  -30.0000  -22.500010361.3086   19.3890
    0.0000  -30.0000  -22.500010885.8096   19.4036
    7.5000  -30.0000  -22.500010403.7539   19.3767
   -7.5000  -22.5000  -22.500011371.9473   19.2972
    0.0000  -22.5000  -22.500011951.8008   19.3107
    7.5000  -22.5000  -22.500011387.8438   19.2815
   -7.5000  -15.0000  -22.500012251.0742   19.2415
    0.0000  -15.0000  -22.500012916.3936   19.2547
    7.5000  -15.0000  -22.500012268.8262   19.2226
   -7.5000   -7.5000  -22.500013104.9746   19.2413
    0.0000   -7.5000  -22.500013793.3350   19.2541
    7.5000   -7.5000  -22.500013106.4082   19.2215
   -7.5000    0.0000  -22.500013871.1426   19.2680
    0.0000    0.0000  -22.500014616.3105   19.2813
    7.5000    0.0000  -22.500013877.4395   19.2521
   -7.5000    7.5000  -22.500013630.0273   19.2972
    0.0000    7.5000  -22.500014377.0742   19.3124
    7.5000    7.5000  -22.500013623.5986   19.2855
   -7.5000   15.0000  -22.500013321.9805   19.3042
    0.0000   15.0000  -22.500014037.7441   19.3188
    7.5000   15.0000  -22.500013288.2969   19.2912
   -7.5000   22.5000  -22.500012778.1689   19.2689
    0.0000   22.5000  -22.500013447.2734   19.2824
    7.5000   22.5000  -22.500012712.6309   19.2530
   -7.5000   30.0000  -22.500011919.8115   18.9897
    0.0000   30.0000  -22.500012492.7520   19.0027
    7.5000   30.0000  -22.500011834.1016   18.9711
   -7.5000   37.5000  -22.500011349.6865   18.9897
    0.0000   37.5000  -22.500011905.1514   19.0022
    7.5000   37.5000  -22.500011290.1074   18.9701
   -7.5000   45.0000  -22.500010361.1025   18.5560
    0.0000   45.0000  -22.500010876.1055   18.5688
    7.5000   45.0000  -22.500010310.4092   18.5407
   -7.5000  -45.0000  -15.0000 9318.9238   19.9992
    0.0000  -45.0000  -15.0000 9798.5244   20.0077
    7.5000  -45.0000  -15.0000 9385.6709   19.9577
   -7.5000  -37.5000  -15.000010090.2520   19.8698
    0.0000  -37.5000  -15.000010603.5977   19.8746
    7.5000  -37.5000  -15.000010148.5625   19.8249
   -7.5000  -30.0000  -15.000011242.6016   19.7800
    0.0000  -30.0000  -15.000011807.5498   19.7825
    7.5000  -30.0000  -15.000011291.7842   19.7318
   -7.5000  -22.5000  -15.000012321.1777   19.6954
    0.0000  -22.5000  -15.000012945.9697   19.7002
    7.5000  -22.5000  -15.000012353.7451   19.6482
   -7.5000  -15.0000  -15.000013249.4160   19.6412
    0.0000  -15.0000  -15.000013952.1885   19.6506
    7.5000  -15.0000  -15.000013260.9619   19.5961
   -7.5000   -7.5000  -15.000014181.2314   19.6341
    0.0000   -7.5000  -15.000014913.2881   19.6452
    7.5000   -7.5000  -15.000014189.9805   19.5903
   -7.5000    0.0000  -15.000015008.2559   19.6527
    0.0000    0.0000  -15.000015839.8037   19.6614
    7.5000    0.0000  -15.000015013.7715   19.6093
   -7.5000    7.5000  -15.000014732.9814   19.6802
    0.0000    7.5000  -15.000015521.4199   19.6851
    7.5000    7.5000  -15.000014699.5879   19.6341
   -7.5000   15.0000  -15.000014340.9297   19.6932
    0.0000   15.0000  -15.000015132.1504   19.6958
    7.5000   15.0000  -15.000014317.8203   19.6446
   -7.5000   22.5000  -15.000013702.1660   19.6658
    0.0000   22.5000  -15.000014444.7285   19.6705
    7.5000   22.5000  -15.000013655.8408   19.6184
   -7.5000   30.0000  -15.000012787.1719   19.3869
    0.0000   30.0000  -15.000013455.1504   19.3961
    7.5000   30.0000  -15.000012712.0586   19.3423
   -7.5000   37.5000  -15.000012167.3584   19.3800
    0.0000   37.5000  -15.000012793.5137   19.3909
    7.5000   37.5000  -15.000012101.4492   19.3368
   -7.5000   45.0000  -15.000011068.8389   18.9380
    0.0000   45.0000  -15.000011651.4541   18.9463
    7.5000   45.0000  -15.000011013.2090   18.8962
   -7.5000  -45.0000   -7.500010143.8564   20.2510
    0.0000  -45.0000   -7.500010644.9443   20.2544
    7.5000  -45.0000   -7.500010220.7344   20.1752
   -7.5000  -37.5000   -7.500010978.2305   20.1120
    0.0000  -37.5000   -7.500011504.3379   20.1070
    7.5000  -37.5000   -7.500011052.6396   20.0257
   -7.5000  -30.0000   -7.500012225.8789   20.0235
    0.0000  -30.0000   -7.500012811.5752   20.0144
    7.5000  -30.0000   -7.500012289.6572   19.9342
   -7.5000  -22.5000   -7.500013364.7910   19.9533
    0.0000  -22.5000   -7.500014010.7471   19.9489
    7.5000  -22.5000   -7.500013405.3418   19.8720
   -7.5000  -15.0000   -7.500014340.9658   19.9065
    0.0000  -15.0000   -7.500015057.1201   19.9108
    7.5000  -15.0000   -7.500014366.0527   19.8343
   -7.5000   -7.5000   -7.500015300.2061   19.8931
    0.0000   -7.5000   -7.500016133.7510   19.9014
    7.5000   -7.5000   -7.500015353.6348   19.8230
   -7.5000    0.0000   -7.500016189.5205   19.9001
    0.0000    0.0000   -7.500017092.5352   19.9038
    7.5000    0.0000   -7.500016196.6143   19.8235
   -7.5000    7.5000   -7.500015841.9902   19.9194
    0.0000    7.5000   -7.500016682.8223   19.9147
    7.5000    7.5000   -7.500015840.8525   19.8327
   -7.5000   15.0000   -7.500015426.4199   19.9354
    0.0000   15.0000   -7.500016221.6865   19.9265
    7.5000   15.0000   -7.500015405.3809   19.8460
   -7.5000   22.5000   -7.500014713.7998   19.9201
    0.0000   22.5000   -7.500015494.5918   19.9157
    7.5000   22.5000   -7.500014671.7119   19.8388
   -7.5000   30.0000   -7.500013709.5303   19.6482
    0.0000   30.0000   -7.500014449.4746   19.6524
    7.5000   30.0000   -7.500013636.8818   19.5769
   -7.5000   37.5000   -7.500013046.0518   19.6352
    0.0000   37.5000   -7.500013747.2939   19.6433
    7.5000   37.5000   -7.500012953.6777   19.5659
   -7.5000   45.0000   -7.500011829.3369   19.1799
    0.0000   45.0000   -7.500012467.7480   19.1835
    7.5000   45.0000   -7.500011793.0078   19.1061
   -7.5000  -45.0000    0.000010929.6836   20.3411
    0.0000  -45.0000    0.000011449.8662   20.3433
    7.5000  -45.0000    0.000011021.3242   20.2561
   -7.5000  -37.5000    0.000011795.8135   20.1967
    0.0000  -37.5000    0.000012331.7852   20.1909
    7.5000  -37.5000    0.000011874.1631   20.1009
   -7.5000  -30.0000    0.000013103.9766   20.1050
    0.0000  -30.0000    0.000013670.7324   20.0950
    7.5000  -30.0000    0.000013176.3389   20.0078
   -7.5000  -22.5000    0.000014321.6426   20.0420
    0.0000  -22.5000    0.000014968.7764   20.0353
    7.5000  -22.5000    0.000014388.6426   19.9541
   -7.5000  -15.0000    0.000015392.0459   20.0006
    0.0000  -15.0000    0.000016130.8848   20.0013
    7.5000  -15.0000    0.000015464.7188   19.9218
   -7.5000   -7.5000    0.000016394.2637   19.9862
    0.0000   -7.5000    0.000017336.4102   19.9917
    7.5000   -7.5000    0.000016470.2715   19.9087
   -7.5000    0.0000    0.000017231.8633   19.9881
    0.0000    0.0000    0.000018143.8887   19.9906
    7.5000    0.0000    0.000017275.8848   19.9026
   -7.5000    7.5000    0.000016839.2812   20.0021
    0.0000    7.5000    0.000017666.4375   19.9967
    7.5000    7.5000    0.000016867.7637   19.9062
   -7.5000   15.0000    0.000016389.3281   20.0166
    0.0000   15.0000    0.000017186.2148   20.0069
    7.5000   15.0000    0.000016367.3994   19.9194
   -7.5000   22.5000    0.000015614.6631   20.0075
    0.0000   22.5000    0.000016377.0879   20.0010
    7.5000   22.5000    0.000015581.0859   19.9197
   -7.5000   30.0000    0.000014552.3164   19.7416
    0.0000   30.0000    0.000015300.7383   19.7423
    7.5000   30.0000    0.000014477.9824   19.6638
   -7.5000   37.5000    0.000013835.9688   19.7275
    0.0000   37.5000    0.000014554.6182   19.7329
    7.5000   37.5000    0.000013744.3682   19.6510
   -7.5000   45.0000    0.000012535.8428   19.2662
    0.0000   45.0000    0.000013186.3408   19.2687
    7.5000   45.0000    0.000012482.6465   19.1838
   -7.5000  -45.0000    7.500010783.9570   20.3580
    0.0000  -45.0000    7.500011292.8994   20.3662
    7.5000  -45.0000    7.500010893.9668   20.3045
   -7.5000  -37.5000    7.500011610.2334   20.2193
    0.0000  -37.5000    7.500012129.1729   20.2258
    7.5000  -37.5000    7.500011710.3066   20.1627
   -7.5000  -30.0000    7.500012864.6982   20.1222
    0.0000  -30.0000    7.500013392.4121   20.1263
    7.5000  -30.0000    7.500012960.1602   20.0652
   -7.5000  -22.5000    7.500014148.3916   20.0478
    0.0000  -22.5000    7.500014711.5186   20.0509
    7.5000  -22.5000    7.500014223.6113   19.9939
   -7.5000  -15.0000    7.500015389.6924   20.0010
    0.0000  -15.0000    7.500016143.1504   20.0055
    7.5000  -15.0000    7.500015463.3193   19.9493
   -7.5000   -7.5000    7.500016307.2314   19.9928
    0.0000   -7.5000    7.500017216.6602   20.0000
    7.5000   -7.5000    7.500016384.3633   19.9404
   -7.5000    0.0000    7.500016972.7812   20.0045
    0.0000    0.0000    7.500017728.9707   20.0128
    7.5000    0.0000    7.500017020.8926   19.9495
   -7.5000    7.5000    7.500016568.3711   20.0242
    0.0000    7.5000    7.500017241.2207   20.0308
    7.5000    7.5000    7.500016615.5645   19.9666
   -7.5000   15.0000    7.500016139.8848   20.0343
    0.0000   15.0000    7.500016813.1270   20.0385
    7.5000   15.0000    7.500016129.5361   19.9769
   -7.5000   22.5000    7.500015357.6074   20.0134
    0.0000   22.5000    7.500016031.1016   20.0165
    7.5000   22.5000    7.500015333.6309   19.9594
   -7.5000   30.0000    7.500014292.4453   19.7421
    0.0000   30.0000    7.500014949.2979   19.7465
    7.5000   30.0000    7.500014245.9834   19.6910
   -7.5000   37.5000    7.500013581.3262   19.7340
    0.0000   37.5000    7.500014247.9785   19.7411
    7.5000   37.5000    7.500013533.0312   19.6823
   -7.5000   45.0000    7.500012303.1582   19.2820
    0.0000   45.0000    7.500012914.6904   19.2900
    7.5000   45.0000    7.500012261.8975   19.2290
   -7.5000  -45.0000   15.000010506.8281   20.3325
    0.0000  -45.0000   15.000010986.2939   20.3466
    7.5000  -45.0000   15.000010571.3906   20.3154
   -7.5000  -37.5000   15.000011302.3496   20.2016
    0.0000  -37.5000   15.000011800.3008   20.2190
    7.5000  -37.5000   15.000011373.6152   20.1878
   -7.5000  -30.0000   15.000012518.6582   20.1002
    0.0000  -30.0000   15.000013056.8809   20.1171
    7.5000  -30.0000   15.000012609.1406   20.0857
   -7.5000  -22.5000   15.000013751.1533   20.0094
    0.0000  -22.5000   15.000014368.7969   20.0232
    7.5000  -22.5000   15.000013836.5664   19.9920
   -7.5000  -15.0000   15.000014967.5547   19.9545
    0.0000  -15.0000   15.000015752.4795   19.9661
    7.5000  -15.0000   15.000015054.2832   19.9339
   -7.5000   -7.5000   15.000015941.4434   19.9542
    0.0000   -7.5000   15.000016721.3945   19.9657
    7.5000   -7.5000   15.000016033.8057   19.9317
   -7.5000    0.0000   15.000016584.6641   19.9797
    0.0000    0.0000   15.000017099.9707   19.9938
    7.5000    0.0000   15.000016620.9512   19.9598
   -7.5000    7.5000   15.000016166.5645   20.0073
    0.0000    7.5000   15.000016590.6621   20.0246
    7.5000    7.5000   15.000016208.0381   19.9918
   -7.5000   15.0000   15.000015722.4258   20.0128
    0.0000   15.0000   15.000016170.6650   20.0296
    7.5000   15.0000   15.000015731.7627   19.9975
   -7.5000   22.5000   15.000014961.7881   19.9760
    0.0000   22.5000   15.000015467.4121   19.9898
    7.5000   22.5000   15.000014949.7510   19.9584
   -7.5000   30.0000   15.000013927.5820   19.6961
    0.0000   30.0000   15.000014451.1377   19.7076
    7.5000   30.0000   15.000013877.7852   19.6759
   -7.5000   37.5000   15.000013215.1387   19.6960
    0.0000   37.5000   15.000013771.0293   19.7073
    7.5000   37.5000   15.000013180.4121   19.6737
   -7.5000   45.0000   15.000011991.7480   19.2581
    0.0000   45.0000   15.000012508.8105   19.2717
    7.5000   45.0000   15.000011936.7764   19.2390
   -7.5000  -45.0000   22.500010084.7842   20.3060
    0.0000  -45.0000   22.500010611.2930   20.3190
    7.5000  -45.0000   22.500010157.6953   20.2907
   -7.5000  -37.5000   22.500010846.7812   20.1763
    0.0000  -37.5000   22.500011411.0996   20.1912
    7.5000  -37.5000   22.500010933.7031   20.1642
   -7.5000  -30.0000   22.500012012.2480   20.0784
    0.0000  -30.0000   22.500012572.4307   20.0927
    7.5000  -30.0000   22.500012090.7393   20.0640
   -7.5000  -22.5000   22.500013148.3008   19.9848
    0.0000  -22.5000   22.500013680.9131   19.9980
    7.5000  -22.5000   22.500013205.9102   19.9669
   -7.5000  -15.0000   22.500014199.6865   19.9282
    0.0000  -15.0000   22.500014757.5391   19.9411
    7.5000  -15.0000   22.500014287.7432   19.9071
   -7.5000   -7.5000   22.500015239.6338   19.9276
    0.0000   -7.5000   22.500015799.4297   19.9400
    7.5000   -7.5000   22.500015293.2217   19.9055
   -7.5000    0.0000   22.500016092.6699   19.9538
    0.0000    0.0000   22.500016463.3555   19.9667
    7.5000    0.0000   22.500016089.7236   19.9357
   -7.5000    7.5000   22.500015723.5322   19.9832
    0.0000    7.5000   22.500016045.0566   19.9980
    7.5000    7.5000   22.500015732.7441   19.9694
   -7.5000   15.0000   22.500015254.5586   19.9908
    0.0000   15.0000   22.500015625.8896   20.0051
    7.5000   15.0000   22.500015220.2090   19.9757
   -7.5000   22.5000   22.500014488.4902   19.9525
    0.0000   22.5000   22.500014943.4082   19.9657
    7.5000   22.5000   22.500014436.3389   19.9344
   -7.5000   30.0000   22.500013473.6455   19.6702
    0.0000   30.0000   22.500013954.2773   19.6829
    7.5000   30.0000   22.500013397.4551   19.6494
   -7.5000   37.5000   22.500012764.2783   19.6697
    0.0000   37.5000   22.500013277.4736   19.6820
    7.5000   37.5000   22.500012694.5645   19.6479
   -7.5000   45.0000   22.500011519.9746   19.2331
    0.0000   45.0000   22.500012040.6348   19.2456
    7.5000   45.0000   22.500011437.1289   19.2157
   -7.5000  -45.0000   30.0000 9597.1758   20.3459
    0.0000  -45.0000   30.000010109.7979   20.3539
    7.5000  -45.0000   30.0000 9705.9365   20.3030
   -7.5000  -37.5000   30.000010323.2529   20.2116
    0.0000  -37.5000   30.000010851.0176   20.2159
    7.5000  -37.5000   30.000010429.3203   20.1653
   -7.5000  -30.0000   30.000011389.3418   20.1190
    0.0000  -30.0000   30.000011935.1328   20.1210
    7.5000  -30.0000   30.000011496.8711   20.0695
   -7.5000  -22.5000   30.000012414.4385   20.0343
    0.0000  -22.5000   30.000013002.6006   20.0384
    7.5000  -22.5000   30.000012526.9629   19.9855
   -7.5000  -15.0000   30.000013405.8467   19.9811
    0.0000  -15.0000   30.000014054.6504   19.9899
    7.5000  -15.0000   30.000013514.8955   19.9345
   -7.5000   -7.5000   30.000014392.0811   19.9745
    0.0000   -7.5000   30.000015107.7158   19.9851
    7.5000   -7.5000   30.000014486.8086   19.9293
   -7.5000    0.0000   30.000015246.6357   19.9922
    0.0000    0.0000   30.000015981.3262   20.0004
    7.5000    0.0000   30.000015286.2236   19.9474
   -7.5000    7.5000   30.000014941.2314   20.0181
    0.0000    7.5000   30.000015641.4297   20.0224
    7.5000    7.5000   30.000014970.0391   19.9706
   -7.5000   15.0000   30.000014408.7930   20.0305
    0.0000   15.0000   30.000015062.6406   20.0326
    7.5000   15.0000   30.000014382.3770   19.9804
   -7.5000   22.5000   30.000013637.1729   20.0019
    0.0000   22.5000   30.000014206.6152   20.0061
    7.5000   22.5000   30.000013580.4785   19.9531
   -7.5000   30.0000   30.000012651.1182   19.7223
    0.0000   30.0000   30.000013150.7080   19.7311
    7.5000   30.0000   30.000012580.9307   19.6764
   -7.5000   37.5000   30.000012013.0791   19.7160
    0.0000   37.5000   30.000012473.4082   19.7265
    7.5000   37.5000   30.000011956.5938   19.6714
   -7.5000   45.0000   30.000010882.3125   19.2702
    0.0000   45.0000   30.000011309.5518   19.2781
    7.5000   45.0000   30.000010844.3672   19.2270
   -7.5000  -45.0000   37.5000 9335.6387   20.4841
    0.0000  -45.0000   37.5000 9895.1709   20.4862
    7.5000  -45.0000   37.5000 9419.5674   20.4062
   -7.5000  -37.5000   37.500010020.2129   20.3402
    0.0000  -37.5000   37.500010633.1973   20.3338
    7.5000  -37.5000   37.500010117.5264   20.2516
   -7.5000  -30.0000   37.500011064.5117   20.2477
    0.0000  -30.0000   37.500011708.3262   20.2372
    7.5000  -30.0000   37.500011164.8145   20.1561
   -7.5000  -22.5000   37.500012086.4922   20.1759
    0.0000  -22.5000   37.500012734.5410   20.1701
    7.5000  -22.5000   37.500012182.4229   20.0925
   -7.5000  -15.0000   37.500013046.1797   20.1301
    0.0000  -15.0000   37.500013717.7871   20.1331
    7.5000  -15.0000   37.500013153.5908   20.0558
   -7.5000   -7.5000   37.500013968.7061   20.1185
    0.0000   -7.5000   37.500014643.9580   20.1256
    7.5000   -7.5000   37.500014070.8750   20.0463
   -7.5000    0.0000   37.500014769.2910   20.1258
    0.0000    0.0000   37.500015442.1641   20.1283
    7.5000    0.0000   37.500014842.3057   20.0472
   -7.5000    7.5000   37.500014500.9893   20.1436
    0.0000    7.5000   37.500015110.4658   20.1376
    7.5000    7.5000   37.500014526.7480   20.0547
   -7.5000   15.0000   37.500013990.6777   20.1578
    0.0000   15.0000   37.500014559.2090   20.1475
    7.5000   15.0000   37.500013986.5254   20.0661
   -7.5000   22.5000   37.500013217.3018   20.1422
    0.0000   22.5000   37.500013751.4219   20.1364
    7.5000   22.5000   37.500013184.8926   20.0587
   -7.5000   30.0000   37.500012233.1436   19.8694
    0.0000   30.0000   37.500012765.3037   19.8724
    7.5000   30.0000   37.500012184.2295   19.7961
   -7.5000   37.5000   37.500011619.4717   19.8581
    0.0000   37.5000   37.500012113.4395   19.8651
    7.5000   37.5000   37.500011580.7793   19.7869
   -7.5000   45.0000   37.500010538.6953   19.3989
    0.0000   45.0000   37.500010986.8584   19.4014
    7.5000   45.0000   37.500010529.8252   19.3232
   -7.5000  -45.0000   45.0000 8682.3105   20.5924
    0.0000  -45.0000   45.0000 9179.5146   20.5923
    7.5000  -45.0000   45.0000 8772.1309   20.5041
   -7.5000  -37.5000   45.0000 9300.3887   20.4427
    0.0000  -37.5000   45.0000 9821.4688   20.4345
    7.5000  -37.5000   45.0000 9388.0977   20.3434
   -7.5000  -30.0000   45.000010236.4033   20.3464
    0.0000  -30.0000   45.000010807.4395   20.3340
    7.5000  -30.0000   45.000010316.9395   20.2458
   -7.5000  -22.5000   45.000011158.3389   20.2804
    0.0000  -22.5000   45.000011732.7402   20.2714
    7.5000  -22.5000   45.000011244.9590   20.1893
   -7.5000  -15.0000   45.000012008.1641   20.2382
    0.0000  -15.0000   45.000012610.4258   20.2367
    7.5000  -15.0000   45.000012099.1865   20.1564
   -7.5000   -7.5000   45.000012839.5078   20.2252
    0.0000   -7.5000   45.000013466.8818   20.2285
    7.5000   -7.5000   45.000012912.0713   20.1446
   -7.5000    0.0000   45.000013574.0986   20.2283
    0.0000    0.0000   45.000014197.4336   20.2286
    7.5000    0.0000   45.000013626.9873   20.1396
   -7.5000    7.5000   45.000013332.7783   20.2421
    0.0000    7.5000   45.000013927.3008   20.2343
    7.5000    7.5000   45.000013382.0742   20.1427
   -7.5000   15.0000   45.000012883.1523   20.2554
    0.0000   15.0000   45.000013445.8604   20.2432
    7.5000   15.0000   45.000012911.5859   20.1547
   -7.5000   22.5000   45.000012208.4756   20.2451
    0.0000   22.5000   45.000012729.5938   20.2361
    7.5000   22.5000   45.000012184.8477   20.1540
   -7.5000   30.0000   45.000011309.9219   19.9744
    0.0000   30.0000   45.000011769.8164   19.9729
    7.5000   30.0000   45.000011266.4307   19.8936
   -7.5000   37.5000   45.000010739.8330   19.9617
    0.0000   37.5000   45.000011200.1221   19.9650
    7.5000   37.5000   45.000010709.5342   19.8821
   -7.5000   45.0000   45.0000 9749.7861   19.5066
    0.0000   45.0000   45.000010191.8652   19.5069
    7.5000   45.0000   45.0000 9727.6826   19.4210

---------------------------------------------------------------------
imgreg_4dfp /opt/freesurfer/average/711-2C_as_mni_average_305 /opt/freesurfer/average/711-2B_as_mni_average_305_mask talsrcimg_g11 none talsrcimg_to_711-2C_as_mni_average_305_t4 4355
---------------------------------------------------------------------

freesurfer imgreg_4dfp.c
/opt/freesurfer/average/711-2C_as_mni_average_305.4dfp.img
       256       256       256         1
  1.000000  1.000000  1.000000
orientation T byte_order littleendian
Reading image: /opt/freesurfer/average/711-2C_as_mni_average_305.4dfp.img
dimensions:      256       256       256
mmppix:       1.0000   -1.0000   -1.0000
center:     128.0000 -129.0000 -129.0000
/opt/freesurfer/average/711-2B_as_mni_average_305_mask.4dfp.img
       256       256       256         1
  1.000000  1.000000  1.000000
orientation T byte_order littleendian
Reading mask: /opt/freesurfer/average/711-2B_as_mni_average_305_mask.4dfp.img (2306576 pixels)
talsrcimg_g11.4dfp.img
       256       256       256         1
  1.000000  1.000000  1.000000
orientation T byte_order littleendian
Reading image: talsrcimg_g11.4dfp.img
dimensions:      256       256       256
mmppix:       1.0000   -1.0000   -1.0000
center:     128.0000 -129.0000 -129.0000
rotation matrix determinant  1.000000
image alignment mode   4355 decimal     1103 hex
   -7.5000  -45.0000  -45.0000 1879.2899   29.5105
    0.0000  -45.0000  -45.0000 1888.1647   29.2133
    7.5000  -45.0000  -45.0000 1889.2947   29.1455
   -7.5000  -37.5000  -45.0000 1975.1803   26.7656
    0.0000  -37.5000  -45.0000 1986.7754   26.4799
    7.5000  -37.5000  -45.0000 1981.7997   26.4204
   -7.5000  -30.0000  -45.0000 2056.9241   24.7453
    0.0000  -30.0000  -45.0000 2069.3625   24.5011
    7.5000  -30.0000  -45.0000 2063.7876   24.3941
   -7.5000  -22.5000  -45.0000 2123.6409   23.2990
    0.0000  -22.5000  -45.0000 2137.0649   23.0735
    7.5000  -22.5000  -45.0000 2130.9421   23.0285
   -7.5000  -15.0000  -45.0000 2171.5698   22.2263
    0.0000  -15.0000  -45.0000 2183.9612   22.0096
    7.5000  -15.0000  -45.0000 2179.4861   21.9808
   -7.5000   -7.5000  -45.0000 2195.2122   21.3848
    0.0000   -7.5000  -45.0000 2207.5945   21.1376
    7.5000   -7.5000  -45.0000 2204.1641   21.1440
   -7.5000    0.0000  -45.0000 2209.8862   20.8963
    0.0000    0.0000  -45.0000 2223.4973   20.6492
    7.5000    0.0000  -45.0000 2218.4443   20.6410
   -7.5000    7.5000  -45.0000 2197.5012   20.8770
    0.0000    7.5000  -45.0000 2214.1497   20.6346
    7.5000    7.5000  -45.0000 2209.9265   20.6385
   -7.5000   15.0000  -45.0000 2180.3728   21.3859
    0.0000   15.0000  -45.0000 2193.4004   21.0583
    7.5000   15.0000  -45.0000 2192.6846   21.0891
   -7.5000   22.5000  -45.0000 2150.1360   22.0529
    0.0000   22.5000  -45.0000 2165.7473   21.7606
    7.5000   22.5000  -45.0000 2159.2656   21.7737
   -7.5000   30.0000  -45.0000 2110.6543   23.1093
    0.0000   30.0000  -45.0000 2127.1951   22.8170
    7.5000   30.0000  -45.0000 2114.6421   22.8314
   -7.5000   37.5000  -45.0000 2050.5361   24.7541
    0.0000   37.5000  -45.0000 2069.6973   24.4355
    7.5000   37.5000  -45.0000 2056.1338   24.4586
   -7.5000   45.0000  -45.0000 1964.7422   26.8842
    0.0000   45.0000  -45.0000 1986.7990   26.5762
    7.5000   45.0000  -45.0000 1973.6405   26.6532
   -7.5000  -45.0000  -37.5000 1965.6646   26.9293
    0.0000  -45.0000  -37.5000 1980.3313   26.7286
    7.5000  -45.0000  -37.5000 1976.6353   26.6446
   -7.5000  -37.5000  -37.5000 2072.6897   24.5614
    0.0000  -37.5000  -37.5000 2093.8416   24.2965
    7.5000  -37.5000  -37.5000 2081.2305   24.2258
   -7.5000  -30.0000  -37.5000 2157.3572   22.7550
    0.0000  -30.0000  -37.5000 2182.3635   22.5479
    7.5000  -30.0000  -37.5000 2165.8774   22.4607
   -7.5000  -22.5000  -37.5000 2228.0715   21.3329
    0.0000  -22.5000  -37.5000 2251.6270   21.1571
    7.5000  -22.5000  -37.5000 2237.5535   21.1164
   -7.5000  -15.0000  -37.5000 2280.0952   20.2296
    0.0000  -15.0000  -37.5000 2298.4209   20.0698
    7.5000  -15.0000  -37.5000 2288.2141   20.0820
   -7.5000   -7.5000  -37.5000 2304.6272   19.5030
    0.0000   -7.5000  -37.5000 2320.9675   19.3350
    7.5000   -7.5000  -37.5000 2313.8806   19.3723
   -7.5000    0.0000  -37.5000 2312.1768   19.1812
    0.0000    0.0000  -37.5000 2331.4731   18.9804
    7.5000    0.0000  -37.5000 2326.2722   19.0126
   -7.5000    7.5000  -37.5000 2296.7422   19.2204
    0.0000    7.5000  -37.5000 2318.8440   19.0503
    7.5000    7.5000  -37.5000 2317.4016   19.0769
   -7.5000   15.0000  -37.5000 2279.8213   19.5687
    0.0000   15.0000  -37.5000 2295.5425   19.3793
    7.5000   15.0000  -37.5000 2293.1755   19.4453
   -7.5000   22.5000  -37.5000 2254.5342   20.1399
    0.0000   22.5000  -37.5000 2276.7266   19.9085
    7.5000   22.5000  -37.5000 2263.5996   19.9664
   -7.5000   30.0000  -37.5000 2215.3816   21.1405
    0.0000   30.0000  -37.5000 2235.7671   20.8706
    7.5000   30.0000  -37.5000 2221.6326   20.9196
   -7.5000   37.5000  -37.5000 2156.2668   22.7251
    0.0000   37.5000  -37.5000 2177.2241   22.4155
    7.5000   37.5000  -37.5000 2163.2634   22.5149
   -7.5000   45.0000  -37.5000 2070.3076   24.7615
    0.0000   45.0000  -37.5000 2095.1287   24.4495
    7.5000   45.0000  -37.5000 2076.2493   24.5608
   -7.5000  -45.0000  -30.0000 2077.6763   25.5230
    0.0000  -45.0000  -30.0000 2097.1284   25.3303
    7.5000  -45.0000  -30.0000 2093.8379   25.3540
   -7.5000  -37.5000  -30.0000 2195.3235   23.2230
    0.0000  -37.5000  -30.0000 2210.8464   23.0996
    7.5000  -37.5000  -30.0000 2207.5293   23.0499
   -7.5000  -30.0000  -30.0000 2291.3357   21.5076
    0.0000  -30.0000  -30.0000 2307.9500   21.4066
    7.5000  -30.0000  -30.0000 2301.4309   21.3828
   -7.5000  -22.5000  -30.0000 2362.0164   20.1785
    0.0000  -22.5000  -30.0000 2384.6108   20.0858
    7.5000  -22.5000  -30.0000 2372.6990   20.0578
   -7.5000  -15.0000  -30.0000 2415.1616   19.1192
    0.0000  -15.0000  -30.0000 2436.2754   18.9819
    7.5000  -15.0000  -30.0000 2427.2026   19.0313
   -7.5000   -7.5000  -30.0000 2447.4685   18.4425
    0.0000   -7.5000  -30.0000 2469.8218   18.2772
    7.5000   -7.5000  -30.0000 2458.9385   18.3461
   -7.5000    0.0000  -30.0000 2461.5691   18.1770
    0.0000    0.0000  -30.0000 2481.8420   17.9843
    7.5000    0.0000  -30.0000 2471.8542   18.0634
   -7.5000    7.5000  -30.0000 2447.8171   18.2436
    0.0000    7.5000  -30.0000 2473.7876   18.0890
    7.5000    7.5000  -30.0000 2463.8770   18.1483
   -7.5000   15.0000  -30.0000 2431.8545   18.5745
    0.0000   15.0000  -30.0000 2453.1431   18.4383
    7.5000   15.0000  -30.0000 2445.4265   18.5015
   -7.5000   22.5000  -30.0000 2403.1726   19.1186
    0.0000   22.5000  -30.0000 2427.7434   18.9208
    7.5000   22.5000  -30.0000 2415.2781   18.9770
   -7.5000   30.0000  -30.0000 2358.2678   20.0711
    0.0000   30.0000  -30.0000 2375.0566   19.8520
    7.5000   30.0000  -30.0000 2368.6611   19.9267
   -7.5000   37.5000  -30.0000 2299.4602   21.6509
    0.0000   37.5000  -30.0000 2316.8955   21.3720
    7.5000   37.5000  -30.0000 2306.5259   21.4719
   -7.5000   45.0000  -30.0000 2206.9468   23.7150
    0.0000   45.0000  -30.0000 2227.6609   23.4417
    7.5000   45.0000  -30.0000 2214.2805   23.4833
   -7.5000  -45.0000  -22.5000 2172.1714   23.9078
    0.0000  -45.0000  -22.5000 2193.9460   23.7819
    7.5000  -45.0000  -22.5000 2189.8015   23.7980
   -7.5000  -37.5000  -22.5000 2295.1851   21.7168
    0.0000  -37.5000  -22.5000 2308.5413   21.6671
    7.5000  -37.5000  -22.5000 2306.2480   21.6256
   -7.5000  -30.0000  -22.5000 2393.6282   20.1145
    0.0000  -30.0000  -22.5000 2412.0559   20.0863
    7.5000  -30.0000  -22.5000 2402.3340   20.0432
   -7.5000  -22.5000  -22.5000 2472.6736   18.8355
    0.0000  -22.5000  -22.5000 2493.1257   18.7902
    7.5000  -22.5000  -22.5000 2478.5369   18.7897
   -7.5000  -15.0000  -22.5000 2529.5737   17.8989
    0.0000  -15.0000  -22.5000 2550.2207   17.7956
    7.5000  -15.0000  -22.5000 2535.7729   17.8219
   -7.5000   -7.5000  -22.5000 2567.1877   17.2767
    0.0000   -7.5000  -22.5000 2587.9382   17.1168
    7.5000   -7.5000  -22.5000 2575.3833   17.1944
   -7.5000    0.0000  -22.5000 2584.5195   17.0041
    0.0000    0.0000  -22.5000 2604.6646   16.8556
    7.5000    0.0000  -22.5000 2590.7119   16.9069
   -7.5000    7.5000  -22.5000 2581.9434   17.1401
    0.0000    7.5000  -22.5000 2608.0710   16.9400
    7.5000    7.5000  -22.5000 2590.4331   17.0341
   -7.5000   15.0000  -22.5000 2566.2156   17.4809
    0.0000   15.0000  -22.5000 2593.5537   17.3428
    7.5000   15.0000  -22.5000 2577.2146   17.3727
   -7.5000   22.5000  -22.5000 2534.8979   17.9941
    0.0000   22.5000  -22.5000 2564.3374   17.8449
    7.5000   22.5000  -22.5000 2543.9502   17.8722
   -7.5000   30.0000  -22.5000 2482.1318   18.9486
    0.0000   30.0000  -22.5000 2507.5767   18.7927
    7.5000   30.0000  -22.5000 2492.3157   18.8808
   -7.5000   37.5000  -22.5000 2410.6985   20.4119
    0.0000   37.5000  -22.5000 2434.5696   20.2439
    7.5000   37.5000  -22.5000 2422.0278   20.3393
   -7.5000   45.0000  -22.5000 2311.7175   22.3830
    0.0000   45.0000  -22.5000 2329.3994   22.1599
    7.5000   45.0000  -22.5000 2319.7441   22.2629
   -7.5000  -45.0000  -15.0000 2237.1750   22.4913
    0.0000  -45.0000  -15.0000 2257.4031   22.2499
    7.5000  -45.0000  -15.0000 2252.5381   22.3706
   -7.5000  -37.5000  -15.0000 2361.5496   20.3757
    0.0000  -37.5000  -15.0000 2381.4370   20.2450
    7.5000  -37.5000  -15.0000 2373.2451   20.2075
   -7.5000  -30.0000  -15.0000 2472.6621   18.7752
    0.0000  -30.0000  -15.0000 2493.1299   18.7159
    7.5000  -30.0000  -15.0000 2483.0686   18.6544
   -7.5000  -22.5000  -15.0000 2554.2173   17.6196
    0.0000  -22.5000  -15.0000 2576.3074   17.5644
    7.5000  -22.5000  -15.0000 2563.3340   17.5390
   -7.5000  -15.0000  -15.0000 2610.3198   16.7361
    0.0000  -15.0000  -15.0000 2633.7432   16.6634
    7.5000  -15.0000  -15.0000 2619.3000   16.6491
   -7.5000   -7.5000  -15.0000 2659.2771   16.2115
    0.0000   -7.5000  -15.0000 2679.5100   16.0823
    7.5000   -7.5000  -15.0000 2669.5715   16.1119
   -7.5000    0.0000  -15.0000 2676.7893   15.9157
    0.0000    0.0000  -15.0000 2699.7598   15.7900
    7.5000    0.0000  -15.0000 2687.4272   15.8397
   -7.5000    7.5000  -15.0000 2685.5625   16.0243
    0.0000    7.5000  -15.0000 2712.8130   15.8665
    7.5000    7.5000  -15.0000 2694.8950   15.9428
   -7.5000   15.0000  -15.0000 2668.2124   16.3385
    0.0000   15.0000  -15.0000 2701.6089   16.2156
    7.5000   15.0000  -15.0000 2685.2896   16.2736
   -7.5000   22.5000  -15.0000 2631.7083   16.9219
    0.0000   22.5000  -15.0000 2666.2827   16.7729
    7.5000   22.5000  -15.0000 2649.4727   16.8529
   -7.5000   30.0000  -15.0000 2574.5869   17.9215
    0.0000   30.0000  -15.0000 2603.0071   17.7769
    7.5000   30.0000  -15.0000 2585.3206   17.8449
   -7.5000   37.5000  -15.0000 2493.8105   19.3073
    0.0000   37.5000  -15.0000 2517.7686   19.1414
    7.5000   37.5000  -15.0000 2507.4141   19.2432
   -7.5000   45.0000  -15.0000 2389.0515   21.1797
    0.0000   45.0000  -15.0000 2413.3462   20.9788
    7.5000   45.0000  -15.0000 2397.0771   21.0705
   -7.5000  -45.0000   -7.5000 2299.3213   21.3116
    0.0000  -45.0000   -7.5000 2316.3381   21.0241
    7.5000  -45.0000   -7.5000 2313.7253   21.1135
   -7.5000  -37.5000   -7.5000 2429.0303   19.2303
    0.0000  -37.5000   -7.5000 2445.1196   19.0051
    7.5000  -37.5000   -7.5000 2442.8267   19.0830
   -7.5000  -30.0000   -7.5000 2541.1494   17.6893
    0.0000  -30.0000   -7.5000 2562.7681   17.5006
    7.5000  -30.0000   -7.5000 2554.2180   17.5772
   -7.5000  -22.5000   -7.5000 2624.7944   16.5518
    0.0000  -22.5000   -7.5000 2652.2581   16.4365
    7.5000  -22.5000   -7.5000 2636.8979   16.4275
   -7.5000  -15.0000   -7.5000 2686.7229   15.7671
    0.0000  -15.0000   -7.5000 2712.6851   15.6929
    7.5000  -15.0000   -7.5000 2694.9761   15.6439
   -7.5000   -7.5000   -7.5000 2735.6018   15.2538
    0.0000   -7.5000   -7.5000 2762.5105   15.1579
    7.5000   -7.5000   -7.5000 2748.2590   15.1402
   -7.5000    0.0000   -7.5000 2760.3489   14.9939
    0.0000    0.0000   -7.5000 2787.9475   14.8871
    7.5000    0.0000   -7.5000 2773.6201   14.9174
   -7.5000    7.5000   -7.5000 2768.8279   15.0414
    0.0000    7.5000   -7.5000 2800.1621   14.9378
    7.5000    7.5000   -7.5000 2781.2102   14.9785
   -7.5000   15.0000   -7.5000 2756.4402   15.3770
    0.0000   15.0000   -7.5000 2792.4878   15.2371
    7.5000   15.0000   -7.5000 2772.3845   15.3046
   -7.5000   22.5000   -7.5000 2721.6316   16.0182
    0.0000   22.5000   -7.5000 2753.8538   15.8765
    7.5000   22.5000   -7.5000 2733.4753   15.9433
   -7.5000   30.0000   -7.5000 2646.7974   17.0413
    0.0000   30.0000   -7.5000 2677.4800   16.8832
    7.5000   30.0000   -7.5000 2662.8101   16.9558
   -7.5000   37.5000   -7.5000 2556.7649   18.3834
    0.0000   37.5000   -7.5000 2585.7361   18.2438
    7.5000   37.5000   -7.5000 2569.7957   18.2865
   -7.5000   45.0000   -7.5000 2446.7461   20.1922
    0.0000   45.0000   -7.5000 2470.2473   20.0334
    7.5000   45.0000   -7.5000 2455.8816   20.0276
   -7.5000  -45.0000    0.0000 2353.8147   20.4178
    0.0000  -45.0000    0.0000 2370.2219   20.0705
    7.5000  -45.0000    0.0000 2368.8687   20.2477
   -7.5000  -37.5000    0.0000 2483.8938   18.4015
    0.0000  -37.5000    0.0000 2496.6768   18.0773
    7.5000  -37.5000    0.0000 2498.4907   18.2590
   -7.5000  -30.0000    0.0000 2595.7300   16.8802
    0.0000  -30.0000    0.0000 2614.8118   16.6135
    7.5000  -30.0000    0.0000 2610.4485   16.7486
   -7.5000  -22.5000    0.0000 2683.3538   15.7939
    0.0000  -22.5000    0.0000 2712.7258   15.6061
    7.5000  -22.5000    0.0000 2697.5764   15.6778
   -7.5000  -15.0000    0.0000 2747.1555   15.0281
    0.0000  -15.0000    0.0000 2786.7993   14.9197
    7.5000  -15.0000    0.0000 2760.2390   14.9453
   -7.5000   -7.5000    0.0000 2803.9624   14.5504
    0.0000   -7.5000    0.0000 2839.1814   14.4413
    7.5000   -7.5000    0.0000 2819.2173   14.4434
   -7.5000    0.0000    0.0000 2829.3301   14.2912
    0.0000    0.0000    0.0000 2870.4241   14.2154
    7.5000    0.0000    0.0000 2846.7097   14.2110
   -7.5000    7.5000    0.0000 2840.6721   14.3295
    0.0000    7.5000    0.0000 2876.1956   14.2087
    7.5000    7.5000    0.0000 2853.6338   14.2501
   -7.5000   15.0000    0.0000 2827.0110   14.6791
    0.0000   15.0000    0.0000 2865.5398   14.5137
    7.5000   15.0000    0.0000 2841.6023   14.5874
   -7.5000   22.5000    0.0000 2782.1316   15.3833
    0.0000   22.5000    0.0000 2811.2122   15.2028
    7.5000   22.5000    0.0000 2795.2285   15.2704
   -7.5000   30.0000    0.0000 2700.1648   16.4120
    0.0000   30.0000    0.0000 2728.8516   16.2420
    7.5000   30.0000    0.0000 2711.8665   16.3018
   -7.5000   37.5000    0.0000 2600.1086   17.7649
    0.0000   37.5000    0.0000 2627.8696   17.5962
    7.5000   37.5000    0.0000 2612.8279   17.6597
   -7.5000   45.0000    0.0000 2485.6064   19.5319
    0.0000   45.0000    0.0000 2504.8721   19.3640
    7.5000   45.0000    0.0000 2496.4778   19.3654
   -7.5000  -45.0000    7.5000 2389.5149   19.6860
    0.0000  -45.0000    7.5000 2405.3630   19.2954
    7.5000  -45.0000    7.5000 2404.5640   19.6242
   -7.5000  -37.5000    7.5000 2520.4180   17.7553
    0.0000  -37.5000    7.5000 2535.7739   17.3704
    7.5000  -37.5000    7.5000 2537.8962   17.6494
   -7.5000  -30.0000    7.5000 2636.8352   16.2990
    0.0000  -30.0000    7.5000 2655.5002   15.9579
    7.5000  -30.0000    7.5000 2654.1873   16.2150
   -7.5000  -22.5000    7.5000 2728.3018   15.2835
    0.0000  -22.5000    7.5000 2759.2649   15.0202
    7.5000  -22.5000    7.5000 2744.8516   15.2003
   -7.5000  -15.0000    7.5000 2808.2100   14.6047
    0.0000  -15.0000    7.5000 2847.8652   14.4162
    7.5000  -15.0000    7.5000 2821.9543   14.5060
   -7.5000   -7.5000    7.5000 2866.4275   14.1662
    0.0000   -7.5000    7.5000 2915.7590   14.0156
    7.5000   -7.5000    7.5000 2884.1375   14.0597
   -7.5000    0.0000    7.5000 2889.0798   13.7721
    0.0000    0.0000    7.5000 2942.1313   13.6076
    7.5000    0.0000    7.5000 2905.5696   13.6751
   -7.5000    7.5000    7.5000 2897.6367   13.8449
    0.0000    7.5000    7.5000 2937.1509   13.6351
    7.5000    7.5000    7.5000 2914.9875   13.7486
   -7.5000   15.0000    7.5000 2879.5469   14.2508
    0.0000   15.0000    7.5000 2920.2593   14.0270
    7.5000   15.0000    7.5000 2898.6885   14.1453
   -7.5000   22.5000    7.5000 2821.1309   14.9813
    0.0000   22.5000    7.5000 2852.8547   14.7815
    7.5000   22.5000    7.5000 2839.6487   14.9095
   -7.5000   30.0000    7.5000 2732.9495   16.0101
    0.0000   30.0000    7.5000 2759.2183   15.8263
    7.5000   30.0000    7.5000 2748.3325   15.9408
   -7.5000   37.5000    7.5000 2628.6904   17.3731
    0.0000   37.5000    7.5000 2653.0740   17.1606
    7.5000   37.5000    7.5000 2641.7437   17.2552
   -7.5000   45.0000    7.5000 2516.0593   19.1514
    0.0000   45.0000    7.5000 2538.1621   18.9297
    7.5000   45.0000    7.5000 2525.0051   18.9912
   -7.5000  -45.0000   15.0000 2420.3806   19.3560
    0.0000  -45.0000   15.0000 2437.7632   18.9200
    7.5000  -45.0000   15.0000 2432.0266   19.2432
   -7.5000  -37.5000   15.0000 2545.6504   17.3947
    0.0000  -37.5000   15.0000 2566.6909   16.9800
    7.5000  -37.5000   15.0000 2562.1851   17.2951
   -7.5000  -30.0000   15.0000 2657.6282   15.9370
    0.0000  -30.0000   15.0000 2677.6145   15.5174
    7.5000  -30.0000   15.0000 2676.4526   15.8430
   -7.5000  -22.5000   15.0000 2751.4702   14.9669
    0.0000  -22.5000   15.0000 2781.7112   14.5927
    7.5000  -22.5000   15.0000 2769.9639   14.8651
   -7.5000  -15.0000   15.0000 2835.9482   14.3372
    0.0000  -15.0000   15.0000 2878.2236   14.0493
    7.5000  -15.0000   15.0000 2854.1501   14.2559
   -7.5000   -7.5000   15.0000 2889.3848   13.9214
    0.0000   -7.5000   15.0000 2955.5322   13.7284
    7.5000   -7.5000   15.0000 2916.6802   13.8195
   -7.5000    0.0000   15.0000 2916.3174   13.5471
    0.0000    0.0000   15.0000 2973.0398   13.1257
    7.5000    0.0000   15.0000 2931.7639   13.4370
   -7.5000    7.5000   15.0000 2929.5671   13.5880
    0.0000    7.5000   15.0000 2966.8022   13.1860
    7.5000    7.5000   15.0000 2945.8923   13.5531
   -7.5000   15.0000   15.0000 2905.6873   14.0755
    0.0000   15.0000   15.0000 2941.2712   13.7585
    7.5000   15.0000   15.0000 2932.0906   14.0183
   -7.5000   22.5000   15.0000 2837.5286   14.8883
    0.0000   22.5000   15.0000 2871.3762   14.6005
    7.5000   22.5000   15.0000 2864.1772   14.8294
   -7.5000   30.0000   15.0000 2745.1326   15.9139
    0.0000   30.0000   15.0000 2769.3574   15.6356
    7.5000   30.0000   15.0000 2762.1362   15.8424
   -7.5000   37.5000   15.0000 2633.9348   17.2578
    0.0000   37.5000   15.0000 2658.2769   16.9607
    7.5000   37.5000   15.0000 2653.3130   17.1521
   -7.5000   45.0000   15.0000 2520.9851   18.9837
    0.0000   45.0000   15.0000 2541.1545   18.6612
    7.5000   45.0000   15.0000 2529.8118   18.8308
   -7.5000  -45.0000   22.5000 2429.6865   19.1793
    0.0000  -45.0000   22.5000 2462.3740   18.8146
    7.5000  -45.0000   22.5000 2444.4583   18.9600
   -7.5000  -37.5000   22.5000 2557.7502   17.2881
    0.0000  -37.5000   22.5000 2590.8853   16.9254
    7.5000  -37.5000   22.5000 2573.8081   17.1043
   -7.5000  -30.0000   22.5000 2666.4475   15.8437
    0.0000  -30.0000   22.5000 2688.0044   15.4547
    7.5000  -30.0000   22.5000 2682.6914   15.6804
   -7.5000  -22.5000   22.5000 2758.4246   14.8094
    0.0000  -22.5000   22.5000 2780.3779   14.3862
    7.5000  -22.5000   22.5000 2773.2551   14.6585
   -7.5000  -15.0000   22.5000 2836.4824   14.1210
    0.0000  -15.0000   22.5000 2866.1187   13.6914
    7.5000  -15.0000   22.5000 2855.4929   13.9924
   -7.5000   -7.5000   22.5000 2887.7280   13.7680
    0.0000   -7.5000   22.5000 2930.2507   13.3210
    7.5000   -7.5000   22.5000 2911.6697   13.6219
   -7.5000    0.0000   22.5000 2920.4700   13.5659
    0.0000    0.0000   22.5000 2965.5259   13.1190
    7.5000    0.0000   22.5000 2936.8899   13.4349
   -7.5000    7.5000   22.5000 2928.5066   13.6721
    0.0000    7.5000   22.5000 2967.3594   13.2816
    7.5000    7.5000   22.5000 2951.0054   13.6162
   -7.5000   15.0000   22.5000 2903.6287   14.1801
    0.0000   15.0000   22.5000 2944.1067   13.8801
    7.5000   15.0000   22.5000 2927.9292   14.1247
   -7.5000   22.5000   22.5000 2835.9514   14.9737
    0.0000   22.5000   22.5000 2871.5183   14.7034
    7.5000   22.5000   22.5000 2859.6091   14.8671
   -7.5000   30.0000   22.5000 2737.3801   15.9587
    0.0000   30.0000   22.5000 2763.9897   15.7064
    7.5000   30.0000   22.5000 2756.9858   15.8215
   -7.5000   37.5000   22.5000 2623.9961   17.2342
    0.0000   37.5000   22.5000 2647.3479   16.9710
    7.5000   37.5000   22.5000 2639.1299   17.0547
   -7.5000   45.0000   22.5000 2503.4443   18.8780
    0.0000   45.0000   22.5000 2528.0256   18.6402
    7.5000   45.0000   22.5000 2514.4319   18.7091
   -7.5000  -45.0000   30.0000 2439.7908   19.4070
    0.0000  -45.0000   30.0000 2472.1162   19.0515
    7.5000  -45.0000   30.0000 2452.8328   19.2157
   -7.5000  -37.5000   30.0000 2566.7578   17.5099
    0.0000  -37.5000   30.0000 2599.3486   17.1248
    7.5000  -37.5000   30.0000 2584.0576   17.2796
   -7.5000  -30.0000   30.0000 2668.8916   16.0574
    0.0000  -30.0000   30.0000 2697.6511   15.6675
    7.5000  -30.0000   30.0000 2690.2280   15.8165
   -7.5000  -22.5000   30.0000 2758.5471   15.0201
    0.0000  -22.5000   30.0000 2792.4565   14.6265
    7.5000  -22.5000   30.0000 2780.9126   14.8037
   -7.5000  -15.0000   30.0000 2833.2522   14.3316
    0.0000  -15.0000   30.0000 2866.7456   13.9885
    7.5000  -15.0000   30.0000 2851.7839   14.1835
   -7.5000   -7.5000   30.0000 2879.8193   14.0265
    0.0000   -7.5000   30.0000 2923.9438   13.6765
    7.5000   -7.5000   30.0000 2902.8477   13.8552
   -7.5000    0.0000   30.0000 2901.8074   13.8745
    0.0000    0.0000   30.0000 2951.8269   13.6072
    7.5000    0.0000   30.0000 2924.7036   13.7222
   -7.5000    7.5000   30.0000 2904.6924   14.0417
    0.0000    7.5000   30.0000 2950.7065   13.8416
    7.5000    7.5000   30.0000 2927.3154   13.9068
   -7.5000   15.0000   30.0000 2866.2446   14.4906
    0.0000   15.0000   30.0000 2908.9912   14.3097
    7.5000   15.0000   30.0000 2886.3376   14.3766
   -7.5000   22.5000   30.0000 2802.7090   15.2207
    0.0000   22.5000   30.0000 2832.6904   15.0663
    7.5000   22.5000   30.0000 2816.0137   15.1214
   -7.5000   30.0000   30.0000 2708.3320   16.1529
    0.0000   30.0000   30.0000 2730.8359   15.9409
    7.5000   30.0000   30.0000 2720.5864   16.0256
   -7.5000   37.5000   30.0000 2597.2883   17.4071
    0.0000   37.5000   30.0000 2619.1333   17.1268
    7.5000   37.5000   30.0000 2610.8123   17.2280
   -7.5000   45.0000   30.0000 2472.4109   19.0951
    0.0000   45.0000   30.0000 2491.0515   18.7783
    7.5000   45.0000   30.0000 2486.8801   18.8846
   -7.5000  -45.0000   37.5000 2434.6831   19.9289
    0.0000  -45.0000   37.5000 2469.2432   19.7166
    7.5000  -45.0000   37.5000 2447.0398   19.7188
   -7.5000  -37.5000   37.5000 2564.4226   18.0573
    0.0000  -37.5000   37.5000 2602.5847   17.8258
    7.5000  -37.5000   37.5000 2580.1079   17.8409
   -7.5000  -30.0000   37.5000 2669.7344   16.6106
    0.0000  -30.0000   37.5000 2705.9778   16.3810
    7.5000  -30.0000   37.5000 2687.4231   16.4147
   -7.5000  -22.5000   37.5000 2760.6372   15.5887
    0.0000  -22.5000   37.5000 2790.6846   15.2977
    7.5000  -22.5000   37.5000 2775.7026   15.3769
   -7.5000  -15.0000   37.5000 2820.4541   14.9365
    0.0000  -15.0000   37.5000 2854.1218   14.5999
    7.5000  -15.0000   37.5000 2836.4546   14.7522
   -7.5000   -7.5000   37.5000 2856.4163   14.5947
    0.0000   -7.5000   37.5000 2890.3711   14.2337
    7.5000   -7.5000   37.5000 2881.7734   14.4220
   -7.5000    0.0000   37.5000 2866.7224   14.4270
    0.0000    0.0000   37.5000 2900.0984   14.1086
    7.5000    0.0000   37.5000 2889.6433   14.2564
   -7.5000    7.5000   37.5000 2862.7493   14.6152
    0.0000    7.5000   37.5000 2895.3186   14.3530
    7.5000    7.5000   37.5000 2880.0000   14.4446
   -7.5000   15.0000   37.5000 2820.0613   15.0798
    0.0000   15.0000   37.5000 2851.2947   14.8515
    7.5000   15.0000   37.5000 2835.9058   14.9016
   -7.5000   22.5000   37.5000 2754.0439   15.7505
    0.0000   22.5000   37.5000 2774.8313   15.5237
    7.5000   22.5000   37.5000 2765.4717   15.5942
   -7.5000   30.0000   37.5000 2662.3413   16.6378
    0.0000   30.0000   37.5000 2688.3247   16.4194
    7.5000   30.0000   37.5000 2674.1890   16.4723
   -7.5000   37.5000   37.5000 2556.7236   17.8410
    0.0000   37.5000   37.5000 2577.0793   17.6043
    7.5000   37.5000   37.5000 2568.6350   17.6535
   -7.5000   45.0000   37.5000 2425.2803   19.4744
    0.0000   45.0000   37.5000 2445.4690   19.1862
    7.5000   45.0000   37.5000 2442.7703   19.2467
   -7.5000  -45.0000   45.0000 2415.2051   20.6806
    0.0000  -45.0000   45.0000 2440.2314   20.4455
    7.5000  -45.0000   45.0000 2425.4038   20.4314
   -7.5000  -37.5000   45.0000 2533.8738   18.7521
    0.0000  -37.5000   45.0000 2566.2903   18.5302
    7.5000  -37.5000   45.0000 2547.7131   18.5251
   -7.5000  -30.0000   45.0000 2634.5083   17.3247
    0.0000  -30.0000   45.0000 2668.4590   17.0549
    7.5000  -30.0000   45.0000 2650.1826   17.0735
   -7.5000  -22.5000   45.0000 2718.8552   16.2780
    0.0000  -22.5000   45.0000 2749.5952   16.0107
    7.5000  -22.5000   45.0000 2735.8008   16.0587
   -7.5000  -15.0000   45.0000 2772.4680   15.5797
    0.0000  -15.0000   45.0000 2808.0513   15.3072
    7.5000  -15.0000   45.0000 2791.5696   15.4237
   -7.5000   -7.5000   45.0000 2803.8657   15.2064
    0.0000   -7.5000   45.0000 2837.1274   14.9163
    7.5000   -7.5000   45.0000 2819.5720   15.0539
   -7.5000    0.0000   45.0000 2809.9404   15.1060
    0.0000    0.0000   45.0000 2837.0420   14.7949
    7.5000    0.0000   45.0000 2824.1995   14.9064
   -7.5000    7.5000   45.0000 2795.6753   15.2944
    0.0000    7.5000   45.0000 2822.0259   15.0427
    7.5000    7.5000   45.0000 2814.0139   15.1248
   -7.5000   15.0000   45.0000 2752.7781   15.7960
    0.0000   15.0000   45.0000 2778.7300   15.5945
    7.5000   15.0000   45.0000 2767.7905   15.6337
   -7.5000   22.5000   45.0000 2684.9902   16.4618
    0.0000   22.5000   45.0000 2709.5710   16.2397
    7.5000   22.5000   45.0000 2697.1475   16.3000
   -7.5000   30.0000   45.0000 2597.7661   17.3220
    0.0000   30.0000   45.0000 2615.7512   17.0795
    7.5000   30.0000   45.0000 2606.1763   17.1543
   -7.5000   37.5000   45.0000 2493.3022   18.5098
    0.0000   37.5000   45.0000 2515.1875   18.3056
    7.5000   37.5000   45.0000 2505.6426   18.3693
   -7.5000   45.0000   45.0000 2367.0791   20.1994
    0.0000   45.0000   45.0000 2394.8564   19.9701
    7.5000   45.0000   45.0000 2384.9480   20.0018

---------------------------------------------------------------------
imgreg_4dfp /opt/freesurfer/average/711-2C_as_mni_average_305 /opt/freesurfer/average/711-2B_as_mni_average_305_mask talsrcimg_g11 none talsrcimg_to_711-2C_as_mni_average_305_t4 1283
---------------------------------------------------------------------

freesurfer imgreg_4dfp.c
/opt/freesurfer/average/711-2C_as_mni_average_305.4dfp.img
       256       256       256         1
  1.000000  1.000000  1.000000
orientation T byte_order littleendian
Reading image: /opt/freesurfer/average/711-2C_as_mni_average_305.4dfp.img
dimensions:      256       256       256
mmppix:       1.0000   -1.0000   -1.0000
center:     128.0000 -129.0000 -129.0000
/opt/freesurfer/average/711-2B_as_mni_average_305_mask.4dfp.img
       256       256       256         1
  1.000000  1.000000  1.000000
orientation T byte_order littleendian
Reading mask: /opt/freesurfer/average/711-2B_as_mni_average_305_mask.4dfp.img (2306576 pixels)
talsrcimg_g11.4dfp.img
       256       256       256         1
  1.000000  1.000000  1.000000
orientation T byte_order littleendian
Reading image: talsrcimg_g11.4dfp.img
dimensions:      256       256       256
mmppix:       1.0000   -1.0000   -1.0000
center:     128.0000 -129.0000 -129.0000
rotation matrix determinant  1.000000
fimgreg.f
image alignment mode   1283 decimal      503 hex
parameters
    0.0000    0.0000   15.0000    0.0000    0.0000    0.0000
eta,q 0.93378 13.12663
niter,ni,del,rscale     5    3   12.0000    1.2000
parameter  4 -7.835125 -> -0.500000 qaram    1.1500
parameters
    1.5207   -0.9509   15.8074    3.4500   -1.5267    0.8142
eta,q 0.94002 13.10593
  0.0825  0.0716  0.0731  0.0778  0.0635  0.0620
  0.0765  0.0686  0.0688  0.0753  0.0608  0.0613
  0.0711  0.0669  0.0662  0.0718  0.0601  0.0606
  0.0680  0.0673  0.0669  0.0670  0.0605  0.0601
  0.0679  0.0694  0.0677  0.0626  0.0626  0.0600
  0.0691  0.0726  0.0679  0.0598  0.0650  0.0605
  0.0733  0.0727  0.0693  0.0577  0.0674  0.0614
niter,ni,del,rscale     5    3   12.0000    1.2000
parameter  4 -1.172565 -> -0.500000 qaram    1.3225
parameters
    1.5815   -1.3842   15.5825    7.4175   -1.3988    0.4900
eta,q 0.94485 13.03255
  0.0732  0.0678  0.0693  0.0749  0.0626  0.0574
  0.0675  0.0624  0.0636  0.0693  0.0582  0.0560
  0.0621  0.0597  0.0597  0.0637  0.0556  0.0554
  0.0600  0.0600  0.0596  0.0594  0.0551  0.0552
  0.0619  0.0631  0.0630  0.0566  0.0563  0.0555
  0.0666  0.0662  0.0668  0.0547  0.0582  0.0563
  0.0731  0.0673  0.0681  0.0534  0.0614  0.0580
niter,ni,del,rscale     5    3   12.0000    1.2000
parameter  4 -0.552905 -> -0.500000 qaram    1.5209
parameters
    1.4929   -2.3596   16.7264   11.9801   -0.6608   -0.5564
eta,q 0.94841 12.83519
  0.0687  0.0614  0.0712  0.0688  0.0600  0.0548
  0.0627  0.0586  0.0660  0.0631  0.0568  0.0523
  0.0568  0.0549  0.0585  0.0586  0.0536  0.0516
  0.0551  0.0551  0.0543  0.0551  0.0520  0.0519
  0.0576  0.0586  0.0567  0.0523  0.0523  0.0532
  0.0631  0.0620  0.0600  0.0526  0.0543  0.0549
  0.0694  0.0662  0.0624  0.0545  0.0572  0.0568
niter,ni,del,rscale     5    3   12.0000    1.2000
parameters
    1.2489   -3.6926   17.4221   14.1768   -0.0402   -0.9586
eta,q 0.95151 12.81442
  0.0645  0.0595  0.0641  0.0629  0.0555  0.0523
  0.0585  0.0541  0.0572  0.0580  0.0527  0.0497
  0.0533  0.0490  0.0521  0.0550  0.0502  0.0485
  0.0516  0.0516  0.0489  0.0487  0.0487  0.0486
  0.0539  0.0571  0.0504  0.0489  0.0490  0.0494
  0.0603  0.0630  0.0554  0.0506  0.0509  0.0507
  0.0666  0.0664  0.0577  0.0559  0.0535  0.0530
niter,ni,del,rscale     4    3   12.0000    1.2000
parameters
    1.0194   -4.9259   17.2460   15.2948   -0.4037   -1.4638
eta,q 0.95410 12.82607
  0.0609  0.0593  0.0577  0.0595  0.0513  0.0496
  0.0555  0.0508  0.0522  0.0578  0.0485  0.0470
  0.0511  0.0452  0.0484  0.0521  0.0467  0.0458
  0.0485  0.0486  0.0457  0.0457  0.0460  0.0461
  0.0508  0.0555  0.0492  0.0471  0.0471  0.0470
  0.0567  0.0623  0.0541  0.0512  0.0495  0.0482
  0.0633  0.0661  0.0581  0.0572  0.0527  0.0505
niter,ni,del,rscale     3    3   12.0000    1.2000
parameters
    1.0132   -5.3960   17.1959   15.8932   -0.6701   -1.5609
eta,q 0.95436 12.82889
  0.0593  0.0625  0.0574  0.0591  0.0508  0.0496
  0.0530  0.0534  0.0518  0.0578  0.0479  0.0469
  0.0487  0.0460  0.0483  0.0494  0.0462  0.0456
  0.0459  0.0459  0.0453  0.0453  0.0456  0.0457
  0.0475  0.0513  0.0478  0.0473  0.0464  0.0465
  0.0529  0.0593  0.0528  0.0525  0.0487  0.0474
  0.0598  0.0654  0.0574  0.0583  0.0518  0.0494
niter,ni,del,rscale     2    3   12.0000    1.2000
parameters
    1.0654   -5.6401   17.2400   16.3041   -0.7966   -1.5780
eta,q 0.95444 12.82283
  0.0587  0.0636  0.0576  0.0594  0.0509  0.0495
  0.0523  0.0541  0.0519  0.0575  0.0479  0.0469
  0.0483  0.0465  0.0483  0.0479  0.0461  0.0456
  0.0456  0.0456  0.0454  0.0454  0.0456  0.0456
  0.0468  0.0499  0.0472  0.0475  0.0462  0.0463
  0.0519  0.0577  0.0524  0.0532  0.0483  0.0471
  0.0588  0.0647  0.0571  0.0587  0.0514  0.0491
niter,ni,del,rscale     1    3   12.0000    1.2000
parameters
    1.1185   -5.7999   17.2976   16.6044   -0.8719   -1.5858
eta,q 0.95452 12.81604
  0.0583  0.0640  0.0578  0.0596  0.0510  0.0493
  0.0519  0.0542  0.0519  0.0570  0.0479  0.0468
  0.0481  0.0466  0.0483  0.0470  0.0460  0.0456
  0.0456  0.0455  0.0454  0.0454  0.0455  0.0455
  0.0466  0.0493  0.0470  0.0477  0.0462  0.0461
  0.0516  0.0569  0.0525  0.0537  0.0481  0.0470
  0.0583  0.0643  0.0572  0.0588  0.0513  0.0490
registration optimization eta report
parameter search radius
    6.0000    6.0000    6.0000    9.1253    6.0000    6.0000
100000*second partial in parameter space
       35.       51.       32.       16.       16.       10.
  0.0583  0.0640  0.0578  0.0596  0.0510  0.0493
  0.0519  0.0542  0.0519  0.0570  0.0479  0.0468
  0.0481  0.0466  0.0483  0.0470  0.0460  0.0456
  0.0456  0.0455  0.0454  0.0454  0.0455  0.0455
  0.0466  0.0493  0.0470  0.0477  0.0462  0.0461
  0.0516  0.0569  0.0525  0.0537  0.0481  0.0470
  0.0583  0.0643  0.0572  0.0588  0.0513  0.0490
    1.1185   -5.7999   17.2976   16.6044   -0.8719   -1.5858
eta,q 0.95452 12.81604

---------------------------------------------------------------------
imgreg_4dfp /opt/freesurfer/average/711-2C_as_mni_average_305 /opt/freesurfer/average/711-2B_as_mni_average_305_mask talsrcimg_g11 none talsrcimg_to_711-2C_as_mni_average_305_t4 3335
---------------------------------------------------------------------

freesurfer imgreg_4dfp.c
/opt/freesurfer/average/711-2C_as_mni_average_305.4dfp.img
       256       256       256         1
  1.000000  1.000000  1.000000
orientation T byte_order littleendian
Reading image: /opt/freesurfer/average/711-2C_as_mni_average_305.4dfp.img
dimensions:      256       256       256
mmppix:       1.0000   -1.0000   -1.0000
center:     128.0000 -129.0000 -129.0000
/opt/freesurfer/average/711-2B_as_mni_average_305_mask.4dfp.img
       256       256       256         1
  1.000000  1.000000  1.000000
orientation T byte_order littleendian
Reading mask: /opt/freesurfer/average/711-2B_as_mni_average_305_mask.4dfp.img (2306576 pixels)
talsrcimg_g11.4dfp.img
       256       256       256         1
  1.000000  1.000000  1.000000
orientation T byte_order littleendian
Reading image: talsrcimg_g11.4dfp.img
dimensions:      256       256       256
mmppix:       1.0000   -1.0000   -1.0000
center:     128.0000 -129.0000 -129.0000
fimgreg.f
image alignment mode   3335 decimal      D07 hex
parameters
    1.1185   -5.7999   17.2976   -0.0499   -4.2187   -4.1810
    3.0866    0.6669   -2.7670  -28.6056   -1.5217   28.5729
eta,q 0.95257 12.88531
niter,ni,del,rscale     5    3    5.0000    1.2000
parameter  4  1.422867 ->  0.500000 qaram    1.1500
parameter  5  3.931037 ->  0.500000 qaram    1.1500
parameter  6  4.622783 ->  0.500000 qaram    1.1500
parameter 10  0.574799 ->  0.500000 qaram    1.1500
parameter 12  2.096003 ->  0.500000 qaram    1.1500
parameters
    0.7771   -6.4849   17.5153   -4.1899   -8.3587   -8.3210
    1.4704   -0.4670   -3.0381  -32.7456   -2.4598   24.4329
eta,q 0.97280 12.80957
  0.0495  0.0480  0.0495  0.0425  0.0358  0.0289  0.0339  0.0346  0.0341  0.0324  0.0320  0.0257
  0.0483  0.0474  0.0483  0.0434  0.0372  0.0318  0.0331  0.0334  0.0333  0.0311  0.0314  0.0268
  0.0475  0.0472  0.0475  0.0449  0.0401  0.0350  0.0327  0.0327  0.0328  0.0313  0.0311  0.0286
  0.0474  0.0474  0.0472  0.0472  0.0437  0.0379  0.0328  0.0327  0.0326  0.0326  0.0311  0.0310
  0.0481  0.0478  0.0474  0.0503  0.0470  0.0414  0.0334  0.0333  0.0328  0.0349  0.0314  0.0339
  0.0494  0.0486  0.0480  0.0535  0.0500  0.0456  0.0343  0.0345  0.0334  0.0379  0.0319  0.0369
  0.0512  0.0497  0.0487  0.0573  0.0536  0.0493  0.0357  0.0366  0.0344  0.0407  0.0326  0.0399
niter,ni,del,rscale     7    3    5.0000    1.2000
parameter  3 -0.975918 -> -0.500000 qaram    1.1500
parameter  4  0.625238 ->  0.500000 qaram    1.3225
parameter  5  0.574447 ->  0.500000 qaram    1.3225
parameters
    1.0324   -5.9344   18.8953   -8.9509  -13.1197  -10.6643
    2.6787    0.9152   -2.0174  -30.8471   -1.2079   22.5715
eta,q 0.97902 12.63279
  0.0316  0.0322  0.0354  0.0235  0.0227  0.0248  0.0253  0.0279  0.0236  0.0288  0.0233  0.0224
  0.0294  0.0297  0.0322  0.0229  0.0213  0.0232  0.0235  0.0249  0.0224  0.0248  0.0222  0.0216
  0.0279  0.0281  0.0293  0.0231  0.0210  0.0218  0.0222  0.0227  0.0216  0.0224  0.0214  0.0211
  0.0272  0.0272  0.0270  0.0246  0.0229  0.0210  0.0216  0.0215  0.0213  0.0213  0.0210  0.0210
  0.0274  0.0270  0.0254  0.0276  0.0265  0.0232  0.0216  0.0214  0.0213  0.0211  0.0210  0.0215
  0.0284  0.0277  0.0244  0.0319  0.0306  0.0297  0.0222  0.0223  0.0217  0.0220  0.0214  0.0230
  0.0301  0.0290  0.0244  0.0365  0.0343  0.0355  0.0235  0.0245  0.0226  0.0238  0.0222  0.0256
niter,ni,del,rscale     7    3    5.0000    1.2000
parameters
    1.3104   -5.4280   19.4011   -7.6043  -13.0001  -10.8791
    2.1139    0.8751   -1.8948  -29.7964   -1.1811   21.7790
eta,q 0.97961 12.67126
  0.0251  0.0246  0.0242  0.0261  0.0265  0.0255  0.0229  0.0250  0.0223  0.0260  0.0220  0.0223
  0.0230  0.0228  0.0225  0.0240  0.0242  0.0236  0.0214  0.0224  0.0212  0.0228  0.0211  0.0213
  0.0216  0.0216  0.0214  0.0222  0.0220  0.0218  0.0206  0.0209  0.0206  0.0210  0.0205  0.0206
  0.0210  0.0209  0.0208  0.0207  0.0203  0.0203  0.0204  0.0204  0.0204  0.0204  0.0203  0.0204
  0.0211  0.0209  0.0208  0.0201  0.0203  0.0194  0.0209  0.0209  0.0205  0.0206  0.0205  0.0206
  0.0220  0.0214  0.0213  0.0212  0.0231  0.0218  0.0221  0.0224  0.0211  0.0216  0.0211  0.0217
  0.0236  0.0224  0.0224  0.0246  0.0273  0.0286  0.0239  0.0251  0.0222  0.0235  0.0220  0.0237
niter,ni,del,rscale     6    3    5.0000    1.2000
parameters
    1.3345   -5.2906   19.3641   -7.5364  -12.7481  -10.7970
    2.0435    0.9252   -1.7266  -29.4877   -1.2993   21.3718
eta,q 0.97975 12.67900
  0.0240  0.0233  0.0228  0.0253  0.0265  0.0256  0.0232  0.0249  0.0221  0.0249  0.0218  0.0224
  0.0220  0.0217  0.0214  0.0233  0.0243  0.0236  0.0216  0.0224  0.0211  0.0220  0.0209  0.0213
  0.0208  0.0207  0.0206  0.0216  0.0221  0.0218  0.0206  0.0208  0.0204  0.0206  0.0204  0.0206
  0.0204  0.0204  0.0204  0.0204  0.0204  0.0203  0.0202  0.0202  0.0202  0.0202  0.0202  0.0202
  0.0207  0.0206  0.0207  0.0202  0.0202  0.0192  0.0206  0.0207  0.0204  0.0207  0.0204  0.0204
  0.0219  0.0214  0.0215  0.0221  0.0228  0.0211  0.0216  0.0222  0.0210  0.0220  0.0210  0.0214
  0.0238  0.0227  0.0229  0.0262  0.0271  0.0277  0.0233  0.0249  0.0219  0.0240  0.0219  0.0233
niter,ni,del,rscale     5    3    5.0000    1.2000
parameters
    1.3489   -5.2193   19.3191   -7.5291  -12.6515  -10.7405
    2.0031    0.9739   -1.5885  -29.3371   -1.3711   21.1770
eta,q 0.97980 12.68150
  0.0238  0.0231  0.0227  0.0251  0.0264  0.0255  0.0232  0.0249  0.0220  0.0247  0.0218  0.0225
  0.0219  0.0215  0.0213  0.0231  0.0241  0.0235  0.0216  0.0224  0.0210  0.0219  0.0209  0.0214
  0.0207  0.0206  0.0205  0.0215  0.0220  0.0218  0.0205  0.0207  0.0204  0.0205  0.0203  0.0206
  0.0203  0.0203  0.0203  0.0203  0.0202  0.0202  0.0202  0.0202  0.0202  0.0202  0.0202  0.0202
  0.0206  0.0205  0.0206  0.0201  0.0202  0.0192  0.0205  0.0206  0.0203  0.0207  0.0204  0.0203
  0.0218  0.0213  0.0214  0.0221  0.0230  0.0210  0.0216  0.0222  0.0209  0.0220  0.0209  0.0212
  0.0238  0.0227  0.0228  0.0262  0.0273  0.0277  0.0233  0.0248  0.0219  0.0241  0.0218  0.0231
niter,ni,del,rscale     4    3    5.0000    1.2000
parameters
    1.3599   -5.1762   19.2974   -7.5224  -12.6140  -10.7168
    1.9673    0.9991   -1.5107  -29.2510   -1.3951   21.0829
eta,q 0.97982 12.68217
  0.0238  0.0229  0.0227  0.0251  0.0263  0.0254  0.0232  0.0249  0.0220  0.0246  0.0218  0.0225
  0.0219  0.0214  0.0213  0.0231  0.0240  0.0235  0.0216  0.0223  0.0210  0.0218  0.0209  0.0214
  0.0206  0.0205  0.0204  0.0214  0.0219  0.0217  0.0205  0.0207  0.0204  0.0204  0.0203  0.0206
  0.0202  0.0202  0.0202  0.0202  0.0202  0.0202  0.0202  0.0202  0.0202  0.0202  0.0202  0.0202
  0.0206  0.0205  0.0205  0.0201  0.0202  0.0192  0.0205  0.0207  0.0203  0.0207  0.0204  0.0203
  0.0218  0.0213  0.0214  0.0221  0.0230  0.0211  0.0216  0.0222  0.0209  0.0220  0.0209  0.0212
  0.0237  0.0227  0.0227  0.0262  0.0273  0.0278  0.0233  0.0248  0.0219  0.0241  0.0218  0.0230
niter,ni,del,rscale     3    3    5.0000    1.2000
parameters
    1.3658   -5.1510   19.2854   -7.5177  -12.6015  -10.7064
    1.9455    1.0136   -1.4719  -29.2062   -1.4120   21.0325
eta,q 0.97983 12.68222
  0.0237  0.0229  0.0227  0.0251  0.0262  0.0254  0.0232  0.0248  0.0219  0.0246  0.0218  0.0225
  0.0218  0.0214  0.0212  0.0231  0.0240  0.0234  0.0216  0.0223  0.0209  0.0218  0.0209  0.0214
  0.0206  0.0205  0.0204  0.0214  0.0219  0.0217  0.0205  0.0207  0.0204  0.0204  0.0203  0.0206
  0.0202  0.0202  0.0202  0.0202  0.0202  0.0202  0.0202  0.0202  0.0202  0.0202  0.0202  0.0202
  0.0206  0.0205  0.0205  0.0201  0.0202  0.0192  0.0205  0.0207  0.0203  0.0207  0.0204  0.0203
  0.0218  0.0213  0.0213  0.0221  0.0231  0.0211  0.0216  0.0222  0.0209  0.0221  0.0209  0.0211
  0.0237  0.0227  0.0227  0.0262  0.0274  0.0278  0.0233  0.0248  0.0219  0.0241  0.0218  0.0229
niter,ni,del,rscale     2    3    5.0000    1.2000
parameters
    1.3693   -5.1362   19.2808   -7.5097  -12.5924  -10.7002
    1.9323    1.0207   -1.4427  -29.1788   -1.4214   21.0041
eta,q 0.97983 12.68247
  0.0237  0.0228  0.0227  0.0251  0.0262  0.0254  0.0232  0.0248  0.0219  0.0245  0.0218  0.0225
  0.0218  0.0214  0.0213  0.0231  0.0240  0.0234  0.0216  0.0223  0.0209  0.0217  0.0209  0.0214
  0.0206  0.0205  0.0204  0.0214  0.0219  0.0217  0.0205  0.0207  0.0204  0.0204  0.0203  0.0206
  0.0202  0.0202  0.0202  0.0202  0.0202  0.0202  0.0202  0.0202  0.0202  0.0202  0.0202  0.0202
  0.0206  0.0205  0.0205  0.0201  0.0202  0.0192  0.0205  0.0207  0.0203  0.0207  0.0204  0.0203
  0.0218  0.0213  0.0213  0.0221  0.0231  0.0211  0.0216  0.0222  0.0209  0.0221  0.0209  0.0211
  0.0237  0.0227  0.0227  0.0262  0.0274  0.0278  0.0232  0.0249  0.0219  0.0241  0.0218  0.0229
registration optimization eta report
parameter search radius
    2.4000    2.4000    2.7600    9.5220    9.5220    8.2800
    7.2000    7.2000    7.2000    8.2800    7.2000    8.2800
100000*second partial in parameter space
       62.       45.       33.        6.        7.       10.
        6.        9.        3.        6.        3.        4.
  0.0237  0.0228  0.0227  0.0251  0.0262  0.0254  0.0232  0.0248  0.0219  0.0245  0.0218  0.0225
  0.0218  0.0214  0.0213  0.0231  0.0240  0.0234  0.0216  0.0223  0.0209  0.0217  0.0209  0.0214
  0.0206  0.0205  0.0204  0.0214  0.0219  0.0217  0.0205  0.0207  0.0204  0.0204  0.0203  0.0206
  0.0202  0.0202  0.0202  0.0202  0.0202  0.0202  0.0202  0.0202  0.0202  0.0202  0.0202  0.0202
  0.0206  0.0205  0.0205  0.0201  0.0202  0.0192  0.0205  0.0207  0.0203  0.0207  0.0204  0.0203
  0.0218  0.0213  0.0213  0.0221  0.0231  0.0211  0.0216  0.0222  0.0209  0.0221  0.0209  0.0211
  0.0237  0.0227  0.0227  0.0262  0.0274  0.0278  0.0232  0.0249  0.0219  0.0241  0.0218  0.0229
    1.3693   -5.1362   19.2808   -7.5097  -12.5924  -10.7002
    1.9323    1.0207   -1.4427  -29.1788   -1.4214   21.0041
eta,q 0.97983 12.68247

---------------------------------------------------------------------
imgreg_4dfp /opt/freesurfer/average/711-2C_as_mni_average_305 /opt/freesurfer/average/711-2B_as_mni_average_305_mask talsrcimg_g11 none talsrcimg_to_711-2C_as_mni_average_305_t4 2311
---------------------------------------------------------------------

freesurfer imgreg_4dfp.c
/opt/freesurfer/average/711-2C_as_mni_average_305.4dfp.img
       256       256       256         1
  1.000000  1.000000  1.000000
orientation T byte_order littleendian
Reading image: /opt/freesurfer/average/711-2C_as_mni_average_305.4dfp.img
dimensions:      256       256       256
mmppix:       1.0000   -1.0000   -1.0000
center:     128.0000 -129.0000 -129.0000
/opt/freesurfer/average/711-2B_as_mni_average_305_mask.4dfp.img
       256       256       256         1
  1.000000  1.000000  1.000000
orientation T byte_order littleendian
Reading mask: /opt/freesurfer/average/711-2B_as_mni_average_305_mask.4dfp.img (2306576 pixels)
talsrcimg_g11.4dfp.img
       256       256       256         1
  1.000000  1.000000  1.000000
orientation T byte_order littleendian
Reading image: talsrcimg_g11.4dfp.img
dimensions:      256       256       256
mmppix:       1.0000   -1.0000   -1.0000
center:     128.0000 -129.0000 -129.0000
fimgreg.f
image alignment mode   2311 decimal      907 hex
parameters
    1.3693   -5.1362   19.2808   -7.5097  -12.5924  -10.7002
    1.9323    1.0207   -1.4427  -29.1788   -1.4214   21.0041
eta,q 0.97983 12.68247
niter,ni,del,rscale     5    3    5.0000    0.8000
parameters
    1.3851   -5.1426   19.2427   -6.0317  -11.6573   -8.8635
    2.0167    1.1146   -1.3197  -29.6859   -1.5788   19.9893
eta,q 0.98106 12.79062
  0.0218  0.0213  0.0210  0.0222  0.0226  0.0226  0.0208  0.0221  0.0200  0.0206  0.0201  0.0197
  0.0209  0.0207  0.0205  0.0214  0.0216  0.0215  0.0199  0.0205  0.0195  0.0195  0.0195  0.0192
  0.0204  0.0203  0.0202  0.0207  0.0206  0.0206  0.0192  0.0194  0.0191  0.0190  0.0191  0.0190
  0.0202  0.0202  0.0202  0.0202  0.0199  0.0197  0.0190  0.0190  0.0190  0.0190  0.0190  0.0190
  0.0203  0.0203  0.0203  0.0199  0.0197  0.0191  0.0192  0.0193  0.0191  0.0194  0.0191  0.0193
  0.0209  0.0207  0.0206  0.0201  0.0201  0.0191  0.0198  0.0203  0.0194  0.0202  0.0196  0.0200
  0.0218  0.0213  0.0211  0.0208  0.0214  0.0204  0.0207  0.0219  0.0199  0.0213  0.0203  0.0210
niter,ni,del,rscale     4    3    5.0000    0.7000
parameters
    1.2529   -5.1253   19.3131   -6.4953  -11.5534   -8.7543
    2.0200    1.0518   -1.4304  -29.4952   -1.5667   19.9847
eta,q 0.98111 12.78914
  0.0201  0.0201  0.0200  0.0201  0.0210  0.0211  0.0202  0.0211  0.0196  0.0206  0.0197  0.0199
  0.0194  0.0194  0.0194  0.0195  0.0201  0.0203  0.0195  0.0198  0.0192  0.0196  0.0193  0.0194
  0.0190  0.0191  0.0190  0.0191  0.0194  0.0195  0.0190  0.0191  0.0190  0.0191  0.0190  0.0190
  0.0189  0.0189  0.0189  0.0189  0.0189  0.0189  0.0189  0.0189  0.0189  0.0189  0.0189  0.0189
  0.0192  0.0190  0.0190  0.0191  0.0190  0.0187  0.0190  0.0191  0.0190  0.0191  0.0190  0.0190
  0.0198  0.0194  0.0193  0.0198  0.0197  0.0194  0.0195  0.0199  0.0192  0.0195  0.0193  0.0193
  0.0207  0.0200  0.0197  0.0210  0.0211  0.0216  0.0202  0.0212  0.0197  0.0202  0.0197  0.0199
niter,ni,del,rscale     3    3    5.0000    0.6000
parameters
    1.2583   -5.1428   19.3083   -6.4739  -11.4053   -8.5375
    2.0653    1.0528   -1.4424  -29.5734   -1.5600   19.8806
eta,q 0.98119 12.79633
  0.0200  0.0197  0.0196  0.0200  0.0205  0.0207  0.0198  0.0205  0.0194  0.0200  0.0195  0.0195
  0.0194  0.0192  0.0192  0.0195  0.0198  0.0200  0.0193  0.0196  0.0190  0.0193  0.0191  0.0191
  0.0190  0.0190  0.0190  0.0191  0.0192  0.0193  0.0189  0.0190  0.0189  0.0189  0.0189  0.0189
  0.0189  0.0189  0.0189  0.0189  0.0189  0.0189  0.0188  0.0188  0.0188  0.0188  0.0188  0.0188
  0.0190  0.0190  0.0190  0.0189  0.0189  0.0187  0.0189  0.0190  0.0189  0.0190  0.0189  0.0189
  0.0194  0.0193  0.0192  0.0193  0.0194  0.0192  0.0192  0.0196  0.0191  0.0194  0.0191  0.0192
  0.0200  0.0197  0.0196  0.0201  0.0205  0.0207  0.0198  0.0205  0.0194  0.0200  0.0195  0.0197
niter,ni,del,rscale     2    3    5.0000    0.5000
parameters
    1.2512   -5.1564   19.3221   -6.4549  -11.3084   -8.2947
    2.0745    1.0555   -1.4848  -29.6314   -1.5490   19.7628
eta,q 0.98126 12.80261
  0.0196  0.0194  0.0193  0.0196  0.0200  0.0202  0.0195  0.0200  0.0191  0.0196  0.0192  0.0193
  0.0191  0.0191  0.0190  0.0192  0.0195  0.0196  0.0191  0.0193  0.0189  0.0191  0.0190  0.0190
  0.0189  0.0189  0.0189  0.0189  0.0190  0.0191  0.0188  0.0189  0.0188  0.0188  0.0188  0.0188
  0.0188  0.0188  0.0188  0.0188  0.0188  0.0188  0.0187  0.0187  0.0187  0.0187  0.0187  0.0187
  0.0189  0.0189  0.0189  0.0188  0.0188  0.0187  0.0188  0.0189  0.0188  0.0189  0.0188  0.0188
  0.0191  0.0191  0.0190  0.0191  0.0192  0.0190  0.0191  0.0193  0.0189  0.0192  0.0190  0.0190
  0.0196  0.0194  0.0193  0.0197  0.0200  0.0200  0.0194  0.0200  0.0191  0.0196  0.0192  0.0194
niter,ni,del,rscale     1    3    5.0000    0.4000
parameters
    1.2429   -5.1650   19.3478   -6.4403  -11.2275   -8.0811
    2.0856    1.0517   -1.5437  -29.6749   -1.5411   19.6555
eta,q 0.98130 12.80760
  0.0192  0.0191  0.0191  0.0193  0.0196  0.0197  0.0192  0.0195  0.0189  0.0193  0.0190  0.0190
  0.0189  0.0189  0.0189  0.0190  0.0192  0.0193  0.0189  0.0191  0.0188  0.0189  0.0189  0.0189
  0.0188  0.0188  0.0188  0.0188  0.0189  0.0190  0.0188  0.0188  0.0187  0.0187  0.0187  0.0187
  0.0187  0.0187  0.0187  0.0187  0.0187  0.0187  0.0187  0.0187  0.0187  0.0187  0.0187  0.0187
  0.0188  0.0188  0.0188  0.0188  0.0188  0.0187  0.0187  0.0188  0.0187  0.0188  0.0187  0.0188
  0.0190  0.0189  0.0189  0.0190  0.0190  0.0189  0.0189  0.0191  0.0188  0.0190  0.0188  0.0189
  0.0192  0.0191  0.0191  0.0193  0.0195  0.0196  0.0192  0.0195  0.0190  0.0193  0.0190  0.0191
registration optimization eta report
parameter search radius
    0.8000    0.8000    0.8000    2.4000    2.4000    2.4000
    2.4000    2.4000    2.4000    2.4000    2.4000    2.4000
100000*second partial in parameter space
       77.       60.       52.        9.       14.       16.
        8.       14.        4.       10.        6.        6.
  0.0192  0.0191  0.0191  0.0193  0.0196  0.0197  0.0192  0.0195  0.0189  0.0193  0.0190  0.0190
  0.0189  0.0189  0.0189  0.0190  0.0192  0.0193  0.0189  0.0191  0.0188  0.0189  0.0189  0.0189
  0.0188  0.0188  0.0188  0.0188  0.0189  0.0190  0.0188  0.0188  0.0187  0.0187  0.0187  0.0187
  0.0187  0.0187  0.0187  0.0187  0.0187  0.0187  0.0187  0.0187  0.0187  0.0187  0.0187  0.0187
  0.0188  0.0188  0.0188  0.0188  0.0188  0.0187  0.0187  0.0188  0.0187  0.0188  0.0187  0.0188
  0.0190  0.0189  0.0189  0.0190  0.0190  0.0189  0.0189  0.0191  0.0188  0.0190  0.0188  0.0189
  0.0192  0.0191  0.0191  0.0193  0.0195  0.0196  0.0192  0.0195  0.0190  0.0193  0.0190  0.0191
    1.2429   -5.1650   19.3478   -6.4403  -11.2275   -8.0811
    2.0856    1.0517   -1.5437  -29.6749   -1.5411   19.6555
eta,q 0.98130 12.80760

---------------------------------------------------------------------
imgreg_4dfp /opt/freesurfer/average/711-2C_as_mni_average_305 /opt/freesurfer/average/711-2B_as_mni_average_305_mask talsrcimg_g11 none talsrcimg_to_711-2C_as_mni_average_305_t4 2311
---------------------------------------------------------------------

freesurfer imgreg_4dfp.c
/opt/freesurfer/average/711-2C_as_mni_average_305.4dfp.img
       256       256       256         1
  1.000000  1.000000  1.000000
orientation T byte_order littleendian
Reading image: /opt/freesurfer/average/711-2C_as_mni_average_305.4dfp.img
dimensions:      256       256       256
mmppix:       1.0000   -1.0000   -1.0000
center:     128.0000 -129.0000 -129.0000
/opt/freesurfer/average/711-2B_as_mni_average_305_mask.4dfp.img
       256       256       256         1
  1.000000  1.000000  1.000000
orientation T byte_order littleendian
Reading mask: /opt/freesurfer/average/711-2B_as_mni_average_305_mask.4dfp.img (2306576 pixels)
talsrcimg_g11.4dfp.img
       256       256       256         1
  1.000000  1.000000  1.000000
orientation T byte_order littleendian
Reading image: talsrcimg_g11.4dfp.img
dimensions:      256       256       256
mmppix:       1.0000   -1.0000   -1.0000
center:     128.0000 -129.0000 -129.0000
fimgreg.f
image alignment mode   2311 decimal      907 hex
parameters
    1.2429   -5.1650   19.3478   -6.4403  -11.2275   -8.0811
    2.0856    1.0517   -1.5437  -29.6749   -1.5411   19.6555
eta,q 0.98130 12.80760
niter,ni,del,rscale     5    3    5.0000    0.8000
parameters
    1.2278   -5.1745   19.3853   -6.9292  -11.6154   -8.7673
    2.1077    0.9856   -1.5101  -29.4198   -1.5517   20.0977
eta,q 0.98105 12.77804
  0.0206  0.0202  0.0202  0.0203  0.0210  0.0212  0.0206  0.0216  0.0199  0.0212  0.0200  0.0203
  0.0196  0.0194  0.0194  0.0195  0.0200  0.0202  0.0197  0.0201  0.0194  0.0199  0.0194  0.0197
  0.0189  0.0189  0.0189  0.0190  0.0192  0.0194  0.0192  0.0192  0.0191  0.0192  0.0191  0.0192
  0.0187  0.0187  0.0187  0.0187  0.0187  0.0188  0.0190  0.0190  0.0190  0.0190  0.0190  0.0190
  0.0189  0.0189  0.0188  0.0189  0.0190  0.0190  0.0191  0.0193  0.0191  0.0192  0.0191  0.0190
  0.0196  0.0194  0.0193  0.0199  0.0203  0.0208  0.0197  0.0202  0.0194  0.0198  0.0194  0.0193
  0.0207  0.0203  0.0200  0.0214  0.0222  0.0245  0.0206  0.0218  0.0199  0.0207  0.0200  0.0200
niter,ni,del,rscale     4    3    5.0000    0.7000
parameters
    1.2690   -5.1721   19.3140   -6.6009  -11.5080   -8.8035
    2.1005    1.0366   -1.4308  -29.5493   -1.5835   20.0537
eta,q 0.98110 12.78682
  0.0204  0.0201  0.0198  0.0205  0.0210  0.0211  0.0202  0.0212  0.0197  0.0204  0.0197  0.0198
  0.0196  0.0194  0.0193  0.0198  0.0201  0.0202  0.0195  0.0199  0.0192  0.0195  0.0193  0.0194
  0.0191  0.0191  0.0190  0.0193  0.0194  0.0195  0.0191  0.0192  0.0190  0.0190  0.0190  0.0190
  0.0190  0.0190  0.0190  0.0190  0.0189  0.0189  0.0189  0.0189  0.0189  0.0189  0.0189  0.0189
  0.0191  0.0191  0.0191  0.0189  0.0190  0.0188  0.0190  0.0191  0.0190  0.0192  0.0190  0.0190
  0.0195  0.0194  0.0194  0.0193  0.0197  0.0196  0.0195  0.0199  0.0192  0.0197  0.0193  0.0193
  0.0203  0.0200  0.0199  0.0203  0.0210  0.0219  0.0202  0.0211  0.0196  0.0205  0.0197  0.0199
niter,ni,del,rscale     3    3    5.0000    0.6000
parameters
    1.2615   -5.1695   19.3003   -6.4952  -11.4048   -8.5490
    2.0811    1.0550   -1.4619  -29.6226   -1.5551   19.9200
eta,q 0.98119 12.79582
  0.0200  0.0197  0.0196  0.0200  0.0205  0.0207  0.0198  0.0205  0.0194  0.0200  0.0195  0.0195
  0.0194  0.0193  0.0192  0.0195  0.0198  0.0200  0.0193  0.0196  0.0190  0.0193  0.0191  0.0191
  0.0190  0.0190  0.0190  0.0191  0.0192  0.0193  0.0189  0.0190  0.0189  0.0189  0.0189  0.0189
  0.0189  0.0189  0.0189  0.0189  0.0189  0.0189  0.0188  0.0188  0.0188  0.0188  0.0188  0.0188
  0.0190  0.0190  0.0190  0.0189  0.0189  0.0187  0.0189  0.0190  0.0189  0.0190  0.0189  0.0189
  0.0194  0.0193  0.0192  0.0193  0.0195  0.0192  0.0193  0.0196  0.0191  0.0194  0.0191  0.0192
  0.0200  0.0197  0.0196  0.0200  0.0205  0.0207  0.0198  0.0205  0.0194  0.0200  0.0195  0.0197
niter,ni,del,rscale     2    3    5.0000    0.5000
parameters
    1.2498   -5.1690   19.3223   -6.4627  -11.3142   -8.2986
    2.0791    1.0503   -1.5048  -29.6559   -1.5427   19.7807
eta,q 0.98126 12.80251
  0.0195  0.0194  0.0193  0.0196  0.0200  0.0202  0.0194  0.0200  0.0191  0.0196  0.0192  0.0192
  0.0191  0.0191  0.0190  0.0192  0.0195  0.0196  0.0191  0.0193  0.0189  0.0191  0.0190  0.0190
  0.0189  0.0189  0.0189  0.0189  0.0190  0.0191  0.0188  0.0189  0.0188  0.0188  0.0188  0.0188
  0.0188  0.0188  0.0188  0.0188  0.0188  0.0188  0.0187  0.0187  0.0187  0.0187  0.0187  0.0187
  0.0189  0.0189  0.0189  0.0188  0.0188  0.0187  0.0188  0.0189  0.0188  0.0189  0.0188  0.0188
  0.0192  0.0191  0.0190  0.0191  0.0192  0.0190  0.0191  0.0193  0.0189  0.0192  0.0190  0.0190
  0.0196  0.0194  0.0193  0.0197  0.0200  0.0200  0.0195  0.0200  0.0191  0.0196  0.0192  0.0194
niter,ni,del,rscale     1    3    5.0000    0.4000
parameters
    1.2427   -5.1698   19.3479   -6.4421  -11.2310   -8.0812
    2.0871    1.0512   -1.5423  -29.6820   -1.5424   19.6540
eta,q 0.98130 12.80744
  0.0192  0.0191  0.0191  0.0193  0.0196  0.0197  0.0192  0.0195  0.0189  0.0193  0.0190  0.0190
  0.0189  0.0189  0.0189  0.0190  0.0192  0.0193  0.0189  0.0191  0.0188  0.0189  0.0188  0.0188
  0.0188  0.0188  0.0188  0.0188  0.0189  0.0190  0.0187  0.0188  0.0187  0.0187  0.0187  0.0187
  0.0187  0.0187  0.0187  0.0187  0.0187  0.0187  0.0187  0.0187  0.0187  0.0187  0.0187  0.0187
  0.0188  0.0188  0.0188  0.0188  0.0188  0.0187  0.0187  0.0188  0.0187  0.0188  0.0187  0.0188
  0.0190  0.0189  0.0189  0.0190  0.0190  0.0189  0.0189  0.0191  0.0188  0.0190  0.0188  0.0189
  0.0192  0.0191  0.0191  0.0193  0.0195  0.0195  0.0192  0.0195  0.0190  0.0193  0.0190  0.0191
registration optimization eta report
parameter search radius
    0.8000    0.8000    0.8000    2.4000    2.4000    2.4000
    2.4000    2.4000    2.4000    2.4000    2.4000    2.4000
100000*second partial in parameter space
       77.       61.       52.        9.       14.       16.
        8.       14.        4.       10.        6.        6.
  0.0192  0.0191  0.0191  0.0193  0.0196  0.0197  0.0192  0.0195  0.0189  0.0193  0.0190  0.0190
  0.0189  0.0189  0.0189  0.0190  0.0192  0.0193  0.0189  0.0191  0.0188  0.0189  0.0188  0.0188
  0.0188  0.0188  0.0188  0.0188  0.0189  0.0190  0.0187  0.0188  0.0187  0.0187  0.0187  0.0187
  0.0187  0.0187  0.0187  0.0187  0.0187  0.0187  0.0187  0.0187  0.0187  0.0187  0.0187  0.0187
  0.0188  0.0188  0.0188  0.0188  0.0188  0.0187  0.0187  0.0188  0.0187  0.0188  0.0187  0.0188
  0.0190  0.0189  0.0189  0.0190  0.0190  0.0189  0.0189  0.0191  0.0188  0.0190  0.0188  0.0189
  0.0192  0.0191  0.0191  0.0193  0.0195  0.0195  0.0192  0.0195  0.0190  0.0193  0.0190  0.0191
    1.2427   -5.1698   19.3479   -6.4421  -11.2310   -8.0812
    2.0871    1.0512   -1.5423  -29.6820   -1.5424   19.6540
eta,q 0.98130 12.80744

---------------------------------------------------------------------
compute_vox2vox talsrcimg talsrcimg_to_711-2C_as_mni_average_305_t4 /opt/freesurfer/average/711-2C_as_mni_average_305
---------------------------------------------------------------------

freesurfer compute_vox2vox.c
Reading: talsrcimg.4dfp.ifh
Reading: talsrcimg_to_711-2C_as_mni_average_305_t4
Reading: /opt/freesurfer/average/711-2C_as_mni_average_305.4dfp.ifh
Writing: talsrcimg_to_711-2C_as_mni_average_305_t4_vox2vox.txt

start time Sat Mar 7 04:59:43 CET 2026
end		time Sat Mar 7 05:01:09 CET 2026

mpr2mni305 success

avi2talxfm orig_nu.mgz /opt/freesurfer/average/mni305.cor.mgz talsrcimg_to_711-2C_as_mni_average_305_t4_vox2vox.txt transforms/talairach.auto.xfm
avi2talxfm done
mv -f /out/sourcedata/freesurfer/sub-v1s19x0051302_ses-1/mri/talsrcimg_to_711-2C_as_mni_average_305_t4_vox2vox.txt /out/sourcedata/freesurfer/sub-v1s19x0051302_ses-1/mri/transforms/talsrcimg_to_711-2C_as_mni_average_305_t4_vox2vox.txt
lta_convert --src orig_nu.mgz --trg /opt/freesurfer/average/mni305.cor.mgz --inxfm transforms/talairach.auto.xfm --outlta transforms/talairach.auto.xfm.lta --subject fsaverage
7.3.2

--src: orig_nu.mgz src image (geometry).
--trg: /opt/freesurfer/average/mni305.cor.mgz trg image (geometry).
--inmni: transforms/talairach.auto.xfm input MNI/XFM transform.
--outlta: transforms/talairach.auto.xfm.lta output LTA.
--s: fsaverage subject name
 LTA read, type : 1
 1.06820  -0.01897  -0.02091   2.89836;
 0.01302   1.01509  -0.22505  -30.91429;
 0.02291   0.33909   1.05090  -29.12175;
 0.00000   0.00000   0.00000   1.00000;
setting subject to fsaverage
Writing  LTA to file transforms/talairach.auto.xfm.lta...
lta_convert successful.
 
 
Started at Sat Mar 7 04:59:42 CET 2026
Ended   at Sat Mar  7 05:01:09 CET 2026
talairach_avi done
