status file for recon-all
Mon Mar  2 19:19:31 CET 2026
#@# Tessellate lh Mon Mar  2 19:19:31 CET 2026
#@# Smooth1 lh Mon Mar  2 19:19:36 CET 2026
#@# Inflation1 lh Mon Mar  2 19:19:39 CET 2026
#@# QSphere lh Mon Mar  2 19:19:55 CET 2026
#@# Fix Topology lh Mon Mar  2 19:21:30 CET 2026
#@# Smooth2 lh Mon Mar  2 19:27:35 CET 2026
#@# Inflation2 lh Mon Mar  2 19:27:39 CET 2026
#@# Curv .H and .K lh Mon Mar  2 19:27:57 CET 2026
#@# Sphere lh Mon Mar  2 19:28:51 CET 2026
#@# Surf Reg lh Mon Mar  2 19:33:48 CET 2026
#@# Jacobian white lh Mon Mar  2 19:39:10 CET 2026
#@# AvgCurv lh Mon Mar  2 19:39:11 CET 2026
#@# Cortical Parc lh Mon Mar  2 19:39:12 CET 2026
#@# white curv lh Mon Mar  2 19:45:47 CET 2026
#@# white area lh Mon Mar  2 19:45:49 CET 2026
#@# pial curv lh Mon Mar  2 19:45:50 CET 2026
#@# pial area lh Mon Mar  2 19:45:52 CET 2026
#@# thickness lh Mon Mar  2 19:45:53 CET 2026
#@# area and vertex vol lh Mon Mar  2 19:46:32 CET 2026
#@# Curvature Stats lh Mon Mar  2 19:46:35 CET 2026
#@# Cortical Parc 2 lh Mon Mar  2 19:46:38 CET 2026
#@# Cortical Parc 3 lh Mon Mar  2 19:46:55 CET 2026
#@# WM/GM Contrast lh Mon Mar  2 19:47:07 CET 2026
recon-all -s sub-v1s11x0050149_ses-1 finished without error at Mon Mar  2 19:47:11 CET 2026



#New# invocation of recon-all 



status file for recon-all
Mon Mar  2 20:29:14 CET 2026
#@# white curv lh Mon Mar  2 20:29:14 CET 2026
#@# white area lh Mon Mar  2 20:29:14 CET 2026
#@# pial curv lh Mon Mar  2 20:29:14 CET 2026
#@# pial area lh Mon Mar  2 20:29:14 CET 2026
#@# thickness lh Mon Mar  2 20:29:14 CET 2026
#@# area and vertex vol lh Mon Mar  2 20:29:14 CET 2026
#@# Parcellation Stats lh Mon Mar  2 20:29:14 CET 2026
#@# Parcellation Stats 2 lh Mon Mar  2 20:29:45 CET 2026
#@# Parcellation Stats 3 lh Mon Mar  2 20:30:02 CET 2026
#@# BA_exvivo Labels lh Mon Mar  2 20:30:19 CET 2026
recon-all -s sub-v1s11x0050149_ses-1 finished without error at Mon Mar  2 20:34:17 CET 2026
