status file for recon-all
Wed Mar  4 10:14:32 CET 2026
#@# Tessellate rh Wed Mar  4 10:14:32 CET 2026
#@# Smooth1 rh Wed Mar  4 10:14:37 CET 2026
#@# Inflation1 rh Wed Mar  4 10:14:40 CET 2026
#@# QSphere rh Wed Mar  4 10:14:53 CET 2026
#@# Fix Topology rh Wed Mar  4 10:16:33 CET 2026
#@# Smooth2 rh Wed Mar  4 10:22:58 CET 2026
#@# Inflation2 rh Wed Mar  4 10:23:02 CET 2026
#@# Curv .H and .K rh Wed Mar  4 10:23:16 CET 2026
#@# Sphere rh Wed Mar  4 10:24:07 CET 2026
#@# Surf Reg rh Wed Mar  4 10:28:21 CET 2026
#@# Jacobian white rh Wed Mar  4 10:33:42 CET 2026
#@# AvgCurv rh Wed Mar  4 10:33:43 CET 2026
#@# Cortical Parc rh Wed Mar  4 10:33:44 CET 2026
#@# white curv rh Wed Mar  4 10:41:02 CET 2026
#@# white area rh Wed Mar  4 10:41:04 CET 2026
#@# pial curv rh Wed Mar  4 10:41:04 CET 2026
#@# pial area rh Wed Mar  4 10:41:06 CET 2026
#@# thickness rh Wed Mar  4 10:41:07 CET 2026
#@# area and vertex vol rh Wed Mar  4 10:41:44 CET 2026
#@# Curvature Stats rh Wed Mar  4 10:41:46 CET 2026
#@# Cortical Parc 2 rh Wed Mar  4 10:41:49 CET 2026
#@# Cortical Parc 3 rh Wed Mar  4 10:42:04 CET 2026
#@# WM/GM Contrast rh Wed Mar  4 10:42:14 CET 2026
recon-all -s sub-v1s3x0050823_ses-1 finished without error at Wed Mar  4 10:42:18 CET 2026



#New# invocation of recon-all 



status file for recon-all
Wed Mar  4 10:58:05 CET 2026
#@# white curv rh Wed Mar  4 10:58:05 CET 2026
#@# white area rh Wed Mar  4 10:58:05 CET 2026
#@# pial curv rh Wed Mar  4 10:58:05 CET 2026
#@# pial area rh Wed Mar  4 10:58:05 CET 2026
#@# thickness rh Wed Mar  4 10:58:05 CET 2026
#@# area and vertex vol rh Wed Mar  4 10:58:05 CET 2026
#@# Parcellation Stats rh Wed Mar  4 10:58:05 CET 2026
#@# Parcellation Stats 2 rh Wed Mar  4 10:58:35 CET 2026
#@# Parcellation Stats 3 rh Wed Mar  4 10:58:49 CET 2026
#@# BA_exvivo Labels rh Wed Mar  4 10:59:04 CET 2026
recon-all -s sub-v1s3x0050823_ses-1 finished without error at Wed Mar  4 11:02:32 CET 2026
