status file for recon-all
Wed Feb 25 10:00:39 CET 2026
#@# Tessellate rh Wed Feb 25 10:00:39 CET 2026
#@# Smooth1 rh Wed Feb 25 10:00:43 CET 2026
#@# Inflation1 rh Wed Feb 25 10:00:46 CET 2026
#@# QSphere rh Wed Feb 25 10:00:56 CET 2026
#@# Fix Topology rh Wed Feb 25 10:02:03 CET 2026
#@# Smooth2 rh Wed Feb 25 10:11:12 CET 2026
#@# Inflation2 rh Wed Feb 25 10:11:14 CET 2026
#@# Curv .H and .K rh Wed Feb 25 10:11:25 CET 2026
#@# Sphere rh Wed Feb 25 10:12:02 CET 2026
#@# Surf Reg rh Wed Feb 25 10:15:35 CET 2026
#@# Jacobian white rh Wed Feb 25 10:19:22 CET 2026
#@# AvgCurv rh Wed Feb 25 10:19:23 CET 2026
#@# Cortical Parc rh Wed Feb 25 10:19:24 CET 2026
#@# white curv rh Wed Feb 25 10:24:56 CET 2026
#@# white area rh Wed Feb 25 10:24:58 CET 2026
#@# pial curv rh Wed Feb 25 10:24:59 CET 2026
#@# pial area rh Wed Feb 25 10:25:00 CET 2026
#@# thickness rh Wed Feb 25 10:25:01 CET 2026
#@# area and vertex vol rh Wed Feb 25 10:25:26 CET 2026
#@# Curvature Stats rh Wed Feb 25 10:25:28 CET 2026
#@# Cortical Parc 2 rh Wed Feb 25 10:25:30 CET 2026
#@# Cortical Parc 3 rh Wed Feb 25 10:25:42 CET 2026
#@# WM/GM Contrast rh Wed Feb 25 10:25:50 CET 2026
recon-all -s sub-v1s10x0050957_ses-1 finished without error at Wed Feb 25 10:25:53 CET 2026



#New# invocation of recon-all 



status file for recon-all
Wed Feb 25 10:33:45 CET 2026
#@# white curv rh Wed Feb 25 10:33:45 CET 2026
#@# white area rh Wed Feb 25 10:33:45 CET 2026
#@# pial curv rh Wed Feb 25 10:33:45 CET 2026
#@# pial area rh Wed Feb 25 10:33:45 CET 2026
#@# thickness rh Wed Feb 25 10:33:45 CET 2026
#@# area and vertex vol rh Wed Feb 25 10:33:45 CET 2026
#@# Parcellation Stats rh Wed Feb 25 10:33:45 CET 2026
#@# Parcellation Stats 2 rh Wed Feb 25 10:34:04 CET 2026
#@# Parcellation Stats 3 rh Wed Feb 25 10:34:14 CET 2026
#@# BA_exvivo Labels rh Wed Feb 25 10:34:24 CET 2026
recon-all -s sub-v1s10x0050957_ses-1 finished without error at Wed Feb 25 10:37:23 CET 2026
