/out/sourcedata/freesurfer/sub-v1s17x0051139_ses-1/mri
/opt/freesurfer/bin/talairach_avi
--i orig_nu.mgz --xfm transforms/talairach.auto.xfm
talairach_avi 7.3.2
Linux dna024 5.14.0-427.37.1.el9_4.x86_64 #1 SMP PREEMPT_DYNAMIC Fri Sep 13 12:41:50 EDT 2024 x86_64 x86_64 x86_64 GNU/Linux
Fri Mar  6 23:25:28 CET 2026
mri_convert orig_nu.mgz talsrcimg.img 
reading from orig_nu.mgz...
TR=0.00, TE=0.00, TI=0.00, flip angle=0.00
i_ras = (-1, 2.56478e-10, 0)
j_ras = (0, -1.16415e-10, -1)
k_ras = (-2.36469e-11, 1, -1.16415e-10)
writing to talsrcimg.img...
Analyze Output Matrix
-1.00000   0.00000  -0.00000   129.01614;
 0.00000  -0.00000   1.00000  -128.54364;
 0.00000  -1.00000  -0.00000   103.96681;
 0.00000   0.00000   0.00000   1.00000;
--------------------
INFO: set hdr.hist.orient to -1
mpr2mni305 talsrcimg
Fri Mar  6 23:25:29 CET 2026
/opt/freesurfer/bin/mpr2mni305 talsrcimg
mpr2mni305 7.3.2
target=711-2C_as_mni_average_305

---------------------------------------------------------------------
analyzeto4dfp talsrcimg -O0 -y
---------------------------------------------------------------------

freesurfer ifh2hdr.c
Fri Mar  6 23:25:29 2026
Writing: talsrcimg.4dfp.hdr
freesurfer analyzeto4dfp.c
Reading: talsrcimg.hdr
header size 348 bytes
hdr.dime.datatype	offset=70	value=2
hdr.dime.bitpix		offset=72	value=8
hdr.hist.orient		offset=252	value=-1
dimensionality     4
dimensions       256       256       256         1
Reading: talsrcimg.img
Writing: talsrcimg.4dfp.img
Writing: talsrcimg.4dfp.ifh
ifh2hdr talsrcimg -r0to253
ori=2

---------------------------------------------------------------------
gauss_4dfp talsrcimg 1.1
---------------------------------------------------------------------

freesurfer gauss_4dfp.c
Reading: talsrcimg.4dfp.img
Writing: talsrcimg_g11.4dfp.img
image dimensions 256 256 256 padded to 288 288 288
processing volume 1freesurfer ifh2hdr.c
Fri Mar  6 23:25:31 2026
Writing: talsrcimg_g11.4dfp.hdr

Writing: talsrcimg_g11.4dfp.ifh
including: talsrcimg.4dfp.img.rec in talsrcimg_g11.4dfp.img.rec

---------------------------------------------------------------------
imgreg_4dfp /opt/freesurfer/average/711-2C_as_mni_average_305 none talsrcimg_g11 none talsrcimg_to_711-2C_as_mni_average_305_t4 4355
---------------------------------------------------------------------

freesurfer imgreg_4dfp.c
/opt/freesurfer/average/711-2C_as_mni_average_305.4dfp.img
       256       256       256         1
  1.000000  1.000000  1.000000
orientation T byte_order littleendian
Reading image: /opt/freesurfer/average/711-2C_as_mni_average_305.4dfp.img
dimensions:      256       256       256
mmppix:       1.0000   -1.0000   -1.0000
center:     128.0000 -129.0000 -129.0000
talsrcimg_g11.4dfp.img
       256       256       256         1
  1.000000  1.000000  1.000000
orientation T byte_order littleendian
Reading image: talsrcimg_g11.4dfp.img
dimensions:      256       256       256
mmppix:       1.0000   -1.0000   -1.0000
center:     128.0000 -129.0000 -129.0000
t4_read: open error in t4_sub.f l:  41 t4_file(1:l)talsrcimg_to_711-2C_as_mni_average_305_t4 
t4_read: transform initialized to I4
rotation matrix determinant  1.000000
image alignment mode   4355 decimal     1103 hex
   -7.5000  -45.0000  -45.0000 6533.4390   14.7734
    0.0000  -45.0000  -45.0000 6824.8306   14.7527
    7.5000  -45.0000  -45.0000 6560.0791   14.7391
   -7.5000  -37.5000  -45.0000 7176.3960   14.5182
    0.0000  -37.5000  -45.0000 7499.0054   14.4897
    7.5000  -37.5000  -45.0000 7196.4028   14.4803
   -7.5000  -30.0000  -45.0000 8117.3213   14.3768
    0.0000  -30.0000  -45.0000 8498.4756   14.3486
    7.5000  -30.0000  -45.0000 8147.7725   14.3398
   -7.5000  -22.5000  -45.0000 9119.9307   14.3235
    0.0000  -22.5000  -45.0000 9556.7070   14.3049
    7.5000  -22.5000  -45.0000 9157.7783   14.2909
   -7.5000  -15.0000  -45.000010069.3467   14.3133
    0.0000  -15.0000  -45.000010560.7822   14.3039
    7.5000  -15.0000  -45.000010106.3701   14.2846
   -7.5000   -7.5000  -45.000011005.1846   14.2945
    0.0000   -7.5000  -45.000011542.3623   14.2846
    7.5000   -7.5000  -45.000011008.0742   14.2657
   -7.5000    0.0000  -45.000011845.0479   14.2831
    0.0000    0.0000  -45.000012419.0986   14.2645
    7.5000    0.0000  -45.000011831.7373   14.2505
   -7.5000    7.5000  -45.000011711.7432   14.2943
    0.0000    7.5000  -45.000012288.5957   14.2667
    7.5000    7.5000  -45.000011727.9512   14.2576
   -7.5000   15.0000  -45.000011471.6699   14.3150
    0.0000   15.0000  -45.000012040.5713   14.2869
    7.5000   15.0000  -45.000011466.8359   14.2782
   -7.5000   22.5000  -45.000011186.1006   14.3206
    0.0000   22.5000  -45.000011700.8330   14.3021
    7.5000   22.5000  -45.000011182.0498   14.2881
   -7.5000   30.0000  -45.000010751.2109   14.1225
    0.0000   30.0000  -45.000011240.6201   14.1132
    7.5000   30.0000  -45.000010743.1836   14.0942
   -7.5000   37.5000  -45.000010675.0010   14.1040
    0.0000   37.5000  -45.000011139.7939   14.0942
    7.5000   37.5000  -45.000010645.0977   14.0756
   -7.5000   45.0000  -45.000010181.5459   13.7349
    0.0000   45.0000  -45.000010631.7568   13.7170
    7.5000   45.0000  -45.000010166.8750   13.7036
   -7.5000  -45.0000  -37.5000 6855.2041   14.7836
    0.0000  -45.0000  -37.5000 7171.0454   14.7676
    7.5000  -45.0000  -37.5000 6886.0117   14.7557
   -7.5000  -37.5000  -37.5000 7535.1997   14.5146
    0.0000  -37.5000  -37.5000 7901.3647   14.4909
    7.5000  -37.5000  -37.5000 7568.1211   14.4825
   -7.5000  -30.0000  -37.5000 8583.8291   14.3690
    0.0000  -30.0000  -37.5000 9003.4395   14.3471
    7.5000  -30.0000  -37.5000 8610.0801   14.3385
   -7.5000  -22.5000  -37.5000 9642.0967   14.3252
    0.0000  -22.5000  -37.500010106.0605   14.3145
    7.5000  -22.5000  -37.5000 9666.9307   14.3008
   -7.5000  -15.0000  -37.500010633.6318   14.3273
    0.0000  -15.0000  -37.500011120.3887   14.3255
    7.5000  -15.0000  -37.500010642.6582   14.3075
   -7.5000   -7.5000  -37.500011602.4541   14.3112
    0.0000   -7.5000  -37.500012154.0732   14.3073
    7.5000   -7.5000  -37.500011588.6064   14.2905
   -7.5000    0.0000  -37.500012487.0635   14.2921
    0.0000    0.0000  -37.500013081.4736   14.2779
    7.5000    0.0000  -37.500012464.9004   14.2658
   -7.5000    7.5000  -37.500012345.1123   14.2911
    0.0000    7.5000  -37.500012935.1611   14.2681
    7.5000    7.5000  -37.500012328.9150   14.2600
   -7.5000   15.0000  -37.500012093.7344   14.3073
    0.0000   15.0000  -37.500012677.8037   14.2855
    7.5000   15.0000  -37.500012066.7637   14.2770
   -7.5000   22.5000  -37.500011790.8174   14.3223
    0.0000   22.5000  -37.500012335.5146   14.3116
    7.5000   22.5000  -37.500011759.5254   14.2979
   -7.5000   30.0000  -37.500011309.0781   14.1363
    0.0000   30.0000  -37.500011827.1924   14.1346
    7.5000   30.0000  -37.500011287.2588   14.1168
   -7.5000   37.5000  -37.500011204.4922   14.1205
    0.0000   37.5000  -37.500011687.1328   14.1167
    7.5000   37.5000  -37.500011150.5312   14.1001
   -7.5000   45.0000  -37.500010657.1064   13.7436
    0.0000   45.0000  -37.500011134.8789   13.7299
    7.5000   45.0000  -37.500010618.9561   13.7182
   -7.5000  -45.0000  -30.0000 7303.5845   15.4070
    0.0000  -45.0000  -30.0000 7639.1641   15.3911
    7.5000  -45.0000  -30.0000 7331.3330   15.3772
   -7.5000  -37.5000  -30.0000 8065.9741   15.1199
    0.0000  -37.5000  -30.0000 8446.0820   15.0954
    7.5000  -37.5000  -30.0000 8089.2749   15.0849
   -7.5000  -30.0000  -30.0000 9199.0762   14.9636
    0.0000  -30.0000  -30.0000 9628.4609   14.9422
    7.5000  -30.0000  -30.0000 9209.1865   14.9309
   -7.5000  -22.5000  -30.000010310.1016   14.9178
    0.0000  -22.5000  -30.000010797.8252   14.9106
    7.5000  -22.5000  -30.000010341.9600   14.8941
   -7.5000  -15.0000  -30.000011351.4102   14.9242
    0.0000  -15.0000  -30.000011876.4912   14.9274
    7.5000  -15.0000  -30.000011363.9609   14.9069
   -7.5000   -7.5000  -30.000012368.3457   14.9119
    0.0000   -7.5000  -30.000012948.6611   14.9110
    7.5000   -7.5000  -30.000012348.5225   14.8919
   -7.5000    0.0000  -30.000013313.5947   14.8926
    0.0000    0.0000  -30.000013947.3379   14.8787
    7.5000    0.0000  -30.000013299.8232   14.8647
   -7.5000    7.5000  -30.000013142.5439   14.8872
    0.0000    7.5000  -30.000013771.1914   14.8634
    7.5000    7.5000  -30.000013123.5938   14.8533
   -7.5000   15.0000  -30.000012863.6025   14.8992
    0.0000   15.0000  -30.000013479.0840   14.8781
    7.5000   15.0000  -30.000012838.0254   14.8669
   -7.5000   22.5000  -30.000012521.0498   14.9134
    0.0000   22.5000  -30.000013121.8496   14.9061
    7.5000   22.5000  -30.000012481.8770   14.8896
   -7.5000   30.0000  -30.000012014.6279   14.7267
    0.0000   30.0000  -30.000012587.3262   14.7298
    7.5000   30.0000  -30.000011968.2285   14.7096
   -7.5000   37.5000  -30.000011868.8623   14.7146
    0.0000   37.5000  -30.000012429.4375   14.7137
    7.5000   37.5000  -30.000011819.8613   14.6949
   -7.5000   45.0000  -30.000011247.0986   14.3315
    0.0000   45.0000  -30.000011768.4326   14.3181
    7.5000   45.0000  -30.000011216.9941   14.3046
   -7.5000  -45.0000  -22.5000 7739.8872   15.9259
    0.0000  -45.0000  -22.5000 8116.5586   15.9041
    7.5000  -45.0000  -22.5000 7768.6118   15.8854
   -7.5000  -37.5000  -22.5000 8555.4893   15.6374
    0.0000  -37.5000  -22.5000 8967.5527   15.6060
    7.5000  -37.5000  -22.5000 8585.9697   15.5914
   -7.5000  -30.0000  -22.5000 9745.8955   15.4748
    0.0000  -30.0000  -22.500010196.2441   15.4459
    7.5000  -30.0000  -22.5000 9767.2266   15.4310
   -7.5000  -22.5000  -22.500010927.8252   15.4157
    0.0000  -22.5000  -22.500011437.7090   15.4023
    7.5000  -22.5000  -22.500010954.2080   15.3819
   -7.5000  -15.0000  -22.500012036.2051   15.4129
    0.0000  -15.0000  -22.500012607.1016   15.4114
    7.5000  -15.0000  -22.500012037.0400   15.3862
   -7.5000   -7.5000  -22.500013093.2256   15.4026
    0.0000   -7.5000  -22.500013719.4561   15.3972
    7.5000   -7.5000  -22.500013091.3203   15.3729
   -7.5000    0.0000  -22.500014076.4551   15.3929
    0.0000    0.0000  -22.500014767.6396   15.3737
    7.5000    0.0000  -22.500014077.9072   15.3549
   -7.5000    7.5000  -22.500013907.4365   15.3966
    0.0000    7.5000  -22.500014576.7822   15.3661
    7.5000    7.5000  -22.500013885.6436   15.3522
   -7.5000   15.0000  -22.500013586.0322   15.4082
    0.0000   15.0000  -22.500014233.3789   15.3797
    7.5000   15.0000  -22.500013561.2705   15.3650
   -7.5000   22.5000  -22.500013213.5137   15.4100
    0.0000   22.5000  -22.500013858.0723   15.3966
    7.5000   22.5000  -22.500013164.9170   15.3763
   -7.5000   30.0000  -22.500012691.5820   15.2113
    0.0000   30.0000  -22.500013300.5518   15.2097
    7.5000   30.0000  -22.500012649.3750   15.1849
   -7.5000   37.5000  -22.500012494.7949   15.2011
    0.0000   37.5000  -22.500013120.0312   15.1958
    7.5000   37.5000  -22.500012473.8125   15.1718
   -7.5000   45.0000  -22.500011811.9805   14.8241
    0.0000   45.0000  -22.500012373.9814   14.8056
    7.5000   45.0000  -22.500011797.1992   14.7875
   -7.5000  -45.0000  -15.0000 8158.6006   16.2973
    0.0000  -45.0000  -15.0000 8552.6719   16.2691
    7.5000  -45.0000  -15.0000 8192.7275   16.2477
   -7.5000  -37.5000  -15.0000 9010.5703   16.0161
    0.0000  -37.5000  -15.0000 9426.5049   15.9782
    7.5000  -37.5000  -15.0000 9043.8027   15.9620
   -7.5000  -30.0000  -15.000010248.6309   15.8522
    0.0000  -30.0000  -15.000010717.8184   15.8156
    7.5000  -30.0000  -15.000010272.9434   15.8004
   -7.5000  -22.5000  -15.000011510.9795   15.7804
    0.0000  -22.5000  -15.000012038.1543   15.7582
    7.5000  -22.5000  -15.000011509.9824   15.7373
   -7.5000  -15.0000  -15.000012711.7471   15.7649
    0.0000  -15.0000  -15.000013329.8486   15.7547
    7.5000  -15.0000  -15.000012710.8018   15.7277
   -7.5000   -7.5000  -15.000013803.9043   15.7530
    0.0000   -7.5000  -15.000014472.5752   15.7403
    7.5000   -7.5000  -15.000013826.8662   15.7130
   -7.5000    0.0000  -15.000014828.3584   15.7526
    0.0000    0.0000  -15.000015557.5430   15.7274
    7.5000    0.0000  -15.000014832.8525   15.7059
   -7.5000    7.5000  -15.000014645.6221   15.7690
    0.0000    7.5000  -15.000015343.4932   15.7324
    7.5000    7.5000  -15.000014624.6826   15.7170
   -7.5000   15.0000  -15.000014270.2051   15.7840
    0.0000   15.0000  -15.000014912.5596   15.7477
    7.5000   15.0000  -15.000014268.3408   15.7328
   -7.5000   22.5000  -15.000013853.9082   15.7739
    0.0000   22.5000  -15.000014487.6680   15.7516
    7.5000   22.5000  -15.000013836.2539   15.7308
   -7.5000   30.0000  -15.000013315.1045   15.5609
    0.0000   30.0000  -15.000013942.9805   15.5508
    7.5000   30.0000  -15.000013312.6631   15.5241
   -7.5000   37.5000  -15.000013115.2949   15.5491
    0.0000   37.5000  -15.000013762.1006   15.5366
    7.5000   37.5000  -15.000013122.6621   15.5096
   -7.5000   45.0000  -15.000012385.4131   15.1797
    0.0000   45.0000  -15.000012989.8799   15.1554
    7.5000   45.0000  -15.000012380.9746   15.1347
   -7.5000  -45.0000   -7.5000 8544.3701   16.4880
    0.0000  -45.0000   -7.5000 8943.6416   16.4597
    7.5000  -45.0000   -7.5000 8575.2500   16.4406
   -7.5000  -37.5000   -7.5000 9445.3301   16.2100
    0.0000  -37.5000   -7.5000 9869.6650   16.1726
    7.5000  -37.5000   -7.5000 9471.2930   16.1589
   -7.5000  -30.0000   -7.500010761.3701   16.0499
    0.0000  -30.0000   -7.500011245.2207   16.0128
    7.5000  -30.0000   -7.500010778.2715   16.0005
   -7.5000  -22.5000   -7.500012114.6963   15.9788
    0.0000  -22.5000   -7.500012667.6787   15.9537
    7.5000  -22.5000   -7.500012114.9395   15.9357
   -7.5000  -15.0000   -7.500013379.6113   15.9592
    0.0000  -15.0000   -7.500014018.9990   15.9452
    7.5000  -15.0000   -7.500013386.6377   15.9206
   -7.5000   -7.5000   -7.500014510.7041   15.9415
    0.0000   -7.5000   -7.500015194.4951   15.9266
    7.5000   -7.5000   -7.500014534.8330   15.9015
   -7.5000    0.0000   -7.500015581.3389   15.9392
    0.0000    0.0000   -7.500016334.9082   15.9138
    7.5000    0.0000   -7.500015615.5303   15.8944
   -7.5000    7.5000   -7.500015468.8223   15.9598
    0.0000    7.5000   -7.500016160.6348   15.9236
    7.5000    7.5000   -7.500015477.9609   15.9106
   -7.5000   15.0000   -7.500015115.9873   15.9808
    0.0000   15.0000   -7.500015721.3242   15.9440
    7.5000   15.0000   -7.500015107.6465   15.9319
   -7.5000   22.5000   -7.500014655.1094   15.9704
    0.0000   22.5000   -7.500015199.3555   15.9454
    7.5000   22.5000   -7.500014616.6914   15.9274
   -7.5000   30.0000   -7.500014068.9736   15.7522
    0.0000   30.0000   -7.500014652.4932   15.7384
    7.5000   30.0000   -7.500014042.4395   15.7142
   -7.5000   37.5000   -7.500013838.6465   15.7347
    0.0000   37.5000   -7.500014465.2012   15.7201
    7.5000   37.5000   -7.500013821.4131   15.6953
   -7.5000   45.0000   -7.500013049.0547   15.3624
    0.0000   45.0000   -7.500013701.0400   15.3379
    7.5000   45.0000   -7.500013019.5898   15.3192
   -7.5000  -45.0000    0.0000 8858.8926   16.5312
    0.0000  -45.0000    0.0000 9279.1582   16.5080
    7.5000  -45.0000    0.0000 8884.0186   16.4928
   -7.5000  -37.5000    0.0000 9829.5098   16.2456
    0.0000  -37.5000    0.000010288.1865   16.2138
    7.5000  -37.5000    0.0000 9851.6660   16.2032
   -7.5000  -30.0000    0.000011214.5410   16.0874
    0.0000  -30.0000    0.000011727.0762   16.0559
    7.5000  -30.0000    0.000011222.0928   16.0460
   -7.5000  -22.5000    0.000012613.5312   16.0278
    0.0000  -22.5000    0.000013206.5449   16.0070
    7.5000  -22.5000    0.000012630.8721   15.9913
   -7.5000  -15.0000    0.000013906.2246   16.0164
    0.0000  -15.0000    0.000014531.0947   16.0059
    7.5000  -15.0000    0.000013932.5869   15.9843
   -7.5000   -7.5000    0.000015064.4219   15.9953
    0.0000   -7.5000    0.000015701.7793   15.9843
    7.5000   -7.5000    0.000015126.0332   15.9631
   -7.5000    0.0000    0.000016161.1992   15.9826
    0.0000    0.0000    0.000016887.0137   15.9618
    7.5000    0.0000    0.000016221.0254   15.9461
   -7.5000    7.5000    0.000016152.9102   15.9951
    0.0000    7.5000    0.000016926.7500   15.9642
    7.5000    7.5000    0.000016171.9941   15.9541
   -7.5000   15.0000    0.000015931.3135   16.0182
    0.0000   15.0000    0.000016632.3594   15.9869
    7.5000   15.0000    0.000015906.6201   15.9771
   -7.5000   22.5000    0.000015478.6123   16.0194
    0.0000   22.5000    0.000016066.2910   15.9987
    7.5000   22.5000    0.000015442.0947   15.9830
   -7.5000   30.0000    0.000014792.5312   15.8091
    0.0000   30.0000    0.000015374.2588   15.7987
    7.5000   30.0000    0.000014726.2559   15.7774
   -7.5000   37.5000    0.000014486.3213   15.7883
    0.0000   37.5000    0.000015108.7178   15.7774
    7.5000   37.5000    0.000014410.5381   15.7565
   -7.5000   45.0000    0.000013610.6250   15.4054
    0.0000   45.0000    0.000014241.4229   15.3853
    7.5000   45.0000    0.000013549.2637   15.3702
   -7.5000  -45.0000    7.5000 8480.1250   16.5432
    0.0000  -45.0000    7.5000 8882.3320   16.5253
    7.5000  -45.0000    7.5000 8501.3037   16.5121
   -7.5000  -37.5000    7.5000 9444.5020   16.2422
    0.0000  -37.5000    7.5000 9883.1895   16.2158
    7.5000  -37.5000    7.5000 9466.4678   16.2063
   -7.5000  -30.0000    7.500010775.3672   16.0793
    0.0000  -30.0000    7.500011274.3906   16.0548
    7.5000  -30.0000    7.500010800.2158   16.0452
   -7.5000  -22.5000    7.500012119.8867   16.0303
    0.0000  -22.5000    7.500012685.2656   16.0183
    7.5000  -22.5000    7.500012154.7070   16.0029
   -7.5000  -15.0000    7.500013353.5615   16.0326
    0.0000  -15.0000    7.500013941.4990   16.0306
    7.5000  -15.0000    7.500013385.8242   16.0105
   -7.5000   -7.5000    7.500014484.7861   16.0146
    0.0000   -7.5000    7.500015096.3906   16.0103
    7.5000   -7.5000    7.500014519.9170   15.9915
   -7.5000    0.0000    7.500015530.2607   15.9933
    0.0000    0.0000    7.500016231.0859   15.9774
    7.5000    0.0000    7.500015583.4961   15.9638
   -7.5000    7.5000    7.500015463.6270   15.9921
    0.0000    7.5000    7.500016293.1787   15.9664
    7.5000    7.5000    7.500015526.2490   15.9573
   -7.5000   15.0000    7.500015243.3770   16.0102
    0.0000   15.0000    7.500015999.9365   15.9859
    7.5000   15.0000    7.500015245.5850   15.9764
   -7.5000   22.5000    7.500014818.1719   16.0219
    0.0000   22.5000    7.500015522.8398   16.0099
    7.5000   22.5000    7.500014815.0156   15.9946
   -7.5000   30.0000    7.500014200.9863   15.8251
    0.0000   30.0000    7.500014883.6328   15.8232
    7.5000   30.0000    7.500014164.5371   15.8033
   -7.5000   37.5000    7.500013941.1191   15.8074
    0.0000   37.5000    7.500014598.7344   15.8031
    7.5000   37.5000    7.500013891.9346   15.7845
   -7.5000   45.0000    7.500013075.5293   15.4157
    0.0000   45.0000    7.500013662.9590   15.4004
    7.5000   45.0000    7.500013025.1201   15.3872
   -7.5000  -45.0000   15.0000 8015.4521   16.5451
    0.0000  -45.0000   15.0000 8391.9180   16.5280
    7.5000  -45.0000   15.0000 8033.4131   16.5132
   -7.5000  -37.5000   15.0000 8927.2217   16.2368
    0.0000  -37.5000   15.0000 9370.3193   16.2105
    7.5000  -37.5000   15.0000 8951.5947   16.1992
   -7.5000  -30.0000   15.000010186.1240   16.0689
    0.0000  -30.0000   15.000010710.0850   16.0459
    7.5000  -30.0000   15.000010234.4043   16.0338
   -7.5000  -22.5000   15.000011445.7783   16.0198
    0.0000  -22.5000   15.000012032.9561   16.0120
    7.5000  -22.5000   15.000011500.4424   15.9943
   -7.5000  -15.0000   15.000012599.0068   16.0266
    0.0000  -15.0000   15.000013238.1318   16.0300
    7.5000  -15.0000   15.000012655.7471   16.0080
   -7.5000   -7.5000   15.000013715.3193   16.0134
    0.0000   -7.5000   15.000014324.8154   16.0124
    7.5000   -7.5000   15.000013747.5137   15.9920
   -7.5000    0.0000   15.000014748.2461   15.9927
    0.0000    0.0000   15.000015406.3691   15.9777
    7.5000    0.0000   15.000014785.7734   15.9627
   -7.5000    7.5000   15.000014715.6963   15.9869
    0.0000    7.5000   15.000015369.9297   15.9613
    7.5000    7.5000   15.000014748.0693   15.9504
   -7.5000   15.0000   15.000014447.5781   15.9998
    0.0000   15.0000   15.000015028.9492   15.9771
    7.5000   15.0000   15.000014444.9512   15.9651
   -7.5000   22.5000   15.000014021.8750   16.0114
    0.0000   22.5000   15.000014584.5527   16.0037
    7.5000   22.5000   15.000014020.7656   15.9860
   -7.5000   30.0000   15.000013475.6768   15.8192
    0.0000   30.0000   15.000014035.8613   15.8225
    7.5000   30.0000   15.000013463.8457   15.8008
   -7.5000   37.5000   15.000013250.9434   15.8062
    0.0000   37.5000   15.000013829.5645   15.8052
    7.5000   37.5000   15.000013236.7158   15.7850
   -7.5000   45.0000   15.000012438.4775   15.4151
    0.0000   45.0000   15.000012966.1855   15.4007
    7.5000   45.0000   15.000012410.1826   15.3862
   -7.5000  -45.0000   22.5000 7484.2974   16.6133
    0.0000  -45.0000   22.5000 7827.7114   16.5901
    7.5000  -45.0000   22.5000 7494.6191   16.5707
   -7.5000  -37.5000   22.5000 8367.3945   16.3110
    0.0000  -37.5000   22.5000 8782.4082   16.2776
    7.5000  -37.5000   22.5000 8372.8457   16.2624
   -7.5000  -30.0000   22.5000 9553.4307   16.1406
    0.0000  -30.0000   22.500010036.9951   16.1100
    7.5000  -30.0000   22.5000 9583.6289   16.0944
   -7.5000  -22.5000   22.500010719.2754   16.0788
    0.0000  -22.5000   22.500011268.8379   16.0645
    7.5000  -22.5000   22.500010778.8486   16.0433
   -7.5000  -15.0000   22.500011809.9336   16.0758
    0.0000  -15.0000   22.500012378.4912   16.0740
    7.5000  -15.0000   22.500011867.1162   16.0478
   -7.5000   -7.5000   22.500012852.0977   16.0649
    0.0000   -7.5000   22.500013414.7451   16.0589
    7.5000   -7.5000   22.500012896.0840   16.0337
   -7.5000    0.0000   22.500013842.5410   16.0547
    0.0000    0.0000   22.500014456.2480   16.0342
    7.5000    0.0000   22.500013888.1562   16.0147
   -7.5000    7.5000   22.500013768.6152   16.0585
    0.0000    7.5000   22.500014344.1348   16.0262
    7.5000    7.5000   22.500013796.7295   16.0117
   -7.5000   15.0000   22.500013478.0430   16.0708
    0.0000   15.0000   22.500013996.1992   16.0406
    7.5000   15.0000   22.500013487.0762   16.0252
   -7.5000   22.5000   22.500013091.7324   16.0704
    0.0000   22.5000   22.500013596.1797   16.0561
    7.5000   22.5000   22.500013097.2129   16.0349
   -7.5000   30.0000   22.500012601.5039   15.8677
    0.0000   30.0000   22.500013093.9482   15.8659
    7.5000   30.0000   22.500012613.6191   15.8401
   -7.5000   37.5000   22.500012431.6387   15.8570
    0.0000   37.5000   22.500012934.8672   15.8511
    7.5000   37.5000   22.500012433.5215   15.8262
   -7.5000   45.0000   22.500011697.8076   15.4749
    0.0000   45.0000   22.500012181.0225   15.4551
    7.5000   45.0000   22.500011684.8486   15.4363
   -7.5000  -45.0000   30.0000 6909.9858   16.7566
    0.0000  -45.0000   30.0000 7219.4331   16.7268
    7.5000  -45.0000   30.0000 6925.8945   16.7048
   -7.5000  -37.5000   30.0000 7734.7070   16.4650
    0.0000  -37.5000   30.0000 8104.5059   16.4248
    7.5000  -37.5000   30.0000 7758.2598   16.4079
   -7.5000  -30.0000   30.0000 8837.0156   16.2958
    0.0000  -30.0000   30.0000 9260.9033   16.2567
    7.5000  -30.0000   30.0000 8865.8809   16.2406
   -7.5000  -22.5000   30.0000 9917.0527   16.2210
    0.0000  -22.5000   30.000010398.6484   16.1968
    7.5000  -22.5000   30.0000 9953.8516   16.1749
   -7.5000  -15.0000   30.000010914.9072   16.2033
    0.0000  -15.0000   30.000011434.3936   16.1919
    7.5000  -15.0000   30.000010968.0713   16.1640
   -7.5000   -7.5000   30.000011873.4258   16.1893
    0.0000   -7.5000   30.000012425.1533   16.1756
    7.5000   -7.5000   30.000011923.2285   16.1477
   -7.5000    0.0000   30.000012783.0488   16.1888
    0.0000    0.0000   30.000013400.7393   16.1622
    7.5000    0.0000   30.000012838.7627   16.1401
   -7.5000    7.5000   30.000012714.2041   16.2075
    0.0000    7.5000   30.000013277.1436   16.1686
    7.5000    7.5000   30.000012739.4268   16.1526
   -7.5000   15.0000   30.000012446.7412   16.2247
    0.0000   15.0000   30.000012958.5557   16.1859
    7.5000   15.0000   30.000012462.4893   16.1701
   -7.5000   22.5000   30.000012081.2520   16.2126
    0.0000   22.5000   30.000012558.5010   16.1884
    7.5000   22.5000   30.000012090.0098   16.1665
   -7.5000   30.0000   30.000011634.2295   15.9936
    0.0000   30.0000   30.000012098.6416   15.9823
    7.5000   30.0000   30.000011665.1406   15.9548
   -7.5000   37.5000   30.000011483.1064   15.9798
    0.0000   37.5000   30.000011966.7461   15.9663
    7.5000   37.5000   30.000011513.5312   15.9387
   -7.5000   45.0000   30.000010837.2246   15.6041
    0.0000   45.0000   30.000011297.9863   15.5785
    7.5000   45.0000   30.000010839.7656   15.5572
   -7.5000  -45.0000   37.5000 6604.7822   17.0635
    0.0000  -45.0000   37.5000 6889.3574   17.0358
    7.5000  -45.0000   37.5000 6631.7725   17.0169
   -7.5000  -37.5000   37.5000 7383.8652   16.7629
    0.0000  -37.5000   37.5000 7729.2461   16.7250
    7.5000  -37.5000   37.5000 7416.0303   16.7120
   -7.5000  -30.0000   37.5000 8419.5615   16.5871
    0.0000  -30.0000   37.5000 8820.1016   16.5486
    7.5000  -30.0000   37.5000 8457.5088   16.5375
   -7.5000  -22.5000   37.5000 9451.6924   16.5101
    0.0000  -22.5000   37.5000 9896.4990   16.4838
    7.5000  -22.5000   37.5000 9477.6299   16.4669
   -7.5000  -15.0000   37.500010423.1963   16.4923
    0.0000  -15.0000   37.500010927.5645   16.4781
    7.5000  -15.0000   37.500010467.2949   16.4541
   -7.5000   -7.5000   37.500011373.7617   16.4782
    0.0000   -7.5000   37.500011941.9688   16.4640
    7.5000   -7.5000   37.500011421.7051   16.4390
   -7.5000    0.0000   37.500012234.5098   16.4776
    0.0000    0.0000   37.500012863.1973   16.4528
    7.5000    0.0000   37.500012298.6934   16.4336
   -7.5000    7.5000   37.500012167.0039   16.4960
    0.0000    7.5000   37.500012739.7656   16.4594
    7.5000    7.5000   37.500012195.6113   16.4470
   -7.5000   15.0000   37.500011911.0410   16.5135
    0.0000   15.0000   37.500012445.7979   16.4753
    7.5000   15.0000   37.500011933.9951   16.4643
   -7.5000   22.5000   37.500011542.0312   16.5015
    0.0000   22.5000   37.500012046.4570   16.4752
    7.5000   22.5000   37.500011577.2109   16.4583
   -7.5000   30.0000   37.500011118.9482   16.2788
    0.0000   30.0000   37.500011575.5635   16.2649
    7.5000   30.0000   37.500011153.1719   16.2411
   -7.5000   37.5000   37.500011005.3252   16.2649
    0.0000   37.5000   37.500011454.1426   16.2509
    7.5000   37.5000   37.500011044.1787   16.2262
   -7.5000   45.0000   37.500010391.3486   15.8825
    0.0000   45.0000   37.500010837.0820   15.8586
    7.5000   45.0000   37.500010417.2539   15.8401
   -7.5000  -45.0000   45.0000 6006.4126   17.4593
    0.0000  -45.0000   45.0000 6272.2852   17.4365
    7.5000  -45.0000   45.0000 6022.2417   17.4199
   -7.5000  -37.5000   45.0000 6723.3364   17.1379
    0.0000  -37.5000   45.0000 7032.9136   17.1054
    7.5000  -37.5000   45.0000 6753.2026   17.0945
   -7.5000  -30.0000   45.0000 7660.9009   16.9587
    0.0000  -30.0000   45.0000 8023.0317   16.9259
    7.5000  -30.0000   45.0000 7700.7534   16.9165
   -7.5000  -22.5000   45.0000 8612.3691   16.8917
    0.0000  -22.5000   45.0000 9016.7393   16.8705
    7.5000  -22.5000   45.0000 8627.4561   16.8546
   -7.5000  -15.0000   45.0000 9531.9912   16.8802
    0.0000  -15.0000   45.0000 9996.2061   16.8702
    7.5000  -15.0000   45.0000 9564.2197   16.8475
   -7.5000   -7.5000   45.000010398.6738   16.8586
    0.0000   -7.5000   45.000010926.2178   16.8486
    7.5000   -7.5000   45.000010452.6104   16.8257
   -7.5000    0.0000   45.000011215.6924   16.8452
    0.0000    0.0000   45.000011781.9678   16.8249
    7.5000    0.0000   45.000011276.6064   16.8079
   -7.5000    7.5000   45.000011135.6963   16.8576
    0.0000    7.5000   45.000011659.0547   16.8260
    7.5000    7.5000   45.000011177.3467   16.8157
   -7.5000   15.0000   45.000010890.3486   16.8813
    0.0000   15.0000   45.000011388.7549   16.8488
    7.5000   15.0000   45.000010923.0830   16.8394
   -7.5000   22.5000   45.000010560.0752   16.8828
    0.0000   22.5000   45.000011030.1426   16.8615
    7.5000   22.5000   45.000010603.7725   16.8457
   -7.5000   30.0000   45.000010188.8203   16.6603
    0.0000   30.0000   45.000010614.8486   16.6504
    7.5000   30.0000   45.000010217.5742   16.6280
   -7.5000   37.5000   45.000010108.8545   16.6390
    0.0000   37.5000   45.000010522.5781   16.6291
    7.5000   37.5000   45.000010133.1748   16.6065
   -7.5000   45.0000   45.0000 9539.0215   16.2442
    0.0000   45.0000   45.0000 9960.8574   16.2247
    7.5000   45.0000   45.0000 9571.2861   16.2082

---------------------------------------------------------------------
imgreg_4dfp /opt/freesurfer/average/711-2C_as_mni_average_305 /opt/freesurfer/average/711-2B_as_mni_average_305_mask talsrcimg_g11 none talsrcimg_to_711-2C_as_mni_average_305_t4 4355
---------------------------------------------------------------------

freesurfer imgreg_4dfp.c
/opt/freesurfer/average/711-2C_as_mni_average_305.4dfp.img
       256       256       256         1
  1.000000  1.000000  1.000000
orientation T byte_order littleendian
Reading image: /opt/freesurfer/average/711-2C_as_mni_average_305.4dfp.img
dimensions:      256       256       256
mmppix:       1.0000   -1.0000   -1.0000
center:     128.0000 -129.0000 -129.0000
/opt/freesurfer/average/711-2B_as_mni_average_305_mask.4dfp.img
       256       256       256         1
  1.000000  1.000000  1.000000
orientation T byte_order littleendian
Reading mask: /opt/freesurfer/average/711-2B_as_mni_average_305_mask.4dfp.img (2306576 pixels)
talsrcimg_g11.4dfp.img
       256       256       256         1
  1.000000  1.000000  1.000000
orientation T byte_order littleendian
Reading image: talsrcimg_g11.4dfp.img
dimensions:      256       256       256
mmppix:       1.0000   -1.0000   -1.0000
center:     128.0000 -129.0000 -129.0000
rotation matrix determinant  1.000000
image alignment mode   4355 decimal     1103 hex
   -7.5000  -37.5000  -45.0000 1910.5092   18.1433
    0.0000  -37.5000  -45.0000 1929.6722   17.9756
    7.5000  -37.5000  -45.0000 1917.8591   18.0611
   -7.5000  -30.0000  -45.0000 2028.4915   16.1240
    0.0000  -30.0000  -45.0000 2049.3850   15.9720
    7.5000  -30.0000  -45.0000 2038.8945   16.0610
   -7.5000  -22.5000  -45.0000 2147.9172   14.5660
    0.0000  -22.5000  -45.0000 2171.1880   14.4456
    7.5000  -22.5000  -45.0000 2160.5779   14.4897
   -7.5000  -15.0000  -45.0000 2244.9353   13.2849
    0.0000  -15.0000  -45.0000 2268.6128   13.1757
    7.5000  -15.0000  -45.0000 2257.7849   13.2276
   -7.5000   -7.5000  -45.0000 2328.6040   12.3359
    0.0000   -7.5000  -45.0000 2351.1465   12.2414
    7.5000   -7.5000  -45.0000 2334.4802   12.2871
   -7.5000    0.0000  -45.0000 2374.0842   11.7687
    0.0000    0.0000  -45.0000 2398.6863   11.6964
    7.5000    0.0000  -45.0000 2375.5923   11.7509
   -7.5000    7.5000  -45.0000 2395.7476   11.4847
    0.0000    7.5000  -45.0000 2422.3020   11.3882
    7.5000    7.5000  -45.0000 2401.1943   11.4465
   -7.5000   15.0000  -45.0000 2397.9705   11.4574
    0.0000   15.0000  -45.0000 2425.9773   11.3429
    7.5000   15.0000  -45.0000 2405.1597   11.4038
   -7.5000   22.5000  -45.0000 2393.8313   11.5525
    0.0000   22.5000  -45.0000 2419.7161   11.4351
    7.5000   22.5000  -45.0000 2401.1704   11.4989
   -7.5000   30.0000  -45.0000 2364.4246   11.8968
    0.0000   30.0000  -45.0000 2393.6487   11.7671
    7.5000   30.0000  -45.0000 2371.7754   11.8396
   -7.5000   37.5000  -45.0000 2314.0669   12.4692
    0.0000   37.5000  -45.0000 2340.1333   12.3364
    7.5000   37.5000  -45.0000 2322.5974   12.4038
   -7.5000   45.0000  -45.0000 2244.4138   13.2904
    0.0000   45.0000  -45.0000 2266.0701   13.1335
    7.5000   45.0000  -45.0000 2251.5269   13.2029
   -7.5000   52.5000  -45.0000 2131.7424   14.2838
    0.0000   52.5000  -45.0000 2153.0007   14.0751
    7.5000   52.5000  -45.0000 2135.2158   14.1918
   -7.5000  -37.5000  -37.5000 1956.0560   17.0710
    0.0000  -37.5000  -37.5000 1978.4894   16.9346
    7.5000  -37.5000  -37.5000 1970.4838   17.0539
   -7.5000  -30.0000  -37.5000 2093.9531   15.1771
    0.0000  -30.0000  -37.5000 2116.2522   15.0637
    7.5000  -30.0000  -37.5000 2104.8911   15.1301
   -7.5000  -22.5000  -37.5000 2219.8408   13.6868
    0.0000  -22.5000  -37.5000 2244.9380   13.5941
    7.5000  -22.5000  -37.5000 2229.9136   13.6322
   -7.5000  -15.0000  -37.5000 2323.3647   12.4772
    0.0000  -15.0000  -37.5000 2345.8892   12.3851
    7.5000  -15.0000  -37.5000 2331.3394   12.4247
   -7.5000   -7.5000  -37.5000 2411.9717   11.5637
    0.0000   -7.5000  -37.5000 2434.5601   11.4936
    7.5000   -7.5000  -37.5000 2416.7195   11.5195
   -7.5000    0.0000  -37.5000 2466.8020   10.9950
    0.0000    0.0000  -37.5000 2491.2117   10.9192
    7.5000    0.0000  -37.5000 2469.9392   10.9578
   -7.5000    7.5000  -37.5000 2499.3647   10.6964
    0.0000    7.5000  -37.5000 2521.3591   10.6136
    7.5000    7.5000  -37.5000 2503.2649   10.6648
   -7.5000   15.0000  -37.5000 2503.6763   10.6448
    0.0000   15.0000  -37.5000 2529.6470   10.5553
    7.5000   15.0000  -37.5000 2510.4031   10.6043
   -7.5000   22.5000  -37.5000 2496.3674   10.7680
    0.0000   22.5000  -37.5000 2521.7029   10.6784
    7.5000   22.5000  -37.5000 2499.8801   10.7343
   -7.5000   30.0000  -37.5000 2464.2827   11.0643
    0.0000   30.0000  -37.5000 2489.3240   10.9805
    7.5000   30.0000  -37.5000 2471.6404   11.0426
   -7.5000   37.5000  -37.5000 2413.2007   11.5601
    0.0000   37.5000  -37.5000 2437.4373   11.4599
    7.5000   37.5000  -37.5000 2417.9104   11.5207
   -7.5000   45.0000  -37.5000 2333.5510   12.2921
    0.0000   45.0000  -37.5000 2358.7478   12.1622
    7.5000   45.0000  -37.5000 2341.1785   12.2217
   -7.5000   52.5000  -37.5000 2217.0247   13.1895
    0.0000   52.5000  -37.5000 2239.5483   13.0250
    7.5000   52.5000  -37.5000 2221.0623   13.1131
   -7.5000  -37.5000  -30.0000 2042.7560   16.7665
    0.0000  -37.5000  -30.0000 2062.2490   16.6022
    7.5000  -37.5000  -30.0000 2055.2524   16.7243
   -7.5000  -30.0000  -30.0000 2193.7483   14.8708
    0.0000  -30.0000  -30.0000 2212.8506   14.7554
    7.5000  -30.0000  -30.0000 2199.5664   14.8256
   -7.5000  -22.5000  -30.0000 2323.0198   13.3723
    0.0000  -22.5000  -30.0000 2346.2229   13.2734
    7.5000  -22.5000  -30.0000 2331.5879   13.3411
   -7.5000  -15.0000  -30.0000 2433.3142   12.1653
    0.0000  -15.0000  -30.0000 2456.0718   12.0673
    7.5000  -15.0000  -30.0000 2440.0818   12.1372
   -7.5000   -7.5000  -30.0000 2530.2061   11.2554
    0.0000   -7.5000  -30.0000 2553.0354   11.1722
    7.5000   -7.5000  -30.0000 2534.9343   11.2061
   -7.5000    0.0000  -30.0000 2603.5552   10.6511
    0.0000    0.0000  -30.0000 2630.2246   10.5657
    7.5000    0.0000  -30.0000 2610.1545   10.5970
   -7.5000    7.5000  -30.0000 2640.9060   10.3342
    0.0000    7.5000  -30.0000 2664.9258   10.2582
    7.5000    7.5000  -30.0000 2646.6055   10.2828
   -7.5000   15.0000  -30.0000 2656.9929   10.2302
    0.0000   15.0000  -30.0000 2680.7944   10.1695
    7.5000   15.0000  -30.0000 2658.5171   10.2046
   -7.5000   22.5000  -30.0000 2647.3225   10.3691
    0.0000   22.5000  -30.0000 2675.3965   10.3125
    7.5000   22.5000  -30.0000 2648.7373   10.3631
   -7.5000   30.0000  -30.0000 2612.3313   10.6860
    0.0000   30.0000  -30.0000 2639.9836   10.6298
    7.5000   30.0000  -30.0000 2617.4299   10.6641
   -7.5000   37.5000  -30.0000 2554.7732   11.1573
    0.0000   37.5000  -30.0000 2583.2283   11.0601
    7.5000   37.5000  -30.0000 2560.3267   11.1090
   -7.5000   45.0000  -30.0000 2469.6418   11.8463
    0.0000   45.0000  -30.0000 2500.0635   11.7152
    7.5000   45.0000  -30.0000 2478.3928   11.7566
   -7.5000   52.5000  -30.0000 2345.1201   12.6644
    0.0000   52.5000  -30.0000 2370.5986   12.5246
    7.5000   52.5000  -30.0000 2350.5811   12.6006
   -7.5000  -37.5000  -22.5000 2097.4646   16.4225
    0.0000  -37.5000  -22.5000 2119.9612   16.2734
    7.5000  -37.5000  -22.5000 2106.0154   16.3978
   -7.5000  -30.0000  -22.5000 2250.3604   14.5302
    0.0000  -30.0000  -22.5000 2271.2104   14.3747
    7.5000  -30.0000  -22.5000 2256.3748   14.4861
   -7.5000  -22.5000  -22.5000 2387.0332   13.0110
    0.0000  -22.5000  -22.5000 2410.5618   12.8807
    7.5000  -22.5000  -22.5000 2394.0779   12.9647
   -7.5000  -15.0000  -22.5000 2507.1887   11.8185
    0.0000  -15.0000  -22.5000 2533.3982   11.7016
    7.5000  -15.0000  -22.5000 2513.0811   11.7677
   -7.5000   -7.5000  -22.5000 2611.3237   10.9032
    0.0000   -7.5000  -22.5000 2641.9302   10.7878
    7.5000   -7.5000  -22.5000 2619.6345   10.8464
   -7.5000    0.0000  -22.5000 2697.1362   10.2578
    0.0000    0.0000  -22.5000 2728.0781   10.1671
    7.5000    0.0000  -22.5000 2705.7715   10.2238
   -7.5000    7.5000  -22.5000 2745.0044    9.9220
    0.0000    7.5000  -22.5000 2776.9575    9.8373
    7.5000    7.5000  -22.5000 2754.4700    9.8684
   -7.5000   15.0000  -22.5000 2771.4492    9.7985
    0.0000   15.0000  -22.5000 2801.3511    9.7191
    7.5000   15.0000  -22.5000 2773.7959    9.7682
   -7.5000   22.5000  -22.5000 2769.8145    9.9171
    0.0000   22.5000  -22.5000 2803.5825    9.8404
    7.5000   22.5000  -22.5000 2771.0642    9.8927
   -7.5000   30.0000  -22.5000 2730.5469   10.2251
    0.0000   30.0000  -22.5000 2766.4695   10.1621
    7.5000   30.0000  -22.5000 2738.0872   10.1939
   -7.5000   37.5000  -22.5000 2667.0149   10.6922
    0.0000   37.5000  -22.5000 2700.5310   10.5992
    7.5000   37.5000  -22.5000 2675.0730   10.6364
   -7.5000   45.0000  -22.5000 2578.5679   11.3382
    0.0000   45.0000  -22.5000 2606.1665   11.2208
    7.5000   45.0000  -22.5000 2584.6589   11.2616
   -7.5000   52.5000  -22.5000 2443.4644   12.1347
    0.0000   52.5000  -22.5000 2470.0144   12.0025
    7.5000   52.5000  -22.5000 2449.5850   12.0720
   -7.5000  -37.5000  -15.0000 2117.1199   16.1751
    0.0000  -37.5000  -15.0000 2138.0959   16.0150
    7.5000  -37.5000  -15.0000 2125.4619   16.1666
   -7.5000  -30.0000  -15.0000 2271.0439   14.2544
    0.0000  -30.0000  -15.0000 2294.6084   14.0688
    7.5000  -30.0000  -15.0000 2275.6033   14.2010
   -7.5000  -22.5000  -15.0000 2414.3743   12.7309
    0.0000  -22.5000  -15.0000 2440.0925   12.5678
    7.5000  -22.5000  -15.0000 2418.2227   12.6599
   -7.5000  -15.0000  -15.0000 2542.9590   11.5445
    0.0000  -15.0000  -15.0000 2573.7043   11.3999
    7.5000  -15.0000  -15.0000 2551.5417   11.4556
   -7.5000   -7.5000  -15.0000 2651.7124   10.6188
    0.0000   -7.5000  -15.0000 2686.0874   10.4803
    7.5000   -7.5000  -15.0000 2666.8601   10.5371
   -7.5000    0.0000  -15.0000 2744.9565    9.9661
    0.0000    0.0000  -15.0000 2784.2122    9.8368
    7.5000    0.0000  -15.0000 2761.9604    9.9041
   -7.5000    7.5000  -15.0000 2808.6772    9.5753
    0.0000    7.5000  -15.0000 2850.7026    9.4562
    7.5000    7.5000  -15.0000 2822.2319    9.5249
   -7.5000   15.0000  -15.0000 2843.3621    9.4209
    0.0000   15.0000  -15.0000 2883.5046    9.2834
    7.5000   15.0000  -15.0000 2854.2275    9.3809
   -7.5000   22.5000  -15.0000 2850.9468    9.5004
    0.0000   22.5000  -15.0000 2891.2573    9.3793
    7.5000   22.5000  -15.0000 2859.7148    9.4709
   -7.5000   30.0000  -15.0000 2813.3093    9.8081
    0.0000   30.0000  -15.0000 2853.1345    9.6953
    7.5000   30.0000  -15.0000 2824.1006    9.7572
   -7.5000   37.5000  -15.0000 2744.7903   10.2830
    0.0000   37.5000  -15.0000 2781.9243   10.1711
    7.5000   37.5000  -15.0000 2754.5549   10.2096
   -7.5000   45.0000  -15.0000 2648.1504   10.8975
    0.0000   45.0000  -15.0000 2682.5720   10.7611
    7.5000   45.0000  -15.0000 2656.2070   10.8270
   -7.5000   52.5000  -15.0000 2506.3228   11.6839
    0.0000   52.5000  -15.0000 2534.5369   11.5298
    7.5000   52.5000  -15.0000 2511.7036   11.6213
   -7.5000  -37.5000   -7.5000 2121.6443   16.0448
    0.0000  -37.5000   -7.5000 2140.6899   15.7814
    7.5000  -37.5000   -7.5000 2128.7937   15.9874
   -7.5000  -30.0000   -7.5000 2268.1794   14.1110
    0.0000  -30.0000   -7.5000 2292.2510   13.8856
    7.5000  -30.0000   -7.5000 2277.4888   14.0286
   -7.5000  -22.5000   -7.5000 2418.4128   12.5698
    0.0000  -22.5000   -7.5000 2441.9678   12.3692
    7.5000  -22.5000   -7.5000 2425.3811   12.4930
   -7.5000  -15.0000   -7.5000 2549.4331   11.3548
    0.0000  -15.0000   -7.5000 2580.8672   11.1841
    7.5000  -15.0000   -7.5000 2563.0454   11.2783
   -7.5000   -7.5000   -7.5000 2662.9612   10.4121
    0.0000   -7.5000   -7.5000 2696.6296   10.2489
    7.5000   -7.5000   -7.5000 2679.7461   10.3450
   -7.5000    0.0000   -7.5000 2763.5886    9.7483
    0.0000    0.0000   -7.5000 2804.6963    9.5908
    7.5000    0.0000   -7.5000 2788.3218    9.6789
   -7.5000    7.5000   -7.5000 2845.9321    9.3398
    0.0000    7.5000   -7.5000 2893.5085    9.1766
    7.5000    7.5000   -7.5000 2869.0708    9.2707
   -7.5000   15.0000   -7.5000 2898.0496    9.1662
    0.0000   15.0000   -7.5000 2947.8250    8.9634
    7.5000   15.0000   -7.5000 2912.0134    9.1175
   -7.5000   22.5000   -7.5000 2909.1641    9.2182
    0.0000   22.5000   -7.5000 2950.8325    9.0274
    7.5000   22.5000   -7.5000 2914.9143    9.1866
   -7.5000   30.0000   -7.5000 2868.1577    9.5052
    0.0000   30.0000   -7.5000 2906.7285    9.3599
    7.5000   30.0000   -7.5000 2873.1990    9.4534
   -7.5000   37.5000   -7.5000 2792.4229    9.9468
    0.0000   37.5000   -7.5000 2831.9661    9.8087
    7.5000   37.5000   -7.5000 2799.4827    9.8800
   -7.5000   45.0000   -7.5000 2691.6653   10.5483
    0.0000   45.0000   -7.5000 2729.6335   10.4098
    7.5000   45.0000   -7.5000 2699.8547   10.4876
   -7.5000   52.5000   -7.5000 2543.4199   11.3696
    0.0000   52.5000   -7.5000 2573.2415   11.2046
    7.5000   52.5000   -7.5000 2547.0217   11.2822
   -7.5000  -37.5000    0.0000 2117.2510   16.1512
    0.0000  -37.5000    0.0000 2135.8618   15.9144
    7.5000  -37.5000    0.0000 2123.9680   16.1056
   -7.5000  -30.0000    0.0000 2259.9890   14.1433
    0.0000  -30.0000    0.0000 2282.9277   13.9336
    7.5000  -30.0000    0.0000 2266.3018   14.0985
   -7.5000  -22.5000    0.0000 2403.5923   12.5674
    0.0000  -22.5000    0.0000 2430.5386   12.3518
    7.5000  -22.5000    0.0000 2412.5388   12.5032
   -7.5000  -15.0000    0.0000 2531.4128   11.3137
    0.0000  -15.0000    0.0000 2559.9583   11.1032
    7.5000  -15.0000    0.0000 2546.4460   11.2470
   -7.5000   -7.5000    0.0000 2652.0205   10.3405
    0.0000   -7.5000    0.0000 2681.5410   10.1335
    7.5000   -7.5000    0.0000 2670.7969   10.2867
   -7.5000    0.0000    0.0000 2759.8062    9.6479
    0.0000    0.0000    0.0000 2797.3081    9.4508
    7.5000    0.0000    0.0000 2782.8826    9.6000
   -7.5000    7.5000    0.0000 2853.6396    9.2568
    0.0000    7.5000    0.0000 2902.0857    9.0761
    7.5000    7.5000    0.0000 2876.8391    9.1833
   -7.5000   15.0000    0.0000 2913.9690    9.1138
    0.0000   15.0000    0.0000 2968.1965    8.9292
    7.5000   15.0000    0.0000 2929.4307    9.0328
   -7.5000   22.5000    0.0000 2932.3018    9.1383
    0.0000   22.5000    0.0000 2982.8484    8.9666
    7.5000   22.5000    0.0000 2942.3557    9.0895
   -7.5000   30.0000    0.0000 2896.5381    9.3282
    0.0000   30.0000    0.0000 2939.3228    9.1695
    7.5000   30.0000    0.0000 2899.5417    9.2905
   -7.5000   37.5000    0.0000 2816.1624    9.7290
    0.0000   37.5000    0.0000 2858.1799    9.5681
    7.5000   37.5000    0.0000 2822.5537    9.6711
   -7.5000   45.0000    0.0000 2707.1938   10.3733
    0.0000   45.0000    0.0000 2743.0662   10.2310
    7.5000   45.0000    0.0000 2714.2651   10.3055
   -7.5000   52.5000    0.0000 2555.9480   11.1898
    0.0000   52.5000    0.0000 2584.5903   11.0649
    7.5000   52.5000    0.0000 2559.6558   11.1164
   -7.5000  -37.5000    7.5000 2108.5374   16.3891
    0.0000  -37.5000    7.5000 2128.0532   16.1617
    7.5000  -37.5000    7.5000 2112.6584   16.4062
   -7.5000  -30.0000    7.5000 2244.2922   14.3593
    0.0000  -30.0000    7.5000 2269.5125   14.1146
    7.5000  -30.0000    7.5000 2250.2661   14.3170
   -7.5000  -22.5000    7.5000 2377.9277   12.7559
    0.0000  -22.5000    7.5000 2407.9995   12.5028
    7.5000  -22.5000    7.5000 2391.3096   12.6896
   -7.5000  -15.0000    7.5000 2499.5227   11.4613
    0.0000  -15.0000    7.5000 2527.8083   11.2146
    7.5000  -15.0000    7.5000 2514.5044   11.3989
   -7.5000   -7.5000    7.5000 2623.3625   10.4542
    0.0000   -7.5000    7.5000 2653.6323   10.2472
    7.5000   -7.5000    7.5000 2635.1877   10.4065
   -7.5000    0.0000    7.5000 2737.3789    9.7427
    0.0000    0.0000    7.5000 2770.8958    9.5528
    7.5000    0.0000    7.5000 2750.7415    9.6967
   -7.5000    7.5000    7.5000 2835.0928    9.3259
    0.0000    7.5000    7.5000 2887.3979    9.1637
    7.5000    7.5000    7.5000 2856.9612    9.2742
   -7.5000   15.0000    7.5000 2903.5852    9.1478
    0.0000   15.0000    7.5000 2961.2756    8.9963
    7.5000   15.0000    7.5000 2916.9006    9.0919
   -7.5000   22.5000    7.5000 2927.8938    9.1408
    0.0000   22.5000    7.5000 2981.0286    9.0073
    7.5000   22.5000    7.5000 2936.9272    9.0975
   -7.5000   30.0000    7.5000 2891.0056    9.3254
    0.0000   30.0000    7.5000 2933.9832    9.2107
    7.5000   30.0000    7.5000 2897.3865    9.2757
   -7.5000   37.5000    7.5000 2811.1169    9.7486
    0.0000   37.5000    7.5000 2847.9553    9.6211
    7.5000   37.5000    7.5000 2815.5061    9.6897
   -7.5000   45.0000    7.5000 2696.7297   10.4221
    0.0000   45.0000    7.5000 2725.6646   10.2857
    7.5000   45.0000    7.5000 2701.7446   10.3495
   -7.5000   52.5000    7.5000 2542.8582   11.2370
    0.0000   52.5000    7.5000 2570.3450   11.0874
    7.5000   52.5000    7.5000 2549.7805   11.1528
   -7.5000  -37.5000   15.0000 2083.5317   16.8371
    0.0000  -37.5000   15.0000 2110.0510   16.5958
    7.5000  -37.5000   15.0000 2089.6580   16.8460
   -7.5000  -30.0000   15.0000 2215.1450   14.7448
    0.0000  -30.0000   15.0000 2243.7554   14.4968
    7.5000  -30.0000   15.0000 2223.9377   14.6947
   -7.5000  -22.5000   15.0000 2344.4080   13.0844
    0.0000  -22.5000   15.0000 2374.7871   12.8419
    7.5000  -22.5000   15.0000 2358.1692   13.0334
   -7.5000  -15.0000   15.0000 2462.4822   11.7557
    0.0000  -15.0000   15.0000 2492.8354   11.5504
    7.5000  -15.0000   15.0000 2472.5684   11.7156
   -7.5000   -7.5000   15.0000 2582.6672   10.7473
    0.0000   -7.5000   15.0000 2614.1890   10.5483
    7.5000   -7.5000   15.0000 2592.7371   10.7041
   -7.5000    0.0000   15.0000 2694.2285   10.0421
    0.0000    0.0000   15.0000 2730.5266    9.8317
    7.5000    0.0000   15.0000 2706.7803    9.9769
   -7.5000    7.5000   15.0000 2795.9573    9.6112
    0.0000    7.5000   15.0000 2843.4810    9.4058
    7.5000    7.5000   15.0000 2812.2434    9.5430
   -7.5000   15.0000   15.0000 2867.7412    9.3732
    0.0000   15.0000   15.0000 2917.4956    9.1784
    7.5000   15.0000   15.0000 2877.9827    9.3220
   -7.5000   22.5000   15.0000 2891.7778    9.3528
    0.0000   22.5000   15.0000 2938.5571    9.1696
    7.5000   22.5000   15.0000 2899.1101    9.3033
   -7.5000   30.0000   15.0000 2853.7117    9.5529
    0.0000   30.0000   15.0000 2895.2468    9.4189
    7.5000   30.0000   15.0000 2861.8596    9.4940
   -7.5000   37.5000   15.0000 2768.3127   10.0046
    0.0000   37.5000   15.0000 2806.1743    9.8719
    7.5000   37.5000   15.0000 2778.8350    9.9276
   -7.5000   45.0000   15.0000 2660.4592   10.6562
    0.0000   45.0000   15.0000 2690.4690   10.5104
    7.5000   45.0000   15.0000 2668.3589   10.5591
   -7.5000   52.5000   15.0000 2510.5024   11.4821
    0.0000   52.5000   15.0000 2529.0312   11.3247
    7.5000   52.5000   15.0000 2512.9690   11.3727
   -7.5000  -37.5000   22.5000 2049.4978   17.5331
    0.0000  -37.5000   22.5000 2072.0017   17.2223
    7.5000  -37.5000   22.5000 2053.4675   17.4693
   -7.5000  -30.0000   22.5000 2180.3284   15.3051
    0.0000  -30.0000   22.5000 2204.3826   15.0736
    7.5000  -30.0000   22.5000 2186.0618   15.2652
   -7.5000  -22.5000   22.5000 2302.4131   13.5717
    0.0000  -22.5000   22.5000 2330.6799   13.3425
    7.5000  -22.5000   22.5000 2315.3398   13.5382
   -7.5000  -15.0000   22.5000 2417.0464   12.2020
    0.0000  -15.0000   22.5000 2448.8391   11.9974
    7.5000  -15.0000   22.5000 2428.5742   12.1711
   -7.5000   -7.5000   22.5000 2535.0850   11.1820
    0.0000   -7.5000   22.5000 2566.4370   10.9669
    7.5000   -7.5000   22.5000 2546.8262   11.1228
   -7.5000    0.0000   22.5000 2646.2671   10.4747
    0.0000    0.0000   22.5000 2679.8577   10.2383
    7.5000    0.0000   22.5000 2658.4919   10.3986
   -7.5000    7.5000   22.5000 2744.1013   10.0167
    0.0000    7.5000   22.5000 2781.2971    9.8076
    7.5000    7.5000   22.5000 2757.7847    9.9233
   -7.5000   15.0000   22.5000 2807.7368    9.7566
    0.0000   15.0000   22.5000 2846.4912    9.5342
    7.5000   15.0000   22.5000 2816.6055    9.6720
   -7.5000   22.5000   22.5000 2826.7783    9.7297
    0.0000   22.5000   22.5000 2860.4495    9.5439
    7.5000   22.5000   22.5000 2833.4116    9.6481
   -7.5000   30.0000   22.5000 2788.0623    9.9631
    0.0000   30.0000   22.5000 2820.9788    9.8052
    7.5000   30.0000   22.5000 2801.9011    9.8854
   -7.5000   37.5000   22.5000 2708.7139   10.4070
    0.0000   37.5000   22.5000 2741.3633   10.2669
    7.5000   37.5000   22.5000 2717.9951   10.3364
   -7.5000   45.0000   22.5000 2608.1555   11.0469
    0.0000   45.0000   22.5000 2639.1873   10.8926
    7.5000   45.0000   22.5000 2614.9121   10.9451
   -7.5000   52.5000   22.5000 2461.4663   11.8438
    0.0000   52.5000   22.5000 2488.3997   11.6693
    7.5000   52.5000   22.5000 2466.9180   11.7270
   -7.5000  -37.5000   30.0000 1990.9696   18.4292
    0.0000  -37.5000   30.0000 2004.9773   18.1264
    7.5000  -37.5000   30.0000 1999.0411   18.3577
   -7.5000  -30.0000   30.0000 2123.8875   16.0657
    0.0000  -30.0000   30.0000 2141.9592   15.8108
    7.5000  -30.0000   30.0000 2131.0688   16.0295
   -7.5000  -22.5000   30.0000 2246.2156   14.2236
    0.0000  -22.5000   30.0000 2270.4392   13.9957
    7.5000  -22.5000   30.0000 2255.0571   14.1846
   -7.5000  -15.0000   30.0000 2363.6963   12.8002
    0.0000  -15.0000   30.0000 2393.7905   12.5837
    7.5000  -15.0000   30.0000 2374.8054   12.7575
   -7.5000   -7.5000   30.0000 2477.9683   11.7386
    0.0000   -7.5000   30.0000 2510.2961   11.5122
    7.5000   -7.5000   30.0000 2489.5042   11.6817
   -7.5000    0.0000   30.0000 2584.5718   11.0187
    0.0000    0.0000   30.0000 2622.6970   10.8058
    7.5000    0.0000   30.0000 2597.4329   10.9363
   -7.5000    7.5000   30.0000 2674.7886   10.5461
    0.0000    7.5000   30.0000 2712.3794   10.3350
    7.5000    7.5000   30.0000 2684.8428   10.4590
   -7.5000   15.0000   30.0000 2727.5603   10.2855
    0.0000   15.0000   30.0000 2762.0059   10.0651
    7.5000   15.0000   30.0000 2735.5815   10.1840
   -7.5000   22.5000   30.0000 2735.2075   10.2458
    0.0000   22.5000   30.0000 2762.6626   10.0646
    7.5000   22.5000   30.0000 2740.2878   10.1621
   -7.5000   30.0000   30.0000 2697.5525   10.4855
    0.0000   30.0000   30.0000 2726.9963   10.3318
    7.5000   30.0000   30.0000 2712.8083   10.3854
   -7.5000   37.5000   30.0000 2625.1528   10.9217
    0.0000   37.5000   30.0000 2657.2043   10.7640
    7.5000   37.5000   30.0000 2638.8826   10.8191
   -7.5000   45.0000   30.0000 2536.6792   11.5733
    0.0000   45.0000   30.0000 2564.9260   11.3961
    7.5000   45.0000   30.0000 2541.1895   11.4591
   -7.5000   52.5000   30.0000 2404.1682   12.3592
    0.0000   52.5000   30.0000 2428.9285   12.1643
    7.5000   52.5000   30.0000 2405.6880   12.2444
   -7.5000  -37.5000   37.5000 1923.1740   19.5978
    0.0000  -37.5000   37.5000 1934.5933   19.3214
    7.5000  -37.5000   37.5000 1931.7935   19.5794
   -7.5000  -30.0000   37.5000 2057.8210   17.0443
    0.0000  -30.0000   37.5000 2075.1777   16.7887
    7.5000  -30.0000   37.5000 2065.8552   17.0300
   -7.5000  -22.5000   37.5000 2184.2573   15.0915
    0.0000  -22.5000   37.5000 2205.1912   14.8585
    7.5000  -22.5000   37.5000 2188.3840   15.0331
   -7.5000  -15.0000   37.5000 2300.7031   13.5930
    0.0000  -15.0000   37.5000 2329.4695   13.3741
    7.5000  -15.0000   37.5000 2310.6782   13.5358
   -7.5000   -7.5000   37.5000 2415.3672   12.4974
    0.0000   -7.5000   37.5000 2448.4580   12.2903
    7.5000   -7.5000   37.5000 2423.3853   12.4290
   -7.5000    0.0000   37.5000 2511.8225   11.7369
    0.0000    0.0000   37.5000 2550.2878   11.5427
    7.5000    0.0000   37.5000 2522.9258   11.6653
   -7.5000    7.5000   37.5000 2594.6572   11.2342
    0.0000    7.5000   37.5000 2633.5859   11.0381
    7.5000    7.5000   37.5000 2601.5271   11.1629
   -7.5000   15.0000   37.5000 2637.7747   10.9785
    0.0000   15.0000   37.5000 2669.6775   10.7986
    7.5000   15.0000   37.5000 2642.3010   10.9039
   -7.5000   22.5000   37.5000 2637.1917   10.9309
    0.0000   22.5000   37.5000 2664.0481   10.7679
    7.5000   22.5000   37.5000 2645.1975   10.8497
   -7.5000   30.0000   37.5000 2599.3909   11.1538
    0.0000   30.0000   37.5000 2623.8860   10.9894
    7.5000   30.0000   37.5000 2611.1638   11.0521
   -7.5000   37.5000   37.5000 2533.7761   11.5727
    0.0000   37.5000   37.5000 2557.9390   11.4193
    7.5000   37.5000   37.5000 2549.2292   11.4797
   -7.5000   45.0000   37.5000 2454.0449   12.2119
    0.0000   45.0000   37.5000 2477.0898   12.0234
    7.5000   45.0000   37.5000 2461.0337   12.0829
   -7.5000   52.5000   37.5000 2338.1304   12.9646
    0.0000   52.5000   37.5000 2362.7251   12.7713
    7.5000   52.5000   37.5000 2342.4722   12.8561
   -7.5000  -37.5000   45.0000 1852.9667   21.0464
    0.0000  -37.5000   45.0000 1864.5081   20.7767
    7.5000  -37.5000   45.0000 1857.3976   21.0730
   -7.5000  -30.0000   45.0000 1989.7728   18.2760
    0.0000  -30.0000   45.0000 2005.7041   18.0481
    7.5000  -30.0000   45.0000 1995.3885   18.2880
   -7.5000  -22.5000   45.0000 2113.3413   16.2155
    0.0000  -22.5000   45.0000 2135.2156   15.9778
    7.5000  -22.5000   45.0000 2115.3711   16.1729
   -7.5000  -15.0000   45.0000 2229.8057   14.6477
    0.0000  -15.0000   45.0000 2256.4128   14.4552
    7.5000  -15.0000   45.0000 2234.9756   14.5940
   -7.5000   -7.5000   45.0000 2338.1782   13.4779
    0.0000   -7.5000   45.0000 2367.2888   13.3004
    7.5000   -7.5000   45.0000 2345.0120   13.4285
   -7.5000    0.0000   45.0000 2430.3652   12.6681
    0.0000    0.0000   45.0000 2465.5444   12.4913
    7.5000    0.0000   45.0000 2442.4734   12.6043
   -7.5000    7.5000   45.0000 2501.7417   12.1317
    0.0000    7.5000   45.0000 2532.7246   11.9560
    7.5000    7.5000   45.0000 2510.0969   12.0774
   -7.5000   15.0000   45.0000 2534.0798   11.8524
    0.0000   15.0000   45.0000 2559.0117   11.6984
    7.5000   15.0000   45.0000 2541.7097   11.7960
   -7.5000   22.5000   45.0000 2533.4380   11.7960
    0.0000   22.5000   45.0000 2556.8020   11.6462
    7.5000   22.5000   45.0000 2544.1086   11.7354
   -7.5000   30.0000   45.0000 2502.2632   12.0010
    0.0000   30.0000   45.0000 2520.7605   11.8615
    7.5000   30.0000   45.0000 2510.5347   11.9279
   -7.5000   37.5000   45.0000 2445.2771   12.4258
    0.0000   37.5000   45.0000 2461.6702   12.2853
    7.5000   37.5000   45.0000 2452.4216   12.3395
   -7.5000   45.0000   45.0000 2365.6116   13.0238
    0.0000   45.0000   45.0000 2388.6384   12.8723
    7.5000   45.0000   45.0000 2375.3379   12.9181
   -7.5000   52.5000   45.0000 2259.1536   13.7592
    0.0000   52.5000   45.0000 2283.7185   13.5671
    7.5000   52.5000   45.0000 2263.7163   13.6472

---------------------------------------------------------------------
imgreg_4dfp /opt/freesurfer/average/711-2C_as_mni_average_305 /opt/freesurfer/average/711-2B_as_mni_average_305_mask talsrcimg_g11 none talsrcimg_to_711-2C_as_mni_average_305_t4 1283
---------------------------------------------------------------------

freesurfer imgreg_4dfp.c
/opt/freesurfer/average/711-2C_as_mni_average_305.4dfp.img
       256       256       256         1
  1.000000  1.000000  1.000000
orientation T byte_order littleendian
Reading image: /opt/freesurfer/average/711-2C_as_mni_average_305.4dfp.img
dimensions:      256       256       256
mmppix:       1.0000   -1.0000   -1.0000
center:     128.0000 -129.0000 -129.0000
/opt/freesurfer/average/711-2B_as_mni_average_305_mask.4dfp.img
       256       256       256         1
  1.000000  1.000000  1.000000
orientation T byte_order littleendian
Reading mask: /opt/freesurfer/average/711-2B_as_mni_average_305_mask.4dfp.img (2306576 pixels)
talsrcimg_g11.4dfp.img
       256       256       256         1
  1.000000  1.000000  1.000000
orientation T byte_order littleendian
Reading image: talsrcimg_g11.4dfp.img
dimensions:      256       256       256
mmppix:       1.0000   -1.0000   -1.0000
center:     128.0000 -129.0000 -129.0000
rotation matrix determinant  1.000000
fimgreg.f
image alignment mode   1283 decimal      503 hex
parameters
    0.0000   22.5000    0.0000    0.0000    0.0000    0.0000
eta,q 0.93723  8.92865
niter,ni,del,rscale     5    3   12.0000    1.2000
parameter  3 -0.587691 -> -0.500000 qaram    1.1500
parameter  4  2.143191 ->  0.500000 qaram    1.1500
parameter  6  0.568376 ->  0.500000 qaram    1.1500
parameters
    0.4414   19.8898    3.4500   -3.4500    0.0667   -3.4500
eta,q 0.94536  8.89397
  0.0766  0.0642  0.0696  0.0528  0.0618  0.0554
  0.0705  0.0611  0.0648  0.0549  0.0588  0.0547
  0.0658  0.0605  0.0617  0.0578  0.0565  0.0548
  0.0631  0.0627  0.0605  0.0595  0.0557  0.0557
  0.0639  0.0664  0.0601  0.0610  0.0566  0.0578
  0.0684  0.0709  0.0595  0.0649  0.0583  0.0604
  0.0734  0.0763  0.0592  0.0696  0.0617  0.0635
niter,ni,del,rscale     7    3   12.0000    1.2000
parameter  4  1.180107 ->  0.500000 qaram    1.3225
parameters
    0.2004   21.5485    2.9317   -7.4175    0.6242   -2.7015
eta,q 0.95075  8.86794
  0.0671  0.0709  0.0603  0.0507  0.0573  0.0572
  0.0604  0.0624  0.0569  0.0496  0.0538  0.0536
  0.0555  0.0566  0.0557  0.0510  0.0512  0.0509
  0.0546  0.0546  0.0551  0.0553  0.0496  0.0494
  0.0571  0.0554  0.0555  0.0582  0.0495  0.0496
  0.0623  0.0567  0.0583  0.0606  0.0519  0.0516
  0.0686  0.0583  0.0625  0.0652  0.0552  0.0546
niter,ni,del,rscale     7    3   12.0000    1.2000
parameters
   -0.1996   22.9634    2.3492   -9.9908    1.3486   -3.0486
eta,q 0.95212  8.86318
  0.0616  0.0655  0.0563  0.0531  0.0567  0.0549
  0.0551  0.0583  0.0528  0.0491  0.0526  0.0512
  0.0501  0.0524  0.0499  0.0481  0.0496  0.0486
  0.0493  0.0490  0.0484  0.0485  0.0481  0.0479
  0.0523  0.0486  0.0501  0.0530  0.0482  0.0495
  0.0581  0.0513  0.0542  0.0586  0.0502  0.0525
  0.0644  0.0551  0.0604  0.0621  0.0535  0.0560
niter,ni,del,rscale     6    3   12.0000    1.2000
parameters
   -0.4478   24.2483    1.4342  -12.3680    1.3975   -3.1175
eta,q 0.95320  8.91742
  0.0627  0.0625  0.0539  0.0506  0.0551  0.0544
  0.0552  0.0554  0.0505  0.0482  0.0498  0.0512
  0.0494  0.0505  0.0485  0.0467  0.0469  0.0484
  0.0479  0.0478  0.0474  0.0477  0.0468  0.0468
  0.0512  0.0477  0.0485  0.0498  0.0481  0.0479
  0.0577  0.0503  0.0529  0.0544  0.0503  0.0512
  0.0644  0.0535  0.0602  0.0600  0.0540  0.0550
niter,ni,del,rscale     5    3   12.0000    1.2000
parameters
   -0.3856   25.6801    0.6518  -14.6632    1.0326   -2.9748
eta,q 0.95602  8.96134
  0.0641  0.0600  0.0535  0.0500  0.0514  0.0525
  0.0561  0.0546  0.0488  0.0465  0.0466  0.0494
  0.0496  0.0495  0.0469  0.0440  0.0443  0.0464
  0.0468  0.0468  0.0468  0.0467  0.0442  0.0441
  0.0489  0.0471  0.0480  0.0493  0.0456  0.0444
  0.0556  0.0487  0.0513  0.0529  0.0483  0.0480
  0.0636  0.0518  0.0577  0.0575  0.0528  0.0530
niter,ni,del,rscale     4    3   12.0000    1.2000
parameters
   -0.1668   26.5696    0.0650  -15.3775    0.8986   -2.7961
eta,q 0.95714  8.95050
  0.0628  0.0590  0.0535  0.0528  0.0507  0.0517
  0.0545  0.0539  0.0470  0.0489  0.0461  0.0483
  0.0471  0.0476  0.0439  0.0438  0.0435  0.0451
  0.0440  0.0440  0.0439  0.0436  0.0429  0.0429
  0.0461  0.0448  0.0463  0.0476  0.0441  0.0434
  0.0526  0.0482  0.0504  0.0513  0.0467  0.0469
  0.0605  0.0531  0.0562  0.0556  0.0512  0.0519
niter,ni,del,rscale     3    3   12.0000    1.2000
parameters
   -0.1293   26.7520   -0.0722  -15.6017    0.8678   -2.7350
eta,q 0.95728  8.94978
  0.0608  0.0573  0.0553  0.0539  0.0507  0.0514
  0.0525  0.0516  0.0480  0.0499  0.0462  0.0479
  0.0454  0.0451  0.0437  0.0448  0.0435  0.0447
  0.0429  0.0429  0.0430  0.0429  0.0427  0.0427
  0.0457  0.0455  0.0453  0.0466  0.0438  0.0435
  0.0524  0.0500  0.0495  0.0506  0.0464  0.0470
  0.0600  0.0557  0.0552  0.0547  0.0508  0.0520
niter,ni,del,rscale     2    3   12.0000    1.2000
parameters
   -0.1114   26.8052   -0.1253  -15.6811    0.8512   -2.7163
eta,q 0.95733  8.94967
  0.0606  0.0569  0.0557  0.0542  0.0507  0.0513
  0.0522  0.0512  0.0483  0.0502  0.0462  0.0478
  0.0451  0.0446  0.0437  0.0452  0.0435  0.0446
  0.0427  0.0427  0.0428  0.0427  0.0427  0.0427
  0.0457  0.0457  0.0451  0.0462  0.0437  0.0435
  0.0524  0.0504  0.0494  0.0504  0.0463  0.0470
  0.0599  0.0563  0.0551  0.0544  0.0507  0.0520
niter,ni,del,rscale     1    3   12.0000    1.2000
parameters
   -0.1030   26.8203   -0.1479  -15.7128    0.8433   -2.7095
eta,q 0.95735  8.94976
  0.0605  0.0568  0.0558  0.0543  0.0507  0.0512
  0.0521  0.0510  0.0484  0.0503  0.0462  0.0478
  0.0450  0.0445  0.0437  0.0453  0.0435  0.0445
  0.0427  0.0427  0.0427  0.0427  0.0426  0.0426
  0.0457  0.0458  0.0450  0.0461  0.0436  0.0435
  0.0524  0.0505  0.0493  0.0503  0.0463  0.0470
  0.0599  0.0565  0.0550  0.0543  0.0507  0.0520
registration optimization eta report
parameter search radius
    6.0000    6.0000    6.9000    7.9350    6.0000    6.9000
100000*second partial in parameter space
       47.       37.       26.       17.       22.       18.
  0.0605  0.0568  0.0558  0.0543  0.0507  0.0512
  0.0521  0.0510  0.0484  0.0503  0.0462  0.0478
  0.0450  0.0445  0.0437  0.0453  0.0435  0.0445
  0.0427  0.0427  0.0427  0.0427  0.0426  0.0426
  0.0457  0.0458  0.0450  0.0461  0.0436  0.0435
  0.0524  0.0505  0.0493  0.0503  0.0463  0.0470
  0.0599  0.0565  0.0550  0.0543  0.0507  0.0520
   -0.1030   26.8203   -0.1479  -15.7128    0.8433   -2.7095
eta,q 0.95735  8.94976

---------------------------------------------------------------------
imgreg_4dfp /opt/freesurfer/average/711-2C_as_mni_average_305 /opt/freesurfer/average/711-2B_as_mni_average_305_mask talsrcimg_g11 none talsrcimg_to_711-2C_as_mni_average_305_t4 3335
---------------------------------------------------------------------

freesurfer imgreg_4dfp.c
/opt/freesurfer/average/711-2C_as_mni_average_305.4dfp.img
       256       256       256         1
  1.000000  1.000000  1.000000
orientation T byte_order littleendian
Reading image: /opt/freesurfer/average/711-2C_as_mni_average_305.4dfp.img
dimensions:      256       256       256
mmppix:       1.0000   -1.0000   -1.0000
center:     128.0000 -129.0000 -129.0000
/opt/freesurfer/average/711-2B_as_mni_average_305_mask.4dfp.img
       256       256       256         1
  1.000000  1.000000  1.000000
orientation T byte_order littleendian
Reading mask: /opt/freesurfer/average/711-2B_as_mni_average_305_mask.4dfp.img (2306576 pixels)
talsrcimg_g11.4dfp.img
       256       256       256         1
  1.000000  1.000000  1.000000
orientation T byte_order littleendian
Reading image: talsrcimg_g11.4dfp.img
dimensions:      256       256       256
mmppix:       1.0000   -1.0000   -1.0000
center:     128.0000 -129.0000 -129.0000
fimgreg.f
image alignment mode   3335 decimal      D07 hex
parameters
   -0.1030   26.8203   -0.1479   -0.1226   -3.8634   -3.7473
    4.9488   -0.1350   -4.7268   27.1183    1.4718  -27.0787
eta,q 0.95682  8.94329
niter,ni,del,rscale     5    3    5.0000    1.2000
parameter  4  1.434214 ->  0.500000 qaram    1.1500
parameter  5  2.528376 ->  0.500000 qaram    1.1500
parameter 10  0.720837 ->  0.500000 qaram    1.1500
parameters
   -0.1301   26.4792   -0.0275   -4.2626   -8.0034   -7.0574
    3.1303   -0.3094   -4.8742   22.9783   -0.7035  -26.1411
eta,q 0.96805  8.43711
  0.0460  0.0446  0.0450  0.0368  0.0315  0.0341  0.0351  0.0375  0.0354  0.0326  0.0325  0.0339
  0.0444  0.0436  0.0440  0.0379  0.0335  0.0338  0.0341  0.0355  0.0344  0.0320  0.0321  0.0329
  0.0434  0.0432  0.0434  0.0400  0.0358  0.0338  0.0336  0.0341  0.0338  0.0325  0.0320  0.0322
  0.0432  0.0432  0.0431  0.0431  0.0384  0.0341  0.0338  0.0336  0.0336  0.0336  0.0321  0.0320
  0.0435  0.0436  0.0432  0.0468  0.0414  0.0351  0.0345  0.0341  0.0339  0.0350  0.0324  0.0320
  0.0445  0.0445  0.0438  0.0511  0.0450  0.0372  0.0358  0.0356  0.0345  0.0369  0.0330  0.0324
  0.0461  0.0456  0.0447  0.0561  0.0487  0.0404  0.0377  0.0380  0.0356  0.0394  0.0338  0.0331
niter,ni,del,rscale     7    3    5.0000    1.2000
parameter  4  0.729016 ->  0.500000 qaram    1.3225
parameter  5  1.149937 ->  0.500000 qaram    1.3225
parameters
    0.1008   26.5202    0.1865   -9.0236  -12.7644   -9.2279
    3.2405   -0.4198   -4.8170   22.3099   -2.0823  -27.6563
eta,q 0.97292  7.97121
  0.0360  0.0344  0.0338  0.0300  0.0269  0.0282  0.0298  0.0305  0.0294  0.0308  0.0277  0.0279
  0.0339  0.0331  0.0328  0.0301  0.0272  0.0275  0.0284  0.0287  0.0282  0.0288  0.0273  0.0273
  0.0326  0.0323  0.0322  0.0306  0.0283  0.0272  0.0275  0.0275  0.0275  0.0276  0.0272  0.0271
  0.0319  0.0319  0.0319  0.0319  0.0302  0.0274  0.0272  0.0272  0.0272  0.0272  0.0272  0.0272
  0.0321  0.0321  0.0320  0.0345  0.0329  0.0280  0.0275  0.0276  0.0274  0.0279  0.0274  0.0275
  0.0331  0.0330  0.0324  0.0379  0.0359  0.0291  0.0283  0.0288  0.0282  0.0297  0.0277  0.0281
  0.0347  0.0343  0.0332  0.0422  0.0391  0.0304  0.0297  0.0307  0.0293  0.0322  0.0282  0.0290
niter,ni,del,rscale     7    3    5.0000    1.2000
parameters
    0.2948   26.2751   -0.0285  -12.1426  -16.7430   -9.5637
    3.1831   -0.3266   -4.7126   22.7386   -1.3130  -28.4239
eta,q 0.97378  7.66425
  0.0306  0.0292  0.0283  0.0280  0.0275  0.0282  0.0285  0.0299  0.0282  0.0306  0.0271  0.0273
  0.0288  0.0279  0.0275  0.0272  0.0266  0.0272  0.0273  0.0281  0.0272  0.0285  0.0267  0.0267
  0.0276  0.0272  0.0271  0.0269  0.0263  0.0265  0.0266  0.0268  0.0265  0.0270  0.0264  0.0263
  0.0271  0.0270  0.0270  0.0270  0.0269  0.0263  0.0263  0.0263  0.0263  0.0263  0.0263  0.0262
  0.0272  0.0276  0.0273  0.0279  0.0284  0.0266  0.0265  0.0266  0.0265  0.0266  0.0263  0.0265
  0.0281  0.0286  0.0279  0.0300  0.0311  0.0274  0.0273  0.0279  0.0271  0.0278  0.0265  0.0271
  0.0297  0.0302  0.0288  0.0335  0.0344  0.0287  0.0286  0.0298  0.0281  0.0298  0.0269  0.0278
niter,ni,del,rscale     6    3    5.0000    1.2000
parameters
    0.2277   26.2924    0.1279  -12.6754  -17.5137   -9.4202
    3.0369   -0.3035   -4.9146   23.0520   -1.1148  -28.3795
eta,q 0.97380  7.61518
  0.0289  0.0287  0.0279  0.0286  0.0290  0.0285  0.0284  0.0297  0.0280  0.0304  0.0270  0.0276
  0.0274  0.0273  0.0270  0.0270  0.0276  0.0273  0.0272  0.0280  0.0270  0.0283  0.0266  0.0268
  0.0265  0.0265  0.0264  0.0263  0.0266  0.0265  0.0265  0.0268  0.0264  0.0268  0.0263  0.0264
  0.0262  0.0262  0.0262  0.0262  0.0262  0.0262  0.0262  0.0262  0.0262  0.0262  0.0262  0.0262
  0.0266  0.0265  0.0263  0.0265  0.0267  0.0264  0.0265  0.0266  0.0265  0.0265  0.0263  0.0264
  0.0276  0.0274  0.0268  0.0273  0.0280  0.0272  0.0274  0.0279  0.0272  0.0278  0.0265  0.0268
  0.0292  0.0286  0.0275  0.0293  0.0305  0.0283  0.0286  0.0298  0.0282  0.0299  0.0270  0.0275
niter,ni,del,rscale     5    3    5.0000    1.2000
parameters
    0.1861   26.3368    0.2446  -12.7462  -17.6661   -9.2785
    3.0082   -0.2874   -4.9796   23.1471   -1.0710  -28.3208
eta,q 0.97381  7.61093
  0.0290  0.0287  0.0278  0.0288  0.0293  0.0284  0.0285  0.0297  0.0280  0.0302  0.0270  0.0276
  0.0274  0.0273  0.0269  0.0272  0.0278  0.0273  0.0273  0.0280  0.0271  0.0281  0.0266  0.0268
  0.0265  0.0265  0.0264  0.0263  0.0267  0.0265  0.0265  0.0268  0.0264  0.0267  0.0263  0.0264
  0.0262  0.0262  0.0262  0.0262  0.0262  0.0262  0.0262  0.0262  0.0262  0.0262  0.0262  0.0262
  0.0266  0.0265  0.0263  0.0265  0.0265  0.0264  0.0265  0.0266  0.0265  0.0266  0.0263  0.0264
  0.0276  0.0273  0.0268  0.0272  0.0276  0.0272  0.0273  0.0279  0.0271  0.0280  0.0265  0.0268
  0.0291  0.0285  0.0275  0.0289  0.0299  0.0283  0.0285  0.0298  0.0281  0.0300  0.0270  0.0275
niter,ni,del,rscale     4    3    5.0000    1.2000
parameters
    0.1858   26.3563    0.3047  -12.7544  -17.7118   -9.2035
    3.0053   -0.2722   -5.0011   23.1768   -1.0569  -28.2847
eta,q 0.97381  7.61122
  0.0291  0.0287  0.0277  0.0289  0.0294  0.0284  0.0285  0.0297  0.0281  0.0301  0.0270  0.0276
  0.0275  0.0273  0.0269  0.0272  0.0279  0.0273  0.0273  0.0280  0.0271  0.0281  0.0266  0.0268
  0.0265  0.0264  0.0264  0.0263  0.0268  0.0265  0.0265  0.0268  0.0264  0.0267  0.0263  0.0264
  0.0262  0.0262  0.0262  0.0262  0.0262  0.0262  0.0262  0.0262  0.0262  0.0262  0.0262  0.0262
  0.0265  0.0265  0.0264  0.0265  0.0265  0.0264  0.0265  0.0266  0.0264  0.0266  0.0263  0.0264
  0.0275  0.0273  0.0268  0.0272  0.0275  0.0272  0.0273  0.0279  0.0271  0.0280  0.0265  0.0268
  0.0290  0.0285  0.0275  0.0288  0.0298  0.0284  0.0285  0.0298  0.0281  0.0301  0.0270  0.0275
niter,ni,del,rscale     3    3    5.0000    1.2000
parameters
    0.1890   26.3640    0.3381  -12.7547  -17.7248   -9.1664
    3.0006   -0.2604   -5.0089   23.1914   -1.0515  -28.2561
eta,q 0.97381  7.61185
  0.0291  0.0286  0.0277  0.0289  0.0294  0.0284  0.0285  0.0297  0.0281  0.0301  0.0270  0.0276
  0.0275  0.0273  0.0269  0.0272  0.0279  0.0273  0.0273  0.0280  0.0271  0.0281  0.0266  0.0268
  0.0265  0.0264  0.0264  0.0263  0.0268  0.0265  0.0265  0.0268  0.0264  0.0267  0.0263  0.0264
  0.0262  0.0262  0.0262  0.0262  0.0262  0.0262  0.0262  0.0262  0.0262  0.0262  0.0262  0.0262
  0.0265  0.0265  0.0264  0.0265  0.0265  0.0264  0.0265  0.0266  0.0264  0.0266  0.0263  0.0264
  0.0275  0.0273  0.0268  0.0272  0.0275  0.0272  0.0273  0.0279  0.0271  0.0280  0.0266  0.0268
  0.0290  0.0285  0.0276  0.0288  0.0298  0.0284  0.0285  0.0298  0.0281  0.0301  0.0270  0.0275
niter,ni,del,rscale     2    3    5.0000    1.2000
parameters
    0.1897   26.3677    0.3527  -12.7574  -17.7311   -9.1499
    2.9976   -0.2561   -5.0154   23.1957   -1.0352  -28.2442
eta,q 0.97381  7.61195
  0.0291  0.0286  0.0276  0.0289  0.0294  0.0284  0.0285  0.0297  0.0281  0.0301  0.0270  0.0276
  0.0275  0.0273  0.0268  0.0272  0.0279  0.0273  0.0273  0.0280  0.0271  0.0281  0.0266  0.0268
  0.0265  0.0264  0.0264  0.0263  0.0268  0.0265  0.0265  0.0268  0.0264  0.0267  0.0263  0.0263
  0.0262  0.0262  0.0262  0.0262  0.0262  0.0262  0.0262  0.0262  0.0262  0.0262  0.0262  0.0262
  0.0265  0.0265  0.0264  0.0265  0.0265  0.0264  0.0265  0.0266  0.0264  0.0267  0.0263  0.0264
  0.0275  0.0273  0.0268  0.0272  0.0275  0.0272  0.0273  0.0279  0.0271  0.0280  0.0266  0.0268
  0.0290  0.0285  0.0276  0.0288  0.0298  0.0284  0.0285  0.0299  0.0281  0.0301  0.0270  0.0275
registration optimization eta report
parameter search radius
    2.4000    2.4000    2.4000    9.5220    9.5220    7.2000
    7.2000    7.2000    7.2000    8.2800    7.2000    7.2000
100000*second partial in parameter space
       50.       41.       25.        3.        4.        4.
        4.        7.        4.        6.        2.        3.
  0.0291  0.0286  0.0276  0.0289  0.0294  0.0284  0.0285  0.0297  0.0281  0.0301  0.0270  0.0276
  0.0275  0.0273  0.0268  0.0272  0.0279  0.0273  0.0273  0.0280  0.0271  0.0281  0.0266  0.0268
  0.0265  0.0264  0.0264  0.0263  0.0268  0.0265  0.0265  0.0268  0.0264  0.0267  0.0263  0.0263
  0.0262  0.0262  0.0262  0.0262  0.0262  0.0262  0.0262  0.0262  0.0262  0.0262  0.0262  0.0262
  0.0265  0.0265  0.0264  0.0265  0.0265  0.0264  0.0265  0.0266  0.0264  0.0267  0.0263  0.0264
  0.0275  0.0273  0.0268  0.0272  0.0275  0.0272  0.0273  0.0279  0.0271  0.0280  0.0266  0.0268
  0.0290  0.0285  0.0276  0.0288  0.0298  0.0284  0.0285  0.0299  0.0281  0.0301  0.0270  0.0275
    0.1897   26.3677    0.3527  -12.7574  -17.7311   -9.1499
    2.9976   -0.2561   -5.0154   23.1957   -1.0352  -28.2442
eta,q 0.97381  7.61195

---------------------------------------------------------------------
imgreg_4dfp /opt/freesurfer/average/711-2C_as_mni_average_305 /opt/freesurfer/average/711-2B_as_mni_average_305_mask talsrcimg_g11 none talsrcimg_to_711-2C_as_mni_average_305_t4 2311
---------------------------------------------------------------------

freesurfer imgreg_4dfp.c
/opt/freesurfer/average/711-2C_as_mni_average_305.4dfp.img
       256       256       256         1
  1.000000  1.000000  1.000000
orientation T byte_order littleendian
Reading image: /opt/freesurfer/average/711-2C_as_mni_average_305.4dfp.img
dimensions:      256       256       256
mmppix:       1.0000   -1.0000   -1.0000
center:     128.0000 -129.0000 -129.0000
/opt/freesurfer/average/711-2B_as_mni_average_305_mask.4dfp.img
       256       256       256         1
  1.000000  1.000000  1.000000
orientation T byte_order littleendian
Reading mask: /opt/freesurfer/average/711-2B_as_mni_average_305_mask.4dfp.img (2306576 pixels)
talsrcimg_g11.4dfp.img
       256       256       256         1
  1.000000  1.000000  1.000000
orientation T byte_order littleendian
Reading image: talsrcimg_g11.4dfp.img
dimensions:      256       256       256
mmppix:       1.0000   -1.0000   -1.0000
center:     128.0000 -129.0000 -129.0000
fimgreg.f
image alignment mode   2311 decimal      907 hex
parameters
    0.1897   26.3677    0.3527  -12.7574  -17.7311   -9.1499
    2.9976   -0.2561   -5.0154   23.1957   -1.0352  -28.2442
eta,q 0.97381  7.61195
niter,ni,del,rscale     5    3    5.0000    0.8000
parameters
    0.1876   26.3264    0.3358  -13.1224  -17.2108   -9.0921
    2.9268   -0.0789   -5.0201   23.1701   -0.8136  -28.0253
eta,q 0.97384  7.61555
  0.0275  0.0273  0.0268  0.0267  0.0273  0.0273  0.0272  0.0280  0.0270  0.0276  0.0266  0.0269
  0.0268  0.0266  0.0265  0.0263  0.0268  0.0267  0.0266  0.0271  0.0266  0.0268  0.0264  0.0265
  0.0263  0.0263  0.0263  0.0262  0.0264  0.0263  0.0263  0.0265  0.0263  0.0263  0.0262  0.0263
  0.0262  0.0262  0.0262  0.0262  0.0262  0.0262  0.0262  0.0262  0.0262  0.0262  0.0262  0.0262
  0.0263  0.0264  0.0263  0.0263  0.0262  0.0263  0.0263  0.0263  0.0263  0.0263  0.0262  0.0262
  0.0268  0.0268  0.0265  0.0265  0.0265  0.0266  0.0267  0.0269  0.0266  0.0268  0.0263  0.0264
  0.0275  0.0273  0.0269  0.0268  0.0269  0.0272  0.0273  0.0279  0.0270  0.0277  0.0265  0.0267
niter,ni,del,rscale     4    3    5.0000    0.7000
parameters
    0.2043   26.3015    0.3292  -13.1934  -17.1540   -9.1392
    2.8893   -0.0255   -5.0731   23.1316   -0.7251  -27.9726
eta,q 0.97385  7.61187
  0.0272  0.0270  0.0267  0.0266  0.0269  0.0270  0.0270  0.0276  0.0268  0.0273  0.0265  0.0267
  0.0266  0.0265  0.0264  0.0263  0.0265  0.0265  0.0265  0.0269  0.0265  0.0267  0.0263  0.0264
  0.0263  0.0262  0.0262  0.0262  0.0263  0.0263  0.0262  0.0264  0.0262  0.0263  0.0262  0.0262
  0.0262  0.0262  0.0262  0.0262  0.0262  0.0262  0.0262  0.0262  0.0262  0.0262  0.0262  0.0262
  0.0263  0.0263  0.0262  0.0262  0.0262  0.0262  0.0263  0.0263  0.0262  0.0263  0.0262  0.0262
  0.0266  0.0266  0.0264  0.0263  0.0265  0.0265  0.0266  0.0268  0.0265  0.0267  0.0263  0.0264
  0.0272  0.0271  0.0267  0.0265  0.0269  0.0270  0.0270  0.0276  0.0269  0.0273  0.0265  0.0266
niter,ni,del,rscale     3    3    5.0000    0.6000
parameters
    0.2084   26.2918    0.3151  -13.3524  -17.1723   -9.1658
    2.8627    0.0225   -5.0906   23.1367   -0.6301  -27.9577
eta,q 0.97385  7.60250
  0.0269  0.0268  0.0265  0.0264  0.0267  0.0268  0.0268  0.0272  0.0267  0.0270  0.0264  0.0265
  0.0265  0.0264  0.0263  0.0262  0.0264  0.0264  0.0264  0.0267  0.0264  0.0265  0.0263  0.0263
  0.0262  0.0262  0.0262  0.0261  0.0262  0.0262  0.0262  0.0263  0.0262  0.0262  0.0262  0.0262
  0.0262  0.0262  0.0262  0.0262  0.0261  0.0261  0.0261  0.0261  0.0261  0.0261  0.0261  0.0261
  0.0262  0.0262  0.0262  0.0262  0.0262  0.0262  0.0262  0.0262  0.0262  0.0262  0.0262  0.0262
  0.0265  0.0265  0.0263  0.0263  0.0264  0.0264  0.0265  0.0266  0.0264  0.0265  0.0262  0.0263
  0.0269  0.0268  0.0265  0.0264  0.0267  0.0268  0.0268  0.0272  0.0267  0.0270  0.0264  0.0265
niter,ni,del,rscale     2    3    5.0000    0.5000
parameters
    0.2058   26.2841    0.3073  -13.5168  -17.1957   -9.1688
    2.8398    0.0609   -5.1268   23.1497   -0.5652  -27.9545
eta,q 0.97385  7.59376
  0.0267  0.0266  0.0264  0.0263  0.0265  0.0266  0.0266  0.0269  0.0265  0.0267  0.0263  0.0264
  0.0264  0.0263  0.0263  0.0262  0.0263  0.0263  0.0264  0.0265  0.0263  0.0264  0.0262  0.0263
  0.0262  0.0262  0.0262  0.0261  0.0262  0.0262  0.0262  0.0262  0.0262  0.0262  0.0262  0.0262
  0.0261  0.0261  0.0261  0.0261  0.0261  0.0261  0.0261  0.0261  0.0261  0.0261  0.0261  0.0261
  0.0262  0.0262  0.0262  0.0262  0.0262  0.0262  0.0262  0.0262  0.0262  0.0262  0.0262  0.0262
  0.0264  0.0264  0.0263  0.0263  0.0263  0.0263  0.0264  0.0265  0.0263  0.0264  0.0262  0.0263
  0.0267  0.0266  0.0264  0.0264  0.0265  0.0266  0.0266  0.0269  0.0265  0.0267  0.0263  0.0264
niter,ni,del,rscale     1    3    5.0000    0.4000
parameters
    0.2017   26.2855    0.2995  -13.6754  -17.2202   -9.1725
    2.8198    0.0902   -5.1411   23.1681   -0.5121  -27.9580
eta,q 0.97386  7.58534
  0.0265  0.0264  0.0263  0.0263  0.0264  0.0264  0.0264  0.0266  0.0264  0.0265  0.0263  0.0263
  0.0263  0.0263  0.0262  0.0262  0.0263  0.0263  0.0263  0.0264  0.0262  0.0263  0.0262  0.0262
  0.0262  0.0262  0.0262  0.0261  0.0262  0.0262  0.0262  0.0262  0.0262  0.0262  0.0262  0.0262
  0.0261  0.0261  0.0261  0.0261  0.0261  0.0261  0.0261  0.0261  0.0261  0.0261  0.0261  0.0261
  0.0262  0.0262  0.0262  0.0262  0.0262  0.0262  0.0262  0.0262  0.0262  0.0262  0.0261  0.0262
  0.0263  0.0263  0.0262  0.0262  0.0263  0.0263  0.0263  0.0264  0.0262  0.0263  0.0262  0.0262
  0.0265  0.0264  0.0263  0.0263  0.0264  0.0264  0.0265  0.0266  0.0264  0.0265  0.0262  0.0263
registration optimization eta report
parameter search radius
    0.8000    0.8000    0.8000    2.4000    2.4000    2.4000
    2.4000    2.4000    2.4000    2.4000    2.4000    2.4000
100000*second partial in parameter space
       53.       46.       27.        2.        5.        5.
        5.        9.        4.        6.        2.        3.
  0.0265  0.0264  0.0263  0.0263  0.0264  0.0264  0.0264  0.0266  0.0264  0.0265  0.0263  0.0263
  0.0263  0.0263  0.0262  0.0262  0.0263  0.0263  0.0263  0.0264  0.0262  0.0263  0.0262  0.0262
  0.0262  0.0262  0.0262  0.0261  0.0262  0.0262  0.0262  0.0262  0.0262  0.0262  0.0262  0.0262
  0.0261  0.0261  0.0261  0.0261  0.0261  0.0261  0.0261  0.0261  0.0261  0.0261  0.0261  0.0261
  0.0262  0.0262  0.0262  0.0262  0.0262  0.0262  0.0262  0.0262  0.0262  0.0262  0.0261  0.0262
  0.0263  0.0263  0.0262  0.0262  0.0263  0.0263  0.0263  0.0264  0.0262  0.0263  0.0262  0.0262
  0.0265  0.0264  0.0263  0.0263  0.0264  0.0264  0.0265  0.0266  0.0264  0.0265  0.0262  0.0263
    0.2017   26.2855    0.2995  -13.6754  -17.2202   -9.1725
    2.8198    0.0902   -5.1411   23.1681   -0.5121  -27.9580
eta,q 0.97386  7.58534

---------------------------------------------------------------------
imgreg_4dfp /opt/freesurfer/average/711-2C_as_mni_average_305 /opt/freesurfer/average/711-2B_as_mni_average_305_mask talsrcimg_g11 none talsrcimg_to_711-2C_as_mni_average_305_t4 2311
---------------------------------------------------------------------

freesurfer imgreg_4dfp.c
/opt/freesurfer/average/711-2C_as_mni_average_305.4dfp.img
       256       256       256         1
  1.000000  1.000000  1.000000
orientation T byte_order littleendian
Reading image: /opt/freesurfer/average/711-2C_as_mni_average_305.4dfp.img
dimensions:      256       256       256
mmppix:       1.0000   -1.0000   -1.0000
center:     128.0000 -129.0000 -129.0000
/opt/freesurfer/average/711-2B_as_mni_average_305_mask.4dfp.img
       256       256       256         1
  1.000000  1.000000  1.000000
orientation T byte_order littleendian
Reading mask: /opt/freesurfer/average/711-2B_as_mni_average_305_mask.4dfp.img (2306576 pixels)
talsrcimg_g11.4dfp.img
       256       256       256         1
  1.000000  1.000000  1.000000
orientation T byte_order littleendian
Reading image: talsrcimg_g11.4dfp.img
dimensions:      256       256       256
mmppix:       1.0000   -1.0000   -1.0000
center:     128.0000 -129.0000 -129.0000
fimgreg.f
image alignment mode   2311 decimal      907 hex
parameters
    0.2017   26.2855    0.2995  -13.6754  -17.2202   -9.1725
    2.8198    0.0902   -5.1411   23.1681   -0.5121  -27.9580
eta,q 0.97386  7.58535
niter,ni,del,rscale     5    3    5.0000    0.8000
parameters
    0.2021   26.3085    0.3132  -13.2260  -17.1999   -9.2517
    2.8943   -0.0528   -5.1327   23.1238   -0.6756  -27.9603
eta,q 0.97385  7.60452
  0.0275  0.0273  0.0268  0.0269  0.0271  0.0272  0.0273  0.0279  0.0270  0.0276  0.0265  0.0268
  0.0267  0.0267  0.0264  0.0264  0.0266  0.0267  0.0267  0.0270  0.0266  0.0268  0.0263  0.0264
  0.0263  0.0263  0.0262  0.0262  0.0263  0.0263  0.0263  0.0264  0.0263  0.0263  0.0262  0.0262
  0.0261  0.0261  0.0261  0.0261  0.0262  0.0262  0.0262  0.0262  0.0262  0.0262  0.0262  0.0262
  0.0263  0.0263  0.0262  0.0262  0.0263  0.0263  0.0263  0.0264  0.0263  0.0263  0.0262  0.0262
  0.0267  0.0266  0.0264  0.0264  0.0266  0.0267  0.0266  0.0271  0.0266  0.0268  0.0264  0.0265
  0.0275  0.0272  0.0268  0.0266  0.0271  0.0273  0.0272  0.0281  0.0270  0.0277  0.0266  0.0268
niter,ni,del,rscale     4    3    5.0000    0.7000
parameters
    0.2021   26.2907    0.2946  -13.2734  -17.1641   -9.2278
    2.8776   -0.0257   -5.1073   23.1138   -0.6573  -27.9589
eta,q 0.97385  7.60430
  0.0272  0.0270  0.0267  0.0266  0.0269  0.0270  0.0270  0.0276  0.0269  0.0273  0.0265  0.0267
  0.0266  0.0265  0.0264  0.0263  0.0265  0.0266  0.0265  0.0268  0.0265  0.0267  0.0263  0.0264
  0.0263  0.0262  0.0262  0.0262  0.0263  0.0263  0.0262  0.0263  0.0262  0.0263  0.0262  0.0262
  0.0262  0.0262  0.0262  0.0262  0.0262  0.0261  0.0262  0.0262  0.0262  0.0262  0.0262  0.0261
  0.0263  0.0263  0.0262  0.0262  0.0262  0.0262  0.0262  0.0263  0.0262  0.0263  0.0262  0.0262
  0.0266  0.0266  0.0264  0.0263  0.0265  0.0265  0.0266  0.0268  0.0265  0.0267  0.0263  0.0264
  0.0272  0.0270  0.0267  0.0265  0.0269  0.0270  0.0270  0.0276  0.0268  0.0273  0.0265  0.0267
niter,ni,del,rscale     3    3    5.0000    0.6000
parameters
    0.2004   26.2836    0.2928  -13.3794  -17.1611   -9.2123
    2.8627    0.0137   -5.1125   23.1242   -0.6278  -27.9556
eta,q 0.97385  7.59995
  0.0269  0.0268  0.0265  0.0264  0.0267  0.0268  0.0268  0.0272  0.0267  0.0270  0.0264  0.0265
  0.0265  0.0264  0.0263  0.0262  0.0264  0.0264  0.0264  0.0267  0.0264  0.0265  0.0263  0.0263
  0.0262  0.0262  0.0262  0.0261  0.0262  0.0262  0.0262  0.0263  0.0262  0.0263  0.0262  0.0262
  0.0261  0.0261  0.0262  0.0262  0.0262  0.0262  0.0261  0.0261  0.0261  0.0261  0.0262  0.0261
  0.0262  0.0262  0.0262  0.0262  0.0262  0.0262  0.0262  0.0262  0.0262  0.0262  0.0262  0.0262
  0.0265  0.0265  0.0263  0.0263  0.0264  0.0264  0.0265  0.0266  0.0264  0.0265  0.0263  0.0263
  0.0269  0.0268  0.0265  0.0264  0.0267  0.0268  0.0268  0.0272  0.0267  0.0270  0.0264  0.0265
niter,ni,del,rscale     2    3    5.0000    0.5000
parameters
    0.2028   26.2822    0.2926  -13.5279  -17.1803   -9.1921
    2.8415    0.0601   -5.1350   23.1446   -0.5637  -27.9610
eta,q 0.97386  7.59313
  0.0267  0.0266  0.0264  0.0263  0.0265  0.0266  0.0266  0.0269  0.0265  0.0267  0.0263  0.0264
  0.0264  0.0263  0.0263  0.0262  0.0263  0.0264  0.0263  0.0265  0.0263  0.0264  0.0262  0.0263
  0.0262  0.0262  0.0262  0.0261  0.0262  0.0262  0.0262  0.0262  0.0262  0.0262  0.0262  0.0262
  0.0261  0.0261  0.0261  0.0261  0.0261  0.0261  0.0261  0.0261  0.0261  0.0261  0.0261  0.0261
  0.0262  0.0262  0.0262  0.0262  0.0262  0.0262  0.0262  0.0262  0.0262  0.0262  0.0262  0.0262
  0.0264  0.0264  0.0263  0.0263  0.0263  0.0263  0.0264  0.0265  0.0263  0.0264  0.0262  0.0263
  0.0267  0.0266  0.0264  0.0264  0.0265  0.0266  0.0266  0.0269  0.0265  0.0267  0.0263  0.0264
niter,ni,del,rscale     1    3    5.0000    0.4000
parameters
    0.2028   26.2837    0.2917  -13.6865  -17.2219   -9.1864
    2.8258    0.0908   -5.1321   23.1612   -0.5319  -27.9645
eta,q 0.97386  7.58426
  0.0265  0.0264  0.0263  0.0263  0.0264  0.0264  0.0264  0.0266  0.0264  0.0265  0.0263  0.0263
  0.0263  0.0263  0.0262  0.0262  0.0263  0.0263  0.0263  0.0264  0.0262  0.0263  0.0262  0.0262
  0.0262  0.0262  0.0262  0.0261  0.0262  0.0262  0.0262  0.0262  0.0262  0.0262  0.0262  0.0262
  0.0261  0.0261  0.0261  0.0261  0.0261  0.0261  0.0261  0.0261  0.0261  0.0261  0.0261  0.0261
  0.0262  0.0262  0.0262  0.0262  0.0262  0.0262  0.0262  0.0262  0.0262  0.0262  0.0262  0.0262
  0.0263  0.0263  0.0262  0.0262  0.0263  0.0263  0.0263  0.0264  0.0262  0.0263  0.0262  0.0262
  0.0265  0.0264  0.0263  0.0263  0.0264  0.0264  0.0264  0.0266  0.0264  0.0265  0.0263  0.0263
registration optimization eta report
parameter search radius
    0.8000    0.8000    0.8000    2.4000    2.4000    2.4000
    2.4000    2.4000    2.4000    2.4000    2.4000    2.4000
100000*second partial in parameter space
       53.       46.       27.        2.        5.        5.
        5.        9.        4.        6.        2.        3.
  0.0265  0.0264  0.0263  0.0263  0.0264  0.0264  0.0264  0.0266  0.0264  0.0265  0.0263  0.0263
  0.0263  0.0263  0.0262  0.0262  0.0263  0.0263  0.0263  0.0264  0.0262  0.0263  0.0262  0.0262
  0.0262  0.0262  0.0262  0.0261  0.0262  0.0262  0.0262  0.0262  0.0262  0.0262  0.0262  0.0262
  0.0261  0.0261  0.0261  0.0261  0.0261  0.0261  0.0261  0.0261  0.0261  0.0261  0.0261  0.0261
  0.0262  0.0262  0.0262  0.0262  0.0262  0.0262  0.0262  0.0262  0.0262  0.0262  0.0262  0.0262
  0.0263  0.0263  0.0262  0.0262  0.0263  0.0263  0.0263  0.0264  0.0262  0.0263  0.0262  0.0262
  0.0265  0.0264  0.0263  0.0263  0.0264  0.0264  0.0264  0.0266  0.0264  0.0265  0.0263  0.0263
    0.2028   26.2837    0.2917  -13.6865  -17.2219   -9.1864
    2.8258    0.0908   -5.1321   23.1612   -0.5319  -27.9645
eta,q 0.97386  7.58426

---------------------------------------------------------------------
compute_vox2vox talsrcimg talsrcimg_to_711-2C_as_mni_average_305_t4 /opt/freesurfer/average/711-2C_as_mni_average_305
---------------------------------------------------------------------

freesurfer compute_vox2vox.c
Reading: talsrcimg.4dfp.ifh
Reading: talsrcimg_to_711-2C_as_mni_average_305_t4
Reading: /opt/freesurfer/average/711-2C_as_mni_average_305.4dfp.ifh
Writing: talsrcimg_to_711-2C_as_mni_average_305_t4_vox2vox.txt

start time Fri Mar 6 23:25:29 CET 2026
end		time Fri Mar 6 23:26:55 CET 2026

mpr2mni305 success

avi2talxfm orig_nu.mgz /opt/freesurfer/average/mni305.cor.mgz talsrcimg_to_711-2C_as_mni_average_305_t4_vox2vox.txt transforms/talairach.auto.xfm
avi2talxfm done
mv -f /out/sourcedata/freesurfer/sub-v1s17x0051139_ses-1/mri/talsrcimg_to_711-2C_as_mni_average_305_t4_vox2vox.txt /out/sourcedata/freesurfer/sub-v1s17x0051139_ses-1/mri/transforms/talsrcimg_to_711-2C_as_mni_average_305_t4_vox2vox.txt
lta_convert --src orig_nu.mgz --trg /opt/freesurfer/average/mni305.cor.mgz --inxfm transforms/talairach.auto.xfm --outlta transforms/talairach.auto.xfm.lta --subject fsaverage
7.3.2

--src: orig_nu.mgz src image (geometry).
--trg: /opt/freesurfer/average/mni305.cor.mgz trg image (geometry).
--inmni: transforms/talairach.auto.xfm input MNI/XFM transform.
--outlta: transforms/talairach.auto.xfm.lta output LTA.
--s: fsaverage subject name
 LTA read, type : 1
 1.15644   0.00821  -0.03670  -0.20526;
 0.02656   1.01400   0.34165  -1.17757;
 0.06426  -0.28321   1.11018  -1.47377;
 0.00000   0.00000   0.00000   1.00000;
setting subject to fsaverage
Writing  LTA to file transforms/talairach.auto.xfm.lta...
lta_convert successful.
 
 
Started at Fri Mar 6 23:25:28 CET 2026
Ended   at Fri Mar  6 23:26:55 CET 2026
talairach_avi done
