status file for recon-all
Mon Feb 23 20:24:33 CET 2026
#@# Tessellate rh Mon Feb 23 20:24:33 CET 2026
#@# Smooth1 rh Mon Feb 23 20:24:38 CET 2026
#@# Inflation1 rh Mon Feb 23 20:24:40 CET 2026
#@# QSphere rh Mon Feb 23 20:24:55 CET 2026
#@# Fix Topology rh Mon Feb 23 20:26:16 CET 2026
#@# Smooth2 rh Mon Feb 23 20:31:40 CET 2026
#@# Inflation2 rh Mon Feb 23 20:31:44 CET 2026
#@# Curv .H and .K rh Mon Feb 23 20:32:00 CET 2026
#@# Sphere rh Mon Feb 23 20:32:43 CET 2026
#@# Surf Reg rh Mon Feb 23 20:36:28 CET 2026
#@# Jacobian white rh Mon Feb 23 20:41:20 CET 2026
#@# AvgCurv rh Mon Feb 23 20:41:21 CET 2026
#@# Cortical Parc rh Mon Feb 23 20:41:22 CET 2026
#@# white curv rh Mon Feb 23 20:47:16 CET 2026
#@# white area rh Mon Feb 23 20:47:18 CET 2026
#@# pial curv rh Mon Feb 23 20:47:19 CET 2026
#@# pial area rh Mon Feb 23 20:47:20 CET 2026
#@# thickness rh Mon Feb 23 20:47:21 CET 2026
#@# area and vertex vol rh Mon Feb 23 20:47:51 CET 2026
#@# Curvature Stats rh Mon Feb 23 20:47:53 CET 2026
#@# Cortical Parc 2 rh Mon Feb 23 20:47:55 CET 2026
#@# Cortical Parc 3 rh Mon Feb 23 20:48:09 CET 2026
#@# WM/GM Contrast rh Mon Feb 23 20:48:18 CET 2026
recon-all -s sub-v1s0x0050647_ses-1 finished without error at Mon Feb 23 20:48:21 CET 2026



#New# invocation of recon-all 



status file for recon-all
Mon Feb 23 20:57:52 CET 2026
#@# white curv rh Mon Feb 23 20:57:52 CET 2026
#@# white area rh Mon Feb 23 20:57:52 CET 2026
#@# pial curv rh Mon Feb 23 20:57:52 CET 2026
#@# pial area rh Mon Feb 23 20:57:52 CET 2026
#@# thickness rh Mon Feb 23 20:57:52 CET 2026
#@# area and vertex vol rh Mon Feb 23 20:57:52 CET 2026
#@# Parcellation Stats rh Mon Feb 23 20:57:52 CET 2026
#@# Parcellation Stats 2 rh Mon Feb 23 20:58:17 CET 2026
#@# Parcellation Stats 3 rh Mon Feb 23 20:58:29 CET 2026
#@# BA_exvivo Labels rh Mon Feb 23 20:58:40 CET 2026
recon-all -s sub-v1s0x0050647_ses-1 finished without error at Mon Feb 23 21:02:00 CET 2026
