/out/sourcedata/freesurfer/sub-v1s10x0051057_ses-1/mri
/opt/freesurfer/bin/talairach_avi
--i orig_nu.mgz --xfm transforms/talairach.auto.xfm
talairach_avi 7.3.2
Linux dna044 5.14.0-427.37.1.el9_4.x86_64 #1 SMP PREEMPT_DYNAMIC Fri Sep 13 12:41:50 EDT 2024 x86_64 x86_64 x86_64 GNU/Linux
Fri Mar  6 10:28:01 CET 2026
mri_convert orig_nu.mgz talsrcimg.img 
reading from orig_nu.mgz...
TR=0.00, TE=0.00, TI=0.00, flip angle=0.00
i_ras = (-1, 0, 0)
j_ras = (0, 0, -1)
k_ras = (0, 1, 0)
writing to talsrcimg.img...
Analyze Output Matrix
-1.00000   0.00000   0.00000   126.05018;
 0.00000   0.00000   1.00000  -128.00000;
 0.00000  -1.00000   0.00000   131.44579;
 0.00000   0.00000   0.00000   1.00000;
--------------------
INFO: set hdr.hist.orient to -1
mpr2mni305 talsrcimg
Fri Mar  6 10:28:02 CET 2026
/opt/freesurfer/bin/mpr2mni305 talsrcimg
mpr2mni305 7.3.2
target=711-2C_as_mni_average_305

---------------------------------------------------------------------
analyzeto4dfp talsrcimg -O0 -y
---------------------------------------------------------------------

freesurfer ifh2hdr.c
Fri Mar  6 10:28:02 2026
Writing: talsrcimg.4dfp.hdr
freesurfer analyzeto4dfp.c
Reading: talsrcimg.hdr
header size 348 bytes
hdr.dime.datatype	offset=70	value=2
hdr.dime.bitpix		offset=72	value=8
hdr.hist.orient		offset=252	value=-1
dimensionality     4
dimensions       256       256       256         1
Reading: talsrcimg.img
Writing: talsrcimg.4dfp.img
Writing: talsrcimg.4dfp.ifh
ifh2hdr talsrcimg -r0to225
ori=2

---------------------------------------------------------------------
gauss_4dfp talsrcimg 1.1
---------------------------------------------------------------------

freesurfer gauss_4dfp.c
Reading: talsrcimg.4dfp.img
Writing: talsrcimg_g11.4dfp.img
image dimensions 256 256 256 padded to 288 288 288
processing volume 1freesurfer ifh2hdr.c
Fri Mar  6 10:28:04 2026
Writing: talsrcimg_g11.4dfp.hdr

Writing: talsrcimg_g11.4dfp.ifh
including: talsrcimg.4dfp.img.rec in talsrcimg_g11.4dfp.img.rec

---------------------------------------------------------------------
imgreg_4dfp /opt/freesurfer/average/711-2C_as_mni_average_305 none talsrcimg_g11 none talsrcimg_to_711-2C_as_mni_average_305_t4 4355
---------------------------------------------------------------------

freesurfer imgreg_4dfp.c
/opt/freesurfer/average/711-2C_as_mni_average_305.4dfp.img
       256       256       256         1
  1.000000  1.000000  1.000000
orientation T byte_order littleendian
Reading image: /opt/freesurfer/average/711-2C_as_mni_average_305.4dfp.img
dimensions:      256       256       256
mmppix:       1.0000   -1.0000   -1.0000
center:     128.0000 -129.0000 -129.0000
talsrcimg_g11.4dfp.img
       256       256       256         1
  1.000000  1.000000  1.000000
orientation T byte_order littleendian
Reading image: talsrcimg_g11.4dfp.img
dimensions:      256       256       256
mmppix:       1.0000   -1.0000   -1.0000
center:     128.0000 -129.0000 -129.0000
t4_read: open error in t4_sub.f l:  41 t4_file(1:l)talsrcimg_to_711-2C_as_mni_average_305_t4 
t4_read: transform initialized to I4
rotation matrix determinant  1.000000
image alignment mode   4355 decimal     1103 hex
   -7.5000  -45.0000  -45.0000 8715.1738   16.3325
    0.0000  -45.0000  -45.0000 9162.9395   16.3140
    7.5000  -45.0000  -45.0000 8836.2852   16.3203
   -7.5000  -37.5000  -45.0000 9086.5205   16.3153
    0.0000  -37.5000  -45.0000 9566.1396   16.2990
    7.5000  -37.5000  -45.0000 9221.2793   16.3024
   -7.5000  -30.0000  -45.0000 9780.8301   16.3092
    0.0000  -30.0000  -45.000010278.5361   16.2957
    7.5000  -30.0000  -45.0000 9897.1084   16.2963
   -7.5000  -22.5000  -45.000010378.4160   16.3199
    0.0000  -22.5000  -45.000010930.9209   16.3080
    7.5000  -22.5000  -45.000010510.3623   16.3097
   -7.5000  -15.0000  -45.000010946.1973   16.3352
    0.0000  -15.0000  -45.000011508.4434   16.3215
    7.5000  -15.0000  -45.000011084.6211   16.3255
   -7.5000   -7.5000  -45.000011434.3906   16.3414
    0.0000   -7.5000  -45.000012017.2510   16.3240
    7.5000   -7.5000  -45.000011589.8887   16.3297
   -7.5000    0.0000  -45.000011818.1846   16.3323
    0.0000    0.0000  -45.000012438.6123   16.3138
    7.5000    0.0000  -45.000012013.0605   16.3200
   -7.5000    7.5000  -45.000011314.8311   16.3153
    0.0000    7.5000  -45.000011893.5625   16.2990
    7.5000    7.5000  -45.000011466.2627   16.3024
   -7.5000   15.0000  -45.000010597.5781   16.3092
    0.0000   15.0000  -45.000011126.9326   16.2957
    7.5000   15.0000  -45.000010697.4658   16.2963
   -7.5000   22.5000  -45.0000 9818.6191   16.3177
    0.0000   22.5000  -45.000010283.2266   16.3058
    7.5000   22.5000  -45.0000 9882.5654   16.3075
   -7.5000   30.0000  -45.0000 9017.2373   16.1175
    0.0000   30.0000  -45.0000 9457.0752   16.1040
    7.5000   30.0000  -45.0000 9084.3193   16.1079
   -7.5000   37.5000  -45.0000 8536.4434   16.1237
    0.0000   37.5000  -45.0000 8960.5186   16.1065
    7.5000   37.5000  -45.0000 8596.2832   16.1121
   -7.5000   45.0000  -45.0000 7647.3184   15.7130
    0.0000   45.0000  -45.0000 8020.5981   15.6952
    7.5000   45.0000  -45.0000 7691.3203   15.7013
   -7.5000  -45.0000  -37.5000 9274.5469   16.3297
    0.0000  -45.0000  -37.5000 9775.4395   16.3150
    7.5000  -45.0000  -37.5000 9400.1689   16.3252
   -7.5000  -37.5000  -37.5000 9677.0342   16.3109
    0.0000  -37.5000  -37.500010198.5732   16.2982
    7.5000  -37.5000  -37.5000 9799.4473   16.3045
   -7.5000  -30.0000  -37.500010385.2803   16.3002
    0.0000  -30.0000  -37.500010938.4912   16.2901
    7.5000  -30.0000  -37.500010500.5049   16.2920
   -7.5000  -22.5000  -37.500010987.2246   16.3081
    0.0000  -22.5000  -37.500011598.5518   16.2991
    7.5000  -22.5000  -37.500011108.3936   16.3015
   -7.5000  -15.0000  -37.500011566.7988   16.3242
    0.0000  -15.0000  -37.500012205.8828   16.3141
    7.5000  -15.0000  -37.500011720.2812   16.3203
   -7.5000   -7.5000  -37.500012053.6631   16.3349
    0.0000   -7.5000  -37.500012719.5479   16.3216
    7.5000   -7.5000  -37.500012239.7734   16.3313
   -7.5000    0.0000  -37.500012455.0908   16.3295
    0.0000    0.0000  -37.500013141.5537   16.3147
    7.5000    0.0000  -37.500012669.2109   16.3250
   -7.5000    7.5000  -37.500011893.0859   16.3109
    0.0000    7.5000  -37.500012545.0713   16.2982
    7.5000    7.5000  -37.500012071.2852   16.3045
   -7.5000   15.0000  -37.500011110.8164   16.3002
    0.0000   15.0000  -37.500011703.7109   16.2901
    7.5000   15.0000  -37.500011218.8154   16.2920
   -7.5000   22.5000  -37.500010229.6436   16.3058
    0.0000   22.5000  -37.500010765.9023   16.2968
    7.5000   22.5000  -37.500010323.3174   16.2992
   -7.5000   30.0000  -37.5000 9369.3994   16.1066
    0.0000   30.0000  -37.5000 9874.7910   16.0967
    7.5000   30.0000  -37.5000 9474.6279   16.1028
   -7.5000   37.5000  -37.5000 8864.5000   16.1173
    0.0000   37.5000  -37.5000 9327.4805   16.1041
    7.5000   37.5000  -37.5000 8973.1348   16.1137
   -7.5000   45.0000  -37.5000 7934.1870   15.7101
    0.0000   45.0000  -37.5000 8327.2695   15.6960
    7.5000   45.0000  -37.5000 8003.2988   15.7060
   -7.5000  -45.0000  -30.0000 9969.2070   17.0076
    0.0000  -45.0000  -30.000010529.5088   16.9933
    7.5000  -45.0000  -30.000010109.1504   17.0017
   -7.5000  -37.5000  -30.000010397.2061   16.9896
    0.0000  -37.5000  -30.000010973.8711   16.9786
    7.5000  -37.5000  -30.000010522.7764   16.9831
   -7.5000  -30.0000  -30.000011129.5479   16.9779
    0.0000  -30.0000  -30.000011751.7217   16.9683
    7.5000  -30.0000  -30.000011261.8428   16.9685
   -7.5000  -22.5000  -30.000011772.9785   16.9853
    0.0000  -22.5000  -30.000012459.0049   16.9736
    7.5000  -22.5000  -30.000011924.8545   16.9740
   -7.5000  -15.0000  -30.000012360.6045   17.0014
    0.0000  -15.0000  -30.000013099.7275   16.9875
    7.5000  -15.0000  -30.000012566.5781   16.9917
   -7.5000   -7.5000  -30.000012864.7666   17.0117
    0.0000   -7.5000  -30.000013630.6885   16.9965
    7.5000   -7.5000  -30.000013106.6270   17.0046
   -7.5000    0.0000  -30.000013283.8203   17.0074
    0.0000    0.0000  -30.000014063.8799   16.9930
    7.5000    0.0000  -30.000013525.4863   17.0015
   -7.5000    7.5000  -30.000012652.1680   16.9896
    0.0000    7.5000  -30.000013406.5020   16.9786
    7.5000    7.5000  -30.000012860.8154   16.9831
   -7.5000   15.0000  -30.000011814.2373   16.9779
    0.0000   15.0000  -30.000012503.7744   16.9683
    7.5000   15.0000  -30.000011953.2119   16.9685
   -7.5000   22.5000  -30.000010850.0254   16.9812
    0.0000   22.5000  -30.000011465.3076   16.9696
    7.5000   22.5000  -30.000010957.8428   16.9699
   -7.5000   30.0000  -30.0000 9925.5723   16.7764
    0.0000   30.0000  -30.000010460.3447   16.7627
    7.5000   30.0000  -30.000010020.8047   16.7668
   -7.5000   37.5000  -30.0000 9358.0361   16.7866
    0.0000   37.5000  -30.0000 9853.3252   16.7716
    7.5000   37.5000  -30.0000 9466.4316   16.7796
   -7.5000   45.0000  -30.0000 8366.9854   16.3744
    0.0000   45.0000  -30.0000 8777.2266   16.3607
    7.5000   45.0000  -30.0000 8424.8965   16.3689
   -7.5000  -45.0000  -22.500010659.8945   17.5611
    0.0000  -45.0000  -22.500011279.8877   17.5428
    7.5000  -45.0000  -22.500010815.8057   17.5421
   -7.5000  -37.5000  -22.500011080.8662   17.5449
    0.0000  -37.5000  -22.500011718.0508   17.5313
    7.5000  -37.5000  -22.500011238.8213   17.5291
   -7.5000  -30.0000  -22.500011839.9648   17.5358
    0.0000  -30.0000  -22.500012533.9453   17.5223
    7.5000  -30.0000  -22.500012010.3604   17.5190
   -7.5000  -22.5000  -22.500012530.9727   17.5450
    0.0000  -22.5000  -22.500013295.0859   17.5264
    7.5000  -22.5000  -22.500012703.6621   17.5236
   -7.5000  -15.0000  -22.500013157.8818   17.5608
    0.0000  -15.0000  -22.500013976.5400   17.5382
    7.5000  -15.0000  -22.500013374.1416   17.5365
   -7.5000   -7.5000  -22.500013692.7588   17.5675
    0.0000   -7.5000  -22.500014557.2646   17.5452
    7.5000   -7.5000  -22.500013938.1113   17.5445
   -7.5000    0.0000  -22.500014096.4258   17.5609
    0.0000    0.0000  -22.500014963.1650   17.5426
    7.5000    0.0000  -22.500014325.5400   17.5418
   -7.5000    7.5000  -22.500013380.5225   17.5449
    0.0000    7.5000  -22.500014196.6680   17.5313
    7.5000    7.5000  -22.500013575.8789   17.5291
   -7.5000   15.0000  -22.500012474.9355   17.5358
    0.0000   15.0000  -22.500013219.2969   17.5223
    7.5000   15.0000  -22.500012619.4824   17.5190
   -7.5000   22.5000  -22.500011450.2188   17.5396
    0.0000   22.5000  -22.500012111.9736   17.5210
    7.5000   22.5000  -22.500011562.7520   17.5182
   -7.5000   30.0000  -22.500010493.2227   17.3311
    0.0000   30.0000  -22.500011064.1914   17.3088
    7.5000   30.0000  -22.500010578.4990   17.3071
   -7.5000   37.5000  -22.5000 9866.2227   17.3377
    0.0000   37.5000  -22.500010394.9229   17.3158
    7.5000   37.5000  -22.5000 9958.4531   17.3150
   -7.5000   45.0000  -22.5000 8772.6504   16.9202
    0.0000   45.0000  -22.5000 9241.0889   16.9026
    7.5000   45.0000  -22.5000 8862.1338   16.9020
   -7.5000  -45.0000  -15.000011327.4531   17.9567
    0.0000  -45.0000  -15.000011992.7148   17.9325
    7.5000  -45.0000  -15.000011493.2266   17.9261
   -7.5000  -37.5000  -15.000011767.8779   17.9423
    0.0000  -37.5000  -15.000012435.0049   17.9229
    7.5000  -37.5000  -15.000011937.0488   17.9164
   -7.5000  -30.0000  -15.000012545.9150   17.9369
    0.0000  -30.0000  -15.000013279.4658   17.9176
    7.5000  -30.0000  -15.000012728.3799   17.9122
   -7.5000  -22.5000  -15.000013260.6348   17.9479
    0.0000  -22.5000  -15.000014061.2910   17.9238
    7.5000  -22.5000  -15.000013438.8477   17.9199
   -7.5000  -15.0000  -15.000013927.6992   17.9626
    0.0000  -15.0000  -15.000014784.8955   17.9340
    7.5000  -15.0000  -15.000014135.9980   17.9294
   -7.5000   -7.5000  -15.000014494.4443   17.9657
    0.0000   -7.5000  -15.000015397.0723   17.9371
    7.5000   -7.5000  -15.000014730.3574   17.9311
   -7.5000    0.0000  -15.000014889.8984   17.9565
    0.0000    0.0000  -15.000015789.8916   17.9323
    7.5000    0.0000  -15.000015095.1416   17.9259
   -7.5000    7.5000  -15.000014108.7705   17.9423
    0.0000    7.5000  -15.000014956.9199   17.9229
    7.5000    7.5000  -15.000014296.7100   17.9164
   -7.5000   15.0000  -15.000013139.3613   17.9369
    0.0000   15.0000  -15.000013923.2705   17.9176
    7.5000   15.0000  -15.000013304.1455   17.9122
   -7.5000   22.5000  -15.000012034.9561   17.9416
    0.0000   22.5000  -15.000012745.6719   17.9175
    7.5000   22.5000  -15.000012198.3799   17.9136
   -7.5000   30.0000  -15.000011034.1533   17.7301
    0.0000   30.0000  -15.000011654.8584   17.7019
    7.5000   30.0000  -15.000011165.3682   17.6973
   -7.5000   37.5000  -15.000010373.6094   17.7332
    0.0000   37.5000  -15.000010940.6133   17.7050
    7.5000   37.5000  -15.000010488.4639   17.6990
   -7.5000   45.0000  -15.0000 9198.7676   17.3120
    0.0000   45.0000  -15.0000 9692.7520   17.2887
    7.5000   45.0000  -15.0000 9293.0605   17.2826
   -7.5000  -45.0000   -7.500012001.0410   18.1728
    0.0000  -45.0000   -7.500012684.7842   18.1477
    7.5000  -45.0000   -7.500012204.0322   18.1466
   -7.5000  -37.5000   -7.500012475.8496   18.1576
    0.0000  -37.5000   -7.500013165.9629   18.1361
    7.5000  -37.5000   -7.500012666.8291   18.1335
   -7.5000  -30.0000   -7.500013315.9287   18.1540
    0.0000  -30.0000   -7.500014069.1250   18.1341
    7.5000  -30.0000   -7.500013515.7910   18.1310
   -7.5000  -22.5000   -7.500014064.5361   18.1664
    0.0000  -22.5000   -7.500014834.0615   18.1452
    7.5000  -22.5000   -7.500014242.3760   18.1437
   -7.5000  -15.0000   -7.500014773.0205   18.1810
    0.0000  -15.0000   -7.500015562.6973   18.1564
    7.5000  -15.0000   -7.500014935.5635   18.1555
   -7.5000   -7.5000   -7.500015333.8799   18.1835
    0.0000   -7.5000   -7.500016167.7236   18.1566
    7.5000   -7.5000   -7.500015517.6729   18.1555
   -7.5000    0.0000   -7.500015723.1914   18.1726
    0.0000    0.0000   -7.500016582.3633   18.1474
    7.5000    0.0000   -7.500015903.2090   18.1463
   -7.5000    7.5000   -7.500014881.7832   18.1576
    0.0000    7.5000   -7.500015697.0332   18.1361
    7.5000    7.5000   -7.500015054.3047   18.1335
   -7.5000   15.0000   -7.500013832.4414   18.1540
    0.0000   15.0000   -7.500014595.2061   18.1341
    7.5000   15.0000   -7.500014009.1221   18.1310
   -7.5000   22.5000   -7.500012695.3604   18.1580
    0.0000   22.5000   -7.500013413.3311   18.1368
    7.5000   22.5000   -7.500012885.3604   18.1354
   -7.5000   30.0000   -7.500011645.3203   17.9452
    0.0000   30.0000   -7.500012301.7256   17.9210
    7.5000   30.0000   -7.500011800.3262   17.9201
   -7.5000   37.5000   -7.500010923.8389   17.9477
    0.0000   37.5000   -7.500011535.8789   17.9212
    7.5000   37.5000   -7.500011064.1836   17.9201
   -7.5000   45.0000   -7.5000 9675.7197   17.5234
    0.0000   45.0000   -7.500010182.8213   17.4992
    7.5000   45.0000   -7.5000 9767.0137   17.4983
   -7.5000  -45.0000    0.000012607.7803   18.2428
    0.0000  -45.0000    0.000013235.8252   18.2221
    7.5000  -45.0000    0.000012766.1543   18.2291
   -7.5000  -37.5000    0.000013128.6572   18.2236
    0.0000  -37.5000    0.000013808.1807   18.2052
    7.5000  -37.5000    0.000013301.2627   18.2091
   -7.5000  -30.0000    0.000014092.9961   18.2165
    0.0000  -30.0000    0.000014869.5410   18.2012
    7.5000  -30.0000    0.000014317.6084   18.2020
   -7.5000  -22.5000    0.000014934.1484   18.2282
    0.0000  -22.5000    0.000015632.9385   18.2147
    7.5000  -22.5000    0.000015086.3555   18.2165
   -7.5000  -15.0000    0.000015614.1377   18.2452
    0.0000  -15.0000    0.000016290.2998   18.2297
    7.5000  -15.0000    0.000015719.9639   18.2342
   -7.5000   -7.5000    0.000016156.7129   18.2524
    0.0000   -7.5000    0.000016866.1758   18.2328
    7.5000   -7.5000    0.000016301.4863   18.2392
   -7.5000    0.0000    0.000016554.5391   18.2425
    0.0000    0.0000    0.000017281.8887   18.2218
    7.5000    0.0000    0.000016710.4004   18.2288
   -7.5000    7.5000    0.000015681.4258   18.2236
    0.0000    7.5000    0.000016361.4404   18.2052
    7.5000    7.5000    0.000015815.1299   18.2091
   -7.5000   15.0000    0.000014590.5332   18.2165
    0.0000   15.0000    0.000015242.0410   18.2012
    7.5000   15.0000    0.000014696.7227   18.2020
   -7.5000   22.5000    0.000013404.4600   18.2198
    0.0000   22.5000    0.000014077.7666   18.2063
    7.5000   22.5000    0.000013521.6973   18.2081
   -7.5000   30.0000    0.000012254.4053   18.0091
    0.0000   30.0000    0.000012919.5674   17.9938
    7.5000   30.0000    0.000012367.4541   17.9982
   -7.5000   37.5000    0.000011469.7803   18.0162
    0.0000   37.5000    0.000012097.0156   17.9969
    7.5000   37.5000    0.000011578.3418   18.0032
   -7.5000   45.0000    0.000010112.2607   17.5921
    0.0000   45.0000    0.000010621.7471   17.5721
    7.5000   45.0000    0.000010176.3252   17.5790
   -7.5000  -45.0000    7.500012208.4121   18.2700
    0.0000  -45.0000    7.500012765.3359   18.2535
    7.5000  -45.0000    7.500012326.8770   18.2649
   -7.5000  -37.5000    7.500012708.2119   18.2489
    0.0000  -37.5000    7.500013341.4385   18.2347
    7.5000  -37.5000    7.500012872.0098   18.2417
   -7.5000  -30.0000    7.500013732.3496   18.2368
    0.0000  -30.0000    7.500014405.6221   18.2256
    7.5000  -30.0000    7.500013914.8887   18.2278
   -7.5000  -22.5000    7.500014614.8770   18.2457
    0.0000  -22.5000    7.500015115.2891   18.2357
    7.5000  -22.5000    7.500014693.2939   18.2383
   -7.5000  -15.0000    7.500015285.0469   18.2638
    0.0000  -15.0000    7.500015699.8594   18.2526
    7.5000  -15.0000    7.500015305.9580   18.2594
   -7.5000   -7.5000    7.500015820.4619   18.2759
    0.0000   -7.5000    7.500016279.6826   18.2610
    7.5000   -7.5000    7.500015874.9912   18.2718
   -7.5000    0.0000    7.500016168.6494   18.2698
    0.0000    0.0000    7.500016722.5469   18.2533
    7.5000    0.0000    7.500016215.9785   18.2647
   -7.5000    7.5000    7.500015243.4873   18.2489
    0.0000    7.5000    7.500015834.3662   18.2347
    7.5000    7.5000    7.500015245.3623   18.2417
   -7.5000   15.0000    7.500014118.6670   18.2368
    0.0000   15.0000    7.500014721.5039   18.2256
    7.5000   15.0000    7.500014112.9131   18.2278
   -7.5000   22.5000    7.500012931.0811   18.2373
    0.0000   22.5000    7.500013585.2607   18.2273
    7.5000   22.5000    7.500012962.2402   18.2299
   -7.5000   30.0000    7.500011819.1699   18.0274
    0.0000   30.0000    7.500012449.3506   18.0163
    7.5000   30.0000    7.500011870.0781   18.0231
   -7.5000   37.5000    7.500011034.9590   18.0394
    0.0000   37.5000    7.500011612.0225   18.0247
    7.5000   37.5000    7.500011087.9375   18.0353
   -7.5000   45.0000    7.5000 9745.2256   17.6182
    0.0000   45.0000    7.500010192.5137   17.6024
    7.5000   45.0000    7.5000 9761.9805   17.6135
   -7.5000  -45.0000   15.000011638.5508   18.2749
    0.0000  -45.0000   15.000012136.4883   18.2596
    7.5000  -45.0000   15.000011785.9863   18.2686
   -7.5000  -37.5000   15.000012118.9268   18.2557
    0.0000  -37.5000   15.000012646.8408   18.2440
    7.5000  -37.5000   15.000012267.2266   18.2487
   -7.5000  -30.0000   15.000013063.7842   18.2431
    0.0000  -30.0000   15.000013628.7129   18.2330
    7.5000  -30.0000   15.000013151.9180   18.2331
   -7.5000  -22.5000   15.000013919.7295   18.2510
    0.0000  -22.5000   15.000014531.0176   18.2386
    7.5000  -22.5000   15.000013977.0117   18.2389
   -7.5000  -15.0000   15.000014647.5244   18.2683
    0.0000  -15.0000   15.000015361.3682   18.2534
    7.5000  -15.0000   15.000014712.1943   18.2579
   -7.5000   -7.5000   15.000015219.2354   18.2793
    0.0000   -7.5000   15.000015983.0479   18.2631
    7.5000   -7.5000   15.000015261.7305   18.2717
   -7.5000    0.0000   15.000015498.5371   18.2747
    0.0000    0.0000   15.000016237.7197   18.2594
    7.5000    0.0000   15.000015498.2988   18.2684
   -7.5000    7.5000   15.000014546.6250   18.2557
    0.0000    7.5000   15.000015208.9873   18.2440
    7.5000    7.5000   15.000014525.4160   18.2487
   -7.5000   15.0000   15.000013473.5127   18.2431
    0.0000   15.0000   15.000014045.9248   18.2330
    7.5000   15.0000   15.000013462.3945   18.2331
   -7.5000   22.5000   15.000012380.1748   18.2426
    0.0000   22.5000   15.000012913.3896   18.2302
    7.5000   22.5000   15.000012400.1592   18.2305
   -7.5000   30.0000   15.000011304.4111   18.0319
    0.0000   30.0000   15.000011797.1748   18.0172
    7.5000   30.0000   15.000011352.0879   18.0216
   -7.5000   37.5000   15.000010545.6387   18.0428
    0.0000   37.5000   15.000011007.4922   18.0267
    7.5000   37.5000   15.000010585.9961   18.0353
   -7.5000   45.0000   15.0000 9304.3555   17.6230
    0.0000   45.0000   15.0000 9706.3271   17.6083
    7.5000   45.0000   15.0000 9332.4775   17.6172
   -7.5000  -45.0000   22.500010967.9404   18.2849
    0.0000  -45.0000   22.500011521.1357   18.2659
    7.5000  -45.0000   22.500011122.9180   18.2650
   -7.5000  -37.5000   22.500011450.8359   18.2678
    0.0000  -37.5000   22.500012041.5762   18.2539
    7.5000  -37.5000   22.500011605.9668   18.2514
   -7.5000  -30.0000   22.500012347.2822   18.2582
    0.0000  -30.0000   22.500012923.2227   18.2444
    7.5000  -30.0000   22.500012441.9385   18.2409
   -7.5000  -22.5000   22.500013094.3398   18.2677
    0.0000  -22.5000   22.500013680.3213   18.2485
    7.5000  -22.5000   22.500013160.2383   18.2456
   -7.5000  -15.0000   22.500013755.1309   18.2843
    0.0000  -15.0000   22.500014395.6973   18.2609
    7.5000  -15.0000   22.500013851.1084   18.2590
   -7.5000   -7.5000   22.500014326.5283   18.2915
    0.0000   -7.5000   22.500015028.1807   18.2683
    7.5000   -7.5000   22.500014420.3623   18.2674
   -7.5000    0.0000   22.500014642.1289   18.2847
    0.0000    0.0000   22.500015353.6562   18.2656
    7.5000    0.0000   22.500014716.0840   18.2647
   -7.5000    7.5000   22.500013752.2812   18.2678
    0.0000    7.5000   22.500014398.0488   18.2539
    7.5000    7.5000   22.500013786.7695   18.2514
   -7.5000   15.0000   22.500012744.0459   18.2582
    0.0000   15.0000   22.500013351.6582   18.2444
    7.5000   15.0000   22.500012773.2793   18.2409
   -7.5000   22.5000   22.500011712.0840   18.2592
    0.0000   22.5000   22.500012246.2949   18.2401
    7.5000   22.5000   22.500011734.8232   18.2372
   -7.5000   30.0000   22.500010662.9170   18.0476
    0.0000   30.0000   22.500011113.1201   18.0245
    7.5000   30.0000   22.500010686.3945   18.0227
   -7.5000   37.5000   22.5000 9931.7236   18.0547
    0.0000   37.5000   22.500010322.9482   18.0319
    7.5000   37.5000   22.5000 9937.8018   18.0310
   -7.5000   45.0000   22.5000 8782.2139   17.6329
    0.0000   45.0000   22.5000 9113.8643   17.6146
    7.5000   45.0000   22.5000 8771.4297   17.6138
   -7.5000  -45.0000   30.000010183.7051   18.3183
    0.0000  -45.0000   30.000010741.6143   18.2934
    7.5000  -45.0000   30.000010344.6895   18.2865
   -7.5000  -37.5000   30.000010647.9443   18.3033
    0.0000  -37.5000   30.000011203.1055   18.2833
    7.5000  -37.5000   30.000010778.3496   18.2763
   -7.5000  -30.0000   30.000011433.4785   18.2973
    0.0000  -30.0000   30.000011984.5059   18.2777
    7.5000  -30.0000   30.000011529.4990   18.2717
   -7.5000  -22.5000   30.000012111.3672   18.3086
    0.0000  -22.5000   30.000012673.7764   18.2840
    7.5000  -22.5000   30.000012204.5859   18.2796
   -7.5000  -15.0000   30.000012717.3662   18.3239
    0.0000  -15.0000   30.000013325.5205   18.2946
    7.5000  -15.0000   30.000012834.4512   18.2894
   -7.5000   -7.5000   30.000013253.7412   18.3274
    0.0000   -7.5000   30.000013871.8486   18.2980
    7.5000   -7.5000   30.000013362.7744   18.2915
   -7.5000    0.0000   30.000013603.1006   18.3181
    0.0000    0.0000   30.000014227.5264   18.2932
    7.5000    0.0000   30.000013693.6152   18.2862
   -7.5000    7.5000   30.000012825.7090   18.3033
    0.0000    7.5000   30.000013409.6611   18.2833
    7.5000    7.5000   30.000012884.3115   18.2763
   -7.5000   15.0000   30.000011898.1738   18.2973
    0.0000   15.0000   30.000012427.1182   18.2777
    7.5000   15.0000   30.000011948.2637   18.2717
   -7.5000   22.5000   30.000010931.8809   18.3001
    0.0000   22.5000   30.000011411.7793   18.2756
    7.5000   22.5000   30.000010978.1748   18.2712
   -7.5000   30.0000   30.0000 9930.1650   18.0867
    0.0000   30.0000   30.000010354.3838   18.0578
    7.5000   30.0000   30.0000 9967.2188   18.0527
   -7.5000   37.5000   30.0000 9206.5293   18.0903
    0.0000   37.5000   30.0000 9586.4365   18.0612
    7.5000   37.5000   30.0000 9229.8662   18.0547
   -7.5000   45.0000   30.0000 8133.7866   17.6653
    0.0000   45.0000   30.0000 8442.5850   17.6413
    7.5000   45.0000   30.0000 8143.4844   17.6347
   -7.5000  -45.0000   37.5000 9749.6025   18.5933
    0.0000  -45.0000   37.500010316.7236   18.5677
    7.5000  -45.0000   37.5000 9911.7041   18.5663
   -7.5000  -37.5000   37.500010188.6787   18.5767
    0.0000  -37.5000   37.500010754.7891   18.5547
    7.5000  -37.5000   37.500010323.0654   18.5517
   -7.5000  -30.0000   37.500010928.7188   18.5721
    0.0000  -30.0000   37.500011495.1611   18.5519
    7.5000  -30.0000   37.500011056.6826   18.5481
   -7.5000  -22.5000   37.500011583.0088   18.5854
    0.0000  -22.5000   37.500012153.6543   18.5638
    7.5000  -22.5000   37.500011701.8223   18.5617
   -7.5000  -15.0000   37.500012159.2529   18.6015
    0.0000  -15.0000   37.500012766.5098   18.5765
    7.5000  -15.0000   37.500012283.5332   18.5749
   -7.5000   -7.5000   37.500012689.0273   18.6048
    0.0000   -7.5000   37.500013307.7920   18.5772
    7.5000   -7.5000   37.500012801.8027   18.5756
   -7.5000    0.0000   37.500013058.1855   18.5931
    0.0000    0.0000   37.500013677.2930   18.5675
    7.5000    0.0000   37.500013155.4648   18.5660
   -7.5000    7.5000   37.500012319.8945   18.5767
    0.0000    7.5000   37.500012894.1543   18.5547
    7.5000    7.5000   37.500012408.3066   18.5517
   -7.5000   15.0000   37.500011444.7432   18.5721
    0.0000   15.0000   37.500011977.4375   18.5519
    7.5000   15.0000   37.500011527.7676   18.5481
   -7.5000   22.5000   37.500010514.8789   18.5768
    0.0000   22.5000   37.500011015.1953   18.5553
    7.5000   22.5000   37.500010592.1660   18.5532
   -7.5000   30.0000   37.5000 9549.4141   18.3608
    0.0000   30.0000   37.500010000.7109   18.3360
    7.5000   30.0000   37.5000 9620.6914   18.3345
   -7.5000   37.5000   37.5000 8844.1504   18.3640
    0.0000   37.5000   37.5000 9241.3076   18.3368
    7.5000   37.5000   37.5000 8909.3730   18.3352
   -7.5000   45.0000   37.5000 7822.6343   17.9290
    0.0000   45.0000   37.5000 8132.4097   17.9043
    7.5000   45.0000   37.5000 7846.0259   17.9030
   -7.5000  -45.0000   45.0000 8892.0791   18.9026
    0.0000  -45.0000   45.0000 9415.1348   18.8785
    7.5000  -45.0000   45.0000 9047.2100   18.8831
   -7.5000  -37.5000   45.0000 9293.2080   18.8801
    0.0000  -37.5000   45.0000 9822.3633   18.8588
    7.5000  -37.5000   45.0000 9432.1084   18.8599
   -7.5000  -30.0000   45.0000 9979.8467   18.8705
    0.0000  -30.0000   45.000010509.5625   18.8526
    7.5000  -30.0000   45.000010111.7432   18.8507
   -7.5000  -22.5000   45.000010572.4834   18.8831
    0.0000  -22.5000   45.000011123.3857   18.8670
    7.5000  -22.5000   45.000010716.8115   18.8667
   -7.5000  -15.0000   45.000011084.6914   18.9031
    0.0000  -15.0000   45.000011644.3418   18.8845
    7.5000  -15.0000   45.000011234.0820   18.8873
   -7.5000   -7.5000   45.000011575.5576   18.9126
    0.0000   -7.5000   45.000012127.9570   18.8896
    7.5000   -7.5000   45.000011698.4150   18.8940
   -7.5000    0.0000   45.000011929.7490   18.9023
    0.0000    0.0000   45.000012524.8281   18.8782
    7.5000    0.0000   45.000012063.8496   18.8828
   -7.5000    7.5000   45.000011276.0312   18.8801
    0.0000    7.5000   45.000011808.4473   18.8588
    7.5000    7.5000   45.000011374.3545   18.8599
   -7.5000   15.0000   45.000010501.0986   18.8705
    0.0000   15.0000   45.000010993.4160   18.8526
    7.5000   15.0000   45.000010594.0098   18.8507
   -7.5000   22.5000   45.0000 9663.5674   18.8743
    0.0000   22.5000   45.000010110.6416   18.8582
    7.5000   22.5000   45.0000 9736.6816   18.8580
   -7.5000   30.0000   45.0000 8785.3477   18.6568
    0.0000   30.0000   45.0000 9178.1709   18.6385
    7.5000   30.0000   45.0000 8843.2559   18.6412
   -7.5000   37.5000   45.0000 8147.3052   18.6663
    0.0000   37.5000   45.0000 8500.9961   18.6435
    7.5000   37.5000   45.0000 8204.5439   18.6478
   -7.5000   45.0000   45.0000 7193.7515   18.2339
    0.0000   45.0000   45.0000 7515.0635   18.2106
    7.5000   45.0000   45.0000 7236.5742   18.2151

---------------------------------------------------------------------
imgreg_4dfp /opt/freesurfer/average/711-2C_as_mni_average_305 /opt/freesurfer/average/711-2B_as_mni_average_305_mask talsrcimg_g11 none talsrcimg_to_711-2C_as_mni_average_305_t4 4355
---------------------------------------------------------------------

freesurfer imgreg_4dfp.c
/opt/freesurfer/average/711-2C_as_mni_average_305.4dfp.img
       256       256       256         1
  1.000000  1.000000  1.000000
orientation T byte_order littleendian
Reading image: /opt/freesurfer/average/711-2C_as_mni_average_305.4dfp.img
dimensions:      256       256       256
mmppix:       1.0000   -1.0000   -1.0000
center:     128.0000 -129.0000 -129.0000
/opt/freesurfer/average/711-2B_as_mni_average_305_mask.4dfp.img
       256       256       256         1
  1.000000  1.000000  1.000000
orientation T byte_order littleendian
Reading mask: /opt/freesurfer/average/711-2B_as_mni_average_305_mask.4dfp.img (2306576 pixels)
talsrcimg_g11.4dfp.img
       256       256       256         1
  1.000000  1.000000  1.000000
orientation T byte_order littleendian
Reading image: talsrcimg_g11.4dfp.img
dimensions:      256       256       256
mmppix:       1.0000   -1.0000   -1.0000
center:     128.0000 -129.0000 -129.0000
rotation matrix determinant  1.000000
image alignment mode   4355 decimal     1103 hex
   -7.5000  -45.0000  -45.0000 2169.8074   15.7773
    0.0000  -45.0000  -45.0000 2183.9148   15.6362
    7.5000  -45.0000  -45.0000 2181.0979   15.7053
   -7.5000  -37.5000  -45.0000 2224.0630   14.7896
    0.0000  -37.5000  -45.0000 2241.9858   14.6279
    7.5000  -37.5000  -45.0000 2241.5405   14.6749
   -7.5000  -30.0000  -45.0000 2263.8389   14.1326
    0.0000  -30.0000  -45.0000 2282.5278   13.9609
    7.5000  -30.0000  -45.0000 2278.5779   14.0035
   -7.5000  -22.5000  -45.0000 2284.3022   13.7898
    0.0000  -22.5000  -45.0000 2306.8547   13.5681
    7.5000  -22.5000  -45.0000 2302.2693   13.6263
   -7.5000  -15.0000  -45.0000 2291.2834   13.6926
    0.0000  -15.0000  -45.0000 2313.5042   13.4847
    7.5000  -15.0000  -45.0000 2311.0911   13.5349
   -7.5000   -7.5000  -45.0000 2270.6121   13.9824
    0.0000   -7.5000  -45.0000 2297.9863   13.7443
    7.5000   -7.5000  -45.0000 2292.6357   13.7748
   -7.5000    0.0000  -45.0000 2223.4575   14.5133
    0.0000    0.0000  -45.0000 2253.8123   14.2585
    7.5000    0.0000  -45.0000 2253.8406   14.2929
   -7.5000    7.5000  -45.0000 2158.9155   15.3282
    0.0000    7.5000  -45.0000 2188.0559   15.0609
    7.5000    7.5000  -45.0000 2184.5701   15.0911
   -7.5000   15.0000  -45.0000 2073.7139   16.5329
    0.0000   15.0000  -45.0000 2103.6270   16.2048
    7.5000   15.0000  -45.0000 2096.0339   16.2973
   -7.5000   22.5000  -45.0000 1973.7594   18.2656
    0.0000   22.5000  -45.0000 1996.1758   17.8895
    7.5000   22.5000  -45.0000 1992.8412   18.0029
   -7.5000   30.0000  -45.0000 1856.1493   20.6384
    0.0000   30.0000  -45.0000 1877.7323   20.2533
    7.5000   30.0000  -45.0000 1877.1062   20.3324
   -7.5000   37.5000  -45.0000 1733.0575   23.9233
    0.0000   37.5000  -45.0000 1756.7001   23.4482
    7.5000   37.5000  -45.0000 1751.6395   23.5789
   -7.5000   45.0000  -45.0000 1604.3555   28.3828
    0.0000   45.0000  -45.0000 1621.3954   27.8556
    7.5000   45.0000  -45.0000 1617.2709   27.8915
   -7.5000  -45.0000  -37.5000 2260.5300   14.6540
    0.0000  -45.0000  -37.5000 2273.8989   14.5114
    7.5000  -45.0000  -37.5000 2269.2822   14.5872
   -7.5000  -37.5000  -37.5000 2319.6255   13.7345
    0.0000  -37.5000  -37.5000 2336.9968   13.6065
    7.5000  -37.5000  -37.5000 2332.0811   13.6485
   -7.5000  -30.0000  -37.5000 2362.0166   13.1322
    0.0000  -30.0000  -37.5000 2381.0393   12.9842
    7.5000  -30.0000  -37.5000 2374.6804   13.0206
   -7.5000  -22.5000  -37.5000 2384.0137   12.7910
    0.0000  -22.5000  -37.5000 2409.7476   12.6275
    7.5000  -22.5000  -37.5000 2398.6812   12.6652
   -7.5000  -15.0000  -37.5000 2389.9246   12.7407
    0.0000  -15.0000  -37.5000 2418.7876   12.5499
    7.5000  -15.0000  -37.5000 2414.2810   12.5824
   -7.5000   -7.5000  -37.5000 2365.1658   12.9787
    0.0000   -7.5000  -37.5000 2401.7981   12.7699
    7.5000   -7.5000  -37.5000 2395.3669   12.7979
   -7.5000    0.0000  -37.5000 2318.0793   13.4957
    0.0000    0.0000  -37.5000 2355.1829   13.2643
    7.5000    0.0000  -37.5000 2352.4910   13.2829
   -7.5000    7.5000  -37.5000 2247.0256   14.2662
    0.0000    7.5000  -37.5000 2280.3828   14.0218
    7.5000    7.5000  -37.5000 2277.9541   14.0415
   -7.5000   15.0000  -37.5000 2156.3728   15.3773
    0.0000   15.0000  -37.5000 2184.5640   15.0928
    7.5000   15.0000  -37.5000 2179.0227   15.1575
   -7.5000   22.5000  -37.5000 2050.7485   16.9351
    0.0000   22.5000  -37.5000 2070.0403   16.6468
    7.5000   22.5000  -37.5000 2070.1460   16.6924
   -7.5000   30.0000  -37.5000 1925.1376   19.0744
    0.0000   30.0000  -37.5000 1950.2745   18.7529
    7.5000   30.0000  -37.5000 1950.2294   18.8216
   -7.5000   37.5000  -37.5000 1797.4377   22.0137
    0.0000   37.5000  -37.5000 1823.8744   21.6161
    7.5000   37.5000  -37.5000 1822.6814   21.7209
   -7.5000   45.0000  -37.5000 1657.6660   26.0234
    0.0000   45.0000  -37.5000 1676.0585   25.5780
    7.5000   45.0000  -37.5000 1676.0178   25.6705
   -7.5000  -45.0000  -30.0000 2374.6343   14.0867
    0.0000  -45.0000  -30.0000 2395.7585   13.9748
    7.5000  -45.0000  -30.0000 2389.2766   14.0085
   -7.5000  -37.5000  -30.0000 2450.4160   13.1974
    0.0000  -37.5000  -30.0000 2474.2776   13.0573
    7.5000  -37.5000  -30.0000 2464.9241   13.0957
   -7.5000  -30.0000  -30.0000 2502.0369   12.6198
    0.0000  -30.0000  -30.0000 2529.5396   12.4658
    7.5000  -30.0000  -30.0000 2518.2625   12.5042
   -7.5000  -22.5000  -30.0000 2533.4336   12.2889
    0.0000  -22.5000  -30.0000 2560.7549   12.1599
    7.5000  -22.5000  -30.0000 2551.0295   12.1914
   -7.5000  -15.0000  -30.0000 2536.9612   12.2815
    0.0000  -15.0000  -30.0000 2570.2561   12.1238
    7.5000  -15.0000  -30.0000 2564.8628   12.1530
   -7.5000   -7.5000  -30.0000 2509.7568   12.5254
    0.0000   -7.5000  -30.0000 2545.9958   12.3326
    7.5000   -7.5000  -30.0000 2544.2300   12.3578
   -7.5000    0.0000  -30.0000 2458.1516   13.0184
    0.0000    0.0000  -30.0000 2497.0549   12.8164
    7.5000    0.0000  -30.0000 2494.2498   12.8160
   -7.5000    7.5000  -30.0000 2379.7151   13.7608
    0.0000    7.5000  -30.0000 2417.9795   13.5471
    7.5000    7.5000  -30.0000 2413.8381   13.5576
   -7.5000   15.0000  -30.0000 2278.6790   14.8100
    0.0000   15.0000  -30.0000 2310.8184   14.5655
    7.5000   15.0000  -30.0000 2305.3418   14.5901
   -7.5000   22.5000  -30.0000 2161.0889   16.3021
    0.0000   22.5000  -30.0000 2188.4800   16.0175
    7.5000   22.5000  -30.0000 2185.7524   16.0369
   -7.5000   30.0000  -30.0000 2032.4690   18.3378
    0.0000   30.0000  -30.0000 2053.3831   18.0539
    7.5000   30.0000  -30.0000 2053.2937   18.1081
   -7.5000   37.5000  -30.0000 1896.6689   21.0945
    0.0000   37.5000  -30.0000 1917.9913   20.7131
    7.5000   37.5000  -30.0000 1915.5063   20.8068
   -7.5000   45.0000  -30.0000 1748.4279   24.8234
    0.0000   45.0000  -30.0000 1764.1221   24.3404
    7.5000   45.0000  -30.0000 1761.9327   24.5564
   -7.5000  -45.0000  -22.5000 2465.2102   13.4439
    0.0000  -45.0000  -22.5000 2491.3240   13.3272
    7.5000  -45.0000  -22.5000 2482.3225   13.3349
   -7.5000  -37.5000  -22.5000 2550.5413   12.5732
    0.0000  -37.5000  -22.5000 2575.2390   12.4446
    7.5000  -37.5000  -22.5000 2570.6199   12.4752
   -7.5000  -30.0000  -22.5000 2612.7234   12.0171
    0.0000  -30.0000  -22.5000 2644.9182   11.8715
    7.5000  -30.0000  -22.5000 2636.4224   11.9093
   -7.5000  -22.5000  -22.5000 2654.7925   11.7183
    0.0000  -22.5000  -22.5000 2691.6245   11.5834
    7.5000  -22.5000  -22.5000 2674.8535   11.6089
   -7.5000  -15.0000  -22.5000 2660.9844   11.7459
    0.0000  -15.0000  -22.5000 2700.4646   11.5787
    7.5000  -15.0000  -22.5000 2688.3438   11.5984
   -7.5000   -7.5000  -22.5000 2633.5493   11.9851
    0.0000   -7.5000  -22.5000 2675.6365   11.8086
    7.5000   -7.5000  -22.5000 2667.6875   11.8310
   -7.5000    0.0000  -22.5000 2576.1936   12.4383
    0.0000    0.0000  -22.5000 2619.7312   12.2605
    7.5000    0.0000  -22.5000 2611.9431   12.2610
   -7.5000    7.5000  -22.5000 2485.8376   13.1650
    0.0000    7.5000  -22.5000 2527.7380   12.9610
    7.5000    7.5000  -22.5000 2519.7629   12.9578
   -7.5000   15.0000  -22.5000 2375.8167   14.1698
    0.0000   15.0000  -22.5000 2410.8606   13.9507
    7.5000   15.0000  -22.5000 2405.5383   13.9486
   -7.5000   22.5000  -22.5000 2250.8425   15.5986
    0.0000   22.5000  -22.5000 2282.8049   15.3169
    7.5000   22.5000  -22.5000 2278.7246   15.3339
   -7.5000   30.0000  -22.5000 2114.2021   17.4965
    0.0000   30.0000  -22.5000 2138.9424   17.2175
    7.5000   30.0000  -22.5000 2135.2544   17.2426
   -7.5000   37.5000  -22.5000 1967.0197   20.1061
    0.0000   37.5000  -22.5000 1991.1785   19.7835
    7.5000   37.5000  -22.5000 1987.6158   19.7812
   -7.5000   45.0000  -22.5000 1811.2208   23.5443
    0.0000   45.0000  -22.5000 1835.5918   23.1474
    7.5000   45.0000  -22.5000 1831.2749   23.1683
   -7.5000  -45.0000  -15.0000 2522.7258   12.8759
    0.0000  -45.0000  -15.0000 2552.7422   12.7111
    7.5000  -45.0000  -15.0000 2544.9854   12.7348
   -7.5000  -37.5000  -15.0000 2622.3467   12.0166
    0.0000  -37.5000  -15.0000 2648.8425   11.8613
    7.5000  -37.5000  -15.0000 2644.7410   11.8777
   -7.5000  -30.0000  -15.0000 2692.3237   11.4685
    0.0000  -30.0000  -15.0000 2730.1731   11.3149
    7.5000  -30.0000  -15.0000 2721.7727   11.3385
   -7.5000  -22.5000  -15.0000 2742.2039   11.1962
    0.0000  -22.5000  -15.0000 2789.4812   11.0223
    7.5000  -22.5000  -15.0000 2769.7812   11.0457
   -7.5000  -15.0000  -15.0000 2754.1689   11.2161
    0.0000  -15.0000  -15.0000 2802.9717   11.0400
    7.5000  -15.0000  -15.0000 2788.1106   11.0638
   -7.5000   -7.5000  -15.0000 2723.7095   11.4560
    0.0000   -7.5000  -15.0000 2773.8774   11.2840
    7.5000   -7.5000  -15.0000 2765.7102   11.2898
   -7.5000    0.0000  -15.0000 2657.9050   11.9273
    0.0000    0.0000  -15.0000 2708.9214   11.7193
    7.5000    0.0000  -15.0000 2699.4883   11.7265
   -7.5000    7.5000  -15.0000 2564.6719   12.5833
    0.0000    7.5000  -15.0000 2607.7119   12.3837
    7.5000    7.5000  -15.0000 2601.7874   12.3821
   -7.5000   15.0000  -15.0000 2442.4099   13.5654
    0.0000   15.0000  -15.0000 2480.9360   13.3426
    7.5000   15.0000  -15.0000 2477.8550   13.3563
   -7.5000   22.5000  -15.0000 2306.4053   14.9465
    0.0000   22.5000  -15.0000 2342.8875   14.6933
    7.5000   22.5000  -15.0000 2340.4807   14.6947
   -7.5000   30.0000  -15.0000 2162.8198   16.8010
    0.0000   30.0000  -15.0000 2191.0459   16.5162
    7.5000   30.0000  -15.0000 2190.6943   16.5254
   -7.5000   37.5000  -15.0000 2011.7623   19.2482
    0.0000   37.5000  -15.0000 2040.1379   18.8826
    7.5000   37.5000  -15.0000 2037.5217   18.9348
   -7.5000   45.0000  -15.0000 1852.5820   22.4997
    0.0000   45.0000  -15.0000 1877.6464   22.0526
    7.5000   45.0000  -15.0000 1873.3567   22.1277
   -7.5000  -45.0000   -7.5000 2555.8728   12.4191
    0.0000  -45.0000   -7.5000 2588.4773   12.2073
    7.5000  -45.0000   -7.5000 2583.2456   12.2669
   -7.5000  -37.5000   -7.5000 2667.0210   11.5891
    0.0000  -37.5000   -7.5000 2702.7441   11.3648
    7.5000  -37.5000   -7.5000 2697.9292   11.4155
   -7.5000  -30.0000   -7.5000 2752.5969   11.0631
    0.0000  -30.0000   -7.5000 2796.7957   10.8528
    7.5000  -30.0000   -7.5000 2789.1885   10.8844
   -7.5000  -22.5000   -7.5000 2813.8508   10.7717
    0.0000  -22.5000   -7.5000 2871.0981   10.5318
    7.5000  -22.5000   -7.5000 2855.0684   10.5953
   -7.5000  -15.0000   -7.5000 2828.9807   10.7834
    0.0000  -15.0000   -7.5000 2884.4480   10.5578
    7.5000  -15.0000   -7.5000 2871.2371   10.6106
   -7.5000   -7.5000   -7.5000 2791.1907   11.0148
    0.0000   -7.5000   -7.5000 2845.1965   10.7986
    7.5000   -7.5000   -7.5000 2838.2244   10.8249
   -7.5000    0.0000   -7.5000 2717.8484   11.4598
    0.0000    0.0000   -7.5000 2766.1238   11.2352
    7.5000    0.0000   -7.5000 2762.8081   11.2534
   -7.5000    7.5000   -7.5000 2614.0703   12.1183
    0.0000    7.5000   -7.5000 2655.3918   11.8995
    7.5000    7.5000   -7.5000 2655.8953   11.9160
   -7.5000   15.0000   -7.5000 2484.4868   13.0644
    0.0000   15.0000   -7.5000 2519.7776   12.8500
    7.5000   15.0000   -7.5000 2522.6467   12.8943
   -7.5000   22.5000   -7.5000 2347.0603   14.4047
    0.0000   22.5000   -7.5000 2382.6123   14.1637
    7.5000   22.5000   -7.5000 2381.9795   14.2102
   -7.5000   30.0000   -7.5000 2193.3135   16.1906
    0.0000   30.0000   -7.5000 2228.0852   15.9134
    7.5000   30.0000   -7.5000 2226.4214   15.9797
   -7.5000   37.5000   -7.5000 2034.8577   18.5277
    0.0000   37.5000   -7.5000 2067.1948   18.1882
    7.5000   37.5000   -7.5000 2069.1895   18.2627
   -7.5000   45.0000   -7.5000 1872.6527   21.6440
    0.0000   45.0000   -7.5000 1899.6761   21.2295
    7.5000   45.0000   -7.5000 1902.2749   21.3083
   -7.5000  -45.0000    0.0000 2568.5312   12.2049
    0.0000  -45.0000    0.0000 2602.4128   11.8987
    7.5000  -45.0000    0.0000 2597.1262   12.0044
   -7.5000  -37.5000    0.0000 2694.7759   11.3644
    0.0000  -37.5000    0.0000 2733.9597   11.0593
    7.5000  -37.5000    0.0000 2728.3345   11.1482
   -7.5000  -30.0000    0.0000 2793.5264   10.8449
    0.0000  -30.0000    0.0000 2844.4685   10.5752
    7.5000  -30.0000    0.0000 2837.4712   10.6438
   -7.5000  -22.5000    0.0000 2861.9690   10.5615
    0.0000  -22.5000    0.0000 2933.7688   10.2507
    7.5000  -22.5000    0.0000 2916.8198   10.3746
   -7.5000  -15.0000    0.0000 2879.5676   10.5341
    0.0000  -15.0000    0.0000 2949.1106   10.2132
    7.5000  -15.0000    0.0000 2930.6899   10.3414
   -7.5000   -7.5000    0.0000 2830.6672   10.7761
    0.0000   -7.5000    0.0000 2886.7161   10.4728
    7.5000   -7.5000    0.0000 2881.4990   10.5703
   -7.5000    0.0000    0.0000 2753.0605   11.2162
    0.0000    0.0000    0.0000 2797.4495   10.9142
    7.5000    0.0000    0.0000 2803.7708   10.9954
   -7.5000    7.5000    0.0000 2643.8479   11.8696
    0.0000    7.5000    0.0000 2681.6582   11.5796
    7.5000    7.5000    0.0000 2689.8835   11.6753
   -7.5000   15.0000    0.0000 2510.1875   12.8352
    0.0000   15.0000    0.0000 2542.4211   12.5520
    7.5000   15.0000    0.0000 2543.7427   12.6450
   -7.5000   22.5000    0.0000 2365.9246   14.1651
    0.0000   22.5000    0.0000 2402.7043   13.8782
    7.5000   22.5000    0.0000 2398.8479   13.9523
   -7.5000   30.0000    0.0000 2207.9592   15.8859
    0.0000   30.0000    0.0000 2245.1345   15.5817
    7.5000   30.0000    0.0000 2242.0054   15.6680
   -7.5000   37.5000    0.0000 2041.9022   18.1501
    0.0000   37.5000    0.0000 2080.6169   17.8039
    7.5000   37.5000    0.0000 2080.6321   17.8694
   -7.5000   45.0000    0.0000 1879.6962   21.0805
    0.0000   45.0000    0.0000 1904.0004   20.6628
    7.5000   45.0000    0.0000 1904.8759   20.7403
   -7.5000  -45.0000    7.5000 2570.7612   12.1687
    0.0000  -45.0000    7.5000 2605.6750   11.8070
    7.5000  -45.0000    7.5000 2600.7390   11.9310
   -7.5000  -37.5000    7.5000 2703.2168   11.2993
    0.0000  -37.5000    7.5000 2745.7727   10.9610
    7.5000  -37.5000    7.5000 2737.7266   11.0723
   -7.5000  -30.0000    7.5000 2811.6846   10.7846
    0.0000  -30.0000    7.5000 2868.0310   10.4732
    7.5000  -30.0000    7.5000 2859.9470   10.5693
   -7.5000  -22.5000    7.5000 2885.1033   10.5504
    0.0000  -22.5000    7.5000 2957.9224   10.1802
    7.5000  -22.5000    7.5000 2944.3408   10.3237
   -7.5000  -15.0000    7.5000 2899.7039   10.5386
    0.0000  -15.0000    7.5000 2966.9458   10.1106
    7.5000  -15.0000    7.5000 2957.2764   10.2790
   -7.5000   -7.5000    7.5000 2849.1042   10.7318
    0.0000   -7.5000    7.5000 2902.4761   10.3759
    7.5000   -7.5000    7.5000 2903.3711   10.5127
   -7.5000    0.0000    7.5000 2763.2302   11.1204
    0.0000    0.0000    7.5000 2804.6208   10.8360
    7.5000    0.0000    7.5000 2807.9819   10.9259
   -7.5000    7.5000    7.5000 2646.0620   11.7586
    0.0000    7.5000    7.5000 2686.6868   11.5020
    7.5000    7.5000    7.5000 2685.9478   11.5396
   -7.5000   15.0000    7.5000 2510.3962   12.7159
    0.0000   15.0000    7.5000 2547.3706   12.4812
    7.5000   15.0000    7.5000 2543.4038   12.4787
   -7.5000   22.5000    7.5000 2358.5737   14.0141
    0.0000   22.5000    7.5000 2403.8872   13.8013
    7.5000   22.5000    7.5000 2395.1956   13.7704
   -7.5000   30.0000    7.5000 2207.0037   15.7029
    0.0000   30.0000    7.5000 2244.7563   15.4761
    7.5000   30.0000    7.5000 2242.0212   15.4478
   -7.5000   37.5000    7.5000 2044.1576   17.9163
    0.0000   37.5000    7.5000 2075.6309   17.6423
    7.5000   37.5000    7.5000 2077.3145   17.6083
   -7.5000   45.0000    7.5000 1878.5436   20.8248
    0.0000   45.0000    7.5000 1901.1676   20.4460
    7.5000   45.0000    7.5000 1901.0734   20.4912
   -7.5000  -45.0000   15.0000 2552.8335   12.3095
    0.0000  -45.0000   15.0000 2594.7734   11.8782
    7.5000  -45.0000   15.0000 2589.7837   12.0494
   -7.5000  -37.5000   15.0000 2679.8989   11.4592
    0.0000  -37.5000   15.0000 2729.5632   11.0420
    7.5000  -37.5000   15.0000 2724.1060   11.1985
   -7.5000  -30.0000   15.0000 2789.4014   10.9425
    0.0000  -30.0000   15.0000 2849.5591   10.5891
    7.5000  -30.0000   15.0000 2838.1116   10.7068
   -7.5000  -22.5000   15.0000 2864.6819   10.6807
    0.0000  -22.5000   15.0000 2931.3022   10.3512
    7.5000  -22.5000   15.0000 2911.5183   10.4379
   -7.5000  -15.0000   15.0000 2875.1375   10.6586
    0.0000  -15.0000   15.0000 2943.5745   10.4044
    7.5000  -15.0000   15.0000 2925.2437   10.4238
   -7.5000   -7.5000   15.0000 2826.8645   10.8484
    0.0000   -7.5000   15.0000 2891.2073   10.6451
    7.5000   -7.5000   15.0000 2878.5742   10.6390
   -7.5000    0.0000   15.0000 2738.9229   11.2271
    0.0000    0.0000   15.0000 2785.3127   11.0175
    7.5000    0.0000   15.0000 2782.5583   11.0164
   -7.5000    7.5000   15.0000 2626.5139   11.8607
    0.0000    7.5000   15.0000 2665.3289   11.6081
    7.5000    7.5000   15.0000 2665.7153   11.5946
   -7.5000   15.0000   15.0000 2492.8074   12.7797
    0.0000   15.0000   15.0000 2526.9102   12.5199
    7.5000   15.0000   15.0000 2528.5103   12.5033
   -7.5000   22.5000   15.0000 2347.4031   14.0512
    0.0000   22.5000   15.0000 2384.6677   13.7730
    7.5000   22.5000   15.0000 2382.0317   13.7804
   -7.5000   30.0000   15.0000 2190.9460   15.7081
    0.0000   30.0000   15.0000 2221.9841   15.4059
    7.5000   30.0000   15.0000 2225.4285   15.4565
   -7.5000   37.5000   15.0000 2026.3486   17.9523
    0.0000   37.5000   15.0000 2055.2891   17.6036
    7.5000   37.5000   15.0000 2058.8142   17.6427
   -7.5000   45.0000   15.0000 1860.3879   20.8298
    0.0000   45.0000   15.0000 1888.2177   20.4593
    7.5000   45.0000   15.0000 1889.6237   20.5009
   -7.5000  -45.0000   22.5000 2524.6670   12.7053
    0.0000  -45.0000   22.5000 2565.9873   12.2925
    7.5000  -45.0000   22.5000 2558.4014   12.4350
   -7.5000  -37.5000   22.5000 2643.5020   11.8701
    0.0000  -37.5000   22.5000 2694.9263   11.5141
    7.5000  -37.5000   22.5000 2687.0527   11.6137
   -7.5000  -30.0000   22.5000 2743.5789   11.3473
    0.0000  -30.0000   22.5000 2803.9680   10.9916
    7.5000  -30.0000   22.5000 2794.8823   11.0646
   -7.5000  -22.5000   22.5000 2809.8093   11.0201
    0.0000  -22.5000   22.5000 2869.5654   10.6771
    7.5000  -22.5000   22.5000 2856.3232   10.7633
   -7.5000  -15.0000   22.5000 2822.4307   10.9516
    0.0000  -15.0000   22.5000 2875.7188   10.6988
    7.5000  -15.0000   22.5000 2867.8381   10.7650
   -7.5000   -7.5000   22.5000 2778.0149   11.1498
    0.0000   -7.5000   22.5000 2832.3557   10.9220
    7.5000   -7.5000   22.5000 2823.6877   10.9599
   -7.5000    0.0000   22.5000 2691.1240   11.5638
    0.0000    0.0000   22.5000 2735.0457   11.3378
    7.5000    0.0000   22.5000 2730.6443   11.3434
   -7.5000    7.5000   22.5000 2582.4238   12.1932
    0.0000    7.5000   22.5000 2617.9126   11.9515
    7.5000    7.5000   22.5000 2614.6182   11.9473
   -7.5000   15.0000   22.5000 2450.8948   13.0906
    0.0000   15.0000   22.5000 2490.5493   12.8213
    7.5000   15.0000   22.5000 2485.8372   12.8175
   -7.5000   22.5000   22.5000 2312.8218   14.3347
    0.0000   22.5000   22.5000 2348.9873   14.0295
    7.5000   22.5000   22.5000 2346.2397   14.0180
   -7.5000   30.0000   22.5000 2157.7749   15.9965
    0.0000   30.0000   22.5000 2186.8108   15.6545
    7.5000   30.0000   22.5000 2191.6775   15.6429
   -7.5000   37.5000   22.5000 1998.7402   18.1799
    0.0000   37.5000   22.5000 2022.4025   17.8196
    7.5000   37.5000   22.5000 2028.1987   17.8202
   -7.5000   45.0000   22.5000 1845.1959   21.0911
    0.0000   45.0000   22.5000 1863.1003   20.6357
    7.5000   45.0000   22.5000 1866.9167   20.6809
   -7.5000  -45.0000   30.0000 2482.4795   13.3753
    0.0000  -45.0000   30.0000 2527.4775   13.0072
    7.5000  -45.0000   30.0000 2517.4177   13.0971
   -7.5000  -37.5000   30.0000 2595.9988   12.5021
    0.0000  -37.5000   30.0000 2646.4216   12.1468
    7.5000  -37.5000   30.0000 2637.9058   12.2138
   -7.5000  -30.0000   30.0000 2682.2751   11.9068
    0.0000  -30.0000   30.0000 2740.7593   11.5365
    7.5000  -30.0000   30.0000 2731.4744   11.5968
   -7.5000  -22.5000   30.0000 2738.2778   11.5433
    0.0000  -22.5000   30.0000 2787.4014   11.2484
    7.5000  -22.5000   30.0000 2779.5974   11.3141
   -7.5000  -15.0000   30.0000 2743.2695   11.4954
    0.0000  -15.0000   30.0000 2792.7488   11.2285
    7.5000  -15.0000   30.0000 2786.6523   11.2735
   -7.5000   -7.5000   30.0000 2700.3555   11.6702
    0.0000   -7.5000   30.0000 2747.9404   11.4132
    7.5000   -7.5000   30.0000 2741.6858   11.4622
   -7.5000    0.0000   30.0000 2621.1680   12.0756
    0.0000    0.0000   30.0000 2665.2739   11.8058
    7.5000    0.0000   30.0000 2659.4031   11.8471
   -7.5000    7.5000   30.0000 2520.2749   12.7128
    0.0000    7.5000   30.0000 2558.6440   12.4314
    7.5000    7.5000   30.0000 2557.0132   12.4339
   -7.5000   15.0000   30.0000 2395.1375   13.5943
    0.0000   15.0000   30.0000 2430.3730   13.3078
    7.5000   15.0000   30.0000 2434.7290   13.2969
   -7.5000   22.5000   30.0000 2265.1001   14.8106
    0.0000   22.5000   30.0000 2296.4675   14.4967
    7.5000   22.5000   30.0000 2299.4451   14.4869
   -7.5000   30.0000   30.0000 2115.9131   16.4139
    0.0000   30.0000   30.0000 2140.9558   16.1118
    7.5000   30.0000   30.0000 2144.3169   16.0975
   -7.5000   37.5000   30.0000 1958.0780   18.6183
    0.0000   37.5000   30.0000 1981.3062   18.2760
    7.5000   37.5000   30.0000 1980.4938   18.2726
   -7.5000   45.0000   30.0000 1811.2749   21.5406
    0.0000   45.0000   30.0000 1825.1368   21.0913
    7.5000   45.0000   30.0000 1829.0250   21.1111
   -7.5000  -45.0000   37.5000 2431.7844   14.1933
    0.0000  -45.0000   37.5000 2484.0732   13.8680
    7.5000  -45.0000   37.5000 2471.2646   13.9181
   -7.5000  -37.5000   37.5000 2533.5854   13.2822
    0.0000  -37.5000   37.5000 2588.9678   12.9423
    7.5000  -37.5000   37.5000 2579.3914   12.9817
   -7.5000  -30.0000   37.5000 2608.1113   12.6559
    0.0000  -30.0000   37.5000 2662.1099   12.3495
    7.5000  -30.0000   37.5000 2656.5469   12.3977
   -7.5000  -22.5000   37.5000 2654.7769   12.2842
    0.0000  -22.5000   37.5000 2699.1599   12.0198
    7.5000  -22.5000   37.5000 2693.6001   12.0744
   -7.5000  -15.0000   37.5000 2650.1763   12.2245
    0.0000  -15.0000   37.5000 2697.6030   11.9659
    7.5000  -15.0000   37.5000 2690.8936   11.9915
   -7.5000   -7.5000   37.5000 2606.2073   12.4008
    0.0000   -7.5000   37.5000 2653.7490   12.1287
    7.5000   -7.5000   37.5000 2647.6394   12.1673
   -7.5000    0.0000   37.5000 2536.4028   12.7850
    0.0000    0.0000   37.5000 2578.3303   12.5111
    7.5000    0.0000   37.5000 2572.5222   12.5435
   -7.5000    7.5000   37.5000 2445.6184   13.3848
    0.0000    7.5000   37.5000 2481.1497   13.1082
    7.5000    7.5000   37.5000 2479.9167   13.1280
   -7.5000   15.0000   37.5000 2334.8079   14.2377
    0.0000   15.0000   37.5000 2364.7456   13.9594
    7.5000   15.0000   37.5000 2367.8958   13.9690
   -7.5000   22.5000   37.5000 2204.6968   15.4779
    0.0000   22.5000   37.5000 2237.9348   15.1592
    7.5000   22.5000   37.5000 2239.8174   15.1849
   -7.5000   30.0000   37.5000 2060.7024   17.1021
    0.0000   30.0000   37.5000 2088.4285   16.7836
    7.5000   30.0000   37.5000 2090.2800   16.7990
   -7.5000   37.5000   37.5000 1913.1868   19.3172
    0.0000   37.5000   37.5000 1931.7267   18.9434
    7.5000   37.5000   37.5000 1933.2892   18.9678
   -7.5000   45.0000   37.5000 1768.0151   22.3286
    0.0000   45.0000   37.5000 1777.3838   21.8111
    7.5000   45.0000   37.5000 1780.9150   21.8250
   -7.5000  -45.0000   45.0000 2369.6353   15.2153
    0.0000  -45.0000   45.0000 2416.1575   14.9189
    7.5000  -45.0000   45.0000 2407.6421   14.9597
   -7.5000  -37.5000   45.0000 2462.4922   14.2665
    0.0000  -37.5000   45.0000 2510.4749   13.9730
    7.5000  -37.5000   45.0000 2503.9502   14.0005
   -7.5000  -30.0000   45.0000 2524.6626   13.6101
    0.0000  -30.0000   45.0000 2570.1614   13.3513
    7.5000  -30.0000   45.0000 2566.0171   13.3811
   -7.5000  -22.5000   45.0000 2559.0413   13.2245
    0.0000  -22.5000   45.0000 2599.1541   12.9896
    7.5000  -22.5000   45.0000 2597.8210   13.0186
   -7.5000  -15.0000   45.0000 2547.2546   13.1429
    0.0000  -15.0000   45.0000 2588.7939   12.8857
    7.5000  -15.0000   45.0000 2588.5100   12.9168
   -7.5000   -7.5000   45.0000 2511.1985   13.2795
    0.0000   -7.5000   45.0000 2545.8872   13.0234
    7.5000   -7.5000   45.0000 2546.2976   13.0594
   -7.5000    0.0000   45.0000 2447.0894   13.6250
    0.0000    0.0000   45.0000 2487.9514   13.3774
    7.5000    0.0000   45.0000 2486.2356   13.3906
   -7.5000    7.5000   45.0000 2365.7549   14.2169
    0.0000    7.5000   45.0000 2397.7708   13.9333
    7.5000    7.5000   45.0000 2398.8433   13.9400
   -7.5000   15.0000   45.0000 2262.3499   15.0889
    0.0000   15.0000   45.0000 2290.0366   14.7873
    7.5000   15.0000   45.0000 2293.4888   14.8078
   -7.5000   22.5000   45.0000 2139.0325   16.3406
    0.0000   22.5000   45.0000 2164.4255   16.0460
    7.5000   22.5000   45.0000 2164.7021   16.0677
   -7.5000   30.0000   45.0000 1999.9639   17.9920
    0.0000   30.0000   45.0000 2021.3890   17.6985
    7.5000   30.0000   45.0000 2022.6477   17.6889
   -7.5000   37.5000   45.0000 1857.0869   20.3032
    0.0000   37.5000   45.0000 1871.0200   19.9173
    7.5000   37.5000   45.0000 1877.5012   19.9168
   -7.5000   45.0000   45.0000 1713.2448   23.4622
    0.0000   45.0000   45.0000 1729.1125   22.9129
    7.5000   45.0000   45.0000 1731.5289   22.9276

---------------------------------------------------------------------
imgreg_4dfp /opt/freesurfer/average/711-2C_as_mni_average_305 /opt/freesurfer/average/711-2B_as_mni_average_305_mask talsrcimg_g11 none talsrcimg_to_711-2C_as_mni_average_305_t4 1283
---------------------------------------------------------------------

freesurfer imgreg_4dfp.c
/opt/freesurfer/average/711-2C_as_mni_average_305.4dfp.img
       256       256       256         1
  1.000000  1.000000  1.000000
orientation T byte_order littleendian
Reading image: /opt/freesurfer/average/711-2C_as_mni_average_305.4dfp.img
dimensions:      256       256       256
mmppix:       1.0000   -1.0000   -1.0000
center:     128.0000 -129.0000 -129.0000
/opt/freesurfer/average/711-2B_as_mni_average_305_mask.4dfp.img
       256       256       256         1
  1.000000  1.000000  1.000000
orientation T byte_order littleendian
Reading mask: /opt/freesurfer/average/711-2B_as_mni_average_305_mask.4dfp.img (2306576 pixels)
talsrcimg_g11.4dfp.img
       256       256       256         1
  1.000000  1.000000  1.000000
orientation T byte_order littleendian
Reading image: talsrcimg_g11.4dfp.img
dimensions:      256       256       256
mmppix:       1.0000   -1.0000   -1.0000
center:     128.0000 -129.0000 -129.0000
rotation matrix determinant  1.000000
fimgreg.f
image alignment mode   1283 decimal      503 hex
parameters
    0.0000  -15.0000    7.5000    0.0000    0.0000    0.0000
eta,q 0.93278 10.05225
niter,ni,del,rscale     5    3   12.0000    1.2000
parameter  1 -0.559434 -> -0.500000 qaram    1.1500
parameter  2  0.923991 ->  0.500000 qaram    1.1500
parameter  4  0.574528 ->  0.500000 qaram    1.1500
parameters
    3.4500  -18.4500    7.3167   -3.4500    1.0083   -1.8737
eta,q 0.93926 10.10061
  0.0852  0.0637  0.0685  0.0625  0.0683  0.0635
  0.0783  0.0625  0.0675  0.0616  0.0656  0.0618
  0.0744  0.0644  0.0649  0.0615  0.0631  0.0607
  0.0715  0.0679  0.0625  0.0626  0.0615  0.0613
  0.0692  0.0712  0.0633  0.0650  0.0614  0.0633
  0.0684  0.0752  0.0660  0.0676  0.0627  0.0663
  0.0705  0.0812  0.0713  0.0701  0.0654  0.0695
niter,ni,del,rscale     7    3   12.0000    1.2000
parameters
    1.9801  -17.5080    6.8891   -5.3699    2.7675   -2.7245
eta,q 0.94182 10.07089
  0.0702  0.0784  0.0647  0.0629  0.0676  0.0633
  0.0642  0.0704  0.0628  0.0606  0.0648  0.0605
  0.0605  0.0636  0.0609  0.0593  0.0618  0.0585
  0.0607  0.0600  0.0599  0.0600  0.0592  0.0583
  0.0658  0.0612  0.0604  0.0622  0.0584  0.0600
  0.0730  0.0659  0.0630  0.0653  0.0597  0.0630
  0.0832  0.0704  0.0674  0.0689  0.0621  0.0673
niter,ni,del,rscale     6    3   12.0000    1.2000
parameters
    1.5925  -16.7134    6.5773   -6.2943    2.9028   -3.0956
eta,q 0.94243 10.06130
  0.0750  0.0756  0.0637  0.0635  0.0645  0.0634
  0.0662  0.0681  0.0607  0.0602  0.0614  0.0608
  0.0596  0.0619  0.0589  0.0581  0.0588  0.0584
  0.0582  0.0579  0.0577  0.0578  0.0576  0.0576
  0.0630  0.0591  0.0587  0.0599  0.0585  0.0587
  0.0697  0.0640  0.0614  0.0632  0.0606  0.0614
  0.0777  0.0693  0.0655  0.0669  0.0642  0.0655
niter,ni,del,rscale     5    3   12.0000    1.2000
parameters
    1.5019  -16.3453    6.3619   -6.6338    2.9094   -3.1972
eta,q 0.94241 10.06290
  0.0763  0.0739  0.0640  0.0648  0.0642  0.0636
  0.0668  0.0665  0.0606  0.0611  0.0610  0.0611
  0.0596  0.0607  0.0587  0.0585  0.0586  0.0587
  0.0576  0.0575  0.0575  0.0576  0.0576  0.0576
  0.0617  0.0596  0.0583  0.0591  0.0585  0.0584
  0.0684  0.0650  0.0612  0.0624  0.0607  0.0607
  0.0760  0.0706  0.0653  0.0660  0.0643  0.0646
niter,ni,del,rscale     4    3   12.0000    1.2000
parameters
    1.4635  -16.2100    6.2859   -6.7593    2.9256   -3.2239
eta,q 0.94240 10.06317
  0.0767  0.0730  0.0644  0.0652  0.0642  0.0636
  0.0670  0.0658  0.0608  0.0616  0.0610  0.0611
  0.0596  0.0601  0.0588  0.0587  0.0586  0.0588
  0.0576  0.0576  0.0576  0.0576  0.0576  0.0576
  0.0616  0.0601  0.0581  0.0589  0.0585  0.0583
  0.0683  0.0658  0.0610  0.0621  0.0607  0.0606
  0.0758  0.0713  0.0651  0.0657  0.0643  0.0643
niter,ni,del,rscale     3    3   12.0000    1.2000
parameters
    1.4473  -16.1583    6.2621   -6.8076    2.9368   -3.2308
eta,q 0.94239 10.06308
  0.0769  0.0727  0.0646  0.0654  0.0641  0.0636
  0.0671  0.0655  0.0608  0.0618  0.0610  0.0612
  0.0596  0.0600  0.0589  0.0588  0.0586  0.0588
  0.0576  0.0576  0.0576  0.0576  0.0576  0.0576
  0.0616  0.0603  0.0580  0.0588  0.0585  0.0583
  0.0682  0.0661  0.0609  0.0619  0.0608  0.0605
  0.0757  0.0714  0.0650  0.0656  0.0643  0.0643
registration optimization eta report
parameter search radius
    6.9000    6.9000    6.0000    6.9000    6.0000    6.0000
100000*second partial in parameter space
       38.       29.       20.       16.       18.       17.
  0.0769  0.0727  0.0646  0.0654  0.0641  0.0636
  0.0671  0.0655  0.0608  0.0618  0.0610  0.0612
  0.0596  0.0600  0.0589  0.0588  0.0586  0.0588
  0.0576  0.0576  0.0576  0.0576  0.0576  0.0576
  0.0616  0.0603  0.0580  0.0588  0.0585  0.0583
  0.0682  0.0661  0.0609  0.0619  0.0608  0.0605
  0.0757  0.0714  0.0650  0.0656  0.0643  0.0643
    1.4473  -16.1583    6.2621   -6.8076    2.9368   -3.2308
eta,q 0.94239 10.06308

---------------------------------------------------------------------
imgreg_4dfp /opt/freesurfer/average/711-2C_as_mni_average_305 /opt/freesurfer/average/711-2B_as_mni_average_305_mask talsrcimg_g11 none talsrcimg_to_711-2C_as_mni_average_305_t4 3335
---------------------------------------------------------------------

freesurfer imgreg_4dfp.c
/opt/freesurfer/average/711-2C_as_mni_average_305.4dfp.img
       256       256       256         1
  1.000000  1.000000  1.000000
orientation T byte_order littleendian
Reading image: /opt/freesurfer/average/711-2C_as_mni_average_305.4dfp.img
dimensions:      256       256       256
mmppix:       1.0000   -1.0000   -1.0000
center:     128.0000 -129.0000 -129.0000
/opt/freesurfer/average/711-2B_as_mni_average_305_mask.4dfp.img
       256       256       256         1
  1.000000  1.000000  1.000000
orientation T byte_order littleendian
Reading mask: /opt/freesurfer/average/711-2B_as_mni_average_305_mask.4dfp.img (2306576 pixels)
talsrcimg_g11.4dfp.img
       256       256       256         1
  1.000000  1.000000  1.000000
orientation T byte_order littleendian
Reading image: talsrcimg_g11.4dfp.img
dimensions:      256       256       256
mmppix:       1.0000   -1.0000   -1.0000
center:     128.0000 -129.0000 -129.0000
fimgreg.f
image alignment mode   3335 decimal      D07 hex
parameters
    1.4473  -16.1583    6.2621   -0.2901   -0.8971   -0.8354
    6.2024   -4.4113   -5.6283   12.1214    5.1235  -11.8379
eta,q 0.94318 10.08449
niter,ni,del,rscale     5    3    5.0000    1.2000
parameter  4  2.853637 ->  0.500000 qaram    1.1500
parameter  5  2.520416 ->  0.500000 qaram    1.1500
parameter  6  1.096872 ->  0.500000 qaram    1.1500
parameter 10  0.859302 ->  0.500000 qaram    1.1500
parameter 12  1.938980 ->  0.500000 qaram    1.1500
parameters
    1.1975  -16.0391    6.2371   -4.4301   -5.0371   -4.9754
    5.0736   -2.1573   -3.7504    7.9814    4.8603  -15.9779
eta,q 0.96165  9.61736
  0.0585  0.0591  0.0581  0.0485  0.0436  0.0422  0.0444  0.0499  0.0449  0.0398  0.0411  0.0378
  0.0575  0.0579  0.0574  0.0506  0.0457  0.0424  0.0433  0.0467  0.0436  0.0397  0.0404  0.0382
  0.0570  0.0571  0.0570  0.0533  0.0483  0.0437  0.0427  0.0442  0.0427  0.0404  0.0400  0.0389
  0.0568  0.0568  0.0568  0.0568  0.0513  0.0464  0.0427  0.0426  0.0421  0.0419  0.0398  0.0398
  0.0571  0.0570  0.0570  0.0605  0.0548  0.0494  0.0432  0.0421  0.0420  0.0441  0.0400  0.0409
  0.0580  0.0576  0.0574  0.0641  0.0587  0.0533  0.0443  0.0427  0.0423  0.0469  0.0405  0.0421
  0.0595  0.0587  0.0582  0.0686  0.0628  0.0574  0.0459  0.0444  0.0430  0.0502  0.0413  0.0433
niter,ni,del,rscale     7    3    5.0000    1.2000
parameter  4  0.824405 ->  0.500000 qaram    1.3225
parameter  5  1.165985 ->  0.500000 qaram    1.3225
parameter 12  1.138279 ->  0.500000 qaram    1.3225
parameters
    1.4879  -15.2921    6.6863   -9.1911   -9.7981   -7.2849
    5.7107   -1.5439   -3.6184    8.0775    4.0476  -20.7389
eta,q 0.96872  9.23818
  0.0431  0.0429  0.0407  0.0353  0.0307  0.0335  0.0352  0.0374  0.0345  0.0360  0.0329  0.0312
  0.0408  0.0407  0.0394  0.0348  0.0313  0.0329  0.0338  0.0347  0.0333  0.0340  0.0324  0.0312
  0.0391  0.0392  0.0385  0.0356  0.0327  0.0325  0.0328  0.0329  0.0326  0.0327  0.0323  0.0316
  0.0383  0.0383  0.0380  0.0379  0.0349  0.0316  0.0323  0.0323  0.0323  0.0323  0.0323  0.0323
  0.0385  0.0380  0.0380  0.0416  0.0380  0.0324  0.0324  0.0325  0.0325  0.0326  0.0324  0.0331
  0.0395  0.0384  0.0384  0.0459  0.0417  0.0360  0.0331  0.0337  0.0332  0.0338  0.0327  0.0341
  0.0413  0.0394  0.0393  0.0503  0.0458  0.0401  0.0344  0.0359  0.0344  0.0360  0.0332  0.0351
niter,ni,del,rscale     7    3    5.0000    1.2000
parameter  3  0.528163 ->  0.500000 qaram    1.1500
parameters
    1.7942  -14.7746    5.3063  -10.7395  -14.3589   -8.8775
    6.3491   -1.4393   -3.0847    9.4461    2.7946  -23.9576
eta,q 0.97013  8.86781
  0.0359  0.0355  0.0311  0.0341  0.0310  0.0316  0.0329  0.0341  0.0325  0.0347  0.0306  0.0308
  0.0337  0.0334  0.0306  0.0324  0.0301  0.0306  0.0316  0.0318  0.0314  0.0325  0.0303  0.0301
  0.0321  0.0320  0.0307  0.0312  0.0299  0.0304  0.0308  0.0305  0.0306  0.0310  0.0301  0.0299
  0.0313  0.0312  0.0311  0.0306  0.0308  0.0299  0.0303  0.0303  0.0303  0.0303  0.0302  0.0301
  0.0313  0.0311  0.0318  0.0314  0.0328  0.0300  0.0304  0.0307  0.0304  0.0303  0.0303  0.0309
  0.0323  0.0317  0.0327  0.0342  0.0359  0.0318  0.0310  0.0318  0.0310  0.0310  0.0306  0.0318
  0.0341  0.0329  0.0338  0.0387  0.0399  0.0352  0.0322  0.0337  0.0320  0.0325  0.0310  0.0329
niter,ni,del,rscale     7    3    5.0000    1.2000
parameters
    1.8855  -14.3419    5.2990  -10.9369  -15.3379   -8.8941
    6.3608   -1.4625   -2.7416   10.4554    2.2558  -23.9511
eta,q 0.97017  8.81583
  0.0335  0.0336  0.0315  0.0336  0.0327  0.0325  0.0323  0.0338  0.0320  0.0340  0.0305  0.0319
  0.0317  0.0317  0.0304  0.0318  0.0313  0.0310  0.0311  0.0315  0.0309  0.0319  0.0301  0.0307
  0.0304  0.0304  0.0299  0.0306  0.0303  0.0302  0.0303  0.0301  0.0302  0.0305  0.0298  0.0300
  0.0299  0.0299  0.0298  0.0298  0.0298  0.0299  0.0299  0.0299  0.0299  0.0299  0.0298  0.0298
  0.0301  0.0299  0.0300  0.0300  0.0303  0.0295  0.0302  0.0305  0.0301  0.0300  0.0300  0.0301
  0.0312  0.0305  0.0306  0.0314  0.0320  0.0304  0.0310  0.0317  0.0307  0.0308  0.0303  0.0308
  0.0331  0.0315  0.0314  0.0346  0.0348  0.0332  0.0323  0.0335  0.0317  0.0324  0.0307  0.0318
niter,ni,del,rscale     6    3    5.0000    1.2000
parameters
    1.8594  -14.0911    5.2755  -11.0969  -15.8467   -9.1098
    6.5104   -1.6036   -2.4345   10.9581    1.7090  -24.0322
eta,q 0.97013  8.77458
  0.0331  0.0329  0.0314  0.0335  0.0328  0.0323  0.0324  0.0336  0.0319  0.0335  0.0306  0.0319
  0.0314  0.0312  0.0304  0.0318  0.0315  0.0309  0.0312  0.0314  0.0309  0.0316  0.0301  0.0307
  0.0303  0.0302  0.0299  0.0306  0.0304  0.0302  0.0303  0.0301  0.0302  0.0304  0.0299  0.0301
  0.0298  0.0298  0.0298  0.0298  0.0299  0.0299  0.0299  0.0299  0.0299  0.0299  0.0299  0.0299
  0.0302  0.0300  0.0300  0.0299  0.0301  0.0295  0.0302  0.0306  0.0301  0.0301  0.0300  0.0301
  0.0314  0.0307  0.0306  0.0314  0.0316  0.0305  0.0310  0.0318  0.0306  0.0311  0.0303  0.0309
  0.0333  0.0317  0.0314  0.0344  0.0340  0.0333  0.0322  0.0336  0.0316  0.0327  0.0307  0.0318
niter,ni,del,rscale     5    3    5.0000    1.2000
parameters
    1.8172  -13.9082    5.2007  -11.2739  -16.2284   -9.3515
    6.5701   -1.7124   -2.2029   11.3257    1.3418  -24.1067
eta,q 0.97007  8.73742
  0.0330  0.0326  0.0314  0.0334  0.0329  0.0323  0.0323  0.0337  0.0319  0.0334  0.0307  0.0319
  0.0314  0.0311  0.0304  0.0318  0.0315  0.0309  0.0311  0.0314  0.0309  0.0316  0.0302  0.0308
  0.0303  0.0302  0.0300  0.0306  0.0305  0.0302  0.0303  0.0301  0.0302  0.0305  0.0299  0.0302
  0.0299  0.0299  0.0299  0.0299  0.0299  0.0299  0.0300  0.0300  0.0300  0.0300  0.0299  0.0299
  0.0303  0.0301  0.0301  0.0300  0.0301  0.0296  0.0302  0.0307  0.0301  0.0302  0.0301  0.0302
  0.0314  0.0308  0.0306  0.0314  0.0315  0.0305  0.0310  0.0319  0.0307  0.0312  0.0304  0.0309
  0.0334  0.0318  0.0314  0.0343  0.0339  0.0333  0.0323  0.0336  0.0317  0.0329  0.0307  0.0319
niter,ni,del,rscale     4    3    5.0000    1.2000
parameters
    1.7752  -13.7468    5.1036  -11.4071  -16.5400   -9.5977
    6.6099   -1.8137   -2.0375   11.6552    1.0660  -24.1640
eta,q 0.97004  8.70577
  0.0330  0.0326  0.0314  0.0334  0.0329  0.0324  0.0323  0.0337  0.0318  0.0334  0.0307  0.0319
  0.0314  0.0311  0.0305  0.0318  0.0316  0.0309  0.0311  0.0315  0.0309  0.0316  0.0302  0.0308
  0.0303  0.0302  0.0300  0.0307  0.0305  0.0302  0.0303  0.0302  0.0302  0.0305  0.0300  0.0302
  0.0299  0.0299  0.0299  0.0299  0.0300  0.0300  0.0300  0.0300  0.0300  0.0300  0.0300  0.0300
  0.0303  0.0301  0.0302  0.0300  0.0301  0.0298  0.0303  0.0307  0.0302  0.0302  0.0301  0.0302
  0.0315  0.0308  0.0307  0.0314  0.0315  0.0306  0.0311  0.0319  0.0307  0.0313  0.0304  0.0309
  0.0333  0.0318  0.0315  0.0342  0.0337  0.0333  0.0323  0.0336  0.0317  0.0329  0.0307  0.0319
niter,ni,del,rscale     3    3    5.0000    1.2000
parameters
    1.7324  -13.5932    4.9976  -11.5215  -16.8385   -9.8496
    6.6449   -1.9099   -1.9044   11.9740    0.8808  -24.2202
eta,q 0.97000  8.67579
  0.0330  0.0325  0.0314  0.0333  0.0328  0.0324  0.0324  0.0337  0.0318  0.0334  0.0308  0.0319
  0.0314  0.0311  0.0305  0.0318  0.0316  0.0310  0.0311  0.0315  0.0309  0.0317  0.0303  0.0308
  0.0303  0.0302  0.0301  0.0307  0.0305  0.0302  0.0303  0.0302  0.0303  0.0305  0.0300  0.0302
  0.0300  0.0300  0.0300  0.0300  0.0300  0.0300  0.0300  0.0300  0.0300  0.0300  0.0300  0.0300
  0.0303  0.0302  0.0302  0.0300  0.0302  0.0298  0.0303  0.0307  0.0302  0.0303  0.0301  0.0303
  0.0315  0.0308  0.0307  0.0314  0.0314  0.0307  0.0311  0.0319  0.0308  0.0313  0.0304  0.0310
  0.0333  0.0318  0.0316  0.0341  0.0337  0.0332  0.0323  0.0336  0.0317  0.0330  0.0307  0.0319
niter,ni,del,rscale     2    3    5.0000    1.2000
parameters
    1.6906  -13.4402    4.8793  -11.6135  -17.1391  -10.1156
    6.6950   -1.9846   -1.8198   12.3081    0.7618  -24.2720
eta,q 0.96997  8.64689
  0.0330  0.0325  0.0314  0.0333  0.0328  0.0324  0.0324  0.0337  0.0318  0.0334  0.0308  0.0319
  0.0314  0.0311  0.0305  0.0317  0.0316  0.0310  0.0312  0.0315  0.0309  0.0317  0.0303  0.0308
  0.0303  0.0303  0.0301  0.0307  0.0306  0.0302  0.0304  0.0302  0.0303  0.0306  0.0300  0.0302
  0.0300  0.0300  0.0300  0.0300  0.0300  0.0300  0.0301  0.0301  0.0300  0.0300  0.0300  0.0300
  0.0304  0.0302  0.0302  0.0300  0.0302  0.0299  0.0303  0.0307  0.0302  0.0303  0.0302  0.0303
  0.0315  0.0308  0.0307  0.0313  0.0314  0.0308  0.0311  0.0319  0.0308  0.0313  0.0304  0.0310
  0.0332  0.0318  0.0316  0.0340  0.0336  0.0332  0.0323  0.0335  0.0318  0.0330  0.0307  0.0318
niter,ni,del,rscale     1    3    5.0000    1.2000
parameters
    1.6505  -13.2812    4.7482  -11.6963  -17.4559  -10.4061
    6.7566   -2.0511   -1.7973   12.6464    0.7570  -24.3156
eta,q 0.96994  8.61728
  0.0330  0.0324  0.0314  0.0333  0.0327  0.0324  0.0323  0.0337  0.0318  0.0335  0.0308  0.0318
  0.0314  0.0311  0.0306  0.0317  0.0315  0.0310  0.0312  0.0315  0.0309  0.0317  0.0303  0.0309
  0.0304  0.0303  0.0301  0.0307  0.0306  0.0302  0.0304  0.0303  0.0303  0.0306  0.0301  0.0303
  0.0300  0.0300  0.0300  0.0300  0.0300  0.0301  0.0301  0.0301  0.0301  0.0301  0.0301  0.0301
  0.0304  0.0302  0.0303  0.0300  0.0302  0.0300  0.0303  0.0308  0.0303  0.0303  0.0302  0.0303
  0.0315  0.0308  0.0308  0.0313  0.0314  0.0308  0.0311  0.0319  0.0308  0.0313  0.0304  0.0310
  0.0332  0.0318  0.0316  0.0340  0.0336  0.0332  0.0323  0.0335  0.0318  0.0330  0.0307  0.0318
registration optimization eta report
parameter search radius
    2.4000    2.4000    2.7600    9.5220    9.5220    8.2800
    7.2000    7.2000    7.2000    8.2800    7.2000    9.5220
100000*second partial in parameter space
       53.       36.       19.        4.        3.        4.
        4.        7.        3.        5.        1.        2.
  0.0330  0.0324  0.0314  0.0333  0.0327  0.0324  0.0323  0.0337  0.0318  0.0335  0.0308  0.0318
  0.0314  0.0311  0.0306  0.0317  0.0315  0.0310  0.0312  0.0315  0.0309  0.0317  0.0303  0.0309
  0.0304  0.0303  0.0301  0.0307  0.0306  0.0302  0.0304  0.0303  0.0303  0.0306  0.0301  0.0303
  0.0300  0.0300  0.0300  0.0300  0.0300  0.0301  0.0301  0.0301  0.0301  0.0301  0.0301  0.0301
  0.0304  0.0302  0.0303  0.0300  0.0302  0.0300  0.0303  0.0308  0.0303  0.0303  0.0302  0.0303
  0.0315  0.0308  0.0308  0.0313  0.0314  0.0308  0.0311  0.0319  0.0308  0.0313  0.0304  0.0310
  0.0332  0.0318  0.0316  0.0340  0.0336  0.0332  0.0323  0.0335  0.0318  0.0330  0.0307  0.0318
    1.6505  -13.2812    4.7482  -11.6963  -17.4559  -10.4061
    6.7566   -2.0511   -1.7973   12.6464    0.7570  -24.3156
eta,q 0.96994  8.61728

---------------------------------------------------------------------
imgreg_4dfp /opt/freesurfer/average/711-2C_as_mni_average_305 /opt/freesurfer/average/711-2B_as_mni_average_305_mask talsrcimg_g11 none talsrcimg_to_711-2C_as_mni_average_305_t4 2311
---------------------------------------------------------------------

freesurfer imgreg_4dfp.c
/opt/freesurfer/average/711-2C_as_mni_average_305.4dfp.img
       256       256       256         1
  1.000000  1.000000  1.000000
orientation T byte_order littleendian
Reading image: /opt/freesurfer/average/711-2C_as_mni_average_305.4dfp.img
dimensions:      256       256       256
mmppix:       1.0000   -1.0000   -1.0000
center:     128.0000 -129.0000 -129.0000
/opt/freesurfer/average/711-2B_as_mni_average_305_mask.4dfp.img
       256       256       256         1
  1.000000  1.000000  1.000000
orientation T byte_order littleendian
Reading mask: /opt/freesurfer/average/711-2B_as_mni_average_305_mask.4dfp.img (2306576 pixels)
talsrcimg_g11.4dfp.img
       256       256       256         1
  1.000000  1.000000  1.000000
orientation T byte_order littleendian
Reading image: talsrcimg_g11.4dfp.img
dimensions:      256       256       256
mmppix:       1.0000   -1.0000   -1.0000
center:     128.0000 -129.0000 -129.0000
fimgreg.f
image alignment mode   2311 decimal      907 hex
parameters
    1.6505  -13.2812    4.7482  -11.6963  -17.4559  -10.4061
    6.7566   -2.0511   -1.7973   12.6464    0.7570  -24.3156
eta,q 0.96994  8.61728
niter,ni,del,rscale     5    3    5.0000    0.8000
parameters
    1.6150  -13.1785    4.5974  -10.5029  -16.7082   -9.8475
    6.9239   -2.2326   -1.5360   13.1081    1.4173  -24.5352
eta,q 0.97018  8.74540
  0.0314  0.0311  0.0304  0.0311  0.0309  0.0307  0.0311  0.0317  0.0308  0.0312  0.0303  0.0303
  0.0306  0.0305  0.0302  0.0307  0.0305  0.0301  0.0305  0.0306  0.0303  0.0305  0.0300  0.0300
  0.0302  0.0302  0.0301  0.0303  0.0301  0.0299  0.0300  0.0299  0.0300  0.0301  0.0299  0.0299
  0.0301  0.0301  0.0301  0.0300  0.0299  0.0299  0.0299  0.0299  0.0298  0.0298  0.0298  0.0298
  0.0302  0.0301  0.0301  0.0299  0.0299  0.0298  0.0299  0.0302  0.0299  0.0299  0.0298  0.0299
  0.0307  0.0304  0.0303  0.0300  0.0301  0.0299  0.0303  0.0309  0.0302  0.0302  0.0299  0.0301
  0.0315  0.0308  0.0306  0.0305  0.0305  0.0304  0.0310  0.0318  0.0306  0.0308  0.0301  0.0304
niter,ni,del,rscale     4    3    5.0000    0.7000
parameters
    1.6501  -13.2660    4.5988  -10.3372  -16.6295   -9.6556
    6.9031   -2.2232   -1.6967   13.1101    1.8108  -24.5346
eta,q 0.97021  8.76879
  0.0310  0.0305  0.0302  0.0307  0.0305  0.0303  0.0307  0.0313  0.0304  0.0307  0.0301  0.0302
  0.0304  0.0301  0.0300  0.0303  0.0302  0.0300  0.0302  0.0304  0.0300  0.0302  0.0299  0.0300
  0.0300  0.0299  0.0298  0.0300  0.0299  0.0299  0.0299  0.0299  0.0298  0.0299  0.0298  0.0298
  0.0298  0.0298  0.0298  0.0298  0.0298  0.0298  0.0298  0.0298  0.0298  0.0298  0.0298  0.0298
  0.0299  0.0299  0.0299  0.0298  0.0298  0.0297  0.0299  0.0300  0.0299  0.0299  0.0298  0.0298
  0.0303  0.0302  0.0300  0.0301  0.0301  0.0298  0.0302  0.0305  0.0301  0.0302  0.0299  0.0300
  0.0309  0.0306  0.0302  0.0307  0.0305  0.0303  0.0307  0.0312  0.0305  0.0307  0.0300  0.0302
niter,ni,del,rscale     3    3    5.0000    0.6000
parameters
    1.6658  -13.3231    4.6049  -10.1153  -16.4395   -9.3282
    6.9490   -2.1737   -1.7567   13.0875    2.2959  -24.5231
eta,q 0.97027  8.80542
  0.0307  0.0303  0.0301  0.0305  0.0303  0.0301  0.0304  0.0309  0.0302  0.0304  0.0300  0.0300
  0.0302  0.0300  0.0299  0.0302  0.0301  0.0299  0.0301  0.0302  0.0299  0.0300  0.0298  0.0299
  0.0299  0.0298  0.0298  0.0299  0.0299  0.0298  0.0298  0.0298  0.0298  0.0298  0.0298  0.0298
  0.0298  0.0298  0.0298  0.0298  0.0298  0.0298  0.0297  0.0297  0.0297  0.0297  0.0297  0.0297
  0.0299  0.0299  0.0298  0.0298  0.0298  0.0297  0.0298  0.0299  0.0298  0.0298  0.0297  0.0298
  0.0302  0.0301  0.0299  0.0300  0.0299  0.0297  0.0300  0.0303  0.0300  0.0300  0.0298  0.0298
  0.0307  0.0304  0.0301  0.0304  0.0303  0.0300  0.0304  0.0308  0.0302  0.0304  0.0299  0.0300
niter,ni,del,rscale     2    3    5.0000    0.5000
parameters
    1.6699  -13.4023    4.6304   -9.8837  -16.2272   -8.6493
    6.9441   -1.9950   -1.8145   12.9942    3.1998  -24.7475
eta,q 0.97037  8.86030
  0.0304  0.0301  0.0300  0.0303  0.0301  0.0300  0.0301  0.0306  0.0300  0.0301  0.0299  0.0298
  0.0300  0.0299  0.0298  0.0300  0.0299  0.0299  0.0299  0.0301  0.0298  0.0298  0.0298  0.0297
  0.0298  0.0297  0.0297  0.0298  0.0298  0.0298  0.0297  0.0298  0.0297  0.0297  0.0297  0.0296
  0.0297  0.0297  0.0297  0.0297  0.0297  0.0297  0.0296  0.0296  0.0297  0.0296  0.0297  0.0296
  0.0298  0.0298  0.0297  0.0297  0.0297  0.0296  0.0297  0.0297  0.0297  0.0297  0.0296  0.0297
  0.0300  0.0300  0.0298  0.0299  0.0298  0.0297  0.0299  0.0300  0.0298  0.0299  0.0297  0.0297
  0.0304  0.0302  0.0299  0.0302  0.0301  0.0299  0.0301  0.0304  0.0300  0.0301  0.0297  0.0298
niter,ni,del,rscale     1    3    5.0000    0.4000
parameters
    1.6611  -13.5176    4.6907   -9.6133  -15.8192   -7.8633
    6.8515   -1.7988   -2.1240   12.6104    4.2733  -25.1695
eta,q 0.97051  8.92447
  0.0300  0.0298  0.0298  0.0300  0.0299  0.0299  0.0298  0.0302  0.0297  0.0297  0.0297  0.0296
  0.0298  0.0297  0.0297  0.0299  0.0298  0.0298  0.0296  0.0298  0.0296  0.0296  0.0296  0.0295
  0.0297  0.0296  0.0296  0.0297  0.0297  0.0297  0.0296  0.0296  0.0295  0.0295  0.0296  0.0295
  0.0296  0.0296  0.0296  0.0296  0.0296  0.0296  0.0295  0.0295  0.0295  0.0295  0.0295  0.0295
  0.0297  0.0297  0.0296  0.0296  0.0296  0.0295  0.0296  0.0296  0.0296  0.0296  0.0295  0.0295
  0.0298  0.0298  0.0297  0.0297  0.0297  0.0296  0.0297  0.0297  0.0297  0.0297  0.0295  0.0296
  0.0301  0.0300  0.0298  0.0299  0.0298  0.0297  0.0299  0.0300  0.0298  0.0299  0.0295  0.0297
registration optimization eta report
parameter search radius
    0.8000    0.8000    0.8000    2.4000    2.4000    2.4000
    2.4000    2.4000    2.4000    2.4000    2.4000    2.4000
100000*second partial in parameter space
       65.       39.       24.        6.        4.        4.
        6.       10.        4.        5.        2.        2.
  0.0300  0.0298  0.0298  0.0300  0.0299  0.0299  0.0298  0.0302  0.0297  0.0297  0.0297  0.0296
  0.0298  0.0297  0.0297  0.0299  0.0298  0.0298  0.0296  0.0298  0.0296  0.0296  0.0296  0.0295
  0.0297  0.0296  0.0296  0.0297  0.0297  0.0297  0.0296  0.0296  0.0295  0.0295  0.0296  0.0295
  0.0296  0.0296  0.0296  0.0296  0.0296  0.0296  0.0295  0.0295  0.0295  0.0295  0.0295  0.0295
  0.0297  0.0297  0.0296  0.0296  0.0296  0.0295  0.0296  0.0296  0.0296  0.0296  0.0295  0.0295
  0.0298  0.0298  0.0297  0.0297  0.0297  0.0296  0.0297  0.0297  0.0297  0.0297  0.0295  0.0296
  0.0301  0.0300  0.0298  0.0299  0.0298  0.0297  0.0299  0.0300  0.0298  0.0299  0.0295  0.0297
    1.6611  -13.5176    4.6907   -9.6133  -15.8192   -7.8633
    6.8515   -1.7988   -2.1240   12.6104    4.2733  -25.1695
eta,q 0.97051  8.92447

---------------------------------------------------------------------
imgreg_4dfp /opt/freesurfer/average/711-2C_as_mni_average_305 /opt/freesurfer/average/711-2B_as_mni_average_305_mask talsrcimg_g11 none talsrcimg_to_711-2C_as_mni_average_305_t4 2311
---------------------------------------------------------------------

freesurfer imgreg_4dfp.c
/opt/freesurfer/average/711-2C_as_mni_average_305.4dfp.img
       256       256       256         1
  1.000000  1.000000  1.000000
orientation T byte_order littleendian
Reading image: /opt/freesurfer/average/711-2C_as_mni_average_305.4dfp.img
dimensions:      256       256       256
mmppix:       1.0000   -1.0000   -1.0000
center:     128.0000 -129.0000 -129.0000
/opt/freesurfer/average/711-2B_as_mni_average_305_mask.4dfp.img
       256       256       256         1
  1.000000  1.000000  1.000000
orientation T byte_order littleendian
Reading mask: /opt/freesurfer/average/711-2B_as_mni_average_305_mask.4dfp.img (2306576 pixels)
talsrcimg_g11.4dfp.img
       256       256       256         1
  1.000000  1.000000  1.000000
orientation T byte_order littleendian
Reading image: talsrcimg_g11.4dfp.img
dimensions:      256       256       256
mmppix:       1.0000   -1.0000   -1.0000
center:     128.0000 -129.0000 -129.0000
fimgreg.f
image alignment mode   2311 decimal      907 hex
parameters
    1.6611  -13.5176    4.6907   -9.6133  -15.8192   -7.8633
    6.8515   -1.7988   -2.1240   12.6104    4.2733  -25.1695
eta,q 0.97051  8.92446
niter,ni,del,rscale     5    3    5.0000    0.8000
parameters
    1.6311  -13.6269    4.9395   -9.8735  -15.6981   -8.3572
    6.8612   -2.0149   -2.5325   12.3380    3.7906  -24.7319
eta,q 0.97044  8.90070
  0.0311  0.0304  0.0305  0.0306  0.0304  0.0303  0.0307  0.0314  0.0303  0.0306  0.0299  0.0302
  0.0302  0.0298  0.0299  0.0301  0.0300  0.0301  0.0301  0.0303  0.0299  0.0300  0.0297  0.0298
  0.0297  0.0295  0.0296  0.0297  0.0297  0.0298  0.0297  0.0297  0.0296  0.0297  0.0296  0.0296
  0.0295  0.0295  0.0295  0.0295  0.0295  0.0295  0.0296  0.0296  0.0296  0.0296  0.0296  0.0296
  0.0297  0.0297  0.0295  0.0296  0.0295  0.0295  0.0297  0.0299  0.0297  0.0297  0.0296  0.0296
  0.0303  0.0301  0.0297  0.0301  0.0298  0.0301  0.0301  0.0306  0.0301  0.0302  0.0298  0.0297
  0.0312  0.0306  0.0300  0.0311  0.0304  0.0312  0.0308  0.0317  0.0306  0.0308  0.0300  0.0300
niter,ni,del,rscale     4    3    5.0000    0.7000
parameters
    1.6797  -13.7398    4.8638   -9.7991  -15.5379   -8.3301
    6.8426   -1.8899   -2.4285   12.0804    3.7498  -24.7752
eta,q 0.97047  8.90731
  0.0309  0.0302  0.0300  0.0305  0.0303  0.0301  0.0304  0.0312  0.0302  0.0303  0.0298  0.0299
  0.0302  0.0298  0.0297  0.0301  0.0299  0.0300  0.0300  0.0302  0.0299  0.0299  0.0297  0.0297
  0.0297  0.0296  0.0296  0.0297  0.0297  0.0298  0.0296  0.0297  0.0296  0.0296  0.0296  0.0296
  0.0296  0.0296  0.0295  0.0295  0.0295  0.0295  0.0295  0.0295  0.0295  0.0295  0.0295  0.0295
  0.0297  0.0297  0.0296  0.0296  0.0296  0.0294  0.0296  0.0297  0.0296  0.0297  0.0296  0.0296
  0.0300  0.0300  0.0298  0.0299  0.0298  0.0297  0.0299  0.0302  0.0298  0.0300  0.0297  0.0297
  0.0307  0.0305  0.0301  0.0306  0.0302  0.0304  0.0305  0.0309  0.0302  0.0305  0.0298  0.0299
niter,ni,del,rscale     3    3    5.0000    0.6000
parameters
    1.6989  -13.8130    4.8696   -9.6597  -15.2805   -7.9003
    6.6834   -1.7220   -2.4750   11.8097    4.2089  -24.9560
eta,q 0.97058  8.94045
  0.0305  0.0301  0.0299  0.0303  0.0301  0.0301  0.0301  0.0307  0.0299  0.0300  0.0297  0.0297
  0.0300  0.0297  0.0297  0.0299  0.0298  0.0299  0.0297  0.0300  0.0297  0.0297  0.0296  0.0295
  0.0296  0.0296  0.0296  0.0297  0.0296  0.0298  0.0295  0.0296  0.0295  0.0295  0.0295  0.0294
  0.0295  0.0295  0.0295  0.0295  0.0295  0.0295  0.0294  0.0294  0.0294  0.0294  0.0294  0.0294
  0.0296  0.0296  0.0296  0.0295  0.0295  0.0294  0.0295  0.0295  0.0295  0.0295  0.0294  0.0295
  0.0299  0.0298  0.0297  0.0298  0.0297  0.0296  0.0298  0.0299  0.0297  0.0298  0.0295  0.0296
  0.0304  0.0302  0.0299  0.0303  0.0300  0.0300  0.0302  0.0305  0.0300  0.0302  0.0296  0.0298
niter,ni,del,rscale     2    3    5.0000    0.5000
parameters
    1.7021  -13.9130    4.9632   -9.4567  -14.9303   -7.3192
    6.5065   -1.5946   -2.6910   11.4433    4.6206  -24.9511
eta,q 0.97071  8.98268
  0.0301  0.0298  0.0298  0.0300  0.0299  0.0300  0.0297  0.0303  0.0296  0.0297  0.0296  0.0296
  0.0297  0.0296  0.0296  0.0297  0.0297  0.0299  0.0295  0.0298  0.0294  0.0294  0.0294  0.0294
  0.0295  0.0294  0.0295  0.0295  0.0295  0.0296  0.0293  0.0294  0.0293  0.0293  0.0293  0.0293
  0.0294  0.0294  0.0294  0.0294  0.0294  0.0294  0.0293  0.0293  0.0293  0.0293  0.0293  0.0293
  0.0295  0.0295  0.0294  0.0294  0.0294  0.0293  0.0294  0.0294  0.0294  0.0294  0.0293  0.0293
  0.0297  0.0297  0.0295  0.0296  0.0295  0.0294  0.0296  0.0297  0.0295  0.0296  0.0293  0.0294
  0.0301  0.0299  0.0296  0.0299  0.0297  0.0298  0.0299  0.0301  0.0297  0.0299  0.0295  0.0295
niter,ni,del,rscale     1    3    5.0000    0.4000
parameters
    1.7089  -14.0334    5.1985   -9.3340  -14.6050   -6.7385
    6.3817   -1.5270   -2.9068   11.0437    4.7272  -24.7240
eta,q 0.97083  9.01938
  0.0297  0.0295  0.0296  0.0297  0.0296  0.0299  0.0295  0.0298  0.0294  0.0294  0.0293  0.0294
  0.0295  0.0294  0.0295  0.0295  0.0294  0.0297  0.0293  0.0295  0.0293  0.0293  0.0293  0.0293
  0.0294  0.0293  0.0293  0.0293  0.0293  0.0295  0.0292  0.0293  0.0292  0.0292  0.0292  0.0292
  0.0293  0.0293  0.0293  0.0293  0.0293  0.0293  0.0292  0.0292  0.0292  0.0292  0.0292  0.0292
  0.0293  0.0294  0.0293  0.0293  0.0293  0.0292  0.0292  0.0292  0.0292  0.0293  0.0292  0.0292
  0.0295  0.0295  0.0293  0.0294  0.0293  0.0293  0.0294  0.0294  0.0293  0.0294  0.0292  0.0292
  0.0297  0.0297  0.0294  0.0296  0.0295  0.0296  0.0296  0.0298  0.0295  0.0296  0.0293  0.0293
registration optimization eta report
parameter search radius
    0.8000    0.8000    0.8000    2.4000    2.4000    2.4000
    2.4000    2.4000    2.4000    2.4000    2.4000    2.4000
100000*second partial in parameter space
       68.       45.       34.        7.        5.        9.
        6.       11.        4.        6.        3.        3.
  0.0297  0.0295  0.0296  0.0297  0.0296  0.0299  0.0295  0.0298  0.0294  0.0294  0.0293  0.0294
  0.0295  0.0294  0.0295  0.0295  0.0294  0.0297  0.0293  0.0295  0.0293  0.0293  0.0293  0.0293
  0.0294  0.0293  0.0293  0.0293  0.0293  0.0295  0.0292  0.0293  0.0292  0.0292  0.0292  0.0292
  0.0293  0.0293  0.0293  0.0293  0.0293  0.0293  0.0292  0.0292  0.0292  0.0292  0.0292  0.0292
  0.0293  0.0294  0.0293  0.0293  0.0293  0.0292  0.0292  0.0292  0.0292  0.0293  0.0292  0.0292
  0.0295  0.0295  0.0293  0.0294  0.0293  0.0293  0.0294  0.0294  0.0293  0.0294  0.0292  0.0292
  0.0297  0.0297  0.0294  0.0296  0.0295  0.0296  0.0296  0.0298  0.0295  0.0296  0.0293  0.0293
    1.7089  -14.0334    5.1985   -9.3340  -14.6050   -6.7385
    6.3817   -1.5270   -2.9068   11.0437    4.7272  -24.7240
eta,q 0.97083  9.01938

---------------------------------------------------------------------
compute_vox2vox talsrcimg talsrcimg_to_711-2C_as_mni_average_305_t4 /opt/freesurfer/average/711-2C_as_mni_average_305
---------------------------------------------------------------------

freesurfer compute_vox2vox.c
Reading: talsrcimg.4dfp.ifh
Reading: talsrcimg_to_711-2C_as_mni_average_305_t4
Reading: /opt/freesurfer/average/711-2C_as_mni_average_305.4dfp.ifh
Writing: talsrcimg_to_711-2C_as_mni_average_305_t4_vox2vox.txt

start time Fri Mar 6 10:28:02 CET 2026
end		time Fri Mar 6 10:29:27 CET 2026

mpr2mni305 success

avi2talxfm orig_nu.mgz /opt/freesurfer/average/mni305.cor.mgz talsrcimg_to_711-2C_as_mni_average_305_t4_vox2vox.txt transforms/talairach.auto.xfm
avi2talxfm done
mv -f /out/sourcedata/freesurfer/sub-v1s10x0051057_ses-1/mri/talsrcimg_to_711-2C_as_mni_average_305_t4_vox2vox.txt /out/sourcedata/freesurfer/sub-v1s10x0051057_ses-1/mri/transforms/talsrcimg_to_711-2C_as_mni_average_305_t4_vox2vox.txt
lta_convert --src orig_nu.mgz --trg /opt/freesurfer/average/mni305.cor.mgz --inxfm transforms/talairach.auto.xfm --outlta transforms/talairach.auto.xfm.lta --subject fsaverage
7.3.2

--src: orig_nu.mgz src image (geometry).
--trg: /opt/freesurfer/average/mni305.cor.mgz trg image (geometry).
--inmni: transforms/talairach.auto.xfm input MNI/XFM transform.
--outlta: transforms/talairach.auto.xfm.lta output LTA.
--s: fsaverage subject name
 LTA read, type : 1
 1.09917   0.02681  -0.07438   0.36276;
-0.04428   1.03563   0.30315  -2.92590;
 0.04314  -0.13302   1.12929   13.83083;
 0.00000   0.00000   0.00000   1.00000;
setting subject to fsaverage
Writing  LTA to file transforms/talairach.auto.xfm.lta...
lta_convert successful.
 
 
Started at Fri Mar 6 10:28:01 CET 2026
Ended   at Fri Mar  6 10:29:28 CET 2026
talairach_avi done
