status file for recon-all
Sat Mar  7 02:34:41 CET 2026
#@# MotionCor Sat Mar  7 02:34:43 CET 2026
#@# Talairach Sat Mar  7 02:34:50 CET 2026
#@# Talairach Failure Detection Sat Mar  7 02:39:14 CET 2026
#@# Nu Intensity Correction Sat Mar  7 02:39:14 CET 2026
#@# Intensity Normalization Sat Mar  7 02:42:28 CET 2026
recon-all -s sub-v1s18x0051249_ses-1 finished without error at Sat Mar  7 02:43:48 CET 2026



#New# invocation of recon-all 



status file for recon-all
Sat Mar  7 02:50:50 CET 2026
#@# EM Registration Sat Mar  7 02:50:50 CET 2026
recon-all -s sub-v1s18x0051249_ses-1 finished without error at Sat Mar  7 02:52:29 CET 2026



#New# invocation of recon-all 



status file for recon-all
Sat Mar  7 02:52:32 CET 2026
#@# CA Normalize Sat Mar  7 02:52:32 CET 2026
#@# CA Reg Sat Mar  7 02:53:50 CET 2026
#@# SubCort Seg Sat Mar  7 03:34:45 CET 2026
#@# CC Seg Sat Mar  7 04:03:09 CET 2026
#@# Merge ASeg Sat Mar  7 04:03:49 CET 2026
#@# Intensity Normalization2 Sat Mar  7 04:03:49 CET 2026
#@# Mask BFS Sat Mar  7 04:05:56 CET 2026
#@# WM Segmentation Sat Mar  7 04:05:57 CET 2026
#@# Fill Sat Mar  7 04:07:47 CET 2026
recon-all -s sub-v1s18x0051249_ses-1 finished without error at Sat Mar  7 04:08:46 CET 2026



#New# invocation of recon-all 



status file for recon-all
Sat Mar  7 04:46:56 CET 2026
#@# white curv lh Sat Mar  7 04:46:56 CET 2026
#@# white area lh Sat Mar  7 04:46:56 CET 2026
#@# pial curv lh Sat Mar  7 04:46:56 CET 2026
#@# pial area lh Sat Mar  7 04:46:56 CET 2026
#@# thickness lh Sat Mar  7 04:46:56 CET 2026
#@# area and vertex vol lh Sat Mar  7 04:46:56 CET 2026
#@# white curv rh Sat Mar  7 04:46:56 CET 2026
#@# white area rh Sat Mar  7 04:46:56 CET 2026
#@# pial curv rh Sat Mar  7 04:46:56 CET 2026
#@# pial area rh Sat Mar  7 04:46:56 CET 2026
#@# thickness rh Sat Mar  7 04:46:56 CET 2026
#@# area and vertex vol rh Sat Mar  7 04:46:56 CET 2026
#@# Cortical ribbon mask Sat Mar  7 04:46:56 CET 2026
recon-all -s sub-v1s18x0051249_ses-1 finished without error at Sat Mar  7 04:51:54 CET 2026



#New# invocation of recon-all 



status file for recon-all
Sat Mar  7 04:58:05 CET 2026
#@# white curv lh Sat Mar  7 04:58:05 CET 2026
#@# white area lh Sat Mar  7 04:58:05 CET 2026
#@# pial curv lh Sat Mar  7 04:58:05 CET 2026
#@# pial area lh Sat Mar  7 04:58:05 CET 2026
#@# thickness lh Sat Mar  7 04:58:05 CET 2026
#@# area and vertex vol lh Sat Mar  7 04:58:05 CET 2026
#@# white curv rh Sat Mar  7 04:58:05 CET 2026
#@# white area rh Sat Mar  7 04:58:05 CET 2026
#@# pial curv rh Sat Mar  7 04:58:05 CET 2026
#@# pial area rh Sat Mar  7 04:58:05 CET 2026
#@# thickness rh Sat Mar  7 04:58:05 CET 2026
#@# area and vertex vol rh Sat Mar  7 04:58:05 CET 2026
#@# Curvature Stats lh Sat Mar  7 04:58:05 CET 2026
#@# Curvature Stats rh Sat Mar  7 04:58:07 CET 2026
#@# Relabel Hypointensities Sat Mar  7 04:58:09 CET 2026
#@# APas-to-ASeg Sat Mar  7 04:58:25 CET 2026
#@# AParc-to-ASeg aparc Sat Mar  7 04:58:32 CET 2026
#@# AParc-to-ASeg aparc.a2009s Sat Mar  7 04:59:15 CET 2026
#@# AParc-to-ASeg aparc.DKTatlas Sat Mar  7 04:59:58 CET 2026
#@# WMParc Sat Mar  7 05:00:42 CET 2026
#@# ASeg Stats Sat Mar  7 05:04:14 CET 2026
recon-all -s sub-v1s18x0051249_ses-1 finished without error at Sat Mar  7 05:04:46 CET 2026
