status file for recon-all
Fri Mar  6 18:25:26 CET 2026
#@# Tessellate rh Fri Mar  6 18:25:26 CET 2026
#@# Smooth1 rh Fri Mar  6 18:25:28 CET 2026
#@# Inflation1 rh Fri Mar  6 18:25:31 CET 2026
#@# QSphere rh Fri Mar  6 18:25:45 CET 2026
#@# Fix Topology rh Fri Mar  6 18:26:57 CET 2026
#@# Smooth2 rh Fri Mar  6 18:43:44 CET 2026
#@# Inflation2 rh Fri Mar  6 18:43:47 CET 2026
#@# Curv .H and .K rh Fri Mar  6 18:43:59 CET 2026
#@# Sphere rh Fri Mar  6 18:44:40 CET 2026
#@# Surf Reg rh Fri Mar  6 18:48:33 CET 2026
#@# Jacobian white rh Fri Mar  6 18:54:14 CET 2026
#@# AvgCurv rh Fri Mar  6 18:54:15 CET 2026
#@# Cortical Parc rh Fri Mar  6 18:54:15 CET 2026
#@# white curv rh Fri Mar  6 19:01:27 CET 2026
#@# white area rh Fri Mar  6 19:01:28 CET 2026
#@# pial curv rh Fri Mar  6 19:01:29 CET 2026
#@# pial area rh Fri Mar  6 19:01:31 CET 2026
#@# thickness rh Fri Mar  6 19:01:32 CET 2026
#@# area and vertex vol rh Fri Mar  6 19:01:54 CET 2026
#@# Curvature Stats rh Fri Mar  6 19:01:55 CET 2026
#@# Cortical Parc 2 rh Fri Mar  6 19:01:57 CET 2026
#@# Cortical Parc 3 rh Fri Mar  6 19:02:08 CET 2026
#@# WM/GM Contrast rh Fri Mar  6 19:02:17 CET 2026
recon-all -s sub-v1s10x0051152_ses-1 finished without error at Fri Mar  6 19:02:20 CET 2026



#New# invocation of recon-all 



status file for recon-all
Fri Mar  6 19:09:26 CET 2026
#@# white curv rh Fri Mar  6 19:09:26 CET 2026
#@# white area rh Fri Mar  6 19:09:26 CET 2026
#@# pial curv rh Fri Mar  6 19:09:26 CET 2026
#@# pial area rh Fri Mar  6 19:09:26 CET 2026
#@# thickness rh Fri Mar  6 19:09:26 CET 2026
#@# area and vertex vol rh Fri Mar  6 19:09:26 CET 2026
#@# Parcellation Stats rh Fri Mar  6 19:09:26 CET 2026
#@# Parcellation Stats 2 rh Fri Mar  6 19:09:44 CET 2026
#@# Parcellation Stats 3 rh Fri Mar  6 19:09:53 CET 2026
#@# BA_exvivo Labels rh Fri Mar  6 19:10:02 CET 2026
recon-all -s sub-v1s10x0051152_ses-1 finished without error at Fri Mar  6 19:12:22 CET 2026
