/out/sourcedata/freesurfer/sub-v1s11x0050165_ses-1/mri
/opt/freesurfer/bin/talairach_avi
--i orig_nu.mgz --xfm transforms/talairach.auto.xfm
talairach_avi 7.3.2
Linux dna023 5.14.0-427.37.1.el9_4.x86_64 #1 SMP PREEMPT_DYNAMIC Fri Sep 13 12:41:50 EDT 2024 x86_64 x86_64 x86_64 GNU/Linux
Fri Mar  6 18:36:19 CET 2026
mri_convert orig_nu.mgz talsrcimg.img 
reading from orig_nu.mgz...
TR=0.00, TE=0.00, TI=0.00, flip angle=0.00
i_ras = (-1, 3.33239e-09, 0)
j_ras = (0, 2.32831e-10, -1)
k_ras = (4.11819e-09, 1, -2.32831e-10)
writing to talsrcimg.img...
Analyze Output Matrix
-1.00000   0.00000   0.00000   131.99728;
 0.00000   0.00000   1.00000  -126.25809;
 0.00000  -1.00000  -0.00000   144.87872;
 0.00000   0.00000   0.00000   1.00000;
--------------------
INFO: set hdr.hist.orient to -1
mpr2mni305 talsrcimg
Fri Mar  6 18:36:19 CET 2026
/opt/freesurfer/bin/mpr2mni305 talsrcimg
mpr2mni305 7.3.2
target=711-2C_as_mni_average_305

---------------------------------------------------------------------
analyzeto4dfp talsrcimg -O0 -y
---------------------------------------------------------------------

freesurfer ifh2hdr.c
Fri Mar  6 18:36:19 2026
Writing: talsrcimg.4dfp.hdr
freesurfer analyzeto4dfp.c
Reading: talsrcimg.hdr
header size 348 bytes
hdr.dime.datatype	offset=70	value=2
hdr.dime.bitpix		offset=72	value=8
hdr.hist.orient		offset=252	value=-1
dimensionality     4
dimensions       256       256       256         1
Reading: talsrcimg.img
Writing: talsrcimg.4dfp.img
Writing: talsrcimg.4dfp.ifh
ifh2hdr talsrcimg -r0to206
ori=2

---------------------------------------------------------------------
gauss_4dfp talsrcimg 1.1
---------------------------------------------------------------------

freesurfer gauss_4dfp.c
Reading: talsrcimg.4dfp.img
Writing: talsrcimg_g11.4dfp.img
image dimensions 256 256 256 padded to 288 288 288
processing volume 1freesurfer ifh2hdr.c
Fri Mar  6 18:36:21 2026
Writing: talsrcimg_g11.4dfp.hdr

Writing: talsrcimg_g11.4dfp.ifh
including: talsrcimg.4dfp.img.rec in talsrcimg_g11.4dfp.img.rec

---------------------------------------------------------------------
imgreg_4dfp /opt/freesurfer/average/711-2C_as_mni_average_305 none talsrcimg_g11 none talsrcimg_to_711-2C_as_mni_average_305_t4 4355
---------------------------------------------------------------------

freesurfer imgreg_4dfp.c
/opt/freesurfer/average/711-2C_as_mni_average_305.4dfp.img
       256       256       256         1
  1.000000  1.000000  1.000000
orientation T byte_order littleendian
Reading image: /opt/freesurfer/average/711-2C_as_mni_average_305.4dfp.img
dimensions:      256       256       256
mmppix:       1.0000   -1.0000   -1.0000
center:     128.0000 -129.0000 -129.0000
talsrcimg_g11.4dfp.img
       256       256       256         1
  1.000000  1.000000  1.000000
orientation T byte_order littleendian
Reading image: talsrcimg_g11.4dfp.img
dimensions:      256       256       256
mmppix:       1.0000   -1.0000   -1.0000
center:     128.0000 -129.0000 -129.0000
t4_read: open error in t4_sub.f l:  41 t4_file(1:l)talsrcimg_to_711-2C_as_mni_average_305_t4 
t4_read: transform initialized to I4
rotation matrix determinant  1.000000
image alignment mode   4355 decimal     1103 hex
   -7.5000  -45.0000  -45.0000 7589.5640   18.0991
    0.0000  -45.0000  -45.0000 7934.1870   18.0917
    7.5000  -45.0000  -45.0000 7616.6704   18.0788
   -7.5000  -37.5000  -45.0000 8099.7988   18.0201
    0.0000  -37.5000  -45.0000 8468.7402   18.0112
    7.5000  -37.5000  -45.0000 8132.5381   17.9994
   -7.5000  -30.0000  -45.0000 8927.3350   17.9848
    0.0000  -30.0000  -45.0000 9346.9365   17.9790
    7.5000  -30.0000  -45.0000 8967.3574   17.9657
   -7.5000  -22.5000  -45.0000 9642.3828   17.9817
    0.0000  -22.5000  -45.000010092.4326   17.9801
    7.5000  -22.5000  -45.0000 9667.7998   17.9648
   -7.5000  -15.0000  -45.000010270.2441   18.0015
    0.0000  -15.0000  -45.000010767.0732   18.0012
    7.5000  -15.0000  -45.000010315.0771   17.9851
   -7.5000   -7.5000  -45.000010880.0684   18.0265
    0.0000   -7.5000  -45.000011393.0791   18.0235
    7.5000   -7.5000  -45.000010899.5742   18.0085
   -7.5000    0.0000  -45.000011383.6104   18.0312
    0.0000    0.0000  -45.000011917.7041   18.0240
    7.5000    0.0000  -45.000011381.1660   18.0110
   -7.5000    7.5000  -45.000011057.1357   18.0094
    0.0000    7.5000  -45.000011546.4395   18.0005
    7.5000    7.5000  -45.000011052.8291   17.9885
   -7.5000   15.0000  -45.000010644.7881   17.9848
    0.0000   15.0000  -45.000011100.3271   17.9790
    7.5000   15.0000  -45.000010632.8486   17.9657
   -7.5000   22.5000  -45.000010121.7949   17.9792
    0.0000   22.5000  -45.000010547.2100   17.9776
    7.5000   22.5000  -45.000010119.5869   17.9624
   -7.5000   30.0000  -45.0000 9313.8662   17.7617
    0.0000   30.0000  -45.0000 9681.0596   17.7613
    7.5000   30.0000  -45.0000 9282.4805   17.7454
   -7.5000   37.5000  -45.0000 8772.7129   17.7863
    0.0000   37.5000  -45.0000 9127.0186   17.7833
    7.5000   37.5000  -45.0000 8748.8145   17.7685
   -7.5000   45.0000  -45.0000 7960.7949   17.3392
    0.0000   45.0000  -45.0000 8279.3193   17.3322
    7.5000   45.0000  -45.0000 7946.1929   17.3198
   -7.5000  -45.0000  -37.5000 8122.4541   17.9407
    0.0000  -45.0000  -37.5000 8490.1191   17.9284
    7.5000  -45.0000  -37.5000 8147.2324   17.9092
   -7.5000  -37.5000  -37.5000 8674.5244   17.8682
    0.0000  -37.5000  -37.5000 9076.5186   17.8607
    7.5000  -37.5000  -37.5000 8707.6133   17.8449
   -7.5000  -30.0000  -37.5000 9549.1748   17.8421
    0.0000  -30.0000  -37.5000 9991.9473   17.8386
    7.5000  -30.0000  -37.5000 9577.6201   17.8231
   -7.5000  -22.5000  -37.500010313.5264   17.8440
    0.0000  -22.5000  -37.500010772.2529   17.8378
    7.5000  -22.5000  -37.500010332.4189   17.8187
   -7.5000  -15.0000  -37.500010969.8047   17.8611
    0.0000  -15.0000  -37.500011465.1641   17.8498
    7.5000  -15.0000  -37.500010989.7754   17.8271
   -7.5000   -7.5000  -37.500011582.9639   17.8760
    0.0000   -7.5000  -37.500012098.1348   17.8625
    7.5000   -7.5000  -37.500011566.6406   17.8400
   -7.5000    0.0000  -37.500012088.4268   17.8743
    0.0000    0.0000  -37.500012622.5918   17.8621
    7.5000    0.0000  -37.500012069.7754   17.8428
   -7.5000    7.5000  -37.500011748.4033   17.8575
    0.0000    7.5000  -37.500012257.4111   17.8501
    7.5000    7.5000  -37.500011732.0869   17.8342
   -7.5000   15.0000  -37.500011287.0576   17.8421
    0.0000   15.0000  -37.500011770.5391   17.8386
    7.5000   15.0000  -37.500011273.9951   17.8231
   -7.5000   22.5000  -37.500010729.9043   17.8415
    0.0000   22.5000  -37.500011165.1465   17.8354
    7.5000   22.5000  -37.500010710.8555   17.8163
   -7.5000   30.0000  -37.5000 9851.9746   17.6231
    0.0000   30.0000  -37.500010217.7500   17.6119
    7.5000   30.0000  -37.5000 9804.5625   17.5895
   -7.5000   37.5000  -37.5000 9264.3818   17.6378
    0.0000   37.5000  -37.5000 9605.1201   17.6245
    7.5000   37.5000  -37.5000 9205.1357   17.6022
   -7.5000   45.0000  -37.5000 8390.5010   17.1883
    0.0000   45.0000  -37.5000 8718.0195   17.1765
    7.5000   45.0000  -37.5000 8347.7197   17.1580
   -7.5000  -45.0000  -30.0000 8806.8770   18.6593
    0.0000  -45.0000  -30.0000 9210.9326   18.6494
    7.5000  -45.0000  -30.0000 8861.3936   18.6290
   -7.5000  -37.5000  -30.0000 9415.5049   18.5810
    0.0000  -37.5000  -30.0000 9829.8799   18.5784
    7.5000  -37.5000  -30.0000 9450.5693   18.5617
   -7.5000  -30.0000  -30.000010346.4736   18.5595
    0.0000  -30.0000  -30.000010787.9980   18.5587
    7.5000  -30.0000  -30.000010372.1768   18.5392
   -7.5000  -22.5000  -30.000011145.3115   18.5700
    0.0000  -22.5000  -30.000011630.7832   18.5615
    7.5000  -22.5000  -30.000011183.2383   18.5350
   -7.5000  -15.0000  -30.000011845.7383   18.5904
    0.0000  -15.0000  -30.000012352.8008   18.5747
    7.5000  -15.0000  -30.000011853.8506   18.5443
   -7.5000   -7.5000  -30.000012491.4844   18.6001
    0.0000   -7.5000  -30.000013035.4141   18.5849
    7.5000   -7.5000  -30.000012452.4043   18.5579
   -7.5000    0.0000  -30.000013020.6328   18.5902
    0.0000    0.0000  -30.000013587.1963   18.5805
    7.5000    0.0000  -30.000012984.1709   18.5600
   -7.5000    7.5000  -30.000012637.2744   18.5700
    0.0000    7.5000  -30.000013196.0918   18.5675
    7.5000    7.5000  -30.000012624.4512   18.5507
   -7.5000   15.0000  -30.000012102.8740   18.5595
    0.0000   15.0000  -30.000012622.6729   18.5587
    7.5000   15.0000  -30.000012093.6006   18.5392
   -7.5000   22.5000  -30.000011500.4805   18.5655
    0.0000   22.5000  -30.000011954.1299   18.5570
    7.5000   22.5000  -30.000011451.3750   18.5305
   -7.5000   30.0000  -30.000010553.7432   18.3444
    0.0000   30.0000  -30.000010946.2471   18.3289
    7.5000   30.0000  -30.000010463.7471   18.2989
   -7.5000   37.5000  -30.0000 9909.0576   18.3540
    0.0000   37.5000  -30.000010259.0068   18.3390
    7.5000   37.5000  -30.0000 9809.0439   18.3123
   -7.5000   45.0000  -30.0000 8948.1582   17.8898
    0.0000   45.0000  -30.0000 9296.6943   17.8805
    7.5000   45.0000  -30.0000 8899.0283   17.8608
   -7.5000  -45.0000  -22.5000 9509.9180   19.3341
    0.0000  -45.0000  -22.5000 9934.4717   19.3338
    7.5000  -45.0000  -22.5000 9556.9189   19.3194
   -7.5000  -37.5000  -22.500010139.1543   19.2438
    0.0000  -37.5000  -22.500010591.2734   19.2455
    7.5000  -37.5000  -22.500010175.5322   19.2319
   -7.5000  -30.0000  -22.500011119.6445   19.2169
    0.0000  -30.0000  -22.500011606.5576   19.2165
    7.5000  -30.0000  -22.500011157.4873   19.1947
   -7.5000  -22.5000  -22.500011968.4082   19.2303
    0.0000  -22.5000  -22.500012504.1484   19.2249
    7.5000  -22.5000  -22.500012012.8379   19.1945
   -7.5000  -15.0000  -22.500012695.6396   19.2573
    0.0000  -15.0000  -22.500013261.0049   19.2503
    7.5000  -15.0000  -22.500012716.8086   19.2190
   -7.5000   -7.5000  -22.500013372.1348   19.2729
    0.0000   -7.5000  -22.500013965.2432   19.2692
    7.5000   -7.5000  -22.500013345.8027   19.2456
   -7.5000    0.0000  -22.500013991.7559   19.2618
    0.0000    0.0000  -22.500014592.5527   19.2617
    7.5000    0.0000  -22.500013953.2080   19.2471
   -7.5000    7.5000  -22.500013542.9297   19.2327
    0.0000    7.5000  -22.500014148.3086   19.2345
    7.5000    7.5000  -22.500013550.7949   19.2206
   -7.5000   15.0000  -22.500012925.2080   19.2168
    0.0000   15.0000  -22.500013487.6123   19.2165
    7.5000   15.0000  -22.500012919.8848   19.1946
   -7.5000   22.5000  -22.500012236.0078   19.2244
    0.0000   22.5000  -22.500012739.6826   19.2190
    7.5000   22.5000  -22.500012184.6758   19.1886
   -7.5000   30.0000  -22.500011223.1807   19.0054
    0.0000   30.0000  -22.500011664.1396   18.9985
    7.5000   30.0000  -22.500011129.8730   18.9676
   -7.5000   37.5000  -22.500010556.0498   19.0208
    0.0000   37.5000  -22.500010929.7197   19.0171
    7.5000   37.5000  -22.500010431.8818   18.9939
   -7.5000   45.0000  -22.5000 9531.0898   18.5501
    0.0000   45.0000  -22.5000 9887.2930   18.5499
    7.5000   45.0000  -22.5000 9446.5898   18.5359
   -7.5000  -45.0000  -15.000010226.0215   19.8484
    0.0000  -45.0000  -15.000010677.8877   19.8549
    7.5000  -45.0000  -15.000010256.8018   19.8474
   -7.5000  -37.5000  -15.000010871.7920   19.7480
    0.0000  -37.5000  -15.000011360.9199   19.7494
    7.5000  -37.5000  -15.000010898.2715   19.7401
   -7.5000  -30.0000  -15.000011889.1504   19.7099
    0.0000  -30.0000  -15.000012427.6123   19.7080
    7.5000  -30.0000  -15.000011932.6074   19.6887
   -7.5000  -22.5000  -15.000012758.5332   19.7189
    0.0000  -22.5000  -15.000013350.4082   19.7193
    7.5000  -22.5000  -15.000012819.7627   19.6928
   -7.5000  -15.0000  -15.000013534.7754   19.7505
    0.0000  -15.0000  -15.000014148.1084   19.7565
    7.5000  -15.0000  -15.000013584.8301   19.7319
   -7.5000   -7.5000  -15.000014259.9609   19.7783
    0.0000   -7.5000  -15.000014871.5957   19.7873
    7.5000   -7.5000  -15.000014277.5342   19.7715
   -7.5000    0.0000  -15.000014914.1924   19.7735
    0.0000    0.0000  -15.000015578.1074   19.7801
    7.5000    0.0000  -15.000014910.9521   19.7724
   -7.5000    7.5000  -15.000014463.2275   19.7366
    0.0000    7.5000  -15.000015117.3711   19.7381
    7.5000    7.5000  -15.000014462.2549   19.7287
   -7.5000   15.0000  -15.000013784.1055   19.7098
    0.0000   15.0000  -15.000014373.6230   19.7080
    7.5000   15.0000  -15.000013741.4287   19.6887
   -7.5000   22.5000  -15.000013005.2314   19.7119
    0.0000   22.5000  -15.000013539.4102   19.7123
    7.5000   22.5000  -15.000012918.0391   19.6858
   -7.5000   30.0000  -15.000011920.6445   19.4949
    0.0000   30.0000  -15.000012391.9229   19.5008
    7.5000   30.0000  -15.000011826.6025   19.4766
   -7.5000   37.5000  -15.000011205.0928   19.5223
    0.0000   37.5000  -15.000011616.8389   19.5312
    7.5000   37.5000  -15.000011080.2373   19.5156
   -7.5000   45.0000  -15.000010131.9531   19.0543
    0.0000   45.0000  -15.000010486.5791   19.0607
    7.5000   45.0000  -15.000010003.7275   19.0533
   -7.5000  -45.0000   -7.500010975.7734   20.0973
    0.0000  -45.0000   -7.500011468.0000   20.0992
    7.5000  -45.0000   -7.500011001.6660   20.0913
   -7.5000  -37.5000   -7.500011642.8145   19.9993
    0.0000  -37.5000   -7.500012180.4883   19.9947
    7.5000  -37.5000   -7.500011674.1406   19.9854
   -7.5000  -30.0000   -7.500012711.2061   19.9558
    0.0000  -30.0000   -7.500013301.5557   19.9511
    7.5000  -30.0000   -7.500012756.8564   19.9350
   -7.5000  -22.5000   -7.500013616.6230   19.9564
    0.0000  -22.5000   -7.500014252.5771   19.9585
    7.5000  -22.5000   -7.500013673.5420   19.9386
   -7.5000  -15.0000   -7.500014379.7422   19.9848
    0.0000  -15.0000   -7.500015051.7852   19.9935
    7.5000  -15.0000   -7.500014466.2891   19.9754
   -7.5000   -7.5000   -7.500015124.5918   20.0181
    0.0000   -7.5000   -7.500015792.4766   20.0265
    7.5000   -7.5000   -7.500015196.0068   20.0137
   -7.5000    0.0000   -7.500015858.5537   20.0215
    0.0000    0.0000   -7.500016568.5586   20.0236
    7.5000    0.0000   -7.500015874.0488   20.0155
   -7.5000    7.5000   -7.500015387.8174   19.9876
    0.0000    7.5000   -7.500016071.7168   19.9832
    7.5000    7.5000   -7.500015360.2041   19.9737
   -7.5000   15.0000   -7.500014645.7715   19.9558
    0.0000   15.0000   -7.500015277.2490   19.9511
    7.5000   15.0000   -7.500014586.7725   19.9350
   -7.5000   22.5000   -7.500013767.2910   19.9472
    0.0000   22.5000   -7.500014338.2148   19.9493
    7.5000   22.5000   -7.500013669.2676   19.9294
   -7.5000   30.0000   -7.500012600.7705   19.7257
    0.0000   30.0000   -7.500013116.1250   19.7342
    7.5000   30.0000   -7.500012500.3291   19.7163
   -7.5000   37.5000   -7.500011830.8623   19.7585
    0.0000   37.5000   -7.500012316.2070   19.7668
    7.5000   37.5000   -7.500011736.1035   19.7542
   -7.5000   45.0000   -7.500010714.3379   19.2969
    0.0000   45.0000   -7.500011109.9277   19.2989
    7.5000   45.0000   -7.500010608.1650   19.2911
   -7.5000  -45.0000    0.000011651.0049   20.1099
    0.0000  -45.0000    0.000012175.5713   20.1019
    7.5000  -45.0000    0.000011679.2178   20.0872
   -7.5000  -37.5000    0.000012339.1064   20.0228
    0.0000  -37.5000    0.000012921.3232   20.0131
    7.5000  -37.5000    0.000012386.1846   19.9994
   -7.5000  -30.0000    0.000013451.9209   19.9838
    0.0000  -30.0000    0.000014073.7783   19.9776
    7.5000  -30.0000    0.000013510.7363   19.9623
   -7.5000  -22.5000    0.000014383.6846   19.9801
    0.0000  -22.5000    0.000015035.8271   19.9785
    7.5000  -22.5000    0.000014454.7412   19.9611
   -7.5000  -15.0000    0.000015146.7939   20.0018
    0.0000  -15.0000    0.000015822.1084   20.0016
    7.5000  -15.0000    0.000015231.2666   19.9832
   -7.5000   -7.5000    0.000015951.6514   20.0294
    0.0000   -7.5000    0.000016611.1367   20.0262
    7.5000   -7.5000    0.000015996.4648   20.0091
   -7.5000    0.0000    0.000016703.6777   20.0348
    0.0000    0.0000    0.000017447.9336   20.0269
    7.5000    0.0000    0.000016721.6797   20.0122
   -7.5000    7.5000    0.000016208.8857   20.0109
    0.0000    7.5000    0.000016897.3984   20.0013
    7.5000    7.5000    0.000016188.0625   19.9874
   -7.5000   15.0000    0.000015350.9668   19.9838
    0.0000   15.0000    0.000015988.6982   19.9776
    7.5000   15.0000    0.000015312.9756   19.9623
   -7.5000   22.5000    0.000014359.8584   19.9709
    0.0000   22.5000    0.000014942.9111   19.9693
    7.5000   22.5000    0.000014292.2861   19.9519
   -7.5000   30.0000    0.000013159.6660   19.7429
    0.0000   30.0000    0.000013669.0156   19.7427
    7.5000   30.0000    0.000013066.8184   19.7246
   -7.5000   37.5000    0.000012391.9756   19.7701
    0.0000   37.5000    0.000012863.1689   19.7671
    7.5000   37.5000    0.000012299.4736   19.7501
   -7.5000   45.0000    0.000011235.8193   19.3112
    0.0000   45.0000    0.000011644.5391   19.3036
    7.5000   45.0000    0.000011148.1045   19.2894
   -7.5000  -45.0000    7.500011404.5215   20.0594
    0.0000  -45.0000    7.500011926.7373   20.0458
    7.5000  -45.0000    7.500011434.1973   20.0245
   -7.5000  -37.5000    7.500012052.2754   19.9784
    0.0000  -37.5000    7.500012625.6465   19.9702
    7.5000  -37.5000    7.500012109.6738   19.9527
   -7.5000  -30.0000    7.500013103.5859   19.9493
    0.0000  -30.0000    7.500013724.5205   19.9455
    7.5000  -30.0000    7.500013178.6660   19.9283
   -7.5000  -22.5000    7.500014027.4248   19.9514
    0.0000  -22.5000    7.500014676.1641   19.9446
    7.5000  -22.5000    7.500014097.8457   19.9235
   -7.5000  -15.0000    7.500014789.2842   19.9706
    0.0000  -15.0000    7.500015419.9375   19.9581
    7.5000  -15.0000    7.500014837.7773   19.9328
   -7.5000   -7.5000    7.500015542.1631   19.9872
    0.0000   -7.5000    7.500016203.3643   19.9723
    7.5000   -7.5000    7.500015589.8281   19.9472
   -7.5000    0.0000    7.500016279.3848   19.9852
    0.0000    0.0000    7.500016999.3086   19.9717
    7.5000    0.0000    7.500016331.3311   19.9504
   -7.5000    7.5000    7.500015797.3535   19.9665
    0.0000    7.5000    7.500016467.6836   19.9583
    7.5000    7.5000    7.500015848.8105   19.9407
   -7.5000   15.0000    7.500014892.2207   19.9493
    0.0000   15.0000    7.500015525.6836   19.9454
    7.5000   15.0000    7.500014978.8994   19.9283
   -7.5000   22.5000    7.500013910.4688   19.9422
    0.0000   22.5000    7.500014441.9785   19.9355
    7.5000   22.5000    7.500013932.1006   19.9143
   -7.5000   30.0000    7.500012755.7852   19.7121
    0.0000   30.0000    7.500013207.8926   19.6998
    7.5000   30.0000    7.500012714.4443   19.6749
   -7.5000   37.5000    7.500012039.5850   19.7285
    0.0000   37.5000    7.500012463.7334   19.7138
    7.5000   37.5000    7.500011979.7041   19.6891
   -7.5000   45.0000    7.500010926.3262   19.2634
    0.0000   45.0000    7.500011313.2344   19.2504
    7.5000   45.0000    7.500010848.0361   19.2299
   -7.5000  -45.0000   15.000011047.0273   20.0370
    0.0000  -45.0000   15.000011557.7402   20.0264
    7.5000  -45.0000   15.000011059.4561   20.0045
   -7.5000  -37.5000   15.000011649.2168   19.9529
    0.0000  -37.5000   15.000012209.6904   19.9502
    7.5000  -37.5000   15.000011696.2148   19.9323
   -7.5000  -30.0000   15.000012624.9883   19.9298
    0.0000  -30.0000   15.000013228.5479   19.9290
    7.5000  -30.0000   15.000012710.1279   19.9080
   -7.5000  -22.5000   15.000013527.0322   19.9411
    0.0000  -22.5000   15.000014151.1211   19.9319
    7.5000  -22.5000   15.000013581.3887   19.9035
   -7.5000  -15.0000   15.000014275.6504   19.9630
    0.0000  -15.0000   15.000014830.3652   19.9462
    7.5000  -15.0000   15.000014329.7734   19.9135
   -7.5000   -7.5000   15.000014953.9102   19.9734
    0.0000   -7.5000   15.000015515.3262   19.9572
    7.5000   -7.5000   15.000015056.1846   19.9281
   -7.5000    0.0000   15.000015691.9590   19.9628
    0.0000    0.0000   15.000016281.1523   19.9524
    7.5000    0.0000   15.000015771.1582   19.9304
   -7.5000    7.5000   15.000015254.5010   19.9411
    0.0000    7.5000   15.000015797.7324   19.9385
    7.5000    7.5000   15.000015326.6367   19.9204
   -7.5000   15.0000   15.000014349.6650   19.9298
    0.0000   15.0000   15.000014905.1504   19.9290
    7.5000   15.0000   15.000014462.7510   19.9080
   -7.5000   22.5000   15.000013378.2861   19.9319
    0.0000   22.5000   15.000013876.8438   19.9228
    7.5000   22.5000   15.000013405.5742   19.8943
   -7.5000   30.0000   15.000012252.1064   19.7047
    0.0000   30.0000   15.000012682.2734   19.6880
    7.5000   30.0000   15.000012211.8652   19.6558
   -7.5000   37.5000   15.000011565.5762   19.7149
    0.0000   37.5000   15.000011975.3682   19.6989
    7.5000   37.5000   15.000011506.3535   19.6702
   -7.5000   45.0000   15.000010488.9473   19.2418
    0.0000   45.0000   15.000010847.7861   19.2318
    7.5000   45.0000   15.000010435.7734   19.2106
   -7.5000  -45.0000   22.500010542.1299   20.0711
    0.0000  -45.0000   22.500011030.0400   20.0709
    7.5000  -45.0000   22.500010553.6289   20.0559
   -7.5000  -37.5000   22.500011124.6045   19.9774
    0.0000  -37.5000   22.500011633.7461   19.9792
    7.5000  -37.5000   22.500011163.2529   19.9650
   -7.5000  -30.0000   22.500012094.6035   19.9494
    0.0000  -30.0000   22.500012643.0811   19.9491
    7.5000  -30.0000   22.500012156.6172   19.9264
   -7.5000  -22.5000   22.500012930.8301   19.9634
    0.0000  -22.5000   22.500013477.9521   19.9578
    7.5000  -22.5000   22.500012987.8184   19.9262
   -7.5000  -15.0000   22.500013641.9844   19.9914
    0.0000  -15.0000   22.500014196.2080   19.9842
    7.5000  -15.0000   22.500013728.1934   19.9517
   -7.5000   -7.5000   22.500014364.9561   20.0076
    0.0000   -7.5000   22.500014959.6631   20.0038
    7.5000   -7.5000   22.500014472.9492   19.9793
   -7.5000    0.0000   22.500015095.4082   19.9961
    0.0000    0.0000   22.500015694.3428   19.9959
    7.5000    0.0000   22.500015164.0322   19.9808
   -7.5000    7.5000   22.500014674.3555   19.9658
    0.0000    7.5000   22.500015218.8594   19.9677
    7.5000    7.5000   22.500014710.8252   19.9534
   -7.5000   15.0000   22.500013832.0156   19.9494
    0.0000   15.0000   22.500014351.7881   19.9491
    7.5000   15.0000   22.500013879.6895   19.9264
   -7.5000   22.5000   22.500012833.1826   19.9542
    0.0000   22.5000   22.500013300.1582   19.9486
    7.5000   22.5000   22.500012817.7207   19.9171
   -7.5000   30.0000   22.500011714.9082   19.7326
    0.0000   30.0000   22.500012111.7744   19.7255
    7.5000   30.0000   22.500011670.0732   19.6935
   -7.5000   37.5000   22.500011033.3379   19.7486
    0.0000   37.5000   22.500011420.5303   19.7449
    7.5000   37.5000   22.500010998.5254   19.7208
   -7.5000   45.0000   22.5000 9967.0605   19.2739
    0.0000   45.0000   22.500010314.8730   19.2738
    7.5000   45.0000   22.5000 9930.4395   19.2592
   -7.5000  -45.0000   30.0000 9941.9990   20.1745
    0.0000  -45.0000   30.000010384.3164   20.1810
    7.5000  -45.0000   30.0000 9947.6660   20.1733
   -7.5000  -37.5000   30.000010502.2051   20.0722
    0.0000  -37.5000   30.000010988.2412   20.0734
    7.5000  -37.5000   30.000010530.8506   20.0640
   -7.5000  -30.0000   30.000011431.2881   20.0334
    0.0000  -30.0000   30.000011984.2998   20.0314
    7.5000  -30.0000   30.000011470.8799   20.0116
   -7.5000  -22.5000   30.000012254.6973   20.0427
    0.0000  -22.5000   30.000012829.6250   20.0429
    7.5000  -22.5000   30.000012296.7637   20.0158
   -7.5000  -15.0000   30.000012984.2646   20.0749
    0.0000  -15.0000   30.000013572.2646   20.0808
    7.5000  -15.0000   30.000013039.4424   20.0558
   -7.5000   -7.5000   30.000013682.7783   20.1031
    0.0000   -7.5000   30.000014286.9395   20.1122
    7.5000   -7.5000   30.000013735.4150   20.0960
   -7.5000    0.0000   30.000014331.6689   20.0981
    0.0000    0.0000   30.000014953.9912   20.1047
    7.5000    0.0000   30.000014369.2568   20.0969
   -7.5000    7.5000   30.000013929.8701   20.0606
    0.0000    7.5000   30.000014533.3428   20.0620
    7.5000    7.5000   30.000013958.0020   20.0523
   -7.5000   15.0000   30.000013145.4053   20.0334
    0.0000   15.0000   30.000013712.2979   20.0314
    7.5000   15.0000   30.000013186.3164   20.0116
   -7.5000   22.5000   30.000012172.0410   20.0335
    0.0000   22.5000   30.000012657.7441   20.0337
    7.5000   22.5000   30.000012153.0586   20.0066
   -7.5000   30.0000   30.000011101.3047   19.8151
    0.0000   30.0000   30.000011531.7666   19.8209
    7.5000   30.0000   30.000011056.3936   19.7962
   -7.5000   37.5000   30.000010453.2422   19.8429
    0.0000   37.5000   30.000010853.8535   19.8519
    7.5000   37.5000   30.000010408.3115   19.8360
   -7.5000   45.0000   30.0000 9416.2188   19.3723
    0.0000   45.0000   30.0000 9759.1992   19.3786
    7.5000   45.0000   30.0000 9349.9004   19.3711
   -7.5000  -45.0000   37.5000 9626.3281   20.2990
    0.0000  -45.0000   37.500010053.3311   20.3008
    7.5000  -45.0000   37.5000 9626.5391   20.2924
   -7.5000  -37.5000   37.500010191.4033   20.1989
    0.0000  -37.5000   37.500010657.0039   20.1941
    7.5000  -37.5000   37.500010195.5312   20.1843
   -7.5000  -30.0000   37.500011140.8818   20.1545
    0.0000  -30.0000   37.500011663.1807   20.1495
    7.5000  -30.0000   37.500011147.0654   20.1327
   -7.5000  -22.5000   37.500011986.6953   20.1552
    0.0000  -22.5000   37.500012528.0820   20.1571
    7.5000  -22.5000   37.500011991.2441   20.1365
   -7.5000  -15.0000   37.500012711.5645   20.1845
    0.0000  -15.0000   37.500013262.1455   20.1931
    7.5000  -15.0000   37.500012721.8975   20.1743
   -7.5000   -7.5000   37.500013373.4932   20.2185
    0.0000   -7.5000   37.500013953.4082   20.2269
    7.5000   -7.5000   37.500013390.3965   20.2136
   -7.5000    0.0000   37.500013975.9941   20.2218
    0.0000    0.0000   37.500014575.0732   20.2238
    7.5000    0.0000   37.500013983.2217   20.2153
   -7.5000    7.5000   37.500013556.6445   20.1870
    0.0000    7.5000   37.500014149.7988   20.1823
    7.5000    7.5000   37.500013581.6309   20.1723
   -7.5000   15.0000   37.500012814.9180   20.1544
    0.0000   15.0000   37.500013385.5537   20.1494
    7.5000   15.0000   37.500012867.3965   20.1327
   -7.5000   22.5000   37.500011859.9043   20.1459
    0.0000   22.5000   37.500012342.8574   20.1478
    7.5000   22.5000   37.500011870.6436   20.1273
   -7.5000   30.0000   37.500010840.1084   19.9232
    0.0000   30.0000   37.500011261.5537   19.9318
    7.5000   30.0000   37.500010814.7607   19.9132
   -7.5000   37.5000   37.500010207.0215   19.9568
    0.0000   37.5000   37.500010601.2607   19.9651
    7.5000   37.5000   37.500010174.1250   19.9520
   -7.5000   45.0000   37.5000 9181.7422   19.4915
    0.0000   45.0000   37.5000 9540.0977   19.4934
    7.5000   45.0000   37.5000 9139.5312   19.4852
   -7.5000  -45.0000   45.0000 8877.9355   20.3577
    0.0000  -45.0000   45.0000 9248.9297   20.3493
    7.5000  -45.0000   45.0000 8859.9688   20.3341
   -7.5000  -37.5000   45.0000 9407.4658   20.2681
    0.0000  -37.5000   45.0000 9810.8896   20.2580
    7.5000  -37.5000   45.0000 9413.2539   20.2437
   -7.5000  -30.0000   45.000010272.1338   20.2277
    0.0000  -30.0000   45.000010723.4902   20.2213
    7.5000  -30.0000   45.000010275.6895   20.2053
   -7.5000  -22.5000   45.000011061.0586   20.2234
    0.0000  -22.5000   45.000011556.2393   20.2217
    7.5000  -22.5000   45.000011057.3145   20.2035
   -7.5000  -15.0000   45.000011759.3447   20.2455
    0.0000  -15.0000   45.000012280.8330   20.2452
    7.5000  -15.0000   45.000011742.5488   20.2262
   -7.5000   -7.5000   45.000012357.7363   20.2742
    0.0000   -7.5000   45.000012925.3896   20.2710
    7.5000   -7.5000   45.000012355.8584   20.2532
   -7.5000    0.0000   45.000012891.0176   20.2802
    0.0000    0.0000   45.000013486.7598   20.2720
    7.5000    0.0000   45.000012896.1621   20.2567
   -7.5000    7.5000   45.000012508.8652   20.2558
    0.0000    7.5000   45.000013078.3975   20.2458
    7.5000    7.5000   45.000012541.1211   20.2314
   -7.5000   15.0000   45.000011869.8574   20.2277
    0.0000   15.0000   45.000012415.5938   20.2212
    7.5000   15.0000   45.000011917.7764   20.2052
   -7.5000   22.5000   45.000010987.9375   20.2140
    0.0000   22.5000   45.000011454.0635   20.2123
    7.5000   22.5000   45.000011003.9580   20.1941
   -7.5000   30.0000   45.000010045.8223   19.9818
    0.0000   30.0000   45.000010462.2803   19.9815
    7.5000   30.0000   45.000010045.6357   19.9627
   -7.5000   37.5000   45.0000 9468.8438   20.0101
    0.0000   37.5000   45.0000 9861.8789   20.0069
    7.5000   37.5000   45.0000 9455.1982   19.9893
   -7.5000   45.0000   45.0000 8526.7197   19.5566
    0.0000   45.0000   45.0000 8874.5127   19.5487
    7.5000   45.0000   45.0000 8503.1787   19.5340

---------------------------------------------------------------------
imgreg_4dfp /opt/freesurfer/average/711-2C_as_mni_average_305 /opt/freesurfer/average/711-2B_as_mni_average_305_mask talsrcimg_g11 none talsrcimg_to_711-2C_as_mni_average_305_t4 4355
---------------------------------------------------------------------

freesurfer imgreg_4dfp.c
/opt/freesurfer/average/711-2C_as_mni_average_305.4dfp.img
       256       256       256         1
  1.000000  1.000000  1.000000
orientation T byte_order littleendian
Reading image: /opt/freesurfer/average/711-2C_as_mni_average_305.4dfp.img
dimensions:      256       256       256
mmppix:       1.0000   -1.0000   -1.0000
center:     128.0000 -129.0000 -129.0000
/opt/freesurfer/average/711-2B_as_mni_average_305_mask.4dfp.img
       256       256       256         1
  1.000000  1.000000  1.000000
orientation T byte_order littleendian
Reading mask: /opt/freesurfer/average/711-2B_as_mni_average_305_mask.4dfp.img (2306576 pixels)
talsrcimg_g11.4dfp.img
       256       256       256         1
  1.000000  1.000000  1.000000
orientation T byte_order littleendian
Reading image: talsrcimg_g11.4dfp.img
dimensions:      256       256       256
mmppix:       1.0000   -1.0000   -1.0000
center:     128.0000 -129.0000 -129.0000
rotation matrix determinant  1.000000
image alignment mode   4355 decimal     1103 hex
   -7.5000  -45.0000  -45.0000 1992.6091   20.9556
    0.0000  -45.0000  -45.0000 2009.1523   20.6966
    7.5000  -45.0000  -45.0000 1996.1431   20.8760
   -7.5000  -37.5000  -45.0000 2079.0481   19.3181
    0.0000  -37.5000  -45.0000 2094.2314   19.0748
    7.5000  -37.5000  -45.0000 2083.9321   19.2338
   -7.5000  -30.0000  -45.0000 2144.7878   18.1186
    0.0000  -30.0000  -45.0000 2162.2607   17.9293
    7.5000  -30.0000  -45.0000 2149.7170   18.0832
   -7.5000  -22.5000  -45.0000 2178.7559   17.3516
    0.0000  -22.5000  -45.0000 2196.8481   17.1670
    7.5000  -22.5000  -45.0000 2183.3250   17.3278
   -7.5000  -15.0000  -45.0000 2194.2173   16.9654
    0.0000  -15.0000  -45.0000 2214.9680   16.7528
    7.5000  -15.0000  -45.0000 2201.6877   16.8756
   -7.5000   -7.5000  -45.0000 2195.5205   16.9052
    0.0000   -7.5000  -45.0000 2215.0913   16.6449
    7.5000   -7.5000  -45.0000 2204.3167   16.7590
   -7.5000    0.0000  -45.0000 2182.1309   17.1717
    0.0000    0.0000  -45.0000 2205.4612   16.8723
    7.5000    0.0000  -45.0000 2189.8716   16.9939
   -7.5000    7.5000  -45.0000 2153.9202   17.7739
    0.0000    7.5000  -45.0000 2175.5017   17.4615
    7.5000    7.5000  -45.0000 2161.4922   17.6002
   -7.5000   15.0000  -45.0000 2108.6375   18.6892
    0.0000   15.0000  -45.0000 2129.0688   18.2960
    7.5000   15.0000  -45.0000 2117.3296   18.4795
   -7.5000   22.5000  -45.0000 2048.1318   19.9262
    0.0000   22.5000  -45.0000 2068.2556   19.5401
    7.5000   22.5000  -45.0000 2055.4705   19.7168
   -7.5000   30.0000  -45.0000 1969.6934   21.6858
    0.0000   30.0000  -45.0000 1989.2197   21.3025
    7.5000   30.0000  -45.0000 1973.6952   21.4990
   -7.5000   37.5000  -45.0000 1870.9767   24.0683
    0.0000   37.5000  -45.0000 1890.4738   23.6495
    7.5000   37.5000  -45.0000 1878.0634   23.9020
   -7.5000   45.0000  -45.0000 1757.9928   27.2924
    0.0000   45.0000  -45.0000 1775.3776   26.8536
    7.5000   45.0000  -45.0000 1766.4006   27.1445
   -7.5000  -45.0000  -37.5000 2081.7568   19.2812
    0.0000  -45.0000  -37.5000 2099.4983   19.0285
    7.5000  -45.0000  -37.5000 2084.9163   19.2192
   -7.5000  -37.5000  -37.5000 2175.5649   17.7526
    0.0000  -37.5000  -37.5000 2197.7532   17.5355
    7.5000  -37.5000  -37.5000 2182.6123   17.7076
   -7.5000  -30.0000  -37.5000 2247.1648   16.6461
    0.0000  -30.0000  -37.5000 2268.7920   16.4580
    7.5000  -30.0000  -37.5000 2250.6787   16.6289
   -7.5000  -22.5000  -37.5000 2283.0549   15.9043
    0.0000  -22.5000  -37.5000 2304.4905   15.7073
    7.5000  -22.5000  -37.5000 2287.4658   15.8518
   -7.5000  -15.0000  -37.5000 2297.7986   15.5342
    0.0000  -15.0000  -37.5000 2318.0483   15.3418
    7.5000  -15.0000  -37.5000 2306.4668   15.4487
   -7.5000   -7.5000  -37.5000 2298.2251   15.4775
    0.0000   -7.5000  -37.5000 2322.0437   15.2512
    7.5000   -7.5000  -37.5000 2307.5388   15.3427
   -7.5000    0.0000  -37.5000 2278.0664   15.7142
    0.0000    0.0000  -37.5000 2300.9990   15.4675
    7.5000    0.0000  -37.5000 2288.9600   15.5687
   -7.5000    7.5000  -37.5000 2247.5208   16.2375
    0.0000    7.5000  -37.5000 2276.0806   15.9555
    7.5000    7.5000  -37.5000 2262.5137   16.1110
   -7.5000   15.0000  -37.5000 2204.1562   17.0551
    0.0000   15.0000  -37.5000 2230.7554   16.7524
    7.5000   15.0000  -37.5000 2216.2583   16.9203
   -7.5000   22.5000  -37.5000 2142.9456   18.2233
    0.0000   22.5000  -37.5000 2166.3989   17.9022
    7.5000   22.5000  -37.5000 2152.7966   18.0690
   -7.5000   30.0000  -37.5000 2058.1799   19.8279
    0.0000   30.0000  -37.5000 2077.9690   19.4724
    7.5000   30.0000  -37.5000 2065.8416   19.6464
   -7.5000   37.5000  -37.5000 1953.8536   21.9815
    0.0000   37.5000  -37.5000 1973.0936   21.5628
    7.5000   37.5000  -37.5000 1961.1754   21.7696
   -7.5000   45.0000  -37.5000 1837.5079   24.8552
    0.0000   45.0000  -37.5000 1857.2275   24.4493
    7.5000   45.0000  -37.5000 1843.3772   24.6410
   -7.5000  -45.0000  -30.0000 2200.4734   18.5089
    0.0000  -45.0000  -30.0000 2222.9626   18.2600
    7.5000  -45.0000  -30.0000 2211.3503   18.4570
   -7.5000  -37.5000  -30.0000 2306.8093   16.9610
    0.0000  -37.5000  -30.0000 2326.9121   16.7586
    7.5000  -37.5000  -30.0000 2315.1030   16.9719
   -7.5000  -30.0000  -30.0000 2381.8281   15.8799
    0.0000  -30.0000  -30.0000 2399.4690   15.6890
    7.5000  -30.0000  -30.0000 2386.7505   15.8514
   -7.5000  -22.5000  -30.0000 2425.9492   15.1701
    0.0000  -22.5000  -30.0000 2442.3713   14.9619
    7.5000  -22.5000  -30.0000 2432.9529   15.0877
   -7.5000  -15.0000  -30.0000 2448.0881   14.7662
    0.0000  -15.0000  -30.0000 2466.1362   14.5871
    7.5000  -15.0000  -30.0000 2453.1487   14.6724
   -7.5000   -7.5000  -30.0000 2450.7258   14.6889
    0.0000   -7.5000  -30.0000 2477.3767   14.4919
    7.5000   -7.5000  -30.0000 2459.4587   14.6043
   -7.5000    0.0000  -30.0000 2424.8760   14.8919
    0.0000    0.0000  -30.0000 2451.5210   14.7388
    7.5000    0.0000  -30.0000 2440.5098   14.8324
   -7.5000    7.5000  -30.0000 2394.0320   15.3963
    0.0000    7.5000  -30.0000 2423.8164   15.1928
    7.5000    7.5000  -30.0000 2412.2961   15.3182
   -7.5000   15.0000  -30.0000 2345.8372   16.2136
    0.0000   15.0000  -30.0000 2375.9194   15.9579
    7.5000   15.0000  -30.0000 2362.9163   16.0873
   -7.5000   22.5000  -30.0000 2278.9463   17.3381
    0.0000   22.5000  -30.0000 2303.0645   17.0352
    7.5000   22.5000  -30.0000 2291.7998   17.1804
   -7.5000   30.0000  -30.0000 2185.7959   18.8396
    0.0000   30.0000  -30.0000 2208.6453   18.5211
    7.5000   30.0000  -30.0000 2193.9973   18.6595
   -7.5000   37.5000  -30.0000 2073.8137   20.8617
    0.0000   37.5000  -30.0000 2094.0474   20.5149
    7.5000   37.5000  -30.0000 2077.7454   20.6788
   -7.5000   45.0000  -30.0000 1945.9359   23.5239
    0.0000   45.0000  -30.0000 1973.2236   23.1819
    7.5000   45.0000  -30.0000 1955.2168   23.3041
   -7.5000  -45.0000  -22.5000 2294.1187   17.6536
    0.0000  -45.0000  -22.5000 2315.6653   17.4014
    7.5000  -45.0000  -22.5000 2305.1145   17.6549
   -7.5000  -37.5000  -22.5000 2404.3196   16.1256
    0.0000  -37.5000  -22.5000 2425.8572   15.9122
    7.5000  -37.5000  -22.5000 2408.3108   16.1294
   -7.5000  -30.0000  -22.5000 2489.0974   15.0005
    0.0000  -30.0000  -22.5000 2506.7461   14.8174
    7.5000  -30.0000  -22.5000 2491.4194   14.9815
   -7.5000  -22.5000  -22.5000 2538.6355   14.3046
    0.0000  -22.5000  -22.5000 2559.8669   14.1380
    7.5000  -22.5000  -22.5000 2548.5110   14.2496
   -7.5000  -15.0000  -22.5000 2565.9636   13.9326
    0.0000  -15.0000  -22.5000 2590.2317   13.7704
    7.5000  -15.0000  -22.5000 2575.4153   13.8541
   -7.5000   -7.5000  -22.5000 2579.0676   13.8623
    0.0000   -7.5000  -22.5000 2605.9912   13.6878
    7.5000   -7.5000  -22.5000 2587.7776   13.7731
   -7.5000    0.0000  -22.5000 2562.6443   14.0702
    0.0000    0.0000  -22.5000 2589.6653   13.9272
    7.5000    0.0000  -22.5000 2574.6277   14.0154
   -7.5000    7.5000  -22.5000 2526.6899   14.5488
    0.0000    7.5000  -22.5000 2558.5154   14.3793
    7.5000    7.5000  -22.5000 2543.6240   14.4668
   -7.5000   15.0000  -22.5000 2472.1602   15.3211
    0.0000   15.0000  -22.5000 2502.5762   15.1089
    7.5000   15.0000  -22.5000 2487.5476   15.1988
   -7.5000   22.5000  -22.5000 2393.4006   16.3891
    0.0000   22.5000  -22.5000 2422.4080   16.1465
    7.5000   22.5000  -22.5000 2405.3213   16.2537
   -7.5000   30.0000  -22.5000 2290.3284   17.8090
    0.0000   30.0000  -22.5000 2316.5000   17.5303
    7.5000   30.0000  -22.5000 2298.5186   17.6470
   -7.5000   37.5000  -22.5000 2168.0266   19.7267
    0.0000   37.5000  -22.5000 2188.0537   19.4070
    7.5000   37.5000  -22.5000 2172.2332   19.5256
   -7.5000   45.0000  -22.5000 2037.2671   22.2141
    0.0000   45.0000  -22.5000 2059.0999   21.8748
    7.5000   45.0000  -22.5000 2044.8453   22.0212
   -7.5000  -45.0000  -15.0000 2359.6519   16.8197
    0.0000  -45.0000  -15.0000 2377.4343   16.6171
    7.5000  -45.0000  -15.0000 2362.5615   16.8893
   -7.5000  -37.5000  -15.0000 2472.9749   15.3275
    0.0000  -37.5000  -15.0000 2492.0286   15.1444
    7.5000  -37.5000  -15.0000 2475.0256   15.3446
   -7.5000  -30.0000  -15.0000 2565.2520   14.2157
    0.0000  -30.0000  -15.0000 2585.2542   14.0592
    7.5000  -30.0000  -15.0000 2569.6597   14.2018
   -7.5000  -22.5000  -15.0000 2622.5454   13.4968
    0.0000  -22.5000  -15.0000 2650.1213   13.3483
    7.5000  -22.5000  -15.0000 2635.6875   13.4623
   -7.5000  -15.0000  -15.0000 2662.1968   13.1154
    0.0000  -15.0000  -15.0000 2691.2227   12.9894
    7.5000  -15.0000  -15.0000 2675.0706   13.0892
   -7.5000   -7.5000  -15.0000 2685.9014   13.0311
    0.0000   -7.5000  -15.0000 2711.0156   12.8927
    7.5000   -7.5000  -15.0000 2692.5542   13.0072
   -7.5000    0.0000  -15.0000 2670.4844   13.2779
    0.0000    0.0000  -15.0000 2704.2546   13.1261
    7.5000    0.0000  -15.0000 2680.9534   13.2319
   -7.5000    7.5000  -15.0000 2636.5208   13.7361
    0.0000    7.5000  -15.0000 2672.8206   13.5814
    7.5000    7.5000  -15.0000 2649.9026   13.6556
   -7.5000   15.0000  -15.0000 2576.5549   14.4769
    0.0000   15.0000  -15.0000 2611.3416   14.2981
    7.5000   15.0000  -15.0000 2586.9004   14.3714
   -7.5000   22.5000  -15.0000 2484.4026   15.4877
    0.0000   22.5000  -15.0000 2516.3767   15.2698
    7.5000   22.5000  -15.0000 2494.2214   15.3564
   -7.5000   30.0000  -15.0000 2373.0544   16.8526
    0.0000   30.0000  -15.0000 2396.6294   16.6020
    7.5000   30.0000  -15.0000 2380.9985   16.7044
   -7.5000   37.5000  -15.0000 2242.8862   18.6701
    0.0000   37.5000  -15.0000 2262.3477   18.3728
    7.5000   37.5000  -15.0000 2247.3762   18.5074
   -7.5000   45.0000  -15.0000 2108.5430   21.0533
    0.0000   45.0000  -15.0000 2122.9421   20.7088
    7.5000   45.0000  -15.0000 2110.9788   20.8616
   -7.5000  -45.0000   -7.5000 2406.0632   16.0869
    0.0000  -45.0000   -7.5000 2420.0449   15.9546
    7.5000  -45.0000   -7.5000 2402.8359   16.2021
   -7.5000  -37.5000   -7.5000 2522.8335   14.6256
    0.0000  -37.5000   -7.5000 2542.6790   14.4805
    7.5000  -37.5000   -7.5000 2522.5249   14.6992
   -7.5000  -30.0000   -7.5000 2623.7244   13.5278
    0.0000  -30.0000   -7.5000 2648.8047   13.3711
    7.5000  -30.0000   -7.5000 2631.1028   13.5509
   -7.5000  -22.5000   -7.5000 2697.0833   12.7942
    0.0000  -22.5000   -7.5000 2727.9519   12.6314
    7.5000  -22.5000   -7.5000 2711.5679   12.7867
   -7.5000  -15.0000   -7.5000 2746.1917   12.3717
    0.0000  -15.0000   -7.5000 2779.4448   12.2402
    7.5000  -15.0000   -7.5000 2760.7864   12.3819
   -7.5000   -7.5000   -7.5000 2774.5681   12.2798
    0.0000   -7.5000   -7.5000 2806.4443   12.1637
    7.5000   -7.5000   -7.5000 2784.2429   12.3089
   -7.5000    0.0000   -7.5000 2765.3279   12.4973
    0.0000    0.0000   -7.5000 2805.7898   12.3720
    7.5000    0.0000   -7.5000 2774.5205   12.5054
   -7.5000    7.5000   -7.5000 2729.4919   12.9533
    0.0000    7.5000   -7.5000 2768.9387   12.8191
    7.5000    7.5000   -7.5000 2738.8943   12.9226
   -7.5000   15.0000   -7.5000 2659.1294   13.6653
    0.0000   15.0000   -7.5000 2696.5186   13.5125
    7.5000   15.0000   -7.5000 2669.2532   13.6229
   -7.5000   22.5000   -7.5000 2559.5657   14.6317
    0.0000   22.5000   -7.5000 2592.7725   14.4427
    7.5000   22.5000   -7.5000 2569.2056   14.5474
   -7.5000   30.0000   -7.5000 2438.1387   15.9494
    0.0000   30.0000   -7.5000 2466.7568   15.7399
    7.5000   30.0000   -7.5000 2445.6746   15.8431
   -7.5000   37.5000   -7.5000 2300.0073   17.7305
    0.0000   37.5000   -7.5000 2324.8149   17.4856
    7.5000   37.5000   -7.5000 2307.6462   17.5629
   -7.5000   45.0000   -7.5000 2158.0742   19.9992
    0.0000   45.0000   -7.5000 2176.6006   19.6959
    7.5000   45.0000   -7.5000 2162.6104   19.7791
   -7.5000  -45.0000    0.0000 2426.8291   15.5531
    0.0000  -45.0000    0.0000 2440.3950   15.4228
    7.5000  -45.0000    0.0000 2420.1475   15.6940
   -7.5000  -37.5000    0.0000 2549.9089   14.0947
    0.0000  -37.5000    0.0000 2571.6035   13.9769
    7.5000  -37.5000    0.0000 2547.4067   14.2063
   -7.5000  -30.0000    0.0000 2663.4050   12.9872
    0.0000  -30.0000    0.0000 2688.0566   12.8660
    7.5000  -30.0000    0.0000 2667.5286   13.0682
   -7.5000  -22.5000    0.0000 2754.6978   12.2569
    0.0000  -22.5000    0.0000 2782.6812   12.1069
    7.5000  -22.5000    0.0000 2762.9768   12.2931
   -7.5000  -15.0000    0.0000 2818.3523   11.8181
    0.0000  -15.0000    0.0000 2855.3320   11.6683
    7.5000  -15.0000    0.0000 2831.8594   11.8448
   -7.5000   -7.5000    0.0000 2861.5173   11.7122
    0.0000   -7.5000    0.0000 2899.8416   11.5796
    7.5000   -7.5000    0.0000 2864.7742   11.7447
   -7.5000    0.0000    0.0000 2855.7839   11.9164
    0.0000    0.0000    0.0000 2902.4438   11.7895
    7.5000    0.0000    0.0000 2858.2517   11.9359
   -7.5000    7.5000    0.0000 2810.6494   12.3594
    0.0000    7.5000    0.0000 2848.5254   12.2524
    7.5000    7.5000    0.0000 2814.5950   12.3852
   -7.5000   15.0000    0.0000 2725.8335   13.0106
    0.0000   15.0000    0.0000 2762.8423   12.8790
    7.5000   15.0000    0.0000 2733.7583   13.0116
   -7.5000   22.5000    0.0000 2614.0486   13.9776
    0.0000   22.5000    0.0000 2651.3958   13.8120
    7.5000   22.5000    0.0000 2622.4724   13.9321
   -7.5000   30.0000    0.0000 2484.6035   15.2859
    0.0000   30.0000    0.0000 2515.5222   15.0959
    7.5000   30.0000    0.0000 2492.0942   15.2010
   -7.5000   37.5000    0.0000 2342.6621   17.0006
    0.0000   37.5000    0.0000 2368.7866   16.7717
    7.5000   37.5000    0.0000 2348.4844   16.8835
   -7.5000   45.0000    0.0000 2190.9126   19.1907
    0.0000   45.0000    0.0000 2210.8364   18.8963
    7.5000   45.0000    0.0000 2198.7451   19.0213
   -7.5000  -45.0000    7.5000 2428.5625   15.2718
    0.0000  -45.0000    7.5000 2449.2004   15.1390
    7.5000  -45.0000    7.5000 2424.0007   15.4144
   -7.5000  -37.5000    7.5000 2554.5635   13.7964
    0.0000  -37.5000    7.5000 2580.9592   13.6607
    7.5000  -37.5000    7.5000 2554.5354   13.9049
   -7.5000  -30.0000    7.5000 2678.0073   12.6784
    0.0000  -30.0000    7.5000 2704.8115   12.5385
    7.5000  -30.0000    7.5000 2680.5771   12.7604
   -7.5000  -22.5000    7.5000 2786.7112   11.9176
    0.0000  -22.5000    7.5000 2817.4241   11.7574
    7.5000  -22.5000    7.5000 2790.1707   11.9660
   -7.5000  -15.0000    7.5000 2876.1257   11.4626
    0.0000  -15.0000    7.5000 2914.8215   11.2887
    7.5000  -15.0000    7.5000 2879.9365   11.4911
   -7.5000   -7.5000    7.5000 2934.8970   11.3086
    0.0000   -7.5000    7.5000 2983.8613   11.1445
    7.5000   -7.5000    7.5000 2930.7073   11.3509
   -7.5000    0.0000    7.5000 2932.4336   11.5087
    0.0000    0.0000    7.5000 2982.7563   11.3677
    7.5000    0.0000    7.5000 2932.7205   11.5448
   -7.5000    7.5000    7.5000 2869.0737   11.9998
    0.0000    7.5000    7.5000 2910.7468   11.8727
    7.5000    7.5000    7.5000 2874.7483   12.0236
   -7.5000   15.0000    7.5000 2766.5562   12.6498
    0.0000   15.0000    7.5000 2804.7874   12.5068
    7.5000   15.0000    7.5000 2777.0437   12.6536
   -7.5000   22.5000    7.5000 2652.0215   13.5981
    0.0000   22.5000    7.5000 2685.0342   13.4186
    7.5000   22.5000    7.5000 2659.5022   13.5599
   -7.5000   30.0000    7.5000 2515.3528   14.8932
    0.0000   30.0000    7.5000 2546.7351   14.6840
    7.5000   30.0000    7.5000 2520.0957   14.8138
   -7.5000   37.5000    7.5000 2366.0759   16.5600
    0.0000   37.5000    7.5000 2395.7432   16.3285
    7.5000   37.5000    7.5000 2372.5161   16.4521
   -7.5000   45.0000    7.5000 2207.6055   18.6620
    0.0000   45.0000    7.5000 2232.6575   18.3881
    7.5000   45.0000    7.5000 2216.7278   18.5309
   -7.5000  -45.0000   15.0000 2421.6462   15.2456
    0.0000  -45.0000   15.0000 2441.3354   15.1087
    7.5000  -45.0000   15.0000 2416.1482   15.3597
   -7.5000  -37.5000   15.0000 2546.0244   13.7361
    0.0000  -37.5000   15.0000 2570.4104   13.6063
    7.5000  -37.5000   15.0000 2545.3948   13.8180
   -7.5000  -30.0000   15.0000 2667.8259   12.5914
    0.0000  -30.0000   15.0000 2699.5974   12.4520
    7.5000  -30.0000   15.0000 2674.6636   12.6539
   -7.5000  -22.5000   15.0000 2785.5530   11.7876
    0.0000  -22.5000   15.0000 2818.7742   11.6248
    7.5000  -22.5000   15.0000 2790.6111   11.8363
   -7.5000  -15.0000   15.0000 2890.2554   11.3267
    0.0000  -15.0000   15.0000 2929.7031   11.1566
    7.5000  -15.0000   15.0000 2891.3545   11.3565
   -7.5000   -7.5000   15.0000 2959.3574   11.1366
    0.0000   -7.5000   15.0000 3008.6213   10.9380
    7.5000   -7.5000   15.0000 2957.0693   11.2027
   -7.5000    0.0000   15.0000 2968.7703   11.3204
    0.0000    0.0000   15.0000 3016.6699   11.1079
    7.5000    0.0000   15.0000 2962.5820   11.3991
   -7.5000    7.5000   15.0000 2896.0476   11.8392
    0.0000    7.5000   15.0000 2932.6440   11.6601
    7.5000    7.5000   15.0000 2897.6553   11.8743
   -7.5000   15.0000   15.0000 2779.1011   12.5151
    0.0000   15.0000   15.0000 2820.2715   12.3167
    7.5000   15.0000   15.0000 2793.3831   12.4858
   -7.5000   22.5000   15.0000 2656.6025   13.4551
    0.0000   22.5000   15.0000 2693.7195   13.2478
    7.5000   22.5000   15.0000 2667.4773   13.3843
   -7.5000   30.0000   15.0000 2519.8032   14.7216
    0.0000   30.0000   15.0000 2551.2849   14.5030
    7.5000   30.0000   15.0000 2526.0879   14.6072
   -7.5000   37.5000   15.0000 2372.3032   16.3250
    0.0000   37.5000   15.0000 2400.2954   16.0929
    7.5000   37.5000   15.0000 2378.8057   16.2062
   -7.5000   45.0000   15.0000 2213.7429   18.3604
    0.0000   45.0000   15.0000 2237.8391   18.0916
    7.5000   45.0000   15.0000 2224.5728   18.2407
   -7.5000  -45.0000   22.5000 2410.0984   15.4274
    0.0000  -45.0000   22.5000 2430.3252   15.2892
    7.5000  -45.0000   22.5000 2400.7593   15.5205
   -7.5000  -37.5000   22.5000 2531.5291   13.8955
    0.0000  -37.5000   22.5000 2552.6931   13.7610
    7.5000  -37.5000   22.5000 2526.6360   13.9649
   -7.5000  -30.0000   22.5000 2656.1575   12.7299
    0.0000  -30.0000   22.5000 2682.7842   12.5879
    7.5000  -30.0000   22.5000 2659.8296   12.7930
   -7.5000  -22.5000   22.5000 2769.3037   11.9338
    0.0000  -22.5000   22.5000 2798.3264   11.7686
    7.5000  -22.5000   22.5000 2774.2058   11.9823
   -7.5000  -15.0000   22.5000 2868.8005   11.4410
    0.0000  -15.0000   22.5000 2906.8010   11.2676
    7.5000  -15.0000   22.5000 2871.2048   11.4912
   -7.5000   -7.5000   22.5000 2930.6533   11.2942
    0.0000   -7.5000   22.5000 2971.5439   11.1243
    7.5000   -7.5000   22.5000 2932.7031   11.3533
   -7.5000    0.0000   22.5000 2940.3726   11.4454
    0.0000    0.0000   22.5000 2980.5925   11.2880
    7.5000    0.0000   22.5000 2939.9070   11.4980
   -7.5000    7.5000   22.5000 2877.1731   11.8982
    0.0000    7.5000   22.5000 2916.7856   11.7459
    7.5000    7.5000   22.5000 2880.9182   11.9175
   -7.5000   15.0000   22.5000 2769.2141   12.6069
    0.0000   15.0000   22.5000 2808.7031   12.4110
    7.5000   15.0000   22.5000 2780.6501   12.5745
   -7.5000   22.5000   22.5000 2644.6824   13.5614
    0.0000   22.5000   22.5000 2680.9751   13.3159
    7.5000   22.5000   22.5000 2658.8726   13.4481
   -7.5000   30.0000   22.5000 2508.5408   14.7791
    0.0000   30.0000   22.5000 2538.5310   14.5129
    7.5000   30.0000   22.5000 2521.8066   14.6286
   -7.5000   37.5000   22.5000 2363.6204   16.3245
    0.0000   37.5000   22.5000 2388.2627   16.0497
    7.5000   37.5000   22.5000 2370.8848   16.1859
   -7.5000   45.0000   22.5000 2206.2781   18.3054
    0.0000   45.0000   22.5000 2230.0645   18.0171
    7.5000   45.0000   22.5000 2213.0190   18.1504
   -7.5000  -45.0000   30.0000 2389.6294   15.8834
    0.0000  -45.0000   30.0000 2408.6914   15.7304
    7.5000  -45.0000   30.0000 2376.1128   15.9913
   -7.5000  -37.5000   30.0000 2508.3518   14.3355
    0.0000  -37.5000   30.0000 2529.5693   14.1991
    7.5000  -37.5000   30.0000 2501.3323   14.4124
   -7.5000  -30.0000   30.0000 2627.4109   13.1688
    0.0000  -30.0000   30.0000 2653.1777   13.0292
    7.5000  -30.0000   30.0000 2624.9468   13.2197
   -7.5000  -22.5000   30.0000 2732.5464   12.3746
    0.0000  -22.5000   30.0000 2758.8352   12.2540
    7.5000  -22.5000   30.0000 2731.0781   12.4039
   -7.5000  -15.0000   30.0000 2815.7695   11.8894
    0.0000  -15.0000   30.0000 2848.5493   11.7488
    7.5000  -15.0000   30.0000 2814.8274   11.9412
   -7.5000   -7.5000   30.0000 2867.9482   11.7230
    0.0000   -7.5000   30.0000 2897.0610   11.5730
    7.5000   -7.5000   30.0000 2869.1707   11.7660
   -7.5000    0.0000   30.0000 2870.3416   11.8408
    0.0000    0.0000   30.0000 2900.6421   11.6899
    7.5000    0.0000   30.0000 2875.4126   11.8535
   -7.5000    7.5000   30.0000 2816.0303   12.2712
    0.0000    7.5000   30.0000 2848.5803   12.1377
    7.5000    7.5000   30.0000 2823.8223   12.2759
   -7.5000   15.0000   30.0000 2721.7190   12.9494
    0.0000   15.0000   30.0000 2754.8303   12.7956
    7.5000   15.0000   30.0000 2732.4963   12.9199
   -7.5000   22.5000   30.0000 2608.5178   13.8563
    0.0000   22.5000   30.0000 2642.4370   13.6536
    7.5000   22.5000   30.0000 2620.5464   13.7519
   -7.5000   30.0000   30.0000 2479.2903   15.0533
    0.0000   30.0000   30.0000 2511.2690   14.8062
    7.5000   30.0000   30.0000 2489.0798   14.9056
   -7.5000   37.5000   30.0000 2333.5100   16.5825
    0.0000   37.5000   30.0000 2359.7627   16.2725
    7.5000   37.5000   30.0000 2342.1125   16.3942
   -7.5000   45.0000   30.0000 2180.8162   18.5036
    0.0000   45.0000   30.0000 2205.6084   18.1682
    7.5000   45.0000   30.0000 2187.4143   18.3027
   -7.5000  -45.0000   37.5000 2354.2329   16.5569
    0.0000  -45.0000   37.5000 2369.7708   16.4149
    7.5000  -45.0000   37.5000 2340.5386   16.6964
   -7.5000  -37.5000   37.5000 2468.2913   15.0339
    0.0000  -37.5000   37.5000 2488.7808   14.8887
    7.5000  -37.5000   37.5000 2459.6921   15.0922
   -7.5000  -30.0000   37.5000 2583.5850   13.9148
    0.0000  -30.0000   37.5000 2609.2500   13.7656
    7.5000  -30.0000   37.5000 2578.0835   13.9306
   -7.5000  -22.5000   37.5000 2682.4146   13.0867
    0.0000  -22.5000   37.5000 2711.0430   12.9377
    7.5000  -22.5000   37.5000 2679.1965   13.1050
   -7.5000  -15.0000   37.5000 2752.5122   12.5645
    0.0000  -15.0000   37.5000 2780.9268   12.4275
    7.5000  -15.0000   37.5000 2748.1760   12.5919
   -7.5000   -7.5000   37.5000 2788.5503   12.3838
    0.0000   -7.5000   37.5000 2813.2244   12.2430
    7.5000   -7.5000   37.5000 2790.0681   12.3880
   -7.5000    0.0000   37.5000 2785.6636   12.4592
    0.0000    0.0000   37.5000 2809.4275   12.3218
    7.5000    0.0000   37.5000 2786.5815   12.4523
   -7.5000    7.5000   37.5000 2732.3477   12.8467
    0.0000    7.5000   37.5000 2757.7866   12.7113
    7.5000    7.5000   37.5000 2737.3572   12.8595
   -7.5000   15.0000   37.5000 2647.0833   13.4926
    0.0000   15.0000   37.5000 2676.3679   13.3245
    7.5000   15.0000   37.5000 2658.1650   13.4669
   -7.5000   22.5000   37.5000 2546.3936   14.4019
    0.0000   22.5000   37.5000 2572.1033   14.1934
    7.5000   22.5000   37.5000 2557.3328   14.2979
   -7.5000   30.0000   37.5000 2430.2837   15.5544
    0.0000   30.0000   37.5000 2454.8513   15.3038
    7.5000   30.0000   37.5000 2438.7769   15.3901
   -7.5000   37.5000   37.5000 2292.7402   17.0283
    0.0000   37.5000   37.5000 2317.1167   16.7320
    7.5000   37.5000   37.5000 2303.3645   16.8356
   -7.5000   45.0000   37.5000 2148.7202   18.9182
    0.0000   45.0000   37.5000 2169.5244   18.6023
    7.5000   45.0000   37.5000 2153.3789   18.6954
   -7.5000  -45.0000   45.0000 2300.4431   17.5200
    0.0000  -45.0000   45.0000 2314.8428   17.3606
    7.5000  -45.0000   45.0000 2288.7217   17.6020
   -7.5000  -37.5000   45.0000 2412.4502   15.9669
    0.0000  -37.5000   45.0000 2431.9900   15.8058
    7.5000  -37.5000   45.0000 2408.4065   16.0142
   -7.5000  -30.0000   45.0000 2520.3047   14.8000
    0.0000  -30.0000   45.0000 2544.1016   14.6547
    7.5000  -30.0000   45.0000 2519.2473   14.8127
   -7.5000  -22.5000   45.0000 2613.7681   13.9517
    0.0000  -22.5000   45.0000 2642.1865   13.8104
    7.5000  -22.5000   45.0000 2611.2324   13.9604
   -7.5000  -15.0000   45.0000 2678.1240   13.4367
    0.0000  -15.0000   45.0000 2700.5225   13.2953
    7.5000  -15.0000   45.0000 2670.8008   13.4204
   -7.5000   -7.5000   45.0000 2699.6650   13.2124
    0.0000   -7.5000   45.0000 2723.1443   13.0776
    7.5000   -7.5000   45.0000 2701.1179   13.1824
   -7.5000    0.0000   45.0000 2685.4424   13.2347
    0.0000    0.0000   45.0000 2710.9829   13.1184
    7.5000    0.0000   45.0000 2691.0735   13.2082
   -7.5000    7.5000   45.0000 2638.0505   13.5880
    0.0000    7.5000   45.0000 2662.0620   13.4572
    7.5000    7.5000   45.0000 2645.4175   13.5944
   -7.5000   15.0000   45.0000 2566.7061   14.1907
    0.0000   15.0000   45.0000 2591.4390   14.0178
    7.5000   15.0000   45.0000 2576.3423   14.1501
   -7.5000   22.5000   45.0000 2475.2444   15.0706
    0.0000   22.5000   45.0000 2496.3660   14.8565
    7.5000   22.5000   45.0000 2483.0327   14.9796
   -7.5000   30.0000   45.0000 2367.5356   16.2061
    0.0000   30.0000   45.0000 2388.0500   15.9480
    7.5000   30.0000   45.0000 2376.4424   16.0398
   -7.5000   37.5000   45.0000 2239.9316   17.6615
    0.0000   37.5000   45.0000 2261.7773   17.3790
    7.5000   37.5000   45.0000 2248.8760   17.4843
   -7.5000   45.0000   45.0000 2103.5486   19.5263
    0.0000   45.0000   45.0000 2122.5481   19.2394
    7.5000   45.0000   45.0000 2106.2048   19.3266

---------------------------------------------------------------------
imgreg_4dfp /opt/freesurfer/average/711-2C_as_mni_average_305 /opt/freesurfer/average/711-2B_as_mni_average_305_mask talsrcimg_g11 none talsrcimg_to_711-2C_as_mni_average_305_t4 1283
---------------------------------------------------------------------

freesurfer imgreg_4dfp.c
/opt/freesurfer/average/711-2C_as_mni_average_305.4dfp.img
       256       256       256         1
  1.000000  1.000000  1.000000
orientation T byte_order littleendian
Reading image: /opt/freesurfer/average/711-2C_as_mni_average_305.4dfp.img
dimensions:      256       256       256
mmppix:       1.0000   -1.0000   -1.0000
center:     128.0000 -129.0000 -129.0000
/opt/freesurfer/average/711-2B_as_mni_average_305_mask.4dfp.img
       256       256       256         1
  1.000000  1.000000  1.000000
orientation T byte_order littleendian
Reading mask: /opt/freesurfer/average/711-2B_as_mni_average_305_mask.4dfp.img (2306576 pixels)
talsrcimg_g11.4dfp.img
       256       256       256         1
  1.000000  1.000000  1.000000
orientation T byte_order littleendian
Reading image: talsrcimg_g11.4dfp.img
dimensions:      256       256       256
mmppix:       1.0000   -1.0000   -1.0000
center:     128.0000 -129.0000 -129.0000
rotation matrix determinant  1.000000
fimgreg.f
image alignment mode   1283 decimal      503 hex
parameters
    0.0000    0.0000   15.0000    0.0000    0.0000    0.0000
eta,q 0.94652 11.10648
niter,ni,del,rscale     5    3   12.0000    1.2000
parameter  2  0.724092 ->  0.500000 qaram    1.1500
parameter  5 -0.501211 -> -0.500000 qaram    1.1500
parameter  6  0.668327 ->  0.500000 qaram    1.1500
parameters
   -0.6541   -3.4500   15.1036   -1.6710    3.4500   -3.4500
eta,q 0.95108 10.85222
  0.0632  0.0543  0.0609  0.0550  0.0602  0.0493
  0.0587  0.0531  0.0583  0.0522  0.0571  0.0489
  0.0571  0.0540  0.0549  0.0516  0.0542  0.0492
  0.0578  0.0571  0.0530  0.0529  0.0517  0.0503
  0.0593  0.0625  0.0534  0.0543  0.0504  0.0524
  0.0613  0.0688  0.0566  0.0561  0.0505  0.0553
  0.0652  0.0758  0.0617  0.0586  0.0521  0.0583
niter,ni,del,rscale     7    3   12.0000    1.2000
parameters
   -1.4560   -2.8734   14.6195   -2.6438    3.1318   -3.5238
eta,q 0.95238 10.84551
  0.0574  0.0642  0.0567  0.0531  0.0552  0.0537
  0.0519  0.0580  0.0532  0.0488  0.0508  0.0506
  0.0491  0.0515  0.0499  0.0471  0.0482  0.0483
  0.0489  0.0487  0.0486  0.0486  0.0477  0.0476
  0.0511  0.0494  0.0503  0.0506  0.0493  0.0483
  0.0564  0.0536  0.0546  0.0526  0.0523  0.0505
  0.0634  0.0607  0.0605  0.0552  0.0560  0.0541
niter,ni,del,rscale     6    3   12.0000    1.2000
parameters
   -1.3669   -2.5025   14.4534   -3.0180    3.1176   -3.5661
eta,q 0.95275 10.85509
  0.0602  0.0633  0.0568  0.0541  0.0553  0.0536
  0.0532  0.0576  0.0533  0.0501  0.0509  0.0506
  0.0488  0.0508  0.0496  0.0469  0.0482  0.0481
  0.0476  0.0476  0.0475  0.0476  0.0473  0.0473
  0.0489  0.0491  0.0489  0.0497  0.0484  0.0480
  0.0529  0.0540  0.0530  0.0518  0.0513  0.0503
  0.0592  0.0614  0.0589  0.0545  0.0551  0.0541
niter,ni,del,rscale     5    3   12.0000    1.2000
parameters
   -1.3526   -2.3385   14.3729   -3.2026    3.1354   -3.5947
eta,q 0.95287 10.86065
  0.0596  0.0626  0.0567  0.0544  0.0552  0.0537
  0.0526  0.0570  0.0532  0.0506  0.0508  0.0506
  0.0483  0.0503  0.0495  0.0470  0.0481  0.0481
  0.0473  0.0473  0.0472  0.0473  0.0471  0.0471
  0.0486  0.0494  0.0484  0.0494  0.0482  0.0479
  0.0528  0.0546  0.0525  0.0516  0.0511  0.0503
  0.0592  0.0623  0.0584  0.0543  0.0549  0.0541
niter,ni,del,rscale     4    3   12.0000    1.2000
parameters
   -1.3482   -2.2543   14.3264   -3.2998    3.1527   -3.6118
eta,q 0.95291 10.86386
  0.0595  0.0623  0.0567  0.0546  0.0551  0.0537
  0.0525  0.0568  0.0532  0.0508  0.0507  0.0506
  0.0481  0.0501  0.0494  0.0470  0.0481  0.0481
  0.0471  0.0471  0.0471  0.0472  0.0471  0.0471
  0.0485  0.0495  0.0483  0.0493  0.0481  0.0478
  0.0528  0.0549  0.0522  0.0514  0.0510  0.0502
  0.0591  0.0626  0.0582  0.0541  0.0548  0.0541
niter,ni,del,rscale     3    3   12.0000    1.2000
parameters
   -1.3471   -2.2114   14.3008   -3.3513    3.1638   -3.6210
eta,q 0.95293 10.86570
  0.0594  0.0621  0.0567  0.0547  0.0550  0.0537
  0.0524  0.0568  0.0532  0.0509  0.0507  0.0506
  0.0481  0.0500  0.0494  0.0471  0.0480  0.0481
  0.0471  0.0471  0.0471  0.0471  0.0471  0.0471
  0.0485  0.0495  0.0482  0.0492  0.0481  0.0478
  0.0527  0.0550  0.0521  0.0514  0.0509  0.0502
  0.0590  0.0628  0.0581  0.0541  0.0548  0.0541
registration optimization eta report
parameter search radius
    6.0000    6.9000    6.0000    6.0000    6.9000    6.9000
100000*second partial in parameter space
       34.       31.       28.       20.       16.       14.
  0.0594  0.0621  0.0567  0.0547  0.0550  0.0537
  0.0524  0.0568  0.0532  0.0509  0.0507  0.0506
  0.0481  0.0500  0.0494  0.0471  0.0480  0.0481
  0.0471  0.0471  0.0471  0.0471  0.0471  0.0471
  0.0485  0.0495  0.0482  0.0492  0.0481  0.0478
  0.0527  0.0550  0.0521  0.0514  0.0509  0.0502
  0.0590  0.0628  0.0581  0.0541  0.0548  0.0541
   -1.3471   -2.2114   14.3008   -3.3513    3.1638   -3.6210
eta,q 0.95293 10.86570

---------------------------------------------------------------------
imgreg_4dfp /opt/freesurfer/average/711-2C_as_mni_average_305 /opt/freesurfer/average/711-2B_as_mni_average_305_mask talsrcimg_g11 none talsrcimg_to_711-2C_as_mni_average_305_t4 3335
---------------------------------------------------------------------

freesurfer imgreg_4dfp.c
/opt/freesurfer/average/711-2C_as_mni_average_305.4dfp.img
       256       256       256         1
  1.000000  1.000000  1.000000
orientation T byte_order littleendian
Reading image: /opt/freesurfer/average/711-2C_as_mni_average_305.4dfp.img
dimensions:      256       256       256
mmppix:       1.0000   -1.0000   -1.0000
center:     128.0000 -129.0000 -129.0000
/opt/freesurfer/average/711-2B_as_mni_average_305_mask.4dfp.img
       256       256       256         1
  1.000000  1.000000  1.000000
orientation T byte_order littleendian
Reading mask: /opt/freesurfer/average/711-2B_as_mni_average_305_mask.4dfp.img (2306576 pixels)
talsrcimg_g11.4dfp.img
       256       256       256         1
  1.000000  1.000000  1.000000
orientation T byte_order littleendian
Reading image: talsrcimg_g11.4dfp.img
dimensions:      256       256       256
mmppix:       1.0000   -1.0000   -1.0000
center:     128.0000 -129.0000 -129.0000
fimgreg.f
image alignment mode   3335 decimal      D07 hex
parameters
   -1.3471   -2.2114   14.3008   -0.3517   -0.3907   -0.3232
    6.6268   -5.1294   -6.3060    6.1820    5.5190   -5.8368
eta,q 0.95307 10.95736
niter,ni,del,rscale     5    3    5.0000    1.2000
parameter  4  2.869216 ->  0.500000 qaram    1.1500
parameter  5  2.514892 ->  0.500000 qaram    1.1500
parameter  6  1.072381 ->  0.500000 qaram    1.1500
parameters
   -1.3410   -1.8050   14.0245   -4.4917   -4.5307   -4.4632
    5.2588   -4.7092   -4.7665    3.8507    4.1319   -5.3257
eta,q 0.97016 10.21440
  0.0492  0.0488  0.0480  0.0371  0.0322  0.0300  0.0319  0.0357  0.0327  0.0317  0.0309  0.0315
  0.0480  0.0477  0.0473  0.0396  0.0342  0.0302  0.0309  0.0329  0.0316  0.0305  0.0302  0.0306
  0.0472  0.0472  0.0470  0.0429  0.0370  0.0318  0.0304  0.0311  0.0308  0.0299  0.0299  0.0301
  0.0469  0.0469  0.0469  0.0469  0.0404  0.0349  0.0305  0.0304  0.0304  0.0303  0.0299  0.0298
  0.0472  0.0469  0.0472  0.0515  0.0439  0.0388  0.0310  0.0308  0.0303  0.0317  0.0303  0.0299
  0.0479  0.0472  0.0478  0.0562  0.0477  0.0436  0.0322  0.0323  0.0307  0.0335  0.0310  0.0304
  0.0492  0.0478  0.0487  0.0610  0.0524  0.0487  0.0336  0.0345  0.0313  0.0356  0.0321  0.0310
niter,ni,del,rscale     7    3    5.0000    1.2000
parameter  4  0.942346 ->  0.500000 qaram    1.3225
parameter  5  0.986829 ->  0.500000 qaram    1.3225
parameters
   -1.2502   -0.9995   13.7527   -9.2527   -9.2917   -7.6331
    6.2623   -4.0976   -4.2068    4.4317    4.6153   -5.9116
eta,q 0.97700  9.72700
  0.0331  0.0336  0.0312  0.0253  0.0225  0.0241  0.0259  0.0277  0.0250  0.0263  0.0242  0.0241
  0.0313  0.0319  0.0302  0.0256  0.0228  0.0235  0.0246  0.0255  0.0240  0.0247  0.0236  0.0234
  0.0302  0.0306  0.0297  0.0269  0.0239  0.0231  0.0237  0.0239  0.0234  0.0235  0.0232  0.0231
  0.0298  0.0298  0.0296  0.0296  0.0259  0.0230  0.0232  0.0231  0.0230  0.0230  0.0230  0.0230
  0.0301  0.0296  0.0300  0.0333  0.0287  0.0248  0.0232  0.0233  0.0231  0.0232  0.0231  0.0232
  0.0310  0.0299  0.0308  0.0381  0.0325  0.0288  0.0237  0.0245  0.0236  0.0241  0.0234  0.0237
  0.0326  0.0306  0.0321  0.0436  0.0365  0.0340  0.0248  0.0265  0.0245  0.0254  0.0240  0.0245
niter,ni,del,rscale     7    3    5.0000    1.2000
parameters
   -1.0681   -0.6191   13.0398  -12.6818  -11.9428   -8.7370
    6.0573   -3.9974   -4.6110    5.5882    5.1205   -6.9864
eta,q 0.97771  9.44448
  0.0265  0.0260  0.0234  0.0240  0.0245  0.0241  0.0245  0.0259  0.0238  0.0254  0.0232  0.0232
  0.0247  0.0245  0.0229  0.0230  0.0231  0.0230  0.0234  0.0240  0.0230  0.0240  0.0227  0.0226
  0.0235  0.0235  0.0228  0.0225  0.0223  0.0225  0.0226  0.0228  0.0225  0.0230  0.0224  0.0223
  0.0230  0.0230  0.0229  0.0228  0.0225  0.0223  0.0224  0.0224  0.0224  0.0224  0.0223  0.0223
  0.0232  0.0230  0.0233  0.0244  0.0239  0.0220  0.0227  0.0227  0.0227  0.0224  0.0224  0.0226
  0.0241  0.0235  0.0239  0.0275  0.0262  0.0234  0.0236  0.0238  0.0232  0.0229  0.0226  0.0231
  0.0256  0.0246  0.0248  0.0320  0.0300  0.0268  0.0247  0.0257  0.0241  0.0240  0.0230  0.0238
niter,ni,del,rscale     6    3    5.0000    1.2000
parameters
   -0.9852   -0.3929   13.0291  -13.1463  -12.4859   -8.4340
    6.1430   -3.9382   -4.6787    6.2869    4.8117   -7.4793
eta,q 0.97775  9.42112
  0.0252  0.0248  0.0233  0.0253  0.0257  0.0246  0.0246  0.0257  0.0237  0.0248  0.0229  0.0233
  0.0236  0.0235  0.0227  0.0238  0.0241  0.0234  0.0234  0.0238  0.0229  0.0235  0.0225  0.0227
  0.0226  0.0226  0.0224  0.0228  0.0229  0.0226  0.0226  0.0227  0.0225  0.0227  0.0223  0.0223
  0.0223  0.0223  0.0223  0.0223  0.0223  0.0223  0.0223  0.0223  0.0223  0.0223  0.0223  0.0223
  0.0225  0.0224  0.0224  0.0225  0.0229  0.0219  0.0226  0.0226  0.0225  0.0224  0.0224  0.0225
  0.0234  0.0230  0.0228  0.0238  0.0244  0.0223  0.0233  0.0237  0.0230  0.0229  0.0226  0.0229
  0.0248  0.0240  0.0233  0.0266  0.0270  0.0250  0.0244  0.0256  0.0238  0.0240  0.0231  0.0236
niter,ni,del,rscale     5    3    5.0000    1.2000
parameters
   -0.9816   -0.2307   12.9894  -13.0788  -12.6982   -8.4789
    6.2158   -3.9223   -4.5775    6.6195    4.6368   -7.7473
eta,q 0.97775  9.41634
  0.0249  0.0246  0.0233  0.0256  0.0258  0.0245  0.0245  0.0256  0.0237  0.0245  0.0229  0.0233
  0.0234  0.0233  0.0227  0.0240  0.0242  0.0233  0.0233  0.0237  0.0229  0.0233  0.0225  0.0227
  0.0225  0.0226  0.0223  0.0228  0.0229  0.0225  0.0225  0.0226  0.0224  0.0226  0.0223  0.0224
  0.0223  0.0223  0.0222  0.0222  0.0222  0.0223  0.0223  0.0223  0.0223  0.0223  0.0223  0.0222
  0.0226  0.0224  0.0224  0.0223  0.0227  0.0218  0.0225  0.0226  0.0224  0.0224  0.0223  0.0224
  0.0235  0.0230  0.0228  0.0234  0.0241  0.0225  0.0233  0.0237  0.0229  0.0230  0.0226  0.0229
  0.0249  0.0240  0.0233  0.0260  0.0265  0.0253  0.0244  0.0256  0.0236  0.0242  0.0230  0.0235
niter,ni,del,rscale     4    3    5.0000    1.2000
parameters
   -0.9785   -0.1297   12.9217  -13.0852  -12.8193   -8.5255
    6.2247   -3.9253   -4.5136    6.8478    4.5445   -7.9394
eta,q 0.97775  9.41088
  0.0249  0.0244  0.0233  0.0255  0.0259  0.0245  0.0245  0.0255  0.0237  0.0243  0.0230  0.0234
  0.0234  0.0232  0.0227  0.0240  0.0243  0.0233  0.0233  0.0237  0.0229  0.0233  0.0226  0.0228
  0.0225  0.0225  0.0223  0.0228  0.0229  0.0225  0.0225  0.0226  0.0224  0.0226  0.0223  0.0224
  0.0222  0.0222  0.0222  0.0222  0.0222  0.0223  0.0223  0.0223  0.0223  0.0223  0.0222  0.0222
  0.0226  0.0224  0.0224  0.0223  0.0226  0.0218  0.0225  0.0226  0.0224  0.0224  0.0223  0.0224
  0.0234  0.0231  0.0228  0.0235  0.0240  0.0225  0.0233  0.0237  0.0229  0.0230  0.0226  0.0229
  0.0249  0.0241  0.0234  0.0261  0.0264  0.0254  0.0244  0.0255  0.0236  0.0242  0.0230  0.0235
niter,ni,del,rscale     3    3    5.0000    1.2000
parameters
   -0.9777   -0.0556   12.8662  -13.0951  -12.9059   -8.5754
    6.2299   -3.9291   -4.4708    7.0198    4.4771   -8.0619
eta,q 0.97775  9.40600
  0.0249  0.0244  0.0233  0.0255  0.0259  0.0245  0.0244  0.0255  0.0236  0.0243  0.0230  0.0234
  0.0234  0.0232  0.0227  0.0240  0.0243  0.0233  0.0233  0.0237  0.0229  0.0232  0.0226  0.0228
  0.0225  0.0225  0.0223  0.0228  0.0229  0.0225  0.0225  0.0226  0.0224  0.0226  0.0223  0.0224
  0.0223  0.0223  0.0223  0.0223  0.0223  0.0223  0.0223  0.0223  0.0223  0.0223  0.0223  0.0223
  0.0226  0.0224  0.0224  0.0223  0.0226  0.0218  0.0226  0.0226  0.0224  0.0224  0.0223  0.0224
  0.0234  0.0231  0.0228  0.0235  0.0240  0.0225  0.0233  0.0237  0.0229  0.0230  0.0226  0.0228
  0.0249  0.0241  0.0233  0.0261  0.0263  0.0254  0.0244  0.0255  0.0236  0.0242  0.0230  0.0234
niter,ni,del,rscale     2    3    5.0000    1.2000
parameters
   -0.9759   -0.0031   12.8291  -13.1028  -12.9765   -8.6109
    6.2293   -3.9302   -4.4405    7.1477    4.4166   -8.1570
eta,q 0.97774  9.40213
  0.0249  0.0243  0.0233  0.0255  0.0258  0.0245  0.0244  0.0255  0.0236  0.0242  0.0230  0.0234
  0.0234  0.0232  0.0227  0.0240  0.0243  0.0233  0.0233  0.0237  0.0229  0.0232  0.0226  0.0228
  0.0225  0.0225  0.0223  0.0228  0.0229  0.0226  0.0225  0.0226  0.0224  0.0226  0.0223  0.0224
  0.0223  0.0223  0.0223  0.0223  0.0223  0.0223  0.0223  0.0223  0.0223  0.0223  0.0223  0.0223
  0.0226  0.0225  0.0224  0.0223  0.0226  0.0218  0.0225  0.0226  0.0224  0.0224  0.0224  0.0224
  0.0234  0.0231  0.0228  0.0235  0.0240  0.0225  0.0233  0.0237  0.0229  0.0230  0.0226  0.0228
  0.0249  0.0241  0.0233  0.0261  0.0263  0.0253  0.0244  0.0255  0.0236  0.0242  0.0230  0.0234
niter,ni,del,rscale     1    3    5.0000    1.2000
parameters
   -0.9748    0.0391   12.7995  -13.1134  -13.0297   -8.6385
    6.2344   -3.9329   -4.4183    7.2424    4.3678   -8.2265
eta,q 0.97774  9.39894
  0.0249  0.0243  0.0233  0.0255  0.0258  0.0245  0.0244  0.0255  0.0236  0.0242  0.0230  0.0234
  0.0234  0.0232  0.0227  0.0240  0.0243  0.0233  0.0233  0.0237  0.0229  0.0232  0.0226  0.0228
  0.0225  0.0225  0.0224  0.0228  0.0229  0.0226  0.0225  0.0226  0.0224  0.0226  0.0223  0.0224
  0.0223  0.0223  0.0223  0.0223  0.0223  0.0223  0.0223  0.0223  0.0223  0.0223  0.0223  0.0223
  0.0226  0.0225  0.0224  0.0223  0.0226  0.0219  0.0226  0.0226  0.0224  0.0224  0.0224  0.0224
  0.0234  0.0231  0.0228  0.0235  0.0240  0.0225  0.0233  0.0237  0.0229  0.0230  0.0226  0.0228
  0.0249  0.0241  0.0233  0.0261  0.0263  0.0253  0.0244  0.0255  0.0236  0.0242  0.0230  0.0234
registration optimization eta report
parameter search radius
    2.4000    2.4000    2.4000    9.5220    9.5220    8.2800
    7.2000    7.2000    7.2000    7.2000    7.2000    7.2000
100000*second partial in parameter space
       45.       34.       18.        4.        4.        4.
        4.        6.        3.        4.        1.        2.
  0.0249  0.0243  0.0233  0.0255  0.0258  0.0245  0.0244  0.0255  0.0236  0.0242  0.0230  0.0234
  0.0234  0.0232  0.0227  0.0240  0.0243  0.0233  0.0233  0.0237  0.0229  0.0232  0.0226  0.0228
  0.0225  0.0225  0.0224  0.0228  0.0229  0.0226  0.0225  0.0226  0.0224  0.0226  0.0223  0.0224
  0.0223  0.0223  0.0223  0.0223  0.0223  0.0223  0.0223  0.0223  0.0223  0.0223  0.0223  0.0223
  0.0226  0.0225  0.0224  0.0223  0.0226  0.0219  0.0226  0.0226  0.0224  0.0224  0.0224  0.0224
  0.0234  0.0231  0.0228  0.0235  0.0240  0.0225  0.0233  0.0237  0.0229  0.0230  0.0226  0.0228
  0.0249  0.0241  0.0233  0.0261  0.0263  0.0253  0.0244  0.0255  0.0236  0.0242  0.0230  0.0234
   -0.9748    0.0391   12.7995  -13.1134  -13.0297   -8.6385
    6.2344   -3.9329   -4.4183    7.2424    4.3678   -8.2265
eta,q 0.97774  9.39894

---------------------------------------------------------------------
imgreg_4dfp /opt/freesurfer/average/711-2C_as_mni_average_305 /opt/freesurfer/average/711-2B_as_mni_average_305_mask talsrcimg_g11 none talsrcimg_to_711-2C_as_mni_average_305_t4 2311
---------------------------------------------------------------------

freesurfer imgreg_4dfp.c
/opt/freesurfer/average/711-2C_as_mni_average_305.4dfp.img
       256       256       256         1
  1.000000  1.000000  1.000000
orientation T byte_order littleendian
Reading image: /opt/freesurfer/average/711-2C_as_mni_average_305.4dfp.img
dimensions:      256       256       256
mmppix:       1.0000   -1.0000   -1.0000
center:     128.0000 -129.0000 -129.0000
/opt/freesurfer/average/711-2B_as_mni_average_305_mask.4dfp.img
       256       256       256         1
  1.000000  1.000000  1.000000
orientation T byte_order littleendian
Reading mask: /opt/freesurfer/average/711-2B_as_mni_average_305_mask.4dfp.img (2306576 pixels)
talsrcimg_g11.4dfp.img
       256       256       256         1
  1.000000  1.000000  1.000000
orientation T byte_order littleendian
Reading image: talsrcimg_g11.4dfp.img
dimensions:      256       256       256
mmppix:       1.0000   -1.0000   -1.0000
center:     128.0000 -129.0000 -129.0000
fimgreg.f
image alignment mode   2311 decimal      907 hex
parameters
   -0.9748    0.0391   12.7995  -13.1134  -13.0297   -8.6385
    6.2344   -3.9329   -4.4183    7.2424    4.3678   -8.2265
eta,q 0.97774  9.39894
niter,ni,del,rscale     5    3    5.0000    0.8000
parameter  6 -0.614132 -> -0.500000 qaram    1.1500
parameters
   -0.9794    0.0496   12.7632  -12.0710  -12.6256   -5.8785
    6.6609   -3.7771   -3.9700    7.3093    4.8880   -9.1165
eta,q 0.97832  9.57847
  0.0234  0.0232  0.0227  0.0234  0.0235  0.0230  0.0230  0.0239  0.0225  0.0229  0.0223  0.0221
  0.0228  0.0227  0.0224  0.0229  0.0229  0.0226  0.0224  0.0228  0.0221  0.0223  0.0220  0.0218
  0.0224  0.0224  0.0223  0.0225  0.0224  0.0224  0.0219  0.0221  0.0218  0.0219  0.0218  0.0217
  0.0223  0.0223  0.0223  0.0223  0.0222  0.0222  0.0217  0.0217  0.0217  0.0217  0.0217  0.0217
  0.0224  0.0224  0.0223  0.0222  0.0222  0.0219  0.0218  0.0219  0.0218  0.0218  0.0217  0.0219
  0.0228  0.0227  0.0225  0.0223  0.0226  0.0217  0.0221  0.0226  0.0219  0.0222  0.0219  0.0221
  0.0234  0.0231  0.0227  0.0227  0.0232  0.0221  0.0226  0.0237  0.0222  0.0229  0.0221  0.0225
niter,ni,del,rscale     5    3    5.0000    0.8000
parameters
   -0.9830   -0.0272   13.1197  -11.8723  -12.6136   -6.8268
    6.3948   -3.9285   -4.1285    7.3399    4.6322   -8.3446
eta,q 0.97820  9.54755
  0.0230  0.0225  0.0227  0.0228  0.0229  0.0227  0.0228  0.0235  0.0224  0.0228  0.0222  0.0226
  0.0223  0.0220  0.0222  0.0223  0.0222  0.0224  0.0222  0.0226  0.0221  0.0223  0.0220  0.0222
  0.0218  0.0217  0.0219  0.0219  0.0218  0.0220  0.0219  0.0220  0.0219  0.0220  0.0219  0.0220
  0.0217  0.0217  0.0217  0.0216  0.0216  0.0216  0.0218  0.0218  0.0218  0.0218  0.0218  0.0218
  0.0218  0.0218  0.0217  0.0217  0.0218  0.0217  0.0220  0.0220  0.0219  0.0219  0.0219  0.0218
  0.0223  0.0222  0.0218  0.0220  0.0222  0.0228  0.0224  0.0227  0.0221  0.0222  0.0220  0.0220
  0.0230  0.0227  0.0221  0.0228  0.0229  0.0250  0.0230  0.0238  0.0225  0.0229  0.0223  0.0222
niter,ni,del,rscale     4    3    5.0000    0.7000
parameters
   -1.0096   -0.0609   12.9890  -11.8337  -12.5773   -6.8912
    6.5032   -3.8738   -4.0313    7.2610    4.7786   -8.3828
eta,q 0.97820  9.54777
  0.0228  0.0225  0.0222  0.0226  0.0228  0.0227  0.0227  0.0233  0.0223  0.0226  0.0221  0.0223
  0.0222  0.0221  0.0219  0.0222  0.0223  0.0224  0.0222  0.0225  0.0220  0.0222  0.0220  0.0220
  0.0219  0.0219  0.0218  0.0219  0.0219  0.0221  0.0219  0.0220  0.0219  0.0219  0.0218  0.0219
  0.0218  0.0218  0.0218  0.0218  0.0218  0.0218  0.0218  0.0218  0.0218  0.0218  0.0218  0.0218
  0.0219  0.0219  0.0219  0.0218  0.0219  0.0216  0.0219  0.0219  0.0218  0.0219  0.0218  0.0219
  0.0223  0.0221  0.0221  0.0221  0.0222  0.0220  0.0222  0.0224  0.0220  0.0222  0.0219  0.0220
  0.0228  0.0226  0.0223  0.0227  0.0228  0.0232  0.0226  0.0232  0.0223  0.0227  0.0221  0.0223
niter,ni,del,rscale     3    3    5.0000    0.6000
parameters
   -0.9989   -0.0754   12.9451  -11.6972  -12.5221   -6.4546
    6.5122   -3.8408   -4.0194    7.2192    4.9125   -8.5848
eta,q 0.97830  9.57322
  0.0226  0.0223  0.0221  0.0224  0.0225  0.0226  0.0223  0.0229  0.0221  0.0223  0.0220  0.0220
  0.0221  0.0220  0.0219  0.0221  0.0222  0.0223  0.0220  0.0223  0.0219  0.0220  0.0218  0.0218
  0.0219  0.0219  0.0218  0.0219  0.0219  0.0221  0.0218  0.0219  0.0218  0.0218  0.0218  0.0217
  0.0218  0.0218  0.0218  0.0218  0.0218  0.0218  0.0217  0.0217  0.0217  0.0217  0.0217  0.0217
  0.0219  0.0219  0.0219  0.0218  0.0219  0.0216  0.0218  0.0218  0.0217  0.0218  0.0217  0.0218
  0.0221  0.0221  0.0220  0.0220  0.0221  0.0218  0.0220  0.0222  0.0219  0.0220  0.0218  0.0219
  0.0225  0.0223  0.0222  0.0224  0.0225  0.0226  0.0223  0.0229  0.0221  0.0224  0.0220  0.0221
niter,ni,del,rscale     2    3    5.0000    0.5000
parameters
   -0.9935   -0.0869   13.0325  -11.5891  -12.5210   -5.9553
    6.5128   -3.8095   -4.0351    7.1766    4.9243   -8.7339
eta,q 0.97838  9.59729
  0.0223  0.0221  0.0220  0.0222  0.0222  0.0224  0.0221  0.0225  0.0219  0.0221  0.0218  0.0218
  0.0219  0.0219  0.0219  0.0220  0.0219  0.0222  0.0218  0.0221  0.0217  0.0218  0.0217  0.0217
  0.0218  0.0217  0.0217  0.0218  0.0218  0.0220  0.0217  0.0217  0.0217  0.0217  0.0216  0.0216
  0.0217  0.0217  0.0217  0.0217  0.0217  0.0217  0.0216  0.0216  0.0216  0.0216  0.0216  0.0216
  0.0218  0.0217  0.0217  0.0217  0.0218  0.0216  0.0217  0.0217  0.0216  0.0217  0.0216  0.0217
  0.0219  0.0219  0.0218  0.0219  0.0219  0.0217  0.0218  0.0220  0.0217  0.0218  0.0217  0.0217
  0.0222  0.0221  0.0219  0.0222  0.0222  0.0223  0.0221  0.0225  0.0219  0.0221  0.0218  0.0219
niter,ni,del,rscale     1    3    5.0000    0.4000
parameters
   -0.9919   -0.0985   13.1602  -11.5172  -12.5330   -5.5311
    6.4918   -3.7867   -4.0397    7.1102    4.9102   -8.7855
eta,q 0.97844  9.61563
  0.0220  0.0219  0.0219  0.0219  0.0220  0.0222  0.0219  0.0222  0.0217  0.0219  0.0217  0.0217
  0.0218  0.0217  0.0217  0.0218  0.0218  0.0220  0.0217  0.0219  0.0216  0.0217  0.0216  0.0216
  0.0217  0.0216  0.0217  0.0217  0.0217  0.0218  0.0216  0.0216  0.0216  0.0216  0.0216  0.0216
  0.0216  0.0216  0.0216  0.0216  0.0216  0.0216  0.0216  0.0216  0.0216  0.0216  0.0216  0.0216
  0.0217  0.0216  0.0216  0.0216  0.0216  0.0216  0.0216  0.0216  0.0216  0.0216  0.0216  0.0216
  0.0218  0.0217  0.0217  0.0217  0.0218  0.0217  0.0217  0.0218  0.0216  0.0217  0.0216  0.0216
  0.0220  0.0219  0.0217  0.0219  0.0220  0.0221  0.0219  0.0222  0.0217  0.0219  0.0217  0.0217
registration optimization eta report
parameter search radius
    0.8000    0.8000    0.8000    2.4000    2.4000    2.7600
    2.4000    2.4000    2.4000    2.4000    2.4000    2.4000
100000*second partial in parameter space
       56.       38.       29.        6.        6.        7.
        5.       11.        3.        5.        2.        3.
  0.0220  0.0219  0.0219  0.0219  0.0220  0.0222  0.0219  0.0222  0.0217  0.0219  0.0217  0.0217
  0.0218  0.0217  0.0217  0.0218  0.0218  0.0220  0.0217  0.0219  0.0216  0.0217  0.0216  0.0216
  0.0217  0.0216  0.0217  0.0217  0.0217  0.0218  0.0216  0.0216  0.0216  0.0216  0.0216  0.0216
  0.0216  0.0216  0.0216  0.0216  0.0216  0.0216  0.0216  0.0216  0.0216  0.0216  0.0216  0.0216
  0.0217  0.0216  0.0216  0.0216  0.0216  0.0216  0.0216  0.0216  0.0216  0.0216  0.0216  0.0216
  0.0218  0.0217  0.0217  0.0217  0.0218  0.0217  0.0217  0.0218  0.0216  0.0217  0.0216  0.0216
  0.0220  0.0219  0.0217  0.0219  0.0220  0.0221  0.0219  0.0222  0.0217  0.0219  0.0217  0.0217
   -0.9919   -0.0985   13.1602  -11.5172  -12.5330   -5.5311
    6.4918   -3.7867   -4.0397    7.1102    4.9102   -8.7855
eta,q 0.97844  9.61563

---------------------------------------------------------------------
imgreg_4dfp /opt/freesurfer/average/711-2C_as_mni_average_305 /opt/freesurfer/average/711-2B_as_mni_average_305_mask talsrcimg_g11 none talsrcimg_to_711-2C_as_mni_average_305_t4 2311
---------------------------------------------------------------------

freesurfer imgreg_4dfp.c
/opt/freesurfer/average/711-2C_as_mni_average_305.4dfp.img
       256       256       256         1
  1.000000  1.000000  1.000000
orientation T byte_order littleendian
Reading image: /opt/freesurfer/average/711-2C_as_mni_average_305.4dfp.img
dimensions:      256       256       256
mmppix:       1.0000   -1.0000   -1.0000
center:     128.0000 -129.0000 -129.0000
/opt/freesurfer/average/711-2B_as_mni_average_305_mask.4dfp.img
       256       256       256         1
  1.000000  1.000000  1.000000
orientation T byte_order littleendian
Reading mask: /opt/freesurfer/average/711-2B_as_mni_average_305_mask.4dfp.img (2306576 pixels)
talsrcimg_g11.4dfp.img
       256       256       256         1
  1.000000  1.000000  1.000000
orientation T byte_order littleendian
Reading image: talsrcimg_g11.4dfp.img
dimensions:      256       256       256
mmppix:       1.0000   -1.0000   -1.0000
center:     128.0000 -129.0000 -129.0000
fimgreg.f
image alignment mode   2311 decimal      907 hex
parameters
   -0.9919   -0.0985   13.1602  -11.5172  -12.5330   -5.5311
    6.4918   -3.7867   -4.0397    7.1102    4.9102   -8.7855
eta,q 0.97844  9.61563
niter,ni,del,rscale     5    3    5.0000    0.8000
parameters
   -0.9903   -0.1043   13.3044  -11.8888  -12.6047   -6.2709
    6.3932   -3.9007   -4.1268    7.1155    4.7690   -8.2051
eta,q 0.97831  9.56865
  0.0230  0.0225  0.0225  0.0226  0.0228  0.0226  0.0227  0.0235  0.0223  0.0228  0.0221  0.0225
  0.0222  0.0220  0.0220  0.0221  0.0222  0.0223  0.0222  0.0226  0.0220  0.0222  0.0219  0.0221
  0.0217  0.0217  0.0217  0.0217  0.0217  0.0219  0.0218  0.0219  0.0218  0.0219  0.0217  0.0218
  0.0216  0.0216  0.0216  0.0216  0.0216  0.0216  0.0217  0.0217  0.0217  0.0217  0.0217  0.0217
  0.0217  0.0217  0.0216  0.0217  0.0217  0.0217  0.0218  0.0219  0.0218  0.0218  0.0218  0.0217
  0.0222  0.0220  0.0218  0.0222  0.0222  0.0225  0.0222  0.0226  0.0220  0.0222  0.0219  0.0219
  0.0230  0.0225  0.0222  0.0231  0.0229  0.0242  0.0228  0.0237  0.0224  0.0228  0.0222  0.0222
niter,ni,del,rscale     4    3    5.0000    0.7000
parameters
   -1.0109   -0.1357   13.1640  -11.7989  -12.5501   -6.3245
    6.4776   -3.8608   -4.0658    7.0348    4.8795   -8.2772
eta,q 0.97831  9.57200
  0.0227  0.0224  0.0221  0.0225  0.0227  0.0225  0.0226  0.0232  0.0222  0.0225  0.0221  0.0222
  0.0221  0.0220  0.0218  0.0222  0.0222  0.0223  0.0221  0.0224  0.0219  0.0221  0.0219  0.0219
  0.0218  0.0218  0.0217  0.0218  0.0218  0.0220  0.0218  0.0219  0.0217  0.0218  0.0217  0.0217
  0.0217  0.0217  0.0217  0.0217  0.0217  0.0217  0.0217  0.0217  0.0217  0.0217  0.0217  0.0217
  0.0218  0.0218  0.0218  0.0217  0.0218  0.0216  0.0218  0.0218  0.0217  0.0218  0.0217  0.0217
  0.0222  0.0220  0.0220  0.0220  0.0221  0.0219  0.0221  0.0224  0.0219  0.0221  0.0218  0.0219
  0.0227  0.0225  0.0223  0.0226  0.0227  0.0230  0.0225  0.0232  0.0222  0.0226  0.0220  0.0222
niter,ni,del,rscale     3    3    5.0000    0.6000
parameters
   -1.0025   -0.1484   13.1284  -11.6867  -12.4958   -5.9866
    6.4827   -3.8384   -4.0583    6.9981    4.9441   -8.4827
eta,q 0.97838  9.59187
  0.0225  0.0222  0.0220  0.0224  0.0224  0.0224  0.0223  0.0229  0.0220  0.0223  0.0219  0.0219
  0.0220  0.0219  0.0218  0.0220  0.0220  0.0222  0.0219  0.0222  0.0218  0.0219  0.0218  0.0218
  0.0218  0.0217  0.0217  0.0218  0.0218  0.0220  0.0217  0.0218  0.0217  0.0217  0.0217  0.0216
  0.0217  0.0217  0.0217  0.0217  0.0217  0.0217  0.0216  0.0216  0.0216  0.0216  0.0216  0.0216
  0.0218  0.0218  0.0217  0.0217  0.0217  0.0216  0.0217  0.0218  0.0217  0.0217  0.0217  0.0217
  0.0220  0.0219  0.0219  0.0219  0.0220  0.0218  0.0219  0.0222  0.0218  0.0219  0.0217  0.0218
  0.0224  0.0222  0.0221  0.0223  0.0224  0.0224  0.0223  0.0229  0.0220  0.0223  0.0219  0.0220
niter,ni,del,rscale     2    3    5.0000    0.5000
parameters
   -0.9978   -0.1519   13.1951  -11.5944  -12.4871   -5.6139
    6.4832   -3.8108   -4.0768    6.9665    4.9416   -8.6150
eta,q 0.97843  9.61018
  0.0222  0.0220  0.0219  0.0221  0.0221  0.0223  0.0220  0.0225  0.0218  0.0220  0.0218  0.0218
  0.0219  0.0218  0.0218  0.0219  0.0219  0.0221  0.0218  0.0220  0.0217  0.0218  0.0217  0.0217
  0.0217  0.0217  0.0217  0.0217  0.0217  0.0218  0.0216  0.0217  0.0216  0.0216  0.0216  0.0216
  0.0216  0.0216  0.0216  0.0216  0.0216  0.0216  0.0216  0.0216  0.0216  0.0216  0.0216  0.0216
  0.0217  0.0217  0.0216  0.0216  0.0217  0.0215  0.0216  0.0217  0.0216  0.0216  0.0216  0.0216
  0.0219  0.0218  0.0217  0.0218  0.0219  0.0217  0.0218  0.0220  0.0217  0.0218  0.0217  0.0217
  0.0222  0.0220  0.0219  0.0221  0.0222  0.0222  0.0220  0.0225  0.0218  0.0221  0.0218  0.0218
niter,ni,del,rscale     1    3    5.0000    0.4000
parameters
   -0.9937   -0.1583   13.2886  -11.5310  -12.5163   -5.2976
    6.4667   -3.7839   -4.0649    6.9398    4.9379   -8.6537
eta,q 0.97846  9.62324
  0.0219  0.0218  0.0218  0.0219  0.0219  0.0221  0.0218  0.0222  0.0217  0.0218  0.0217  0.0217
  0.0217  0.0217  0.0217  0.0217  0.0217  0.0219  0.0217  0.0218  0.0216  0.0217  0.0216  0.0216
  0.0216  0.0216  0.0216  0.0216  0.0216  0.0217  0.0216  0.0216  0.0216  0.0216  0.0216  0.0216
  0.0216  0.0216  0.0216  0.0216  0.0216  0.0216  0.0215  0.0215  0.0215  0.0215  0.0215  0.0215
  0.0216  0.0216  0.0216  0.0216  0.0216  0.0215  0.0216  0.0216  0.0216  0.0216  0.0216  0.0216
  0.0217  0.0217  0.0216  0.0217  0.0217  0.0217  0.0217  0.0218  0.0216  0.0217  0.0216  0.0216
  0.0219  0.0218  0.0217  0.0219  0.0219  0.0220  0.0218  0.0222  0.0217  0.0219  0.0217  0.0217
registration optimization eta report
parameter search radius
    0.8000    0.8000    0.8000    2.4000    2.4000    2.4000
    2.4000    2.4000    2.4000    2.4000    2.4000    2.4000
100000*second partial in parameter space
       56.       38.       30.        6.        6.        8.
        5.       11.        3.        5.        3.        3.
  0.0219  0.0218  0.0218  0.0219  0.0219  0.0221  0.0218  0.0222  0.0217  0.0218  0.0217  0.0217
  0.0217  0.0217  0.0217  0.0217  0.0217  0.0219  0.0217  0.0218  0.0216  0.0217  0.0216  0.0216
  0.0216  0.0216  0.0216  0.0216  0.0216  0.0217  0.0216  0.0216  0.0216  0.0216  0.0216  0.0216
  0.0216  0.0216  0.0216  0.0216  0.0216  0.0216  0.0215  0.0215  0.0215  0.0215  0.0215  0.0215
  0.0216  0.0216  0.0216  0.0216  0.0216  0.0215  0.0216  0.0216  0.0216  0.0216  0.0216  0.0216
  0.0217  0.0217  0.0216  0.0217  0.0217  0.0217  0.0217  0.0218  0.0216  0.0217  0.0216  0.0216
  0.0219  0.0218  0.0217  0.0219  0.0219  0.0220  0.0218  0.0222  0.0217  0.0219  0.0217  0.0217
   -0.9937   -0.1583   13.2886  -11.5310  -12.5163   -5.2976
    6.4667   -3.7839   -4.0649    6.9398    4.9379   -8.6537
eta,q 0.97846  9.62324

---------------------------------------------------------------------
compute_vox2vox talsrcimg talsrcimg_to_711-2C_as_mni_average_305_t4 /opt/freesurfer/average/711-2C_as_mni_average_305
---------------------------------------------------------------------

freesurfer compute_vox2vox.c
Reading: talsrcimg.4dfp.ifh
Reading: talsrcimg_to_711-2C_as_mni_average_305_t4
Reading: /opt/freesurfer/average/711-2C_as_mni_average_305.4dfp.ifh
Writing: talsrcimg_to_711-2C_as_mni_average_305_t4_vox2vox.txt

start time Fri Mar 6 18:36:19 CET 2026
end		time Fri Mar 6 18:37:46 CET 2026

mpr2mni305 success

avi2talxfm orig_nu.mgz /opt/freesurfer/average/mni305.cor.mgz talsrcimg_to_711-2C_as_mni_average_305_t4_vox2vox.txt transforms/talairach.auto.xfm
avi2talxfm done
mv -f /out/sourcedata/freesurfer/sub-v1s11x0050165_ses-1/mri/talsrcimg_to_711-2C_as_mni_average_305_t4_vox2vox.txt /out/sourcedata/freesurfer/sub-v1s11x0050165_ses-1/mri/transforms/talsrcimg_to_711-2C_as_mni_average_305_t4_vox2vox.txt
lta_convert --src orig_nu.mgz --trg /opt/freesurfer/average/mni305.cor.mgz --inxfm transforms/talairach.auto.xfm --outlta transforms/talairach.auto.xfm.lta --subject fsaverage
7.3.2

--src: orig_nu.mgz src image (geometry).
--trg: /opt/freesurfer/average/mni305.cor.mgz trg image (geometry).
--inmni: transforms/talairach.auto.xfm input MNI/XFM transform.
--outlta: transforms/talairach.auto.xfm.lta output LTA.
--s: fsaverage subject name
 LTA read, type : 1
 1.12393   0.05063  -0.07807  -1.78549;
-0.05344   1.04593   0.10741  -18.30237;
 0.05646  -0.08062   1.13092  -16.67996;
 0.00000   0.00000   0.00000   1.00000;
setting subject to fsaverage
Writing  LTA to file transforms/talairach.auto.xfm.lta...
lta_convert successful.
 
 
Started at Fri Mar 6 18:36:19 CET 2026
Ended   at Fri Mar  6 18:37:47 CET 2026
talairach_avi done
