/out/sourcedata/freesurfer/sub-v1s10x0050996_ses-1/mri
/opt/freesurfer/bin/talairach_avi
--i orig_nu.mgz --xfm transforms/talairach.auto.xfm
talairach_avi 7.3.2
Linux dna023 5.14.0-427.37.1.el9_4.x86_64 #1 SMP PREEMPT_DYNAMIC Fri Sep 13 12:41:50 EDT 2024 x86_64 x86_64 x86_64 GNU/Linux
Fri Mar  6 06:23:21 CET 2026
mri_convert orig_nu.mgz talsrcimg.img 
reading from orig_nu.mgz...
TR=0.00, TE=0.00, TI=0.00, flip angle=0.00
i_ras = (-1, 0, 0)
j_ras = (0, 0, -1)
k_ras = (0, 1, 0)
writing to talsrcimg.img...
Analyze Output Matrix
-1.00000   0.00000   0.00000   129.66513;
 0.00000   0.00000   1.00000  -128.00000;
 0.00000  -1.00000   0.00000   130.00000;
 0.00000   0.00000   0.00000   1.00000;
--------------------
INFO: set hdr.hist.orient to -1
mpr2mni305 talsrcimg
Fri Mar  6 06:23:21 CET 2026
/opt/freesurfer/bin/mpr2mni305 talsrcimg
mpr2mni305 7.3.2
target=711-2C_as_mni_average_305

---------------------------------------------------------------------
analyzeto4dfp talsrcimg -O0 -y
---------------------------------------------------------------------

freesurfer ifh2hdr.c
Fri Mar  6 06:23:21 2026
Writing: talsrcimg.4dfp.hdr
freesurfer analyzeto4dfp.c
Reading: talsrcimg.hdr
header size 348 bytes
hdr.dime.datatype	offset=70	value=2
hdr.dime.bitpix		offset=72	value=8
hdr.hist.orient		offset=252	value=-1
dimensionality     4
dimensions       256       256       256         1
Reading: talsrcimg.img
Writing: talsrcimg.4dfp.img
Writing: talsrcimg.4dfp.ifh
ifh2hdr talsrcimg -r0to203
ori=2

---------------------------------------------------------------------
gauss_4dfp talsrcimg 1.1
---------------------------------------------------------------------

freesurfer gauss_4dfp.c
Reading: talsrcimg.4dfp.img
Writing: talsrcimg_g11.4dfp.img
image dimensions 256 256 256 padded to 288 288 288
processing volume 1freesurfer ifh2hdr.c
Fri Mar  6 06:23:23 2026
Writing: talsrcimg_g11.4dfp.hdr

Writing: talsrcimg_g11.4dfp.ifh
including: talsrcimg.4dfp.img.rec in talsrcimg_g11.4dfp.img.rec

---------------------------------------------------------------------
imgreg_4dfp /opt/freesurfer/average/711-2C_as_mni_average_305 none talsrcimg_g11 none talsrcimg_to_711-2C_as_mni_average_305_t4 4355
---------------------------------------------------------------------

freesurfer imgreg_4dfp.c
/opt/freesurfer/average/711-2C_as_mni_average_305.4dfp.img
       256       256       256         1
  1.000000  1.000000  1.000000
orientation T byte_order littleendian
Reading image: /opt/freesurfer/average/711-2C_as_mni_average_305.4dfp.img
dimensions:      256       256       256
mmppix:       1.0000   -1.0000   -1.0000
center:     128.0000 -129.0000 -129.0000
talsrcimg_g11.4dfp.img
       256       256       256         1
  1.000000  1.000000  1.000000
orientation T byte_order littleendian
Reading image: talsrcimg_g11.4dfp.img
dimensions:      256       256       256
mmppix:       1.0000   -1.0000   -1.0000
center:     128.0000 -129.0000 -129.0000
t4_read: open error in t4_sub.f l:  41 t4_file(1:l)talsrcimg_to_711-2C_as_mni_average_305_t4 
t4_read: transform initialized to I4
rotation matrix determinant  1.000000
image alignment mode   4355 decimal     1103 hex
   -7.5000  -45.0000  -45.0000 7515.6021   16.5798
    0.0000  -45.0000  -45.0000 7873.5649   16.5701
    7.5000  -45.0000  -45.0000 7507.2144   16.5908
   -7.5000  -37.5000  -45.0000 8112.3027   16.5116
    0.0000  -37.5000  -45.0000 8497.4473   16.5069
    7.5000  -37.5000  -45.0000 8106.3735   16.5254
   -7.5000  -30.0000  -45.0000 8982.4248   16.5060
    0.0000  -30.0000  -45.0000 9438.2207   16.5041
    7.5000  -30.0000  -45.0000 8992.0234   16.5271
   -7.5000  -22.5000  -45.0000 9773.0820   16.5005
    0.0000  -22.5000  -45.000010287.0859   16.4961
    7.5000  -22.5000  -45.0000 9798.4600   16.5264
   -7.5000  -15.0000  -45.000010472.1699   16.4957
    0.0000  -15.0000  -45.000011005.8770   16.4867
    7.5000  -15.0000  -45.000010481.2129   16.5199
   -7.5000   -7.5000  -45.000011134.3916   16.4967
    0.0000   -7.5000  -45.000011719.6123   16.4850
    7.5000   -7.5000  -45.000011173.2549   16.5129
   -7.5000    0.0000  -45.000011723.6504   16.5028
    0.0000    0.0000  -45.000012366.9834   16.4929
    7.5000    0.0000  -45.000011769.8037   16.5133
   -7.5000    7.5000  -45.000011456.8516   16.5073
    0.0000    7.5000  -45.000012066.5986   16.5025
    7.5000    7.5000  -45.000011494.2754   16.5211
   -7.5000   15.0000  -45.000011027.6592   16.5060
    0.0000   15.0000  -45.000011625.5557   16.5041
    7.5000   15.0000  -45.000011081.8594   16.5271
   -7.5000   22.5000  -45.000010621.0488   16.4982
    0.0000   22.5000  -45.000011177.3398   16.4939
    7.5000   22.5000  -45.000010645.8457   16.5241
   -7.5000   30.0000  -45.0000 9936.3975   16.2759
    0.0000   30.0000  -45.000010440.5479   16.2670
    7.5000   30.0000  -45.0000 9920.3564   16.2997
   -7.5000   37.5000  -45.0000 9533.0752   16.2768
    0.0000   37.5000  -45.000010041.0146   16.2653
    7.5000   37.5000  -45.0000 9516.0352   16.2928
   -7.5000   45.0000  -45.0000 8759.1670   15.8694
    0.0000   45.0000  -45.0000 9227.5527   15.8599
    7.5000   45.0000  -45.0000 8734.4824   15.8795
   -7.5000  -45.0000  -37.5000 8023.1792   16.4532
    0.0000  -45.0000  -37.5000 8441.6318   16.4449
    7.5000  -45.0000  -37.5000 8043.3848   16.4675
   -7.5000  -37.5000  -37.5000 8661.5898   16.3779
    0.0000  -37.5000  -37.5000 9124.2627   16.3763
    7.5000  -37.5000  -37.5000 8697.0332   16.3970
   -7.5000  -30.0000  -37.5000 9581.1719   16.3704
    0.0000  -30.0000  -37.500010107.3115   16.3719
    7.5000  -30.0000  -37.5000 9633.6660   16.3960
   -7.5000  -22.5000  -37.500010427.1191   16.3714
    0.0000  -22.5000  -37.500010983.3691   16.3687
    7.5000  -22.5000  -37.500010465.4141   16.3985
   -7.5000  -15.0000  -37.500011154.4141   16.3744
    0.0000  -15.0000  -37.500011761.6768   16.3649
    7.5000  -15.0000  -37.500011173.6836   16.3973
   -7.5000   -7.5000  -37.500011845.3301   16.3761
    0.0000   -7.5000  -37.500012483.8330   16.3640
    7.5000   -7.5000  -37.500011864.8486   16.3923
   -7.5000    0.0000  -37.500012445.3535   16.3763
    0.0000    0.0000  -37.500013120.9277   16.3678
    7.5000    0.0000  -37.500012484.2285   16.3902
   -7.5000    7.5000  -37.500012130.7773   16.3737
    0.0000    7.5000  -37.500012791.9453   16.3721
    7.5000    7.5000  -37.500012172.0215   16.3928
   -7.5000   15.0000  -37.500011676.1543   16.3704
    0.0000   15.0000  -37.500012331.8613   16.3719
    7.5000   15.0000  -37.500011737.5215   16.3960
   -7.5000   22.5000  -37.500011209.7207   16.3692
    0.0000   22.5000  -37.500011819.7178   16.3664
    7.5000   22.5000  -37.500011245.1631   16.3962
   -7.5000   30.0000  -37.500010439.3887   16.1562
    0.0000   30.0000  -37.500011006.8115   16.1469
    7.5000   30.0000  -37.500010446.3496   16.1788
   -7.5000   37.5000  -37.500010001.3428   16.1579
    0.0000   37.5000  -37.500010538.6553   16.1459
    7.5000   37.5000  -37.500010006.7881   16.1739
   -7.5000   45.0000  -37.5000 9184.4092   15.7478
    0.0000   45.0000  -37.5000 9678.9326   15.7396
    7.5000   45.0000  -37.5000 9179.1943   15.7612
   -7.5000  -45.0000  -30.0000 8699.2100   17.0940
    0.0000  -45.0000  -30.0000 9161.7676   17.0888
    7.5000  -45.0000  -30.0000 8733.8037   17.1150
   -7.5000  -37.5000  -30.0000 9364.8955   17.0108
    0.0000  -37.5000  -30.0000 9873.7646   17.0155
    7.5000  -37.5000  -30.0000 9412.3018   17.0418
   -7.5000  -30.0000  -30.000010368.1602   17.0031
    0.0000  -30.0000  -30.000010940.9209   17.0122
    7.5000  -30.0000  -30.000010414.5342   17.0410
   -7.5000  -22.5000  -30.000011266.9092   17.0092
    0.0000  -22.5000  -30.000011875.3311   17.0117
    7.5000  -22.5000  -30.000011300.4727   17.0430
   -7.5000  -15.0000  -30.000012059.1162   17.0172
    0.0000  -15.0000  -30.000012728.2344   17.0096
    7.5000  -15.0000  -30.000012098.6719   17.0415
   -7.5000   -7.5000  -30.000012784.5410   17.0187
    0.0000   -7.5000  -30.000013495.2627   17.0077
    7.5000   -7.5000  -30.000012847.7314   17.0368
   -7.5000    0.0000  -30.000013399.1113   17.0141
    0.0000    0.0000  -30.000014136.9355   17.0088
    7.5000    0.0000  -30.000013480.0303   17.0349
   -7.5000    7.5000  -30.000013018.3379   17.0064
    0.0000    7.5000  -30.000013735.4990   17.0111
    7.5000    7.5000  -30.000013087.5459   17.0375
   -7.5000   15.0000  -30.000012533.9424   17.0031
    0.0000   15.0000  -30.000013220.5938   17.0122
    7.5000   15.0000  -30.000012610.4971   17.0410
   -7.5000   22.5000  -30.000012001.6006   17.0051
    0.0000   22.5000  -30.000012655.9004   17.0076
    7.5000   22.5000  -30.000012056.6846   17.0389
   -7.5000   30.0000  -30.000011154.8955   16.7921
    0.0000   30.0000  -30.000011747.0723   16.7846
    7.5000   30.0000  -30.000011180.7920   16.8160
   -7.5000   37.5000  -30.000010691.9062   16.7935
    0.0000   37.5000  -30.000011239.8545   16.7827
    7.5000   37.5000  -30.000010691.8223   16.8113
   -7.5000   45.0000  -30.0000 9810.3467   16.3731
    0.0000   45.0000  -30.000010313.2256   16.3680
    7.5000   45.0000  -30.0000 9799.3750   16.3931
   -7.5000  -45.0000  -22.5000 9379.3008   17.6603
    0.0000  -45.0000  -22.5000 9873.1455   17.6565
    7.5000  -45.0000  -22.5000 9418.1123   17.6851
   -7.5000  -37.5000  -22.500010077.2236   17.5789
    0.0000  -37.5000  -22.500010615.4561   17.5871
    7.5000  -37.5000  -22.500010130.9473   17.6175
   -7.5000  -30.0000  -22.500011124.1445   17.5741
    0.0000  -30.0000  -22.500011722.8447   17.5885
    7.5000  -30.0000  -22.500011186.5312   17.6216
   -7.5000  -22.5000  -22.500012072.1768   17.5778
    0.0000  -22.5000  -22.500012726.1172   17.5845
    7.5000  -22.5000  -22.500012136.5176   17.6187
   -7.5000  -15.0000  -22.500012936.2451   17.5806
    0.0000  -15.0000  -22.500013652.9727   17.5753
    7.5000  -15.0000  -22.500013018.2041   17.6082
   -7.5000   -7.5000  -22.500013712.3301   17.5802
    0.0000   -7.5000  -22.500014494.6162   17.5705
    7.5000   -7.5000  -22.500013818.7900   17.6004
   -7.5000    0.0000  -22.500014338.2959   17.5777
    0.0000    0.0000  -22.500015170.0518   17.5738
    7.5000    0.0000  -22.500014468.3545   17.6023
   -7.5000    7.5000  -22.500013904.1387   17.5744
    0.0000    7.5000  -22.500014706.1367   17.5827
    7.5000    7.5000  -22.500014036.6338   17.6131
   -7.5000   15.0000  -22.500013363.2412   17.5741
    0.0000   15.0000  -22.500014127.4512   17.5885
    7.5000   15.0000  -22.500013488.3027   17.6216
   -7.5000   22.5000  -22.500012793.0059   17.5723
    0.0000   22.5000  -22.500013482.8750   17.5790
    7.5000   22.5000  -22.500012866.2783   17.6132
   -7.5000   30.0000  -22.500011867.4014   17.3506
    0.0000   30.0000  -22.500012490.2559   17.3454
    7.5000   30.0000  -22.500011913.9795   17.3779
   -7.5000   37.5000  -22.500011352.8057   17.3503
    0.0000   37.5000  -22.500011951.9277   17.3407
    7.5000   37.5000  -22.500011388.2295   17.3702
   -7.5000   45.0000  -22.500010428.1943   16.9282
    0.0000   45.0000  -22.500010944.0137   16.9245
    7.5000   45.0000  -22.500010425.1318   16.9518
   -7.5000  -45.0000  -15.000010052.4365   18.0648
    0.0000  -45.0000  -15.000010554.8857   18.0611
    7.5000  -45.0000  -15.000010078.1553   18.0888
   -7.5000  -37.5000  -15.000010761.8750   17.9906
    0.0000  -37.5000  -15.000011334.7910   17.9978
    7.5000  -37.5000  -15.000010841.2314   18.0267
   -7.5000  -30.0000  -15.000011854.5059   17.9878
    0.0000  -30.0000  -15.000012507.1475   18.0008
    7.5000  -30.0000  -15.000011936.0918   18.0339
   -7.5000  -22.5000  -15.000012865.9219   17.9833
    0.0000  -22.5000  -15.000013556.8486   17.9894
    7.5000  -22.5000  -15.000012949.0225   18.0252
   -7.5000  -15.0000  -15.000013797.2061   17.9765
    0.0000  -15.0000  -15.000014568.0283   17.9719
    7.5000  -15.0000  -15.000013908.8252   18.0070
   -7.5000   -7.5000  -15.000014618.4160   17.9754
    0.0000   -7.5000  -15.000015488.4092   17.9669
    7.5000   -7.5000  -15.000014738.0703   17.9975
   -7.5000    0.0000  -15.000015262.7607   17.9803
    0.0000    0.0000  -15.000016191.4131   17.9766
    7.5000    0.0000  -15.000015425.3867   18.0040
   -7.5000    7.5000  -15.000014814.2764   17.9860
    0.0000    7.5000  -15.000015706.7148   17.9932
    7.5000    7.5000  -15.000014992.5322   18.0222
   -7.5000   15.0000  -15.000014220.9795   17.9878
    0.0000   15.0000  -15.000015053.4775   18.0008
    7.5000   15.0000  -15.000014370.5342   18.0339
   -7.5000   22.5000  -15.000013557.3105   17.9769
    0.0000   22.5000  -15.000014320.0518   17.9830
    7.5000   22.5000  -15.000013665.2100   18.0188
   -7.5000   30.0000  -15.000012592.1533   17.7438
    0.0000   30.0000  -15.000013265.6836   17.7393
    7.5000   30.0000  -15.000012667.5068   17.7739
   -7.5000   37.5000  -15.000012029.3252   17.7428
    0.0000   37.5000  -15.000012668.6016   17.7344
    7.5000   37.5000  -15.000012110.1758   17.7645
   -7.5000   45.0000  -15.000011021.7998   17.3264
    0.0000   45.0000  -15.000011581.5137   17.3228
    7.5000   45.0000  -15.000011061.4863   17.3492
   -7.5000  -45.0000   -7.500010743.3311   18.2820
    0.0000  -45.0000   -7.500011307.7285   18.2758
    7.5000  -45.0000   -7.500010807.9092   18.3001
   -7.5000  -37.5000   -7.500011486.0059   18.2097
    0.0000  -37.5000   -7.500012097.9219   18.2105
    7.5000  -37.5000   -7.500011590.4404   18.2345
   -7.5000  -30.0000   -7.500012627.1113   18.2052
    0.0000  -30.0000   -7.500013305.1328   18.2098
    7.5000  -30.0000   -7.500012727.3125   18.2388
   -7.5000  -22.5000   -7.500013709.7783   18.1961
    0.0000  -22.5000   -7.500014437.8359   18.1965
    7.5000  -22.5000   -7.500013809.2734   18.2313
   -7.5000  -15.0000   -7.500014726.3682   18.1866
    0.0000  -15.0000   -7.500015544.3340   18.1803
    7.5000  -15.0000   -7.500014850.4795   18.2162
   -7.5000   -7.5000   -7.500015599.5264   18.1873
    0.0000   -7.5000   -7.500016541.5781   18.1781
    7.5000   -7.5000   -7.500015756.3398   18.2083
   -7.5000    0.0000   -7.500016231.0459   18.1966
    0.0000    0.0000   -7.500017218.8320   18.1902
    7.5000    0.0000   -7.500016474.8047   18.2143
   -7.5000    7.5000   -7.500015724.9688   18.2050
    0.0000    7.5000   -7.500016714.7930   18.2058
    7.5000    7.5000   -7.500016020.2549   18.2298
   -7.5000   15.0000   -7.500015074.0303   18.2052
    0.0000   15.0000   -7.500015982.1279   18.2098
    7.5000   15.0000   -7.500015314.9287   18.2388
   -7.5000   22.5000   -7.500014343.2275   18.1877
    0.0000   22.5000   -7.500015163.1816   18.1881
    7.5000   22.5000   -7.500014533.6719   18.2228
   -7.5000   30.0000   -7.500013317.1738   17.9508
    0.0000   30.0000   -7.500014061.9453   17.9445
    7.5000   30.0000   -7.500013483.3262   17.9799
   -7.5000   37.5000   -7.500012741.6143   17.9514
    0.0000   37.5000   -7.500013451.5273   17.9424
    7.5000   37.5000   -7.500012893.9619   17.9722
   -7.5000   45.0000   -7.500011674.0244   17.5381
    0.0000   45.0000   -7.500012313.5068   17.5319
    7.5000   45.0000   -7.500011784.0020   17.5551
   -7.5000  -45.0000    0.000011390.8174   18.3437
    0.0000  -45.0000    0.000011986.2109   18.3337
    7.5000  -45.0000    0.000011482.9521   18.3565
   -7.5000  -37.5000    0.000012154.1455   18.2668
    0.0000  -37.5000    0.000012774.1211   18.2621
    7.5000  -37.5000    0.000012244.9678   18.2827
   -7.5000  -30.0000    0.000013303.7715   18.2599
    0.0000  -30.0000    0.000013979.8760   18.2581
    7.5000  -30.0000    0.000013397.4795   18.2834
   -7.5000  -22.5000    0.000014437.4150   18.2541
    0.0000  -22.5000    0.000015163.0186   18.2495
    7.5000  -22.5000    0.000014537.4102   18.2826
   -7.5000  -15.0000    0.000015554.1719   18.2497
    0.0000  -15.0000    0.000016422.9609   18.2402
    7.5000  -15.0000    0.000015687.3867   18.2764
   -7.5000   -7.5000    0.000016517.4629   18.2514
    0.0000   -7.5000    0.000017588.5469   18.2393
    7.5000   -7.5000    0.000016748.7031   18.2699
   -7.5000    0.0000    0.000017202.0137   18.2580
    0.0000    0.0000    0.000018330.4941   18.2479
    7.5000    0.0000    0.000017572.4902   18.2704
   -7.5000    7.5000    0.000016573.3262   18.2621
    0.0000    7.5000    0.000017602.8730   18.2573
    7.5000    7.5000    0.000016978.1680   18.2779
   -7.5000   15.0000    0.000015835.7568   18.2599
    0.0000   15.0000    0.000016770.0957   18.2581
    7.5000   15.0000    0.000016176.4326   18.2834
   -7.5000   22.5000    0.000015019.2080   18.2457
    0.0000   22.5000    0.000015902.5703   18.2411
    7.5000   22.5000    0.000015270.6895   18.2741
   -7.5000   30.0000    0.000013985.6475   18.0135
    0.0000   30.0000    0.000014805.6611   18.0041
    7.5000   30.0000    0.000014188.3809   18.0399
   -7.5000   37.5000    0.000013421.5166   18.0152
    0.0000   37.5000    0.000014228.0195   18.0032
    7.5000   37.5000    0.000013593.8213   18.0334
   -7.5000   45.0000    0.000012326.7734   17.5986
    0.0000   45.0000    0.000013044.2256   17.5888
    7.5000   45.0000    0.000012427.3633   17.6106
   -7.5000  -45.0000    7.500011121.2979   18.3609
    0.0000  -45.0000    7.500011677.4941   18.3516
    7.5000  -45.0000    7.500011188.4990   18.3767
   -7.5000  -37.5000    7.500011863.7852   18.2763
    0.0000  -37.5000    7.500012449.8574   18.2745
    7.5000  -37.5000    7.500011915.4609   18.2972
   -7.5000  -30.0000    7.500012957.9932   18.2677
    0.0000  -30.0000    7.500013592.0166   18.2693
    7.5000  -30.0000    7.500013025.0146   18.2956
   -7.5000  -22.5000    7.500014057.8096   18.2693
    0.0000  -22.5000    7.500014731.7100   18.2662
    7.5000  -22.5000    7.500014116.5850   18.2988
   -7.5000  -15.0000    7.500015209.5615   18.2732
    0.0000  -15.0000    7.500016102.6455   18.2628
    7.5000  -15.0000    7.500015368.4062   18.2985
   -7.5000   -7.5000    7.500016252.1055   18.2753
    0.0000   -7.5000    7.500017365.1328   18.2619
    7.5000   -7.5000    7.500016516.8613   18.2934
   -7.5000    0.0000    7.500017039.4648   18.2751
    0.0000    0.0000    7.500018188.7012   18.2657
    7.5000    0.0000    7.500017399.8008   18.2905
   -7.5000    7.5000    7.500016425.8691   18.2716
    0.0000    7.5000    7.500017413.8711   18.2697
    7.5000    7.5000    7.500016759.1484   18.2925
   -7.5000   15.0000    7.500015619.6592   18.2677
    0.0000   15.0000    7.500016466.4551   18.2693
    7.5000   15.0000    7.500015841.7285   18.2956
   -7.5000   22.5000    7.500014706.7793   18.2609
    0.0000   22.5000    7.500015509.8906   18.2578
    7.5000   22.5000    7.500014832.5781   18.2904
   -7.5000   30.0000    7.500013649.4561   18.0367
    0.0000   30.0000    7.500014411.4316   18.0265
    7.5000   30.0000    7.500013733.3916   18.0617
   -7.5000   37.5000    7.500013085.6953   18.0388
    0.0000   37.5000    7.500013834.7578   18.0256
    7.5000   37.5000    7.500013154.2793   18.0566
   -7.5000   45.0000    7.500011983.7021   17.6151
    0.0000   45.0000    7.500012675.6143   17.6060
    7.5000   45.0000    7.500012046.8477   17.6300
   -7.5000  -45.0000   15.000010744.5859   18.3561
    0.0000  -45.0000   15.000011273.4326   18.3505
    7.5000  -45.0000   15.000010796.5117   18.3786
   -7.5000  -37.5000   15.000011414.2705   18.2667
    0.0000  -37.5000   15.000011978.8838   18.2717
    7.5000  -37.5000   15.000011499.7549   18.3000
   -7.5000  -30.0000   15.000012479.7803   18.2584
    0.0000  -30.0000   15.000013070.5332   18.2682
    7.5000  -30.0000   15.000012546.3330   18.2991
   -7.5000  -22.5000   15.000013527.1299   18.2650
    0.0000  -22.5000   15.000014175.5146   18.2677
    7.5000  -22.5000   15.000013566.4346   18.3013
   -7.5000  -15.0000   15.000014613.6260   18.2736
    0.0000  -15.0000   15.000015426.2188   18.2655
    7.5000  -15.0000   15.000014663.8193   18.2996
   -7.5000   -7.5000   15.000015680.5977   18.2752
    0.0000   -7.5000   15.000016640.9824   18.2634
    7.5000   -7.5000   15.000015681.8516   18.2946
   -7.5000    0.0000   15.000016576.0547   18.2703
    0.0000    0.0000   15.000017668.3203   18.2646
    7.5000    0.0000   15.000016561.2266   18.2926
   -7.5000    7.5000   15.000016074.1367   18.2620
    0.0000    7.5000   15.000017018.0664   18.2670
    7.5000    7.5000   15.000016029.2812   18.2953
   -7.5000   15.0000   15.000015230.8838   18.2584
    0.0000   15.0000   15.000016027.3252   18.2682
    7.5000   15.0000   15.000015169.0879   18.2991
   -7.5000   22.5000   15.000014196.1836   18.2566
    0.0000   22.5000   15.000014922.5098   18.2592
    7.5000   22.5000   15.000014157.6006   18.2929
   -7.5000   30.0000   15.000013101.6650   18.0372
    0.0000   30.0000   15.000013760.7715   18.0291
    7.5000   30.0000   15.000013078.4863   18.0628
   -7.5000   37.5000   15.000012562.8340   18.0387
    0.0000   37.5000   15.000013205.7773   18.0271
    7.5000   37.5000   15.000012557.1758   18.0578
   -7.5000   45.0000   15.000011520.5166   17.6104
    0.0000   45.0000   15.000012111.6270   17.6049
    7.5000   45.0000   15.000011517.9141   17.6319
   -7.5000  -45.0000   22.500010194.6797   18.3439
    0.0000  -45.0000   22.500010722.9092   18.3398
    7.5000  -45.0000   22.500010253.1865   18.3697
   -7.5000  -37.5000   22.500010846.9258   18.2593
    0.0000  -37.5000   22.500011393.5400   18.2678
    7.5000  -37.5000   22.500010892.7344   18.2994
   -7.5000  -30.0000   22.500011885.8506   18.2544
    0.0000  -30.0000   22.500012476.0420   18.2692
    7.5000  -30.0000   22.500011894.7236   18.3037
   -7.5000  -22.5000   22.500012896.7090   18.2580
    0.0000  -22.5000   22.500013573.5186   18.2648
    7.5000  -22.5000   22.500012896.7051   18.3005
   -7.5000  -15.0000   22.500013878.4160   18.2609
    0.0000  -15.0000   22.500014636.8633   18.2552
    7.5000  -15.0000   22.500013846.8857   18.2896
   -7.5000   -7.5000   22.500014803.7500   18.2606
    0.0000   -7.5000   22.500015575.0527   18.2503
    7.5000   -7.5000   22.500014703.5967   18.2816
   -7.5000    0.0000   22.500015572.8633   18.2580
    0.0000    0.0000   22.500016387.0586   18.2539
    7.5000    0.0000   22.500015458.5205   18.2836
   -7.5000    7.5000   22.500015107.9912   18.2547
    0.0000    7.5000   22.500015880.9541   18.2631
    7.5000    7.5000   22.500015032.3447   18.2948
   -7.5000   15.0000   22.500014387.4580   18.2544
    0.0000   15.0000   22.500015110.2969   18.2692
    7.5000   15.0000   22.500014327.4570   18.3037
   -7.5000   22.5000   22.500013482.6904   18.2496
    0.0000   22.5000   22.500014130.4854   18.2564
    7.5000   22.5000   22.500013420.0938   18.2921
   -7.5000   30.0000   22.500012491.4707   18.0246
    0.0000   30.0000   22.500013098.5889   18.0190
    7.5000   30.0000   22.500012434.4004   18.0529
   -7.5000   37.5000   22.500011962.1328   18.0243
    0.0000   37.5000   22.500012552.0566   18.0142
    7.5000   37.5000   22.500011907.8447   18.0450
   -7.5000   45.0000   22.500010944.7939   17.5987
    0.0000   45.0000   22.500011478.0098   17.5947
    7.5000   45.0000   22.500010884.6318   17.6233
   -7.5000  -45.0000   30.0000 9486.6377   18.3991
    0.0000  -45.0000   30.000010027.4365   18.3957
    7.5000  -45.0000   30.0000 9540.7490   18.4246
   -7.5000  -37.5000   30.000010130.9736   18.3233
    0.0000  -37.5000   30.000010668.7510   18.3310
    7.5000  -37.5000   30.000010157.2510   18.3615
   -7.5000  -30.0000   30.000011126.5234   18.3207
    0.0000  -30.0000   30.000011692.0381   18.3344
    7.5000  -30.0000   30.000011134.1191   18.3689
   -7.5000  -22.5000   30.000012073.4268   18.3161
    0.0000  -22.5000   30.000012689.1318   18.3225
    7.5000  -22.5000   30.000012090.4277   18.3599
   -7.5000  -15.0000   30.000012952.8760   18.3090
    0.0000  -15.0000   30.000013604.6201   18.3044
    7.5000  -15.0000   30.000012943.3457   18.3409
   -7.5000   -7.5000   30.000013777.2734   18.3077
    0.0000   -7.5000   30.000014371.0156   18.2992
    7.5000   -7.5000   30.000013712.8389   18.3310
   -7.5000    0.0000   30.000014464.0156   18.3126
    0.0000    0.0000   30.000015069.4287   18.3092
    7.5000    0.0000   30.000014388.4453   18.3379
   -7.5000    7.5000   30.000014060.7637   18.3186
    0.0000    7.5000   30.000014648.0029   18.3263
    7.5000    7.5000   30.000014001.9678   18.3568
   -7.5000   15.0000   30.000013419.1182   18.3207
    0.0000   15.0000   30.000013970.7627   18.3344
    7.5000   15.0000   30.000013376.7539   18.3689
   -7.5000   22.5000   30.000012585.9258   18.3077
    0.0000   22.5000   30.000013108.0889   18.3141
    7.5000   22.5000   30.000012541.8936   18.3515
   -7.5000   30.0000   30.000011696.7676   18.0721
    0.0000   30.0000   30.000012206.9658   18.0675
    7.5000   30.0000   30.000011659.5625   18.1035
   -7.5000   37.5000   30.000011209.0889   18.0708
    0.0000   37.5000   30.000011703.2646   18.0624
    7.5000   37.5000   30.000011155.4619   18.0938
   -7.5000   45.0000   30.000010226.6318   17.6513
    0.0000   45.0000   30.000010657.9873   17.6479
    7.5000   45.0000   30.000010143.4512   17.6756
   -7.5000  -45.0000   37.5000 9141.1055   18.6680
    0.0000  -45.0000   37.5000 9639.0674   18.6622
    7.5000  -45.0000   37.5000 9211.1455   18.6885
   -7.5000  -37.5000   37.5000 9769.7988   18.5945
    0.0000  -37.5000   37.500010284.9062   18.5964
    7.5000  -37.5000   37.5000 9841.8213   18.6225
   -7.5000  -30.0000   37.500010748.7461   18.5899
    0.0000  -30.0000   37.500011295.9131   18.5958
    7.5000  -30.0000   37.500010811.8770   18.6274
   -7.5000  -22.5000   37.500011673.8428   18.5794
    0.0000  -22.5000   37.500012257.6338   18.5805
    7.5000  -22.5000   37.500011727.0645   18.6181
   -7.5000  -15.0000   37.500012513.9551   18.5683
    0.0000  -15.0000   37.500013111.5410   18.5622
    7.5000  -15.0000   37.500012538.7188   18.6006
   -7.5000   -7.5000   37.500013290.8174   18.5690
    0.0000   -7.5000   37.500013850.0127   18.5599
    7.5000   -7.5000   37.500013275.8145   18.5921
   -7.5000    0.0000   37.500013945.1846   18.5798
    0.0000    0.0000   37.500014494.1943   18.5738
    7.5000    0.0000   37.500013882.2852   18.5998
   -7.5000    7.5000   37.500013572.5127   18.5897
    0.0000    7.5000   37.500014082.3701   18.5915
    7.5000    7.5000   37.500013498.9150   18.6177
   -7.5000   15.0000   37.500012985.6338   18.5899
    0.0000   15.0000   37.500013494.1934   18.5958
    7.5000   15.0000   37.500012926.9346   18.6274
   -7.5000   22.5000   37.500012192.3994   18.5708
    0.0000   22.5000   37.500012677.6592   18.5719
    7.5000   22.5000   37.500012128.1650   18.6095
   -7.5000   30.0000   37.500011345.7246   18.3280
    0.0000   30.0000   37.500011792.7910   18.3219
    7.5000   30.0000   37.500011280.8906   18.3598
   -7.5000   37.5000   37.500010872.2256   18.3286
    0.0000   37.5000   37.500011306.8682   18.3197
    7.5000   37.5000   37.500010786.1172   18.3515
   -7.5000   45.0000   37.5000 9895.6289   17.9088
    0.0000   45.0000   37.500010288.4229   17.9030
    7.5000   45.0000   37.5000 9815.5840   17.9281
   -7.5000  -45.0000   45.0000 8400.2920   18.9384
    0.0000  -45.0000   45.0000 8862.2734   18.9298
    7.5000  -45.0000   45.0000 8492.4922   18.9563
   -7.5000  -37.5000   45.0000 8968.2490   18.8608
    0.0000  -37.5000   45.0000 9461.9189   18.8579
    7.5000  -37.5000   45.0000 9059.8135   18.8824
   -7.5000  -30.0000   45.0000 9875.1992   18.8542
    0.0000  -30.0000   45.000010388.8516   18.8543
    7.5000  -30.0000   45.0000 9946.1572   18.8843
   -7.5000  -22.5000   45.000010719.3369   18.8460
    0.0000  -22.5000   45.000011273.0781   18.8429
    7.5000  -22.5000   45.000010791.9531   18.8811
   -7.5000  -15.0000   45.000011506.8955   18.8388
    0.0000  -15.0000   45.000012053.0576   18.8302
    7.5000  -15.0000   45.000011519.9922   18.8713
   -7.5000   -7.5000   45.000012206.8584   18.8399
    0.0000   -7.5000   45.000012723.8389   18.8287
    7.5000   -7.5000   45.000012177.2109   18.8634
   -7.5000    0.0000   45.000012804.4092   18.8487
    0.0000    0.0000   45.000013312.9219   18.8398
    7.5000    0.0000   45.000012756.4297   18.8661
   -7.5000    7.5000   45.000012441.5244   18.8557
    0.0000    7.5000   45.000012908.9238   18.8528
    7.5000    7.5000   45.000012373.5967   18.8773
   -7.5000   15.0000   45.000011962.3193   18.8542
    0.0000   15.0000   45.000012409.5635   18.8543
    7.5000   15.0000   45.000011882.8223   18.8843
   -7.5000   22.5000   45.000011232.9580   18.8373
    0.0000   22.5000   45.000011683.3447   18.8341
    7.5000   22.5000   45.000011146.0967   18.8723
   -7.5000   30.0000   45.000010451.1982   18.5933
    0.0000   30.0000   45.000010884.3516   18.5849
    7.5000   30.0000   45.000010382.1719   18.6255
   -7.5000   37.5000   45.000010004.0146   18.5945
    0.0000   37.5000   45.000010428.6152   18.5834
    7.5000   37.5000   45.0000 9937.5615   18.6177
   -7.5000   45.0000   45.0000 9104.5625   18.1762
    0.0000   45.0000   45.0000 9497.2998   18.1677
    7.5000   45.0000   45.0000 9045.1094   18.1930

---------------------------------------------------------------------
imgreg_4dfp /opt/freesurfer/average/711-2C_as_mni_average_305 /opt/freesurfer/average/711-2B_as_mni_average_305_mask talsrcimg_g11 none talsrcimg_to_711-2C_as_mni_average_305_t4 4355
---------------------------------------------------------------------

freesurfer imgreg_4dfp.c
/opt/freesurfer/average/711-2C_as_mni_average_305.4dfp.img
       256       256       256         1
  1.000000  1.000000  1.000000
orientation T byte_order littleendian
Reading image: /opt/freesurfer/average/711-2C_as_mni_average_305.4dfp.img
dimensions:      256       256       256
mmppix:       1.0000   -1.0000   -1.0000
center:     128.0000 -129.0000 -129.0000
/opt/freesurfer/average/711-2B_as_mni_average_305_mask.4dfp.img
       256       256       256         1
  1.000000  1.000000  1.000000
orientation T byte_order littleendian
Reading mask: /opt/freesurfer/average/711-2B_as_mni_average_305_mask.4dfp.img (2306576 pixels)
talsrcimg_g11.4dfp.img
       256       256       256         1
  1.000000  1.000000  1.000000
orientation T byte_order littleendian
Reading image: talsrcimg_g11.4dfp.img
dimensions:      256       256       256
mmppix:       1.0000   -1.0000   -1.0000
center:     128.0000 -129.0000 -129.0000
rotation matrix determinant  1.000000
image alignment mode   4355 decimal     1103 hex
   -7.5000  -45.0000  -45.0000 1994.5198   20.8148
    0.0000  -45.0000  -45.0000 1994.8920   20.8596
    7.5000  -45.0000  -45.0000 1975.6331   21.0739
   -7.5000  -37.5000  -45.0000 2102.8816   18.8681
    0.0000  -37.5000  -45.0000 2100.4700   18.9454
    7.5000  -37.5000  -45.0000 2084.2112   19.1422
   -7.5000  -30.0000  -45.0000 2185.7529   17.4364
    0.0000  -30.0000  -45.0000 2185.8765   17.4925
    7.5000  -30.0000  -45.0000 2168.5256   17.6862
   -7.5000  -22.5000  -45.0000 2238.5354   16.3883
    0.0000  -22.5000  -45.0000 2245.0037   16.4401
    7.5000  -22.5000  -45.0000 2223.0217   16.6059
   -7.5000  -15.0000  -45.0000 2275.7646   15.6258
    0.0000  -15.0000  -45.0000 2279.2515   15.6222
    7.5000  -15.0000  -45.0000 2256.6367   15.7857
   -7.5000   -7.5000  -45.0000 2299.8271   15.2114
    0.0000   -7.5000  -45.0000 2304.2864   15.1760
    7.5000   -7.5000  -45.0000 2285.0063   15.3242
   -7.5000    0.0000  -45.0000 2302.1804   15.1234
    0.0000    0.0000  -45.0000 2313.9302   15.0872
    7.5000    0.0000  -45.0000 2287.6172   15.2129
   -7.5000    7.5000  -45.0000 2291.6021   15.3585
    0.0000    7.5000  -45.0000 2303.6340   15.3174
    7.5000    7.5000  -45.0000 2277.7478   15.4619
   -7.5000   15.0000  -45.0000 2258.1074   15.9085
    0.0000   15.0000  -45.0000 2269.1919   15.8753
    7.5000   15.0000  -45.0000 2244.6440   16.0171
   -7.5000   22.5000  -45.0000 2208.2449   16.8330
    0.0000   22.5000  -45.0000 2220.3252   16.7826
    7.5000   22.5000  -45.0000 2193.9731   16.9415
   -7.5000   30.0000  -45.0000 2133.2432   18.1840
    0.0000   30.0000  -45.0000 2146.1033   18.1487
    7.5000   30.0000  -45.0000 2119.4929   18.3180
   -7.5000   37.5000  -45.0000 2044.3798   19.9692
    0.0000   37.5000  -45.0000 2058.5784   19.8730
    7.5000   37.5000  -45.0000 2031.5696   20.1411
   -7.5000   45.0000  -45.0000 1933.7939   22.3283
    0.0000   45.0000  -45.0000 1949.5963   22.2473
    7.5000   45.0000  -45.0000 1923.8239   22.5654
   -7.5000  -45.0000  -37.5000 2070.3022   19.3094
    0.0000  -45.0000  -37.5000 2077.1091   19.3996
    7.5000  -45.0000  -37.5000 2059.6343   19.5252
   -7.5000  -37.5000  -37.5000 2187.3750   17.5064
    0.0000  -37.5000  -37.5000 2190.8525   17.6016
    7.5000  -37.5000  -37.5000 2175.8037   17.7289
   -7.5000  -30.0000  -37.5000 2275.5220   16.1250
    0.0000  -30.0000  -37.5000 2280.9067   16.2340
    7.5000  -30.0000  -37.5000 2264.1091   16.3685
   -7.5000  -22.5000  -37.5000 2333.1125   15.1652
    0.0000  -22.5000  -37.5000 2339.6182   15.2208
    7.5000  -22.5000  -37.5000 2314.7048   15.3446
   -7.5000  -15.0000  -37.5000 2370.1194   14.5016
    0.0000  -15.0000  -37.5000 2375.2476   14.4992
    7.5000  -15.0000  -37.5000 2350.1748   14.6161
   -7.5000   -7.5000  -37.5000 2394.5315   14.1171
    0.0000   -7.5000  -37.5000 2402.6240   14.1003
    7.5000   -7.5000  -37.5000 2376.9631   14.2107
   -7.5000    0.0000  -37.5000 2401.2629   14.0036
    0.0000    0.0000  -37.5000 2411.3945   13.9578
    7.5000    0.0000  -37.5000 2385.1743   14.0671
   -7.5000    7.5000  -37.5000 2389.8208   14.1964
    0.0000    7.5000  -37.5000 2404.0466   14.1409
    7.5000    7.5000  -37.5000 2373.0684   14.2805
   -7.5000   15.0000  -37.5000 2352.4875   14.6899
    0.0000   15.0000  -37.5000 2370.5730   14.6439
    7.5000   15.0000  -37.5000 2341.8049   14.7715
   -7.5000   22.5000  -37.5000 2298.1167   15.5266
    0.0000   22.5000  -37.5000 2312.8792   15.4738
    7.5000   22.5000  -37.5000 2285.7681   15.6185
   -7.5000   30.0000  -37.5000 2217.4915   16.7563
    0.0000   30.0000  -37.5000 2234.9219   16.7114
    7.5000   30.0000  -37.5000 2207.8503   16.8811
   -7.5000   37.5000  -37.5000 2122.1521   18.3988
    0.0000   37.5000  -37.5000 2137.7290   18.3841
    7.5000   37.5000  -37.5000 2115.6475   18.5544
   -7.5000   45.0000  -37.5000 2013.5010   20.5789
    0.0000   45.0000  -37.5000 2026.9766   20.5266
    7.5000   45.0000  -37.5000 2003.9028   20.7191
   -7.5000  -45.0000  -30.0000 2180.7629   18.5663
    0.0000  -45.0000  -30.0000 2189.3679   18.6479
    7.5000  -45.0000  -30.0000 2171.7795   18.7725
   -7.5000  -37.5000  -30.0000 2300.4946   16.7894
    0.0000  -37.5000  -30.0000 2310.6196   16.8780
    7.5000  -37.5000  -30.0000 2295.1692   17.0094
   -7.5000  -30.0000  -30.0000 2393.7869   15.4724
    0.0000  -30.0000  -30.0000 2407.0813   15.5538
    7.5000  -30.0000  -30.0000 2385.0803   15.6679
   -7.5000  -22.5000  -30.0000 2459.5103   14.5481
    0.0000  -22.5000  -30.0000 2465.4717   14.5600
    7.5000  -22.5000  -30.0000 2443.4146   14.6640
   -7.5000  -15.0000  -30.0000 2509.1965   13.9028
    0.0000  -15.0000  -30.0000 2516.7603   13.8883
    7.5000  -15.0000  -30.0000 2492.0767   13.9939
   -7.5000   -7.5000  -30.0000 2539.7166   13.5369
    0.0000   -7.5000  -30.0000 2550.1272   13.4968
    7.5000   -7.5000  -30.0000 2522.3982   13.6347
   -7.5000    0.0000  -30.0000 2549.9932   13.4469
    0.0000    0.0000  -30.0000 2557.5798   13.3774
    7.5000    0.0000  -30.0000 2531.7424   13.5414
   -7.5000    7.5000  -30.0000 2535.5608   13.6134
    0.0000    7.5000  -30.0000 2547.3538   13.5484
    7.5000    7.5000  -30.0000 2517.5669   13.7073
   -7.5000   15.0000  -30.0000 2493.8740   14.0821
    0.0000   15.0000  -30.0000 2511.9634   14.0268
    7.5000   15.0000  -30.0000 2486.0889   14.1568
   -7.5000   22.5000  -30.0000 2428.0842   14.8920
    0.0000   22.5000  -30.0000 2450.4214   14.8265
    7.5000   22.5000  -30.0000 2420.5208   14.9564
   -7.5000   30.0000  -30.0000 2345.2820   16.0535
    0.0000   30.0000  -30.0000 2363.2957   15.9813
    7.5000   30.0000  -30.0000 2336.9260   16.1250
   -7.5000   37.5000  -30.0000 2244.4341   17.6241
    0.0000   37.5000  -30.0000 2262.4854   17.5676
    7.5000   37.5000  -30.0000 2237.6326   17.7450
   -7.5000   45.0000  -30.0000 2127.4302   19.7348
    0.0000   45.0000  -30.0000 2146.4436   19.6723
    7.5000   45.0000  -30.0000 2123.0964   19.8203
   -7.5000  -45.0000  -22.5000 2260.7029   17.7409
    0.0000  -45.0000  -22.5000 2272.5566   17.7780
    7.5000  -45.0000  -22.5000 2251.9910   17.9914
   -7.5000  -37.5000  -22.5000 2384.8110   15.9852
    0.0000  -37.5000  -22.5000 2399.1655   16.0169
    7.5000  -37.5000  -22.5000 2377.1316   16.2041
   -7.5000  -30.0000  -22.5000 2485.1860   14.7180
    0.0000  -30.0000  -22.5000 2495.6174   14.7199
    7.5000  -30.0000  -22.5000 2472.3357   14.8741
   -7.5000  -22.5000  -22.5000 2555.9170   13.8140
    0.0000  -22.5000  -22.5000 2561.8596   13.7871
    7.5000  -22.5000  -22.5000 2540.3206   13.9203
   -7.5000  -15.0000  -22.5000 2619.1733   13.1944
    0.0000  -15.0000  -22.5000 2627.4124   13.1447
    7.5000  -15.0000  -22.5000 2602.6057   13.2702
   -7.5000   -7.5000  -22.5000 2662.8704   12.8282
    0.0000   -7.5000  -22.5000 2675.1150   12.7583
    7.5000   -7.5000  -22.5000 2648.5908   12.8955
   -7.5000    0.0000  -22.5000 2673.3733   12.7508
    0.0000    0.0000  -22.5000 2689.2048   12.6684
    7.5000    0.0000  -22.5000 2660.2483   12.8183
   -7.5000    7.5000  -22.5000 2656.0522   12.9532
    0.0000    7.5000  -22.5000 2673.9783   12.8589
    7.5000    7.5000  -22.5000 2644.6140   13.0067
   -7.5000   15.0000  -22.5000 2609.2119   13.4222
    0.0000   15.0000  -22.5000 2635.2498   13.3402
    7.5000   15.0000  -22.5000 2604.8679   13.4748
   -7.5000   22.5000  -22.5000 2542.0273   14.1749
    0.0000   22.5000  -22.5000 2567.3311   14.0838
    7.5000   22.5000  -22.5000 2535.5791   14.2291
   -7.5000   30.0000  -22.5000 2447.3040   15.2358
    0.0000   30.0000  -22.5000 2469.9968   15.1404
    7.5000   30.0000  -22.5000 2442.7117   15.3076
   -7.5000   37.5000  -22.5000 2336.9565   16.7693
    0.0000   37.5000  -22.5000 2362.8171   16.6568
    7.5000   37.5000  -22.5000 2336.3728   16.8542
   -7.5000   45.0000  -22.5000 2218.4182   18.7194
    0.0000   45.0000  -22.5000 2236.6074   18.6098
    7.5000   45.0000  -22.5000 2219.9019   18.7784
   -7.5000  -45.0000  -15.0000 2310.7373   17.0083
    0.0000  -45.0000  -15.0000 2319.2324   16.9761
    7.5000  -45.0000  -15.0000 2301.0061   17.1552
   -7.5000  -37.5000  -15.0000 2438.8176   15.2608
    0.0000  -37.5000  -15.0000 2446.0945   15.2480
    7.5000  -37.5000  -15.0000 2426.6665   15.4487
   -7.5000  -30.0000  -15.0000 2547.3831   13.9869
    0.0000  -30.0000  -15.0000 2556.5562   13.9624
    7.5000  -30.0000  -15.0000 2532.1038   14.1503
   -7.5000  -22.5000  -15.0000 2628.5859   13.1103
    0.0000  -22.5000  -15.0000 2636.3325   13.0503
    7.5000  -22.5000  -15.0000 2614.8501   13.1997
   -7.5000  -15.0000  -15.0000 2701.7043   12.5244
    0.0000  -15.0000  -15.0000 2711.9316   12.4571
    7.5000  -15.0000  -15.0000 2686.1936   12.5866
   -7.5000   -7.5000  -15.0000 2753.4004   12.1820
    0.0000   -7.5000  -15.0000 2771.6199   12.0996
    7.5000   -7.5000  -15.0000 2737.9980   12.2128
   -7.5000    0.0000  -15.0000 2772.2754   12.0703
    0.0000    0.0000  -15.0000 2793.2649   11.9699
    7.5000    0.0000  -15.0000 2754.3528   12.1113
   -7.5000    7.5000  -15.0000 2753.9573   12.2826
    0.0000    7.5000  -15.0000 2776.6133   12.1982
    7.5000    7.5000  -15.0000 2743.1575   12.3463
   -7.5000   15.0000  -15.0000 2705.2158   12.7462
    0.0000   15.0000  -15.0000 2732.0566   12.6364
    7.5000   15.0000  -15.0000 2701.5750   12.8047
   -7.5000   22.5000  -15.0000 2627.4568   13.4726
    0.0000   22.5000  -15.0000 2651.6624   13.3467
    7.5000   22.5000  -15.0000 2621.2395   13.5047
   -7.5000   30.0000  -15.0000 2527.7158   14.4897
    0.0000   30.0000  -15.0000 2547.1494   14.3557
    7.5000   30.0000  -15.0000 2521.1565   14.5231
   -7.5000   37.5000  -15.0000 2406.6313   15.9536
    0.0000   37.5000  -15.0000 2428.3384   15.8254
    7.5000   37.5000  -15.0000 2410.5645   15.9945
   -7.5000   45.0000  -15.0000 2276.7610   17.8075
    0.0000   45.0000  -15.0000 2293.5684   17.7172
    7.5000   45.0000  -15.0000 2279.0181   17.8901
   -7.5000  -45.0000   -7.5000 2332.9692   16.4019
    0.0000  -45.0000   -7.5000 2344.0825   16.3076
    7.5000  -45.0000   -7.5000 2328.0496   16.5073
   -7.5000  -37.5000   -7.5000 2464.7954   14.6827
    0.0000  -37.5000   -7.5000 2473.2568   14.6003
    7.5000  -37.5000   -7.5000 2456.9758   14.7908
   -7.5000  -30.0000   -7.5000 2583.1309   13.4008
    0.0000  -30.0000   -7.5000 2592.6909   13.3211
    7.5000  -30.0000   -7.5000 2570.0896   13.4968
   -7.5000  -22.5000   -7.5000 2686.0754   12.5214
    0.0000  -22.5000   -7.5000 2694.2117   12.4317
    7.5000  -22.5000   -7.5000 2671.0710   12.5776
   -7.5000  -15.0000   -7.5000 2765.3860   11.9553
    0.0000  -15.0000   -7.5000 2779.4331   11.8603
    7.5000  -15.0000   -7.5000 2753.8433   12.0044
   -7.5000   -7.5000   -7.5000 2828.5085   11.6348
    0.0000   -7.5000   -7.5000 2852.0276   11.5281
    7.5000   -7.5000   -7.5000 2816.7139   11.6631
   -7.5000    0.0000   -7.5000 2851.0403   11.5008
    0.0000    0.0000   -7.5000 2876.0168   11.3768
    7.5000    0.0000   -7.5000 2839.4648   11.5401
   -7.5000    7.5000   -7.5000 2830.9321   11.6815
    0.0000    7.5000   -7.5000 2858.2380   11.5491
    7.5000    7.5000   -7.5000 2827.2073   11.7301
   -7.5000   15.0000   -7.5000 2771.4050   12.1235
    0.0000   15.0000   -7.5000 2796.2947   11.9941
    7.5000   15.0000   -7.5000 2772.8889   12.1780
   -7.5000   22.5000   -7.5000 2687.3511   12.8250
    0.0000   22.5000   -7.5000 2709.7805   12.6799
    7.5000   22.5000   -7.5000 2687.8252   12.8779
   -7.5000   30.0000   -7.5000 2578.1274   13.8452
    0.0000   30.0000   -7.5000 2596.8755   13.6919
    7.5000   30.0000   -7.5000 2576.6162   13.9062
   -7.5000   37.5000   -7.5000 2454.7358   15.2609
    0.0000   37.5000   -7.5000 2474.6321   15.1244
    7.5000   37.5000   -7.5000 2455.5452   15.3399
   -7.5000   45.0000   -7.5000 2315.7734   17.0617
    0.0000   45.0000   -7.5000 2337.5840   16.9333
    7.5000   45.0000   -7.5000 2320.0569   17.1588
   -7.5000  -45.0000    0.0000 2338.0747   16.0680
    0.0000  -45.0000    0.0000 2356.7371   15.8855
    7.5000  -45.0000    0.0000 2345.1858   16.1312
   -7.5000  -37.5000    0.0000 2472.5337   14.3517
    0.0000  -37.5000    0.0000 2486.9626   14.1548
    7.5000  -37.5000    0.0000 2474.0103   14.3670
   -7.5000  -30.0000    0.0000 2597.5217   13.0580
    0.0000  -30.0000    0.0000 2610.6853   12.8776
    7.5000  -30.0000    0.0000 2592.6470   13.0585
   -7.5000  -22.5000    0.0000 2714.8325   12.1478
    0.0000  -22.5000    0.0000 2730.3350   12.0058
    7.5000  -22.5000    0.0000 2708.8843   12.1591
   -7.5000  -15.0000    0.0000 2810.8726   11.6107
    0.0000  -15.0000    0.0000 2835.3928   11.4635
    7.5000  -15.0000    0.0000 2810.0811   11.6193
   -7.5000   -7.5000    0.0000 2881.9287   11.3122
    0.0000   -7.5000    0.0000 2921.4753   11.1826
    7.5000   -7.5000    0.0000 2885.5659   11.3196
   -7.5000    0.0000    0.0000 2911.3855   11.1687
    0.0000    0.0000    0.0000 2957.2244   11.0364
    7.5000    0.0000    0.0000 2914.4587   11.2282
   -7.5000    7.5000    0.0000 2882.1401   11.2894
    0.0000    7.5000    0.0000 2918.5586   11.1433
    7.5000    7.5000    0.0000 2885.5420   11.3859
   -7.5000   15.0000    0.0000 2815.1714   11.7101
    0.0000   15.0000    0.0000 2844.0781   11.5343
    7.5000   15.0000    0.0000 2820.2844   11.7843
   -7.5000   22.5000    0.0000 2722.3044   12.4198
    0.0000   22.5000    0.0000 2751.1494   12.2337
    7.5000   22.5000    0.0000 2725.4629   12.4984
   -7.5000   30.0000    0.0000 2605.1003   13.4580
    0.0000   30.0000    0.0000 2627.2905   13.2864
    7.5000   30.0000    0.0000 2606.3684   13.5365
   -7.5000   37.5000    0.0000 2480.1462   14.8635
    0.0000   37.5000    0.0000 2505.9539   14.7004
    7.5000   37.5000    0.0000 2484.3293   14.9413
   -7.5000   45.0000    0.0000 2337.9006   16.6243
    0.0000   45.0000    0.0000 2363.2791   16.4682
    7.5000   45.0000    0.0000 2340.0811   16.7086
   -7.5000  -45.0000    7.5000 2338.3374   15.9087
    0.0000  -45.0000    7.5000 2357.7983   15.6072
    7.5000  -45.0000    7.5000 2348.6699   15.8274
   -7.5000  -37.5000    7.5000 2471.2805   14.1881
    0.0000  -37.5000    7.5000 2488.6858   13.9019
    7.5000  -37.5000    7.5000 2475.6765   14.1134
   -7.5000  -30.0000    7.5000 2599.6089   12.9076
    0.0000  -30.0000    7.5000 2622.2185   12.6652
    7.5000  -30.0000    7.5000 2606.2622   12.8403
   -7.5000  -22.5000    7.5000 2724.3794   11.9759
    0.0000  -22.5000    7.5000 2749.6238   11.7585
    7.5000  -22.5000    7.5000 2728.0361   11.9257
   -7.5000  -15.0000    7.5000 2838.5239   11.4526
    0.0000  -15.0000    7.5000 2874.9890   11.2522
    7.5000  -15.0000    7.5000 2846.2090   11.4097
   -7.5000   -7.5000    7.5000 2922.8748   11.1957
    0.0000   -7.5000    7.5000 2982.3838   11.0365
    7.5000   -7.5000    7.5000 2941.1228   11.1941
   -7.5000    0.0000    7.5000 2952.0806   11.1048
    0.0000    0.0000    7.5000 3029.5737   10.9551
    7.5000    0.0000    7.5000 2979.2446   11.1424
   -7.5000    7.5000    7.5000 2912.7695   11.2402
    0.0000    7.5000    7.5000 2968.9934   11.0585
    7.5000    7.5000    7.5000 2929.2466   11.2936
   -7.5000   15.0000    7.5000 2838.2192   11.5906
    0.0000   15.0000    7.5000 2871.1167   11.3851
    7.5000   15.0000    7.5000 2843.8096   11.6100
   -7.5000   22.5000    7.5000 2735.4143   12.2464
    0.0000   22.5000    7.5000 2765.0078   12.0401
    7.5000   22.5000    7.5000 2742.2642   12.2494
   -7.5000   30.0000    7.5000 2608.4854   13.2794
    0.0000   30.0000    7.5000 2637.3096   13.0865
    7.5000   30.0000    7.5000 2617.9087   13.2911
   -7.5000   37.5000    7.5000 2476.7429   14.6579
    0.0000   37.5000    7.5000 2502.8542   14.4971
    7.5000   37.5000    7.5000 2485.2537   14.6987
   -7.5000   45.0000    7.5000 2333.4326   16.3939
    0.0000   45.0000    7.5000 2357.8984   16.2641
    7.5000   45.0000    7.5000 2341.1260   16.4485
   -7.5000  -45.0000   15.0000 2333.9368   15.9638
    0.0000  -45.0000   15.0000 2354.2959   15.6149
    7.5000  -45.0000   15.0000 2342.9331   15.8176
   -7.5000  -37.5000   15.0000 2458.8459   14.1974
    0.0000  -37.5000   15.0000 2481.3264   13.8767
    7.5000  -37.5000   15.0000 2474.1956   14.0904
   -7.5000  -30.0000   15.0000 2587.0183   12.8813
    0.0000  -30.0000   15.0000 2614.3467   12.6316
    7.5000  -30.0000   15.0000 2606.0330   12.8213
   -7.5000  -22.5000   15.0000 2716.1672   11.9896
    0.0000  -22.5000   15.0000 2751.6533   11.7488
    7.5000  -22.5000   15.0000 2732.3384   11.9141
   -7.5000  -15.0000   15.0000 2834.0176   11.4802
    0.0000  -15.0000   15.0000 2878.5549   11.2775
    7.5000  -15.0000   15.0000 2852.6792   11.3897
   -7.5000   -7.5000   15.0000 2923.1189   11.2356
    0.0000   -7.5000   15.0000 2991.0112   11.0787
    7.5000   -7.5000   15.0000 2947.5891   11.1425
   -7.5000    0.0000   15.0000 2950.1108   11.1997
    0.0000    0.0000   15.0000 3044.9893   11.0414
    7.5000    0.0000   15.0000 2984.8257   11.1071
   -7.5000    7.5000   15.0000 2908.1873   11.3715
    0.0000    7.5000   15.0000 2972.2144   11.2317
    7.5000    7.5000   15.0000 2933.3308   11.3113
   -7.5000   15.0000   15.0000 2830.5093   11.6726
    0.0000   15.0000   15.0000 2867.5657   11.5393
    7.5000   15.0000   15.0000 2840.2834   11.6332
   -7.5000   22.5000   15.0000 2723.3965   12.2823
    0.0000   22.5000   15.0000 2748.9172   12.1430
    7.5000   22.5000   15.0000 2732.7515   12.2501
   -7.5000   30.0000   15.0000 2593.0403   13.2636
    0.0000   30.0000   15.0000 2613.8699   13.1148
    7.5000   30.0000   15.0000 2603.4597   13.2529
   -7.5000   37.5000   15.0000 2459.3767   14.5961
    0.0000   37.5000   15.0000 2481.3967   14.4327
    7.5000   37.5000   15.0000 2471.7063   14.6006
   -7.5000   45.0000   15.0000 2316.4385   16.3151
    0.0000   45.0000   15.0000 2334.2573   16.1913
    7.5000   45.0000   15.0000 2324.8103   16.3596
   -7.5000  -45.0000   22.5000 2316.8459   16.2490
    0.0000  -45.0000   22.5000 2343.0828   15.8647
    7.5000  -45.0000   22.5000 2334.3032   16.0395
   -7.5000  -37.5000   22.5000 2442.7385   14.4837
    0.0000  -37.5000   22.5000 2470.0496   14.1814
    7.5000  -37.5000   22.5000 2463.8486   14.3001
   -7.5000  -30.0000   22.5000 2571.1970   13.1954
    0.0000  -30.0000   22.5000 2601.8757   12.9376
    7.5000  -30.0000   22.5000 2593.9993   13.0522
   -7.5000  -22.5000   22.5000 2694.1387   12.2922
    0.0000  -22.5000   22.5000 2732.1206   12.0802
    7.5000  -22.5000   22.5000 2718.5007   12.1741
   -7.5000  -15.0000   22.5000 2807.0283   11.7120
    0.0000  -15.0000   22.5000 2847.9036   11.5617
    7.5000  -15.0000   22.5000 2827.9153   11.6165
   -7.5000   -7.5000   22.5000 2887.4890   11.4051
    0.0000   -7.5000   22.5000 2940.5188   11.2259
    7.5000   -7.5000   22.5000 2908.3752   11.2951
   -7.5000    0.0000   22.5000 2910.7200   11.3417
    0.0000    0.0000   22.5000 2975.4175   11.1371
    7.5000    0.0000   22.5000 2934.6272   11.2245
   -7.5000    7.5000   22.5000 2874.8826   11.5279
    0.0000    7.5000   22.5000 2931.7144   11.3393
    7.5000    7.5000   22.5000 2900.0747   11.4522
   -7.5000   15.0000   22.5000 2794.1702   11.9184
    0.0000   15.0000   22.5000 2832.9619   11.7789
    7.5000   15.0000   22.5000 2808.0889   11.8849
   -7.5000   22.5000   22.5000 2686.5791   12.5610
    0.0000   22.5000   22.5000 2714.1763   12.4454
    7.5000   22.5000   22.5000 2700.0798   12.5319
   -7.5000   30.0000   22.5000 2558.7024   13.5081
    0.0000   30.0000   22.5000 2583.7046   13.3721
    7.5000   30.0000   22.5000 2571.2795   13.4812
   -7.5000   37.5000   22.5000 2428.5112   14.7555
    0.0000   37.5000   22.5000 2448.5029   14.6264
    7.5000   37.5000   22.5000 2438.6353   14.7384
   -7.5000   45.0000   22.5000 2280.5427   16.4298
    0.0000   45.0000   22.5000 2300.0676   16.3147
    7.5000   45.0000   22.5000 2289.5957   16.4310
   -7.5000  -45.0000   30.0000 2289.6406   16.7432
    0.0000  -45.0000   30.0000 2318.5024   16.4014
    7.5000  -45.0000   30.0000 2308.0166   16.5096
   -7.5000  -37.5000   30.0000 2415.7727   14.9885
    0.0000  -37.5000   30.0000 2446.4368   14.6937
    7.5000  -37.5000   30.0000 2438.7058   14.8126
   -7.5000  -30.0000   30.0000 2543.9619   13.7174
    0.0000  -30.0000   30.0000 2576.8145   13.4464
    7.5000  -30.0000   30.0000 2569.1511   13.5522
   -7.5000  -22.5000   30.0000 2659.5627   12.7937
    0.0000  -22.5000   30.0000 2699.0918   12.5460
    7.5000  -22.5000   30.0000 2691.1016   12.6569
   -7.5000  -15.0000   30.0000 2759.7605   12.1685
    0.0000  -15.0000   30.0000 2805.3604   11.9352
    7.5000  -15.0000   30.0000 2789.0583   12.0435
   -7.5000   -7.5000   30.0000 2829.9875   11.8114
    0.0000   -7.5000   30.0000 2875.5415   11.5537
    7.5000   -7.5000   30.0000 2856.4270   11.6848
   -7.5000    0.0000   30.0000 2842.3315   11.7276
    0.0000    0.0000   30.0000 2890.3926   11.4733
    7.5000    0.0000   30.0000 2866.2612   11.6300
   -7.5000    7.5000   30.0000 2805.9951   11.9086
    0.0000    7.5000   30.0000 2855.2424   11.6841
    7.5000    7.5000   30.0000 2833.2798   11.8475
   -7.5000   15.0000   30.0000 2729.0801   12.3171
    0.0000   15.0000   30.0000 2762.4312   12.1218
    7.5000   15.0000   30.0000 2747.3477   12.2777
   -7.5000   22.5000   30.0000 2631.9556   12.9548
    0.0000   22.5000   30.0000 2658.9907   12.7881
    7.5000   22.5000   30.0000 2648.3816   12.9524
   -7.5000   30.0000   30.0000 2512.4111   13.8950
    0.0000   30.0000   30.0000 2537.9485   13.7161
    7.5000   30.0000   30.0000 2530.0315   13.8845
   -7.5000   37.5000   30.0000 2386.3362   15.1674
    0.0000   37.5000   30.0000 2405.4355   14.9791
    7.5000   37.5000   30.0000 2400.0728   15.0765
   -7.5000   45.0000   30.0000 2234.7495   16.8004
    0.0000   45.0000   30.0000 2248.5425   16.6428
    7.5000   45.0000   30.0000 2247.2141   16.7401
   -7.5000  -45.0000   37.5000 2253.4583   17.5266
    0.0000  -45.0000   37.5000 2282.8337   17.1298
    7.5000  -45.0000   37.5000 2276.5330   17.2378
   -7.5000  -37.5000   37.5000 2382.3958   15.7620
    0.0000  -37.5000   37.5000 2418.1189   15.3993
    7.5000  -37.5000   37.5000 2410.2969   15.5320
   -7.5000  -30.0000   37.5000 2505.5107   14.4632
    0.0000  -30.0000   37.5000 2547.0459   14.1443
    7.5000  -30.0000   37.5000 2538.5908   14.2566
   -7.5000  -22.5000   37.5000 2615.4260   13.4883
    0.0000  -22.5000   37.5000 2661.4268   13.1741
    7.5000  -22.5000   37.5000 2652.3511   13.3015
   -7.5000  -15.0000   37.5000 2701.0347   12.8271
    0.0000  -15.0000   37.5000 2751.1660   12.5288
    7.5000  -15.0000   37.5000 2739.6641   12.6624
   -7.5000   -7.5000   37.5000 2758.3396   12.4198
    0.0000   -7.5000   37.5000 2802.7046   12.1411
    7.5000   -7.5000   37.5000 2791.3625   12.2978
   -7.5000    0.0000   37.5000 2764.0483   12.3227
    0.0000    0.0000   37.5000 2801.8152   12.0596
    7.5000    0.0000   37.5000 2787.8159   12.2181
   -7.5000    7.5000   37.5000 2725.3149   12.5131
    0.0000    7.5000   37.5000 2761.4663   12.2686
    7.5000    7.5000   37.5000 2750.2996   12.4026
   -7.5000   15.0000   37.5000 2648.6099   12.9175
    0.0000   15.0000   37.5000 2679.1401   12.7055
    7.5000   15.0000   37.5000 2670.8557   12.8468
   -7.5000   22.5000   37.5000 2562.3848   13.5558
    0.0000   22.5000   37.5000 2589.4077   13.3586
    7.5000   22.5000   37.5000 2579.3484   13.5227
   -7.5000   30.0000   37.5000 2456.7585   14.4389
    0.0000   30.0000   37.5000 2480.0662   14.2497
    7.5000   30.0000   37.5000 2473.6960   14.4361
   -7.5000   37.5000   37.5000 2334.6680   15.7491
    0.0000   37.5000   37.5000 2353.9141   15.5420
    7.5000   37.5000   37.5000 2348.1804   15.6762
   -7.5000   45.0000   37.5000 2182.9773   17.3900
    0.0000   45.0000   37.5000 2202.1787   17.2146
    7.5000   45.0000   37.5000 2199.5774   17.3350
   -7.5000  -45.0000   45.0000 2210.1750   18.4998
    0.0000  -45.0000   45.0000 2246.0652   18.0940
    7.5000  -45.0000   45.0000 2244.0149   18.1995
   -7.5000  -37.5000   45.0000 2334.9631   16.6743
    0.0000  -37.5000   45.0000 2377.8069   16.3193
    7.5000  -37.5000   45.0000 2371.0222   16.4209
   -7.5000  -30.0000   45.0000 2452.3875   15.3399
    0.0000  -30.0000   45.0000 2496.6265   15.0068
    7.5000  -30.0000   45.0000 2485.4602   15.1137
   -7.5000  -22.5000   45.0000 2551.7417   14.3409
    0.0000  -22.5000   45.0000 2599.3984   14.0193
    7.5000  -22.5000   45.0000 2589.7522   14.1309
   -7.5000  -15.0000   45.0000 2629.0154   13.6465
    0.0000  -15.0000   45.0000 2678.0208   13.3303
    7.5000  -15.0000   45.0000 2664.9741   13.4511
   -7.5000   -7.5000   45.0000 2672.5947   13.2298
    0.0000   -7.5000   45.0000 2715.2424   12.9431
    7.5000   -7.5000   45.0000 2703.2341   13.0814
   -7.5000    0.0000   45.0000 2674.8755   13.1116
    0.0000    0.0000   45.0000 2707.6348   12.8600
    7.5000    0.0000   45.0000 2699.8005   12.9749
   -7.5000    7.5000   45.0000 2636.1719   13.2626
    0.0000    7.5000   45.0000 2667.5283   13.0168
    7.5000    7.5000   45.0000 2659.3992   13.1284
   -7.5000   15.0000   45.0000 2569.5691   13.6953
    0.0000   15.0000   45.0000 2595.7671   13.4516
    7.5000   15.0000   45.0000 2587.3770   13.5551
   -7.5000   22.5000   45.0000 2486.1816   14.3514
    0.0000   22.5000   45.0000 2512.8364   14.1206
    7.5000   22.5000   45.0000 2499.6047   14.2344
   -7.5000   30.0000   45.0000 2387.4182   15.1948
    0.0000   30.0000   45.0000 2409.0859   14.9962
    7.5000   30.0000   45.0000 2401.6218   15.1347
   -7.5000   37.5000   45.0000 2267.8721   16.4564
    0.0000   37.5000   45.0000 2288.9412   16.2911
    7.5000   37.5000   45.0000 2283.9294   16.4099
   -7.5000   45.0000   45.0000 2120.6353   18.1785
    0.0000   45.0000   45.0000 2143.9106   18.0090
    7.5000   45.0000   45.0000 2140.3599   18.0931

---------------------------------------------------------------------
imgreg_4dfp /opt/freesurfer/average/711-2C_as_mni_average_305 /opt/freesurfer/average/711-2B_as_mni_average_305_mask talsrcimg_g11 none talsrcimg_to_711-2C_as_mni_average_305_t4 1283
---------------------------------------------------------------------

freesurfer imgreg_4dfp.c
/opt/freesurfer/average/711-2C_as_mni_average_305.4dfp.img
       256       256       256         1
  1.000000  1.000000  1.000000
orientation T byte_order littleendian
Reading image: /opt/freesurfer/average/711-2C_as_mni_average_305.4dfp.img
dimensions:      256       256       256
mmppix:       1.0000   -1.0000   -1.0000
center:     128.0000 -129.0000 -129.0000
/opt/freesurfer/average/711-2B_as_mni_average_305_mask.4dfp.img
       256       256       256         1
  1.000000  1.000000  1.000000
orientation T byte_order littleendian
Reading mask: /opt/freesurfer/average/711-2B_as_mni_average_305_mask.4dfp.img (2306576 pixels)
talsrcimg_g11.4dfp.img
       256       256       256         1
  1.000000  1.000000  1.000000
orientation T byte_order littleendian
Reading image: talsrcimg_g11.4dfp.img
dimensions:      256       256       256
mmppix:       1.0000   -1.0000   -1.0000
center:     128.0000 -129.0000 -129.0000
rotation matrix determinant  1.000000
fimgreg.f
image alignment mode   1283 decimal      503 hex
parameters
    0.0000    0.0000   15.0000    0.0000    0.0000    0.0000
eta,q 0.95426 11.05650
niter,ni,del,rscale     5    3   12.0000    1.2000
parameters
    0.9097   -0.6215   12.1125   -0.7266   -1.6471    0.7458
eta,q 0.96123 10.87293
  0.0724  0.0559  0.0447  0.0466  0.0450  0.0492
  0.0599  0.0488  0.0413  0.0422  0.0412  0.0452
  0.0495  0.0450  0.0408  0.0400  0.0391  0.0414
  0.0442  0.0437  0.0435  0.0405  0.0401  0.0390
  0.0448  0.0467  0.0484  0.0423  0.0437  0.0393
  0.0508  0.0534  0.0546  0.0451  0.0490  0.0418
  0.0597  0.0619  0.0609  0.0499  0.0554  0.0458
niter,ni,del,rscale     4    3   12.0000    1.2000
parameters
    1.4204   -0.4522   12.2824   -0.9269   -2.1210    0.9321
eta,q 0.96160 10.88117
  0.0655  0.0551  0.0523  0.0466  0.0477  0.0478
  0.0530  0.0470  0.0453  0.0419  0.0427  0.0436
  0.0434  0.0415  0.0406  0.0387  0.0395  0.0400
  0.0388  0.0386  0.0385  0.0385  0.0384  0.0384
  0.0406  0.0395  0.0403  0.0401  0.0406  0.0395
  0.0478  0.0453  0.0449  0.0430  0.0452  0.0424
  0.0580  0.0541  0.0504  0.0473  0.0509  0.0470
niter,ni,del,rscale     3    3   12.0000    1.2000
parameters
    1.6018   -0.3670   12.3138   -1.0132   -2.3170    1.0052
eta,q 0.96164 10.88498
  0.0630  0.0546  0.0516  0.0468  0.0484  0.0475
  0.0507  0.0467  0.0448  0.0421  0.0432  0.0433
  0.0419  0.0412  0.0402  0.0387  0.0399  0.0397
  0.0384  0.0384  0.0384  0.0384  0.0383  0.0384
  0.0412  0.0396  0.0406  0.0398  0.0399  0.0396
  0.0493  0.0456  0.0452  0.0427  0.0443  0.0426
  0.0599  0.0545  0.0508  0.0468  0.0498  0.0473
niter,ni,del,rscale     2    3   12.0000    1.2000
parameters
    1.6761   -0.3296   12.3242   -1.0521   -2.3968    1.0360
eta,q 0.96166 10.88631
  0.0621  0.0544  0.0515  0.0469  0.0487  0.0474
  0.0500  0.0466  0.0447  0.0422  0.0434  0.0431
  0.0415  0.0411  0.0401  0.0388  0.0400  0.0396
  0.0384  0.0384  0.0383  0.0383  0.0383  0.0383
  0.0414  0.0398  0.0406  0.0398  0.0397  0.0396
  0.0499  0.0458  0.0452  0.0426  0.0439  0.0427
  0.0605  0.0547  0.0508  0.0467  0.0493  0.0474
niter,ni,del,rscale     1    3   12.0000    1.2000
parameters
    1.7067   -0.3140   12.3274   -1.0650   -2.4303    1.0492
eta,q 0.96166 10.88687
  0.0618  0.0543  0.0514  0.0470  0.0488  0.0474
  0.0497  0.0465  0.0447  0.0423  0.0435  0.0431
  0.0413  0.0411  0.0401  0.0388  0.0401  0.0396
  0.0383  0.0383  0.0383  0.0383  0.0383  0.0383
  0.0415  0.0398  0.0406  0.0397  0.0396  0.0396
  0.0501  0.0459  0.0452  0.0426  0.0437  0.0427
  0.0607  0.0549  0.0508  0.0466  0.0492  0.0475
registration optimization eta report
parameter search radius
    6.0000    6.0000    6.0000    6.0000    6.0000    6.0000
100000*second partial in parameter space
       63.       44.       34.       24.       29.       25.
  0.0618  0.0543  0.0514  0.0470  0.0488  0.0474
  0.0497  0.0465  0.0447  0.0423  0.0435  0.0431
  0.0413  0.0411  0.0401  0.0388  0.0401  0.0396
  0.0383  0.0383  0.0383  0.0383  0.0383  0.0383
  0.0415  0.0398  0.0406  0.0397  0.0396  0.0396
  0.0501  0.0459  0.0452  0.0426  0.0437  0.0427
  0.0607  0.0549  0.0508  0.0466  0.0492  0.0475
    1.7067   -0.3140   12.3274   -1.0650   -2.4303    1.0492
eta,q 0.96166 10.88687

---------------------------------------------------------------------
imgreg_4dfp /opt/freesurfer/average/711-2C_as_mni_average_305 /opt/freesurfer/average/711-2B_as_mni_average_305_mask talsrcimg_g11 none talsrcimg_to_711-2C_as_mni_average_305_t4 3335
---------------------------------------------------------------------

freesurfer imgreg_4dfp.c
/opt/freesurfer/average/711-2C_as_mni_average_305.4dfp.img
       256       256       256         1
  1.000000  1.000000  1.000000
orientation T byte_order littleendian
Reading image: /opt/freesurfer/average/711-2C_as_mni_average_305.4dfp.img
dimensions:      256       256       256
mmppix:       1.0000   -1.0000   -1.0000
center:     128.0000 -129.0000 -129.0000
/opt/freesurfer/average/711-2B_as_mni_average_305_mask.4dfp.img
       256       256       256         1
  1.000000  1.000000  1.000000
orientation T byte_order littleendian
Reading mask: /opt/freesurfer/average/711-2B_as_mni_average_305_mask.4dfp.img (2306576 pixels)
talsrcimg_g11.4dfp.img
       256       256       256         1
  1.000000  1.000000  1.000000
orientation T byte_order littleendian
Reading image: talsrcimg_g11.4dfp.img
dimensions:      256       256       256
mmppix:       1.0000   -1.0000   -1.0000
center:     128.0000 -129.0000 -129.0000
fimgreg.f
image alignment mode   3335 decimal      D07 hex
parameters
    1.7067   -0.3140   12.3274   -0.1067   -0.0355   -0.1072
   -1.9096    4.2050    1.8295    1.9360   -4.2405   -1.8570
eta,q 0.96035 11.02783
niter,ni,del,rscale     5    3    5.0000    1.2000
parameter  4  0.871382 ->  0.500000 qaram    1.1500
parameter  5  2.422195 ->  0.500000 qaram    1.1500
parameter  6  0.623644 ->  0.500000 qaram    1.1500
parameters
    1.7619   -0.2058   12.2989   -4.2467   -4.1755   -4.2472
   -1.4712    5.5009    2.2624    0.5491   -0.8915   -4.5489
eta,q 0.96992 10.52249
  0.0438  0.0423  0.0418  0.0372  0.0301  0.0314  0.0341  0.0380  0.0335  0.0333  0.0336  0.0307
  0.0416  0.0409  0.0406  0.0373  0.0319  0.0310  0.0325  0.0349  0.0321  0.0317  0.0323  0.0302
  0.0402  0.0401  0.0399  0.0380  0.0343  0.0312  0.0315  0.0324  0.0312  0.0308  0.0313  0.0301
  0.0397  0.0397  0.0396  0.0396  0.0374  0.0325  0.0310  0.0310  0.0308  0.0308  0.0306  0.0303
  0.0400  0.0398  0.0399  0.0423  0.0407  0.0352  0.0312  0.0308  0.0309  0.0318  0.0303  0.0309
  0.0413  0.0405  0.0407  0.0458  0.0443  0.0392  0.0321  0.0320  0.0317  0.0338  0.0304  0.0318
  0.0435  0.0420  0.0420  0.0493  0.0484  0.0436  0.0335  0.0346  0.0329  0.0364  0.0308  0.0330
niter,ni,del,rscale     7    3    5.0000    1.2000
parameter  5  1.162127 ->  0.500000 qaram    1.3225
parameters
    1.8869   -0.2757   11.7940   -6.1113   -8.9365   -6.0028
   -1.3821    5.3937    1.8579    0.4886    0.1704   -5.6173
eta,q 0.97294 10.06500
  0.0346  0.0332  0.0313  0.0319  0.0262  0.0287  0.0300  0.0317  0.0292  0.0308  0.0283  0.0281
  0.0323  0.0314  0.0304  0.0309  0.0268  0.0276  0.0285  0.0292  0.0280  0.0287  0.0277  0.0274
  0.0307  0.0304  0.0300  0.0303  0.0281  0.0272  0.0275  0.0277  0.0273  0.0275  0.0273  0.0271
  0.0301  0.0301  0.0301  0.0300  0.0301  0.0271  0.0271  0.0271  0.0271  0.0271  0.0271  0.0271
  0.0304  0.0306  0.0306  0.0307  0.0328  0.0273  0.0274  0.0276  0.0275  0.0277  0.0271  0.0274
  0.0317  0.0318  0.0316  0.0327  0.0363  0.0290  0.0284  0.0293  0.0284  0.0289  0.0273  0.0280
  0.0338  0.0335  0.0330  0.0362  0.0402  0.0329  0.0299  0.0321  0.0297  0.0308  0.0278  0.0288
niter,ni,del,rscale     7    3    5.0000    1.2000
parameters
    1.9264   -0.0177   11.9123   -6.2821  -13.5998   -5.7202
   -1.6225    5.3750    1.4429    0.9986    0.5437   -5.6024
eta,q 0.97406  9.78751
  0.0310  0.0311  0.0289  0.0295  0.0272  0.0288  0.0286  0.0304  0.0281  0.0301  0.0269  0.0273
  0.0289  0.0290  0.0279  0.0282  0.0261  0.0272  0.0271  0.0281  0.0269  0.0279  0.0264  0.0266
  0.0275  0.0277  0.0273  0.0274  0.0261  0.0263  0.0262  0.0265  0.0261  0.0265  0.0261  0.0261
  0.0271  0.0271  0.0270  0.0270  0.0270  0.0260  0.0260  0.0260  0.0260  0.0259  0.0259  0.0259
  0.0274  0.0272  0.0272  0.0270  0.0290  0.0261  0.0264  0.0264  0.0264  0.0263  0.0260  0.0261
  0.0287  0.0281  0.0277  0.0279  0.0317  0.0266  0.0274  0.0279  0.0273  0.0273  0.0263  0.0266
  0.0308  0.0297  0.0286  0.0302  0.0354  0.0287  0.0289  0.0306  0.0286  0.0290  0.0268  0.0273
niter,ni,del,rscale     6    3    5.0000    1.2000
parameters
    1.9377    0.2262   12.1320   -6.4763  -14.0187   -5.6320
   -1.6135    5.3502    1.2212    1.2466    0.4457   -5.6518
eta,q 0.97409  9.75760
  0.0296  0.0298  0.0279  0.0282  0.0296  0.0287  0.0287  0.0303  0.0281  0.0297  0.0268  0.0273
  0.0276  0.0278  0.0269  0.0269  0.0277  0.0272  0.0272  0.0280  0.0269  0.0276  0.0263  0.0265
  0.0264  0.0265  0.0262  0.0262  0.0263  0.0262  0.0262  0.0265  0.0261  0.0264  0.0260  0.0261
  0.0259  0.0259  0.0259  0.0259  0.0259  0.0259  0.0259  0.0259  0.0259  0.0259  0.0259  0.0259
  0.0263  0.0261  0.0260  0.0259  0.0265  0.0260  0.0263  0.0263  0.0263  0.0263  0.0260  0.0261
  0.0275  0.0270  0.0265  0.0267  0.0281  0.0267  0.0272  0.0279  0.0271  0.0274  0.0263  0.0266
  0.0295  0.0284  0.0273  0.0288  0.0304  0.0289  0.0287  0.0305  0.0283  0.0291  0.0269  0.0273
niter,ni,del,rscale     5    3    5.0000    1.2000
parameters
    1.9569    0.2932   12.1548   -6.5000  -14.1307   -5.6322
   -1.6108    5.3695    1.2040    1.3333    0.4106   -5.6800
eta,q 0.97407  9.75016
  0.0295  0.0292  0.0276  0.0282  0.0298  0.0287  0.0287  0.0303  0.0282  0.0295  0.0268  0.0273
  0.0276  0.0274  0.0267  0.0269  0.0278  0.0272  0.0272  0.0280  0.0269  0.0275  0.0263  0.0265
  0.0263  0.0263  0.0261  0.0262  0.0264  0.0262  0.0262  0.0265  0.0262  0.0263  0.0261  0.0261
  0.0259  0.0259  0.0259  0.0259  0.0259  0.0259  0.0259  0.0259  0.0259  0.0259  0.0259  0.0259
  0.0263  0.0263  0.0261  0.0259  0.0264  0.0261  0.0263  0.0263  0.0262  0.0264  0.0260  0.0261
  0.0274  0.0273  0.0266  0.0266  0.0278  0.0268  0.0272  0.0278  0.0270  0.0275  0.0263  0.0266
  0.0294  0.0288  0.0276  0.0286  0.0301  0.0290  0.0287  0.0304  0.0282  0.0292  0.0269  0.0273
niter,ni,del,rscale     4    3    5.0000    1.2000
parameters
    1.9620    0.3156   12.1526   -6.5135  -14.1586   -5.6306
   -1.6131    5.3805    1.1990    1.3646    0.4141   -5.6928
eta,q 0.97407  9.74808
  0.0295  0.0291  0.0276  0.0282  0.0299  0.0287  0.0287  0.0303  0.0282  0.0294  0.0268  0.0273
  0.0275  0.0273  0.0267  0.0269  0.0279  0.0272  0.0272  0.0280  0.0270  0.0275  0.0264  0.0266
  0.0263  0.0262  0.0261  0.0262  0.0264  0.0262  0.0262  0.0265  0.0262  0.0263  0.0261  0.0261
  0.0259  0.0259  0.0259  0.0259  0.0259  0.0259  0.0259  0.0259  0.0259  0.0259  0.0259  0.0259
  0.0263  0.0263  0.0261  0.0259  0.0263  0.0261  0.0263  0.0263  0.0262  0.0264  0.0260  0.0261
  0.0275  0.0273  0.0267  0.0266  0.0278  0.0268  0.0272  0.0278  0.0270  0.0275  0.0263  0.0266
  0.0295  0.0289  0.0276  0.0286  0.0300  0.0290  0.0287  0.0304  0.0281  0.0292  0.0269  0.0273
registration optimization eta report
parameter search radius
    2.4000    2.4000    2.4000    8.2800    9.5220    8.2800
    7.2000    7.2000    7.2000    7.2000    7.2000    7.2000
100000*second partial in parameter space
       61.       53.       29.        4.        4.        4.
        5.        9.        4.        7.        2.        3.
  0.0295  0.0291  0.0276  0.0282  0.0299  0.0287  0.0287  0.0303  0.0282  0.0294  0.0268  0.0273
  0.0275  0.0273  0.0267  0.0269  0.0279  0.0272  0.0272  0.0280  0.0270  0.0275  0.0264  0.0266
  0.0263  0.0262  0.0261  0.0262  0.0264  0.0262  0.0262  0.0265  0.0262  0.0263  0.0261  0.0261
  0.0259  0.0259  0.0259  0.0259  0.0259  0.0259  0.0259  0.0259  0.0259  0.0259  0.0259  0.0259
  0.0263  0.0263  0.0261  0.0259  0.0263  0.0261  0.0263  0.0263  0.0262  0.0264  0.0260  0.0261
  0.0275  0.0273  0.0267  0.0266  0.0278  0.0268  0.0272  0.0278  0.0270  0.0275  0.0263  0.0266
  0.0295  0.0289  0.0276  0.0286  0.0300  0.0290  0.0287  0.0304  0.0281  0.0292  0.0269  0.0273
    1.9620    0.3156   12.1526   -6.5135  -14.1586   -5.6306
   -1.6131    5.3805    1.1990    1.3646    0.4141   -5.6928
eta,q 0.97407  9.74808

---------------------------------------------------------------------
imgreg_4dfp /opt/freesurfer/average/711-2C_as_mni_average_305 /opt/freesurfer/average/711-2B_as_mni_average_305_mask talsrcimg_g11 none talsrcimg_to_711-2C_as_mni_average_305_t4 2311
---------------------------------------------------------------------

freesurfer imgreg_4dfp.c
/opt/freesurfer/average/711-2C_as_mni_average_305.4dfp.img
       256       256       256         1
  1.000000  1.000000  1.000000
orientation T byte_order littleendian
Reading image: /opt/freesurfer/average/711-2C_as_mni_average_305.4dfp.img
dimensions:      256       256       256
mmppix:       1.0000   -1.0000   -1.0000
center:     128.0000 -129.0000 -129.0000
/opt/freesurfer/average/711-2B_as_mni_average_305_mask.4dfp.img
       256       256       256         1
  1.000000  1.000000  1.000000
orientation T byte_order littleendian
Reading mask: /opt/freesurfer/average/711-2B_as_mni_average_305_mask.4dfp.img (2306576 pixels)
talsrcimg_g11.4dfp.img
       256       256       256         1
  1.000000  1.000000  1.000000
orientation T byte_order littleendian
Reading image: talsrcimg_g11.4dfp.img
dimensions:      256       256       256
mmppix:       1.0000   -1.0000   -1.0000
center:     128.0000 -129.0000 -129.0000
fimgreg.f
image alignment mode   2311 decimal      907 hex
parameters
    1.9620    0.3156   12.1526   -6.5135  -14.1586   -5.6306
   -1.6131    5.3805    1.1990    1.3646    0.4141   -5.6928
eta,q 0.97407  9.74807
niter,ni,del,rscale     5    3    5.0000    0.8000
parameters
    1.9736    0.2804   12.1730   -5.7015  -13.9332   -4.8751
   -1.5350    5.4834    1.3111    1.3324    0.5143   -5.8355
eta,q 0.97417  9.84448
  0.0275  0.0273  0.0267  0.0267  0.0271  0.0269  0.0272  0.0280  0.0270  0.0274  0.0263  0.0264
  0.0266  0.0265  0.0263  0.0263  0.0264  0.0263  0.0264  0.0268  0.0264  0.0265  0.0261  0.0261
  0.0261  0.0260  0.0260  0.0261  0.0260  0.0260  0.0260  0.0261  0.0260  0.0260  0.0259  0.0259
  0.0259  0.0259  0.0259  0.0259  0.0259  0.0259  0.0258  0.0258  0.0258  0.0258  0.0258  0.0258
  0.0261  0.0261  0.0260  0.0259  0.0260  0.0259  0.0260  0.0260  0.0259  0.0261  0.0259  0.0259
  0.0266  0.0266  0.0262  0.0260  0.0263  0.0260  0.0264  0.0266  0.0263  0.0266  0.0260  0.0261
  0.0275  0.0273  0.0267  0.0263  0.0269  0.0264  0.0271  0.0279  0.0268  0.0274  0.0263  0.0265
niter,ni,del,rscale     4    3    5.0000    0.7000
parameters
    1.9293    0.1888   12.1827   -5.4539  -13.8382   -4.7560
   -1.4893    5.4633    1.3415    1.2282    0.5396   -5.7988
eta,q 0.97420  9.86846
  0.0270  0.0268  0.0265  0.0264  0.0267  0.0264  0.0268  0.0274  0.0267  0.0270  0.0262  0.0263
  0.0263  0.0262  0.0261  0.0261  0.0262  0.0261  0.0263  0.0265  0.0262  0.0263  0.0260  0.0260
  0.0259  0.0259  0.0259  0.0260  0.0259  0.0259  0.0259  0.0260  0.0259  0.0259  0.0259  0.0259
  0.0258  0.0258  0.0258  0.0258  0.0258  0.0258  0.0258  0.0258  0.0258  0.0258  0.0258  0.0258
  0.0260  0.0260  0.0259  0.0258  0.0259  0.0259  0.0259  0.0260  0.0259  0.0260  0.0258  0.0258
  0.0264  0.0264  0.0261  0.0260  0.0261  0.0260  0.0262  0.0265  0.0262  0.0264  0.0260  0.0260
  0.0272  0.0270  0.0264  0.0264  0.0266  0.0264  0.0268  0.0275  0.0266  0.0271  0.0262  0.0263
niter,ni,del,rscale     3    3    5.0000    0.6000
parameters
    1.9143    0.1484   12.1924   -5.2621  -13.7933   -4.6764
   -1.4700    5.4620    1.3635    1.1651    0.5523   -5.7949
eta,q 0.97421  9.88449
  0.0267  0.0266  0.0263  0.0262  0.0264  0.0262  0.0265  0.0270  0.0264  0.0267  0.0261  0.0261
  0.0262  0.0261  0.0260  0.0260  0.0261  0.0260  0.0261  0.0263  0.0261  0.0262  0.0259  0.0259
  0.0259  0.0259  0.0259  0.0259  0.0259  0.0259  0.0259  0.0259  0.0259  0.0259  0.0258  0.0258
  0.0258  0.0258  0.0258  0.0258  0.0258  0.0258  0.0258  0.0258  0.0258  0.0258  0.0258  0.0258
  0.0259  0.0259  0.0259  0.0258  0.0259  0.0258  0.0259  0.0259  0.0259  0.0259  0.0258  0.0258
  0.0262  0.0262  0.0260  0.0259  0.0260  0.0260  0.0261  0.0263  0.0261  0.0262  0.0259  0.0259
  0.0268  0.0267  0.0263  0.0262  0.0264  0.0262  0.0265  0.0270  0.0264  0.0267  0.0261  0.0261
niter,ni,del,rscale     2    3    5.0000    0.5000
parameters
    1.9087    0.1204   12.1956   -5.0966  -13.7726   -4.6117
   -1.4414    5.4738    1.3882    1.1194    0.5637   -5.7799
eta,q 0.97422  9.89690
  0.0264  0.0263  0.0261  0.0261  0.0262  0.0261  0.0263  0.0266  0.0262  0.0264  0.0260  0.0260
  0.0261  0.0260  0.0259  0.0260  0.0260  0.0259  0.0260  0.0262  0.0260  0.0261  0.0259  0.0259
  0.0259  0.0258  0.0258  0.0259  0.0258  0.0258  0.0258  0.0259  0.0258  0.0258  0.0258  0.0258
  0.0258  0.0258  0.0258  0.0258  0.0258  0.0258  0.0258  0.0258  0.0258  0.0258  0.0258  0.0258
  0.0259  0.0259  0.0258  0.0258  0.0258  0.0258  0.0258  0.0259  0.0258  0.0259  0.0258  0.0258
  0.0261  0.0261  0.0259  0.0259  0.0260  0.0259  0.0260  0.0261  0.0260  0.0261  0.0259  0.0259
  0.0265  0.0264  0.0261  0.0261  0.0262  0.0261  0.0263  0.0266  0.0262  0.0265  0.0260  0.0260
niter,ni,del,rscale     1    3    5.0000    0.4000
parameters
    1.9023    0.0988   12.1984   -4.9361  -13.7458   -4.5369
   -1.4306    5.4644    1.4054    1.0816    0.5728   -5.7796
eta,q 0.97423  9.91009
  0.0262  0.0261  0.0260  0.0260  0.0260  0.0260  0.0261  0.0263  0.0261  0.0262  0.0259  0.0259
  0.0260  0.0259  0.0259  0.0259  0.0259  0.0259  0.0259  0.0260  0.0259  0.0260  0.0258  0.0258
  0.0258  0.0258  0.0258  0.0258  0.0258  0.0258  0.0258  0.0258  0.0258  0.0258  0.0258  0.0258
  0.0258  0.0258  0.0258  0.0258  0.0258  0.0258  0.0258  0.0258  0.0258  0.0258  0.0258  0.0258
  0.0258  0.0258  0.0258  0.0258  0.0258  0.0258  0.0258  0.0258  0.0258  0.0258  0.0258  0.0258
  0.0260  0.0260  0.0259  0.0258  0.0259  0.0259  0.0259  0.0260  0.0259  0.0260  0.0258  0.0258
  0.0262  0.0262  0.0260  0.0260  0.0260  0.0260  0.0261  0.0263  0.0261  0.0262  0.0259  0.0259
registration optimization eta report
parameter search radius
    0.8000    0.8000    0.8000    2.4000    2.4000    2.4000
    2.4000    2.4000    2.4000    2.4000    2.4000    2.4000
100000*second partial in parameter space
       67.       57.       34.        4.        5.        4.
        6.        9.        5.        8.        2.        3.
  0.0262  0.0261  0.0260  0.0260  0.0260  0.0260  0.0261  0.0263  0.0261  0.0262  0.0259  0.0259
  0.0260  0.0259  0.0259  0.0259  0.0259  0.0259  0.0259  0.0260  0.0259  0.0260  0.0258  0.0258
  0.0258  0.0258  0.0258  0.0258  0.0258  0.0258  0.0258  0.0258  0.0258  0.0258  0.0258  0.0258
  0.0258  0.0258  0.0258  0.0258  0.0258  0.0258  0.0258  0.0258  0.0258  0.0258  0.0258  0.0258
  0.0258  0.0258  0.0258  0.0258  0.0258  0.0258  0.0258  0.0258  0.0258  0.0258  0.0258  0.0258
  0.0260  0.0260  0.0259  0.0258  0.0259  0.0259  0.0259  0.0260  0.0259  0.0260  0.0258  0.0258
  0.0262  0.0262  0.0260  0.0260  0.0260  0.0260  0.0261  0.0263  0.0261  0.0262  0.0259  0.0259
    1.9023    0.0988   12.1984   -4.9361  -13.7458   -4.5369
   -1.4306    5.4644    1.4054    1.0816    0.5728   -5.7796
eta,q 0.97423  9.91009

---------------------------------------------------------------------
imgreg_4dfp /opt/freesurfer/average/711-2C_as_mni_average_305 /opt/freesurfer/average/711-2B_as_mni_average_305_mask talsrcimg_g11 none talsrcimg_to_711-2C_as_mni_average_305_t4 2311
---------------------------------------------------------------------

freesurfer imgreg_4dfp.c
/opt/freesurfer/average/711-2C_as_mni_average_305.4dfp.img
       256       256       256         1
  1.000000  1.000000  1.000000
orientation T byte_order littleendian
Reading image: /opt/freesurfer/average/711-2C_as_mni_average_305.4dfp.img
dimensions:      256       256       256
mmppix:       1.0000   -1.0000   -1.0000
center:     128.0000 -129.0000 -129.0000
/opt/freesurfer/average/711-2B_as_mni_average_305_mask.4dfp.img
       256       256       256         1
  1.000000  1.000000  1.000000
orientation T byte_order littleendian
Reading mask: /opt/freesurfer/average/711-2B_as_mni_average_305_mask.4dfp.img (2306576 pixels)
talsrcimg_g11.4dfp.img
       256       256       256         1
  1.000000  1.000000  1.000000
orientation T byte_order littleendian
Reading image: talsrcimg_g11.4dfp.img
dimensions:      256       256       256
mmppix:       1.0000   -1.0000   -1.0000
center:     128.0000 -129.0000 -129.0000
fimgreg.f
image alignment mode   2311 decimal      907 hex
parameters
    1.9023    0.0988   12.1984   -4.9361  -13.7458   -4.5369
   -1.4306    5.4644    1.4054    1.0816    0.5728   -5.7796
eta,q 0.97423  9.91009
niter,ni,del,rscale     5    3    5.0000    0.8000
parameters
    1.8882    0.1097   12.1978   -5.5275  -13.7786   -4.8364
   -1.4770    5.3942    1.3508    1.1427    0.5142   -5.7366
eta,q 0.97419  9.86373
  0.0274  0.0273  0.0266  0.0264  0.0269  0.0265  0.0271  0.0278  0.0269  0.0275  0.0262  0.0265
  0.0265  0.0264  0.0262  0.0261  0.0263  0.0261  0.0264  0.0267  0.0263  0.0266  0.0260  0.0261
  0.0260  0.0259  0.0259  0.0259  0.0259  0.0259  0.0259  0.0260  0.0259  0.0260  0.0259  0.0259
  0.0258  0.0258  0.0258  0.0258  0.0258  0.0258  0.0258  0.0258  0.0258  0.0258  0.0258  0.0258
  0.0260  0.0259  0.0259  0.0259  0.0259  0.0259  0.0260  0.0260  0.0259  0.0260  0.0258  0.0259
  0.0265  0.0264  0.0262  0.0263  0.0263  0.0262  0.0264  0.0267  0.0263  0.0266  0.0260  0.0261
  0.0275  0.0272  0.0266  0.0270  0.0269  0.0268  0.0271  0.0280  0.0269  0.0274  0.0263  0.0264
niter,ni,del,rscale     4    3    5.0000    0.7000
parameters
    1.9112    0.1430   12.2001   -5.4286  -13.7965   -4.7685
   -1.4823    5.4466    1.3601    1.1535    0.5212   -5.7657
eta,q 0.97420  9.87111
  0.0271  0.0270  0.0264  0.0264  0.0266  0.0264  0.0268  0.0274  0.0266  0.0271  0.0262  0.0263
  0.0264  0.0263  0.0261  0.0261  0.0262  0.0261  0.0262  0.0266  0.0262  0.0264  0.0260  0.0260
  0.0260  0.0259  0.0259  0.0259  0.0259  0.0259  0.0259  0.0260  0.0259  0.0259  0.0259  0.0258
  0.0258  0.0258  0.0258  0.0258  0.0258  0.0258  0.0258  0.0258  0.0258  0.0258  0.0258  0.0258
  0.0259  0.0259  0.0259  0.0258  0.0259  0.0258  0.0259  0.0259  0.0259  0.0260  0.0258  0.0258
  0.0263  0.0263  0.0261  0.0260  0.0262  0.0260  0.0262  0.0265  0.0262  0.0264  0.0260  0.0260
  0.0270  0.0269  0.0264  0.0264  0.0267  0.0264  0.0268  0.0274  0.0266  0.0270  0.0262  0.0263
niter,ni,del,rscale     3    3    5.0000    0.6000
parameters
    1.9126    0.1323   12.1978   -5.2626  -13.7842   -4.6771
   -1.4653    5.4570    1.3818    1.1325    0.5434   -5.7782
eta,q 0.97421  9.88474
  0.0267  0.0266  0.0263  0.0262  0.0264  0.0262  0.0265  0.0270  0.0264  0.0267  0.0261  0.0261
  0.0262  0.0261  0.0260  0.0260  0.0261  0.0260  0.0261  0.0263  0.0261  0.0262  0.0259  0.0259
  0.0259  0.0259  0.0258  0.0259  0.0259  0.0259  0.0259  0.0259  0.0259  0.0259  0.0258  0.0258
  0.0258  0.0258  0.0258  0.0258  0.0258  0.0258  0.0258  0.0258  0.0258  0.0258  0.0258  0.0258
  0.0259  0.0259  0.0259  0.0258  0.0259  0.0258  0.0259  0.0259  0.0259  0.0259  0.0258  0.0258
  0.0262  0.0262  0.0260  0.0259  0.0260  0.0260  0.0261  0.0263  0.0261  0.0262  0.0259  0.0259
  0.0267  0.0266  0.0263  0.0262  0.0264  0.0262  0.0265  0.0270  0.0264  0.0267  0.0261  0.0261
niter,ni,del,rscale     2    3    5.0000    0.5000
parameters
    1.9077    0.1160   12.2004   -5.0883  -13.7631   -4.6149
   -1.4449    5.4699    1.3916    1.1065    0.5678   -5.7637
eta,q 0.97423  9.89766
  0.0264  0.0263  0.0261  0.0261  0.0262  0.0261  0.0263  0.0266  0.0262  0.0264  0.0260  0.0260
  0.0261  0.0260  0.0259  0.0260  0.0260  0.0259  0.0260  0.0262  0.0260  0.0261  0.0259  0.0259
  0.0259  0.0258  0.0258  0.0259  0.0258  0.0258  0.0258  0.0259  0.0258  0.0258  0.0258  0.0258
  0.0258  0.0258  0.0258  0.0258  0.0258  0.0258  0.0258  0.0258  0.0258  0.0258  0.0258  0.0258
  0.0259  0.0259  0.0258  0.0258  0.0258  0.0258  0.0258  0.0259  0.0258  0.0259  0.0258  0.0258
  0.0261  0.0261  0.0259  0.0259  0.0260  0.0259  0.0260  0.0261  0.0260  0.0261  0.0259  0.0259
  0.0265  0.0264  0.0261  0.0261  0.0262  0.0261  0.0263  0.0266  0.0262  0.0264  0.0260  0.0260
niter,ni,del,rscale     1    3    5.0000    0.4000
parameters
    1.9014    0.0986   12.2022   -4.9316  -13.7542   -4.5300
   -1.4233    5.4599    1.4005    1.0843    0.5970   -5.7800
eta,q 0.97423  9.91005
  0.0262  0.0261  0.0260  0.0260  0.0260  0.0260  0.0261  0.0263  0.0261  0.0262  0.0259  0.0259
  0.0260  0.0259  0.0259  0.0259  0.0259  0.0259  0.0259  0.0260  0.0259  0.0260  0.0258  0.0258
  0.0258  0.0258  0.0258  0.0258  0.0258  0.0258  0.0258  0.0258  0.0258  0.0258  0.0258  0.0258
  0.0258  0.0258  0.0258  0.0258  0.0258  0.0258  0.0258  0.0258  0.0258  0.0258  0.0258  0.0258
  0.0258  0.0258  0.0258  0.0258  0.0258  0.0258  0.0258  0.0258  0.0258  0.0258  0.0258  0.0258
  0.0260  0.0260  0.0259  0.0258  0.0259  0.0259  0.0259  0.0260  0.0259  0.0260  0.0258  0.0258
  0.0262  0.0262  0.0260  0.0260  0.0260  0.0260  0.0261  0.0263  0.0261  0.0262  0.0259  0.0259
registration optimization eta report
parameter search radius
    0.8000    0.8000    0.8000    2.4000    2.4000    2.4000
    2.4000    2.4000    2.4000    2.4000    2.4000    2.4000
100000*second partial in parameter space
       67.       57.       34.        4.        5.        4.
        6.        9.        5.        7.        2.        3.
  0.0262  0.0261  0.0260  0.0260  0.0260  0.0260  0.0261  0.0263  0.0261  0.0262  0.0259  0.0259
  0.0260  0.0259  0.0259  0.0259  0.0259  0.0259  0.0259  0.0260  0.0259  0.0260  0.0258  0.0258
  0.0258  0.0258  0.0258  0.0258  0.0258  0.0258  0.0258  0.0258  0.0258  0.0258  0.0258  0.0258
  0.0258  0.0258  0.0258  0.0258  0.0258  0.0258  0.0258  0.0258  0.0258  0.0258  0.0258  0.0258
  0.0258  0.0258  0.0258  0.0258  0.0258  0.0258  0.0258  0.0258  0.0258  0.0258  0.0258  0.0258
  0.0260  0.0260  0.0259  0.0258  0.0259  0.0259  0.0259  0.0260  0.0259  0.0260  0.0258  0.0258
  0.0262  0.0262  0.0260  0.0260  0.0260  0.0260  0.0261  0.0263  0.0261  0.0262  0.0259  0.0259
    1.9014    0.0986   12.2022   -4.9316  -13.7542   -4.5300
   -1.4233    5.4599    1.4005    1.0843    0.5970   -5.7800
eta,q 0.97423  9.91005

---------------------------------------------------------------------
compute_vox2vox talsrcimg talsrcimg_to_711-2C_as_mni_average_305_t4 /opt/freesurfer/average/711-2C_as_mni_average_305
---------------------------------------------------------------------

freesurfer compute_vox2vox.c
Reading: talsrcimg.4dfp.ifh
Reading: talsrcimg_to_711-2C_as_mni_average_305_t4
Reading: /opt/freesurfer/average/711-2C_as_mni_average_305.4dfp.ifh
Writing: talsrcimg_to_711-2C_as_mni_average_305_t4_vox2vox.txt

start time Fri Mar 6 06:23:21 CET 2026
end		time Fri Mar 6 06:24:46 CET 2026

mpr2mni305 success

avi2talxfm orig_nu.mgz /opt/freesurfer/average/mni305.cor.mgz talsrcimg_to_711-2C_as_mni_average_305_t4_vox2vox.txt transforms/talairach.auto.xfm
avi2talxfm done
mv -f /out/sourcedata/freesurfer/sub-v1s10x0050996_ses-1/mri/talsrcimg_to_711-2C_as_mni_average_305_t4_vox2vox.txt /out/sourcedata/freesurfer/sub-v1s10x0050996_ses-1/mri/transforms/talsrcimg_to_711-2C_as_mni_average_305_t4_vox2vox.txt
lta_convert --src orig_nu.mgz --trg /opt/freesurfer/average/mni305.cor.mgz --inxfm transforms/talairach.auto.xfm --outlta transforms/talairach.auto.xfm.lta --subject fsaverage
7.3.2

--src: orig_nu.mgz src image (geometry).
--trg: /opt/freesurfer/average/mni305.cor.mgz trg image (geometry).
--inmni: transforms/talairach.auto.xfm input MNI/XFM transform.
--outlta: transforms/talairach.auto.xfm.lta output LTA.
--s: fsaverage subject name
 LTA read, type : 1
 1.05206  -0.06032   0.01332  -1.97881;
-0.00761   1.04709   0.07005  -13.83427;
-0.01699  -0.01218   1.15838  -1.08032;
 0.00000   0.00000   0.00000   1.00000;
setting subject to fsaverage
Writing  LTA to file transforms/talairach.auto.xfm.lta...
lta_convert successful.
 
 
Started at Fri Mar 6 06:23:21 CET 2026
Ended   at Fri Mar  6 06:24:46 CET 2026
talairach_avi done
