status file for recon-all
Fri Mar  6 15:41:51 CET 2026
#@# Tessellate lh Fri Mar  6 15:41:51 CET 2026
#@# Smooth1 lh Fri Mar  6 15:41:55 CET 2026
#@# Inflation1 lh Fri Mar  6 15:41:57 CET 2026
#@# QSphere lh Fri Mar  6 15:42:07 CET 2026
#@# Fix Topology lh Fri Mar  6 15:43:07 CET 2026
#@# Smooth2 lh Fri Mar  6 15:48:49 CET 2026
#@# Inflation2 lh Fri Mar  6 15:48:53 CET 2026
#@# Curv .H and .K lh Fri Mar  6 15:49:04 CET 2026
#@# Sphere lh Fri Mar  6 15:49:53 CET 2026
#@# Surf Reg lh Fri Mar  6 15:51:42 CET 2026
#@# Jacobian white lh Fri Mar  6 15:54:55 CET 2026
#@# AvgCurv lh Fri Mar  6 15:54:56 CET 2026
#@# Cortical Parc lh Fri Mar  6 15:54:57 CET 2026
#@# white curv lh Fri Mar  6 16:00:23 CET 2026
#@# white area lh Fri Mar  6 16:00:25 CET 2026
#@# pial curv lh Fri Mar  6 16:00:26 CET 2026
#@# pial area lh Fri Mar  6 16:00:27 CET 2026
#@# thickness lh Fri Mar  6 16:00:28 CET 2026
#@# area and vertex vol lh Fri Mar  6 16:00:59 CET 2026
#@# Curvature Stats lh Fri Mar  6 16:01:00 CET 2026
#@# Cortical Parc 2 lh Fri Mar  6 16:01:03 CET 2026
#@# Cortical Parc 3 lh Fri Mar  6 16:01:16 CET 2026
#@# WM/GM Contrast lh Fri Mar  6 16:01:26 CET 2026
recon-all -s sub-v1s10x0051106_ses-1 finished without error at Fri Mar  6 16:01:30 CET 2026



#New# invocation of recon-all 



status file for recon-all
Fri Mar  6 16:27:48 CET 2026
#@# white curv lh Fri Mar  6 16:27:48 CET 2026
#@# white area lh Fri Mar  6 16:27:48 CET 2026
#@# pial curv lh Fri Mar  6 16:27:48 CET 2026
#@# pial area lh Fri Mar  6 16:27:48 CET 2026
#@# thickness lh Fri Mar  6 16:27:48 CET 2026
#@# area and vertex vol lh Fri Mar  6 16:27:48 CET 2026
#@# Parcellation Stats lh Fri Mar  6 16:27:48 CET 2026
#@# Parcellation Stats 2 lh Fri Mar  6 16:28:08 CET 2026
#@# Parcellation Stats 3 lh Fri Mar  6 16:28:18 CET 2026
#@# BA_exvivo Labels lh Fri Mar  6 16:28:27 CET 2026
recon-all -s sub-v1s10x0051106_ses-1 finished without error at Fri Mar  6 16:30:55 CET 2026
