status file for recon-all
Mon Mar  2 12:34:18 CET 2026
#@# MotionCor Mon Mar  2 12:34:21 CET 2026
#@# Talairach Mon Mar  2 12:34:28 CET 2026
#@# Talairach Failure Detection Mon Mar  2 12:37:38 CET 2026
#@# Nu Intensity Correction Mon Mar  2 12:37:38 CET 2026
#@# Intensity Normalization Mon Mar  2 12:40:45 CET 2026
recon-all -s sub-v1s10x0050968_ses-1 finished without error at Mon Mar  2 12:41:53 CET 2026



#New# invocation of recon-all 



status file for recon-all
Mon Mar  2 12:51:33 CET 2026
#@# EM Registration Mon Mar  2 12:51:33 CET 2026
recon-all -s sub-v1s10x0050968_ses-1 finished without error at Mon Mar  2 12:54:54 CET 2026



#New# invocation of recon-all 



status file for recon-all
Mon Mar  2 12:55:00 CET 2026
#@# CA Normalize Mon Mar  2 12:55:00 CET 2026
#@# CA Reg Mon Mar  2 12:55:54 CET 2026
#@# SubCort Seg Mon Mar  2 13:46:06 CET 2026
#@# CC Seg Mon Mar  2 14:13:13 CET 2026
#@# Merge ASeg Mon Mar  2 14:13:47 CET 2026
#@# Intensity Normalization2 Mon Mar  2 14:13:47 CET 2026
#@# Mask BFS Mon Mar  2 14:15:39 CET 2026
#@# WM Segmentation Mon Mar  2 14:15:40 CET 2026
#@# Fill Mon Mar  2 14:17:43 CET 2026
recon-all -s sub-v1s10x0050968_ses-1 finished without error at Mon Mar  2 14:18:44 CET 2026



#New# invocation of recon-all 



status file for recon-all
Mon Mar  2 15:10:54 CET 2026
#@# white curv lh Mon Mar  2 15:10:54 CET 2026
#@# white area lh Mon Mar  2 15:10:54 CET 2026
#@# pial curv lh Mon Mar  2 15:10:54 CET 2026
#@# pial area lh Mon Mar  2 15:10:54 CET 2026
#@# thickness lh Mon Mar  2 15:10:54 CET 2026
#@# area and vertex vol lh Mon Mar  2 15:10:54 CET 2026
#@# white curv rh Mon Mar  2 15:10:54 CET 2026
#@# white area rh Mon Mar  2 15:10:54 CET 2026
#@# pial curv rh Mon Mar  2 15:10:54 CET 2026
#@# pial area rh Mon Mar  2 15:10:54 CET 2026
#@# thickness rh Mon Mar  2 15:10:54 CET 2026
#@# area and vertex vol rh Mon Mar  2 15:10:54 CET 2026
#@# Cortical ribbon mask Mon Mar  2 15:10:54 CET 2026
recon-all -s sub-v1s10x0050968_ses-1 finished without error at Mon Mar  2 15:18:41 CET 2026



#New# invocation of recon-all 



status file for recon-all
Mon Mar  2 15:27:36 CET 2026
#@# white curv lh Mon Mar  2 15:27:36 CET 2026
#@# white area lh Mon Mar  2 15:27:36 CET 2026
#@# pial curv lh Mon Mar  2 15:27:36 CET 2026
#@# pial area lh Mon Mar  2 15:27:36 CET 2026
#@# thickness lh Mon Mar  2 15:27:36 CET 2026
#@# area and vertex vol lh Mon Mar  2 15:27:36 CET 2026
#@# white curv rh Mon Mar  2 15:27:36 CET 2026
#@# white area rh Mon Mar  2 15:27:36 CET 2026
#@# pial curv rh Mon Mar  2 15:27:36 CET 2026
#@# pial area rh Mon Mar  2 15:27:36 CET 2026
#@# thickness rh Mon Mar  2 15:27:36 CET 2026
#@# area and vertex vol rh Mon Mar  2 15:27:36 CET 2026
#@# Curvature Stats lh Mon Mar  2 15:27:36 CET 2026
#@# Curvature Stats rh Mon Mar  2 15:27:39 CET 2026
#@# Relabel Hypointensities Mon Mar  2 15:27:42 CET 2026
#@# APas-to-ASeg Mon Mar  2 15:28:00 CET 2026
#@# AParc-to-ASeg aparc Mon Mar  2 15:28:09 CET 2026
#@# AParc-to-ASeg aparc.a2009s Mon Mar  2 15:29:12 CET 2026
#@# AParc-to-ASeg aparc.DKTatlas Mon Mar  2 15:30:15 CET 2026
#@# WMParc Mon Mar  2 15:31:18 CET 2026
#@# ASeg Stats Mon Mar  2 15:33:58 CET 2026
recon-all -s sub-v1s10x0050968_ses-1 finished without error at Mon Mar  2 15:34:28 CET 2026
