status file for recon-all
Tue Mar  3 16:31:42 CET 2026
#@# Tessellate lh Tue Mar  3 16:31:42 CET 2026
#@# Smooth1 lh Tue Mar  3 16:31:47 CET 2026
#@# Inflation1 lh Tue Mar  3 16:31:49 CET 2026
#@# QSphere lh Tue Mar  3 16:32:00 CET 2026
#@# Fix Topology lh Tue Mar  3 16:33:00 CET 2026
#@# Smooth2 lh Tue Mar  3 16:38:30 CET 2026
#@# Inflation2 lh Tue Mar  3 16:38:32 CET 2026
#@# Curv .H and .K lh Tue Mar  3 16:38:44 CET 2026
#@# Sphere lh Tue Mar  3 16:39:19 CET 2026
#@# Surf Reg lh Tue Mar  3 16:45:27 CET 2026
#@# Jacobian white lh Tue Mar  3 16:50:54 CET 2026
#@# AvgCurv lh Tue Mar  3 16:50:54 CET 2026
#@# Cortical Parc lh Tue Mar  3 16:50:55 CET 2026
#@# white curv lh Tue Mar  3 16:56:14 CET 2026
#@# white area lh Tue Mar  3 16:56:16 CET 2026
#@# pial curv lh Tue Mar  3 16:56:16 CET 2026
#@# pial area lh Tue Mar  3 16:56:18 CET 2026
#@# thickness lh Tue Mar  3 16:56:19 CET 2026
#@# area and vertex vol lh Tue Mar  3 16:56:43 CET 2026
#@# Curvature Stats lh Tue Mar  3 16:56:44 CET 2026
#@# Cortical Parc 2 lh Tue Mar  3 16:56:47 CET 2026
#@# Cortical Parc 3 lh Tue Mar  3 16:56:59 CET 2026
#@# WM/GM Contrast lh Tue Mar  3 16:57:07 CET 2026
recon-all -s sub-v1s20x0050343_ses-1 finished without error at Tue Mar  3 16:57:10 CET 2026



#New# invocation of recon-all 



status file for recon-all
Tue Mar  3 17:19:59 CET 2026
#@# white curv lh Tue Mar  3 17:19:59 CET 2026
#@# white area lh Tue Mar  3 17:19:59 CET 2026
#@# pial curv lh Tue Mar  3 17:19:59 CET 2026
#@# pial area lh Tue Mar  3 17:19:59 CET 2026
#@# thickness lh Tue Mar  3 17:19:59 CET 2026
#@# area and vertex vol lh Tue Mar  3 17:19:59 CET 2026
#@# Parcellation Stats lh Tue Mar  3 17:20:00 CET 2026
#@# Parcellation Stats 2 lh Tue Mar  3 17:20:16 CET 2026
#@# Parcellation Stats 3 lh Tue Mar  3 17:20:25 CET 2026
#@# BA_exvivo Labels lh Tue Mar  3 17:20:34 CET 2026
recon-all -s sub-v1s20x0050343_ses-1 finished without error at Tue Mar  3 17:23:19 CET 2026
