status file for recon-all
Wed Feb 25 14:35:39 CET 2026
#@# Tessellate lh Wed Feb 25 14:35:39 CET 2026
#@# Smooth1 lh Wed Feb 25 14:35:43 CET 2026
#@# Inflation1 lh Wed Feb 25 14:35:45 CET 2026
#@# QSphere lh Wed Feb 25 14:35:55 CET 2026
#@# Fix Topology lh Wed Feb 25 14:37:01 CET 2026
#@# Smooth2 lh Wed Feb 25 14:52:41 CET 2026
#@# Inflation2 lh Wed Feb 25 14:52:43 CET 2026
#@# Curv .H and .K lh Wed Feb 25 14:52:54 CET 2026
#@# Sphere lh Wed Feb 25 14:53:31 CET 2026
#@# Surf Reg lh Wed Feb 25 14:56:19 CET 2026
#@# Jacobian white lh Wed Feb 25 14:59:42 CET 2026
#@# AvgCurv lh Wed Feb 25 14:59:43 CET 2026
#@# Cortical Parc lh Wed Feb 25 14:59:44 CET 2026
#@# white curv lh Wed Feb 25 15:04:06 CET 2026
#@# white area lh Wed Feb 25 15:04:07 CET 2026
#@# pial curv lh Wed Feb 25 15:04:08 CET 2026
#@# pial area lh Wed Feb 25 15:04:09 CET 2026
#@# thickness lh Wed Feb 25 15:04:10 CET 2026
#@# area and vertex vol lh Wed Feb 25 15:04:36 CET 2026
#@# Curvature Stats lh Wed Feb 25 15:04:37 CET 2026
#@# Cortical Parc 2 lh Wed Feb 25 15:04:39 CET 2026
#@# Cortical Parc 3 lh Wed Feb 25 15:04:50 CET 2026
#@# WM/GM Contrast lh Wed Feb 25 15:04:59 CET 2026
recon-all -s sub-v1s10x0050962_ses-1 finished without error at Wed Feb 25 15:05:02 CET 2026



#New# invocation of recon-all 



status file for recon-all
Wed Feb 25 15:26:03 CET 2026
#@# white curv lh Wed Feb 25 15:26:04 CET 2026
#@# white area lh Wed Feb 25 15:26:04 CET 2026
#@# pial curv lh Wed Feb 25 15:26:04 CET 2026
#@# pial area lh Wed Feb 25 15:26:04 CET 2026
#@# thickness lh Wed Feb 25 15:26:04 CET 2026
#@# area and vertex vol lh Wed Feb 25 15:26:04 CET 2026
#@# Parcellation Stats lh Wed Feb 25 15:26:04 CET 2026
#@# Parcellation Stats 2 lh Wed Feb 25 15:26:21 CET 2026
#@# Parcellation Stats 3 lh Wed Feb 25 15:26:29 CET 2026
#@# BA_exvivo Labels lh Wed Feb 25 15:26:37 CET 2026
recon-all -s sub-v1s10x0050962_ses-1 finished without error at Wed Feb 25 15:29:17 CET 2026
