/out/sourcedata/freesurfer/sub-v1s10x0051118_ses-1/mri
/opt/freesurfer/bin/talairach_avi
--i orig_nu.mgz --xfm transforms/talairach.auto.xfm
talairach_avi 7.3.2
Linux dna021 5.14.0-427.37.1.el9_4.x86_64 #1 SMP PREEMPT_DYNAMIC Fri Sep 13 12:41:50 EDT 2024 x86_64 x86_64 x86_64 GNU/Linux
Fri Mar  6 14:50:28 CET 2026
mri_convert orig_nu.mgz talsrcimg.img 
reading from orig_nu.mgz...
TR=0.00, TE=0.00, TI=0.00, flip angle=0.00
i_ras = (-1, 0, 0)
j_ras = (0, 0, -1)
k_ras = (0, 1, 0)
writing to talsrcimg.img...
Analyze Output Matrix
-1.00000   0.00000   0.00000   128.94223;
 0.00000   0.00000   1.00000  -128.00000;
 0.00000  -1.00000   0.00000   129.27710;
 0.00000   0.00000   0.00000   1.00000;
--------------------
INFO: set hdr.hist.orient to -1
mpr2mni305 talsrcimg
Fri Mar  6 14:50:29 CET 2026
/opt/freesurfer/bin/mpr2mni305 talsrcimg
mpr2mni305 7.3.2
target=711-2C_as_mni_average_305

---------------------------------------------------------------------
analyzeto4dfp talsrcimg -O0 -y
---------------------------------------------------------------------

freesurfer ifh2hdr.c
Fri Mar  6 14:50:29 2026
Writing: talsrcimg.4dfp.hdr
freesurfer analyzeto4dfp.c
Reading: talsrcimg.hdr
header size 348 bytes
hdr.dime.datatype	offset=70	value=2
hdr.dime.bitpix		offset=72	value=8
hdr.hist.orient		offset=252	value=-1
dimensionality     4
dimensions       256       256       256         1
Reading: talsrcimg.img
Writing: talsrcimg.4dfp.img
Writing: talsrcimg.4dfp.ifh
ifh2hdr talsrcimg -r0to211
ori=2

---------------------------------------------------------------------
gauss_4dfp talsrcimg 1.1
---------------------------------------------------------------------

freesurfer gauss_4dfp.c
Reading: talsrcimg.4dfp.img
Writing: talsrcimg_g11.4dfp.img
image dimensions 256 256 256 padded to 288 288 288
processing volume 1freesurfer ifh2hdr.c
Fri Mar  6 14:50:31 2026
Writing: talsrcimg_g11.4dfp.hdr

Writing: talsrcimg_g11.4dfp.ifh
including: talsrcimg.4dfp.img.rec in talsrcimg_g11.4dfp.img.rec

---------------------------------------------------------------------
imgreg_4dfp /opt/freesurfer/average/711-2C_as_mni_average_305 none talsrcimg_g11 none talsrcimg_to_711-2C_as_mni_average_305_t4 4355
---------------------------------------------------------------------

freesurfer imgreg_4dfp.c
/opt/freesurfer/average/711-2C_as_mni_average_305.4dfp.img
       256       256       256         1
  1.000000  1.000000  1.000000
orientation T byte_order littleendian
Reading image: /opt/freesurfer/average/711-2C_as_mni_average_305.4dfp.img
dimensions:      256       256       256
mmppix:       1.0000   -1.0000   -1.0000
center:     128.0000 -129.0000 -129.0000
talsrcimg_g11.4dfp.img
       256       256       256         1
  1.000000  1.000000  1.000000
orientation T byte_order littleendian
Reading image: talsrcimg_g11.4dfp.img
dimensions:      256       256       256
mmppix:       1.0000   -1.0000   -1.0000
center:     128.0000 -129.0000 -129.0000
t4_read: open error in t4_sub.f l:  41 t4_file(1:l)talsrcimg_to_711-2C_as_mni_average_305_t4 
t4_read: transform initialized to I4
rotation matrix determinant  1.000000
image alignment mode   4355 decimal     1103 hex
   -7.5000  -45.0000  -45.0000 6798.8687   17.2463
    0.0000  -45.0000  -45.0000 7046.6714   17.2502
    7.5000  -45.0000  -45.0000 6718.4893   17.2428
   -7.5000  -37.5000  -45.0000 7335.8291   17.1894
    0.0000  -37.5000  -45.0000 7611.7632   17.1928
    7.5000  -37.5000  -45.0000 7250.5029   17.1812
   -7.5000  -30.0000  -45.0000 8171.2354   17.1774
    0.0000  -30.0000  -45.0000 8483.3721   17.1797
    7.5000  -30.0000  -45.0000 8061.1860   17.1660
   -7.5000  -22.5000  -45.0000 9021.9941   17.1858
    0.0000  -22.5000  -45.0000 9374.4658   17.1891
    7.5000  -22.5000  -45.0000 8885.5840   17.1766
   -7.5000  -15.0000  -45.0000 9803.4580   17.1921
    0.0000  -15.0000  -45.000010172.8682   17.1962
    7.5000  -15.0000  -45.0000 9635.9170   17.1867
   -7.5000   -7.5000  -45.000010435.6533   17.1839
    0.0000   -7.5000  -45.000010831.5039   17.1878
    7.5000   -7.5000  -45.000010263.0811   17.1813
   -7.5000    0.0000  -45.000011006.2715   17.1730
    0.0000    0.0000  -45.000011433.1602   17.1769
    7.5000    0.0000  -45.000010816.8486   17.1694
   -7.5000    7.5000  -45.000010763.4082   17.1714
    0.0000    7.5000  -45.000011190.0303   17.1746
    7.5000    7.5000  -45.000010593.8115   17.1628
   -7.5000   15.0000  -45.000010445.6318   17.1760
    0.0000   15.0000  -45.000010860.5684   17.1784
    7.5000   15.0000  -45.000010295.0459   17.1646
   -7.5000   22.5000  -45.000010031.8291   17.1834
    0.0000   22.5000  -45.000010453.6357   17.1867
    7.5000   22.5000  -45.0000 9894.3574   17.1742
   -7.5000   30.0000  -45.0000 9572.4287   16.9630
    0.0000   30.0000  -45.0000 9969.8389   16.9670
    7.5000   30.0000  -45.0000 9452.2148   16.9577
   -7.5000   37.5000  -45.0000 9381.4072   16.9549
    0.0000   37.5000  -45.0000 9728.1348   16.9588
    7.5000   37.5000  -45.0000 9233.2295   16.9524
   -7.5000   45.0000  -45.0000 8644.6182   16.5139
    0.0000   45.0000  -45.0000 8956.2842   16.5177
    7.5000   45.0000  -45.0000 8474.7188   16.5104
   -7.5000  -45.0000  -37.5000 7246.8687   17.0793
    0.0000  -45.0000  -37.5000 7504.3560   17.0836
    7.5000  -45.0000  -37.5000 7143.4292   17.0786
   -7.5000  -37.5000  -37.5000 7847.3232   17.0309
    0.0000  -37.5000  -37.5000 8147.0713   17.0345
    7.5000  -37.5000  -37.5000 7727.0039   17.0235
   -7.5000  -30.0000  -37.5000 8755.5107   17.0191
    0.0000  -30.0000  -37.5000 9103.3623   17.0230
    7.5000  -30.0000  -37.5000 8613.7695   17.0101
   -7.5000  -22.5000  -37.5000 9650.4238   17.0178
    0.0000  -22.5000  -37.500010030.5303   17.0238
    7.5000  -22.5000  -37.5000 9482.7930   17.0152
   -7.5000  -15.0000  -37.500010467.3975   17.0138
    0.0000  -15.0000  -37.500010875.8838   17.0204
    7.5000  -15.0000  -37.500010276.7959   17.0175
   -7.5000   -7.5000  -37.500011145.3545   17.0068
    0.0000   -7.5000  -37.500011597.0947   17.0120
    7.5000   -7.5000  -37.500010931.5469   17.0108
   -7.5000    0.0000  -37.500011710.2090   17.0056
    0.0000    0.0000  -37.500012178.3311   17.0098
    7.5000    0.0000  -37.500011483.4316   17.0047
   -7.5000    7.5000  -37.500011413.0674   17.0126
    0.0000    7.5000  -37.500011879.4736   17.0161
    7.5000    7.5000  -37.500011219.8633   17.0048
   -7.5000   15.0000  -37.500011070.9346   17.0178
    0.0000   15.0000  -37.500011526.2471   17.0216
    7.5000   15.0000  -37.500010886.2295   17.0087
   -7.5000   22.5000  -37.500010644.3711   17.0154
    0.0000   22.5000  -37.500011092.4072   17.0214
    7.5000   22.5000  -37.500010469.1797   17.0129
   -7.5000   30.0000  -37.500010162.5059   16.7871
    0.0000   30.0000  -37.500010585.5020   16.7936
    7.5000   30.0000  -37.5000 9990.7393   16.7907
   -7.5000   37.5000  -37.5000 9949.6133   16.7802
    0.0000   37.5000  -37.500010325.3779   16.7853
    7.5000   37.5000  -37.5000 9733.1436   16.7841
   -7.5000   45.0000  -37.5000 9142.0840   16.3529
    0.0000   45.0000  -37.5000 9464.8271   16.3570
    7.5000   45.0000  -37.5000 8907.7402   16.3520
   -7.5000  -45.0000  -30.0000 7822.9468   17.7167
    0.0000  -45.0000  -30.0000 8126.2051   17.7166
    7.5000  -45.0000  -30.0000 7730.7573   17.7111
   -7.5000  -37.5000  -30.0000 8511.9385   17.6715
    0.0000  -37.5000  -30.0000 8848.0566   17.6689
    7.5000  -37.5000  -30.0000 8381.9170   17.6552
   -7.5000  -30.0000  -30.0000 9493.6035   17.6591
    0.0000  -30.0000  -30.0000 9871.9111   17.6561
    7.5000  -30.0000  -30.0000 9347.8496   17.6397
   -7.5000  -22.5000  -30.000010447.9180   17.6511
    0.0000  -22.5000  -30.000010849.2891   17.6512
    7.5000  -22.5000  -30.000010263.2861   17.6411
   -7.5000  -15.0000  -30.000011325.1914   17.6402
    0.0000  -15.0000  -30.000011777.2861   17.6424
    7.5000  -15.0000  -30.000011102.6035   17.6407
   -7.5000   -7.5000  -30.000012060.7549   17.6346
    0.0000   -7.5000  -30.000012554.1826   17.6360
    7.5000   -7.5000  -30.000011815.0264   17.6363
   -7.5000    0.0000  -30.000012671.5850   17.6403
    0.0000    0.0000  -30.000013194.2490   17.6400
    7.5000    0.0000  -30.000012394.4746   17.6345
   -7.5000    7.5000  -30.000012323.9717   17.6525
    0.0000    7.5000  -30.000012823.7266   17.6498
    7.5000    7.5000  -30.000012062.4600   17.6360
   -7.5000   15.0000  -30.000011926.7852   17.6577
    0.0000   15.0000  -30.000012424.9062   17.6546
    7.5000   15.0000  -30.000011670.9590   17.6382
   -7.5000   22.5000  -30.000011456.5947   17.6468
    0.0000   22.5000  -30.000011923.8936   17.6470
    7.5000   22.5000  -30.000011213.6396   17.6368
   -7.5000   30.0000  -30.000010931.7559   17.4068
    0.0000   30.0000  -30.000011354.6357   17.4090
    7.5000   30.0000  -30.000010678.5625   17.4073
   -7.5000   37.5000  -30.000010651.8008   17.4013
    0.0000   37.5000  -30.000011072.8691   17.4027
    7.5000   37.5000  -30.000010399.9551   17.4029
   -7.5000   45.0000  -30.0000 9767.7949   16.9757
    0.0000   45.0000  -30.000010149.6865   16.9754
    7.5000   45.0000  -30.0000 9524.1250   16.9701
   -7.5000  -45.0000  -22.5000 8473.4658   18.3659
    0.0000  -45.0000  -22.5000 8804.7676   18.3608
    7.5000  -45.0000  -22.5000 8355.4434   18.3513
   -7.5000  -37.5000  -22.5000 9230.8838   18.3151
    0.0000  -37.5000  -22.5000 9579.5703   18.3064
    7.5000  -37.5000  -22.5000 9063.2441   18.2899
   -7.5000  -30.0000  -22.500010284.0215   18.3009
    0.0000  -30.0000  -22.500010672.6025   18.2900
    7.5000  -30.0000  -22.500010088.8730   18.2699
   -7.5000  -22.5000  -22.500011292.2148   18.2945
    0.0000  -22.5000  -22.500011731.5068   18.2863
    7.5000  -22.5000  -22.500011065.3184   18.2709
   -7.5000  -15.0000  -22.500012224.2822   18.2860
    0.0000  -15.0000  -22.500012711.4062   18.2813
    7.5000  -15.0000  -22.500011969.7969   18.2733
   -7.5000   -7.5000  -22.500013023.4805   18.2822
    0.0000   -7.5000  -22.500013556.3594   18.2783
    7.5000   -7.5000  -22.500012733.5508   18.2728
   -7.5000    0.0000  -22.500013676.1602   18.2868
    0.0000    0.0000  -22.500014213.6094   18.2816
    7.5000    0.0000  -22.500013321.8086   18.2719
   -7.5000    7.5000  -22.500013301.9043   18.2956
    0.0000    7.5000  -22.500013839.9189   18.2867
    7.5000    7.5000  -22.500012945.6650   18.2700
   -7.5000   15.0000  -22.500012838.2842   18.2995
    0.0000   15.0000  -22.500013383.9072   18.2885
    7.5000   15.0000  -22.500012508.5078   18.2683
   -7.5000   22.5000  -22.500012303.9551   18.2889
    0.0000   22.5000  -22.500012810.5137   18.2807
    7.5000   22.5000  -22.500011994.9785   18.2653
   -7.5000   30.0000  -22.500011681.9570   18.0469
    0.0000   30.0000  -22.500012140.3027   18.0422
    7.5000   30.0000  -22.500011389.4551   18.0343
   -7.5000   37.5000  -22.500011377.5732   18.0430
    0.0000   37.5000  -22.500011838.9648   18.0392
    7.5000   37.5000  -22.500011122.5713   18.0338
   -7.5000   45.0000  -22.500010437.4932   17.6111
    0.0000   45.0000  -22.500010879.6738   17.6061
    7.5000   45.0000  -22.500010195.4121   17.5968
   -7.5000  -45.0000  -15.0000 9171.0225   18.8325
    0.0000  -45.0000  -15.0000 9506.3271   18.8266
    7.5000  -45.0000  -15.0000 9012.5713   18.8127
   -7.5000  -37.5000  -15.0000 9961.2998   18.7695
    0.0000  -37.5000  -15.000010312.7979   18.7604
    7.5000  -37.5000  -15.0000 9751.4639   18.7430
   -7.5000  -30.0000  -15.000011067.2715   18.7520
    0.0000  -30.0000  -15.000011495.3594   18.7397
    7.5000  -30.0000  -15.000010832.9834   18.7190
   -7.5000  -22.5000  -15.000012129.7148   18.7554
    0.0000  -22.5000  -15.000012620.3535   18.7440
    7.5000  -22.5000  -15.000011875.1982   18.7244
   -7.5000  -15.0000  -15.000013114.9951   18.7590
    0.0000  -15.0000  -15.000013643.6328   18.7508
    7.5000  -15.0000  -15.000012841.3105   18.7349
   -7.5000   -7.5000  -15.000013974.9688   18.7564
    0.0000   -7.5000  -15.000014560.1133   18.7503
    7.5000   -7.5000  -15.000013654.8984   18.7371
   -7.5000    0.0000  -15.000014634.2900   18.7518
    0.0000    0.0000  -15.000015235.8350   18.7457
    7.5000    0.0000  -15.000014265.1143   18.7318
   -7.5000    7.5000  -15.000014242.5166   18.7496
    0.0000    7.5000  -15.000014852.6348   18.7404
    7.5000    7.5000  -15.000013858.3652   18.7227
   -7.5000   15.0000  -15.000013787.5723   18.7506
    0.0000   15.0000  -15.000014369.0967   18.7382
    7.5000   15.0000  -15.000013416.9453   18.7174
   -7.5000   22.5000  -15.000013193.5234   18.7488
    0.0000   22.5000  -15.000013734.8105   18.7374
    7.5000   22.5000  -15.000012852.3408   18.7178
   -7.5000   30.0000  -15.000012462.5078   18.5162
    0.0000   30.0000  -15.000012965.1270   18.5081
    7.5000   30.0000  -15.000012167.2324   18.4924
   -7.5000   37.5000  -15.000012112.2812   18.5137
    0.0000   37.5000  -15.000012609.4688   18.5076
    7.5000   37.5000  -15.000011851.6758   18.4946
   -7.5000   45.0000  -15.000011100.4170   18.0698
    0.0000   45.0000  -15.000011575.8779   18.0639
    7.5000   45.0000  -15.000010864.4893   18.0506
   -7.5000  -45.0000   -7.5000 9864.0039   19.0247
    0.0000  -45.0000   -7.500010212.6133   19.0235
    7.5000  -45.0000   -7.5000 9670.5605   19.0108
   -7.5000  -37.5000   -7.500010669.2197   18.9560
    0.0000  -37.5000   -7.500011079.6270   18.9533
    7.5000  -37.5000   -7.500010479.5146   18.9384
   -7.5000  -30.0000   -7.500011841.9043   18.9397
    0.0000  -30.0000   -7.500012310.2900   18.9344
    7.5000  -30.0000   -7.500011626.4170   18.9167
   -7.5000  -22.5000   -7.500012956.4795   18.9517
    0.0000  -22.5000   -7.500013469.0850   18.9461
    7.5000  -22.5000   -7.500012726.9102   18.9278
   -7.5000  -15.0000   -7.500013987.6719   18.9631
    0.0000  -15.0000   -7.500014560.8545   18.9593
    7.5000  -15.0000   -7.500013742.4336   18.9425
   -7.5000   -7.5000   -7.500014923.4385   18.9573
    0.0000   -7.5000   -7.500015543.4434   18.9551
    7.5000   -7.5000   -7.500014591.2412   18.9414
   -7.5000    0.0000   -7.500015579.9062   18.9435
    0.0000    0.0000   -7.500016231.4932   18.9423
    7.5000    0.0000   -7.500015245.3613   18.9295
   -7.5000    7.5000   -7.500015168.7109   18.9360
    0.0000    7.5000   -7.500015795.0586   18.9331
    7.5000    7.5000   -7.500014827.2158   18.9179
   -7.5000   15.0000   -7.500014701.9170   18.9383
    0.0000   15.0000   -7.500015327.1406   18.9328
    7.5000   15.0000   -7.500014380.7041   18.9151
   -7.5000   22.5000   -7.500014088.4180   18.9429
    0.0000   22.5000   -7.500014672.0557   18.9374
    7.5000   22.5000   -7.500013779.7432   18.9190
   -7.5000   30.0000   -7.500013305.3760   18.7172
    0.0000   30.0000   -7.500013852.4111   18.7134
    7.5000   30.0000   -7.500013009.3447   18.6968
   -7.5000   37.5000   -7.500012919.8271   18.7114
    0.0000   37.5000   -7.500013443.1934   18.7093
    7.5000   37.5000   -7.500012617.5605   18.6958
   -7.5000   45.0000   -7.500011843.9590   18.2579
    0.0000   45.0000   -7.500012359.2871   18.2568
    7.5000   45.0000   -7.500011573.8789   18.2444
   -7.5000  -45.0000    0.000010462.8594   19.0144
    0.0000  -45.0000    0.000010867.2324   19.0183
    7.5000  -45.0000    0.000010280.9297   19.0098
   -7.5000  -37.5000    0.000011301.3242   18.9506
    0.0000  -37.5000    0.000011757.2119   18.9540
    7.5000  -37.5000    0.000011148.5771   18.9417
   -7.5000  -30.0000    0.000012517.5449   18.9372
    0.0000  -30.0000    0.000013021.3408   18.9397
    7.5000  -30.0000    0.000012336.1250   18.9254
   -7.5000  -22.5000    0.000013681.0996   18.9477
    0.0000  -22.5000    0.000014210.3877   18.9511
    7.5000  -22.5000    0.000013488.7910   18.9378
   -7.5000  -15.0000    0.000014790.4443   18.9554
    0.0000  -15.0000    0.000015376.8477   18.9596
    7.5000  -15.0000    0.000014597.8105   18.9491
   -7.5000   -7.5000    0.000015798.8232   18.9463
    0.0000   -7.5000    0.000016451.2207   18.9501
    7.5000   -7.5000    0.000015513.1436   18.9423
   -7.5000    0.0000    0.000016451.3086   18.9333
    0.0000    0.0000    0.000017133.6641   18.9371
    7.5000    0.0000    0.000016206.9375   18.9284
   -7.5000    7.5000    0.000015982.4014   18.9305
    0.0000    7.5000    0.000016648.1875   18.9337
    7.5000    7.5000    0.000015789.9697   18.9212
   -7.5000   15.0000    0.000015520.6621   18.9358
    0.0000   15.0000    0.000016164.0967   18.9381
    7.5000   15.0000    0.000015312.9678   18.9238
   -7.5000   22.5000    0.000014876.5986   18.9389
    0.0000   22.5000    0.000015482.9180   18.9424
    7.5000   22.5000    0.000014634.2432   18.9291
   -7.5000   30.0000    0.000014050.3730   18.7101
    0.0000   30.0000    0.000014609.1279   18.7142
    7.5000   30.0000    0.000013752.1260   18.7039
   -7.5000   37.5000    0.000013638.8506   18.7011
    0.0000   37.5000    0.000014166.5918   18.7048
    7.5000   37.5000    0.000013285.9912   18.6972
   -7.5000   45.0000    0.000012531.3115   18.2495
    0.0000   45.0000    0.000013025.7656   18.2531
    7.5000   45.0000    0.000012199.5654   18.2448
   -7.5000  -45.0000    7.500010278.1318   18.9953
    0.0000  -45.0000    7.500010681.2412   18.9996
    7.5000  -45.0000    7.500010121.4336   18.9940
   -7.5000  -37.5000    7.500011091.4102   18.9405
    0.0000  -37.5000    7.500011541.8564   18.9439
    7.5000  -37.5000    7.500010956.5479   18.9316
   -7.5000  -30.0000    7.500012229.7148   18.9276
    0.0000  -30.0000    7.500012719.4922   18.9311
    7.5000  -30.0000    7.500012052.2812   18.9168
   -7.5000  -22.5000    7.500013288.5264   18.9276
    0.0000  -22.5000    7.500013824.4746   18.9336
    7.5000  -22.5000    7.500013158.0068   18.9240
   -7.5000  -15.0000    7.500014423.5332   18.9245
    0.0000  -15.0000    7.500015020.7246   18.9315
    7.5000  -15.0000    7.500014282.4551   18.9281
   -7.5000   -7.5000    7.500015501.7812   18.9166
    0.0000   -7.5000    7.500016166.3369   18.9220
    7.5000   -7.5000    7.500015263.7881   18.9207
   -7.5000    0.0000    7.500016202.9092   18.9138
    0.0000    0.0000    7.500016881.4414   18.9181
    7.5000    0.0000    7.500016028.8809   18.9123
   -7.5000    7.5000    7.500015709.8760   18.9203
    0.0000    7.5000    7.500016353.3008   18.9235
    7.5000    7.5000    7.500015622.2803   18.9110
   -7.5000   15.0000    7.500015215.2100   18.9261
    0.0000   15.0000    7.500015827.1963   18.9295
    7.5000   15.0000    7.500015096.1221   18.9152
   -7.5000   22.5000    7.500014576.5107   18.9189
    0.0000   22.5000    7.500015161.8730   18.9249
    7.5000   22.5000    7.500014376.1650   18.9153
   -7.5000   30.0000    7.500013760.2959   18.6796
    0.0000   30.0000    7.500014271.8438   18.6864
    7.5000   30.0000    7.500013455.5186   18.6832
   -7.5000   37.5000    7.500013351.4707   18.6718
    0.0000   37.5000    7.500013796.0811   18.6771
    7.5000   37.5000    7.500012954.7744   18.6758
   -7.5000   45.0000    7.500012252.6670   18.2308
    0.0000   45.0000    7.500012666.5059   18.2348
    7.5000   45.0000    7.500011883.6826   18.2293
   -7.5000  -45.0000   15.0000 9938.0811   19.0184
    0.0000  -45.0000   15.000010322.0225   19.0184
    7.5000  -45.0000   15.0000 9785.6836   19.0127
   -7.5000  -37.5000   15.000010725.3896   18.9698
    0.0000  -37.5000   15.000011160.4473   18.9672
    7.5000  -37.5000   15.000010608.6348   18.9528
   -7.5000  -30.0000   15.000011778.6230   18.9567
    0.0000  -30.0000   15.000012267.2588   18.9535
    7.5000  -30.0000   15.000011674.8457   18.9361
   -7.5000  -22.5000   15.000012793.6621   18.9481
    0.0000  -22.5000   15.000013354.4561   18.9483
    7.5000  -22.5000   15.000012743.4092   18.9376
   -7.5000  -15.0000   15.000013959.5488   18.9365
    0.0000  -15.0000   15.000014592.9512   18.9389
    7.5000  -15.0000   15.000013838.8516   18.9371
   -7.5000   -7.5000   15.000015050.4805   18.9304
    0.0000   -7.5000   15.000015709.4922   18.9320
    7.5000   -7.5000   15.000014832.4600   18.9323
   -7.5000    0.0000   15.000015805.8398   18.9364
    0.0000    0.0000   15.000016466.8438   18.9363
    7.5000    0.0000   15.000015642.7930   18.9305
   -7.5000    7.5000   15.000015408.1738   18.9495
    0.0000    7.5000   15.000015977.2939   18.9468
    7.5000    7.5000   15.000015236.5283   18.9321
   -7.5000   15.0000   15.000014961.5049   18.9552
    0.0000   15.0000   15.000015467.1924   18.9519
    7.5000   15.0000   15.000014700.5693   18.9345
   -7.5000   22.5000   15.000014344.9434   18.9394
    0.0000   22.5000   15.000014814.9336   18.9396
    7.5000   22.5000   15.000014003.6787   18.9288
   -7.5000   30.0000   15.000013457.6045   18.6914
    0.0000   30.0000   15.000013854.2441   18.6938
    7.5000   30.0000   15.000013078.5234   18.6920
   -7.5000   37.5000   15.000012933.1660   18.6854
    0.0000   37.5000   15.000013297.3281   18.6870
    7.5000   37.5000   15.000012514.2588   18.6873
   -7.5000   45.0000   15.000011785.0986   18.2525
    0.0000   45.0000   15.000012119.3496   18.2524
    7.5000   45.0000   15.000011424.7725   18.2468
   -7.5000  -45.0000   22.5000 9505.8838   19.0755
    0.0000  -45.0000   22.5000 9900.6963   19.0701
    7.5000  -45.0000   22.5000 9372.3291   19.0601
   -7.5000  -37.5000   22.500010250.5674   19.0227
    0.0000  -37.5000   22.500010717.5244   19.0135
    7.5000  -37.5000   22.500010177.7979   18.9963
   -7.5000  -30.0000   22.500011278.9688   19.0079
    0.0000  -30.0000   22.500011790.9170   18.9965
    7.5000  -30.0000   22.500011207.7510   18.9756
   -7.5000  -22.5000   22.500012242.2334   19.0014
    0.0000  -22.5000   22.500012788.2842   18.9929
    7.5000  -22.5000   22.500012210.6387   18.9768
   -7.5000  -15.0000   22.500013284.6289   18.9927
    0.0000  -15.0000   22.500013863.7158   18.9877
    7.5000  -15.0000   22.500013197.1426   18.9794
   -7.5000   -7.5000   22.500014254.3115   18.9886
    0.0000   -7.5000   22.500014803.0000   18.9845
    7.5000   -7.5000   22.500014052.3281   18.9787
   -7.5000    0.0000   22.500015095.7070   18.9934
    0.0000    0.0000   22.500015606.3984   18.9878
    7.5000    0.0000   22.500014777.0713   18.9777
   -7.5000    7.5000   22.500014864.7480   19.0025
    0.0000    7.5000   22.500015312.1309   18.9931
    7.5000    7.5000   22.500014449.9717   18.9756
   -7.5000   15.0000   22.500014440.0977   19.0065
    0.0000   15.0000   22.500014861.3018   18.9950
    7.5000   15.0000   22.500013973.4551   18.9740
   -7.5000   22.5000   22.500013793.2920   18.9927
    0.0000   22.5000   22.500014243.9141   18.9841
    7.5000   22.5000   22.500013349.6270   18.9680
   -7.5000   30.0000   22.500012855.3203   18.7469
    0.0000   30.0000   22.500013281.8789   18.7420
    7.5000   30.0000   22.500012487.4023   18.7337
   -7.5000   37.5000   22.500012285.8125   18.7429
    0.0000   37.5000   22.500012703.3242   18.7388
    7.5000   37.5000   22.500011969.0850   18.7331
   -7.5000   45.0000   22.500011178.9619   18.3074
    0.0000   45.0000   22.500011540.7734   18.3020
    7.5000   45.0000   22.500010912.7305   18.2923
   -7.5000  -45.0000   30.0000 8919.7314   19.1543
    0.0000  -45.0000   30.0000 9309.4180   19.1483
    7.5000  -45.0000   30.0000 8809.9346   19.1343
   -7.5000  -37.5000   30.0000 9671.1006   19.0899
    0.0000  -37.5000   30.000010078.3730   19.0807
    7.5000  -37.5000   30.0000 9534.6592   19.0629
   -7.5000  -30.0000   30.000010665.2871   19.0721
    0.0000  -30.0000   30.000011112.9404   19.0595
    7.5000  -30.0000   30.000010533.0342   19.0384
   -7.5000  -22.5000   30.000011629.0576   19.0755
    0.0000  -22.5000   30.000012125.8926   19.0639
    7.5000  -22.5000   30.000011495.4717   19.0439
   -7.5000  -15.0000   30.000012549.3066   19.0793
    0.0000  -15.0000   30.000013066.6768   19.0709
    7.5000  -15.0000   30.000012385.5059   19.0549
   -7.5000   -7.5000   30.000013371.0127   19.0767
    0.0000   -7.5000   30.000013869.9824   19.0706
    7.5000   -7.5000   30.000013161.3213   19.0573
   -7.5000    0.0000   30.000014092.9404   19.0720
    0.0000    0.0000   30.000014592.9141   19.0658
    7.5000    0.0000   30.000013849.5234   19.0518
   -7.5000    7.5000   30.000013803.7617   19.0696
    0.0000    7.5000   30.000014278.1641   19.0602
    7.5000    7.5000   30.000013559.9082   19.0423
   -7.5000   15.0000   30.000013408.1611   19.0706
    0.0000   15.0000   30.000013858.7441   19.0579
    7.5000   15.0000   30.000013133.3604   19.0368
   -7.5000   22.5000   30.000012863.9062   19.0667
    0.0000   22.5000   30.000013334.3555   19.0551
    7.5000   22.5000   30.000012595.9541   19.0352
   -7.5000   30.0000   30.000012056.5029   18.8324
    0.0000   30.0000   30.000012516.4287   18.8241
    7.5000   30.0000   30.000011797.4580   18.8082
   -7.5000   37.5000   30.000011558.1680   18.8298
    0.0000   37.5000   30.000012000.3779   18.8237
    7.5000   37.5000   30.000011311.9053   18.8106
   -7.5000   45.0000   30.000010508.4609   18.3832
    0.0000   45.0000   30.000010916.6426   18.3772
    7.5000   45.0000   30.000010302.1572   18.3637
   -7.5000  -45.0000   37.5000 8594.7051   19.2194
    0.0000  -45.0000   37.5000 8940.3828   19.2187
    7.5000  -45.0000   37.5000 8474.1553   19.2060
   -7.5000  -37.5000   37.5000 9320.5059   19.1493
    0.0000  -37.5000   37.5000 9685.8545   19.1469
    7.5000  -37.5000   37.5000 9162.8525   19.1319
   -7.5000  -30.0000   37.500010312.2676   19.1326
    0.0000  -30.0000   37.500010725.8105   19.1273
    7.5000  -30.0000   37.500010136.1514   19.1094
   -7.5000  -22.5000   37.500011243.5645   19.1448
    0.0000  -22.5000   37.500011728.3291   19.1392
    7.5000  -22.5000   37.500011088.5928   19.1206
   -7.5000  -15.0000   37.500012093.8428   19.1566
    0.0000  -15.0000   37.500012597.2295   19.1529
    7.5000  -15.0000   37.500011932.3174   19.1359
   -7.5000   -7.5000   37.500012876.1211   19.1508
    0.0000   -7.5000   37.500013378.1494   19.1490
    7.5000   -7.5000   37.500012704.7227   19.1352
   -7.5000    0.0000   37.500013580.8066   19.1368
    0.0000    0.0000   37.500014092.4951   19.1359
    7.5000    0.0000   37.500013397.3213   19.1231
   -7.5000    7.5000   37.500013247.4131   19.1289
    0.0000    7.5000   37.500013747.3154   19.1263
    7.5000    7.5000   37.500013092.4014   19.1111
   -7.5000   15.0000   37.500012830.6377   19.1311
    0.0000   15.0000   37.500013289.6113   19.1257
    7.5000   15.0000   37.500012670.4092   19.1078
   -7.5000   22.5000   37.500012318.2578   19.1359
    0.0000   22.5000   37.500012776.6455   19.1304
    7.5000   22.5000   37.500012171.6260   19.1118
   -7.5000   30.0000   37.500011621.6787   18.9086
    0.0000   30.0000   37.500012046.5957   18.9050
    7.5000   30.0000   37.500011454.1191   18.8883
   -7.5000   37.5000   37.500011166.9629   18.9030
    0.0000   37.5000   37.500011569.4941   18.9011
    7.5000   37.5000   37.500010989.1113   18.8876
   -7.5000   45.0000   37.500010149.2852   18.4456
    0.0000   45.0000   37.500010545.7490   18.4448
    7.5000   45.0000   37.500010015.7734   18.4325
   -7.5000  -45.0000   45.0000 7846.2412   19.3620
    0.0000  -45.0000   45.0000 8171.8252   19.3674
    7.5000  -45.0000   45.0000 7762.0864   19.3602
   -7.5000  -37.5000   45.0000 8534.6963   19.2950
    0.0000  -37.5000   45.0000 8882.1045   19.2998
    7.5000  -37.5000   45.0000 8404.6777   19.2885
   -7.5000  -30.0000   45.0000 9462.8584   19.2809
    0.0000  -30.0000   45.0000 9871.2363   19.2849
    7.5000  -30.0000   45.0000 9339.9502   19.2712
   -7.5000  -22.5000   45.000010328.1426   19.2920
    0.0000  -22.5000   45.000010805.5557   19.2972
    7.5000  -22.5000   45.000010221.6240   19.2847
   -7.5000  -15.0000   45.000011129.5693   19.3005
    0.0000  -15.0000   45.000011616.2236   19.3066
    7.5000  -15.0000   45.000010986.7090   19.2971
   -7.5000   -7.5000   45.000011870.6641   19.2912
    0.0000   -7.5000   45.000012361.4248   19.2967
    7.5000   -7.5000   45.000011720.3428   19.2902
   -7.5000    0.0000   45.000012506.3936   19.2773
    0.0000    0.0000   45.000013013.2949   19.2826
    7.5000    0.0000   45.000012362.2637   19.2753
   -7.5000    7.5000   45.000012181.4756   19.2740
    0.0000    7.5000   45.000012691.9658   19.2786
    7.5000    7.5000   45.000012063.2500   19.2671
   -7.5000   15.0000   45.000011760.9199   19.2794
    0.0000   15.0000   45.000012225.0049   19.2832
    7.5000   15.0000   45.000011660.7002   19.2695
   -7.5000   22.5000   45.000011311.1367   19.2831
    0.0000   22.5000   45.000011754.9668   19.2883
    7.5000   22.5000   45.000011209.3496   19.2757
   -7.5000   30.0000   45.000010705.1240   19.0491
    0.0000   30.0000   45.000011131.9121   19.0551
    7.5000   30.0000   45.000010578.0859   19.0457
   -7.5000   37.5000   45.000010295.6230   19.0399
    0.0000   37.5000   45.000010676.5586   19.0453
    7.5000   37.5000   45.000010142.4834   19.0389
   -7.5000   45.0000   45.0000 9373.6660   18.5895
    0.0000   45.0000   45.0000 9735.0723   18.5947
    7.5000   45.0000   45.0000 9245.6895   18.5876

---------------------------------------------------------------------
imgreg_4dfp /opt/freesurfer/average/711-2C_as_mni_average_305 /opt/freesurfer/average/711-2B_as_mni_average_305_mask talsrcimg_g11 none talsrcimg_to_711-2C_as_mni_average_305_t4 4355
---------------------------------------------------------------------

freesurfer imgreg_4dfp.c
/opt/freesurfer/average/711-2C_as_mni_average_305.4dfp.img
       256       256       256         1
  1.000000  1.000000  1.000000
orientation T byte_order littleendian
Reading image: /opt/freesurfer/average/711-2C_as_mni_average_305.4dfp.img
dimensions:      256       256       256
mmppix:       1.0000   -1.0000   -1.0000
center:     128.0000 -129.0000 -129.0000
/opt/freesurfer/average/711-2B_as_mni_average_305_mask.4dfp.img
       256       256       256         1
  1.000000  1.000000  1.000000
orientation T byte_order littleendian
Reading mask: /opt/freesurfer/average/711-2B_as_mni_average_305_mask.4dfp.img (2306576 pixels)
talsrcimg_g11.4dfp.img
       256       256       256         1
  1.000000  1.000000  1.000000
orientation T byte_order littleendian
Reading image: talsrcimg_g11.4dfp.img
dimensions:      256       256       256
mmppix:       1.0000   -1.0000   -1.0000
center:     128.0000 -129.0000 -129.0000
rotation matrix determinant  1.000000
image alignment mode   4355 decimal     1103 hex
   -7.5000  -45.0000  -45.0000 1836.3948   23.3845
    0.0000  -45.0000  -45.0000 1831.9341   23.3348
    7.5000  -45.0000  -45.0000 1816.1769   23.6059
   -7.5000  -37.5000  -45.0000 1942.8409   20.8169
    0.0000  -37.5000  -45.0000 1941.2469   20.7914
    7.5000  -37.5000  -45.0000 1925.4495   21.0327
   -7.5000  -30.0000  -45.0000 2042.8569   18.9124
    0.0000  -30.0000  -45.0000 2041.7375   18.9215
    7.5000  -30.0000  -45.0000 2026.3477   19.1526
   -7.5000  -22.5000  -45.0000 2132.3669   17.5139
    0.0000  -22.5000  -45.0000 2133.6045   17.5399
    7.5000  -22.5000  -45.0000 2111.8738   17.7242
   -7.5000  -15.0000  -45.0000 2192.4976   16.5100
    0.0000  -15.0000  -45.0000 2194.6587   16.5263
    7.5000  -15.0000  -45.0000 2168.9333   16.7289
   -7.5000   -7.5000  -45.0000 2224.4170   15.8620
    0.0000   -7.5000  -45.0000 2226.7786   15.8742
    7.5000   -7.5000  -45.0000 2201.8564   16.0704
   -7.5000    0.0000  -45.0000 2234.1938   15.5698
    0.0000    0.0000  -45.0000 2240.7441   15.5866
    7.5000    0.0000  -45.0000 2213.8135   15.8396
   -7.5000    7.5000  -45.0000 2222.3027   15.6008
    0.0000    7.5000  -45.0000 2223.9678   15.6632
    7.5000    7.5000  -45.0000 2198.4446   15.9751
   -7.5000   15.0000  -45.0000 2195.7080   16.0461
    0.0000   15.0000  -45.0000 2199.3894   16.0952
    7.5000   15.0000  -45.0000 2167.9534   16.4497
   -7.5000   22.5000  -45.0000 2148.6272   16.8372
    0.0000   22.5000  -45.0000 2152.9590   16.9048
    7.5000   22.5000  -45.0000 2119.6045   17.2447
   -7.5000   30.0000  -45.0000 2084.0413   18.0128
    0.0000   30.0000  -45.0000 2087.9768   18.0562
    7.5000   30.0000  -45.0000 2055.2126   18.4536
   -7.5000   37.5000  -45.0000 1999.8492   19.6164
    0.0000   37.5000  -45.0000 2002.2439   19.6274
    7.5000   37.5000  -45.0000 1969.2845   20.0999
   -7.5000   45.0000  -45.0000 1894.9606   21.7954
    0.0000   45.0000  -45.0000 1898.8031   21.8852
    7.5000   45.0000  -45.0000 1869.6851   22.3561
   -7.5000  -45.0000  -37.5000 1901.8413   21.5660
    0.0000  -45.0000  -37.5000 1896.8521   21.5470
    7.5000  -45.0000  -37.5000 1878.9539   21.7780
   -7.5000  -37.5000  -37.5000 2023.1653   19.2424
    0.0000  -37.5000  -37.5000 2020.1060   19.2262
    7.5000  -37.5000  -37.5000 2000.5392   19.3929
   -7.5000  -30.0000  -37.5000 2136.9321   17.5030
    0.0000  -30.0000  -37.5000 2138.5991   17.5221
    7.5000  -30.0000  -37.5000 2115.0166   17.6549
   -7.5000  -22.5000  -37.5000 2233.1282   16.1723
    0.0000  -22.5000  -37.5000 2233.5789   16.1988
    7.5000  -22.5000  -37.5000 2208.4551   16.3159
   -7.5000  -15.0000  -37.5000 2301.1492   15.2333
    0.0000  -15.0000  -37.5000 2300.3330   15.2568
    7.5000  -15.0000  -37.5000 2271.4905   15.3811
   -7.5000   -7.5000  -37.5000 2329.4111   14.6335
    0.0000   -7.5000  -37.5000 2332.6406   14.6639
    7.5000   -7.5000  -37.5000 2304.3889   14.8045
   -7.5000    0.0000  -37.5000 2331.8035   14.3820
    0.0000    0.0000  -37.5000 2338.1736   14.4166
    7.5000    0.0000  -37.5000 2309.2131   14.5747
   -7.5000    7.5000  -37.5000 2319.6582   14.4097
    0.0000    7.5000  -37.5000 2324.4209   14.4537
    7.5000    7.5000  -37.5000 2299.2988   14.6583
   -7.5000   15.0000  -37.5000 2295.1807   14.7552
    0.0000   15.0000  -37.5000 2296.2056   14.7910
    7.5000   15.0000  -37.5000 2271.8928   15.0521
   -7.5000   22.5000  -37.5000 2247.7178   15.4469
    0.0000   22.5000  -37.5000 2252.7993   15.4832
    7.5000   22.5000  -37.5000 2224.8022   15.7854
   -7.5000   30.0000  -37.5000 2184.2300   16.4702
    0.0000   30.0000  -37.5000 2190.5818   16.5398
    7.5000   30.0000  -37.5000 2161.6382   16.8758
   -7.5000   37.5000  -37.5000 2095.7107   17.9309
    0.0000   37.5000  -37.5000 2098.3801   17.9968
    7.5000   37.5000  -37.5000 2068.0383   18.3627
   -7.5000   45.0000  -37.5000 1984.5651   19.9674
    0.0000   45.0000  -37.5000 1986.7484   19.9985
    7.5000   45.0000  -37.5000 1957.7698   20.4069
   -7.5000  -45.0000  -30.0000 1996.4426   20.8057
    0.0000  -45.0000  -30.0000 1997.0903   20.8064
    7.5000  -45.0000  -30.0000 1980.2405   20.9511
   -7.5000  -37.5000  -30.0000 2137.7144   18.5845
    0.0000  -37.5000  -30.0000 2139.6157   18.5699
    7.5000  -37.5000  -30.0000 2114.8582   18.6579
   -7.5000  -30.0000  -30.0000 2259.9287   16.8335
    0.0000  -30.0000  -30.0000 2265.5293   16.8304
    7.5000  -30.0000  -30.0000 2239.6824   16.9367
   -7.5000  -22.5000  -30.0000 2365.0037   15.5153
    0.0000  -22.5000  -30.0000 2365.9685   15.5348
    7.5000  -22.5000  -30.0000 2338.9512   15.6306
   -7.5000  -15.0000  -30.0000 2441.8391   14.5870
    0.0000  -15.0000  -30.0000 2440.9785   14.6003
    7.5000  -15.0000  -30.0000 2407.8037   14.7310
   -7.5000   -7.5000  -30.0000 2474.5730   14.0269
    0.0000   -7.5000  -30.0000 2479.5332   14.0613
    7.5000   -7.5000  -30.0000 2447.9514   14.1746
   -7.5000    0.0000  -30.0000 2483.8589   13.8062
    0.0000    0.0000  -30.0000 2491.2820   13.8144
    7.5000    0.0000  -30.0000 2455.5210   13.9624
   -7.5000    7.5000  -30.0000 2469.1719   13.8405
    0.0000    7.5000  -30.0000 2476.8005   13.8544
    7.5000    7.5000  -30.0000 2446.8879   14.0102
   -7.5000   15.0000  -30.0000 2437.2998   14.1558
    0.0000   15.0000  -30.0000 2445.6660   14.1739
    7.5000   15.0000  -30.0000 2412.2710   14.3694
   -7.5000   22.5000  -30.0000 2387.7766   14.7753
    0.0000   22.5000  -30.0000 2395.3696   14.7993
    7.5000   22.5000  -30.0000 2364.4597   15.0437
   -7.5000   30.0000  -30.0000 2321.6665   15.7529
    0.0000   30.0000  -30.0000 2328.6541   15.7806
    7.5000   30.0000  -30.0000 2294.1147   16.0409
   -7.5000   37.5000  -30.0000 2222.4839   17.1244
    0.0000   37.5000  -30.0000 2227.9851   17.1667
    7.5000   37.5000  -30.0000 2192.9817   17.4771
   -7.5000   45.0000  -30.0000 2104.8137   18.9887
    0.0000   45.0000  -30.0000 2109.8711   19.0548
    7.5000   45.0000  -30.0000 2075.3438   19.4055
   -7.5000  -45.0000  -22.5000 2067.1047   20.0107
    0.0000  -45.0000  -22.5000 2070.4614   19.9712
    7.5000  -45.0000  -22.5000 2053.5044   20.1018
   -7.5000  -37.5000  -22.5000 2219.6499   17.8078
    0.0000  -37.5000  -22.5000 2221.6560   17.7778
    7.5000  -37.5000  -22.5000 2198.4692   17.8494
   -7.5000  -30.0000  -22.5000 2351.9871   16.0850
    0.0000  -30.0000  -22.5000 2356.0615   16.0429
    7.5000  -30.0000  -22.5000 2325.9216   16.1319
   -7.5000  -22.5000  -22.5000 2462.0093   14.8199
    0.0000  -22.5000  -22.5000 2464.5505   14.7850
    7.5000  -22.5000  -22.5000 2433.4119   14.8659
   -7.5000  -15.0000  -22.5000 2545.1160   13.8987
    0.0000  -15.0000  -22.5000 2549.5269   13.9012
    7.5000  -15.0000  -22.5000 2514.2717   14.0007
   -7.5000   -7.5000  -22.5000 2591.0493   13.3426
    0.0000   -7.5000  -22.5000 2600.1572   13.3475
    7.5000   -7.5000  -22.5000 2561.2014   13.4725
   -7.5000    0.0000  -22.5000 2611.8599   13.0994
    0.0000    0.0000  -22.5000 2618.6155   13.1077
    7.5000    0.0000  -22.5000 2579.7605   13.2424
   -7.5000    7.5000  -22.5000 2602.5342   13.1560
    0.0000    7.5000  -22.5000 2612.9109   13.1549
    7.5000    7.5000  -22.5000 2571.2612   13.2877
   -7.5000   15.0000  -22.5000 2564.8513   13.4994
    0.0000   15.0000  -22.5000 2574.5659   13.5091
    7.5000   15.0000  -22.5000 2532.7244   13.6452
   -7.5000   22.5000  -22.5000 2509.9229   14.0980
    0.0000   22.5000  -22.5000 2519.9260   14.0976
    7.5000   22.5000  -22.5000 2482.1082   14.2732
   -7.5000   30.0000  -22.5000 2430.7505   14.9862
    0.0000   30.0000  -22.5000 2438.8264   14.9949
    7.5000   30.0000  -22.5000 2402.2300   15.2435
   -7.5000   37.5000  -22.5000 2324.6787   16.2614
    0.0000   37.5000  -22.5000 2334.5403   16.2677
    7.5000   37.5000  -22.5000 2297.4963   16.5298
   -7.5000   45.0000  -22.5000 2201.0674   17.9717
    0.0000   45.0000  -22.5000 2212.1057   18.0196
    7.5000   45.0000  -22.5000 2175.2271   18.3195
   -7.5000  -45.0000  -15.0000 2116.6321   19.1860
    0.0000  -45.0000  -15.0000 2117.4312   19.1051
    7.5000  -45.0000  -15.0000 2098.6206   19.3092
   -7.5000  -37.5000  -15.0000 2271.2158   16.9687
    0.0000  -37.5000  -15.0000 2270.5681   16.8937
    7.5000  -37.5000  -15.0000 2246.6777   17.0541
   -7.5000  -30.0000  -15.0000 2407.5591   15.3008
    0.0000  -30.0000  -15.0000 2410.0088   15.2314
    7.5000  -30.0000  -15.0000 2378.9153   15.3837
   -7.5000  -22.5000  -15.0000 2522.8672   14.0644
    0.0000  -22.5000  -15.0000 2529.2397   14.0161
    7.5000  -22.5000  -15.0000 2496.2441   14.1376
   -7.5000  -15.0000  -15.0000 2616.1394   13.1941
    0.0000  -15.0000  -15.0000 2626.3206   13.1855
    7.5000  -15.0000  -15.0000 2590.3276   13.2908
   -7.5000   -7.5000  -15.0000 2673.7688   12.6547
    0.0000   -7.5000  -15.0000 2689.3857   12.6593
    7.5000   -7.5000  -15.0000 2650.3728   12.7785
   -7.5000    0.0000  -15.0000 2700.9629   12.3944
    0.0000    0.0000  -15.0000 2712.2188   12.3983
    7.5000    0.0000  -15.0000 2674.0791   12.5185
   -7.5000    7.5000  -15.0000 2704.7908   12.4364
    0.0000    7.5000  -15.0000 2719.0381   12.4359
    7.5000    7.5000  -15.0000 2671.9138   12.5648
   -7.5000   15.0000  -15.0000 2668.5361   12.7899
    0.0000   15.0000  -15.0000 2678.9973   12.8086
    7.5000   15.0000  -15.0000 2632.8540   12.9357
   -7.5000   22.5000  -15.0000 2605.3831   13.3859
    0.0000   22.5000  -15.0000 2616.3042   13.3850
    7.5000   22.5000  -15.0000 2575.5378   13.5458
   -7.5000   30.0000  -15.0000 2514.4861   14.2383
    0.0000   30.0000  -15.0000 2525.6772   14.2267
    7.5000   30.0000  -15.0000 2488.4795   14.4612
   -7.5000   37.5000  -15.0000 2404.5491   15.4481
    0.0000   37.5000  -15.0000 2413.0493   15.4364
    7.5000   37.5000  -15.0000 2379.8647   15.6818
   -7.5000   45.0000  -15.0000 2273.5518   17.0751
    0.0000   45.0000  -15.0000 2282.3359   17.0745
    7.5000   45.0000  -15.0000 2249.9685   17.3461
   -7.5000  -45.0000   -7.5000 2143.2427   18.2896
    0.0000  -45.0000   -7.5000 2140.4067   18.2333
    7.5000  -45.0000   -7.5000 2122.5364   18.4608
   -7.5000  -37.5000   -7.5000 2296.7720   16.1157
    0.0000  -37.5000   -7.5000 2298.5193   16.0656
    7.5000  -37.5000   -7.5000 2276.1130   16.2947
   -7.5000  -30.0000   -7.5000 2441.0808   14.4865
    0.0000  -30.0000   -7.5000 2446.8545   14.4641
    7.5000  -30.0000   -7.5000 2418.2534   14.7089
   -7.5000  -22.5000   -7.5000 2566.4353   13.3231
    0.0000  -22.5000   -7.5000 2574.5125   13.2871
    7.5000  -22.5000   -7.5000 2544.9788   13.5048
   -7.5000  -15.0000   -7.5000 2667.0085   12.4902
    0.0000  -15.0000   -7.5000 2680.6755   12.4723
    7.5000  -15.0000   -7.5000 2647.0610   12.6661
   -7.5000   -7.5000   -7.5000 2742.1313   11.9837
    0.0000   -7.5000   -7.5000 2758.7747   11.9862
    7.5000   -7.5000   -7.5000 2716.0156   12.1564
   -7.5000    0.0000   -7.5000 2777.5588   11.6836
    0.0000    0.0000   -7.5000 2794.3550   11.7140
    7.5000    0.0000   -7.5000 2750.7107   11.8805
   -7.5000    7.5000   -7.5000 2788.6870   11.7202
    0.0000    7.5000   -7.5000 2800.8101   11.7391
    7.5000    7.5000   -7.5000 2752.2219   11.9210
   -7.5000   15.0000   -7.5000 2751.2795   12.0895
    0.0000   15.0000   -7.5000 2764.4268   12.1153
    7.5000   15.0000   -7.5000 2717.0193   12.2788
   -7.5000   22.5000   -7.5000 2684.0662   12.6653
    0.0000   22.5000   -7.5000 2694.5547   12.6897
    7.5000   22.5000   -7.5000 2650.4897   12.8789
   -7.5000   30.0000   -7.5000 2582.8000   13.4988
    0.0000   30.0000   -7.5000 2594.9014   13.4955
    7.5000   30.0000   -7.5000 2556.1406   13.7287
   -7.5000   37.5000   -7.5000 2463.7412   14.6711
    0.0000   37.5000   -7.5000 2474.6270   14.6438
    7.5000   37.5000   -7.5000 2438.1895   14.9177
   -7.5000   45.0000   -7.5000 2326.4851   16.2322
    0.0000   45.0000   -7.5000 2336.6626   16.2389
    7.5000   45.0000   -7.5000 2302.7319   16.5122
   -7.5000  -45.0000    0.0000 2148.0076   17.6015
    0.0000  -45.0000    0.0000 2150.5073   17.5759
    7.5000  -45.0000    0.0000 2136.3032   17.9028
   -7.5000  -37.5000    0.0000 2307.0247   15.4544
    0.0000  -37.5000    0.0000 2314.2241   15.4525
    7.5000  -37.5000    0.0000 2294.0405   15.7747
   -7.5000  -30.0000    0.0000 2458.4729   13.9274
    0.0000  -30.0000    0.0000 2464.7754   13.9010
    7.5000  -30.0000    0.0000 2434.9429   14.2259
   -7.5000  -22.5000    0.0000 2592.5281   12.7915
    0.0000  -22.5000    0.0000 2599.9783   12.7526
    7.5000  -22.5000    0.0000 2569.1526   13.0690
   -7.5000  -15.0000    0.0000 2705.3560   12.0017
    0.0000  -15.0000    0.0000 2718.4221   11.9579
    7.5000  -15.0000    0.0000 2688.2507   12.2577
   -7.5000   -7.5000    0.0000 2797.3408   11.4876
    0.0000   -7.5000    0.0000 2819.4956   11.4700
    7.5000   -7.5000    0.0000 2772.2473   11.7385
   -7.5000    0.0000    0.0000 2846.8047   11.1612
    0.0000    0.0000    0.0000 2870.2612   11.1671
    7.5000    0.0000    0.0000 2816.5342   11.4353
   -7.5000    7.5000    0.0000 2861.1377   11.1500
    0.0000    7.5000    0.0000 2881.6333   11.1649
    7.5000    7.5000    0.0000 2824.7407   11.4591
   -7.5000   15.0000    0.0000 2820.6414   11.5127
    0.0000   15.0000    0.0000 2838.1353   11.5180
    7.5000   15.0000    0.0000 2783.9363   11.8035
   -7.5000   22.5000    0.0000 2742.1321   12.0765
    0.0000   22.5000    0.0000 2756.0142   12.0884
    7.5000   22.5000    0.0000 2708.3218   12.3773
   -7.5000   30.0000    0.0000 2632.0464   12.8863
    0.0000   30.0000    0.0000 2644.8176   12.8848
    7.5000   30.0000    0.0000 2605.0803   13.1813
   -7.5000   37.5000    0.0000 2503.6184   14.0423
    0.0000   37.5000    0.0000 2514.7676   14.0311
    7.5000   37.5000    0.0000 2474.6033   14.3299
   -7.5000   45.0000    0.0000 2366.8835   15.5519
    0.0000   45.0000    0.0000 2372.3870   15.5842
    7.5000   45.0000    0.0000 2336.6741   15.8997
   -7.5000  -45.0000    7.5000 2151.0750   17.3411
    0.0000  -45.0000    7.5000 2154.0391   17.2785
    7.5000  -45.0000    7.5000 2141.2979   17.7594
   -7.5000  -37.5000    7.5000 2308.4458   15.1966
    0.0000  -37.5000    7.5000 2317.4363   15.1763
    7.5000  -37.5000    7.5000 2301.1426   15.6070
   -7.5000  -30.0000    7.5000 2458.8164   13.6258
    0.0000  -30.0000    7.5000 2467.4404   13.5784
    7.5000  -30.0000    7.5000 2437.7632   13.9619
   -7.5000  -22.5000    7.5000 2599.4817   12.4767
    0.0000  -22.5000    7.5000 2608.7578   12.4234
    7.5000  -22.5000    7.5000 2571.4827   12.8158
   -7.5000  -15.0000    7.5000 2722.1028   11.7183
    0.0000  -15.0000    7.5000 2736.7747   11.6656
    7.5000  -15.0000    7.5000 2705.1831   12.0191
   -7.5000   -7.5000    7.5000 2827.8848   11.2389
    0.0000   -7.5000    7.5000 2853.4675   11.1881
    7.5000   -7.5000    7.5000 2802.9480   11.5108
   -7.5000    0.0000    7.5000 2899.6875   10.8838
    0.0000    0.0000    7.5000 2928.0042   10.8470
    7.5000    0.0000    7.5000 2857.5269   11.2005
   -7.5000    7.5000    7.5000 2921.2952   10.8314
    0.0000    7.5000    7.5000 2946.1880   10.8197
    7.5000    7.5000    7.5000 2871.0579   11.2128
   -7.5000   15.0000    7.5000 2874.6389   11.1761
    0.0000   15.0000    7.5000 2897.3220   11.1511
    7.5000   15.0000    7.5000 2828.2268   11.5294
   -7.5000   22.5000    7.5000 2782.2922   11.7345
    0.0000   22.5000    7.5000 2800.8652   11.7344
    7.5000   22.5000    7.5000 2744.3745   12.0848
   -7.5000   30.0000    7.5000 2662.8735   12.5096
    0.0000   30.0000    7.5000 2679.6060   12.5069
    7.5000   30.0000    7.5000 2634.5359   12.8087
   -7.5000   37.5000    7.5000 2530.3789   13.6453
    0.0000   37.5000    7.5000 2541.2939   13.6301
    7.5000   37.5000    7.5000 2498.5369   13.9217
   -7.5000   45.0000    7.5000 2381.0591   15.1546
    0.0000   45.0000    7.5000 2387.5840   15.1633
    7.5000   45.0000    7.5000 2351.5149   15.4690
   -7.5000  -45.0000   15.0000 2141.8584   17.3731
    0.0000  -45.0000   15.0000 2146.2698   17.2897
    7.5000  -45.0000   15.0000 2128.7878   17.8128
   -7.5000  -37.5000   15.0000 2295.2070   15.2045
    0.0000  -37.5000   15.0000 2306.7649   15.1308
    7.5000  -37.5000   15.0000 2287.5461   15.6497
   -7.5000  -30.0000   15.0000 2444.2698   13.5755
    0.0000  -30.0000   15.0000 2452.7437   13.5084
    7.5000  -30.0000   15.0000 2424.1584   13.9845
   -7.5000  -22.5000   15.0000 2587.1104   12.3955
    0.0000  -22.5000   15.0000 2599.2607   12.3441
    7.5000  -22.5000   15.0000 2559.9019   12.8093
   -7.5000  -15.0000   15.0000 2719.5864   11.6423
    0.0000  -15.0000   15.0000 2738.9211   11.5816
    7.5000  -15.0000   15.0000 2699.7644   12.0160
   -7.5000   -7.5000   15.0000 2830.9697   11.1980
    0.0000   -7.5000   15.0000 2858.6797   11.1305
    7.5000   -7.5000   15.0000 2805.2087   11.5046
   -7.5000    0.0000   15.0000 2913.7751   10.8853
    0.0000    0.0000   15.0000 2945.1104   10.8193
    7.5000    0.0000   15.0000 2871.8667   11.1942
   -7.5000    7.5000   15.0000 2947.1951   10.8734
    0.0000    7.5000   15.0000 2963.4336   10.7887
    7.5000    7.5000   15.0000 2888.7385   11.1800
   -7.5000   15.0000   15.0000 2905.6606   11.1615
    0.0000   15.0000   15.0000 2923.3936   11.0843
    7.5000   15.0000   15.0000 2849.5142   11.4299
   -7.5000   22.5000   15.0000 2803.9934   11.6894
    0.0000   22.5000   15.0000 2821.8853   11.6359
    7.5000   22.5000   15.0000 2762.2402   11.9544
   -7.5000   30.0000   15.0000 2668.6885   12.4222
    0.0000   30.0000   15.0000 2682.5920   12.3659
    7.5000   30.0000   15.0000 2641.4065   12.6722
   -7.5000   37.5000   15.0000 2527.5249   13.5091
    0.0000   37.5000   15.0000 2540.0054   13.4572
    7.5000   37.5000   15.0000 2498.3918   13.7542
   -7.5000   45.0000   15.0000 2377.5801   15.0289
    0.0000   45.0000   15.0000 2386.0723   15.0105
    7.5000   45.0000   15.0000 2351.3743   15.2820
   -7.5000  -45.0000   22.5000 2128.6516   17.6985
    0.0000  -45.0000   22.5000 2129.9558   17.6378
    7.5000  -45.0000   22.5000 2106.6487   18.2120
   -7.5000  -37.5000   22.5000 2280.3760   15.3968
    0.0000  -37.5000   22.5000 2293.0242   15.3906
    7.5000  -37.5000   22.5000 2268.0791   15.9407
   -7.5000  -30.0000   22.5000 2423.0127   13.7470
    0.0000  -30.0000   22.5000 2438.4531   13.7066
    7.5000  -30.0000   22.5000 2408.2627   14.2228
   -7.5000  -22.5000   22.5000 2558.0071   12.5891
    0.0000  -22.5000   22.5000 2578.6541   12.5249
    7.5000  -22.5000   22.5000 2546.9143   12.9985
   -7.5000  -15.0000   22.5000 2686.7349   11.8494
    0.0000  -15.0000   22.5000 2713.9062   11.7690
    7.5000  -15.0000   22.5000 2677.0273   12.1954
   -7.5000   -7.5000   22.5000 2801.2915   11.3903
    0.0000   -7.5000   22.5000 2828.8455   11.2913
    7.5000   -7.5000   22.5000 2780.6521   11.6581
   -7.5000    0.0000   22.5000 2886.6177   11.1009
    0.0000    0.0000   22.5000 2904.4597   10.9750
    7.5000    0.0000   22.5000 2849.0479   11.3149
   -7.5000    7.5000   22.5000 2922.0979   11.1182
    0.0000    7.5000   22.5000 2929.3757   11.0030
    7.5000    7.5000   22.5000 2870.6025   11.2902
   -7.5000   15.0000   22.5000 2883.5322   11.3860
    0.0000   15.0000   22.5000 2897.7300   11.3007
    7.5000   15.0000   22.5000 2834.3306   11.5198
   -7.5000   22.5000   22.5000 2782.0613   11.8885
    0.0000   22.5000   22.5000 2804.8489   11.8369
    7.5000   22.5000   22.5000 2746.8711   12.0478
   -7.5000   30.0000   22.5000 2648.1960   12.6069
    0.0000   30.0000   22.5000 2661.7588   12.5884
    7.5000   30.0000   22.5000 2622.0439   12.8191
   -7.5000   37.5000   22.5000 2512.5845   13.6433
    0.0000   37.5000   22.5000 2523.8655   13.6349
    7.5000   37.5000   22.5000 2490.5359   13.8939
   -7.5000   45.0000   22.5000 2361.7244   15.1199
    0.0000   45.0000   22.5000 2369.9487   15.1230
    7.5000   45.0000   22.5000 2342.5273   15.3690
   -7.5000  -45.0000   30.0000 2095.3391   18.1679
    0.0000  -45.0000   30.0000 2102.7708   18.1857
    7.5000  -45.0000   30.0000 2084.4641   18.7443
   -7.5000  -37.5000   30.0000 2255.5388   15.9182
    0.0000  -37.5000   30.0000 2266.8335   15.8610
    7.5000  -37.5000   30.0000 2240.4744   16.3780
   -7.5000  -30.0000   30.0000 2395.7163   14.2766
    0.0000  -30.0000   30.0000 2410.3318   14.2164
    7.5000  -30.0000   30.0000 2379.6604   14.6611
   -7.5000  -22.5000   30.0000 2524.7830   13.1122
    0.0000  -22.5000   30.0000 2544.8401   13.0411
    7.5000  -22.5000   30.0000 2514.5918   13.4311
   -7.5000  -15.0000   30.0000 2642.0032   12.3413
    0.0000  -15.0000   30.0000 2671.2771   12.2749
    7.5000  -15.0000   30.0000 2636.9456   12.5987
   -7.5000   -7.5000   30.0000 2751.3450   11.7884
    0.0000   -7.5000   30.0000 2775.4395   11.6893
    7.5000   -7.5000   30.0000 2734.3506   12.0309
   -7.5000    0.0000   30.0000 2828.2224   11.4574
    0.0000    0.0000   30.0000 2847.3220   11.3690
    7.5000    0.0000   30.0000 2801.1934   11.6756
   -7.5000    7.5000   30.0000 2852.1672   11.4563
    0.0000    7.5000   30.0000 2866.4260   11.3876
    7.5000    7.5000   30.0000 2827.0007   11.6357
   -7.5000   15.0000   30.0000 2818.9294   11.7175
    0.0000   15.0000   30.0000 2830.2239   11.6435
    7.5000   15.0000   30.0000 2786.9309   11.8617
   -7.5000   22.5000   30.0000 2728.5679   12.2329
    0.0000   22.5000   30.0000 2750.9124   12.1935
    7.5000   22.5000   30.0000 2704.7063   12.3949
   -7.5000   30.0000   30.0000 2605.4707   13.0125
    0.0000   30.0000   30.0000 2618.5591   13.0162
    7.5000   30.0000   30.0000 2574.9910   13.2114
   -7.5000   37.5000   30.0000 2470.9646   14.0665
    0.0000   37.5000   30.0000 2483.0806   14.0682
    7.5000   37.5000   30.0000 2447.6147   14.2929
   -7.5000   45.0000   30.0000 2321.8108   15.4740
    0.0000   45.0000   30.0000 2336.2644   15.4687
    7.5000   45.0000   30.0000 2307.5823   15.7167
   -7.5000  -45.0000   37.5000 2052.9897   19.0404
    0.0000  -45.0000   37.5000 2061.6511   18.9531
    7.5000  -45.0000   37.5000 2047.1462   19.4516
   -7.5000  -37.5000   37.5000 2219.7620   16.6601
    0.0000  -37.5000   37.5000 2229.3923   16.6086
    7.5000  -37.5000   37.5000 2202.7056   17.0114
   -7.5000  -30.0000   37.5000 2361.2319   14.9511
    0.0000  -30.0000   37.5000 2372.9954   14.9122
    7.5000  -30.0000   37.5000 2340.5452   15.2749
   -7.5000  -22.5000   37.5000 2485.4302   13.7783
    0.0000  -22.5000   37.5000 2507.1011   13.7423
    7.5000  -22.5000   37.5000 2473.1724   14.0376
   -7.5000  -15.0000   37.5000 2596.2476   12.9498
    0.0000  -15.0000   37.5000 2622.5957   12.8852
    7.5000  -15.0000   37.5000 2587.7954   13.1742
   -7.5000   -7.5000   37.5000 2695.2776   12.3260
    0.0000   -7.5000   37.5000 2721.0381   12.2629
    7.5000   -7.5000   37.5000 2680.2302   12.5728
   -7.5000    0.0000   37.5000 2757.0334   12.0037
    0.0000    0.0000   37.5000 2775.0835   11.9711
    7.5000    0.0000   37.5000 2738.9531   12.2329
   -7.5000    7.5000   37.5000 2767.1145   11.9746
    0.0000    7.5000   37.5000 2785.0862   11.9367
    7.5000    7.5000   37.5000 2754.1848   12.1697
   -7.5000   15.0000   37.5000 2735.9397   12.2038
    0.0000   15.0000   37.5000 2747.2817   12.1363
    7.5000   15.0000   37.5000 2717.4854   12.3478
   -7.5000   22.5000   37.5000 2651.0884   12.7205
    0.0000   22.5000   37.5000 2671.1865   12.6725
    7.5000   22.5000   37.5000 2638.2903   12.8953
   -7.5000   30.0000   37.5000 2544.9639   13.5061
    0.0000   30.0000   37.5000 2558.2734   13.5041
    7.5000   30.0000   37.5000 2518.6729   13.7186
   -7.5000   37.5000   37.5000 2420.1113   14.6318
    0.0000   37.5000   37.5000 2430.1013   14.5976
    7.5000   37.5000   37.5000 2401.5522   14.8278
   -7.5000   45.0000   37.5000 2272.3293   16.0442
    0.0000   45.0000   37.5000 2291.3984   16.0164
    7.5000   45.0000   37.5000 2267.5098   16.2437
   -7.5000  -45.0000   45.0000 2003.5660   20.0091
    0.0000  -45.0000   45.0000 2016.8268   19.9237
    7.5000  -45.0000   45.0000 1999.6554   20.3326
   -7.5000  -37.5000   45.0000 2171.3206   17.5866
    0.0000  -37.5000   45.0000 2184.4402   17.4998
    7.5000  -37.5000   45.0000 2159.1987   17.8411
   -7.5000  -30.0000   45.0000 2308.7676   15.8420
    0.0000  -30.0000   45.0000 2330.2644   15.7914
    7.5000  -30.0000   45.0000 2297.5601   16.0762
   -7.5000  -22.5000   45.0000 2429.9033   14.5904
    0.0000  -22.5000   45.0000 2460.5676   14.5513
    7.5000  -22.5000   45.0000 2423.7024   14.8330
   -7.5000  -15.0000   45.0000 2536.0471   13.6964
    0.0000  -15.0000   45.0000 2565.2095   13.6616
    7.5000  -15.0000   45.0000 2523.8333   13.9393
   -7.5000   -7.5000   45.0000 2623.9919   13.0728
    0.0000   -7.5000   45.0000 2648.9067   13.0425
    7.5000   -7.5000   45.0000 2609.8633   13.3064
   -7.5000    0.0000   45.0000 2670.2197   12.7536
    0.0000    0.0000   45.0000 2690.8760   12.7271
    7.5000    0.0000   45.0000 2660.1614   12.9579
   -7.5000    7.5000   45.0000 2674.4312   12.6826
    0.0000    7.5000   45.0000 2699.7915   12.6487
    7.5000    7.5000   45.0000 2664.6301   12.8659
   -7.5000   15.0000   45.0000 2640.7256   12.8548
    0.0000   15.0000   45.0000 2657.1497   12.8056
    7.5000   15.0000   45.0000 2630.4011   13.0080
   -7.5000   22.5000   45.0000 2565.4587   13.3571
    0.0000   22.5000   45.0000 2585.4048   13.3157
    7.5000   22.5000   45.0000 2557.5957   13.5615
   -7.5000   30.0000   45.0000 2466.3586   14.1284
    0.0000   30.0000   45.0000 2484.9688   14.1559
    7.5000   30.0000   45.0000 2451.5701   14.3759
   -7.5000   37.5000   45.0000 2354.6853   15.1992
    0.0000   37.5000   45.0000 2365.1094   15.2254
    7.5000   37.5000   45.0000 2336.2688   15.4625
   -7.5000   45.0000   45.0000 2218.1685   16.6628
    0.0000   45.0000   45.0000 2235.0498   16.6678
    7.5000   45.0000   45.0000 2204.6997   16.9006

---------------------------------------------------------------------
imgreg_4dfp /opt/freesurfer/average/711-2C_as_mni_average_305 /opt/freesurfer/average/711-2B_as_mni_average_305_mask talsrcimg_g11 none talsrcimg_to_711-2C_as_mni_average_305_t4 1283
---------------------------------------------------------------------

freesurfer imgreg_4dfp.c
/opt/freesurfer/average/711-2C_as_mni_average_305.4dfp.img
       256       256       256         1
  1.000000  1.000000  1.000000
orientation T byte_order littleendian
Reading image: /opt/freesurfer/average/711-2C_as_mni_average_305.4dfp.img
dimensions:      256       256       256
mmppix:       1.0000   -1.0000   -1.0000
center:     128.0000 -129.0000 -129.0000
/opt/freesurfer/average/711-2B_as_mni_average_305_mask.4dfp.img
       256       256       256         1
  1.000000  1.000000  1.000000
orientation T byte_order littleendian
Reading mask: /opt/freesurfer/average/711-2B_as_mni_average_305_mask.4dfp.img (2306576 pixels)
talsrcimg_g11.4dfp.img
       256       256       256         1
  1.000000  1.000000  1.000000
orientation T byte_order littleendian
Reading image: talsrcimg_g11.4dfp.img
dimensions:      256       256       256
mmppix:       1.0000   -1.0000   -1.0000
center:     128.0000 -129.0000 -129.0000
rotation matrix determinant  1.000000
fimgreg.f
image alignment mode   1283 decimal      503 hex
parameters
    0.0000    7.5000   15.0000    0.0000    0.0000    0.0000
eta,q 0.93158 10.77341
niter,ni,del,rscale     5    3   12.0000    1.2000
parameter  1  0.531600 ->  0.500000 qaram    1.1500
parameter  6  0.711543 ->  0.500000 qaram    1.1500
parameters
   -3.4500    6.2437   14.1450   -2.0060   -0.3089   -3.4500
eta,q 0.93879 10.67106
  0.0670  0.0704  0.0672  0.0646  0.0690  0.0618
  0.0647  0.0647  0.0658  0.0641  0.0658  0.0612
  0.0646  0.0627  0.0643  0.0630  0.0636  0.0617
  0.0666  0.0642  0.0629  0.0631  0.0630  0.0630
  0.0715  0.0683  0.0639  0.0649  0.0641  0.0652
  0.0775  0.0712  0.0669  0.0678  0.0665  0.0681
  0.0834  0.0746  0.0724  0.0724  0.0704  0.0710
niter,ni,del,rscale     6    3   12.0000    1.2000
parameter  4  0.517636 ->  0.500000 qaram    1.1500
parameters
   -2.6322    7.4071   13.7204   -5.4560   -0.9810   -5.5676
eta,q 0.93960 10.69426
  0.0796  0.0737  0.0674  0.0613  0.0672  0.0621
  0.0718  0.0661  0.0642  0.0610  0.0631  0.0609
  0.0648  0.0623  0.0620  0.0608  0.0606  0.0604
  0.0612  0.0612  0.0613  0.0613  0.0609  0.0606
  0.0621  0.0616  0.0628  0.0632  0.0628  0.0621
  0.0657  0.0628  0.0655  0.0655  0.0661  0.0635
  0.0735  0.0657  0.0692  0.0687  0.0698  0.0660
niter,ni,del,rscale     6    3   12.0000    1.2000
parameters
   -2.5400    9.1098   13.1715   -6.6572   -1.3939   -4.5943
eta,q 0.93948 10.75450
  0.0773  0.0709  0.0674  0.0632  0.0674  0.0639
  0.0690  0.0648  0.0642  0.0613  0.0632  0.0620
  0.0628  0.0617  0.0616  0.0610  0.0608  0.0613
  0.0604  0.0604  0.0602  0.0604  0.0608  0.0607
  0.0623  0.0603  0.0616  0.0605  0.0622  0.0605
  0.0679  0.0607  0.0658  0.0633  0.0651  0.0610
  0.0769  0.0627  0.0715  0.0675  0.0689  0.0626
niter,ni,del,rscale     5    3   12.0000    1.2000
parameters
   -2.1433    9.1977   12.8657   -6.9272   -1.5631   -4.8320
eta,q 0.93932 10.76414
  0.0785  0.0656  0.0684  0.0645  0.0683  0.0630
  0.0703  0.0617  0.0651  0.0618  0.0638  0.0616
  0.0632  0.0607  0.0623  0.0608  0.0609  0.0610
  0.0605  0.0606  0.0606  0.0607  0.0608  0.0607
  0.0621  0.0604  0.0615  0.0603  0.0623  0.0608
  0.0666  0.0613  0.0655  0.0621  0.0649  0.0615
  0.0755  0.0656  0.0713  0.0656  0.0684  0.0636
niter,ni,del,rscale     4    3   12.0000    1.2000
parameters
   -2.0681    9.2226   12.8290   -6.9316   -1.6093   -4.7581
eta,q 0.93929 10.76658
  0.0770  0.0657  0.0688  0.0649  0.0685  0.0633
  0.0692  0.0617  0.0655  0.0620  0.0640  0.0617
  0.0626  0.0608  0.0625  0.0608  0.0610  0.0610
  0.0607  0.0607  0.0607  0.0607  0.0607  0.0607
  0.0624  0.0607  0.0611  0.0603  0.0621  0.0609
  0.0675  0.0616  0.0646  0.0618  0.0647  0.0614
  0.0770  0.0657  0.0703  0.0651  0.0681  0.0633
niter,ni,del,rscale     3    3   12.0000    1.2000
parameters
   -2.0530    9.2126   12.8183   -6.9481   -1.6182   -4.7886
eta,q 0.93928 10.76668
  0.0768  0.0656  0.0689  0.0649  0.0687  0.0632
  0.0690  0.0617  0.0656  0.0619  0.0641  0.0617
  0.0624  0.0608  0.0626  0.0608  0.0611  0.0610
  0.0607  0.0607  0.0607  0.0607  0.0607  0.0607
  0.0626  0.0606  0.0611  0.0603  0.0621  0.0609
  0.0678  0.0616  0.0645  0.0618  0.0647  0.0615
  0.0773  0.0657  0.0702  0.0651  0.0680  0.0634
registration optimization eta report
parameter search radius
    6.9000    6.0000    6.0000    6.9000    6.0000    6.9000
100000*second partial in parameter space
       34.       15.       24.       10.       21.        6.
  0.0768  0.0656  0.0689  0.0649  0.0687  0.0632
  0.0690  0.0617  0.0656  0.0619  0.0641  0.0617
  0.0624  0.0608  0.0626  0.0608  0.0611  0.0610
  0.0607  0.0607  0.0607  0.0607  0.0607  0.0607
  0.0626  0.0606  0.0611  0.0603  0.0621  0.0609
  0.0678  0.0616  0.0645  0.0618  0.0647  0.0615
  0.0773  0.0657  0.0702  0.0651  0.0680  0.0634
   -2.0530    9.2126   12.8183   -6.9481   -1.6182   -4.7886
eta,q 0.93928 10.76668

---------------------------------------------------------------------
imgreg_4dfp /opt/freesurfer/average/711-2C_as_mni_average_305 /opt/freesurfer/average/711-2B_as_mni_average_305_mask talsrcimg_g11 none talsrcimg_to_711-2C_as_mni_average_305_t4 3335
---------------------------------------------------------------------

freesurfer imgreg_4dfp.c
/opt/freesurfer/average/711-2C_as_mni_average_305.4dfp.img
       256       256       256         1
  1.000000  1.000000  1.000000
orientation T byte_order littleendian
Reading image: /opt/freesurfer/average/711-2C_as_mni_average_305.4dfp.img
dimensions:      256       256       256
mmppix:       1.0000   -1.0000   -1.0000
center:     128.0000 -129.0000 -129.0000
/opt/freesurfer/average/711-2B_as_mni_average_305_mask.4dfp.img
       256       256       256         1
  1.000000  1.000000  1.000000
orientation T byte_order littleendian
Reading mask: /opt/freesurfer/average/711-2B_as_mni_average_305_mask.4dfp.img (2306576 pixels)
talsrcimg_g11.4dfp.img
       256       256       256         1
  1.000000  1.000000  1.000000
orientation T byte_order littleendian
Reading image: talsrcimg_g11.4dfp.img
dimensions:      256       256       256
mmppix:       1.0000   -1.0000   -1.0000
center:     128.0000 -129.0000 -129.0000
fimgreg.f
image alignment mode   3335 decimal      D07 hex
parameters
   -2.0530    9.2126   12.8183   -0.3888   -1.0524   -0.7740
    7.9463    3.8033   -8.3447   11.8208   -2.8239  -12.0923
eta,q 0.93984 10.70935
niter,ni,del,rscale     5    3    5.0000    1.2000
parameter  4  3.401339 ->  0.500000 qaram    1.1500
parameter  5  4.286573 ->  0.500000 qaram    1.1500
parameter  6  0.897935 ->  0.500000 qaram    1.1500
parameters
   -2.0447    9.7928   13.3310   -4.5288   -5.1924   -4.9140
    5.2273    4.4112   -5.6473    8.8107   -2.5434  -12.1004
eta,q 0.95613 10.31042
  0.0620  0.0624  0.0617  0.0532  0.0435  0.0454  0.0456  0.0508  0.0475  0.0451  0.0456  0.0450
  0.0610  0.0612  0.0610  0.0549  0.0472  0.0450  0.0450  0.0480  0.0462  0.0442  0.0447  0.0444
  0.0604  0.0605  0.0604  0.0573  0.0513  0.0459  0.0448  0.0458  0.0453  0.0439  0.0441  0.0440
  0.0602  0.0602  0.0601  0.0600  0.0555  0.0483  0.0451  0.0448  0.0447  0.0445  0.0439  0.0439
  0.0603  0.0601  0.0600  0.0628  0.0601  0.0514  0.0458  0.0451  0.0445  0.0459  0.0440  0.0440
  0.0609  0.0604  0.0602  0.0658  0.0653  0.0549  0.0470  0.0467  0.0446  0.0478  0.0445  0.0444
  0.0621  0.0609  0.0608  0.0691  0.0707  0.0590  0.0484  0.0492  0.0451  0.0505  0.0454  0.0450
niter,ni,del,rscale     7    3    5.0000    1.2000
parameter  4  0.596237 ->  0.500000 qaram    1.3225
parameter  5  3.386675 ->  0.500000 qaram    1.3225
parameters
   -2.0565    9.9287   13.1928   -9.2898   -9.9534   -6.5094
    5.9322    4.8157   -5.9098    9.6698   -2.6300  -12.0792
eta,q 0.96392  9.96655
  0.0473  0.0459  0.0456  0.0434  0.0315  0.0385  0.0389  0.0412  0.0379  0.0403  0.0370  0.0369
  0.0454  0.0448  0.0446  0.0424  0.0349  0.0374  0.0375  0.0386  0.0369  0.0383  0.0365  0.0365
  0.0443  0.0441  0.0440  0.0424  0.0386  0.0366  0.0366  0.0369  0.0363  0.0368  0.0362  0.0362
  0.0439  0.0439  0.0439  0.0439  0.0423  0.0359  0.0362  0.0361  0.0361  0.0361  0.0361  0.0361
  0.0443  0.0440  0.0442  0.0464  0.0465  0.0366  0.0363  0.0364  0.0364  0.0362  0.0362  0.0361
  0.0455  0.0446  0.0449  0.0494  0.0514  0.0392  0.0369  0.0378  0.0371  0.0371  0.0365  0.0364
  0.0473  0.0455  0.0461  0.0527  0.0568  0.0430  0.0380  0.0403  0.0381  0.0388  0.0371  0.0370
niter,ni,del,rscale     7    3    5.0000    1.2000
parameter  5  2.761752 ->  0.500000 qaram    1.5209
parameters
   -1.8648    9.6446   13.0852   -9.3425  -15.4285   -6.4714
    6.0110    4.9802   -5.9982    9.9617   -2.5282  -14.1976
eta,q 0.97076  9.72229
  0.0401  0.0376  0.0374  0.0405  0.0260  0.0328  0.0323  0.0344  0.0315  0.0337  0.0304  0.0298
  0.0381  0.0366  0.0366  0.0386  0.0286  0.0315  0.0308  0.0318  0.0304  0.0315  0.0299  0.0294
  0.0367  0.0361  0.0361  0.0370  0.0319  0.0304  0.0298  0.0301  0.0296  0.0300  0.0295  0.0292
  0.0361  0.0360  0.0360  0.0360  0.0360  0.0294  0.0294  0.0294  0.0294  0.0294  0.0294  0.0294
  0.0363  0.0364  0.0363  0.0363  0.0403  0.0292  0.0297  0.0298  0.0296  0.0296  0.0294  0.0297
  0.0373  0.0372  0.0368  0.0382  0.0450  0.0307  0.0307  0.0314  0.0304  0.0310  0.0298  0.0302
  0.0391  0.0385  0.0376  0.0412  0.0503  0.0336  0.0322  0.0340  0.0317  0.0331  0.0304  0.0309
niter,ni,del,rscale     7    3    5.0000    1.2000
parameter  5  1.194710 ->  0.500000 qaram    1.7490
parameters
   -1.8083    9.5992   13.1897   -8.7476  -21.7250   -5.9197
    5.9810    5.0049   -6.2666   10.6798   -2.7614  -15.2225
eta,q 0.97594  9.43049
  0.0331  0.0319  0.0310  0.0342  0.0233  0.0280  0.0270  0.0289  0.0264  0.0290  0.0252  0.0250
  0.0311  0.0304  0.0300  0.0322  0.0239  0.0265  0.0254  0.0264  0.0251  0.0265  0.0246  0.0244
  0.0298  0.0295  0.0294  0.0305  0.0258  0.0253  0.0245  0.0247  0.0243  0.0249  0.0242  0.0241
  0.0292  0.0292  0.0292  0.0292  0.0291  0.0243  0.0241  0.0241  0.0241  0.0241  0.0241  0.0241
  0.0296  0.0296  0.0294  0.0292  0.0335  0.0240  0.0245  0.0246  0.0245  0.0244  0.0242  0.0244
  0.0308  0.0305  0.0299  0.0309  0.0385  0.0252  0.0255  0.0263  0.0254  0.0255  0.0247  0.0249
  0.0328  0.0321  0.0307  0.0337  0.0439  0.0278  0.0270  0.0289  0.0267  0.0274  0.0254  0.0255
niter,ni,del,rscale     7    3    5.0000    1.2000
parameters
   -1.7812    9.8198   13.6038   -8.3975  -27.1708   -5.3861
    5.9615    4.9306   -6.7546   11.2923   -2.9673  -14.9397
eta,q 0.97735  9.14838
  0.0280  0.0278  0.0264  0.0288  0.0250  0.0265  0.0253  0.0271  0.0247  0.0267  0.0237  0.0240
  0.0259  0.0259  0.0252  0.0268  0.0232  0.0250  0.0239  0.0247  0.0235  0.0245  0.0231  0.0232
  0.0246  0.0246  0.0244  0.0251  0.0229  0.0239  0.0230  0.0232  0.0228  0.0232  0.0228  0.0228
  0.0241  0.0241  0.0240  0.0240  0.0239  0.0228  0.0227  0.0227  0.0227  0.0226  0.0226  0.0226
  0.0244  0.0242  0.0240  0.0241  0.0269  0.0225  0.0230  0.0232  0.0231  0.0229  0.0228  0.0228
  0.0257  0.0251  0.0244  0.0258  0.0315  0.0238  0.0239  0.0248  0.0240  0.0239  0.0232  0.0232
  0.0279  0.0267  0.0252  0.0287  0.0372  0.0264  0.0253  0.0273  0.0253  0.0254  0.0239  0.0237
niter,ni,del,rscale     6    3    5.0000    1.2000
parameters
   -1.8059   10.0622   13.9201   -8.6391  -27.8679   -5.1865
    6.0251    4.8912   -6.8381   11.5243   -3.1859  -14.7081
eta,q 0.97740  9.11220
  0.0263  0.0262  0.0248  0.0268  0.0281  0.0263  0.0253  0.0270  0.0249  0.0261  0.0237  0.0238
  0.0243  0.0244  0.0237  0.0250  0.0253  0.0249  0.0238  0.0246  0.0236  0.0242  0.0230  0.0231
  0.0231  0.0232  0.0229  0.0235  0.0233  0.0237  0.0229  0.0231  0.0228  0.0230  0.0227  0.0227
  0.0226  0.0226  0.0226  0.0226  0.0226  0.0226  0.0226  0.0226  0.0226  0.0226  0.0226  0.0226
  0.0231  0.0228  0.0227  0.0230  0.0234  0.0225  0.0229  0.0231  0.0229  0.0230  0.0227  0.0227
  0.0244  0.0236  0.0231  0.0249  0.0258  0.0239  0.0238  0.0246  0.0237  0.0240  0.0231  0.0231
  0.0265  0.0250  0.0238  0.0278  0.0300  0.0268  0.0252  0.0271  0.0250  0.0256  0.0238  0.0236
niter,ni,del,rscale     5    3    5.0000    1.2000
parameters
   -1.8135   10.1345   14.0084   -8.7408  -27.9993   -5.1453
    6.0359    4.8958   -6.8181   11.5685   -3.2522  -14.6260
eta,q 0.97739  9.10353
  0.0262  0.0257  0.0244  0.0268  0.0285  0.0263  0.0253  0.0270  0.0250  0.0259  0.0237  0.0238
  0.0243  0.0240  0.0234  0.0250  0.0257  0.0249  0.0238  0.0246  0.0237  0.0240  0.0231  0.0231
  0.0230  0.0230  0.0228  0.0235  0.0235  0.0236  0.0229  0.0231  0.0229  0.0229  0.0227  0.0227
  0.0226  0.0226  0.0226  0.0226  0.0226  0.0226  0.0226  0.0226  0.0226  0.0226  0.0226  0.0226
  0.0230  0.0229  0.0228  0.0229  0.0232  0.0225  0.0229  0.0231  0.0229  0.0230  0.0227  0.0228
  0.0243  0.0238  0.0233  0.0247  0.0253  0.0241  0.0239  0.0246  0.0237  0.0241  0.0231  0.0231
  0.0263  0.0253  0.0241  0.0275  0.0293  0.0271  0.0252  0.0270  0.0249  0.0257  0.0238  0.0237
niter,ni,del,rscale     4    3    5.0000    1.2000
parameters
   -1.8122   10.1477   14.0321   -8.7685  -28.0239   -5.1341
    6.0349    4.9021   -6.8127   11.5701   -3.2723  -14.6083
eta,q 0.97739  9.10168
  0.0262  0.0256  0.0243  0.0269  0.0286  0.0263  0.0253  0.0270  0.0250  0.0258  0.0238  0.0238
  0.0243  0.0239  0.0234  0.0250  0.0257  0.0249  0.0238  0.0246  0.0237  0.0240  0.0231  0.0231
  0.0231  0.0229  0.0228  0.0235  0.0235  0.0236  0.0229  0.0231  0.0229  0.0229  0.0227  0.0227
  0.0226  0.0226  0.0226  0.0226  0.0226  0.0226  0.0226  0.0226  0.0226  0.0226  0.0226  0.0226
  0.0230  0.0230  0.0228  0.0228  0.0231  0.0225  0.0230  0.0231  0.0229  0.0230  0.0227  0.0228
  0.0242  0.0239  0.0234  0.0246  0.0252  0.0241  0.0239  0.0246  0.0237  0.0241  0.0231  0.0232
  0.0262  0.0254  0.0242  0.0275  0.0291  0.0271  0.0252  0.0270  0.0249  0.0258  0.0238  0.0237
registration optimization eta report
parameter search radius
    2.4000    2.4000    2.4000    9.5220   12.5928    8.2800
    7.2000    7.2000    7.2000    7.2000    7.2000    7.2000
100000*second partial in parameter space
       63.       50.       28.        5.        4.        6.
        5.        8.        4.        6.        2.        2.
  0.0262  0.0256  0.0243  0.0269  0.0286  0.0263  0.0253  0.0270  0.0250  0.0258  0.0238  0.0238
  0.0243  0.0239  0.0234  0.0250  0.0257  0.0249  0.0238  0.0246  0.0237  0.0240  0.0231  0.0231
  0.0231  0.0229  0.0228  0.0235  0.0235  0.0236  0.0229  0.0231  0.0229  0.0229  0.0227  0.0227
  0.0226  0.0226  0.0226  0.0226  0.0226  0.0226  0.0226  0.0226  0.0226  0.0226  0.0226  0.0226
  0.0230  0.0230  0.0228  0.0228  0.0231  0.0225  0.0230  0.0231  0.0229  0.0230  0.0227  0.0228
  0.0242  0.0239  0.0234  0.0246  0.0252  0.0241  0.0239  0.0246  0.0237  0.0241  0.0231  0.0232
  0.0262  0.0254  0.0242  0.0275  0.0291  0.0271  0.0252  0.0270  0.0249  0.0258  0.0238  0.0237
   -1.8122   10.1477   14.0321   -8.7685  -28.0239   -5.1341
    6.0349    4.9021   -6.8127   11.5701   -3.2723  -14.6083
eta,q 0.97739  9.10168

---------------------------------------------------------------------
imgreg_4dfp /opt/freesurfer/average/711-2C_as_mni_average_305 /opt/freesurfer/average/711-2B_as_mni_average_305_mask talsrcimg_g11 none talsrcimg_to_711-2C_as_mni_average_305_t4 2311
---------------------------------------------------------------------

freesurfer imgreg_4dfp.c
/opt/freesurfer/average/711-2C_as_mni_average_305.4dfp.img
       256       256       256         1
  1.000000  1.000000  1.000000
orientation T byte_order littleendian
Reading image: /opt/freesurfer/average/711-2C_as_mni_average_305.4dfp.img
dimensions:      256       256       256
mmppix:       1.0000   -1.0000   -1.0000
center:     128.0000 -129.0000 -129.0000
/opt/freesurfer/average/711-2B_as_mni_average_305_mask.4dfp.img
       256       256       256         1
  1.000000  1.000000  1.000000
orientation T byte_order littleendian
Reading mask: /opt/freesurfer/average/711-2B_as_mni_average_305_mask.4dfp.img (2306576 pixels)
talsrcimg_g11.4dfp.img
       256       256       256         1
  1.000000  1.000000  1.000000
orientation T byte_order littleendian
Reading image: talsrcimg_g11.4dfp.img
dimensions:      256       256       256
mmppix:       1.0000   -1.0000   -1.0000
center:     128.0000 -129.0000 -129.0000
fimgreg.f
image alignment mode   2311 decimal      907 hex
parameters
   -1.8122   10.1477   14.0321   -8.7685  -28.0239   -5.1341
    6.0349    4.9021   -6.8127   11.5701   -3.2723  -14.6083
eta,q 0.97739  9.10168
niter,ni,del,rscale     5    3    5.0000    0.8000
parameters
   -1.7961   10.1273   14.0010   -7.9436  -27.3189   -4.1942
    5.9756    4.8954   -6.7658   11.3119   -3.3392  -14.9931
eta,q 0.97766  9.20243
  0.0243  0.0239  0.0233  0.0243  0.0237  0.0245  0.0236  0.0246  0.0235  0.0237  0.0229  0.0228
  0.0234  0.0232  0.0229  0.0236  0.0231  0.0238  0.0229  0.0234  0.0228  0.0229  0.0226  0.0225
  0.0228  0.0227  0.0227  0.0230  0.0227  0.0231  0.0225  0.0226  0.0225  0.0224  0.0224  0.0224
  0.0226  0.0226  0.0226  0.0226  0.0225  0.0225  0.0224  0.0224  0.0224  0.0224  0.0223  0.0223
  0.0228  0.0228  0.0227  0.0225  0.0226  0.0223  0.0225  0.0226  0.0225  0.0226  0.0224  0.0224
  0.0233  0.0232  0.0230  0.0228  0.0228  0.0226  0.0230  0.0234  0.0228  0.0232  0.0226  0.0227
  0.0242  0.0240  0.0234  0.0235  0.0232  0.0236  0.0236  0.0247  0.0234  0.0240  0.0229  0.0229
niter,ni,del,rscale     4    3    5.0000    0.7000
parameters
   -1.8224   10.0113   14.1086   -7.9166  -27.2369   -3.9901
    5.9575    4.8854   -6.7852   11.1760   -3.3641  -14.8684
eta,q 0.97770  9.21116
  0.0236  0.0232  0.0231  0.0235  0.0231  0.0238  0.0233  0.0241  0.0231  0.0235  0.0228  0.0228
  0.0229  0.0227  0.0227  0.0229  0.0227  0.0232  0.0227  0.0231  0.0227  0.0228  0.0225  0.0225
  0.0225  0.0224  0.0224  0.0225  0.0224  0.0227  0.0224  0.0225  0.0224  0.0224  0.0223  0.0224
  0.0223  0.0223  0.0223  0.0223  0.0223  0.0223  0.0223  0.0223  0.0223  0.0223  0.0223  0.0223
  0.0225  0.0225  0.0224  0.0224  0.0224  0.0223  0.0224  0.0225  0.0224  0.0225  0.0224  0.0223
  0.0230  0.0229  0.0226  0.0228  0.0226  0.0228  0.0228  0.0231  0.0227  0.0229  0.0225  0.0225
  0.0237  0.0235  0.0229  0.0236  0.0230  0.0238  0.0233  0.0241  0.0232  0.0236  0.0228  0.0227
niter,ni,del,rscale     3    3    5.0000    0.6000
parameters
   -1.8199    9.9716   14.1672   -7.8695  -27.2422   -3.8176
    5.9469    4.8885   -6.8007   11.0747   -3.3848  -14.8173
eta,q 0.97772  9.21632
  0.0233  0.0230  0.0228  0.0232  0.0228  0.0235  0.0230  0.0236  0.0229  0.0231  0.0226  0.0226
  0.0228  0.0226  0.0225  0.0228  0.0225  0.0230  0.0226  0.0229  0.0226  0.0226  0.0224  0.0224
  0.0224  0.0224  0.0224  0.0224  0.0224  0.0225  0.0224  0.0224  0.0224  0.0224  0.0223  0.0223
  0.0223  0.0223  0.0223  0.0223  0.0223  0.0223  0.0223  0.0223  0.0223  0.0223  0.0223  0.0223
  0.0224  0.0224  0.0223  0.0224  0.0224  0.0223  0.0224  0.0224  0.0224  0.0224  0.0223  0.0223
  0.0227  0.0227  0.0225  0.0227  0.0225  0.0227  0.0226  0.0229  0.0226  0.0227  0.0224  0.0224
  0.0233  0.0231  0.0227  0.0232  0.0228  0.0234  0.0230  0.0236  0.0229  0.0232  0.0226  0.0226
niter,ni,del,rscale     2    3    5.0000    0.5000
parameters
   -1.8174    9.9522   14.2106   -7.8292  -27.2654   -3.6697
    5.9459    4.8950   -6.8187   11.0122   -3.3816  -14.7706
eta,q 0.97773  9.22001
  0.0230  0.0228  0.0226  0.0229  0.0226  0.0231  0.0228  0.0232  0.0227  0.0229  0.0225  0.0225
  0.0226  0.0225  0.0224  0.0226  0.0224  0.0227  0.0225  0.0227  0.0225  0.0225  0.0224  0.0224
  0.0224  0.0223  0.0223  0.0224  0.0223  0.0224  0.0223  0.0224  0.0223  0.0223  0.0223  0.0223
  0.0223  0.0223  0.0223  0.0223  0.0223  0.0223  0.0223  0.0223  0.0223  0.0223  0.0223  0.0223
  0.0224  0.0224  0.0223  0.0223  0.0223  0.0223  0.0223  0.0224  0.0223  0.0224  0.0223  0.0223
  0.0226  0.0225  0.0224  0.0225  0.0224  0.0226  0.0225  0.0227  0.0225  0.0226  0.0224  0.0224
  0.0230  0.0228  0.0226  0.0229  0.0226  0.0231  0.0228  0.0232  0.0227  0.0229  0.0225  0.0225
niter,ni,del,rscale     1    3    5.0000    0.4000
parameters
   -1.8184    9.9360   14.2494   -7.7994  -27.2799   -3.5540
    5.9476    4.8975   -6.8313   10.9578   -3.4129  -14.7404
eta,q 0.97773  9.22308
  0.0227  0.0226  0.0225  0.0227  0.0225  0.0228  0.0226  0.0229  0.0226  0.0227  0.0224  0.0224
  0.0225  0.0224  0.0224  0.0225  0.0224  0.0226  0.0224  0.0225  0.0224  0.0224  0.0223  0.0223
  0.0223  0.0223  0.0223  0.0223  0.0223  0.0224  0.0223  0.0223  0.0223  0.0223  0.0223  0.0223
  0.0223  0.0223  0.0223  0.0223  0.0223  0.0223  0.0223  0.0223  0.0223  0.0223  0.0223  0.0223
  0.0223  0.0223  0.0223  0.0223  0.0223  0.0223  0.0223  0.0223  0.0223  0.0223  0.0223  0.0223
  0.0225  0.0224  0.0224  0.0224  0.0224  0.0225  0.0224  0.0225  0.0224  0.0225  0.0223  0.0223
  0.0227  0.0226  0.0225  0.0227  0.0225  0.0228  0.0226  0.0229  0.0226  0.0227  0.0224  0.0224
registration optimization eta report
parameter search radius
    0.8000    0.8000    0.8000    2.4000    2.4000    2.4000
    2.4000    2.4000    2.4000    2.4000    2.4000    2.4000
100000*second partial in parameter space
       70.       54.       33.        7.        4.        9.
        6.       11.        5.        7.        3.        2.
  0.0227  0.0226  0.0225  0.0227  0.0225  0.0228  0.0226  0.0229  0.0226  0.0227  0.0224  0.0224
  0.0225  0.0224  0.0224  0.0225  0.0224  0.0226  0.0224  0.0225  0.0224  0.0224  0.0223  0.0223
  0.0223  0.0223  0.0223  0.0223  0.0223  0.0224  0.0223  0.0223  0.0223  0.0223  0.0223  0.0223
  0.0223  0.0223  0.0223  0.0223  0.0223  0.0223  0.0223  0.0223  0.0223  0.0223  0.0223  0.0223
  0.0223  0.0223  0.0223  0.0223  0.0223  0.0223  0.0223  0.0223  0.0223  0.0223  0.0223  0.0223
  0.0225  0.0224  0.0224  0.0224  0.0224  0.0225  0.0224  0.0225  0.0224  0.0225  0.0223  0.0223
  0.0227  0.0226  0.0225  0.0227  0.0225  0.0228  0.0226  0.0229  0.0226  0.0227  0.0224  0.0224
   -1.8184    9.9360   14.2494   -7.7994  -27.2799   -3.5540
    5.9476    4.8975   -6.8313   10.9578   -3.4129  -14.7404
eta,q 0.97773  9.22308

---------------------------------------------------------------------
imgreg_4dfp /opt/freesurfer/average/711-2C_as_mni_average_305 /opt/freesurfer/average/711-2B_as_mni_average_305_mask talsrcimg_g11 none talsrcimg_to_711-2C_as_mni_average_305_t4 2311
---------------------------------------------------------------------

freesurfer imgreg_4dfp.c
/opt/freesurfer/average/711-2C_as_mni_average_305.4dfp.img
       256       256       256         1
  1.000000  1.000000  1.000000
orientation T byte_order littleendian
Reading image: /opt/freesurfer/average/711-2C_as_mni_average_305.4dfp.img
dimensions:      256       256       256
mmppix:       1.0000   -1.0000   -1.0000
center:     128.0000 -129.0000 -129.0000
/opt/freesurfer/average/711-2B_as_mni_average_305_mask.4dfp.img
       256       256       256         1
  1.000000  1.000000  1.000000
orientation T byte_order littleendian
Reading mask: /opt/freesurfer/average/711-2B_as_mni_average_305_mask.4dfp.img (2306576 pixels)
talsrcimg_g11.4dfp.img
       256       256       256         1
  1.000000  1.000000  1.000000
orientation T byte_order littleendian
Reading image: talsrcimg_g11.4dfp.img
dimensions:      256       256       256
mmppix:       1.0000   -1.0000   -1.0000
center:     128.0000 -129.0000 -129.0000
fimgreg.f
image alignment mode   2311 decimal      907 hex
parameters
   -1.8184    9.9360   14.2494   -7.7994  -27.2799   -3.5540
    5.9476    4.8975   -6.8313   10.9578   -3.4129  -14.7404
eta,q 0.97773  9.22308
niter,ni,del,rscale     5    3    5.0000    0.8000
parameters
   -1.8271    9.9368   14.2949   -8.0610  -27.2676   -3.9554
    5.9508    4.8719   -6.8132   11.0692   -3.4424  -14.5395
eta,q 0.97769  9.20223
  0.0240  0.0237  0.0232  0.0236  0.0232  0.0238  0.0236  0.0246  0.0234  0.0240  0.0229  0.0229
  0.0231  0.0229  0.0227  0.0230  0.0227  0.0231  0.0229  0.0233  0.0228  0.0231  0.0225  0.0226
  0.0225  0.0224  0.0224  0.0225  0.0224  0.0226  0.0225  0.0225  0.0224  0.0225  0.0224  0.0224
  0.0223  0.0223  0.0223  0.0223  0.0223  0.0223  0.0223  0.0223  0.0223  0.0223  0.0223  0.0223
  0.0225  0.0224  0.0224  0.0225  0.0224  0.0225  0.0224  0.0226  0.0224  0.0225  0.0224  0.0224
  0.0231  0.0229  0.0226  0.0231  0.0227  0.0233  0.0229  0.0233  0.0228  0.0230  0.0226  0.0225
  0.0241  0.0237  0.0231  0.0241  0.0232  0.0248  0.0236  0.0246  0.0234  0.0238  0.0229  0.0228
niter,ni,del,rscale     4    3    5.0000    0.7000
parameters
   -1.8133    9.9495   14.2331   -7.9540  -27.2568   -3.9236
    5.9525    4.8934   -6.8090   11.0301   -3.4195  -14.6616
eta,q 0.97771  9.20794
  0.0237  0.0234  0.0229  0.0235  0.0230  0.0237  0.0233  0.0241  0.0232  0.0235  0.0228  0.0227
  0.0229  0.0228  0.0225  0.0229  0.0226  0.0231  0.0227  0.0231  0.0227  0.0228  0.0225  0.0225
  0.0225  0.0224  0.0223  0.0225  0.0224  0.0226  0.0224  0.0225  0.0224  0.0224  0.0223  0.0223
  0.0223  0.0223  0.0223  0.0223  0.0223  0.0223  0.0223  0.0223  0.0223  0.0223  0.0223  0.0223
  0.0224  0.0224  0.0224  0.0224  0.0224  0.0224  0.0224  0.0225  0.0224  0.0225  0.0223  0.0224
  0.0229  0.0228  0.0226  0.0228  0.0226  0.0229  0.0227  0.0231  0.0227  0.0229  0.0225  0.0225
  0.0236  0.0233  0.0230  0.0235  0.0230  0.0239  0.0233  0.0241  0.0231  0.0235  0.0227  0.0227
niter,ni,del,rscale     3    3    5.0000    0.6000
parameters
   -1.8124    9.9455   14.2143   -7.8758  -27.2538   -3.7915
    5.9439    4.8966   -6.8128   11.0124   -3.4107  -14.7255
eta,q 0.97772  9.21498
  0.0233  0.0231  0.0228  0.0232  0.0228  0.0234  0.0230  0.0236  0.0229  0.0232  0.0226  0.0226
  0.0227  0.0226  0.0225  0.0228  0.0225  0.0229  0.0226  0.0229  0.0226  0.0227  0.0224  0.0224
  0.0224  0.0224  0.0223  0.0224  0.0223  0.0225  0.0224  0.0224  0.0223  0.0224  0.0223  0.0223
  0.0223  0.0223  0.0223  0.0223  0.0223  0.0223  0.0223  0.0223  0.0223  0.0223  0.0223  0.0223
  0.0224  0.0224  0.0224  0.0224  0.0223  0.0223  0.0224  0.0224  0.0224  0.0224  0.0223  0.0223
  0.0227  0.0226  0.0225  0.0227  0.0225  0.0227  0.0226  0.0229  0.0226  0.0227  0.0224  0.0224
  0.0233  0.0231  0.0228  0.0232  0.0228  0.0234  0.0230  0.0236  0.0229  0.0232  0.0226  0.0226
niter,ni,del,rscale     2    3    5.0000    0.5000
parameters
   -1.8146    9.9407   14.2299   -7.8331  -27.2657   -3.6599
    5.9467    4.8979   -6.8243   10.9854   -3.4192  -14.7508
eta,q 0.97773  9.21979
  0.0230  0.0228  0.0226  0.0229  0.0226  0.0231  0.0228  0.0232  0.0227  0.0229  0.0225  0.0225
  0.0226  0.0225  0.0224  0.0226  0.0224  0.0227  0.0225  0.0227  0.0225  0.0225  0.0224  0.0224
  0.0224  0.0223  0.0223  0.0224  0.0223  0.0224  0.0223  0.0224  0.0223  0.0223  0.0223  0.0223
  0.0223  0.0223  0.0223  0.0223  0.0223  0.0223  0.0223  0.0223  0.0223  0.0223  0.0223  0.0223
  0.0224  0.0223  0.0223  0.0223  0.0223  0.0223  0.0223  0.0224  0.0223  0.0224  0.0223  0.0223
  0.0226  0.0225  0.0224  0.0225  0.0224  0.0226  0.0225  0.0227  0.0225  0.0226  0.0224  0.0224
  0.0230  0.0228  0.0226  0.0229  0.0226  0.0231  0.0228  0.0232  0.0227  0.0229  0.0225  0.0225
niter,ni,del,rscale     1    3    5.0000    0.4000
parameters
   -1.8158    9.9333   14.2558   -7.7995  -27.2858   -3.5495
    5.9464    4.9021   -6.8376   10.9461   -3.4278  -14.7286
eta,q 0.97773  9.22276
  0.0227  0.0226  0.0225  0.0227  0.0225  0.0228  0.0226  0.0229  0.0226  0.0227  0.0224  0.0224
  0.0225  0.0224  0.0224  0.0225  0.0224  0.0226  0.0224  0.0225  0.0224  0.0224  0.0223  0.0223
  0.0223  0.0223  0.0223  0.0223  0.0223  0.0224  0.0223  0.0223  0.0223  0.0223  0.0223  0.0223
  0.0223  0.0223  0.0223  0.0223  0.0223  0.0223  0.0223  0.0223  0.0223  0.0223  0.0223  0.0223
  0.0223  0.0223  0.0223  0.0223  0.0223  0.0223  0.0223  0.0223  0.0223  0.0223  0.0223  0.0223
  0.0225  0.0224  0.0224  0.0224  0.0224  0.0225  0.0224  0.0225  0.0224  0.0225  0.0223  0.0223
  0.0227  0.0226  0.0225  0.0227  0.0225  0.0228  0.0226  0.0229  0.0226  0.0227  0.0224  0.0224
registration optimization eta report
parameter search radius
    0.8000    0.8000    0.8000    2.4000    2.4000    2.4000
    2.4000    2.4000    2.4000    2.4000    2.4000    2.4000
100000*second partial in parameter space
       71.       55.       34.        7.        4.        9.
        6.       11.        5.        7.        3.        2.
  0.0227  0.0226  0.0225  0.0227  0.0225  0.0228  0.0226  0.0229  0.0226  0.0227  0.0224  0.0224
  0.0225  0.0224  0.0224  0.0225  0.0224  0.0226  0.0224  0.0225  0.0224  0.0224  0.0223  0.0223
  0.0223  0.0223  0.0223  0.0223  0.0223  0.0224  0.0223  0.0223  0.0223  0.0223  0.0223  0.0223
  0.0223  0.0223  0.0223  0.0223  0.0223  0.0223  0.0223  0.0223  0.0223  0.0223  0.0223  0.0223
  0.0223  0.0223  0.0223  0.0223  0.0223  0.0223  0.0223  0.0223  0.0223  0.0223  0.0223  0.0223
  0.0225  0.0224  0.0224  0.0224  0.0224  0.0225  0.0224  0.0225  0.0224  0.0225  0.0223  0.0223
  0.0227  0.0226  0.0225  0.0227  0.0225  0.0228  0.0226  0.0229  0.0226  0.0227  0.0224  0.0224
   -1.8158    9.9333   14.2558   -7.7995  -27.2858   -3.5495
    5.9464    4.9021   -6.8376   10.9461   -3.4278  -14.7286
eta,q 0.97773  9.22276

---------------------------------------------------------------------
compute_vox2vox talsrcimg talsrcimg_to_711-2C_as_mni_average_305_t4 /opt/freesurfer/average/711-2C_as_mni_average_305
---------------------------------------------------------------------

freesurfer compute_vox2vox.c
Reading: talsrcimg.4dfp.ifh
Reading: talsrcimg_to_711-2C_as_mni_average_305_t4
Reading: /opt/freesurfer/average/711-2C_as_mni_average_305.4dfp.ifh
Writing: talsrcimg_to_711-2C_as_mni_average_305_t4_vox2vox.txt

start time Fri Mar 6 14:50:29 CET 2026
end		time Fri Mar 6 14:51:57 CET 2026

mpr2mni305 success

avi2talxfm orig_nu.mgz /opt/freesurfer/average/mni305.cor.mgz talsrcimg_to_711-2C_as_mni_average_305_t4_vox2vox.txt transforms/talairach.auto.xfm
avi2talxfm done
mv -f /out/sourcedata/freesurfer/sub-v1s10x0051118_ses-1/mri/talsrcimg_to_711-2C_as_mni_average_305_t4_vox2vox.txt /out/sourcedata/freesurfer/sub-v1s10x0051118_ses-1/mri/transforms/talsrcimg_to_711-2C_as_mni_average_305_t4_vox2vox.txt
lta_convert --src orig_nu.mgz --trg /opt/freesurfer/average/mni305.cor.mgz --inxfm transforms/talairach.auto.xfm --outlta transforms/talairach.auto.xfm.lta --subject fsaverage
7.3.2

--src: orig_nu.mgz src image (geometry).
--trg: /opt/freesurfer/average/mni305.cor.mgz trg image (geometry).
--inmni: transforms/talairach.auto.xfm input MNI/XFM transform.
--outlta: transforms/talairach.auto.xfm.lta output LTA.
--s: fsaverage subject name
 LTA read, type : 1
 1.07579  -0.04369  -0.09683   3.62694;
 0.05248   1.01137   0.20057  -17.36749;
 0.09326  -0.15636   1.33595  -11.23688;
 0.00000   0.00000   0.00000   1.00000;
setting subject to fsaverage
Writing  LTA to file transforms/talairach.auto.xfm.lta...
lta_convert successful.
 
 
Started at Fri Mar 6 14:50:28 CET 2026
Ended   at Fri Mar  6 14:51:57 CET 2026
talairach_avi done
