status file for recon-all
Sat Mar  7 10:27:51 CET 2026
#@# Tessellate rh Sat Mar  7 10:27:51 CET 2026
#@# Smooth1 rh Sat Mar  7 10:27:55 CET 2026
#@# Inflation1 rh Sat Mar  7 10:27:57 CET 2026
#@# QSphere rh Sat Mar  7 10:28:11 CET 2026
#@# Fix Topology rh Sat Mar  7 10:29:15 CET 2026
#@# Smooth2 rh Sat Mar  7 10:35:07 CET 2026
#@# Inflation2 rh Sat Mar  7 10:35:10 CET 2026
#@# Curv .H and .K rh Sat Mar  7 10:35:23 CET 2026
#@# Sphere rh Sat Mar  7 10:36:05 CET 2026
#@# Surf Reg rh Sat Mar  7 10:40:51 CET 2026
#@# Jacobian white rh Sat Mar  7 10:45:22 CET 2026
#@# AvgCurv rh Sat Mar  7 10:45:23 CET 2026
#@# Cortical Parc rh Sat Mar  7 10:45:24 CET 2026
#@# white curv rh Sat Mar  7 10:51:35 CET 2026
#@# white area rh Sat Mar  7 10:51:37 CET 2026
#@# pial curv rh Sat Mar  7 10:51:38 CET 2026
#@# pial area rh Sat Mar  7 10:51:40 CET 2026
#@# thickness rh Sat Mar  7 10:51:41 CET 2026
#@# area and vertex vol rh Sat Mar  7 10:52:09 CET 2026
#@# Curvature Stats rh Sat Mar  7 10:52:10 CET 2026
#@# Cortical Parc 2 rh Sat Mar  7 10:52:13 CET 2026
#@# Cortical Parc 3 rh Sat Mar  7 10:52:25 CET 2026
#@# WM/GM Contrast rh Sat Mar  7 10:52:34 CET 2026
recon-all -s sub-v1s20x0050291_ses-1 finished without error at Sat Mar  7 10:52:38 CET 2026



#New# invocation of recon-all 



status file for recon-all
Sat Mar  7 11:00:05 CET 2026
#@# white curv rh Sat Mar  7 11:00:05 CET 2026
#@# white area rh Sat Mar  7 11:00:05 CET 2026
#@# pial curv rh Sat Mar  7 11:00:05 CET 2026
#@# pial area rh Sat Mar  7 11:00:05 CET 2026
#@# thickness rh Sat Mar  7 11:00:06 CET 2026
#@# area and vertex vol rh Sat Mar  7 11:00:06 CET 2026
#@# Parcellation Stats rh Sat Mar  7 11:00:06 CET 2026
#@# Parcellation Stats 2 rh Sat Mar  7 11:00:23 CET 2026
#@# Parcellation Stats 3 rh Sat Mar  7 11:00:31 CET 2026
#@# BA_exvivo Labels rh Sat Mar  7 11:00:40 CET 2026
recon-all -s sub-v1s20x0050291_ses-1 finished without error at Sat Mar  7 11:03:21 CET 2026
