status file for recon-all
Fri Mar  6 14:05:20 CET 2026
#@# Tessellate lh Fri Mar  6 14:05:20 CET 2026
#@# Smooth1 lh Fri Mar  6 14:05:24 CET 2026
#@# Inflation1 lh Fri Mar  6 14:05:26 CET 2026
#@# QSphere lh Fri Mar  6 14:05:39 CET 2026
#@# Fix Topology lh Fri Mar  6 14:07:00 CET 2026
#@# Smooth2 lh Fri Mar  6 14:13:58 CET 2026
#@# Inflation2 lh Fri Mar  6 14:14:01 CET 2026
#@# Curv .H and .K lh Fri Mar  6 14:14:16 CET 2026
#@# Sphere lh Fri Mar  6 14:14:59 CET 2026
#@# Surf Reg lh Fri Mar  6 14:17:36 CET 2026
#@# Jacobian white lh Fri Mar  6 14:21:38 CET 2026
#@# AvgCurv lh Fri Mar  6 14:21:39 CET 2026
#@# Cortical Parc lh Fri Mar  6 14:21:40 CET 2026
#@# white curv lh Fri Mar  6 14:27:27 CET 2026
#@# white area lh Fri Mar  6 14:27:28 CET 2026
#@# pial curv lh Fri Mar  6 14:27:29 CET 2026
#@# pial area lh Fri Mar  6 14:27:31 CET 2026
#@# thickness lh Fri Mar  6 14:27:31 CET 2026
#@# area and vertex vol lh Fri Mar  6 14:27:59 CET 2026
#@# Curvature Stats lh Fri Mar  6 14:28:00 CET 2026
#@# Cortical Parc 2 lh Fri Mar  6 14:28:03 CET 2026
#@# Cortical Parc 3 lh Fri Mar  6 14:28:15 CET 2026
#@# WM/GM Contrast lh Fri Mar  6 14:28:25 CET 2026
recon-all -s sub-v1s10x0051081_ses-1 finished without error at Fri Mar  6 14:28:29 CET 2026



#New# invocation of recon-all 



status file for recon-all
Fri Mar  6 14:55:01 CET 2026
#@# white curv lh Fri Mar  6 14:55:01 CET 2026
#@# white area lh Fri Mar  6 14:55:01 CET 2026
#@# pial curv lh Fri Mar  6 14:55:01 CET 2026
#@# pial area lh Fri Mar  6 14:55:01 CET 2026
#@# thickness lh Fri Mar  6 14:55:01 CET 2026
#@# area and vertex vol lh Fri Mar  6 14:55:01 CET 2026
#@# Parcellation Stats lh Fri Mar  6 14:55:01 CET 2026
#@# Parcellation Stats 2 lh Fri Mar  6 14:55:24 CET 2026
#@# Parcellation Stats 3 lh Fri Mar  6 14:55:35 CET 2026
#@# BA_exvivo Labels lh Fri Mar  6 14:55:44 CET 2026
recon-all -s sub-v1s10x0051081_ses-1 finished without error at Fri Mar  6 14:58:17 CET 2026
