status file for recon-all
Fri Mar  6 14:16:46 CET 2026
#@# MotionCor Fri Mar  6 14:16:48 CET 2026
#@# Talairach Fri Mar  6 14:16:56 CET 2026
#@# Talairach Failure Detection Fri Mar  6 14:21:20 CET 2026
#@# Nu Intensity Correction Fri Mar  6 14:21:20 CET 2026
#@# Intensity Normalization Fri Mar  6 14:24:35 CET 2026
recon-all -s sub-v1s10x0051109_ses-1 finished without error at Fri Mar  6 14:25:56 CET 2026



#New# invocation of recon-all 



status file for recon-all
Fri Mar  6 14:32:56 CET 2026
#@# EM Registration Fri Mar  6 14:32:56 CET 2026
recon-all -s sub-v1s10x0051109_ses-1 finished without error at Fri Mar  6 14:34:50 CET 2026



#New# invocation of recon-all 



status file for recon-all
Fri Mar  6 14:34:52 CET 2026
#@# CA Normalize Fri Mar  6 14:34:52 CET 2026
#@# CA Reg Fri Mar  6 14:36:13 CET 2026
#@# SubCort Seg Fri Mar  6 15:25:33 CET 2026
#@# CC Seg Fri Mar  6 15:51:27 CET 2026
#@# Merge ASeg Fri Mar  6 15:52:22 CET 2026
#@# Intensity Normalization2 Fri Mar  6 15:52:22 CET 2026
#@# Mask BFS Fri Mar  6 15:54:27 CET 2026
#@# WM Segmentation Fri Mar  6 15:54:28 CET 2026
#@# Fill Fri Mar  6 15:56:21 CET 2026
recon-all -s sub-v1s10x0051109_ses-1 finished without error at Fri Mar  6 15:57:22 CET 2026



#New# invocation of recon-all 



status file for recon-all
Fri Mar  6 16:41:38 CET 2026
#@# white curv lh Fri Mar  6 16:41:38 CET 2026
#@# white area lh Fri Mar  6 16:41:38 CET 2026
#@# pial curv lh Fri Mar  6 16:41:38 CET 2026
#@# pial area lh Fri Mar  6 16:41:38 CET 2026
#@# thickness lh Fri Mar  6 16:41:38 CET 2026
#@# area and vertex vol lh Fri Mar  6 16:41:38 CET 2026
#@# white curv rh Fri Mar  6 16:41:38 CET 2026
#@# white area rh Fri Mar  6 16:41:38 CET 2026
#@# pial curv rh Fri Mar  6 16:41:38 CET 2026
#@# pial area rh Fri Mar  6 16:41:38 CET 2026
#@# thickness rh Fri Mar  6 16:41:38 CET 2026
#@# area and vertex vol rh Fri Mar  6 16:41:38 CET 2026
#@# Cortical ribbon mask Fri Mar  6 16:41:38 CET 2026
recon-all -s sub-v1s10x0051109_ses-1 finished without error at Fri Mar  6 16:45:14 CET 2026



#New# invocation of recon-all 



status file for recon-all
Fri Mar  6 16:51:36 CET 2026
#@# white curv lh Fri Mar  6 16:51:36 CET 2026
#@# white area lh Fri Mar  6 16:51:36 CET 2026
#@# pial curv lh Fri Mar  6 16:51:36 CET 2026
#@# pial area lh Fri Mar  6 16:51:36 CET 2026
#@# thickness lh Fri Mar  6 16:51:37 CET 2026
#@# area and vertex vol lh Fri Mar  6 16:51:37 CET 2026
#@# white curv rh Fri Mar  6 16:51:37 CET 2026
#@# white area rh Fri Mar  6 16:51:37 CET 2026
#@# pial curv rh Fri Mar  6 16:51:37 CET 2026
#@# pial area rh Fri Mar  6 16:51:37 CET 2026
#@# thickness rh Fri Mar  6 16:51:37 CET 2026
#@# area and vertex vol rh Fri Mar  6 16:51:37 CET 2026
#@# Curvature Stats lh Fri Mar  6 16:51:37 CET 2026
#@# Curvature Stats rh Fri Mar  6 16:51:39 CET 2026
#@# Relabel Hypointensities Fri Mar  6 16:51:42 CET 2026
#@# APas-to-ASeg Fri Mar  6 16:51:56 CET 2026
#@# AParc-to-ASeg aparc Fri Mar  6 16:52:04 CET 2026
#@# AParc-to-ASeg aparc.a2009s Fri Mar  6 16:52:33 CET 2026
#@# AParc-to-ASeg aparc.DKTatlas Fri Mar  6 16:53:03 CET 2026
#@# WMParc Fri Mar  6 16:53:35 CET 2026
#@# ASeg Stats Fri Mar  6 16:57:08 CET 2026
recon-all -s sub-v1s10x0051109_ses-1 finished without error at Fri Mar  6 16:57:50 CET 2026
