status file for recon-all
Fri Mar  6 09:16:35 CET 2026
#@# MotionCor Fri Mar  6 09:16:37 CET 2026
#@# Talairach Fri Mar  6 09:16:42 CET 2026
#@# Talairach Failure Detection Fri Mar  6 09:19:31 CET 2026
#@# Nu Intensity Correction Fri Mar  6 09:19:31 CET 2026
#@# Intensity Normalization Fri Mar  6 09:22:16 CET 2026
recon-all -s sub-v1s10x0051035_ses-1 finished without error at Fri Mar  6 09:23:10 CET 2026



#New# invocation of recon-all 



status file for recon-all
Fri Mar  6 09:29:08 CET 2026
#@# EM Registration Fri Mar  6 09:29:08 CET 2026
recon-all -s sub-v1s10x0051035_ses-1 finished without error at Fri Mar  6 09:32:06 CET 2026



#New# invocation of recon-all 



status file for recon-all
Fri Mar  6 09:32:09 CET 2026
#@# CA Normalize Fri Mar  6 09:32:09 CET 2026
#@# CA Reg Fri Mar  6 09:33:03 CET 2026
#@# SubCort Seg Fri Mar  6 10:20:50 CET 2026
#@# CC Seg Fri Mar  6 10:39:59 CET 2026
#@# Merge ASeg Fri Mar  6 10:40:20 CET 2026
#@# Intensity Normalization2 Fri Mar  6 10:40:20 CET 2026
#@# Mask BFS Fri Mar  6 10:41:39 CET 2026
#@# WM Segmentation Fri Mar  6 10:41:40 CET 2026
#@# Fill Fri Mar  6 10:43:13 CET 2026
recon-all -s sub-v1s10x0051035_ses-1 finished without error at Fri Mar  6 10:43:50 CET 2026



#New# invocation of recon-all 



status file for recon-all
Fri Mar  6 11:22:18 CET 2026
#@# white curv lh Fri Mar  6 11:22:18 CET 2026
#@# white area lh Fri Mar  6 11:22:18 CET 2026
#@# pial curv lh Fri Mar  6 11:22:18 CET 2026
#@# pial area lh Fri Mar  6 11:22:18 CET 2026
#@# thickness lh Fri Mar  6 11:22:18 CET 2026
#@# area and vertex vol lh Fri Mar  6 11:22:18 CET 2026
#@# white curv rh Fri Mar  6 11:22:18 CET 2026
#@# white area rh Fri Mar  6 11:22:18 CET 2026
#@# pial curv rh Fri Mar  6 11:22:18 CET 2026
#@# pial area rh Fri Mar  6 11:22:18 CET 2026
#@# thickness rh Fri Mar  6 11:22:18 CET 2026
#@# area and vertex vol rh Fri Mar  6 11:22:18 CET 2026
#@# Cortical ribbon mask Fri Mar  6 11:22:18 CET 2026
recon-all -s sub-v1s10x0051035_ses-1 finished without error at Fri Mar  6 11:25:30 CET 2026



#New# invocation of recon-all 



status file for recon-all
Fri Mar  6 11:30:20 CET 2026
#@# white curv lh Fri Mar  6 11:30:20 CET 2026
#@# white area lh Fri Mar  6 11:30:20 CET 2026
#@# pial curv lh Fri Mar  6 11:30:20 CET 2026
#@# pial area lh Fri Mar  6 11:30:20 CET 2026
#@# thickness lh Fri Mar  6 11:30:21 CET 2026
#@# area and vertex vol lh Fri Mar  6 11:30:21 CET 2026
#@# white curv rh Fri Mar  6 11:30:21 CET 2026
#@# white area rh Fri Mar  6 11:30:21 CET 2026
#@# pial curv rh Fri Mar  6 11:30:21 CET 2026
#@# pial area rh Fri Mar  6 11:30:21 CET 2026
#@# thickness rh Fri Mar  6 11:30:21 CET 2026
#@# area and vertex vol rh Fri Mar  6 11:30:21 CET 2026
#@# Curvature Stats lh Fri Mar  6 11:30:21 CET 2026
#@# Curvature Stats rh Fri Mar  6 11:30:22 CET 2026
#@# Relabel Hypointensities Fri Mar  6 11:30:24 CET 2026
#@# APas-to-ASeg Fri Mar  6 11:30:35 CET 2026
#@# AParc-to-ASeg aparc Fri Mar  6 11:30:41 CET 2026
#@# AParc-to-ASeg aparc.a2009s Fri Mar  6 11:31:09 CET 2026
#@# AParc-to-ASeg aparc.DKTatlas Fri Mar  6 11:31:37 CET 2026
#@# WMParc Fri Mar  6 11:32:04 CET 2026
#@# ASeg Stats Fri Mar  6 11:33:56 CET 2026
recon-all -s sub-v1s10x0051035_ses-1 finished without error at Fri Mar  6 11:34:15 CET 2026
