status file for recon-all
Fri Mar  6 16:40:11 CET 2026
#@# Tessellate rh Fri Mar  6 16:40:11 CET 2026
#@# Smooth1 rh Fri Mar  6 16:40:14 CET 2026
#@# Inflation1 rh Fri Mar  6 16:40:17 CET 2026
#@# QSphere rh Fri Mar  6 16:40:30 CET 2026
#@# Fix Topology rh Fri Mar  6 16:41:52 CET 2026
#@# Smooth2 rh Fri Mar  6 16:48:13 CET 2026
#@# Inflation2 rh Fri Mar  6 16:48:16 CET 2026
#@# Curv .H and .K rh Fri Mar  6 16:48:31 CET 2026
#@# Sphere rh Fri Mar  6 16:49:15 CET 2026
#@# Surf Reg rh Fri Mar  6 16:51:23 CET 2026
#@# Jacobian white rh Fri Mar  6 16:54:55 CET 2026
#@# AvgCurv rh Fri Mar  6 16:54:56 CET 2026
#@# Cortical Parc rh Fri Mar  6 16:54:56 CET 2026
#@# white curv rh Fri Mar  6 17:00:49 CET 2026
#@# white area rh Fri Mar  6 17:00:51 CET 2026
#@# pial curv rh Fri Mar  6 17:00:51 CET 2026
#@# pial area rh Fri Mar  6 17:00:53 CET 2026
#@# thickness rh Fri Mar  6 17:00:54 CET 2026
#@# area and vertex vol rh Fri Mar  6 17:01:21 CET 2026
#@# Curvature Stats rh Fri Mar  6 17:01:23 CET 2026
#@# Cortical Parc 2 rh Fri Mar  6 17:01:25 CET 2026
#@# Cortical Parc 3 rh Fri Mar  6 17:01:38 CET 2026
#@# WM/GM Contrast rh Fri Mar  6 17:01:48 CET 2026
recon-all -s sub-v1s10x0051117_ses-1 finished without error at Fri Mar  6 17:01:52 CET 2026



#New# invocation of recon-all 



status file for recon-all
Fri Mar  6 17:10:23 CET 2026
#@# white curv rh Fri Mar  6 17:10:23 CET 2026
#@# white area rh Fri Mar  6 17:10:23 CET 2026
#@# pial curv rh Fri Mar  6 17:10:23 CET 2026
#@# pial area rh Fri Mar  6 17:10:23 CET 2026
#@# thickness rh Fri Mar  6 17:10:23 CET 2026
#@# area and vertex vol rh Fri Mar  6 17:10:23 CET 2026
#@# Parcellation Stats rh Fri Mar  6 17:10:23 CET 2026
#@# Parcellation Stats 2 rh Fri Mar  6 17:10:40 CET 2026
#@# Parcellation Stats 3 rh Fri Mar  6 17:10:49 CET 2026
#@# BA_exvivo Labels rh Fri Mar  6 17:10:58 CET 2026
recon-all -s sub-v1s10x0051117_ses-1 finished without error at Fri Mar  6 17:13:34 CET 2026
