status file for recon-all
Fri Mar  6 15:27:23 CET 2026
#@# MotionCor Fri Mar  6 15:27:24 CET 2026
#@# Talairach Fri Mar  6 15:27:30 CET 2026
#@# Talairach Failure Detection Fri Mar  6 15:30:20 CET 2026
#@# Nu Intensity Correction Fri Mar  6 15:30:20 CET 2026
#@# Intensity Normalization Fri Mar  6 15:33:04 CET 2026
recon-all -s sub-v1s10x0051123_ses-1 finished without error at Fri Mar  6 15:33:59 CET 2026



#New# invocation of recon-all 



status file for recon-all
Fri Mar  6 15:39:40 CET 2026
#@# EM Registration Fri Mar  6 15:39:40 CET 2026
recon-all -s sub-v1s10x0051123_ses-1 finished without error at Fri Mar  6 15:41:11 CET 2026



#New# invocation of recon-all 



status file for recon-all
Fri Mar  6 15:41:14 CET 2026
#@# CA Normalize Fri Mar  6 15:41:14 CET 2026
#@# CA Reg Fri Mar  6 15:42:05 CET 2026
#@# SubCort Seg Fri Mar  6 16:16:29 CET 2026
#@# CC Seg Fri Mar  6 16:36:49 CET 2026
#@# Merge ASeg Fri Mar  6 16:37:30 CET 2026
#@# Intensity Normalization2 Fri Mar  6 16:37:30 CET 2026
#@# Mask BFS Fri Mar  6 16:38:53 CET 2026
#@# WM Segmentation Fri Mar  6 16:38:54 CET 2026
#@# Fill Fri Mar  6 16:40:24 CET 2026
recon-all -s sub-v1s10x0051123_ses-1 finished without error at Fri Mar  6 16:41:03 CET 2026



#New# invocation of recon-all 



status file for recon-all
Fri Mar  6 17:30:29 CET 2026
#@# white curv lh Fri Mar  6 17:30:29 CET 2026
#@# white area lh Fri Mar  6 17:30:29 CET 2026
#@# pial curv lh Fri Mar  6 17:30:29 CET 2026
#@# pial area lh Fri Mar  6 17:30:29 CET 2026
#@# thickness lh Fri Mar  6 17:30:29 CET 2026
#@# area and vertex vol lh Fri Mar  6 17:30:29 CET 2026
#@# white curv rh Fri Mar  6 17:30:29 CET 2026
#@# white area rh Fri Mar  6 17:30:29 CET 2026
#@# pial curv rh Fri Mar  6 17:30:29 CET 2026
#@# pial area rh Fri Mar  6 17:30:29 CET 2026
#@# thickness rh Fri Mar  6 17:30:29 CET 2026
#@# area and vertex vol rh Fri Mar  6 17:30:29 CET 2026
#@# Cortical ribbon mask Fri Mar  6 17:30:29 CET 2026
recon-all -s sub-v1s10x0051123_ses-1 finished without error at Fri Mar  6 17:33:35 CET 2026



#New# invocation of recon-all 



status file for recon-all
Fri Mar  6 17:38:27 CET 2026
#@# white curv lh Fri Mar  6 17:38:27 CET 2026
#@# white area lh Fri Mar  6 17:38:27 CET 2026
#@# pial curv lh Fri Mar  6 17:38:27 CET 2026
#@# pial area lh Fri Mar  6 17:38:27 CET 2026
#@# thickness lh Fri Mar  6 17:38:27 CET 2026
#@# area and vertex vol lh Fri Mar  6 17:38:28 CET 2026
#@# white curv rh Fri Mar  6 17:38:28 CET 2026
#@# white area rh Fri Mar  6 17:38:28 CET 2026
#@# pial curv rh Fri Mar  6 17:38:28 CET 2026
#@# pial area rh Fri Mar  6 17:38:28 CET 2026
#@# thickness rh Fri Mar  6 17:38:28 CET 2026
#@# area and vertex vol rh Fri Mar  6 17:38:28 CET 2026
#@# Curvature Stats lh Fri Mar  6 17:38:28 CET 2026
#@# Curvature Stats rh Fri Mar  6 17:38:29 CET 2026
#@# Relabel Hypointensities Fri Mar  6 17:38:31 CET 2026
#@# APas-to-ASeg Fri Mar  6 17:38:41 CET 2026
#@# AParc-to-ASeg aparc Fri Mar  6 17:38:47 CET 2026
#@# AParc-to-ASeg aparc.a2009s Fri Mar  6 17:39:10 CET 2026
#@# AParc-to-ASeg aparc.DKTatlas Fri Mar  6 17:39:37 CET 2026
#@# WMParc Fri Mar  6 17:40:03 CET 2026
#@# ASeg Stats Fri Mar  6 17:41:52 CET 2026
recon-all -s sub-v1s10x0051123_ses-1 finished without error at Fri Mar  6 17:42:08 CET 2026
