status file for recon-all
Sat Mar  7 04:01:59 CET 2026
#@# Tessellate lh Sat Mar  7 04:01:59 CET 2026
#@# Smooth1 lh Sat Mar  7 04:02:02 CET 2026
#@# Inflation1 lh Sat Mar  7 04:02:05 CET 2026
#@# QSphere lh Sat Mar  7 04:02:16 CET 2026
#@# Fix Topology lh Sat Mar  7 04:03:22 CET 2026
#@# Smooth2 lh Sat Mar  7 04:08:16 CET 2026
#@# Inflation2 lh Sat Mar  7 04:08:18 CET 2026
#@# Curv .H and .K lh Sat Mar  7 04:08:31 CET 2026
#@# Sphere lh Sat Mar  7 04:09:12 CET 2026
#@# Surf Reg lh Sat Mar  7 04:11:34 CET 2026
#@# Jacobian white lh Sat Mar  7 04:15:01 CET 2026
#@# AvgCurv lh Sat Mar  7 04:15:01 CET 2026
#@# Cortical Parc lh Sat Mar  7 04:15:02 CET 2026
#@# white curv lh Sat Mar  7 04:21:11 CET 2026
#@# white area lh Sat Mar  7 04:21:13 CET 2026
#@# pial curv lh Sat Mar  7 04:21:14 CET 2026
#@# pial area lh Sat Mar  7 04:21:16 CET 2026
#@# thickness lh Sat Mar  7 04:21:16 CET 2026
#@# area and vertex vol lh Sat Mar  7 04:21:41 CET 2026
#@# Curvature Stats lh Sat Mar  7 04:21:43 CET 2026
#@# Cortical Parc 2 lh Sat Mar  7 04:21:45 CET 2026
#@# Cortical Parc 3 lh Sat Mar  7 04:21:57 CET 2026
#@# WM/GM Contrast lh Sat Mar  7 04:22:06 CET 2026
recon-all -s sub-v1s18x0051241_ses-1 finished without error at Sat Mar  7 04:22:09 CET 2026



#New# invocation of recon-all 



status file for recon-all
Sat Mar  7 04:45:57 CET 2026
#@# white curv lh Sat Mar  7 04:45:57 CET 2026
#@# white area lh Sat Mar  7 04:45:57 CET 2026
#@# pial curv lh Sat Mar  7 04:45:57 CET 2026
#@# pial area lh Sat Mar  7 04:45:57 CET 2026
#@# thickness lh Sat Mar  7 04:45:57 CET 2026
#@# area and vertex vol lh Sat Mar  7 04:45:57 CET 2026
#@# Parcellation Stats lh Sat Mar  7 04:45:57 CET 2026
#@# Parcellation Stats 2 lh Sat Mar  7 04:46:12 CET 2026
#@# Parcellation Stats 3 lh Sat Mar  7 04:46:20 CET 2026
#@# BA_exvivo Labels lh Sat Mar  7 04:46:28 CET 2026
recon-all -s sub-v1s18x0051241_ses-1 finished without error at Sat Mar  7 04:48:49 CET 2026
