status file for recon-all
Tue Mar  3 10:49:50 CET 2026
#@# Tessellate lh Tue Mar  3 10:49:50 CET 2026
#@# Smooth1 lh Tue Mar  3 10:49:55 CET 2026
#@# Inflation1 lh Tue Mar  3 10:49:58 CET 2026
#@# QSphere lh Tue Mar  3 10:50:12 CET 2026
#@# Fix Topology lh Tue Mar  3 10:51:39 CET 2026
#@# Smooth2 lh Tue Mar  3 10:58:13 CET 2026
#@# Inflation2 lh Tue Mar  3 10:58:16 CET 2026
#@# Curv .H and .K lh Tue Mar  3 10:58:33 CET 2026
#@# Sphere lh Tue Mar  3 10:59:19 CET 2026
#@# Surf Reg lh Tue Mar  3 11:02:07 CET 2026
#@# Jacobian white lh Tue Mar  3 11:06:18 CET 2026
#@# AvgCurv lh Tue Mar  3 11:06:19 CET 2026
#@# Cortical Parc lh Tue Mar  3 11:06:20 CET 2026
#@# white curv lh Tue Mar  3 11:12:39 CET 2026
#@# white area lh Tue Mar  3 11:12:41 CET 2026
#@# pial curv lh Tue Mar  3 11:12:42 CET 2026
#@# pial area lh Tue Mar  3 11:12:44 CET 2026
#@# thickness lh Tue Mar  3 11:12:45 CET 2026
#@# area and vertex vol lh Tue Mar  3 11:13:18 CET 2026
#@# Curvature Stats lh Tue Mar  3 11:13:20 CET 2026
#@# Cortical Parc 2 lh Tue Mar  3 11:13:23 CET 2026
#@# Cortical Parc 3 lh Tue Mar  3 11:13:37 CET 2026
#@# WM/GM Contrast lh Tue Mar  3 11:13:47 CET 2026
recon-all -s sub-v1s19x0051293_ses-1 finished without error at Tue Mar  3 11:13:51 CET 2026



#New# invocation of recon-all 



status file for recon-all
Tue Mar  3 11:43:08 CET 2026
#@# white curv lh Tue Mar  3 11:43:08 CET 2026
#@# white area lh Tue Mar  3 11:43:08 CET 2026
#@# pial curv lh Tue Mar  3 11:43:08 CET 2026
#@# pial area lh Tue Mar  3 11:43:08 CET 2026
#@# thickness lh Tue Mar  3 11:43:08 CET 2026
#@# area and vertex vol lh Tue Mar  3 11:43:08 CET 2026
#@# Parcellation Stats lh Tue Mar  3 11:43:08 CET 2026
#@# Parcellation Stats 2 lh Tue Mar  3 11:43:33 CET 2026
#@# Parcellation Stats 3 lh Tue Mar  3 11:43:47 CET 2026
#@# BA_exvivo Labels lh Tue Mar  3 11:44:00 CET 2026
recon-all -s sub-v1s19x0051293_ses-1 finished without error at Tue Mar  3 11:47:36 CET 2026
