Log file for defect2seg
Fri Mar  6 09:15:14 CET 2026

setenv SUBJECTS_DIR /out/sourcedata/freesurfer
cd /out/sourcedata/freesurfer/sub-v1s10x0051008_ses-1/scripts
/opt/freesurfer/bin/defect2seg --s sub-v1s10x0051008_ses-1 --rh-only --cortex

freesurfer-linux-ubuntu22_x86_64-7.3.2-20220804-6354275
defect2seg 7.3.2
Linux dna058 5.14.0-427.37.1.el9_4.x86_64 #1 SMP PREEMPT_DYNAMIC Fri Sep 13 12:41:50 EDT 2024 x86_64 x86_64 x86_64 GNU/Linux
pid 1362364
mri_label2label --label-cortex /out/sourcedata/freesurfer/sub-v1s10x0051008_ses-1/surf/rh.orig.nofix /out/sourcedata/freesurfer/sub-v1s10x0051008_ses-1/mri/aseg.presurf.mgz 0 /out/sourcedata/freesurfer/sub-v1s10x0051008_ses-1/label/rh.nofix.cortex.label

 Generating cortex label... RemoveHipAmgy=0
 NucAccIsMedialWall=0
 mris->useRealRAS=0
30 non-cortical segments detected
only using segment with 4106 vertices
erasing segment 1 (vno[0] = 37932)
erasing segment 2 (vno[0] = 38882)
erasing segment 3 (vno[0] = 39873)
erasing segment 4 (vno[0] = 41669)
erasing segment 5 (vno[0] = 41671)
erasing segment 6 (vno[0] = 42677)
erasing segment 7 (vno[0] = 43589)
erasing segment 8 (vno[0] = 46811)
erasing segment 9 (vno[0] = 47871)
erasing segment 10 (vno[0] = 48689)
erasing segment 11 (vno[0] = 53227)
erasing segment 12 (vno[0] = 56667)
erasing segment 13 (vno[0] = 63094)
erasing segment 14 (vno[0] = 63510)
erasing segment 15 (vno[0] = 69594)
erasing segment 16 (vno[0] = 71361)
erasing segment 17 (vno[0] = 75607)
erasing segment 18 (vno[0] = 76385)
erasing segment 19 (vno[0] = 76526)
erasing segment 20 (vno[0] = 77282)
erasing segment 21 (vno[0] = 78255)
erasing segment 22 (vno[0] = 78867)
erasing segment 23 (vno[0] = 79319)
erasing segment 24 (vno[0] = 79361)
erasing segment 25 (vno[0] = 80103)
erasing segment 26 (vno[0] = 82652)
erasing segment 27 (vno[0] = 83158)
erasing segment 28 (vno[0] = 84249)
erasing segment 29 (vno[0] = 91641)
mri_label2vol --defects /out/sourcedata/freesurfer/sub-v1s10x0051008_ses-1/surf/rh.orig.nofix /out/sourcedata/freesurfer/sub-v1s10x0051008_ses-1/surf/rh.defect_labels /out/sourcedata/freesurfer/sub-v1s10x0051008_ses-1/mri/orig.mgz 2000 0 /out/sourcedata/freesurfer/sub-v1s10x0051008_ses-1/mri/rh.surface.defects.mgz /out/sourcedata/freesurfer/sub-v1s10x0051008_ses-1/label/rh.nofix.cortex.label
mri_label2vol supposed to be reproducible but seed not set
Contraining to label /out/sourcedata/freesurfer/sub-v1s10x0051008_ses-1/label/rh.nofix.cortex.label
Changing input type 0 to MRI_INT
Converting defects to volume: offset=2000, merge=0
Writing to /out/sourcedata/freesurfer/sub-v1s10x0051008_ses-1/mri/rh.surface.defects.mgz
mris_defects_pointset -s /out/sourcedata/freesurfer/sub-v1s10x0051008_ses-1/surf/rh.orig.nofix -d /out/sourcedata/freesurfer/sub-v1s10x0051008_ses-1/surf/rh.defect_labels -o /out/sourcedata/freesurfer/sub-v1s10x0051008_ses-1/surf/rh.defects.pointset --label /out/sourcedata/freesurfer/sub-v1s10x0051008_ses-1/label/rh.nofix.cortex.label
Reading in surface /out/sourcedata/freesurfer/sub-v1s10x0051008_ses-1/surf/rh.orig.nofix
Reading in defect segmentation /out/sourcedata/freesurfer/sub-v1s10x0051008_ses-1/surf/rh.defect_labels
Reading in label /out/sourcedata/freesurfer/sub-v1s10x0051008_ses-1/label/rh.nofix.cortex.label
#VMPC# mris_defects_pointset 1280144
mris_defects_pointset done
 
Started at Fri Mar 6 09:15:14 CET 2026 
Ended   at Fri Mar  6 09:15:28 CET 2026
Defect2seg-Run-Time-Sec 14
Defect2seg-Run-Time-Min 0.28
Defect2seg-Run-Time-Hours 0.00
 
defect2seg Done
