status file for recon-all
Fri Mar  6 06:35:23 CET 2026
#@# MotionCor Fri Mar  6 06:35:24 CET 2026
#@# Talairach Fri Mar  6 06:35:34 CET 2026
#@# Talairach Failure Detection Fri Mar  6 06:39:58 CET 2026
#@# Nu Intensity Correction Fri Mar  6 06:39:58 CET 2026
#@# Intensity Normalization Fri Mar  6 06:43:12 CET 2026
recon-all -s sub-v1s10x0051008_ses-1 finished without error at Fri Mar  6 06:45:23 CET 2026



#New# invocation of recon-all 



status file for recon-all
Fri Mar  6 06:52:11 CET 2026
#@# EM Registration Fri Mar  6 06:52:11 CET 2026
recon-all -s sub-v1s10x0051008_ses-1 finished without error at Fri Mar  6 06:58:17 CET 2026



#New# invocation of recon-all 



status file for recon-all
Fri Mar  6 06:58:19 CET 2026
#@# CA Normalize Fri Mar  6 06:58:19 CET 2026
#@# CA Reg Fri Mar  6 06:59:40 CET 2026
#@# SubCort Seg Fri Mar  6 08:08:01 CET 2026
#@# CC Seg Fri Mar  6 08:34:39 CET 2026
#@# Merge ASeg Fri Mar  6 08:35:13 CET 2026
#@# Intensity Normalization2 Fri Mar  6 08:35:13 CET 2026
#@# Mask BFS Fri Mar  6 08:37:20 CET 2026
#@# WM Segmentation Fri Mar  6 08:37:21 CET 2026
#@# Fill Fri Mar  6 08:39:05 CET 2026
recon-all -s sub-v1s10x0051008_ses-1 finished without error at Fri Mar  6 08:40:05 CET 2026



#New# invocation of recon-all 



status file for recon-all
Fri Mar  6 09:37:47 CET 2026
#@# white curv lh Fri Mar  6 09:37:47 CET 2026
#@# white area lh Fri Mar  6 09:37:47 CET 2026
#@# pial curv lh Fri Mar  6 09:37:48 CET 2026
#@# pial area lh Fri Mar  6 09:37:48 CET 2026
#@# thickness lh Fri Mar  6 09:37:48 CET 2026
#@# area and vertex vol lh Fri Mar  6 09:37:48 CET 2026
#@# white curv rh Fri Mar  6 09:37:48 CET 2026
#@# white area rh Fri Mar  6 09:37:48 CET 2026
#@# pial curv rh Fri Mar  6 09:37:48 CET 2026
#@# pial area rh Fri Mar  6 09:37:48 CET 2026
#@# thickness rh Fri Mar  6 09:37:48 CET 2026
#@# area and vertex vol rh Fri Mar  6 09:37:48 CET 2026
#@# Cortical ribbon mask Fri Mar  6 09:37:48 CET 2026
recon-all -s sub-v1s10x0051008_ses-1 finished without error at Fri Mar  6 09:42:23 CET 2026



#New# invocation of recon-all 



status file for recon-all
Fri Mar  6 09:48:29 CET 2026
#@# white curv lh Fri Mar  6 09:48:30 CET 2026
#@# white area lh Fri Mar  6 09:48:30 CET 2026
#@# pial curv lh Fri Mar  6 09:48:30 CET 2026
#@# pial area lh Fri Mar  6 09:48:30 CET 2026
#@# thickness lh Fri Mar  6 09:48:30 CET 2026
#@# area and vertex vol lh Fri Mar  6 09:48:30 CET 2026
#@# white curv rh Fri Mar  6 09:48:30 CET 2026
#@# white area rh Fri Mar  6 09:48:30 CET 2026
#@# pial curv rh Fri Mar  6 09:48:30 CET 2026
#@# pial area rh Fri Mar  6 09:48:30 CET 2026
#@# thickness rh Fri Mar  6 09:48:30 CET 2026
#@# area and vertex vol rh Fri Mar  6 09:48:30 CET 2026
#@# Curvature Stats lh Fri Mar  6 09:48:30 CET 2026
#@# Curvature Stats rh Fri Mar  6 09:48:32 CET 2026
#@# Relabel Hypointensities Fri Mar  6 09:48:34 CET 2026
#@# APas-to-ASeg Fri Mar  6 09:48:48 CET 2026
#@# AParc-to-ASeg aparc Fri Mar  6 09:48:56 CET 2026
#@# AParc-to-ASeg aparc.a2009s Fri Mar  6 09:49:25 CET 2026
#@# AParc-to-ASeg aparc.DKTatlas Fri Mar  6 09:49:54 CET 2026
#@# WMParc Fri Mar  6 09:50:25 CET 2026
#@# ASeg Stats Fri Mar  6 09:53:58 CET 2026
recon-all -s sub-v1s10x0051008_ses-1 finished without error at Fri Mar  6 09:54:38 CET 2026
