status file for recon-all
Fri Mar  6 06:55:34 CET 2026
#@# MotionCor Fri Mar  6 06:55:36 CET 2026
#@# Talairach Fri Mar  6 06:55:45 CET 2026
#@# Talairach Failure Detection Fri Mar  6 07:00:12 CET 2026
#@# Nu Intensity Correction Fri Mar  6 07:00:12 CET 2026
#@# Intensity Normalization Fri Mar  6 07:03:28 CET 2026
recon-all -s sub-v1s10x0051014_ses-1 finished without error at Fri Mar  6 07:04:52 CET 2026



#New# invocation of recon-all 



status file for recon-all
Fri Mar  6 07:12:12 CET 2026
#@# EM Registration Fri Mar  6 07:12:12 CET 2026
recon-all -s sub-v1s10x0051014_ses-1 finished without error at Fri Mar  6 07:14:07 CET 2026



#New# invocation of recon-all 



status file for recon-all
Fri Mar  6 07:14:08 CET 2026
#@# CA Normalize Fri Mar  6 07:14:08 CET 2026
#@# CA Reg Fri Mar  6 07:15:29 CET 2026
#@# SubCort Seg Fri Mar  6 08:02:15 CET 2026
#@# CC Seg Fri Mar  6 08:30:56 CET 2026
#@# Merge ASeg Fri Mar  6 08:31:40 CET 2026
#@# Intensity Normalization2 Fri Mar  6 08:31:40 CET 2026
#@# Mask BFS Fri Mar  6 08:33:46 CET 2026
#@# WM Segmentation Fri Mar  6 08:33:47 CET 2026
#@# Fill Fri Mar  6 08:35:42 CET 2026
recon-all -s sub-v1s10x0051014_ses-1 finished without error at Fri Mar  6 08:36:43 CET 2026



#New# invocation of recon-all 



status file for recon-all
Fri Mar  6 09:29:27 CET 2026
#@# white curv lh Fri Mar  6 09:29:27 CET 2026
#@# white area lh Fri Mar  6 09:29:27 CET 2026
#@# pial curv lh Fri Mar  6 09:29:27 CET 2026
#@# pial area lh Fri Mar  6 09:29:27 CET 2026
#@# thickness lh Fri Mar  6 09:29:27 CET 2026
#@# area and vertex vol lh Fri Mar  6 09:29:27 CET 2026
#@# white curv rh Fri Mar  6 09:29:27 CET 2026
#@# white area rh Fri Mar  6 09:29:27 CET 2026
#@# pial curv rh Fri Mar  6 09:29:27 CET 2026
#@# pial area rh Fri Mar  6 09:29:27 CET 2026
#@# thickness rh Fri Mar  6 09:29:27 CET 2026
#@# area and vertex vol rh Fri Mar  6 09:29:27 CET 2026
#@# Cortical ribbon mask Fri Mar  6 09:29:27 CET 2026
recon-all -s sub-v1s10x0051014_ses-1 finished without error at Fri Mar  6 09:36:28 CET 2026



#New# invocation of recon-all 



status file for recon-all
Fri Mar  6 09:43:35 CET 2026
#@# white curv lh Fri Mar  6 09:43:35 CET 2026
#@# white area lh Fri Mar  6 09:43:35 CET 2026
#@# pial curv lh Fri Mar  6 09:43:35 CET 2026
#@# pial area lh Fri Mar  6 09:43:35 CET 2026
#@# thickness lh Fri Mar  6 09:43:35 CET 2026
#@# area and vertex vol lh Fri Mar  6 09:43:35 CET 2026
#@# white curv rh Fri Mar  6 09:43:35 CET 2026
#@# white area rh Fri Mar  6 09:43:35 CET 2026
#@# pial curv rh Fri Mar  6 09:43:35 CET 2026
#@# pial area rh Fri Mar  6 09:43:35 CET 2026
#@# thickness rh Fri Mar  6 09:43:35 CET 2026
#@# area and vertex vol rh Fri Mar  6 09:43:35 CET 2026
#@# Curvature Stats lh Fri Mar  6 09:43:35 CET 2026
#@# Curvature Stats rh Fri Mar  6 09:43:38 CET 2026
#@# Relabel Hypointensities Fri Mar  6 09:43:41 CET 2026
#@# APas-to-ASeg Fri Mar  6 09:43:57 CET 2026
#@# AParc-to-ASeg aparc Fri Mar  6 09:44:05 CET 2026
#@# AParc-to-ASeg aparc.a2009s Fri Mar  6 09:44:44 CET 2026
#@# AParc-to-ASeg aparc.DKTatlas Fri Mar  6 09:45:25 CET 2026
#@# WMParc Fri Mar  6 09:46:09 CET 2026
#@# ASeg Stats Fri Mar  6 09:49:48 CET 2026
recon-all -s sub-v1s10x0051014_ses-1 finished without error at Fri Mar  6 09:50:28 CET 2026
