status file for recon-all
Fri Mar  6 09:03:27 CET 2026
#@# Tessellate rh Fri Mar  6 09:03:27 CET 2026
#@# Smooth1 rh Fri Mar  6 09:03:31 CET 2026
#@# Inflation1 rh Fri Mar  6 09:03:34 CET 2026
#@# QSphere rh Fri Mar  6 09:03:51 CET 2026
#@# Fix Topology rh Fri Mar  6 09:05:07 CET 2026
#@# Smooth2 rh Fri Mar  6 09:12:15 CET 2026
#@# Inflation2 rh Fri Mar  6 09:12:18 CET 2026
#@# Curv .H and .K rh Fri Mar  6 09:12:35 CET 2026
#@# Sphere rh Fri Mar  6 09:13:27 CET 2026
#@# Surf Reg rh Fri Mar  6 09:16:02 CET 2026
#@# Jacobian white rh Fri Mar  6 09:20:57 CET 2026
#@# AvgCurv rh Fri Mar  6 09:20:58 CET 2026
#@# Cortical Parc rh Fri Mar  6 09:20:59 CET 2026
#@# white curv rh Fri Mar  6 09:28:08 CET 2026
#@# white area rh Fri Mar  6 09:28:10 CET 2026
#@# pial curv rh Fri Mar  6 09:28:11 CET 2026
#@# pial area rh Fri Mar  6 09:28:12 CET 2026
#@# thickness rh Fri Mar  6 09:28:13 CET 2026
#@# area and vertex vol rh Fri Mar  6 09:28:46 CET 2026
#@# Curvature Stats rh Fri Mar  6 09:28:48 CET 2026
#@# Cortical Parc 2 rh Fri Mar  6 09:28:51 CET 2026
#@# Cortical Parc 3 rh Fri Mar  6 09:29:06 CET 2026
#@# WM/GM Contrast rh Fri Mar  6 09:29:17 CET 2026
recon-all -s sub-v1s10x0051014_ses-1 finished without error at Fri Mar  6 09:29:21 CET 2026



#New# invocation of recon-all 



status file for recon-all
Fri Mar  6 09:39:59 CET 2026
#@# white curv rh Fri Mar  6 09:39:59 CET 2026
#@# white area rh Fri Mar  6 09:39:59 CET 2026
#@# pial curv rh Fri Mar  6 09:39:59 CET 2026
#@# pial area rh Fri Mar  6 09:39:59 CET 2026
#@# thickness rh Fri Mar  6 09:39:59 CET 2026
#@# area and vertex vol rh Fri Mar  6 09:39:59 CET 2026
#@# Parcellation Stats rh Fri Mar  6 09:39:59 CET 2026
#@# Parcellation Stats 2 rh Fri Mar  6 09:40:21 CET 2026
#@# Parcellation Stats 3 rh Fri Mar  6 09:40:32 CET 2026
#@# BA_exvivo Labels rh Fri Mar  6 09:40:43 CET 2026
recon-all -s sub-v1s10x0051014_ses-1 finished without error at Fri Mar  6 09:43:29 CET 2026
