/out/sourcedata/freesurfer/sub-v1s10x0051061_ses-1/mri
/opt/freesurfer/bin/talairach_avi
--i orig_nu.mgz --xfm transforms/talairach.auto.xfm
talairach_avi 7.3.2
Linux dna042 5.14.0-427.37.1.el9_4.x86_64 #1 SMP PREEMPT_DYNAMIC Fri Sep 13 12:41:50 EDT 2024 x86_64 x86_64 x86_64 GNU/Linux
Fri Mar  6 10:43:35 CET 2026
mri_convert orig_nu.mgz talsrcimg.img 
reading from orig_nu.mgz...
TR=0.00, TE=0.00, TI=0.00, flip angle=0.00
i_ras = (-1, 0, 0)
j_ras = (0, 0, -1)
k_ras = (0, 1, 0)
writing to talsrcimg.img...
Analyze Output Matrix
-1.00000   0.00000   0.00000   125.32777;
 0.00000   0.00000   1.00000  -135.95181;
 0.00000  -1.00000   0.00000   120.60242;
 0.00000   0.00000   0.00000   1.00000;
--------------------
INFO: set hdr.hist.orient to -1
mpr2mni305 talsrcimg
Fri Mar  6 10:43:36 CET 2026
/opt/freesurfer/bin/mpr2mni305 talsrcimg
mpr2mni305 7.3.2
target=711-2C_as_mni_average_305

---------------------------------------------------------------------
analyzeto4dfp talsrcimg -O0 -y
---------------------------------------------------------------------

freesurfer ifh2hdr.c
Fri Mar  6 10:43:36 2026
Writing: talsrcimg.4dfp.hdr
freesurfer analyzeto4dfp.c
Reading: talsrcimg.hdr
header size 348 bytes
hdr.dime.datatype	offset=70	value=2
hdr.dime.bitpix		offset=72	value=8
hdr.hist.orient		offset=252	value=-1
dimensionality     4
dimensions       256       256       256         1
Reading: talsrcimg.img
Writing: talsrcimg.4dfp.img
Writing: talsrcimg.4dfp.ifh
ifh2hdr talsrcimg -r0to221
ori=2

---------------------------------------------------------------------
gauss_4dfp talsrcimg 1.1
---------------------------------------------------------------------

freesurfer gauss_4dfp.c
Reading: talsrcimg.4dfp.img
Writing: talsrcimg_g11.4dfp.img
image dimensions 256 256 256 padded to 288 288 288
processing volume 1freesurfer ifh2hdr.c
Fri Mar  6 10:43:38 2026
Writing: talsrcimg_g11.4dfp.hdr

Writing: talsrcimg_g11.4dfp.ifh
including: talsrcimg.4dfp.img.rec in talsrcimg_g11.4dfp.img.rec

---------------------------------------------------------------------
imgreg_4dfp /opt/freesurfer/average/711-2C_as_mni_average_305 none talsrcimg_g11 none talsrcimg_to_711-2C_as_mni_average_305_t4 4355
---------------------------------------------------------------------

freesurfer imgreg_4dfp.c
/opt/freesurfer/average/711-2C_as_mni_average_305.4dfp.img
       256       256       256         1
  1.000000  1.000000  1.000000
orientation T byte_order littleendian
Reading image: /opt/freesurfer/average/711-2C_as_mni_average_305.4dfp.img
dimensions:      256       256       256
mmppix:       1.0000   -1.0000   -1.0000
center:     128.0000 -129.0000 -129.0000
talsrcimg_g11.4dfp.img
       256       256       256         1
  1.000000  1.000000  1.000000
orientation T byte_order littleendian
Reading image: talsrcimg_g11.4dfp.img
dimensions:      256       256       256
mmppix:       1.0000   -1.0000   -1.0000
center:     128.0000 -129.0000 -129.0000
t4_read: open error in t4_sub.f l:  41 t4_file(1:l)talsrcimg_to_711-2C_as_mni_average_305_t4 
t4_read: transform initialized to I4
rotation matrix determinant  1.000000
image alignment mode   4355 decimal     1103 hex
   -7.5000  -45.0000  -45.0000 8215.9482   18.0070
    0.0000  -45.0000  -45.0000 8543.8662   18.0298
    7.5000  -45.0000  -45.0000 8137.2505   18.0077
   -7.5000  -37.5000  -45.0000 8592.7100   18.0096
    0.0000  -37.5000  -45.0000 8927.1543   18.0279
    7.5000  -37.5000  -45.0000 8521.8340   18.0046
   -7.5000  -30.0000  -45.0000 9231.9648   18.0114
    0.0000  -30.0000  -45.0000 9597.8604   18.0365
    7.5000  -30.0000  -45.0000 9151.5059   18.0108
   -7.5000  -22.5000  -45.0000 9794.2637   18.0081
    0.0000  -22.5000  -45.000010185.6211   18.0444
    7.5000  -22.5000  -45.0000 9703.9629   18.0163
   -7.5000  -15.0000  -45.000010303.6426   18.0042
    0.0000  -15.0000  -45.000010695.9082   18.0464
    7.5000  -15.0000  -45.000010222.0166   18.0183
   -7.5000   -7.5000  -45.000010711.4912   18.0048
    0.0000   -7.5000  -45.000011124.1885   18.0403
    7.5000   -7.5000  -45.000010649.2539   18.0159
   -7.5000    0.0000  -45.000011056.0762   18.0069
    0.0000    0.0000  -45.000011473.2959   18.0298
    7.5000    0.0000  -45.000010997.0020   18.0076
   -7.5000    7.5000  -45.000010584.9141   18.0096
    0.0000    7.5000  -45.000010982.8945   18.0279
    7.5000    7.5000  -45.000010524.3887   18.0046
   -7.5000   15.0000  -45.000010007.9004   18.0114
    0.0000   15.0000  -45.000010336.4785   18.0365
    7.5000   15.0000  -45.0000 9925.6455   18.0108
   -7.5000   22.5000  -45.0000 9323.6162   18.0056
    0.0000   22.5000  -45.0000 9606.2881   18.0419
    7.5000   22.5000  -45.0000 9190.7393   18.0138
   -7.5000   30.0000  -45.0000 8575.0830   17.7669
    0.0000   30.0000  -45.0000 8831.4492   17.8085
    7.5000   30.0000  -45.0000 8446.6455   17.7808
   -7.5000   37.5000  -45.0000 8114.2490   17.7885
    0.0000   37.5000  -45.0000 8377.7979   17.8235
    7.5000   37.5000  -45.0000 7994.5869   17.7992
   -7.5000   45.0000  -45.0000 7232.0112   17.4019
    0.0000   45.0000  -45.0000 7491.2705   17.4239
    7.5000   45.0000  -45.0000 7116.9331   17.4019
   -7.5000  -45.0000  -37.5000 8740.8496   17.9767
    0.0000  -45.0000  -37.5000 9117.0400   18.0011
    7.5000  -45.0000  -37.5000 8688.1416   17.9814
   -7.5000  -37.5000  -37.5000 9119.8398   17.9887
    0.0000  -37.5000  -37.5000 9512.7539   18.0071
    7.5000  -37.5000  -37.5000 9065.0420   17.9827
   -7.5000  -30.0000  -37.5000 9785.7236   17.9974
    0.0000  -30.0000  -37.500010227.6064   18.0181
    7.5000  -30.0000  -37.5000 9713.6660   17.9896
   -7.5000  -22.5000  -37.500010383.9844   17.9919
    0.0000  -22.5000  -37.500010837.7197   18.0211
    7.5000  -22.5000  -37.500010302.5801   17.9912
   -7.5000  -15.0000  -37.500010940.7949   17.9799
    0.0000  -15.0000  -37.500011393.7529   18.0157
    7.5000  -15.0000  -37.500010851.5566   17.9888
   -7.5000   -7.5000  -37.500011356.6855   17.9733
    0.0000   -7.5000  -37.500011825.9609   18.0067
    7.5000   -7.5000  -37.500011263.3252   17.9857
   -7.5000    0.0000  -37.500011713.1475   17.9767
    0.0000    0.0000  -37.500012186.5146   18.0010
    7.5000    0.0000  -37.500011601.1836   17.9813
   -7.5000    7.5000  -37.500011224.1201   17.9887
    0.0000    7.5000  -37.500011691.4473   18.0071
    7.5000    7.5000  -37.500011114.5547   17.9827
   -7.5000   15.0000  -37.500010591.1084   17.9974
    0.0000   15.0000  -37.500010997.0830   18.0181
    7.5000   15.0000  -37.500010471.0752   17.9896
   -7.5000   22.5000  -37.5000 9857.6904   17.9894
    0.0000   22.5000  -37.500010206.8818   18.0186
    7.5000   22.5000  -37.5000 9711.8447   17.9888
   -7.5000   30.0000  -37.5000 9043.1914   17.7433
    0.0000   30.0000  -37.5000 9331.1514   17.7786
    7.5000   30.0000  -37.5000 8887.9512   17.7520
   -7.5000   37.5000  -37.5000 8530.0273   17.7579
    0.0000   37.5000  -37.5000 8810.8975   17.7910
    7.5000   37.5000  -37.5000 8380.3428   17.7700
   -7.5000   45.0000  -37.5000 7601.8335   17.3724
    0.0000   45.0000  -37.5000 7877.3364   17.3961
    7.5000   45.0000  -37.5000 7469.0542   17.3764
   -7.5000  -45.0000  -30.0000 9441.5752   18.7321
    0.0000  -45.0000  -30.0000 9852.0918   18.7499
    7.5000  -45.0000  -30.0000 9361.3975   18.7264
   -7.5000  -37.5000  -30.0000 9816.3232   18.7439
    0.0000  -37.5000  -30.000010267.6650   18.7565
    7.5000  -37.5000  -30.0000 9739.9902   18.7293
   -7.5000  -30.0000  -30.000010531.9639   18.7573
    0.0000  -30.0000  -30.000011037.8643   18.7688
    7.5000  -30.0000  -30.000010424.2832   18.7373
   -7.5000  -22.5000  -30.000011203.0605   18.7583
    0.0000  -22.5000  -30.000011723.4209   18.7747
    7.5000  -22.5000  -30.000011077.0098   18.7403
   -7.5000  -15.0000  -30.000011789.8701   18.7470
    0.0000  -15.0000  -30.000012334.7246   18.7694
    7.5000  -15.0000  -30.000011666.8486   18.7368
   -7.5000   -7.5000  -30.000012224.6807   18.7340
    0.0000   -7.5000  -30.000012789.2959   18.7569
    7.5000   -7.5000  -30.000012107.9629   18.7309
   -7.5000    0.0000  -30.000012560.7500   18.7320
    0.0000    0.0000  -30.000013131.0918   18.7498
    7.5000    0.0000  -30.000012442.2148   18.7263
   -7.5000    7.5000  -30.000011998.5010   18.7439
    0.0000    7.5000  -30.000012552.6836   18.7565
    7.5000    7.5000  -30.000011864.6699   18.7293
   -7.5000   15.0000  -30.000011282.6533   18.7573
    0.0000   15.0000  -30.000011787.5693   18.7688
    7.5000   15.0000  -30.000011157.6211   18.7373
   -7.5000   22.5000  -30.000010502.5586   18.7538
    0.0000   22.5000  -30.000010946.1689   18.7702
    7.5000   22.5000  -30.000010357.2246   18.7358
   -7.5000   30.0000  -30.0000 9616.9893   18.5018
    0.0000   30.0000  -30.0000 9965.9209   18.5239
    7.5000   30.0000  -30.0000 9465.8555   18.4917
   -7.5000   37.5000  -30.0000 9054.3564   18.5120
    0.0000   37.5000  -30.0000 9374.8096   18.5346
    7.5000   37.5000  -30.0000 8929.6299   18.5087
   -7.5000   45.0000  -30.0000 8066.0640   18.1152
    0.0000   45.0000  -30.0000 8380.7188   18.1326
    7.5000   45.0000  -30.0000 7959.9355   18.1093
   -7.5000  -45.0000  -22.500010134.3623   19.3772
    0.0000  -45.0000  -22.500010601.6377   19.3842
    7.5000  -45.0000  -22.500010056.9766   19.3523
   -7.5000  -37.5000  -22.500010533.1094   19.3768
    0.0000  -37.5000  -22.500011036.7490   19.3814
    7.5000  -37.5000  -22.500010432.6641   19.3509
   -7.5000  -30.0000  -22.500011292.6055   19.3891
    0.0000  -30.0000  -22.500011847.2461   19.3938
    7.5000  -30.0000  -22.500011147.5986   19.3615
   -7.5000  -22.5000  -22.500012018.9844   19.4024
    0.0000  -22.5000  -22.500012616.5127   19.4114
    7.5000  -22.5000  -22.500011860.5518   19.3734
   -7.5000  -15.0000  -22.500012627.9180   19.4022
    0.0000  -15.0000  -22.500013257.2627   19.4158
    7.5000  -15.0000  -22.500012464.2715   19.3749
   -7.5000   -7.5000  -22.500013103.3086   19.3891
    0.0000   -7.5000  -22.500013754.6475   19.4009
    7.5000   -7.5000  -22.500012934.1221   19.3643
   -7.5000    0.0000  -22.500013423.1230   19.3771
    0.0000    0.0000  -22.500014100.3926   19.3841
    7.5000    0.0000  -22.500013249.1025   19.3522
   -7.5000    7.5000  -22.500012762.8086   19.3768
    0.0000    7.5000  -22.500013417.3809   19.3814
    7.5000    7.5000  -22.500012602.2451   19.3509
   -7.5000   15.0000  -22.500011986.7354   19.3891
    0.0000   15.0000  -22.500012571.0811   19.3938
    7.5000   15.0000  -22.500011837.5654   19.3615
   -7.5000   22.5000  -22.500011122.0654   19.3964
    0.0000   22.5000  -22.500011644.7461   19.4054
    7.5000   22.5000  -22.500010978.1338   19.3674
   -7.5000   30.0000  -22.500010172.2383   19.1507
    0.0000   30.0000  -22.500010613.9062   19.1641
    7.5000   30.0000  -22.500010039.3232   19.1237
   -7.5000   37.5000  -22.5000 9575.4521   19.1622
    0.0000   37.5000  -22.5000 9966.7930   19.1738
    7.5000   37.5000  -22.5000 9463.2773   19.1374
   -7.5000   45.0000  -22.5000 8524.9033   18.7528
    0.0000   45.0000  -22.5000 8862.3096   18.7596
    7.5000   45.0000  -22.5000 8420.6465   18.7281
   -7.5000  -45.0000  -15.000010852.8975   19.8355
    0.0000  -45.0000  -15.000011368.6855   19.8387
    7.5000  -45.0000  -15.000010753.4014   19.8034
   -7.5000  -37.5000  -15.000011243.0889   19.8241
    0.0000  -37.5000  -15.000011766.7666   19.8265
    7.5000  -37.5000  -15.000011121.3066   19.7966
   -7.5000  -30.0000  -15.000012020.5664   19.8309
    0.0000  -30.0000  -15.000012596.5869   19.8381
    7.5000  -30.0000  -15.000011879.4844   19.8085
   -7.5000  -22.5000  -15.000012781.6826   19.8498
    0.0000  -22.5000  -15.000013424.4258   19.8641
    7.5000  -22.5000  -15.000012618.8164   19.8274
   -7.5000  -15.0000  -15.000013431.7168   19.8592
    0.0000  -15.0000  -15.000014104.1641   19.8773
    7.5000  -15.0000  -15.000013236.5938   19.8344
   -7.5000   -7.5000  -15.000013943.7197   19.8516
    0.0000   -7.5000  -15.000014642.4287   19.8633
    7.5000   -7.5000  -15.000013752.0996   19.8221
   -7.5000    0.0000  -15.000014267.5049   19.8354
    0.0000    0.0000  -15.000014997.0371   19.8386
    7.5000    0.0000  -15.000014093.5566   19.8033
   -7.5000    7.5000  -15.000013528.4502   19.8241
    0.0000    7.5000  -15.000014218.9980   19.8265
    7.5000    7.5000  -15.000013371.2988   19.7966
   -7.5000   15.0000  -15.000012684.7090   19.8309
    0.0000   15.0000  -15.000013324.7080   19.8381
    7.5000   15.0000  -15.000012526.6240   19.8085
   -7.5000   22.5000  -15.000011764.8027   19.8427
    0.0000   22.5000  -15.000012323.7822   19.8571
    7.5000   22.5000  -15.000011604.0283   19.8203
   -7.5000   30.0000  -15.000010749.0059   19.6042
    0.0000   30.0000  -15.000011234.3477   19.6220
    7.5000   30.0000  -15.000010617.7402   19.5796
   -7.5000   37.5000  -15.000010082.8232   19.6215
    0.0000   37.5000  -15.000010529.5693   19.6329
    7.5000   37.5000  -15.0000 9953.3799   19.5919
   -7.5000   45.0000  -15.0000 8976.9424   19.2078
    0.0000   45.0000  -15.0000 9349.4521   19.2108
    7.5000   45.0000  -15.0000 8849.9521   19.1761
   -7.5000  -45.0000   -7.500011640.1113   20.0662
    0.0000  -45.0000   -7.500012154.3711   20.0792
    7.5000  -45.0000   -7.500011535.4912   20.0482
   -7.5000  -37.5000   -7.500011986.8232   20.0568
    0.0000  -37.5000   -7.500012515.6934   20.0675
    7.5000  -37.5000   -7.500011887.0586   20.0407
   -7.5000  -30.0000   -7.500012783.6348   20.0585
    0.0000  -30.0000   -7.500013363.6758   20.0775
    7.5000  -30.0000   -7.500012662.0186   20.0501
   -7.5000  -22.5000   -7.500013571.4336   20.0685
    0.0000  -22.5000   -7.500014230.8877   20.0987
    7.5000  -22.5000   -7.500013410.4580   20.0654
   -7.5000  -15.0000   -7.500014265.3086   20.0759
    0.0000  -15.0000   -7.500014958.6084   20.1107
    7.5000  -15.0000   -7.500014081.9756   20.0726
   -7.5000   -7.5000   -7.500014810.3428   20.0750
    0.0000   -7.5000   -7.500015543.7734   20.1009
    7.5000   -7.5000   -7.500014636.7607   20.0649
   -7.5000    0.0000   -7.500015157.2539   20.0661
    0.0000    0.0000   -7.500015917.5625   20.0791
    7.5000    0.0000   -7.500015003.8047   20.0481
   -7.5000    7.5000   -7.500014347.7393   20.0568
    0.0000    7.5000   -7.500015088.2285   20.0675
    7.5000    7.5000   -7.500014188.4336   20.0407
   -7.5000   15.0000   -7.500013416.7256   20.0585
    0.0000   15.0000   -7.500014116.6816   20.0775
    7.5000   15.0000   -7.500013287.0889   20.0501
   -7.5000   22.5000   -7.500012444.6055   20.0592
    0.0000   22.5000   -7.500013054.5947   20.0894
    7.5000   22.5000   -7.500012304.6416   20.0561
   -7.5000   30.0000   -7.500011372.3584   19.8178
    0.0000   30.0000   -7.500011903.4707   19.8522
    7.5000   30.0000   -7.500011252.2354   19.8146
   -7.5000   37.5000   -7.500010658.6094   19.8411
    0.0000   37.5000   -7.500011134.6865   19.8665
    7.5000   37.5000   -7.500010532.5742   19.8307
   -7.5000   45.0000   -7.5000 9472.7969   19.4354
    0.0000   45.0000   -7.5000 9878.7090   19.4478
    7.5000   45.0000   -7.5000 9347.1855   19.4172
   -7.5000  -45.0000    0.000012357.3105   20.1114
    0.0000  -45.0000    0.000012945.0605   20.1366
    7.5000  -45.0000    0.000012300.7559   20.1114
   -7.5000  -37.5000    0.000012704.3701   20.1136
    0.0000  -37.5000    0.000013277.8945   20.1336
    7.5000  -37.5000    0.000012640.6113   20.1073
   -7.5000  -30.0000    0.000013522.5762   20.1157
    0.0000  -30.0000    0.000014148.8730   20.1433
    7.5000  -30.0000    0.000013438.0322   20.1143
   -7.5000  -22.5000    0.000014398.3008   20.1131
    0.0000  -22.5000    0.000015075.2832   20.1531
    7.5000  -22.5000    0.000014241.8359   20.1213
   -7.5000  -15.0000    0.000015127.2725   20.1095
    0.0000  -15.0000    0.000015826.3125   20.1561
    7.5000  -15.0000    0.000014971.3867   20.1243
   -7.5000   -7.5000    0.000015652.4766   20.1099
    0.0000   -7.5000    0.000016375.3027   20.1492
    7.5000   -7.5000    0.000015550.5830   20.1214
   -7.5000    0.0000    0.000016010.1572   20.1113
    0.0000    0.0000    0.000016775.9727   20.1366
    7.5000    0.0000    0.000015914.9941   20.1113
   -7.5000    7.5000    0.000015141.7285   20.1136
    0.0000    7.5000    0.000015923.5664   20.1336
    7.5000    7.5000    0.000015043.5586   20.1073
   -7.5000   15.0000    0.000014183.9219   20.1157
    0.0000   15.0000    0.000014913.3916   20.1433
    7.5000   15.0000    0.000014086.7773   20.1143
   -7.5000   22.5000    0.000013160.6045   20.1038
    0.0000   22.5000    0.000013769.8242   20.1438
    7.5000   22.5000    0.000013051.7002   20.1120
   -7.5000   30.0000    0.000012020.7900   19.8522
    0.0000   30.0000    0.000012551.8223   19.8982
    7.5000   30.0000    0.000011900.7295   19.8667
   -7.5000   37.5000    0.000011201.3613   19.8760
    0.0000   37.5000    0.000011687.1846   19.9148
    7.5000   37.5000    0.000011056.7891   19.8870
   -7.5000   45.0000    0.0000 9948.0654   19.4812
    0.0000   45.0000    0.000010334.7148   19.5056
    7.5000   45.0000    0.0000 9803.6816   19.4805
   -7.5000  -45.0000    7.500012216.6396   20.1125
    0.0000  -45.0000    7.500012834.9170   20.1398
    7.5000  -45.0000    7.500012146.5537   20.1178
   -7.5000  -37.5000    7.500012605.5400   20.1256
    0.0000  -37.5000    7.500013230.8555   20.1462
    7.5000  -37.5000    7.500012528.1582   20.1190
   -7.5000  -30.0000    7.500013339.8096   20.1347
    0.0000  -30.0000    7.500013909.0137   20.1580
    7.5000  -30.0000    7.500013258.9561   20.1261
   -7.5000  -22.5000    7.500014011.9180   20.1283
    0.0000  -22.5000    7.500014522.1123   20.1610
    7.5000  -22.5000    7.500013947.6064   20.1277
   -7.5000  -15.0000    7.500014604.2676   20.1152
    0.0000  -15.0000    7.500015138.5684   20.1552
    7.5000  -15.0000    7.500014591.5264   20.1252
   -7.5000   -7.5000    7.500015170.8223   20.1083
    0.0000   -7.5000    7.500015735.2383   20.1457
    7.5000   -7.5000    7.500015161.2744   20.1224
   -7.5000    0.0000    7.500015586.3633   20.1124
    0.0000    0.0000    7.500016247.6318   20.1397
    7.5000    0.0000    7.500015556.3047   20.1177
   -7.5000    7.5000    7.500014781.5098   20.1256
    0.0000    7.5000    7.500015469.7051   20.1462
    7.5000    7.5000    7.500014733.4521   20.1190
   -7.5000   15.0000    7.500013874.8506   20.1347
    0.0000   15.0000    7.500014532.2314   20.1580
    7.5000   15.0000    7.500013790.0557   20.1261
   -7.5000   22.5000    7.500012888.8057   20.1190
    0.0000   22.5000    7.500013482.1572   20.1517
    7.5000   22.5000    7.500012767.8730   20.1184
   -7.5000   30.0000    7.500011743.1436   19.8582
    0.0000   30.0000    7.500012270.9473   19.8977
    7.5000   30.0000    7.500011604.7441   19.8680
   -7.5000   37.5000    7.500010920.1836   19.8750
    0.0000   37.5000    7.500011379.5889   19.9121
    7.5000   37.5000    7.500010758.2754   19.8888
   -7.5000   45.0000    7.5000 9668.9580   19.4822
    0.0000   45.0000    7.500010018.4756   19.5087
    7.5000   45.0000    7.5000 9513.5537   19.4867
   -7.5000  -45.0000   15.000011835.3115   20.1152
    0.0000  -45.0000   15.000012488.2021   20.1343
    7.5000  -45.0000   15.000011710.2051   20.1091
   -7.5000  -37.5000   15.000012352.0225   20.1279
    0.0000  -37.5000   15.000012963.3037   20.1414
    7.5000  -37.5000   15.000012269.3271   20.1122
   -7.5000  -30.0000   15.000013025.2002   20.1423
    0.0000  -30.0000   15.000013477.6016   20.1546
    7.5000  -30.0000   15.000013012.5518   20.1208
   -7.5000  -22.5000   15.000013532.3975   20.1433
    0.0000  -22.5000   15.000013913.9434   20.1609
    7.5000  -22.5000   15.000013574.6797   20.1240
   -7.5000  -15.0000   15.000014097.0791   20.1312
    0.0000  -15.0000   15.000014494.0303   20.1552
    7.5000  -15.0000   15.000014129.1768   20.1202
   -7.5000   -7.5000   15.000014722.3018   20.1172
    0.0000   -7.5000   15.000015200.0488   20.1418
    7.5000   -7.5000   15.000014668.3721   20.1139
   -7.5000    0.0000   15.000015183.4189   20.1151
    0.0000    0.0000   15.000015734.9873   20.1342
    7.5000    0.0000   15.000015038.2588   20.1090
   -7.5000    7.5000   15.000014397.3916   20.1279
    0.0000    7.5000   15.000014989.0186   20.1414
    7.5000    7.5000   15.000014219.1738   20.1122
   -7.5000   15.0000   15.000013490.5732   20.1423
    0.0000   15.0000   15.000014092.9307   20.1546
    7.5000   15.0000   15.000013301.2754   20.1208
   -7.5000   22.5000   15.000012501.2656   20.1341
    0.0000   22.5000   15.000013080.3936   20.1516
    7.5000   22.5000   15.000012314.5850   20.1147
   -7.5000   30.0000   15.000011354.4277   19.8737
    0.0000   30.0000   15.000011890.9326   19.8975
    7.5000   30.0000   15.000011186.9639   19.8629
   -7.5000   37.5000   15.000010528.2236   19.8847
    0.0000   37.5000   15.000010969.9131   19.9089
    7.5000   37.5000   15.000010343.6045   19.8811
   -7.5000   45.0000   15.0000 9285.3389   19.4843
    0.0000   45.0000   15.0000 9643.4736   19.5030
    7.5000   45.0000   15.0000 9138.9648   19.4779
   -7.5000  -45.0000   22.500011162.9014   20.1185
    0.0000  -45.0000   22.500011782.1064   20.1258
    7.5000  -45.0000   22.500011087.1768   20.0925
   -7.5000  -37.5000   22.500011763.2764   20.1178
    0.0000  -37.5000   22.500012403.8477   20.1226
    7.5000  -37.5000   22.500011704.0762   20.0908
   -7.5000  -30.0000   22.500012557.6641   20.1303
    0.0000  -30.0000   22.500013073.5986   20.1351
    7.5000  -30.0000   22.500012498.0664   20.1015
   -7.5000  -22.5000   22.500013175.3252   20.1441
    0.0000  -22.5000   22.500013616.9883   20.1533
    7.5000  -22.5000   22.500013077.4541   20.1138
   -7.5000  -15.0000   22.500013743.4707   20.1441
    0.0000  -15.0000   22.500014242.6836   20.1582
    7.5000  -15.0000   22.500013589.6123   20.1157
   -7.5000   -7.5000   22.500014280.6152   20.1308
    0.0000   -7.5000   22.500014820.7744   20.1431
    7.5000   -7.5000   22.500014059.5146   20.1050
   -7.5000    0.0000   22.500014614.6299   20.1184
    0.0000    0.0000   22.500015197.1240   20.1257
    7.5000    0.0000   22.500014354.2842   20.0924
   -7.5000    7.5000   22.500013808.0010   20.1178
    0.0000    7.5000   22.500014394.1846   20.1226
    7.5000    7.5000   22.500013552.0312   20.0908
   -7.5000   15.0000   22.500012899.6240   20.1303
    0.0000   15.0000   22.500013473.9385   20.1351
    7.5000   15.0000   22.500012670.1787   20.1015
   -7.5000   22.5000   22.500011909.0107   20.1348
    0.0000   22.5000   22.500012456.6865   20.1440
    7.5000   22.5000   22.500011710.7461   20.1046
   -7.5000   30.0000   22.500010784.1611   19.8858
    0.0000   30.0000   22.500011310.3574   19.8997
    7.5000   30.0000   22.500010636.8701   19.8577
   -7.5000   37.5000   22.5000 9977.5762   19.8980
    0.0000   37.5000   22.500010410.8408   19.9101
    7.5000   37.5000   22.5000 9837.4570   19.8722
   -7.5000   45.0000   22.5000 8781.5713   19.4871
    0.0000   45.0000   22.5000 9146.6133   19.4942
    7.5000   45.0000   22.5000 8682.9727   19.4614
   -7.5000  -45.0000   30.000010395.5547   20.1464
    0.0000  -45.0000   30.000010961.1748   20.1493
    7.5000  -45.0000   30.000010308.6699   20.1131
   -7.5000  -37.5000   30.000010919.6475   20.1342
    0.0000  -37.5000   30.000011511.9248   20.1363
    7.5000  -37.5000   30.000010838.5283   20.1056
   -7.5000  -30.0000   30.000011684.3662   20.1412
    0.0000  -30.0000   30.000012208.4678   20.1481
    7.5000  -30.0000   30.000011551.6455   20.1175
   -7.5000  -22.5000   30.000012344.1768   20.1612
    0.0000  -22.5000   30.000012889.8955   20.1754
    7.5000  -22.5000   30.000012147.9609   20.1374
   -7.5000  -15.0000   30.000012935.0410   20.1715
    0.0000  -15.0000   30.000013539.6709   20.1895
    7.5000  -15.0000   30.000012698.1191   20.1453
   -7.5000   -7.5000   30.000013428.1426   20.1636
    0.0000   -7.5000   30.000014035.9316   20.1751
    7.5000   -7.5000   30.000013169.0137   20.1327
   -7.5000    0.0000   30.000013738.3252   20.1463
    0.0000    0.0000   30.000014369.3408   20.1492
    7.5000    0.0000   30.000013485.3506   20.1130
   -7.5000    7.5000   30.000012940.9873   20.1342
    0.0000    7.5000   30.000013533.9678   20.1363
    7.5000    7.5000   30.000012725.6152   20.1056
   -7.5000   15.0000   30.000012094.8623   20.1412
    0.0000   15.0000   30.000012623.2178   20.1481
    7.5000   15.0000   30.000011904.1230   20.1175
   -7.5000   22.5000   30.000011152.5693   20.1519
    0.0000   22.5000   30.000011628.5273   20.1661
    7.5000   22.5000   30.000011001.4375   20.1282
   -7.5000   30.0000   30.000010117.2354   19.9124
    0.0000   30.0000   30.000010525.6416   19.9302
    7.5000   30.0000   30.0000 9990.9746   19.8865
   -7.5000   37.5000   30.0000 9358.9824   19.9299
    0.0000   37.5000   30.0000 9706.7139   19.9411
    7.5000   37.5000   30.0000 9236.8369   19.8989
   -7.5000   45.0000   30.0000 8238.1240   19.5142
    0.0000   45.0000   30.0000 8535.1543   19.5169
    7.5000   45.0000   30.0000 8153.2285   19.4813
   -7.5000  -45.0000   37.500010022.5732   20.1885
    0.0000  -45.0000   37.500010532.3281   20.2009
    7.5000  -45.0000   37.5000 9966.6133   20.1688
   -7.5000  -37.5000   37.500010485.4463   20.1789
    0.0000  -37.5000   37.500010988.0947   20.1891
    7.5000  -37.5000   37.500010423.0664   20.1613
   -7.5000  -30.0000   37.500011200.1670   20.1809
    0.0000  -30.0000   37.500011658.4297   20.1994
    7.5000  -30.0000   37.500011085.3369   20.1711
   -7.5000  -22.5000   37.500011843.3320   20.1915
    0.0000  -22.5000   37.500012302.5664   20.2212
    7.5000  -22.5000   37.500011694.1221   20.1867
   -7.5000  -15.0000   37.500012409.6768   20.1993
    0.0000  -15.0000   37.500012914.1875   20.2336
    7.5000  -15.0000   37.500012265.8633   20.1941
   -7.5000   -7.5000   37.500012857.9766   20.1981
    0.0000   -7.5000   37.500013389.4941   20.2233
    7.5000   -7.5000   37.500012709.2656   20.1859
   -7.5000    0.0000   37.500013202.8389   20.1885
    0.0000    0.0000   37.500013745.5225   20.2008
    7.5000    0.0000   37.500013033.1543   20.1687
   -7.5000    7.5000   37.500012500.1055   20.1789
    0.0000    7.5000   37.500013034.1592   20.1891
    7.5000    7.5000   37.500012327.4775   20.1613
   -7.5000   15.0000   37.500011671.0332   20.1809
    0.0000   15.0000   37.500012178.0488   20.1994
    7.5000   15.0000   37.500011543.2383   20.1711
   -7.5000   22.5000   37.500010752.5879   20.1822
    0.0000   22.5000   37.500011225.5459   20.2119
    7.5000   22.5000   37.500010657.0947   20.1774
   -7.5000   30.0000   37.5000 9754.6035   19.9402
    0.0000   30.0000   37.500010152.1104   19.9740
    7.5000   30.0000   37.5000 9663.8740   19.9350
   -7.5000   37.5000   37.5000 9004.5869   19.9633
    0.0000   37.5000   37.5000 9349.4502   19.9882
    7.5000   37.5000   37.5000 8926.0303   19.9509
   -7.5000   45.0000   37.5000 7935.7588   19.5557
    0.0000   45.0000   37.5000 8242.4580   19.5675
    7.5000   45.0000   37.5000 7866.1890   19.5359
   -7.5000  -45.0000   45.0000 9252.0352   20.3472
    0.0000  -45.0000   45.0000 9714.9121   20.3721
    7.5000  -45.0000   45.0000 9230.0596   20.3452
   -7.5000  -37.5000   45.0000 9658.9150   20.3492
    0.0000  -37.5000   45.000010135.0342   20.3689
    7.5000  -37.5000   45.0000 9639.9170   20.3413
   -7.5000  -30.0000   45.000010320.2100   20.3508
    0.0000  -30.0000   45.000010768.4873   20.3781
    7.5000  -30.0000   45.000010264.7451   20.3477
   -7.5000  -22.5000   45.000010916.0703   20.3474
    0.0000  -22.5000   45.000011384.5312   20.3874
    7.5000  -22.5000   45.000010842.2754   20.3535
   -7.5000  -15.0000   45.000011414.0869   20.3440
    0.0000  -15.0000   45.000011926.2949   20.3905
    7.5000  -15.0000   45.000011353.5508   20.3562
   -7.5000   -7.5000   45.000011833.2529   20.3451
    0.0000   -7.5000   45.000012362.8887   20.3843
    7.5000   -7.5000   45.000011779.0410   20.3543
   -7.5000    0.0000   45.000012157.6680   20.3471
    0.0000    0.0000   45.000012697.8682   20.3720
    7.5000    0.0000   45.000012090.5049   20.3451
   -7.5000    7.5000   45.000011532.2314   20.3492
    0.0000    7.5000   45.000012049.4141   20.3689
    7.5000    7.5000   45.000011477.0898   20.3413
   -7.5000   15.0000   45.000010782.7744   20.3508
    0.0000   15.0000   45.000011253.4785   20.3781
    7.5000   15.0000   45.000010725.3115   20.3477
   -7.5000   22.5000   45.0000 9911.9180   20.3380
    0.0000   22.5000   45.000010337.3232   20.3779
    7.5000   22.5000   45.0000 9868.8340   20.3441
   -7.5000   30.0000   45.0000 9019.7471   20.0820
    0.0000   30.0000   45.0000 9368.7480   20.1279
    7.5000   30.0000   45.0000 8961.6836   20.0940
   -7.5000   37.5000   45.0000 8342.9902   20.1072
    0.0000   37.5000   45.0000 8644.6875   20.1459
    7.5000   37.5000   45.0000 8291.8311   20.1160
   -7.5000   45.0000   45.0000 7322.6841   19.7203
    0.0000   45.0000   45.0000 7600.9121   19.7444
    7.5000   45.0000   45.0000 7289.0571   19.7176

---------------------------------------------------------------------
imgreg_4dfp /opt/freesurfer/average/711-2C_as_mni_average_305 /opt/freesurfer/average/711-2B_as_mni_average_305_mask talsrcimg_g11 none talsrcimg_to_711-2C_as_mni_average_305_t4 4355
---------------------------------------------------------------------

freesurfer imgreg_4dfp.c
/opt/freesurfer/average/711-2C_as_mni_average_305.4dfp.img
       256       256       256         1
  1.000000  1.000000  1.000000
orientation T byte_order littleendian
Reading image: /opt/freesurfer/average/711-2C_as_mni_average_305.4dfp.img
dimensions:      256       256       256
mmppix:       1.0000   -1.0000   -1.0000
center:     128.0000 -129.0000 -129.0000
/opt/freesurfer/average/711-2B_as_mni_average_305_mask.4dfp.img
       256       256       256         1
  1.000000  1.000000  1.000000
orientation T byte_order littleendian
Reading mask: /opt/freesurfer/average/711-2B_as_mni_average_305_mask.4dfp.img (2306576 pixels)
talsrcimg_g11.4dfp.img
       256       256       256         1
  1.000000  1.000000  1.000000
orientation T byte_order littleendian
Reading image: talsrcimg_g11.4dfp.img
dimensions:      256       256       256
mmppix:       1.0000   -1.0000   -1.0000
center:     128.0000 -129.0000 -129.0000
rotation matrix determinant  1.000000
image alignment mode   4355 decimal     1103 hex
   -7.5000  -45.0000  -45.0000 2085.6028   18.0090
    0.0000  -45.0000  -45.0000 2094.7598   17.9126
    7.5000  -45.0000  -45.0000 2071.9868   18.1552
   -7.5000  -37.5000  -45.0000 2148.6863   16.9490
    0.0000  -37.5000  -45.0000 2156.9238   16.8633
    7.5000  -37.5000  -45.0000 2136.1758   17.1154
   -7.5000  -30.0000  -45.0000 2179.7000   16.3077
    0.0000  -30.0000  -45.0000 2191.5510   16.2486
    7.5000  -30.0000  -45.0000 2166.1394   16.4865
   -7.5000  -22.5000  -45.0000 2183.6108   16.0451
    0.0000  -22.5000  -45.0000 2193.9028   15.9645
    7.5000  -22.5000  -45.0000 2170.9614   16.2356
   -7.5000  -15.0000  -45.0000 2170.1677   16.1431
    0.0000  -15.0000  -45.0000 2180.9817   16.0389
    7.5000  -15.0000  -45.0000 2159.0024   16.2971
   -7.5000   -7.5000  -45.0000 2131.9531   16.5543
    0.0000   -7.5000  -45.0000 2144.8887   16.4604
    7.5000   -7.5000  -45.0000 2121.5581   16.7197
   -7.5000    0.0000  -45.0000 2071.6162   17.2571
    0.0000    0.0000  -45.0000 2086.1887   17.1089
    7.5000    0.0000  -45.0000 2060.8105   17.4135
   -7.5000    7.5000  -45.0000 1991.9493   18.3958
    0.0000    7.5000  -45.0000 2008.1143   18.1901
    7.5000    7.5000  -45.0000 1984.6898   18.5387
   -7.5000   15.0000  -45.0000 1897.0258   20.0229
    0.0000   15.0000  -45.0000 1909.5302   19.8159
    7.5000   15.0000  -45.0000 1894.6464   20.2059
   -7.5000   22.5000  -45.0000 1795.4777   22.3217
    0.0000   22.5000  -45.0000 1807.9683   22.2041
    7.5000   22.5000  -45.0000 1787.6934   22.5293
   -7.5000   30.0000  -45.0000 1689.0302   25.5934
    0.0000   30.0000  -45.0000 1700.9696   25.4675
    7.5000   30.0000  -45.0000 1681.1635   25.7164
   -7.5000   37.5000  -45.0000 1575.5593   29.9586
    0.0000   37.5000  -45.0000 1585.2194   29.8489
    7.5000   37.5000  -45.0000 1570.4878   30.1851
   -7.5000   45.0000  -45.0000 1445.2019   36.1620
    0.0000   45.0000  -45.0000 1464.6619   36.1451
    7.5000   45.0000  -45.0000 1446.0078   36.6355
   -7.5000  -45.0000  -37.5000 2173.8530   16.6325
    0.0000  -45.0000  -37.5000 2185.4812   16.6558
    7.5000  -45.0000  -37.5000 2168.1125   16.8056
   -7.5000  -37.5000  -37.5000 2240.8479   15.6486
    0.0000  -37.5000  -37.5000 2253.4712   15.6272
    7.5000  -37.5000  -37.5000 2236.0310   15.8129
   -7.5000  -30.0000  -37.5000 2275.7847   15.0687
    0.0000  -30.0000  -37.5000 2295.8584   15.0422
    7.5000  -30.0000  -37.5000 2269.4949   15.2007
   -7.5000  -22.5000  -37.5000 2287.3315   14.8066
    0.0000  -22.5000  -37.5000 2303.2019   14.7862
    7.5000  -22.5000  -37.5000 2279.7568   14.9219
   -7.5000  -15.0000  -37.5000 2281.2517   14.8516
    0.0000  -15.0000  -37.5000 2294.7593   14.7840
    7.5000  -15.0000  -37.5000 2269.3352   14.9454
   -7.5000   -7.5000  -37.5000 2237.8140   15.1902
    0.0000   -7.5000  -37.5000 2255.6147   15.1299
    7.5000   -7.5000  -37.5000 2229.1956   15.2933
   -7.5000    0.0000  -37.5000 2177.2124   15.8220
    0.0000    0.0000  -37.5000 2191.6155   15.7386
    7.5000    0.0000  -37.5000 2164.9502   15.9144
   -7.5000    7.5000  -37.5000 2093.0940   16.8254
    0.0000    7.5000  -37.5000 2112.9519   16.6793
    7.5000    7.5000  -37.5000 2088.1648   16.9273
   -7.5000   15.0000  -37.5000 1995.0746   18.3143
    0.0000   15.0000  -37.5000 2008.7736   18.1231
    7.5000   15.0000  -37.5000 1990.2914   18.4257
   -7.5000   22.5000  -37.5000 1887.8464   20.4131
    0.0000   22.5000  -37.5000 1902.1755   20.2226
    7.5000   22.5000  -37.5000 1883.6266   20.5428
   -7.5000   30.0000  -37.5000 1770.5599   23.2679
    0.0000   30.0000  -37.5000 1783.3141   23.0607
    7.5000   30.0000  -37.5000 1762.2206   23.2944
   -7.5000   37.5000  -37.5000 1650.4735   27.1292
    0.0000   37.5000  -37.5000 1656.1089   26.8729
    7.5000   37.5000  -37.5000 1638.3800   27.2450
   -7.5000   45.0000  -37.5000 1515.2576   32.6232
    0.0000   45.0000  -37.5000 1532.7557   32.3291
    7.5000   45.0000  -37.5000 1510.3984   32.7981
   -7.5000  -45.0000  -30.0000 2305.1028   15.9412
    0.0000  -45.0000  -30.0000 2320.7456   15.9722
    7.5000  -45.0000  -30.0000 2290.2166   16.0671
   -7.5000  -37.5000  -30.0000 2372.7046   15.0087
    0.0000  -37.5000  -30.0000 2390.4209   15.0402
    7.5000  -37.5000  -30.0000 2360.6768   15.1100
   -7.5000  -30.0000  -30.0000 2417.2256   14.4445
    0.0000  -30.0000  -30.0000 2439.8452   14.4780
    7.5000  -30.0000  -30.0000 2404.0161   14.5341
   -7.5000  -22.5000  -30.0000 2432.7229   14.1903
    0.0000  -22.5000  -30.0000 2454.5002   14.2103
    7.5000  -22.5000  -30.0000 2422.4260   14.2796
   -7.5000  -15.0000  -30.0000 2429.6543   14.2028
    0.0000  -15.0000  -30.0000 2450.4456   14.1875
    7.5000  -15.0000  -30.0000 2418.3477   14.2586
   -7.5000   -7.5000  -30.0000 2385.8064   14.4777
    0.0000   -7.5000  -30.0000 2407.5669   14.4614
    7.5000   -7.5000  -30.0000 2380.2395   14.5477
   -7.5000    0.0000  -30.0000 2315.9902   15.0286
    0.0000    0.0000  -30.0000 2337.9890   14.9837
    7.5000    0.0000  -30.0000 2314.6328   15.1072
   -7.5000    7.5000  -30.0000 2229.6360   15.9504
    0.0000    7.5000  -30.0000 2250.5969   15.8493
    7.5000    7.5000  -30.0000 2226.7583   16.0339
   -7.5000   15.0000  -30.0000 2123.5120   17.3619
    0.0000   15.0000  -30.0000 2138.2834   17.2328
    7.5000   15.0000  -30.0000 2117.7793   17.4471
   -7.5000   22.5000  -30.0000 2014.7135   19.2982
    0.0000   22.5000  -30.0000 2027.8386   19.1548
    7.5000   22.5000  -30.0000 2005.5400   19.3952
   -7.5000   30.0000  -30.0000 1883.0433   21.8828
    0.0000   30.0000  -30.0000 1892.2896   21.7297
    7.5000   30.0000  -30.0000 1873.6980   21.9651
   -7.5000   37.5000  -30.0000 1753.2039   25.4605
    0.0000   37.5000  -30.0000 1758.7290   25.2742
    7.5000   37.5000  -30.0000 1746.1941   25.6272
   -7.5000   45.0000  -30.0000 1614.7896   30.3689
    0.0000   45.0000  -30.0000 1632.9399   30.1511
    7.5000   45.0000  -30.0000 1613.2693   30.5056
   -7.5000  -45.0000  -22.5000 2404.4248   15.1665
    0.0000  -45.0000  -22.5000 2422.2771   15.2106
    7.5000  -45.0000  -22.5000 2390.0569   15.2661
   -7.5000  -37.5000  -22.5000 2480.4968   14.2501
    0.0000  -37.5000  -22.5000 2500.9023   14.3146
    7.5000  -37.5000  -22.5000 2467.8347   14.3275
   -7.5000  -30.0000  -22.5000 2529.5852   13.7306
    0.0000  -30.0000  -22.5000 2553.1968   13.7642
    7.5000  -30.0000  -22.5000 2512.0059   13.7673
   -7.5000  -22.5000  -22.5000 2549.4717   13.4881
    0.0000  -22.5000  -22.5000 2579.2339   13.5170
    7.5000  -22.5000  -22.5000 2538.3428   13.5398
   -7.5000  -15.0000  -22.5000 2545.1289   13.4986
    0.0000  -15.0000  -22.5000 2576.0156   13.5045
    7.5000  -15.0000  -22.5000 2533.9658   13.5369
   -7.5000   -7.5000  -22.5000 2508.8733   13.7439
    0.0000   -7.5000  -22.5000 2536.7703   13.7426
    7.5000   -7.5000  -22.5000 2501.6592   13.7714
   -7.5000    0.0000  -22.5000 2439.4192   14.2047
    0.0000    0.0000  -22.5000 2465.5425   14.1982
    7.5000    0.0000  -22.5000 2431.0408   14.2539
   -7.5000    7.5000  -22.5000 2345.9426   15.0114
    0.0000    7.5000  -22.5000 2370.6528   14.9602
    7.5000    7.5000  -22.5000 2339.6348   15.0742
   -7.5000   15.0000  -22.5000 2229.1067   16.2760
    0.0000   15.0000  -22.5000 2246.3193   16.2097
    7.5000   15.0000  -22.5000 2223.4407   16.3621
   -7.5000   22.5000  -22.5000 2106.5537   18.0819
    0.0000   22.5000  -22.5000 2120.6375   17.9866
    7.5000   22.5000  -22.5000 2099.1384   18.1429
   -7.5000   30.0000  -22.5000 1977.4141   20.5205
    0.0000   30.0000  -22.5000 1986.1877   20.4443
    7.5000   30.0000  -22.5000 1966.3740   20.6364
   -7.5000   37.5000  -22.5000 1841.3600   23.8841
    0.0000   37.5000  -22.5000 1852.0557   23.7035
    7.5000   37.5000  -22.5000 1833.9218   24.0495
   -7.5000   45.0000  -22.5000 1691.1543   28.3658
    0.0000   45.0000  -22.5000 1706.9661   28.1618
    7.5000   45.0000  -22.5000 1684.6899   28.5298
   -7.5000  -45.0000  -15.0000 2474.8611   14.4634
    0.0000  -45.0000  -15.0000 2489.4639   14.4949
    7.5000  -45.0000  -15.0000 2454.6160   14.5481
   -7.5000  -37.5000  -15.0000 2558.7673   13.4999
    0.0000  -37.5000  -15.0000 2576.1458   13.5468
    7.5000  -37.5000  -15.0000 2540.7195   13.5857
   -7.5000  -30.0000  -15.0000 2615.2302   12.9824
    0.0000  -30.0000  -15.0000 2633.4609   12.9992
    7.5000  -30.0000  -15.0000 2598.7498   13.0094
   -7.5000  -22.5000  -15.0000 2642.3564   12.7787
    0.0000  -22.5000  -15.0000 2671.3413   12.7908
    7.5000  -22.5000  -15.0000 2629.2812   12.8123
   -7.5000  -15.0000  -15.0000 2643.0554   12.8086
    0.0000  -15.0000  -15.0000 2670.0654   12.8324
    7.5000  -15.0000  -15.0000 2627.1953   12.8370
   -7.5000   -7.5000  -15.0000 2607.9373   13.0434
    0.0000   -7.5000  -15.0000 2635.4072   13.0570
    7.5000   -7.5000  -15.0000 2596.8369   13.0656
   -7.5000    0.0000  -15.0000 2535.4558   13.4939
    0.0000    0.0000  -15.0000 2560.3826   13.4933
    7.5000    0.0000  -15.0000 2525.0186   13.5268
   -7.5000    7.5000  -15.0000 2441.4143   14.2057
    0.0000    7.5000  -15.0000 2464.9407   14.1729
    7.5000    7.5000  -15.0000 2432.4404   14.2794
   -7.5000   15.0000  -15.0000 2316.4111   15.3449
    0.0000   15.0000  -15.0000 2334.6335   15.3053
    7.5000   15.0000  -15.0000 2306.3557   15.4452
   -7.5000   22.5000  -15.0000 2183.7605   16.9944
    0.0000   22.5000  -15.0000 2188.6550   16.9345
    7.5000   22.5000  -15.0000 2170.5229   17.0926
   -7.5000   30.0000  -15.0000 2040.9520   19.3242
    0.0000   30.0000  -15.0000 2044.9338   19.2230
    7.5000   30.0000  -15.0000 2032.0101   19.4097
   -7.5000   37.5000  -15.0000 1900.1183   22.5225
    0.0000   37.5000  -15.0000 1906.0294   22.2696
    7.5000   37.5000  -15.0000 1888.0685   22.5503
   -7.5000   45.0000  -15.0000 1747.2532   26.6496
    0.0000   45.0000  -15.0000 1757.2422   26.3314
    7.5000   45.0000  -15.0000 1741.8708   26.7568
   -7.5000  -45.0000   -7.5000 2522.0959   13.8817
    0.0000  -45.0000   -7.5000 2537.2930   13.8885
    7.5000  -45.0000   -7.5000 2506.4451   13.9906
   -7.5000  -37.5000   -7.5000 2619.3267   12.8718
    0.0000  -37.5000   -7.5000 2636.0110   12.8603
    7.5000  -37.5000   -7.5000 2601.6770   12.9837
   -7.5000  -30.0000   -7.5000 2685.1833   12.3069
    0.0000  -30.0000   -7.5000 2704.7002   12.3026
    7.5000  -30.0000   -7.5000 2668.5376   12.3915
   -7.5000  -22.5000   -7.5000 2722.0620   12.1179
    0.0000  -22.5000   -7.5000 2752.9700   12.1149
    7.5000  -22.5000   -7.5000 2709.8372   12.1591
   -7.5000  -15.0000   -7.5000 2725.1833   12.1722
    0.0000  -15.0000   -7.5000 2754.7192   12.1692
    7.5000  -15.0000   -7.5000 2713.7881   12.2118
   -7.5000   -7.5000   -7.5000 2692.1792   12.4145
    0.0000   -7.5000   -7.5000 2719.8584   12.4050
    7.5000   -7.5000   -7.5000 2682.8098   12.4483
   -7.5000    0.0000   -7.5000 2620.1099   12.8316
    0.0000    0.0000   -7.5000 2649.1887   12.8211
    7.5000    0.0000   -7.5000 2612.2966   12.8992
   -7.5000    7.5000   -7.5000 2521.8865   13.5222
    0.0000    7.5000   -7.5000 2549.6155   13.4913
    7.5000    7.5000   -7.5000 2511.4148   13.6087
   -7.5000   15.0000   -7.5000 2387.0498   14.6029
    0.0000   15.0000   -7.5000 2412.1899   14.5733
    7.5000   15.0000   -7.5000 2381.8291   14.6962
   -7.5000   22.5000   -7.5000 2241.9597   16.1787
    0.0000   22.5000   -7.5000 2253.2490   16.1443
    7.5000   22.5000   -7.5000 2232.4111   16.2721
   -7.5000   30.0000   -7.5000 2091.9702   18.3634
    0.0000   30.0000   -7.5000 2098.6882   18.2861
    7.5000   30.0000   -7.5000 2080.9829   18.4353
   -7.5000   37.5000   -7.5000 1937.7401   21.3069
    0.0000   37.5000   -7.5000 1947.9308   21.1435
    7.5000   37.5000   -7.5000 1924.4331   21.3681
   -7.5000   45.0000   -7.5000 1779.2832   25.1609
    0.0000   45.0000   -7.5000 1796.0787   24.9265
    7.5000   45.0000   -7.5000 1772.4539   25.2831
   -7.5000  -45.0000    0.0000 2550.3442   13.5030
    0.0000  -45.0000    0.0000 2570.7517   13.4753
    7.5000  -45.0000    0.0000 2549.8052   13.6517
   -7.5000  -37.5000    0.0000 2656.1589   12.4585
    0.0000  -37.5000    0.0000 2682.4558   12.4218
    7.5000  -37.5000    0.0000 2645.6230   12.6185
   -7.5000  -30.0000    0.0000 2737.4243   11.8192
    0.0000  -30.0000    0.0000 2766.9509   11.7695
    7.5000  -30.0000    0.0000 2726.0120   11.9632
   -7.5000  -22.5000    0.0000 2784.8450   11.6276
    0.0000  -22.5000    0.0000 2818.9646   11.5762
    7.5000  -22.5000    0.0000 2778.3018   11.7093
   -7.5000  -15.0000    0.0000 2795.1094   11.6790
    0.0000  -15.0000    0.0000 2828.3845   11.6350
    7.5000  -15.0000    0.0000 2791.7231   11.7443
   -7.5000   -7.5000    0.0000 2756.2917   11.9183
    0.0000   -7.5000    0.0000 2785.1040   11.8884
    7.5000   -7.5000    0.0000 2755.4617   11.9996
   -7.5000    0.0000    0.0000 2681.0430   12.3541
    0.0000    0.0000    0.0000 2707.5598   12.3017
    7.5000    0.0000    0.0000 2676.3582   12.4655
   -7.5000    7.5000    0.0000 2577.8655   13.0468
    0.0000    7.5000    0.0000 2610.0029   12.9961
    7.5000    7.5000    0.0000 2570.7595   13.1700
   -7.5000   15.0000    0.0000 2446.1670   14.0851
    0.0000   15.0000    0.0000 2469.0215   14.0493
    7.5000   15.0000    0.0000 2441.2324   14.2217
   -7.5000   22.5000    0.0000 2292.2463   15.5802
    0.0000   22.5000    0.0000 2303.6848   15.5580
    7.5000   22.5000    0.0000 2288.9414   15.7288
   -7.5000   30.0000    0.0000 2133.4695   17.6410
    0.0000   30.0000    0.0000 2139.2798   17.5784
    7.5000   30.0000    0.0000 2123.6111   17.7745
   -7.5000   37.5000    0.0000 1959.0090   20.3981
    0.0000   37.5000    0.0000 1975.7019   20.2465
    7.5000   37.5000    0.0000 1951.9758   20.5281
   -7.5000   45.0000    0.0000 1799.9813   24.0020
    0.0000   45.0000    0.0000 1813.1552   23.8093
    7.5000   45.0000    0.0000 1795.4128   24.1910
   -7.5000  -45.0000    7.5000 2569.8948   13.3609
    0.0000  -45.0000    7.5000 2595.3901   13.2985
    7.5000  -45.0000    7.5000 2573.7068   13.5028
   -7.5000  -37.5000    7.5000 2681.9829   12.3453
    0.0000  -37.5000    7.5000 2716.8342   12.2378
    7.5000  -37.5000    7.5000 2681.3955   12.5105
   -7.5000  -30.0000    7.5000 2770.1602   11.6002
    0.0000  -30.0000    7.5000 2804.5579   11.4626
    7.5000  -30.0000    7.5000 2768.6292   11.7704
   -7.5000  -22.5000    7.5000 2828.9817   11.2745
    0.0000  -22.5000    7.5000 2862.1541   11.1214
    7.5000  -22.5000    7.5000 2824.2705   11.4248
   -7.5000  -15.0000    7.5000 2834.9658   11.2774
    0.0000  -15.0000    7.5000 2862.4543   11.1333
    7.5000  -15.0000    7.5000 2835.5273   11.4163
   -7.5000   -7.5000    7.5000 2797.9771   11.5462
    0.0000   -7.5000    7.5000 2817.7542   11.4096
    7.5000   -7.5000    7.5000 2798.1509   11.6982
   -7.5000    0.0000    7.5000 2719.2559   12.0178
    0.0000    0.0000    7.5000 2746.3408   11.9195
    7.5000    0.0000    7.5000 2718.9629   12.1752
   -7.5000    7.5000    7.5000 2608.9622   12.7527
    0.0000    7.5000    7.5000 2638.0891   12.6588
    7.5000    7.5000    7.5000 2611.2502   12.8891
   -7.5000   15.0000    7.5000 2476.3269   13.7869
    0.0000   15.0000    7.5000 2500.4436   13.7088
    7.5000   15.0000    7.5000 2476.7222   13.9348
   -7.5000   22.5000    7.5000 2323.6497   15.2572
    0.0000   22.5000    7.5000 2336.6040   15.2092
    7.5000   22.5000    7.5000 2320.7292   15.4104
   -7.5000   30.0000    7.5000 2154.3081   17.2266
    0.0000   30.0000    7.5000 2167.6829   17.1571
    7.5000   30.0000    7.5000 2147.5225   17.3847
   -7.5000   37.5000    7.5000 1975.3916   19.7981
    0.0000   37.5000    7.5000 1990.6951   19.6541
    7.5000   37.5000    7.5000 1969.6503   19.9613
   -7.5000   45.0000    7.5000 1811.8386   23.2586
    0.0000   45.0000    7.5000 1822.7131   23.0192
    7.5000   45.0000    7.5000 1807.7555   23.4363
   -7.5000  -45.0000   15.0000 2569.3721   13.4298
    0.0000  -45.0000   15.0000 2595.6489   13.3019
    7.5000  -45.0000   15.0000 2570.9265   13.5099
   -7.5000  -37.5000   15.0000 2690.3125   12.4923
    0.0000  -37.5000   15.0000 2728.7117   12.3305
    7.5000  -37.5000   15.0000 2693.3655   12.5804
   -7.5000  -30.0000   15.0000 2785.3457   11.6884
    0.0000  -30.0000   15.0000 2816.6492   11.4422
    7.5000  -30.0000   15.0000 2785.0034   11.8619
   -7.5000  -22.5000   15.0000 2834.7419   11.2328
    0.0000  -22.5000   15.0000 2861.2983   10.9675
    7.5000  -22.5000   15.0000 2832.7217   11.4540
   -7.5000  -15.0000   15.0000 2839.8169   11.1885
    0.0000  -15.0000   15.0000 2858.8208   10.9388
    7.5000  -15.0000   15.0000 2842.6892   11.3640
   -7.5000   -7.5000   15.0000 2806.8286   11.4728
    0.0000   -7.5000   15.0000 2824.1218   11.2962
    7.5000   -7.5000   15.0000 2803.1296   11.5936
   -7.5000    0.0000   15.0000 2730.5212   11.9736
    0.0000    0.0000   15.0000 2750.0457   11.8308
    7.5000    0.0000   15.0000 2723.2549   12.0630
   -7.5000    7.5000   15.0000 2615.5518   12.7310
    0.0000    7.5000   15.0000 2637.3301   12.5980
    7.5000    7.5000   15.0000 2611.2771   12.7830
   -7.5000   15.0000   15.0000 2478.8547   13.7880
    0.0000   15.0000   15.0000 2499.6646   13.6774
    7.5000   15.0000   15.0000 2474.5767   13.8354
   -7.5000   22.5000   15.0000 2329.4980   15.2294
    0.0000   22.5000   15.0000 2344.9697   15.1338
    7.5000   22.5000   15.0000 2324.0154   15.2814
   -7.5000   30.0000   15.0000 2160.0195   17.1103
    0.0000   30.0000   15.0000 2178.7583   17.0127
    7.5000   30.0000   15.0000 2155.8821   17.2014
   -7.5000   37.5000   15.0000 1982.0775   19.6183
    0.0000   37.5000   15.0000 1994.7438   19.4428
    7.5000   37.5000   15.0000 1979.5531   19.7126
   -7.5000   45.0000   15.0000 1818.0394   22.9961
    0.0000   45.0000   15.0000 1825.6290   22.7073
    7.5000   45.0000   15.0000 1816.3182   23.0916
   -7.5000  -45.0000   22.5000 2545.9858   13.5974
    0.0000  -45.0000   22.5000 2572.9202   13.4388
    7.5000  -45.0000   22.5000 2544.6355   13.7100
   -7.5000  -37.5000   22.5000 2669.8096   12.7510
    0.0000  -37.5000   22.5000 2710.4153   12.5788
    7.5000  -37.5000   22.5000 2673.2612   12.8314
   -7.5000  -30.0000   22.5000 2772.5603   12.0351
    0.0000  -30.0000   22.5000 2806.7063   11.8037
    7.5000  -30.0000   22.5000 2767.6931   12.1495
   -7.5000  -22.5000   22.5000 2829.6934   11.5754
    0.0000  -22.5000   22.5000 2853.0803   11.3114
    7.5000  -22.5000   22.5000 2820.6614   11.7010
   -7.5000  -15.0000   22.5000 2832.1265   11.4537
    0.0000  -15.0000   22.5000 2852.1882   11.2759
    7.5000  -15.0000   22.5000 2829.1028   11.5374
   -7.5000   -7.5000   22.5000 2795.1807   11.6445
    0.0000   -7.5000   22.5000 2814.7129   11.5094
    7.5000   -7.5000   22.5000 2791.6384   11.6923
   -7.5000    0.0000   22.5000 2711.0691   12.0797
    0.0000    0.0000   22.5000 2733.0342   11.9638
    7.5000    0.0000   22.5000 2706.5701   12.1205
   -7.5000    7.5000   22.5000 2602.5337   12.7960
    0.0000    7.5000   22.5000 2623.7346   12.7012
    7.5000    7.5000   22.5000 2594.8254   12.8358
   -7.5000   15.0000   22.5000 2465.9431   13.8708
    0.0000   15.0000   22.5000 2484.0552   13.8089
    7.5000   15.0000   22.5000 2460.4880   13.9174
   -7.5000   22.5000   22.5000 2317.9512   15.3161
    0.0000   22.5000   22.5000 2333.8713   15.2933
    7.5000   22.5000   22.5000 2311.0137   15.3545
   -7.5000   30.0000   22.5000 2148.4756   17.2150
    0.0000   30.0000   22.5000 2172.8674   17.1992
    7.5000   30.0000   22.5000 2142.1323   17.2675
   -7.5000   37.5000   22.5000 1979.8177   19.7450
    0.0000   37.5000   22.5000 1992.1208   19.6254
    7.5000   37.5000   22.5000 1974.5990   19.7566
   -7.5000   45.0000   22.5000 1817.3152   22.9972
    0.0000   45.0000   22.5000 1825.9742   22.7651
    7.5000   45.0000   22.5000 1812.5494   23.0205
   -7.5000  -45.0000   30.0000 2500.1738   14.0381
    0.0000  -45.0000   30.0000 2530.0134   13.9211
    7.5000  -45.0000   30.0000 2495.7778   14.1726
   -7.5000  -37.5000   30.0000 2625.3030   13.1718
    0.0000  -37.5000   30.0000 2665.7419   13.0563
    7.5000  -37.5000   30.0000 2625.1687   13.2780
   -7.5000  -30.0000   30.0000 2729.3042   12.4633
    0.0000  -30.0000   30.0000 2761.0713   12.2984
    7.5000  -30.0000   30.0000 2718.1172   12.5919
   -7.5000  -22.5000   30.0000 2790.3457   12.0198
    0.0000  -22.5000   30.0000 2814.4583   11.9046
    7.5000  -22.5000   30.0000 2773.8323   12.1041
   -7.5000  -15.0000   30.0000 2794.2593   11.9465
    0.0000  -15.0000   30.0000 2819.7861   11.8940
    7.5000  -15.0000   30.0000 2782.0122   11.9761
   -7.5000   -7.5000   30.0000 2757.8489   12.0915
    0.0000   -7.5000   30.0000 2781.5024   12.0674
    7.5000   -7.5000   30.0000 2746.6628   12.1235
   -7.5000    0.0000   30.0000 2668.9854   12.4700
    0.0000    0.0000   30.0000 2696.3044   12.4229
    7.5000    0.0000   30.0000 2658.9719   12.5164
   -7.5000    7.5000   30.0000 2556.3164   13.1203
    0.0000    7.5000   30.0000 2585.0676   13.0554
    7.5000    7.5000   30.0000 2548.8762   13.1800
   -7.5000   15.0000   30.0000 2433.6580   14.1147
    0.0000   15.0000   30.0000 2457.1885   14.0347
    7.5000   15.0000   30.0000 2427.7202   14.1773
   -7.5000   22.5000   30.0000 2289.8381   15.5429
    0.0000   22.5000   30.0000 2309.5310   15.4745
    7.5000   22.5000   30.0000 2285.5813   15.6148
   -7.5000   30.0000   30.0000 2118.9719   17.4406
    0.0000   30.0000   30.0000 2138.4170   17.3328
    7.5000   30.0000   30.0000 2117.3818   17.4992
   -7.5000   37.5000   30.0000 1956.7252   19.9613
    0.0000   37.5000   30.0000 1967.6915   19.7725
    7.5000   37.5000   30.0000 1950.2667   19.9891
   -7.5000   45.0000   30.0000 1803.4319   23.2052
    0.0000   45.0000   30.0000 1816.1857   22.9641
    7.5000   45.0000   30.0000 1796.6499   23.2684
   -7.5000  -45.0000   37.5000 2447.2231   14.6572
    0.0000  -45.0000   37.5000 2478.7056   14.5259
    7.5000  -45.0000   37.5000 2449.1169   14.7530
   -7.5000  -37.5000   37.5000 2568.5337   13.7089
    0.0000  -37.5000   37.5000 2604.7615   13.5622
    7.5000  -37.5000   37.5000 2571.8582   13.8197
   -7.5000  -30.0000   37.5000 2669.5725   12.9903
    0.0000  -30.0000   37.5000 2698.2903   12.8338
    7.5000  -30.0000   37.5000 2658.9878   13.0995
   -7.5000  -22.5000   37.5000 2729.1733   12.5757
    0.0000  -22.5000   37.5000 2750.2500   12.4457
    7.5000  -22.5000   37.5000 2714.8267   12.6357
   -7.5000  -15.0000   37.5000 2729.0154   12.5213
    0.0000  -15.0000   37.5000 2750.6917   12.4136
    7.5000  -15.0000   37.5000 2722.1189   12.5464
   -7.5000   -7.5000   37.5000 2682.6655   12.6719
    0.0000   -7.5000   37.5000 2706.8662   12.5882
    7.5000   -7.5000   37.5000 2680.1411   12.6807
   -7.5000    0.0000   37.5000 2604.0769   13.0694
    0.0000    0.0000   37.5000 2629.4692   12.9794
    7.5000    0.0000   37.5000 2596.7275   13.0737
   -7.5000    7.5000   37.5000 2500.2532   13.7044
    0.0000    7.5000   37.5000 2529.6228   13.6369
    7.5000    7.5000   37.5000 2491.4517   13.7312
   -7.5000   15.0000   37.5000 2380.6709   14.6386
    0.0000   15.0000   37.5000 2411.1082   14.5781
    7.5000   15.0000   37.5000 2377.4751   14.7142
   -7.5000   22.5000   37.5000 2244.8750   15.9707
    0.0000   22.5000   37.5000 2269.0149   15.9194
    7.5000   22.5000   37.5000 2241.1270   16.0790
   -7.5000   30.0000   37.5000 2083.5791   17.8074
    0.0000   30.0000   37.5000 2097.0068   17.7359
    7.5000   30.0000   37.5000 2078.1360   17.8846
   -7.5000   37.5000   37.5000 1926.2152   20.3188
    0.0000   37.5000   37.5000 1934.4614   20.0930
    7.5000   37.5000   37.5000 1924.3630   20.3289
   -7.5000   45.0000   37.5000 1775.7577   23.6051
    0.0000   45.0000   37.5000 1785.1267   23.3093
    7.5000   45.0000   37.5000 1772.8564   23.5813
   -7.5000  -45.0000   45.0000 2384.2393   15.4580
    0.0000  -45.0000   45.0000 2417.0784   15.3359
    7.5000  -45.0000   45.0000 2384.4868   15.6117
   -7.5000  -37.5000   45.0000 2496.9534   14.4721
    0.0000  -37.5000   45.0000 2532.2307   14.3468
    7.5000  -37.5000   45.0000 2497.9309   14.5995
   -7.5000  -30.0000   45.0000 2589.3125   13.7378
    0.0000  -30.0000   45.0000 2611.3362   13.6086
    7.5000  -30.0000   45.0000 2578.8066   13.8434
   -7.5000  -22.5000   45.0000 2644.4470   13.3237
    0.0000  -22.5000   45.0000 2664.0906   13.2056
    7.5000  -22.5000   45.0000 2632.6663   13.3966
   -7.5000  -15.0000   45.0000 2640.8953   13.2547
    0.0000  -15.0000   45.0000 2663.2139   13.1399
    7.5000  -15.0000   45.0000 2636.5928   13.2825
   -7.5000   -7.5000   45.0000 2596.2747   13.3958
    0.0000   -7.5000   45.0000 2618.4229   13.3119
    7.5000   -7.5000   45.0000 2595.5044   13.4160
   -7.5000    0.0000   45.0000 2524.0586   13.7599
    0.0000    0.0000   45.0000 2549.7302   13.6800
    7.5000    0.0000   45.0000 2522.9844   13.7750
   -7.5000    7.5000   45.0000 2429.1289   14.4036
    0.0000    7.5000   45.0000 2461.8381   14.3287
    7.5000    7.5000   45.0000 2432.7183   14.4254
   -7.5000   15.0000   45.0000 2317.8330   15.3693
    0.0000   15.0000   45.0000 2349.5437   15.2746
    7.5000   15.0000   45.0000 2320.9858   15.3930
   -7.5000   22.5000   45.0000 2182.3787   16.6306
    0.0000   22.5000   45.0000 2205.4175   16.5827
    7.5000   22.5000   45.0000 2183.2705   16.7271
   -7.5000   30.0000   45.0000 2038.1960   18.4244
    0.0000   30.0000   45.0000 2047.7842   18.3494
    7.5000   30.0000   45.0000 2034.3351   18.5022
   -7.5000   37.5000   45.0000 1889.4176   20.9396
    0.0000   37.5000   45.0000 1893.8175   20.7361
    7.5000   37.5000   45.0000 1890.4983   20.9892
   -7.5000   45.0000   45.0000 1737.9203   24.3175
    0.0000   45.0000   45.0000 1749.9630   24.0038
    7.5000   45.0000   45.0000 1736.2603   24.2957

---------------------------------------------------------------------
imgreg_4dfp /opt/freesurfer/average/711-2C_as_mni_average_305 /opt/freesurfer/average/711-2B_as_mni_average_305_mask talsrcimg_g11 none talsrcimg_to_711-2C_as_mni_average_305_t4 1283
---------------------------------------------------------------------

freesurfer imgreg_4dfp.c
/opt/freesurfer/average/711-2C_as_mni_average_305.4dfp.img
       256       256       256         1
  1.000000  1.000000  1.000000
orientation T byte_order littleendian
Reading image: /opt/freesurfer/average/711-2C_as_mni_average_305.4dfp.img
dimensions:      256       256       256
mmppix:       1.0000   -1.0000   -1.0000
center:     128.0000 -129.0000 -129.0000
/opt/freesurfer/average/711-2B_as_mni_average_305_mask.4dfp.img
       256       256       256         1
  1.000000  1.000000  1.000000
orientation T byte_order littleendian
Reading mask: /opt/freesurfer/average/711-2B_as_mni_average_305_mask.4dfp.img (2306576 pixels)
talsrcimg_g11.4dfp.img
       256       256       256         1
  1.000000  1.000000  1.000000
orientation T byte_order littleendian
Reading image: talsrcimg_g11.4dfp.img
dimensions:      256       256       256
mmppix:       1.0000   -1.0000   -1.0000
center:     128.0000 -129.0000 -129.0000
rotation matrix determinant  1.000000
fimgreg.f
image alignment mode   1283 decimal      503 hex
parameters
    0.0000  -15.0000    7.5000    0.0000    0.0000    0.0000
eta,q 0.89882 11.06930
niter,ni,del,rscale     5    3   12.0000    1.2000
parameter  1 -0.556358 -> -0.500000 qaram    1.1500
parameter  2  0.537493 ->  0.500000 qaram    1.1500
parameter  4  2.143529 ->  0.500000 qaram    1.1500
parameter  5  1.139014 ->  0.500000 qaram    1.1500
parameter  6 -1.061036 -> -0.500000 qaram    1.1500
parameters
    3.4500  -18.4500   10.1706   -3.4500   -3.4500    3.4500
eta,q 0.90267 10.83536
  0.1087  0.1040  0.1119  0.0988  0.0990  0.1047
  0.1077  0.1032  0.1076  0.1004  0.0992  0.1028
  0.1071  0.1038  0.1035  0.1015  0.0996  0.1010
  0.1074  0.1044  0.1029  0.1023  0.1008  0.0993
  0.1059  0.1055  0.1025  0.1037  0.1032  0.0979
  0.1047  0.1083  0.1018  0.1063  0.1053  0.0972
  0.1072  0.1116  0.1030  0.1081  0.1067  0.0975
niter,ni,del,rscale     7    3   12.0000    1.2000
parameter  4  1.719364 ->  0.500000 qaram    1.3225
parameters
    1.8440  -17.6435   10.1138   -7.4175   -3.0061    1.6753
eta,q 0.90583 10.79642
  0.1050  0.1069  0.1047  0.0932  0.1005  0.0966
  0.1007  0.1011  0.1014  0.0944  0.0973  0.0951
  0.0970  0.0968  0.0984  0.0952  0.0951  0.0942
  0.0973  0.0964  0.0971  0.0971  0.0946  0.0947
  0.1027  0.0985  0.0991  0.0989  0.0953  0.0961
  0.1087  0.0996  0.1022  0.1003  0.0970  0.0977
  0.1153  0.1017  0.1043  0.1037  0.0987  0.0997
niter,ni,del,rscale     7    3   12.0000    1.2000
parameter  4  2.342814 ->  0.500000 qaram    1.5209
parameters
    0.7276  -16.4888   10.2684  -11.9801   -1.5877    0.2252
eta,q 0.90914 10.80693
  0.1018  0.1074  0.1017  0.0901  0.0965  0.0925
  0.0968  0.1007  0.0984  0.0906  0.0934  0.0915
  0.0953  0.0960  0.0953  0.0927  0.0919  0.0910
  0.0942  0.0947  0.0944  0.0945  0.0913  0.0907
  0.0969  0.0943  0.0965  0.0979  0.0903  0.0912
  0.1025  0.0963  0.0990  0.1008  0.0908  0.0932
  0.1077  0.1008  0.1000  0.1026  0.0935  0.0960
niter,ni,del,rscale     7    3   12.0000    1.2000
parameters
    0.3127  -15.8284   10.8543  -15.3006   -0.3378    0.5357
eta,q 0.91088 10.78226
  0.0996  0.1046  0.0982  0.0936  0.0944  0.0938
  0.0941  0.0954  0.0928  0.0911  0.0928  0.0923
  0.0912  0.0903  0.0904  0.0898  0.0912  0.0906
  0.0909  0.0909  0.0914  0.0922  0.0898  0.0892
  0.0921  0.0926  0.0939  0.0940  0.0887  0.0892
  0.0964  0.0947  0.0949  0.0973  0.0902  0.0910
  0.1014  0.0979  0.0932  0.1015  0.0926  0.0939
niter,ni,del,rscale     6    3   12.0000    1.2000
parameters
   -0.1366  -14.7130   11.0371  -15.7563    0.1567    0.6585
eta,q 0.91137 10.75370
  0.0977  0.1027  0.0957  0.0961  0.0934  0.0931
  0.0929  0.0962  0.0901  0.0931  0.0920  0.0915
  0.0909  0.0915  0.0876  0.0899  0.0906  0.0901
  0.0891  0.0894  0.0891  0.0893  0.0890  0.0887
  0.0900  0.0894  0.0907  0.0922  0.0885  0.0885
  0.0954  0.0922  0.0922  0.0941  0.0907  0.0903
  0.1003  0.0960  0.0923  0.0967  0.0931  0.0939
niter,ni,del,rscale     5    3   12.0000    1.2000
parameters
   -0.2482  -14.3422   11.1846  -16.0483    0.4143    0.5548
eta,q 0.91155 10.74686
  0.0978  0.0997  0.0955  0.0961  0.0932  0.0927
  0.0930  0.0939  0.0901  0.0934  0.0918  0.0912
  0.0906  0.0905  0.0874  0.0901  0.0905  0.0898
  0.0886  0.0887  0.0886  0.0887  0.0886  0.0884
  0.0889  0.0896  0.0903  0.0919  0.0887  0.0883
  0.0939  0.0934  0.0922  0.0942  0.0909  0.0904
  0.0987  0.0971  0.0923  0.0963  0.0933  0.0942
niter,ni,del,rscale     4    3   12.0000    1.2000
parameters
   -0.3068  -14.1726   11.2462  -16.2662    0.4827    0.4209
eta,q 0.91153 10.74725
  0.0975  0.0988  0.0952  0.0961  0.0930  0.0925
  0.0928  0.0934  0.0899  0.0935  0.0915  0.0910
  0.0906  0.0903  0.0873  0.0903  0.0903  0.0897
  0.0884  0.0885  0.0885  0.0885  0.0885  0.0884
  0.0887  0.0897  0.0902  0.0917  0.0890  0.0883
  0.0934  0.0936  0.0923  0.0942  0.0910  0.0903
  0.0982  0.0974  0.0923  0.0961  0.0935  0.0941
niter,ni,del,rscale     3    3   12.0000    1.2000
parameters
   -0.3464  -14.0567   11.2531  -16.4427    0.4471    0.2976
eta,q 0.91148 10.75138
  0.0973  0.0985  0.0950  0.0961  0.0927  0.0924
  0.0926  0.0933  0.0898  0.0935  0.0914  0.0909
  0.0906  0.0904  0.0873  0.0904  0.0902  0.0897
  0.0885  0.0885  0.0885  0.0885  0.0885  0.0885
  0.0886  0.0898  0.0903  0.0916  0.0891  0.0882
  0.0931  0.0936  0.0924  0.0942  0.0911  0.0901
  0.0979  0.0975  0.0922  0.0960  0.0934  0.0940
niter,ni,del,rscale     2    3   12.0000    1.2000
parameters
   -0.3710  -13.9655   11.2349  -16.5809    0.3758    0.2065
eta,q 0.91146 10.75629
  0.0971  0.0983  0.0949  0.0961  0.0926  0.0924
  0.0925  0.0934  0.0898  0.0936  0.0912  0.0908
  0.0906  0.0905  0.0872  0.0905  0.0901  0.0897
  0.0885  0.0885  0.0885  0.0885  0.0885  0.0885
  0.0885  0.0898  0.0904  0.0916  0.0891  0.0882
  0.0929  0.0936  0.0925  0.0942  0.0911  0.0900
  0.0978  0.0976  0.0922  0.0960  0.0933  0.0938
niter,ni,del,rscale     1    3   12.0000    1.2000
parameters
   -0.3812  -13.8992   11.2125  -16.6857    0.3182    0.1435
eta,q 0.91147 10.75995
  0.0971  0.0982  0.0949  0.0962  0.0925  0.0923
  0.0924  0.0934  0.0898  0.0936  0.0911  0.0908
  0.0905  0.0905  0.0873  0.0906  0.0901  0.0896
  0.0885  0.0886  0.0885  0.0885  0.0885  0.0885
  0.0885  0.0897  0.0905  0.0916  0.0890  0.0882
  0.0927  0.0937  0.0925  0.0942  0.0910  0.0898
  0.0977  0.0978  0.0921  0.0959  0.0931  0.0936
registration optimization eta report
parameter search radius
    6.9000    6.9000    6.0000    9.1253    6.9000    6.9000
100000*second partial in parameter space
       19.       19.       14.        8.        8.        9.
  0.0971  0.0982  0.0949  0.0962  0.0925  0.0923
  0.0924  0.0934  0.0898  0.0936  0.0911  0.0908
  0.0905  0.0905  0.0873  0.0906  0.0901  0.0896
  0.0885  0.0886  0.0885  0.0885  0.0885  0.0885
  0.0885  0.0897  0.0905  0.0916  0.0890  0.0882
  0.0927  0.0937  0.0925  0.0942  0.0910  0.0898
  0.0977  0.0978  0.0921  0.0959  0.0931  0.0936
   -0.3812  -13.8992   11.2125  -16.6857    0.3182    0.1435
eta,q 0.91147 10.75995

---------------------------------------------------------------------
imgreg_4dfp /opt/freesurfer/average/711-2C_as_mni_average_305 /opt/freesurfer/average/711-2B_as_mni_average_305_mask talsrcimg_g11 none talsrcimg_to_711-2C_as_mni_average_305_t4 3335
---------------------------------------------------------------------

freesurfer imgreg_4dfp.c
/opt/freesurfer/average/711-2C_as_mni_average_305.4dfp.img
       256       256       256         1
  1.000000  1.000000  1.000000
orientation T byte_order littleendian
Reading image: /opt/freesurfer/average/711-2C_as_mni_average_305.4dfp.img
dimensions:      256       256       256
mmppix:       1.0000   -1.0000   -1.0000
center:     128.0000 -129.0000 -129.0000
/opt/freesurfer/average/711-2B_as_mni_average_305_mask.4dfp.img
       256       256       256         1
  1.000000  1.000000  1.000000
orientation T byte_order littleendian
Reading mask: /opt/freesurfer/average/711-2B_as_mni_average_305_mask.4dfp.img (2306576 pixels)
talsrcimg_g11.4dfp.img
       256       256       256         1
  1.000000  1.000000  1.000000
orientation T byte_order littleendian
Reading image: talsrcimg_g11.4dfp.img
dimensions:      256       256       256
mmppix:       1.0000   -1.0000   -1.0000
center:     128.0000 -129.0000 -129.0000
fimgreg.f
image alignment mode   3335 decimal      D07 hex
parameters
   -0.3812  -13.8992   11.2125   -0.0019   -4.2105   -4.2121
   -0.0805   -0.6040    0.2505   28.7108    0.5554  -28.7117
eta,q 0.91135 10.82412
niter,ni,del,rscale     5    3    5.0000    1.2000
parameter  4-82.266075 ->  0.500000 qaram    1.1500
parameter  5  3.480367 ->  0.500000 qaram    1.1500
parameter  6 -3.332026 ->  0.500000 qaram    1.1500
parameter 10  2.395814 ->  0.500000 qaram    1.1500
parameter 11  7.130239 -> -0.500000 qaram    1.1500
parameter 12-57.679089 -> -0.500000 qaram    1.1500
parameters
   -1.0201  -13.6338   11.5165   -4.1419   -8.3505   -8.3521
    1.3423    2.7490   -1.8239   24.5708    4.6954  -24.5717
eta,q 0.92945 10.26829
  0.0891  0.0899  0.0893  0.0807  0.0762  0.0659  0.0741  0.0731  0.0732  0.0704  0.0717  0.0709
  0.0887  0.0891  0.0888  0.0836  0.0787  0.0714  0.0735  0.0726  0.0727  0.0709  0.0716  0.0707
  0.0886  0.0887  0.0886  0.0862  0.0814  0.0759  0.0730  0.0725  0.0726  0.0717  0.0714  0.0706
  0.0887  0.0886  0.0886  0.0886  0.0844  0.0794  0.0727  0.0727  0.0727  0.0726  0.0711  0.0706
  0.0889  0.0886  0.0887  0.0910  0.0875  0.0827  0.0727  0.0727  0.0730  0.0735  0.0708  0.0706
  0.0895  0.0889  0.0888  0.0936  0.0910  0.0859  0.0729  0.0725  0.0736  0.0746  0.0705  0.0705
  0.0903  0.0893  0.0889  0.0964  0.0952  0.0895  0.0733  0.0725  0.0744  0.0758  0.0704  0.0703
niter,ni,del,rscale     7    3    5.0000    1.2000
parameter  2  0.775462 ->  0.500000 qaram    1.1500
parameter  3 -2.161440 -> -0.500000 qaram    1.1500
parameter  4  4.069650 ->  0.500000 qaram    1.3225
parameter  5 16.792801 ->  0.500000 qaram    1.3225
parameter  6  2.393835 ->  0.500000 qaram    1.3225
parameters
   -1.4210  -15.0138   12.8965   -8.9029  -13.1115  -13.1131
    3.8966   -0.3811   -0.2145   24.2760    1.4830  -24.0406
eta,q 0.95216 10.16897
  0.0716  0.0700  0.0729  0.0609  0.0520  0.0467  0.0529  0.0504  0.0505  0.0509  0.0487  0.0495
  0.0709  0.0700  0.0718  0.0627  0.0559  0.0488  0.0514  0.0486  0.0494  0.0495  0.0480  0.0484
  0.0705  0.0702  0.0709  0.0655  0.0596  0.0523  0.0503  0.0483  0.0487  0.0485  0.0478  0.0479
  0.0706  0.0705  0.0700  0.0689  0.0634  0.0569  0.0496  0.0494  0.0483  0.0481  0.0482  0.0478
  0.0709  0.0710  0.0693  0.0723  0.0670  0.0624  0.0494  0.0515  0.0481  0.0484  0.0490  0.0480
  0.0716  0.0718  0.0687  0.0757  0.0709  0.0681  0.0496  0.0542  0.0484  0.0495  0.0503  0.0484
  0.0725  0.0727  0.0683  0.0791  0.0753  0.0730  0.0502  0.0570  0.0492  0.0515  0.0520  0.0488
niter,ni,del,rscale     7    3    5.0000    1.2000
parameter  4  0.604783 ->  0.500000 qaram    1.5209
parameter  5  2.761651 ->  0.500000 qaram    1.5209
parameter  6  0.619368 ->  0.500000 qaram    1.5209
parameter 12  0.685922 ->  0.500000 qaram    1.3225
parameters
   -1.0796  -15.4337   13.4583  -14.3781  -18.5867  -18.5882
    2.5917    1.5176   -0.5194   23.9210   -0.6666  -28.8016
eta,q 0.96297  9.63836
  0.0525  0.0493  0.0509  0.0468  0.0378  0.0380  0.0397  0.0431  0.0394  0.0409  0.0380  0.0374
  0.0502  0.0483  0.0493  0.0464  0.0394  0.0379  0.0386  0.0409  0.0384  0.0392  0.0377  0.0370
  0.0486  0.0478  0.0482  0.0464  0.0424  0.0386  0.0380  0.0391  0.0379  0.0381  0.0376  0.0372
  0.0478  0.0478  0.0477  0.0476  0.0464  0.0401  0.0380  0.0380  0.0377  0.0377  0.0377  0.0376
  0.0479  0.0483  0.0477  0.0509  0.0503  0.0423  0.0387  0.0377  0.0380  0.0381  0.0379  0.0383
  0.0488  0.0493  0.0482  0.0554  0.0545  0.0464  0.0398  0.0384  0.0387  0.0394  0.0382  0.0390
  0.0505  0.0505  0.0490  0.0600  0.0586  0.0535  0.0414  0.0397  0.0397  0.0417  0.0386  0.0398
niter,ni,del,rscale     7    3    5.0000    1.2000
parameter  5  0.808919 ->  0.500000 qaram    1.7490
parameters
   -0.4711  -14.5246   13.9610  -15.5679  -24.8831  -20.3100
    2.1353    1.9310   -0.9668   26.1799   -0.4861  -31.2295
eta,q 0.96698  9.30690
  0.0419  0.0426  0.0391  0.0402  0.0339  0.0369  0.0358  0.0377  0.0350  0.0387  0.0341  0.0342
  0.0397  0.0398  0.0379  0.0383  0.0335  0.0351  0.0346  0.0357  0.0342  0.0365  0.0336  0.0333
  0.0380  0.0379  0.0370  0.0370  0.0341  0.0341  0.0338  0.0343  0.0338  0.0348  0.0333  0.0330
  0.0370  0.0368  0.0365  0.0364  0.0365  0.0335  0.0337  0.0337  0.0336  0.0336  0.0332  0.0332
  0.0368  0.0365  0.0365  0.0369  0.0405  0.0344  0.0341  0.0340  0.0339  0.0332  0.0333  0.0339
  0.0374  0.0369  0.0369  0.0392  0.0448  0.0369  0.0350  0.0351  0.0344  0.0338  0.0336  0.0346
  0.0387  0.0379  0.0378  0.0433  0.0493  0.0404  0.0364  0.0369  0.0353  0.0353  0.0340  0.0354
niter,ni,del,rscale     7    3    5.0000    1.2000
parameters
   -0.3310  -13.4937   13.1736  -14.0092  -29.3660  -19.8045
    1.8833    2.0093   -0.4122   27.9426   -0.1980  -35.6284
eta,q 0.96895  9.25205
  0.0366  0.0386  0.0334  0.0376  0.0341  0.0369  0.0340  0.0356  0.0333  0.0365  0.0325  0.0317
  0.0348  0.0360  0.0328  0.0354  0.0326  0.0345  0.0328  0.0336  0.0326  0.0344  0.0320  0.0312
  0.0335  0.0341  0.0325  0.0337  0.0319  0.0329  0.0320  0.0323  0.0320  0.0328  0.0317  0.0311
  0.0330  0.0330  0.0326  0.0325  0.0322  0.0319  0.0318  0.0318  0.0318  0.0318  0.0315  0.0315
  0.0333  0.0326  0.0332  0.0319  0.0343  0.0320  0.0321  0.0323  0.0319  0.0315  0.0316  0.0322
  0.0342  0.0329  0.0342  0.0328  0.0388  0.0336  0.0330  0.0335  0.0322  0.0322  0.0319  0.0331
  0.0359  0.0338  0.0356  0.0360  0.0434  0.0365  0.0343  0.0355  0.0330  0.0339  0.0324  0.0340
niter,ni,del,rscale     6    3    5.0000    1.2000
parameters
   -0.3307  -13.0146   12.6899  -13.3711  -31.4595  -20.1991
    1.7505    1.9335    0.0673   29.1650   -0.0218  -36.9235
eta,q 0.96935  9.20550
  0.0343  0.0348  0.0323  0.0359  0.0347  0.0360  0.0333  0.0346  0.0325  0.0355  0.0319  0.0321
  0.0325  0.0329  0.0315  0.0338  0.0327  0.0335  0.0320  0.0326  0.0317  0.0334  0.0313  0.0312
  0.0314  0.0316  0.0310  0.0321  0.0312  0.0317  0.0311  0.0313  0.0311  0.0318  0.0309  0.0307
  0.0311  0.0311  0.0310  0.0309  0.0308  0.0308  0.0309  0.0309  0.0309  0.0309  0.0307  0.0307
  0.0314  0.0311  0.0315  0.0305  0.0317  0.0313  0.0312  0.0314  0.0309  0.0308  0.0308  0.0312
  0.0325  0.0317  0.0324  0.0320  0.0349  0.0330  0.0321  0.0327  0.0314  0.0317  0.0312  0.0320
  0.0343  0.0328  0.0338  0.0358  0.0397  0.0378  0.0334  0.0347  0.0322  0.0336  0.0318  0.0329
niter,ni,del,rscale     5    3    5.0000    1.2000
parameters
   -0.3377  -12.7166   12.4707  -13.2886  -32.3092  -20.4122
    1.7157    1.8317    0.1656   29.6057   -0.0360  -37.5595
eta,q 0.96936  9.17645
  0.0339  0.0341  0.0323  0.0353  0.0355  0.0361  0.0332  0.0344  0.0322  0.0348  0.0318  0.0323
  0.0321  0.0323  0.0313  0.0333  0.0333  0.0335  0.0318  0.0323  0.0314  0.0329  0.0312  0.0313
  0.0310  0.0311  0.0308  0.0317  0.0315  0.0317  0.0310  0.0311  0.0309  0.0314  0.0308  0.0307
  0.0307  0.0307  0.0306  0.0306  0.0306  0.0307  0.0307  0.0307  0.0307  0.0307  0.0307  0.0307
  0.0310  0.0308  0.0309  0.0304  0.0311  0.0310  0.0310  0.0312  0.0308  0.0309  0.0308  0.0310
  0.0321  0.0316  0.0317  0.0322  0.0334  0.0327  0.0319  0.0325  0.0313  0.0320  0.0312  0.0317
  0.0339  0.0328  0.0330  0.0362  0.0381  0.0376  0.0332  0.0345  0.0322  0.0342  0.0318  0.0326
niter,ni,del,rscale     4    3    5.0000    1.2000
parameters
   -0.3503  -12.5878   12.3923  -13.2868  -32.6523  -20.5470
    1.7301    1.7932    0.1986   29.8122   -0.0319  -37.8105
eta,q 0.96933  9.16238
  0.0338  0.0337  0.0325  0.0352  0.0359  0.0361  0.0332  0.0344  0.0322  0.0346  0.0318  0.0324
  0.0321  0.0320  0.0315  0.0332  0.0336  0.0336  0.0319  0.0324  0.0314  0.0327  0.0312  0.0314
  0.0310  0.0310  0.0309  0.0317  0.0317  0.0317  0.0310  0.0311  0.0309  0.0313  0.0308  0.0309
  0.0306  0.0306  0.0306  0.0306  0.0306  0.0307  0.0307  0.0307  0.0307  0.0307  0.0307  0.0307
  0.0310  0.0309  0.0309  0.0304  0.0310  0.0310  0.0310  0.0312  0.0308  0.0309  0.0308  0.0310
  0.0321  0.0318  0.0316  0.0323  0.0330  0.0326  0.0319  0.0324  0.0313  0.0322  0.0312  0.0316
  0.0339  0.0331  0.0328  0.0362  0.0375  0.0375  0.0332  0.0345  0.0322  0.0345  0.0318  0.0325
niter,ni,del,rscale     3    3    5.0000    1.2000
parameters
   -0.3584  -12.5246   12.3581  -13.2994  -32.8082  -20.6058
    1.7416    1.7746    0.2297   29.8991   -0.0185  -37.9149
eta,q 0.96931  9.15513
  0.0338  0.0336  0.0326  0.0352  0.0360  0.0362  0.0332  0.0344  0.0322  0.0345  0.0318  0.0325
  0.0321  0.0320  0.0316  0.0332  0.0337  0.0337  0.0319  0.0324  0.0314  0.0326  0.0312  0.0315
  0.0311  0.0310  0.0309  0.0317  0.0318  0.0317  0.0310  0.0311  0.0309  0.0313  0.0308  0.0309
  0.0307  0.0307  0.0307  0.0307  0.0307  0.0307  0.0307  0.0307  0.0307  0.0307  0.0307  0.0307
  0.0310  0.0310  0.0309  0.0305  0.0309  0.0310  0.0310  0.0312  0.0308  0.0310  0.0308  0.0310
  0.0321  0.0319  0.0316  0.0323  0.0329  0.0326  0.0319  0.0324  0.0313  0.0323  0.0312  0.0316
  0.0339  0.0333  0.0327  0.0362  0.0373  0.0374  0.0332  0.0344  0.0322  0.0346  0.0318  0.0325
niter,ni,del,rscale     2    3    5.0000    1.2000
parameters
   -0.3641  -12.4945   12.3470  -13.3137  -32.8736  -20.6297
    1.7463    1.7646    0.2400   29.9378   -0.0184  -37.9605
eta,q 0.96930  9.15182
  0.0338  0.0335  0.0326  0.0352  0.0361  0.0362  0.0332  0.0344  0.0322  0.0344  0.0318  0.0325
  0.0321  0.0319  0.0316  0.0332  0.0338  0.0337  0.0319  0.0324  0.0314  0.0326  0.0312  0.0315
  0.0311  0.0310  0.0309  0.0318  0.0319  0.0318  0.0310  0.0311  0.0309  0.0313  0.0308  0.0309
  0.0307  0.0307  0.0307  0.0307  0.0307  0.0307  0.0307  0.0307  0.0307  0.0307  0.0307  0.0307
  0.0310  0.0310  0.0309  0.0305  0.0309  0.0310  0.0310  0.0312  0.0308  0.0310  0.0308  0.0310
  0.0321  0.0320  0.0316  0.0323  0.0328  0.0325  0.0319  0.0324  0.0313  0.0323  0.0312  0.0316
  0.0339  0.0333  0.0327  0.0362  0.0372  0.0373  0.0332  0.0344  0.0322  0.0346  0.0318  0.0325
niter,ni,del,rscale     1    3    5.0000    1.2000
parameters
   -0.3667  -12.4808   12.3406  -13.3158  -32.9048  -20.6436
    1.7493    1.7573    0.2542   29.9536   -0.0154  -37.9835
eta,q 0.96929  9.15026
  0.0338  0.0335  0.0326  0.0352  0.0361  0.0362  0.0332  0.0344  0.0322  0.0344  0.0318  0.0325
  0.0321  0.0319  0.0316  0.0332  0.0338  0.0337  0.0319  0.0324  0.0314  0.0326  0.0312  0.0315
  0.0311  0.0310  0.0310  0.0318  0.0319  0.0318  0.0310  0.0311  0.0309  0.0313  0.0309  0.0309
  0.0307  0.0307  0.0307  0.0307  0.0307  0.0307  0.0307  0.0307  0.0307  0.0307  0.0307  0.0307
  0.0310  0.0311  0.0309  0.0305  0.0309  0.0310  0.0310  0.0312  0.0308  0.0310  0.0308  0.0310
  0.0321  0.0320  0.0316  0.0323  0.0328  0.0325  0.0319  0.0324  0.0313  0.0323  0.0312  0.0316
  0.0339  0.0334  0.0327  0.0362  0.0371  0.0373  0.0332  0.0344  0.0322  0.0347  0.0318  0.0325
registration optimization eta report
parameter search radius
    2.4000    2.7600    2.7600   10.9503   12.5928   10.9503
    7.2000    7.2000    7.2000    8.2800    8.2800    9.5220
100000*second partial in parameter space
       54.       36.       25.        4.        4.        5.
        5.        7.        3.        6.        2.        2.
  0.0338  0.0335  0.0326  0.0352  0.0361  0.0362  0.0332  0.0344  0.0322  0.0344  0.0318  0.0325
  0.0321  0.0319  0.0316  0.0332  0.0338  0.0337  0.0319  0.0324  0.0314  0.0326  0.0312  0.0315
  0.0311  0.0310  0.0310  0.0318  0.0319  0.0318  0.0310  0.0311  0.0309  0.0313  0.0309  0.0309
  0.0307  0.0307  0.0307  0.0307  0.0307  0.0307  0.0307  0.0307  0.0307  0.0307  0.0307  0.0307
  0.0310  0.0311  0.0309  0.0305  0.0309  0.0310  0.0310  0.0312  0.0308  0.0310  0.0308  0.0310
  0.0321  0.0320  0.0316  0.0323  0.0328  0.0325  0.0319  0.0324  0.0313  0.0323  0.0312  0.0316
  0.0339  0.0334  0.0327  0.0362  0.0371  0.0373  0.0332  0.0344  0.0322  0.0347  0.0318  0.0325
   -0.3667  -12.4808   12.3406  -13.3158  -32.9048  -20.6436
    1.7493    1.7573    0.2542   29.9536   -0.0154  -37.9835
eta,q 0.96929  9.15026

---------------------------------------------------------------------
imgreg_4dfp /opt/freesurfer/average/711-2C_as_mni_average_305 /opt/freesurfer/average/711-2B_as_mni_average_305_mask talsrcimg_g11 none talsrcimg_to_711-2C_as_mni_average_305_t4 2311
---------------------------------------------------------------------

freesurfer imgreg_4dfp.c
/opt/freesurfer/average/711-2C_as_mni_average_305.4dfp.img
       256       256       256         1
  1.000000  1.000000  1.000000
orientation T byte_order littleendian
Reading image: /opt/freesurfer/average/711-2C_as_mni_average_305.4dfp.img
dimensions:      256       256       256
mmppix:       1.0000   -1.0000   -1.0000
center:     128.0000 -129.0000 -129.0000
/opt/freesurfer/average/711-2B_as_mni_average_305_mask.4dfp.img
       256       256       256         1
  1.000000  1.000000  1.000000
orientation T byte_order littleendian
Reading mask: /opt/freesurfer/average/711-2B_as_mni_average_305_mask.4dfp.img (2306576 pixels)
talsrcimg_g11.4dfp.img
       256       256       256         1
  1.000000  1.000000  1.000000
orientation T byte_order littleendian
Reading image: talsrcimg_g11.4dfp.img
dimensions:      256       256       256
mmppix:       1.0000   -1.0000   -1.0000
center:     128.0000 -129.0000 -129.0000
fimgreg.f
image alignment mode   2311 decimal      907 hex
parameters
   -0.3667  -12.4808   12.3406  -13.3158  -32.9048  -20.6436
    1.7493    1.7573    0.2542   29.9536   -0.0154  -37.9835
eta,q 0.96929  9.15026
niter,ni,del,rscale     5    3    5.0000    0.8000
parameters
   -0.3434  -12.5288   12.3661  -10.9853  -31.4688  -19.2931
    1.3749    1.7216   -0.2000   30.1729   -0.5289  -37.8512
eta,q 0.96981  9.37630
  0.0321  0.0316  0.0314  0.0322  0.0319  0.0320  0.0314  0.0322  0.0308  0.0317  0.0305  0.0308
  0.0314  0.0311  0.0310  0.0316  0.0312  0.0312  0.0307  0.0310  0.0305  0.0310  0.0303  0.0305
  0.0309  0.0308  0.0308  0.0311  0.0307  0.0307  0.0303  0.0304  0.0303  0.0304  0.0302  0.0303
  0.0307  0.0307  0.0307  0.0307  0.0304  0.0303  0.0302  0.0302  0.0302  0.0302  0.0302  0.0302
  0.0308  0.0308  0.0308  0.0304  0.0303  0.0302  0.0304  0.0304  0.0303  0.0303  0.0303  0.0303
  0.0313  0.0312  0.0310  0.0304  0.0304  0.0304  0.0310  0.0311  0.0307  0.0307  0.0304  0.0304
  0.0321  0.0317  0.0314  0.0308  0.0308  0.0308  0.0318  0.0322  0.0312  0.0315  0.0307  0.0307
niter,ni,del,rscale     4    3    5.0000    0.7000
parameters
   -0.3509  -12.8151   12.3801  -11.3027  -31.0661  -19.1378
    1.4944    1.7984   -0.3218   30.1248   -0.5597  -37.7466
eta,q 0.96984  9.39533
  0.0314  0.0307  0.0307  0.0311  0.0311  0.0311  0.0313  0.0317  0.0307  0.0312  0.0305  0.0306
  0.0308  0.0303  0.0304  0.0306  0.0306  0.0306  0.0307  0.0308  0.0304  0.0307  0.0303  0.0304
  0.0303  0.0302  0.0302  0.0303  0.0303  0.0303  0.0303  0.0303  0.0302  0.0303  0.0302  0.0302
  0.0302  0.0302  0.0302  0.0302  0.0302  0.0302  0.0302  0.0302  0.0302  0.0302  0.0302  0.0302
  0.0303  0.0304  0.0302  0.0303  0.0302  0.0302  0.0303  0.0303  0.0302  0.0303  0.0302  0.0302
  0.0308  0.0308  0.0304  0.0307  0.0304  0.0305  0.0306  0.0308  0.0305  0.0307  0.0303  0.0304
  0.0315  0.0313  0.0307  0.0316  0.0308  0.0310  0.0311  0.0316  0.0308  0.0313  0.0305  0.0306
niter,ni,del,rscale     3    3    5.0000    0.6000
parameters
   -0.3333  -12.8862   12.4005  -11.1914  -30.9411  -19.0495
    1.4918    1.8096   -0.3864   30.1100   -0.5752  -37.6964
eta,q 0.96985  9.40958
  0.0311  0.0307  0.0306  0.0310  0.0308  0.0308  0.0309  0.0313  0.0306  0.0310  0.0304  0.0305
  0.0306  0.0304  0.0303  0.0306  0.0304  0.0305  0.0305  0.0306  0.0303  0.0305  0.0302  0.0303
  0.0303  0.0302  0.0302  0.0303  0.0302  0.0302  0.0302  0.0302  0.0302  0.0303  0.0302  0.0302
  0.0302  0.0302  0.0302  0.0302  0.0302  0.0302  0.0301  0.0301  0.0302  0.0301  0.0302  0.0302
  0.0302  0.0302  0.0302  0.0302  0.0302  0.0302  0.0302  0.0303  0.0302  0.0302  0.0302  0.0302
  0.0305  0.0305  0.0303  0.0304  0.0304  0.0304  0.0305  0.0306  0.0304  0.0305  0.0303  0.0303
  0.0311  0.0308  0.0306  0.0310  0.0307  0.0308  0.0309  0.0312  0.0306  0.0310  0.0304  0.0305
niter,ni,del,rscale     2    3    5.0000    0.5000
parameters
   -0.3325  -12.9127   12.4022  -11.0588  -30.9073  -19.0009
    1.4829    1.8070   -0.3911   30.1083   -0.5974  -37.7383
eta,q 0.96986  9.41908
  0.0308  0.0305  0.0304  0.0308  0.0306  0.0306  0.0307  0.0309  0.0305  0.0307  0.0303  0.0304
  0.0304  0.0303  0.0303  0.0305  0.0303  0.0303  0.0304  0.0305  0.0303  0.0304  0.0302  0.0302
  0.0302  0.0302  0.0302  0.0303  0.0302  0.0302  0.0302  0.0302  0.0302  0.0302  0.0302  0.0302
  0.0302  0.0302  0.0301  0.0301  0.0301  0.0301  0.0301  0.0301  0.0301  0.0301  0.0301  0.0301
  0.0302  0.0302  0.0302  0.0302  0.0302  0.0302  0.0302  0.0302  0.0302  0.0302  0.0302  0.0302
  0.0304  0.0303  0.0303  0.0303  0.0303  0.0303  0.0304  0.0305  0.0303  0.0304  0.0302  0.0303
  0.0308  0.0306  0.0304  0.0307  0.0305  0.0306  0.0307  0.0309  0.0305  0.0307  0.0303  0.0304
niter,ni,del,rscale     1    3    5.0000    0.4000
parameters
   -0.3313  -12.9247   12.3980  -10.9659  -30.9019  -18.9750
    1.4686    1.7909   -0.3966   30.1247   -0.5868  -37.7773
eta,q 0.96986  9.42501
  0.0306  0.0304  0.0303  0.0306  0.0304  0.0304  0.0305  0.0306  0.0304  0.0305  0.0302  0.0303
  0.0303  0.0303  0.0302  0.0304  0.0303  0.0303  0.0303  0.0303  0.0302  0.0303  0.0302  0.0302
  0.0302  0.0302  0.0302  0.0302  0.0302  0.0302  0.0302  0.0302  0.0302  0.0302  0.0302  0.0302
  0.0301  0.0301  0.0301  0.0301  0.0301  0.0301  0.0301  0.0301  0.0301  0.0301  0.0301  0.0301
  0.0302  0.0302  0.0302  0.0302  0.0302  0.0302  0.0302  0.0302  0.0302  0.0302  0.0302  0.0302
  0.0303  0.0303  0.0302  0.0303  0.0303  0.0302  0.0303  0.0304  0.0302  0.0303  0.0302  0.0302
  0.0306  0.0304  0.0303  0.0305  0.0304  0.0304  0.0305  0.0306  0.0304  0.0305  0.0302  0.0303
registration optimization eta report
parameter search radius
    0.8000    0.8000    0.8000    2.4000    2.4000    2.4000
    2.4000    2.4000    2.4000    2.4000    2.4000    2.4000
100000*second partial in parameter space
       66.       41.       29.        7.        5.        5.
        6.        8.        4.        7.        2.        3.
  0.0306  0.0304  0.0303  0.0306  0.0304  0.0304  0.0305  0.0306  0.0304  0.0305  0.0302  0.0303
  0.0303  0.0303  0.0302  0.0304  0.0303  0.0303  0.0303  0.0303  0.0302  0.0303  0.0302  0.0302
  0.0302  0.0302  0.0302  0.0302  0.0302  0.0302  0.0302  0.0302  0.0302  0.0302  0.0302  0.0302
  0.0301  0.0301  0.0301  0.0301  0.0301  0.0301  0.0301  0.0301  0.0301  0.0301  0.0301  0.0301
  0.0302  0.0302  0.0302  0.0302  0.0302  0.0302  0.0302  0.0302  0.0302  0.0302  0.0302  0.0302
  0.0303  0.0303  0.0302  0.0303  0.0303  0.0302  0.0303  0.0304  0.0302  0.0303  0.0302  0.0302
  0.0306  0.0304  0.0303  0.0305  0.0304  0.0304  0.0305  0.0306  0.0304  0.0305  0.0302  0.0303
   -0.3313  -12.9247   12.3980  -10.9659  -30.9019  -18.9750
    1.4686    1.7909   -0.3966   30.1247   -0.5868  -37.7773
eta,q 0.96986  9.42501

---------------------------------------------------------------------
imgreg_4dfp /opt/freesurfer/average/711-2C_as_mni_average_305 /opt/freesurfer/average/711-2B_as_mni_average_305_mask talsrcimg_g11 none talsrcimg_to_711-2C_as_mni_average_305_t4 2311
---------------------------------------------------------------------

freesurfer imgreg_4dfp.c
/opt/freesurfer/average/711-2C_as_mni_average_305.4dfp.img
       256       256       256         1
  1.000000  1.000000  1.000000
orientation T byte_order littleendian
Reading image: /opt/freesurfer/average/711-2C_as_mni_average_305.4dfp.img
dimensions:      256       256       256
mmppix:       1.0000   -1.0000   -1.0000
center:     128.0000 -129.0000 -129.0000
/opt/freesurfer/average/711-2B_as_mni_average_305_mask.4dfp.img
       256       256       256         1
  1.000000  1.000000  1.000000
orientation T byte_order littleendian
Reading mask: /opt/freesurfer/average/711-2B_as_mni_average_305_mask.4dfp.img (2306576 pixels)
talsrcimg_g11.4dfp.img
       256       256       256         1
  1.000000  1.000000  1.000000
orientation T byte_order littleendian
Reading image: talsrcimg_g11.4dfp.img
dimensions:      256       256       256
mmppix:       1.0000   -1.0000   -1.0000
center:     128.0000 -129.0000 -129.0000
fimgreg.f
image alignment mode   2311 decimal      907 hex
parameters
   -0.3313  -12.9247   12.3980  -10.9659  -30.9019  -18.9750
    1.4686    1.7909   -0.3966   30.1247   -0.5868  -37.7773
eta,q 0.96986  9.42500
niter,ni,del,rscale     5    3    5.0000    0.8000
parameters
   -0.3559  -12.9063   12.3879  -11.4608  -30.9583  -19.1663
    1.5714    1.8505   -0.3695   30.0390   -0.5189  -37.6546
eta,q 0.96983  9.39170
  0.0318  0.0312  0.0309  0.0313  0.0312  0.0312  0.0316  0.0322  0.0310  0.0316  0.0306  0.0308
  0.0309  0.0306  0.0305  0.0308  0.0306  0.0306  0.0308  0.0310  0.0305  0.0308  0.0304  0.0304
  0.0303  0.0303  0.0302  0.0303  0.0303  0.0303  0.0303  0.0304  0.0303  0.0303  0.0302  0.0302
  0.0301  0.0301  0.0301  0.0301  0.0302  0.0302  0.0302  0.0302  0.0302  0.0302  0.0302  0.0302
  0.0303  0.0303  0.0302  0.0303  0.0303  0.0303  0.0303  0.0304  0.0302  0.0303  0.0302  0.0302
  0.0309  0.0306  0.0305  0.0309  0.0306  0.0307  0.0307  0.0310  0.0305  0.0308  0.0303  0.0304
  0.0319  0.0311  0.0309  0.0322  0.0312  0.0315  0.0314  0.0320  0.0310  0.0317  0.0306  0.0307
niter,ni,del,rscale     4    3    5.0000    0.7000
parameters
   -0.3321  -12.8991   12.4136  -11.3361  -30.9143  -19.0943
    1.5285    1.8329   -0.3693   30.0517   -0.5808  -37.6450
eta,q 0.96984  9.40122
  0.0314  0.0310  0.0307  0.0312  0.0310  0.0311  0.0312  0.0317  0.0308  0.0313  0.0305  0.0306
  0.0308  0.0305  0.0304  0.0308  0.0305  0.0306  0.0306  0.0308  0.0304  0.0307  0.0303  0.0303
  0.0303  0.0303  0.0302  0.0304  0.0303  0.0303  0.0303  0.0303  0.0302  0.0303  0.0302  0.0302
  0.0302  0.0302  0.0302  0.0302  0.0302  0.0302  0.0302  0.0302  0.0302  0.0302  0.0302  0.0302
  0.0303  0.0303  0.0302  0.0302  0.0302  0.0302  0.0303  0.0304  0.0302  0.0303  0.0302  0.0302
  0.0307  0.0305  0.0304  0.0305  0.0305  0.0305  0.0306  0.0308  0.0304  0.0306  0.0303  0.0304
  0.0314  0.0309  0.0307  0.0313  0.0309  0.0310  0.0312  0.0316  0.0308  0.0313  0.0305  0.0306
niter,ni,del,rscale     3    3    5.0000    0.6000
parameters
   -0.3299  -12.9124   12.4085  -11.1884  -30.8958  -19.0347
    1.5006    1.8225   -0.3806   30.0756   -0.5777  -37.6650
eta,q 0.96985  9.41139
  0.0311  0.0307  0.0306  0.0310  0.0307  0.0308  0.0309  0.0313  0.0306  0.0310  0.0304  0.0305
  0.0306  0.0304  0.0303  0.0306  0.0304  0.0304  0.0305  0.0306  0.0304  0.0305  0.0302  0.0303
  0.0303  0.0302  0.0302  0.0303  0.0302  0.0302  0.0302  0.0302  0.0302  0.0303  0.0302  0.0302
  0.0302  0.0302  0.0302  0.0302  0.0302  0.0302  0.0301  0.0302  0.0302  0.0302  0.0301  0.0301
  0.0303  0.0302  0.0302  0.0302  0.0302  0.0302  0.0302  0.0303  0.0302  0.0302  0.0302  0.0302
  0.0306  0.0304  0.0303  0.0304  0.0304  0.0304  0.0305  0.0306  0.0304  0.0305  0.0302  0.0303
  0.0311  0.0307  0.0306  0.0310  0.0307  0.0308  0.0309  0.0312  0.0306  0.0310  0.0304  0.0305
niter,ni,del,rscale     2    3    5.0000    0.5000
parameters
   -0.3316  -12.9210   12.4021  -11.0570  -30.8941  -19.0015
    1.4812    1.8065   -0.3944   30.0985   -0.5811  -37.7260
eta,q 0.96986  9.41942
  0.0308  0.0306  0.0304  0.0308  0.0305  0.0306  0.0307  0.0309  0.0305  0.0307  0.0303  0.0304
  0.0304  0.0303  0.0303  0.0305  0.0303  0.0303  0.0304  0.0305  0.0303  0.0304  0.0302  0.0302
  0.0302  0.0302  0.0302  0.0303  0.0302  0.0302  0.0302  0.0302  0.0302  0.0302  0.0302  0.0302
  0.0302  0.0302  0.0301  0.0301  0.0301  0.0301  0.0301  0.0301  0.0301  0.0301  0.0301  0.0301
  0.0302  0.0302  0.0302  0.0302  0.0302  0.0302  0.0302  0.0302  0.0302  0.0302  0.0302  0.0302
  0.0304  0.0303  0.0303  0.0303  0.0303  0.0303  0.0304  0.0305  0.0303  0.0304  0.0302  0.0303
  0.0308  0.0306  0.0304  0.0307  0.0305  0.0306  0.0307  0.0309  0.0305  0.0307  0.0303  0.0304
niter,ni,del,rscale     1    3    5.0000    0.4000
parameters
   -0.3305  -12.9291   12.3916  -10.9522  -30.8995  -18.9740
    1.4674    1.7918   -0.3896   30.1179   -0.5679  -37.7817
eta,q 0.96986  9.42560
  0.0306  0.0304  0.0303  0.0306  0.0304  0.0304  0.0305  0.0306  0.0304  0.0305  0.0303  0.0303
  0.0303  0.0303  0.0302  0.0304  0.0303  0.0303  0.0303  0.0303  0.0302  0.0303  0.0302  0.0302
  0.0302  0.0302  0.0302  0.0302  0.0302  0.0302  0.0302  0.0302  0.0302  0.0302  0.0302  0.0302
  0.0301  0.0301  0.0301  0.0301  0.0301  0.0301  0.0301  0.0301  0.0301  0.0301  0.0301  0.0301
  0.0302  0.0302  0.0302  0.0302  0.0302  0.0302  0.0302  0.0302  0.0302  0.0302  0.0302  0.0302
  0.0303  0.0303  0.0302  0.0303  0.0303  0.0302  0.0303  0.0304  0.0302  0.0303  0.0302  0.0302
  0.0306  0.0304  0.0303  0.0305  0.0304  0.0304  0.0305  0.0306  0.0304  0.0305  0.0302  0.0303
registration optimization eta report
parameter search radius
    0.8000    0.8000    0.8000    2.4000    2.4000    2.4000
    2.4000    2.4000    2.4000    2.4000    2.4000    2.4000
100000*second partial in parameter space
       66.       41.       28.        7.        4.        5.
        6.        8.        4.        7.        2.        3.
  0.0306  0.0304  0.0303  0.0306  0.0304  0.0304  0.0305  0.0306  0.0304  0.0305  0.0303  0.0303
  0.0303  0.0303  0.0302  0.0304  0.0303  0.0303  0.0303  0.0303  0.0302  0.0303  0.0302  0.0302
  0.0302  0.0302  0.0302  0.0302  0.0302  0.0302  0.0302  0.0302  0.0302  0.0302  0.0302  0.0302
  0.0301  0.0301  0.0301  0.0301  0.0301  0.0301  0.0301  0.0301  0.0301  0.0301  0.0301  0.0301
  0.0302  0.0302  0.0302  0.0302  0.0302  0.0302  0.0302  0.0302  0.0302  0.0302  0.0302  0.0302
  0.0303  0.0303  0.0302  0.0303  0.0303  0.0302  0.0303  0.0304  0.0302  0.0303  0.0302  0.0302
  0.0306  0.0304  0.0303  0.0305  0.0304  0.0304  0.0305  0.0306  0.0304  0.0305  0.0302  0.0303
   -0.3305  -12.9291   12.3916  -10.9522  -30.8995  -18.9740
    1.4674    1.7918   -0.3896   30.1179   -0.5679  -37.7817
eta,q 0.96986  9.42560

---------------------------------------------------------------------
compute_vox2vox talsrcimg talsrcimg_to_711-2C_as_mni_average_305_t4 /opt/freesurfer/average/711-2C_as_mni_average_305
---------------------------------------------------------------------

freesurfer compute_vox2vox.c
Reading: talsrcimg.4dfp.ifh
Reading: talsrcimg_to_711-2C_as_mni_average_305_t4
Reading: /opt/freesurfer/average/711-2C_as_mni_average_305.4dfp.ifh
Writing: talsrcimg_to_711-2C_as_mni_average_305_t4_vox2vox.txt

start time Fri Mar 6 10:43:36 CET 2026
end		time Fri Mar 6 10:45:03 CET 2026

mpr2mni305 success

avi2talxfm orig_nu.mgz /opt/freesurfer/average/mni305.cor.mgz talsrcimg_to_711-2C_as_mni_average_305_t4_vox2vox.txt transforms/talairach.auto.xfm
avi2talxfm done
mv -f /out/sourcedata/freesurfer/sub-v1s10x0051061_ses-1/mri/talsrcimg_to_711-2C_as_mni_average_305_t4_vox2vox.txt /out/sourcedata/freesurfer/sub-v1s10x0051061_ses-1/mri/transforms/talsrcimg_to_711-2C_as_mni_average_305_t4_vox2vox.txt
lta_convert --src orig_nu.mgz --trg /opt/freesurfer/average/mni305.cor.mgz --inxfm transforms/talairach.auto.xfm --outlta transforms/talairach.auto.xfm.lta --subject fsaverage
7.3.2

--src: orig_nu.mgz src image (geometry).
--trg: /opt/freesurfer/average/mni305.cor.mgz trg image (geometry).
--inmni: transforms/talairach.auto.xfm input MNI/XFM transform.
--outlta: transforms/talairach.auto.xfm.lta output LTA.
--s: fsaverage subject name
 LTA read, type : 1
 1.12277  -0.01327  -0.03110   3.88982;
 0.00899   1.02560   0.56057   6.43771;
 0.00241  -0.44709   1.20266   27.64345;
 0.00000   0.00000   0.00000   1.00000;
setting subject to fsaverage
Writing  LTA to file transforms/talairach.auto.xfm.lta...
lta_convert successful.
 
 
Started at Fri Mar 6 10:43:35 CET 2026
Ended   at Fri Mar  6 10:45:04 CET 2026
talairach_avi done
