status file for recon-all
Sat Mar  7 04:30:15 CET 2026
#@# MotionCor Sat Mar  7 04:30:17 CET 2026
#@# Talairach Sat Mar  7 04:30:25 CET 2026
#@# Talairach Failure Detection Sat Mar  7 04:34:48 CET 2026
#@# Nu Intensity Correction Sat Mar  7 04:34:48 CET 2026
#@# Intensity Normalization Sat Mar  7 04:38:02 CET 2026
recon-all -s sub-v1s18x0051282_ses-1 finished without error at Sat Mar  7 04:39:35 CET 2026



#New# invocation of recon-all 



status file for recon-all
Sat Mar  7 04:48:20 CET 2026
#@# EM Registration Sat Mar  7 04:48:20 CET 2026
recon-all -s sub-v1s18x0051282_ses-1 finished without error at Sat Mar  7 05:12:05 CET 2026



#New# invocation of recon-all 



status file for recon-all
Sat Mar  7 05:12:06 CET 2026
#@# CA Normalize Sat Mar  7 05:12:06 CET 2026
#@# CA Reg Sat Mar  7 05:13:27 CET 2026
#@# SubCort Seg Sat Mar  7 06:04:29 CET 2026
#@# CC Seg Sat Mar  7 06:29:34 CET 2026
#@# Merge ASeg Sat Mar  7 06:30:05 CET 2026
#@# Intensity Normalization2 Sat Mar  7 06:30:05 CET 2026
#@# Mask BFS Sat Mar  7 06:32:19 CET 2026
#@# WM Segmentation Sat Mar  7 06:32:20 CET 2026
#@# Fill Sat Mar  7 06:34:01 CET 2026
recon-all -s sub-v1s18x0051282_ses-1 finished without error at Sat Mar  7 06:35:01 CET 2026



#New# invocation of recon-all 



status file for recon-all
Sat Mar  7 07:12:03 CET 2026
#@# white curv lh Sat Mar  7 07:12:03 CET 2026
#@# white area lh Sat Mar  7 07:12:03 CET 2026
#@# pial curv lh Sat Mar  7 07:12:03 CET 2026
#@# pial area lh Sat Mar  7 07:12:03 CET 2026
#@# thickness lh Sat Mar  7 07:12:03 CET 2026
#@# area and vertex vol lh Sat Mar  7 07:12:03 CET 2026
#@# white curv rh Sat Mar  7 07:12:03 CET 2026
#@# white area rh Sat Mar  7 07:12:03 CET 2026
#@# pial curv rh Sat Mar  7 07:12:03 CET 2026
#@# pial area rh Sat Mar  7 07:12:03 CET 2026
#@# thickness rh Sat Mar  7 07:12:03 CET 2026
#@# area and vertex vol rh Sat Mar  7 07:12:03 CET 2026
#@# Cortical ribbon mask Sat Mar  7 07:12:03 CET 2026
recon-all -s sub-v1s18x0051282_ses-1 finished without error at Sat Mar  7 07:14:58 CET 2026



#New# invocation of recon-all 



status file for recon-all
Sat Mar  7 07:20:33 CET 2026
#@# white curv lh Sat Mar  7 07:20:33 CET 2026
#@# white area lh Sat Mar  7 07:20:33 CET 2026
#@# pial curv lh Sat Mar  7 07:20:33 CET 2026
#@# pial area lh Sat Mar  7 07:20:33 CET 2026
#@# thickness lh Sat Mar  7 07:20:33 CET 2026
#@# area and vertex vol lh Sat Mar  7 07:20:33 CET 2026
#@# white curv rh Sat Mar  7 07:20:33 CET 2026
#@# white area rh Sat Mar  7 07:20:33 CET 2026
#@# pial curv rh Sat Mar  7 07:20:33 CET 2026
#@# pial area rh Sat Mar  7 07:20:33 CET 2026
#@# thickness rh Sat Mar  7 07:20:33 CET 2026
#@# area and vertex vol rh Sat Mar  7 07:20:33 CET 2026
#@# Curvature Stats lh Sat Mar  7 07:20:33 CET 2026
#@# Curvature Stats rh Sat Mar  7 07:20:35 CET 2026
#@# Relabel Hypointensities Sat Mar  7 07:20:37 CET 2026
#@# APas-to-ASeg Sat Mar  7 07:20:50 CET 2026
#@# AParc-to-ASeg aparc Sat Mar  7 07:20:57 CET 2026
#@# AParc-to-ASeg aparc.a2009s Sat Mar  7 07:21:19 CET 2026
#@# AParc-to-ASeg aparc.DKTatlas Sat Mar  7 07:21:39 CET 2026
#@# WMParc Sat Mar  7 07:22:01 CET 2026
#@# ASeg Stats Sat Mar  7 07:25:32 CET 2026
recon-all -s sub-v1s18x0051282_ses-1 finished without error at Sat Mar  7 07:26:07 CET 2026
