/out/sourcedata/freesurfer/sub-v1s10x0051127_ses-1/mri
/opt/freesurfer/bin/talairach_avi
--i orig_nu.mgz --xfm transforms/talairach.auto.xfm
talairach_avi 7.3.2
Linux dna079 5.14.0-427.37.1.el9_4.x86_64 #1 SMP PREEMPT_DYNAMIC Fri Sep 13 12:41:50 EDT 2024 x86_64 x86_64 x86_64 GNU/Linux
Fri Mar  6 15:53:21 CET 2026
mri_convert orig_nu.mgz talsrcimg.img 
reading from orig_nu.mgz...
TR=0.00, TE=0.00, TI=0.00, flip angle=0.00
i_ras = (-1, 0, 0)
j_ras = (0, 0, -1)
k_ras = (0, 1, 0)
writing to talsrcimg.img...
Analyze Output Matrix
-1.00000   0.00000   0.00000   123.15910;
 0.00000   0.00000   1.00000  -133.78314;
 0.00000  -1.00000   0.00000   126.38554;
 0.00000   0.00000   0.00000   1.00000;
--------------------
INFO: set hdr.hist.orient to -1
mpr2mni305 talsrcimg
Fri Mar  6 15:53:22 CET 2026
/opt/freesurfer/bin/mpr2mni305 talsrcimg
mpr2mni305 7.3.2
target=711-2C_as_mni_average_305

---------------------------------------------------------------------
analyzeto4dfp talsrcimg -O0 -y
---------------------------------------------------------------------

freesurfer ifh2hdr.c
Fri Mar  6 15:53:22 2026
Writing: talsrcimg.4dfp.hdr
freesurfer analyzeto4dfp.c
Reading: talsrcimg.hdr
header size 348 bytes
hdr.dime.datatype	offset=70	value=2
hdr.dime.bitpix		offset=72	value=8
hdr.hist.orient		offset=252	value=-1
dimensionality     4
dimensions       256       256       256         1
Reading: talsrcimg.img
Writing: talsrcimg.4dfp.img
Writing: talsrcimg.4dfp.ifh
ifh2hdr talsrcimg -r0to209
ori=2

---------------------------------------------------------------------
gauss_4dfp talsrcimg 1.1
---------------------------------------------------------------------

freesurfer gauss_4dfp.c
Reading: talsrcimg.4dfp.img
Writing: talsrcimg_g11.4dfp.img
image dimensions 256 256 256 padded to 288 288 288
processing volume 1freesurfer ifh2hdr.c
Fri Mar  6 15:53:23 2026
Writing: talsrcimg_g11.4dfp.hdr

Writing: talsrcimg_g11.4dfp.ifh
including: talsrcimg.4dfp.img.rec in talsrcimg_g11.4dfp.img.rec

---------------------------------------------------------------------
imgreg_4dfp /opt/freesurfer/average/711-2C_as_mni_average_305 none talsrcimg_g11 none talsrcimg_to_711-2C_as_mni_average_305_t4 4355
---------------------------------------------------------------------

freesurfer imgreg_4dfp.c
/opt/freesurfer/average/711-2C_as_mni_average_305.4dfp.img
       256       256       256         1
  1.000000  1.000000  1.000000
orientation T byte_order littleendian
Reading image: /opt/freesurfer/average/711-2C_as_mni_average_305.4dfp.img
dimensions:      256       256       256
mmppix:       1.0000   -1.0000   -1.0000
center:     128.0000 -129.0000 -129.0000
talsrcimg_g11.4dfp.img
       256       256       256         1
  1.000000  1.000000  1.000000
orientation T byte_order littleendian
Reading image: talsrcimg_g11.4dfp.img
dimensions:      256       256       256
mmppix:       1.0000   -1.0000   -1.0000
center:     128.0000 -129.0000 -129.0000
t4_read: open error in t4_sub.f l:  41 t4_file(1:l)talsrcimg_to_711-2C_as_mni_average_305_t4 
t4_read: transform initialized to I4
rotation matrix determinant  1.000000
image alignment mode   4355 decimal     1103 hex
   -7.5000  -45.0000  -45.0000 8723.4600   14.3359
    0.0000  -45.0000  -45.0000 9048.8975   14.3205
    7.5000  -45.0000  -45.0000 8598.0693   14.3048
   -7.5000  -37.5000  -45.0000 9129.5264   14.3091
    0.0000  -37.5000  -45.0000 9483.5508   14.2928
    7.5000  -37.5000  -45.0000 9002.4131   14.2893
   -7.5000  -30.0000  -45.0000 9851.9512   14.2881
    0.0000  -30.0000  -45.000010226.3008   14.2661
    7.5000  -30.0000  -45.0000 9717.0371   14.2712
   -7.5000  -22.5000  -45.000010530.4297   14.2807
    0.0000  -22.5000  -45.000010939.7275   14.2534
    7.5000  -22.5000  -45.000010397.5557   14.2535
   -7.5000  -15.0000  -45.000011149.2676   14.2916
    0.0000  -15.0000  -45.000011575.5557   14.2646
    7.5000  -15.0000  -45.000011006.1045   14.2529
   -7.5000   -7.5000  -45.000011649.4150   14.3103
    0.0000   -7.5000  -45.000012111.5322   14.2895
    7.5000   -7.5000  -45.000011515.7520   14.2704
   -7.5000    0.0000  -45.000012071.2998   14.3188
    0.0000    0.0000  -45.000012562.8730   14.3032
    7.5000    0.0000  -45.000011939.8896   14.2875
   -7.5000    7.5000  -45.000011600.4482   14.3075
    0.0000    7.5000  -45.000012067.7695   14.2911
    7.5000    7.5000  -45.000011445.6514   14.2876
   -7.5000   15.0000  -45.000010980.2891   14.2881
    0.0000   15.0000  -45.000011406.2139   14.2661
    7.5000   15.0000  -45.000010804.7100   14.2712
   -7.5000   22.5000  -45.000010235.0781   14.2787
    0.0000   22.5000  -45.000010648.4482   14.2514
    7.5000   22.5000  -45.000010077.6553   14.2516
   -7.5000   30.0000  -45.0000 9425.3125   14.1015
    0.0000   30.0000  -45.0000 9829.5967   14.0749
    7.5000   30.0000  -45.0000 9279.6387   14.0633
   -7.5000   37.5000  -45.0000 8925.6924   14.1355
    0.0000   37.5000  -45.0000 9302.0723   14.1150
    7.5000   37.5000  -45.0000 8785.5830   14.0960
   -7.5000   45.0000  -45.0000 8029.6465   13.8306
    0.0000   45.0000  -45.0000 8359.4453   13.8157
    7.5000   45.0000  -45.0000 7879.0342   13.8006
   -7.5000  -45.0000  -37.5000 9282.0967   14.1957
    0.0000  -45.0000  -37.5000 9611.8662   14.1786
    7.5000  -45.0000  -37.5000 9135.9326   14.1678
   -7.5000  -37.5000  -37.5000 9684.6680   14.1659
    0.0000  -37.5000  -37.500010047.2627   14.1472
    7.5000  -37.5000  -37.5000 9547.2227   14.1461
   -7.5000  -30.0000  -37.500010427.9199   14.1481
    0.0000  -30.0000  -37.500010816.0996   14.1230
    7.5000  -30.0000  -37.500010298.9297   14.1287
   -7.5000  -22.5000  -37.500011136.0713   14.1488
    0.0000  -22.5000  -37.500011557.7764   14.1183
    7.5000  -22.5000  -37.500010992.7822   14.1199
   -7.5000  -15.0000  -37.500011773.7295   14.1640
    0.0000  -15.0000  -37.500012222.3066   14.1349
    7.5000  -15.0000  -37.500011621.0801   14.1270
   -7.5000   -7.5000  -37.500012307.8555   14.1782
    0.0000   -7.5000  -37.500012768.7812   14.1558
    7.5000   -7.5000  -37.500012148.5791   14.1423
   -7.5000    0.0000  -37.500012740.6514   14.1790
    0.0000    0.0000  -37.500013227.4297   14.1618
    7.5000    0.0000  -37.500012568.6445   14.1510
   -7.5000    7.5000  -37.500012205.8711   14.1642
    0.0000    7.5000  -37.500012670.4365   14.1455
    7.5000    7.5000  -37.500012062.8086   14.1444
   -7.5000   15.0000  -37.500011538.7100   14.1481
    0.0000   15.0000  -37.500011975.5293   14.1230
    7.5000   15.0000  -37.500011400.4072   14.1287
   -7.5000   22.5000  -37.500010737.8467   14.1468
    0.0000   22.5000  -37.500011162.5869   14.1164
    7.5000   22.5000  -37.500010610.8525   14.1180
   -7.5000   30.0000  -37.5000 9879.7070   13.9756
    0.0000   30.0000  -37.500010286.2949   13.9469
    7.5000   30.0000  -37.5000 9755.4795   13.9391
   -7.5000   37.5000  -37.5000 9367.7363   14.0047
    0.0000   37.5000  -37.5000 9747.5283   13.9826
    7.5000   37.5000  -37.5000 9234.0098   13.9692
   -7.5000   45.0000  -37.5000 8389.6113   13.6946
    0.0000   45.0000  -37.5000 8725.8896   13.6781
    7.5000   45.0000  -37.5000 8273.9023   13.6678
   -7.5000  -45.0000  -30.0000 9989.7734   14.7089
    0.0000  -45.0000  -30.000010359.9121   14.6868
    7.5000  -45.0000  -30.0000 9843.3408   14.6775
   -7.5000  -37.5000  -30.000010440.6572   14.6682
    0.0000  -37.5000  -30.000010822.1035   14.6452
    7.5000  -37.5000  -30.000010299.7402   14.6442
   -7.5000  -30.0000  -30.000011228.3213   14.6448
    0.0000  -30.0000  -30.000011632.8330   14.6159
    7.5000  -30.0000  -30.000011093.9268   14.6209
   -7.5000  -22.5000  -30.000011967.4160   14.6518
    0.0000  -22.5000  -30.000012410.4385   14.6174
    7.5000  -22.5000  -30.000011824.2285   14.6191
   -7.5000  -15.0000  -30.000012656.3516   14.6775
    0.0000  -15.0000  -30.000013098.5391   14.6439
    7.5000  -15.0000  -30.000012504.0967   14.6375
   -7.5000   -7.5000  -30.000013220.4629   14.6959
    0.0000   -7.5000  -30.000013683.8271   14.6685
    7.5000   -7.5000  -30.000013064.3525   14.6571
   -7.5000    0.0000  -30.000013664.1309   14.6918
    0.0000    0.0000  -30.000014145.1748   14.6696
    7.5000    0.0000  -30.000013505.2393   14.6603
   -7.5000    7.5000  -30.000013073.8037   14.6666
    0.0000    7.5000  -30.000013539.7344   14.6434
    7.5000    7.5000  -30.000012939.8398   14.6424
   -7.5000   15.0000  -30.000012323.2959   14.6448
    0.0000   15.0000  -30.000012779.2988   14.6159
    7.5000   15.0000  -30.000012223.5361   14.6209
   -7.5000   22.5000  -30.000011445.4893   14.6483
    0.0000   22.5000  -30.000011904.7783   14.6139
    7.5000   22.5000  -30.000011361.1328   14.6156
   -7.5000   30.0000  -30.000010512.9082   14.4836
    0.0000   30.0000  -30.000010937.3604   14.4505
    7.5000   30.0000  -30.000010424.8662   14.4441
   -7.5000   37.5000  -30.0000 9946.6777   14.5169
    0.0000   37.5000  -30.000010353.1357   14.4898
    7.5000   37.5000  -30.0000 9842.4590   14.4787
   -7.5000   45.0000  -30.0000 8891.0537   14.1992
    0.0000   45.0000  -30.0000 9254.2676   14.1779
    7.5000   45.0000  -30.0000 8788.4922   14.1691
   -7.5000  -45.0000  -22.500010740.4219   15.2098
    0.0000  -45.0000  -22.500011130.0908   15.1866
    7.5000  -45.0000  -22.500010575.2422   15.1754
   -7.5000  -37.5000  -22.500011223.1611   15.1617
    0.0000  -37.5000  -22.500011641.8037   15.1386
    7.5000  -37.5000  -22.500011084.3809   15.1365
   -7.5000  -30.0000  -22.500012050.4014   15.1315
    0.0000  -30.0000  -22.500012512.0723   15.1030
    7.5000  -30.0000  -22.500011928.6318   15.1071
   -7.5000  -22.5000  -22.500012826.5654   15.1387
    0.0000  -22.5000  -22.500013323.3877   15.1042
    7.5000  -22.5000  -22.500012698.2930   15.1040
   -7.5000  -15.0000  -22.500013550.1328   15.1705
    0.0000  -15.0000  -22.500014051.0146   15.1354
    7.5000  -15.0000  -22.500013408.6768   15.1261
   -7.5000   -7.5000  -22.500014149.5869   15.1956
    0.0000   -7.5000  -22.500014664.7246   15.1664
    7.5000   -7.5000  -22.500014022.5703   15.1522
   -7.5000    0.0000  -22.500014619.2881   15.1923
    0.0000    0.0000  -22.500015126.1152   15.1690
    7.5000    0.0000  -22.500014469.0059   15.1577
   -7.5000    7.5000  -22.500013967.7617   15.1600
    0.0000    7.5000  -22.500014440.8516   15.1368
    7.5000    7.5000  -22.500013840.9795   15.1347
   -7.5000   15.0000  -22.500013138.7607   15.1315
    0.0000   15.0000  -22.500013611.5703   15.1030
    7.5000   15.0000  -22.500013071.4209   15.1071
   -7.5000   22.5000  -22.500012190.5898   15.1341
    0.0000   22.5000  -22.500012666.9990   15.0995
    7.5000   22.5000  -22.500012144.4639   15.0993
   -7.5000   30.0000  -22.500011181.3496   14.9724
    0.0000   30.0000  -22.500011634.9629   14.9377
    7.5000   30.0000  -22.500011137.6836   14.9286
   -7.5000   37.5000  -22.500010555.7227   15.0125
    0.0000   37.5000  -22.500010990.0049   14.9837
    7.5000   37.5000  -22.500010480.7520   14.9697
   -7.5000   45.0000  -22.5000 9435.7539   14.6935
    0.0000   45.0000  -22.5000 9830.3398   14.6710
    7.5000   45.0000  -22.5000 9346.2539   14.6605
   -7.5000  -45.0000  -15.000011489.8545   15.5905
    0.0000  -45.0000  -15.000011939.7061   15.5704
    7.5000  -45.0000  -15.000011296.4160   15.5553
   -7.5000  -37.5000  -15.000012013.0879   15.5449
    0.0000  -37.5000  -15.000012507.5566   15.5249
    7.5000  -37.5000  -15.000011860.9658   15.5212
   -7.5000  -30.0000  -15.000012915.9385   15.5117
    0.0000  -30.0000  -15.000013433.7109   15.4862
    7.5000  -30.0000  -15.000012756.7852   15.4894
   -7.5000  -22.5000  -15.000013720.6719   15.5117
    0.0000  -22.5000  -15.000014266.7344   15.4797
    7.5000  -22.5000  -15.000013579.6621   15.4771
   -7.5000  -15.0000  -15.000014456.8125   15.5394
    0.0000  -15.0000  -15.000015032.5742   15.5063
    7.5000  -15.0000  -15.000014322.7207   15.4925
   -7.5000   -7.5000  -15.000015097.1348   15.5687
    0.0000   -7.5000  -15.000015706.1748   15.5419
    7.5000   -7.5000  -15.000014970.2793   15.5224
   -7.5000    0.0000  -15.000015581.4414   15.5724
    0.0000    0.0000  -15.000016177.0938   15.5522
    7.5000    0.0000  -15.000015461.3936   15.5371
   -7.5000    7.5000  -15.000014850.0254   15.5432
    0.0000    7.5000  -15.000015384.6309   15.5230
    7.5000    7.5000  -15.000014749.4863   15.5193
   -7.5000   15.0000  -15.000013979.4082   15.5117
    0.0000   15.0000  -15.000014489.7959   15.4862
    7.5000   15.0000  -15.000013922.0771   15.4894
   -7.5000   22.5000  -15.000012977.4434   15.5062
    0.0000   22.5000  -15.000013472.1797   15.4742
    7.5000   22.5000  -15.000012934.4678   15.4716
   -7.5000   30.0000  -15.000011894.5859   15.3386
    0.0000   30.0000  -15.000012375.5811   15.3060
    7.5000   30.0000  -15.000011868.2334   15.2923
   -7.5000   37.5000  -15.000011189.4697   15.3834
    0.0000   37.5000  -15.000011651.6191   15.3569
    7.5000   37.5000  -15.000011134.4746   15.3377
   -7.5000   45.0000  -15.000010004.2236   15.0707
    0.0000   45.0000  -15.000010426.2930   15.0511
    7.5000   45.0000  -15.0000 9924.3691   15.0367
   -7.5000  -45.0000   -7.500012287.7695   15.7752
    0.0000  -45.0000   -7.500012796.2715   15.7588
    7.5000  -45.0000   -7.500012072.1719   15.7416
   -7.5000  -37.5000   -7.500012881.2686   15.7382
    0.0000  -37.5000   -7.500013427.4658   15.7218
    7.5000  -37.5000   -7.500012677.7920   15.7184
   -7.5000  -30.0000   -7.500013851.5508   15.7088
    0.0000  -30.0000   -7.500014436.6572   15.6862
    7.5000  -30.0000   -7.500013640.6250   15.6913
   -7.5000  -22.5000   -7.500014679.8379   15.7023
    0.0000  -22.5000   -7.500015293.7676   15.6728
    7.5000  -22.5000   -7.500014499.6328   15.6712
   -7.5000  -15.0000   -7.500015424.3906   15.7211
    0.0000  -15.0000   -7.500016077.8906   15.6908
    7.5000  -15.0000   -7.500015248.9502   15.6755
   -7.5000   -7.5000   -7.500016117.0049   15.7478
    0.0000   -7.5000   -7.500016797.6191   15.7244
    7.5000   -7.5000   -7.500015930.9707   15.7020
   -7.5000    0.0000   -7.500016606.5039   15.7567
    0.0000    0.0000   -7.500017301.1426   15.7402
    7.5000    0.0000   -7.500016448.1309   15.7230
   -7.5000    7.5000   -7.500015784.6846   15.7364
    0.0000    7.5000   -7.500016438.0059   15.7199
    7.5000    7.5000   -7.500015680.5957   15.7165
   -7.5000   15.0000   -7.500014891.8896   15.7088
    0.0000   15.0000   -7.500015472.8682   15.6862
    7.5000   15.0000   -7.500014789.5410   15.6913
   -7.5000   22.5000   -7.500013870.9531   15.6951
    0.0000   22.5000   -7.500014418.3682   15.6656
    7.5000   22.5000   -7.500013764.7607   15.6640
   -7.5000   30.0000   -7.500012707.7061   15.5176
    0.0000   30.0000   -7.500013232.2598   15.4877
    7.5000   30.0000   -7.500012638.6631   15.4726
   -7.5000   37.5000   -7.500011926.9658   15.5604
    0.0000   37.5000   -7.500012445.3262   15.5372
    7.5000   37.5000   -7.500011841.9365   15.5150
   -7.5000   45.0000   -7.500010626.0469   15.2527
    0.0000   45.0000   -7.500011086.9639   15.2367
    7.5000   45.0000   -7.500010518.3154   15.2202
   -7.5000  -45.0000    0.000012932.9443   15.7931
    0.0000  -45.0000    0.000013497.8770   15.7778
    7.5000  -45.0000    0.000012669.3789   15.7622
   -7.5000  -37.5000    0.000013606.3213   15.7635
    0.0000  -37.5000    0.000014224.4131   15.7473
    7.5000  -37.5000    0.000013315.4072   15.7455
   -7.5000  -30.0000    0.000014721.5361   15.7410
    0.0000  -30.0000    0.000015396.0205   15.7177
    7.5000  -30.0000    0.000014386.0537   15.7247
   -7.5000  -22.5000    0.000015632.9551   15.7340
    0.0000  -22.5000    0.000016325.7207   15.7039
    7.5000  -22.5000    0.000015345.2871   15.7046
   -7.5000  -15.0000    0.000016371.7295   15.7464
    0.0000  -15.0000    0.000017126.4258   15.7166
    7.5000  -15.0000    0.000016151.1543   15.7036
   -7.5000   -7.5000    0.000017069.5215   15.7664
    0.0000   -7.5000    0.000017858.0840   15.7441
    7.5000   -7.5000    0.000016837.8906   15.7237
   -7.5000    0.0000    0.000017583.3027   15.7746
    0.0000    0.0000    0.000018406.5293   15.7591
    7.5000    0.0000    0.000017382.2500   15.7434
   -7.5000    7.5000    0.000016732.0898   15.7617
    0.0000    7.5000    0.000017495.3105   15.7455
    7.5000    7.5000    0.000016548.8770   15.7436
   -7.5000   15.0000    0.000015803.2588   15.7410
    0.0000   15.0000    0.000016477.6953   15.7177
    7.5000   15.0000    0.000015587.8701   15.7247
   -7.5000   22.5000    0.000014764.7500   15.7267
    0.0000   22.5000    0.000015370.1133   15.6967
    7.5000   22.5000    0.000014535.1055   15.6973
   -7.5000   30.0000    0.000013547.1406   15.5431
    0.0000   30.0000    0.000014119.6279   15.5136
    7.5000   30.0000    0.000013346.1611   15.5008
   -7.5000   37.5000    0.000012705.7598   15.5796
    0.0000   37.5000    0.000013250.4326   15.5576
    7.5000   37.5000    0.000012511.3252   15.5373
   -7.5000   45.0000    0.000011283.8213   15.2716
    0.0000   45.0000    0.000011773.3105   15.2567
    7.5000   45.0000    0.000011118.2314   15.2416
   -7.5000  -45.0000    7.500012588.3984   15.7780
    0.0000  -45.0000    7.500013173.2295   15.7589
    7.5000  -45.0000    7.500012377.6133   15.7471
   -7.5000  -37.5000    7.500013234.7900   15.7445
    0.0000  -37.5000    7.500013872.4316   15.7238
    7.5000  -37.5000    7.500012962.6084   15.7229
   -7.5000  -30.0000    7.500014458.2881   15.7239
    0.0000  -30.0000    7.500015182.7754   15.6960
    7.5000  -30.0000    7.500014010.3398   15.7026
   -7.5000  -22.5000    7.500015543.5332   15.7241
    0.0000  -22.5000    7.500016368.8389   15.6902
    7.5000  -22.5000    7.500015049.8857   15.6920
   -7.5000  -15.0000    7.500016295.7500   15.7414
    0.0000  -15.0000    7.500017199.9766   15.7088
    7.5000  -15.0000    7.500015880.7715   15.6999
   -7.5000   -7.5000    7.500016910.2773   15.7581
    0.0000   -7.5000    7.500017824.0703   15.7330
    7.5000   -7.5000    7.500016525.1426   15.7180
   -7.5000    0.0000    7.500017363.9551   15.7596
    0.0000    0.0000    7.500018251.9473   15.7403
    7.5000    0.0000    7.500016964.4414   15.7285
   -7.5000    7.5000    7.500016476.5625   15.7427
    0.0000    7.5000    7.500017279.9062   15.7219
    7.5000    7.5000    7.500016115.8691   15.7210
   -7.5000   15.0000    7.500015499.9062   15.7239
    0.0000   15.0000    7.500016204.7412   15.6960
    7.5000   15.0000    7.500015182.8174   15.7026
   -7.5000   22.5000    7.500014469.8770   15.7169
    0.0000   22.5000    7.500015097.9385   15.6829
    7.5000   22.5000    7.500014170.5771   15.6847
   -7.5000   30.0000    7.500013272.9248   15.5381
    0.0000   30.0000    7.500013864.3037   15.5059
    7.5000   30.0000    7.500013031.6211   15.4971
   -7.5000   37.5000    7.500012415.6221   15.5712
    0.0000   37.5000    7.500012970.4404   15.5464
    7.5000   37.5000    7.500012195.7539   15.5315
   -7.5000   45.0000    7.500011027.5029   15.2566
    0.0000   45.0000    7.500011517.7334   15.2381
    7.5000   45.0000    7.500010806.8848   15.2268
   -7.5000  -45.0000   15.000012144.2656   15.8094
    0.0000  -45.0000   15.000012750.0820   15.7854
    7.5000  -45.0000   15.000011926.7607   15.7757
   -7.5000  -37.5000   15.000012752.9189   15.7646
    0.0000  -37.5000   15.000013401.4521   15.7395
    7.5000  -37.5000   15.000012466.5635   15.7389
   -7.5000  -30.0000   15.000013938.9951   15.7395
    0.0000  -30.0000   15.000014746.7871   15.7082
    7.5000  -30.0000   15.000013486.4531   15.7140
   -7.5000  -22.5000   15.000015082.4014   15.7484
    0.0000  -22.5000   15.000016045.9043   15.7111
    7.5000  -22.5000   15.000014494.1055   15.7133
   -7.5000  -15.0000   15.000015885.2451   15.7772
    0.0000  -15.0000   15.000016807.3418   15.7408
    7.5000  -15.0000   15.000015307.6426   15.7341
   -7.5000   -7.5000   15.000016464.6113   15.7968
    0.0000   -7.5000   15.000017296.6953   15.7670
    7.5000   -7.5000   15.000015937.5049   15.7550
   -7.5000    0.0000   15.000016905.1074   15.7911
    0.0000    0.0000   15.000017711.2949   15.7669
    7.5000    0.0000   15.000016388.4355   15.7572
   -7.5000    7.5000   15.000015967.8916   15.7628
    0.0000    7.5000   15.000016747.1738   15.7377
    7.5000    7.5000   15.000015574.6855   15.7370
   -7.5000   15.0000   15.000014941.8799   15.7395
    0.0000   15.0000   15.000015654.9883   15.7082
    7.5000   15.0000   15.000014647.8525   15.7140
   -7.5000   22.5000   15.000013882.1709   15.7411
    0.0000   22.5000   15.000014529.7412   15.7039
    7.5000   22.5000   15.000013645.9775   15.7061
   -7.5000   30.0000   15.000012722.8564   15.5734
    0.0000   30.0000   15.000013326.2227   15.5374
    7.5000   30.0000   15.000012531.5820   15.5308
   -7.5000   37.5000   15.000011917.0371   15.6090
    0.0000   37.5000   15.000012476.1416   15.5795
    7.5000   37.5000   15.000011735.0264   15.5677
   -7.5000   45.0000   15.000010609.7168   15.2864
    0.0000   45.0000   15.000011080.6152   15.2631
    7.5000   45.0000   15.000010419.1816   15.2539
   -7.5000  -45.0000   22.500011578.0654   15.8720
    0.0000  -45.0000   22.500012113.6494   15.8476
    7.5000  -45.0000   22.500011345.6025   15.8363
   -7.5000  -37.5000   22.500012132.4258   15.8219
    0.0000  -37.5000   22.500012716.8506   15.7975
    7.5000  -37.5000   22.500011883.9375   15.7958
   -7.5000  -30.0000   22.500013203.2842   15.7913
    0.0000  -30.0000   22.500013920.5674   15.7613
    7.5000  -30.0000   22.500012877.8535   15.7661
   -7.5000  -22.5000   22.500014194.6318   15.7995
    0.0000  -22.5000   22.500014957.2969   15.7632
    7.5000  -22.5000   22.500013811.5986   15.7636
   -7.5000  -15.0000   22.500014894.6924   15.8326
    0.0000  -15.0000   22.500015608.9551   15.7957
    7.5000  -15.0000   22.500014540.1035   15.7866
   -7.5000   -7.5000   22.500015475.6611   15.8579
    0.0000   -7.5000   22.500016189.9121   15.8272
    7.5000   -7.5000   22.500015156.4951   15.8128
   -7.5000    0.0000   22.500015957.9570   15.8536
    0.0000    0.0000   22.500016739.1270   15.8290
    7.5000    0.0000   22.500015651.5361   15.8178
   -7.5000    7.5000   22.500015143.5195   15.8201
    0.0000    7.5000   22.500015904.1064   15.7956
    7.5000    7.5000   22.500014884.8652   15.7939
   -7.5000   15.0000   22.500014185.4072   15.7913
    0.0000   15.0000   22.500014861.2637   15.7613
    7.5000   15.0000   22.500013964.7598   15.7661
   -7.5000   22.5000   22.500013187.1123   15.7922
    0.0000   22.5000   22.500013794.5244   15.7559
    7.5000   22.5000   22.500012984.5156   15.7563
   -7.5000   30.0000   22.500012062.7031   15.6280
    0.0000   30.0000   22.500012637.8203   15.5916
    7.5000   30.0000   22.500011911.0225   15.5826
   -7.5000   37.5000   22.500011290.9600   15.6691
    0.0000   37.5000   22.500011826.2988   15.6387
    7.5000   37.5000   22.500011145.8711   15.6247
   -7.5000   45.0000   22.500010040.7344   15.3468
    0.0000   45.0000   22.500010487.7402   15.3231
    7.5000   45.0000   22.5000 9881.8818   15.3124
   -7.5000  -45.0000   30.000010769.3184   15.9801
    0.0000  -45.0000   30.000011227.1592   15.9594
    7.5000  -45.0000   30.000010626.6113   15.9451
   -7.5000  -37.5000   30.000011284.0879   15.9332
    0.0000  -37.5000   30.000011780.5371   15.9126
    7.5000  -37.5000   30.000011146.3428   15.9100
   -7.5000  -30.0000   30.000012281.6377   15.8997
    0.0000  -30.0000   30.000012863.7100   15.8734
    7.5000  -30.0000   30.000012104.5674   15.8781
   -7.5000  -22.5000   30.000013182.9941   15.9001
    0.0000  -22.5000   30.000013739.3096   15.8674
    7.5000  -22.5000   30.000012940.8271   15.8660
   -7.5000  -15.0000   30.000013841.9941   15.9285
    0.0000  -15.0000   30.000014383.7295   15.8948
    7.5000  -15.0000   30.000013637.6641   15.8817
   -7.5000   -7.5000   30.000014439.4102   15.9580
    0.0000   -7.5000   30.000015022.8789   15.9306
    7.5000   -7.5000   30.000014251.1406   15.9117
   -7.5000    0.0000   30.000014933.7021   15.9613
    0.0000    0.0000   30.000015592.9492   15.9406
    7.5000    0.0000   30.000014739.5615   15.9262
   -7.5000    7.5000   30.000014181.3838   15.9314
    0.0000    7.5000   30.000014827.8438   15.9107
    7.5000    7.5000   30.000014004.0098   15.9081
   -7.5000   15.0000   30.000013275.2422   15.8997
    0.0000   15.0000   30.000013842.7861   15.8734
    7.5000   15.0000   30.000013108.1445   15.8781
   -7.5000   22.5000   30.000012351.5645   15.8928
    0.0000   22.5000   30.000012882.5430   15.8601
    7.5000   22.5000   30.000012162.9844   15.8587
   -7.5000   30.0000   30.000011294.9570   15.7227
    0.0000   30.0000   30.000011805.5742   15.6894
    7.5000   30.0000   30.000011144.2734   15.6765
   -7.5000   37.5000   30.000010541.0762   15.7682
    0.0000   37.5000   30.000011010.6240   15.7411
    7.5000   37.5000   30.000010404.9014   15.7225
   -7.5000   45.0000   30.0000 9359.9980   15.4518
    0.0000   45.0000   30.0000 9768.4727   15.4317
    7.5000   45.0000   30.0000 9220.4189   15.4181
   -7.5000  -45.0000   37.500010359.9707   16.2352
    0.0000  -45.0000   37.500010763.3281   16.2181
    7.5000  -45.0000   37.500010275.0684   16.2020
   -7.5000  -37.5000   37.500010886.6504   16.1967
    0.0000  -37.5000   37.500011331.6260   16.1796
    7.5000  -37.5000   37.500010808.9404   16.1781
   -7.5000  -30.0000   37.500011855.9932   16.1672
    0.0000  -30.0000   37.500012346.7666   16.1440
    7.5000  -30.0000   37.500011736.4248   16.1515
   -7.5000  -22.5000   37.500012710.5996   16.1614
    0.0000  -22.5000   37.500013181.8213   16.1313
    7.5000  -22.5000   37.500012522.6113   16.1316
   -7.5000  -15.0000   37.500013344.0625   16.1809
    0.0000  -15.0000   37.500013836.2080   16.1497
    7.5000  -15.0000   37.500013168.3379   16.1354
   -7.5000   -7.5000   37.500013962.5742   16.2075
    0.0000   -7.5000   37.500014491.6094   16.1832
    7.5000   -7.5000   37.500013793.0361   16.1614
   -7.5000    0.0000   37.500014460.3057   16.2157
    0.0000    0.0000   37.500015019.3008   16.1985
    7.5000    0.0000   37.500014254.3740   16.1823
   -7.5000    7.5000   37.500013768.5391   16.1948
    0.0000    7.5000   37.500014310.9805   16.1776
    7.5000    7.5000   37.500013559.6885   16.1761
   -7.5000   15.0000   37.500012889.7803   16.1672
    0.0000   15.0000   37.500013400.9014   16.1440
    7.5000   15.0000   37.500012689.4932   16.1515
   -7.5000   22.5000   37.500011963.4375   16.1540
    0.0000   22.5000   37.500012461.7363   16.1238
    7.5000   22.5000   37.500011779.4248   16.1242
   -7.5000   30.0000   37.500010940.9727   15.9719
    0.0000   30.0000   37.500011414.7842   15.9411
    7.5000   30.0000   37.500010802.3799   15.9270
   -7.5000   37.5000   37.500010196.0381   16.0154
    0.0000   37.5000   37.500010610.4453   15.9915
    7.5000   37.5000   37.500010064.7939   15.9698
   -7.5000   45.0000   37.5000 9042.8164   15.6992
    0.0000   45.0000   37.5000 9400.1270   15.6826
    7.5000   45.0000   37.5000 8906.4160   15.6670
   -7.5000  -45.0000   45.0000 9529.0635   16.4718
    0.0000  -45.0000   45.0000 9875.1924   16.4546
    7.5000  -45.0000   45.0000 9456.3174   16.4392
   -7.5000  -37.5000   45.000010038.4619   16.4384
    0.0000  -37.5000   45.000010424.0010   16.4202
    7.5000  -37.5000   45.0000 9958.9521   16.4203
   -7.5000  -30.0000   45.000010923.2715   16.4144
    0.0000  -30.0000   45.000011330.3125   16.3888
    7.5000  -30.0000   45.000010805.3311   16.3990
   -7.5000  -22.5000   45.000011693.1641   16.4084
    0.0000  -22.5000   45.000012094.0664   16.3759
    7.5000  -22.5000   45.000011537.7451   16.3788
   -7.5000  -15.0000   45.000012281.0635   16.4232
    0.0000  -15.0000   45.000012721.3545   16.3910
    7.5000  -15.0000   45.000012134.6953   16.3784
   -7.5000   -7.5000   45.000012848.5244   16.4443
    0.0000   -7.5000   45.000013318.8457   16.4199
    7.5000   -7.5000   45.000012692.8887   16.3990
   -7.5000    0.0000   45.000013316.1055   16.4514
    0.0000    0.0000   45.000013804.9199   16.4341
    7.5000    0.0000   45.000013131.1270   16.4186
   -7.5000    7.5000   45.000012695.9902   16.4364
    0.0000    7.5000   45.000013166.3945   16.4181
    7.5000    7.5000   45.000012501.3496   16.4183
   -7.5000   15.0000   45.000011913.8457   16.4144
    0.0000   15.0000   45.000012365.8975   16.3888
    7.5000   15.0000   45.000011724.7793   16.3990
   -7.5000   22.5000   45.000011060.6016   16.4008
    0.0000   22.5000   45.000011494.6631   16.3683
    7.5000   22.5000   45.000010879.9297   16.3712
   -7.5000   30.0000   45.000010118.5361   16.2093
    0.0000   30.0000   45.000010524.8584   16.1775
    7.5000   30.0000   45.0000 9961.6592   16.1651
   -7.5000   37.5000   45.0000 9425.6777   16.2450
    0.0000   37.5000   45.0000 9802.1377   16.2210
    7.5000   37.5000   45.0000 9277.5322   16.2002
   -7.5000   45.0000   45.0000 8360.5107   15.9281
    0.0000   45.0000   45.0000 8679.6211   15.9115
    7.5000   45.0000   45.0000 8211.9707   15.8965

---------------------------------------------------------------------
imgreg_4dfp /opt/freesurfer/average/711-2C_as_mni_average_305 /opt/freesurfer/average/711-2B_as_mni_average_305_mask talsrcimg_g11 none talsrcimg_to_711-2C_as_mni_average_305_t4 4355
---------------------------------------------------------------------

freesurfer imgreg_4dfp.c
/opt/freesurfer/average/711-2C_as_mni_average_305.4dfp.img
       256       256       256         1
  1.000000  1.000000  1.000000
orientation T byte_order littleendian
Reading image: /opt/freesurfer/average/711-2C_as_mni_average_305.4dfp.img
dimensions:      256       256       256
mmppix:       1.0000   -1.0000   -1.0000
center:     128.0000 -129.0000 -129.0000
/opt/freesurfer/average/711-2B_as_mni_average_305_mask.4dfp.img
       256       256       256         1
  1.000000  1.000000  1.000000
orientation T byte_order littleendian
Reading mask: /opt/freesurfer/average/711-2B_as_mni_average_305_mask.4dfp.img (2306576 pixels)
talsrcimg_g11.4dfp.img
       256       256       256         1
  1.000000  1.000000  1.000000
orientation T byte_order littleendian
Reading image: talsrcimg_g11.4dfp.img
dimensions:      256       256       256
mmppix:       1.0000   -1.0000   -1.0000
center:     128.0000 -129.0000 -129.0000
rotation matrix determinant  1.000000
image alignment mode   4355 decimal     1103 hex
   -7.5000  -45.0000  -45.0000 2248.5913   15.5775
    0.0000  -45.0000  -45.0000 2247.7161   15.6216
    7.5000  -45.0000  -45.0000 2225.9490   15.8455
   -7.5000  -37.5000  -45.0000 2310.3401   14.6011
    0.0000  -37.5000  -45.0000 2310.0452   14.6490
    7.5000  -37.5000  -45.0000 2280.5354   14.8846
   -7.5000  -30.0000  -45.0000 2354.4343   13.9294
    0.0000  -30.0000  -45.0000 2352.2693   13.9659
    7.5000  -30.0000  -45.0000 2324.9829   14.2141
   -7.5000  -22.5000  -45.0000 2378.9810   13.5474
    0.0000  -22.5000  -45.0000 2378.4402   13.5519
    7.5000  -22.5000  -45.0000 2348.7771   13.7855
   -7.5000  -15.0000  -45.0000 2383.7446   13.4663
    0.0000  -15.0000  -45.0000 2383.6519   13.4710
    7.5000  -15.0000  -45.0000 2351.6221   13.6915
   -7.5000   -7.5000  -45.0000 2359.7676   13.6880
    0.0000   -7.5000  -45.0000 2362.1372   13.7076
    7.5000   -7.5000  -45.0000 2331.3357   13.8897
   -7.5000    0.0000  -45.0000 2311.2927   14.2138
    0.0000    0.0000  -45.0000 2317.9736   14.2164
    7.5000    0.0000  -45.0000 2287.8916   14.3932
   -7.5000    7.5000  -45.0000 2253.3352   14.9225
    0.0000    7.5000  -45.0000 2256.6501   14.9190
    7.5000    7.5000  -45.0000 2226.1714   15.1459
   -7.5000   15.0000  -45.0000 2169.8843   15.9680
    0.0000   15.0000  -45.0000 2170.8914   15.9669
    7.5000   15.0000  -45.0000 2143.3101   16.2206
   -7.5000   22.5000  -45.0000 2072.8130   17.4463
    0.0000   22.5000  -45.0000 2073.5527   17.4319
    7.5000   22.5000  -45.0000 2051.9546   17.7756
   -7.5000   30.0000  -45.0000 1965.3049   19.5981
    0.0000   30.0000  -45.0000 1968.4459   19.5955
    7.5000   30.0000  -45.0000 1945.8096   19.9574
   -7.5000   37.5000  -45.0000 1852.7556   22.4899
    0.0000   37.5000  -45.0000 1856.6548   22.3974
    7.5000   37.5000  -45.0000 1833.6011   22.8009
   -7.5000   45.0000  -45.0000 1730.1257   26.2415
    0.0000   45.0000  -45.0000 1734.0768   26.2083
    7.5000   45.0000  -45.0000 1712.2090   26.8409
   -7.5000  -45.0000  -37.5000 2338.6091   14.5163
    0.0000  -45.0000  -37.5000 2338.2322   14.5291
    7.5000  -45.0000  -37.5000 2311.6606   14.7566
   -7.5000  -37.5000  -37.5000 2401.6055   13.5641
    0.0000  -37.5000  -37.5000 2402.9556   13.5867
    7.5000  -37.5000  -37.5000 2370.1572   13.8333
   -7.5000  -30.0000  -37.5000 2447.9771   12.9287
    0.0000  -30.0000  -37.5000 2448.9343   12.9260
    7.5000  -30.0000  -37.5000 2417.7524   13.1753
   -7.5000  -22.5000  -37.5000 2475.9126   12.5474
    0.0000  -22.5000  -37.5000 2477.0283   12.5411
    7.5000  -22.5000  -37.5000 2446.1675   12.7955
   -7.5000  -15.0000  -37.5000 2485.1248   12.4662
    0.0000  -15.0000  -37.5000 2488.5486   12.4378
    7.5000  -15.0000  -37.5000 2451.3525   12.6629
   -7.5000   -7.5000  -37.5000 2464.0554   12.6441
    0.0000   -7.5000  -37.5000 2465.4929   12.6399
    7.5000   -7.5000  -37.5000 2428.7327   12.8334
   -7.5000    0.0000  -37.5000 2414.6313   13.1064
    0.0000    0.0000  -37.5000 2422.7312   13.0760
    7.5000    0.0000  -37.5000 2382.5769   13.2655
   -7.5000    7.5000  -37.5000 2352.1479   13.7246
    0.0000    7.5000  -37.5000 2353.7146   13.6907
    7.5000    7.5000  -37.5000 2320.9043   13.9083
   -7.5000   15.0000  -37.5000 2265.6350   14.6207
    0.0000   15.0000  -37.5000 2265.8298   14.6094
    7.5000   15.0000  -37.5000 2234.2876   14.8281
   -7.5000   22.5000  -37.5000 2165.2043   15.9607
    0.0000   22.5000  -37.5000 2165.8574   15.9376
    7.5000   22.5000  -37.5000 2139.2908   16.1844
   -7.5000   30.0000  -37.5000 2050.8962   17.9050
    0.0000   30.0000  -37.5000 2055.6104   17.8734
    7.5000   30.0000  -37.5000 2026.4305   18.0978
   -7.5000   37.5000  -37.5000 1929.2250   20.4136
    0.0000   37.5000  -37.5000 1937.6241   20.3985
    7.5000   37.5000  -37.5000 1910.1329   20.6860
   -7.5000   45.0000  -37.5000 1797.0940   23.8019
    0.0000   45.0000  -37.5000 1799.5680   23.7812
    7.5000   45.0000  -37.5000 1783.7340   24.2713
   -7.5000  -45.0000  -30.0000 2458.1946   14.0669
    0.0000  -45.0000  -30.0000 2459.4309   14.0486
    7.5000  -45.0000  -30.0000 2432.9221   14.2897
   -7.5000  -37.5000  -30.0000 2532.0593   13.0965
    0.0000  -37.5000  -30.0000 2533.9841   13.1066
    7.5000  -37.5000  -30.0000 2504.0205   13.3562
   -7.5000  -30.0000  -30.0000 2586.3391   12.4476
    0.0000  -30.0000  -30.0000 2583.5381   12.4382
    7.5000  -30.0000  -30.0000 2553.3086   12.7104
   -7.5000  -22.5000  -30.0000 2616.8225   12.0902
    0.0000  -22.5000  -30.0000 2621.5007   12.0808
    7.5000  -22.5000  -30.0000 2586.8589   12.3371
   -7.5000  -15.0000  -30.0000 2629.9661   12.0081
    0.0000  -15.0000  -30.0000 2630.8469   11.9702
    7.5000  -15.0000  -30.0000 2596.5959   12.2112
   -7.5000   -7.5000  -30.0000 2613.5139   12.1706
    0.0000   -7.5000  -30.0000 2614.8987   12.1371
    7.5000   -7.5000  -30.0000 2578.1870   12.3447
   -7.5000    0.0000  -30.0000 2566.3181   12.5488
    0.0000    0.0000  -30.0000 2571.7485   12.5019
    7.5000    0.0000  -30.0000 2530.9460   12.7036
   -7.5000    7.5000  -30.0000 2492.6807   13.1017
    0.0000    7.5000  -30.0000 2500.4062   13.0753
    7.5000    7.5000  -30.0000 2462.4751   13.2735
   -7.5000   15.0000  -30.0000 2399.0806   13.9217
    0.0000   15.0000  -30.0000 2404.5845   13.9182
    7.5000   15.0000  -30.0000 2372.2444   14.1252
   -7.5000   22.5000  -30.0000 2289.1128   15.1900
    0.0000   22.5000  -30.0000 2297.0559   15.1633
    7.5000   22.5000  -30.0000 2267.3921   15.3962
   -7.5000   30.0000  -30.0000 2168.8755   16.9975
    0.0000   30.0000  -30.0000 2175.3052   16.9531
    7.5000   30.0000  -30.0000 2145.5007   17.1572
   -7.5000   37.5000  -30.0000 2038.2489   19.3638
    0.0000   37.5000  -30.0000 2047.0394   19.3470
    7.5000   37.5000  -30.0000 2019.8124   19.5944
   -7.5000   45.0000  -30.0000 1898.5973   22.5600
    0.0000   45.0000  -30.0000 1902.6191   22.5715
    7.5000   45.0000  -30.0000 1881.7803   22.9309
   -7.5000  -45.0000  -22.5000 2546.7224   13.5309
    0.0000  -45.0000  -22.5000 2549.1597   13.5011
    7.5000  -45.0000  -22.5000 2521.7515   13.7250
   -7.5000  -37.5000  -22.5000 2630.0017   12.5889
    0.0000  -37.5000  -22.5000 2631.6362   12.5570
    7.5000  -37.5000  -22.5000 2604.7251   12.7836
   -7.5000  -30.0000  -22.5000 2688.2097   11.9264
    0.0000  -30.0000  -22.5000 2692.7351   11.9038
    7.5000  -30.0000  -22.5000 2661.2124   12.1538
   -7.5000  -22.5000  -22.5000 2726.5303   11.5692
    0.0000  -22.5000  -22.5000 2731.2959   11.5462
    7.5000  -22.5000  -22.5000 2697.8403   11.7991
   -7.5000  -15.0000  -22.5000 2744.0164   11.4986
    0.0000  -15.0000  -22.5000 2747.4155   11.4567
    7.5000  -15.0000  -22.5000 2710.5266   11.6723
   -7.5000   -7.5000  -22.5000 2729.1887   11.6478
    0.0000   -7.5000  -22.5000 2734.4333   11.5974
    7.5000   -7.5000  -22.5000 2697.9192   11.7918
   -7.5000    0.0000  -22.5000 2687.4177   11.9779
    0.0000    0.0000  -22.5000 2691.3435   11.9159
    7.5000    0.0000  -22.5000 2650.6838   12.1259
   -7.5000    7.5000  -22.5000 2610.5603   12.4689
    0.0000    7.5000  -22.5000 2613.4917   12.4325
    7.5000    7.5000  -22.5000 2580.2983   12.6515
   -7.5000   15.0000  -22.5000 2502.9426   13.2371
    0.0000   15.0000  -22.5000 2511.9768   13.2012
    7.5000   15.0000  -22.5000 2482.7632   13.4328
   -7.5000   22.5000  -22.5000 2385.3462   14.4240
    0.0000   22.5000  -22.5000 2395.3765   14.3692
    7.5000   22.5000  -22.5000 2369.5459   14.5987
   -7.5000   30.0000  -22.5000 2258.0659   16.1339
    0.0000   30.0000  -22.5000 2267.7993   16.0802
    7.5000   30.0000  -22.5000 2243.1179   16.2682
   -7.5000   37.5000  -22.5000 2123.8716   18.3980
    0.0000   37.5000  -22.5000 2133.3057   18.3492
    7.5000   37.5000  -22.5000 2107.4172   18.5719
   -7.5000   45.0000  -22.5000 1980.2159   21.4801
    0.0000   45.0000  -22.5000 1985.8090   21.4241
    7.5000   45.0000  -22.5000 1960.2561   21.6924
   -7.5000  -45.0000  -15.0000 2600.4907   13.0126
    0.0000  -45.0000  -15.0000 2605.2529   13.0047
    7.5000  -45.0000  -15.0000 2579.2253   13.1739
   -7.5000  -37.5000  -15.0000 2690.8872   12.0678
    0.0000  -37.5000  -15.0000 2698.4270   12.0375
    7.5000  -37.5000  -15.0000 2673.6011   12.2246
   -7.5000  -30.0000  -15.0000 2760.0708   11.4268
    0.0000  -30.0000  -15.0000 2767.3965   11.3938
    7.5000  -30.0000  -15.0000 2734.2739   11.6161
   -7.5000  -22.5000  -15.0000 2809.3821   11.0599
    0.0000  -22.5000  -15.0000 2811.4243   11.0247
    7.5000  -22.5000  -15.0000 2773.0779   11.2606
   -7.5000  -15.0000  -15.0000 2826.3489   10.9837
    0.0000  -15.0000  -15.0000 2831.5237   10.9441
    7.5000  -15.0000  -15.0000 2792.3557   11.1481
   -7.5000   -7.5000  -15.0000 2813.4963   11.1313
    0.0000   -7.5000  -15.0000 2823.5093   11.0708
    7.5000   -7.5000  -15.0000 2783.3005   11.2638
   -7.5000    0.0000  -15.0000 2767.7659   11.4500
    0.0000    0.0000  -15.0000 2774.4438   11.3699
    7.5000    0.0000  -15.0000 2738.2859   11.5852
   -7.5000    7.5000  -15.0000 2690.3806   11.9200
    0.0000    7.5000  -15.0000 2694.6946   11.8556
    7.5000    7.5000  -15.0000 2662.0657   12.0644
   -7.5000   15.0000  -15.0000 2582.8076   12.6558
    0.0000   15.0000  -15.0000 2589.1716   12.5967
    7.5000   15.0000  -15.0000 2561.8401   12.8236
   -7.5000   22.5000  -15.0000 2457.4209   13.8126
    0.0000   22.5000  -15.0000 2467.2078   13.7250
    7.5000   22.5000  -15.0000 2441.2798   13.9398
   -7.5000   30.0000  -15.0000 2325.0215   15.4271
    0.0000   30.0000  -15.0000 2336.4480   15.3403
    7.5000   30.0000  -15.0000 2312.2468   15.5356
   -7.5000   37.5000  -15.0000 2182.6470   17.5695
    0.0000   37.5000  -15.0000 2191.8784   17.5022
    7.5000   37.5000  -15.0000 2167.9019   17.7180
   -7.5000   45.0000  -15.0000 2035.4413   20.3991
    0.0000   45.0000  -15.0000 2039.5205   20.3793
    7.5000   45.0000  -15.0000 2015.2914   20.6438
   -7.5000  -45.0000   -7.5000 2631.4204   12.5745
    0.0000  -45.0000   -7.5000 2634.5283   12.5729
    7.5000  -45.0000   -7.5000 2608.1392   12.7104
   -7.5000  -37.5000   -7.5000 2732.2209   11.6326
    0.0000  -37.5000   -7.5000 2738.2932   11.6180
    7.5000  -37.5000   -7.5000 2714.9954   11.7875
   -7.5000  -30.0000   -7.5000 2811.6360   10.9768
    0.0000  -30.0000   -7.5000 2817.9194   10.9584
    7.5000  -30.0000   -7.5000 2782.9729   11.1652
   -7.5000  -22.5000   -7.5000 2864.5647   10.5980
    0.0000  -22.5000   -7.5000 2870.0713   10.5639
    7.5000  -22.5000   -7.5000 2826.7244   10.8003
   -7.5000  -15.0000   -7.5000 2887.1733   10.4706
    0.0000  -15.0000   -7.5000 2892.8203   10.4318
    7.5000  -15.0000   -7.5000 2847.3503   10.6598
   -7.5000   -7.5000   -7.5000 2874.0808   10.6310
    0.0000   -7.5000   -7.5000 2885.9546   10.5736
    7.5000   -7.5000   -7.5000 2840.5435   10.7640
   -7.5000    0.0000   -7.5000 2823.5178   10.9314
    0.0000    0.0000   -7.5000 2835.0574   10.8775
    7.5000    0.0000   -7.5000 2798.2234   11.0769
   -7.5000    7.5000   -7.5000 2745.6252   11.3900
    0.0000    7.5000   -7.5000 2758.0408   11.3438
    7.5000    7.5000   -7.5000 2723.9255   11.5741
   -7.5000   15.0000   -7.5000 2642.2893   12.1155
    0.0000   15.0000   -7.5000 2650.2070   12.0636
    7.5000   15.0000   -7.5000 2615.8376   12.3177
   -7.5000   22.5000   -7.5000 2516.2363   13.2311
    0.0000   22.5000   -7.5000 2525.3447   13.1723
    7.5000   22.5000   -7.5000 2490.4978   13.4082
   -7.5000   30.0000   -7.5000 2374.0645   14.7688
    0.0000   30.0000   -7.5000 2385.1514   14.7157
    7.5000   30.0000   -7.5000 2357.1179   14.9195
   -7.5000   37.5000   -7.5000 2225.7881   16.7919
    0.0000   37.5000   -7.5000 2238.0583   16.7517
    7.5000   37.5000   -7.5000 2206.8772   16.9809
   -7.5000   45.0000   -7.5000 2067.2402   19.3541
    0.0000   45.0000   -7.5000 2076.9878   19.3745
    7.5000   45.0000   -7.5000 2047.9570   19.6620
   -7.5000  -45.0000    0.0000 2630.4292   12.2647
    0.0000  -45.0000    0.0000 2635.8933   12.2567
    7.5000  -45.0000    0.0000 2608.0969   12.3972
   -7.5000  -37.5000    0.0000 2745.8928   11.3429
    0.0000  -37.5000    0.0000 2753.2231   11.3388
    7.5000  -37.5000    0.0000 2724.0647   11.4628
   -7.5000  -30.0000    0.0000 2841.1375   10.6972
    0.0000  -30.0000    0.0000 2849.3003   10.6911
    7.5000  -30.0000    0.0000 2808.4731   10.8337
   -7.5000  -22.5000    0.0000 2902.4185   10.3057
    0.0000  -22.5000    0.0000 2910.5854   10.2886
    7.5000  -22.5000    0.0000 2862.1477   10.4972
   -7.5000  -15.0000    0.0000 2932.2859   10.1318
    0.0000  -15.0000    0.0000 2940.9436   10.1112
    7.5000  -15.0000    0.0000 2890.7625   10.3467
   -7.5000   -7.5000    0.0000 2916.2092   10.2386
    0.0000   -7.5000    0.0000 2934.4592   10.1997
    7.5000   -7.5000    0.0000 2883.1809   10.4159
   -7.5000    0.0000    0.0000 2864.6208   10.5519
    0.0000    0.0000    0.0000 2883.7153   10.5173
    7.5000    0.0000    0.0000 2841.8682   10.7075
   -7.5000    7.5000    0.0000 2789.3030   11.0244
    0.0000    7.5000    0.0000 2805.9849   10.9923
    7.5000    7.5000    0.0000 2769.4102   11.1910
   -7.5000   15.0000    0.0000 2680.3962   11.7605
    0.0000   15.0000    0.0000 2692.5264   11.7126
    7.5000   15.0000    0.0000 2657.8391   11.9262
   -7.5000   22.5000    0.0000 2552.2314   12.8745
    0.0000   22.5000    0.0000 2565.6311   12.7903
    7.5000   22.5000    0.0000 2529.8938   13.0050
   -7.5000   30.0000    0.0000 2411.1802   14.3735
    0.0000   30.0000    0.0000 2423.5662   14.2926
    7.5000   30.0000    0.0000 2390.3267   14.5091
   -7.5000   37.5000    0.0000 2260.2769   16.2886
    0.0000   37.5000    0.0000 2269.8772   16.2259
    7.5000   37.5000    0.0000 2239.2708   16.4516
   -7.5000   45.0000    0.0000 2089.8472   18.7504
    0.0000   45.0000    0.0000 2100.6345   18.7276
    7.5000   45.0000    0.0000 2075.2473   18.9775
   -7.5000  -45.0000    7.5000 2619.6475   12.1559
    0.0000  -45.0000    7.5000 2624.3083   12.2088
    7.5000  -45.0000    7.5000 2602.9138   12.3035
   -7.5000  -37.5000    7.5000 2743.2227   11.2092
    0.0000  -37.5000    7.5000 2748.4709   11.2372
    7.5000  -37.5000    7.5000 2724.2158   11.3342
   -7.5000  -30.0000    7.5000 2850.0798   10.5969
    0.0000  -30.0000    7.5000 2860.5835   10.6168
    7.5000  -30.0000    7.5000 2826.2283   10.6746
   -7.5000  -22.5000    7.5000 2930.2930   10.2568
    0.0000  -22.5000    7.5000 2948.8064   10.2681
    7.5000  -22.5000    7.5000 2897.8093   10.3054
   -7.5000  -15.0000    7.5000 2964.4836   10.0518
    0.0000  -15.0000    7.5000 2986.5669   10.0779
    7.5000  -15.0000    7.5000 2930.0764   10.1693
   -7.5000   -7.5000    7.5000 2948.5208   10.0842
    0.0000   -7.5000    7.5000 2975.4146   10.1000
    7.5000   -7.5000    7.5000 2921.0281   10.2173
   -7.5000    0.0000    7.5000 2897.8892   10.3493
    0.0000    0.0000    7.5000 2922.6350   10.3509
    7.5000    0.0000    7.5000 2875.6748   10.4759
   -7.5000    7.5000    7.5000 2816.3328   10.8383
    0.0000    7.5000    7.5000 2836.5320   10.7986
    7.5000    7.5000    7.5000 2796.8708   10.9514
   -7.5000   15.0000    7.5000 2700.7639   11.5667
    0.0000   15.0000    7.5000 2716.2725   11.4931
    7.5000   15.0000    7.5000 2682.7786   11.6688
   -7.5000   22.5000    7.5000 2573.2419   12.6651
    0.0000   22.5000    7.5000 2587.4368   12.5658
    7.5000   22.5000    7.5000 2552.0591   12.7499
   -7.5000   30.0000    7.5000 2431.3799   14.1417
    0.0000   30.0000    7.5000 2443.9683   14.0621
    7.5000   30.0000    7.5000 2414.5791   14.2217
   -7.5000   37.5000    7.5000 2276.8872   16.0001
    0.0000   37.5000    7.5000 2285.8096   15.9447
    7.5000   37.5000    7.5000 2262.9766   16.1032
   -7.5000   45.0000    7.5000 2105.7441   18.3514
    0.0000   45.0000    7.5000 2117.0784   18.3292
    7.5000   45.0000    7.5000 2089.9080   18.4953
   -7.5000  -45.0000   15.0000 2595.7798   12.2726
    0.0000  -45.0000   15.0000 2599.0823   12.3552
    7.5000  -45.0000   15.0000 2585.9949   12.3880
   -7.5000  -37.5000   15.0000 2724.5396   11.2733
    0.0000  -37.5000   15.0000 2729.8279   11.3358
    7.5000  -37.5000   15.0000 2709.0989   11.3715
   -7.5000  -30.0000   15.0000 2844.4336   10.6189
    0.0000  -30.0000   15.0000 2855.7217   10.6867
    7.5000  -30.0000   15.0000 2821.5757   10.6577
   -7.5000  -22.5000   15.0000 2937.8953   10.2831
    0.0000  -22.5000   15.0000 2961.7922   10.3462
    7.5000  -22.5000   15.0000 2905.1689   10.2667
   -7.5000  -15.0000   15.0000 2978.5015   10.0937
    0.0000  -15.0000   15.0000 3005.2856   10.1500
    7.5000  -15.0000   15.0000 2943.3289   10.1140
   -7.5000   -7.5000   15.0000 2958.7747   10.1172
    0.0000   -7.5000   15.0000 2983.0623   10.1208
    7.5000   -7.5000   15.0000 2930.6821   10.1874
   -7.5000    0.0000   15.0000 2908.4216   10.3916
    0.0000    0.0000   15.0000 2929.9778   10.3425
    7.5000    0.0000   15.0000 2879.8738   10.4675
   -7.5000    7.5000   15.0000 2815.2058   10.8673
    0.0000    7.5000   15.0000 2834.4111   10.8126
    7.5000    7.5000   15.0000 2796.6047   10.9530
   -7.5000   15.0000   15.0000 2701.1606   11.5486
    0.0000   15.0000   15.0000 2712.2852   11.4927
    7.5000   15.0000   15.0000 2686.1035   11.6498
   -7.5000   22.5000   15.0000 2574.8333   12.5846
    0.0000   22.5000   15.0000 2586.0461   12.5026
    7.5000   22.5000   15.0000 2562.3726   12.6829
   -7.5000   30.0000   15.0000 2434.7795   14.0174
    0.0000   30.0000   15.0000 2445.0203   13.9537
    7.5000   30.0000   15.0000 2421.3601   14.1432
   -7.5000   37.5000   15.0000 2278.1101   15.8491
    0.0000   37.5000   15.0000 2288.7004   15.8356
    7.5000   37.5000   15.0000 2266.7400   16.0160
   -7.5000   45.0000   15.0000 2109.3848   18.1613
    0.0000   45.0000   15.0000 2118.3940   18.1527
    7.5000   45.0000   15.0000 2093.4436   18.3432
   -7.5000  -45.0000   22.5000 2562.8113   12.5850
    0.0000  -45.0000   22.5000 2566.3474   12.6218
    7.5000  -45.0000   22.5000 2550.8149   12.6611
   -7.5000  -37.5000   22.5000 2696.3176   11.5137
    0.0000  -37.5000   22.5000 2701.3882   11.5245
    7.5000  -37.5000   22.5000 2682.3325   11.5868
   -7.5000  -30.0000   22.5000 2823.2703   10.7948
    0.0000  -30.0000   22.5000 2836.7368   10.8012
    7.5000  -30.0000   22.5000 2803.1501   10.8440
   -7.5000  -22.5000   22.5000 2919.3777   10.3895
    0.0000  -22.5000   22.5000 2944.2598   10.3994
    7.5000  -22.5000   22.5000 2891.4175   10.4146
   -7.5000  -15.0000   22.5000 2965.7986   10.1687
    0.0000  -15.0000   22.5000 2992.7104   10.1263
    7.5000  -15.0000   22.5000 2930.9421   10.2286
   -7.5000   -7.5000   22.5000 2951.0481   10.2107
    0.0000   -7.5000   22.5000 2971.2207   10.1146
    7.5000   -7.5000   22.5000 2923.4690   10.2799
   -7.5000    0.0000   22.5000 2895.2900   10.4903
    0.0000    0.0000   22.5000 2918.5989   10.4296
    7.5000    0.0000   22.5000 2874.2927   10.5750
   -7.5000    7.5000   22.5000 2800.3650   11.0255
    0.0000    7.5000   22.5000 2820.1182   10.9964
    7.5000    7.5000   22.5000 2785.7971   11.1332
   -7.5000   15.0000   22.5000 2682.3093   11.7493
    0.0000   15.0000   22.5000 2689.8462   11.7137
    7.5000   15.0000   22.5000 2667.6111   11.8666
   -7.5000   22.5000   22.5000 2557.5718   12.7780
    0.0000   22.5000   22.5000 2563.6643   12.7115
    7.5000   22.5000   22.5000 2544.9011   12.8677
   -7.5000   30.0000   22.5000 2410.1328   14.1539
    0.0000   30.0000   22.5000 2424.3342   14.0790
    7.5000   30.0000   22.5000 2406.8442   14.2929
   -7.5000   37.5000   22.5000 2260.7964   15.9394
    0.0000   37.5000   22.5000 2272.0728   15.9122
    7.5000   37.5000   22.5000 2254.5403   16.1120
   -7.5000   45.0000   22.5000 2093.5371   18.1529
    0.0000   45.0000   22.5000 2102.7312   18.1477
    7.5000   45.0000   22.5000 2081.5457   18.3746
   -7.5000  -45.0000   30.0000 2525.5137   12.9808
    0.0000  -45.0000   30.0000 2533.6399   12.9489
    7.5000  -45.0000   30.0000 2520.1577   13.0802
   -7.5000  -37.5000   30.0000 2658.8572   11.8711
    0.0000  -37.5000   30.0000 2669.4658   11.8271
    7.5000  -37.5000   30.0000 2651.2026   11.9573
   -7.5000  -30.0000   30.0000 2783.9233   11.1328
    0.0000  -30.0000   30.0000 2799.4067   11.0857
    7.5000  -30.0000   30.0000 2772.2290   11.2201
   -7.5000  -22.5000   30.0000 2877.5754   10.6920
    0.0000  -22.5000   30.0000 2897.3606   10.6349
    7.5000  -22.5000   30.0000 2857.1497   10.7740
   -7.5000  -15.0000   30.0000 2922.8569   10.4676
    0.0000  -15.0000   30.0000 2942.6450   10.3533
    7.5000  -15.0000   30.0000 2900.7561   10.5607
   -7.5000   -7.5000   30.0000 2915.5115   10.5063
    0.0000   -7.5000   30.0000 2930.2893   10.4058
    7.5000   -7.5000   30.0000 2896.2324   10.5918
   -7.5000    0.0000   30.0000 2863.5825   10.7835
    0.0000    0.0000   30.0000 2883.0024   10.7276
    7.5000    0.0000   30.0000 2848.1567   10.8928
   -7.5000    7.5000   30.0000 2766.3240   11.3165
    0.0000    7.5000   30.0000 2788.0186   11.2671
    7.5000    7.5000   30.0000 2757.1155   11.4405
   -7.5000   15.0000   30.0000 2649.7861   12.0656
    0.0000   15.0000   30.0000 2658.8613   12.0248
    7.5000   15.0000   30.0000 2638.9128   12.1949
   -7.5000   22.5000   30.0000 2524.1948   13.1048
    0.0000   22.5000   30.0000 2531.3760   13.0582
    7.5000   22.5000   30.0000 2508.2622   13.2023
   -7.5000   30.0000   30.0000 2376.6084   14.4591
    0.0000   30.0000   30.0000 2391.1497   14.4050
    7.5000   30.0000   30.0000 2372.3508   14.5786
   -7.5000   37.5000   30.0000 2223.8901   16.2130
    0.0000   37.5000   30.0000 2234.4443   16.1664
    7.5000   37.5000   30.0000 2220.2776   16.3464
   -7.5000   45.0000   30.0000 2060.0645   18.4379
    0.0000   45.0000   30.0000 2071.4744   18.4125
    7.5000   45.0000   30.0000 2055.1270   18.6380
   -7.5000  -45.0000   37.5000 2485.1804   13.4998
    0.0000  -45.0000   37.5000 2493.0886   13.4102
    7.5000  -45.0000   37.5000 2480.9849   13.6487
   -7.5000  -37.5000   37.5000 2616.0652   12.3947
    0.0000  -37.5000   37.5000 2625.6482   12.3045
    7.5000  -37.5000   37.5000 2612.3457   12.5394
   -7.5000  -30.0000   37.5000 2734.9885   11.6621
    0.0000  -30.0000   37.5000 2747.4521   11.5688
    7.5000  -30.0000   37.5000 2728.6506   11.7688
   -7.5000  -22.5000   37.5000 2820.8967   11.2102
    0.0000  -22.5000   37.5000 2840.9617   11.0642
    7.5000  -22.5000   37.5000 2810.3953   11.2709
   -7.5000  -15.0000   37.5000 2859.5500   10.9465
    0.0000  -15.0000   37.5000 2879.0596   10.7993
    7.5000  -15.0000   37.5000 2846.9041   11.0244
   -7.5000   -7.5000   37.5000 2853.4502   10.9939
    0.0000   -7.5000   37.5000 2867.5613   10.9025
    7.5000   -7.5000   37.5000 2843.5515   11.0811
   -7.5000    0.0000   37.5000 2803.4546   11.2841
    0.0000    0.0000   37.5000 2819.4006   11.2067
    7.5000    0.0000   37.5000 2791.1780   11.3655
   -7.5000    7.5000   37.5000 2718.1118   11.7812
    0.0000    7.5000   37.5000 2736.3286   11.7007
    7.5000    7.5000   37.5000 2706.6602   11.8794
   -7.5000   15.0000   37.5000 2606.2007   12.5141
    0.0000   15.0000   37.5000 2619.3484   12.4500
    7.5000   15.0000   37.5000 2593.3860   12.6298
   -7.5000   22.5000   37.5000 2479.3823   13.5317
    0.0000   22.5000   37.5000 2490.8081   13.4613
    7.5000   22.5000   37.5000 2468.3835   13.6482
   -7.5000   30.0000   37.5000 2331.4722   14.9232
    0.0000   30.0000   37.5000 2347.2021   14.8282
    7.5000   30.0000   37.5000 2332.9377   15.0204
   -7.5000   37.5000   37.5000 2176.9502   16.6545
    0.0000   37.5000   37.5000 2186.1548   16.6124
    7.5000   37.5000   37.5000 2177.3306   16.7724
   -7.5000   45.0000   37.5000 2022.5649   18.9057
    0.0000   45.0000   37.5000 2032.3756   18.8375
    7.5000   45.0000   37.5000 2018.9290   19.0439
   -7.5000  -45.0000   45.0000 2438.3225   14.2331
    0.0000  -45.0000   45.0000 2449.9502   14.0629
    7.5000  -45.0000   45.0000 2432.3464   14.3514
   -7.5000  -37.5000   45.0000 2562.7461   13.1110
    0.0000  -37.5000   45.0000 2577.5908   12.9628
    7.5000  -37.5000   45.0000 2557.7439   13.2131
   -7.5000  -30.0000   45.0000 2673.6094   12.3402
    0.0000  -30.0000   45.0000 2688.4661   12.1887
    7.5000  -30.0000   45.0000 2668.9067   12.4243
   -7.5000  -22.5000   45.0000 2752.3992   11.8554
    0.0000  -22.5000   45.0000 2769.3154   11.6752
    7.5000  -22.5000   45.0000 2742.2476   11.9120
   -7.5000  -15.0000   45.0000 2783.2424   11.5931
    0.0000  -15.0000   45.0000 2797.1809   11.4415
    7.5000  -15.0000   45.0000 2771.8574   11.6596
   -7.5000   -7.5000   45.0000 2772.7432   11.6262
    0.0000   -7.5000   45.0000 2789.0112   11.5114
    7.5000   -7.5000   45.0000 2766.1687   11.7023
   -7.5000    0.0000   45.0000 2726.4253   11.8736
    0.0000    0.0000   45.0000 2741.8706   11.7968
    7.5000    0.0000   45.0000 2718.1482   11.9610
   -7.5000    7.5000   45.0000 2647.3491   12.3582
    0.0000    7.5000   45.0000 2663.4578   12.2644
    7.5000    7.5000   45.0000 2636.2742   12.4497
   -7.5000   15.0000   45.0000 2544.8496   13.0897
    0.0000   15.0000   45.0000 2560.0310   12.9781
    7.5000   15.0000   45.0000 2536.1414   13.1740
   -7.5000   22.5000   45.0000 2427.3252   14.1028
    0.0000   22.5000   45.0000 2440.1472   14.0184
    7.5000   22.5000   45.0000 2419.2725   14.1909
   -7.5000   30.0000   45.0000 2282.8823   15.4825
    0.0000   30.0000   45.0000 2296.2869   15.4153
    7.5000   30.0000   45.0000 2280.0703   15.5803
   -7.5000   37.5000   45.0000 2128.6289   17.2873
    0.0000   37.5000   45.0000 2144.7986   17.2301
    7.5000   37.5000   45.0000 2127.8059   17.3727
   -7.5000   45.0000   45.0000 1982.0979   19.5664
    0.0000   45.0000   45.0000 1992.2128   19.4931
    7.5000   45.0000   45.0000 1976.6024   19.6980

---------------------------------------------------------------------
imgreg_4dfp /opt/freesurfer/average/711-2C_as_mni_average_305 /opt/freesurfer/average/711-2B_as_mni_average_305_mask talsrcimg_g11 none talsrcimg_to_711-2C_as_mni_average_305_t4 1283
---------------------------------------------------------------------

freesurfer imgreg_4dfp.c
/opt/freesurfer/average/711-2C_as_mni_average_305.4dfp.img
       256       256       256         1
  1.000000  1.000000  1.000000
orientation T byte_order littleendian
Reading image: /opt/freesurfer/average/711-2C_as_mni_average_305.4dfp.img
dimensions:      256       256       256
mmppix:       1.0000   -1.0000   -1.0000
center:     128.0000 -129.0000 -129.0000
/opt/freesurfer/average/711-2B_as_mni_average_305_mask.4dfp.img
       256       256       256         1
  1.000000  1.000000  1.000000
orientation T byte_order littleendian
Reading mask: /opt/freesurfer/average/711-2B_as_mni_average_305_mask.4dfp.img (2306576 pixels)
talsrcimg_g11.4dfp.img
       256       256       256         1
  1.000000  1.000000  1.000000
orientation T byte_order littleendian
Reading image: talsrcimg_g11.4dfp.img
dimensions:      256       256       256
mmppix:       1.0000   -1.0000   -1.0000
center:     128.0000 -129.0000 -129.0000
rotation matrix determinant  1.000000
fimgreg.f
image alignment mode   1283 decimal      503 hex
parameters
    0.0000  -15.0000   15.0000    0.0000    0.0000    0.0000
eta,q 0.94239 10.17404
niter,ni,del,rscale     5    3   12.0000    1.2000
parameter  4  1.494644 ->  0.500000 qaram    1.1500
parameters
   -1.8737  -15.1408   16.4513   -3.4500   -1.8456   -1.5500
eta,q 0.95002 10.16699
  0.0611  0.0632  0.0612  0.0486  0.0523  0.0519
  0.0560  0.0575  0.0572  0.0501  0.0506  0.0509
  0.0537  0.0537  0.0543  0.0521  0.0500  0.0501
  0.0560  0.0536  0.0534  0.0534  0.0507  0.0500
  0.0612  0.0561  0.0538  0.0555  0.0520  0.0511
  0.0662  0.0592  0.0546  0.0594  0.0543  0.0533
  0.0723  0.0626  0.0556  0.0630  0.0596  0.0563
niter,ni,del,rscale     5    3   12.0000    1.2000
parameter  4  2.396575 ->  0.500000 qaram    1.3225
parameters
   -1.5023  -14.1455   15.2707   -7.4175   -1.6895   -1.8850
eta,q 0.95397 10.17360
  0.0653  0.0638  0.0525  0.0436  0.0521  0.0498
  0.0575  0.0562  0.0500  0.0455  0.0483  0.0480
  0.0521  0.0518  0.0495  0.0473  0.0464  0.0466
  0.0500  0.0500  0.0500  0.0497  0.0461  0.0460
  0.0515  0.0505  0.0506  0.0521  0.0459  0.0469
  0.0556  0.0529  0.0524  0.0549  0.0475  0.0486
  0.0616  0.0562  0.0563  0.0587  0.0518  0.0507
niter,ni,del,rscale     5    3   12.0000    1.2000
parameter  4  0.949562 ->  0.500000 qaram    1.5209
parameters
   -1.8515  -12.5077   14.6785  -11.9801   -1.7153   -1.3479
eta,q 0.95868 10.20721
  0.0602  0.0583  0.0509  0.0421  0.0489  0.0469
  0.0521  0.0520  0.0477  0.0412  0.0453  0.0444
  0.0472  0.0480  0.0456  0.0427  0.0426  0.0426
  0.0460  0.0459  0.0453  0.0452  0.0415  0.0415
  0.0491  0.0453  0.0467  0.0486  0.0423  0.0413
  0.0555  0.0463  0.0495  0.0528  0.0453  0.0426
  0.0628  0.0494  0.0535  0.0563  0.0492  0.0458
niter,ni,del,rscale     5    3   12.0000    1.2000
parameters
   -1.8070  -11.2718   13.3851  -13.9083   -1.9719   -1.2681
eta,q 0.96037 10.25882
  0.0593  0.0581  0.0460  0.0468  0.0472  0.0447
  0.0508  0.0494  0.0424  0.0417  0.0437  0.0425
  0.0439  0.0430  0.0412  0.0394  0.0406  0.0407
  0.0413  0.0413  0.0419  0.0413  0.0397  0.0397
  0.0439  0.0424  0.0436  0.0442  0.0408  0.0398
  0.0503  0.0445  0.0471  0.0477  0.0443  0.0416
  0.0588  0.0472  0.0515  0.0531  0.0490  0.0452
niter,ni,del,rscale     4    3   12.0000    1.2000
parameters
   -1.6873  -10.9142   12.7802  -14.1939   -2.1071   -1.4152
eta,q 0.96057 10.26687
  0.0585  0.0529  0.0469  0.0502  0.0473  0.0441
  0.0492  0.0453  0.0422  0.0439  0.0437  0.0420
  0.0421  0.0403  0.0398  0.0396  0.0406  0.0404
  0.0396  0.0397  0.0399  0.0396  0.0394  0.0394
  0.0421  0.0415  0.0420  0.0426  0.0405  0.0397
  0.0484  0.0445  0.0452  0.0458  0.0439  0.0417
  0.0569  0.0489  0.0494  0.0500  0.0484  0.0453
niter,ni,del,rscale     3    3   12.0000    1.2000
parameters
   -1.6530  -10.9063   12.6672  -14.2404   -2.1285   -1.4304
eta,q 0.96062 10.27073
  0.0579  0.0510  0.0485  0.0508  0.0476  0.0442
  0.0486  0.0441  0.0431  0.0444  0.0439  0.0421
  0.0418  0.0396  0.0400  0.0397  0.0407  0.0404
  0.0394  0.0394  0.0394  0.0394  0.0394  0.0394
  0.0420  0.0416  0.0412  0.0424  0.0403  0.0396
  0.0486  0.0449  0.0443  0.0455  0.0436  0.0415
  0.0572  0.0498  0.0483  0.0496  0.0481  0.0450
niter,ni,del,rscale     2    3   12.0000    1.2000
parameters
   -1.6478  -10.9095   12.6454  -14.2477   -2.1321   -1.4314
eta,q 0.96063 10.27151
  0.0578  0.0510  0.0489  0.0509  0.0476  0.0443
  0.0485  0.0440  0.0432  0.0445  0.0439  0.0421
  0.0417  0.0396  0.0401  0.0398  0.0407  0.0404
  0.0394  0.0394  0.0394  0.0394  0.0394  0.0394
  0.0421  0.0415  0.0411  0.0423  0.0403  0.0396
  0.0488  0.0449  0.0442  0.0455  0.0435  0.0414
  0.0573  0.0498  0.0482  0.0495  0.0480  0.0450
registration optimization eta report
parameter search radius
    6.0000    6.0000    6.0000    9.1253    6.0000    6.0000
100000*second partial in parameter space
       50.       31.       25.       13.       23.       15.
  0.0578  0.0510  0.0489  0.0509  0.0476  0.0443
  0.0485  0.0440  0.0432  0.0445  0.0439  0.0421
  0.0417  0.0396  0.0401  0.0398  0.0407  0.0404
  0.0394  0.0394  0.0394  0.0394  0.0394  0.0394
  0.0421  0.0415  0.0411  0.0423  0.0403  0.0396
  0.0488  0.0449  0.0442  0.0455  0.0435  0.0414
  0.0573  0.0498  0.0482  0.0495  0.0480  0.0450
   -1.6478  -10.9095   12.6454  -14.2477   -2.1321   -1.4314
eta,q 0.96063 10.27151

---------------------------------------------------------------------
imgreg_4dfp /opt/freesurfer/average/711-2C_as_mni_average_305 /opt/freesurfer/average/711-2B_as_mni_average_305_mask talsrcimg_g11 none talsrcimg_to_711-2C_as_mni_average_305_t4 3335
---------------------------------------------------------------------

freesurfer imgreg_4dfp.c
/opt/freesurfer/average/711-2C_as_mni_average_305.4dfp.img
       256       256       256         1
  1.000000  1.000000  1.000000
orientation T byte_order littleendian
Reading image: /opt/freesurfer/average/711-2C_as_mni_average_305.4dfp.img
dimensions:      256       256       256
mmppix:       1.0000   -1.0000   -1.0000
center:     128.0000 -129.0000 -129.0000
/opt/freesurfer/average/711-2B_as_mni_average_305_mask.4dfp.img
       256       256       256         1
  1.000000  1.000000  1.000000
orientation T byte_order littleendian
Reading mask: /opt/freesurfer/average/711-2B_as_mni_average_305_mask.4dfp.img (2306576 pixels)
talsrcimg_g11.4dfp.img
       256       256       256         1
  1.000000  1.000000  1.000000
orientation T byte_order littleendian
Reading image: talsrcimg_g11.4dfp.img
dimensions:      256       256       256
mmppix:       1.0000   -1.0000   -1.0000
center:     128.0000 -129.0000 -129.0000
fimgreg.f
image alignment mode   3335 decimal      D07 hex
parameters
   -1.6478  -10.9095   12.6454   -0.1004   -3.0833   -3.1430
    1.5058    4.2196   -2.4963   24.5137   -3.7204  -24.5944
eta,q 0.95949 10.31630
niter,ni,del,rscale     5    3    5.0000    1.2000
parameter  4  0.515611 ->  0.500000 qaram    1.1500
parameter  5  3.262413 ->  0.500000 qaram    1.1500
parameter 12  0.942727 ->  0.500000 qaram    1.1500
parameters
   -1.4176  -10.8641   12.7419   -4.2404   -7.2233   -3.7352
    1.2297    5.8044   -0.9679   21.6472   -1.5716  -28.7344
eta,q 0.96586  9.89354
  0.0446  0.0424  0.0420  0.0403  0.0332  0.0372  0.0378  0.0409  0.0382  0.0360  0.0359  0.0342
  0.0426  0.0413  0.0412  0.0401  0.0351  0.0365  0.0366  0.0385  0.0369  0.0352  0.0355  0.0341
  0.0412  0.0407  0.0407  0.0400  0.0375  0.0360  0.0360  0.0368  0.0360  0.0350  0.0352  0.0343
  0.0405  0.0405  0.0405  0.0405  0.0401  0.0357  0.0358  0.0358  0.0355  0.0354  0.0350  0.0349
  0.0406  0.0407  0.0406  0.0420  0.0430  0.0356  0.0361  0.0355  0.0354  0.0364  0.0349  0.0356
  0.0416  0.0413  0.0410  0.0446  0.0461  0.0365  0.0369  0.0361  0.0358  0.0380  0.0350  0.0363
  0.0434  0.0422  0.0418  0.0477  0.0494  0.0385  0.0381  0.0379  0.0366  0.0402  0.0352  0.0372
niter,ni,del,rscale     7    3    5.0000    1.2000
parameter  5  1.457765 ->  0.500000 qaram    1.3225
parameters
   -1.4252  -10.8303   12.8156   -5.6574  -11.9843   -3.5058
    1.1855    5.5690   -1.0165   22.7468   -2.3260  -31.4949
eta,q 0.96963  9.65065
  0.0371  0.0365  0.0357  0.0356  0.0294  0.0326  0.0331  0.0341  0.0328  0.0344  0.0311  0.0311
  0.0354  0.0352  0.0349  0.0348  0.0303  0.0317  0.0318  0.0323  0.0316  0.0327  0.0308  0.0305
  0.0345  0.0344  0.0344  0.0343  0.0319  0.0310  0.0309  0.0311  0.0309  0.0313  0.0306  0.0304
  0.0341  0.0341  0.0341  0.0341  0.0342  0.0307  0.0306  0.0306  0.0307  0.0307  0.0306  0.0306
  0.0345  0.0344  0.0343  0.0343  0.0372  0.0307  0.0310  0.0310  0.0310  0.0307  0.0307  0.0311
  0.0354  0.0352  0.0348  0.0355  0.0406  0.0312  0.0318  0.0325  0.0317  0.0314  0.0310  0.0320
  0.0371  0.0363  0.0356  0.0380  0.0441  0.0326  0.0331  0.0348  0.0328  0.0327  0.0315  0.0330
niter,ni,del,rscale     7    3    5.0000    1.2000
parameter  5  0.652924 ->  0.500000 qaram    1.5209
parameters
   -1.4622  -10.6952   12.5849   -4.8885  -17.4594   -3.0043
    1.0665    5.4343   -1.2644   24.3165   -3.0703  -32.8837
eta,q 0.97161  9.47031
  0.0333  0.0333  0.0315  0.0327  0.0291  0.0308  0.0308  0.0322  0.0306  0.0326  0.0291  0.0294
  0.0316  0.0317  0.0308  0.0316  0.0287  0.0298  0.0296  0.0303  0.0294  0.0308  0.0287  0.0288
  0.0307  0.0307  0.0304  0.0308  0.0290  0.0291  0.0288  0.0291  0.0288  0.0294  0.0285  0.0284
  0.0304  0.0304  0.0304  0.0304  0.0303  0.0287  0.0286  0.0286  0.0286  0.0286  0.0284  0.0284
  0.0307  0.0306  0.0306  0.0302  0.0326  0.0285  0.0289  0.0290  0.0289  0.0285  0.0286  0.0288
  0.0318  0.0314  0.0312  0.0306  0.0358  0.0291  0.0297  0.0304  0.0297  0.0290  0.0289  0.0295
  0.0335  0.0327  0.0321  0.0323  0.0397  0.0306  0.0309  0.0327  0.0308  0.0303  0.0294  0.0304
niter,ni,del,rscale     7    3    5.0000    1.2000
parameters
   -1.4505  -10.4519   12.6748   -4.5950  -19.3277   -2.8990
    1.0476    5.4280   -1.1429   24.8950   -3.2430  -33.3729
eta,q 0.97174  9.40364
  0.0314  0.0316  0.0300  0.0304  0.0313  0.0305  0.0305  0.0321  0.0304  0.0315  0.0290  0.0295
  0.0297  0.0299  0.0291  0.0294  0.0297  0.0296  0.0293  0.0301  0.0293  0.0299  0.0286  0.0288
  0.0287  0.0288  0.0286  0.0287  0.0285  0.0288  0.0285  0.0288  0.0285  0.0288  0.0283  0.0284
  0.0284  0.0284  0.0284  0.0284  0.0283  0.0283  0.0283  0.0283  0.0283  0.0283  0.0283  0.0283
  0.0287  0.0286  0.0285  0.0282  0.0293  0.0282  0.0286  0.0286  0.0285  0.0284  0.0284  0.0285
  0.0297  0.0293  0.0290  0.0287  0.0315  0.0290  0.0294  0.0300  0.0292  0.0292  0.0287  0.0290
  0.0313  0.0304  0.0297  0.0306  0.0350  0.0309  0.0305  0.0322  0.0303  0.0307  0.0291  0.0298
niter,ni,del,rscale     6    3    5.0000    1.2000
parameters
   -1.4505  -10.3275   12.7118   -4.6461  -19.6382   -2.8921
    1.0398    5.4122   -1.0783   25.0840   -3.2946  -33.5008
eta,q 0.97172  9.38997
  0.0312  0.0311  0.0298  0.0302  0.0323  0.0305  0.0305  0.0321  0.0304  0.0312  0.0291  0.0296
  0.0295  0.0295  0.0290  0.0292  0.0303  0.0295  0.0293  0.0301  0.0293  0.0297  0.0286  0.0289
  0.0286  0.0286  0.0284  0.0286  0.0289  0.0288  0.0285  0.0288  0.0285  0.0287  0.0284  0.0284
  0.0283  0.0283  0.0283  0.0283  0.0283  0.0283  0.0283  0.0283  0.0283  0.0283  0.0283  0.0283
  0.0286  0.0285  0.0284  0.0281  0.0287  0.0282  0.0286  0.0286  0.0285  0.0285  0.0284  0.0284
  0.0295  0.0293  0.0289  0.0287  0.0302  0.0290  0.0293  0.0300  0.0292  0.0294  0.0286  0.0289
  0.0312  0.0305  0.0297  0.0307  0.0332  0.0310  0.0305  0.0322  0.0303  0.0310  0.0291  0.0297
niter,ni,del,rscale     5    3    5.0000    1.2000
parameters
   -1.4548  -10.2928   12.7070   -4.6516  -19.7063   -2.9032
    1.0349    5.3998   -1.0487   25.1392   -3.2929  -33.5450
eta,q 0.97171  9.38722
  0.0312  0.0309  0.0297  0.0302  0.0324  0.0305  0.0305  0.0321  0.0304  0.0311  0.0291  0.0296
  0.0295  0.0294  0.0289  0.0292  0.0305  0.0296  0.0293  0.0301  0.0292  0.0297  0.0287  0.0289
  0.0286  0.0285  0.0285  0.0286  0.0290  0.0288  0.0285  0.0288  0.0285  0.0287  0.0284  0.0285
  0.0283  0.0283  0.0283  0.0283  0.0283  0.0283  0.0283  0.0283  0.0283  0.0283  0.0283  0.0283
  0.0286  0.0286  0.0285  0.0281  0.0286  0.0282  0.0286  0.0286  0.0286  0.0286  0.0284  0.0284
  0.0296  0.0294  0.0289  0.0287  0.0301  0.0291  0.0294  0.0300  0.0293  0.0295  0.0286  0.0289
  0.0312  0.0307  0.0297  0.0307  0.0330  0.0310  0.0305  0.0322  0.0303  0.0312  0.0291  0.0297
niter,ni,del,rscale     4    3    5.0000    1.2000
parameters
   -1.4572  -10.2828   12.7021   -4.6489  -19.7218   -2.9103
    1.0327    5.3956   -1.0494   25.1508   -3.2921  -33.5590
eta,q 0.97170  9.38666
  0.0312  0.0309  0.0297  0.0302  0.0325  0.0305  0.0305  0.0321  0.0304  0.0311  0.0291  0.0297
  0.0296  0.0294  0.0289  0.0292  0.0305  0.0296  0.0293  0.0301  0.0292  0.0296  0.0287  0.0289
  0.0286  0.0285  0.0285  0.0286  0.0290  0.0288  0.0285  0.0288  0.0285  0.0287  0.0284  0.0285
  0.0283  0.0283  0.0283  0.0283  0.0283  0.0283  0.0283  0.0283  0.0283  0.0283  0.0283  0.0283
  0.0286  0.0286  0.0285  0.0281  0.0286  0.0282  0.0286  0.0286  0.0286  0.0286  0.0284  0.0284
  0.0296  0.0295  0.0290  0.0287  0.0301  0.0291  0.0294  0.0300  0.0293  0.0295  0.0287  0.0289
  0.0312  0.0307  0.0297  0.0307  0.0329  0.0310  0.0305  0.0322  0.0303  0.0312  0.0291  0.0297
registration optimization eta report
parameter search radius
    2.4000    2.4000    2.4000    8.2800   10.9503    7.2000
    7.2000    7.2000    7.2000    7.2000    7.2000    8.2800
100000*second partial in parameter space
       50.       43.       25.        3.        4.        5.
        4.        7.        4.        5.        2.        2.
  0.0312  0.0309  0.0297  0.0302  0.0325  0.0305  0.0305  0.0321  0.0304  0.0311  0.0291  0.0297
  0.0296  0.0294  0.0289  0.0292  0.0305  0.0296  0.0293  0.0301  0.0292  0.0296  0.0287  0.0289
  0.0286  0.0285  0.0285  0.0286  0.0290  0.0288  0.0285  0.0288  0.0285  0.0287  0.0284  0.0285
  0.0283  0.0283  0.0283  0.0283  0.0283  0.0283  0.0283  0.0283  0.0283  0.0283  0.0283  0.0283
  0.0286  0.0286  0.0285  0.0281  0.0286  0.0282  0.0286  0.0286  0.0286  0.0286  0.0284  0.0284
  0.0296  0.0295  0.0290  0.0287  0.0301  0.0291  0.0294  0.0300  0.0293  0.0295  0.0287  0.0289
  0.0312  0.0307  0.0297  0.0307  0.0329  0.0310  0.0305  0.0322  0.0303  0.0312  0.0291  0.0297
   -1.4572  -10.2828   12.7021   -4.6489  -19.7218   -2.9103
    1.0327    5.3956   -1.0494   25.1508   -3.2921  -33.5590
eta,q 0.97170  9.38666

---------------------------------------------------------------------
imgreg_4dfp /opt/freesurfer/average/711-2C_as_mni_average_305 /opt/freesurfer/average/711-2B_as_mni_average_305_mask talsrcimg_g11 none talsrcimg_to_711-2C_as_mni_average_305_t4 2311
---------------------------------------------------------------------

freesurfer imgreg_4dfp.c
/opt/freesurfer/average/711-2C_as_mni_average_305.4dfp.img
       256       256       256         1
  1.000000  1.000000  1.000000
orientation T byte_order littleendian
Reading image: /opt/freesurfer/average/711-2C_as_mni_average_305.4dfp.img
dimensions:      256       256       256
mmppix:       1.0000   -1.0000   -1.0000
center:     128.0000 -129.0000 -129.0000
/opt/freesurfer/average/711-2B_as_mni_average_305_mask.4dfp.img
       256       256       256         1
  1.000000  1.000000  1.000000
orientation T byte_order littleendian
Reading mask: /opt/freesurfer/average/711-2B_as_mni_average_305_mask.4dfp.img (2306576 pixels)
talsrcimg_g11.4dfp.img
       256       256       256         1
  1.000000  1.000000  1.000000
orientation T byte_order littleendian
Reading image: talsrcimg_g11.4dfp.img
dimensions:      256       256       256
mmppix:       1.0000   -1.0000   -1.0000
center:     128.0000 -129.0000 -129.0000
fimgreg.f
image alignment mode   2311 decimal      907 hex
parameters
   -1.4572  -10.2828   12.7021   -4.6489  -19.7218   -2.9103
    1.0327    5.3956   -1.0494   25.1508   -3.2921  -33.5590
eta,q 0.97170  9.38666
niter,ni,del,rscale     5    3    5.0000    0.8000
parameters
   -1.4570  -10.3383   12.6976   -2.9285  -18.9357   -2.4062
    0.9712    5.2693   -1.0922   24.9666   -3.7036  -33.4270
eta,q 0.97195  9.51183
  0.0296  0.0294  0.0289  0.0290  0.0293  0.0295  0.0291  0.0300  0.0290  0.0293  0.0285  0.0286
  0.0289  0.0287  0.0286  0.0287  0.0288  0.0289  0.0285  0.0289  0.0285  0.0286  0.0282  0.0283
  0.0284  0.0284  0.0284  0.0285  0.0284  0.0284  0.0282  0.0283  0.0282  0.0282  0.0281  0.0281
  0.0283  0.0283  0.0283  0.0283  0.0282  0.0281  0.0281  0.0281  0.0281  0.0281  0.0281  0.0281
  0.0284  0.0285  0.0284  0.0282  0.0281  0.0280  0.0282  0.0283  0.0282  0.0282  0.0281  0.0281
  0.0288  0.0289  0.0286  0.0281  0.0283  0.0284  0.0286  0.0291  0.0285  0.0287  0.0283  0.0283
  0.0296  0.0295  0.0289  0.0285  0.0288  0.0292  0.0292  0.0303  0.0290  0.0295  0.0286  0.0286
niter,ni,del,rscale     4    3    5.0000    0.7000
parameters
   -1.3501  -10.3939   12.6915   -3.2368  -18.8314   -2.1106
    0.8736    5.3800   -1.0557   24.9296   -3.8391  -33.3942
eta,q 0.97197  9.51517
  0.0293  0.0289  0.0286  0.0285  0.0288  0.0291  0.0288  0.0297  0.0288  0.0290  0.0284  0.0284
  0.0286  0.0284  0.0283  0.0283  0.0284  0.0287  0.0284  0.0288  0.0284  0.0285  0.0282  0.0282
  0.0282  0.0281  0.0281  0.0282  0.0282  0.0283  0.0281  0.0283  0.0281  0.0282  0.0281  0.0281
  0.0281  0.0280  0.0280  0.0280  0.0281  0.0281  0.0280  0.0280  0.0280  0.0280  0.0280  0.0280
  0.0281  0.0282  0.0281  0.0280  0.0281  0.0280  0.0281  0.0282  0.0281  0.0281  0.0281  0.0281
  0.0284  0.0285  0.0283  0.0283  0.0284  0.0283  0.0284  0.0287  0.0284  0.0285  0.0282  0.0282
  0.0290  0.0290  0.0286  0.0289  0.0288  0.0290  0.0289  0.0296  0.0288  0.0291  0.0284  0.0284
niter,ni,del,rscale     3    3    5.0000    0.6000
parameters
   -1.3301  -10.4251   12.7055   -3.0472  -18.7974   -2.0074
    0.8500    5.3884   -1.0432   24.9041   -3.8873  -33.3128
eta,q 0.97199  9.52617
  0.0288  0.0287  0.0285  0.0284  0.0286  0.0288  0.0286  0.0292  0.0286  0.0288  0.0283  0.0283
  0.0284  0.0283  0.0282  0.0283  0.0283  0.0284  0.0283  0.0286  0.0283  0.0284  0.0281  0.0282
  0.0281  0.0281  0.0281  0.0281  0.0281  0.0282  0.0281  0.0282  0.0281  0.0281  0.0280  0.0281
  0.0280  0.0280  0.0280  0.0280  0.0280  0.0280  0.0280  0.0280  0.0280  0.0280  0.0280  0.0280
  0.0281  0.0281  0.0281  0.0280  0.0281  0.0280  0.0281  0.0281  0.0281  0.0281  0.0280  0.0280
  0.0283  0.0284  0.0282  0.0281  0.0283  0.0283  0.0283  0.0285  0.0283  0.0284  0.0281  0.0281
  0.0288  0.0287  0.0284  0.0285  0.0286  0.0288  0.0287  0.0292  0.0286  0.0288  0.0283  0.0283
niter,ni,del,rscale     2    3    5.0000    0.5000
parameters
   -1.3117  -10.4353   12.7189   -2.8391  -18.7642   -1.9039
    0.8384    5.3803   -1.0592   24.8712   -3.9248  -33.2272
eta,q 0.97201  9.53740
  0.0286  0.0285  0.0283  0.0283  0.0284  0.0286  0.0284  0.0288  0.0284  0.0285  0.0282  0.0282
  0.0283  0.0282  0.0281  0.0282  0.0282  0.0283  0.0282  0.0284  0.0282  0.0282  0.0281  0.0281
  0.0281  0.0281  0.0280  0.0281  0.0280  0.0281  0.0280  0.0281  0.0280  0.0281  0.0280  0.0280
  0.0280  0.0280  0.0280  0.0280  0.0280  0.0280  0.0280  0.0280  0.0280  0.0280  0.0280  0.0280
  0.0281  0.0281  0.0280  0.0280  0.0280  0.0280  0.0280  0.0281  0.0280  0.0281  0.0280  0.0280
  0.0282  0.0282  0.0281  0.0281  0.0282  0.0282  0.0282  0.0284  0.0282  0.0282  0.0281  0.0281
  0.0285  0.0285  0.0283  0.0283  0.0284  0.0286  0.0284  0.0289  0.0284  0.0286  0.0282  0.0282
niter,ni,del,rscale     1    3    5.0000    0.4000
parameters
   -1.2985  -10.4504   12.7308   -2.6614  -18.7407   -1.8058
    0.8365    5.3770   -1.0734   24.8598   -3.9713  -33.1294
eta,q 0.97202  9.54698
  0.0284  0.0283  0.0282  0.0282  0.0282  0.0284  0.0283  0.0285  0.0282  0.0283  0.0281  0.0281
  0.0282  0.0281  0.0281  0.0281  0.0281  0.0282  0.0281  0.0282  0.0281  0.0281  0.0280  0.0281
  0.0280  0.0280  0.0280  0.0280  0.0280  0.0281  0.0280  0.0280  0.0280  0.0280  0.0280  0.0280
  0.0280  0.0280  0.0280  0.0280  0.0280  0.0280  0.0280  0.0280  0.0280  0.0280  0.0280  0.0280
  0.0280  0.0280  0.0280  0.0280  0.0280  0.0280  0.0280  0.0280  0.0280  0.0280  0.0280  0.0280
  0.0281  0.0281  0.0281  0.0280  0.0281  0.0281  0.0281  0.0282  0.0281  0.0281  0.0280  0.0280
  0.0283  0.0283  0.0282  0.0282  0.0282  0.0283  0.0283  0.0285  0.0282  0.0283  0.0281  0.0281
registration optimization eta report
parameter search radius
    0.8000    0.8000    0.8000    2.4000    2.4000    2.4000
    2.4000    2.4000    2.4000    2.4000    2.4000    2.4000
100000*second partial in parameter space
       55.       46.       31.        4.        4.        6.
        5.       10.        4.        6.        2.        2.
  0.0284  0.0283  0.0282  0.0282  0.0282  0.0284  0.0283  0.0285  0.0282  0.0283  0.0281  0.0281
  0.0282  0.0281  0.0281  0.0281  0.0281  0.0282  0.0281  0.0282  0.0281  0.0281  0.0280  0.0281
  0.0280  0.0280  0.0280  0.0280  0.0280  0.0281  0.0280  0.0280  0.0280  0.0280  0.0280  0.0280
  0.0280  0.0280  0.0280  0.0280  0.0280  0.0280  0.0280  0.0280  0.0280  0.0280  0.0280  0.0280
  0.0280  0.0280  0.0280  0.0280  0.0280  0.0280  0.0280  0.0280  0.0280  0.0280  0.0280  0.0280
  0.0281  0.0281  0.0281  0.0280  0.0281  0.0281  0.0281  0.0282  0.0281  0.0281  0.0280  0.0280
  0.0283  0.0283  0.0282  0.0282  0.0282  0.0283  0.0283  0.0285  0.0282  0.0283  0.0281  0.0281
   -1.2985  -10.4504   12.7308   -2.6614  -18.7407   -1.8058
    0.8365    5.3770   -1.0734   24.8598   -3.9713  -33.1294
eta,q 0.97202  9.54698

---------------------------------------------------------------------
imgreg_4dfp /opt/freesurfer/average/711-2C_as_mni_average_305 /opt/freesurfer/average/711-2B_as_mni_average_305_mask talsrcimg_g11 none talsrcimg_to_711-2C_as_mni_average_305_t4 2311
---------------------------------------------------------------------

freesurfer imgreg_4dfp.c
/opt/freesurfer/average/711-2C_as_mni_average_305.4dfp.img
       256       256       256         1
  1.000000  1.000000  1.000000
orientation T byte_order littleendian
Reading image: /opt/freesurfer/average/711-2C_as_mni_average_305.4dfp.img
dimensions:      256       256       256
mmppix:       1.0000   -1.0000   -1.0000
center:     128.0000 -129.0000 -129.0000
/opt/freesurfer/average/711-2B_as_mni_average_305_mask.4dfp.img
       256       256       256         1
  1.000000  1.000000  1.000000
orientation T byte_order littleendian
Reading mask: /opt/freesurfer/average/711-2B_as_mni_average_305_mask.4dfp.img (2306576 pixels)
talsrcimg_g11.4dfp.img
       256       256       256         1
  1.000000  1.000000  1.000000
orientation T byte_order littleendian
Reading image: talsrcimg_g11.4dfp.img
dimensions:      256       256       256
mmppix:       1.0000   -1.0000   -1.0000
center:     128.0000 -129.0000 -129.0000
fimgreg.f
image alignment mode   2311 decimal      907 hex
parameters
   -1.2985  -10.4504   12.7308   -2.6614  -18.7407   -1.8058
    0.8365    5.3770   -1.0734   24.8598   -3.9713  -33.1294
eta,q 0.97202  9.54698
niter,ni,del,rscale     5    3    5.0000    0.8000
parameters
   -1.3067  -10.4226   12.7710   -3.4967  -18.8539   -2.1612
    0.8747    5.4676   -1.0162   24.8601   -3.7853  -33.3461
eta,q 0.97194  9.50003
  0.0294  0.0292  0.0288  0.0285  0.0289  0.0291  0.0292  0.0301  0.0291  0.0294  0.0286  0.0285
  0.0286  0.0285  0.0283  0.0283  0.0285  0.0286  0.0286  0.0290  0.0285  0.0287  0.0283  0.0283
  0.0281  0.0281  0.0281  0.0281  0.0281  0.0282  0.0282  0.0283  0.0282  0.0282  0.0281  0.0281
  0.0280  0.0280  0.0280  0.0280  0.0280  0.0280  0.0281  0.0281  0.0281  0.0281  0.0281  0.0281
  0.0281  0.0281  0.0281  0.0281  0.0281  0.0281  0.0282  0.0282  0.0282  0.0282  0.0281  0.0281
  0.0286  0.0285  0.0283  0.0285  0.0285  0.0287  0.0285  0.0289  0.0285  0.0287  0.0282  0.0283
  0.0295  0.0291  0.0287  0.0295  0.0291  0.0298  0.0291  0.0300  0.0290  0.0294  0.0285  0.0286
niter,ni,del,rscale     4    3    5.0000    0.7000
parameters
   -1.3393  -10.4205   12.7225   -3.2643  -18.8074   -2.1163
    0.8943    5.4058   -1.0539   24.8944   -3.8239  -33.3556
eta,q 0.97196  9.51407
  0.0290  0.0290  0.0286  0.0286  0.0288  0.0290  0.0289  0.0296  0.0288  0.0291  0.0284  0.0284
  0.0285  0.0284  0.0283  0.0284  0.0284  0.0286  0.0284  0.0287  0.0284  0.0285  0.0282  0.0282
  0.0282  0.0282  0.0281  0.0282  0.0281  0.0282  0.0281  0.0282  0.0281  0.0282  0.0281  0.0281
  0.0281  0.0281  0.0281  0.0281  0.0280  0.0280  0.0280  0.0280  0.0280  0.0280  0.0280  0.0280
  0.0282  0.0282  0.0281  0.0280  0.0281  0.0281  0.0281  0.0282  0.0281  0.0281  0.0281  0.0281
  0.0285  0.0285  0.0283  0.0281  0.0284  0.0284  0.0284  0.0288  0.0284  0.0285  0.0282  0.0282
  0.0292  0.0289  0.0287  0.0286  0.0288  0.0291  0.0289  0.0297  0.0288  0.0291  0.0284  0.0284
niter,ni,del,rscale     3    3    5.0000    0.6000
parameters
   -1.3300  -10.4289   12.7148   -3.0397  -18.7825   -2.0051
    0.8637    5.3886   -1.0516   24.8819   -3.8941  -33.2856
eta,q 0.97199  9.52659
  0.0288  0.0287  0.0285  0.0284  0.0286  0.0288  0.0286  0.0292  0.0286  0.0288  0.0283  0.0283
  0.0284  0.0283  0.0282  0.0283  0.0283  0.0284  0.0283  0.0285  0.0283  0.0284  0.0281  0.0282
  0.0281  0.0281  0.0281  0.0281  0.0281  0.0282  0.0281  0.0281  0.0281  0.0281  0.0280  0.0281
  0.0280  0.0280  0.0280  0.0280  0.0280  0.0280  0.0280  0.0280  0.0280  0.0280  0.0280  0.0280
  0.0281  0.0281  0.0281  0.0280  0.0281  0.0280  0.0281  0.0281  0.0281  0.0281  0.0280  0.0280
  0.0284  0.0283  0.0282  0.0281  0.0283  0.0283  0.0283  0.0285  0.0283  0.0284  0.0281  0.0281
  0.0288  0.0287  0.0285  0.0285  0.0286  0.0288  0.0287  0.0292  0.0286  0.0288  0.0283  0.0283
niter,ni,del,rscale     2    3    5.0000    0.5000
parameters
   -1.3144  -10.4402   12.7245   -2.8371  -18.7540   -1.9000
    0.8409    5.3806   -1.0580   24.8728   -3.9353  -33.2236
eta,q 0.97201  9.53815
  0.0286  0.0285  0.0283  0.0283  0.0284  0.0286  0.0284  0.0288  0.0284  0.0285  0.0282  0.0282
  0.0283  0.0282  0.0281  0.0282  0.0282  0.0283  0.0282  0.0284  0.0282  0.0282  0.0281  0.0281
  0.0281  0.0281  0.0280  0.0281  0.0280  0.0281  0.0280  0.0281  0.0280  0.0281  0.0280  0.0280
  0.0280  0.0280  0.0280  0.0280  0.0280  0.0280  0.0280  0.0280  0.0280  0.0280  0.0280  0.0280
  0.0281  0.0281  0.0280  0.0280  0.0280  0.0280  0.0280  0.0281  0.0280  0.0280  0.0280  0.0280
  0.0282  0.0282  0.0281  0.0281  0.0282  0.0282  0.0282  0.0284  0.0282  0.0282  0.0281  0.0281
  0.0285  0.0285  0.0283  0.0283  0.0284  0.0285  0.0284  0.0289  0.0284  0.0285  0.0282  0.0282
niter,ni,del,rscale     1    3    5.0000    0.4000
parameters
   -1.2992  -10.4531   12.7349   -2.6634  -18.7526   -1.8071
    0.8342    5.3818   -1.0624   24.8563   -3.9579  -33.1414
eta,q 0.97202  9.54622
  0.0284  0.0283  0.0282  0.0282  0.0282  0.0284  0.0283  0.0285  0.0282  0.0283  0.0281  0.0281
  0.0282  0.0281  0.0281  0.0281  0.0281  0.0282  0.0281  0.0282  0.0281  0.0281  0.0280  0.0280
  0.0280  0.0280  0.0280  0.0280  0.0280  0.0281  0.0280  0.0280  0.0280  0.0280  0.0280  0.0280
  0.0280  0.0280  0.0280  0.0280  0.0280  0.0280  0.0280  0.0280  0.0280  0.0280  0.0280  0.0280
  0.0280  0.0280  0.0280  0.0280  0.0280  0.0280  0.0280  0.0280  0.0280  0.0280  0.0280  0.0280
  0.0281  0.0281  0.0281  0.0280  0.0281  0.0281  0.0281  0.0282  0.0281  0.0281  0.0280  0.0280
  0.0283  0.0283  0.0282  0.0282  0.0282  0.0283  0.0283  0.0285  0.0282  0.0283  0.0281  0.0281
registration optimization eta report
parameter search radius
    0.8000    0.8000    0.8000    2.4000    2.4000    2.4000
    2.4000    2.4000    2.4000    2.4000    2.4000    2.4000
100000*second partial in parameter space
       56.       47.       31.        4.        4.        6.
        5.       10.        4.        6.        2.        2.
  0.0284  0.0283  0.0282  0.0282  0.0282  0.0284  0.0283  0.0285  0.0282  0.0283  0.0281  0.0281
  0.0282  0.0281  0.0281  0.0281  0.0281  0.0282  0.0281  0.0282  0.0281  0.0281  0.0280  0.0280
  0.0280  0.0280  0.0280  0.0280  0.0280  0.0281  0.0280  0.0280  0.0280  0.0280  0.0280  0.0280
  0.0280  0.0280  0.0280  0.0280  0.0280  0.0280  0.0280  0.0280  0.0280  0.0280  0.0280  0.0280
  0.0280  0.0280  0.0280  0.0280  0.0280  0.0280  0.0280  0.0280  0.0280  0.0280  0.0280  0.0280
  0.0281  0.0281  0.0281  0.0280  0.0281  0.0281  0.0281  0.0282  0.0281  0.0281  0.0280  0.0280
  0.0283  0.0283  0.0282  0.0282  0.0282  0.0283  0.0283  0.0285  0.0282  0.0283  0.0281  0.0281
   -1.2992  -10.4531   12.7349   -2.6634  -18.7526   -1.8071
    0.8342    5.3818   -1.0624   24.8563   -3.9579  -33.1414
eta,q 0.97202  9.54622

---------------------------------------------------------------------
compute_vox2vox talsrcimg talsrcimg_to_711-2C_as_mni_average_305_t4 /opt/freesurfer/average/711-2C_as_mni_average_305
---------------------------------------------------------------------

freesurfer compute_vox2vox.c
Reading: talsrcimg.4dfp.ifh
Reading: talsrcimg_to_711-2C_as_mni_average_305_t4
Reading: /opt/freesurfer/average/711-2C_as_mni_average_305.4dfp.ifh
Writing: talsrcimg_to_711-2C_as_mni_average_305_t4_vox2vox.txt

start time Fri Mar 6 15:53:22 CET 2026
end		time Fri Mar 6 15:53:35 CET 2026

mpr2mni305 success

avi2talxfm orig_nu.mgz /opt/freesurfer/average/mni305.cor.mgz talsrcimg_to_711-2C_as_mni_average_305_t4_vox2vox.txt transforms/talairach.auto.xfm
avi2talxfm done
mv -f /out/sourcedata/freesurfer/sub-v1s10x0051127_ses-1/mri/talsrcimg_to_711-2C_as_mni_average_305_t4_vox2vox.txt /out/sourcedata/freesurfer/sub-v1s10x0051127_ses-1/mri/transforms/talsrcimg_to_711-2C_as_mni_average_305_t4_vox2vox.txt
lta_convert --src orig_nu.mgz --trg /opt/freesurfer/average/mni305.cor.mgz --inxfm transforms/talairach.auto.xfm --outlta transforms/talairach.auto.xfm.lta --subject fsaverage
7.3.2

--src: orig_nu.mgz src image (geometry).
--trg: /opt/freesurfer/average/mni305.cor.mgz trg image (geometry).
--inmni: transforms/talairach.auto.xfm input MNI/XFM transform.
--outlta: transforms/talairach.auto.xfm.lta output LTA.
--s: fsaverage subject name
 LTA read, type : 1
 1.02506  -0.04851  -0.03031   7.26017;
 0.04155   0.92112   0.37531  -2.20238;
 0.00069  -0.28244   1.11559   16.54645;
 0.00000   0.00000   0.00000   1.00000;
setting subject to fsaverage
Writing  LTA to file transforms/talairach.auto.xfm.lta...
lta_convert successful.
 
 
Started at Fri Mar 6 15:53:21 CET 2026
Ended   at Fri Mar  6 15:53:36 CET 2026
talairach_avi done
