status file for recon-all
Fri Mar  6 06:29:26 CET 2026
#@# MotionCor Fri Mar  6 06:29:27 CET 2026
#@# Talairach Fri Mar  6 06:29:37 CET 2026
#@# Talairach Failure Detection Fri Mar  6 06:34:04 CET 2026
#@# Nu Intensity Correction Fri Mar  6 06:34:04 CET 2026
#@# Intensity Normalization Fri Mar  6 06:37:21 CET 2026
recon-all -s sub-v1s10x0051002_ses-1 finished without error at Fri Mar  6 06:38:44 CET 2026



#New# invocation of recon-all 



status file for recon-all
Fri Mar  6 06:45:50 CET 2026
#@# EM Registration Fri Mar  6 06:45:50 CET 2026
recon-all -s sub-v1s10x0051002_ses-1 finished without error at Fri Mar  6 06:47:56 CET 2026



#New# invocation of recon-all 



status file for recon-all
Fri Mar  6 06:47:58 CET 2026
#@# CA Normalize Fri Mar  6 06:47:58 CET 2026
#@# CA Reg Fri Mar  6 06:49:22 CET 2026
#@# SubCort Seg Fri Mar  6 07:32:52 CET 2026
#@# CC Seg Fri Mar  6 08:01:30 CET 2026
#@# Merge ASeg Fri Mar  6 08:03:40 CET 2026
#@# Intensity Normalization2 Fri Mar  6 08:03:40 CET 2026
#@# Mask BFS Fri Mar  6 08:05:54 CET 2026
#@# WM Segmentation Fri Mar  6 08:05:54 CET 2026
#@# Fill Fri Mar  6 08:07:58 CET 2026
recon-all -s sub-v1s10x0051002_ses-1 finished without error at Fri Mar  6 08:08:59 CET 2026



#New# invocation of recon-all 



status file for recon-all
Fri Mar  6 08:56:07 CET 2026
#@# white curv lh Fri Mar  6 08:56:07 CET 2026
#@# white area lh Fri Mar  6 08:56:07 CET 2026
#@# pial curv lh Fri Mar  6 08:56:07 CET 2026
#@# pial area lh Fri Mar  6 08:56:07 CET 2026
#@# thickness lh Fri Mar  6 08:56:07 CET 2026
#@# area and vertex vol lh Fri Mar  6 08:56:07 CET 2026
#@# white curv rh Fri Mar  6 08:56:07 CET 2026
#@# white area rh Fri Mar  6 08:56:07 CET 2026
#@# pial curv rh Fri Mar  6 08:56:07 CET 2026
#@# pial area rh Fri Mar  6 08:56:07 CET 2026
#@# thickness rh Fri Mar  6 08:56:07 CET 2026
#@# area and vertex vol rh Fri Mar  6 08:56:07 CET 2026
#@# Cortical ribbon mask Fri Mar  6 08:56:07 CET 2026
recon-all -s sub-v1s10x0051002_ses-1 finished without error at Fri Mar  6 09:02:12 CET 2026



#New# invocation of recon-all 



status file for recon-all
Fri Mar  6 09:08:45 CET 2026
#@# white curv lh Fri Mar  6 09:08:45 CET 2026
#@# white area lh Fri Mar  6 09:08:45 CET 2026
#@# pial curv lh Fri Mar  6 09:08:45 CET 2026
#@# pial area lh Fri Mar  6 09:08:45 CET 2026
#@# thickness lh Fri Mar  6 09:08:45 CET 2026
#@# area and vertex vol lh Fri Mar  6 09:08:45 CET 2026
#@# white curv rh Fri Mar  6 09:08:45 CET 2026
#@# white area rh Fri Mar  6 09:08:45 CET 2026
#@# pial curv rh Fri Mar  6 09:08:45 CET 2026
#@# pial area rh Fri Mar  6 09:08:45 CET 2026
#@# thickness rh Fri Mar  6 09:08:45 CET 2026
#@# area and vertex vol rh Fri Mar  6 09:08:45 CET 2026
#@# Curvature Stats lh Fri Mar  6 09:08:45 CET 2026
#@# Curvature Stats rh Fri Mar  6 09:08:47 CET 2026
#@# Relabel Hypointensities Fri Mar  6 09:08:50 CET 2026
#@# APas-to-ASeg Fri Mar  6 09:09:06 CET 2026
#@# AParc-to-ASeg aparc Fri Mar  6 09:09:14 CET 2026
#@# AParc-to-ASeg aparc.a2009s Fri Mar  6 09:09:58 CET 2026
#@# AParc-to-ASeg aparc.DKTatlas Fri Mar  6 09:10:42 CET 2026
#@# WMParc Fri Mar  6 09:11:25 CET 2026
#@# ASeg Stats Fri Mar  6 09:14:57 CET 2026
recon-all -s sub-v1s10x0051002_ses-1 finished without error at Fri Mar  6 09:15:34 CET 2026
