status file for recon-all
Thu Feb 26 11:27:33 CET 2026
#@# Tessellate lh Thu Feb 26 11:27:33 CET 2026
#@# Smooth1 lh Thu Feb 26 11:27:39 CET 2026
#@# Inflation1 lh Thu Feb 26 11:27:42 CET 2026
#@# QSphere lh Thu Feb 26 11:27:58 CET 2026
#@# Fix Topology lh Thu Feb 26 11:29:46 CET 2026
#@# Smooth2 lh Thu Feb 26 11:39:14 CET 2026
#@# Inflation2 lh Thu Feb 26 11:39:18 CET 2026
#@# Curv .H and .K lh Thu Feb 26 11:39:35 CET 2026
#@# Sphere lh Thu Feb 26 11:40:23 CET 2026
#@# Surf Reg lh Thu Feb 26 11:50:14 CET 2026
#@# Jacobian white lh Thu Feb 26 11:58:30 CET 2026
#@# AvgCurv lh Thu Feb 26 11:58:31 CET 2026
#@# Cortical Parc lh Thu Feb 26 11:58:32 CET 2026
#@# white curv lh Thu Feb 26 12:05:25 CET 2026
#@# white area lh Thu Feb 26 12:05:27 CET 2026
#@# pial curv lh Thu Feb 26 12:05:27 CET 2026
#@# pial area lh Thu Feb 26 12:05:29 CET 2026
#@# thickness lh Thu Feb 26 12:05:30 CET 2026
#@# area and vertex vol lh Thu Feb 26 12:06:05 CET 2026
#@# Curvature Stats lh Thu Feb 26 12:06:07 CET 2026
#@# Cortical Parc 2 lh Thu Feb 26 12:06:10 CET 2026
#@# Cortical Parc 3 lh Thu Feb 26 12:06:25 CET 2026
#@# WM/GM Contrast lh Thu Feb 26 12:06:37 CET 2026
recon-all -s sub-v1s10x0050986_ses-1 finished without error at Thu Feb 26 12:06:40 CET 2026



#New# invocation of recon-all 



status file for recon-all
Thu Feb 26 12:40:05 CET 2026
#@# white curv lh Thu Feb 26 12:40:05 CET 2026
#@# white area lh Thu Feb 26 12:40:05 CET 2026
#@# pial curv lh Thu Feb 26 12:40:05 CET 2026
#@# pial area lh Thu Feb 26 12:40:05 CET 2026
#@# thickness lh Thu Feb 26 12:40:05 CET 2026
#@# area and vertex vol lh Thu Feb 26 12:40:05 CET 2026
#@# Parcellation Stats lh Thu Feb 26 12:40:05 CET 2026
#@# Parcellation Stats 2 lh Thu Feb 26 12:40:30 CET 2026
#@# Parcellation Stats 3 lh Thu Feb 26 12:40:43 CET 2026
#@# BA_exvivo Labels lh Thu Feb 26 12:40:55 CET 2026
recon-all -s sub-v1s10x0050986_ses-1 finished without error at Thu Feb 26 12:44:34 CET 2026
