status file for recon-all
Sat Mar  7 10:48:29 CET 2026
#@# Tessellate rh Sat Mar  7 10:48:29 CET 2026
#@# Smooth1 rh Sat Mar  7 10:48:32 CET 2026
#@# Inflation1 rh Sat Mar  7 10:48:35 CET 2026
#@# QSphere rh Sat Mar  7 10:48:45 CET 2026
#@# Fix Topology rh Sat Mar  7 10:49:38 CET 2026
#@# Smooth2 rh Sat Mar  7 10:55:55 CET 2026
#@# Inflation2 rh Sat Mar  7 10:55:58 CET 2026
#@# Curv .H and .K rh Sat Mar  7 10:56:08 CET 2026
#@# Sphere rh Sat Mar  7 10:56:44 CET 2026
#@# Surf Reg rh Sat Mar  7 11:00:00 CET 2026
#@# Jacobian white rh Sat Mar  7 11:03:14 CET 2026
#@# AvgCurv rh Sat Mar  7 11:03:15 CET 2026
#@# Cortical Parc rh Sat Mar  7 11:03:15 CET 2026
#@# white curv rh Sat Mar  7 11:08:26 CET 2026
#@# white area rh Sat Mar  7 11:08:28 CET 2026
#@# pial curv rh Sat Mar  7 11:08:28 CET 2026
#@# pial area rh Sat Mar  7 11:08:30 CET 2026
#@# thickness rh Sat Mar  7 11:08:30 CET 2026
#@# area and vertex vol rh Sat Mar  7 11:08:52 CET 2026
#@# Curvature Stats rh Sat Mar  7 11:08:53 CET 2026
#@# Cortical Parc 2 rh Sat Mar  7 11:08:55 CET 2026
#@# Cortical Parc 3 rh Sat Mar  7 11:09:05 CET 2026
#@# WM/GM Contrast rh Sat Mar  7 11:09:13 CET 2026
recon-all -s sub-v1s20x0050300_ses-1 finished without error at Sat Mar  7 11:09:16 CET 2026



#New# invocation of recon-all 



status file for recon-all
Sat Mar  7 11:16:37 CET 2026
#@# white curv rh Sat Mar  7 11:16:37 CET 2026
#@# white area rh Sat Mar  7 11:16:37 CET 2026
#@# pial curv rh Sat Mar  7 11:16:37 CET 2026
#@# pial area rh Sat Mar  7 11:16:37 CET 2026
#@# thickness rh Sat Mar  7 11:16:37 CET 2026
#@# area and vertex vol rh Sat Mar  7 11:16:37 CET 2026
#@# Parcellation Stats rh Sat Mar  7 11:16:37 CET 2026
#@# Parcellation Stats 2 rh Sat Mar  7 11:16:50 CET 2026
#@# Parcellation Stats 3 rh Sat Mar  7 11:16:56 CET 2026
#@# BA_exvivo Labels rh Sat Mar  7 11:17:02 CET 2026
recon-all -s sub-v1s20x0050300_ses-1 finished without error at Sat Mar  7 11:19:05 CET 2026
