status file for recon-all
Wed Feb 25 09:58:33 CET 2026
#@# Tessellate lh Wed Feb 25 09:58:33 CET 2026
#@# Smooth1 lh Wed Feb 25 09:58:39 CET 2026
#@# Inflation1 lh Wed Feb 25 09:58:41 CET 2026
#@# QSphere lh Wed Feb 25 09:58:53 CET 2026
#@# Fix Topology lh Wed Feb 25 10:00:04 CET 2026
#@# Smooth2 lh Wed Feb 25 10:06:24 CET 2026
#@# Inflation2 lh Wed Feb 25 10:06:27 CET 2026
#@# Curv .H and .K lh Wed Feb 25 10:06:38 CET 2026
#@# Sphere lh Wed Feb 25 10:07:15 CET 2026
#@# Surf Reg lh Wed Feb 25 10:11:52 CET 2026
#@# Jacobian white lh Wed Feb 25 10:16:14 CET 2026
#@# AvgCurv lh Wed Feb 25 10:16:14 CET 2026
#@# Cortical Parc lh Wed Feb 25 10:16:15 CET 2026
#@# white curv lh Wed Feb 25 10:22:17 CET 2026
#@# white area lh Wed Feb 25 10:22:18 CET 2026
#@# pial curv lh Wed Feb 25 10:22:19 CET 2026
#@# pial area lh Wed Feb 25 10:22:20 CET 2026
#@# thickness lh Wed Feb 25 10:22:21 CET 2026
#@# area and vertex vol lh Wed Feb 25 10:22:46 CET 2026
#@# Curvature Stats lh Wed Feb 25 10:22:48 CET 2026
#@# Cortical Parc 2 lh Wed Feb 25 10:22:50 CET 2026
#@# Cortical Parc 3 lh Wed Feb 25 10:23:02 CET 2026
#@# WM/GM Contrast lh Wed Feb 25 10:23:11 CET 2026
recon-all -s sub-v1s10x0050955_ses-1 finished without error at Wed Feb 25 10:23:15 CET 2026



#New# invocation of recon-all 



status file for recon-all
Wed Feb 25 10:55:29 CET 2026
#@# white curv lh Wed Feb 25 10:55:30 CET 2026
#@# white area lh Wed Feb 25 10:55:30 CET 2026
#@# pial curv lh Wed Feb 25 10:55:30 CET 2026
#@# pial area lh Wed Feb 25 10:55:30 CET 2026
#@# thickness lh Wed Feb 25 10:55:30 CET 2026
#@# area and vertex vol lh Wed Feb 25 10:55:30 CET 2026
#@# Parcellation Stats lh Wed Feb 25 10:55:30 CET 2026
#@# Parcellation Stats 2 lh Wed Feb 25 10:55:48 CET 2026
#@# Parcellation Stats 3 lh Wed Feb 25 10:55:58 CET 2026
#@# BA_exvivo Labels lh Wed Feb 25 10:56:07 CET 2026
recon-all -s sub-v1s10x0050955_ses-1 finished without error at Wed Feb 25 10:59:02 CET 2026
