status file for recon-all
Fri Mar  6 11:55:27 CET 2026
#@# MotionCor Fri Mar  6 11:55:28 CET 2026
#@# Talairach Fri Mar  6 11:55:38 CET 2026
#@# Talairach Failure Detection Fri Mar  6 12:00:02 CET 2026
#@# Nu Intensity Correction Fri Mar  6 12:00:02 CET 2026
#@# Intensity Normalization Fri Mar  6 12:03:17 CET 2026
recon-all -s sub-v1s10x0051077_ses-1 finished without error at Fri Mar  6 12:04:41 CET 2026



#New# invocation of recon-all 



status file for recon-all
Fri Mar  6 12:11:55 CET 2026
#@# EM Registration Fri Mar  6 12:11:55 CET 2026
recon-all -s sub-v1s10x0051077_ses-1 finished without error at Fri Mar  6 12:14:22 CET 2026



#New# invocation of recon-all 



status file for recon-all
Fri Mar  6 12:14:25 CET 2026
#@# CA Normalize Fri Mar  6 12:14:25 CET 2026
#@# CA Reg Fri Mar  6 12:15:48 CET 2026
#@# SubCort Seg Fri Mar  6 13:04:13 CET 2026
#@# CC Seg Fri Mar  6 13:29:07 CET 2026
#@# Merge ASeg Fri Mar  6 13:29:43 CET 2026
#@# Intensity Normalization2 Fri Mar  6 13:29:43 CET 2026
#@# Mask BFS Fri Mar  6 13:31:50 CET 2026
#@# WM Segmentation Fri Mar  6 13:31:51 CET 2026
#@# Fill Fri Mar  6 13:33:45 CET 2026
recon-all -s sub-v1s10x0051077_ses-1 finished without error at Fri Mar  6 13:34:50 CET 2026



#New# invocation of recon-all 



status file for recon-all
Fri Mar  6 14:17:35 CET 2026
#@# white curv lh Fri Mar  6 14:17:35 CET 2026
#@# white area lh Fri Mar  6 14:17:35 CET 2026
#@# pial curv lh Fri Mar  6 14:17:35 CET 2026
#@# pial area lh Fri Mar  6 14:17:35 CET 2026
#@# thickness lh Fri Mar  6 14:17:35 CET 2026
#@# area and vertex vol lh Fri Mar  6 14:17:35 CET 2026
#@# white curv rh Fri Mar  6 14:17:36 CET 2026
#@# white area rh Fri Mar  6 14:17:36 CET 2026
#@# pial curv rh Fri Mar  6 14:17:36 CET 2026
#@# pial area rh Fri Mar  6 14:17:36 CET 2026
#@# thickness rh Fri Mar  6 14:17:36 CET 2026
#@# area and vertex vol rh Fri Mar  6 14:17:36 CET 2026
#@# Cortical ribbon mask Fri Mar  6 14:17:36 CET 2026
recon-all -s sub-v1s10x0051077_ses-1 finished without error at Fri Mar  6 14:23:49 CET 2026



#New# invocation of recon-all 



status file for recon-all
Fri Mar  6 14:30:09 CET 2026
#@# white curv lh Fri Mar  6 14:30:10 CET 2026
#@# white area lh Fri Mar  6 14:30:10 CET 2026
#@# pial curv lh Fri Mar  6 14:30:10 CET 2026
#@# pial area lh Fri Mar  6 14:30:10 CET 2026
#@# thickness lh Fri Mar  6 14:30:10 CET 2026
#@# area and vertex vol lh Fri Mar  6 14:30:10 CET 2026
#@# white curv rh Fri Mar  6 14:30:10 CET 2026
#@# white area rh Fri Mar  6 14:30:10 CET 2026
#@# pial curv rh Fri Mar  6 14:30:10 CET 2026
#@# pial area rh Fri Mar  6 14:30:10 CET 2026
#@# thickness rh Fri Mar  6 14:30:10 CET 2026
#@# area and vertex vol rh Fri Mar  6 14:30:10 CET 2026
#@# Curvature Stats lh Fri Mar  6 14:30:10 CET 2026
#@# Curvature Stats rh Fri Mar  6 14:30:12 CET 2026
#@# Relabel Hypointensities Fri Mar  6 14:30:14 CET 2026
#@# APas-to-ASeg Fri Mar  6 14:30:29 CET 2026
#@# AParc-to-ASeg aparc Fri Mar  6 14:30:37 CET 2026
#@# AParc-to-ASeg aparc.a2009s Fri Mar  6 14:31:10 CET 2026
#@# AParc-to-ASeg aparc.DKTatlas Fri Mar  6 14:31:42 CET 2026
#@# WMParc Fri Mar  6 14:32:18 CET 2026
#@# ASeg Stats Fri Mar  6 14:36:30 CET 2026
recon-all -s sub-v1s10x0051077_ses-1 finished without error at Fri Mar  6 14:37:08 CET 2026
