status file for recon-all
Sat Mar  7 08:32:47 CET 2026
#@# Tessellate rh Sat Mar  7 08:32:47 CET 2026
#@# Smooth1 rh Sat Mar  7 08:32:49 CET 2026
#@# Inflation1 rh Sat Mar  7 08:32:52 CET 2026
#@# QSphere rh Sat Mar  7 08:33:09 CET 2026
#@# Fix Topology rh Sat Mar  7 08:35:51 CET 2026
#@# Smooth2 rh Sat Mar  7 08:40:37 CET 2026
#@# Inflation2 rh Sat Mar  7 08:40:39 CET 2026
#@# Curv .H and .K rh Sat Mar  7 08:40:55 CET 2026
#@# Sphere rh Sat Mar  7 08:41:38 CET 2026
#@# Surf Reg rh Sat Mar  7 08:44:51 CET 2026
#@# Jacobian white rh Sat Mar  7 08:50:51 CET 2026
#@# AvgCurv rh Sat Mar  7 08:50:52 CET 2026
#@# Cortical Parc rh Sat Mar  7 08:50:53 CET 2026
#@# white curv rh Sat Mar  7 08:57:02 CET 2026
#@# white area rh Sat Mar  7 08:57:03 CET 2026
#@# pial curv rh Sat Mar  7 08:57:04 CET 2026
#@# pial area rh Sat Mar  7 08:57:06 CET 2026
#@# thickness rh Sat Mar  7 08:57:06 CET 2026
#@# area and vertex vol rh Sat Mar  7 08:57:33 CET 2026
#@# Curvature Stats rh Sat Mar  7 08:57:34 CET 2026
#@# Cortical Parc 2 rh Sat Mar  7 08:57:36 CET 2026
#@# Cortical Parc 3 rh Sat Mar  7 08:57:48 CET 2026
#@# WM/GM Contrast rh Sat Mar  7 08:57:56 CET 2026
recon-all -s sub-v1s1x0050658_ses-1 finished without error at Sat Mar  7 08:57:59 CET 2026



#New# invocation of recon-all 



status file for recon-all
Sat Mar  7 09:05:30 CET 2026
#@# white curv rh Sat Mar  7 09:05:30 CET 2026
#@# white area rh Sat Mar  7 09:05:30 CET 2026
#@# pial curv rh Sat Mar  7 09:05:30 CET 2026
#@# pial area rh Sat Mar  7 09:05:30 CET 2026
#@# thickness rh Sat Mar  7 09:05:30 CET 2026
#@# area and vertex vol rh Sat Mar  7 09:05:30 CET 2026
#@# Parcellation Stats rh Sat Mar  7 09:05:30 CET 2026
#@# Parcellation Stats 2 rh Sat Mar  7 09:05:48 CET 2026
#@# Parcellation Stats 3 rh Sat Mar  7 09:05:57 CET 2026
#@# BA_exvivo Labels rh Sat Mar  7 09:06:06 CET 2026
recon-all -s sub-v1s1x0050658_ses-1 finished without error at Sat Mar  7 09:08:21 CET 2026
