/out/sourcedata/freesurfer/sub-v1s12x0050106_ses-1/mri
/opt/freesurfer/bin/talairach_avi
--i orig_nu.mgz --xfm transforms/talairach.auto.xfm
talairach_avi 7.3.2
Linux calypso3 6.8.0-79-generic #79-Ubuntu SMP PREEMPT_DYNAMIC Tue Aug 12 14:42:46 UTC 2025 x86_64 x86_64 x86_64 GNU/Linux
Mon Mar  2 18:14:58 CET 2026
mri_convert orig_nu.mgz talsrcimg.img 
reading from orig_nu.mgz...
TR=0.00, TE=0.00, TI=0.00, flip angle=0.00
i_ras = (-1, 0, 0)
j_ras = (0, 0, -1)
k_ras = (0, 1, 0)
writing to talsrcimg.img...
Analyze Output Matrix
-1.00000   0.00000   0.00000   116.87859;
 0.00000   0.00000   1.00000  -112.74576;
 0.00000  -1.00000   0.00000   96.89596;
 0.00000   0.00000   0.00000   1.00000;
--------------------
INFO: set hdr.hist.orient to -1
mpr2mni305 talsrcimg
Mon Mar  2 18:14:58 CET 2026
/opt/freesurfer/bin/mpr2mni305 talsrcimg
mpr2mni305 7.3.2
target=711-2C_as_mni_average_305

---------------------------------------------------------------------
analyzeto4dfp talsrcimg -O0 -y
---------------------------------------------------------------------

freesurfer ifh2hdr.c
Mon Mar  2 18:14:58 2026
Writing: talsrcimg.4dfp.hdr
freesurfer analyzeto4dfp.c
Reading: talsrcimg.hdr
header size 348 bytes
hdr.dime.datatype	offset=70	value=2
hdr.dime.bitpix		offset=72	value=8
hdr.hist.orient		offset=252	value=-1
dimensionality     4
dimensions       256       256       256         1
Reading: talsrcimg.img
Writing: talsrcimg.4dfp.img
Writing: talsrcimg.4dfp.ifh
ifh2hdr talsrcimg -r0to214
ori=2

---------------------------------------------------------------------
gauss_4dfp talsrcimg 1.1
---------------------------------------------------------------------

freesurfer gauss_4dfp.c
Reading: talsrcimg.4dfp.img
Writing: talsrcimg_g11.4dfp.img
image dimensions 256 256 256 padded to 288 288 288
processing volume 1freesurfer ifh2hdr.c
Mon Mar  2 18:15:03 2026
Writing: talsrcimg_g11.4dfp.hdr

Writing: talsrcimg_g11.4dfp.ifh
including: talsrcimg.4dfp.img.rec in talsrcimg_g11.4dfp.img.rec

---------------------------------------------------------------------
imgreg_4dfp /opt/freesurfer/average/711-2C_as_mni_average_305 none talsrcimg_g11 none talsrcimg_to_711-2C_as_mni_average_305_t4 4355
---------------------------------------------------------------------

freesurfer imgreg_4dfp.c
/opt/freesurfer/average/711-2C_as_mni_average_305.4dfp.img
       256       256       256         1
  1.000000  1.000000  1.000000
orientation T byte_order littleendian
Reading image: /opt/freesurfer/average/711-2C_as_mni_average_305.4dfp.img
dimensions:      256       256       256
mmppix:       1.0000   -1.0000   -1.0000
center:     128.0000 -129.0000 -129.0000
talsrcimg_g11.4dfp.img
       256       256       256         1
  1.000000  1.000000  1.000000
orientation T byte_order littleendian
Reading image: talsrcimg_g11.4dfp.img
dimensions:      256       256       256
mmppix:       1.0000   -1.0000   -1.0000
center:     128.0000 -129.0000 -129.0000
t4_read: open error in t4_sub.f l:  41 t4_file(1:l)talsrcimg_to_711-2C_as_mni_average_305_t4 
t4_read: transform initialized to I4
rotation matrix determinant  1.000000
image alignment mode   4355 decimal     1103 hex
   -7.5000  -45.0000  -45.0000 7973.5713   23.4525
    0.0000  -45.0000  -45.0000 8214.4141   23.4313
    7.5000  -45.0000  -45.0000 7786.2798   23.5066
   -7.5000  -37.5000  -45.0000 8589.6006   23.3943
    0.0000  -37.5000  -45.0000 8874.1484   23.3800
    7.5000  -37.5000  -45.0000 8393.4697   23.4577
   -7.5000  -30.0000  -45.0000 9496.5693   23.3757
    0.0000  -30.0000  -45.0000 9808.6660   23.3664
    7.5000  -30.0000  -45.0000 9274.6328   23.4427
   -7.5000  -22.5000  -45.000010341.8252   23.3918
    0.0000  -22.5000  -45.000010686.1289   23.3807
    7.5000  -22.5000  -45.000010071.8604   23.4544
   -7.5000  -15.0000  -45.000011107.0303   23.4248
    0.0000  -15.0000  -45.000011450.6768   23.4073
    7.5000  -15.0000  -45.000010787.3223   23.4790
   -7.5000   -7.5000  -45.000011807.7520   23.4431
    0.0000   -7.5000  -45.000012153.1328   23.4198
    7.5000   -7.5000  -45.000011422.2939   23.4917
   -7.5000    0.0000  -45.000012409.8154   23.4287
    0.0000    0.0000  -45.000012760.7217   23.4068
    7.5000    0.0000  -45.000012042.0654   23.4821
   -7.5000    7.5000  -45.000012043.8027   23.3942
    0.0000    7.5000  -45.000012370.3945   23.3799
    7.5000    7.5000  -45.000011694.2900   23.4577
   -7.5000   15.0000  -45.000011613.8936   23.3757
    0.0000   15.0000  -45.000011884.4336   23.3664
    7.5000   15.0000  -45.000011206.4326   23.4427
   -7.5000   22.5000  -45.000011118.0752   23.3886
    0.0000   22.5000  -45.000011370.2744   23.3775
    7.5000   22.5000  -45.000010695.4971   23.4511
   -7.5000   30.0000  -45.000010422.8408   23.1126
    0.0000   30.0000  -45.000010675.0693   23.0954
    7.5000   30.0000  -45.000010007.6885   23.1662
   -7.5000   37.5000  -45.0000 9970.3730   23.1307
    0.0000   37.5000  -45.000010250.9668   23.1077
    7.5000   37.5000  -45.0000 9631.4082   23.1786
   -7.5000   45.0000  -45.0000 9137.6611   22.5314
    0.0000   45.0000  -45.0000 9418.3125   22.5104
    7.5000   45.0000  -45.0000 8817.2881   22.5827
   -7.5000  -45.0000  -37.5000 8485.9775   23.5032
    0.0000  -45.0000  -37.5000 8752.5322   23.4970
    7.5000  -45.0000  -37.5000 8273.3691   23.5779
   -7.5000  -37.5000  -37.5000 9127.1318   23.4323
    0.0000  -37.5000  -37.5000 9433.0068   23.4308
    7.5000  -37.5000  -37.5000 8905.9395   23.5141
   -7.5000  -30.0000  -37.500010072.9629   23.3901
    0.0000  -30.0000  -37.500010403.0977   23.3888
    7.5000  -30.0000  -37.5000 9800.9775   23.4707
   -7.5000  -22.5000  -37.500010955.7256   23.3955
    0.0000  -22.5000  -37.500011305.4160   23.3895
    7.5000  -22.5000  -37.500010638.1582   23.4692
   -7.5000  -15.0000  -37.500011750.9443   23.4380
    0.0000  -15.0000  -37.500012108.7705   23.4274
    7.5000  -15.0000  -37.500011381.1221   23.5062
   -7.5000   -7.5000  -37.500012472.0078   23.4799
    0.0000   -7.5000  -37.500012846.3984   23.4684
    7.5000   -7.5000  -37.500012065.2676   23.5471
   -7.5000    0.0000  -37.500013120.2246   23.4794
    0.0000    0.0000  -37.500013501.0879   23.4724
    7.5000    0.0000  -37.500012716.1924   23.5533
   -7.5000    7.5000  -37.500012729.9912   23.4322
    0.0000    7.5000  -37.500013075.8789   23.4308
    7.5000    7.5000  -37.500012319.5615   23.5141
   -7.5000   15.0000  -37.500012218.9922   23.3901
    0.0000   15.0000  -37.500012499.8838   23.3888
    7.5000   15.0000  -37.500011764.3857   23.4707
   -7.5000   22.5000  -37.500011665.7500   23.3923
    0.0000   22.5000  -37.500011914.8359   23.3863
    7.5000   22.5000  -37.500011204.9688   23.4660
   -7.5000   30.0000  -37.500010932.4766   23.1256
    0.0000   30.0000  -37.500011195.8535   23.1152
    7.5000   30.0000  -37.500010505.0820   23.1930
   -7.5000   37.5000  -37.500010464.9766   23.1670
    0.0000   37.5000  -37.500010757.0293   23.1557
    7.5000   37.5000  -37.500010085.1182   23.2333
   -7.5000   45.0000  -37.5000 9537.5801   22.5800
    0.0000   45.0000  -37.5000 9815.6553   22.5733
    7.5000   45.0000  -37.5000 9207.1328   22.6510
   -7.5000  -45.0000  -30.0000 9111.0957   24.4793
    0.0000  -45.0000  -30.0000 9434.6836   24.4821
    7.5000  -45.0000  -30.0000 8889.6270   24.5609
   -7.5000  -37.5000  -30.0000 9788.2422   24.4002
    0.0000  -37.5000  -30.000010132.3926   24.4125
    7.5000  -37.5000  -30.0000 9531.9688   24.4929
   -7.5000  -30.0000  -30.000010773.6016   24.3445
    0.0000  -30.0000  -30.000011153.0820   24.3556
    7.5000  -30.0000  -30.000010478.1416   24.4364
   -7.5000  -22.5000  -30.000011733.0430   24.3449
    0.0000  -22.5000  -30.000012127.7705   24.3452
    7.5000  -22.5000  -30.000011381.1055   24.4262
   -7.5000  -15.0000  -30.000012588.3057   24.3933
    0.0000  -15.0000  -30.000012966.3584   24.3849
    7.5000  -15.0000  -30.000012163.8809   24.4666
   -7.5000   -7.5000  -30.000013331.4258   24.4475
    0.0000   -7.5000  -30.000013751.5996   24.4398
    7.5000   -7.5000  -30.000012901.3125   24.5193
   -7.5000    0.0000  -30.000014046.4316   24.4547
    0.0000    0.0000  -30.000014455.4658   24.4567
    7.5000    0.0000  -30.000013580.9365   24.5354
   -7.5000    7.5000  -30.000013595.8154   24.4001
    0.0000    7.5000  -30.000013989.0752   24.4124
    7.5000    7.5000  -30.000013127.0479   24.4928
   -7.5000   15.0000  -30.000013013.8496   24.3445
    0.0000   15.0000  -30.000013342.8721   24.3556
    7.5000   15.0000  -30.000012524.0391   24.4364
   -7.5000   22.5000  -30.000012392.0137   24.3391
    0.0000   22.5000  -30.000012697.6484   24.3393
    7.5000   22.5000  -30.000011908.4141   24.4204
   -7.5000   30.0000  -30.000011625.1367   24.0705
    0.0000   30.0000  -30.000011914.9062   24.0622
    7.5000   30.0000  -30.000011178.6855   24.1428
   -7.5000   37.5000  -30.000011172.5283   24.1241
    0.0000   37.5000  -30.000011458.7705   24.1164
    7.5000   37.5000  -30.000010731.8047   24.1949
   -7.5000   45.0000  -30.000010133.4121   23.5350
    0.0000   45.0000  -30.000010400.0371   23.5370
    7.5000   45.0000  -30.0000 9753.1250   23.6127
   -7.5000  -45.0000  -22.5000 9723.7168   25.2811
    0.0000  -45.0000  -22.500010065.6650   25.2752
    7.5000  -45.0000  -22.5000 9454.5859   25.3455
   -7.5000  -37.5000  -22.500010463.0439   25.2065
    0.0000  -37.5000  -22.500010826.5713   25.2180
    7.5000  -37.5000  -22.500010144.5654   25.2904
   -7.5000  -30.0000  -22.500011509.4463   25.1641
    0.0000  -30.0000  -22.500011923.6777   25.1788
    7.5000  -30.0000  -22.500011149.3750   25.2537
   -7.5000  -22.5000  -22.500012503.5674   25.1738
    0.0000  -22.5000  -22.500012939.5674   25.1744
    7.5000  -22.5000  -22.500012108.5996   25.2512
   -7.5000  -15.0000  -22.500013349.9824   25.2196
    0.0000  -15.0000  -22.500013775.3340   25.2045
    7.5000  -15.0000  -22.500012924.5107   25.2815
   -7.5000   -7.5000  -22.500014126.3115   25.2595
    0.0000   -7.5000  -22.500014575.5596   25.2403
    7.5000   -7.5000  -22.500013668.9219   25.3131
   -7.5000    0.0000  -22.500014872.9424   25.2558
    0.0000    0.0000  -22.500015335.0723   25.2491
    7.5000    0.0000  -22.500014394.9873   25.3194
   -7.5000    7.5000  -22.500014440.8984   25.2065
    0.0000    7.5000  -22.500014868.3584   25.2180
    7.5000    7.5000  -22.500013914.3438   25.2904
   -7.5000   15.0000  -22.500013809.4424   25.1641
    0.0000   15.0000  -22.500014198.4512   25.1788
    7.5000   15.0000  -22.500013288.4346   25.2537
   -7.5000   22.5000  -22.500013099.7422   25.1660
    0.0000   22.5000  -22.500013456.8018   25.1667
    7.5000   22.5000  -22.500012613.5977   25.2434
   -7.5000   30.0000  -22.500012290.0605   24.8898
    0.0000   30.0000  -22.500012596.1240   24.8748
    7.5000   30.0000  -22.500011820.2832   24.9508
   -7.5000   37.5000  -22.500011817.9678   24.9291
    0.0000   37.5000  -22.500012114.0859   24.9101
    7.5000   37.5000  -22.500011344.4375   24.9820
   -7.5000   45.0000  -22.500010714.5645   24.3244
    0.0000   45.0000  -22.500011002.5908   24.3179
    7.5000   45.0000  -22.500010319.1582   24.3856
   -7.5000  -45.0000  -15.000010254.9707   25.8573
    0.0000  -45.0000  -15.000010606.4668   25.8352
    7.5000  -45.0000  -15.0000 9973.2881   25.8997
   -7.5000  -37.5000  -15.000011045.7920   25.7914
    0.0000  -37.5000  -15.000011432.5889   25.7907
    7.5000  -37.5000  -15.000010709.8486   25.8591
   -7.5000  -30.0000  -15.000012158.6953   25.7720
    0.0000  -30.0000  -15.000012611.4258   25.7800
    7.5000  -30.0000  -15.000011809.3926   25.8521
   -7.5000  -22.5000  -15.000013230.8213   25.7956
    0.0000  -22.5000  -15.000013698.7637   25.7915
    7.5000  -22.5000  -15.000012840.2139   25.8648
   -7.5000  -15.0000  -15.000014070.2559   25.8357
    0.0000  -15.0000  -15.000014536.0811   25.8120
    7.5000  -15.0000  -15.000013653.8535   25.8830
   -7.5000   -7.5000  -15.000014824.3369   25.8521
    0.0000   -7.5000  -15.000015288.8467   25.8185
    7.5000   -7.5000  -15.000014411.5000   25.8845
   -7.5000    0.0000  -15.000015591.9219   25.8314
    0.0000    0.0000  -15.000016115.7842   25.8085
    7.5000    0.0000  -15.000015179.0273   25.8731
   -7.5000    7.5000  -15.000015191.2344   25.7914
    0.0000    7.5000  -15.000015665.7490   25.7906
    7.5000    7.5000  -15.000014745.7021   25.8590
   -7.5000   15.0000  -15.000014519.8574   25.7720
    0.0000   15.0000  -15.000014969.1523   25.7800
    7.5000   15.0000  -15.000014087.6465   25.8521
   -7.5000   22.5000  -15.000013769.4785   25.7865
    0.0000   22.5000  -15.000014175.5869   25.7824
    7.5000   22.5000  -15.000013307.7236   25.8556
   -7.5000   30.0000  -15.000012930.6689   25.5014
    0.0000   30.0000  -15.000013290.1895   25.4779
    7.5000   30.0000  -15.000012482.6523   25.5481
   -7.5000   37.5000  -15.000012419.6445   25.5175
    0.0000   37.5000  -15.000012773.8809   25.4843
    7.5000   37.5000  -15.000011984.1133   25.5495
   -7.5000   45.0000  -15.000011274.3457   24.8939
    0.0000   45.0000  -15.000011605.2070   24.8719
    7.5000   45.0000  -15.000010896.0479   24.9341
   -7.5000  -45.0000   -7.500010763.9600   26.1597
    0.0000  -45.0000   -7.500011142.3066   26.1301
    7.5000  -45.0000   -7.500010489.6152   26.2007
   -7.5000  -37.5000   -7.500011573.8770   26.0997
    0.0000  -37.5000   -7.500011985.8691   26.0860
    7.5000  -37.5000   -7.500011277.9209   26.1603
   -7.5000  -30.0000   -7.500012788.2393   26.0904
    0.0000  -30.0000   -7.500013238.4531   26.0864
    7.5000  -30.0000   -7.500012430.5303   26.1622
   -7.5000  -22.5000   -7.500013981.3828   26.1168
    0.0000  -22.5000   -7.500014446.0088   26.1068
    7.5000  -22.5000   -7.500013569.6221   26.1817
   -7.5000  -15.0000   -7.500014889.5391   26.1513
    0.0000  -15.0000   -7.500015379.9434   26.1265
    7.5000  -15.0000   -7.500014497.4404   26.1985
   -7.5000   -7.5000   -7.500015604.1582   26.1586
    0.0000   -7.5000   -7.500016115.9023   26.1232
    7.5000   -7.5000   -7.500015297.8555   26.1923
   -7.5000    0.0000   -7.500016349.0723   26.1333
    0.0000    0.0000   -7.500016911.6582   26.1030
    7.5000    0.0000   -7.500016107.8486   26.1735
   -7.5000    7.5000   -7.500015903.6787   26.0997
    0.0000    7.5000   -7.500016450.2344   26.0860
    7.5000    7.5000   -7.500015620.6914   26.1603
   -7.5000   15.0000   -7.500015266.8350   26.0904
    0.0000   15.0000   -7.500015763.2305   26.0864
    7.5000   15.0000   -7.500014959.9688   26.1622
   -7.5000   22.5000   -7.500014483.7285   26.1047
    0.0000   22.5000   -7.500014911.4727   26.0948
    7.5000   22.5000   -7.500014101.7529   26.1696
   -7.5000   30.0000   -7.500013609.4883   25.8122
    0.0000   30.0000   -7.500013986.7148   25.7877
    7.5000   30.0000   -7.500013198.8711   25.8588
   -7.5000   37.5000   -7.500013070.5020   25.8194
    0.0000   37.5000   -7.500013440.0762   25.7844
    7.5000   37.5000   -7.500012672.8145   25.8526
   -7.5000   45.0000   -7.500011873.9004   25.1897
    0.0000   45.0000   -7.500012214.7412   25.1606
    7.5000   45.0000   -7.500011531.0000   25.2285
   -7.5000  -45.0000    0.000011185.4619   26.2352
    0.0000  -45.0000    0.000011531.0850   26.2115
    7.5000  -45.0000    0.000010896.0586   26.2957
   -7.5000  -37.5000    0.000012015.6738   26.1699
    0.0000  -37.5000    0.000012382.2344   26.1540
    7.5000  -37.5000    0.000011717.7578   26.2410
   -7.5000  -30.0000    0.000013285.1533   26.1490
    0.0000  -30.0000    0.000013664.8193   26.1387
    7.5000  -30.0000    0.000012931.0049   26.2241
   -7.5000  -22.5000    0.000014641.0938   26.1671
    0.0000  -22.5000    0.000015010.8252   26.1548
    7.5000  -22.5000    0.000014190.2383   26.2372
   -7.5000  -15.0000    0.000015748.4912   26.2041
    0.0000  -15.0000    0.000016273.3701   26.1846
    7.5000  -15.0000    0.000015332.2451   26.2649
   -7.5000   -7.5000    0.000016329.3457   26.2247
    0.0000   -7.5000    0.000016997.7539   26.1987
    7.5000   -7.5000    0.000016334.4277   26.2791
   -7.5000    0.0000    0.000016875.7188   26.2085
    0.0000    0.0000    0.000017590.3008   26.1842
    7.5000    0.0000    0.000017076.4102   26.2683
   -7.5000    7.5000    0.000016396.7441   26.1699
    0.0000    7.5000    0.000017064.0293   26.1540
    7.5000    7.5000    0.000016441.6191   26.2410
   -7.5000   15.0000    0.000015829.4980   26.1490
    0.0000   15.0000    0.000016391.0684   26.1387
    7.5000   15.0000    0.000015673.0273   26.2241
   -7.5000   22.5000    0.000015024.1084   26.1550
    0.0000   22.5000    0.000015495.5791   26.1428
    7.5000   22.5000    0.000014721.4600   26.2251
   -7.5000   30.0000    0.000014123.0107   25.8650
    0.0000   30.0000    0.000014488.8994   25.8458
    7.5000   30.0000    0.000013728.4658   25.9250
   -7.5000   37.5000    0.000013538.8438   25.8853
    0.0000   37.5000    0.000013908.5293   25.8597
    7.5000   37.5000    0.000013138.8340   25.9390
   -7.5000   45.0000    0.000012322.7441   25.2641
    0.0000   45.0000    0.000012633.5498   25.2407
    7.5000   45.0000    0.000011961.8379   25.3217
   -7.5000  -45.0000    7.500010763.8262   26.3007
    0.0000  -45.0000    7.500011090.8486   26.2937
    7.5000  -45.0000    7.500010483.2295   26.3843
   -7.5000  -37.5000    7.500011573.7334   26.2213
    0.0000  -37.5000    7.500011907.0020   26.2197
    7.5000  -37.5000    7.500011255.8281   26.3129
   -7.5000  -30.0000    7.500012739.3252   26.1741
    0.0000  -30.0000    7.500013098.3457   26.1727
    7.5000  -30.0000    7.500012435.2412   26.2643
   -7.5000  -22.5000    7.500014004.0957   26.1802
    0.0000  -22.5000    7.500014361.7031   26.1735
    7.5000  -22.5000    7.500013613.3818   26.2627
   -7.5000  -15.0000    7.500015135.6807   26.2277
    0.0000  -15.0000    7.500015661.9238   26.2159
    7.5000  -15.0000    7.500014746.7354   26.3041
   -7.5000   -7.5000    7.500015807.8691   26.2746
    0.0000   -7.5000    7.500016478.5586   26.2618
    7.5000   -7.5000    7.500015789.0684   26.3498
   -7.5000    0.0000    7.500016438.2637   26.2741
    0.0000    0.0000    7.500017094.1172   26.2663
    7.5000    0.0000    7.500016449.5352   26.3567
   -7.5000    7.5000    7.500015939.2324   26.2213
    0.0000    7.5000    7.500016504.1152   26.2196
    7.5000    7.5000    7.500015757.4609   26.3129
   -7.5000   15.0000    7.500015304.9004   26.1741
    0.0000   15.0000    7.500015821.5098   26.1727
    7.5000   15.0000    7.500015005.4873   26.2643
   -7.5000   22.5000    7.500014447.6533   26.1682
    0.0000   22.5000    7.500014875.3936   26.1614
    7.5000   22.5000    7.500014092.2119   26.2506
   -7.5000   30.0000    7.500013504.1826   25.8883
    0.0000   30.0000    7.500013867.4424   25.8766
    7.5000   30.0000    7.500013128.6426   25.9637
   -7.5000   37.5000    7.500012987.2129   25.9345
    0.0000   37.5000    7.500013327.3584   25.9219
    7.5000   37.5000    7.500012614.1074   26.0088
   -7.5000   45.0000    7.500011843.4580   25.3271
    0.0000   45.0000    7.500012130.3262   25.3196
    7.5000   45.0000    7.500011526.8906   25.4068
   -7.5000  -45.0000   15.000010187.2129   26.3556
    0.0000  -45.0000   15.000010503.6006   26.3590
    7.5000  -45.0000   15.0000 9907.9814   26.4442
   -7.5000  -37.5000   15.000010949.7363   26.2703
    0.0000  -37.5000   15.000011269.0557   26.2840
    7.5000  -37.5000   15.000010645.3486   26.3710
   -7.5000  -30.0000   15.000012061.6875   26.2103
    0.0000  -30.0000   15.000012388.3037   26.2226
    7.5000  -30.0000   15.000011737.5146   26.3099
   -7.5000  -22.5000   15.000013228.2578   26.2106
    0.0000  -22.5000   15.000013552.6445   26.2111
    7.5000  -22.5000   15.000012852.1006   26.2987
   -7.5000  -15.0000   15.000014225.4287   26.2628
    0.0000  -15.0000   15.000014655.1035   26.2539
    7.5000  -15.0000   15.000013888.6621   26.3421
   -7.5000   -7.5000   15.000015004.3848   26.3213
    0.0000   -7.5000   15.000015490.2549   26.3132
    7.5000   -7.5000   15.000014813.9131   26.3991
   -7.5000    0.0000   15.000015841.0967   26.3291
    0.0000    0.0000   15.000016279.3857   26.3316
    7.5000    0.0000   15.000015496.6055   26.4167
   -7.5000    7.5000   15.000015402.3662   26.2703
    0.0000    7.5000   15.000015862.1006   26.2839
    7.5000    7.5000   15.000014962.1475   26.3709
   -7.5000   15.0000   15.000014703.8184   26.2103
    0.0000   15.0000   15.000015151.2119   26.2226
    7.5000   15.0000   15.000014295.2178   26.3099
   -7.5000   22.5000   15.000013813.4902   26.1986
    0.0000   22.5000   15.000014190.4492   26.1991
    7.5000   22.5000   15.000013420.4326   26.2866
   -7.5000   30.0000   15.000012818.2393   25.9229
    0.0000   30.0000   15.000013129.9307   25.9141
    7.5000   30.0000   15.000012451.5879   26.0012
   -7.5000   37.5000   15.000012315.8271   25.9807
    0.0000   37.5000   15.000012606.9355   25.9726
    7.5000   37.5000   15.000011941.0293   26.0575
   -7.5000   45.0000   15.000011182.8379   25.3800
    0.0000   45.0000   15.000011487.5518   25.3824
    7.5000   45.0000   15.000010929.5029   25.4644
   -7.5000  -45.0000   22.5000 9518.5840   26.4002
    0.0000  -45.0000   22.5000 9820.5029   26.3943
    7.5000  -45.0000   22.5000 9238.6250   26.4683
   -7.5000  -37.5000   22.500010235.4697   26.3220
    0.0000  -37.5000   22.500010547.6572   26.3344
    7.5000  -37.5000   22.5000 9918.2617   26.4106
   -7.5000  -30.0000   22.500011308.1270   26.2775
    0.0000  -30.0000   22.500011628.9824   26.2932
    7.5000  -30.0000   22.500010939.8994   26.3720
   -7.5000  -22.5000   22.500012360.6045   26.2874
    0.0000  -22.5000   22.500012684.9150   26.2883
    7.5000  -22.5000   22.500011975.4004   26.3689
   -7.5000  -15.0000   22.500013217.8633   26.3353
    0.0000  -15.0000   22.500013635.4395   26.3196
    7.5000  -15.0000   22.500012910.6006   26.4004
   -7.5000   -7.5000   22.500013965.6240   26.3773
    0.0000   -7.5000   22.500014414.9209   26.3573
    7.5000   -7.5000   22.500013694.5000   26.4338
   -7.5000    0.0000   22.500014722.0449   26.3737
    0.0000    0.0000   22.500015162.2461   26.3669
    7.5000    0.0000   22.500014330.2871   26.4409
   -7.5000    7.5000   22.500014331.1455   26.3220
    0.0000    7.5000   22.500014773.1836   26.3344
    7.5000    7.5000   22.500013894.5742   26.4106
   -7.5000   15.0000   22.500013750.8711   26.2775
    0.0000   15.0000   22.500014184.6191   26.2932
    7.5000   15.0000   22.500013347.7432   26.3720
   -7.5000   22.5000   22.500012975.3018   26.2753
    0.0000   22.5000   22.500013359.8320   26.2761
    7.5000   22.5000   22.500012595.5771   26.3568
   -7.5000   30.0000   22.500012044.1035   25.9945
    0.0000   30.0000   22.500012375.8428   25.9790
    7.5000   30.0000   22.500011694.9590   26.0588
   -7.5000   37.5000   22.500011542.5186   26.0359
    0.0000   37.5000   22.500011856.5225   26.0162
    7.5000   37.5000   22.500011184.8809   26.0917
   -7.5000   45.0000   22.500010479.6240   25.4230
    0.0000   45.0000   22.500010785.8262   25.4165
    7.5000   45.0000   22.500010214.5479   25.4878
   -7.5000  -45.0000   30.0000 8790.7031   26.6525
    0.0000  -45.0000   30.0000 9067.2646   26.6298
    7.5000  -45.0000   30.0000 8527.7109   26.6967
   -7.5000  -37.5000   30.0000 9462.0791   26.5836
    0.0000  -37.5000   30.0000 9760.1670   26.5832
    7.5000  -37.5000   30.0000 9181.8359   26.6543
   -7.5000  -30.0000   30.000010425.4121   26.5633
    0.0000  -30.0000   30.000010753.1934   26.5722
    7.5000  -30.0000   30.000010107.2646   26.6471
   -7.5000  -22.5000   30.000011378.7793   26.5879
    0.0000  -22.5000   30.000011723.0293   26.5841
    7.5000  -22.5000   30.000011037.7266   26.6603
   -7.5000  -15.0000   30.000012157.0264   26.6299
    0.0000  -15.0000   30.000012550.1797   26.6055
    7.5000  -15.0000   30.000011871.1289   26.6792
   -7.5000   -7.5000   30.000012834.8896   26.6470
    0.0000   -7.5000   30.000013262.2334   26.6123
    7.5000   -7.5000   30.000012548.7578   26.6806
   -7.5000    0.0000   30.000013508.6602   26.6254
    0.0000    0.0000   30.000013913.0723   26.6019
    7.5000    0.0000   30.000013147.9316   26.6688
   -7.5000    7.5000   30.000013144.1270   26.5836
    0.0000    7.5000   30.000013548.4580   26.5832
    7.5000    7.5000   30.000012782.3066   26.6542
   -7.5000   15.0000   30.000012656.7842   26.5633
    0.0000   15.0000   30.000013029.4258   26.5722
    7.5000   15.0000   30.000012321.4443   26.6471
   -7.5000   22.5000   30.000011989.0488   26.5757
    0.0000   22.5000   30.000012331.1348   26.5719
    7.5000   22.5000   30.000011656.0068   26.6480
   -7.5000   30.0000   30.000011139.4717   26.2852
    0.0000   30.0000   30.000011454.2383   26.2612
    7.5000   30.0000   30.000010825.4980   26.3339
   -7.5000   37.5000   30.000010657.6895   26.3021
    0.0000   37.5000   30.000010962.3311   26.2679
    7.5000   37.5000   30.000010354.7344   26.3353
   -7.5000   45.0000   30.0000 9697.5186   25.6658
    0.0000   45.0000   30.0000 9955.7686   25.6432
    7.5000   45.0000   30.0000 9420.5742   25.7077
   -7.5000  -45.0000   37.5000 8394.0830   27.2298
    0.0000  -45.0000   37.5000 8675.1406   27.2005
    7.5000  -45.0000   37.5000 8160.5049   27.2725
   -7.5000  -37.5000   37.5000 9020.0430   27.1633
    0.0000  -37.5000   37.5000 9325.1846   27.1507
    7.5000  -37.5000   37.5000 8770.8848   27.2268
   -7.5000  -30.0000   37.5000 9937.6504   27.1518
    0.0000  -30.0000   37.500010277.4014   27.1496
    7.5000  -30.0000   37.5000 9649.6045   27.2275
   -7.5000  -22.5000   37.500010845.5449   27.1807
    0.0000  -22.5000   37.500011185.2734   27.1724
    7.5000  -22.5000   37.500010535.0957   27.2496
   -7.5000  -15.0000   37.500011585.1846   27.2196
    0.0000  -15.0000   37.500011969.5332   27.1957
    7.5000  -15.0000   37.500011320.2490   27.2698
   -7.5000   -7.5000   37.500012245.5029   27.2289
    0.0000   -7.5000   37.500012650.8135   27.1935
    7.5000   -7.5000   37.500011965.4209   27.2643
   -7.5000    0.0000   37.500012891.8867   27.2013
    0.0000    0.0000   37.500013269.0117   27.1712
    7.5000    0.0000   37.500012550.5156   27.2432
   -7.5000    7.5000   37.500012548.7012   27.1632
    0.0000    7.5000   37.500012926.4297   27.1506
    7.5000    7.5000   37.500012220.7705   27.2267
   -7.5000   15.0000   37.500012091.7891   27.1518
    0.0000   15.0000   37.500012464.7695   27.1496
    7.5000   15.0000   37.500011790.8145   27.2275
   -7.5000   22.5000   37.500011471.1787   27.1682
    0.0000   22.5000   37.500011819.2637   27.1599
    7.5000   22.5000   37.500011172.1426   27.2371
   -7.5000   30.0000   37.500010662.2842   26.8674
    0.0000   30.0000   37.500010978.5566   26.8437
    7.5000   30.0000   37.500010398.0400   26.9169
   -7.5000   37.5000   37.500010181.3350   26.8765
    0.0000   37.5000   37.500010476.4512   26.8415
    7.5000   37.5000   37.5000 9916.7627   26.9114
   -7.5000   45.0000   37.5000 9261.1797   26.2200
    0.0000   45.0000   37.5000 9541.5625   26.1910
    7.5000   45.0000   37.5000 9020.8389   26.2604
   -7.5000  -45.0000   45.0000 7690.3618   27.9304
    0.0000  -45.0000   45.0000 7944.3379   27.9067
    7.5000  -45.0000   45.0000 7448.3828   27.9945
   -7.5000  -37.5000   45.0000 8257.4219   27.8490
    0.0000  -37.5000   45.0000 8536.4160   27.8348
    7.5000  -37.5000   45.0000 7995.1382   27.9271
   -7.5000  -30.0000   45.0000 9110.0996   27.8223
    0.0000  -30.0000   45.0000 9398.9951   27.8156
    7.5000  -30.0000   45.0000 8836.2695   27.9068
   -7.5000  -22.5000   45.0000 9949.2744   27.8477
    0.0000  -22.5000   45.000010241.7090   27.8390
    7.5000  -22.5000   45.0000 9635.1377   27.9259
   -7.5000  -15.0000   45.000010658.3447   27.8971
    0.0000  -15.0000   45.000010970.5479   27.8795
    7.5000  -15.0000   45.000010369.2725   27.9627
   -7.5000   -7.5000   45.000011249.7637   27.9230
    0.0000   -7.5000   45.000011607.8379   27.8970
    7.5000   -7.5000   45.000010954.6074   27.9797
   -7.5000    0.0000   45.000011806.2109   27.9002
    0.0000    0.0000   45.000012144.4531   27.8757
    7.5000    0.0000   45.000011497.3457   27.9633
   -7.5000    7.5000   45.000011490.1504   27.8489
    0.0000    7.5000   45.000011814.6045   27.8348
    7.5000    7.5000   45.000011195.8105   27.9271
   -7.5000   15.0000   45.000011084.5107   27.8223
    0.0000   15.0000   45.000011406.1562   27.8156
    7.5000   15.0000   45.000010821.0957   27.9068
   -7.5000   22.5000   45.000010526.5459   27.8348
    0.0000   22.5000   45.000010833.9639   27.8261
    7.5000   22.5000   45.000010261.9609   27.9130
   -7.5000   30.0000   45.0000 9806.1035   27.5337
    0.0000   30.0000   45.000010108.8252   27.5163
    7.5000   30.0000   45.0000 9556.2324   27.5984
   -7.5000   37.5000   45.0000 9334.1963   27.5592
    0.0000   37.5000   45.0000 9614.5703   27.5336
    7.5000   37.5000   45.0000 9093.7080   27.6152
   -7.5000   45.0000   45.0000 8523.4258   26.9051
    0.0000   45.0000   45.0000 8752.1377   26.8815
    7.5000   45.0000   45.0000 8285.3213   26.9660

---------------------------------------------------------------------
imgreg_4dfp /opt/freesurfer/average/711-2C_as_mni_average_305 /opt/freesurfer/average/711-2B_as_mni_average_305_mask talsrcimg_g11 none talsrcimg_to_711-2C_as_mni_average_305_t4 4355
---------------------------------------------------------------------

freesurfer imgreg_4dfp.c
/opt/freesurfer/average/711-2C_as_mni_average_305.4dfp.img
       256       256       256         1
  1.000000  1.000000  1.000000
orientation T byte_order littleendian
Reading image: /opt/freesurfer/average/711-2C_as_mni_average_305.4dfp.img
dimensions:      256       256       256
mmppix:       1.0000   -1.0000   -1.0000
center:     128.0000 -129.0000 -129.0000
/opt/freesurfer/average/711-2B_as_mni_average_305_mask.4dfp.img
       256       256       256         1
  1.000000  1.000000  1.000000
orientation T byte_order littleendian
Reading mask: /opt/freesurfer/average/711-2B_as_mni_average_305_mask.4dfp.img (2306576 pixels)
talsrcimg_g11.4dfp.img
       256       256       256         1
  1.000000  1.000000  1.000000
orientation T byte_order littleendian
Reading image: talsrcimg_g11.4dfp.img
dimensions:      256       256       256
mmppix:       1.0000   -1.0000   -1.0000
center:     128.0000 -129.0000 -129.0000
rotation matrix determinant  1.000000
image alignment mode   4355 decimal     1103 hex
   -7.5000  -45.0000  -45.0000 2114.0249   26.9011
    0.0000  -45.0000  -45.0000 2105.6562   27.0977
    7.5000  -45.0000  -45.0000 2077.1946   27.8266
   -7.5000  -37.5000  -45.0000 2220.2273   24.3198
    0.0000  -37.5000  -45.0000 2215.8799   24.5639
    7.5000  -37.5000  -45.0000 2187.3462   25.1319
   -7.5000  -30.0000  -45.0000 2307.5137   22.4002
    0.0000  -30.0000  -45.0000 2297.5437   22.5914
    7.5000  -30.0000  -45.0000 2271.9172   23.1233
   -7.5000  -22.5000  -45.0000 2365.1150   21.1357
    0.0000  -22.5000  -45.0000 2358.7539   21.3051
    7.5000  -22.5000  -45.0000 2324.1960   21.7987
   -7.5000  -15.0000  -45.0000 2399.0093   20.3053
    0.0000  -15.0000  -45.0000 2387.8533   20.4340
    7.5000  -15.0000  -45.0000 2352.7578   20.9459
   -7.5000   -7.5000  -45.0000 2422.9106   19.7773
    0.0000   -7.5000  -45.0000 2413.1147   19.8760
    7.5000   -7.5000  -45.0000 2370.5034   20.4177
   -7.5000    0.0000  -45.0000 2430.4695   19.6340
    0.0000    0.0000  -45.0000 2414.2085   19.7210
    7.5000    0.0000  -45.0000 2379.0591   20.2871
   -7.5000    7.5000  -45.0000 2416.6345   19.8477
    0.0000    7.5000  -45.0000 2396.0178   19.9611
    7.5000    7.5000  -45.0000 2364.8965   20.6107
   -7.5000   15.0000  -45.0000 2373.8228   20.4543
    0.0000   15.0000  -45.0000 2356.0623   20.6405
    7.5000   15.0000  -45.0000 2316.9827   21.2802
   -7.5000   22.5000  -45.0000 2309.0259   21.4844
    0.0000   22.5000  -45.0000 2292.4495   21.6948
    7.5000   22.5000  -45.0000 2254.3767   22.4179
   -7.5000   30.0000  -45.0000 2220.4092   23.0631
    0.0000   30.0000  -45.0000 2201.8560   23.3222
    7.5000   30.0000  -45.0000 2162.2463   24.0755
   -7.5000   37.5000  -45.0000 2119.6831   25.2714
    0.0000   37.5000  -45.0000 2096.8181   25.5044
    7.5000   37.5000  -45.0000 2058.4602   26.2661
   -7.5000   45.0000  -45.0000 2004.6222   28.1287
    0.0000   45.0000  -45.0000 1981.8822   28.3419
    7.5000   45.0000  -45.0000 1943.8903   29.1832
   -7.5000  -45.0000  -37.5000 2193.4351   25.3764
    0.0000  -45.0000  -37.5000 2187.8079   25.5991
    7.5000  -45.0000  -37.5000 2156.5090   26.2432
   -7.5000  -37.5000  -37.5000 2302.2278   22.8326
    0.0000  -37.5000  -37.5000 2296.3745   23.0598
    7.5000  -37.5000  -37.5000 2264.4463   23.5881
   -7.5000  -30.0000  -37.5000 2389.5908   20.8766
    0.0000  -30.0000  -37.5000 2381.3694   21.0785
    7.5000  -30.0000  -37.5000 2348.2107   21.5962
   -7.5000  -22.5000  -37.5000 2453.6011   19.6463
    0.0000  -22.5000  -37.5000 2442.4160   19.7817
    7.5000  -22.5000  -37.5000 2402.1096   20.2541
   -7.5000  -15.0000  -37.5000 2490.0850   18.9037
    0.0000  -15.0000  -37.5000 2475.7166   19.0042
    7.5000  -15.0000  -37.5000 2439.9778   19.4530
   -7.5000   -7.5000  -37.5000 2518.9700   18.4347
    0.0000   -7.5000  -37.5000 2507.4253   18.5503
    7.5000   -7.5000  -37.5000 2460.8884   19.0483
   -7.5000    0.0000  -37.5000 2528.9202   18.3544
    0.0000    0.0000  -37.5000 2509.6362   18.4509
    7.5000    0.0000  -37.5000 2472.1060   19.0251
   -7.5000    7.5000  -37.5000 2512.7603   18.5659
    0.0000    7.5000  -37.5000 2491.8167   18.6669
    7.5000    7.5000  -37.5000 2453.1594   19.2803
   -7.5000   15.0000  -37.5000 2469.5793   19.1082
    0.0000   15.0000  -37.5000 2446.5234   19.2192
    7.5000   15.0000  -37.5000 2404.2595   19.8704
   -7.5000   22.5000  -37.5000 2403.6746   20.0485
    0.0000   22.5000  -37.5000 2380.9014   20.2106
    7.5000   22.5000  -37.5000 2335.6150   20.8929
   -7.5000   30.0000  -37.5000 2313.2405   21.4894
    0.0000   30.0000  -37.5000 2288.3091   21.6833
    7.5000   30.0000  -37.5000 2240.7717   22.4163
   -7.5000   37.5000  -37.5000 2198.7566   23.4617
    0.0000   37.5000  -37.5000 2177.5081   23.6920
    7.5000   37.5000  -37.5000 2129.5559   24.3930
   -7.5000   45.0000  -37.5000 2067.4053   26.0943
    0.0000   45.0000  -37.5000 2052.5505   26.3514
    7.5000   45.0000  -37.5000 2008.6715   27.1118
   -7.5000  -45.0000  -30.0000 2289.9207   24.6555
    0.0000  -45.0000  -30.0000 2288.7261   25.0264
    7.5000  -45.0000  -30.0000 2256.4319   25.6047
   -7.5000  -37.5000  -30.0000 2407.4377   22.1606
    0.0000  -37.5000  -30.0000 2403.6553   22.4380
    7.5000  -37.5000  -30.0000 2368.5127   22.9775
   -7.5000  -30.0000  -30.0000 2502.1362   20.2611
    0.0000  -30.0000  -30.0000 2493.7842   20.4521
    7.5000  -30.0000  -30.0000 2452.5486   20.9322
   -7.5000  -22.5000  -30.0000 2580.5491   18.9091
    0.0000  -22.5000  -30.0000 2569.9814   19.0360
    7.5000  -22.5000  -30.0000 2523.1675   19.5496
   -7.5000  -15.0000  -30.0000 2636.9229   18.1475
    0.0000  -15.0000  -30.0000 2616.1331   18.2722
    7.5000  -15.0000  -30.0000 2570.5813   18.6876
   -7.5000   -7.5000  -30.0000 2665.5139   17.7304
    0.0000   -7.5000  -30.0000 2649.4075   17.8592
    7.5000   -7.5000  -30.0000 2602.4070   18.3369
   -7.5000    0.0000  -30.0000 2679.7573   17.7238
    0.0000    0.0000  -30.0000 2658.0439   17.8153
    7.5000    0.0000  -30.0000 2612.7490   18.3614
   -7.5000    7.5000  -30.0000 2659.5432   17.9520
    0.0000    7.5000  -30.0000 2638.3806   18.0803
    7.5000    7.5000  -30.0000 2590.1633   18.6723
   -7.5000   15.0000  -30.0000 2615.2866   18.4787
    0.0000   15.0000  -30.0000 2587.4976   18.6034
    7.5000   15.0000  -30.0000 2538.2393   19.2309
   -7.5000   22.5000  -30.0000 2543.6807   19.3798
    0.0000   22.5000  -30.0000 2518.9185   19.5402
    7.5000   22.5000  -30.0000 2468.1819   20.2156
   -7.5000   30.0000  -30.0000 2445.9783   20.7706
    0.0000   30.0000  -30.0000 2421.3125   20.9543
    7.5000   30.0000  -30.0000 2369.7808   21.6249
   -7.5000   37.5000  -30.0000 2329.0417   22.6913
    0.0000   37.5000  -30.0000 2306.3660   22.8233
    7.5000   37.5000  -30.0000 2254.4661   23.5461
   -7.5000   45.0000  -30.0000 2178.1069   25.1709
    0.0000   45.0000  -30.0000 2160.7058   25.4231
    7.5000   45.0000  -30.0000 2119.7827   26.1363
   -7.5000  -45.0000  -22.5000 2359.4072   23.9076
    0.0000  -45.0000  -22.5000 2354.2095   24.2465
    7.5000  -45.0000  -22.5000 2316.9541   24.8064
   -7.5000  -37.5000  -22.5000 2485.7515   21.4264
    0.0000  -37.5000  -22.5000 2478.6296   21.6776
    7.5000  -37.5000  -22.5000 2431.0703   22.2032
   -7.5000  -30.0000  -22.5000 2590.9258   19.5406
    0.0000  -30.0000  -22.5000 2581.0220   19.7143
    7.5000  -30.0000  -22.5000 2528.6653   20.2072
   -7.5000  -22.5000  -22.5000 2680.1577   18.2092
    0.0000  -22.5000  -22.5000 2669.5342   18.2975
    7.5000  -22.5000  -22.5000 2613.4438   18.7920
   -7.5000  -15.0000  -22.5000 2743.5581   17.3616
    0.0000  -15.0000  -22.5000 2720.3271   17.4346
    7.5000  -15.0000  -22.5000 2672.3037   17.8876
   -7.5000   -7.5000  -22.5000 2780.8076   16.8866
    0.0000   -7.5000  -22.5000 2758.7415   17.0050
    7.5000   -7.5000  -22.5000 2706.7812   17.4700
   -7.5000    0.0000  -22.5000 2793.3079   16.9141
    0.0000    0.0000  -22.5000 2774.0393   17.0147
    7.5000    0.0000  -22.5000 2718.2517   17.5089
   -7.5000    7.5000  -22.5000 2779.0591   17.1900
    0.0000    7.5000  -22.5000 2755.1802   17.3198
    7.5000    7.5000  -22.5000 2697.5269   17.8705
   -7.5000   15.0000  -22.5000 2731.6284   17.7283
    0.0000   15.0000  -22.5000 2702.1543   17.8636
    7.5000   15.0000  -22.5000 2645.8604   18.4793
   -7.5000   22.5000  -22.5000 2652.7368   18.5987
    0.0000   22.5000  -22.5000 2628.9744   18.7392
    7.5000   22.5000  -22.5000 2574.2517   19.4330
   -7.5000   30.0000  -22.5000 2546.5332   19.9359
    0.0000   30.0000  -22.5000 2517.8699   20.0510
    7.5000   30.0000  -22.5000 2468.9282   20.7513
   -7.5000   37.5000  -22.5000 2423.9573   21.8013
    0.0000   37.5000  -22.5000 2399.3540   21.8995
    7.5000   37.5000  -22.5000 2343.4749   22.6162
   -7.5000   45.0000  -22.5000 2267.3037   24.2925
    0.0000   45.0000  -22.5000 2246.3367   24.3975
    7.5000   45.0000  -22.5000 2199.5720   25.1267
   -7.5000  -45.0000  -15.0000 2385.0972   23.2066
    0.0000  -45.0000  -15.0000 2378.7695   23.4706
    7.5000  -45.0000  -15.0000 2338.6755   24.1142
   -7.5000  -37.5000  -15.0000 2520.1028   20.7694
    0.0000  -37.5000  -15.0000 2508.0176   20.9785
    7.5000  -37.5000  -15.0000 2461.4097   21.5600
   -7.5000  -30.0000  -15.0000 2634.9885   18.9152
    0.0000  -30.0000  -15.0000 2621.5305   19.0724
    7.5000  -30.0000  -15.0000 2573.6917   19.6327
   -7.5000  -22.5000  -15.0000 2736.0410   17.5788
    0.0000  -22.5000  -15.0000 2723.5352   17.6924
    7.5000  -22.5000  -15.0000 2671.0327   18.2415
   -7.5000  -15.0000  -15.0000 2813.9978   16.6507
    0.0000  -15.0000  -15.0000 2793.1338   16.7523
    7.5000  -15.0000  -15.0000 2736.1367   17.3142
   -7.5000   -7.5000  -15.0000 2855.2603   16.1018
    0.0000   -7.5000  -15.0000 2828.9214   16.1822
    7.5000   -7.5000  -15.0000 2773.8948   16.7911
   -7.5000    0.0000  -15.0000 2873.3906   16.1264
    0.0000    0.0000  -15.0000 2848.4473   16.1858
    7.5000    0.0000  -15.0000 2791.3760   16.7792
   -7.5000    7.5000  -15.0000 2860.0295   16.4507
    0.0000    7.5000  -15.0000 2831.7307   16.5399
    7.5000    7.5000  -15.0000 2774.8601   17.1111
   -7.5000   15.0000  -15.0000 2808.7222   17.0254
    0.0000   15.0000  -15.0000 2776.3889   17.1560
    7.5000   15.0000  -15.0000 2719.6028   17.7675
   -7.5000   22.5000  -15.0000 2722.2461   17.9014
    0.0000   22.5000  -15.0000 2698.6626   18.0434
    7.5000   22.5000  -15.0000 2641.8503   18.7087
   -7.5000   30.0000  -15.0000 2613.7546   19.2178
    0.0000   30.0000  -15.0000 2589.0955   19.2972
    7.5000   30.0000  -15.0000 2531.5386   20.0454
   -7.5000   37.5000  -15.0000 2481.2593   21.0660
    0.0000   37.5000  -15.0000 2456.8572   21.1294
    7.5000   37.5000  -15.0000 2399.4839   21.8500
   -7.5000   45.0000  -15.0000 2323.2629   23.4590
    0.0000   45.0000  -15.0000 2300.2502   23.5252
    7.5000   45.0000  -15.0000 2249.9954   24.2924
   -7.5000  -45.0000   -7.5000 2389.4736   22.7122
    0.0000  -45.0000   -7.5000 2381.2717   22.9190
    7.5000  -45.0000   -7.5000 2344.5269   23.7604
   -7.5000  -37.5000   -7.5000 2525.2883   20.2918
    0.0000  -37.5000   -7.5000 2513.7629   20.4613
    7.5000  -37.5000   -7.5000 2474.2825   21.2081
   -7.5000  -30.0000   -7.5000 2653.1812   18.4720
    0.0000  -30.0000   -7.5000 2636.3745   18.5927
    7.5000  -30.0000   -7.5000 2592.6936   19.3167
   -7.5000  -22.5000   -7.5000 2775.1890   17.1319
    0.0000  -22.5000   -7.5000 2754.7415   17.2348
    7.5000  -22.5000   -7.5000 2703.4946   17.9428
   -7.5000  -15.0000   -7.5000 2866.0376   16.1578
    0.0000  -15.0000   -7.5000 2843.4685   16.2657
    7.5000  -15.0000   -7.5000 2775.9136   16.9568
   -7.5000   -7.5000   -7.5000 2914.5273   15.4579
    0.0000   -7.5000   -7.5000 2884.4214   15.6000
    7.5000   -7.5000   -7.5000 2822.8027   16.3595
   -7.5000    0.0000   -7.5000 2924.9524   15.4411
    0.0000    0.0000   -7.5000 2902.8821   15.5204
    7.5000    0.0000   -7.5000 2840.0300   16.2712
   -7.5000    7.5000   -7.5000 2909.6035   15.8158
    0.0000    7.5000   -7.5000 2885.7773   15.8684
    7.5000    7.5000   -7.5000 2819.8601   16.5960
   -7.5000   15.0000   -7.5000 2854.9890   16.4030
    0.0000   15.0000   -7.5000 2827.4126   16.5294
    7.5000   15.0000   -7.5000 2765.4580   17.1905
   -7.5000   22.5000   -7.5000 2764.4673   17.3176
    0.0000   22.5000   -7.5000 2739.9875   17.4101
    7.5000   22.5000   -7.5000 2682.2405   18.1244
   -7.5000   30.0000   -7.5000 2646.5469   18.6275
    0.0000   30.0000   -7.5000 2622.0974   18.7212
    7.5000   30.0000   -7.5000 2564.4131   19.4388
   -7.5000   37.5000   -7.5000 2512.0054   20.4132
    0.0000   37.5000   -7.5000 2493.1118   20.5102
    7.5000   37.5000   -7.5000 2434.2056   21.2523
   -7.5000   45.0000   -7.5000 2353.5190   22.6930
    0.0000   45.0000   -7.5000 2330.1084   22.8326
    7.5000   45.0000   -7.5000 2281.9856   23.5860
   -7.5000  -45.0000    0.0000 2376.7625   22.7124
    0.0000  -45.0000    0.0000 2366.8518   22.7840
    7.5000  -45.0000    0.0000 2334.3936   23.7326
   -7.5000  -37.5000    0.0000 2516.0759   20.2068
    0.0000  -37.5000    0.0000 2504.7935   20.2692
    7.5000  -37.5000    0.0000 2465.0764   21.1982
   -7.5000  -30.0000    0.0000 2651.2158   18.3609
    0.0000  -30.0000    0.0000 2634.8438   18.4013
    7.5000  -30.0000    0.0000 2587.3291   19.3155
   -7.5000  -22.5000    0.0000 2776.6465   16.9739
    0.0000  -22.5000    0.0000 2755.2942   17.0189
    7.5000  -22.5000    0.0000 2702.2004   17.9170
   -7.5000  -15.0000    0.0000 2875.5640   16.0165
    0.0000  -15.0000    0.0000 2858.4255   16.0964
    7.5000  -15.0000    0.0000 2791.8931   16.9041
   -7.5000   -7.5000    0.0000 2935.8254   15.2424
    0.0000   -7.5000    0.0000 2917.8206   15.4421
    7.5000   -7.5000    0.0000 2847.5583   16.2714
   -7.5000    0.0000    0.0000 2944.5547   15.0185
    0.0000    0.0000    0.0000 2927.3506   15.1458
    7.5000    0.0000    0.0000 2858.3416   16.0942
   -7.5000    7.5000    0.0000 2920.6143   15.2817
    0.0000    7.5000    0.0000 2907.3037   15.4340
    7.5000    7.5000    0.0000 2832.7375   16.2767
   -7.5000   15.0000    0.0000 2865.3938   15.9887
    0.0000   15.0000    0.0000 2842.8650   16.0814
    7.5000   15.0000    0.0000 2780.1479   16.8065
   -7.5000   22.5000    0.0000 2772.4358   16.9932
    0.0000   22.5000    0.0000 2755.0166   17.0873
    7.5000   22.5000    0.0000 2696.5562   17.7276
   -7.5000   30.0000    0.0000 2655.6167   18.3187
    0.0000   30.0000    0.0000 2630.7148   18.4109
    7.5000   30.0000    0.0000 2578.0991   19.0555
   -7.5000   37.5000    0.0000 2519.0471   20.0803
    0.0000   37.5000    0.0000 2499.7964   20.1577
    7.5000   37.5000    0.0000 2444.8857   20.8329
   -7.5000   45.0000    0.0000 2360.6511   22.3704
    0.0000   45.0000    0.0000 2337.6868   22.4437
    7.5000   45.0000    0.0000 2295.4197   23.1100
   -7.5000  -45.0000    7.5000 2355.2498   22.9990
    0.0000  -45.0000    7.5000 2350.2109   23.0012
    7.5000  -45.0000    7.5000 2313.0701   24.0568
   -7.5000  -37.5000    7.5000 2498.8296   20.4238
    0.0000  -37.5000    7.5000 2488.3821   20.4262
    7.5000  -37.5000    7.5000 2445.6147   21.4284
   -7.5000  -30.0000    7.5000 2628.3438   18.4960
    0.0000  -30.0000    7.5000 2619.6621   18.4995
    7.5000  -30.0000    7.5000 2571.8567   19.4840
   -7.5000  -22.5000    7.5000 2753.5139   17.0723
    0.0000  -22.5000    7.5000 2737.9724   17.0962
    7.5000  -22.5000    7.5000 2683.5867   18.0405
   -7.5000  -15.0000    7.5000 2851.5503   16.1503
    0.0000  -15.0000    7.5000 2842.2729   16.1916
    7.5000  -15.0000    7.5000 2780.0217   17.0391
   -7.5000   -7.5000    7.5000 2918.2278   15.5040
    0.0000   -7.5000    7.5000 2907.6694   15.6083
    7.5000   -7.5000    7.5000 2845.8977   16.4074
   -7.5000    0.0000    7.5000 2934.5447   15.1263
    0.0000    0.0000    7.5000 2927.4526   15.2392
    7.5000    0.0000    7.5000 2863.3638   16.1533
   -7.5000    7.5000    7.5000 2914.7031   15.3132
    0.0000    7.5000    7.5000 2902.4919   15.3531
    7.5000    7.5000    7.5000 2838.6892   16.1335
   -7.5000   15.0000    7.5000 2857.9519   15.9095
    0.0000   15.0000    7.5000 2846.8704   15.9661
    7.5000   15.0000    7.5000 2778.7080   16.6015
   -7.5000   22.5000    7.5000 2765.4390   16.9166
    0.0000   22.5000    7.5000 2751.8174   17.0118
    7.5000   22.5000    7.5000 2691.9224   17.5771
   -7.5000   30.0000    7.5000 2643.8557   18.3128
    0.0000   30.0000    7.5000 2629.2075   18.4104
    7.5000   30.0000    7.5000 2576.1274   18.9810
   -7.5000   37.5000    7.5000 2511.2136   20.1257
    0.0000   37.5000    7.5000 2498.9961   20.2285
    7.5000   37.5000    7.5000 2447.7471   20.8226
   -7.5000   45.0000    7.5000 2355.6882   22.4240
    0.0000   45.0000    7.5000 2335.5256   22.4981
    7.5000   45.0000    7.5000 2299.9219   23.1500
   -7.5000  -45.0000   15.0000 2324.4832   23.4961
    0.0000  -45.0000   15.0000 2323.6924   23.4510
    7.5000  -45.0000   15.0000 2282.9529   24.6058
   -7.5000  -37.5000   15.0000 2464.0825   20.8890
    0.0000  -37.5000   15.0000 2459.8701   20.9024
    7.5000  -37.5000   15.0000 2415.1228   21.9568
   -7.5000  -30.0000   15.0000 2592.5479   18.9667
    0.0000  -30.0000   15.0000 2579.8696   18.9612
    7.5000  -30.0000   15.0000 2533.7244   19.9368
   -7.5000  -22.5000   15.0000 2707.3542   17.5816
    0.0000  -22.5000   15.0000 2694.5837   17.5833
    7.5000  -22.5000   15.0000 2643.5850   18.4857
   -7.5000  -15.0000   15.0000 2805.8884   16.6572
    0.0000  -15.0000   15.0000 2793.2661   16.6733
    7.5000  -15.0000   15.0000 2738.5842   17.5193
   -7.5000   -7.5000   15.0000 2874.5103   15.9430
    0.0000   -7.5000   15.0000 2866.3757   16.0809
    7.5000   -7.5000   15.0000 2808.0662   16.8540
   -7.5000    0.0000   15.0000 2908.7014   15.7561
    0.0000    0.0000   15.0000 2892.0452   15.7549
    7.5000    0.0000   15.0000 2835.2664   16.5346
   -7.5000    7.5000   15.0000 2895.8503   15.9447
    0.0000    7.5000   15.0000 2883.6851   15.9612
    7.5000    7.5000   15.0000 2809.5720   16.5169
   -7.5000   15.0000   15.0000 2831.2288   16.4512
    0.0000   15.0000   15.0000 2819.9070   16.4719
    7.5000   15.0000   15.0000 2751.0840   17.0082
   -7.5000   22.5000   15.0000 2737.2483   17.3129
    0.0000   22.5000   15.0000 2722.0034   17.3375
    7.5000   22.5000   15.0000 2661.6509   17.9128
   -7.5000   30.0000   15.0000 2614.5959   18.6252
    0.0000   30.0000   15.0000 2597.7556   18.6310
    7.5000   30.0000   15.0000 2549.2954   19.2495
   -7.5000   37.5000   15.0000 2485.8308   20.3775
    0.0000   37.5000   15.0000 2468.2598   20.4191
    7.5000   37.5000   15.0000 2425.9724   21.0119
   -7.5000   45.0000   15.0000 2324.8457   22.6269
    0.0000   45.0000   15.0000 2311.1951   22.6963
    7.5000   45.0000   15.0000 2284.6409   23.3304
   -7.5000  -45.0000   22.5000 2286.8972   24.3062
    0.0000  -45.0000   22.5000 2287.6709   24.3617
    7.5000  -45.0000   22.5000 2244.8914   25.4042
   -7.5000  -37.5000   22.5000 2422.7012   21.7246
    0.0000  -37.5000   22.5000 2416.3877   21.7762
    7.5000  -37.5000   22.5000 2369.0522   22.7019
   -7.5000  -30.0000   22.5000 2545.5366   19.7697
    0.0000  -30.0000   22.5000 2532.2087   19.8012
    7.5000  -30.0000   22.5000 2483.6672   20.6840
   -7.5000  -22.5000   22.5000 2659.6812   18.3528
    0.0000  -22.5000   22.5000 2643.3760   18.3847
    7.5000  -22.5000   22.5000 2593.0779   19.2448
   -7.5000  -15.0000   22.5000 2754.1230   17.3094
    0.0000  -15.0000   22.5000 2740.9854   17.4084
    7.5000  -15.0000   22.5000 2685.1108   18.1865
   -7.5000   -7.5000   22.5000 2822.2888   16.6227
    0.0000   -7.5000   22.5000 2809.8621   16.7143
    7.5000   -7.5000   22.5000 2753.4395   17.4996
   -7.5000    0.0000   22.5000 2855.0063   16.4689
    0.0000    0.0000   22.5000 2837.9045   16.5059
    7.5000    0.0000   22.5000 2779.1746   17.0975
   -7.5000    7.5000   22.5000 2841.9282   16.6426
    0.0000    7.5000   22.5000 2827.2041   16.6720
    7.5000    7.5000   22.5000 2760.8401   17.1854
   -7.5000   15.0000   22.5000 2779.4023   17.1792
    0.0000   15.0000   22.5000 2768.0767   17.1639
    7.5000   15.0000   22.5000 2705.2898   17.6821
   -7.5000   22.5000   22.5000 2691.1958   18.0476
    0.0000   22.5000   22.5000 2677.8679   18.0634
    7.5000   22.5000   22.5000 2619.9861   18.5915
   -7.5000   30.0000   22.5000 2573.6172   19.3206
    0.0000   30.0000   22.5000 2557.7029   19.3263
    7.5000   30.0000   22.5000 2513.9578   19.8864
   -7.5000   37.5000   22.5000 2444.2478   20.9986
    0.0000   37.5000   22.5000 2428.0327   21.0063
    7.5000   37.5000   22.5000 2389.9590   21.6151
   -7.5000   45.0000   22.5000 2284.7393   23.1986
    0.0000   45.0000   22.5000 2275.8567   23.1910
    7.5000   45.0000   22.5000 2249.1885   23.8678
   -7.5000  -45.0000   30.0000 2236.9658   25.4798
    0.0000  -45.0000   30.0000 2235.0903   25.6225
    7.5000  -45.0000   30.0000 2195.9814   26.6152
   -7.5000  -37.5000   30.0000 2370.9507   22.8406
    0.0000  -37.5000   30.0000 2364.6377   22.9435
    7.5000  -37.5000   30.0000 2318.0415   23.8671
   -7.5000  -30.0000   30.0000 2492.2051   20.8010
    0.0000  -30.0000   30.0000 2479.5161   20.8857
    7.5000  -30.0000   30.0000 2425.9543   21.7962
   -7.5000  -22.5000   30.0000 2601.3540   19.2668
    0.0000  -22.5000   30.0000 2591.8914   19.3727
    7.5000  -22.5000   30.0000 2528.1670   20.1674
   -7.5000  -15.0000   30.0000 2690.3538   18.2112
    0.0000  -15.0000   30.0000 2675.6855   18.2965
    7.5000  -15.0000   30.0000 2621.6362   19.1171
   -7.5000   -7.5000   30.0000 2747.4470   17.5522
    0.0000   -7.5000   30.0000 2736.3948   17.6324
    7.5000   -7.5000   30.0000 2675.3525   18.2940
   -7.5000    0.0000   30.0000 2770.7231   17.3527
    0.0000    0.0000   30.0000 2756.1956   17.3924
    7.5000    0.0000   30.0000 2696.9805   17.9502
   -7.5000    7.5000   30.0000 2752.3408   17.5084
    0.0000    7.5000   30.0000 2741.3167   17.5539
    7.5000    7.5000   30.0000 2681.7437   18.0421
   -7.5000   15.0000   30.0000 2696.8171   18.0335
    0.0000   15.0000   30.0000 2686.0161   18.0437
    7.5000   15.0000   30.0000 2635.8582   18.5352
   -7.5000   22.5000   30.0000 2620.4746   18.9146
    0.0000   22.5000   30.0000 2606.0664   18.9050
    7.5000   22.5000   30.0000 2557.9785   19.4783
   -7.5000   30.0000   30.0000 2512.2673   20.1824
    0.0000   30.0000   30.0000 2494.8022   20.2275
    7.5000   30.0000   30.0000 2450.8511   20.7755
   -7.5000   37.5000   30.0000 2383.1282   21.8847
    0.0000   37.5000   30.0000 2371.6660   21.9348
    7.5000   37.5000   30.0000 2338.9287   22.5079
   -7.5000   45.0000   30.0000 2232.0166   24.0108
    0.0000   45.0000   30.0000 2217.1404   24.1169
    7.5000   45.0000   30.0000 2194.6462   24.8312
   -7.5000  -45.0000   37.5000 2177.3955   27.0001
    0.0000  -45.0000   37.5000 2179.4290   27.1398
    7.5000  -45.0000   37.5000 2140.9634   28.1132
   -7.5000  -37.5000   37.5000 2309.2881   24.1600
    0.0000  -37.5000   37.5000 2309.4802   24.3247
    7.5000  -37.5000   37.5000 2260.8875   25.2444
   -7.5000  -30.0000   37.5000 2427.6060   22.0224
    0.0000  -30.0000   37.5000 2423.2437   22.1923
    7.5000  -30.0000   37.5000 2364.1606   23.0423
   -7.5000  -22.5000   37.5000 2531.9365   20.4760
    0.0000  -22.5000   37.5000 2520.4045   20.6037
    7.5000  -22.5000   37.5000 2466.0469   21.3966
   -7.5000  -15.0000   37.5000 2606.3279   19.3603
    0.0000  -15.0000   37.5000 2597.8694   19.4627
    7.5000  -15.0000   37.5000 2549.4031   20.2444
   -7.5000   -7.5000   37.5000 2656.4104   18.6633
    0.0000   -7.5000   37.5000 2648.5806   18.7671
    7.5000   -7.5000   37.5000 2597.5237   19.3637
   -7.5000    0.0000   37.5000 2677.8721   18.4491
    0.0000    0.0000   37.5000 2664.9165   18.5030
    7.5000    0.0000   37.5000 2615.8794   19.0420
   -7.5000    7.5000   37.5000 2653.6311   18.6076
    0.0000    7.5000   37.5000 2643.0764   18.6533
    7.5000    7.5000   37.5000 2597.2380   19.1266
   -7.5000   15.0000   37.5000 2601.0356   19.1312
    0.0000   15.0000   37.5000 2592.6665   19.1421
    7.5000   15.0000   37.5000 2553.1616   19.6327
   -7.5000   22.5000   37.5000 2532.7517   19.9648
    0.0000   22.5000   37.5000 2522.2427   19.9845
    7.5000   22.5000   37.5000 2482.9739   20.4964
   -7.5000   30.0000   37.5000 2433.1365   21.1853
    0.0000   30.0000   37.5000 2419.4370   21.2215
    7.5000   30.0000   37.5000 2385.2576   21.8001
   -7.5000   37.5000   37.5000 2311.0010   22.9368
    0.0000   37.5000   37.5000 2299.0552   22.9911
    7.5000   37.5000   37.5000 2270.3225   23.5228
   -7.5000   45.0000   37.5000 2162.0750   25.1859
    0.0000   45.0000   37.5000 2157.6299   25.2777
    7.5000   45.0000   37.5000 2133.0527   25.9411
   -7.5000  -45.0000   45.0000 2116.3108   28.5738
    0.0000  -45.0000   45.0000 2121.6526   28.8780
    7.5000  -45.0000   45.0000 2080.5625   29.7619
   -7.5000  -37.5000   45.0000 2246.5369   25.7230
    0.0000  -37.5000   45.0000 2249.4297   25.9928
    7.5000  -37.5000   45.0000 2195.9951   26.8182
   -7.5000  -30.0000   45.0000 2361.0559   23.5608
    0.0000  -30.0000   45.0000 2354.1287   23.7724
    7.5000  -30.0000   45.0000 2301.8936   24.5673
   -7.5000  -22.5000   45.0000 2458.4841   21.9653
    0.0000  -22.5000   45.0000 2448.2214   22.0849
    7.5000  -22.5000   45.0000 2396.0222   22.8822
   -7.5000  -15.0000   45.0000 2525.2395   20.8422
    0.0000  -15.0000   45.0000 2515.4355   20.9373
    7.5000  -15.0000   45.0000 2469.1912   21.6253
   -7.5000   -7.5000   45.0000 2561.5483   20.0550
    0.0000   -7.5000   45.0000 2554.4150   20.1916
    7.5000   -7.5000   45.0000 2508.6360   20.7903
   -7.5000    0.0000   45.0000 2573.5654   19.8111
    0.0000    0.0000   45.0000 2564.8433   19.9077
    7.5000    0.0000   45.0000 2524.9629   20.4639
   -7.5000    7.5000   45.0000 2550.7317   19.9572
    0.0000    7.5000   45.0000 2540.1265   20.0335
    7.5000    7.5000   45.0000 2505.7131   20.5159
   -7.5000   15.0000   45.0000 2502.1665   20.4932
    0.0000   15.0000   45.0000 2490.9312   20.5485
    7.5000   15.0000   45.0000 2463.8875   21.0163
   -7.5000   22.5000   45.0000 2436.9004   21.3108
    0.0000   22.5000   45.0000 2426.3560   21.3854
    7.5000   22.5000   45.0000 2400.3906   21.8650
   -7.5000   30.0000   45.0000 2345.5632   22.4998
    0.0000   30.0000   45.0000 2335.8945   22.5520
    7.5000   30.0000   45.0000 2305.6333   23.1012
   -7.5000   37.5000   45.0000 2223.3445   24.2460
    0.0000   37.5000   45.0000 2218.2041   24.2688
    7.5000   37.5000   45.0000 2190.5283   24.8583
   -7.5000   45.0000   45.0000 2096.7280   26.5482
    0.0000   45.0000   45.0000 2085.1699   26.5981
    7.5000   45.0000   45.0000 2062.9297   27.3166

---------------------------------------------------------------------
imgreg_4dfp /opt/freesurfer/average/711-2C_as_mni_average_305 /opt/freesurfer/average/711-2B_as_mni_average_305_mask talsrcimg_g11 none talsrcimg_to_711-2C_as_mni_average_305_t4 1283
---------------------------------------------------------------------

freesurfer imgreg_4dfp.c
/opt/freesurfer/average/711-2C_as_mni_average_305.4dfp.img
       256       256       256         1
  1.000000  1.000000  1.000000
orientation T byte_order littleendian
Reading image: /opt/freesurfer/average/711-2C_as_mni_average_305.4dfp.img
dimensions:      256       256       256
mmppix:       1.0000   -1.0000   -1.0000
center:     128.0000 -129.0000 -129.0000
/opt/freesurfer/average/711-2B_as_mni_average_305_mask.4dfp.img
       256       256       256         1
  1.000000  1.000000  1.000000
orientation T byte_order littleendian
Reading mask: /opt/freesurfer/average/711-2B_as_mni_average_305_mask.4dfp.img (2306576 pixels)
talsrcimg_g11.4dfp.img
       256       256       256         1
  1.000000  1.000000  1.000000
orientation T byte_order littleendian
Reading image: talsrcimg_g11.4dfp.img
dimensions:      256       256       256
mmppix:       1.0000   -1.0000   -1.0000
center:     128.0000 -129.0000 -129.0000
rotation matrix determinant  1.000000
fimgreg.f
image alignment mode   1283 decimal      503 hex
parameters
   -7.5000    0.0000    0.0000    0.0000    0.0000    0.0000
eta,q 0.92575 14.96977
niter,ni,del,rscale     5    3   12.0000    1.2000
parameter  4  1.220495 ->  0.500000 qaram    1.1500
parameter  6 -0.792205 -> -0.500000 qaram    1.1500
parameters
   -9.8151   -0.1616    0.4065   -3.4500    1.7787    3.4500
eta,q 0.92820 15.05681
  0.0789  0.0804  0.0830  0.0730  0.0779  0.0791
  0.0760  0.0785  0.0811  0.0738  0.0753  0.0777
  0.0773  0.0774  0.0798  0.0750  0.0746  0.0753
  0.0777  0.0774  0.0771  0.0761  0.0741  0.0734
  0.0785  0.0784  0.0759  0.0781  0.0733  0.0722
  0.0814  0.0785  0.0799  0.0809  0.0732  0.0718
  0.0829  0.0806  0.0827  0.0838  0.0749  0.0725
niter,ni,del,rscale     6    3   12.0000    1.2000
parameter  4  1.340805 ->  0.500000 qaram    1.3225
parameter  5  2.348935 -> -0.500000 qaram    1.1500
parameters
   -8.1941   -2.1621    1.0004   -7.4175    5.2287    6.6103
eta,q 0.93526 15.03752
  0.0860  0.0746  0.0760  0.0699  0.0720  0.0753
  0.0779  0.0730  0.0739  0.0706  0.0707  0.0722
  0.0721  0.0726  0.0739  0.0714  0.0708  0.0695
  0.0718  0.0729  0.0726  0.0725  0.0708  0.0664
  0.0729  0.0748  0.0732  0.0744  0.0683  0.0647
  0.0717  0.0764  0.0746  0.0766  0.0660  0.0656
  0.0750  0.0777  0.0744  0.0787  0.0670  0.0674
niter,ni,del,rscale     7    3   12.0000    1.2000
parameters
   -6.6875   -1.3857    1.3634   -9.4647    4.7061    7.0618
eta,q 0.93671 15.02638
  0.0790  0.0768  0.0734  0.0689  0.0695  0.0696
  0.0731  0.0696  0.0721  0.0659  0.0664  0.0663
  0.0681  0.0649  0.0684  0.0631  0.0640  0.0640
  0.0647  0.0643  0.0648  0.0645  0.0631  0.0632
  0.0646  0.0659  0.0658  0.0684  0.0636  0.0642
  0.0667  0.0679  0.0695  0.0716  0.0674  0.0661
  0.0699  0.0702  0.0732  0.0740  0.0728  0.0675
niter,ni,del,rscale     6    3   12.0000    1.2000
parameters
   -6.5088   -0.5665    0.9316  -10.7991    4.3433    7.4921
eta,q 0.93642 15.02335
  0.0736  0.0750  0.0714  0.0686  0.0698  0.0689
  0.0680  0.0682  0.0702  0.0678  0.0665  0.0662
  0.0646  0.0640  0.0666  0.0645  0.0643  0.0646
  0.0633  0.0633  0.0637  0.0640  0.0635  0.0635
  0.0651  0.0644  0.0659  0.0665  0.0640  0.0645
  0.0681  0.0663  0.0706  0.0702  0.0669  0.0663
  0.0717  0.0688  0.0752  0.0725  0.0721  0.0673
niter,ni,del,rscale     5    3   12.0000    1.2000
parameters
   -6.5500    0.2988    0.3170  -12.4334    3.7840    7.6734
eta,q 0.93576 15.03980
  0.0723  0.0731  0.0702  0.0678  0.0693  0.0685
  0.0675  0.0677  0.0694  0.0677  0.0661  0.0664
  0.0647  0.0646  0.0665  0.0655  0.0645  0.0651
  0.0636  0.0636  0.0637  0.0642  0.0643  0.0642
  0.0654  0.0642  0.0659  0.0667  0.0652  0.0652
  0.0680  0.0658  0.0704  0.0701  0.0671  0.0666
  0.0720  0.0682  0.0746  0.0726  0.0716  0.0678
niter,ni,del,rscale     4    3   12.0000    1.2000
parameters
   -6.4855    1.4116   -0.5360  -13.9848    3.0739    7.1243
eta,q 0.93547 15.02445
  0.0716  0.0718  0.0688  0.0687  0.0694  0.0684
  0.0678  0.0680  0.0674  0.0676  0.0661  0.0663
  0.0656  0.0657  0.0656  0.0660  0.0645  0.0651
  0.0642  0.0643  0.0638  0.0643  0.0648  0.0645
  0.0657  0.0638  0.0655  0.0671  0.0662  0.0657
  0.0674  0.0650  0.0695  0.0706  0.0681  0.0676
  0.0714  0.0679  0.0732  0.0730  0.0711  0.0692
niter,ni,del,rscale     3    3   12.0000    1.2000
parameters
   -6.0935    1.9329   -1.0843  -14.4665    2.7093    6.7540
eta,q 0.93566 15.02565
  0.0704  0.0695  0.0686  0.0710  0.0698  0.0693
  0.0676  0.0668  0.0665  0.0680  0.0665  0.0666
  0.0665  0.0657  0.0649  0.0665  0.0646  0.0649
  0.0645  0.0644  0.0641  0.0642  0.0645  0.0644
  0.0651  0.0637  0.0650  0.0658  0.0657  0.0657
  0.0663  0.0658  0.0675  0.0698  0.0677  0.0680
  0.0697  0.0683  0.0711  0.0727  0.0705  0.0698
niter,ni,del,rscale     2    3   12.0000    1.2000
parameters
   -6.0502    2.1395   -1.0572  -14.4931    2.6818    6.7838
eta,q 0.93576 15.01854
  0.0691  0.0687  0.0695  0.0718  0.0702  0.0700
  0.0674  0.0666  0.0667  0.0686  0.0667  0.0670
  0.0665  0.0655  0.0651  0.0667  0.0647  0.0651
  0.0643  0.0643  0.0642  0.0642  0.0642  0.0642
  0.0651  0.0641  0.0648  0.0650  0.0653  0.0652
  0.0665  0.0663  0.0666  0.0689  0.0672  0.0675
  0.0699  0.0684  0.0695  0.0723  0.0698  0.0696
niter,ni,del,rscale     1    3   12.0000    1.2000
parameters
   -6.0356    2.1484   -1.0548  -14.5011    2.6837    6.7819
eta,q 0.93576 15.01867
  0.0689  0.0684  0.0694  0.0719  0.0703  0.0700
  0.0672  0.0664  0.0667  0.0686  0.0668  0.0670
  0.0662  0.0654  0.0651  0.0667  0.0647  0.0651
  0.0642  0.0642  0.0642  0.0642  0.0642  0.0642
  0.0651  0.0642  0.0648  0.0649  0.0653  0.0653
  0.0664  0.0666  0.0666  0.0689  0.0672  0.0676
  0.0698  0.0686  0.0695  0.0723  0.0698  0.0696
registration optimization eta report
parameter search radius
    6.0000    6.0000    6.0000    7.9350    6.9000    6.9000
100000*second partial in parameter space
       13.       12.       14.       12.       12.       11.
  0.0689  0.0684  0.0694  0.0719  0.0703  0.0700
  0.0672  0.0664  0.0667  0.0686  0.0668  0.0670
  0.0662  0.0654  0.0651  0.0667  0.0647  0.0651
  0.0642  0.0642  0.0642  0.0642  0.0642  0.0642
  0.0651  0.0642  0.0648  0.0649  0.0653  0.0653
  0.0664  0.0666  0.0666  0.0689  0.0672  0.0676
  0.0698  0.0686  0.0695  0.0723  0.0698  0.0696
   -6.0356    2.1484   -1.0548  -14.5011    2.6837    6.7819
eta,q 0.93576 15.01867

---------------------------------------------------------------------
imgreg_4dfp /opt/freesurfer/average/711-2C_as_mni_average_305 /opt/freesurfer/average/711-2B_as_mni_average_305_mask talsrcimg_g11 none talsrcimg_to_711-2C_as_mni_average_305_t4 3335
---------------------------------------------------------------------

freesurfer imgreg_4dfp.c
/opt/freesurfer/average/711-2C_as_mni_average_305.4dfp.img
       256       256       256         1
  1.000000  1.000000  1.000000
orientation T byte_order littleendian
Reading image: /opt/freesurfer/average/711-2C_as_mni_average_305.4dfp.img
dimensions:      256       256       256
mmppix:       1.0000   -1.0000   -1.0000
center:     128.0000 -129.0000 -129.0000
/opt/freesurfer/average/711-2B_as_mni_average_305_mask.4dfp.img
       256       256       256         1
  1.000000  1.000000  1.000000
orientation T byte_order littleendian
Reading mask: /opt/freesurfer/average/711-2B_as_mni_average_305_mask.4dfp.img (2306576 pixels)
talsrcimg_g11.4dfp.img
       256       256       256         1
  1.000000  1.000000  1.000000
orientation T byte_order littleendian
Reading image: talsrcimg_g11.4dfp.img
dimensions:      256       256       256
mmppix:       1.0000   -1.0000   -1.0000
center:     128.0000 -129.0000 -129.0000
fimgreg.f
image alignment mode   3335 decimal      D07 hex
parameters
   -6.0356    2.1484   -1.0548   -0.8086   -3.7247   -3.2919
  -10.2686   -7.4584   11.7961   24.3293    4.6823  -25.0123
eta,q 0.93834 14.93656
niter,ni,del,rscale     5    3    5.0000    1.2000
parameter  4 -7.835548 ->  0.500000 qaram    1.1500
parameter  5 -9.748801 ->  0.500000 qaram    1.1500
parameter  6  1.408629 ->  0.500000 qaram    1.1500
parameter 12 -0.514181 -> -0.500000 qaram    1.1500
parameters
   -5.4826    1.9019   -0.7780   -4.9486   -7.8647   -7.4319
   -9.7052   -4.0099   10.6927   22.4236    2.4542  -20.8723
eta,q 0.96204 14.66656
  0.0629  0.0623  0.0630  0.0490  0.0414  0.0391  0.0435  0.0485  0.0404  0.0408  0.0393  0.0419
  0.0623  0.0618  0.0623  0.0531  0.0451  0.0397  0.0419  0.0453  0.0393  0.0396  0.0387  0.0409
  0.0619  0.0616  0.0618  0.0578  0.0496  0.0422  0.0407  0.0424  0.0388  0.0388  0.0385  0.0397
  0.0617  0.0616  0.0615  0.0615  0.0544  0.0463  0.0401  0.0401  0.0388  0.0387  0.0387  0.0385
  0.0615  0.0617  0.0616  0.0649  0.0587  0.0508  0.0402  0.0389  0.0393  0.0399  0.0392  0.0379
  0.0617  0.0621  0.0619  0.0689  0.0623  0.0558  0.0411  0.0391  0.0403  0.0425  0.0401  0.0381
  0.0621  0.0626  0.0624  0.0725  0.0659  0.0614  0.0427  0.0406  0.0418  0.0462  0.0412  0.0387
niter,ni,del,rscale     7    3    5.0000    1.2000
parameter  4  1.489458 ->  0.500000 qaram    1.3225
parameter  5  0.769094 ->  0.500000 qaram    1.3225
parameter 10  0.648286 ->  0.500000 qaram    1.1500
parameter 12  0.738723 ->  0.500000 qaram    1.3225
parameters
   -5.6449    2.1143    0.1710   -9.7096  -12.6257   -9.3610
  -10.8311   -3.3536   11.4415   18.2836    2.6356  -25.6333
eta,q 0.97331 14.28043
  0.0408  0.0416  0.0425  0.0305  0.0288  0.0313  0.0316  0.0353  0.0316  0.0282  0.0290  0.0274
  0.0393  0.0398  0.0405  0.0308  0.0286  0.0304  0.0300  0.0322  0.0304  0.0280  0.0285  0.0267
  0.0383  0.0385  0.0390  0.0334  0.0291  0.0296  0.0292  0.0300  0.0295  0.0283  0.0281  0.0270
  0.0380  0.0380  0.0380  0.0375  0.0313  0.0286  0.0293  0.0291  0.0291  0.0291  0.0280  0.0280
  0.0385  0.0381  0.0375  0.0427  0.0351  0.0293  0.0301  0.0294  0.0292  0.0304  0.0280  0.0292
  0.0398  0.0390  0.0378  0.0473  0.0400  0.0331  0.0315  0.0309  0.0297  0.0323  0.0283  0.0305
  0.0418  0.0405  0.0385  0.0524  0.0446  0.0388  0.0332  0.0334  0.0308  0.0351  0.0290  0.0319
niter,ni,del,rscale     7    3    5.0000    1.2000
parameter  2 -0.515459 -> -0.500000 qaram    1.1500
parameters
   -5.4115    3.4943    1.2161  -14.1540  -16.1224  -10.0889
  -11.7104   -3.2275   11.5973   18.5195    2.7421  -27.0814
eta,q 0.97550 13.90068
  0.0320  0.0327  0.0297  0.0264  0.0266  0.0275  0.0268  0.0285  0.0261  0.0286  0.0254  0.0270
  0.0294  0.0302  0.0280  0.0253  0.0254  0.0262  0.0255  0.0265  0.0253  0.0264  0.0250  0.0252
  0.0276  0.0281  0.0267  0.0246  0.0246  0.0253  0.0248  0.0252  0.0249  0.0251  0.0248  0.0245
  0.0267  0.0266  0.0258  0.0254  0.0248  0.0246  0.0248  0.0247  0.0247  0.0247  0.0247  0.0247
  0.0269  0.0259  0.0255  0.0291  0.0272  0.0246  0.0253  0.0251  0.0248  0.0251  0.0248  0.0256
  0.0282  0.0259  0.0255  0.0345  0.0315  0.0263  0.0264  0.0262  0.0252  0.0262  0.0250  0.0268
  0.0303  0.0266  0.0261  0.0397  0.0363  0.0300  0.0279  0.0283  0.0260  0.0281  0.0254  0.0282
niter,ni,del,rscale     7    3    5.0000    1.2000
parameters
   -5.5054    4.4764    1.2292  -14.9529  -17.2341  -10.3714
  -11.5734   -3.3919   11.6195   19.2271    2.2076  -27.9254
eta,q 0.97558 13.80421
  0.0274  0.0295  0.0257  0.0276  0.0281  0.0277  0.0273  0.0279  0.0256  0.0288  0.0250  0.0271
  0.0257  0.0272  0.0248  0.0260  0.0264  0.0263  0.0257  0.0261  0.0250  0.0264  0.0247  0.0253
  0.0247  0.0255  0.0243  0.0249  0.0251  0.0252  0.0248  0.0249  0.0246  0.0250  0.0246  0.0244
  0.0245  0.0245  0.0241  0.0241  0.0243  0.0245  0.0245  0.0245  0.0245  0.0245  0.0245  0.0245
  0.0249  0.0241  0.0242  0.0238  0.0248  0.0243  0.0248  0.0249  0.0246  0.0248  0.0246  0.0253
  0.0260  0.0243  0.0248  0.0261  0.0275  0.0259  0.0256  0.0261  0.0250  0.0258  0.0248  0.0264
  0.0278  0.0254  0.0256  0.0306  0.0315  0.0291  0.0270  0.0283  0.0256  0.0274  0.0252  0.0277
niter,ni,del,rscale     6    3    5.0000    1.2000
parameters
   -5.5491    4.6084    1.0235  -14.6948  -17.5112  -10.2889
  -11.4758   -3.4993   11.8092   19.7171    1.7948  -28.5033
eta,q 0.97567 13.82503
  0.0272  0.0274  0.0256  0.0281  0.0286  0.0279  0.0271  0.0279  0.0255  0.0285  0.0249  0.0272
  0.0256  0.0258  0.0249  0.0265  0.0269  0.0264  0.0255  0.0259  0.0249  0.0261  0.0246  0.0254
  0.0247  0.0248  0.0245  0.0253  0.0254  0.0252  0.0247  0.0248  0.0245  0.0248  0.0244  0.0244
  0.0244  0.0244  0.0244  0.0244  0.0243  0.0244  0.0244  0.0244  0.0244  0.0244  0.0244  0.0244
  0.0248  0.0246  0.0247  0.0238  0.0243  0.0242  0.0247  0.0248  0.0245  0.0247  0.0244  0.0251
  0.0258  0.0255  0.0252  0.0251  0.0264  0.0256  0.0255  0.0260  0.0248  0.0258  0.0247  0.0262
  0.0274  0.0268  0.0260  0.0288  0.0302  0.0285  0.0269  0.0282  0.0254  0.0275  0.0251  0.0275
niter,ni,del,rscale     5    3    5.0000    1.2000
parameters
   -5.5456    4.6130    0.9044  -14.5989  -17.6583  -10.2093
  -11.4605   -3.5454   11.9229   20.0209    1.5581  -28.8461
eta,q 0.97572 13.83786
  0.0272  0.0270  0.0256  0.0280  0.0287  0.0279  0.0269  0.0279  0.0254  0.0283  0.0249  0.0274
  0.0256  0.0255  0.0248  0.0264  0.0269  0.0264  0.0254  0.0259  0.0248  0.0260  0.0245  0.0256
  0.0246  0.0246  0.0244  0.0252  0.0254  0.0252  0.0246  0.0247  0.0245  0.0247  0.0244  0.0244
  0.0243  0.0243  0.0243  0.0243  0.0243  0.0243  0.0243  0.0243  0.0243  0.0243  0.0243  0.0243
  0.0247  0.0246  0.0246  0.0237  0.0242  0.0241  0.0246  0.0247  0.0244  0.0247  0.0244  0.0250
  0.0256  0.0255  0.0251  0.0252  0.0262  0.0255  0.0255  0.0259  0.0247  0.0259  0.0246  0.0261
  0.0272  0.0269  0.0259  0.0291  0.0300  0.0285  0.0269  0.0281  0.0254  0.0276  0.0250  0.0274
niter,ni,del,rscale     4    3    5.0000    1.2000
parameters
   -5.5423    4.6131    0.8423  -14.5574  -17.7602  -10.1754
  -11.4585   -3.5663   11.9918   20.1931    1.4347  -29.0572
eta,q 0.97573 13.84312
  0.0272  0.0270  0.0257  0.0280  0.0287  0.0279  0.0269  0.0279  0.0254  0.0282  0.0249  0.0274
  0.0256  0.0254  0.0249  0.0264  0.0269  0.0263  0.0254  0.0259  0.0248  0.0259  0.0245  0.0257
  0.0246  0.0245  0.0244  0.0252  0.0254  0.0252  0.0246  0.0247  0.0244  0.0246  0.0243  0.0244
  0.0243  0.0243  0.0243  0.0243  0.0243  0.0243  0.0243  0.0243  0.0243  0.0243  0.0243  0.0243
  0.0246  0.0246  0.0245  0.0237  0.0242  0.0241  0.0246  0.0247  0.0244  0.0248  0.0243  0.0250
  0.0256  0.0255  0.0250  0.0253  0.0262  0.0256  0.0255  0.0259  0.0247  0.0259  0.0245  0.0261
  0.0272  0.0269  0.0258  0.0291  0.0299  0.0286  0.0268  0.0280  0.0254  0.0276  0.0249  0.0274
niter,ni,del,rscale     3    3    5.0000    1.2000
parameters
   -5.5412    4.6173    0.8053  -14.5323  -17.8264  -10.1635
  -11.4543   -3.5771   12.0285   20.2996    1.3573  -29.1941
eta,q 0.97574 13.84551
  0.0272  0.0269  0.0257  0.0280  0.0287  0.0279  0.0269  0.0280  0.0254  0.0281  0.0249  0.0275
  0.0256  0.0254  0.0249  0.0264  0.0269  0.0263  0.0254  0.0259  0.0248  0.0258  0.0245  0.0257
  0.0246  0.0245  0.0244  0.0252  0.0254  0.0252  0.0245  0.0247  0.0244  0.0246  0.0243  0.0244
  0.0243  0.0243  0.0243  0.0243  0.0243  0.0243  0.0243  0.0243  0.0243  0.0243  0.0243  0.0243
  0.0246  0.0246  0.0245  0.0237  0.0242  0.0241  0.0246  0.0247  0.0243  0.0248  0.0243  0.0250
  0.0256  0.0255  0.0250  0.0253  0.0261  0.0256  0.0254  0.0258  0.0247  0.0259  0.0245  0.0261
  0.0272  0.0269  0.0258  0.0292  0.0299  0.0287  0.0268  0.0280  0.0254  0.0277  0.0249  0.0273
niter,ni,del,rscale     2    3    5.0000    1.2000
parameters
   -5.5412    4.6194    0.7821  -14.5192  -17.8674  -10.1584
  -11.4507   -3.5832   12.0600   20.3659    1.2961  -29.2771
eta,q 0.97574 13.84689
  0.0272  0.0269  0.0257  0.0280  0.0287  0.0279  0.0269  0.0280  0.0254  0.0281  0.0249  0.0275
  0.0256  0.0254  0.0249  0.0264  0.0269  0.0263  0.0254  0.0259  0.0247  0.0258  0.0245  0.0258
  0.0246  0.0245  0.0244  0.0252  0.0254  0.0251  0.0245  0.0247  0.0244  0.0245  0.0243  0.0244
  0.0243  0.0243  0.0243  0.0243  0.0243  0.0243  0.0243  0.0243  0.0243  0.0243  0.0243  0.0243
  0.0246  0.0246  0.0245  0.0237  0.0241  0.0241  0.0246  0.0247  0.0243  0.0248  0.0243  0.0250
  0.0256  0.0255  0.0250  0.0253  0.0261  0.0256  0.0254  0.0258  0.0247  0.0260  0.0245  0.0260
  0.0272  0.0269  0.0257  0.0292  0.0299  0.0287  0.0268  0.0280  0.0254  0.0277  0.0249  0.0273
registration optimization eta report
parameter search radius
    2.4000    2.7600    2.4000    9.5220    9.5220    8.2800
    7.2000    7.2000    7.2000    8.2800    7.2000    9.5220
100000*second partial in parameter space
       51.       35.       26.        5.        6.        6.
        5.        7.        2.        5.        1.        3.
  0.0272  0.0269  0.0257  0.0280  0.0287  0.0279  0.0269  0.0280  0.0254  0.0281  0.0249  0.0275
  0.0256  0.0254  0.0249  0.0264  0.0269  0.0263  0.0254  0.0259  0.0247  0.0258  0.0245  0.0258
  0.0246  0.0245  0.0244  0.0252  0.0254  0.0251  0.0245  0.0247  0.0244  0.0245  0.0243  0.0244
  0.0243  0.0243  0.0243  0.0243  0.0243  0.0243  0.0243  0.0243  0.0243  0.0243  0.0243  0.0243
  0.0246  0.0246  0.0245  0.0237  0.0241  0.0241  0.0246  0.0247  0.0243  0.0248  0.0243  0.0250
  0.0256  0.0255  0.0250  0.0253  0.0261  0.0256  0.0254  0.0258  0.0247  0.0260  0.0245  0.0260
  0.0272  0.0269  0.0257  0.0292  0.0299  0.0287  0.0268  0.0280  0.0254  0.0277  0.0249  0.0273
   -5.5412    4.6194    0.7821  -14.5192  -17.8674  -10.1584
  -11.4507   -3.5832   12.0600   20.3659    1.2961  -29.2771
eta,q 0.97574 13.84689

---------------------------------------------------------------------
imgreg_4dfp /opt/freesurfer/average/711-2C_as_mni_average_305 /opt/freesurfer/average/711-2B_as_mni_average_305_mask talsrcimg_g11 none talsrcimg_to_711-2C_as_mni_average_305_t4 2311
---------------------------------------------------------------------

freesurfer imgreg_4dfp.c
/opt/freesurfer/average/711-2C_as_mni_average_305.4dfp.img
       256       256       256         1
  1.000000  1.000000  1.000000
orientation T byte_order littleendian
Reading image: /opt/freesurfer/average/711-2C_as_mni_average_305.4dfp.img
dimensions:      256       256       256
mmppix:       1.0000   -1.0000   -1.0000
center:     128.0000 -129.0000 -129.0000
/opt/freesurfer/average/711-2B_as_mni_average_305_mask.4dfp.img
       256       256       256         1
  1.000000  1.000000  1.000000
orientation T byte_order littleendian
Reading mask: /opt/freesurfer/average/711-2B_as_mni_average_305_mask.4dfp.img (2306576 pixels)
talsrcimg_g11.4dfp.img
       256       256       256         1
  1.000000  1.000000  1.000000
orientation T byte_order littleendian
Reading image: talsrcimg_g11.4dfp.img
dimensions:      256       256       256
mmppix:       1.0000   -1.0000   -1.0000
center:     128.0000 -129.0000 -129.0000
fimgreg.f
image alignment mode   2311 decimal      907 hex
parameters
   -5.5412    4.6194    0.7821  -14.5192  -17.8674  -10.1584
  -11.4507   -3.5832   12.0600   20.3659    1.2961  -29.2771
eta,q 0.97574 13.84688
niter,ni,del,rscale     5    3    5.0000    0.8000
parameter  4 -0.661702 -> -0.500000 qaram    1.1500
parameters
   -5.5427    4.5792    0.7019  -11.7592  -16.9006   -9.9213
  -11.1387   -3.5730   11.8533   20.5777    0.6902  -29.3288
eta,q 0.97658 14.02538
  0.0256  0.0251  0.0249  0.0257  0.0256  0.0252  0.0255  0.0259  0.0242  0.0252  0.0238  0.0247
  0.0248  0.0246  0.0245  0.0252  0.0248  0.0245  0.0244  0.0245  0.0238  0.0242  0.0236  0.0239
  0.0244  0.0243  0.0243  0.0247  0.0242  0.0239  0.0237  0.0237  0.0235  0.0236  0.0234  0.0235
  0.0243  0.0243  0.0243  0.0243  0.0236  0.0235  0.0234  0.0234  0.0234  0.0234  0.0234  0.0234
  0.0244  0.0244  0.0244  0.0238  0.0234  0.0234  0.0236  0.0237  0.0235  0.0236  0.0235  0.0236
  0.0248  0.0247  0.0246  0.0236  0.0237  0.0239  0.0241  0.0245  0.0239  0.0241  0.0238  0.0241
  0.0256  0.0252  0.0250  0.0241  0.0247  0.0252  0.0250  0.0258  0.0244  0.0248  0.0241  0.0247
niter,ni,del,rscale     5    3    5.0000    0.8000
parameters
   -5.5573    4.4567    0.6359  -12.7970  -16.7606   -9.6031
  -11.1852   -3.5851   12.2092   20.7074    0.7855  -29.3070
eta,q 0.97653 14.02052
  0.0253  0.0244  0.0242  0.0249  0.0252  0.0252  0.0250  0.0256  0.0244  0.0252  0.0240  0.0249
  0.0243  0.0238  0.0237  0.0243  0.0245  0.0245  0.0241  0.0244  0.0239  0.0242  0.0237  0.0240
  0.0236  0.0235  0.0235  0.0238  0.0239  0.0239  0.0236  0.0237  0.0236  0.0236  0.0235  0.0236
  0.0234  0.0234  0.0234  0.0234  0.0236  0.0235  0.0235  0.0235  0.0235  0.0235  0.0235  0.0235
  0.0237  0.0236  0.0235  0.0238  0.0236  0.0234  0.0237  0.0237  0.0235  0.0237  0.0235  0.0237
  0.0243  0.0241  0.0238  0.0252  0.0241  0.0239  0.0242  0.0244  0.0237  0.0242  0.0237  0.0241
  0.0254  0.0248  0.0243  0.0273  0.0253  0.0251  0.0250  0.0256  0.0242  0.0249  0.0239  0.0247
niter,ni,del,rscale     4    3    5.0000    0.7000
parameters
   -5.5213    4.4584    0.7275  -12.8117  -16.6646   -9.3739
  -11.2792   -3.6357   12.2694   20.7411    0.6979  -29.2239
eta,q 0.97658 14.03553
  0.0248  0.0244  0.0242  0.0249  0.0248  0.0248  0.0246  0.0251  0.0241  0.0247  0.0238  0.0246
  0.0241  0.0239  0.0238  0.0244  0.0242  0.0243  0.0239  0.0241  0.0237  0.0240  0.0236  0.0239
  0.0236  0.0236  0.0236  0.0239  0.0238  0.0238  0.0235  0.0236  0.0235  0.0235  0.0234  0.0235
  0.0235  0.0235  0.0235  0.0235  0.0235  0.0235  0.0234  0.0234  0.0234  0.0234  0.0234  0.0234
  0.0236  0.0236  0.0235  0.0234  0.0235  0.0234  0.0236  0.0236  0.0235  0.0236  0.0235  0.0236
  0.0240  0.0239  0.0237  0.0240  0.0240  0.0238  0.0240  0.0242  0.0237  0.0240  0.0236  0.0239
  0.0247  0.0244  0.0240  0.0254  0.0249  0.0248  0.0247  0.0251  0.0241  0.0246  0.0238  0.0244
niter,ni,del,rscale     3    3    5.0000    0.6000
parameters
   -5.5161    4.4635    0.7655  -12.6167  -16.6000   -9.2156
  -11.3215   -3.6360   12.2551   20.7565    0.6460  -29.1439
eta,q 0.97664 14.05169
  0.0244  0.0241  0.0240  0.0247  0.0244  0.0245  0.0243  0.0247  0.0238  0.0243  0.0237  0.0242
  0.0239  0.0237  0.0237  0.0242  0.0240  0.0240  0.0237  0.0239  0.0236  0.0238  0.0235  0.0237
  0.0235  0.0235  0.0235  0.0238  0.0236  0.0236  0.0234  0.0235  0.0234  0.0235  0.0234  0.0234
  0.0234  0.0234  0.0234  0.0234  0.0234  0.0234  0.0234  0.0234  0.0234  0.0234  0.0234  0.0234
  0.0235  0.0235  0.0235  0.0233  0.0234  0.0233  0.0235  0.0235  0.0234  0.0235  0.0234  0.0235
  0.0238  0.0237  0.0236  0.0237  0.0238  0.0237  0.0238  0.0239  0.0236  0.0238  0.0235  0.0237
  0.0244  0.0241  0.0239  0.0247  0.0245  0.0245  0.0243  0.0246  0.0239  0.0243  0.0237  0.0241
niter,ni,del,rscale     2    3    5.0000    0.5000
parameters
   -5.5185    4.4493    0.7809  -12.4124  -16.5281   -9.0448
  -11.3225   -3.6253   12.2379   20.7922    0.6373  -29.0778
eta,q 0.97669 14.06911
  0.0241  0.0238  0.0237  0.0243  0.0241  0.0241  0.0240  0.0243  0.0237  0.0240  0.0235  0.0240
  0.0237  0.0236  0.0235  0.0240  0.0238  0.0238  0.0236  0.0237  0.0235  0.0236  0.0234  0.0236
  0.0234  0.0234  0.0234  0.0236  0.0235  0.0235  0.0234  0.0234  0.0234  0.0234  0.0233  0.0234
  0.0234  0.0234  0.0234  0.0234  0.0233  0.0233  0.0233  0.0233  0.0233  0.0233  0.0233  0.0233
  0.0234  0.0234  0.0234  0.0233  0.0234  0.0233  0.0234  0.0234  0.0233  0.0234  0.0233  0.0234
  0.0237  0.0236  0.0235  0.0236  0.0236  0.0235  0.0236  0.0237  0.0235  0.0236  0.0234  0.0236
  0.0241  0.0239  0.0237  0.0243  0.0241  0.0241  0.0240  0.0242  0.0237  0.0240  0.0235  0.0239
niter,ni,del,rscale     1    3    5.0000    0.4000
parameters
   -5.5228    4.4240    0.7873  -12.2246  -16.4687   -8.8754
  -11.3145   -3.6158   12.2113   20.8506    0.6383  -29.0349
eta,q 0.97673 14.08573
  0.0238  0.0236  0.0236  0.0240  0.0238  0.0238  0.0237  0.0239  0.0235  0.0238  0.0234  0.0237
  0.0235  0.0234  0.0234  0.0237  0.0236  0.0236  0.0235  0.0235  0.0234  0.0235  0.0233  0.0235
  0.0234  0.0233  0.0233  0.0235  0.0234  0.0234  0.0233  0.0233  0.0233  0.0233  0.0233  0.0233
  0.0233  0.0233  0.0233  0.0233  0.0233  0.0233  0.0233  0.0233  0.0233  0.0233  0.0233  0.0233
  0.0234  0.0233  0.0233  0.0233  0.0233  0.0233  0.0233  0.0233  0.0233  0.0233  0.0233  0.0233
  0.0235  0.0235  0.0234  0.0235  0.0235  0.0234  0.0235  0.0235  0.0234  0.0235  0.0233  0.0234
  0.0238  0.0236  0.0235  0.0240  0.0238  0.0238  0.0237  0.0239  0.0235  0.0237  0.0234  0.0236
registration optimization eta report
parameter search radius
    0.8000    0.8000    0.8000    2.7600    2.4000    2.4000
    2.4000    2.4000    2.4000    2.4000    2.4000    2.4000
100000*second partial in parameter space
       74.       49.       39.        9.        9.        9.
        8.       11.        4.        8.        3.        7.
  0.0238  0.0236  0.0236  0.0240  0.0238  0.0238  0.0237  0.0239  0.0235  0.0238  0.0234  0.0237
  0.0235  0.0234  0.0234  0.0237  0.0236  0.0236  0.0235  0.0235  0.0234  0.0235  0.0233  0.0235
  0.0234  0.0233  0.0233  0.0235  0.0234  0.0234  0.0233  0.0233  0.0233  0.0233  0.0233  0.0233
  0.0233  0.0233  0.0233  0.0233  0.0233  0.0233  0.0233  0.0233  0.0233  0.0233  0.0233  0.0233
  0.0234  0.0233  0.0233  0.0233  0.0233  0.0233  0.0233  0.0233  0.0233  0.0233  0.0233  0.0233
  0.0235  0.0235  0.0234  0.0235  0.0235  0.0234  0.0235  0.0235  0.0234  0.0235  0.0233  0.0234
  0.0238  0.0236  0.0235  0.0240  0.0238  0.0238  0.0237  0.0239  0.0235  0.0237  0.0234  0.0236
   -5.5228    4.4240    0.7873  -12.2246  -16.4687   -8.8754
  -11.3145   -3.6158   12.2113   20.8506    0.6383  -29.0349
eta,q 0.97673 14.08573

---------------------------------------------------------------------
imgreg_4dfp /opt/freesurfer/average/711-2C_as_mni_average_305 /opt/freesurfer/average/711-2B_as_mni_average_305_mask talsrcimg_g11 none talsrcimg_to_711-2C_as_mni_average_305_t4 2311
---------------------------------------------------------------------

freesurfer imgreg_4dfp.c
/opt/freesurfer/average/711-2C_as_mni_average_305.4dfp.img
       256       256       256         1
  1.000000  1.000000  1.000000
orientation T byte_order littleendian
Reading image: /opt/freesurfer/average/711-2C_as_mni_average_305.4dfp.img
dimensions:      256       256       256
mmppix:       1.0000   -1.0000   -1.0000
center:     128.0000 -129.0000 -129.0000
/opt/freesurfer/average/711-2B_as_mni_average_305_mask.4dfp.img
       256       256       256         1
  1.000000  1.000000  1.000000
orientation T byte_order littleendian
Reading mask: /opt/freesurfer/average/711-2B_as_mni_average_305_mask.4dfp.img (2306576 pixels)
talsrcimg_g11.4dfp.img
       256       256       256         1
  1.000000  1.000000  1.000000
orientation T byte_order littleendian
Reading image: talsrcimg_g11.4dfp.img
dimensions:      256       256       256
mmppix:       1.0000   -1.0000   -1.0000
center:     128.0000 -129.0000 -129.0000
fimgreg.f
image alignment mode   2311 decimal      907 hex
parameters
   -5.5228    4.4240    0.7873  -12.2246  -16.4687   -8.8754
  -11.3145   -3.6158   12.2113   20.8506    0.6383  -29.0349
eta,q 0.97673 14.08574
niter,ni,del,rscale     5    3    5.0000    0.8000
parameters
   -5.5369    4.3812    0.8165  -12.8515  -16.8057   -9.2084
  -11.3203   -3.5931   12.2386   20.5691    0.7999  -29.0528
eta,q 0.97656 14.02715
  0.0252  0.0244  0.0243  0.0246  0.0249  0.0250  0.0250  0.0257  0.0242  0.0248  0.0240  0.0248
  0.0241  0.0238  0.0237  0.0241  0.0242  0.0243  0.0241  0.0244  0.0238  0.0240  0.0237  0.0240
  0.0235  0.0234  0.0234  0.0236  0.0236  0.0238  0.0236  0.0237  0.0236  0.0235  0.0235  0.0235
  0.0233  0.0233  0.0233  0.0233  0.0234  0.0234  0.0234  0.0234  0.0234  0.0234  0.0234  0.0234
  0.0235  0.0234  0.0234  0.0235  0.0235  0.0235  0.0236  0.0237  0.0235  0.0237  0.0235  0.0237
  0.0242  0.0239  0.0237  0.0245  0.0243  0.0244  0.0241  0.0244  0.0238  0.0243  0.0236  0.0241
  0.0252  0.0246  0.0242  0.0261  0.0257  0.0259  0.0249  0.0256  0.0242  0.0251  0.0239  0.0247
niter,ni,del,rscale     4    3    5.0000    0.7000
parameters
   -5.5145    4.4698    0.8165  -12.6506  -16.7335   -9.2921
  -11.3093   -3.6152   12.1962   20.5738    0.6979  -29.0870
eta,q 0.97661 14.03289
  0.0248  0.0244  0.0241  0.0247  0.0248  0.0247  0.0246  0.0251  0.0240  0.0247  0.0238  0.0245
  0.0241  0.0239  0.0237  0.0242  0.0242  0.0241  0.0239  0.0241  0.0237  0.0239  0.0235  0.0238
  0.0236  0.0236  0.0235  0.0238  0.0237  0.0237  0.0235  0.0236  0.0235  0.0235  0.0234  0.0235
  0.0234  0.0234  0.0234  0.0234  0.0234  0.0234  0.0234  0.0234  0.0234  0.0234  0.0234  0.0234
  0.0236  0.0235  0.0235  0.0233  0.0234  0.0234  0.0235  0.0236  0.0235  0.0236  0.0234  0.0236
  0.0240  0.0238  0.0237  0.0237  0.0239  0.0240  0.0239  0.0242  0.0237  0.0240  0.0236  0.0239
  0.0247  0.0242  0.0241  0.0248  0.0249  0.0251  0.0246  0.0251  0.0241  0.0246  0.0238  0.0244
niter,ni,del,rscale     3    3    5.0000    0.6000
parameters
   -5.5200    4.4687    0.7914  -12.4311  -16.6387   -9.2378
  -11.3045   -3.6020   12.1860   20.6499    0.6583  -29.0986
eta,q 0.97666 14.04976
  0.0244  0.0241  0.0239  0.0244  0.0244  0.0244  0.0243  0.0247  0.0238  0.0243  0.0236  0.0242
  0.0238  0.0237  0.0236  0.0240  0.0240  0.0240  0.0238  0.0239  0.0236  0.0238  0.0235  0.0237
  0.0235  0.0235  0.0234  0.0237  0.0236  0.0236  0.0234  0.0235  0.0234  0.0234  0.0234  0.0234
  0.0234  0.0234  0.0234  0.0234  0.0234  0.0234  0.0233  0.0233  0.0233  0.0233  0.0233  0.0233
  0.0235  0.0235  0.0235  0.0233  0.0234  0.0233  0.0235  0.0235  0.0234  0.0235  0.0234  0.0235
  0.0238  0.0237  0.0236  0.0236  0.0237  0.0237  0.0238  0.0239  0.0236  0.0238  0.0235  0.0237
  0.0244  0.0241  0.0239  0.0244  0.0245  0.0245  0.0243  0.0246  0.0239  0.0242  0.0236  0.0241
niter,ni,del,rscale     2    3    5.0000    0.5000
parameters
   -5.5234    4.4429    0.7775  -12.2507  -16.5538   -9.0887
  -11.2984   -3.5980   12.1814   20.7411    0.6464  -29.0798
eta,q 0.97670 14.06868
  0.0241  0.0238  0.0237  0.0241  0.0241  0.0241  0.0240  0.0243  0.0237  0.0240  0.0235  0.0239
  0.0237  0.0235  0.0235  0.0238  0.0238  0.0238  0.0236  0.0237  0.0235  0.0236  0.0234  0.0235
  0.0234  0.0234  0.0234  0.0236  0.0235  0.0235  0.0234  0.0234  0.0233  0.0234  0.0233  0.0234
  0.0233  0.0233  0.0233  0.0233  0.0233  0.0233  0.0233  0.0233  0.0233  0.0233  0.0233  0.0233
  0.0234  0.0234  0.0234  0.0233  0.0234  0.0233  0.0234  0.0234  0.0233  0.0234  0.0233  0.0234
  0.0237  0.0236  0.0235  0.0236  0.0236  0.0235  0.0236  0.0237  0.0235  0.0236  0.0234  0.0236
  0.0241  0.0238  0.0237  0.0241  0.0241  0.0241  0.0240  0.0242  0.0237  0.0239  0.0235  0.0239
niter,ni,del,rscale     1    3    5.0000    0.4000
parameters
   -5.5284    4.4171    0.7748  -12.1007  -16.4937   -8.9199
  -11.2900   -3.5979   12.1668   20.8239    0.6360  -29.0488
eta,q 0.97674 14.08532
  0.0238  0.0236  0.0235  0.0239  0.0238  0.0238  0.0237  0.0239  0.0235  0.0238  0.0234  0.0237
  0.0235  0.0234  0.0234  0.0236  0.0236  0.0236  0.0235  0.0235  0.0234  0.0235  0.0233  0.0234
  0.0233  0.0233  0.0233  0.0234  0.0234  0.0234  0.0233  0.0233  0.0233  0.0233  0.0233  0.0233
  0.0233  0.0233  0.0233  0.0233  0.0233  0.0233  0.0233  0.0233  0.0233  0.0233  0.0233  0.0233
  0.0233  0.0233  0.0233  0.0233  0.0233  0.0233  0.0233  0.0233  0.0233  0.0233  0.0233  0.0233
  0.0235  0.0234  0.0234  0.0235  0.0235  0.0234  0.0235  0.0235  0.0234  0.0235  0.0233  0.0234
  0.0238  0.0236  0.0235  0.0238  0.0238  0.0238  0.0237  0.0239  0.0235  0.0237  0.0234  0.0236
registration optimization eta report
parameter search radius
    0.8000    0.8000    0.8000    2.4000    2.4000    2.4000
    2.4000    2.4000    2.4000    2.4000    2.4000    2.4000
100000*second partial in parameter space
       76.       49.       39.       10.        9.        9.
        8.       11.        4.        8.        3.        7.
  0.0238  0.0236  0.0235  0.0239  0.0238  0.0238  0.0237  0.0239  0.0235  0.0238  0.0234  0.0237
  0.0235  0.0234  0.0234  0.0236  0.0236  0.0236  0.0235  0.0235  0.0234  0.0235  0.0233  0.0234
  0.0233  0.0233  0.0233  0.0234  0.0234  0.0234  0.0233  0.0233  0.0233  0.0233  0.0233  0.0233
  0.0233  0.0233  0.0233  0.0233  0.0233  0.0233  0.0233  0.0233  0.0233  0.0233  0.0233  0.0233
  0.0233  0.0233  0.0233  0.0233  0.0233  0.0233  0.0233  0.0233  0.0233  0.0233  0.0233  0.0233
  0.0235  0.0234  0.0234  0.0235  0.0235  0.0234  0.0235  0.0235  0.0234  0.0235  0.0233  0.0234
  0.0238  0.0236  0.0235  0.0238  0.0238  0.0238  0.0237  0.0239  0.0235  0.0237  0.0234  0.0236
   -5.5284    4.4171    0.7748  -12.1007  -16.4937   -8.9199
  -11.2900   -3.5979   12.1668   20.8239    0.6360  -29.0488
eta,q 0.97674 14.08532

---------------------------------------------------------------------
compute_vox2vox talsrcimg talsrcimg_to_711-2C_as_mni_average_305_t4 /opt/freesurfer/average/711-2C_as_mni_average_305
---------------------------------------------------------------------

freesurfer compute_vox2vox.c
Reading: talsrcimg.4dfp.ifh
Reading: talsrcimg_to_711-2C_as_mni_average_305_t4
Reading: /opt/freesurfer/average/711-2C_as_mni_average_305.4dfp.ifh
Writing: talsrcimg_to_711-2C_as_mni_average_305_t4_vox2vox.txt

start time Mon Mar 2 18:14:58 CET 2026
end		time Mon Mar 2 18:15:19 CET 2026

mpr2mni305 success

avi2talxfm orig_nu.mgz /opt/freesurfer/average/mni305.cor.mgz talsrcimg_to_711-2C_as_mni_average_305_t4_vox2vox.txt transforms/talairach.auto.xfm
avi2talxfm done
mv -f /out/sourcedata/freesurfer/sub-v1s12x0050106_ses-1/mri/talsrcimg_to_711-2C_as_mni_average_305_t4_vox2vox.txt /out/sourcedata/freesurfer/sub-v1s12x0050106_ses-1/mri/transforms/talsrcimg_to_711-2C_as_mni_average_305_t4_vox2vox.txt
lta_convert --src orig_nu.mgz --trg /opt/freesurfer/average/mni305.cor.mgz --inxfm transforms/talairach.auto.xfm --outlta transforms/talairach.auto.xfm.lta --subject fsaverage
7.3.2

--src: orig_nu.mgz src image (geometry).
--trg: /opt/freesurfer/average/mni305.cor.mgz trg image (geometry).
--inmni: transforms/talairach.auto.xfm input MNI/XFM transform.
--outlta: transforms/talairach.auto.xfm.lta output LTA.
--s: fsaverage subject name
 LTA read, type : 1
 1.11628   0.00888   0.15401   23.82393;
-0.05527   1.01661   0.34617  -8.68643;
-0.14886  -0.25480   1.08875   31.60117;
 0.00000   0.00000   0.00000   1.00000;
setting subject to fsaverage
Writing  LTA to file transforms/talairach.auto.xfm.lta...
lta_convert successful.
 
 
Started at Mon Mar 2 18:14:58 CET 2026
Ended   at Mon Mar  2 18:15:20 CET 2026
talairach_avi done
