status file for recon-all
Fri Mar  6 15:29:44 CET 2026
#@# MotionCor Fri Mar  6 15:29:46 CET 2026
#@# Talairach Fri Mar  6 15:29:55 CET 2026
#@# Talairach Failure Detection Fri Mar  6 15:34:20 CET 2026
#@# Nu Intensity Correction Fri Mar  6 15:34:20 CET 2026
#@# Intensity Normalization Fri Mar  6 15:37:37 CET 2026
recon-all -s sub-v1s10x0051124_ses-1 finished without error at Fri Mar  6 15:38:59 CET 2026



#New# invocation of recon-all 



status file for recon-all
Fri Mar  6 15:46:36 CET 2026
#@# EM Registration Fri Mar  6 15:46:36 CET 2026
recon-all -s sub-v1s10x0051124_ses-1 finished without error at Fri Mar  6 15:48:23 CET 2026



#New# invocation of recon-all 



status file for recon-all
Fri Mar  6 15:48:26 CET 2026
#@# CA Normalize Fri Mar  6 15:48:26 CET 2026
#@# CA Reg Fri Mar  6 15:49:48 CET 2026
#@# SubCort Seg Fri Mar  6 16:40:26 CET 2026
#@# CC Seg Fri Mar  6 17:12:32 CET 2026
#@# Merge ASeg Fri Mar  6 17:13:08 CET 2026
#@# Intensity Normalization2 Fri Mar  6 17:13:08 CET 2026
#@# Mask BFS Fri Mar  6 17:15:20 CET 2026
#@# WM Segmentation Fri Mar  6 17:15:21 CET 2026
#@# Fill Fri Mar  6 17:17:22 CET 2026
recon-all -s sub-v1s10x0051124_ses-1 finished without error at Fri Mar  6 17:18:24 CET 2026



#New# invocation of recon-all 



status file for recon-all
Fri Mar  6 18:23:53 CET 2026
#@# white curv lh Fri Mar  6 18:23:53 CET 2026
#@# white area lh Fri Mar  6 18:23:53 CET 2026
#@# pial curv lh Fri Mar  6 18:23:53 CET 2026
#@# pial area lh Fri Mar  6 18:23:53 CET 2026
#@# thickness lh Fri Mar  6 18:23:53 CET 2026
#@# area and vertex vol lh Fri Mar  6 18:23:53 CET 2026
#@# white curv rh Fri Mar  6 18:23:53 CET 2026
#@# white area rh Fri Mar  6 18:23:53 CET 2026
#@# pial curv rh Fri Mar  6 18:23:53 CET 2026
#@# pial area rh Fri Mar  6 18:23:53 CET 2026
#@# thickness rh Fri Mar  6 18:23:53 CET 2026
#@# area and vertex vol rh Fri Mar  6 18:23:53 CET 2026
#@# Cortical ribbon mask Fri Mar  6 18:23:53 CET 2026
recon-all -s sub-v1s10x0051124_ses-1 finished without error at Fri Mar  6 18:31:27 CET 2026



#New# invocation of recon-all 



status file for recon-all
Fri Mar  6 18:39:59 CET 2026
#@# white curv lh Fri Mar  6 18:39:59 CET 2026
#@# white area lh Fri Mar  6 18:39:59 CET 2026
#@# pial curv lh Fri Mar  6 18:39:59 CET 2026
#@# pial area lh Fri Mar  6 18:39:59 CET 2026
#@# thickness lh Fri Mar  6 18:39:59 CET 2026
#@# area and vertex vol lh Fri Mar  6 18:39:59 CET 2026
#@# white curv rh Fri Mar  6 18:39:59 CET 2026
#@# white area rh Fri Mar  6 18:39:59 CET 2026
#@# pial curv rh Fri Mar  6 18:39:59 CET 2026
#@# pial area rh Fri Mar  6 18:39:59 CET 2026
#@# thickness rh Fri Mar  6 18:39:59 CET 2026
#@# area and vertex vol rh Fri Mar  6 18:39:59 CET 2026
#@# Curvature Stats lh Fri Mar  6 18:39:59 CET 2026
#@# Curvature Stats rh Fri Mar  6 18:40:03 CET 2026
#@# Relabel Hypointensities Fri Mar  6 18:40:05 CET 2026
#@# APas-to-ASeg Fri Mar  6 18:40:23 CET 2026
#@# AParc-to-ASeg aparc Fri Mar  6 18:40:33 CET 2026
#@# AParc-to-ASeg aparc.a2009s Fri Mar  6 18:41:32 CET 2026
#@# AParc-to-ASeg aparc.DKTatlas Fri Mar  6 18:42:28 CET 2026
#@# WMParc Fri Mar  6 18:43:24 CET 2026
#@# ASeg Stats Fri Mar  6 18:47:35 CET 2026
recon-all -s sub-v1s10x0051124_ses-1 finished without error at Fri Mar  6 18:48:18 CET 2026
