/out/sourcedata/freesurfer/sub-v1s18x0051237_ses-1/mri
/opt/freesurfer/bin/talairach_avi
--i orig_nu.mgz --xfm transforms/talairach.auto.xfm
talairach_avi 7.3.2
Linux dna063 5.14.0-427.37.1.el9_4.x86_64 #1 SMP PREEMPT_DYNAMIC Fri Sep 13 12:41:50 EDT 2024 x86_64 x86_64 x86_64 GNU/Linux
Sat Mar  7 01:51:39 CET 2026
mri_convert orig_nu.mgz talsrcimg.img 
reading from orig_nu.mgz...
TR=0.00, TE=0.00, TI=0.00, flip angle=0.00
i_ras = (-1, 0, 0)
j_ras = (0, 0, -1)
k_ras = (0, 1, 0)
writing to talsrcimg.img...
Analyze Output Matrix
-1.00000   0.00000   0.00000   128.49695;
 0.00000   0.00000   1.00000  -122.55737;
 0.00000  -1.00000   0.00000   121.45233;
 0.00000   0.00000   0.00000   1.00000;
--------------------
INFO: set hdr.hist.orient to -1
mpr2mni305 talsrcimg
Sat Mar  7 01:51:40 CET 2026
/opt/freesurfer/bin/mpr2mni305 talsrcimg
mpr2mni305 7.3.2
target=711-2C_as_mni_average_305

---------------------------------------------------------------------
analyzeto4dfp talsrcimg -O0 -y
---------------------------------------------------------------------

freesurfer ifh2hdr.c
Sat Mar  7 01:51:40 2026
Writing: talsrcimg.4dfp.hdr
freesurfer analyzeto4dfp.c
Reading: talsrcimg.hdr
header size 348 bytes
hdr.dime.datatype	offset=70	value=2
hdr.dime.bitpix		offset=72	value=8
hdr.hist.orient		offset=252	value=-1
dimensionality     4
dimensions       256       256       256         1
Reading: talsrcimg.img
Writing: talsrcimg.4dfp.img
Writing: talsrcimg.4dfp.ifh
ifh2hdr talsrcimg -r0to232
ori=2

---------------------------------------------------------------------
gauss_4dfp talsrcimg 1.1
---------------------------------------------------------------------

freesurfer gauss_4dfp.c
Reading: talsrcimg.4dfp.img
Writing: talsrcimg_g11.4dfp.img
image dimensions 256 256 256 padded to 288 288 288
processing volume 1freesurfer ifh2hdr.c
Sat Mar  7 01:51:41 2026
Writing: talsrcimg_g11.4dfp.hdr

Writing: talsrcimg_g11.4dfp.ifh
including: talsrcimg.4dfp.img.rec in talsrcimg_g11.4dfp.img.rec

---------------------------------------------------------------------
imgreg_4dfp /opt/freesurfer/average/711-2C_as_mni_average_305 none talsrcimg_g11 none talsrcimg_to_711-2C_as_mni_average_305_t4 4355
---------------------------------------------------------------------

freesurfer imgreg_4dfp.c
/opt/freesurfer/average/711-2C_as_mni_average_305.4dfp.img
       256       256       256         1
  1.000000  1.000000  1.000000
orientation T byte_order littleendian
Reading image: /opt/freesurfer/average/711-2C_as_mni_average_305.4dfp.img
dimensions:      256       256       256
mmppix:       1.0000   -1.0000   -1.0000
center:     128.0000 -129.0000 -129.0000
talsrcimg_g11.4dfp.img
       256       256       256         1
  1.000000  1.000000  1.000000
orientation T byte_order littleendian
Reading image: talsrcimg_g11.4dfp.img
dimensions:      256       256       256
mmppix:       1.0000   -1.0000   -1.0000
center:     128.0000 -129.0000 -129.0000
t4_read: open error in t4_sub.f l:  41 t4_file(1:l)talsrcimg_to_711-2C_as_mni_average_305_t4 
t4_read: transform initialized to I4
rotation matrix determinant  1.000000
image alignment mode   4355 decimal     1103 hex
   -7.5000  -45.0000  -45.0000 8135.2305   15.5294
    0.0000  -45.0000  -45.0000 8447.3857   15.5067
    7.5000  -45.0000  -45.0000 8068.9170   15.4942
   -7.5000  -37.5000  -45.0000 8608.0537   15.4899
    0.0000  -37.5000  -45.0000 8946.8760   15.4599
    7.5000  -37.5000  -45.0000 8547.8984   15.4396
   -7.5000  -30.0000  -45.0000 9358.1777   15.4790
    0.0000  -30.0000  -45.0000 9748.2969   15.4488
    7.5000  -30.0000  -45.0000 9301.6543   15.4268
   -7.5000  -22.5000  -45.000010060.9209   15.4820
    0.0000  -22.5000  -45.000010474.1055   15.4594
    7.5000  -22.5000  -45.0000 9976.0820   15.4447
   -7.5000  -15.0000  -45.000010686.0342   15.4831
    0.0000  -15.0000  -45.000011142.1621   15.4673
    7.5000  -15.0000  -45.000010622.8594   15.4603
   -7.5000   -7.5000  -45.000011225.9814   15.4790
    0.0000   -7.5000  -45.000011737.6992   15.4625
    7.5000   -7.5000  -45.000011211.8457   15.4558
   -7.5000    0.0000  -45.000011668.7539   15.4746
    0.0000    0.0000  -45.000012199.3398   15.4513
    7.5000    0.0000  -45.000011658.5117   15.4387
   -7.5000    7.5000  -45.000011209.5137   15.4746
    0.0000    7.5000  -45.000011710.1064   15.4444
    7.5000    7.5000  -45.000011189.1865   15.4243
   -7.5000   15.0000  -45.000010599.2168   15.4780
    0.0000   15.0000  -45.000011054.2637   15.4478
    7.5000   15.0000  -45.000010557.3828   15.4258
   -7.5000   22.5000  -45.0000 9844.6973   15.4799
    0.0000   22.5000  -45.000010271.5957   15.4573
    7.5000   22.5000  -45.0000 9804.2949   15.4426
   -7.5000   30.0000  -45.0000 9066.5938   15.2769
    0.0000   30.0000  -45.0000 9452.9746   15.2613
    7.5000   30.0000  -45.0000 9003.6211   15.2543
   -7.5000   37.5000  -45.0000 8652.6279   15.2795
    0.0000   37.5000  -45.0000 9013.4092   15.2635
    7.5000   37.5000  -45.0000 8567.9678   15.2570
   -7.5000   45.0000  -45.0000 7914.2705   14.9283
    0.0000   45.0000  -45.0000 8264.1504   14.9065
    7.5000   45.0000  -45.0000 7840.5122   14.8946
   -7.5000  -45.0000  -37.5000 8659.4297   15.3725
    0.0000  -45.0000  -37.5000 9001.4629   15.3605
    7.5000  -45.0000  -37.5000 8569.1445   15.3523
   -7.5000  -37.5000  -37.5000 9166.3848   15.3428
    0.0000  -37.5000  -37.5000 9530.1836   15.3238
    7.5000  -37.5000  -37.5000 9068.1035   15.3065
   -7.5000  -30.0000  -37.5000 9964.0430   15.3359
    0.0000  -30.0000  -37.500010363.4805   15.3132
    7.5000  -30.0000  -37.5000 9857.9033   15.2913
   -7.5000  -22.5000  -37.500010681.2559   15.3330
    0.0000  -22.5000  -37.500011131.8438   15.3137
    7.5000  -22.5000  -37.500010572.0742   15.2980
   -7.5000  -15.0000  -37.500011353.5830   15.3253
    0.0000  -15.0000  -37.500011849.4746   15.3120
    7.5000  -15.0000  -37.500011259.2900   15.3049
   -7.5000   -7.5000  -37.500011907.8027   15.3180
    0.0000   -7.5000  -37.500012469.3145   15.3076
    7.5000   -7.5000  -37.500011852.0107   15.3034
   -7.5000    0.0000  -37.500012354.0938   15.3184
    0.0000    0.0000  -37.500012935.7959   15.3056
    7.5000    0.0000  -37.500012298.9492   15.2974
   -7.5000    7.5000  -37.500011868.9658   15.3276
    0.0000    7.5000  -37.500012425.4395   15.3084
    7.5000    7.5000  -37.500011804.1709   15.2913
   -7.5000   15.0000  -37.500011233.4170   15.3349
    0.0000   15.0000  -37.500011741.7852   15.3121
    7.5000   15.0000  -37.500011164.6641   15.2904
   -7.5000   22.5000  -37.500010438.0850   15.3309
    0.0000   22.5000  -37.500010903.9619   15.3116
    7.5000   22.5000  -37.500010367.7754   15.2959
   -7.5000   30.0000  -37.5000 9576.8457   15.1211
    0.0000   30.0000  -37.500010002.9531   15.1080
    7.5000   30.0000  -37.5000 9495.2979   15.1010
   -7.5000   37.5000  -37.5000 9099.7197   15.1207
    0.0000   37.5000  -37.5000 9522.1123   15.1107
    7.5000   37.5000  -37.5000 9022.7158   15.1067
   -7.5000   45.0000  -37.5000 8286.6025   14.7785
    0.0000   45.0000  -37.5000 8680.1455   14.7666
    7.5000   45.0000  -37.5000 8228.8193   14.7588
   -7.5000  -45.0000  -30.0000 9375.8594   15.9298
    0.0000  -45.0000  -30.0000 9731.8535   15.9176
    7.5000  -45.0000  -30.0000 9250.1572   15.9081
   -7.5000  -37.5000  -30.0000 9923.6162   15.9036
    0.0000  -37.5000  -30.000010312.4746   15.8884
    7.5000  -37.5000  -30.0000 9774.3428   15.8710
   -7.5000  -30.0000  -30.000010748.6494   15.8962
    0.0000  -30.0000  -30.000011192.0742   15.8778
    7.5000  -30.0000  -30.000010608.6084   15.8566
   -7.5000  -22.5000  -30.000011521.4082   15.8883
    0.0000  -22.5000  -30.000012001.2422   15.8690
    7.5000  -22.5000  -30.000011382.1660   15.8536
   -7.5000  -15.0000  -30.000012219.0020   15.8753
    0.0000  -15.0000  -30.000012748.1113   15.8579
    7.5000  -15.0000  -30.000012076.6846   15.8505
   -7.5000   -7.5000  -30.000012817.5186   15.8684
    0.0000   -7.5000  -30.000013385.6973   15.8542
    7.5000   -7.5000  -30.000012698.0625   15.8488
   -7.5000    0.0000  -30.000013300.4414   15.8741
    0.0000    0.0000  -30.000013905.8643   15.8611
    7.5000    0.0000  -30.000013173.8545   15.8515
   -7.5000    7.5000  -30.000012784.3135   15.8880
    0.0000    7.5000  -30.000013348.4385   15.8725
    7.5000    7.5000  -30.000012654.8613   15.8553
   -7.5000   15.0000  -30.000012087.3262   15.8951
    0.0000   15.0000  -30.000012632.5459   15.8767
    7.5000   15.0000  -30.000011961.1348   15.8556
   -7.5000   22.5000  -30.000011200.2930   15.8845
    0.0000   22.5000  -30.000011689.2334   15.8652
    7.5000   22.5000  -30.000011061.5547   15.8498
   -7.5000   30.0000  -30.000010224.8984   15.6654
    0.0000   30.0000  -30.000010716.2539   15.6482
    7.5000   30.0000  -30.000010141.2334   15.6409
   -7.5000   37.5000  -30.0000 9693.1592   15.6659
    0.0000   37.5000  -30.000010178.2588   15.6521
    7.5000   37.5000  -30.0000 9623.8066   15.6468
   -7.5000   45.0000  -30.0000 8822.2383   15.3271
    0.0000   45.0000  -30.0000 9255.4580   15.3151
    7.5000   45.0000  -30.0000 8769.0732   15.3058
   -7.5000  -45.0000  -22.500010132.4893   16.4729
    0.0000  -45.0000  -22.500010518.5020   16.4495
    7.5000  -45.0000  -22.500010021.8438   16.4345
   -7.5000  -37.5000  -22.500010731.6631   16.4417
    0.0000  -37.5000  -22.500011145.2744   16.4192
    7.5000  -37.5000  -22.500010563.0107   16.3988
   -7.5000  -30.0000  -22.500011614.8125   16.4307
    0.0000  -30.0000  -22.500012067.9961   16.4086
    7.5000  -30.0000  -22.500011432.0596   16.3882
   -7.5000  -22.5000  -22.500012432.4453   16.4233
    0.0000  -22.5000  -22.500012919.1738   16.3996
    7.5000  -22.5000  -22.500012248.5410   16.3862
   -7.5000  -15.0000  -22.500013185.7236   16.4131
    0.0000  -15.0000  -22.500013710.1396   16.3884
    7.5000  -15.0000  -22.500012983.9863   16.3810
   -7.5000   -7.5000  -22.500013853.1465   16.4095
    0.0000   -7.5000  -22.500014414.7451   16.3848
    7.5000   -7.5000  -22.500013633.2383   16.3758
   -7.5000    0.0000  -22.500014350.6875   16.4159
    0.0000    0.0000  -22.500014949.4199   16.3917
    7.5000    0.0000  -22.500014116.4160   16.3766
   -7.5000    7.5000  -22.500013749.3867   16.4258
    0.0000    7.5000  -22.500014326.8418   16.4030
    7.5000    7.5000  -22.500013539.3125   16.3828
   -7.5000   15.0000  -22.500012971.1611   16.4296
    0.0000   15.0000  -22.500013527.2422   16.4074
    7.5000   15.0000  -22.500012802.9941   16.3872
   -7.5000   22.5000  -22.500012014.6270   16.4183
    0.0000   22.5000  -22.500012531.7383   16.3945
    7.5000   22.5000  -22.500011856.7871   16.3811
   -7.5000   30.0000  -22.500010940.3965   16.1986
    0.0000   30.0000  -22.500011463.6289   16.1742
    7.5000   30.0000  -22.500010847.9814   16.1669
   -7.5000   37.5000  -22.500010342.7129   16.2026
    0.0000   37.5000  -22.500010871.3408   16.1785
    7.5000   37.5000  -22.500010264.7842   16.1698
   -7.5000   45.0000  -22.5000 9382.8975   15.8624
    0.0000   45.0000  -22.5000 9860.3604   15.8397
    7.5000   45.0000  -22.5000 9326.9209   15.8250
   -7.5000  -45.0000  -15.000010910.6523   16.8611
    0.0000  -45.0000  -15.000011328.4482   16.8257
    7.5000  -45.0000  -15.000010768.5303   16.8045
   -7.5000  -37.5000  -15.000011538.4678   16.8205
    0.0000  -37.5000  -15.000011973.1895   16.7859
    7.5000  -37.5000  -15.000011341.7031   16.7608
   -7.5000  -30.0000  -15.000012495.3486   16.8065
    0.0000  -30.0000  -15.000012965.4932   16.7751
    7.5000  -30.0000  -15.000012266.6680   16.7534
   -7.5000  -22.5000  -15.000013387.2939   16.8051
    0.0000  -22.5000  -15.000013893.2051   16.7759
    7.5000  -22.5000  -15.000013144.5635   16.7626
   -7.5000  -15.0000  -15.000014206.4521   16.8034
    0.0000  -15.0000  -15.000014731.4111   16.7739
    7.5000  -15.0000  -15.000013914.5801   16.7655
   -7.5000   -7.5000  -15.000014928.5059   16.8022
    0.0000   -7.5000  -15.000015487.7334   16.7695
    7.5000   -7.5000  -15.000014594.1289   16.7563
   -7.5000    0.0000  -15.000015440.3057   16.8032
    0.0000    0.0000  -15.000016029.1533   16.7672
    7.5000    0.0000  -15.000015097.9834   16.7459
   -7.5000    7.5000  -15.000014760.8545   16.8046
    0.0000    7.5000  -15.000015330.7725   16.7697
    7.5000    7.5000  -15.000014469.6377   16.7448
   -7.5000   15.0000  -15.000013925.9512   16.8054
    0.0000   15.0000  -15.000014484.0078   16.7740
    7.5000   15.0000  -15.000013682.2734   16.7524
   -7.5000   22.5000  -15.000012899.4014   16.7991
    0.0000   22.5000  -15.000013445.2236   16.7699
    7.5000   22.5000  -15.000012697.3291   16.7567
   -7.5000   30.0000  -15.000011710.6348   16.5860
    0.0000   30.0000  -15.000012263.9512   16.5570
    7.5000   30.0000  -15.000011594.9990   16.5487
   -7.5000   37.5000  -15.000011047.1729   16.5925
    0.0000   37.5000  -15.000011602.0879   16.5604
    7.5000   37.5000  -15.000010957.2090   16.5477
   -7.5000   45.0000  -15.0000 9993.7354   16.2452
    0.0000   45.0000  -15.000010508.2002   16.2111
    7.5000   45.0000  -15.0000 9931.4023   16.1905
   -7.5000  -45.0000   -7.500011752.4961   17.0280
    0.0000  -45.0000   -7.500012187.4883   16.9936
    7.5000  -45.0000   -7.500011520.7021   16.9722
   -7.5000  -37.5000   -7.500012424.3379   16.9810
    0.0000  -37.5000   -7.500012886.7373   16.9427
    7.5000  -37.5000   -7.500012164.9463   16.9164
   -7.5000  -30.0000   -7.500013453.4590   16.9662
    0.0000  -30.0000   -7.500013955.1172   16.9306
    7.5000  -30.0000   -7.500013170.9287   16.9064
   -7.5000  -22.5000   -7.500014394.9355   16.9709
    0.0000  -22.5000   -7.500014916.7109   16.9419
    7.5000  -22.5000   -7.500014073.6152   16.9262
   -7.5000  -15.0000   -7.500015271.7148   16.9761
    0.0000  -15.0000   -7.500015816.9189   16.9511
    7.5000  -15.0000   -7.500014896.8516   16.9410
   -7.5000   -7.5000   -7.500016059.5469   16.9750
    0.0000   -7.5000   -7.500016635.0898   16.9466
    7.5000   -7.5000   -7.500015633.9248   16.9331
   -7.5000    0.0000   -7.500016597.0820   16.9696
    0.0000    0.0000   -7.500017181.9727   16.9345
    7.5000    0.0000   -7.500016170.4463   16.9131
   -7.5000    7.5000   -7.500015826.6650   16.9648
    0.0000    7.5000   -7.500016419.4004   16.9264
    7.5000    7.5000   -7.500015485.0723   16.9003
   -7.5000   15.0000   -7.500014873.5107   16.9651
    0.0000   15.0000   -7.500015443.2139   16.9294
    7.5000   15.0000   -7.500014600.5762   16.9054
   -7.5000   22.5000   -7.500013778.4941   16.9631
    0.0000   22.5000   -7.500014357.5234   16.9341
    7.5000   22.5000   -7.500013583.6074   16.9184
   -7.5000   30.0000   -7.500012560.4707   16.7560
    0.0000   30.0000   -7.500013118.9502   16.7314
    7.5000   30.0000   -7.500012409.9160   16.7214
   -7.5000   37.5000   -7.500011869.9062   16.7623
    0.0000   37.5000   -7.500012424.8242   16.7346
    7.5000   37.5000   -7.500011731.2012   16.7214
   -7.5000   45.0000   -7.500010714.0605   16.4073
    0.0000   45.0000   -7.500011232.2881   16.3742
    7.5000   45.0000   -7.500010598.1816   16.3537
   -7.5000  -45.0000    0.000012471.5762   17.0407
    0.0000  -45.0000    0.000012943.9902   17.0179
    7.5000  -45.0000    0.000012250.2266   17.0027
   -7.5000  -37.5000    0.000013196.2461   16.9974
    0.0000  -37.5000    0.000013699.6963   16.9667
    7.5000  -37.5000    0.000012961.6992   16.9435
   -7.5000  -30.0000    0.000014300.3193   16.9850
    0.0000  -30.0000    0.000014827.9355   16.9532
    7.5000  -30.0000    0.000014012.0605   16.9279
   -7.5000  -22.5000    0.000015273.2578   16.9884
    0.0000  -22.5000    0.000015819.4209   16.9639
    7.5000  -22.5000    0.000014915.7578   16.9460
   -7.5000  -15.0000    0.000016210.9082   16.9905
    0.0000  -15.0000    0.000016759.2480   16.9733
    7.5000  -15.0000    0.000015782.9980   16.9633
   -7.5000   -7.5000    0.000017073.6074   16.9867
    0.0000   -7.5000    0.000017635.4238   16.9696
    7.5000   -7.5000    0.000016605.7598   16.9601
   -7.5000    0.0000    0.000017627.9531   16.9818
    0.0000    0.0000    0.000018234.0645   16.9582
    7.5000    0.0000    0.000017164.5723   16.9429
   -7.5000    7.5000    0.000016821.6992   16.9810
    0.0000    7.5000    0.000017404.6992   16.9500
    7.5000    7.5000    0.000016412.2090   16.9270
   -7.5000   15.0000    0.000015803.0957   16.9839
    0.0000   15.0000    0.000016366.6816   16.9520
    7.5000   15.0000    0.000015457.8350   16.9269
   -7.5000   22.5000    0.000014666.5391   16.9805
    0.0000   22.5000    0.000015243.7490   16.9561
    7.5000   22.5000    0.000014380.7188   16.9382
   -7.5000   30.0000    0.000013404.9297   16.7706
    0.0000   30.0000    0.000013985.9248   16.7537
    7.5000   30.0000    0.000013186.5664   16.7438
   -7.5000   37.5000    0.000012684.1172   16.7742
    0.0000   37.5000    0.000013249.5723   16.7576
    7.5000   37.5000    0.000012468.3594   16.7483
   -7.5000   45.0000    0.000011443.1055   16.4198
    0.0000   45.0000    0.000011956.5010   16.3978
    7.5000   45.0000    0.000011243.5020   16.3833
   -7.5000  -45.0000    7.500012226.0537   17.0503
    0.0000  -45.0000    7.500012706.8242   17.0369
    7.5000  -45.0000    7.500012033.8945   17.0265
   -7.5000  -37.5000    7.500012961.3545   17.0174
    0.0000  -37.5000    7.500013473.4268   16.9965
    7.5000  -37.5000    7.500012742.6523   16.9765
   -7.5000  -30.0000    7.500014133.1875   17.0087
    0.0000  -30.0000    7.500014679.8740   16.9837
    7.5000  -30.0000    7.500013802.3311   16.9588
   -7.5000  -22.5000    7.500015119.8652   17.0048
    0.0000  -22.5000    7.500015672.0498   16.9832
    7.5000  -22.5000    7.500014718.9893   16.9648
   -7.5000  -15.0000    7.500015939.6865   16.9965
    0.0000  -15.0000    7.500016494.4414   16.9812
    7.5000  -15.0000    7.500015569.4863   16.9719
   -7.5000   -7.5000    7.500016762.2949   16.9896
    0.0000   -7.5000    7.500017295.8770   16.9776
    7.5000   -7.5000    7.500016380.1660   16.9713
   -7.5000    0.0000    7.500017352.2656   16.9909
    0.0000    0.0000    7.500017894.0273   16.9766
    7.5000    0.0000    7.500016914.8828   16.9662
   -7.5000    7.5000    7.500016596.0156   17.0007
    0.0000    7.5000    7.500017135.8945   16.9796
    7.5000    7.5000    7.500016162.7617   16.9597
   -7.5000   15.0000    7.500015624.0352   17.0076
    0.0000   15.0000    7.500016127.1074   16.9826
    7.5000   15.0000    7.500015210.9434   16.9577
   -7.5000   22.5000    7.500014520.4219   16.9970
    0.0000   22.5000    7.500015010.7090   16.9754
    7.5000   22.5000    7.500014115.9443   16.9570
   -7.5000   30.0000    7.500013306.3896   16.7766
    0.0000   30.0000    7.500013834.2305   16.7615
    7.5000   30.0000    7.500012977.9033   16.7523
   -7.5000   37.5000    7.500012574.6250   16.7772
    0.0000   37.5000    7.500013093.1426   16.7657
    7.5000   37.5000    7.500012261.6533   16.7596
   -7.5000   45.0000    7.500011281.1982   16.4301
    0.0000   45.0000    7.500011783.4131   16.4169
    7.5000   45.0000    7.500011017.3721   16.4069
   -7.5000  -45.0000   15.000011777.6152   17.0795
    0.0000  -45.0000   15.000012280.4492   17.0660
    7.5000  -45.0000   15.000011593.8252   17.0552
   -7.5000  -37.5000   15.000012463.7021   17.0514
    0.0000  -37.5000   15.000013016.4541   17.0347
    7.5000  -37.5000   15.000012313.6631   17.0156
   -7.5000  -30.0000   15.000013742.6953   17.0431
    0.0000  -30.0000   15.000014387.3115   17.0229
    7.5000  -30.0000   15.000013442.3672   16.9998
   -7.5000  -22.5000   15.000014907.7939   17.0343
    0.0000  -22.5000   15.000015596.8096   17.0131
    7.5000  -22.5000   15.000014505.9834   16.9961
   -7.5000  -15.0000   15.000015676.0088   17.0204
    0.0000  -15.0000   15.000016266.8867   17.0012
    7.5000  -15.0000   15.000015348.6934   16.9927
   -7.5000   -7.5000   15.000016366.2344   17.0134
    0.0000   -7.5000   15.000016873.2559   16.9977
    7.5000   -7.5000   15.000016038.8545   16.9913
   -7.5000    0.0000   15.000016961.9902   17.0199
    0.0000    0.0000   15.000017474.4141   17.0055
    7.5000    0.0000   15.000016534.0137   16.9946
   -7.5000    7.5000   15.000016250.0508   17.0347
    0.0000    7.5000   15.000016773.4180   17.0177
    7.5000    7.5000   15.000015732.5674   16.9987
   -7.5000   15.0000   15.000015302.3379   17.0420
    0.0000   15.0000   15.000015803.5596   17.0217
    7.5000   15.0000   15.000014752.8936   16.9987
   -7.5000   22.5000   15.000014143.2207   17.0264
    0.0000   22.5000   15.000014653.4521   17.0053
    7.5000   22.5000   15.000013644.8291   16.9882
   -7.5000   30.0000   15.000012949.2383   16.8003
    0.0000   30.0000   15.000013494.9482   16.7813
    7.5000   30.0000   15.000012543.9814   16.7729
   -7.5000   37.5000   15.000012195.9062   16.8012
    0.0000   37.5000   15.000012753.1211   16.7859
    7.5000   37.5000   15.000011851.4287   16.7797
   -7.5000   45.0000   15.000010929.4678   16.4600
    0.0000   45.0000   15.000011459.7480   16.4466
    7.5000   45.0000   15.000010648.0137   16.4361
   -7.5000  -45.0000   22.500011246.2871   17.1097
    0.0000  -45.0000   22.500011748.5742   17.0854
    7.5000  -45.0000   22.500011119.2393   17.0698
   -7.5000  -37.5000   22.500011869.2646   17.0771
    0.0000  -37.5000   22.500012414.1143   17.0538
    7.5000  -37.5000   22.500011773.4297   17.0326
   -7.5000  -30.0000   22.500013087.3662   17.0656
    0.0000  -30.0000   22.500013787.7490   17.0427
    7.5000  -30.0000   22.500012891.3369   17.0216
   -7.5000  -22.5000   22.500014338.9727   17.0580
    0.0000  -22.5000   22.500015116.2090   17.0334
    7.5000  -22.5000   22.500013986.5518   17.0194
   -7.5000  -15.0000   22.500015174.9316   17.0475
    0.0000  -15.0000   22.500015911.9746   17.0219
    7.5000  -15.0000   22.500014848.7402   17.0142
   -7.5000   -7.5000   22.500015895.6387   17.0437
    0.0000   -7.5000   22.500016531.1484   17.0181
    7.5000   -7.5000   22.500015475.0938   17.0089
   -7.5000    0.0000   22.500016457.3555   17.0503
    0.0000    0.0000   22.500017028.8613   17.0253
    7.5000    0.0000   22.500015865.1748   17.0097
   -7.5000    7.5000   22.500015668.0557   17.0606
    0.0000    7.5000   22.500016203.0000   17.0370
    7.5000    7.5000   22.500015039.8945   17.0160
   -7.5000   15.0000   22.500014696.4004   17.0645
    0.0000   15.0000   22.500015188.2627   17.0415
    7.5000   15.0000   22.500014115.9922   17.0205
   -7.5000   22.5000   22.500013544.2930   17.0501
    0.0000   22.5000   22.500014067.1797   17.0255
    7.5000   22.5000   22.500013089.5615   17.0116
   -7.5000   30.0000   22.500012409.2520   16.8270
    0.0000   30.0000   22.500012947.3984   16.8017
    7.5000   30.0000   22.500012055.8027   16.7941
   -7.5000   37.5000   22.500011700.0107   16.8313
    0.0000   37.5000   22.500012242.6953   16.8062
    7.5000   37.5000   22.500011410.5967   16.7972
   -7.5000   45.0000   22.500010463.3047   16.4898
    0.0000   45.0000   22.500010978.6641   16.4663
    7.5000   45.0000   22.500010258.6816   16.4510
   -7.5000  -45.0000   30.000010593.9004   17.1876
    0.0000  -45.0000   30.000011123.6846   17.1515
    7.5000  -45.0000   30.000010519.3994   17.1299
   -7.5000  -37.5000   30.000011187.7529   17.1461
    0.0000  -37.5000   30.000011795.8633   17.1108
    7.5000  -37.5000   30.000011125.0684   17.0852
   -7.5000  -30.0000   30.000012304.1846   17.1317
    0.0000  -30.0000   30.000013040.8057   17.0998
    7.5000  -30.0000   30.000012199.9990   17.0777
   -7.5000  -22.5000   30.000013401.7910   17.1303
    0.0000  -22.5000   30.000014070.7178   17.1006
    7.5000  -22.5000   30.000013183.7812   17.0871
   -7.5000  -15.0000   30.000014249.5996   17.1285
    0.0000  -15.0000   30.000014856.0674   17.0985
    7.5000  -15.0000   30.000013970.5781   17.0900
   -7.5000   -7.5000   30.000015102.4707   17.1273
    0.0000   -7.5000   30.000015693.8340   17.0938
    7.5000   -7.5000   30.000014686.9072   17.0805
   -7.5000    0.0000   30.000015627.1104   17.1283
    0.0000    0.0000   30.000016252.8906   17.0915
    7.5000    0.0000   30.000015116.2148   17.0698
   -7.5000    7.5000   30.000014830.7939   17.1297
    0.0000    7.5000   30.000015405.8008   17.0942
    7.5000    7.5000   30.000014323.6084   17.0688
   -7.5000   15.0000   30.000013841.3066   17.1306
    0.0000   15.0000   30.000014395.4785   17.0986
    7.5000   15.0000   30.000013396.3945   17.0766
   -7.5000   22.5000   30.000012744.9287   17.1224
    0.0000   22.5000   30.000013305.7363   17.0927
    7.5000   22.5000   30.000012387.7754   17.0793
   -7.5000   30.0000   30.000011686.7178   16.9069
    0.0000   30.0000   30.000012233.7920   16.8773
    7.5000   30.0000   30.000011398.3584   16.8690
   -7.5000   37.5000   30.000011027.0127   16.9136
    0.0000   37.5000   30.000011530.5010   16.8808
    7.5000   37.5000   30.000010787.0127   16.8679
   -7.5000   45.0000   30.0000 9877.2168   16.5641
    0.0000   45.0000   30.000010332.8564   16.5293
    7.5000   45.0000   30.0000 9704.8232   16.5084
   -7.5000  -45.0000   37.500010313.4844   17.2746
    0.0000  -45.0000   37.500010813.0459   17.2392
    7.5000  -45.0000   37.500010198.6074   17.2173
   -7.5000  -37.5000   37.500010923.1621   17.2262
    0.0000  -37.5000   37.500011495.3848   17.1870
    7.5000  -37.5000   37.500010842.2217   17.1600
   -7.5000  -30.0000   37.500011971.5918   17.2109
    0.0000  -30.0000   37.500012575.2607   17.1743
    7.5000  -30.0000   37.500011867.7510   17.1496
   -7.5000  -22.5000   37.500012918.6768   17.2158
    0.0000  -22.5000   37.500013446.6699   17.1859
    7.5000  -22.5000   37.500012778.4443   17.1697
   -7.5000  -15.0000   37.500013684.0596   17.2210
    0.0000  -15.0000   37.500014197.6240   17.1953
    7.5000  -15.0000   37.500013525.1309   17.1849
   -7.5000   -7.5000   37.500014459.2285   17.2200
    0.0000   -7.5000   37.500014998.9746   17.1908
    7.5000   -7.5000   37.500014235.8037   17.1769
   -7.5000    0.0000   37.500015001.7891   17.2146
    0.0000    0.0000   37.500015579.5254   17.1785
    7.5000    0.0000   37.500014724.0371   17.1566
   -7.5000    7.5000   37.500014317.1953   17.2097
    0.0000    7.5000   37.500014847.9814   17.1702
    7.5000    7.5000   37.500014017.3867   17.1434
   -7.5000   15.0000   37.500013438.4912   17.2098
    0.0000   15.0000   37.500013924.8018   17.1732
    7.5000   15.0000   37.500013109.1641   17.1486
   -7.5000   22.5000   37.500012409.0273   17.2078
    0.0000   22.5000   37.500012912.8613   17.1779
    7.5000   22.5000   37.500012103.1797   17.1618
   -7.5000   30.0000   37.500011377.3398   16.9983
    0.0000   30.0000   37.500011873.6162   16.9729
    7.5000   30.0000   37.500011108.0566   16.9627
   -7.5000   37.5000   37.500010707.0615   17.0048
    0.0000   37.5000   37.500011168.2959   16.9763
    7.5000   37.5000   37.500010495.2217   16.9627
   -7.5000   45.0000   37.5000 9574.4961   16.6460
    0.0000   45.0000   37.500010004.9316   16.6121
    7.5000   45.0000   37.5000 9446.4678   16.5910
   -7.5000  -45.0000   45.0000 9568.2393   17.4048
    0.0000  -45.0000   45.000010013.1787   17.3810
    7.5000  -45.0000   45.0000 9477.1475   17.3646
   -7.5000  -37.5000   45.000010132.1123   17.3591
    0.0000  -37.5000   45.000010614.7656   17.3269
    7.5000  -37.5000   45.000010072.6816   17.3023
   -7.5000  -30.0000   45.000011039.0645   17.3457
    0.0000  -30.0000   45.000011538.2324   17.3122
    7.5000  -30.0000   45.000010980.3721   17.2855
   -7.5000  -22.5000   45.000011836.3584   17.3494
    0.0000  -22.5000   45.000012331.3252   17.3235
    7.5000  -22.5000   45.000011771.5322   17.3043
   -7.5000  -15.0000   45.000012521.2549   17.3518
    0.0000  -15.0000   45.000013052.0830   17.3336
    7.5000  -15.0000   45.000012476.2959   17.3225
   -7.5000   -7.5000   45.000013218.4316   17.3482
    0.0000   -7.5000   45.000013795.8799   17.3302
    7.5000   -7.5000   45.000013143.5273   17.3196
   -7.5000    0.0000   45.000013746.9209   17.3430
    0.0000    0.0000   45.000014320.7334   17.3184
    7.5000    0.0000   45.000013613.0264   17.3019
   -7.5000    7.5000   45.000013173.9863   17.3419
    0.0000    7.5000   45.000013697.5518   17.3094
    7.5000    7.5000   45.000012990.2852   17.2850
   -7.5000   15.0000   45.000012421.4541   17.3445
    0.0000   15.0000   45.000012909.6016   17.3111
    7.5000   15.0000   45.000012204.7109   17.2845
   -7.5000   22.5000   45.000011512.5117   17.3413
    0.0000   22.5000   45.000011975.6807   17.3154
    7.5000   22.5000   45.000011297.1982   17.2963
   -7.5000   30.0000   45.000010546.5576   17.1258
    0.0000   30.0000   45.000010985.4756   17.1079
    7.5000   30.0000   45.000010351.0273   17.0969
   -7.5000   37.5000   45.0000 9910.6934   17.1292
    0.0000   37.5000   45.000010318.0430   17.1116
    7.5000   37.5000   45.0000 9746.7139   17.1013
   -7.5000   45.0000   45.0000 8859.5635   16.7757
    0.0000   45.0000   45.0000 9240.5391   16.7526
    7.5000   45.0000   45.0000 8764.4961   16.7368

---------------------------------------------------------------------
imgreg_4dfp /opt/freesurfer/average/711-2C_as_mni_average_305 /opt/freesurfer/average/711-2B_as_mni_average_305_mask talsrcimg_g11 none talsrcimg_to_711-2C_as_mni_average_305_t4 4355
---------------------------------------------------------------------

freesurfer imgreg_4dfp.c
/opt/freesurfer/average/711-2C_as_mni_average_305.4dfp.img
       256       256       256         1
  1.000000  1.000000  1.000000
orientation T byte_order littleendian
Reading image: /opt/freesurfer/average/711-2C_as_mni_average_305.4dfp.img
dimensions:      256       256       256
mmppix:       1.0000   -1.0000   -1.0000
center:     128.0000 -129.0000 -129.0000
/opt/freesurfer/average/711-2B_as_mni_average_305_mask.4dfp.img
       256       256       256         1
  1.000000  1.000000  1.000000
orientation T byte_order littleendian
Reading mask: /opt/freesurfer/average/711-2B_as_mni_average_305_mask.4dfp.img (2306576 pixels)
talsrcimg_g11.4dfp.img
       256       256       256         1
  1.000000  1.000000  1.000000
orientation T byte_order littleendian
Reading image: talsrcimg_g11.4dfp.img
dimensions:      256       256       256
mmppix:       1.0000   -1.0000   -1.0000
center:     128.0000 -129.0000 -129.0000
rotation matrix determinant  1.000000
image alignment mode   4355 decimal     1103 hex
   -7.5000  -45.0000  -45.0000 2148.8887   19.0774
    0.0000  -45.0000  -45.0000 2160.0137   18.9377
    7.5000  -45.0000  -45.0000 2143.3142   19.1659
   -7.5000  -37.5000  -45.0000 2205.4292   17.8561
    0.0000  -37.5000  -45.0000 2214.3489   17.7657
    7.5000  -37.5000  -45.0000 2198.6528   17.9138
   -7.5000  -30.0000  -45.0000 2246.6567   17.0532
    0.0000  -30.0000  -45.0000 2255.7456   16.9853
    7.5000  -30.0000  -45.0000 2237.8977   17.1073
   -7.5000  -22.5000  -45.0000 2271.0811   16.5811
    0.0000  -22.5000  -45.0000 2281.2468   16.4920
    7.5000  -22.5000  -45.0000 2260.9771   16.6637
   -7.5000  -15.0000  -45.0000 2274.9817   16.4015
    0.0000  -15.0000  -45.0000 2285.1660   16.3307
    7.5000  -15.0000  -45.0000 2264.9460   16.5393
   -7.5000   -7.5000  -45.0000 2264.6350   16.4477
    0.0000   -7.5000  -45.0000 2276.4841   16.4142
    7.5000   -7.5000  -45.0000 2260.8523   16.6331
   -7.5000    0.0000  -45.0000 2241.8833   16.8977
    0.0000    0.0000  -45.0000 2252.7129   16.7854
    7.5000    0.0000  -45.0000 2238.2412   16.9746
   -7.5000    7.5000  -45.0000 2201.2739   17.5647
    0.0000    7.5000  -45.0000 2211.0452   17.4186
    7.5000    7.5000  -45.0000 2196.4922   17.6104
   -7.5000   15.0000  -45.0000 2140.1919   18.5684
    0.0000   15.0000  -45.0000 2149.8730   18.3956
    7.5000   15.0000  -45.0000 2133.9270   18.5886
   -7.5000   22.5000  -45.0000 2063.4910   20.0009
    0.0000   22.5000  -45.0000 2073.7124   19.8087
    7.5000   22.5000  -45.0000 2058.5383   20.0808
   -7.5000   30.0000  -45.0000 1968.8131   21.9095
    0.0000   30.0000  -45.0000 1976.5524   21.7803
    7.5000   30.0000  -45.0000 1963.6130   22.1215
   -7.5000   37.5000  -45.0000 1869.4207   24.6065
    0.0000   37.5000  -45.0000 1876.6558   24.4158
    7.5000   37.5000  -45.0000 1865.3419   24.8154
   -7.5000   45.0000  -45.0000 1760.5321   28.3310
    0.0000   45.0000  -45.0000 1771.4647   28.1222
    7.5000   45.0000  -45.0000 1757.4368   28.5448
   -7.5000  -45.0000  -37.5000 2237.0808   17.7208
    0.0000  -45.0000  -37.5000 2249.8286   17.6171
    7.5000  -45.0000  -37.5000 2232.2251   17.6968
   -7.5000  -37.5000  -37.5000 2301.5115   16.5744
    0.0000  -37.5000  -37.5000 2305.5740   16.5109
    7.5000  -37.5000  -37.5000 2291.7402   16.5631
   -7.5000  -30.0000  -37.5000 2340.2722   15.8018
    0.0000  -30.0000  -37.5000 2345.7112   15.7431
    7.5000  -30.0000  -37.5000 2331.0454   15.8125
   -7.5000  -22.5000  -37.5000 2360.6714   15.3252
    0.0000  -22.5000  -37.5000 2370.5173   15.2891
    7.5000  -22.5000  -37.5000 2356.3562   15.3792
   -7.5000  -15.0000  -37.5000 2371.1958   15.1248
    0.0000  -15.0000  -37.5000 2381.8440   15.0846
    7.5000  -15.0000  -37.5000 2367.5977   15.2432
   -7.5000   -7.5000  -37.5000 2367.3608   15.1470
    0.0000   -7.5000  -37.5000 2382.3743   15.1346
    7.5000   -7.5000  -37.5000 2366.0613   15.2732
   -7.5000    0.0000  -37.5000 2344.8884   15.5365
    0.0000    0.0000  -37.5000 2360.6384   15.4577
    7.5000    0.0000  -37.5000 2339.4150   15.5894
   -7.5000    7.5000  -37.5000 2304.4387   16.1462
    0.0000    7.5000  -37.5000 2318.7493   16.0734
    7.5000    7.5000  -37.5000 2296.6204   16.1765
   -7.5000   15.0000  -37.5000 2240.0559   17.0354
    0.0000   15.0000  -37.5000 2253.3157   16.9826
    7.5000   15.0000  -37.5000 2234.2163   17.0655
   -7.5000   22.5000  -37.5000 2161.7397   18.3367
    0.0000   22.5000  -37.5000 2169.1187   18.2431
    7.5000   22.5000  -37.5000 2153.9343   18.3928
   -7.5000   30.0000  -37.5000 2060.7234   20.0908
    0.0000   30.0000  -37.5000 2066.0520   19.9953
    7.5000   30.0000  -37.5000 2055.3816   20.2036
   -7.5000   37.5000  -37.5000 1950.6747   22.5072
    0.0000   37.5000  -37.5000 1961.2697   22.3444
    7.5000   37.5000  -37.5000 1949.0361   22.6235
   -7.5000   45.0000  -37.5000 1832.8647   25.7698
    0.0000   45.0000  -37.5000 1839.7153   25.5908
    7.5000   45.0000  -37.5000 1829.6091   25.8890
   -7.5000  -45.0000  -30.0000 2367.7546   17.0622
    0.0000  -45.0000  -30.0000 2377.9282   16.9635
    7.5000  -45.0000  -30.0000 2356.9661   16.9926
   -7.5000  -37.5000  -30.0000 2437.5859   15.9692
    0.0000  -37.5000  -30.0000 2442.7178   15.9264
    7.5000  -37.5000  -30.0000 2423.7825   15.9156
   -7.5000  -30.0000  -30.0000 2470.5833   15.2072
    0.0000  -30.0000  -30.0000 2483.4900   15.1747
    7.5000  -30.0000  -30.0000 2462.8958   15.1857
   -7.5000  -22.5000  -30.0000 2498.0808   14.7191
    0.0000  -22.5000  -30.0000 2510.0691   14.6894
    7.5000  -22.5000  -30.0000 2488.2061   14.7366
   -7.5000  -15.0000  -30.0000 2509.3843   14.4735
    0.0000  -15.0000  -30.0000 2525.0049   14.4191
    7.5000  -15.0000  -30.0000 2506.6738   14.5055
   -7.5000   -7.5000  -30.0000 2506.9883   14.4910
    0.0000   -7.5000  -30.0000 2526.0405   14.4381
    7.5000   -7.5000  -30.0000 2505.6528   14.5401
   -7.5000    0.0000  -30.0000 2487.2041   14.8378
    0.0000    0.0000  -30.0000 2507.1833   14.7891
    7.5000    0.0000  -30.0000 2484.1553   14.8858
   -7.5000    7.5000  -30.0000 2445.8586   15.4430
    0.0000    7.5000  -30.0000 2462.4043   15.3737
    7.5000    7.5000  -30.0000 2443.2366   15.4783
   -7.5000   15.0000  -30.0000 2377.1936   16.3005
    0.0000   15.0000  -30.0000 2393.4102   16.1997
    7.5000   15.0000  -30.0000 2373.4788   16.2987
   -7.5000   22.5000  -30.0000 2292.5583   17.4940
    0.0000   22.5000  -30.0000 2303.8826   17.4223
    7.5000   22.5000  -30.0000 2281.5232   17.5380
   -7.5000   30.0000  -30.0000 2184.8904   19.1178
    0.0000   30.0000  -30.0000 2197.6584   19.0391
    7.5000   30.0000  -30.0000 2179.9807   19.1803
   -7.5000   37.5000  -30.0000 2069.6345   21.3428
    0.0000   37.5000  -30.0000 2083.8188   21.2275
    7.5000   37.5000  -30.0000 2065.3733   21.4091
   -7.5000   45.0000  -30.0000 1944.4708   24.3573
    0.0000   45.0000  -30.0000 1952.2983   24.2243
    7.5000   45.0000  -30.0000 1938.7246   24.4579
   -7.5000  -45.0000  -22.5000 2469.6704   16.3219
    0.0000  -45.0000  -22.5000 2478.4419   16.2044
    7.5000  -45.0000  -22.5000 2461.0977   16.1802
   -7.5000  -37.5000  -22.5000 2547.8674   15.2236
    0.0000  -37.5000  -22.5000 2555.0286   15.1263
    7.5000  -37.5000  -22.5000 2528.5132   15.0802
   -7.5000  -30.0000  -22.5000 2585.4062   14.4849
    0.0000  -30.0000  -22.5000 2597.8464   14.4216
    7.5000  -30.0000  -22.5000 2572.4248   14.3999
   -7.5000  -22.5000  -22.5000 2609.3276   14.0034
    0.0000  -22.5000  -22.5000 2628.4331   13.9515
    7.5000  -22.5000  -22.5000 2603.9895   13.9628
   -7.5000  -15.0000  -22.5000 2627.3523   13.7838
    0.0000  -15.0000  -22.5000 2646.1165   13.7126
    7.5000  -15.0000  -22.5000 2627.1211   13.7461
   -7.5000   -7.5000  -22.5000 2630.1387   13.8040
    0.0000   -7.5000  -22.5000 2652.0898   13.7303
    7.5000   -7.5000  -22.5000 2631.8801   13.8036
   -7.5000    0.0000  -22.5000 2612.1140   14.1092
    0.0000    0.0000  -22.5000 2634.6897   14.0270
    7.5000    0.0000  -22.5000 2612.0093   14.1003
   -7.5000    7.5000  -22.5000 2565.9795   14.6404
    0.0000    7.5000  -22.5000 2586.8882   14.5561
    7.5000    7.5000  -22.5000 2564.8113   14.6334
   -7.5000   15.0000  -22.5000 2492.2019   15.4215
    0.0000   15.0000  -22.5000 2511.8689   15.3490
    7.5000   15.0000  -22.5000 2490.4155   15.4389
   -7.5000   22.5000  -22.5000 2399.3550   16.5206
    0.0000   22.5000  -22.5000 2414.1667   16.4452
    7.5000   22.5000  -22.5000 2394.9836   16.5610
   -7.5000   30.0000  -22.5000 2285.2000   18.0223
    0.0000   30.0000  -22.5000 2301.9187   17.9385
    7.5000   30.0000  -22.5000 2282.9758   18.0687
   -7.5000   37.5000  -22.5000 2166.8911   20.0833
    0.0000   37.5000  -22.5000 2183.4534   20.0284
    7.5000   37.5000  -22.5000 2163.0129   20.1730
   -7.5000   45.0000  -22.5000 2033.9988   22.9108
    0.0000   45.0000  -22.5000 2043.5188   22.8233
    7.5000   45.0000  -22.5000 2030.3440   23.0090
   -7.5000  -45.0000  -15.0000 2536.0298   15.5917
    0.0000  -45.0000  -15.0000 2548.6995   15.4752
    7.5000  -45.0000  -15.0000 2527.0481   15.4023
   -7.5000  -37.5000  -15.0000 2615.6887   14.4472
    0.0000  -37.5000  -15.0000 2629.8884   14.3235
    7.5000  -37.5000  -15.0000 2602.1572   14.2578
   -7.5000  -30.0000  -15.0000 2668.9023   13.6880
    0.0000  -30.0000  -15.0000 2686.0530   13.5695
    7.5000  -30.0000  -15.0000 2661.6802   13.5561
   -7.5000  -22.5000  -15.0000 2705.4907   13.2495
    0.0000  -22.5000  -15.0000 2727.5164   13.1496
    7.5000  -22.5000  -15.0000 2703.3181   13.1864
   -7.5000  -15.0000  -15.0000 2722.9224   13.0706
    0.0000  -15.0000  -15.0000 2744.7456   12.9796
    7.5000  -15.0000  -15.0000 2724.5996   13.0069
   -7.5000   -7.5000  -15.0000 2727.3284   13.1148
    0.0000   -7.5000  -15.0000 2749.5728   13.0444
    7.5000   -7.5000  -15.0000 2724.9370   13.0725
   -7.5000    0.0000  -15.0000 2708.8484   13.3651
    0.0000    0.0000  -15.0000 2730.5972   13.2924
    7.5000    0.0000  -15.0000 2704.8896   13.3408
   -7.5000    7.5000  -15.0000 2659.0425   13.8495
    0.0000    7.5000  -15.0000 2683.3997   13.7509
    7.5000    7.5000  -15.0000 2659.8013   13.8252
   -7.5000   15.0000  -15.0000 2583.9224   14.5664
    0.0000   15.0000  -15.0000 2606.0183   14.4836
    7.5000   15.0000  -15.0000 2581.8535   14.5621
   -7.5000   22.5000  -15.0000 2487.2827   15.6036
    0.0000   22.5000  -15.0000 2504.3521   15.5358
    7.5000   22.5000  -15.0000 2483.1807   15.6653
   -7.5000   30.0000  -15.0000 2363.9639   16.9974
    0.0000   30.0000  -15.0000 2382.9204   16.9122
    7.5000   30.0000  -15.0000 2363.3381   17.0568
   -7.5000   37.5000  -15.0000 2233.8337   18.9069
    0.0000   37.5000  -15.0000 2252.8286   18.8438
    7.5000   37.5000  -15.0000 2235.4963   18.9939
   -7.5000   45.0000  -15.0000 2096.2000   21.5526
    0.0000   45.0000  -15.0000 2114.2847   21.4889
    7.5000   45.0000  -15.0000 2093.5552   21.6083
   -7.5000  -45.0000   -7.5000 2579.1914   14.8607
    0.0000  -45.0000   -7.5000 2590.0857   14.7246
    7.5000  -45.0000   -7.5000 2567.3582   14.7331
   -7.5000  -37.5000   -7.5000 2671.8684   13.7580
    0.0000  -37.5000   -7.5000 2686.0742   13.6192
    7.5000  -37.5000   -7.5000 2659.2427   13.5988
   -7.5000  -30.0000   -7.5000 2735.3696   12.9851
    0.0000  -30.0000   -7.5000 2754.0876   12.8542
    7.5000  -30.0000   -7.5000 2732.4438   12.8573
   -7.5000  -22.5000   -7.5000 2780.6707   12.5162
    0.0000  -22.5000   -7.5000 2804.0681   12.4058
    7.5000  -22.5000   -7.5000 2777.0908   12.4226
   -7.5000  -15.0000   -7.5000 2804.5342   12.3278
    0.0000  -15.0000   -7.5000 2824.9502   12.2412
    7.5000  -15.0000   -7.5000 2798.9663   12.2723
   -7.5000   -7.5000   -7.5000 2808.6018   12.4053
    0.0000   -7.5000   -7.5000 2829.5300   12.3449
    7.5000   -7.5000   -7.5000 2803.0925   12.3663
   -7.5000    0.0000   -7.5000 2784.4634   12.6738
    0.0000    0.0000   -7.5000 2804.7097   12.5873
    7.5000    0.0000   -7.5000 2779.6223   12.6445
   -7.5000    7.5000   -7.5000 2734.2571   13.1050
    0.0000    7.5000   -7.5000 2759.1533   12.9952
    7.5000    7.5000   -7.5000 2737.2742   13.0920
   -7.5000   15.0000   -7.5000 2657.6938   13.7662
    0.0000   15.0000   -7.5000 2674.6929   13.6690
    7.5000   15.0000   -7.5000 2656.2244   13.7948
   -7.5000   22.5000   -7.5000 2552.1917   14.7758
    0.0000   22.5000   -7.5000 2570.4275   14.6741
    7.5000   22.5000   -7.5000 2554.2158   14.8291
   -7.5000   30.0000   -7.5000 2429.1333   16.1509
    0.0000   30.0000   -7.5000 2443.8369   16.0470
    7.5000   30.0000   -7.5000 2427.1567   16.1922
   -7.5000   37.5000   -7.5000 2294.4263   17.9683
    0.0000   37.5000   -7.5000 2305.6311   17.8730
    7.5000   37.5000   -7.5000 2291.5325   18.0400
   -7.5000   45.0000   -7.5000 2145.5032   20.4183
    0.0000   45.0000   -7.5000 2154.3545   20.3147
    7.5000   45.0000   -7.5000 2138.4080   20.4747
   -7.5000  -45.0000    0.0000 2599.9058   14.3273
    0.0000  -45.0000    0.0000 2615.3506   14.2056
    7.5000  -45.0000    0.0000 2595.1768   14.2761
   -7.5000  -37.5000    0.0000 2701.0566   13.2467
    0.0000  -37.5000    0.0000 2717.8845   13.1117
    7.5000  -37.5000    0.0000 2702.0566   13.1763
   -7.5000  -30.0000    0.0000 2774.9158   12.4704
    0.0000  -30.0000    0.0000 2793.9775   12.3564
    7.5000  -30.0000    0.0000 2782.9104   12.3895
   -7.5000  -22.5000    0.0000 2823.6450   11.9705
    0.0000  -22.5000    0.0000 2849.0305   11.8363
    7.5000  -22.5000    0.0000 2827.8638   11.9041
   -7.5000  -15.0000    0.0000 2861.8381   11.7132
    0.0000  -15.0000    0.0000 2880.6101   11.6235
    7.5000  -15.0000    0.0000 2855.1533   11.7217
   -7.5000   -7.5000    0.0000 2871.4565   11.8161
    0.0000   -7.5000    0.0000 2889.5867   11.7331
    7.5000   -7.5000    0.0000 2864.5601   11.8307
   -7.5000    0.0000    0.0000 2846.2461   12.1248
    0.0000    0.0000    0.0000 2866.6880   12.0241
    7.5000    0.0000    0.0000 2843.5742   12.1092
   -7.5000    7.5000    0.0000 2793.5540   12.5592
    0.0000    7.5000    0.0000 2813.3059   12.4419
    7.5000    7.5000    0.0000 2794.4915   12.5524
   -7.5000   15.0000    0.0000 2712.0862   13.2155
    0.0000   15.0000    0.0000 2727.7910   13.0903
    7.5000   15.0000    0.0000 2712.9727   13.2417
   -7.5000   22.5000    0.0000 2605.5339   14.1928
    0.0000   22.5000    0.0000 2622.0220   14.0692
    7.5000   22.5000    0.0000 2602.7483   14.2509
   -7.5000   30.0000    0.0000 2480.3538   15.5172
    0.0000   30.0000    0.0000 2492.8452   15.4053
    7.5000   30.0000    0.0000 2473.9285   15.6186
   -7.5000   37.5000    0.0000 2341.5781   17.2910
    0.0000   37.5000    0.0000 2349.0664   17.2128
    7.5000   37.5000    0.0000 2333.9219   17.3902
   -7.5000   45.0000    0.0000 2185.1470   19.6292
    0.0000   45.0000    0.0000 2191.5894   19.5448
    7.5000   45.0000    0.0000 2180.4651   19.7372
   -7.5000  -45.0000    7.5000 2602.9983   14.0568
    0.0000  -45.0000    7.5000 2620.8462   13.9459
    7.5000  -45.0000    7.5000 2604.1997   14.0561
   -7.5000  -37.5000    7.5000 2714.2937   12.9581
    0.0000  -37.5000    7.5000 2736.8359   12.8286
    7.5000  -37.5000    7.5000 2721.9658   12.9628
   -7.5000  -30.0000    7.5000 2806.0273   12.2016
    0.0000  -30.0000    7.5000 2830.5342   12.0709
    7.5000  -30.0000    7.5000 2814.2319   12.1535
   -7.5000  -22.5000    7.5000 2869.8958   11.6702
    0.0000  -22.5000    7.5000 2898.2402   11.5171
    7.5000  -22.5000    7.5000 2871.5862   11.6198
   -7.5000  -15.0000    7.5000 2908.4924   11.3209
    0.0000  -15.0000    7.5000 2931.9429   11.2065
    7.5000  -15.0000    7.5000 2905.4973   11.4065
   -7.5000   -7.5000    7.5000 2918.9785   11.4087
    0.0000   -7.5000    7.5000 2936.5713   11.2753
    7.5000   -7.5000    7.5000 2916.3262   11.5028
   -7.5000    0.0000    7.5000 2895.9026   11.7391
    0.0000    0.0000    7.5000 2912.8210   11.6009
    7.5000    0.0000    7.5000 2891.6521   11.8062
   -7.5000    7.5000    7.5000 2845.8628   12.2229
    0.0000    7.5000    7.5000 2863.7104   12.0752
    7.5000    7.5000    7.5000 2844.5247   12.2793
   -7.5000   15.0000    7.5000 2757.4456   12.8957
    0.0000   15.0000    7.5000 2771.6194   12.7379
    7.5000   15.0000    7.5000 2758.1799   12.9709
   -7.5000   22.5000    7.5000 2643.0764   13.8650
    0.0000   22.5000    7.5000 2654.3074   13.7222
    7.5000   22.5000    7.5000 2637.6274   13.9525
   -7.5000   30.0000    7.5000 2515.0981   15.1802
    0.0000   30.0000    7.5000 2527.8403   15.0513
    7.5000   30.0000    7.5000 2506.2842   15.2811
   -7.5000   37.5000    7.5000 2374.4514   16.8454
    0.0000   37.5000    7.5000 2385.1990   16.7619
    7.5000   37.5000    7.5000 2367.0491   16.9834
   -7.5000   45.0000    7.5000 2209.9468   19.0374
    0.0000   45.0000    7.5000 2223.0205   18.9670
    7.5000   45.0000    7.5000 2205.3562   19.1593
   -7.5000  -45.0000   15.0000 2583.5747   13.9305
    0.0000  -45.0000   15.0000 2610.5190   13.8383
    7.5000  -45.0000   15.0000 2590.2634   14.0006
   -7.5000  -37.5000   15.0000 2700.9338   12.8261
    0.0000  -37.5000   15.0000 2732.5042   12.7132
    7.5000  -37.5000   15.0000 2712.8418   12.8800
   -7.5000  -30.0000   15.0000 2811.2815   12.0652
    0.0000  -30.0000   15.0000 2842.8743   11.9735
    7.5000  -30.0000   15.0000 2818.6541   12.0992
   -7.5000  -22.5000   15.0000 2899.5737   11.5831
    0.0000  -22.5000   15.0000 2934.3901   11.4867
    7.5000  -22.5000   15.0000 2901.0125   11.5884
   -7.5000  -15.0000   15.0000 2938.1335   11.2043
    0.0000  -15.0000   15.0000 2968.3584   11.0732
    7.5000  -15.0000   15.0000 2939.5730   11.3393
   -7.5000   -7.5000   15.0000 2946.1941   11.2188
    0.0000   -7.5000   15.0000 2962.4131   11.0550
    7.5000   -7.5000   15.0000 2937.8770   11.3917
   -7.5000    0.0000   15.0000 2916.1448   11.5602
    0.0000    0.0000   15.0000 2932.1736   11.4106
    7.5000    0.0000   15.0000 2907.7400   11.6757
   -7.5000    7.5000   15.0000 2858.6099   12.0629
    0.0000    7.5000   15.0000 2879.2913   11.9157
    7.5000    7.5000   15.0000 2850.0752   12.1412
   -7.5000   15.0000   15.0000 2768.3887   12.7444
    0.0000   15.0000   15.0000 2786.3657   12.6296
    7.5000   15.0000   15.0000 2763.6714   12.7932
   -7.5000   22.5000   15.0000 2651.5920   13.6981
    0.0000   22.5000   15.0000 2671.8638   13.6081
    7.5000   22.5000   15.0000 2648.7202   13.7455
   -7.5000   30.0000   15.0000 2526.8784   14.9569
    0.0000   30.0000   15.0000 2545.6289   14.9174
    7.5000   30.0000   15.0000 2520.0950   15.0396
   -7.5000   37.5000   15.0000 2385.3906   16.5986
    0.0000   37.5000   15.0000 2403.9031   16.6010
    7.5000   37.5000   15.0000 2382.4075   16.7012
   -7.5000   45.0000   15.0000 2226.4346   18.7680
    0.0000   45.0000   15.0000 2241.6272   18.7342
    7.5000   45.0000   15.0000 2220.3862   18.8801
   -7.5000  -45.0000   22.5000 2555.3577   13.9957
    0.0000  -45.0000   22.5000 2583.9717   13.9028
    7.5000  -45.0000   22.5000 2565.2466   14.1401
   -7.5000  -37.5000   22.5000 2680.8569   12.8572
    0.0000  -37.5000   22.5000 2713.0708   12.7446
    7.5000  -37.5000   22.5000 2694.3262   12.9770
   -7.5000  -30.0000   22.5000 2795.4380   12.0654
    0.0000  -30.0000   22.5000 2830.8977   11.9928
    7.5000  -30.0000   22.5000 2812.8594   12.1834
   -7.5000  -22.5000   22.5000 2895.7512   11.6732
    0.0000  -22.5000   22.5000 2937.4802   11.6084
    7.5000  -22.5000   22.5000 2901.4893   11.7268
   -7.5000  -15.0000   22.5000 2953.3933   11.3773
    0.0000  -15.0000   22.5000 2987.6484   11.3194
    7.5000  -15.0000   22.5000 2940.4143   11.4727
   -7.5000   -7.5000   22.5000 2958.1106   11.2961
    0.0000   -7.5000   22.5000 2979.2756   11.2002
    7.5000   -7.5000   22.5000 2941.9536   11.4163
   -7.5000    0.0000   22.5000 2927.6084   11.5113
    0.0000    0.0000   22.5000 2944.2415   11.4061
    7.5000    0.0000   22.5000 2909.2424   11.6018
   -7.5000    7.5000   22.5000 2856.8167   12.0176
    0.0000    7.5000   22.5000 2878.4412   11.9100
    7.5000    7.5000   22.5000 2848.3247   12.0757
   -7.5000   15.0000   22.5000 2763.7639   12.7264
    0.0000   15.0000   22.5000 2779.0437   12.6338
    7.5000   15.0000   22.5000 2757.7488   12.7789
   -7.5000   22.5000   22.5000 2650.4402   13.7151
    0.0000   22.5000   22.5000 2667.9333   13.6297
    7.5000   22.5000   22.5000 2647.9443   13.7486
   -7.5000   30.0000   22.5000 2529.2756   14.9867
    0.0000   30.0000   22.5000 2548.2593   14.9360
    7.5000   30.0000   22.5000 2521.0366   15.0668
   -7.5000   37.5000   22.5000 2388.6514   16.6074
    0.0000   37.5000   22.5000 2404.3652   16.5915
    7.5000   37.5000   22.5000 2384.2593   16.7220
   -7.5000   45.0000   22.5000 2224.9214   18.6893
    0.0000   45.0000   22.5000 2240.8550   18.7032
    7.5000   45.0000   22.5000 2220.0623   18.7957
   -7.5000  -45.0000   30.0000 2516.4351   14.2977
    0.0000  -45.0000   30.0000 2548.8142   14.2486
    7.5000  -45.0000   30.0000 2534.9983   14.5489
   -7.5000  -37.5000   30.0000 2641.6670   13.1557
    0.0000  -37.5000   30.0000 2680.0083   13.0971
    7.5000  -37.5000   30.0000 2659.3281   13.3450
   -7.5000  -30.0000   30.0000 2758.4673   12.3970
    0.0000  -30.0000   30.0000 2799.1218   12.3698
    7.5000  -30.0000   30.0000 2777.2888   12.5534
   -7.5000  -22.5000   30.0000 2862.1208   11.9611
    0.0000  -22.5000   30.0000 2897.4844   11.9026
    7.5000  -22.5000   30.0000 2865.5696   12.0472
   -7.5000  -15.0000   30.0000 2922.7832   11.6323
    0.0000  -15.0000   30.0000 2945.5637   11.5099
    7.5000  -15.0000   30.0000 2909.0815   11.7312
   -7.5000   -7.5000   30.0000 2942.2034   11.6255
    0.0000   -7.5000   30.0000 2955.7395   11.5112
    7.5000   -7.5000   30.0000 2920.1875   11.7042
   -7.5000    0.0000   30.0000 2906.0403   11.8528
    0.0000    0.0000   30.0000 2922.6533   11.7729
    7.5000    0.0000   30.0000 2884.4597   11.9198
   -7.5000    7.5000   30.0000 2837.4453   12.3070
    0.0000    7.5000   30.0000 2852.2805   12.2328
    7.5000    7.5000   30.0000 2821.6714   12.3720
   -7.5000   15.0000   30.0000 2736.7212   12.9921
    0.0000   15.0000   30.0000 2750.7935   12.9209
    7.5000   15.0000   30.0000 2729.6619   13.0665
   -7.5000   22.5000   30.0000 2628.0559   13.9392
    0.0000   22.5000   30.0000 2644.1450   13.8698
    7.5000   22.5000   30.0000 2621.8533   13.9942
   -7.5000   30.0000   30.0000 2510.5286   15.1589
    0.0000   30.0000   30.0000 2525.7263   15.1130
    7.5000   30.0000   30.0000 2498.6226   15.2268
   -7.5000   37.5000   30.0000 2371.8557   16.7199
    0.0000   37.5000   30.0000 2384.8733   16.6907
    7.5000   37.5000   30.0000 2361.2856   16.8286
   -7.5000   45.0000   30.0000 2210.9915   18.7986
    0.0000   45.0000   30.0000 2220.6948   18.7573
    7.5000   45.0000   30.0000 2201.1282   18.9206
   -7.5000  -45.0000   37.5000 2480.2639   14.9055
    0.0000  -45.0000   37.5000 2511.3054   14.9061
    7.5000  -45.0000   37.5000 2495.0444   15.1765
   -7.5000  -37.5000   37.5000 2598.6892   13.7573
    0.0000  -37.5000   37.5000 2636.2214   13.7356
    7.5000  -37.5000   37.5000 2620.3474   13.9777
   -7.5000  -30.0000   37.5000 2707.6072   12.9611
    0.0000  -30.0000   37.5000 2745.9534   12.9144
    7.5000  -30.0000   37.5000 2732.9558   13.1190
   -7.5000  -22.5000   37.5000 2804.5474   12.4265
    0.0000  -22.5000   37.5000 2835.5957   12.3024
    7.5000  -22.5000   37.5000 2815.4414   12.5395
   -7.5000  -15.0000   37.5000 2863.6116   12.0496
    0.0000  -15.0000   37.5000 2883.1311   11.9060
    7.5000  -15.0000   37.5000 2862.6272   12.1830
   -7.5000   -7.5000   37.5000 2881.4385   12.0425
    0.0000   -7.5000   37.5000 2899.3542   11.9209
    7.5000   -7.5000   37.5000 2874.3557   12.1368
   -7.5000    0.0000   37.5000 2850.2581   12.3161
    0.0000    0.0000   37.5000 2867.9866   12.1995
    7.5000    0.0000   37.5000 2838.3887   12.3712
   -7.5000    7.5000   37.5000 2792.9536   12.7718
    0.0000    7.5000   37.5000 2805.9692   12.6721
    7.5000    7.5000   37.5000 2782.2490   12.8270
   -7.5000   15.0000   37.5000 2703.4304   13.4708
    0.0000   15.0000   37.5000 2711.4058   13.3808
    7.5000   15.0000   37.5000 2687.7222   13.5277
   -7.5000   22.5000   37.5000 2599.3284   14.3903
    0.0000   22.5000   37.5000 2611.9985   14.3019
    7.5000   22.5000   37.5000 2584.4529   14.4310
   -7.5000   30.0000   37.5000 2477.2551   15.5762
    0.0000   30.0000   37.5000 2492.0244   15.5012
    7.5000   30.0000   37.5000 2462.6208   15.6287
   -7.5000   37.5000   37.5000 2336.3428   17.1086
    0.0000   37.5000   37.5000 2348.7722   17.0520
    7.5000   37.5000   37.5000 2327.5266   17.1756
   -7.5000   45.0000   37.5000 2182.2869   19.0884
    0.0000   45.0000   37.5000 2187.0588   19.0606
    7.5000   45.0000   37.5000 2172.3608   19.1940
   -7.5000  -45.0000   45.0000 2431.4414   15.7638
    0.0000  -45.0000   45.0000 2462.9636   15.7042
    7.5000  -45.0000   45.0000 2448.0115   16.0378
   -7.5000  -37.5000   45.0000 2550.4375   14.5135
    0.0000  -37.5000   45.0000 2585.1963   14.4532
    7.5000  -37.5000   45.0000 2573.7100   14.7581
   -7.5000  -30.0000   45.0000 2655.4583   13.6280
    0.0000  -30.0000   45.0000 2686.0291   13.5423
    7.5000  -30.0000   45.0000 2676.3577   13.8420
   -7.5000  -22.5000   45.0000 2737.6465   12.9946
    0.0000  -22.5000   45.0000 2763.4299   12.8637
    7.5000  -22.5000   45.0000 2748.7334   13.1931
   -7.5000  -15.0000   45.0000 2787.2129   12.6222
    0.0000  -15.0000   45.0000 2804.0239   12.5396
    7.5000  -15.0000   45.0000 2792.9148   12.8079
   -7.5000   -7.5000   45.0000 2799.5845   12.6350
    0.0000   -7.5000   45.0000 2821.4214   12.5188
    7.5000   -7.5000   45.0000 2802.6218   12.7663
   -7.5000    0.0000   45.0000 2774.3147   12.8932
    0.0000    0.0000   45.0000 2790.0601   12.7736
    7.5000    0.0000   45.0000 2771.2285   12.9718
   -7.5000    7.5000   45.0000 2725.5024   13.3776
    0.0000    7.5000   45.0000 2737.6514   13.2824
    7.5000    7.5000   45.0000 2713.4492   13.4487
   -7.5000   15.0000   45.0000 2649.1941   14.0743
    0.0000   15.0000   45.0000 2658.6213   14.0080
    7.5000   15.0000   45.0000 2632.8108   14.1517
   -7.5000   22.5000   45.0000 2553.8621   14.9879
    0.0000   22.5000   45.0000 2562.1604   14.9164
    7.5000   22.5000   45.0000 2537.3569   15.0356
   -7.5000   30.0000   45.0000 2426.5337   16.1482
    0.0000   30.0000   45.0000 2439.7178   16.0836
    7.5000   30.0000   45.0000 2419.2256   16.2084
   -7.5000   37.5000   45.0000 2288.1721   17.6624
    0.0000   37.5000   45.0000 2293.5669   17.6404
    7.5000   37.5000   45.0000 2275.1672   17.7391
   -7.5000   45.0000   45.0000 2138.6643   19.6083
    0.0000   45.0000   45.0000 2144.5591   19.5890
    7.5000   45.0000   45.0000 2129.3186   19.7850

---------------------------------------------------------------------
imgreg_4dfp /opt/freesurfer/average/711-2C_as_mni_average_305 /opt/freesurfer/average/711-2B_as_mni_average_305_mask talsrcimg_g11 none talsrcimg_to_711-2C_as_mni_average_305_t4 1283
---------------------------------------------------------------------

freesurfer imgreg_4dfp.c
/opt/freesurfer/average/711-2C_as_mni_average_305.4dfp.img
       256       256       256         1
  1.000000  1.000000  1.000000
orientation T byte_order littleendian
Reading image: /opt/freesurfer/average/711-2C_as_mni_average_305.4dfp.img
dimensions:      256       256       256
mmppix:       1.0000   -1.0000   -1.0000
center:     128.0000 -129.0000 -129.0000
/opt/freesurfer/average/711-2B_as_mni_average_305_mask.4dfp.img
       256       256       256         1
  1.000000  1.000000  1.000000
orientation T byte_order littleendian
Reading mask: /opt/freesurfer/average/711-2B_as_mni_average_305_mask.4dfp.img (2306576 pixels)
talsrcimg_g11.4dfp.img
       256       256       256         1
  1.000000  1.000000  1.000000
orientation T byte_order littleendian
Reading image: talsrcimg_g11.4dfp.img
dimensions:      256       256       256
mmppix:       1.0000   -1.0000   -1.0000
center:     128.0000 -129.0000 -129.0000
rotation matrix determinant  1.000000
fimgreg.f
image alignment mode   1283 decimal      503 hex
parameters
    0.0000  -15.0000   22.5000    0.0000    0.0000    0.0000
eta,q 0.93918 11.38993
niter,ni,del,rscale     5    3   12.0000    1.2000
parameter  4  1.278635 ->  0.500000 qaram    1.1500
parameter  6  0.996467 ->  0.500000 qaram    1.1500
parameters
   -0.5978  -13.1452   20.9723   -3.4500   -0.5385   -3.4500
eta,q 0.94542 11.19239
  0.0683  0.0742  0.0655  0.0558  0.0599  0.0543
  0.0644  0.0684  0.0626  0.0565  0.0585  0.0545
  0.0624  0.0641  0.0599  0.0585  0.0579  0.0553
  0.0617  0.0613  0.0613  0.0602  0.0570  0.0573
  0.0623  0.0615  0.0643  0.0615  0.0573  0.0605
  0.0665  0.0625  0.0682  0.0651  0.0593  0.0640
  0.0724  0.0644  0.0727  0.0692  0.0617  0.0674
niter,ni,del,rscale     6    3   12.0000    1.2000
parameters
   -1.0841  -12.6442   20.5449   -5.3019   -0.9594   -5.4386
eta,q 0.94594 11.26285
  0.0622  0.0655  0.0621  0.0570  0.0557  0.0558
  0.0573  0.0584  0.0599  0.0544  0.0542  0.0547
  0.0558  0.0553  0.0560  0.0537  0.0540  0.0541
  0.0546  0.0549  0.0550  0.0547  0.0538  0.0539
  0.0548  0.0559  0.0572  0.0562  0.0536  0.0551
  0.0596  0.0585  0.0603  0.0581  0.0547  0.0582
  0.0660  0.0609  0.0651  0.0614  0.0567  0.0625
niter,ni,del,rscale     5    3   12.0000    1.2000
parameters
   -1.3808  -11.4524   20.6081   -7.3956    0.6605   -5.6197
eta,q 0.94708 11.22771
  0.0619  0.0656  0.0608  0.0557  0.0552  0.0569
  0.0559  0.0590  0.0585  0.0532  0.0529  0.0547
  0.0543  0.0558  0.0556  0.0531  0.0527  0.0534
  0.0541  0.0542  0.0537  0.0537  0.0531  0.0529
  0.0540  0.0540  0.0546  0.0552  0.0528  0.0529
  0.0577  0.0564  0.0569  0.0576  0.0525  0.0545
  0.0637  0.0582  0.0617  0.0607  0.0531  0.0580
niter,ni,del,rscale     4    3   12.0000    1.2000
parameters
   -2.4376   -9.6761   20.3956  -10.2368    1.0771   -6.3009
eta,q 0.95018 11.15584
  0.0586  0.0664  0.0596  0.0535  0.0555  0.0551
  0.0533  0.0597  0.0565  0.0503  0.0527  0.0527
  0.0526  0.0553  0.0531  0.0500  0.0508  0.0506
  0.0529  0.0527  0.0521  0.0520  0.0498  0.0498
  0.0543  0.0522  0.0535  0.0546  0.0499  0.0508
  0.0588  0.0537  0.0563  0.0574  0.0511  0.0540
  0.0635  0.0559  0.0613  0.0609  0.0546  0.0585
niter,ni,del,rscale     3    3   12.0000    1.2000
parameters
   -2.2383   -8.0359   19.6955  -11.3697    0.6982   -6.7098
eta,q 0.95110 11.10336
  0.0633  0.0662  0.0570  0.0555  0.0544  0.0540
  0.0551  0.0595  0.0533  0.0505  0.0515  0.0518
  0.0505  0.0529  0.0504  0.0484  0.0494  0.0497
  0.0498  0.0498  0.0498  0.0497  0.0488  0.0489
  0.0504  0.0500  0.0519  0.0523  0.0495  0.0495
  0.0546  0.0520  0.0562  0.0555  0.0521  0.0521
  0.0610  0.0547  0.0611  0.0585  0.0567  0.0562
niter,ni,del,rscale     2    3   12.0000    1.2000
parameters
   -1.7984   -7.4691   19.5193  -11.9517    0.5065   -6.8076
eta,q 0.95140 11.08462
  0.0641  0.0621  0.0579  0.0568  0.0545  0.0541
  0.0559  0.0544  0.0541  0.0515  0.0519  0.0520
  0.0505  0.0496  0.0503  0.0482  0.0496  0.0497
  0.0489  0.0488  0.0490  0.0490  0.0485  0.0486
  0.0488  0.0503  0.0504  0.0516  0.0489  0.0490
  0.0530  0.0531  0.0543  0.0548  0.0516  0.0513
  0.0603  0.0565  0.0595  0.0578  0.0563  0.0553
niter,ni,del,rscale     1    3   12.0000    1.2000
parameters
   -1.6069   -7.2314   19.4436  -12.1957    0.4343   -6.8345
eta,q 0.95149 11.07756
  0.0628  0.0607  0.0580  0.0578  0.0546  0.0541
  0.0547  0.0531  0.0543  0.0522  0.0522  0.0520
  0.0500  0.0490  0.0503  0.0484  0.0498  0.0497
  0.0486  0.0485  0.0487  0.0487  0.0485  0.0485
  0.0488  0.0506  0.0500  0.0512  0.0487  0.0489
  0.0538  0.0536  0.0539  0.0544  0.0513  0.0511
  0.0611  0.0573  0.0592  0.0574  0.0560  0.0551
registration optimization eta report
parameter search radius
    6.0000    6.0000    6.0000    6.9000    6.0000    6.9000
100000*second partial in parameter space
       38.       29.       27.       19.       19.       13.
  0.0628  0.0607  0.0580  0.0578  0.0546  0.0541
  0.0547  0.0531  0.0543  0.0522  0.0522  0.0520
  0.0500  0.0490  0.0503  0.0484  0.0498  0.0497
  0.0486  0.0485  0.0487  0.0487  0.0485  0.0485
  0.0488  0.0506  0.0500  0.0512  0.0487  0.0489
  0.0538  0.0536  0.0539  0.0544  0.0513  0.0511
  0.0611  0.0573  0.0592  0.0574  0.0560  0.0551
   -1.6069   -7.2314   19.4436  -12.1957    0.4343   -6.8345
eta,q 0.95149 11.07756

---------------------------------------------------------------------
imgreg_4dfp /opt/freesurfer/average/711-2C_as_mni_average_305 /opt/freesurfer/average/711-2B_as_mni_average_305_mask talsrcimg_g11 none talsrcimg_to_711-2C_as_mni_average_305_t4 3335
---------------------------------------------------------------------

freesurfer imgreg_4dfp.c
/opt/freesurfer/average/711-2C_as_mni_average_305.4dfp.img
       256       256       256         1
  1.000000  1.000000  1.000000
orientation T byte_order littleendian
Reading image: /opt/freesurfer/average/711-2C_as_mni_average_305.4dfp.img
dimensions:      256       256       256
mmppix:       1.0000   -1.0000   -1.0000
center:     128.0000 -129.0000 -129.0000
/opt/freesurfer/average/711-2B_as_mni_average_305_mask.4dfp.img
       256       256       256         1
  1.000000  1.000000  1.000000
orientation T byte_order littleendian
Reading mask: /opt/freesurfer/average/711-2B_as_mni_average_305_mask.4dfp.img (2306576 pixels)
talsrcimg_g11.4dfp.img
       256       256       256         1
  1.000000  1.000000  1.000000
orientation T byte_order littleendian
Reading image: talsrcimg_g11.4dfp.img
dimensions:      256       256       256
mmppix:       1.0000   -1.0000   -1.0000
center:     128.0000 -129.0000 -129.0000
fimgreg.f
image alignment mode   3335 decimal      D07 hex
parameters
   -1.6069   -7.2314   19.4436   -0.7134   -2.9704   -2.2596
   11.7905    1.7783  -11.8998   21.0631    0.7580  -21.1245
eta,q 0.95338 11.17381
niter,ni,del,rscale     5    3    5.0000    1.2000
parameter  4  4.417577 ->  0.500000 qaram    1.1500
parameter  5 30.307194 ->  0.500000 qaram    1.1500
parameter  6  0.536378 ->  0.500000 qaram    1.1500
parameters
   -1.4446   -7.3014   19.4091   -4.8534   -7.1104   -6.3996
    9.5719    2.8749   -9.2936   19.0305   -1.1917  -19.3000
eta,q 0.96827 11.09305
  0.0493  0.0478  0.0485  0.0379  0.0306  0.0345  0.0341  0.0406  0.0365  0.0341  0.0327  0.0345
  0.0479  0.0471  0.0475  0.0396  0.0333  0.0332  0.0331  0.0373  0.0348  0.0327  0.0321  0.0333
  0.0470  0.0467  0.0469  0.0427  0.0368  0.0328  0.0327  0.0344  0.0334  0.0320  0.0319  0.0324
  0.0466  0.0466  0.0466  0.0466  0.0403  0.0342  0.0330  0.0327  0.0325  0.0322  0.0319  0.0319
  0.0468  0.0467  0.0468  0.0509  0.0436  0.0384  0.0339  0.0327  0.0321  0.0336  0.0324  0.0317
  0.0475  0.0472  0.0475  0.0547  0.0469  0.0439  0.0355  0.0343  0.0324  0.0360  0.0333  0.0321
  0.0487  0.0479  0.0487  0.0577  0.0502  0.0485  0.0375  0.0373  0.0332  0.0392  0.0346  0.0327
niter,ni,del,rscale     7    3    5.0000    1.2000
parameter  3  0.661332 ->  0.500000 qaram    1.1500
parameter  5  1.124835 ->  0.500000 qaram    1.3225
parameters
   -1.8337   -8.3642   18.0291   -8.8737  -11.8714   -6.6553
    9.7306    3.0885   -9.4368   18.2831   -1.4615  -22.4331
eta,q 0.97421 10.90441
  0.0344  0.0320  0.0305  0.0306  0.0257  0.0301  0.0291  0.0315  0.0282  0.0288  0.0270  0.0263
  0.0326  0.0312  0.0302  0.0296  0.0258  0.0285  0.0275  0.0288  0.0271  0.0274  0.0265  0.0258
  0.0317  0.0311  0.0304  0.0292  0.0269  0.0272  0.0265  0.0270  0.0263  0.0265  0.0262  0.0258
  0.0317  0.0316  0.0310  0.0302  0.0292  0.0260  0.0261  0.0261  0.0261  0.0261  0.0261  0.0261
  0.0327  0.0327  0.0321  0.0331  0.0326  0.0256  0.0263  0.0264  0.0263  0.0265  0.0262  0.0266
  0.0344  0.0342  0.0336  0.0371  0.0362  0.0275  0.0273  0.0282  0.0271  0.0281  0.0265  0.0273
  0.0368  0.0359  0.0354  0.0416  0.0394  0.0323  0.0289  0.0312  0.0284  0.0308  0.0272  0.0283
niter,ni,del,rscale     7    3    5.0000    1.2000
parameters
   -1.7164   -8.3435   17.1354   -8.9806  -15.3953   -7.0911
    9.8442    3.1494   -9.5838   18.7744   -2.0936  -24.4961
eta,q 0.97480 10.74769
  0.0299  0.0288  0.0265  0.0295  0.0270  0.0289  0.0281  0.0303  0.0272  0.0285  0.0261  0.0258
  0.0277  0.0271  0.0257  0.0278  0.0257  0.0273  0.0267  0.0277  0.0262  0.0269  0.0257  0.0253
  0.0263  0.0261  0.0255  0.0264  0.0252  0.0261  0.0257  0.0261  0.0256  0.0259  0.0254  0.0252
  0.0258  0.0258  0.0258  0.0255  0.0255  0.0252  0.0254  0.0254  0.0254  0.0254  0.0253  0.0253
  0.0261  0.0261  0.0265  0.0255  0.0275  0.0249  0.0257  0.0257  0.0256  0.0254  0.0254  0.0257
  0.0272  0.0271  0.0275  0.0272  0.0311  0.0269  0.0266  0.0274  0.0263  0.0262  0.0258  0.0263
  0.0291  0.0287  0.0290  0.0306  0.0353  0.0311  0.0279  0.0303  0.0274  0.0279  0.0265  0.0270
niter,ni,del,rscale     6    3    5.0000    1.2000
parameters
   -1.6765   -7.9731   17.0476   -8.6636  -16.2723   -7.2074
    9.8397    3.2518   -9.6075   19.2563   -2.2096  -24.8731
eta,q 0.97484 10.72492
  0.0290  0.0286  0.0269  0.0291  0.0288  0.0289  0.0278  0.0302  0.0271  0.0283  0.0261  0.0263
  0.0269  0.0268  0.0257  0.0275  0.0269  0.0273  0.0264  0.0275  0.0261  0.0266  0.0256  0.0255
  0.0256  0.0257  0.0252  0.0261  0.0256  0.0261  0.0255  0.0259  0.0254  0.0256  0.0253  0.0252
  0.0252  0.0252  0.0252  0.0252  0.0251  0.0252  0.0252  0.0252  0.0252  0.0252  0.0252  0.0252
  0.0256  0.0253  0.0254  0.0250  0.0255  0.0246  0.0255  0.0255  0.0254  0.0253  0.0252  0.0254
  0.0268  0.0258  0.0260  0.0263  0.0276  0.0264  0.0264  0.0272  0.0261  0.0260  0.0256  0.0258
  0.0287  0.0269  0.0270  0.0292  0.0312  0.0304  0.0278  0.0301  0.0272  0.0276  0.0262  0.0264
niter,ni,del,rscale     5    3    5.0000    1.2000
parameters
   -1.6436   -7.8419   17.0126   -8.6595  -16.4320   -7.2163
    9.8295    3.3163   -9.6276   19.3908   -2.2587  -24.9900
eta,q 0.97483 10.72035
  0.0289  0.0279  0.0269  0.0289  0.0293  0.0290  0.0278  0.0301  0.0271  0.0280  0.0261  0.0264
  0.0268  0.0264  0.0258  0.0273  0.0273  0.0273  0.0264  0.0275  0.0260  0.0264  0.0256  0.0256
  0.0256  0.0255  0.0253  0.0260  0.0259  0.0261  0.0255  0.0258  0.0254  0.0255  0.0253  0.0252
  0.0252  0.0252  0.0252  0.0252  0.0252  0.0252  0.0252  0.0252  0.0252  0.0252  0.0252  0.0252
  0.0256  0.0254  0.0254  0.0251  0.0252  0.0245  0.0255  0.0256  0.0254  0.0254  0.0252  0.0254
  0.0267  0.0261  0.0260  0.0266  0.0269  0.0263  0.0264  0.0272  0.0260  0.0262  0.0256  0.0258
  0.0286  0.0273  0.0269  0.0296  0.0302  0.0303  0.0278  0.0301  0.0271  0.0279  0.0262  0.0264
niter,ni,del,rscale     4    3    5.0000    1.2000
parameters
   -1.6266   -7.8125   17.0041   -8.6665  -16.4668   -7.2180
    9.8258    3.3448   -9.6308   19.4284   -2.2670  -25.0137
eta,q 0.97483 10.71920
  0.0288  0.0276  0.0269  0.0289  0.0294  0.0290  0.0278  0.0301  0.0271  0.0279  0.0261  0.0265
  0.0268  0.0262  0.0258  0.0273  0.0274  0.0274  0.0264  0.0274  0.0260  0.0263  0.0256  0.0256
  0.0256  0.0254  0.0253  0.0260  0.0259  0.0261  0.0255  0.0258  0.0254  0.0255  0.0253  0.0252
  0.0252  0.0252  0.0252  0.0252  0.0252  0.0252  0.0252  0.0252  0.0252  0.0252  0.0252  0.0252
  0.0256  0.0254  0.0254  0.0252  0.0252  0.0245  0.0255  0.0256  0.0254  0.0254  0.0252  0.0254
  0.0268  0.0262  0.0259  0.0267  0.0268  0.0263  0.0264  0.0273  0.0260  0.0262  0.0255  0.0258
  0.0287  0.0274  0.0268  0.0296  0.0301  0.0303  0.0278  0.0301  0.0271  0.0279  0.0262  0.0263
niter,ni,del,rscale     3    3    5.0000    1.2000
parameters
   -1.6217   -7.8038   17.0025   -8.6694  -16.4715   -7.2177
    9.8264    3.3517   -9.6332   19.4402   -2.2676  -25.0184
eta,q 0.97483 10.71918
  0.0288  0.0276  0.0269  0.0288  0.0294  0.0290  0.0278  0.0301  0.0271  0.0279  0.0261  0.0265
  0.0268  0.0262  0.0258  0.0273  0.0274  0.0274  0.0264  0.0274  0.0260  0.0263  0.0256  0.0256
  0.0256  0.0254  0.0253  0.0261  0.0259  0.0261  0.0255  0.0258  0.0254  0.0255  0.0253  0.0252
  0.0252  0.0252  0.0252  0.0252  0.0252  0.0252  0.0252  0.0252  0.0252  0.0252  0.0252  0.0252
  0.0256  0.0255  0.0254  0.0252  0.0252  0.0245  0.0255  0.0256  0.0254  0.0254  0.0252  0.0254
  0.0268  0.0262  0.0259  0.0267  0.0268  0.0263  0.0264  0.0273  0.0260  0.0262  0.0255  0.0258
  0.0287  0.0275  0.0268  0.0296  0.0300  0.0303  0.0278  0.0302  0.0271  0.0280  0.0261  0.0263
registration optimization eta report
parameter search radius
    2.4000    2.4000    2.7600    8.2800    9.5220    8.2800
    7.2000    7.2000    7.2000    7.2000    7.2000    7.2000
100000*second partial in parameter space
       62.       41.       23.        6.        5.        7.
        5.       10.        4.        5.        2.        2.
  0.0288  0.0276  0.0269  0.0288  0.0294  0.0290  0.0278  0.0301  0.0271  0.0279  0.0261  0.0265
  0.0268  0.0262  0.0258  0.0273  0.0274  0.0274  0.0264  0.0274  0.0260  0.0263  0.0256  0.0256
  0.0256  0.0254  0.0253  0.0261  0.0259  0.0261  0.0255  0.0258  0.0254  0.0255  0.0253  0.0252
  0.0252  0.0252  0.0252  0.0252  0.0252  0.0252  0.0252  0.0252  0.0252  0.0252  0.0252  0.0252
  0.0256  0.0255  0.0254  0.0252  0.0252  0.0245  0.0255  0.0256  0.0254  0.0254  0.0252  0.0254
  0.0268  0.0262  0.0259  0.0267  0.0268  0.0263  0.0264  0.0273  0.0260  0.0262  0.0255  0.0258
  0.0287  0.0275  0.0268  0.0296  0.0300  0.0303  0.0278  0.0302  0.0271  0.0280  0.0261  0.0263
   -1.6217   -7.8038   17.0025   -8.6694  -16.4715   -7.2177
    9.8264    3.3517   -9.6332   19.4402   -2.2676  -25.0184
eta,q 0.97483 10.71918

---------------------------------------------------------------------
imgreg_4dfp /opt/freesurfer/average/711-2C_as_mni_average_305 /opt/freesurfer/average/711-2B_as_mni_average_305_mask talsrcimg_g11 none talsrcimg_to_711-2C_as_mni_average_305_t4 2311
---------------------------------------------------------------------

freesurfer imgreg_4dfp.c
/opt/freesurfer/average/711-2C_as_mni_average_305.4dfp.img
       256       256       256         1
  1.000000  1.000000  1.000000
orientation T byte_order littleendian
Reading image: /opt/freesurfer/average/711-2C_as_mni_average_305.4dfp.img
dimensions:      256       256       256
mmppix:       1.0000   -1.0000   -1.0000
center:     128.0000 -129.0000 -129.0000
/opt/freesurfer/average/711-2B_as_mni_average_305_mask.4dfp.img
       256       256       256         1
  1.000000  1.000000  1.000000
orientation T byte_order littleendian
Reading mask: /opt/freesurfer/average/711-2B_as_mni_average_305_mask.4dfp.img (2306576 pixels)
talsrcimg_g11.4dfp.img
       256       256       256         1
  1.000000  1.000000  1.000000
orientation T byte_order littleendian
Reading image: talsrcimg_g11.4dfp.img
dimensions:      256       256       256
mmppix:       1.0000   -1.0000   -1.0000
center:     128.0000 -129.0000 -129.0000
fimgreg.f
image alignment mode   2311 decimal      907 hex
parameters
   -1.6217   -7.8038   17.0025   -8.6694  -16.4715   -7.2177
    9.8264    3.3517   -9.6332   19.4402   -2.2676  -25.0184
eta,q 0.97483 10.71918
niter,ni,del,rscale     5    3    5.0000    0.8000
parameters
   -1.6312   -7.8451   16.8785   -7.7304  -15.3742   -6.0825
    9.9188    3.2767   -9.4863   19.6407   -2.8980  -25.1338
eta,q 0.97556 10.84571
  0.0268  0.0262  0.0256  0.0270  0.0265  0.0269  0.0258  0.0274  0.0255  0.0262  0.0250  0.0253
  0.0259  0.0256  0.0253  0.0262  0.0258  0.0261  0.0251  0.0258  0.0249  0.0253  0.0246  0.0247
  0.0253  0.0253  0.0252  0.0256  0.0253  0.0255  0.0246  0.0248  0.0246  0.0247  0.0245  0.0244
  0.0252  0.0252  0.0252  0.0252  0.0250  0.0249  0.0245  0.0245  0.0245  0.0245  0.0245  0.0244
  0.0254  0.0253  0.0253  0.0250  0.0249  0.0244  0.0246  0.0249  0.0245  0.0246  0.0246  0.0246
  0.0259  0.0257  0.0255  0.0253  0.0250  0.0247  0.0250  0.0259  0.0248  0.0251  0.0249  0.0249
  0.0268  0.0262  0.0258  0.0261  0.0256  0.0259  0.0258  0.0275  0.0254  0.0260  0.0254  0.0252
niter,ni,del,rscale     4    3    5.0000    0.7000
parameters
   -1.6069   -7.9512   17.0587   -7.8335  -15.3794   -5.7623
    9.8622    3.3658   -9.3973   19.6382   -2.9721  -25.2000
eta,q 0.97566 10.85450
  0.0259  0.0252  0.0254  0.0258  0.0254  0.0262  0.0253  0.0268  0.0251  0.0256  0.0249  0.0250
  0.0251  0.0247  0.0249  0.0252  0.0249  0.0256  0.0248  0.0255  0.0247  0.0249  0.0246  0.0245
  0.0246  0.0245  0.0246  0.0247  0.0246  0.0251  0.0244  0.0246  0.0244  0.0245  0.0244  0.0243
  0.0244  0.0244  0.0244  0.0244  0.0244  0.0244  0.0243  0.0243  0.0243  0.0243  0.0243  0.0243
  0.0246  0.0246  0.0245  0.0245  0.0245  0.0242  0.0245  0.0246  0.0244  0.0245  0.0244  0.0245
  0.0250  0.0249  0.0247  0.0251  0.0248  0.0248  0.0248  0.0254  0.0246  0.0249  0.0246  0.0247
  0.0258  0.0255  0.0249  0.0261  0.0255  0.0261  0.0254  0.0266  0.0250  0.0256  0.0249  0.0249
niter,ni,del,rscale     3    3    5.0000    0.6000
parameters
   -1.5930   -7.9483   17.1535   -7.7566  -15.3250   -5.4686
    9.8574    3.3574   -9.3743   19.6704   -3.0313  -25.2259
eta,q 0.97575 10.86848
  0.0254  0.0250  0.0250  0.0254  0.0250  0.0258  0.0250  0.0261  0.0248  0.0252  0.0247  0.0248
  0.0248  0.0246  0.0246  0.0249  0.0247  0.0254  0.0246  0.0251  0.0245  0.0247  0.0244  0.0244
  0.0245  0.0244  0.0244  0.0246  0.0245  0.0248  0.0243  0.0244  0.0243  0.0244  0.0243  0.0243
  0.0243  0.0243  0.0243  0.0243  0.0243  0.0243  0.0243  0.0243  0.0243  0.0243  0.0243  0.0243
  0.0244  0.0244  0.0244  0.0244  0.0243  0.0242  0.0243  0.0245  0.0243  0.0243  0.0243  0.0243
  0.0248  0.0246  0.0245  0.0248  0.0246  0.0247  0.0246  0.0251  0.0245  0.0247  0.0245  0.0245
  0.0254  0.0250  0.0248  0.0255  0.0251  0.0257  0.0250  0.0261  0.0248  0.0252  0.0247  0.0247
niter,ni,del,rscale     2    3    5.0000    0.5000
parameters
   -1.5873   -7.9515   17.2521   -7.6991  -15.2601   -5.1804
    9.8387    3.3394   -9.3688   19.6827   -3.0545  -25.2484
eta,q 0.97582 10.88121
  0.0250  0.0247  0.0248  0.0251  0.0247  0.0255  0.0247  0.0255  0.0246  0.0249  0.0245  0.0245
  0.0246  0.0245  0.0245  0.0247  0.0245  0.0251  0.0244  0.0248  0.0244  0.0245  0.0243  0.0243
  0.0243  0.0243  0.0243  0.0244  0.0243  0.0246  0.0242  0.0243  0.0242  0.0243  0.0242  0.0242
  0.0242  0.0243  0.0243  0.0242  0.0242  0.0242  0.0242  0.0242  0.0242  0.0242  0.0242  0.0242
  0.0243  0.0243  0.0243  0.0243  0.0243  0.0242  0.0242  0.0244  0.0242  0.0243  0.0242  0.0243
  0.0246  0.0245  0.0244  0.0246  0.0244  0.0246  0.0244  0.0248  0.0244  0.0245  0.0243  0.0244
  0.0250  0.0247  0.0246  0.0251  0.0248  0.0253  0.0247  0.0255  0.0246  0.0249  0.0245  0.0245
niter,ni,del,rscale     1    3    5.0000    0.4000
parameters
   -1.5850   -7.9511   17.3647   -7.6607  -15.2164   -4.9271
    9.8396    3.3115   -9.3679   19.7018   -3.0560  -25.2526
eta,q 0.97586 10.89180
  0.0247  0.0245  0.0245  0.0247  0.0245  0.0252  0.0245  0.0250  0.0244  0.0246  0.0244  0.0244
  0.0244  0.0243  0.0244  0.0245  0.0244  0.0248  0.0243  0.0245  0.0243  0.0244  0.0242  0.0242
  0.0242  0.0242  0.0242  0.0243  0.0242  0.0244  0.0242  0.0242  0.0242  0.0242  0.0242  0.0242
  0.0242  0.0242  0.0242  0.0242  0.0242  0.0242  0.0241  0.0241  0.0241  0.0241  0.0241  0.0241
  0.0242  0.0242  0.0242  0.0242  0.0242  0.0242  0.0242  0.0243  0.0242  0.0242  0.0242  0.0242
  0.0244  0.0243  0.0243  0.0244  0.0243  0.0244  0.0243  0.0246  0.0243  0.0243  0.0242  0.0243
  0.0247  0.0245  0.0244  0.0247  0.0245  0.0249  0.0245  0.0250  0.0244  0.0246  0.0244  0.0244
registration optimization eta report
parameter search radius
    0.8000    0.8000    0.8000    2.4000    2.4000    2.4000
    2.4000    2.4000    2.4000    2.4000    2.4000    2.4000
100000*second partial in parameter space
       77.       49.       44.       10.        6.       15.
        6.       15.        4.        8.        4.        4.
  0.0247  0.0245  0.0245  0.0247  0.0245  0.0252  0.0245  0.0250  0.0244  0.0246  0.0244  0.0244
  0.0244  0.0243  0.0244  0.0245  0.0244  0.0248  0.0243  0.0245  0.0243  0.0244  0.0242  0.0242
  0.0242  0.0242  0.0242  0.0243  0.0242  0.0244  0.0242  0.0242  0.0242  0.0242  0.0242  0.0242
  0.0242  0.0242  0.0242  0.0242  0.0242  0.0242  0.0241  0.0241  0.0241  0.0241  0.0241  0.0241
  0.0242  0.0242  0.0242  0.0242  0.0242  0.0242  0.0242  0.0243  0.0242  0.0242  0.0242  0.0242
  0.0244  0.0243  0.0243  0.0244  0.0243  0.0244  0.0243  0.0246  0.0243  0.0243  0.0242  0.0243
  0.0247  0.0245  0.0244  0.0247  0.0245  0.0249  0.0245  0.0250  0.0244  0.0246  0.0244  0.0244
   -1.5850   -7.9511   17.3647   -7.6607  -15.2164   -4.9271
    9.8396    3.3115   -9.3679   19.7018   -3.0560  -25.2526
eta,q 0.97586 10.89180

---------------------------------------------------------------------
imgreg_4dfp /opt/freesurfer/average/711-2C_as_mni_average_305 /opt/freesurfer/average/711-2B_as_mni_average_305_mask talsrcimg_g11 none talsrcimg_to_711-2C_as_mni_average_305_t4 2311
---------------------------------------------------------------------

freesurfer imgreg_4dfp.c
/opt/freesurfer/average/711-2C_as_mni_average_305.4dfp.img
       256       256       256         1
  1.000000  1.000000  1.000000
orientation T byte_order littleendian
Reading image: /opt/freesurfer/average/711-2C_as_mni_average_305.4dfp.img
dimensions:      256       256       256
mmppix:       1.0000   -1.0000   -1.0000
center:     128.0000 -129.0000 -129.0000
/opt/freesurfer/average/711-2B_as_mni_average_305_mask.4dfp.img
       256       256       256         1
  1.000000  1.000000  1.000000
orientation T byte_order littleendian
Reading mask: /opt/freesurfer/average/711-2B_as_mni_average_305_mask.4dfp.img (2306576 pixels)
talsrcimg_g11.4dfp.img
       256       256       256         1
  1.000000  1.000000  1.000000
orientation T byte_order littleendian
Reading image: talsrcimg_g11.4dfp.img
dimensions:      256       256       256
mmppix:       1.0000   -1.0000   -1.0000
center:     128.0000 -129.0000 -129.0000
fimgreg.f
image alignment mode   2311 decimal      907 hex
parameters
   -1.5850   -7.9511   17.3647   -7.6607  -15.2164   -4.9271
    9.8396    3.3115   -9.3679   19.7018   -3.0560  -25.2526
eta,q 0.97586 10.89180
niter,ni,del,rscale     5    3    5.0000    0.8000
parameters
   -1.5963   -7.9365   17.5435   -8.0679  -15.7320   -5.3450
    9.8358    3.4020   -9.4546   19.6384   -2.8513  -24.9231
eta,q 0.97568 10.85124
  0.0261  0.0255  0.0255  0.0258  0.0252  0.0261  0.0256  0.0273  0.0252  0.0258  0.0250  0.0252
  0.0250  0.0247  0.0248  0.0250  0.0247  0.0255  0.0249  0.0257  0.0247  0.0250  0.0246  0.0246
  0.0244  0.0243  0.0243  0.0244  0.0243  0.0248  0.0245  0.0247  0.0244  0.0245  0.0244  0.0243
  0.0241  0.0241  0.0241  0.0241  0.0242  0.0242  0.0243  0.0243  0.0243  0.0243  0.0243  0.0243
  0.0244  0.0243  0.0242  0.0244  0.0243  0.0244  0.0245  0.0246  0.0244  0.0245  0.0244  0.0244
  0.0250  0.0247  0.0245  0.0253  0.0249  0.0256  0.0249  0.0255  0.0247  0.0250  0.0246  0.0246
  0.0261  0.0254  0.0250  0.0267  0.0260  0.0277  0.0256  0.0271  0.0253  0.0260  0.0249  0.0249
niter,ni,del,rscale     4    3    5.0000    0.7000
parameters
   -1.5806   -7.9145   17.3577   -7.8911  -15.4792   -5.3980
    9.8697    3.3677   -9.4190   19.6111   -2.8906  -25.0557
eta,q 0.97573 10.86247
  0.0257  0.0253  0.0248  0.0258  0.0253  0.0260  0.0253  0.0266  0.0250  0.0255  0.0248  0.0248
  0.0250  0.0247  0.0245  0.0251  0.0248  0.0254  0.0247  0.0253  0.0246  0.0248  0.0245  0.0244
  0.0245  0.0244  0.0243  0.0246  0.0245  0.0248  0.0244  0.0245  0.0244  0.0244  0.0243  0.0243
  0.0243  0.0243  0.0243  0.0243  0.0243  0.0243  0.0243  0.0243  0.0243  0.0243  0.0243  0.0243
  0.0245  0.0244  0.0245  0.0243  0.0243  0.0243  0.0244  0.0246  0.0243  0.0244  0.0243  0.0244
  0.0249  0.0247  0.0248  0.0248  0.0245  0.0251  0.0247  0.0254  0.0246  0.0248  0.0245  0.0246
  0.0257  0.0252  0.0252  0.0257  0.0252  0.0265  0.0253  0.0266  0.0250  0.0256  0.0248  0.0248
niter,ni,del,rscale     3    3    5.0000    0.6000
parameters
   -1.5826   -7.9393   17.3129   -7.7922  -15.3679   -5.2681
    9.8697    3.3409   -9.3956   19.6372   -2.9553  -25.1504
eta,q 0.97579 10.87276
  0.0253  0.0249  0.0248  0.0254  0.0250  0.0257  0.0250  0.0260  0.0248  0.0252  0.0246  0.0247
  0.0247  0.0245  0.0245  0.0249  0.0246  0.0253  0.0246  0.0250  0.0245  0.0247  0.0244  0.0244
  0.0244  0.0243  0.0243  0.0245  0.0244  0.0247  0.0243  0.0244  0.0243  0.0243  0.0243  0.0242
  0.0243  0.0243  0.0243  0.0243  0.0242  0.0242  0.0242  0.0242  0.0242  0.0242  0.0242  0.0242
  0.0244  0.0244  0.0243  0.0243  0.0243  0.0242  0.0243  0.0245  0.0243  0.0243  0.0243  0.0243
  0.0247  0.0246  0.0246  0.0247  0.0245  0.0248  0.0246  0.0251  0.0245  0.0246  0.0244  0.0245
  0.0253  0.0250  0.0248  0.0254  0.0250  0.0259  0.0250  0.0260  0.0248  0.0252  0.0247  0.0246
niter,ni,del,rscale     2    3    5.0000    0.5000
parameters
   -1.5843   -7.9475   17.3462   -7.7172  -15.2903   -5.0683
    9.8471    3.3202   -9.3740   19.6615   -3.0005  -25.1879
eta,q 0.97583 10.88339
  0.0250  0.0247  0.0247  0.0250  0.0247  0.0255  0.0247  0.0255  0.0246  0.0249  0.0245  0.0245
  0.0245  0.0244  0.0244  0.0247  0.0245  0.0250  0.0244  0.0247  0.0243  0.0245  0.0243  0.0243
  0.0243  0.0243  0.0243  0.0244  0.0243  0.0245  0.0242  0.0243  0.0242  0.0243  0.0242  0.0242
  0.0242  0.0242  0.0242  0.0242  0.0242  0.0242  0.0242  0.0242  0.0242  0.0242  0.0242  0.0242
  0.0243  0.0243  0.0243  0.0243  0.0242  0.0242  0.0242  0.0243  0.0242  0.0242  0.0242  0.0242
  0.0245  0.0244  0.0244  0.0245  0.0244  0.0246  0.0244  0.0248  0.0243  0.0245  0.0243  0.0243
  0.0250  0.0247  0.0246  0.0250  0.0247  0.0254  0.0247  0.0255  0.0246  0.0249  0.0245  0.0245
niter,ni,del,rscale     1    3    5.0000    0.4000
parameters
   -1.5839   -7.9508   17.4153   -7.6702  -15.2268   -4.8644
    9.8413    3.3000   -9.3659   19.6796   -3.0241  -25.2139
eta,q 0.97586 10.89290
  0.0247  0.0245  0.0245  0.0247  0.0245  0.0251  0.0245  0.0250  0.0244  0.0246  0.0244  0.0244
  0.0244  0.0243  0.0243  0.0245  0.0243  0.0248  0.0243  0.0245  0.0243  0.0243  0.0242  0.0242
  0.0242  0.0242  0.0242  0.0243  0.0242  0.0244  0.0242  0.0242  0.0242  0.0242  0.0242  0.0241
  0.0242  0.0242  0.0242  0.0242  0.0242  0.0242  0.0241  0.0241  0.0241  0.0241  0.0241  0.0241
  0.0242  0.0242  0.0242  0.0242  0.0242  0.0242  0.0242  0.0243  0.0242  0.0242  0.0242  0.0242
  0.0244  0.0243  0.0243  0.0244  0.0243  0.0244  0.0243  0.0245  0.0242  0.0243  0.0242  0.0242
  0.0247  0.0245  0.0244  0.0247  0.0245  0.0250  0.0245  0.0250  0.0244  0.0246  0.0244  0.0243
registration optimization eta report
parameter search radius
    0.8000    0.8000    0.8000    2.4000    2.4000    2.4000
    2.4000    2.4000    2.4000    2.4000    2.4000    2.4000
100000*second partial in parameter space
       76.       49.       43.       10.        6.       15.
        6.       15.        4.        8.        4.        4.
  0.0247  0.0245  0.0245  0.0247  0.0245  0.0251  0.0245  0.0250  0.0244  0.0246  0.0244  0.0244
  0.0244  0.0243  0.0243  0.0245  0.0243  0.0248  0.0243  0.0245  0.0243  0.0243  0.0242  0.0242
  0.0242  0.0242  0.0242  0.0243  0.0242  0.0244  0.0242  0.0242  0.0242  0.0242  0.0242  0.0241
  0.0242  0.0242  0.0242  0.0242  0.0242  0.0242  0.0241  0.0241  0.0241  0.0241  0.0241  0.0241
  0.0242  0.0242  0.0242  0.0242  0.0242  0.0242  0.0242  0.0243  0.0242  0.0242  0.0242  0.0242
  0.0244  0.0243  0.0243  0.0244  0.0243  0.0244  0.0243  0.0245  0.0242  0.0243  0.0242  0.0242
  0.0247  0.0245  0.0244  0.0247  0.0245  0.0250  0.0245  0.0250  0.0244  0.0246  0.0244  0.0243
   -1.5839   -7.9508   17.4153   -7.6702  -15.2268   -4.8644
    9.8413    3.3000   -9.3659   19.6796   -3.0241  -25.2139
eta,q 0.97586 10.89290

---------------------------------------------------------------------
compute_vox2vox talsrcimg talsrcimg_to_711-2C_as_mni_average_305_t4 /opt/freesurfer/average/711-2C_as_mni_average_305
---------------------------------------------------------------------

freesurfer compute_vox2vox.c
Reading: talsrcimg.4dfp.ifh
Reading: talsrcimg_to_711-2C_as_mni_average_305_t4
Reading: /opt/freesurfer/average/711-2C_as_mni_average_305.4dfp.ifh
Writing: talsrcimg_to_711-2C_as_mni_average_305_t4_vox2vox.txt

start time Sat Mar 7 01:51:40 CET 2026
end		time Sat Mar 7 01:53:05 CET 2026

mpr2mni305 success

avi2talxfm orig_nu.mgz /opt/freesurfer/average/mni305.cor.mgz talsrcimg_to_711-2C_as_mni_average_305_t4_vox2vox.txt transforms/talairach.auto.xfm
avi2talxfm done
mv -f /out/sourcedata/freesurfer/sub-v1s18x0051237_ses-1/mri/talsrcimg_to_711-2C_as_mni_average_305_t4_vox2vox.txt /out/sourcedata/freesurfer/sub-v1s18x0051237_ses-1/mri/transforms/talsrcimg_to_711-2C_as_mni_average_305_t4_vox2vox.txt
lta_convert --src orig_nu.mgz --trg /opt/freesurfer/average/mni305.cor.mgz --inxfm transforms/talairach.auto.xfm --outlta transforms/talairach.auto.xfm.lta --subject fsaverage
7.3.2

--src: orig_nu.mgz src image (geometry).
--trg: /opt/freesurfer/average/mni305.cor.mgz trg image (geometry).
--inmni: transforms/talairach.auto.xfm input MNI/XFM transform.
--outlta: transforms/talairach.auto.xfm.lta output LTA.
--s: fsaverage subject name
 LTA read, type : 1
 1.06980  -0.01076  -0.12739   0.50410;
 0.06154   0.98959   0.28719  -19.04053;
 0.10391  -0.23092   1.09888   22.52591;
 0.00000   0.00000   0.00000   1.00000;
setting subject to fsaverage
Writing  LTA to file transforms/talairach.auto.xfm.lta...
lta_convert successful.
 
 
Started at Sat Mar 7 01:51:39 CET 2026
Ended   at Sat Mar  7 01:53:05 CET 2026
talairach_avi done
