/out/sourcedata/freesurfer/sub-v1s10x0051020_ses-1/mri
/opt/freesurfer/bin/talairach_avi
--i orig_nu.mgz --xfm transforms/talairach.auto.xfm
talairach_avi 7.3.2
Linux dna007 5.14.0-427.37.1.el9_4.x86_64 #1 SMP PREEMPT_DYNAMIC Fri Sep 13 12:41:50 EDT 2024 x86_64 x86_64 x86_64 GNU/Linux
Fri Mar  6 07:20:35 CET 2026
mri_convert orig_nu.mgz talsrcimg.img 
reading from orig_nu.mgz...
TR=0.00, TE=0.00, TI=0.00, flip angle=0.00
i_ras = (-1, 0, 0)
j_ras = (0, 0, -1)
k_ras = (0, 1, 0)
writing to talsrcimg.img...
Analyze Output Matrix
-1.00000   0.00000   0.00000   129.66513;
 0.00000   0.00000   1.00000  -128.00000;
 0.00000  -1.00000   0.00000   128.55421;
 0.00000   0.00000   0.00000   1.00000;
--------------------
INFO: set hdr.hist.orient to -1
mpr2mni305 talsrcimg
Fri Mar  6 07:20:35 CET 2026
/opt/freesurfer/bin/mpr2mni305 talsrcimg
mpr2mni305 7.3.2
target=711-2C_as_mni_average_305

---------------------------------------------------------------------
analyzeto4dfp talsrcimg -O0 -y
---------------------------------------------------------------------

freesurfer ifh2hdr.c
Fri Mar  6 07:20:35 2026
Writing: talsrcimg.4dfp.hdr
freesurfer analyzeto4dfp.c
Reading: talsrcimg.hdr
header size 348 bytes
hdr.dime.datatype	offset=70	value=2
hdr.dime.bitpix		offset=72	value=8
hdr.hist.orient		offset=252	value=-1
dimensionality     4
dimensions       256       256       256         1
Reading: talsrcimg.img
Writing: talsrcimg.4dfp.img
Writing: talsrcimg.4dfp.ifh
ifh2hdr talsrcimg -r0to203
ori=2

---------------------------------------------------------------------
gauss_4dfp talsrcimg 1.1
---------------------------------------------------------------------

freesurfer gauss_4dfp.c
Reading: talsrcimg.4dfp.img
Writing: talsrcimg_g11.4dfp.img
image dimensions 256 256 256 padded to 288 288 288
processing volume 1freesurfer ifh2hdr.c
Fri Mar  6 07:20:37 2026
Writing: talsrcimg_g11.4dfp.hdr

Writing: talsrcimg_g11.4dfp.ifh
including: talsrcimg.4dfp.img.rec in talsrcimg_g11.4dfp.img.rec

---------------------------------------------------------------------
imgreg_4dfp /opt/freesurfer/average/711-2C_as_mni_average_305 none talsrcimg_g11 none talsrcimg_to_711-2C_as_mni_average_305_t4 4355
---------------------------------------------------------------------

freesurfer imgreg_4dfp.c
/opt/freesurfer/average/711-2C_as_mni_average_305.4dfp.img
       256       256       256         1
  1.000000  1.000000  1.000000
orientation T byte_order littleendian
Reading image: /opt/freesurfer/average/711-2C_as_mni_average_305.4dfp.img
dimensions:      256       256       256
mmppix:       1.0000   -1.0000   -1.0000
center:     128.0000 -129.0000 -129.0000
talsrcimg_g11.4dfp.img
       256       256       256         1
  1.000000  1.000000  1.000000
orientation T byte_order littleendian
Reading image: talsrcimg_g11.4dfp.img
dimensions:      256       256       256
mmppix:       1.0000   -1.0000   -1.0000
center:     128.0000 -129.0000 -129.0000
t4_read: open error in t4_sub.f l:  41 t4_file(1:l)talsrcimg_to_711-2C_as_mni_average_305_t4 
t4_read: transform initialized to I4
rotation matrix determinant  1.000000
image alignment mode   4355 decimal     1103 hex
   -7.5000  -45.0000  -45.0000 8778.9971   15.0134
    0.0000  -45.0000  -45.0000 9155.9141   15.0469
    7.5000  -45.0000  -45.0000 8683.1396   15.0536
   -7.5000  -37.5000  -45.0000 9242.5586   15.0076
    0.0000  -37.5000  -45.0000 9634.2686   15.0428
    7.5000  -37.5000  -45.0000 9132.4941   15.0540
   -7.5000  -30.0000  -45.000010011.3867   15.0250
    0.0000  -30.0000  -45.000010418.0400   15.0539
    7.5000  -30.0000  -45.0000 9865.4717   15.0699
   -7.5000  -22.5000  -45.000010703.8994   15.0356
    0.0000  -22.5000  -45.000011131.5381   15.0552
    7.5000  -22.5000  -45.000010541.6875   15.0714
   -7.5000  -15.0000  -45.000011332.0684   15.0298
    0.0000  -15.0000  -45.000011781.1572   15.0459
    7.5000  -15.0000  -45.000011158.2725   15.0577
   -7.5000   -7.5000  -45.000011886.1299   15.0121
    0.0000   -7.5000  -45.000012340.2334   15.0358
    7.5000   -7.5000  -45.000011687.6006   15.0427
   -7.5000    0.0000  -45.000012309.2988   15.0005
    0.0000    0.0000  -45.000012779.8145   15.0338
    7.5000    0.0000  -45.000012080.4492   15.0405
   -7.5000    7.5000  -45.000011813.6582   15.0076
    0.0000    7.5000  -45.000012264.1738   15.0428
    7.5000    7.5000  -45.000011581.8467   15.0540
   -7.5000   15.0000  -45.000011235.0479   15.0250
    0.0000   15.0000  -45.000011666.3457   15.0539
    7.5000   15.0000  -45.000011013.0479   15.0699
   -7.5000   22.5000  -45.000010467.5059   15.0335
    0.0000   22.5000  -45.000010870.5078   15.0531
    7.5000   22.5000  -45.000010243.6201   15.0694
   -7.5000   30.0000  -45.0000 9626.6768   14.8295
    0.0000   30.0000  -45.0000 9992.8574   14.8454
    7.5000   30.0000  -45.0000 9402.3330   14.8570
   -7.5000   37.5000  -45.0000 9105.6484   14.8137
    0.0000   37.5000  -45.0000 9457.4883   14.8370
    7.5000   37.5000  -45.0000 8893.9531   14.8438
   -7.5000   45.0000  -45.0000 8281.4541   14.4582
    0.0000   45.0000  -45.0000 8589.7686   14.4904
    7.5000   45.0000  -45.0000 8086.0342   14.4971
   -7.5000  -45.0000  -37.5000 9302.8418   14.9116
    0.0000  -45.0000  -37.5000 9706.7607   14.9475
    7.5000  -45.0000  -37.5000 9208.9307   14.9537
   -7.5000  -37.5000  -37.5000 9799.0342   14.9105
    0.0000  -37.5000  -37.500010217.1914   14.9505
    7.5000  -37.5000  -37.5000 9698.3447   14.9614
   -7.5000  -30.0000  -37.500010580.1865   14.9320
    0.0000  -30.0000  -37.500011013.9521   14.9643
    7.5000  -30.0000  -37.500010447.7500   14.9789
   -7.5000  -22.5000  -37.500011300.1182   14.9413
    0.0000  -22.5000  -37.500011762.7422   14.9599
    7.5000  -22.5000  -37.500011133.5605   14.9733
   -7.5000  -15.0000  -37.500011941.9639   14.9308
    0.0000  -15.0000  -37.500012419.9307   14.9432
    7.5000  -15.0000  -37.500011746.7314   14.9519
   -7.5000   -7.5000  -37.500012521.8125   14.9099
    0.0000   -7.5000  -37.500013003.8633   14.9318
    7.5000   -7.5000  -37.500012280.3281   14.9370
   -7.5000    0.0000  -37.500012935.4434   14.8989
    0.0000    0.0000  -37.500013430.9600   14.9346
    7.5000    0.0000  -37.500012673.7832   14.9409
   -7.5000    7.5000  -37.500012393.9697   14.9105
    0.0000    7.5000  -37.500012877.5273   14.9505
    7.5000    7.5000  -37.500012139.8359   14.9614
   -7.5000   15.0000  -37.500011774.9834   14.9320
    0.0000   15.0000  -37.500012236.6191   14.9643
    7.5000   15.0000  -37.500011528.2676   14.9789
   -7.5000   22.5000  -37.500010958.4414   14.9393
    0.0000   22.5000  -37.500011411.8848   14.9578
    7.5000   22.5000  -37.500010736.0732   14.9713
   -7.5000   30.0000  -37.500010045.4072   14.7318
    0.0000   30.0000  -37.500010460.3457   14.7440
    7.5000   30.0000  -37.5000 9840.7529   14.7527
   -7.5000   37.5000  -37.5000 9498.1162   14.7128
    0.0000   37.5000  -37.5000 9876.8896   14.7344
    7.5000   37.5000  -37.5000 9288.4355   14.7395
   -7.5000   45.0000  -37.5000 8602.1523   14.3611
    0.0000   45.0000  -37.5000 8945.8613   14.3956
    7.5000   45.0000  -37.5000 8420.4980   14.4018
   -7.5000  -45.0000  -30.0000 9996.7441   15.4567
    0.0000  -45.0000  -30.000010434.1338   15.4956
    7.5000  -45.0000  -30.0000 9897.1367   15.5056
   -7.5000  -37.5000  -30.000010529.6934   15.4550
    0.0000  -37.5000  -30.000010973.0791   15.4967
    7.5000  -37.5000  -30.000010403.1592   15.5096
   -7.5000  -30.0000  -30.000011371.0986   15.4796
    0.0000  -30.0000  -30.000011839.3604   15.5106
    7.5000  -30.0000  -30.000011197.1592   15.5262
   -7.5000  -22.5000  -30.000012123.2939   15.4932
    0.0000  -22.5000  -30.000012614.3525   15.5076
    7.5000  -22.5000  -30.000011911.7764   15.5225
   -7.5000  -15.0000  -30.000012811.4326   15.4837
    0.0000  -15.0000  -30.000013281.3740   15.4926
    7.5000  -15.0000  -30.000012537.3740   15.5044
   -7.5000   -7.5000  -30.000013420.4355   15.4591
    0.0000   -7.5000  -30.000013921.8906   15.4815
    7.5000   -7.5000  -30.000013122.4736   15.4911
   -7.5000    0.0000  -30.000013845.9375   15.4439
    0.0000    0.0000  -30.000014369.5420   15.4826
    7.5000    0.0000  -30.000013544.9473   15.4926
   -7.5000    7.5000  -30.000013234.8018   15.4550
    0.0000    7.5000  -30.000013737.4004   15.4967
    7.5000    7.5000  -30.000012938.3535   15.5096
   -7.5000   15.0000  -30.000012555.3467   15.4796
    0.0000   15.0000  -30.000013049.8779   15.5106
    7.5000   15.0000  -30.000012284.8193   15.5262
   -7.5000   22.5000  -30.000011669.8691   15.4895
    0.0000   22.5000  -30.000012147.0078   15.5039
    7.5000   22.5000  -30.000011427.0166   15.5187
   -7.5000   30.0000  -30.000010660.4932   15.2788
    0.0000   30.0000  -30.000011100.9902   15.2876
    7.5000   30.0000  -30.000010451.7744   15.2992
   -7.5000   37.5000  -30.000010061.7959   15.2559
    0.0000   37.5000  -30.000010483.7393   15.2780
    7.5000   37.5000  -30.0000 9857.0889   15.2876
   -7.5000   45.0000  -30.0000 9081.8291   14.8971
    0.0000   45.0000  -30.0000 9461.5088   14.9343
    7.5000   45.0000  -30.0000 8889.6865   14.9442
   -7.5000  -45.0000  -22.500010691.6260   15.9733
    0.0000  -45.0000  -22.500011164.9326   16.0118
    7.5000  -45.0000  -22.500010581.4678   16.0273
   -7.5000  -37.5000  -22.500011266.1494   15.9656
    0.0000  -37.5000  -22.500011752.9521   16.0032
    7.5000  -37.5000  -22.500011148.0195   16.0195
   -7.5000  -30.0000  -22.500012165.5107   15.9865
    0.0000  -30.0000  -22.500012662.0439   16.0113
    7.5000  -30.0000  -22.500011996.2148   16.0302
   -7.5000  -22.5000  -22.500012963.8662   16.0029
    0.0000  -22.5000  -22.500013482.6074   16.0130
    7.5000  -22.5000  -22.500012737.3350   16.0331
   -7.5000  -15.0000  -22.500013680.1543   15.9990
    0.0000  -15.0000  -22.500014206.3184   16.0078
    7.5000  -15.0000  -22.500013396.4502   16.0270
   -7.5000   -7.5000  -22.500014323.6504   15.9772
    0.0000   -7.5000  -22.500014885.7842   16.0014
    7.5000   -7.5000  -22.500014003.3965   16.0185
   -7.5000    0.0000  -22.500014790.9189   15.9601
    0.0000    0.0000  -22.500015353.6143   15.9985
    7.5000    0.0000  -22.500014450.0771   16.0140
   -7.5000    7.5000  -22.500014130.7383   15.9656
    0.0000    7.5000  -22.500014659.2188   16.0032
    7.5000    7.5000  -22.500013801.0986   16.0195
   -7.5000   15.0000  -22.500013391.4893   15.9865
    0.0000   15.0000  -22.500013907.4473   16.0113
    7.5000   15.0000  -22.500013102.2461   16.0302
   -7.5000   22.5000  -22.500012435.9932   15.9980
    0.0000   22.5000  -22.500012950.5752   16.0081
    7.5000   22.5000  -22.500012190.3340   16.0282
   -7.5000   30.0000  -22.500011371.4893   15.7898
    0.0000   30.0000  -22.500011833.0654   15.7984
    7.5000   30.0000  -22.500011142.4092   15.8173
   -7.5000   37.5000  -22.500010721.7451   15.7694
    0.0000   37.5000  -22.500011174.9004   15.7933
    7.5000   37.5000  -22.500010512.9160   15.8103
   -7.5000   45.0000  -22.5000 9649.9512   15.4054
    0.0000   45.0000  -22.500010064.3770   15.4423
    7.5000   45.0000  -22.5000 9433.5234   15.4574
   -7.5000  -45.0000  -15.000011370.0684   16.3531
    0.0000  -45.0000  -15.000011900.8457   16.3903
    7.5000  -45.0000  -15.000011254.5098   16.4084
   -7.5000  -37.5000  -15.000012005.9854   16.3397
    0.0000  -37.5000  -15.000012521.3506   16.3731
    7.5000  -37.5000  -15.000011858.9678   16.3918
   -7.5000  -30.0000  -15.000012992.6221   16.3552
    0.0000  -30.0000  -15.000013528.1670   16.3762
    7.5000  -30.0000  -15.000012825.5508   16.3982
   -7.5000  -22.5000  -15.000013831.5146   16.3723
    0.0000  -22.5000  -15.000014416.0674   16.3826
    7.5000  -22.5000  -15.000013603.1455   16.4070
   -7.5000  -15.0000  -15.000014579.6162   16.3735
    0.0000  -15.0000  -15.000015153.8955   16.3858
    7.5000  -15.0000  -15.000014301.7598   16.4098
   -7.5000   -7.5000  -15.000015272.9033   16.3564
    0.0000   -7.5000  -15.000015864.9941   16.3831
    7.5000   -7.5000  -15.000014933.4893   16.4040
   -7.5000    0.0000  -15.000015770.0752   16.3396
    0.0000    0.0000  -15.000016349.1885   16.3767
    7.5000    0.0000  -15.000015385.6543   16.3948
   -7.5000    7.5000  -15.000015014.6230   16.3397
    0.0000    7.5000  -15.000015576.1230   16.3731
    7.5000    7.5000  -15.000014686.3574   16.3918
   -7.5000   15.0000  -15.000014199.5039   16.3552
    0.0000   15.0000  -15.000014744.2217   16.3762
    7.5000   15.0000  -15.000013897.6162   16.3982
   -7.5000   22.5000  -15.000013225.3789   16.3665
    0.0000   22.5000  -15.000013761.9463   16.3768
    7.5000   22.5000  -15.000012949.6631   16.4012
   -7.5000   30.0000  -15.000012124.0479   16.1616
    0.0000   30.0000  -15.000012622.8926   16.1738
    7.5000   30.0000  -15.000011859.0693   16.1975
   -7.5000   37.5000  -15.000011460.2295   16.1460
    0.0000   37.5000  -15.000011923.6523   16.1723
    7.5000   37.5000  -15.000011197.2920   16.1930
   -7.5000   45.0000  -15.000010315.3965   15.7801
    0.0000   45.0000  -15.000010750.9043   15.8159
    7.5000   45.0000  -15.000010042.2139   15.8335
   -7.5000  -45.0000   -7.500012053.4434   16.5566
    0.0000  -45.0000   -7.500012590.1426   16.5928
    7.5000  -45.0000   -7.500011928.1260   16.6063
   -7.5000  -37.5000   -7.500012712.0938   16.5446
    0.0000  -37.5000   -7.500013254.0566   16.5783
    7.5000  -37.5000   -7.500012542.6748   16.5948
   -7.5000  -30.0000   -7.500013808.4619   16.5592
    0.0000  -30.0000   -7.500014436.9121   16.5834
    7.5000  -30.0000   -7.500013607.7666   16.6046
   -7.5000  -22.5000   -7.500014717.6094   16.5732
    0.0000  -22.5000   -7.500015403.1494   16.5890
    7.5000  -22.5000   -7.500014474.5059   16.6119
   -7.5000  -15.0000   -7.500015504.1582   16.5724
    0.0000  -15.0000   -7.500016149.5762   16.5889
    7.5000  -15.0000   -7.500015200.3135   16.6093
   -7.5000   -7.5000   -7.500016255.2988   16.5566
    0.0000   -7.5000   -7.500016858.0391   16.5838
    7.5000   -7.5000   -7.500015896.1104   16.5996
   -7.5000    0.0000   -7.500016784.7363   16.5428
    0.0000    0.0000   -7.500017395.4258   16.5788
    7.5000    0.0000   -7.500016413.6660   16.5922
   -7.5000    7.5000   -7.500015978.9961   16.5446
    0.0000    7.5000   -7.500016594.8652   16.5783
    7.5000    7.5000   -7.500015634.5527   16.5947
   -7.5000   15.0000   -7.500015111.3447   16.5592
    0.0000   15.0000   -7.500015703.7090   16.5834
    7.5000   15.0000   -7.500014756.5176   16.6046
   -7.5000   22.5000   -7.500014097.8506   16.5656
    0.0000   22.5000   -7.500014673.5859   16.5814
    7.5000   22.5000   -7.500013764.9434   16.6042
   -7.5000   30.0000   -7.500012975.4570   16.3575
    0.0000   30.0000   -7.500013500.3906   16.3737
    7.5000   30.0000   -7.500012597.3174   16.3939
   -7.5000   37.5000   -7.500012299.4639   16.3434
    0.0000   37.5000   -7.500012787.2119   16.3703
    7.5000   37.5000   -7.500011928.9834   16.3859
   -7.5000   45.0000   -7.500011068.7158   15.9795
    0.0000   45.0000   -7.500011509.2031   16.0143
    7.5000   45.0000   -7.500010703.0684   16.0275
   -7.5000  -45.0000    0.000012597.1973   16.6047
    0.0000  -45.0000    0.000013157.9844   16.6417
    7.5000  -45.0000    0.000012447.7617   16.6493
   -7.5000  -37.5000    0.000013270.6445   16.5984
    0.0000  -37.5000    0.000013868.5947   16.6372
    7.5000  -37.5000    0.000013123.5615   16.6503
   -7.5000  -30.0000    0.000014473.0479   16.6169
    0.0000  -30.0000    0.000015189.6621   16.6487
    7.5000  -30.0000    0.000014267.2471   16.6671
   -7.5000  -22.5000    0.000015574.6162   16.6279
    0.0000  -22.5000    0.000016359.1807   16.6493
    7.5000  -22.5000    0.000015294.7959   16.6677
   -7.5000  -15.0000    0.000016482.0117   16.6213
    0.0000  -15.0000    0.000017220.2266   16.6387
    7.5000  -15.0000    0.000016119.0381   16.6520
   -7.5000   -7.5000    0.000017253.8145   16.6026
    0.0000   -7.5000    0.000017882.4785   16.6284
    7.5000   -7.5000    0.000016836.0625   16.6362
   -7.5000    0.0000    0.000017822.1602   16.5906
    0.0000    0.0000    0.000018432.9746   16.6274
    7.5000    0.0000    0.000017351.8223   16.6350
   -7.5000    7.5000    0.000016988.7637   16.5984
    0.0000    7.5000    0.000017600.8184   16.6372
    7.5000    7.5000    0.000016487.2148   16.6502
   -7.5000   15.0000    0.000016009.1787   16.6169
    0.0000   15.0000    0.000016631.1465   16.6487
    7.5000   15.0000    0.000015489.7227   16.6671
   -7.5000   22.5000    0.000014914.6826   16.6202
    0.0000   22.5000    0.000015534.1426   16.6416
    7.5000   22.5000    0.000014439.3779   16.6601
   -7.5000   30.0000    0.000013721.1621   16.4062
    0.0000   30.0000    0.000014288.5811   16.4233
    7.5000   30.0000    0.000013244.5225   16.4365
   -7.5000   37.5000    0.000012970.8828   16.3894
    0.0000   37.5000    0.000013502.5264   16.4149
    7.5000   37.5000    0.000012510.5752   16.4227
   -7.5000   45.0000    0.000011689.8857   16.0281
    0.0000   45.0000    0.000012153.8535   16.0637
    7.5000   45.0000    0.000011257.9531   16.0713
   -7.5000  -45.0000    7.500012177.8604   16.6119
    0.0000  -45.0000    7.500012682.0605   16.6519
    7.5000  -45.0000    7.500012036.8740   16.6591
   -7.5000  -37.5000    7.500012836.0850   16.6101
    0.0000  -37.5000    7.500013393.7715   16.6548
    7.5000  -37.5000    7.500012678.1406   16.6673
   -7.5000  -30.0000    7.500014073.2383   16.6345
    0.0000  -30.0000    7.500014721.9727   16.6709
    7.5000  -30.0000    7.500013831.8096   16.6875
   -7.5000  -22.5000    7.500015298.9922   16.6464
    0.0000  -22.5000    7.500016102.4492   16.6674
    7.5000  -22.5000    7.500014923.2471   16.6827
   -7.5000  -15.0000    7.500016345.3652   16.6355
    0.0000  -15.0000    7.500017157.9434   16.6494
    7.5000  -15.0000    7.500015831.2852   16.6594
   -7.5000   -7.5000    7.500017098.8105   16.6114
    0.0000   -7.5000    7.500017847.7207   16.6359
    7.5000   -7.5000    7.500016512.0156   16.6418
   -7.5000    0.0000    7.500017562.1250   16.5978
    0.0000    0.0000    7.500018293.3691   16.6377
    7.5000    0.0000    7.500016906.0137   16.6448
   -7.5000    7.5000    7.500016642.3672   16.6101
    0.0000    7.5000    7.500017328.2441   16.6548
    7.5000    7.5000    7.500015987.9170   16.6672
   -7.5000   15.0000    7.500015579.8662   16.6345
    0.0000   15.0000    7.500016215.0742   16.6709
    7.5000   15.0000    7.500014991.8350   16.6875
   -7.5000   22.5000    7.500014494.6670   16.6387
    0.0000   22.5000    7.500015103.6025   16.6597
    7.5000   22.5000    7.500013999.2832   16.6750
   -7.5000   30.0000    7.500013323.4336   16.4202
    0.0000   30.0000    7.500013864.2207   16.4339
    7.5000   30.0000    7.500012885.9121   16.4438
   -7.5000   37.5000    7.500012581.6025   16.3981
    0.0000   37.5000    7.500013077.5791   16.4223
    7.5000   37.5000    7.500012168.1465   16.4282
   -7.5000   45.0000    7.500011305.3154   16.0362
    0.0000   45.0000    7.500011715.8916   16.0748
    7.5000   45.0000    7.500010899.7168   16.0818
   -7.5000  -45.0000   15.000011652.1777   16.6332
    0.0000  -45.0000   15.000012142.1172   16.6748
    7.5000  -45.0000   15.000011452.2959   16.6858
   -7.5000  -37.5000   15.000012344.4023   16.6318
    0.0000  -37.5000   15.000012865.3057   16.6766
    7.5000  -37.5000   15.000012065.3477   16.6906
   -7.5000  -30.0000   15.000013551.9697   16.6589
    0.0000  -30.0000   15.000014200.0928   16.6920
    7.5000  -30.0000   15.000013167.2500   16.7088
   -7.5000  -22.5000   15.000014712.1963   16.6733
    0.0000  -22.5000   15.000015451.5059   16.6887
    7.5000  -22.5000   15.000014249.0420   16.7047
   -7.5000  -15.0000   15.000015587.7627   16.6626
    0.0000  -15.0000   15.000016276.4150   16.6720
    7.5000  -15.0000   15.000015110.4590   16.6847
   -7.5000   -7.5000   15.000016273.4365   16.6356
    0.0000   -7.5000   15.000016942.1895   16.6596
    7.5000   -7.5000   15.000015801.7949   16.6700
   -7.5000    0.0000   15.000016769.4023   16.6193
    0.0000    0.0000   15.000017456.1211   16.6608
    7.5000    0.0000   15.000016244.7988   16.6717
   -7.5000    7.5000   15.000015956.7012   16.6318
    0.0000    7.5000   15.000016612.5703   16.6766
    7.5000    7.5000   15.000015411.4443   16.6906
   -7.5000   15.0000   15.000014908.4980   16.6589
    0.0000   15.0000   15.000015507.2080   16.6920
    7.5000   15.0000   15.000014421.1475   16.7088
   -7.5000   22.5000   15.000013825.4941   16.6656
    0.0000   22.5000   15.000014392.8672   16.6810
    7.5000   22.5000   15.000013422.8643   16.6970
   -7.5000   30.0000   15.000012660.9277   16.4469
    0.0000   30.0000   15.000013167.1357   16.4562
    7.5000   30.0000   15.000012297.4521   16.4687
   -7.5000   37.5000   15.000011942.1592   16.4218
    0.0000   37.5000   15.000012404.4209   16.4455
    7.5000   37.5000   15.000011600.3105   16.4558
   -7.5000   45.0000   15.000010726.2949   16.0569
    0.0000   45.0000   15.000011121.3320   16.0970
    7.5000   45.0000   15.000010411.4248   16.1076
   -7.5000  -45.0000   22.500011027.7715   16.6642
    0.0000  -45.0000   22.500011486.3408   16.7041
    7.5000  -45.0000   22.500010781.2793   16.7206
   -7.5000  -37.5000   22.500011680.2910   16.6569
    0.0000  -37.5000   22.500012158.6152   16.6958
    7.5000  -37.5000   22.500011362.9609   16.7131
   -7.5000  -30.0000   22.500012735.2539   16.6793
    0.0000  -30.0000   22.500013312.4062   16.7048
    7.5000  -30.0000   22.500012383.9111   16.7248
   -7.5000  -22.5000   22.500013633.0605   16.6963
    0.0000  -22.5000   22.500014258.7686   16.7063
    7.5000  -22.5000   22.500013349.9531   16.7274
   -7.5000  -15.0000   22.500014329.3184   16.6916
    0.0000  -15.0000   22.500014919.7061   16.7001
    7.5000  -15.0000   22.500014102.3066   16.7203
   -7.5000   -7.5000   22.500015010.8340   16.6682
    0.0000   -7.5000   22.500015596.3652   16.6930
    7.5000   -7.5000   22.500014742.1299   16.7111
   -7.5000    0.0000   22.500015581.1475   16.6505
    0.0000    0.0000   22.500016171.6650   16.6902
    7.5000    0.0000   22.500015202.7197   16.7066
   -7.5000    7.5000   22.500014949.0898   16.6569
    0.0000    7.5000   22.500015481.7510   16.6958
    7.5000    7.5000   22.500014523.6582   16.7131
   -7.5000   15.0000   22.500014000.7197   16.6793
    0.0000   15.0000   22.500014494.3936   16.7048
    7.5000   15.0000   22.500013612.1924   16.7248
   -7.5000   22.5000   22.500012997.2881   16.6886
    0.0000   22.5000   22.500013491.3418   16.6986
    7.5000   22.5000   22.500012664.6191   16.7197
   -7.5000   30.0000   22.500011905.6445   16.4755
    0.0000   30.0000   22.500012355.0840   16.4840
    7.5000   30.0000   22.500011605.6299   16.5039
   -7.5000   37.5000   22.500011215.5547   16.4537
    0.0000   37.5000   22.500011629.6816   16.4783
    7.5000   37.5000   22.500010921.4209   16.4961
   -7.5000   45.0000   22.500010055.0723   16.0858
    0.0000   45.0000   22.500010429.3027   16.1241
    7.5000   45.0000   22.5000 9799.9082   16.1401
   -7.5000  -45.0000   30.000010276.3838   16.8449
    0.0000  -45.0000   30.000010675.8955   16.8834
    7.5000  -45.0000   30.000010016.8740   16.9024
   -7.5000  -37.5000   30.000010829.4443   16.8320
    0.0000  -37.5000   30.000011253.2471   16.8664
    7.5000  -37.5000   30.000010580.0703   16.8861
   -7.5000  -30.0000   30.000011753.2969   16.8488
    0.0000  -30.0000   30.000012248.3047   16.8701
    7.5000  -30.0000   30.000011536.7803   16.8932
   -7.5000  -22.5000   30.000012549.9844   16.8661
    0.0000  -22.5000   30.000013072.1055   16.8762
    7.5000  -22.5000   30.000012403.0635   16.9016
   -7.5000  -15.0000   30.000013217.5410   16.8663
    0.0000  -15.0000   30.000013717.3896   16.8785
    7.5000  -15.0000   30.000013093.2861   16.9036
   -7.5000   -7.5000   30.000013906.9150   16.8479
    0.0000   -7.5000   30.000014434.0000   16.8753
    7.5000   -7.5000   30.000013714.7393   16.8972
   -7.5000    0.0000   30.000014441.5010   16.8308
    0.0000    0.0000   30.000014991.5479   16.8692
    7.5000    0.0000   30.000014193.5430   16.8881
   -7.5000    7.5000   30.000013871.3145   16.8320
    0.0000    7.5000   30.000014380.1455   16.8664
    7.5000    7.5000   30.000013565.2656   16.8860
   -7.5000   15.0000   30.000013015.9189   16.8488
    0.0000   15.0000   30.000013502.0020   16.8701
    7.5000   15.0000   30.000012722.7969   16.8932
   -7.5000   22.5000   30.000012072.6445   16.8583
    0.0000   22.5000   30.000012528.7705   16.8684
    7.5000   22.5000   30.000011790.2246   16.8938
   -7.5000   30.0000   30.000011084.1328   16.6480
    0.0000   30.0000   30.000011505.4658   16.6601
    7.5000   30.0000   30.000010818.9854   16.6848
   -7.5000   37.5000   30.000010432.5840   16.6312
    0.0000   37.5000   30.000010817.3643   16.6582
    7.5000   37.5000   30.000010206.2529   16.6799
   -7.5000   45.0000   30.0000 9349.4766   16.2593
    0.0000   45.0000   30.0000 9683.2617   16.2963
    7.5000   45.0000   30.0000 9144.1436   16.3148
   -7.5000  -45.0000   37.5000 9863.5137   17.2157
    0.0000  -45.0000   37.500010218.9688   17.2534
    7.5000  -45.0000   37.5000 9652.8184   17.2685
   -7.5000  -37.5000   37.500010374.0586   17.2021
    0.0000  -37.5000   37.500010764.5889   17.2370
    7.5000  -37.5000   37.500010191.2158   17.2551
   -7.5000  -30.0000   37.500011251.6367   17.2182
    0.0000  -30.0000   37.500011704.9473   17.2431
    7.5000  -30.0000   37.500011109.2705   17.2661
   -7.5000  -22.5000   37.500012029.4941   17.2342
    0.0000  -22.5000   37.500012503.6846   17.2504
    7.5000  -22.5000   37.500011924.2949   17.2757
   -7.5000  -15.0000   37.500012713.3389   17.2340
    0.0000  -15.0000   37.500013197.2744   17.2511
    7.5000  -15.0000   37.500012599.1230   17.2742
   -7.5000   -7.5000   37.500013364.7275   17.2166
    0.0000   -7.5000   37.500013863.8145   17.2451
    7.5000   -7.5000   37.500013211.0205   17.2631
   -7.5000    0.0000   37.500013867.6045   17.2008
    0.0000    0.0000   37.500014388.8789   17.2383
    7.5000    0.0000   37.500013697.2832   17.2534
   -7.5000    7.5000   37.500013342.1738   17.2021
    0.0000    7.5000   37.500013832.1025   17.2370
    7.5000    7.5000   37.500013134.8389   17.2551
   -7.5000   15.0000   37.500012543.4893   17.2182
    0.0000   15.0000   37.500013015.2100   17.2431
    7.5000   15.0000   37.500012321.0342   17.2661
   -7.5000   22.5000   37.500011627.1348   17.2263
    0.0000   22.5000   37.500012079.2646   17.2424
    7.5000   22.5000   37.500011416.5234   17.2677
   -7.5000   30.0000   37.500010677.0518   17.0109
    0.0000   30.0000   37.500011082.8975   17.0278
    7.5000   30.0000   37.500010482.5205   17.0507
   -7.5000   37.5000   37.500010046.1494   16.9954
    0.0000   37.5000   37.500010410.2812   17.0236
    7.5000   37.5000   37.5000 9862.2773   17.0413
   -7.5000   45.0000   37.5000 9011.6133   16.6174
    0.0000   45.0000   37.5000 9301.5713   16.6536
    7.5000   45.0000   37.5000 8805.5693   16.6685
   -7.5000  -45.0000   45.0000 9019.2158   17.6065
    0.0000  -45.0000   45.0000 9359.7910   17.6454
    7.5000  -45.0000   45.0000 8885.6006   17.6552
   -7.5000  -37.5000   45.0000 9494.5742   17.6011
    0.0000  -37.5000   45.0000 9858.3965   17.6419
    7.5000  -37.5000   45.0000 9379.5186   17.6579
   -7.5000  -30.0000   45.000010301.6367   17.6244
    0.0000  -30.0000   45.000010712.7041   17.6575
    7.5000  -30.0000   45.000010206.5146   17.6792
   -7.5000  -22.5000   45.000011036.2490   17.6374
    0.0000  -22.5000   45.000011464.6055   17.6592
    7.5000  -22.5000   45.000010941.3164   17.6807
   -7.5000  -15.0000   45.000011665.5273   17.6280
    0.0000  -15.0000   45.000012110.5439   17.6457
    7.5000  -15.0000   45.000011534.2119   17.6615
   -7.5000   -7.5000   45.000012240.8799   17.6045
    0.0000   -7.5000   45.000012697.6328   17.6314
    7.5000   -7.5000   45.000012089.5107   17.6412
   -7.5000    0.0000   45.000012711.1006   17.5905
    0.0000    0.0000   45.000013189.0586   17.6292
    7.5000    0.0000   45.000012574.3340   17.6390
   -7.5000    7.5000   45.000012238.1025   17.6011
    0.0000    7.5000   45.000012691.2617   17.6419
    7.5000    7.5000   45.000012073.9316   17.6579
   -7.5000   15.0000   45.000011533.1523   17.6244
    0.0000   15.0000   45.000011970.1699   17.6575
    7.5000   15.0000   45.000011344.4688   17.6792
   -7.5000   22.5000   45.000010689.6182   17.6293
    0.0000   22.5000   45.000011100.8975   17.6510
    7.5000   22.5000   45.000010517.3564   17.6725
   -7.5000   30.0000   45.0000 9807.1914   17.3983
    0.0000   30.0000   45.000010182.0566   17.4158
    7.5000   30.0000   45.0000 9669.1816   17.4314
   -7.5000   37.5000   45.0000 9246.9629   17.3756
    0.0000   37.5000   45.0000 9575.8965   17.4021
    7.5000   37.5000   45.0000 9088.0078   17.4119
   -7.5000   45.0000   45.0000 8292.6719   16.9948
    0.0000   45.0000   45.0000 8548.5078   17.0322
    7.5000   45.0000   45.0000 8108.6709   17.0420

---------------------------------------------------------------------
imgreg_4dfp /opt/freesurfer/average/711-2C_as_mni_average_305 /opt/freesurfer/average/711-2B_as_mni_average_305_mask talsrcimg_g11 none talsrcimg_to_711-2C_as_mni_average_305_t4 4355
---------------------------------------------------------------------

freesurfer imgreg_4dfp.c
/opt/freesurfer/average/711-2C_as_mni_average_305.4dfp.img
       256       256       256         1
  1.000000  1.000000  1.000000
orientation T byte_order littleendian
Reading image: /opt/freesurfer/average/711-2C_as_mni_average_305.4dfp.img
dimensions:      256       256       256
mmppix:       1.0000   -1.0000   -1.0000
center:     128.0000 -129.0000 -129.0000
/opt/freesurfer/average/711-2B_as_mni_average_305_mask.4dfp.img
       256       256       256         1
  1.000000  1.000000  1.000000
orientation T byte_order littleendian
Reading mask: /opt/freesurfer/average/711-2B_as_mni_average_305_mask.4dfp.img (2306576 pixels)
talsrcimg_g11.4dfp.img
       256       256       256         1
  1.000000  1.000000  1.000000
orientation T byte_order littleendian
Reading image: talsrcimg_g11.4dfp.img
dimensions:      256       256       256
mmppix:       1.0000   -1.0000   -1.0000
center:     128.0000 -129.0000 -129.0000
rotation matrix determinant  1.000000
image alignment mode   4355 decimal     1103 hex
   -7.5000  -45.0000  -45.0000 2259.3809   15.8123
    0.0000  -45.0000  -45.0000 2268.4673   15.9138
    7.5000  -45.0000  -45.0000 2251.5576   16.0034
   -7.5000  -37.5000  -45.0000 2335.1587   14.7195
    0.0000  -37.5000  -45.0000 2348.2810   14.8251
    7.5000  -37.5000  -45.0000 2325.6064   14.9259
   -7.5000  -30.0000  -45.0000 2393.1558   14.0088
    0.0000  -30.0000  -45.0000 2403.6155   14.0511
    7.5000  -30.0000  -45.0000 2372.0303   14.1879
   -7.5000  -22.5000  -45.0000 2424.2449   13.5418
    0.0000  -22.5000  -45.0000 2437.1196   13.5505
    7.5000  -22.5000  -45.0000 2404.3496   13.6737
   -7.5000  -15.0000  -45.0000 2436.4111   13.3635
    0.0000  -15.0000  -45.0000 2446.8352   13.3059
    7.5000  -15.0000  -45.0000 2416.1458   13.4950
   -7.5000   -7.5000  -45.0000 2429.2981   13.4710
    0.0000   -7.5000  -45.0000 2439.4739   13.4358
    7.5000   -7.5000  -45.0000 2405.5952   13.6030
   -7.5000    0.0000  -45.0000 2389.4158   13.8837
    0.0000    0.0000  -45.0000 2401.7500   13.8989
    7.5000    0.0000  -45.0000 2367.0007   14.0483
   -7.5000    7.5000  -45.0000 2327.5796   14.5482
    0.0000    7.5000  -45.0000 2341.3848   14.5515
    7.5000    7.5000  -45.0000 2308.2522   14.7317
   -7.5000   15.0000  -45.0000 2246.5967   15.5198
    0.0000   15.0000  -45.0000 2259.2244   15.5222
    7.5000   15.0000  -45.0000 2230.1904   15.7130
   -7.5000   22.5000  -45.0000 2151.6240   16.9055
    0.0000   22.5000  -45.0000 2161.6729   16.8621
    7.5000   22.5000  -45.0000 2137.8167   17.0612
   -7.5000   30.0000  -45.0000 2042.4802   18.8168
    0.0000   30.0000  -45.0000 2047.1969   18.7583
    7.5000   30.0000  -45.0000 2022.8077   18.9332
   -7.5000   37.5000  -45.0000 1923.1224   21.4060
    0.0000   37.5000  -45.0000 1928.1027   21.4074
    7.5000   37.5000  -45.0000 1904.1016   21.5246
   -7.5000   45.0000  -45.0000 1799.1184   24.7302
    0.0000   45.0000  -45.0000 1801.9075   24.6844
    7.5000   45.0000  -45.0000 1789.4366   24.9161
   -7.5000  -45.0000  -37.5000 2336.8384   14.8709
    0.0000  -45.0000  -37.5000 2351.4983   14.9547
    7.5000  -45.0000  -37.5000 2326.9019   15.0527
   -7.5000  -37.5000  -37.5000 2421.2849   13.8408
    0.0000  -37.5000  -37.5000 2437.8669   13.8792
    7.5000  -37.5000  -37.5000 2407.8010   14.0061
   -7.5000  -30.0000  -37.5000 2477.4170   13.1473
    0.0000  -30.0000  -37.5000 2487.4966   13.1874
    7.5000  -30.0000  -37.5000 2457.0549   13.3040
   -7.5000  -22.5000  -37.5000 2513.5229   12.7001
    0.0000  -22.5000  -37.5000 2525.0964   12.6922
    7.5000  -22.5000  -37.5000 2491.5732   12.8196
   -7.5000  -15.0000  -37.5000 2528.9387   12.4870
    0.0000  -15.0000  -37.5000 2539.2363   12.4594
    7.5000  -15.0000  -37.5000 2504.2629   12.5966
   -7.5000   -7.5000  -37.5000 2523.1926   12.5696
    0.0000   -7.5000  -37.5000 2531.5063   12.5479
    7.5000   -7.5000  -37.5000 2500.1309   12.6817
   -7.5000    0.0000  -37.5000 2481.8306   12.9233
    0.0000    0.0000  -37.5000 2493.3716   12.9379
    7.5000    0.0000  -37.5000 2460.4878   13.0661
   -7.5000    7.5000  -37.5000 2415.6611   13.5212
    0.0000    7.5000  -37.5000 2430.1243   13.5417
    7.5000    7.5000  -37.5000 2395.6284   13.6902
   -7.5000   15.0000  -37.5000 2333.0718   14.3840
    0.0000   15.0000  -37.5000 2343.2676   14.4100
    7.5000   15.0000  -37.5000 2313.8604   14.5635
   -7.5000   22.5000  -37.5000 2232.6003   15.6312
    0.0000   22.5000  -37.5000 2247.5200   15.6248
    7.5000   22.5000  -37.5000 2218.7061   15.7998
   -7.5000   30.0000  -37.5000 2118.2844   17.3939
    0.0000   30.0000  -37.5000 2128.1992   17.3666
    7.5000   30.0000  -37.5000 2098.8213   17.5306
   -7.5000   37.5000  -37.5000 1996.9124   19.7284
    0.0000   37.5000  -37.5000 2004.6587   19.7312
    7.5000   37.5000  -37.5000 1971.5392   19.8362
   -7.5000   45.0000  -37.5000 1865.4169   22.7634
    0.0000   45.0000  -37.5000 1874.9113   22.7909
    7.5000   45.0000  -37.5000 1851.6488   22.9894
   -7.5000  -45.0000  -30.0000 2448.9800   14.4633
    0.0000  -45.0000  -30.0000 2464.3909   14.5143
    7.5000  -45.0000  -30.0000 2434.9529   14.6622
   -7.5000  -37.5000  -30.0000 2543.6309   13.4381
    0.0000  -37.5000  -30.0000 2560.9771   13.4520
    7.5000  -37.5000  -30.0000 2525.7361   13.5846
   -7.5000  -30.0000  -30.0000 2606.3367   12.7697
    0.0000  -30.0000  -30.0000 2616.8086   12.7755
    7.5000  -30.0000  -30.0000 2580.7827   12.8628
   -7.5000  -22.5000  -30.0000 2645.7939   12.3436
    0.0000  -22.5000  -30.0000 2659.8950   12.3204
    7.5000  -22.5000  -30.0000 2622.5071   12.4093
   -7.5000  -15.0000  -30.0000 2665.8198   12.1078
    0.0000  -15.0000  -30.0000 2672.7483   12.0869
    7.5000  -15.0000  -30.0000 2638.5894   12.2099
   -7.5000   -7.5000  -30.0000 2658.9995   12.1716
    0.0000   -7.5000  -30.0000 2668.9109   12.1753
    7.5000   -7.5000  -30.0000 2634.0881   12.2774
   -7.5000    0.0000  -30.0000 2620.3481   12.4791
    0.0000    0.0000  -30.0000 2631.9729   12.4932
    7.5000    0.0000  -30.0000 2598.7908   12.5972
   -7.5000    7.5000  -30.0000 2551.7961   13.0087
    0.0000    7.5000  -30.0000 2563.7610   13.0482
    7.5000    7.5000  -30.0000 2529.9417   13.1788
   -7.5000   15.0000  -30.0000 2464.8760   13.8178
    0.0000   15.0000  -30.0000 2474.1621   13.8238
    7.5000   15.0000  -30.0000 2446.5251   13.9877
   -7.5000   22.5000  -30.0000 2354.5613   14.9974
    0.0000   22.5000  -30.0000 2366.1521   14.9567
    7.5000   22.5000  -30.0000 2341.0640   15.1383
   -7.5000   30.0000  -30.0000 2224.1353   16.6710
    0.0000   30.0000  -30.0000 2232.2915   16.5996
    7.5000   30.0000  -30.0000 2211.8638   16.7647
   -7.5000   37.5000  -30.0000 2098.6804   18.8715
    0.0000   37.5000  -30.0000 2108.1455   18.8346
    7.5000   37.5000  -30.0000 2078.5532   18.9869
   -7.5000   45.0000  -30.0000 1965.2953   21.7846
    0.0000   45.0000  -30.0000 1972.2340   21.8570
    7.5000   45.0000  -30.0000 1946.1818   22.0012
   -7.5000  -45.0000  -22.5000 2524.6309   13.9842
    0.0000  -45.0000  -22.5000 2537.7629   14.0191
    7.5000  -45.0000  -22.5000 2507.0181   14.1858
   -7.5000  -37.5000  -22.5000 2627.0093   12.9612
    0.0000  -37.5000  -22.5000 2642.0088   12.9538
    7.5000  -37.5000  -22.5000 2611.9929   13.0975
   -7.5000  -30.0000  -22.5000 2700.7769   12.2429
    0.0000  -30.0000  -22.5000 2712.5789   12.2376
    7.5000  -30.0000  -22.5000 2681.2756   12.3468
   -7.5000  -22.5000  -22.5000 2749.7729   11.8069
    0.0000  -22.5000  -22.5000 2765.6946   11.7624
    7.5000  -22.5000  -22.5000 2728.6360   11.8978
   -7.5000  -15.0000  -22.5000 2771.8401   11.6089
    0.0000  -15.0000  -22.5000 2786.6450   11.5705
    7.5000  -15.0000  -22.5000 2745.2605   11.6963
   -7.5000   -7.5000  -22.5000 2766.3601   11.6780
    0.0000   -7.5000  -22.5000 2782.8293   11.6553
    7.5000   -7.5000  -22.5000 2738.8867   11.7617
   -7.5000    0.0000  -22.5000 2728.5049   11.9621
    0.0000    0.0000  -22.5000 2741.7471   11.9516
    7.5000    0.0000  -22.5000 2705.7449   12.0634
   -7.5000    7.5000  -22.5000 2662.7676   12.4415
    0.0000    7.5000  -22.5000 2675.3181   12.4380
    7.5000    7.5000  -22.5000 2644.6533   12.5947
   -7.5000   15.0000  -22.5000 2570.5999   13.2003
    0.0000   15.0000  -22.5000 2584.6355   13.1601
    7.5000   15.0000  -22.5000 2557.3237   13.3565
   -7.5000   22.5000  -22.5000 2445.4521   14.3345
    0.0000   22.5000  -22.5000 2461.0686   14.2592
    7.5000   22.5000  -22.5000 2438.7324   14.4452
   -7.5000   30.0000  -22.5000 2311.1333   15.9112
    0.0000   30.0000  -22.5000 2322.0171   15.8181
    7.5000   30.0000  -22.5000 2303.1248   15.9920
   -7.5000   37.5000  -22.5000 2177.7839   17.9886
    0.0000   37.5000  -22.5000 2187.1902   17.9565
    7.5000   37.5000  -22.5000 2164.8376   18.1517
   -7.5000   45.0000  -22.5000 2030.1051   20.7631
    0.0000   45.0000  -22.5000 2039.4111   20.7243
    7.5000   45.0000  -22.5000 2010.0463   21.0063
   -7.5000  -45.0000  -15.0000 2559.0059   13.5390
    0.0000  -45.0000  -15.0000 2574.6482   13.5795
    7.5000  -45.0000  -15.0000 2544.7590   13.7434
   -7.5000  -37.5000  -15.0000 2676.7715   12.4831
    0.0000  -37.5000  -15.0000 2688.7703   12.5027
    7.5000  -37.5000  -15.0000 2657.9780   12.6497
   -7.5000  -30.0000  -15.0000 2761.9277   11.7687
    0.0000  -30.0000  -15.0000 2771.9792   11.7432
    7.5000  -30.0000  -15.0000 2743.8359   11.9017
   -7.5000  -22.5000  -15.0000 2821.0808   11.3464
    0.0000  -22.5000  -15.0000 2836.8237   11.2741
    7.5000  -22.5000  -15.0000 2798.2834   11.4322
   -7.5000  -15.0000  -15.0000 2848.6868   11.1242
    0.0000  -15.0000  -15.0000 2868.1172   11.0380
    7.5000  -15.0000  -15.0000 2822.5823   11.2039
   -7.5000   -7.5000  -15.0000 2849.5054   11.1830
    0.0000   -7.5000  -15.0000 2867.1941   11.1175
    7.5000   -7.5000  -15.0000 2819.8042   11.2669
   -7.5000    0.0000  -15.0000 2808.5713   11.4724
    0.0000    0.0000  -15.0000 2821.4180   11.4177
    7.5000    0.0000  -15.0000 2781.4900   11.5507
   -7.5000    7.5000  -15.0000 2734.6802   11.9484
    0.0000    7.5000  -15.0000 2748.4277   11.8801
    7.5000    7.5000  -15.0000 2719.4275   12.0759
   -7.5000   15.0000  -15.0000 2638.7166   12.6413
    0.0000   15.0000  -15.0000 2652.1104   12.5793
    7.5000   15.0000  -15.0000 2624.6335   12.8003
   -7.5000   22.5000  -15.0000 2511.0798   13.7279
    0.0000   22.5000  -15.0000 2527.9836   13.6373
    7.5000   22.5000  -15.0000 2503.2856   13.8473
   -7.5000   30.0000  -15.0000 2376.9482   15.2632
    0.0000   30.0000  -15.0000 2390.8572   15.1409
    7.5000   30.0000  -15.0000 2369.1750   15.3469
   -7.5000   37.5000  -15.0000 2237.7305   17.2780
    0.0000   37.5000  -15.0000 2247.2766   17.2038
    7.5000   37.5000  -15.0000 2227.4575   17.4387
   -7.5000   45.0000  -15.0000 2076.8855   19.8204
    0.0000   45.0000  -15.0000 2088.2102   19.7799
    7.5000   45.0000  -15.0000 2057.1199   20.0980
   -7.5000  -45.0000   -7.5000 2567.3711   13.2054
    0.0000  -45.0000   -7.5000 2582.4375   13.1998
    7.5000  -45.0000   -7.5000 2559.1235   13.4027
   -7.5000  -37.5000   -7.5000 2694.1926   12.1249
    0.0000  -37.5000   -7.5000 2702.9070   12.1046
    7.5000  -37.5000   -7.5000 2678.1387   12.2905
   -7.5000  -30.0000   -7.5000 2790.8914   11.4103
    0.0000  -30.0000   -7.5000 2808.1516   11.3644
    7.5000  -30.0000   -7.5000 2775.3704   11.5421
   -7.5000  -22.5000   -7.5000 2857.0752   10.9490
    0.0000  -22.5000   -7.5000 2875.3567   10.8888
    7.5000  -22.5000   -7.5000 2837.6323   11.0551
   -7.5000  -15.0000   -7.5000 2897.0847   10.7073
    0.0000  -15.0000   -7.5000 2914.1553   10.6266
    7.5000  -15.0000   -7.5000 2868.2666   10.8011
   -7.5000   -7.5000   -7.5000 2906.9097   10.7573
    0.0000   -7.5000   -7.5000 2919.8218   10.6535
    7.5000   -7.5000   -7.5000 2872.1709   10.8562
   -7.5000    0.0000   -7.5000 2860.3386   11.0592
    0.0000    0.0000   -7.5000 2869.3286   10.9763
    7.5000    0.0000   -7.5000 2834.0293   11.1597
   -7.5000    7.5000   -7.5000 2783.2227   11.5207
    0.0000    7.5000   -7.5000 2797.8323   11.4550
    7.5000    7.5000   -7.5000 2764.4299   11.6747
   -7.5000   15.0000   -7.5000 2681.0596   12.2032
    0.0000   15.0000   -7.5000 2697.8550   12.1392
    7.5000   15.0000   -7.5000 2665.7039   12.3777
   -7.5000   22.5000   -7.5000 2555.8337   13.2493
    0.0000   22.5000   -7.5000 2572.2153   13.1740
    7.5000   22.5000   -7.5000 2547.2737   13.4090
   -7.5000   30.0000   -7.5000 2420.7195   14.7569
    0.0000   30.0000   -7.5000 2432.8359   14.6629
    7.5000   30.0000   -7.5000 2404.6013   14.8648
   -7.5000   37.5000   -7.5000 2278.1958   16.6834
    0.0000   37.5000   -7.5000 2286.1963   16.6225
    7.5000   37.5000   -7.5000 2263.3770   16.8457
   -7.5000   45.0000   -7.5000 2111.9229   19.1474
    0.0000   45.0000   -7.5000 2121.1631   19.0987
    7.5000   45.0000   -7.5000 2093.3960   19.4209
   -7.5000  -45.0000    0.0000 2559.3894   13.0337
    0.0000  -45.0000    0.0000 2571.7085   12.9992
    7.5000  -45.0000    0.0000 2549.4656   13.1912
   -7.5000  -37.5000    0.0000 2686.8918   11.9394
    0.0000  -37.5000    0.0000 2699.6423   11.9471
    7.5000  -37.5000    0.0000 2676.9387   12.1228
   -7.5000  -30.0000    0.0000 2795.1538   11.2410
    0.0000  -30.0000    0.0000 2818.3130   11.2127
    7.5000  -30.0000    0.0000 2782.0222   11.3838
   -7.5000  -22.5000    0.0000 2877.8105   10.8049
    0.0000  -22.5000    0.0000 2896.0186   10.7570
    7.5000  -22.5000    0.0000 2860.3806   10.9192
   -7.5000  -15.0000    0.0000 2931.8687   10.5439
    0.0000  -15.0000    0.0000 2947.9592   10.4645
    7.5000  -15.0000    0.0000 2903.1389   10.6517
   -7.5000   -7.5000    0.0000 2940.1096   10.5470
    0.0000   -7.5000    0.0000 2946.5210   10.4537
    7.5000   -7.5000    0.0000 2906.2727   10.6688
   -7.5000    0.0000    0.0000 2894.9521   10.8321
    0.0000    0.0000    0.0000 2897.9937   10.7560
    7.5000    0.0000    0.0000 2862.2820   10.9412
   -7.5000    7.5000    0.0000 2817.7068   11.2934
    0.0000    7.5000    0.0000 2825.8179   11.2582
    7.5000    7.5000    0.0000 2790.2898   11.4231
   -7.5000   15.0000    0.0000 2703.1389   11.9573
    0.0000   15.0000    0.0000 2721.2078   11.9213
    7.5000   15.0000    0.0000 2685.2104   12.0904
   -7.5000   22.5000    0.0000 2574.5376   12.9968
    0.0000   22.5000    0.0000 2593.0190   12.9636
    7.5000   22.5000    0.0000 2564.9561   13.1227
   -7.5000   30.0000    0.0000 2437.5652   14.4675
    0.0000   30.0000    0.0000 2452.6086   14.4182
    7.5000   30.0000    0.0000 2424.1069   14.5386
   -7.5000   37.5000    0.0000 2292.6179   16.3976
    0.0000   37.5000    0.0000 2305.6934   16.3509
    7.5000   37.5000    0.0000 2277.2537   16.4888
   -7.5000   45.0000    0.0000 2127.4431   18.7965
    0.0000   45.0000    0.0000 2141.6492   18.7903
    7.5000   45.0000    0.0000 2113.1191   18.9611
   -7.5000  -45.0000    7.5000 2540.1394   13.0455
    0.0000  -45.0000    7.5000 2550.9167   12.9944
    7.5000  -45.0000    7.5000 2531.1641   13.2316
   -7.5000  -37.5000    7.5000 2670.1318   11.9802
    0.0000  -37.5000    7.5000 2686.0200   11.9285
    7.5000  -37.5000    7.5000 2662.8140   12.1534
   -7.5000  -30.0000    7.5000 2788.3020   11.2899
    0.0000  -30.0000    7.5000 2808.8984   11.2613
    7.5000  -30.0000    7.5000 2778.4468   11.4333
   -7.5000  -22.5000    7.5000 2883.6367   10.8943
    0.0000  -22.5000    7.5000 2904.5796   10.8391
    7.5000  -22.5000    7.5000 2867.9790   10.9855
   -7.5000  -15.0000    7.5000 2950.4961   10.6418
    0.0000  -15.0000    7.5000 2969.9087   10.6033
    7.5000  -15.0000    7.5000 2919.1206   10.7353
   -7.5000   -7.5000    7.5000 2964.0159   10.5855
    0.0000   -7.5000    7.5000 2971.1543   10.5504
    7.5000   -7.5000    7.5000 2922.9473   10.6950
   -7.5000    0.0000    7.5000 2914.1799   10.7888
    0.0000    0.0000    7.5000 2919.2021   10.7665
    7.5000    0.0000    7.5000 2874.0723   10.8980
   -7.5000    7.5000    7.5000 2829.8540   11.2180
    0.0000    7.5000    7.5000 2838.9075   11.2050
    7.5000    7.5000    7.5000 2796.3977   11.3462
   -7.5000   15.0000    7.5000 2711.7229   11.9033
    0.0000   15.0000    7.5000 2723.8391   11.8756
    7.5000   15.0000    7.5000 2691.3909   12.0226
   -7.5000   22.5000    7.5000 2582.9480   12.9359
    0.0000   22.5000    7.5000 2598.5571   12.8940
    7.5000   22.5000    7.5000 2567.9548   13.0559
   -7.5000   30.0000    7.5000 2443.8650   14.4020
    0.0000   30.0000    7.5000 2456.9551   14.3080
    7.5000   30.0000    7.5000 2431.8010   14.4597
   -7.5000   37.5000    7.5000 2293.9604   16.3043
    0.0000   37.5000    7.5000 2304.9092   16.2307
    7.5000   37.5000    7.5000 2275.9263   16.3771
   -7.5000   45.0000    7.5000 2125.0376   18.6950
    0.0000   45.0000    7.5000 2135.6504   18.6818
    7.5000   45.0000    7.5000 2107.7712   18.8821
   -7.5000  -45.0000   15.0000 2507.9019   13.3220
    0.0000  -45.0000   15.0000 2515.1707   13.2781
    7.5000  -45.0000   15.0000 2490.7366   13.5140
   -7.5000  -37.5000   15.0000 2646.3396   12.2277
    0.0000  -37.5000   15.0000 2656.6982   12.2250
    7.5000  -37.5000   15.0000 2625.9739   12.4066
   -7.5000  -30.0000   15.0000 2770.0930   11.4951
    0.0000  -30.0000   15.0000 2787.0229   11.5143
    7.5000  -30.0000   15.0000 2748.5310   11.6468
   -7.5000  -22.5000   15.0000 2872.9446   11.0606
    0.0000  -22.5000   15.0000 2891.6614   11.0583
    7.5000  -22.5000   15.0000 2850.8306   11.1838
   -7.5000  -15.0000   15.0000 2941.7180   10.7616
    0.0000  -15.0000   15.0000 2958.0657   10.7291
    7.5000  -15.0000   15.0000 2908.7913   10.8739
   -7.5000   -7.5000   15.0000 2951.3589   10.6732
    0.0000   -7.5000   15.0000 2959.1521   10.6375
    7.5000   -7.5000   15.0000 2916.1472   10.8269
   -7.5000    0.0000   15.0000 2902.2283   10.8770
    0.0000    0.0000   15.0000 2908.4204   10.8569
    7.5000    0.0000   15.0000 2865.9517   11.0688
   -7.5000    7.5000   15.0000 2816.5337   11.3612
    0.0000    7.5000   15.0000 2823.0796   11.3452
    7.5000    7.5000   15.0000 2780.6226   11.5448
   -7.5000   15.0000   15.0000 2694.9436   12.0719
    0.0000   15.0000   15.0000 2703.6208   12.0372
    7.5000   15.0000   15.0000 2673.4456   12.2257
   -7.5000   22.5000   15.0000 2567.5984   13.0824
    0.0000   22.5000   15.0000 2579.2739   13.0276
    7.5000   22.5000   15.0000 2557.3442   13.1984
   -7.5000   30.0000   15.0000 2428.2183   14.4954
    0.0000   30.0000   15.0000 2440.2971   14.4016
    7.5000   30.0000   15.0000 2416.5293   14.5476
   -7.5000   37.5000   15.0000 2276.7947   16.3438
    0.0000   37.5000   15.0000 2285.6292   16.2705
    7.5000   37.5000   15.0000 2261.4504   16.4344
   -7.5000   45.0000   15.0000 2106.4106   18.7410
    0.0000   45.0000   15.0000 2113.8752   18.7054
    7.5000   45.0000   15.0000 2095.9641   18.8789
   -7.5000  -45.0000   22.5000 2476.3110   13.7183
    0.0000  -45.0000   22.5000 2482.0195   13.7225
    7.5000  -45.0000   22.5000 2450.2754   13.9777
   -7.5000  -37.5000   22.5000 2615.0947   12.5986
    0.0000  -37.5000   22.5000 2623.0681   12.5872
    7.5000  -37.5000   22.5000 2587.3606   12.8035
   -7.5000  -30.0000   22.5000 2736.8760   11.7968
    0.0000  -30.0000   22.5000 2751.3933   11.8058
    7.5000  -30.0000   22.5000 2710.8472   12.0022
   -7.5000  -22.5000   22.5000 2834.6140   11.2805
    0.0000  -22.5000   22.5000 2852.5579   11.2544
    7.5000  -22.5000   22.5000 2815.6360   11.4568
   -7.5000  -15.0000   22.5000 2899.7302   10.8749
    0.0000  -15.0000   22.5000 2916.8518   10.8316
    7.5000  -15.0000   22.5000 2874.3301   11.1066
   -7.5000   -7.5000   22.5000 2916.1077   10.7726
    0.0000   -7.5000   22.5000 2925.1086   10.7254
    7.5000   -7.5000   22.5000 2885.8618   11.0211
   -7.5000    0.0000   22.5000 2874.4641   11.0279
    0.0000    0.0000   22.5000 2879.0679   11.0161
    7.5000    0.0000   22.5000 2837.1062   11.2578
   -7.5000    7.5000   22.5000 2793.3254   11.5723
    0.0000    7.5000   22.5000 2796.5469   11.5488
    7.5000    7.5000   22.5000 2756.7549   11.7843
   -7.5000   15.0000   22.5000 2664.0964   12.3800
    0.0000   15.0000   22.5000 2669.4631   12.3326
    7.5000   15.0000   22.5000 2647.9504   12.5471
   -7.5000   22.5000   22.5000 2537.4617   13.4174
    0.0000   22.5000   22.5000 2547.2522   13.3508
    7.5000   22.5000   22.5000 2526.3938   13.5600
   -7.5000   30.0000   22.5000 2401.3289   14.8127
    0.0000   30.0000   22.5000 2410.3455   14.7227
    7.5000   30.0000   22.5000 2385.9810   14.8865
   -7.5000   37.5000   22.5000 2247.5176   16.6009
    0.0000   37.5000   22.5000 2254.7102   16.5337
    7.5000   37.5000   22.5000 2232.2834   16.6874
   -7.5000   45.0000   22.5000 2078.5154   18.9656
    0.0000   45.0000   22.5000 2090.4109   18.9243
    7.5000   45.0000   22.5000 2071.2737   19.0810
   -7.5000  -45.0000   30.0000 2440.1646   14.2846
    0.0000  -45.0000   30.0000 2445.8459   14.2547
    7.5000  -45.0000   30.0000 2408.0864   14.5587
   -7.5000  -37.5000   30.0000 2571.6675   13.0590
    0.0000  -37.5000   30.0000 2582.5103   13.0386
    7.5000  -37.5000   30.0000 2545.1328   13.3297
   -7.5000  -30.0000   30.0000 2690.0618   12.2278
    0.0000  -30.0000   30.0000 2701.5005   12.2134
    7.5000  -30.0000   30.0000 2664.3030   12.4781
   -7.5000  -22.5000   30.0000 2784.2063   11.6498
    0.0000  -22.5000   30.0000 2798.2983   11.6203
    7.5000  -22.5000   30.0000 2766.1033   11.9260
   -7.5000  -15.0000   30.0000 2844.6858   11.2613
    0.0000  -15.0000   30.0000 2855.4746   11.1954
    7.5000  -15.0000   30.0000 2823.8689   11.5547
   -7.5000   -7.5000   30.0000 2863.3108   11.1927
    0.0000   -7.5000   30.0000 2872.3918   11.1541
    7.5000   -7.5000   30.0000 2837.4656   11.4493
   -7.5000    0.0000   30.0000 2819.1978   11.4452
    0.0000    0.0000   30.0000 2829.9705   11.4298
    7.5000    0.0000   30.0000 2792.4785   11.6716
   -7.5000    7.5000   30.0000 2743.7251   11.9359
    0.0000    7.5000   30.0000 2751.9910   11.9264
    7.5000    7.5000   30.0000 2712.6941   12.1572
   -7.5000   15.0000   30.0000 2623.6821   12.7390
    0.0000   15.0000   30.0000 2637.0117   12.7131
    7.5000   15.0000   30.0000 2607.5381   12.9495
   -7.5000   22.5000   30.0000 2495.8433   13.8076
    0.0000   22.5000   30.0000 2509.8945   13.7589
    7.5000   22.5000   30.0000 2483.8916   13.9834
   -7.5000   30.0000   30.0000 2360.0122   15.1885
    0.0000   30.0000   30.0000 2371.2749   15.1289
    7.5000   30.0000   30.0000 2345.5400   15.3205
   -7.5000   37.5000   30.0000 2200.6340   17.0081
    0.0000   37.5000   30.0000 2213.6011   16.9492
    7.5000   37.5000   30.0000 2194.7268   17.1181
   -7.5000   45.0000   30.0000 2041.4421   19.3365
    0.0000   45.0000   30.0000 2048.2561   19.2747
    7.5000   45.0000   30.0000 2037.3416   19.4867
   -7.5000  -45.0000   37.5000 2395.4143   14.9961
    0.0000  -45.0000   37.5000 2398.6060   14.9457
    7.5000  -45.0000   37.5000 2367.0513   15.2829
   -7.5000  -37.5000   37.5000 2521.6367   13.7266
    0.0000  -37.5000   37.5000 2531.9766   13.6829
    7.5000  -37.5000   37.5000 2494.1230   14.0182
   -7.5000  -30.0000   37.5000 2635.9414   12.8360
    0.0000  -30.0000   37.5000 2648.6775   12.8170
    7.5000  -30.0000   37.5000 2613.9150   13.1556
   -7.5000  -22.5000   37.5000 2727.5671   12.2283
    0.0000  -22.5000   37.5000 2742.1780   12.1731
    7.5000  -22.5000   37.5000 2707.7922   12.5539
   -7.5000  -15.0000   37.5000 2780.5547   11.8755
    0.0000  -15.0000   37.5000 2792.6284   11.8097
    7.5000  -15.0000   37.5000 2758.4277   12.1658
   -7.5000   -7.5000   37.5000 2786.3213   11.8401
    0.0000   -7.5000   37.5000 2797.2979   11.7937
    7.5000   -7.5000   37.5000 2763.7427   12.0736
   -7.5000    0.0000   37.5000 2745.8230   12.0494
    0.0000    0.0000   37.5000 2755.9639   12.0305
    7.5000    0.0000   37.5000 2724.6794   12.2600
   -7.5000    7.5000   37.5000 2678.9128   12.5188
    0.0000    7.5000   37.5000 2689.4309   12.5175
    7.5000    7.5000   37.5000 2654.2124   12.7413
   -7.5000   15.0000   37.5000 2577.0964   13.2678
    0.0000   15.0000   37.5000 2589.0676   13.2687
    7.5000   15.0000   37.5000 2553.5471   13.5099
   -7.5000   22.5000   37.5000 2449.7119   14.3553
    0.0000   22.5000   37.5000 2466.5747   14.3376
    7.5000   22.5000   37.5000 2438.3682   14.5806
   -7.5000   30.0000   37.5000 2308.1733   15.7614
    0.0000   30.0000   37.5000 2322.0842   15.7150
    7.5000   30.0000   37.5000 2302.8074   15.9214
   -7.5000   37.5000   37.5000 2152.7148   17.5458
    0.0000   37.5000   37.5000 2165.0432   17.5301
    7.5000   37.5000   37.5000 2149.7678   17.6933
   -7.5000   45.0000   37.5000 2002.1566   19.8704
    0.0000   45.0000   37.5000 2006.5930   19.8143
    7.5000   45.0000   37.5000 1991.4028   20.0740
   -7.5000  -45.0000   45.0000 2345.8230   15.9092
    0.0000  -45.0000   45.0000 2353.2188   15.8043
    7.5000  -45.0000   45.0000 2321.3604   16.1831
   -7.5000  -37.5000   45.0000 2465.8013   14.5902
    0.0000  -37.5000   45.0000 2478.3220   14.5106
    7.5000  -37.5000   45.0000 2441.2625   14.8883
   -7.5000  -30.0000   45.0000 2574.4578   13.6660
    0.0000  -30.0000   45.0000 2590.7256   13.5924
    7.5000  -30.0000   45.0000 2555.0264   13.9949
   -7.5000  -22.5000   45.0000 2655.2703   13.0493
    0.0000  -22.5000   45.0000 2672.6848   12.9807
    7.5000  -22.5000   45.0000 2636.9734   13.3606
   -7.5000  -15.0000   45.0000 2698.9124   12.7023
    0.0000  -15.0000   45.0000 2710.2131   12.6321
    7.5000  -15.0000   45.0000 2675.9412   12.9569
   -7.5000   -7.5000   45.0000 2693.7952   12.6496
    0.0000   -7.5000   45.0000 2706.2571   12.5880
    7.5000   -7.5000   45.0000 2672.4309   12.8586
   -7.5000    0.0000   45.0000 2657.0813   12.8206
    0.0000    0.0000   45.0000 2668.8269   12.7856
    7.5000    0.0000   45.0000 2642.6367   13.0041
   -7.5000    7.5000   45.0000 2599.8186   13.2657
    0.0000    7.5000   45.0000 2610.7854   13.2333
    7.5000    7.5000   45.0000 2577.9263   13.4711
   -7.5000   15.0000   45.0000 2507.6592   14.0194
    0.0000   15.0000   45.0000 2520.4126   13.9834
    7.5000   15.0000   45.0000 2479.9055   14.2253
   -7.5000   22.5000   45.0000 2388.3210   15.0683
    0.0000   22.5000   45.0000 2403.5381   15.0443
    7.5000   22.5000   45.0000 2375.1565   15.2868
   -7.5000   30.0000   45.0000 2249.0977   16.4776
    0.0000   30.0000   45.0000 2260.4771   16.4391
    7.5000   30.0000   45.0000 2242.7690   16.6881
   -7.5000   37.5000   45.0000 2104.7793   18.3506
    0.0000   37.5000   45.0000 2112.1667   18.3083
    7.5000   37.5000   45.0000 2089.3733   18.4888
   -7.5000   45.0000   45.0000 1956.8953   20.7039
    0.0000   45.0000   45.0000 1960.3900   20.6639
    7.5000   45.0000   45.0000 1947.6049   20.9096

---------------------------------------------------------------------
imgreg_4dfp /opt/freesurfer/average/711-2C_as_mni_average_305 /opt/freesurfer/average/711-2B_as_mni_average_305_mask talsrcimg_g11 none talsrcimg_to_711-2C_as_mni_average_305_t4 1283
---------------------------------------------------------------------

freesurfer imgreg_4dfp.c
/opt/freesurfer/average/711-2C_as_mni_average_305.4dfp.img
       256       256       256         1
  1.000000  1.000000  1.000000
orientation T byte_order littleendian
Reading image: /opt/freesurfer/average/711-2C_as_mni_average_305.4dfp.img
dimensions:      256       256       256
mmppix:       1.0000   -1.0000   -1.0000
center:     128.0000 -129.0000 -129.0000
/opt/freesurfer/average/711-2B_as_mni_average_305_mask.4dfp.img
       256       256       256         1
  1.000000  1.000000  1.000000
orientation T byte_order littleendian
Reading mask: /opt/freesurfer/average/711-2B_as_mni_average_305_mask.4dfp.img (2306576 pixels)
talsrcimg_g11.4dfp.img
       256       256       256         1
  1.000000  1.000000  1.000000
orientation T byte_order littleendian
Reading image: talsrcimg_g11.4dfp.img
dimensions:      256       256       256
mmppix:       1.0000   -1.0000   -1.0000
center:     128.0000 -129.0000 -129.0000
rotation matrix determinant  1.000000
fimgreg.f
image alignment mode   1283 decimal      503 hex
parameters
    0.0000   -7.5000    7.5000    0.0000    0.0000    0.0000
eta,q 0.93235 10.58067
niter,ni,del,rscale     5    3   12.0000    1.2000
parameter  2  0.717245 ->  0.500000 qaram    1.1500
parameter  4  7.780707 ->  0.500000 qaram    1.1500
parameters
   -2.4305  -10.9500    9.0093   -3.4500    0.0506    2.0664
eta,q 0.94253 10.58538
  0.0677  0.0635  0.0728  0.0547  0.0628  0.0640
  0.0664  0.0624  0.0675  0.0569  0.0595  0.0606
  0.0658  0.0631  0.0641  0.0596  0.0578  0.0585
  0.0666  0.0655  0.0627  0.0634  0.0576  0.0576
  0.0693  0.0692  0.0634  0.0660  0.0583  0.0575
  0.0741  0.0736  0.0646  0.0690  0.0597  0.0576
  0.0815  0.0786  0.0653  0.0724  0.0623  0.0585
niter,ni,del,rscale     6    3   12.0000    1.2000
parameter  4  2.021328 ->  0.500000 qaram    1.3225
parameters
   -1.5702  -10.9032    9.3966   -7.4175    0.7282    2.3971
eta,q 0.94807 10.63890
  0.0680  0.0693  0.0630  0.0514  0.0590  0.0571
  0.0624  0.0614  0.0594  0.0520  0.0564  0.0543
  0.0596  0.0575  0.0571  0.0543  0.0543  0.0528
  0.0575  0.0570  0.0570  0.0571  0.0524  0.0521
  0.0568  0.0586  0.0582  0.0605  0.0523  0.0516
  0.0588  0.0625  0.0591  0.0638  0.0544  0.0533
  0.0638  0.0677  0.0609  0.0670  0.0571  0.0565
niter,ni,del,rscale     6    3   12.0000    1.2000
parameters
   -1.6552   -9.5617    8.7749  -10.8884    1.5775    1.9058
eta,q 0.95076 10.69259
  0.0625  0.0716  0.0573  0.0535  0.0574  0.0534
  0.0579  0.0632  0.0531  0.0500  0.0547  0.0509
  0.0543  0.0560  0.0517  0.0495  0.0515  0.0496
  0.0519  0.0520  0.0517  0.0517  0.0493  0.0492
  0.0526  0.0523  0.0528  0.0554  0.0496  0.0496
  0.0568  0.0560  0.0558  0.0599  0.0512  0.0519
  0.0648  0.0609  0.0596  0.0634  0.0547  0.0556
niter,ni,del,rscale     5    3   12.0000    1.2000
parameters
   -2.2159   -8.5577    8.3938  -11.6803    2.0075    1.6599
eta,q 0.95112 10.69268
  0.0605  0.0691  0.0571  0.0561  0.0560  0.0535
  0.0538  0.0612  0.0521  0.0531  0.0528  0.0506
  0.0502  0.0532  0.0493  0.0497  0.0498  0.0491
  0.0492  0.0492  0.0491  0.0489  0.0488  0.0489
  0.0515  0.0500  0.0511  0.0511  0.0493  0.0492
  0.0575  0.0545  0.0543  0.0554  0.0510  0.0510
  0.0656  0.0608  0.0585  0.0594  0.0545  0.0545
niter,ni,del,rscale     4    3   12.0000    1.2000
parameters
   -2.4503   -8.2510    8.3303  -12.0822    2.1862    1.5891
eta,q 0.95100 10.69424
  0.0609  0.0655  0.0583  0.0569  0.0553  0.0538
  0.0534  0.0578  0.0530  0.0536  0.0519  0.0508
  0.0498  0.0512  0.0497  0.0503  0.0495  0.0492
  0.0489  0.0489  0.0490  0.0490  0.0490  0.0490
  0.0500  0.0510  0.0505  0.0504  0.0493  0.0493
  0.0548  0.0560  0.0538  0.0549  0.0511  0.0508
  0.0632  0.0627  0.0581  0.0587  0.0548  0.0542
niter,ni,del,rscale     3    3   12.0000    1.2000
parameters
   -2.5171   -8.1223    8.2755  -12.2576    2.2452    1.5705
eta,q 0.95096 10.69441
  0.0614  0.0645  0.0584  0.0575  0.0549  0.0539
  0.0536  0.0571  0.0531  0.0539  0.0516  0.0508
  0.0498  0.0509  0.0498  0.0506  0.0494  0.0492
  0.0490  0.0490  0.0490  0.0490  0.0490  0.0490
  0.0499  0.0514  0.0505  0.0500  0.0493  0.0494
  0.0540  0.0564  0.0538  0.0545  0.0512  0.0507
  0.0620  0.0632  0.0582  0.0585  0.0549  0.0540
niter,ni,del,rscale     2    3   12.0000    1.2000
parameters
   -2.5397   -8.0695    8.2397  -12.3306    2.2617    1.5683
eta,q 0.95093 10.69434
  0.0615  0.0641  0.0585  0.0577  0.0548  0.0539
  0.0537  0.0568  0.0532  0.0540  0.0515  0.0509
  0.0498  0.0508  0.0498  0.0507  0.0494  0.0493
  0.0490  0.0490  0.0491  0.0491  0.0491  0.0491
  0.0499  0.0515  0.0505  0.0499  0.0493  0.0494
  0.0538  0.0565  0.0537  0.0542  0.0512  0.0507
  0.0617  0.0634  0.0582  0.0583  0.0550  0.0540
registration optimization eta report
parameter search radius
    6.0000    6.9000    6.0000    7.9350    6.0000    6.0000
100000*second partial in parameter space
       36.       30.       26.       14.       17.       14.
  0.0615  0.0641  0.0585  0.0577  0.0548  0.0539
  0.0537  0.0568  0.0532  0.0540  0.0515  0.0509
  0.0498  0.0508  0.0498  0.0507  0.0494  0.0493
  0.0490  0.0490  0.0491  0.0491  0.0491  0.0491
  0.0499  0.0515  0.0505  0.0499  0.0493  0.0494
  0.0538  0.0565  0.0537  0.0542  0.0512  0.0507
  0.0617  0.0634  0.0582  0.0583  0.0550  0.0540
   -2.5397   -8.0695    8.2397  -12.3306    2.2617    1.5683
eta,q 0.95093 10.69434

---------------------------------------------------------------------
imgreg_4dfp /opt/freesurfer/average/711-2C_as_mni_average_305 /opt/freesurfer/average/711-2B_as_mni_average_305_mask talsrcimg_g11 none talsrcimg_to_711-2C_as_mni_average_305_t4 3335
---------------------------------------------------------------------

freesurfer imgreg_4dfp.c
/opt/freesurfer/average/711-2C_as_mni_average_305.4dfp.img
       256       256       256         1
  1.000000  1.000000  1.000000
orientation T byte_order littleendian
Reading image: /opt/freesurfer/average/711-2C_as_mni_average_305.4dfp.img
dimensions:      256       256       256
mmppix:       1.0000   -1.0000   -1.0000
center:     128.0000 -129.0000 -129.0000
/opt/freesurfer/average/711-2B_as_mni_average_305_mask.4dfp.img
       256       256       256         1
  1.000000  1.000000  1.000000
orientation T byte_order littleendian
Reading mask: /opt/freesurfer/average/711-2B_as_mni_average_305_mask.4dfp.img (2306576 pixels)
talsrcimg_g11.4dfp.img
       256       256       256         1
  1.000000  1.000000  1.000000
orientation T byte_order littleendian
Reading image: talsrcimg_g11.4dfp.img
dimensions:      256       256       256
mmppix:       1.0000   -1.0000   -1.0000
center:     128.0000 -129.0000 -129.0000
fimgreg.f
image alignment mode   3335 decimal      D07 hex
parameters
   -2.5397   -8.0695    8.2397   -0.1153   -2.3204   -2.3830
   -1.8312   -4.4383    2.7347   21.2418    3.9463  -21.3386
eta,q 0.95174 10.70440
niter,ni,del,rscale     5    3    5.0000    1.2000
parameter  4  9.372518 ->  0.500000 qaram    1.1500
parameter  5  3.213064 ->  0.500000 qaram    1.1500
parameter 12  1.034544 ->  0.500000 qaram    1.1500
parameters
   -2.7472   -7.9016    8.2217   -4.2553   -6.4604   -3.9826
    0.0790   -3.1300    2.6379   19.5971    2.5052  -25.4786
eta,q 0.96142 10.42961
  0.0500  0.0507  0.0496  0.0425  0.0371  0.0416  0.0427  0.0459  0.0411  0.0411  0.0397  0.0385
  0.0489  0.0494  0.0489  0.0440  0.0392  0.0405  0.0414  0.0432  0.0402  0.0399  0.0394  0.0385
  0.0484  0.0486  0.0484  0.0460  0.0418  0.0399  0.0404  0.0410  0.0396  0.0393  0.0393  0.0388
  0.0483  0.0482  0.0482  0.0482  0.0446  0.0398  0.0398  0.0396  0.0395  0.0395  0.0393  0.0393
  0.0486  0.0484  0.0484  0.0503  0.0475  0.0407  0.0396  0.0396  0.0397  0.0403  0.0395  0.0399
  0.0494  0.0490  0.0489  0.0522  0.0509  0.0422  0.0400  0.0407  0.0403  0.0417  0.0398  0.0407
  0.0507  0.0501  0.0497  0.0545  0.0547  0.0449  0.0408  0.0428  0.0412  0.0439  0.0402  0.0416
niter,ni,del,rscale     7    3    5.0000    1.2000
parameter  4  1.240050 ->  0.500000 qaram    1.3225
parameter  5  1.997611 ->  0.500000 qaram    1.3225
parameter 12  0.566772 ->  0.500000 qaram    1.3225
parameters
   -2.7705   -7.9934    7.2451   -9.0163  -11.2214   -4.3052
    0.5408   -3.0119    2.6325   20.8753    2.2483  -30.2396
eta,q 0.96903 10.12288
  0.0417  0.0410  0.0389  0.0353  0.0294  0.0343  0.0343  0.0371  0.0336  0.0357  0.0325  0.0313
  0.0400  0.0397  0.0384  0.0353  0.0311  0.0329  0.0329  0.0343  0.0325  0.0339  0.0318  0.0310
  0.0389  0.0388  0.0383  0.0364  0.0330  0.0319  0.0320  0.0323  0.0318  0.0324  0.0315  0.0310
  0.0386  0.0386  0.0386  0.0383  0.0355  0.0316  0.0316  0.0316  0.0316  0.0316  0.0314  0.0314
  0.0390  0.0389  0.0392  0.0407  0.0387  0.0319  0.0317  0.0322  0.0318  0.0314  0.0315  0.0321
  0.0401  0.0399  0.0401  0.0434  0.0421  0.0331  0.0325  0.0341  0.0325  0.0321  0.0320  0.0330
  0.0419  0.0415  0.0413  0.0458  0.0459  0.0351  0.0337  0.0367  0.0336  0.0337  0.0326  0.0341
niter,ni,del,rscale     7    3    5.0000    1.2000
parameter  5  1.064432 ->  0.500000 qaram    1.5209
parameters
   -2.7393   -8.0466    6.9924  -11.2848  -16.6966   -3.7615
    0.6656   -3.0994    2.7847   22.1296    2.2351  -30.7436
eta,q 0.97279  9.79375
  0.0354  0.0339  0.0324  0.0338  0.0269  0.0308  0.0307  0.0327  0.0300  0.0319  0.0284  0.0293
  0.0330  0.0322  0.0315  0.0317  0.0271  0.0293  0.0290  0.0298  0.0285  0.0298  0.0278  0.0281
  0.0315  0.0312  0.0310  0.0306  0.0286  0.0281  0.0278  0.0279  0.0276  0.0282  0.0274  0.0274
  0.0310  0.0310  0.0310  0.0309  0.0305  0.0274  0.0274  0.0274  0.0273  0.0273  0.0272  0.0272
  0.0314  0.0314  0.0313  0.0327  0.0332  0.0274  0.0277  0.0281  0.0276  0.0273  0.0273  0.0276
  0.0329  0.0325  0.0321  0.0352  0.0368  0.0284  0.0289  0.0300  0.0285  0.0280  0.0278  0.0284
  0.0352  0.0341  0.0332  0.0382  0.0407  0.0302  0.0305  0.0329  0.0297  0.0297  0.0285  0.0297
niter,ni,del,rscale     7    3    5.0000    1.2000
parameters
   -2.7428   -7.8807    7.3600  -11.4848  -19.6760   -3.1761
    0.6756   -3.1433    2.9346   22.3390    2.0143  -31.3214
eta,q 0.97363  9.65363
  0.0319  0.0309  0.0298  0.0325  0.0300  0.0302  0.0298  0.0317  0.0291  0.0301  0.0275  0.0284
  0.0293  0.0289  0.0285  0.0300  0.0275  0.0284  0.0280  0.0289  0.0276  0.0282  0.0269  0.0273
  0.0277  0.0277  0.0276  0.0281  0.0265  0.0272  0.0268  0.0270  0.0267  0.0269  0.0265  0.0267
  0.0272  0.0272  0.0272  0.0272  0.0272  0.0264  0.0264  0.0264  0.0264  0.0264  0.0264  0.0264
  0.0278  0.0275  0.0272  0.0280  0.0291  0.0265  0.0268  0.0271  0.0266  0.0267  0.0265  0.0268
  0.0294  0.0284  0.0277  0.0302  0.0319  0.0275  0.0280  0.0290  0.0275  0.0279  0.0270  0.0277
  0.0319  0.0299  0.0286  0.0331  0.0359  0.0294  0.0298  0.0318  0.0288  0.0297  0.0277  0.0290
niter,ni,del,rscale     6    3    5.0000    1.2000
parameters
   -2.7394   -7.4843    7.5619  -11.3241  -20.2942   -3.1139
    0.6181   -3.1240    2.9429   22.7471    1.8661  -31.6824
eta,q 0.97378  9.63659
  0.0309  0.0306  0.0285  0.0318  0.0317  0.0295  0.0295  0.0315  0.0288  0.0300  0.0273  0.0283
  0.0285  0.0285  0.0274  0.0294  0.0288  0.0279  0.0278  0.0287  0.0274  0.0280  0.0267  0.0272
  0.0269  0.0270  0.0266  0.0274  0.0267  0.0267  0.0266  0.0269  0.0265  0.0267  0.0264  0.0266
  0.0264  0.0264  0.0263  0.0263  0.0263  0.0262  0.0262  0.0262  0.0262  0.0262  0.0262  0.0262
  0.0269  0.0264  0.0264  0.0269  0.0276  0.0265  0.0267  0.0269  0.0265  0.0265  0.0263  0.0266
  0.0285  0.0271  0.0270  0.0289  0.0297  0.0276  0.0279  0.0287  0.0274  0.0275  0.0268  0.0275
  0.0309  0.0285  0.0279  0.0318  0.0328  0.0296  0.0296  0.0314  0.0287  0.0292  0.0274  0.0287
niter,ni,del,rscale     5    3    5.0000    1.2000
parameters
   -2.7251   -7.3401    7.5506  -11.2846  -20.5587   -3.1838
    0.6038   -3.0995    2.9759   22.9635    1.7722  -31.8650
eta,q 0.97378  9.62659
  0.0308  0.0297  0.0280  0.0316  0.0319  0.0294  0.0295  0.0314  0.0287  0.0297  0.0273  0.0284
  0.0283  0.0278  0.0270  0.0293  0.0290  0.0277  0.0278  0.0287  0.0273  0.0278  0.0267  0.0272
  0.0268  0.0267  0.0264  0.0273  0.0268  0.0267  0.0266  0.0268  0.0265  0.0266  0.0264  0.0266
  0.0262  0.0262  0.0262  0.0262  0.0262  0.0262  0.0262  0.0262  0.0262  0.0262  0.0262  0.0262
  0.0267  0.0265  0.0264  0.0269  0.0274  0.0265  0.0266  0.0268  0.0265  0.0265  0.0263  0.0265
  0.0283  0.0274  0.0271  0.0289  0.0294  0.0276  0.0278  0.0286  0.0274  0.0276  0.0267  0.0274
  0.0306  0.0289  0.0281  0.0318  0.0323  0.0297  0.0295  0.0313  0.0287  0.0293  0.0274  0.0286
niter,ni,del,rscale     4    3    5.0000    1.2000
parameters
   -2.7181   -7.2656    7.5178  -11.2690  -20.6934   -3.2507
    0.5861   -3.0898    2.9975   23.0903    1.7318  -31.9646
eta,q 0.97378  9.62067
  0.0307  0.0295  0.0280  0.0315  0.0320  0.0294  0.0295  0.0314  0.0287  0.0296  0.0273  0.0284
  0.0283  0.0277  0.0270  0.0292  0.0291  0.0277  0.0278  0.0287  0.0273  0.0278  0.0267  0.0272
  0.0267  0.0266  0.0264  0.0273  0.0269  0.0267  0.0266  0.0268  0.0265  0.0266  0.0264  0.0266
  0.0262  0.0262  0.0262  0.0262  0.0262  0.0262  0.0262  0.0262  0.0262  0.0262  0.0262  0.0262
  0.0267  0.0265  0.0264  0.0269  0.0273  0.0265  0.0266  0.0268  0.0265  0.0265  0.0263  0.0265
  0.0283  0.0275  0.0271  0.0289  0.0294  0.0276  0.0278  0.0286  0.0274  0.0276  0.0267  0.0273
  0.0306  0.0290  0.0281  0.0318  0.0321  0.0297  0.0295  0.0313  0.0287  0.0293  0.0273  0.0285
niter,ni,del,rscale     3    3    5.0000    1.2000
parameters
   -2.7134   -7.2243    7.4940  -11.2601  -20.7673   -3.2942
    0.5735   -3.0871    3.0102   23.1631    1.7124  -32.0249
eta,q 0.97378  9.61726
  0.0307  0.0294  0.0280  0.0315  0.0320  0.0294  0.0295  0.0313  0.0287  0.0295  0.0273  0.0284
  0.0283  0.0276  0.0270  0.0292  0.0291  0.0277  0.0278  0.0287  0.0273  0.0277  0.0267  0.0272
  0.0267  0.0266  0.0264  0.0272  0.0269  0.0267  0.0266  0.0268  0.0265  0.0266  0.0264  0.0266
  0.0262  0.0262  0.0262  0.0262  0.0262  0.0262  0.0262  0.0262  0.0262  0.0262  0.0262  0.0262
  0.0267  0.0265  0.0264  0.0269  0.0273  0.0265  0.0266  0.0268  0.0265  0.0266  0.0263  0.0265
  0.0282  0.0275  0.0271  0.0289  0.0293  0.0276  0.0278  0.0286  0.0274  0.0277  0.0267  0.0273
  0.0306  0.0291  0.0280  0.0318  0.0321  0.0297  0.0295  0.0313  0.0287  0.0294  0.0273  0.0285
niter,ni,del,rscale     2    3    5.0000    1.2000
parameters
   -2.7103   -7.2001    7.4777  -11.2575  -20.8099   -3.3192
    0.5668   -3.0843    3.0182   23.2073    1.6915  -32.0630
eta,q 0.97378  9.61530
  0.0306  0.0293  0.0280  0.0315  0.0321  0.0294  0.0295  0.0313  0.0287  0.0295  0.0273  0.0284
  0.0282  0.0276  0.0270  0.0292  0.0292  0.0278  0.0278  0.0287  0.0273  0.0277  0.0267  0.0272
  0.0267  0.0265  0.0264  0.0272  0.0269  0.0267  0.0266  0.0268  0.0265  0.0266  0.0264  0.0266
  0.0262  0.0262  0.0262  0.0262  0.0262  0.0262  0.0262  0.0262  0.0262  0.0262  0.0262  0.0262
  0.0267  0.0266  0.0264  0.0269  0.0273  0.0265  0.0266  0.0268  0.0265  0.0266  0.0263  0.0265
  0.0282  0.0276  0.0270  0.0289  0.0293  0.0276  0.0278  0.0286  0.0274  0.0277  0.0267  0.0273
  0.0306  0.0291  0.0280  0.0318  0.0320  0.0296  0.0295  0.0313  0.0287  0.0294  0.0273  0.0285
niter,ni,del,rscale     1    3    5.0000    1.2000
parameters
   -2.7085   -7.1853    7.4673  -11.2557  -20.8389   -3.3382
    0.5573   -3.0836    3.0244   23.2347    1.6748  -32.0903
eta,q 0.97378  9.61388
  0.0306  0.0293  0.0280  0.0315  0.0321  0.0294  0.0295  0.0313  0.0287  0.0295  0.0273  0.0285
  0.0282  0.0276  0.0270  0.0292  0.0292  0.0278  0.0278  0.0287  0.0273  0.0277  0.0267  0.0273
  0.0267  0.0265  0.0264  0.0272  0.0270  0.0267  0.0266  0.0268  0.0265  0.0266  0.0264  0.0266
  0.0262  0.0262  0.0262  0.0262  0.0262  0.0262  0.0262  0.0262  0.0262  0.0262  0.0262  0.0262
  0.0267  0.0266  0.0264  0.0269  0.0273  0.0265  0.0266  0.0268  0.0265  0.0266  0.0263  0.0265
  0.0283  0.0276  0.0270  0.0289  0.0293  0.0276  0.0278  0.0286  0.0274  0.0277  0.0267  0.0273
  0.0306  0.0291  0.0280  0.0318  0.0320  0.0296  0.0295  0.0313  0.0287  0.0294  0.0273  0.0285
registration optimization eta report
parameter search radius
    2.4000    2.4000    2.4000    9.5220   10.9503    7.2000
    7.2000    7.2000    7.2000    7.2000    7.2000    9.5220
100000*second partial in parameter space
       76.       52.       30.        6.        5.        6.
        6.       10.        5.        6.        2.        2.
  0.0306  0.0293  0.0280  0.0315  0.0321  0.0294  0.0295  0.0313  0.0287  0.0295  0.0273  0.0285
  0.0282  0.0276  0.0270  0.0292  0.0292  0.0278  0.0278  0.0287  0.0273  0.0277  0.0267  0.0273
  0.0267  0.0265  0.0264  0.0272  0.0270  0.0267  0.0266  0.0268  0.0265  0.0266  0.0264  0.0266
  0.0262  0.0262  0.0262  0.0262  0.0262  0.0262  0.0262  0.0262  0.0262  0.0262  0.0262  0.0262
  0.0267  0.0266  0.0264  0.0269  0.0273  0.0265  0.0266  0.0268  0.0265  0.0266  0.0263  0.0265
  0.0283  0.0276  0.0270  0.0289  0.0293  0.0276  0.0278  0.0286  0.0274  0.0277  0.0267  0.0273
  0.0306  0.0291  0.0280  0.0318  0.0320  0.0296  0.0295  0.0313  0.0287  0.0294  0.0273  0.0285
   -2.7085   -7.1853    7.4673  -11.2557  -20.8389   -3.3382
    0.5573   -3.0836    3.0244   23.2347    1.6748  -32.0903
eta,q 0.97378  9.61388

---------------------------------------------------------------------
imgreg_4dfp /opt/freesurfer/average/711-2C_as_mni_average_305 /opt/freesurfer/average/711-2B_as_mni_average_305_mask talsrcimg_g11 none talsrcimg_to_711-2C_as_mni_average_305_t4 2311
---------------------------------------------------------------------

freesurfer imgreg_4dfp.c
/opt/freesurfer/average/711-2C_as_mni_average_305.4dfp.img
       256       256       256         1
  1.000000  1.000000  1.000000
orientation T byte_order littleendian
Reading image: /opt/freesurfer/average/711-2C_as_mni_average_305.4dfp.img
dimensions:      256       256       256
mmppix:       1.0000   -1.0000   -1.0000
center:     128.0000 -129.0000 -129.0000
/opt/freesurfer/average/711-2B_as_mni_average_305_mask.4dfp.img
       256       256       256         1
  1.000000  1.000000  1.000000
orientation T byte_order littleendian
Reading mask: /opt/freesurfer/average/711-2B_as_mni_average_305_mask.4dfp.img (2306576 pixels)
talsrcimg_g11.4dfp.img
       256       256       256         1
  1.000000  1.000000  1.000000
orientation T byte_order littleendian
Reading image: talsrcimg_g11.4dfp.img
dimensions:      256       256       256
mmppix:       1.0000   -1.0000   -1.0000
center:     128.0000 -129.0000 -129.0000
fimgreg.f
image alignment mode   2311 decimal      907 hex
parameters
   -2.7085   -7.1853    7.4673  -11.2557  -20.8389   -3.3382
    0.5573   -3.0836    3.0244   23.2347    1.6748  -32.0903
eta,q 0.97378  9.61388
niter,ni,del,rscale     5    3    5.0000    0.8000
parameters
   -2.7100   -7.1998    7.4610  -10.9244  -21.1473   -3.1163
    0.5417   -3.0726    3.0177   23.2107    1.8502  -31.8173
eta,q 0.97383  9.61255
  0.0282  0.0275  0.0270  0.0282  0.0275  0.0278  0.0278  0.0287  0.0273  0.0276  0.0267  0.0268
  0.0271  0.0268  0.0266  0.0273  0.0268  0.0270  0.0269  0.0273  0.0267  0.0268  0.0264  0.0266
  0.0264  0.0264  0.0263  0.0266  0.0263  0.0265  0.0264  0.0265  0.0263  0.0263  0.0263  0.0263
  0.0262  0.0262  0.0262  0.0262  0.0262  0.0262  0.0262  0.0262  0.0262  0.0262  0.0262  0.0262
  0.0265  0.0264  0.0263  0.0263  0.0265  0.0263  0.0264  0.0265  0.0263  0.0264  0.0262  0.0262
  0.0271  0.0268  0.0266  0.0269  0.0270  0.0267  0.0269  0.0273  0.0267  0.0269  0.0264  0.0264
  0.0282  0.0276  0.0270  0.0278  0.0278  0.0276  0.0278  0.0286  0.0273  0.0277  0.0267  0.0268
niter,ni,del,rscale     4    3    5.0000    0.7000
parameters
   -2.7103   -7.1732    7.4925  -10.8496  -21.2109   -3.0357
    0.5522   -3.0803    3.0078   23.1566    1.9158  -31.6858
eta,q 0.97384  9.61127
  0.0277  0.0272  0.0268  0.0276  0.0273  0.0273  0.0274  0.0281  0.0270  0.0273  0.0265  0.0267
  0.0269  0.0266  0.0265  0.0269  0.0267  0.0267  0.0267  0.0270  0.0265  0.0266  0.0264  0.0264
  0.0263  0.0263  0.0262  0.0264  0.0263  0.0264  0.0263  0.0264  0.0263  0.0263  0.0262  0.0263
  0.0262  0.0262  0.0262  0.0262  0.0262  0.0262  0.0262  0.0262  0.0262  0.0262  0.0262  0.0262
  0.0263  0.0263  0.0262  0.0263  0.0263  0.0262  0.0263  0.0264  0.0263  0.0263  0.0262  0.0262
  0.0269  0.0266  0.0264  0.0268  0.0267  0.0266  0.0267  0.0270  0.0266  0.0267  0.0263  0.0264
  0.0277  0.0271  0.0268  0.0276  0.0274  0.0273  0.0274  0.0281  0.0270  0.0273  0.0265  0.0267
niter,ni,del,rscale     3    3    5.0000    0.6000
parameters
   -2.7141   -7.1770    7.5073  -10.8165  -21.2184   -2.9712
    0.5676   -3.0882    2.9942   23.1025    2.0066  -31.5658
eta,q 0.97385  9.61157
  0.0273  0.0269  0.0266  0.0272  0.0270  0.0270  0.0271  0.0276  0.0268  0.0270  0.0264  0.0266
  0.0267  0.0265  0.0264  0.0267  0.0265  0.0266  0.0266  0.0268  0.0264  0.0265  0.0263  0.0264
  0.0263  0.0262  0.0262  0.0263  0.0263  0.0263  0.0263  0.0263  0.0262  0.0262  0.0262  0.0262
  0.0262  0.0262  0.0262  0.0262  0.0262  0.0262  0.0262  0.0262  0.0262  0.0262  0.0262  0.0261
  0.0263  0.0262  0.0262  0.0263  0.0263  0.0262  0.0262  0.0263  0.0262  0.0262  0.0262  0.0262
  0.0267  0.0265  0.0264  0.0266  0.0266  0.0265  0.0266  0.0268  0.0264  0.0265  0.0263  0.0263
  0.0273  0.0269  0.0266  0.0272  0.0270  0.0270  0.0271  0.0276  0.0268  0.0270  0.0264  0.0265
niter,ni,del,rscale     2    3    5.0000    0.5000
parameters
   -2.7184   -7.1915    7.5208  -10.7808  -21.1915   -2.8944
    0.5935   -3.0909    2.9791   23.0487    2.0874  -31.4419
eta,q 0.97386  9.61420
  0.0270  0.0267  0.0265  0.0269  0.0268  0.0268  0.0268  0.0271  0.0266  0.0267  0.0264  0.0264
  0.0265  0.0264  0.0263  0.0265  0.0264  0.0265  0.0265  0.0266  0.0263  0.0264  0.0262  0.0263
  0.0262  0.0262  0.0262  0.0262  0.0262  0.0263  0.0262  0.0263  0.0262  0.0262  0.0262  0.0262
  0.0261  0.0261  0.0261  0.0261  0.0261  0.0261  0.0261  0.0261  0.0261  0.0261  0.0261  0.0261
  0.0262  0.0262  0.0262  0.0262  0.0262  0.0262  0.0262  0.0263  0.0262  0.0262  0.0262  0.0262
  0.0265  0.0264  0.0263  0.0265  0.0264  0.0264  0.0264  0.0266  0.0263  0.0264  0.0262  0.0262
  0.0270  0.0267  0.0265  0.0269  0.0267  0.0268  0.0268  0.0271  0.0266  0.0267  0.0263  0.0264
niter,ni,del,rscale     1    3    5.0000    0.4000
parameters
   -2.7229   -7.2066    7.5358  -10.7720  -21.1641   -2.8046
    0.6255   -3.0947    2.9618   22.9901    2.1643  -31.3210
eta,q 0.97387  9.61643
  0.0266  0.0265  0.0264  0.0266  0.0265  0.0266  0.0266  0.0268  0.0264  0.0265  0.0263  0.0263
  0.0264  0.0263  0.0262  0.0264  0.0263  0.0264  0.0263  0.0264  0.0263  0.0263  0.0262  0.0262
  0.0262  0.0262  0.0262  0.0262  0.0262  0.0262  0.0262  0.0262  0.0262  0.0262  0.0262  0.0262
  0.0261  0.0261  0.0261  0.0261  0.0261  0.0261  0.0261  0.0261  0.0261  0.0261  0.0261  0.0261
  0.0262  0.0262  0.0262  0.0262  0.0262  0.0262  0.0262  0.0262  0.0262  0.0262  0.0261  0.0261
  0.0264  0.0263  0.0262  0.0264  0.0263  0.0263  0.0263  0.0264  0.0263  0.0263  0.0262  0.0262
  0.0267  0.0265  0.0263  0.0266  0.0265  0.0265  0.0265  0.0268  0.0264  0.0265  0.0263  0.0263
registration optimization eta report
parameter search radius
    0.8000    0.8000    0.8000    2.4000    2.4000    2.4000
    2.4000    2.4000    2.4000    2.4000    2.4000    2.4000
100000*second partial in parameter space
       81.       52.       34.        9.        7.        7.
        7.       11.        5.        6.        2.        3.
  0.0266  0.0265  0.0264  0.0266  0.0265  0.0266  0.0266  0.0268  0.0264  0.0265  0.0263  0.0263
  0.0264  0.0263  0.0262  0.0264  0.0263  0.0264  0.0263  0.0264  0.0263  0.0263  0.0262  0.0262
  0.0262  0.0262  0.0262  0.0262  0.0262  0.0262  0.0262  0.0262  0.0262  0.0262  0.0262  0.0262
  0.0261  0.0261  0.0261  0.0261  0.0261  0.0261  0.0261  0.0261  0.0261  0.0261  0.0261  0.0261
  0.0262  0.0262  0.0262  0.0262  0.0262  0.0262  0.0262  0.0262  0.0262  0.0262  0.0261  0.0261
  0.0264  0.0263  0.0262  0.0264  0.0263  0.0263  0.0263  0.0264  0.0263  0.0263  0.0262  0.0262
  0.0267  0.0265  0.0263  0.0266  0.0265  0.0265  0.0265  0.0268  0.0264  0.0265  0.0263  0.0263
   -2.7229   -7.2066    7.5358  -10.7720  -21.1641   -2.8046
    0.6255   -3.0947    2.9618   22.9901    2.1643  -31.3210
eta,q 0.97387  9.61643

---------------------------------------------------------------------
imgreg_4dfp /opt/freesurfer/average/711-2C_as_mni_average_305 /opt/freesurfer/average/711-2B_as_mni_average_305_mask talsrcimg_g11 none talsrcimg_to_711-2C_as_mni_average_305_t4 2311
---------------------------------------------------------------------

freesurfer imgreg_4dfp.c
/opt/freesurfer/average/711-2C_as_mni_average_305.4dfp.img
       256       256       256         1
  1.000000  1.000000  1.000000
orientation T byte_order littleendian
Reading image: /opt/freesurfer/average/711-2C_as_mni_average_305.4dfp.img
dimensions:      256       256       256
mmppix:       1.0000   -1.0000   -1.0000
center:     128.0000 -129.0000 -129.0000
/opt/freesurfer/average/711-2B_as_mni_average_305_mask.4dfp.img
       256       256       256         1
  1.000000  1.000000  1.000000
orientation T byte_order littleendian
Reading mask: /opt/freesurfer/average/711-2B_as_mni_average_305_mask.4dfp.img (2306576 pixels)
talsrcimg_g11.4dfp.img
       256       256       256         1
  1.000000  1.000000  1.000000
orientation T byte_order littleendian
Reading image: talsrcimg_g11.4dfp.img
dimensions:      256       256       256
mmppix:       1.0000   -1.0000   -1.0000
center:     128.0000 -129.0000 -129.0000
fimgreg.f
image alignment mode   2311 decimal      907 hex
parameters
   -2.7229   -7.2066    7.5358  -10.7720  -21.1641   -2.8046
    0.6255   -3.0947    2.9618   22.9901    2.1643  -31.3210
eta,q 0.97387  9.61643
niter,ni,del,rscale     5    3    5.0000    0.8000
parameters
   -2.7264   -7.2171    7.5649  -10.8531  -21.1215   -2.9368
    0.5988   -3.1017    2.9723   23.0034    1.9279  -31.6493
eta,q 0.97385  9.61576
  0.0282  0.0275  0.0270  0.0279  0.0277  0.0276  0.0277  0.0286  0.0273  0.0276  0.0266  0.0267
  0.0270  0.0267  0.0265  0.0270  0.0268  0.0268  0.0269  0.0273  0.0267  0.0268  0.0264  0.0264
  0.0264  0.0263  0.0262  0.0264  0.0263  0.0264  0.0263  0.0264  0.0263  0.0263  0.0262  0.0262
  0.0261  0.0261  0.0261  0.0261  0.0261  0.0261  0.0261  0.0261  0.0261  0.0261  0.0261  0.0261
  0.0264  0.0263  0.0262  0.0264  0.0263  0.0263  0.0263  0.0264  0.0263  0.0263  0.0262  0.0262
  0.0271  0.0267  0.0265  0.0270  0.0268  0.0269  0.0269  0.0273  0.0266  0.0268  0.0264  0.0265
  0.0282  0.0275  0.0270  0.0280  0.0276  0.0278  0.0278  0.0286  0.0273  0.0276  0.0267  0.0269
niter,ni,del,rscale     4    3    5.0000    0.7000
parameters
   -2.7223   -7.2152    7.5458  -10.8472  -21.1465   -2.9583
    0.5814   -3.0916    2.9768   23.0551    1.9653  -31.6247
eta,q 0.97386  9.61492
  0.0277  0.0272  0.0268  0.0276  0.0273  0.0273  0.0274  0.0281  0.0270  0.0273  0.0265  0.0267
  0.0269  0.0266  0.0264  0.0268  0.0267  0.0267  0.0267  0.0270  0.0265  0.0267  0.0263  0.0264
  0.0263  0.0263  0.0262  0.0264  0.0263  0.0263  0.0263  0.0264  0.0262  0.0263  0.0262  0.0262
  0.0262  0.0261  0.0261  0.0261  0.0261  0.0261  0.0261  0.0261  0.0262  0.0261  0.0262  0.0262
  0.0263  0.0263  0.0262  0.0263  0.0263  0.0262  0.0263  0.0264  0.0263  0.0263  0.0262  0.0262
  0.0268  0.0266  0.0264  0.0268  0.0267  0.0267  0.0267  0.0270  0.0265  0.0266  0.0263  0.0264
  0.0277  0.0272  0.0268  0.0276  0.0273  0.0274  0.0274  0.0281  0.0270  0.0272  0.0266  0.0267
niter,ni,del,rscale     3    3    5.0000    0.6000
parameters
   -2.7191   -7.2062    7.5300  -10.8243  -21.1688   -2.9318
    0.5935   -3.0914    2.9796   23.0563    2.0266  -31.5263
eta,q 0.97386  9.61423
  0.0273  0.0269  0.0266  0.0272  0.0270  0.0270  0.0271  0.0276  0.0268  0.0270  0.0264  0.0266
  0.0267  0.0265  0.0264  0.0267  0.0265  0.0266  0.0266  0.0268  0.0264  0.0265  0.0263  0.0264
  0.0263  0.0262  0.0262  0.0263  0.0262  0.0263  0.0263  0.0263  0.0262  0.0262  0.0262  0.0262
  0.0261  0.0261  0.0262  0.0261  0.0261  0.0261  0.0261  0.0262  0.0262  0.0262  0.0261  0.0261
  0.0263  0.0262  0.0262  0.0263  0.0263  0.0262  0.0262  0.0263  0.0262  0.0262  0.0262  0.0262
  0.0267  0.0265  0.0264  0.0266  0.0266  0.0265  0.0266  0.0268  0.0264  0.0265  0.0263  0.0263
  0.0273  0.0269  0.0266  0.0272  0.0270  0.0270  0.0271  0.0276  0.0268  0.0270  0.0264  0.0265
niter,ni,del,rscale     2    3    5.0000    0.5000
parameters
   -2.7217   -7.2053    7.5314  -10.7897  -21.1721   -2.8737
    0.6052   -3.0940    2.9758   23.0275    2.0931  -31.4298
eta,q 0.97386  9.61524
  0.0269  0.0267  0.0265  0.0269  0.0268  0.0268  0.0268  0.0271  0.0266  0.0267  0.0264  0.0264
  0.0265  0.0264  0.0263  0.0265  0.0264  0.0265  0.0264  0.0266  0.0263  0.0264  0.0262  0.0263
  0.0262  0.0262  0.0262  0.0262  0.0262  0.0262  0.0262  0.0263  0.0262  0.0262  0.0262  0.0262
  0.0261  0.0261  0.0261  0.0261  0.0261  0.0261  0.0261  0.0261  0.0261  0.0261  0.0261  0.0261
  0.0262  0.0262  0.0262  0.0262  0.0262  0.0262  0.0262  0.0262  0.0262  0.0262  0.0262  0.0262
  0.0265  0.0264  0.0263  0.0265  0.0264  0.0264  0.0264  0.0266  0.0263  0.0264  0.0262  0.0263
  0.0270  0.0267  0.0265  0.0269  0.0268  0.0268  0.0268  0.0271  0.0266  0.0267  0.0263  0.0264
niter,ni,del,rscale     1    3    5.0000    0.4000
parameters
   -2.7237   -7.2140    7.5429  -10.7654  -21.1472   -2.7906
    0.6255   -3.0939    2.9596   22.9730    2.1526  -31.3319
eta,q 0.97387  9.61774
  0.0267  0.0265  0.0264  0.0267  0.0265  0.0266  0.0266  0.0268  0.0264  0.0265  0.0263  0.0263
  0.0264  0.0263  0.0262  0.0264  0.0263  0.0264  0.0263  0.0264  0.0263  0.0263  0.0262  0.0262
  0.0262  0.0262  0.0262  0.0262  0.0262  0.0262  0.0262  0.0262  0.0262  0.0262  0.0262  0.0262
  0.0261  0.0261  0.0261  0.0261  0.0261  0.0261  0.0261  0.0261  0.0261  0.0261  0.0261  0.0261
  0.0262  0.0262  0.0262  0.0262  0.0262  0.0262  0.0262  0.0262  0.0262  0.0262  0.0261  0.0261
  0.0264  0.0263  0.0262  0.0264  0.0263  0.0263  0.0263  0.0264  0.0263  0.0263  0.0262  0.0262
  0.0267  0.0265  0.0263  0.0266  0.0265  0.0265  0.0265  0.0268  0.0264  0.0265  0.0263  0.0263
registration optimization eta report
parameter search radius
    0.8000    0.8000    0.8000    2.4000    2.4000    2.4000
    2.4000    2.4000    2.4000    2.4000    2.4000    2.4000
100000*second partial in parameter space
       81.       52.       34.        9.        7.        7.
        7.       11.        5.        6.        2.        3.
  0.0267  0.0265  0.0264  0.0267  0.0265  0.0266  0.0266  0.0268  0.0264  0.0265  0.0263  0.0263
  0.0264  0.0263  0.0262  0.0264  0.0263  0.0264  0.0263  0.0264  0.0263  0.0263  0.0262  0.0262
  0.0262  0.0262  0.0262  0.0262  0.0262  0.0262  0.0262  0.0262  0.0262  0.0262  0.0262  0.0262
  0.0261  0.0261  0.0261  0.0261  0.0261  0.0261  0.0261  0.0261  0.0261  0.0261  0.0261  0.0261
  0.0262  0.0262  0.0262  0.0262  0.0262  0.0262  0.0262  0.0262  0.0262  0.0262  0.0261  0.0261
  0.0264  0.0263  0.0262  0.0264  0.0263  0.0263  0.0263  0.0264  0.0263  0.0263  0.0262  0.0262
  0.0267  0.0265  0.0263  0.0266  0.0265  0.0265  0.0265  0.0268  0.0264  0.0265  0.0263  0.0263
   -2.7237   -7.2140    7.5429  -10.7654  -21.1472   -2.7906
    0.6255   -3.0939    2.9596   22.9730    2.1526  -31.3319
eta,q 0.97387  9.61774

---------------------------------------------------------------------
compute_vox2vox talsrcimg talsrcimg_to_711-2C_as_mni_average_305_t4 /opt/freesurfer/average/711-2C_as_mni_average_305
---------------------------------------------------------------------

freesurfer compute_vox2vox.c
Reading: talsrcimg.4dfp.ifh
Reading: talsrcimg_to_711-2C_as_mni_average_305_t4
Reading: /opt/freesurfer/average/711-2C_as_mni_average_305.4dfp.ifh
Writing: talsrcimg_to_711-2C_as_mni_average_305_t4_vox2vox.txt

start time Fri Mar 6 07:20:35 CET 2026
end		time Fri Mar 6 07:22:01 CET 2026

mpr2mni305 success

avi2talxfm orig_nu.mgz /opt/freesurfer/average/mni305.cor.mgz talsrcimg_to_711-2C_as_mni_average_305_t4_vox2vox.txt transforms/talairach.auto.xfm
avi2talxfm done
mv -f /out/sourcedata/freesurfer/sub-v1s10x0051020_ses-1/mri/talsrcimg_to_711-2C_as_mni_average_305_t4_vox2vox.txt /out/sourcedata/freesurfer/sub-v1s10x0051020_ses-1/mri/transforms/talsrcimg_to_711-2C_as_mni_average_305_t4_vox2vox.txt
lta_convert --src orig_nu.mgz --trg /opt/freesurfer/average/mni305.cor.mgz --inxfm transforms/talairach.auto.xfm --outlta transforms/talairach.auto.xfm.lta --subject fsaverage
7.3.2

--src: orig_nu.mgz src image (geometry).
--trg: /opt/freesurfer/average/mni305.cor.mgz trg image (geometry).
--inmni: transforms/talairach.auto.xfm input MNI/XFM transform.
--outlta: transforms/talairach.auto.xfm.lta output LTA.
--s: fsaverage subject name
 LTA read, type : 1
 1.11965   0.03449   0.00483   2.08163;
-0.03505   0.93932   0.37351  -5.29636;
-0.03181  -0.27496   1.15919   10.88756;
 0.00000   0.00000   0.00000   1.00000;
setting subject to fsaverage
Writing  LTA to file transforms/talairach.auto.xfm.lta...
lta_convert successful.
 
 
Started at Fri Mar 6 07:20:35 CET 2026
Ended   at Fri Mar  6 07:22:02 CET 2026
talairach_avi done
