status file for recon-all
Sat Mar  7 06:44:03 CET 2026
#@# Tessellate rh Sat Mar  7 06:44:03 CET 2026
#@# Smooth1 rh Sat Mar  7 06:44:06 CET 2026
#@# Inflation1 rh Sat Mar  7 06:44:09 CET 2026
#@# QSphere rh Sat Mar  7 06:44:19 CET 2026
#@# Fix Topology rh Sat Mar  7 06:45:25 CET 2026
#@# Smooth2 rh Sat Mar  7 06:49:53 CET 2026
#@# Inflation2 rh Sat Mar  7 06:49:56 CET 2026
#@# Curv .H and .K rh Sat Mar  7 06:50:08 CET 2026
#@# Sphere rh Sat Mar  7 06:50:45 CET 2026
#@# Surf Reg rh Sat Mar  7 06:53:49 CET 2026
#@# Jacobian white rh Sat Mar  7 06:59:08 CET 2026
#@# AvgCurv rh Sat Mar  7 06:59:08 CET 2026
#@# Cortical Parc rh Sat Mar  7 06:59:09 CET 2026
#@# white curv rh Sat Mar  7 07:04:24 CET 2026
#@# white area rh Sat Mar  7 07:04:26 CET 2026
#@# pial curv rh Sat Mar  7 07:04:26 CET 2026
#@# pial area rh Sat Mar  7 07:04:28 CET 2026
#@# thickness rh Sat Mar  7 07:04:28 CET 2026
#@# area and vertex vol rh Sat Mar  7 07:04:51 CET 2026
#@# Curvature Stats rh Sat Mar  7 07:04:52 CET 2026
#@# Cortical Parc 2 rh Sat Mar  7 07:04:54 CET 2026
#@# Cortical Parc 3 rh Sat Mar  7 07:05:05 CET 2026
#@# WM/GM Contrast rh Sat Mar  7 07:05:13 CET 2026
recon-all -s sub-v1s19x0051292_ses-1 finished without error at Sat Mar  7 07:05:16 CET 2026



#New# invocation of recon-all 



status file for recon-all
Sat Mar  7 07:11:05 CET 2026
#@# white curv rh Sat Mar  7 07:11:05 CET 2026
#@# white area rh Sat Mar  7 07:11:05 CET 2026
#@# pial curv rh Sat Mar  7 07:11:05 CET 2026
#@# pial area rh Sat Mar  7 07:11:05 CET 2026
#@# thickness rh Sat Mar  7 07:11:05 CET 2026
#@# area and vertex vol rh Sat Mar  7 07:11:05 CET 2026
#@# Parcellation Stats rh Sat Mar  7 07:11:05 CET 2026
#@# Parcellation Stats 2 rh Sat Mar  7 07:11:18 CET 2026
#@# Parcellation Stats 3 rh Sat Mar  7 07:11:25 CET 2026
#@# BA_exvivo Labels rh Sat Mar  7 07:11:32 CET 2026
recon-all -s sub-v1s19x0051292_ses-1 finished without error at Sat Mar  7 07:13:44 CET 2026
