status file for recon-all
Sat Mar  7 04:37:21 CET 2026
#@# MotionCor Sat Mar  7 04:37:23 CET 2026
#@# Talairach Sat Mar  7 04:37:30 CET 2026
#@# Talairach Failure Detection Sat Mar  7 04:41:58 CET 2026
#@# Nu Intensity Correction Sat Mar  7 04:41:58 CET 2026
#@# Intensity Normalization Sat Mar  7 04:45:12 CET 2026
recon-all -s sub-v1s19x0051292_ses-1 finished without error at Sat Mar  7 04:46:40 CET 2026



#New# invocation of recon-all 



status file for recon-all
Sat Mar  7 04:53:54 CET 2026
#@# EM Registration Sat Mar  7 04:53:54 CET 2026
recon-all -s sub-v1s19x0051292_ses-1 finished without error at Sat Mar  7 04:55:56 CET 2026



#New# invocation of recon-all 



status file for recon-all
Sat Mar  7 04:56:00 CET 2026
#@# CA Normalize Sat Mar  7 04:56:00 CET 2026
#@# CA Reg Sat Mar  7 04:57:22 CET 2026
#@# SubCort Seg Sat Mar  7 05:53:30 CET 2026
#@# CC Seg Sat Mar  7 06:18:35 CET 2026
#@# Merge ASeg Sat Mar  7 06:19:13 CET 2026
#@# Intensity Normalization2 Sat Mar  7 06:19:13 CET 2026
#@# Mask BFS Sat Mar  7 06:21:23 CET 2026
#@# WM Segmentation Sat Mar  7 06:21:24 CET 2026
#@# Fill Sat Mar  7 06:23:06 CET 2026
recon-all -s sub-v1s19x0051292_ses-1 finished without error at Sat Mar  7 06:24:07 CET 2026



#New# invocation of recon-all 



status file for recon-all
Sat Mar  7 07:05:22 CET 2026
#@# white curv lh Sat Mar  7 07:05:22 CET 2026
#@# white area lh Sat Mar  7 07:05:22 CET 2026
#@# pial curv lh Sat Mar  7 07:05:22 CET 2026
#@# pial area lh Sat Mar  7 07:05:22 CET 2026
#@# thickness lh Sat Mar  7 07:05:22 CET 2026
#@# area and vertex vol lh Sat Mar  7 07:05:22 CET 2026
#@# white curv rh Sat Mar  7 07:05:22 CET 2026
#@# white area rh Sat Mar  7 07:05:22 CET 2026
#@# pial curv rh Sat Mar  7 07:05:22 CET 2026
#@# pial area rh Sat Mar  7 07:05:22 CET 2026
#@# thickness rh Sat Mar  7 07:05:22 CET 2026
#@# area and vertex vol rh Sat Mar  7 07:05:22 CET 2026
#@# Cortical ribbon mask Sat Mar  7 07:05:23 CET 2026
recon-all -s sub-v1s19x0051292_ses-1 finished without error at Sat Mar  7 07:08:21 CET 2026



#New# invocation of recon-all 



status file for recon-all
Sat Mar  7 07:13:50 CET 2026
#@# white curv lh Sat Mar  7 07:13:50 CET 2026
#@# white area lh Sat Mar  7 07:13:50 CET 2026
#@# pial curv lh Sat Mar  7 07:13:50 CET 2026
#@# pial area lh Sat Mar  7 07:13:50 CET 2026
#@# thickness lh Sat Mar  7 07:13:50 CET 2026
#@# area and vertex vol lh Sat Mar  7 07:13:50 CET 2026
#@# white curv rh Sat Mar  7 07:13:50 CET 2026
#@# white area rh Sat Mar  7 07:13:50 CET 2026
#@# pial curv rh Sat Mar  7 07:13:50 CET 2026
#@# pial area rh Sat Mar  7 07:13:50 CET 2026
#@# thickness rh Sat Mar  7 07:13:50 CET 2026
#@# area and vertex vol rh Sat Mar  7 07:13:51 CET 2026
#@# Curvature Stats lh Sat Mar  7 07:13:51 CET 2026
#@# Curvature Stats rh Sat Mar  7 07:13:53 CET 2026
#@# Relabel Hypointensities Sat Mar  7 07:13:55 CET 2026
#@# APas-to-ASeg Sat Mar  7 07:14:08 CET 2026
#@# AParc-to-ASeg aparc Sat Mar  7 07:14:16 CET 2026
#@# AParc-to-ASeg aparc.a2009s Sat Mar  7 07:14:40 CET 2026
#@# AParc-to-ASeg aparc.DKTatlas Sat Mar  7 07:15:02 CET 2026
#@# WMParc Sat Mar  7 07:15:28 CET 2026
#@# ASeg Stats Sat Mar  7 07:19:30 CET 2026
recon-all -s sub-v1s19x0051292_ses-1 finished without error at Sat Mar  7 07:20:11 CET 2026
