/out/sourcedata/freesurfer/sub-v1s13x0050005_ses-1/mri
/opt/freesurfer/bin/talairach_avi
--i orig_nu.mgz --xfm transforms/talairach.auto.xfm
talairach_avi 7.3.2
Linux dna052 5.14.0-427.37.1.el9_4.x86_64 #1 SMP PREEMPT_DYNAMIC Fri Sep 13 12:41:50 EDT 2024 x86_64 x86_64 x86_64 GNU/Linux
Fri Mar  6 22:02:53 CET 2026
mri_convert orig_nu.mgz talsrcimg.img 
reading from orig_nu.mgz...
TR=0.00, TE=0.00, TI=0.00, flip angle=0.00
i_ras = (-1, 0, 0)
j_ras = (0, 0, -1)
k_ras = (0, 1, 0)
writing to talsrcimg.img...
Analyze Output Matrix
-1.00000   0.00000   0.00000   129.52499;
 0.00000   0.00000   1.00000  -127.94919;
 0.00000  -1.00000   0.00000   124.31139;
 0.00000   0.00000   0.00000   1.00000;
--------------------
INFO: set hdr.hist.orient to -1
mpr2mni305 talsrcimg
Fri Mar  6 22:02:54 CET 2026
/opt/freesurfer/bin/mpr2mni305 talsrcimg
mpr2mni305 7.3.2
target=711-2C_as_mni_average_305

---------------------------------------------------------------------
analyzeto4dfp talsrcimg -O0 -y
---------------------------------------------------------------------

freesurfer ifh2hdr.c
Fri Mar  6 22:02:54 2026
Writing: talsrcimg.4dfp.hdr
freesurfer analyzeto4dfp.c
Reading: talsrcimg.hdr
header size 348 bytes
hdr.dime.datatype	offset=70	value=2
hdr.dime.bitpix		offset=72	value=8
hdr.hist.orient		offset=252	value=-1
dimensionality     4
dimensions       256       256       256         1
Reading: talsrcimg.img
Writing: talsrcimg.4dfp.img
Writing: talsrcimg.4dfp.ifh
ifh2hdr talsrcimg -r0to249
ori=2

---------------------------------------------------------------------
gauss_4dfp talsrcimg 1.1
---------------------------------------------------------------------

freesurfer gauss_4dfp.c
Reading: talsrcimg.4dfp.img
Writing: talsrcimg_g11.4dfp.img
image dimensions 256 256 256 padded to 288 288 288
processing volume 1freesurfer ifh2hdr.c
Fri Mar  6 22:02:56 2026
Writing: talsrcimg_g11.4dfp.hdr

Writing: talsrcimg_g11.4dfp.ifh
including: talsrcimg.4dfp.img.rec in talsrcimg_g11.4dfp.img.rec

---------------------------------------------------------------------
imgreg_4dfp /opt/freesurfer/average/711-2C_as_mni_average_305 none talsrcimg_g11 none talsrcimg_to_711-2C_as_mni_average_305_t4 4355
---------------------------------------------------------------------

freesurfer imgreg_4dfp.c
/opt/freesurfer/average/711-2C_as_mni_average_305.4dfp.img
       256       256       256         1
  1.000000  1.000000  1.000000
orientation T byte_order littleendian
Reading image: /opt/freesurfer/average/711-2C_as_mni_average_305.4dfp.img
dimensions:      256       256       256
mmppix:       1.0000   -1.0000   -1.0000
center:     128.0000 -129.0000 -129.0000
talsrcimg_g11.4dfp.img
       256       256       256         1
  1.000000  1.000000  1.000000
orientation T byte_order littleendian
Reading image: talsrcimg_g11.4dfp.img
dimensions:      256       256       256
mmppix:       1.0000   -1.0000   -1.0000
center:     128.0000 -129.0000 -129.0000
t4_read: open error in t4_sub.f l:  41 t4_file(1:l)talsrcimg_to_711-2C_as_mni_average_305_t4 
t4_read: transform initialized to I4
rotation matrix determinant  1.000000
image alignment mode   4355 decimal     1103 hex
   -7.5000  -45.0000  -45.0000 9357.0127   13.3460
    0.0000  -45.0000  -45.0000 9783.7539   13.3423
    7.5000  -45.0000  -45.0000 9360.4326   13.3069
   -7.5000  -37.5000  -45.0000 9781.9043   13.3278
    0.0000  -37.5000  -45.000010227.6855   13.3272
    7.5000  -37.5000  -45.0000 9782.0596   13.2939
   -7.5000  -30.0000  -45.000010453.5869   13.2427
    0.0000  -30.0000  -45.000010944.3232   13.2504
    7.5000  -30.0000  -45.000010444.1211   13.2250
   -7.5000  -22.5000  -45.000011059.6143   13.1700
    0.0000  -22.5000  -45.000011600.7920   13.1828
    7.5000  -22.5000  -45.000011069.5840   13.1627
   -7.5000  -15.0000  -45.000011578.6865   13.1112
    0.0000  -15.0000  -45.000012145.7383   13.1214
    7.5000  -15.0000  -45.000011572.9502   13.1002
   -7.5000   -7.5000  -45.000012037.1758   13.0744
    0.0000   -7.5000  -45.000012606.1426   13.0762
    7.5000   -7.5000  -45.000012020.2852   13.0483
   -7.5000    0.0000  -45.000012387.7559   13.0558
    0.0000    0.0000  -45.000012951.1602   13.0512
    7.5000    0.0000  -45.000012363.9004   13.0179
   -7.5000    7.5000  -45.000011764.6572   13.0970
    0.0000    7.5000  -45.000012298.3096   13.0954
    7.5000    7.5000  -45.000011741.9844   13.0639
   -7.5000   15.0000  -45.000011054.2539   13.2155
    0.0000   15.0000  -45.000011586.8809   13.2223
    7.5000   15.0000  -45.000011053.1543   13.1981
   -7.5000   22.5000  -45.000010331.4492   13.3861
    0.0000   22.5000  -45.000010829.8965   13.3981
    7.5000   22.5000  -45.000010314.7451   13.3776
   -7.5000   30.0000  -45.0000 9555.6270   13.4206
    0.0000   30.0000  -45.000010024.5859   13.4325
    7.5000   30.0000  -45.0000 9533.4531   13.4098
   -7.5000   37.5000  -45.0000 9106.1680   13.6646
    0.0000   37.5000  -45.0000 9549.6260   13.6651
    7.5000   37.5000  -45.0000 9089.6943   13.6342
   -7.5000   45.0000  -45.0000 8439.6211   13.6367
    0.0000   45.0000  -45.0000 8846.3281   13.6328
    7.5000   45.0000  -45.0000 8413.4658   13.5958
   -7.5000  -45.0000  -37.5000 9952.1660   13.3415
    0.0000  -45.0000  -37.500010409.3545   13.3308
    7.5000  -45.0000  -37.5000 9964.3174   13.2979
   -7.5000  -37.5000  -37.500010419.8936   13.3246
    0.0000  -37.5000  -37.500010889.8184   13.3176
    7.5000  -37.5000  -37.500010413.9951   13.2872
   -7.5000  -30.0000  -37.500011141.1309   13.2400
    0.0000  -30.0000  -37.500011659.9160   13.2418
    7.5000  -30.0000  -37.500011124.2988   13.2200
   -7.5000  -22.5000  -37.500011776.8477   13.1671
    0.0000  -22.5000  -37.500012347.7783   13.1735
    7.5000  -22.5000  -37.500011784.4004   13.1573
   -7.5000  -15.0000  -37.500012314.1055   13.1072
    0.0000  -15.0000  -37.500012892.1318   13.1102
    7.5000  -15.0000  -37.500012296.4980   13.0921
   -7.5000   -7.5000  -37.500012759.5049   13.0678
    0.0000   -7.5000  -37.500013347.8037   13.0622
    7.5000   -7.5000  -37.500012727.0283   13.0371
   -7.5000    0.0000  -37.500013095.6465   13.0470
    0.0000    0.0000  -37.500013691.8252   13.0357
    7.5000    0.0000  -37.500013070.4102   13.0047
   -7.5000    7.5000  -37.500012415.8379   13.0893
    0.0000    7.5000  -37.500012999.9082   13.0816
    7.5000    7.5000  -37.500012408.6211   13.0527
   -7.5000   15.0000  -37.500011679.7148   13.2080
    0.0000   15.0000  -37.500012243.1289   13.2089
    7.5000   15.0000  -37.500011669.8438   13.1882
   -7.5000   22.5000  -37.500010854.2920   13.3770
    0.0000   22.5000  -37.500011404.9424   13.3823
    7.5000   22.5000  -37.500010857.5234   13.3659
   -7.5000   30.0000  -37.5000 9995.2266   13.4111
    0.0000   30.0000  -37.500010496.4834   13.4151
    7.5000   30.0000  -37.5000 9996.0342   13.3956
   -7.5000   37.5000  -37.5000 9499.7871   13.6529
    0.0000   37.5000  -37.5000 9974.3213   13.6459
    7.5000   37.5000  -37.5000 9508.4033   13.6178
   -7.5000   45.0000  -37.5000 8769.1807   13.6239
    0.0000   45.0000  -37.5000 9209.9443   13.6120
    7.5000   45.0000  -37.5000 8770.5244   13.5771
   -7.5000  -45.0000  -30.000010770.2793   13.8931
    0.0000  -45.0000  -30.000011282.0771   13.8767
    7.5000  -45.0000  -30.000010758.0400   13.8429
   -7.5000  -37.5000  -30.000011265.9775   13.8680
    0.0000  -37.5000  -30.000011783.7793   13.8565
    7.5000  -37.5000  -30.000011252.2197   13.8263
   -7.5000  -30.0000  -30.000012035.4541   13.7707
    0.0000  -30.0000  -30.000012608.5303   13.7685
    7.5000  -30.0000  -30.000012027.8643   13.7487
   -7.5000  -22.5000  -30.000012740.0713   13.6909
    0.0000  -22.5000  -30.000013327.7637   13.6922
    7.5000  -22.5000  -30.000012733.6182   13.6780
   -7.5000  -15.0000  -30.000013312.3818   13.6310
    0.0000  -15.0000  -30.000013922.8340   13.6274
    7.5000  -15.0000  -30.000013275.4785   13.6105
   -7.5000   -7.5000  -30.000013776.0498   13.5945
    0.0000   -7.5000  -30.000014392.3252   13.5824
    7.5000   -7.5000  -30.000013699.8330   13.5569
   -7.5000    0.0000  -30.000014088.5684   13.5733
    0.0000    0.0000  -30.000014746.6279   13.5564
    7.5000    0.0000  -30.000014042.0674   13.5245
   -7.5000    7.5000  -30.000013317.8018   13.6127
    0.0000    7.5000  -30.000013965.2451   13.6007
    7.5000    7.5000  -30.000013301.3574   13.5721
   -7.5000   15.0000  -30.000012524.1201   13.7305
    0.0000   15.0000  -30.000013155.4277   13.7270
    7.5000   15.0000  -30.000012515.8574   13.7082
   -7.5000   22.5000  -30.000011644.6133   13.9021
    0.0000   22.5000  -30.000012221.7734   13.9020
    7.5000   22.5000  -30.000011634.7979   13.8872
   -7.5000   30.0000  -30.000010691.6357   13.9440
    0.0000   30.0000  -30.000011220.2490   13.9414
    7.5000   30.0000  -30.000010697.7373   13.9221
   -7.5000   37.5000  -30.000010114.2695   14.1985
    0.0000   37.5000  -30.000010602.3027   14.1851
    7.5000   37.5000  -30.000010135.0723   14.1549
   -7.5000   45.0000  -30.0000 9314.7539   14.1785
    0.0000   45.0000  -30.0000 9775.1416   14.1602
    7.5000   45.0000  -30.0000 9314.7256   14.1217
   -7.5000  -45.0000  -22.500011562.0039   14.3579
    0.0000  -45.0000  -22.500012092.2031   14.3443
    7.5000  -45.0000  -22.500011531.4404   14.3067
   -7.5000  -37.5000  -22.500012084.6875   14.3218
    0.0000  -37.5000  -22.500012651.7217   14.3136
    7.5000  -37.5000  -22.500012060.4873   14.2808
   -7.5000  -30.0000  -22.500012904.2725   14.2122
    0.0000  -30.0000  -22.500013511.7168   14.2132
    7.5000  -30.0000  -22.500012898.9355   14.1917
   -7.5000  -22.5000  -22.500013641.4717   14.1277
    0.0000  -22.5000  -22.500014266.8486   14.1315
    7.5000  -22.5000  -22.500013636.5996   14.1157
   -7.5000  -15.0000  -22.500014251.4854   14.0698
    0.0000  -15.0000  -22.500014902.4639   14.0682
    7.5000  -15.0000  -22.500014201.3975   14.0489
   -7.5000   -7.5000  -22.500014740.2979   14.0375
    0.0000   -7.5000  -22.500015422.5596   14.0274
    7.5000   -7.5000  -22.500014655.4248   13.9984
   -7.5000    0.0000  -22.500015068.6250   14.0153
    0.0000    0.0000  -22.500015811.9199   14.0009
    7.5000    0.0000  -22.500015002.1045   13.9654
   -7.5000    7.5000  -22.500014233.7070   14.0490
    0.0000    7.5000  -22.500014949.9678   14.0401
    7.5000    7.5000  -22.500014202.4424   14.0088
   -7.5000   15.0000  -22.500013318.5430   14.1648
    0.0000   15.0000  -22.500013991.9189   14.1644
    7.5000   15.0000  -22.500013306.3037   14.1438
   -7.5000   22.5000  -22.500012346.9141   14.3418
    0.0000   22.5000  -22.500012954.0410   14.3442
    7.5000   22.5000  -22.500012333.0117   14.3270
   -7.5000   30.0000  -22.500011331.8496   14.3940
    0.0000   30.0000  -22.500011893.2305   14.3937
    7.5000   30.0000  -22.500011335.7158   14.3709
   -7.5000   37.5000  -22.500010707.0879   14.6602
    0.0000   37.5000  -22.500011231.3984   14.6486
    7.5000   37.5000  -22.500010728.4199   14.6132
   -7.5000   45.0000  -22.5000 9819.9541   14.6479
    0.0000   45.0000  -22.500010305.7002   14.6321
    7.5000   45.0000  -22.5000 9827.4131   14.5876
   -7.5000  -45.0000  -15.000012334.2256   14.6650
    0.0000  -45.0000  -15.000012914.4395   14.6594
    7.5000  -45.0000  -15.000012348.7549   14.6183
   -7.5000  -37.5000  -15.000012868.7295   14.6242
    0.0000  -37.5000  -15.000013473.1924   14.6235
    7.5000  -37.5000  -15.000012876.2471   14.5871
   -7.5000  -30.0000  -15.000013747.2920   14.5113
    0.0000  -30.0000  -15.000014387.0781   14.5193
    7.5000  -30.0000  -15.000013768.5811   14.4938
   -7.5000  -22.5000  -15.000014508.8584   14.4264
    0.0000  -22.5000  -15.000015183.7480   14.4378
    7.5000  -22.5000  -15.000014526.9756   14.4175
   -7.5000  -15.0000  -15.000015144.0957   14.3688
    0.0000  -15.0000  -15.000015866.4932   14.3755
    7.5000  -15.0000  -15.000015093.3877   14.3520
   -7.5000   -7.5000  -15.000015636.4033   14.3367
    0.0000   -7.5000  -15.000016418.2969   14.3348
    7.5000   -7.5000  -15.000015546.4551   14.3019
   -7.5000    0.0000  -15.000016008.4307   14.3130
    0.0000    0.0000  -15.000016828.5430   14.3062
    7.5000    0.0000  -15.000015924.9424   14.2672
   -7.5000    7.5000  -15.000015099.3066   14.3447
    0.0000    7.5000  -15.000015862.4326   14.3429
    7.5000    7.5000  -15.000015029.8115   14.3082
   -7.5000   15.0000  -15.000014121.6162   14.4626
    0.0000   15.0000  -15.000014818.7617   14.4692
    7.5000   15.0000  -15.000014084.0732   14.4446
   -7.5000   22.5000  -15.000013068.1455   14.6458
    0.0000   22.5000  -15.000013699.4482   14.6559
    7.5000   22.5000  -15.000013047.9902   14.6338
   -7.5000   30.0000  -15.000011972.2480   14.7033
    0.0000   30.0000  -15.000012575.6514   14.7118
    7.5000   30.0000  -15.000011981.7617   14.6844
   -7.5000   37.5000  -15.000011306.3613   14.9749
    0.0000   37.5000  -15.000011877.2188   14.9714
    7.5000   37.5000  -15.000011316.4102   14.9316
   -7.5000   45.0000  -15.000010351.0312   14.9673
    0.0000   45.0000  -15.000010874.4502   14.9602
    7.5000   45.0000  -15.000010361.6006   14.9115
   -7.5000  -45.0000   -7.500013099.7070   14.7865
    0.0000  -45.0000   -7.500013758.4453   14.7851
    7.5000  -45.0000   -7.500013135.9785   14.7434
   -7.5000  -37.5000   -7.500013659.7705   14.7525
    0.0000  -37.5000   -7.500014337.0664   14.7547
    7.5000  -37.5000   -7.500013714.9023   14.7164
   -7.5000  -30.0000   -7.500014625.9473   14.6469
    0.0000  -30.0000   -7.500015356.0684   14.6577
    7.5000  -30.0000   -7.500014695.7803   14.6286
   -7.5000  -22.5000   -7.500015459.9619   14.5619
    0.0000  -22.5000   -7.500016220.1357   14.5775
    7.5000  -22.5000   -7.500015503.4805   14.5538
   -7.5000  -15.0000   -7.500016089.8789   14.4969
    0.0000  -15.0000   -7.500016923.9805   14.5092
    7.5000  -15.0000   -7.500016081.3018   14.4835
   -7.5000   -7.5000   -7.500016597.0742   14.4566
    0.0000   -7.5000   -7.500017464.3633   14.4601
    7.5000   -7.5000   -7.500016540.2773   14.4264
   -7.5000    0.0000   -7.500016992.7324   14.4314
    0.0000    0.0000   -7.500017876.7207   14.4287
    7.5000    0.0000   -7.500016907.9023   14.3892
   -7.5000    7.5000   -7.500015989.0723   14.4705
    0.0000    7.5000   -7.500016795.4883   14.4714
    7.5000    7.5000   -7.500015895.2861   14.4348
   -7.5000   15.0000   -7.500014923.6924   14.5966
    0.0000   15.0000   -7.500015663.6777   14.6062
    7.5000   15.0000   -7.500014885.0039   14.5782
   -7.5000   22.5000   -7.500013783.2979   14.7811
    0.0000   22.5000   -7.500014472.8584   14.7956
    7.5000   22.5000   -7.500013784.6260   14.7706
   -7.5000   30.0000   -7.500012640.9062   14.8336
    0.0000   30.0000   -7.500013273.5811   14.8480
    7.5000   30.0000   -7.500012639.5742   14.8193
   -7.5000   37.5000   -7.500011973.9844   15.1003
    0.0000   37.5000   -7.500012575.3281   15.1023
    7.5000   37.5000   -7.500011966.9160   15.0632
   -7.5000   45.0000   -7.500010944.3096   15.0939
    0.0000   45.0000   -7.500011503.3564   15.0918
    7.5000   45.0000   -7.500010939.1553   15.0452
   -7.5000  -45.0000    0.000013716.1104   14.7852
    0.0000  -45.0000    0.000014428.0566   14.7804
    7.5000  -45.0000    0.000013786.9521   14.7408
   -7.5000  -37.5000    0.000014299.5244   14.7584
    0.0000  -37.5000    0.000015044.2441   14.7569
    7.5000  -37.5000    0.000014386.8408   14.7195
   -7.5000  -30.0000    0.000015368.1201   14.6593
    0.0000  -30.0000    0.000016188.6982   14.6669
    7.5000  -30.0000    0.000015462.6211   14.6381
   -7.5000  -22.5000    0.000016331.0479   14.5735
    0.0000  -22.5000    0.000017261.1211   14.5869
    7.5000  -22.5000    0.000016390.9355   14.5638
   -7.5000  -15.0000    0.000017046.8262   14.5026
    0.0000  -15.0000    0.000018053.1406   14.5130
    7.5000  -15.0000    0.000017055.9551   14.4888
   -7.5000   -7.5000    0.000017559.7539   14.4555
    0.0000   -7.5000    0.000018494.8516   14.4566
    7.5000   -7.5000    0.000017505.4805   14.4252
   -7.5000    0.0000    0.000017957.2129   14.4296
    0.0000    0.0000    0.000018814.4785   14.4238
    7.5000    0.0000    0.000017849.7949   14.3862
   -7.5000    7.5000    0.000016864.3828   14.4758
    0.0000    7.5000    0.000017644.3457   14.4733
    7.5000    7.5000    0.000016735.2402   14.4376
   -7.5000   15.0000    0.000015737.8984   14.6073
    0.0000   15.0000    0.000016509.6895   14.6138
    7.5000   15.0000    0.000015630.9727   14.5862
   -7.5000   22.5000    0.000014534.5508   14.7905
    0.0000   22.5000    0.000015286.4834   14.8027
    7.5000   22.5000    0.000014465.6113   14.7791
   -7.5000   30.0000    0.000013303.9258   14.8369
    0.0000   30.0000    0.000014000.5684   14.8491
    7.5000   30.0000    0.000013222.5430   14.8232
   -7.5000   37.5000    0.000012570.1074   15.0981
    0.0000   37.5000    0.000013265.6660   15.0977
    7.5000   37.5000    0.000012529.0684   15.0629
   -7.5000   45.0000    0.000011468.9287   15.0910
    0.0000   45.0000    0.000012097.8975   15.0858
    7.5000   45.0000    0.000011447.9121   15.0442
   -7.5000  -45.0000    7.500013308.1494   14.8353
    0.0000  -45.0000    7.500014006.5381   14.8231
    7.5000  -45.0000    7.500013382.8340   14.7862
   -7.5000  -37.5000    7.500013861.2354   14.8115
    0.0000  -37.5000    7.500014574.9316   14.8033
    7.5000  -37.5000    7.500013933.1016   14.7690
   -7.5000  -30.0000    7.500014905.0830   14.7129
    0.0000  -30.0000    7.500015684.0381   14.7144
    7.5000  -30.0000    7.500014971.4854   14.6898
   -7.5000  -22.5000    7.500015935.8818   14.6276
    0.0000  -22.5000    7.500016918.0762   14.6342
    7.5000  -22.5000    7.500015979.0801   14.6156
   -7.5000  -15.0000    7.500016751.2852   14.5572
    0.0000  -15.0000    7.500017808.0410   14.5599
    7.5000  -15.0000    7.500016747.0996   14.5394
   -7.5000   -7.5000    7.500017274.2129   14.5103
    0.0000   -7.5000    7.500018208.5742   14.5035
    7.5000   -7.5000    7.500017194.9355   14.4753
   -7.5000    0.0000    7.500017582.1758   14.4846
    0.0000    0.0000    7.500018438.0508   14.4716
    7.5000    0.0000    7.500017420.9043   14.4367
   -7.5000    7.5000    7.500016465.2168   14.5317
    0.0000    7.5000    7.500017268.7031   14.5227
    7.5000    7.5000    7.500016252.5850   14.4902
   -7.5000   15.0000    7.500015311.5723   14.6629
    0.0000   15.0000    7.500016109.9639   14.6634
    7.5000   15.0000    7.500015121.7666   14.6398
   -7.5000   22.5000    7.500014130.5264   14.8446
    0.0000   22.5000    7.500014860.8857   14.8499
    7.5000   22.5000    7.500013962.8398   14.8311
   -7.5000   30.0000    7.500012893.7988   14.8917
    0.0000   30.0000    7.500013579.5049   14.8956
    7.5000   30.0000    7.500012755.0918   14.8734
   -7.5000   37.5000    7.500012146.3760   15.1558
    0.0000   37.5000    7.500012814.4189   15.1475
    7.5000   37.5000    7.500012089.2246   15.1157
   -7.5000   45.0000    7.500011067.4443   15.1503
    0.0000   45.0000    7.500011691.2617   15.1366
    7.5000   45.0000    7.500011047.4258   15.0973
   -7.5000  -45.0000   15.000012786.3223   14.9201
    0.0000  -45.0000   15.000013425.4580   14.9028
    7.5000  -45.0000   15.000012851.8623   14.8663
   -7.5000  -37.5000   15.000013328.7832   14.8930
    0.0000  -37.5000   15.000013977.1504   14.8809
    7.5000  -37.5000   15.000013361.8916   14.8484
   -7.5000  -30.0000   15.000014329.4082   14.7886
    0.0000  -30.0000   15.000015008.9043   14.7864
    7.5000  -30.0000   15.000014327.3340   14.7651
   -7.5000  -22.5000   15.000015259.6152   14.7028
    0.0000  -22.5000   15.000016118.0332   14.7045
    7.5000  -22.5000   15.000015263.8350   14.6892
   -7.5000  -15.0000   15.000015978.9092   14.6378
    0.0000  -15.0000   15.000016983.6562   14.6342
    7.5000  -15.0000   15.000015947.8555   14.6159
   -7.5000   -7.5000   15.000016506.6719   14.5968
    0.0000   -7.5000   15.000017528.5039   14.5840
    7.5000   -7.5000   15.000016406.8262   14.5565
   -7.5000    0.0000   15.000016815.8711   14.5726
    0.0000    0.0000   15.000017844.2168   14.5547
    7.5000    0.0000   15.000016640.8105   14.5203
   -7.5000    7.5000   15.000015721.3525   14.6150
    0.0000    7.5000   15.000016668.5469   14.6024
    7.5000    7.5000   15.000015511.8838   14.5715
   -7.5000   15.0000   15.000014600.9355   14.7416
    0.0000   15.0000   15.000015452.6387   14.7381
    7.5000   15.0000   15.000014415.7314   14.7179
   -7.5000   22.5000   15.000013435.7451   14.9227
    0.0000   22.5000   15.000014173.5703   14.9228
    7.5000   22.5000   15.000013303.2207   14.9069
   -7.5000   30.0000   15.000012307.2451   14.9752
    0.0000   30.0000   15.000012942.0215   14.9726
    7.5000   30.0000   15.000012206.9795   14.9517
   -7.5000   37.5000   15.000011633.0371   15.2463
    0.0000   37.5000   15.000012220.7588   15.2321
    7.5000   37.5000   15.000011584.8682   15.1995
   -7.5000   45.0000   15.000010605.2021   15.2429
    0.0000   45.0000   15.000011132.0977   15.2235
    7.5000   45.0000   15.000010569.9619   15.1818
   -7.5000  -45.0000   22.500012152.1289   15.0097
    0.0000  -45.0000   22.500012787.2646   14.9963
    7.5000  -45.0000   22.500012185.0518   14.9571
   -7.5000  -37.5000   22.500012668.7354   14.9746
    0.0000  -37.5000   22.500013305.8193   14.9671
    7.5000  -37.5000   22.500012687.1338   14.9330
   -7.5000  -30.0000   22.500013608.5479   14.8643
    0.0000  -30.0000   22.500014277.1484   14.8664
    7.5000  -30.0000   22.500013608.6523   14.8443
   -7.5000  -22.5000   22.500014460.5498   14.7804
    0.0000  -22.5000   22.500015204.9033   14.7855
    7.5000  -22.5000   22.500014424.4023   14.7693
   -7.5000  -15.0000   22.500015105.4775   14.7232
    0.0000  -15.0000   22.500015859.4922   14.7226
    7.5000  -15.0000   22.500015026.5986   14.7026
   -7.5000   -7.5000   22.500015577.3428   14.6894
    0.0000   -7.5000   22.500016326.4355   14.6797
    7.5000   -7.5000   22.500015470.1758   14.6496
   -7.5000    0.0000   22.500015871.6396   14.6655
    0.0000    0.0000   22.500016639.5859   14.6514
    7.5000    0.0000   22.500015732.7188   14.6144
   -7.5000    7.5000   22.500014888.4727   14.6991
    0.0000    7.5000   22.500015608.1318   14.6908
    7.5000    7.5000   22.500014738.8418   14.6583
   -7.5000   15.0000   22.500013889.4473   14.8188
    0.0000   15.0000   22.500014542.1182   14.8194
    7.5000   15.0000   22.500013723.3438   14.7982
   -7.5000   22.5000   22.500012777.2275   15.0011
    0.0000   22.5000   22.500013369.5039   15.0047
    7.5000   22.5000   22.500012640.0576   14.9870
   -7.5000   30.0000   22.500011694.1807   15.0596
    0.0000   30.0000   22.500012240.6514   15.0604
    7.5000   30.0000   22.500011578.0244   15.0367
   -7.5000   37.5000   22.500011054.3018   15.3368
    0.0000   37.5000   22.500011567.1729   15.3257
    7.5000   37.5000   22.500010973.0742   15.2887
   -7.5000   45.0000   22.500010028.7812   15.3333
    0.0000   45.0000   22.500010507.0273   15.3177
    7.5000   45.0000   22.5000 9992.5283   15.2710
   -7.5000  -45.0000   30.000011401.6523   15.0994
    0.0000  -45.0000   30.000011939.3975   15.0949
    7.5000  -45.0000   30.000011434.3896   15.0528
   -7.5000  -37.5000   30.000011850.2061   15.0618
    0.0000  -37.5000   30.000012389.4424   15.0626
    7.5000  -37.5000   30.000011876.3076   15.0255
   -7.5000  -30.0000   30.000012698.4609   14.9529
    0.0000  -30.0000   30.000013275.0537   14.9628
    7.5000  -30.0000   30.000012711.5625   14.9371
   -7.5000  -22.5000   30.000013484.6846   14.8724
    0.0000  -22.5000   30.000014087.4385   14.8857
    7.5000  -22.5000   30.000013454.2236   14.8656
   -7.5000  -15.0000   30.000014088.0537   14.8184
    0.0000  -15.0000   30.000014706.4424   14.8268
    7.5000  -15.0000   30.000013991.5371   14.8031
   -7.5000   -7.5000   30.000014531.9590   14.7846
    0.0000   -7.5000   30.000015157.4639   14.7840
    7.5000   -7.5000   30.000014425.3916   14.7505
   -7.5000    0.0000   30.000014796.7539   14.7591
    0.0000    0.0000   30.000015439.0752   14.7534
    7.5000    0.0000   30.000014686.1689   14.7135
   -7.5000    7.5000   30.000013881.3623   14.7891
    0.0000    7.5000   30.000014493.7158   14.7887
    7.5000    7.5000   30.000013764.2598   14.7532
   -7.5000   15.0000   30.000012987.6660   14.9087
    0.0000   15.0000   30.000013547.8389   14.9171
    7.5000   15.0000   30.000012842.5186   14.8924
   -7.5000   22.5000   30.000011981.1787   15.0948
    0.0000   22.5000   30.000012490.5625   15.1068
    7.5000   22.5000   30.000011861.4385   15.0848
   -7.5000   30.0000   30.000010957.1230   15.1547
    0.0000   30.0000   30.000011440.8086   15.1650
    7.5000   30.0000   30.000010874.8203   15.1373
   -7.5000   37.5000   30.000010368.0967   15.4324
    0.0000   37.5000   30.000010819.4814   15.4303
    7.5000   37.5000   30.000010304.3516   15.3897
   -7.5000   45.0000   30.0000 9388.5732   15.4273
    0.0000   45.0000   30.0000 9795.2412   15.4213
    7.5000   45.0000   30.0000 9353.1318   15.3713
   -7.5000  -45.0000   37.500010974.9736   15.2328
    0.0000  -45.0000   37.500011457.8652   15.2332
    7.5000  -45.0000   37.500011021.0605   15.1907
   -7.5000  -37.5000   37.500011419.7217   15.2023
    0.0000  -37.5000   37.500011916.5127   15.2067
    7.5000  -37.5000   37.500011452.7832   15.1678
   -7.5000  -30.0000   37.500012221.5371   15.1025
    0.0000  -30.0000   37.500012761.0781   15.1161
    7.5000  -30.0000   37.500012249.4854   15.0869
   -7.5000  -22.5000   37.500012957.7422   15.0244
    0.0000  -22.5000   37.500013554.3887   15.0430
    7.5000  -22.5000   37.500012955.8350   15.0193
   -7.5000  -15.0000   37.500013526.3408   14.9652
    0.0000  -15.0000   37.500014139.2393   14.9802
    7.5000  -15.0000   37.500013493.1914   14.9543
   -7.5000   -7.5000   37.500013956.9814   14.9228
    0.0000   -7.5000   37.500014561.4170   14.9284
    7.5000   -7.5000   37.500013896.1396   14.8941
   -7.5000    0.0000   37.500014216.2480   14.8952
    0.0000    0.0000   37.500014840.3135   14.8943
    7.5000    0.0000   37.500014163.3828   14.8539
   -7.5000    7.5000   37.500013331.9736   14.9314
    0.0000    7.5000   37.500013923.5225   14.9344
    7.5000    7.5000   37.500013266.3555   14.8972
   -7.5000   15.0000   37.500012470.2695   15.0588
    0.0000   15.0000   37.500013014.0820   15.0711
    7.5000   15.0000   37.500012375.5732   15.0429
   -7.5000   22.5000   37.500011520.4277   15.2485
    0.0000   22.5000   37.500012033.8809   15.2659
    7.5000   22.5000   37.500011441.8340   15.2408
   -7.5000   30.0000   37.500010569.0576   15.3027
    0.0000   30.0000   37.500011045.6846   15.3199
    7.5000   30.0000   37.500010510.1113   15.2909
   -7.5000   37.5000   37.500010010.3848   15.5766
    0.0000   37.5000   37.500010462.7266   15.5808
    7.5000   37.5000   37.5000 9957.3887   15.5409
   -7.5000   45.0000   37.5000 9065.4707   15.5712
    0.0000   45.0000   37.5000 9486.7520   15.5711
    7.5000   45.0000   37.5000 9048.1914   15.5232
   -7.5000  -45.0000   45.000010099.1084   15.3684
    0.0000  -45.0000   45.000010542.4102   15.3646
    7.5000  -45.0000   45.000010151.3896   15.3224
   -7.5000  -37.5000   45.000010508.3125   15.3457
    0.0000  -37.5000   45.000010958.5342   15.3456
    7.5000  -37.5000   45.000010540.9512   15.3059
   -7.5000  -30.0000   45.000011223.1016   15.2531
    0.0000  -30.0000   45.000011731.8857   15.2630
    7.5000  -30.0000   45.000011249.8008   15.2324
   -7.5000  -22.5000   45.000011894.4873   15.1751
    0.0000  -22.5000   45.000012431.0049   15.1912
    7.5000  -22.5000   45.000011900.6748   15.1666
   -7.5000  -15.0000   45.000012400.5146   15.1106
    0.0000  -15.0000   45.000012962.4111   15.1236
    7.5000  -15.0000   45.000012378.0391   15.0976
   -7.5000   -7.5000   45.000012779.4131   15.0605
    0.0000   -7.5000   45.000013358.5557   15.0632
    7.5000   -7.5000   45.000012744.5703   15.0296
   -7.5000    0.0000   45.000013032.3574   15.0320
    0.0000    0.0000   45.000013615.1074   15.0272
    7.5000    0.0000   45.000013003.7764   14.9871
   -7.5000    7.5000   45.000012221.3252   15.0754
    0.0000    7.5000   45.000012757.3408   15.0742
    7.5000    7.5000   45.000012186.2656   15.0362
   -7.5000   15.0000   45.000011430.1318   15.2097
    0.0000   15.0000   45.000011948.4170   15.2184
    7.5000   15.0000   45.000011381.5439   15.1890
   -7.5000   22.5000   45.000010561.8613   15.4002
    0.0000   22.5000   45.000011057.7607   15.4150
    7.5000   22.5000   45.000010518.1133   15.3898
   -7.5000   30.0000   45.0000 9690.8613   15.4484
    0.0000   30.0000   45.000010147.1240   15.4632
    7.5000   30.0000   45.0000 9657.8145   15.4353
   -7.5000   37.5000   45.0000 9200.0850   15.7218
    0.0000   37.5000   45.0000 9625.5469   15.7230
    7.5000   37.5000   45.0000 9169.7207   15.6854
   -7.5000   45.0000   45.0000 8362.0596   15.7278
    0.0000   45.0000   45.0000 8738.9004   15.7237
    7.5000   45.0000   45.0000 8347.7852   15.6788

---------------------------------------------------------------------
imgreg_4dfp /opt/freesurfer/average/711-2C_as_mni_average_305 /opt/freesurfer/average/711-2B_as_mni_average_305_mask talsrcimg_g11 none talsrcimg_to_711-2C_as_mni_average_305_t4 4355
---------------------------------------------------------------------

freesurfer imgreg_4dfp.c
/opt/freesurfer/average/711-2C_as_mni_average_305.4dfp.img
       256       256       256         1
  1.000000  1.000000  1.000000
orientation T byte_order littleendian
Reading image: /opt/freesurfer/average/711-2C_as_mni_average_305.4dfp.img
dimensions:      256       256       256
mmppix:       1.0000   -1.0000   -1.0000
center:     128.0000 -129.0000 -129.0000
/opt/freesurfer/average/711-2B_as_mni_average_305_mask.4dfp.img
       256       256       256         1
  1.000000  1.000000  1.000000
orientation T byte_order littleendian
Reading mask: /opt/freesurfer/average/711-2B_as_mni_average_305_mask.4dfp.img (2306576 pixels)
talsrcimg_g11.4dfp.img
       256       256       256         1
  1.000000  1.000000  1.000000
orientation T byte_order littleendian
Reading image: talsrcimg_g11.4dfp.img
dimensions:      256       256       256
mmppix:       1.0000   -1.0000   -1.0000
center:     128.0000 -129.0000 -129.0000
rotation matrix determinant  1.000000
image alignment mode   4355 decimal     1103 hex
   -7.5000  -45.0000  -45.0000 2269.7083   16.5115
    0.0000  -45.0000  -45.0000 2277.4746   16.4952
    7.5000  -45.0000  -45.0000 2264.9934   16.5437
   -7.5000  -37.5000  -45.0000 2312.0127   15.8660
    0.0000  -37.5000  -45.0000 2319.1394   15.8662
    7.5000  -37.5000  -45.0000 2308.8159   15.8859
   -7.5000  -30.0000  -45.0000 2334.8259   15.3423
    0.0000  -30.0000  -45.0000 2348.7803   15.3212
    7.5000  -30.0000  -45.0000 2334.8572   15.3919
   -7.5000  -22.5000  -45.0000 2343.7539   14.9170
    0.0000  -22.5000  -45.0000 2363.2102   14.9131
    7.5000  -22.5000  -45.0000 2345.3997   14.9781
   -7.5000  -15.0000  -45.0000 2342.2329   14.6675
    0.0000  -15.0000  -45.0000 2365.5798   14.5995
    7.5000  -15.0000  -45.0000 2345.0415   14.6613
   -7.5000   -7.5000  -45.0000 2344.3938   14.5770
    0.0000   -7.5000  -45.0000 2364.1223   14.4549
    7.5000   -7.5000  -45.0000 2346.3662   14.5193
   -7.5000    0.0000  -45.0000 2330.7219   14.8039
    0.0000    0.0000  -45.0000 2352.3660   14.6860
    7.5000    0.0000  -45.0000 2336.3813   14.7423
   -7.5000    7.5000  -45.0000 2297.8953   15.3617
    0.0000    7.5000  -45.0000 2319.1013   15.2309
    7.5000    7.5000  -45.0000 2305.5852   15.2939
   -7.5000   15.0000  -45.0000 2248.7192   16.1224
    0.0000   15.0000  -45.0000 2272.9377   16.0134
    7.5000   15.0000  -45.0000 2258.6267   16.0839
   -7.5000   22.5000  -45.0000 2187.0913   17.1777
    0.0000   22.5000  -45.0000 2207.8833   17.0723
    7.5000   22.5000  -45.0000 2195.4690   17.1346
   -7.5000   30.0000  -45.0000 2108.8420   18.6457
    0.0000   30.0000  -45.0000 2127.4507   18.4755
    7.5000   30.0000  -45.0000 2115.1895   18.5671
   -7.5000   37.5000  -45.0000 2015.9357   20.6978
    0.0000   37.5000  -45.0000 2030.6206   20.4694
    7.5000   37.5000  -45.0000 2019.9999   20.5227
   -7.5000   45.0000  -45.0000 1914.8303   23.4891
    0.0000   45.0000  -45.0000 1929.8601   23.2128
    7.5000   45.0000  -45.0000 1918.5494   23.1587
   -7.5000  -45.0000  -37.5000 2364.8628   15.2622
    0.0000  -45.0000  -37.5000 2371.7473   15.2515
    7.5000  -45.0000  -37.5000 2360.1174   15.2419
   -7.5000  -37.5000  -37.5000 2409.2925   14.6456
    0.0000  -37.5000  -37.5000 2418.3086   14.6289
    7.5000  -37.5000  -37.5000 2407.0420   14.6678
   -7.5000  -30.0000  -37.5000 2433.7075   14.2013
    0.0000  -30.0000  -37.5000 2447.0239   14.1768
    7.5000  -30.0000  -37.5000 2431.8044   14.2107
   -7.5000  -22.5000  -37.5000 2443.5774   13.8456
    0.0000  -22.5000  -37.5000 2462.0945   13.7983
    7.5000  -22.5000  -37.5000 2446.4595   13.8781
   -7.5000  -15.0000  -37.5000 2442.8125   13.6306
    0.0000  -15.0000  -37.5000 2464.9727   13.5391
    7.5000  -15.0000  -37.5000 2445.4062   13.6125
   -7.5000   -7.5000  -37.5000 2438.8474   13.5699
    0.0000   -7.5000  -37.5000 2460.9883   13.4497
    7.5000   -7.5000  -37.5000 2444.2239   13.5180
   -7.5000    0.0000  -37.5000 2422.5396   13.7610
    0.0000    0.0000  -37.5000 2441.9236   13.6155
    7.5000    0.0000  -37.5000 2427.7002   13.7015
   -7.5000    7.5000  -37.5000 2389.3157   14.2191
    0.0000    7.5000  -37.5000 2410.3616   14.0576
    7.5000    7.5000  -37.5000 2396.8252   14.1587
   -7.5000   15.0000  -37.5000 2338.3325   14.9071
    0.0000   15.0000  -37.5000 2364.1875   14.7569
    7.5000   15.0000  -37.5000 2347.8972   14.8618
   -7.5000   22.5000  -37.5000 2268.9839   15.8877
    0.0000   22.5000  -37.5000 2294.4187   15.7556
    7.5000   22.5000  -37.5000 2279.0203   15.8522
   -7.5000   30.0000  -37.5000 2187.0708   17.2196
    0.0000   30.0000  -37.5000 2207.1807   17.0862
    7.5000   30.0000  -37.5000 2194.7271   17.1888
   -7.5000   37.5000  -37.5000 2085.6816   19.0675
    0.0000   37.5000  -37.5000 2107.0259   18.8963
    7.5000   37.5000  -37.5000 2092.2324   18.9525
   -7.5000   45.0000  -37.5000 1973.7227   21.5548
    0.0000   45.0000  -37.5000 1995.5371   21.3216
    7.5000   45.0000  -37.5000 1982.1102   21.2976
   -7.5000  -45.0000  -30.0000 2497.4355   14.6679
    0.0000  -45.0000  -30.0000 2512.3833   14.6201
    7.5000  -45.0000  -30.0000 2491.6970   14.6345
   -7.5000  -37.5000  -30.0000 2539.3660   14.0343
    0.0000  -37.5000  -30.0000 2552.8840   13.9772
    7.5000  -37.5000  -30.0000 2538.8496   14.0024
   -7.5000  -30.0000  -30.0000 2571.8901   13.5602
    0.0000  -30.0000  -30.0000 2585.3889   13.5118
    7.5000  -30.0000  -30.0000 2570.1543   13.5534
   -7.5000  -22.5000  -30.0000 2589.8145   13.2708
    0.0000  -22.5000  -30.0000 2606.6089   13.1846
    7.5000  -22.5000  -30.0000 2590.5808   13.2587
   -7.5000  -15.0000  -30.0000 2596.9478   13.0781
    0.0000  -15.0000  -30.0000 2616.8474   12.9650
    7.5000  -15.0000  -30.0000 2594.5066   13.0575
   -7.5000   -7.5000  -30.0000 2592.1902   13.0529
    0.0000   -7.5000  -30.0000 2610.3367   12.9378
    7.5000   -7.5000  -30.0000 2590.2444   13.0142
   -7.5000    0.0000  -30.0000 2572.6931   13.2340
    0.0000    0.0000  -30.0000 2589.2312   13.1108
    7.5000    0.0000  -30.0000 2573.4375   13.1915
   -7.5000    7.5000  -30.0000 2533.1775   13.6642
    0.0000    7.5000  -30.0000 2555.1587   13.5125
    7.5000    7.5000  -30.0000 2538.4717   13.6019
   -7.5000   15.0000  -30.0000 2478.3101   14.2726
    0.0000   15.0000  -30.0000 2505.4160   14.1392
    7.5000   15.0000  -30.0000 2486.4116   14.2225
   -7.5000   22.5000  -30.0000 2406.8711   15.1890
    0.0000   22.5000  -30.0000 2430.8289   15.0606
    7.5000   22.5000  -30.0000 2415.0454   15.1657
   -7.5000   30.0000  -30.0000 2311.8354   16.4770
    0.0000   30.0000  -30.0000 2335.6914   16.3153
    7.5000   30.0000  -30.0000 2320.6685   16.4421
   -7.5000   37.5000  -30.0000 2197.7234   18.2275
    0.0000   37.5000  -30.0000 2217.5039   18.0526
    7.5000   37.5000  -30.0000 2206.2754   18.1094
   -7.5000   45.0000  -30.0000 2079.7542   20.5388
    0.0000   45.0000  -30.0000 2104.5754   20.3543
    7.5000   45.0000  -30.0000 2089.0569   20.3567
   -7.5000  -45.0000  -22.5000 2594.2261   13.9945
    0.0000  -45.0000  -22.5000 2607.1025   13.9189
    7.5000  -45.0000  -22.5000 2589.8047   13.9579
   -7.5000  -37.5000  -22.5000 2640.0830   13.3588
    0.0000  -37.5000  -22.5000 2654.6299   13.2771
    7.5000  -37.5000  -22.5000 2640.9956   13.3393
   -7.5000  -30.0000  -22.5000 2671.6987   12.8799
    0.0000  -30.0000  -22.5000 2688.8423   12.8246
    7.5000  -30.0000  -22.5000 2674.1736   12.8752
   -7.5000  -22.5000  -22.5000 2698.2988   12.6118
    0.0000  -22.5000  -22.5000 2711.5574   12.5276
    7.5000  -22.5000  -22.5000 2702.0845   12.5691
   -7.5000  -15.0000  -22.5000 2711.4451   12.4301
    0.0000  -15.0000  -22.5000 2731.7395   12.3246
    7.5000  -15.0000  -22.5000 2711.6880   12.3743
   -7.5000   -7.5000  -22.5000 2715.5994   12.4216
    0.0000   -7.5000  -22.5000 2733.8906   12.3163
    7.5000   -7.5000  -22.5000 2711.5779   12.3675
   -7.5000    0.0000  -22.5000 2695.0288   12.6181
    0.0000    0.0000  -22.5000 2718.4741   12.5148
    7.5000    0.0000  -22.5000 2696.6887   12.5623
   -7.5000    7.5000  -22.5000 2655.5398   13.0291
    0.0000    7.5000  -22.5000 2682.5989   12.9058
    7.5000    7.5000  -22.5000 2661.5623   12.9615
   -7.5000   15.0000  -22.5000 2591.1106   13.6036
    0.0000   15.0000  -22.5000 2622.5750   13.4609
    7.5000   15.0000  -22.5000 2602.0500   13.5464
   -7.5000   22.5000  -22.5000 2514.5774   14.4450
    0.0000   22.5000  -22.5000 2539.7512   14.3072
    7.5000   22.5000  -22.5000 2524.1687   14.4183
   -7.5000   30.0000  -22.5000 2412.6714   15.6769
    0.0000   30.0000  -22.5000 2435.9414   15.5130
    7.5000   30.0000  -22.5000 2424.5659   15.6278
   -7.5000   37.5000  -22.5000 2289.1104   17.3420
    0.0000   37.5000  -22.5000 2307.7231   17.1682
    7.5000   37.5000  -22.5000 2300.1431   17.2387
   -7.5000   45.0000  -22.5000 2157.3774   19.5520
    0.0000   45.0000  -22.5000 2179.8716   19.3821
    7.5000   45.0000  -22.5000 2165.3074   19.4172
   -7.5000  -45.0000  -15.0000 2657.6116   13.3872
    0.0000  -45.0000  -15.0000 2671.8955   13.2983
    7.5000  -45.0000  -15.0000 2658.6826   13.3614
   -7.5000  -37.5000  -15.0000 2701.9062   12.7298
    0.0000  -37.5000  -15.0000 2716.5500   12.6488
    7.5000  -37.5000  -15.0000 2707.0098   12.7359
   -7.5000  -30.0000  -15.0000 2737.5330   12.2817
    0.0000  -30.0000  -15.0000 2755.9729   12.2065
    7.5000  -30.0000  -15.0000 2743.5142   12.2858
   -7.5000  -22.5000  -15.0000 2773.9214   11.9673
    0.0000  -22.5000  -15.0000 2791.8137   11.8804
    7.5000  -22.5000  -15.0000 2782.7351   11.9522
   -7.5000  -15.0000  -15.0000 2791.4707   11.7707
    0.0000  -15.0000  -15.0000 2818.2151   11.6781
    7.5000  -15.0000  -15.0000 2798.4861   11.7319
   -7.5000   -7.5000  -15.0000 2801.5903   11.7900
    0.0000   -7.5000  -15.0000 2829.1536   11.6910
    7.5000   -7.5000  -15.0000 2803.0598   11.7297
   -7.5000    0.0000  -15.0000 2790.9241   12.0255
    0.0000    0.0000  -15.0000 2819.6135   11.9103
    7.5000    0.0000  -15.0000 2792.3040   11.9573
   -7.5000    7.5000  -15.0000 2749.5125   12.4196
    0.0000    7.5000  -15.0000 2782.0928   12.3038
    7.5000    7.5000  -15.0000 2760.3691   12.3276
   -7.5000   15.0000  -15.0000 2681.6670   12.9588
    0.0000   15.0000  -15.0000 2711.4746   12.8257
    7.5000   15.0000  -15.0000 2694.5906   12.9084
   -7.5000   22.5000  -15.0000 2593.9915   13.7495
    0.0000   22.5000  -15.0000 2618.5618   13.6195
    7.5000   22.5000  -15.0000 2604.3110   13.7178
   -7.5000   30.0000  -15.0000 2479.4456   14.9618
    0.0000   30.0000  -15.0000 2508.4658   14.7905
    7.5000   30.0000  -15.0000 2491.9924   14.9026
   -7.5000   37.5000  -15.0000 2350.3545   16.5874
    0.0000   37.5000  -15.0000 2376.4868   16.3882
    7.5000   37.5000  -15.0000 2361.8386   16.4904
   -7.5000   45.0000  -15.0000 2212.4763   18.7232
    0.0000   45.0000  -15.0000 2233.4712   18.5172
    7.5000   45.0000  -15.0000 2223.7971   18.5911
   -7.5000  -45.0000   -7.5000 2693.7754   12.8406
    0.0000  -45.0000   -7.5000 2713.2009   12.7592
    7.5000  -45.0000   -7.5000 2694.8555   12.8267
   -7.5000  -37.5000   -7.5000 2739.4312   12.1974
    0.0000  -37.5000   -7.5000 2758.4485   12.1299
    7.5000  -37.5000   -7.5000 2749.1543   12.1821
   -7.5000  -30.0000   -7.5000 2787.3860   11.7214
    0.0000  -30.0000   -7.5000 2809.7190   11.6485
    7.5000  -30.0000   -7.5000 2796.9412   11.7295
   -7.5000  -22.5000   -7.5000 2833.2856   11.4223
    0.0000  -22.5000   -7.5000 2858.0691   11.3556
    7.5000  -22.5000   -7.5000 2843.0056   11.4312
   -7.5000  -15.0000   -7.5000 2863.3640   11.2292
    0.0000  -15.0000   -7.5000 2896.6731   11.1054
    7.5000  -15.0000   -7.5000 2871.2053   11.1978
   -7.5000   -7.5000   -7.5000 2879.7290   11.2359
    0.0000   -7.5000   -7.5000 2913.3057   11.1037
    7.5000   -7.5000   -7.5000 2886.5981   11.1804
   -7.5000    0.0000   -7.5000 2869.2927   11.4648
    0.0000    0.0000   -7.5000 2900.0220   11.3223
    7.5000    0.0000   -7.5000 2874.7844   11.3879
   -7.5000    7.5000   -7.5000 2821.0273   11.8497
    0.0000    7.5000   -7.5000 2853.8091   11.7021
    7.5000    7.5000   -7.5000 2828.5378   11.7735
   -7.5000   15.0000   -7.5000 2743.0647   12.3787
    0.0000   15.0000   -7.5000 2777.5464   12.2039
    7.5000   15.0000   -7.5000 2760.4907   12.3314
   -7.5000   22.5000   -7.5000 2643.9622   13.1617
    0.0000   22.5000   -7.5000 2677.4111   12.9855
    7.5000   22.5000   -7.5000 2661.7334   13.1548
   -7.5000   30.0000   -7.5000 2526.9990   14.3546
    0.0000   30.0000   -7.5000 2556.2976   14.1643
    7.5000   30.0000   -7.5000 2534.5583   14.3325
   -7.5000   37.5000   -7.5000 2397.7908   15.9489
    0.0000   37.5000   -7.5000 2423.2588   15.7525
    7.5000   37.5000   -7.5000 2403.4927   15.8710
   -7.5000   45.0000   -7.5000 2248.4834   17.9815
    0.0000   45.0000   -7.5000 2273.1877   17.7770
    7.5000   45.0000   -7.5000 2259.6355   17.8534
   -7.5000  -45.0000    0.0000 2701.6890   12.4793
    0.0000  -45.0000    0.0000 2725.5227   12.3838
    7.5000  -45.0000    0.0000 2710.3772   12.4688
   -7.5000  -37.5000    0.0000 2754.3882   11.8134
    0.0000  -37.5000    0.0000 2774.1345   11.7300
    7.5000  -37.5000    0.0000 2768.1602   11.7942
   -7.5000  -30.0000    0.0000 2813.6567   11.3588
    0.0000  -30.0000    0.0000 2837.1655   11.2692
    7.5000  -30.0000    0.0000 2823.0537   11.3402
   -7.5000  -22.5000    0.0000 2874.0059   11.0864
    0.0000  -22.5000    0.0000 2900.1169   11.0124
    7.5000  -22.5000    0.0000 2883.1162   11.0580
   -7.5000  -15.0000    0.0000 2912.2837   10.9131
    0.0000  -15.0000    0.0000 2953.6680   10.7853
    7.5000  -15.0000    0.0000 2924.1467   10.8702
   -7.5000   -7.5000    0.0000 2938.2375   10.8878
    0.0000   -7.5000    0.0000 2982.4189   10.7216
    7.5000   -7.5000    0.0000 2948.9680   10.8255
   -7.5000    0.0000    0.0000 2926.5947   11.1041
    0.0000    0.0000    0.0000 2968.7632   10.8830
    7.5000    0.0000    0.0000 2932.4324   11.0197
   -7.5000    7.5000    0.0000 2869.4954   11.4901
    0.0000    7.5000    0.0000 2904.0183   11.2593
    7.5000    7.5000    0.0000 2876.8889   11.4130
   -7.5000   15.0000    0.0000 2784.6968   12.0063
    0.0000   15.0000    0.0000 2819.1689   11.7950
    7.5000   15.0000    0.0000 2798.6416   11.9610
   -7.5000   22.5000    0.0000 2677.2422   12.7869
    0.0000   22.5000    0.0000 2711.5071   12.6311
    7.5000   22.5000    0.0000 2694.7603   12.7491
   -7.5000   30.0000    0.0000 2555.4917   13.9607
    0.0000   30.0000    0.0000 2579.6919   13.8164
    7.5000   30.0000    0.0000 2562.0205   13.9106
   -7.5000   37.5000    0.0000 2416.4673   15.5198
    0.0000   37.5000    0.0000 2443.2219   15.3719
    7.5000   37.5000    0.0000 2426.0925   15.4307
   -7.5000   45.0000    0.0000 2266.7354   17.5353
    0.0000   45.0000    0.0000 2293.2957   17.3529
    7.5000   45.0000    0.0000 2278.7800   17.4121
   -7.5000  -45.0000    7.5000 2697.5295   12.3330
    0.0000  -45.0000    7.5000 2715.3174   12.2249
    7.5000  -45.0000    7.5000 2704.3342   12.3215
   -7.5000  -37.5000    7.5000 2753.2771   11.6523
    0.0000  -37.5000    7.5000 2772.3767   11.5398
    7.5000  -37.5000    7.5000 2764.2610   11.6520
   -7.5000  -30.0000    7.5000 2819.7332   11.1746
    0.0000  -30.0000    7.5000 2841.3848   11.0414
    7.5000  -30.0000    7.5000 2828.4170   11.1554
   -7.5000  -22.5000    7.5000 2888.5781   10.9221
    0.0000  -22.5000    7.5000 2911.9202   10.7888
    7.5000  -22.5000    7.5000 2891.7688   10.8884
   -7.5000  -15.0000    7.5000 2941.2410   10.8219
    0.0000  -15.0000    7.5000 2978.1379   10.7167
    7.5000  -15.0000    7.5000 2947.5049   10.7571
   -7.5000   -7.5000    7.5000 2971.5010   10.7992
    0.0000   -7.5000    7.5000 3022.1130   10.6283
    7.5000   -7.5000    7.5000 2977.5127   10.7154
   -7.5000    0.0000    7.5000 2963.6311   10.9238
    0.0000    0.0000    7.5000 3007.1221   10.6975
    7.5000    0.0000    7.5000 2963.6631   10.8339
   -7.5000    7.5000    7.5000 2900.1606   11.2491
    0.0000    7.5000    7.5000 2939.1062   11.0322
    7.5000    7.5000    7.5000 2902.8811   11.1718
   -7.5000   15.0000    7.5000 2800.2725   11.8070
    0.0000   15.0000    7.5000 2835.5938   11.6446
    7.5000   15.0000    7.5000 2813.1638   11.7510
   -7.5000   22.5000    7.5000 2688.4478   12.6236
    0.0000   22.5000    7.5000 2716.9587   12.4911
    7.5000   22.5000    7.5000 2705.1689   12.5717
   -7.5000   30.0000    7.5000 2559.4312   13.7879
    0.0000   30.0000    7.5000 2585.3032   13.6644
    7.5000   30.0000    7.5000 2569.4612   13.7344
   -7.5000   37.5000    7.5000 2418.2034   15.3151
    0.0000   37.5000    7.5000 2445.4160   15.2149
    7.5000   37.5000    7.5000 2429.9590   15.2411
   -7.5000   45.0000    7.5000 2269.1560   17.2687
    0.0000   45.0000    7.5000 2294.8159   17.1746
    7.5000   45.0000    7.5000 2282.2090   17.1798
   -7.5000  -45.0000   15.0000 2679.7954   12.3600
    0.0000  -45.0000   15.0000 2698.7627   12.1940
    7.5000  -45.0000   15.0000 2687.0850   12.3737
   -7.5000  -37.5000   15.0000 2740.0715   11.6989
    0.0000  -37.5000   15.0000 2758.2590   11.5419
    7.5000  -37.5000   15.0000 2748.2805   11.6793
   -7.5000  -30.0000   15.0000 2802.9141   11.2322
    0.0000  -30.0000   15.0000 2822.5261   11.0920
    7.5000  -30.0000   15.0000 2807.8362   11.2137
   -7.5000  -22.5000   15.0000 2866.8882   10.9706
    0.0000  -22.5000   15.0000 2897.3120   10.8384
    7.5000  -22.5000   15.0000 2874.1145   10.9329
   -7.5000  -15.0000   15.0000 2920.3352   10.8346
    0.0000  -15.0000   15.0000 2963.2673   10.7389
    7.5000  -15.0000   15.0000 2926.0435   10.8001
   -7.5000   -7.5000   15.0000 2959.2537   10.8288
    0.0000   -7.5000   15.0000 3005.9124   10.7012
    7.5000   -7.5000   15.0000 2962.7681   10.7754
   -7.5000    0.0000   15.0000 2949.3418   10.9630
    0.0000    0.0000   15.0000 2991.5698   10.8382
    7.5000    0.0000   15.0000 2950.3645   10.8864
   -7.5000    7.5000   15.0000 2889.1177   11.2680
    0.0000    7.5000   15.0000 2925.8132   11.1615
    7.5000    7.5000   15.0000 2893.2122   11.2026
   -7.5000   15.0000   15.0000 2790.5266   11.8499
    0.0000   15.0000   15.0000 2819.7473   11.7402
    7.5000   15.0000   15.0000 2799.3096   11.7903
   -7.5000   22.5000   15.0000 2678.8120   12.6998
    0.0000   22.5000   15.0000 2701.5427   12.5545
    7.5000   22.5000   15.0000 2688.7971   12.6368
   -7.5000   30.0000   15.0000 2550.4690   13.8490
    0.0000   30.0000   15.0000 2570.3413   13.6773
    7.5000   30.0000   15.0000 2564.2649   13.7637
   -7.5000   37.5000   15.0000 2410.0400   15.3521
    0.0000   37.5000   15.0000 2432.4812   15.1914
    7.5000   37.5000   15.0000 2422.7612   15.2416
   -7.5000   45.0000   15.0000 2257.3804   17.2694
    0.0000   45.0000   15.0000 2280.7285   17.1107
    7.5000   45.0000   15.0000 2268.3923   17.1458
   -7.5000  -45.0000   22.5000 2654.6072   12.6144
    0.0000  -45.0000   22.5000 2675.2646   12.4443
    7.5000  -45.0000   22.5000 2662.2148   12.5924
   -7.5000  -37.5000   22.5000 2713.6570   11.9333
    0.0000  -37.5000   22.5000 2732.9021   11.7967
    7.5000  -37.5000   22.5000 2718.5615   11.9145
   -7.5000  -30.0000   22.5000 2771.6499   11.4504
    0.0000  -30.0000   22.5000 2789.7751   11.3160
    7.5000  -30.0000   22.5000 2777.5801   11.4413
   -7.5000  -22.5000   22.5000 2830.4197   11.1794
    0.0000  -22.5000   22.5000 2857.2712   11.0582
    7.5000  -22.5000   22.5000 2841.3330   11.1492
   -7.5000  -15.0000   22.5000 2882.0364   11.0403
    0.0000  -15.0000   22.5000 2915.3418   10.8651
    7.5000  -15.0000   22.5000 2893.5757   10.9912
   -7.5000   -7.5000   22.5000 2916.1311   11.0405
    0.0000   -7.5000   22.5000 2955.8950   10.8264
    7.5000   -7.5000   22.5000 2925.0789   10.9722
   -7.5000    0.0000   22.5000 2904.1731   11.2240
    0.0000    0.0000   22.5000 2940.6973   11.0355
    7.5000    0.0000   22.5000 2911.0374   11.1400
   -7.5000    7.5000   22.5000 2845.2375   11.6069
    0.0000    7.5000   22.5000 2880.9282   11.4401
    7.5000    7.5000   22.5000 2853.7537   11.5339
   -7.5000   15.0000   22.5000 2760.5183   12.1546
    0.0000   15.0000   22.5000 2786.8259   12.0052
    7.5000   15.0000   22.5000 2766.7673   12.1067
   -7.5000   22.5000   22.5000 2648.9626   12.9735
    0.0000   22.5000   22.5000 2669.7539   12.8200
    7.5000   22.5000   22.5000 2654.8560   12.9280
   -7.5000   30.0000   22.5000 2525.7800   14.0843
    0.0000   30.0000   22.5000 2547.0864   13.9191
    7.5000   30.0000   22.5000 2533.0798   14.0257
   -7.5000   37.5000   22.5000 2385.1533   15.5816
    0.0000   37.5000   22.5000 2404.2300   15.3961
    7.5000   37.5000   22.5000 2393.5193   15.4714
   -7.5000   45.0000   22.5000 2232.8240   17.4684
    0.0000   45.0000   22.5000 2253.6609   17.2930
    7.5000   45.0000   22.5000 2245.3296   17.3210
   -7.5000  -45.0000   30.0000 2622.5801   12.9864
    0.0000  -45.0000   30.0000 2640.4358   12.7970
    7.5000  -45.0000   30.0000 2626.9646   12.9809
   -7.5000  -37.5000   30.0000 2677.1628   12.2868
    0.0000  -37.5000   30.0000 2697.1985   12.1015
    7.5000  -37.5000   30.0000 2682.6165   12.2734
   -7.5000  -30.0000   30.0000 2732.6934   11.8142
    0.0000  -30.0000   30.0000 2751.6255   11.6316
    7.5000  -30.0000   30.0000 2740.3760   11.7979
   -7.5000  -22.5000   30.0000 2790.6616   11.5730
    0.0000  -22.5000   30.0000 2813.0820   11.3727
    7.5000  -22.5000   30.0000 2800.1694   11.5213
   -7.5000  -15.0000   30.0000 2832.0386   11.4299
    0.0000  -15.0000   30.0000 2860.6624   11.2219
    7.5000  -15.0000   30.0000 2840.9265   11.3387
   -7.5000   -7.5000   30.0000 2850.5623   11.4640
    0.0000   -7.5000   30.0000 2876.9084   11.2420
    7.5000   -7.5000   30.0000 2858.8101   11.3681
   -7.5000    0.0000   30.0000 2828.5474   11.7220
    0.0000    0.0000   30.0000 2855.4814   11.5107
    7.5000    0.0000   30.0000 2837.8313   11.6120
   -7.5000    7.5000   30.0000 2778.6375   12.0803
    0.0000    7.5000   30.0000 2808.8433   11.9009
    7.5000    7.5000   30.0000 2790.7314   11.9744
   -7.5000   15.0000   30.0000 2702.8887   12.6668
    0.0000   15.0000   30.0000 2726.9629   12.4877
    7.5000   15.0000   30.0000 2706.6016   12.5772
   -7.5000   22.5000   30.0000 2598.5247   13.4489
    0.0000   22.5000   30.0000 2619.3542   13.2835
    7.5000   22.5000   30.0000 2607.7678   13.3856
   -7.5000   30.0000   30.0000 2482.9180   14.5042
    0.0000   30.0000   30.0000 2501.5173   14.3447
    7.5000   30.0000   30.0000 2494.2151   14.4367
   -7.5000   37.5000   30.0000 2348.3892   15.9854
    0.0000   37.5000   30.0000 2363.4783   15.7871
    7.5000   37.5000   30.0000 2359.8921   15.8421
   -7.5000   45.0000   30.0000 2194.3765   17.8247
    0.0000   45.0000   30.0000 2213.8726   17.6391
    7.5000   45.0000   30.0000 2207.4993   17.6690
   -7.5000  -45.0000   37.5000 2574.2656   13.4359
    0.0000  -45.0000   37.5000 2592.9048   13.2016
    7.5000  -45.0000   37.5000 2583.8613   13.4333
   -7.5000  -37.5000   37.5000 2635.9758   12.7519
    0.0000  -37.5000   37.5000 2656.9771   12.5268
    7.5000  -37.5000   37.5000 2642.6177   12.7365
   -7.5000  -30.0000   37.5000 2687.2092   12.2888
    0.0000  -30.0000   37.5000 2710.1108   12.0765
    7.5000  -30.0000   37.5000 2694.3645   12.2730
   -7.5000  -22.5000   37.5000 2732.9756   12.0630
    0.0000  -22.5000   37.5000 2765.1794   11.8489
    7.5000  -22.5000   37.5000 2741.7219   12.0113
   -7.5000  -15.0000   37.5000 2761.2402   11.9683
    0.0000  -15.0000   37.5000 2792.4365   11.7633
    7.5000  -15.0000   37.5000 2773.7620   11.8858
   -7.5000   -7.5000   37.5000 2772.3257   12.0484
    0.0000   -7.5000   37.5000 2795.3643   11.8445
    7.5000   -7.5000   37.5000 2781.4290   11.9517
   -7.5000    0.0000   37.5000 2741.3452   12.3311
    0.0000    0.0000   37.5000 2767.7598   12.1381
    7.5000    0.0000   37.5000 2755.7834   12.2126
   -7.5000    7.5000   37.5000 2693.8513   12.7081
    0.0000    7.5000   37.5000 2720.8484   12.5307
    7.5000    7.5000   37.5000 2705.7754   12.5996
   -7.5000   15.0000   37.5000 2629.0703   13.2733
    0.0000   15.0000   37.5000 2656.1716   13.0864
    7.5000   15.0000   37.5000 2636.9109   13.1721
   -7.5000   22.5000   37.5000 2535.5684   14.0415
    0.0000   22.5000   37.5000 2557.3450   13.8682
    7.5000   22.5000   37.5000 2543.0242   13.9725
   -7.5000   30.0000   37.5000 2427.8823   15.0837
    0.0000   30.0000   37.5000 2448.3125   14.9443
    7.5000   30.0000   37.5000 2437.5652   15.0145
   -7.5000   37.5000   37.5000 2299.8396   16.4942
    0.0000   37.5000   37.5000 2318.7524   16.3479
    7.5000   37.5000   37.5000 2306.0833   16.3919
   -7.5000   45.0000   37.5000 2152.2644   18.3188
    0.0000   45.0000   37.5000 2172.5986   18.1751
    7.5000   45.0000   37.5000 2162.5281   18.2061
   -7.5000  -45.0000   45.0000 2525.0757   14.0758
    0.0000  -45.0000   45.0000 2550.0774   13.8030
    7.5000  -45.0000   45.0000 2540.8000   14.0620
   -7.5000  -37.5000   45.0000 2586.7998   13.3937
    0.0000  -37.5000   45.0000 2608.8430   13.1515
    7.5000  -37.5000   45.0000 2594.0125   13.3822
   -7.5000  -30.0000   45.0000 2626.4744   12.9575
    0.0000  -30.0000   45.0000 2652.7295   12.7314
    7.5000  -30.0000   45.0000 2631.8687   12.9376
   -7.5000  -22.5000   45.0000 2662.8872   12.7397
    0.0000  -22.5000   45.0000 2691.5178   12.5454
    7.5000  -22.5000   45.0000 2668.7241   12.7056
   -7.5000  -15.0000   45.0000 2680.3359   12.6701
    0.0000  -15.0000   45.0000 2708.1570   12.4959
    7.5000  -15.0000   45.0000 2686.6445   12.6104
   -7.5000   -7.5000   45.0000 2683.8022   12.7714
    0.0000   -7.5000   45.0000 2706.4431   12.6066
    7.5000   -7.5000   45.0000 2688.5999   12.6889
   -7.5000    0.0000   45.0000 2650.2048   13.1054
    0.0000    0.0000   45.0000 2674.4065   12.9393
    7.5000    0.0000   45.0000 2663.0627   13.0086
   -7.5000    7.5000   45.0000 2603.1582   13.5104
    0.0000    7.5000   45.0000 2626.8867   13.3607
    7.5000    7.5000   45.0000 2615.6230   13.4157
   -7.5000   15.0000   45.0000 2544.4805   14.0494
    0.0000   15.0000   45.0000 2573.1895   13.8919
    7.5000   15.0000   45.0000 2556.8313   13.9642
   -7.5000   22.5000   45.0000 2469.1172   14.7650
    0.0000   22.5000   45.0000 2494.0669   14.6023
    7.5000   22.5000   45.0000 2476.3318   14.6968
   -7.5000   30.0000   45.0000 2365.4097   15.8077
    0.0000   30.0000   45.0000 2386.4985   15.6548
    7.5000   30.0000   45.0000 2370.7986   15.7036
   -7.5000   37.5000   45.0000 2238.9102   17.2430
    0.0000   37.5000   45.0000 2255.6365   17.1023
    7.5000   37.5000   45.0000 2247.8481   17.1096
   -7.5000   45.0000   45.0000 2103.3372   19.0450
    0.0000   45.0000   45.0000 2115.2517   18.8974
    7.5000   45.0000   45.0000 2112.8562   18.9041

---------------------------------------------------------------------
imgreg_4dfp /opt/freesurfer/average/711-2C_as_mni_average_305 /opt/freesurfer/average/711-2B_as_mni_average_305_mask talsrcimg_g11 none talsrcimg_to_711-2C_as_mni_average_305_t4 1283
---------------------------------------------------------------------

freesurfer imgreg_4dfp.c
/opt/freesurfer/average/711-2C_as_mni_average_305.4dfp.img
       256       256       256         1
  1.000000  1.000000  1.000000
orientation T byte_order littleendian
Reading image: /opt/freesurfer/average/711-2C_as_mni_average_305.4dfp.img
dimensions:      256       256       256
mmppix:       1.0000   -1.0000   -1.0000
center:     128.0000 -129.0000 -129.0000
/opt/freesurfer/average/711-2B_as_mni_average_305_mask.4dfp.img
       256       256       256         1
  1.000000  1.000000  1.000000
orientation T byte_order littleendian
Reading mask: /opt/freesurfer/average/711-2B_as_mni_average_305_mask.4dfp.img (2306576 pixels)
talsrcimg_g11.4dfp.img
       256       256       256         1
  1.000000  1.000000  1.000000
orientation T byte_order littleendian
Reading image: talsrcimg_g11.4dfp.img
dimensions:      256       256       256
mmppix:       1.0000   -1.0000   -1.0000
center:     128.0000 -129.0000 -129.0000
rotation matrix determinant  1.000000
fimgreg.f
image alignment mode   1283 decimal      503 hex
parameters
    0.0000   -7.5000    7.5000    0.0000    0.0000    0.0000
eta,q 0.94846 10.67372
niter,ni,del,rscale     5    3   12.0000    1.2000
parameter  4  1.012021 ->  0.500000 qaram    1.1500
parameters
    0.3684   -5.5978    8.1949   -3.4500   -0.2566    0.2056
eta,q 0.95382 10.52052
  0.0635  0.0617  0.0583  0.0453  0.0520  0.0511
  0.0575  0.0571  0.0546  0.0458  0.0487  0.0487
  0.0524  0.0529  0.0507  0.0474  0.0469  0.0470
  0.0501  0.0497  0.0488  0.0491  0.0462  0.0462
  0.0509  0.0488  0.0502  0.0516  0.0475  0.0465
  0.0546  0.0504  0.0527  0.0553  0.0499  0.0482
  0.0613  0.0529  0.0547  0.0601  0.0525  0.0506
niter,ni,del,rscale     5    3   12.0000    1.2000
parameter  4  0.533824 ->  0.500000 qaram    1.3225
parameters
    0.3612   -4.2898    8.3119   -7.4175    0.6465   -0.0340
eta,q 0.95551 10.55335
  0.0598  0.0568  0.0557  0.0459  0.0525  0.0500
  0.0537  0.0519  0.0513  0.0449  0.0494  0.0478
  0.0487  0.0482  0.0473  0.0447  0.0467  0.0456
  0.0462  0.0462  0.0460  0.0460  0.0448  0.0444
  0.0480  0.0461  0.0476  0.0486  0.0446  0.0453
  0.0533  0.0475  0.0513  0.0516  0.0465  0.0481
  0.0604  0.0504  0.0545  0.0557  0.0495  0.0514
niter,ni,del,rscale     5    3   12.0000    1.2000
parameters
   -0.2099   -2.4408    8.0829  -10.8001    1.1144   -0.6413
eta,q 0.95768 10.54420
  0.0564  0.0571  0.0517  0.0443  0.0499  0.0472
  0.0497  0.0521  0.0479  0.0424  0.0465  0.0447
  0.0455  0.0472  0.0447  0.0428  0.0441  0.0427
  0.0445  0.0443  0.0437  0.0437  0.0426  0.0425
  0.0481  0.0437  0.0449  0.0451  0.0430  0.0437
  0.0542  0.0450  0.0484  0.0486  0.0452  0.0464
  0.0605  0.0478  0.0534  0.0533  0.0481  0.0495
niter,ni,del,rscale     4    3   12.0000    1.2000
parameters
   -0.5601   -1.0214    7.7576  -11.5749    1.5232   -0.9529
eta,q 0.95901 10.53342
  0.0559  0.0544  0.0508  0.0475  0.0488  0.0465
  0.0482  0.0495  0.0459  0.0430  0.0450  0.0440
  0.0434  0.0453  0.0423  0.0406  0.0423  0.0418
  0.0423  0.0421  0.0415  0.0414  0.0410  0.0410
  0.0459  0.0416  0.0435  0.0434  0.0419  0.0420
  0.0515  0.0436  0.0476  0.0454  0.0441  0.0446
  0.0580  0.0472  0.0526  0.0492  0.0467  0.0479
niter,ni,del,rscale     3    3   12.0000    1.2000
parameters
   -0.7230   -0.7943    7.4632  -11.7760    1.7741   -1.0136
eta,q 0.95915 10.52727
  0.0559  0.0513  0.0507  0.0485  0.0484  0.0468
  0.0478  0.0469  0.0459  0.0439  0.0445  0.0442
  0.0424  0.0425  0.0420  0.0407  0.0418  0.0420
  0.0410  0.0409  0.0409  0.0409  0.0408  0.0408
  0.0440  0.0420  0.0429  0.0429  0.0420  0.0416
  0.0497  0.0456  0.0474  0.0447  0.0442  0.0440
  0.0566  0.0501  0.0527  0.0484  0.0469  0.0473
niter,ni,del,rscale     2    3   12.0000    1.2000
parameters
   -0.7907   -0.7479    7.3301  -11.8412    1.8641   -1.0146
eta,q 0.95917 10.52433
  0.0564  0.0508  0.0511  0.0488  0.0481  0.0469
  0.0480  0.0464  0.0463  0.0442  0.0442  0.0443
  0.0424  0.0421  0.0423  0.0408  0.0415  0.0420
  0.0409  0.0408  0.0408  0.0408  0.0408  0.0408
  0.0436  0.0421  0.0424  0.0428  0.0421  0.0416
  0.0493  0.0459  0.0468  0.0446  0.0443  0.0439
  0.0562  0.0507  0.0522  0.0482  0.0472  0.0472
niter,ni,del,rscale     1    3   12.0000    1.2000
parameters
   -0.8134   -0.7413    7.2824  -11.8580    1.8885   -1.0113
eta,q 0.95917 10.52346
  0.0566  0.0508  0.0513  0.0489  0.0479  0.0469
  0.0482  0.0463  0.0466  0.0442  0.0441  0.0443
  0.0424  0.0421  0.0424  0.0408  0.0415  0.0420
  0.0408  0.0408  0.0408  0.0408  0.0408  0.0408
  0.0435  0.0422  0.0422  0.0428  0.0422  0.0415
  0.0491  0.0460  0.0465  0.0446  0.0444  0.0439
  0.0560  0.0508  0.0520  0.0481  0.0473  0.0472
registration optimization eta report
parameter search radius
    6.0000    6.0000    6.0000    7.9350    6.0000    6.0000
100000*second partial in parameter space
       42.       27.       29.       12.       18.       17.
  0.0566  0.0508  0.0513  0.0489  0.0479  0.0469
  0.0482  0.0463  0.0466  0.0442  0.0441  0.0443
  0.0424  0.0421  0.0424  0.0408  0.0415  0.0420
  0.0408  0.0408  0.0408  0.0408  0.0408  0.0408
  0.0435  0.0422  0.0422  0.0428  0.0422  0.0415
  0.0491  0.0460  0.0465  0.0446  0.0444  0.0439
  0.0560  0.0508  0.0520  0.0481  0.0473  0.0472
   -0.8134   -0.7413    7.2824  -11.8580    1.8885   -1.0113
eta,q 0.95917 10.52346

---------------------------------------------------------------------
imgreg_4dfp /opt/freesurfer/average/711-2C_as_mni_average_305 /opt/freesurfer/average/711-2B_as_mni_average_305_mask talsrcimg_g11 none talsrcimg_to_711-2C_as_mni_average_305_t4 3335
---------------------------------------------------------------------

freesurfer imgreg_4dfp.c
/opt/freesurfer/average/711-2C_as_mni_average_305.4dfp.img
       256       256       256         1
  1.000000  1.000000  1.000000
orientation T byte_order littleendian
Reading image: /opt/freesurfer/average/711-2C_as_mni_average_305.4dfp.img
dimensions:      256       256       256
mmppix:       1.0000   -1.0000   -1.0000
center:     128.0000 -129.0000 -129.0000
/opt/freesurfer/average/711-2B_as_mni_average_305_mask.4dfp.img
       256       256       256         1
  1.000000  1.000000  1.000000
orientation T byte_order littleendian
Reading mask: /opt/freesurfer/average/711-2B_as_mni_average_305_mask.4dfp.img (2306576 pixels)
talsrcimg_g11.4dfp.img
       256       256       256         1
  1.000000  1.000000  1.000000
orientation T byte_order littleendian
Reading image: talsrcimg_g11.4dfp.img
dimensions:      256       256       256
mmppix:       1.0000   -1.0000   -1.0000
center:     128.0000 -129.0000 -129.0000
fimgreg.f
image alignment mode   3335 decimal      D07 hex
parameters
   -0.8134   -0.7413    7.2824   -0.0699   -2.1612   -2.1872
    2.4044   -2.8619   -1.7641   20.6025    3.2954  -20.5376
eta,q 0.96028 10.64775
niter,ni,del,rscale     5    3    5.0000    1.2000
parameter  4  1.540312 ->  0.500000 qaram    1.1500
parameter  5  2.794622 ->  0.500000 qaram    1.1500
parameter  6  0.671016 ->  0.500000 qaram    1.1500
parameters
   -0.7411   -0.6398    6.7828   -4.2099   -6.3012   -6.3272
    2.8992   -1.6093   -0.2446   17.3875    1.5656  -17.8624
eta,q 0.96964 10.23149
  0.0422  0.0415  0.0407  0.0355  0.0312  0.0320  0.0337  0.0374  0.0337  0.0315  0.0313  0.0325
  0.0409  0.0406  0.0400  0.0360  0.0328  0.0315  0.0325  0.0349  0.0326  0.0308  0.0308  0.0316
  0.0401  0.0400  0.0397  0.0374  0.0344  0.0318  0.0318  0.0328  0.0318  0.0306  0.0305  0.0309
  0.0397  0.0397  0.0397  0.0396  0.0363  0.0332  0.0315  0.0315  0.0313  0.0311  0.0306  0.0305
  0.0399  0.0398  0.0402  0.0422  0.0384  0.0361  0.0317  0.0313  0.0312  0.0323  0.0310  0.0304
  0.0407  0.0403  0.0409  0.0449  0.0408  0.0397  0.0322  0.0324  0.0315  0.0340  0.0316  0.0304
  0.0420  0.0412  0.0420  0.0478  0.0435  0.0436  0.0331  0.0347  0.0323  0.0360  0.0326  0.0308
niter,ni,del,rscale     7    3    5.0000    1.2000
parameter  5  1.744652 ->  0.500000 qaram    1.3225
parameters
   -0.7137   -1.0468    5.8516   -6.4209  -11.0622   -8.7193
    1.9499   -0.9131   -0.3582   17.0820    2.6352  -18.0448
eta,q 0.97248  9.86564
  0.0339  0.0318  0.0307  0.0319  0.0265  0.0284  0.0294  0.0316  0.0295  0.0296  0.0286  0.0286
  0.0320  0.0308  0.0301  0.0308  0.0271  0.0279  0.0283  0.0297  0.0284  0.0284  0.0281  0.0279
  0.0308  0.0304  0.0300  0.0301  0.0285  0.0278  0.0277  0.0284  0.0277  0.0277  0.0278  0.0276
  0.0304  0.0304  0.0303  0.0300  0.0300  0.0274  0.0277  0.0276  0.0276  0.0276  0.0276  0.0275
  0.0308  0.0308  0.0310  0.0312  0.0316  0.0278  0.0283  0.0276  0.0278  0.0278  0.0275  0.0276
  0.0319  0.0318  0.0320  0.0337  0.0337  0.0300  0.0292  0.0286  0.0285  0.0286  0.0277  0.0280
  0.0337  0.0332  0.0332  0.0366  0.0362  0.0338  0.0304  0.0305  0.0295  0.0299  0.0281  0.0287
niter,ni,del,rscale     7    3    5.0000    1.2000
parameter  5  0.559911 ->  0.500000 qaram    1.5209
parameters
   -0.7615   -1.0601    5.9086   -6.7525  -16.5373   -8.5398
    2.1096   -0.9681   -0.5096   17.3603    2.4238  -18.0314
eta,q 0.97332  9.62502
  0.0307  0.0300  0.0289  0.0302  0.0275  0.0286  0.0290  0.0300  0.0283  0.0290  0.0274  0.0276
  0.0289  0.0286  0.0281  0.0290  0.0268  0.0274  0.0277  0.0283  0.0274  0.0276  0.0270  0.0271
  0.0278  0.0278  0.0276  0.0281  0.0266  0.0269  0.0269  0.0272  0.0268  0.0269  0.0268  0.0268
  0.0275  0.0275  0.0275  0.0275  0.0276  0.0267  0.0267  0.0267  0.0267  0.0267  0.0267  0.0267
  0.0280  0.0278  0.0277  0.0276  0.0292  0.0266  0.0269  0.0270  0.0269  0.0269  0.0268  0.0268
  0.0292  0.0287  0.0280  0.0290  0.0309  0.0269  0.0277  0.0282  0.0275  0.0275  0.0271  0.0271
  0.0309  0.0300  0.0287  0.0311  0.0331  0.0288  0.0288  0.0303  0.0284  0.0285  0.0276  0.0277
niter,ni,del,rscale     7    3    5.0000    1.2000
parameters
   -0.7085   -0.4368    6.2060   -6.5790  -17.1251   -8.3491
    2.0440   -0.9215   -0.5847   18.0709    2.1336  -17.9227
eta,q 0.97346  9.61471
  0.0299  0.0302  0.0280  0.0291  0.0297  0.0285  0.0287  0.0300  0.0281  0.0291  0.0273  0.0275
  0.0282  0.0285  0.0272  0.0279  0.0281  0.0273  0.0275  0.0282  0.0272  0.0277  0.0269  0.0270
  0.0271  0.0274  0.0267  0.0271  0.0271  0.0268  0.0267  0.0271  0.0267  0.0268  0.0266  0.0267
  0.0267  0.0267  0.0265  0.0265  0.0265  0.0265  0.0265  0.0265  0.0265  0.0265  0.0265  0.0265
  0.0270  0.0265  0.0266  0.0265  0.0269  0.0264  0.0269  0.0268  0.0267  0.0267  0.0266  0.0266
  0.0280  0.0269  0.0268  0.0274  0.0287  0.0267  0.0276  0.0280  0.0273  0.0272  0.0269  0.0269
  0.0296  0.0278  0.0274  0.0292  0.0305  0.0287  0.0287  0.0301  0.0282  0.0282  0.0275  0.0275
niter,ni,del,rscale     6    3    5.0000    1.2000
parameters
   -0.6855   -0.2715    6.1927   -6.6464  -17.4623   -8.5549
    1.9872   -0.8132   -0.5157   18.2964    1.9688  -17.9211
eta,q 0.97342  9.58351
  0.0297  0.0291  0.0277  0.0290  0.0298  0.0284  0.0288  0.0301  0.0281  0.0288  0.0274  0.0275
  0.0280  0.0277  0.0270  0.0279  0.0281  0.0274  0.0275  0.0283  0.0272  0.0275  0.0269  0.0270
  0.0269  0.0269  0.0266  0.0271  0.0272  0.0268  0.0268  0.0271  0.0267  0.0268  0.0267  0.0267
  0.0265  0.0265  0.0265  0.0265  0.0265  0.0266  0.0266  0.0266  0.0266  0.0266  0.0266  0.0266
  0.0269  0.0267  0.0267  0.0266  0.0268  0.0265  0.0269  0.0269  0.0268  0.0268  0.0267  0.0267
  0.0279  0.0273  0.0271  0.0276  0.0285  0.0270  0.0277  0.0280  0.0272  0.0274  0.0270  0.0270
  0.0296  0.0284  0.0277  0.0295  0.0303  0.0292  0.0288  0.0300  0.0281  0.0284  0.0275  0.0276
niter,ni,del,rscale     5    3    5.0000    1.2000
parameters
   -0.6547   -0.1812    6.1326   -6.6975  -17.6908   -8.6943
    1.9381   -0.7452   -0.4662   18.4741    1.8293  -17.9338
eta,q 0.97338  9.56355
  0.0297  0.0289  0.0277  0.0290  0.0298  0.0285  0.0288  0.0300  0.0281  0.0287  0.0274  0.0276
  0.0280  0.0276  0.0271  0.0279  0.0282  0.0274  0.0276  0.0283  0.0273  0.0275  0.0270  0.0271
  0.0269  0.0269  0.0267  0.0271  0.0272  0.0268  0.0268  0.0271  0.0268  0.0268  0.0267  0.0267
  0.0266  0.0266  0.0266  0.0266  0.0266  0.0266  0.0266  0.0266  0.0266  0.0266  0.0266  0.0266
  0.0269  0.0268  0.0267  0.0266  0.0268  0.0265  0.0269  0.0269  0.0268  0.0268  0.0267  0.0267
  0.0279  0.0274  0.0271  0.0276  0.0284  0.0270  0.0277  0.0281  0.0272  0.0274  0.0270  0.0270
  0.0295  0.0285  0.0278  0.0295  0.0302  0.0291  0.0288  0.0301  0.0281  0.0285  0.0275  0.0276
niter,ni,del,rscale     4    3    5.0000    1.2000
parameters
   -0.6285   -0.1067    6.0837   -6.7214  -17.8757   -8.8181
    1.8864   -0.6881   -0.4213   18.6259    1.6869  -17.9291
eta,q 0.97334  9.54748
  0.0297  0.0288  0.0278  0.0290  0.0298  0.0285  0.0288  0.0300  0.0281  0.0287  0.0274  0.0276
  0.0280  0.0276  0.0271  0.0279  0.0282  0.0275  0.0276  0.0283  0.0273  0.0275  0.0270  0.0271
  0.0270  0.0269  0.0267  0.0271  0.0272  0.0269  0.0269  0.0271  0.0268  0.0268  0.0267  0.0268
  0.0266  0.0266  0.0266  0.0266  0.0266  0.0266  0.0267  0.0267  0.0267  0.0266  0.0267  0.0267
  0.0270  0.0268  0.0268  0.0267  0.0268  0.0266  0.0270  0.0270  0.0268  0.0269  0.0268  0.0267
  0.0280  0.0275  0.0272  0.0276  0.0284  0.0271  0.0277  0.0281  0.0273  0.0275  0.0270  0.0271
  0.0296  0.0285  0.0278  0.0294  0.0302  0.0291  0.0288  0.0301  0.0281  0.0285  0.0275  0.0277
niter,ni,del,rscale     3    3    5.0000    1.2000
parameters
   -0.6069   -0.0416    6.0408   -6.7555  -18.0396   -8.9295
    1.8429   -0.6365   -0.3657   18.7666    1.5580  -17.9231
eta,q 0.97331  9.53254
  0.0297  0.0288  0.0278  0.0290  0.0298  0.0286  0.0288  0.0301  0.0281  0.0287  0.0275  0.0276
  0.0280  0.0276  0.0272  0.0279  0.0282  0.0275  0.0276  0.0283  0.0273  0.0275  0.0270  0.0272
  0.0270  0.0269  0.0268  0.0272  0.0272  0.0269  0.0269  0.0272  0.0268  0.0269  0.0268  0.0268
  0.0267  0.0267  0.0267  0.0267  0.0267  0.0267  0.0267  0.0267  0.0267  0.0267  0.0267  0.0267
  0.0270  0.0269  0.0268  0.0267  0.0268  0.0266  0.0270  0.0270  0.0268  0.0269  0.0268  0.0268
  0.0280  0.0275  0.0272  0.0277  0.0283  0.0271  0.0277  0.0281  0.0273  0.0275  0.0271  0.0271
  0.0296  0.0285  0.0279  0.0295  0.0302  0.0291  0.0288  0.0301  0.0281  0.0285  0.0275  0.0277
niter,ni,del,rscale     2    3    5.0000    1.2000
parameters
   -0.5876    0.0205    5.9944   -6.7785  -18.1974   -9.0545
    1.7986   -0.5837   -0.3127   18.9012    1.4444  -17.9238
eta,q 0.97328  9.51766
  0.0297  0.0287  0.0278  0.0291  0.0298  0.0286  0.0288  0.0301  0.0281  0.0287  0.0275  0.0277
  0.0281  0.0276  0.0272  0.0280  0.0282  0.0275  0.0277  0.0283  0.0273  0.0275  0.0271  0.0272
  0.0270  0.0269  0.0268  0.0272  0.0272  0.0269  0.0269  0.0272  0.0268  0.0269  0.0268  0.0268
  0.0267  0.0267  0.0267  0.0267  0.0267  0.0267  0.0267  0.0267  0.0267  0.0267  0.0267  0.0267
  0.0270  0.0269  0.0269  0.0267  0.0269  0.0267  0.0270  0.0270  0.0268  0.0269  0.0268  0.0268
  0.0280  0.0275  0.0273  0.0277  0.0283  0.0272  0.0277  0.0282  0.0273  0.0275  0.0271  0.0271
  0.0296  0.0285  0.0279  0.0294  0.0301  0.0291  0.0288  0.0301  0.0281  0.0285  0.0275  0.0277
niter,ni,del,rscale     1    3    5.0000    1.2000
parameters
   -0.5672    0.0831    5.9405   -6.8000  -18.3510   -9.1871
    1.7605   -0.5319   -0.2660   19.0454    1.3320  -17.9307
eta,q 0.97327  9.50276
  0.0297  0.0287  0.0279  0.0291  0.0298  0.0286  0.0288  0.0300  0.0281  0.0287  0.0275  0.0277
  0.0281  0.0276  0.0272  0.0280  0.0282  0.0275  0.0277  0.0284  0.0273  0.0276  0.0271  0.0272
  0.0271  0.0269  0.0268  0.0272  0.0272  0.0269  0.0269  0.0272  0.0269  0.0269  0.0268  0.0269
  0.0267  0.0267  0.0267  0.0267  0.0267  0.0267  0.0267  0.0267  0.0267  0.0267  0.0267  0.0267
  0.0271  0.0269  0.0269  0.0267  0.0269  0.0267  0.0270  0.0270  0.0269  0.0269  0.0268  0.0268
  0.0280  0.0275  0.0273  0.0277  0.0283  0.0272  0.0278  0.0282  0.0273  0.0275  0.0271  0.0272
  0.0296  0.0285  0.0279  0.0294  0.0301  0.0291  0.0288  0.0301  0.0281  0.0285  0.0275  0.0277
registration optimization eta report
parameter search radius
    2.4000    2.4000    2.4000    8.2800   10.9503    8.2800
    7.2000    7.2000    7.2000    7.2000    7.2000    7.2000
100000*second partial in parameter space
       51.       33.       20.        4.        3.        3.
        4.        6.        3.        4.        2.        2.
  0.0297  0.0287  0.0279  0.0291  0.0298  0.0286  0.0288  0.0300  0.0281  0.0287  0.0275  0.0277
  0.0281  0.0276  0.0272  0.0280  0.0282  0.0275  0.0277  0.0284  0.0273  0.0276  0.0271  0.0272
  0.0271  0.0269  0.0268  0.0272  0.0272  0.0269  0.0269  0.0272  0.0269  0.0269  0.0268  0.0269
  0.0267  0.0267  0.0267  0.0267  0.0267  0.0267  0.0267  0.0267  0.0267  0.0267  0.0267  0.0267
  0.0271  0.0269  0.0269  0.0267  0.0269  0.0267  0.0270  0.0270  0.0269  0.0269  0.0268  0.0268
  0.0280  0.0275  0.0273  0.0277  0.0283  0.0272  0.0278  0.0282  0.0273  0.0275  0.0271  0.0272
  0.0296  0.0285  0.0279  0.0294  0.0301  0.0291  0.0288  0.0301  0.0281  0.0285  0.0275  0.0277
   -0.5672    0.0831    5.9405   -6.8000  -18.3510   -9.1871
    1.7605   -0.5319   -0.2660   19.0454    1.3320  -17.9307
eta,q 0.97327  9.50276

---------------------------------------------------------------------
imgreg_4dfp /opt/freesurfer/average/711-2C_as_mni_average_305 /opt/freesurfer/average/711-2B_as_mni_average_305_mask talsrcimg_g11 none talsrcimg_to_711-2C_as_mni_average_305_t4 2311
---------------------------------------------------------------------

freesurfer imgreg_4dfp.c
/opt/freesurfer/average/711-2C_as_mni_average_305.4dfp.img
       256       256       256         1
  1.000000  1.000000  1.000000
orientation T byte_order littleendian
Reading image: /opt/freesurfer/average/711-2C_as_mni_average_305.4dfp.img
dimensions:      256       256       256
mmppix:       1.0000   -1.0000   -1.0000
center:     128.0000 -129.0000 -129.0000
/opt/freesurfer/average/711-2B_as_mni_average_305_mask.4dfp.img
       256       256       256         1
  1.000000  1.000000  1.000000
orientation T byte_order littleendian
Reading mask: /opt/freesurfer/average/711-2B_as_mni_average_305_mask.4dfp.img (2306576 pixels)
talsrcimg_g11.4dfp.img
       256       256       256         1
  1.000000  1.000000  1.000000
orientation T byte_order littleendian
Reading image: talsrcimg_g11.4dfp.img
dimensions:      256       256       256
mmppix:       1.0000   -1.0000   -1.0000
center:     128.0000 -129.0000 -129.0000
fimgreg.f
image alignment mode   2311 decimal      907 hex
parameters
   -0.5672    0.0831    5.9405   -6.8000  -18.3510   -9.1871
    1.7605   -0.5319   -0.2660   19.0454    1.3320  -17.9307
eta,q 0.97327  9.50276
niter,ni,del,rscale     5    3    5.0000    0.8000
parameters
   -0.5554    0.1395    5.8560   -6.0075  -17.5125   -7.8740
    1.6105   -0.4788   -0.3628   19.1194    1.4895  -18.2682
eta,q 0.97347  9.66476
  0.0281  0.0276  0.0272  0.0277  0.0274  0.0272  0.0275  0.0282  0.0271  0.0274  0.0270  0.0269
  0.0273  0.0271  0.0269  0.0273  0.0271  0.0269  0.0269  0.0274  0.0268  0.0269  0.0267  0.0267
  0.0269  0.0268  0.0268  0.0270  0.0269  0.0267  0.0266  0.0268  0.0266  0.0266  0.0266  0.0265
  0.0267  0.0267  0.0267  0.0267  0.0267  0.0266  0.0265  0.0265  0.0265  0.0265  0.0265  0.0265
  0.0269  0.0268  0.0268  0.0266  0.0266  0.0265  0.0267  0.0267  0.0266  0.0266  0.0266  0.0266
  0.0273  0.0270  0.0270  0.0268  0.0267  0.0266  0.0271  0.0272  0.0268  0.0269  0.0267  0.0267
  0.0280  0.0275  0.0273  0.0273  0.0271  0.0268  0.0276  0.0282  0.0272  0.0273  0.0269  0.0270
niter,ni,del,rscale     4    3    5.0000    0.7000
parameters
   -0.6238   -0.0888    5.9883   -5.8558  -16.7070   -7.2051
    1.6948   -0.6321   -0.4517   18.4514    1.7120  -18.7232
eta,q 0.97366  9.74573
  0.0275  0.0270  0.0271  0.0274  0.0272  0.0269  0.0273  0.0277  0.0269  0.0268  0.0267  0.0266
  0.0269  0.0267  0.0268  0.0270  0.0269  0.0267  0.0268  0.0270  0.0266  0.0265  0.0265  0.0264
  0.0266  0.0265  0.0266  0.0267  0.0267  0.0266  0.0265  0.0265  0.0264  0.0264  0.0264  0.0264
  0.0265  0.0265  0.0265  0.0265  0.0265  0.0264  0.0264  0.0264  0.0264  0.0264  0.0264  0.0264
  0.0267  0.0267  0.0265  0.0265  0.0264  0.0264  0.0265  0.0265  0.0265  0.0265  0.0264  0.0264
  0.0271  0.0270  0.0267  0.0268  0.0265  0.0264  0.0268  0.0271  0.0266  0.0268  0.0265  0.0265
  0.0277  0.0274  0.0269  0.0273  0.0269  0.0268  0.0272  0.0280  0.0270  0.0273  0.0267  0.0267
niter,ni,del,rscale     3    3    5.0000    0.6000
parameters
   -0.6915   -0.3122    6.0549   -5.5837  -15.9976   -6.1889
    1.8207   -0.8869   -0.4886   17.9161    1.6425  -19.4008
eta,q 0.97387  9.84265
  0.0271  0.0267  0.0267  0.0271  0.0270  0.0267  0.0269  0.0272  0.0266  0.0266  0.0264  0.0263
  0.0267  0.0265  0.0265  0.0267  0.0268  0.0265  0.0265  0.0266  0.0264  0.0263  0.0263  0.0262
  0.0264  0.0263  0.0264  0.0265  0.0265  0.0264  0.0262  0.0263  0.0262  0.0262  0.0262  0.0261
  0.0263  0.0263  0.0263  0.0263  0.0263  0.0262  0.0262  0.0262  0.0262  0.0262  0.0261  0.0261
  0.0265  0.0265  0.0263  0.0263  0.0262  0.0262  0.0262  0.0263  0.0262  0.0263  0.0262  0.0262
  0.0268  0.0268  0.0264  0.0265  0.0264  0.0262  0.0264  0.0268  0.0264  0.0266  0.0263  0.0263
  0.0273  0.0272  0.0266  0.0269  0.0267  0.0264  0.0268  0.0275  0.0266  0.0270  0.0265  0.0265
niter,ni,del,rscale     2    3    5.0000    0.5000
parameters
   -0.7205   -0.4644    6.0351   -5.3165  -15.5707   -5.7033
    1.9688   -1.0489   -0.3772   17.6824    1.4259  -19.6181
eta,q 0.97396  9.89473
  0.0267  0.0265  0.0264  0.0267  0.0268  0.0265  0.0266  0.0268  0.0264  0.0265  0.0262  0.0262
  0.0264  0.0262  0.0262  0.0264  0.0265  0.0263  0.0263  0.0264  0.0262  0.0262  0.0261  0.0261
  0.0262  0.0261  0.0261  0.0262  0.0262  0.0262  0.0261  0.0261  0.0261  0.0261  0.0261  0.0261
  0.0261  0.0261  0.0261  0.0261  0.0261  0.0261  0.0260  0.0260  0.0260  0.0261  0.0260  0.0260
  0.0262  0.0262  0.0262  0.0261  0.0261  0.0260  0.0261  0.0262  0.0261  0.0261  0.0261  0.0261
  0.0264  0.0264  0.0262  0.0263  0.0262  0.0261  0.0262  0.0265  0.0262  0.0263  0.0262  0.0262
  0.0268  0.0268  0.0264  0.0266  0.0265  0.0264  0.0265  0.0270  0.0264  0.0266  0.0263  0.0263
niter,ni,del,rscale     1    3    5.0000    0.4000
parameters
   -0.7132   -0.5401    6.0260   -5.1257  -15.4314   -5.3685
    2.0468   -1.1260   -0.2914   17.5768    1.2862  -19.7655
eta,q 0.97400  9.92210
  0.0265  0.0263  0.0262  0.0264  0.0265  0.0263  0.0263  0.0265  0.0263  0.0263  0.0261  0.0262
  0.0262  0.0261  0.0261  0.0263  0.0263  0.0262  0.0262  0.0262  0.0261  0.0261  0.0261  0.0261
  0.0261  0.0260  0.0261  0.0261  0.0261  0.0261  0.0260  0.0261  0.0260  0.0260  0.0260  0.0260
  0.0260  0.0260  0.0260  0.0260  0.0260  0.0260  0.0260  0.0260  0.0260  0.0260  0.0260  0.0260
  0.0261  0.0261  0.0261  0.0260  0.0260  0.0260  0.0260  0.0261  0.0260  0.0260  0.0260  0.0260
  0.0262  0.0262  0.0261  0.0261  0.0262  0.0261  0.0261  0.0263  0.0261  0.0262  0.0261  0.0261
  0.0265  0.0264  0.0262  0.0264  0.0264  0.0263  0.0263  0.0266  0.0262  0.0264  0.0262  0.0262
registration optimization eta report
parameter search radius
    0.8000    0.8000    0.8000    2.4000    2.4000    2.4000
    2.4000    2.4000    2.4000    2.4000    2.4000    2.4000
100000*second partial in parameter space
       66.       53.       31.        6.        7.        5.
        5.       10.        4.        6.        3.        3.
  0.0265  0.0263  0.0262  0.0264  0.0265  0.0263  0.0263  0.0265  0.0263  0.0263  0.0261  0.0262
  0.0262  0.0261  0.0261  0.0263  0.0263  0.0262  0.0262  0.0262  0.0261  0.0261  0.0261  0.0261
  0.0261  0.0260  0.0261  0.0261  0.0261  0.0261  0.0260  0.0261  0.0260  0.0260  0.0260  0.0260
  0.0260  0.0260  0.0260  0.0260  0.0260  0.0260  0.0260  0.0260  0.0260  0.0260  0.0260  0.0260
  0.0261  0.0261  0.0261  0.0260  0.0260  0.0260  0.0260  0.0261  0.0260  0.0260  0.0260  0.0260
  0.0262  0.0262  0.0261  0.0261  0.0262  0.0261  0.0261  0.0263  0.0261  0.0262  0.0261  0.0261
  0.0265  0.0264  0.0262  0.0264  0.0264  0.0263  0.0263  0.0266  0.0262  0.0264  0.0262  0.0262
   -0.7132   -0.5401    6.0260   -5.1257  -15.4314   -5.3685
    2.0468   -1.1260   -0.2914   17.5768    1.2862  -19.7655
eta,q 0.97400  9.92210

---------------------------------------------------------------------
imgreg_4dfp /opt/freesurfer/average/711-2C_as_mni_average_305 /opt/freesurfer/average/711-2B_as_mni_average_305_mask talsrcimg_g11 none talsrcimg_to_711-2C_as_mni_average_305_t4 2311
---------------------------------------------------------------------

freesurfer imgreg_4dfp.c
/opt/freesurfer/average/711-2C_as_mni_average_305.4dfp.img
       256       256       256         1
  1.000000  1.000000  1.000000
orientation T byte_order littleendian
Reading image: /opt/freesurfer/average/711-2C_as_mni_average_305.4dfp.img
dimensions:      256       256       256
mmppix:       1.0000   -1.0000   -1.0000
center:     128.0000 -129.0000 -129.0000
/opt/freesurfer/average/711-2B_as_mni_average_305_mask.4dfp.img
       256       256       256         1
  1.000000  1.000000  1.000000
orientation T byte_order littleendian
Reading mask: /opt/freesurfer/average/711-2B_as_mni_average_305_mask.4dfp.img (2306576 pixels)
talsrcimg_g11.4dfp.img
       256       256       256         1
  1.000000  1.000000  1.000000
orientation T byte_order littleendian
Reading image: talsrcimg_g11.4dfp.img
dimensions:      256       256       256
mmppix:       1.0000   -1.0000   -1.0000
center:     128.0000 -129.0000 -129.0000
fimgreg.f
image alignment mode   2311 decimal      907 hex
parameters
   -0.7132   -0.5401    6.0260   -5.1257  -15.4314   -5.3685
    2.0468   -1.1260   -0.2914   17.5768    1.2862  -19.7655
eta,q 0.97400  9.92209
niter,ni,del,rscale     5    3    5.0000    0.8000
parameters
   -0.6950   -0.5799    6.0664   -5.5080  -15.6257   -6.3239
    2.0656   -1.0405   -0.2812   17.8236    1.4620  -19.0935
eta,q 0.97388  9.85681
  0.0277  0.0273  0.0269  0.0271  0.0272  0.0266  0.0273  0.0281  0.0270  0.0274  0.0266  0.0267
  0.0268  0.0266  0.0264  0.0266  0.0267  0.0264  0.0266  0.0271  0.0265  0.0267  0.0264  0.0264
  0.0262  0.0261  0.0261  0.0262  0.0262  0.0262  0.0262  0.0264  0.0262  0.0263  0.0262  0.0262
  0.0260  0.0260  0.0260  0.0260  0.0260  0.0260  0.0261  0.0261  0.0261  0.0261  0.0261  0.0261
  0.0262  0.0262  0.0261  0.0261  0.0262  0.0261  0.0263  0.0263  0.0262  0.0262  0.0262  0.0262
  0.0267  0.0267  0.0264  0.0267  0.0267  0.0267  0.0267  0.0269  0.0265  0.0266  0.0263  0.0263
  0.0276  0.0274  0.0268  0.0277  0.0275  0.0282  0.0272  0.0280  0.0270  0.0271  0.0266  0.0265
niter,ni,del,rscale     4    3    5.0000    0.7000
parameters
   -0.7250   -0.5341    6.0332   -5.4415  -15.6585   -6.3586
    1.9597   -0.9827   -0.3370   17.7778    1.6184  -19.1132
eta,q 0.97388  9.85501
  0.0273  0.0271  0.0266  0.0271  0.0270  0.0266  0.0270  0.0276  0.0268  0.0270  0.0265  0.0265
  0.0266  0.0266  0.0263  0.0266  0.0266  0.0265  0.0265  0.0269  0.0264  0.0265  0.0263  0.0263
  0.0262  0.0262  0.0262  0.0263  0.0263  0.0263  0.0262  0.0263  0.0262  0.0262  0.0262  0.0262
  0.0261  0.0261  0.0261  0.0261  0.0261  0.0261  0.0261  0.0261  0.0261  0.0261  0.0261  0.0261
  0.0263  0.0262  0.0262  0.0261  0.0262  0.0260  0.0263  0.0262  0.0262  0.0262  0.0261  0.0262
  0.0267  0.0265  0.0264  0.0265  0.0266  0.0262  0.0266  0.0267  0.0264  0.0265  0.0263  0.0263
  0.0274  0.0270  0.0267  0.0271  0.0272  0.0269  0.0270  0.0276  0.0268  0.0270  0.0265  0.0265
niter,ni,del,rscale     3    3    5.0000    0.6000
parameters
   -0.7284   -0.5290    6.0127   -5.3536  -15.5680   -6.0394
    1.9595   -1.0247   -0.3666   17.6990    1.5555  -19.3790
eta,q 0.97393  9.87834
  0.0270  0.0268  0.0265  0.0269  0.0269  0.0265  0.0267  0.0272  0.0266  0.0267  0.0264  0.0263
  0.0265  0.0264  0.0263  0.0265  0.0265  0.0264  0.0264  0.0266  0.0263  0.0263  0.0262  0.0262
  0.0262  0.0262  0.0262  0.0263  0.0263  0.0263  0.0261  0.0262  0.0261  0.0261  0.0261  0.0261
  0.0261  0.0261  0.0261  0.0261  0.0261  0.0261  0.0261  0.0261  0.0261  0.0261  0.0261  0.0261
  0.0262  0.0262  0.0262  0.0261  0.0262  0.0260  0.0262  0.0262  0.0261  0.0262  0.0261  0.0261
  0.0265  0.0264  0.0263  0.0264  0.0264  0.0261  0.0264  0.0266  0.0263  0.0264  0.0262  0.0263
  0.0270  0.0268  0.0265  0.0269  0.0269  0.0265  0.0267  0.0273  0.0266  0.0268  0.0264  0.0264
niter,ni,del,rscale     2    3    5.0000    0.5000
parameters
   -0.7236   -0.5415    6.0063   -5.2250  -15.4653   -5.6867
    2.0045   -1.0845   -0.3348   17.6273    1.3950  -19.6139
eta,q 0.97397  9.90395
  0.0267  0.0266  0.0264  0.0266  0.0267  0.0265  0.0265  0.0269  0.0264  0.0265  0.0262  0.0262
  0.0264  0.0263  0.0262  0.0264  0.0264  0.0263  0.0262  0.0264  0.0262  0.0262  0.0261  0.0261
  0.0261  0.0261  0.0261  0.0262  0.0262  0.0262  0.0261  0.0261  0.0261  0.0261  0.0261  0.0260
  0.0261  0.0261  0.0261  0.0261  0.0261  0.0261  0.0260  0.0260  0.0260  0.0260  0.0260  0.0260
  0.0261  0.0261  0.0261  0.0261  0.0261  0.0260  0.0261  0.0261  0.0261  0.0261  0.0261  0.0261
  0.0264  0.0263  0.0262  0.0263  0.0263  0.0261  0.0262  0.0264  0.0262  0.0263  0.0261  0.0262
  0.0267  0.0266  0.0264  0.0266  0.0266  0.0264  0.0265  0.0269  0.0264  0.0266  0.0263  0.0263
niter,ni,del,rscale     1    3    5.0000    0.4000
parameters
   -0.7113   -0.5582    6.0118   -5.0911  -15.3951   -5.3768
    2.0567   -1.1332   -0.2871   17.5658    1.2665  -19.7554
eta,q 0.97400  9.92464
  0.0265  0.0264  0.0262  0.0264  0.0264  0.0263  0.0263  0.0266  0.0263  0.0263  0.0261  0.0262
  0.0262  0.0262  0.0261  0.0262  0.0262  0.0262  0.0261  0.0262  0.0261  0.0261  0.0261  0.0261
  0.0261  0.0260  0.0261  0.0261  0.0261  0.0261  0.0260  0.0261  0.0260  0.0260  0.0260  0.0260
  0.0260  0.0260  0.0260  0.0260  0.0260  0.0260  0.0260  0.0260  0.0260  0.0260  0.0260  0.0260
  0.0261  0.0261  0.0261  0.0260  0.0260  0.0260  0.0260  0.0261  0.0260  0.0260  0.0260  0.0260
  0.0262  0.0262  0.0261  0.0261  0.0262  0.0261  0.0261  0.0263  0.0261  0.0262  0.0261  0.0261
  0.0264  0.0264  0.0262  0.0264  0.0264  0.0263  0.0263  0.0266  0.0262  0.0264  0.0262  0.0262
registration optimization eta report
parameter search radius
    0.8000    0.8000    0.8000    2.4000    2.4000    2.4000
    2.4000    2.4000    2.4000    2.4000    2.4000    2.4000
100000*second partial in parameter space
       66.       54.       32.        6.        7.        5.
        5.       10.        4.        6.        3.        3.
  0.0265  0.0264  0.0262  0.0264  0.0264  0.0263  0.0263  0.0266  0.0263  0.0263  0.0261  0.0262
  0.0262  0.0262  0.0261  0.0262  0.0262  0.0262  0.0261  0.0262  0.0261  0.0261  0.0261  0.0261
  0.0261  0.0260  0.0261  0.0261  0.0261  0.0261  0.0260  0.0261  0.0260  0.0260  0.0260  0.0260
  0.0260  0.0260  0.0260  0.0260  0.0260  0.0260  0.0260  0.0260  0.0260  0.0260  0.0260  0.0260
  0.0261  0.0261  0.0261  0.0260  0.0260  0.0260  0.0260  0.0261  0.0260  0.0260  0.0260  0.0260
  0.0262  0.0262  0.0261  0.0261  0.0262  0.0261  0.0261  0.0263  0.0261  0.0262  0.0261  0.0261
  0.0264  0.0264  0.0262  0.0264  0.0264  0.0263  0.0263  0.0266  0.0262  0.0264  0.0262  0.0262
   -0.7113   -0.5582    6.0118   -5.0911  -15.3951   -5.3768
    2.0567   -1.1332   -0.2871   17.5658    1.2665  -19.7554
eta,q 0.97400  9.92464

---------------------------------------------------------------------
compute_vox2vox talsrcimg talsrcimg_to_711-2C_as_mni_average_305_t4 /opt/freesurfer/average/711-2C_as_mni_average_305
---------------------------------------------------------------------

freesurfer compute_vox2vox.c
Reading: talsrcimg.4dfp.ifh
Reading: talsrcimg_to_711-2C_as_mni_average_305_t4
Reading: /opt/freesurfer/average/711-2C_as_mni_average_305.4dfp.ifh
Writing: talsrcimg_to_711-2C_as_mni_average_305_t4_vox2vox.txt

start time Fri Mar 6 22:02:54 CET 2026
end		time Fri Mar 6 22:04:24 CET 2026

mpr2mni305 success

avi2talxfm orig_nu.mgz /opt/freesurfer/average/mni305.cor.mgz talsrcimg_to_711-2C_as_mni_average_305_t4_vox2vox.txt transforms/talairach.auto.xfm
avi2talxfm done
mv -f /out/sourcedata/freesurfer/sub-v1s13x0050005_ses-1/mri/talsrcimg_to_711-2C_as_mni_average_305_t4_vox2vox.txt /out/sourcedata/freesurfer/sub-v1s13x0050005_ses-1/mri/transforms/talsrcimg_to_711-2C_as_mni_average_305_t4_vox2vox.txt
lta_convert --src orig_nu.mgz --trg /opt/freesurfer/average/mni305.cor.mgz --inxfm transforms/talairach.auto.xfm --outlta transforms/talairach.auto.xfm.lta --subject fsaverage
7.3.2

--src: orig_nu.mgz src image (geometry).
--trg: /opt/freesurfer/average/mni305.cor.mgz trg image (geometry).
--inmni: transforms/talairach.auto.xfm input MNI/XFM transform.
--outlta: transforms/talairach.auto.xfm.lta output LTA.
--s: fsaverage subject name
 LTA read, type : 1
 1.05335   0.01665  -0.02172  -0.01860;
-0.01280   1.01271   0.23678  -5.89967;
 0.00623  -0.21021   1.13273   7.21875;
 0.00000   0.00000   0.00000   1.00000;
setting subject to fsaverage
Writing  LTA to file transforms/talairach.auto.xfm.lta...
lta_convert successful.
 
 
Started at Fri Mar 6 22:02:53 CET 2026
Ended   at Fri Mar  6 22:04:24 CET 2026
talairach_avi done
