/out/sourcedata/freesurfer/sub-v1s11x0050164_ses-1/mri
/opt/freesurfer/bin/talairach_avi
--i orig_nu.mgz --xfm transforms/talairach.auto.xfm
talairach_avi 7.3.2
Linux dna078 5.14.0-427.37.1.el9_4.x86_64 #1 SMP PREEMPT_DYNAMIC Fri Sep 13 12:41:50 EDT 2024 x86_64 x86_64 x86_64 GNU/Linux
Fri Mar  6 18:32:38 CET 2026
mri_convert orig_nu.mgz talsrcimg.img 
reading from orig_nu.mgz...
TR=0.00, TE=0.00, TI=0.00, flip angle=0.00
i_ras = (-1, 2.32831e-10, 0)
j_ras = (0, 0, -1)
k_ras = (2.76486e-10, 1, 5.82077e-11)
writing to talsrcimg.img...
Analyze Output Matrix
-1.00000   0.00000   0.00000   135.69507;
 0.00000   0.00000   1.00000  -123.41059;
 0.00000  -1.00000   0.00000   136.92128;
 0.00000   0.00000   0.00000   1.00000;
--------------------
INFO: set hdr.hist.orient to -1
mpr2mni305 talsrcimg
Fri Mar  6 18:32:38 CET 2026
/opt/freesurfer/bin/mpr2mni305 talsrcimg
mpr2mni305 7.3.2
target=711-2C_as_mni_average_305

---------------------------------------------------------------------
analyzeto4dfp talsrcimg -O0 -y
---------------------------------------------------------------------

freesurfer ifh2hdr.c
Fri Mar  6 18:32:38 2026
Writing: talsrcimg.4dfp.hdr
freesurfer analyzeto4dfp.c
Reading: talsrcimg.hdr
header size 348 bytes
hdr.dime.datatype	offset=70	value=2
hdr.dime.bitpix		offset=72	value=8
hdr.hist.orient		offset=252	value=-1
dimensionality     4
dimensions       256       256       256         1
Reading: talsrcimg.img
Writing: talsrcimg.4dfp.img
Writing: talsrcimg.4dfp.ifh
ifh2hdr talsrcimg -r0to218
ori=2

---------------------------------------------------------------------
gauss_4dfp talsrcimg 1.1
---------------------------------------------------------------------

freesurfer gauss_4dfp.c
Reading: talsrcimg.4dfp.img
Writing: talsrcimg_g11.4dfp.img
image dimensions 256 256 256 padded to 288 288 288
processing volume 1freesurfer ifh2hdr.c
Fri Mar  6 18:32:40 2026
Writing: talsrcimg_g11.4dfp.hdr

Writing: talsrcimg_g11.4dfp.ifh
including: talsrcimg.4dfp.img.rec in talsrcimg_g11.4dfp.img.rec

---------------------------------------------------------------------
imgreg_4dfp /opt/freesurfer/average/711-2C_as_mni_average_305 none talsrcimg_g11 none talsrcimg_to_711-2C_as_mni_average_305_t4 4355
---------------------------------------------------------------------

freesurfer imgreg_4dfp.c
/opt/freesurfer/average/711-2C_as_mni_average_305.4dfp.img
       256       256       256         1
  1.000000  1.000000  1.000000
orientation T byte_order littleendian
Reading image: /opt/freesurfer/average/711-2C_as_mni_average_305.4dfp.img
dimensions:      256       256       256
mmppix:       1.0000   -1.0000   -1.0000
center:     128.0000 -129.0000 -129.0000
talsrcimg_g11.4dfp.img
       256       256       256         1
  1.000000  1.000000  1.000000
orientation T byte_order littleendian
Reading image: talsrcimg_g11.4dfp.img
dimensions:      256       256       256
mmppix:       1.0000   -1.0000   -1.0000
center:     128.0000 -129.0000 -129.0000
t4_read: open error in t4_sub.f l:  41 t4_file(1:l)talsrcimg_to_711-2C_as_mni_average_305_t4 
t4_read: transform initialized to I4
rotation matrix determinant  1.000000
image alignment mode   4355 decimal     1103 hex
   -7.5000  -45.0000  -45.0000 7686.6973   16.9396
    0.0000  -45.0000  -45.0000 8045.3257   16.9465
    7.5000  -45.0000  -45.0000 7749.4614   16.9394
   -7.5000  -37.5000  -45.0000 8249.9824   16.8809
    0.0000  -37.5000  -45.0000 8622.5586   16.8803
    7.5000  -37.5000  -45.0000 8277.5137   16.8669
   -7.5000  -30.0000  -45.0000 9115.3418   16.8424
    0.0000  -30.0000  -45.0000 9512.4941   16.8315
    7.5000  -30.0000  -45.0000 9127.8008   16.8178
   -7.5000  -22.5000  -45.0000 9885.9814   16.8266
    0.0000  -22.5000  -45.000010307.8252   16.8151
    7.5000  -22.5000  -45.0000 9896.6963   16.8076
   -7.5000  -15.0000  -45.000010524.1406   16.8307
    0.0000  -15.0000  -45.000010985.1836   16.8266
    7.5000  -15.0000  -45.000010547.7734   16.8267
   -7.5000   -7.5000  -45.000011128.2383   16.8497
    0.0000   -7.5000  -45.000011610.3955   16.8542
    7.5000   -7.5000  -45.000011138.7412   16.8538
   -7.5000    0.0000  -45.000011632.9844   16.8626
    0.0000    0.0000  -45.000012161.9150   16.8700
    7.5000    0.0000  -45.000011670.6201   16.8620
   -7.5000    7.5000  -45.000011303.3047   16.8546
    0.0000    7.5000  -45.000011808.0557   16.8539
    7.5000    7.5000  -45.000011327.2969   16.8398
   -7.5000   15.0000  -45.000010921.9062   16.8377
    0.0000   15.0000  -45.000011386.7842   16.8266
    7.5000   15.0000  -45.000010936.6494   16.8126
   -7.5000   22.5000  -45.000010372.6465   16.8243
    0.0000   22.5000  -45.000010811.0303   16.8128
    7.5000   22.5000  -45.000010386.1826   16.8053
   -7.5000   30.0000  -45.0000 9684.8438   16.6064
    0.0000   30.0000  -45.000010099.9316   16.6023
    7.5000   30.0000  -45.0000 9684.8867   16.6025
   -7.5000   37.5000  -45.0000 9186.2842   16.6252
    0.0000   37.5000  -45.0000 9534.9033   16.6296
    7.5000   37.5000  -45.0000 9148.2109   16.6292
   -7.5000   45.0000  -45.0000 8317.7373   16.2154
    0.0000   45.0000  -45.0000 8616.5293   16.2225
    7.5000   45.0000  -45.0000 8276.4971   16.2148
   -7.5000  -45.0000  -37.5000 8229.8818   16.9137
    0.0000  -45.0000  -37.5000 8611.3037   16.9249
    7.5000  -45.0000  -37.5000 8260.1816   16.9204
   -7.5000  -37.5000  -37.5000 8840.4072   16.8537
    0.0000  -37.5000  -37.5000 9236.6992   16.8579
    7.5000  -37.5000  -37.5000 8821.6318   16.8468
   -7.5000  -30.0000  -37.5000 9733.2139   16.8112
    0.0000  -30.0000  -37.500010158.5693   16.8036
    7.5000  -30.0000  -37.5000 9707.4316   16.7903
   -7.5000  -22.5000  -37.500010536.4922   16.7937
    0.0000  -22.5000  -37.500010991.0469   16.7828
    7.5000  -22.5000  -37.500010515.1113   16.7746
   -7.5000  -15.0000  -37.500011209.4922   16.8000
    0.0000  -15.0000  -37.500011695.1758   16.7954
    7.5000  -15.0000  -37.500011197.9561   16.7949
   -7.5000   -7.5000  -37.500011809.7256   16.8219
    0.0000   -7.5000  -37.500012317.6504   16.8279
    7.5000   -7.5000  -37.500011810.6055   16.8286
   -7.5000    0.0000  -37.500012323.7969   16.8364
    0.0000    0.0000  -37.500012878.2510   16.8480
    7.5000    0.0000  -37.500012347.9756   16.8426
   -7.5000    7.5000  -37.500011979.7578   16.8272
    0.0000    7.5000  -37.500012489.0732   16.8312
    7.5000    7.5000  -37.500011956.6465   16.8195
   -7.5000   15.0000  -37.500011541.9912   16.8064
    0.0000   15.0000  -37.500012011.0645   16.7986
    7.5000   15.0000  -37.500011534.4746   16.7851
   -7.5000   22.5000  -37.500010952.9238   16.7914
    0.0000   22.5000  -37.500011408.7998   16.7804
    7.5000   22.5000  -37.500010937.3467   16.7722
   -7.5000   30.0000  -37.500010204.6992   16.5761
    0.0000   30.0000  -37.500010634.6699   16.5716
    7.5000   30.0000  -37.500010185.2832   16.5711
   -7.5000   37.5000  -37.5000 9660.4580   16.5977
    0.0000   37.5000  -37.500010041.1924   16.6036
    7.5000   37.5000  -37.5000 9632.7441   16.6043
   -7.5000   45.0000  -37.5000 8738.1416   16.1902
    0.0000   45.0000  -37.5000 9073.3965   16.2014
    7.5000   45.0000  -37.5000 8702.5732   16.1962
   -7.5000  -45.0000  -30.0000 8901.0664   17.6340
    0.0000  -45.0000  -30.0000 9303.0254   17.6476
    7.5000  -45.0000  -30.0000 8913.2910   17.6448
   -7.5000  -37.5000  -30.0000 9514.2158   17.5748
    0.0000  -37.5000  -30.0000 9939.4902   17.5821
    7.5000  -37.5000  -30.0000 9495.0400   17.5724
   -7.5000  -30.0000  -30.000010454.0361   17.5277
    0.0000  -30.0000  -30.000010914.1992   17.5243
    7.5000  -30.0000  -30.000010413.0449   17.5128
   -7.5000  -22.5000  -30.000011311.6309   17.5044
    0.0000  -22.5000  -30.000011791.1426   17.4975
    7.5000  -22.5000  -30.000011274.5195   17.4919
   -7.5000  -15.0000  -30.000012012.0234   17.5084
    0.0000  -15.0000  -30.000012544.3633   17.5071
    7.5000  -15.0000  -30.000011993.0664   17.5092
   -7.5000   -7.5000  -30.000012665.0869   17.5326
    0.0000   -7.5000  -30.000013211.8447   17.5414
    7.5000   -7.5000  -30.000012628.6055   17.5440
   -7.5000    0.0000  -30.000013230.4072   17.5530
    0.0000    0.0000  -30.000013799.2080   17.5670
    7.5000    0.0000  -30.000013198.5156   17.5632
   -7.5000    7.5000  -30.000012829.1338   17.5470
    0.0000    7.5000  -30.000013371.6133   17.5541
    7.5000    7.5000  -30.000012783.0020   17.5437
   -7.5000   15.0000  -30.000012323.0459   17.5226
    0.0000   15.0000  -30.000012831.4580   17.5190
    7.5000   15.0000  -30.000012281.4746   17.5073
   -7.5000   22.5000  -30.000011689.0713   17.5002
    0.0000   22.5000  -30.000012161.3447   17.4933
    7.5000   22.5000  -30.000011623.9326   17.4877
   -7.5000   30.0000  -30.000010862.2373   17.2767
    0.0000   30.0000  -30.000011301.1328   17.2755
    7.5000   30.0000  -30.000010812.6299   17.2775
   -7.5000   37.5000  -30.000010275.8389   17.3006
    0.0000   37.5000  -30.000010683.8799   17.3093
    7.5000   37.5000  -30.000010217.2129   17.3118
   -7.5000   45.0000  -30.0000 9279.8789   16.8917
    0.0000   45.0000  -30.0000 9641.5117   16.9051
    7.5000   45.0000  -30.0000 9246.7871   16.9015
   -7.5000  -45.0000  -22.5000 9545.2031   18.2635
    0.0000  -45.0000  -22.5000 9989.1660   18.2742
    7.5000  -45.0000  -22.5000 9573.9658   18.2704
   -7.5000  -37.5000  -22.500010176.3750   18.2084
    0.0000  -37.5000  -22.500010645.6484   18.2133
    7.5000  -37.5000  -22.500010168.1943   18.2021
   -7.5000  -30.0000  -22.500011150.3174   18.1623
    0.0000  -30.0000  -22.500011655.6260   18.1605
    7.5000  -30.0000  -22.500011121.0195   18.1500
   -7.5000  -22.5000  -22.500012029.2432   18.1350
    0.0000  -22.5000  -22.500012563.8818   18.1334
    7.5000  -22.5000  -22.500012008.7139   18.1310
   -7.5000  -15.0000  -22.500012775.1777   18.1329
    0.0000  -15.0000  -22.500013348.2451   18.1369
    7.5000  -15.0000  -22.500012745.2197   18.1418
   -7.5000   -7.5000  -22.500013469.1074   18.1549
    0.0000   -7.5000  -22.500014067.2627   18.1650
    7.5000   -7.5000  -22.500013422.7744   18.1686
   -7.5000    0.0000  -22.500014079.8916   18.1797
    0.0000    0.0000  -22.500014719.9795   18.1908
    7.5000    0.0000  -22.500014045.0000   18.1860
   -7.5000    7.5000  -22.500013650.5996   18.1796
    0.0000    7.5000  -22.500014279.9111   18.1843
    7.5000    7.5000  -22.500013605.2988   18.1724
   -7.5000   15.0000  -22.500013076.9375   18.1571
    0.0000   15.0000  -22.500013634.2393   18.1550
    7.5000   15.0000  -22.500013013.9189   18.1443
   -7.5000   22.5000  -22.500012369.9180   18.1294
    0.0000   22.5000  -22.500012886.2676   18.1278
    7.5000   22.5000  -22.500012292.2188   18.1254
   -7.5000   30.0000  -22.500011467.0635   17.8957
    0.0000   30.0000  -22.500011955.5010   17.8997
    7.5000   30.0000  -22.500011419.8418   17.9045
   -7.5000   37.5000  -22.500010860.7314   17.9175
    0.0000   37.5000  -22.500011308.2568   17.9274
    7.5000   37.5000  -22.500010790.8359   17.9310
   -7.5000   45.0000  -22.5000 9824.5244   17.5079
    0.0000   45.0000  -22.500010201.3047   17.5187
    7.5000   45.0000  -22.5000 9765.4277   17.5140
   -7.5000  -45.0000  -15.000010205.6846   18.7152
    0.0000  -45.0000  -15.000010693.0234   18.7208
    7.5000  -45.0000  -15.000010238.6592   18.7146
   -7.5000  -37.5000  -15.000010869.7930   18.6615
    0.0000  -37.5000  -15.000011378.0459   18.6607
    7.5000  -37.5000  -15.000010872.7480   18.6474
   -7.5000  -30.0000  -15.000011879.2490   18.6197
    0.0000  -30.0000  -15.000012420.0771   18.6144
    7.5000  -30.0000  -15.000011872.4502   18.6041
   -7.5000  -22.5000  -15.000012766.6328   18.5933
    0.0000  -22.5000  -15.000013354.1104   18.5918
    7.5000  -22.5000  -15.000012764.8291   18.5910
   -7.5000  -15.0000  -15.000013523.3643   18.5873
    0.0000  -15.0000  -15.000014141.7598   18.5926
    7.5000  -15.0000  -15.000013525.2695   18.5989
   -7.5000   -7.5000  -15.000014226.7715   18.6061
    0.0000   -7.5000  -15.000014874.3477   18.6145
    7.5000   -7.5000  -15.000014244.5938   18.6176
   -7.5000    0.0000  -15.000014895.7461   18.6298
    0.0000    0.0000  -15.000015582.0518   18.6359
    7.5000    0.0000  -15.000014880.1865   18.6287
   -7.5000    7.5000  -15.000014434.8135   18.6322
    0.0000    7.5000  -15.000015131.3975   18.6312
    7.5000    7.5000  -15.000014401.7969   18.6172
   -7.5000   15.0000  -15.000013799.7090   18.6145
    0.0000   15.0000  -15.000014446.0322   18.6090
    7.5000   15.0000  -15.000013744.4092   18.5983
   -7.5000   22.5000  -15.000013068.5537   18.5867
    0.0000   22.5000  -15.000013626.4521   18.5852
    7.5000   22.5000  -15.000012967.4707   18.5843
   -7.5000   30.0000  -15.000012093.1182   18.3468
    0.0000   30.0000  -15.000012617.0146   18.3520
    7.5000   30.0000  -15.000012028.0332   18.3582
   -7.5000   37.5000  -15.000011442.9395   18.3653
    0.0000   37.5000  -15.000011929.4395   18.3736
    7.5000   37.5000  -15.000011354.6738   18.3767
   -7.5000   45.0000  -15.000010314.5957   17.9523
    0.0000   45.0000  -15.000010732.9531   17.9581
    7.5000   45.0000  -15.000010242.5117   17.9512
   -7.5000  -45.0000   -7.500010891.6670   18.9240
    0.0000  -45.0000   -7.500011403.2988   18.9282
    7.5000  -45.0000   -7.500010920.2715   18.9201
   -7.5000  -37.5000   -7.500011567.2256   18.8650
    0.0000  -37.5000   -7.500012114.7402   18.8614
    7.5000  -37.5000   -7.500011596.6299   18.8467
   -7.5000  -30.0000   -7.500012630.1885   18.8245
    0.0000  -30.0000   -7.500013214.6602   18.8138
    7.5000  -30.0000   -7.500012648.4580   18.8012
   -7.5000  -22.5000   -7.500013530.3594   18.8029
    0.0000  -22.5000   -7.500014141.8809   18.7952
    7.5000  -22.5000   -7.500013566.8672   18.7917
   -7.5000  -15.0000   -7.500014275.7490   18.8009
    0.0000  -15.0000   -7.500014922.1025   18.8014
    7.5000  -15.0000   -7.500014336.6787   18.8054
   -7.5000   -7.5000   -7.500014975.3057   18.8196
    0.0000   -7.5000   -7.500015630.9395   18.8252
    7.5000   -7.5000   -7.500015052.0781   18.8265
   -7.5000    0.0000   -7.500015677.3750   18.8381
    0.0000    0.0000   -7.500016402.0039   18.8429
    7.5000    0.0000   -7.500015740.3262   18.8338
   -7.5000    7.5000   -7.500015221.9141   18.8356
    0.0000    7.5000   -7.500015930.3008   18.8319
    7.5000    7.5000   -7.500015224.9551   18.8165
   -7.5000   15.0000   -7.500014559.7236   18.8192
    0.0000   15.0000   -7.500015208.3408   18.8083
    7.5000   15.0000   -7.500014493.3643   18.7954
   -7.5000   22.5000   -7.500013744.5137   18.7942
    0.0000   22.5000   -7.500014322.6045   18.7865
    7.5000   22.5000   -7.500013626.7754   18.7829
   -7.5000   30.0000   -7.500012685.3535   18.5571
    0.0000   30.0000   -7.500013222.6934   18.5575
    7.5000   30.0000   -7.500012599.8994   18.5615
   -7.5000   37.5000   -7.500011990.4473   18.5756
    0.0000   37.5000   -7.500012496.4531   18.5811
    7.5000   37.5000   -7.500011910.7539   18.5823
   -7.5000   45.0000   -7.500010801.1982   18.1564
    0.0000   45.0000   -7.500011249.3223   18.1610
    7.5000   45.0000   -7.500010743.4814   18.1522
   -7.5000  -45.0000    0.000011472.1768   18.9399
    0.0000  -45.0000    0.000012026.4297   18.9476
    7.5000  -45.0000    0.000011528.6348   18.9397
   -7.5000  -37.5000    0.000012163.6260   18.8745
    0.0000  -37.5000    0.000012747.9141   18.8738
    7.5000  -37.5000    0.000012219.5352   18.8588
   -7.5000  -30.0000    0.000013256.3926   18.8315
    0.0000  -30.0000    0.000013876.6035   18.8193
    7.5000  -30.0000    0.000013328.8398   18.8040
   -7.5000  -22.5000    0.000014193.6650   18.8138
    0.0000  -22.5000    0.000014855.9658   18.8010
    7.5000  -22.5000    0.000014270.4893   18.7926
   -7.5000  -15.0000    0.000014956.4209   18.8183
    0.0000  -15.0000    0.000015598.4482   18.8137
    7.5000  -15.0000    0.000015035.1699   18.8139
   -7.5000   -7.5000    0.000015677.4443   18.8395
    0.0000   -7.5000    0.000016316.0781   18.8445
    7.5000   -7.5000    0.000015746.3926   18.8441
   -7.5000    0.0000    0.000016434.7207   18.8539
    0.0000    0.0000    0.000017136.4375   18.8622
    7.5000    0.0000    0.000016483.4277   18.8533
   -7.5000    7.5000    0.000015960.0732   18.8451
    0.0000    7.5000    0.000016655.8145   18.8442
    7.5000    7.5000    0.000015968.8535   18.8285
   -7.5000   15.0000    0.000015233.8506   18.8262
    0.0000   15.0000    0.000015888.3711   18.8138
    7.5000   15.0000    0.000015189.3496   18.7982
   -7.5000   22.5000    0.000014317.1318   18.8051
    0.0000   22.5000    0.000014906.0244   18.7923
    7.5000   22.5000    0.000014240.4014   18.7839
   -7.5000   30.0000    0.000013163.2148   18.5747
    0.0000   30.0000    0.000013684.0205   18.5702
    7.5000   30.0000    0.000013092.8291   18.5704
   -7.5000   37.5000    0.000012422.5498   18.5957
    0.0000   37.5000    0.000012922.6514   18.6006
    7.5000   37.5000    0.000012373.2119   18.6002
   -7.5000   45.0000    0.000011192.4150   18.1730
    0.0000   45.0000    0.000011646.2197   18.1810
    7.5000   45.0000    0.000011166.2559   18.1724
   -7.5000  -45.0000    7.500011191.6895   18.9269
    0.0000  -45.0000    7.500011742.7832   18.9394
    7.5000  -45.0000    7.500011243.1123   18.9344
   -7.5000  -37.5000    7.500011830.2578   18.8598
    0.0000  -37.5000    7.500012397.5586   18.8644
    7.5000  -37.5000    7.500011901.8174   18.8520
   -7.5000  -30.0000    7.500012840.8818   18.8122
    0.0000  -30.0000    7.500013450.5098   18.8037
    7.5000  -30.0000    7.500012949.2197   18.7889
   -7.5000  -22.5000    7.500013754.8896   18.7927
    0.0000  -22.5000    7.500014386.4766   18.7804
    7.5000  -22.5000    7.500013854.0049   18.7712
   -7.5000  -15.0000    7.500014491.6270   18.7997
    0.0000  -15.0000    7.500015045.6084   18.7945
    7.5000  -15.0000    7.500014586.8457   18.7939
   -7.5000   -7.5000    7.500015149.9590   18.8241
    0.0000   -7.5000    7.500015721.7422   18.8309
    7.5000   -7.5000    7.500015237.3262   18.8316
   -7.5000    0.0000    7.500015869.9307   18.8404
    0.0000    0.0000    7.500016510.5059   18.8534
    7.5000    0.0000    7.500015920.2422   18.8473
   -7.5000    7.5000    7.500015408.9629   18.8301
    0.0000    7.5000    7.500016035.9551   18.8346
    7.5000    7.5000    7.500015430.5420   18.8214
   -7.5000   15.0000    7.500014677.5195   18.8068
    0.0000   15.0000    7.500015272.1475   18.7981
    7.5000   15.0000    7.500014682.4980   18.7830
   -7.5000   22.5000    7.500013769.4824   18.7840
    0.0000   22.5000    7.500014274.4619   18.7717
    7.5000   22.5000    7.500013748.5107   18.7625
   -7.5000   30.0000    7.500012651.8779   18.5564
    0.0000   30.0000    7.500013101.6230   18.5513
    7.5000   30.0000    7.500012616.1602   18.5507
   -7.5000   37.5000    7.500011959.9482   18.5805
    0.0000   37.5000    7.500012366.2383   18.5871
    7.5000   37.5000    7.500011905.9375   18.5879
   -7.5000   45.0000    7.500010783.9941   18.1600
    0.0000   45.0000    7.500011159.5244   18.1725
    7.5000   45.0000    7.500010767.7246   18.1667
   -7.5000  -45.0000   15.000010784.3223   18.9361
    0.0000  -45.0000   15.000011285.5635   18.9506
    7.5000  -45.0000   15.000010834.1367   18.9477
   -7.5000  -37.5000   15.000011372.1016   18.8725
    0.0000  -37.5000   15.000011907.2461   18.8803
    7.5000  -37.5000   15.000011451.8438   18.8699
   -7.5000  -30.0000   15.000012301.5537   18.8218
    0.0000  -30.0000   15.000012883.3926   18.8182
    7.5000  -30.0000   15.000012412.6523   18.8059
   -7.5000  -22.5000   15.000013153.3252   18.7969
    0.0000  -22.5000   15.000013755.9404   18.7895
    7.5000  -22.5000   15.000013267.1455   18.7835
   -7.5000  -15.0000   15.000013905.6660   18.8011
    0.0000  -15.0000   15.000014459.8223   18.7998
    7.5000  -15.0000   15.000014015.7295   18.8020
   -7.5000   -7.5000   15.000014589.1758   18.8271
    0.0000   -7.5000   15.000015117.1523   18.8366
    7.5000   -7.5000   15.000014695.2324   18.8393
   -7.5000    0.0000   15.000015264.4131   18.8491
    0.0000    0.0000   15.000015826.8799   18.8640
    7.5000    0.0000   15.000015350.7803   18.8600
   -7.5000    7.5000   15.000014825.9648   18.8426
    0.0000    7.5000   15.000015368.3223   18.8502
    7.5000    7.5000   15.000014879.2852   18.8390
   -7.5000   15.0000   15.000014106.0645   18.8164
    0.0000   15.0000   15.000014619.5938   18.8126
    7.5000   15.0000   15.000014146.5332   18.7999
   -7.5000   22.5000   15.000013224.9775   18.7882
    0.0000   22.5000   15.000013683.4990   18.7808
    7.5000   22.5000   15.000013210.6533   18.7747
   -7.5000   30.0000   15.000012135.6201   18.5578
    0.0000   30.0000   15.000012559.3623   18.5565
    7.5000   30.0000   15.000012096.6426   18.5586
   -7.5000   37.5000   15.000011441.2510   18.5835
    0.0000   37.5000   15.000011830.1943   18.5928
    7.5000   37.5000   15.000011374.6934   18.5955
   -7.5000   45.0000   15.000010306.6445   18.1683
    0.0000   45.0000   15.000010667.0469   18.1827
    7.5000   45.0000   15.000010276.7607   18.1788
   -7.5000  -45.0000   22.500010234.5029   18.9590
    0.0000  -45.0000   22.500010748.5059   18.9702
    7.5000  -45.0000   22.500010298.4092   18.9662
   -7.5000  -37.5000   22.500010806.1787   18.9018
    0.0000  -37.5000   22.500011330.9062   18.9069
    7.5000  -37.5000   22.500010891.4287   18.8953
   -7.5000  -30.0000   22.500011716.6689   18.8540
    0.0000  -30.0000   22.500012267.3291   18.8521
    7.5000  -30.0000   22.500011830.0146   18.8412
   -7.5000  -22.5000   22.500012519.3486   18.8257
    0.0000  -22.5000   22.500013079.8965   18.8240
    7.5000  -22.5000   22.500012677.1787   18.8215
   -7.5000  -15.0000   22.500013244.4717   18.8234
    0.0000  -15.0000   22.500013759.9668   18.8276
    7.5000  -15.0000   22.500013394.6660   18.8327
   -7.5000   -7.5000   22.500013961.4385   18.8463
    0.0000   -7.5000   22.500014504.4834   18.8568
    7.5000   -7.5000   22.500014108.1709   18.8605
   -7.5000    0.0000   22.500014647.6846   18.8720
    0.0000    0.0000   22.500015224.0400   18.8836
    7.5000    0.0000   22.500014784.9639   18.8786
   -7.5000    7.5000   22.500014232.3174   18.8719
    0.0000    7.5000   22.500014776.9365   18.8768
    7.5000    7.5000   22.500014305.9893   18.8645
   -7.5000   15.0000   22.500013513.4053   18.8486
    0.0000   15.0000   22.500014023.1309   18.8464
    7.5000   15.0000   22.500013551.4170   18.8353
   -7.5000   22.5000   22.500012632.8115   18.8169
    0.0000   22.5000   22.500013089.2627   18.8153
    7.5000   22.5000   22.500012612.7090   18.8128
   -7.5000   30.0000   22.500011591.0664   18.5798
    0.0000   30.0000   22.500012008.0723   18.5839
    7.5000   30.0000   22.500011537.8789   18.5889
   -7.5000   37.5000   22.500010887.1621   18.6024
    0.0000   37.5000   22.500011275.5479   18.6127
    7.5000   37.5000   22.500010831.3184   18.6165
   -7.5000   45.0000   22.5000 9785.9170   18.1904
    0.0000   45.0000   22.500010153.6133   18.2016
    7.5000   45.0000   22.5000 9763.3623   18.1968
   -7.5000  -45.0000   30.0000 9599.4443   19.0050
    0.0000  -45.0000   30.000010046.3496   19.0106
    7.5000  -45.0000   30.0000 9648.3691   19.0044
   -7.5000  -37.5000   30.000010147.8818   18.9504
    0.0000  -37.5000   30.000010650.1172   18.9495
    7.5000  -37.5000   30.000010208.5078   18.9361
   -7.5000  -30.0000   30.000011029.2451   18.9079
    0.0000  -30.0000   30.000011580.0684   18.9025
    7.5000  -30.0000   30.000011121.6631   18.8920
   -7.5000  -22.5000   30.000011833.5742   18.8811
    0.0000  -22.5000   30.000012423.0000   18.8795
    7.5000  -22.5000   30.000011967.9062   18.8786
   -7.5000  -15.0000   30.000012564.3262   18.8749
    0.0000  -15.0000   30.000013171.4365   18.8803
    7.5000  -15.0000   30.000012674.8115   18.8867
   -7.5000   -7.5000   30.000013234.4619   18.8940
    0.0000   -7.5000   30.000013842.8916   18.9025
    7.5000   -7.5000   30.000013327.2021   18.9057
   -7.5000    0.0000   30.000013808.0283   18.9182
    0.0000    0.0000   30.000014456.0498   18.9243
    7.5000    0.0000   30.000013902.2656   18.9170
   -7.5000    7.5000   30.000013403.1582   18.9206
    0.0000    7.5000   30.000014025.8711   18.9195
    7.5000    7.5000   30.000013475.2842   18.9053
   -7.5000   15.0000   30.000012764.8271   18.9026
    0.0000   15.0000   30.000013326.1689   18.8969
    7.5000   15.0000   30.000012810.8838   18.8861
   -7.5000   22.5000   30.000011925.5527   18.8723
    0.0000   22.5000   30.000012428.2754   18.8707
    7.5000   22.5000   30.000011937.2646   18.8699
   -7.5000   30.0000   30.000010951.8643   18.6307
    0.0000   30.0000   30.000011398.3555   18.6359
    7.5000   30.0000   30.000010941.4316   18.6423
   -7.5000   37.5000   30.000010297.9912   18.6495
    0.0000   37.5000   30.000010699.9453   18.6579
    7.5000   37.5000   30.000010269.5635   18.6611
   -7.5000   45.0000   30.0000 9254.8486   18.2349
    0.0000   45.0000   30.0000 9604.0137   18.2408
    7.5000   45.0000   30.0000 9231.1924   18.2338
   -7.5000  -45.0000   37.5000 9246.7822   19.0997
    0.0000  -45.0000   37.5000 9699.0127   19.1039
    7.5000  -45.0000   37.5000 9290.3555   19.0955
   -7.5000  -37.5000   37.5000 9801.2686   19.0398
    0.0000  -37.5000   37.500010303.0215   19.0360
    7.5000  -37.5000   37.5000 9843.9326   19.0209
   -7.5000  -30.0000   37.500010684.9004   18.9985
    0.0000  -30.0000   37.500011235.4268   18.9875
    7.5000  -30.0000   37.500010748.7783   18.9748
   -7.5000  -22.5000   37.500011508.1416   18.9766
    0.0000  -22.5000   37.500012064.2959   18.9687
    7.5000  -22.5000   37.500011582.3906   18.9651
   -7.5000  -15.0000   37.500012238.5156   18.9745
    0.0000  -15.0000   37.500012795.4482   18.9749
    7.5000  -15.0000   37.500012285.5225   18.9791
   -7.5000   -7.5000   37.500012885.1396   18.9936
    0.0000   -7.5000   37.500013450.9814   18.9992
    7.5000   -7.5000   37.500012922.4775   19.0005
   -7.5000    0.0000   37.500013410.5781   19.0125
    0.0000    0.0000   37.500014016.1211   19.0172
    7.5000    0.0000   37.500013481.4199   19.0078
   -7.5000    7.5000   37.500012987.9043   19.0099
    0.0000    7.5000   37.500013561.8057   19.0060
    7.5000    7.5000   37.500013068.2129   18.9902
   -7.5000   15.0000   37.500012384.0459   18.9932
    0.0000   15.0000   37.500012937.3799   18.9819
    7.5000   15.0000   37.500012444.6709   18.9689
   -7.5000   22.5000   37.500011578.8428   18.9678
    0.0000   22.5000   37.500012089.2129   18.9599
    7.5000   22.5000   37.500011615.7764   18.9563
   -7.5000   30.0000   37.500010635.0830   18.7289
    0.0000   30.0000   37.500011086.9131   18.7294
    7.5000   30.0000   37.500010649.6221   18.7334
   -7.5000   37.5000   37.500010009.7285   18.7478
    0.0000   37.5000   37.500010425.9023   18.7533
    7.5000   37.5000   37.500010004.8906   18.7546
   -7.5000   45.0000   37.5000 9007.0195   18.3259
    0.0000   45.0000   37.5000 9379.1221   18.3304
    7.5000   45.0000   37.5000 9008.1240   18.3214
   -7.5000  -45.0000   45.0000 8495.0322   19.1697
    0.0000  -45.0000   45.0000 8895.1963   19.1777
    7.5000  -45.0000   45.0000 8501.5195   19.1692
   -7.5000  -37.5000   45.0000 9009.1074   19.1023
    0.0000  -37.5000   45.0000 9446.2998   19.1015
    7.5000  -37.5000   45.0000 9020.8564   19.0859
   -7.5000  -30.0000   45.0000 9831.5664   19.0577
    0.0000  -30.0000   45.000010305.7402   19.0451
    7.5000  -30.0000   45.0000 9859.9639   19.0292
   -7.5000  -22.5000   45.000010587.8311   19.0395
    0.0000  -22.5000   45.000011085.9668   19.0263
    7.5000  -22.5000   45.000010619.3135   19.0175
   -7.5000  -15.0000   45.000011252.6123   19.0444
    0.0000  -15.0000   45.000011784.0049   19.0397
    7.5000  -15.0000   45.000011286.5957   19.0396
   -7.5000   -7.5000   45.000011850.1240   19.0666
    0.0000   -7.5000   45.000012406.5410   19.0716
    7.5000   -7.5000   45.000011893.0957   19.0709
   -7.5000    0.0000   45.000012342.9121   19.0814
    0.0000    0.0000   45.000012917.1875   19.0899
    7.5000    0.0000   45.000012407.0752   19.0804
   -7.5000    7.5000   45.000011954.6387   19.0719
    0.0000    7.5000   45.000012494.8809   19.0711
    7.5000    7.5000   45.000012016.9336   19.0547
   -7.5000   15.0000   45.000011427.2959   19.0522
    0.0000   15.0000   45.000011936.4004   19.0394
    7.5000   15.0000   45.000011466.2734   19.0232
   -7.5000   22.5000   45.000010714.5273   19.0306
    0.0000   22.5000   45.000011180.4355   19.0174
    7.5000   22.5000   45.000010731.4238   19.0086
   -7.5000   30.0000   45.0000 9838.2803   18.7963
    0.0000   30.0000   45.000010262.1543   18.7917
    7.5000   30.0000   45.0000 9833.7090   18.7916
   -7.5000   37.5000   45.0000 9253.0127   18.8182
    0.0000   37.5000   45.0000 9646.2334   18.8232
    7.5000   37.5000   45.0000 9252.1523   18.8225
   -7.5000   45.0000   45.0000 8330.3379   18.4006
    0.0000   45.0000   45.0000 8689.3516   18.4088
    7.5000   45.0000   45.0000 8347.5176   18.3997

---------------------------------------------------------------------
imgreg_4dfp /opt/freesurfer/average/711-2C_as_mni_average_305 /opt/freesurfer/average/711-2B_as_mni_average_305_mask talsrcimg_g11 none talsrcimg_to_711-2C_as_mni_average_305_t4 4355
---------------------------------------------------------------------

freesurfer imgreg_4dfp.c
/opt/freesurfer/average/711-2C_as_mni_average_305.4dfp.img
       256       256       256         1
  1.000000  1.000000  1.000000
orientation T byte_order littleendian
Reading image: /opt/freesurfer/average/711-2C_as_mni_average_305.4dfp.img
dimensions:      256       256       256
mmppix:       1.0000   -1.0000   -1.0000
center:     128.0000 -129.0000 -129.0000
/opt/freesurfer/average/711-2B_as_mni_average_305_mask.4dfp.img
       256       256       256         1
  1.000000  1.000000  1.000000
orientation T byte_order littleendian
Reading mask: /opt/freesurfer/average/711-2B_as_mni_average_305_mask.4dfp.img (2306576 pixels)
talsrcimg_g11.4dfp.img
       256       256       256         1
  1.000000  1.000000  1.000000
orientation T byte_order littleendian
Reading image: talsrcimg_g11.4dfp.img
dimensions:      256       256       256
mmppix:       1.0000   -1.0000   -1.0000
center:     128.0000 -129.0000 -129.0000
rotation matrix determinant  1.000000
image alignment mode   4355 decimal     1103 hex
   -7.5000  -45.0000  -45.0000 1951.3365   19.1890
    0.0000  -45.0000  -45.0000 1975.7444   18.8858
    7.5000  -45.0000  -45.0000 1972.3439   18.9552
   -7.5000  -37.5000  -45.0000 2047.4093   17.4979
    0.0000  -37.5000  -45.0000 2070.7966   17.2569
    7.5000  -37.5000  -45.0000 2065.9990   17.3081
   -7.5000  -30.0000  -45.0000 2130.2844   16.1898
    0.0000  -30.0000  -45.0000 2146.2932   16.0168
    7.5000  -30.0000  -45.0000 2141.8167   16.0897
   -7.5000  -22.5000  -45.0000 2182.9800   15.3595
    0.0000  -22.5000  -45.0000 2195.1772   15.1665
    7.5000  -22.5000  -45.0000 2188.9927   15.2503
   -7.5000  -15.0000  -45.0000 2200.3376   14.9470
    0.0000  -15.0000  -45.0000 2217.3926   14.7440
    7.5000  -15.0000  -45.0000 2213.4211   14.8241
   -7.5000   -7.5000  -45.0000 2206.3613   14.8404
    0.0000   -7.5000  -45.0000 2224.2444   14.6468
    7.5000   -7.5000  -45.0000 2220.1633   14.7258
   -7.5000    0.0000  -45.0000 2195.5964   14.9718
    0.0000    0.0000  -45.0000 2213.7305   14.8042
    7.5000    0.0000  -45.0000 2208.6118   14.9297
   -7.5000    7.5000  -45.0000 2168.6682   15.4719
    0.0000    7.5000  -45.0000 2191.5630   15.2804
    7.5000    7.5000  -45.0000 2184.5298   15.4241
   -7.5000   15.0000  -45.0000 2123.3523   16.2915
    0.0000   15.0000  -45.0000 2145.3335   16.0435
    7.5000   15.0000  -45.0000 2139.7407   16.2051
   -7.5000   22.5000  -45.0000 2064.5144   17.4768
    0.0000   22.5000  -45.0000 2087.0347   17.1792
    7.5000   22.5000  -45.0000 2081.4998   17.3463
   -7.5000   30.0000  -45.0000 1986.2504   19.0543
    0.0000   30.0000  -45.0000 2009.3602   18.7586
    7.5000   30.0000  -45.0000 1998.9235   18.9414
   -7.5000   37.5000  -45.0000 1891.6608   21.1518
    0.0000   37.5000  -45.0000 1910.5604   20.8690
    7.5000   37.5000  -45.0000 1903.3431   21.1020
   -7.5000   45.0000  -45.0000 1780.1979   23.9418
    0.0000   45.0000  -45.0000 1796.0402   23.6934
    7.5000   45.0000  -45.0000 1795.0724   23.8958
   -7.5000  -45.0000  -37.5000 2040.1554   17.6960
    0.0000  -45.0000  -37.5000 2064.3472   17.4281
    7.5000  -45.0000  -37.5000 2053.5952   17.5126
   -7.5000  -37.5000  -37.5000 2145.3347   16.1432
    0.0000  -37.5000  -37.5000 2168.0750   15.9232
    7.5000  -37.5000  -37.5000 2151.8018   15.9712
   -7.5000  -30.0000  -37.5000 2227.1802   14.9424
    0.0000  -30.0000  -37.5000 2244.8594   14.7531
    7.5000  -30.0000  -37.5000 2233.1548   14.7775
   -7.5000  -22.5000  -37.5000 2285.6079   14.1423
    0.0000  -22.5000  -37.5000 2299.3203   13.9451
    7.5000  -22.5000  -37.5000 2290.5466   13.9832
   -7.5000  -15.0000  -37.5000 2307.6160   13.7335
    0.0000  -15.0000  -37.5000 2325.6414   13.5299
    7.5000  -15.0000  -37.5000 2321.5825   13.5909
   -7.5000   -7.5000  -37.5000 2308.0432   13.6367
    0.0000   -7.5000  -37.5000 2328.2163   13.4652
    7.5000   -7.5000  -37.5000 2326.3306   13.5561
   -7.5000    0.0000  -37.5000 2294.3142   13.7770
    0.0000    0.0000  -37.5000 2315.1472   13.6343
    7.5000    0.0000  -37.5000 2311.5071   13.7297
   -7.5000    7.5000  -37.5000 2264.1545   14.2206
    0.0000    7.5000  -37.5000 2287.7922   14.0410
    7.5000    7.5000  -37.5000 2282.8225   14.1696
   -7.5000   15.0000  -37.5000 2219.6172   14.9315
    0.0000   15.0000  -37.5000 2242.8611   14.7203
    7.5000   15.0000  -37.5000 2240.1431   14.8369
   -7.5000   22.5000  -37.5000 2157.1072   16.0172
    0.0000   22.5000  -37.5000 2183.6296   15.7544
    7.5000   22.5000  -37.5000 2177.8079   15.8931
   -7.5000   30.0000  -37.5000 2075.7102   17.4594
    0.0000   30.0000  -37.5000 2097.6245   17.2030
    7.5000   30.0000  -37.5000 2088.1409   17.3710
   -7.5000   37.5000  -37.5000 1973.6165   19.4037
    0.0000   37.5000  -37.5000 1993.3315   19.1275
    7.5000   37.5000  -37.5000 1987.1685   19.3469
   -7.5000   45.0000  -37.5000 1855.8917   21.9518
    0.0000   45.0000  -37.5000 1877.3441   21.6908
    7.5000   45.0000  -37.5000 1868.2781   21.8593
   -7.5000  -45.0000  -30.0000 2158.3892   17.0263
    0.0000  -45.0000  -30.0000 2184.2764   16.7762
    7.5000  -45.0000  -30.0000 2172.3555   16.8044
   -7.5000  -37.5000  -30.0000 2267.5066   15.4559
    0.0000  -37.5000  -30.0000 2290.1350   15.2234
    7.5000  -37.5000  -30.0000 2275.0212   15.2738
   -7.5000  -30.0000  -30.0000 2354.8037   14.2717
    0.0000  -30.0000  -30.0000 2375.6880   14.0587
    7.5000  -30.0000  -30.0000 2362.4651   14.1062
   -7.5000  -22.5000  -30.0000 2420.8169   13.5001
    0.0000  -22.5000  -30.0000 2436.3311   13.2871
    7.5000  -22.5000  -30.0000 2432.0896   13.3256
   -7.5000  -15.0000  -30.0000 2451.3416   13.0791
    0.0000  -15.0000  -30.0000 2472.7229   12.9012
    7.5000  -15.0000  -30.0000 2468.8274   12.9569
   -7.5000   -7.5000  -30.0000 2462.1011   12.9802
    0.0000   -7.5000  -30.0000 2485.3430   12.8226
    7.5000   -7.5000  -30.0000 2478.4319   12.9007
   -7.5000    0.0000  -30.0000 2449.2034   13.1347
    0.0000    0.0000  -30.0000 2473.5840   13.0121
    7.5000    0.0000  -30.0000 2466.3069   13.0924
   -7.5000    7.5000  -30.0000 2413.5586   13.5757
    0.0000    7.5000  -30.0000 2438.5540   13.4333
    7.5000    7.5000  -30.0000 2433.7488   13.5203
   -7.5000   15.0000  -30.0000 2362.0115   14.2650
    0.0000   15.0000  -30.0000 2388.5103   14.0819
    7.5000   15.0000  -30.0000 2386.7522   14.1775
   -7.5000   22.5000  -30.0000 2294.0884   15.2994
    0.0000   22.5000  -30.0000 2320.2959   15.0647
    7.5000   22.5000  -30.0000 2313.3030   15.1490
   -7.5000   30.0000  -30.0000 2198.9917   16.6801
    0.0000   30.0000  -30.0000 2222.9778   16.4408
    7.5000   30.0000  -30.0000 2213.4280   16.5594
   -7.5000   37.5000  -30.0000 2084.4082   18.4995
    0.0000   37.5000  -30.0000 2107.8479   18.2787
    7.5000   37.5000  -30.0000 2097.3972   18.4252
   -7.5000   45.0000  -30.0000 1961.3046   20.8983
    0.0000   45.0000  -30.0000 1983.4255   20.6624
    7.5000   45.0000  -30.0000 1976.5188   20.8204
   -7.5000  -45.0000  -22.5000 2244.0896   16.2404
    0.0000  -45.0000  -22.5000 2266.9766   16.0182
    7.5000  -45.0000  -22.5000 2259.2439   16.1040
   -7.5000  -37.5000  -22.5000 2358.7627   14.7334
    0.0000  -37.5000  -22.5000 2381.0723   14.5194
    7.5000  -37.5000  -22.5000 2367.8616   14.5852
   -7.5000  -30.0000  -22.5000 2453.6543   13.5775
    0.0000  -30.0000  -22.5000 2476.1426   13.3890
    7.5000  -30.0000  -22.5000 2467.0647   13.4254
   -7.5000  -22.5000  -22.5000 2530.2661   12.7856
    0.0000  -22.5000  -22.5000 2549.2065   12.6518
    7.5000  -22.5000  -22.5000 2545.1394   12.6696
   -7.5000  -15.0000  -22.5000 2568.1729   12.3448
    0.0000  -15.0000  -22.5000 2591.7881   12.2400
    7.5000  -15.0000  -22.5000 2588.8955   12.2847
   -7.5000   -7.5000  -22.5000 2589.0242   12.2594
    0.0000   -7.5000  -22.5000 2616.4207   12.1254
    7.5000   -7.5000  -22.5000 2608.8958   12.1867
   -7.5000    0.0000  -22.5000 2583.3420   12.4370
    0.0000    0.0000  -22.5000 2613.5967   12.3339
    7.5000    0.0000  -22.5000 2601.9863   12.4014
   -7.5000    7.5000  -22.5000 2545.1321   12.8800
    0.0000    7.5000  -22.5000 2580.2095   12.7586
    7.5000    7.5000  -22.5000 2567.1753   12.8249
   -7.5000   15.0000  -22.5000 2485.1338   13.5630
    0.0000   15.0000  -22.5000 2516.0989   13.4100
    7.5000   15.0000  -22.5000 2506.2363   13.4743
   -7.5000   22.5000  -22.5000 2403.9456   14.5285
    0.0000   22.5000  -22.5000 2434.3511   14.3316
    7.5000   22.5000  -22.5000 2426.0178   14.4179
   -7.5000   30.0000  -22.5000 2302.8162   15.8256
    0.0000   30.0000  -22.5000 2329.6404   15.6185
    7.5000   30.0000  -22.5000 2318.2212   15.7181
   -7.5000   37.5000  -22.5000 2179.2671   17.5342
    0.0000   37.5000  -22.5000 2202.4009   17.3169
    7.5000   37.5000  -22.5000 2193.9729   17.4519
   -7.5000   45.0000  -22.5000 2046.0139   19.7716
    0.0000   45.0000  -22.5000 2064.4531   19.5407
    7.5000   45.0000  -22.5000 2061.2197   19.7064
   -7.5000  -45.0000  -15.0000 2303.5046   15.5025
    0.0000  -45.0000  -15.0000 2323.3069   15.3204
    7.5000  -45.0000  -15.0000 2312.4321   15.4213
   -7.5000  -37.5000  -15.0000 2426.7485   14.0463
    0.0000  -37.5000  -15.0000 2445.8257   13.8760
    7.5000  -37.5000  -15.0000 2433.5610   13.9693
   -7.5000  -30.0000  -15.0000 2530.3711   12.9543
    0.0000  -30.0000  -15.0000 2550.5291   12.7817
    7.5000  -30.0000  -15.0000 2543.4592   12.8596
   -7.5000  -22.5000  -15.0000 2610.8433   12.1968
    0.0000  -22.5000  -15.0000 2637.4875   12.0507
    7.5000  -22.5000  -15.0000 2631.5928   12.1122
   -7.5000  -15.0000  -15.0000 2661.8601   11.7142
    0.0000  -15.0000  -15.0000 2690.3384   11.6270
    7.5000  -15.0000  -15.0000 2686.1570   11.6852
   -7.5000   -7.5000  -15.0000 2691.8528   11.5865
    0.0000   -7.5000  -15.0000 2722.7417   11.4980
    7.5000   -7.5000  -15.0000 2716.8682   11.5700
   -7.5000    0.0000  -15.0000 2691.1279   11.7763
    0.0000    0.0000  -15.0000 2724.0840   11.6779
    7.5000    0.0000  -15.0000 2707.9639   11.7604
   -7.5000    7.5000  -15.0000 2653.2322   12.2310
    0.0000    7.5000  -15.0000 2692.5247   12.1181
    7.5000    7.5000  -15.0000 2671.8250   12.1934
   -7.5000   15.0000  -15.0000 2587.8538   12.8965
    0.0000   15.0000  -15.0000 2624.5403   12.7601
    7.5000   15.0000  -15.0000 2606.1497   12.8296
   -7.5000   22.5000  -15.0000 2495.9253   13.8107
    0.0000   22.5000  -15.0000 2525.9163   13.6408
    7.5000   22.5000  -15.0000 2513.8308   13.7137
   -7.5000   30.0000  -15.0000 2382.4971   15.0378
    0.0000   30.0000  -15.0000 2407.6777   14.8465
    7.5000   30.0000  -15.0000 2397.2283   14.9428
   -7.5000   37.5000  -15.0000 2253.6445   16.6626
    0.0000   37.5000  -15.0000 2276.0403   16.4624
    7.5000   37.5000  -15.0000 2267.0195   16.5927
   -7.5000   45.0000  -15.0000 2110.2800   18.7644
    0.0000   45.0000  -15.0000 2128.7124   18.5403
    7.5000   45.0000  -15.0000 2122.2773   18.7027
   -7.5000  -45.0000   -7.5000 2345.2759   14.8410
    0.0000  -45.0000   -7.5000 2361.6516   14.7118
    7.5000  -45.0000   -7.5000 2350.5129   14.8449
   -7.5000  -37.5000   -7.5000 2472.5957   13.4440
    0.0000  -37.5000   -7.5000 2490.6453   13.2872
    7.5000  -37.5000   -7.5000 2479.7710   13.4285
   -7.5000  -30.0000   -7.5000 2586.6013   12.3885
    0.0000  -30.0000   -7.5000 2612.0002   12.2202
    7.5000  -30.0000   -7.5000 2600.0527   12.3383
   -7.5000  -22.5000   -7.5000 2679.8730   11.6461
    0.0000  -22.5000   -7.5000 2711.9700   11.4752
    7.5000  -22.5000   -7.5000 2702.4297   11.6013
   -7.5000  -15.0000   -7.5000 2742.3381   11.1817
    0.0000  -15.0000   -7.5000 2778.9939   11.0477
    7.5000  -15.0000   -7.5000 2770.8074   11.1725
   -7.5000   -7.5000   -7.5000 2778.4553   11.0348
    0.0000   -7.5000   -7.5000 2814.4482   10.9347
    7.5000   -7.5000   -7.5000 2803.2620   11.0470
   -7.5000    0.0000   -7.5000 2780.8018   11.2027
    0.0000    0.0000   -7.5000 2818.8467   11.1243
    7.5000    0.0000   -7.5000 2800.1504   11.2051
   -7.5000    7.5000   -7.5000 2740.6357   11.6382
    0.0000    7.5000   -7.5000 2780.7651   11.5460
    7.5000    7.5000   -7.5000 2755.5144   11.6266
   -7.5000   15.0000   -7.5000 2665.7681   12.2704
    0.0000   15.0000   -7.5000 2701.9468   12.1533
    7.5000   15.0000   -7.5000 2682.8826   12.2377
   -7.5000   22.5000   -7.5000 2565.1660   13.1529
    0.0000   22.5000   -7.5000 2595.6475   12.9950
    7.5000   22.5000   -7.5000 2581.6292   13.0746
   -7.5000   30.0000   -7.5000 2441.3159   14.3187
    0.0000   30.0000   -7.5000 2468.6919   14.1625
    7.5000   30.0000   -7.5000 2454.1650   14.2445
   -7.5000   37.5000   -7.5000 2303.4631   15.8594
    0.0000   37.5000   -7.5000 2329.1655   15.7277
    7.5000   37.5000   -7.5000 2317.7021   15.8206
   -7.5000   45.0000   -7.5000 2152.6743   17.8756
    0.0000   45.0000   -7.5000 2175.2559   17.6966
    7.5000   45.0000   -7.5000 2168.1904   17.8108
   -7.5000  -45.0000    0.0000 2365.0364   14.4365
    0.0000  -45.0000    0.0000 2382.8628   14.3080
    7.5000  -45.0000    0.0000 2368.2361   14.5003
   -7.5000  -37.5000    0.0000 2495.1116   13.0437
    0.0000  -37.5000    0.0000 2517.2200   12.8995
    7.5000  -37.5000    0.0000 2502.7908   13.0915
   -7.5000  -30.0000    0.0000 2616.5510   12.0021
    0.0000  -30.0000    0.0000 2644.8066   11.8407
    7.5000  -30.0000    0.0000 2635.0808   12.0051
   -7.5000  -22.5000    0.0000 2724.5217   11.2646
    0.0000  -22.5000    0.0000 2759.1157   11.0960
    7.5000  -22.5000    0.0000 2745.6555   11.2593
   -7.5000  -15.0000    0.0000 2804.2493   10.7969
    0.0000  -15.0000    0.0000 2849.0208   10.6333
    7.5000  -15.0000    0.0000 2829.3789   10.8048
   -7.5000   -7.5000    0.0000 2853.8684   10.6447
    0.0000   -7.5000    0.0000 2896.8323   10.5028
    7.5000   -7.5000    0.0000 2872.6140   10.6553
   -7.5000    0.0000    0.0000 2857.9316   10.8062
    0.0000    0.0000    0.0000 2900.9656   10.7047
    7.5000    0.0000    0.0000 2873.9858   10.8050
   -7.5000    7.5000    0.0000 2811.2751   11.2094
    0.0000    7.5000    0.0000 2854.7458   11.1238
    7.5000    7.5000    0.0000 2824.7051   11.2256
   -7.5000   15.0000    0.0000 2725.5146   11.8221
    0.0000   15.0000    0.0000 2760.7812   11.7148
    7.5000   15.0000    0.0000 2739.8555   11.8017
   -7.5000   22.5000    0.0000 2611.5850   12.6613
    0.0000   22.5000    0.0000 2642.6470   12.5262
    7.5000   22.5000    0.0000 2626.9377   12.5929
   -7.5000   30.0000    0.0000 2478.6899   13.7937
    0.0000   30.0000    0.0000 2504.9697   13.6488
    7.5000   30.0000    0.0000 2491.1228   13.7359
   -7.5000   37.5000    0.0000 2333.0842   15.2872
    0.0000   37.5000    0.0000 2361.5469   15.1497
    7.5000   37.5000    0.0000 2349.0874   15.2668
   -7.5000   45.0000    0.0000 2179.8320   17.2048
    0.0000   45.0000    0.0000 2205.7664   17.0463
    7.5000   45.0000    0.0000 2199.5796   17.1710
   -7.5000  -45.0000    7.5000 2368.0295   14.2858
    0.0000  -45.0000    7.5000 2388.6885   14.1646
    7.5000  -45.0000    7.5000 2371.0242   14.3881
   -7.5000  -37.5000    7.5000 2497.8628   12.8951
    0.0000  -37.5000    7.5000 2523.8171   12.7391
    7.5000  -37.5000    7.5000 2508.8198   12.9501
   -7.5000  -30.0000    7.5000 2620.1982   11.8227
    0.0000  -30.0000    7.5000 2654.5925   11.6382
    7.5000  -30.0000    7.5000 2642.5894   11.8427
   -7.5000  -22.5000    7.5000 2735.8320   11.0833
    0.0000  -22.5000    7.5000 2775.7649   10.8903
    7.5000  -22.5000    7.5000 2761.7151   11.0806
   -7.5000  -15.0000    7.5000 2833.9248   10.6156
    0.0000  -15.0000    7.5000 2882.6292   10.4158
    7.5000  -15.0000    7.5000 2859.1333   10.6195
   -7.5000   -7.5000    7.5000 2902.6440   10.4090
    0.0000   -7.5000    7.5000 2948.8308   10.2139
    7.5000   -7.5000    7.5000 2914.4075   10.4369
   -7.5000    0.0000    7.5000 2908.7554   10.5261
    0.0000    0.0000    7.5000 2952.3181   10.3854
    7.5000    0.0000    7.5000 2922.2786   10.5330
   -7.5000    7.5000    7.5000 2850.1328   10.9174
    0.0000    7.5000    7.5000 2892.9280   10.8044
    7.5000    7.5000    7.5000 2867.7576   10.9182
   -7.5000   15.0000    7.5000 2753.3569   11.5355
    0.0000   15.0000    7.5000 2791.6221   11.4031
    7.5000   15.0000    7.5000 2770.8499   11.5129
   -7.5000   22.5000    7.5000 2633.0271   12.3671
    0.0000   22.5000    7.5000 2660.8726   12.2079
    7.5000   22.5000    7.5000 2649.0852   12.3097
   -7.5000   30.0000    7.5000 2495.1711   13.4770
    0.0000   30.0000    7.5000 2521.3640   13.2965
    7.5000   30.0000    7.5000 2506.5562   13.4074
   -7.5000   37.5000    7.5000 2347.7866   14.9412
    0.0000   37.5000    7.5000 2373.9895   14.7620
    7.5000   37.5000    7.5000 2360.4370   14.8951
   -7.5000   45.0000    7.5000 2192.2642   16.8085
    0.0000   45.0000    7.5000 2216.8245   16.6171
    7.5000   45.0000    7.5000 2208.1030   16.7732
   -7.5000  -45.0000   15.0000 2364.3218   14.3554
    0.0000  -45.0000   15.0000 2380.0906   14.1987
    7.5000  -45.0000   15.0000 2366.2498   14.4392
   -7.5000  -37.5000   15.0000 2487.1140   12.9372
    0.0000  -37.5000   15.0000 2513.3381   12.7660
    7.5000  -37.5000   15.0000 2498.8625   12.9932
   -7.5000  -30.0000   15.0000 2606.9045   11.8420
    0.0000  -30.0000   15.0000 2640.4724   11.6620
    7.5000  -30.0000   15.0000 2624.1973   11.8811
   -7.5000  -22.5000   15.0000 2723.9026   11.0842
    0.0000  -22.5000   15.0000 2765.5359   10.8986
    7.5000  -22.5000   15.0000 2748.1523   11.1122
   -7.5000  -15.0000   15.0000 2829.1150   10.6027
    0.0000  -15.0000   15.0000 2877.5835   10.4047
    7.5000  -15.0000   15.0000 2851.8708   10.6107
   -7.5000   -7.5000   15.0000 2897.7209   10.4126
    0.0000   -7.5000   15.0000 2942.4561   10.2045
    7.5000   -7.5000   15.0000 2915.1672   10.4316
   -7.5000    0.0000   15.0000 2909.3555   10.5242
    0.0000    0.0000   15.0000 2955.3752   10.3392
    7.5000    0.0000   15.0000 2924.8943   10.5486
   -7.5000    7.5000   15.0000 2855.4734   10.9064
    0.0000    7.5000   15.0000 2897.4348   10.7407
    7.5000    7.5000   15.0000 2870.8188   10.9197
   -7.5000   15.0000   15.0000 2749.8093   11.4908
    0.0000   15.0000   15.0000 2788.5195   11.3257
    7.5000   15.0000   15.0000 2767.8032   11.4706
   -7.5000   22.5000   15.0000 2626.2034   12.2923
    0.0000   22.5000   15.0000 2654.2681   12.1024
    7.5000   22.5000   15.0000 2640.9229   12.2214
   -7.5000   30.0000   15.0000 2485.7354   13.3782
    0.0000   30.0000   15.0000 2513.4114   13.1752
    7.5000   30.0000   15.0000 2500.7397   13.2900
   -7.5000   37.5000   15.0000 2337.4802   14.7933
    0.0000   37.5000   15.0000 2363.6213   14.6110
    7.5000   37.5000   15.0000 2351.7073   14.7201
   -7.5000   45.0000   15.0000 2181.4514   16.6237
    0.0000   45.0000   15.0000 2206.2686   16.4160
    7.5000   45.0000   15.0000 2198.6245   16.5493
   -7.5000  -45.0000   22.5000 2345.2173   14.6216
    0.0000  -45.0000   22.5000 2368.6096   14.4730
    7.5000  -45.0000   22.5000 2348.9326   14.6905
   -7.5000  -37.5000   22.5000 2466.3916   13.1765
    0.0000  -37.5000   22.5000 2495.9744   13.0259
    7.5000  -37.5000   22.5000 2476.3535   13.2328
   -7.5000  -30.0000   22.5000 2585.4014   12.0946
    0.0000  -30.0000   22.5000 2619.1860   11.9109
    7.5000  -30.0000   22.5000 2600.3037   12.1303
   -7.5000  -22.5000   22.5000 2696.3884   11.3178
    0.0000  -22.5000   22.5000 2737.3645   11.1443
    7.5000  -22.5000   22.5000 2722.8274   11.3584
   -7.5000  -15.0000   22.5000 2790.3350   10.8468
    0.0000  -15.0000   22.5000 2829.6111   10.6307
    7.5000  -15.0000   22.5000 2814.1509   10.8682
   -7.5000   -7.5000   22.5000 2850.2297   10.6718
    0.0000   -7.5000   22.5000 2885.9980   10.4829
    7.5000   -7.5000   22.5000 2870.7207   10.6940
   -7.5000    0.0000   22.5000 2855.1365   10.7953
    0.0000    0.0000   22.5000 2895.2114   10.6119
    7.5000    0.0000   22.5000 2877.7722   10.7931
   -7.5000    7.5000   22.5000 2812.3987   11.1180
    0.0000    7.5000   22.5000 2849.8164   10.9503
    7.5000    7.5000   22.5000 2829.6492   11.1094
   -7.5000   15.0000   22.5000 2716.9927   11.6578
    0.0000   15.0000   22.5000 2752.0718   11.4810
    7.5000   15.0000   22.5000 2733.7388   11.6345
   -7.5000   22.5000   22.5000 2597.7930   12.4365
    0.0000   22.5000   22.5000 2628.5444   12.2400
    7.5000   22.5000   22.5000 2613.3992   12.3658
   -7.5000   30.0000   22.5000 2462.7200   13.5038
    0.0000   30.0000   22.5000 2490.8799   13.2845
    7.5000   30.0000   22.5000 2477.5757   13.4061
   -7.5000   37.5000   22.5000 2316.4570   14.8887
    0.0000   37.5000   22.5000 2341.7170   14.6724
    7.5000   37.5000   22.5000 2332.1575   14.7808
   -7.5000   45.0000   22.5000 2162.7380   16.6894
    0.0000   45.0000   22.5000 2186.0264   16.4565
    7.5000   45.0000   22.5000 2176.0276   16.5722
   -7.5000  -45.0000   30.0000 2316.4097   15.0991
    0.0000  -45.0000   30.0000 2340.8689   14.9141
    7.5000  -45.0000   30.0000 2319.2759   15.1601
   -7.5000  -37.5000   30.0000 2436.1023   13.6751
    0.0000  -37.5000   30.0000 2467.2793   13.4924
    7.5000  -37.5000   30.0000 2443.3833   13.6983
   -7.5000  -30.0000   30.0000 2550.0066   12.5899
    0.0000  -30.0000   30.0000 2585.9849   12.4275
    7.5000  -30.0000   30.0000 2563.1990   12.6053
   -7.5000  -22.5000   30.0000 2651.7046   11.8187
    0.0000  -22.5000   30.0000 2689.9824   11.6678
    7.5000  -22.5000   30.0000 2676.3423   11.8472
   -7.5000  -15.0000   30.0000 2729.8472   11.3383
    0.0000  -15.0000   30.0000 2765.0764   11.2060
    7.5000  -15.0000   30.0000 2751.4468   11.3619
   -7.5000   -7.5000   30.0000 2773.4160   11.1634
    0.0000   -7.5000   30.0000 2803.8049   11.0086
    7.5000   -7.5000   30.0000 2793.4194   11.1517
   -7.5000    0.0000   30.0000 2765.9636   11.2086
    0.0000    0.0000   30.0000 2801.1611   11.0656
    7.5000    0.0000   30.0000 2791.0081   11.1820
   -7.5000    7.5000   30.0000 2729.5242   11.4910
    0.0000    7.5000   30.0000 2761.6726   11.3524
    7.5000    7.5000   30.0000 2751.4880   11.4614
   -7.5000   15.0000   30.0000 2646.4067   12.0582
    0.0000   15.0000   30.0000 2679.2708   11.8965
    7.5000   15.0000   30.0000 2666.9824   12.0131
   -7.5000   22.5000   30.0000 2539.1704   12.8405
    0.0000   22.5000   30.0000 2566.8142   12.6655
    7.5000   22.5000   30.0000 2553.7751   12.7761
   -7.5000   30.0000   30.0000 2418.7888   13.8653
    0.0000   30.0000   30.0000 2443.5820   13.6648
    7.5000   30.0000   30.0000 2431.6018   13.7661
   -7.5000   37.5000   30.0000 2278.8870   15.2354
    0.0000   37.5000   30.0000 2304.3789   15.0053
    7.5000   37.5000   30.0000 2292.4402   15.1107
   -7.5000   45.0000   30.0000 2130.5962   17.0079
    0.0000   45.0000   30.0000 2149.5032   16.7418
    7.5000   45.0000   30.0000 2140.9504   16.8673
   -7.5000  -45.0000   37.5000 2269.9468   15.8276
    0.0000  -45.0000   37.5000 2293.0693   15.6610
    7.5000  -45.0000   37.5000 2272.5764   15.9052
   -7.5000  -37.5000   37.5000 2387.6248   14.3886
    0.0000  -37.5000   37.5000 2420.2371   14.2454
    7.5000  -37.5000   37.5000 2394.0417   14.4244
   -7.5000  -30.0000   37.5000 2493.9124   13.3294
    0.0000  -30.0000   37.5000 2530.4468   13.1698
    7.5000  -30.0000   37.5000 2508.5649   13.3260
   -7.5000  -22.5000   37.5000 2586.4739   12.5524
    0.0000  -22.5000   37.5000 2621.8140   12.3977
    7.5000  -22.5000   37.5000 2607.7888   12.5472
   -7.5000  -15.0000   37.5000 2654.6167   12.0575
    0.0000  -15.0000   37.5000 2684.3765   11.9116
    7.5000  -15.0000   37.5000 2673.4863   12.0330
   -7.5000   -7.5000   37.5000 2684.1843   11.8566
    0.0000   -7.5000   37.5000 2714.9026   11.7015
    7.5000   -7.5000   37.5000 2705.2339   11.8120
   -7.5000    0.0000   37.5000 2669.1528   11.8550
    0.0000    0.0000   37.5000 2701.7471   11.7110
    7.5000    0.0000   37.5000 2695.4453   11.8103
   -7.5000    7.5000   37.5000 2632.2493   12.1009
    0.0000    7.5000   37.5000 2655.7776   11.9637
    7.5000    7.5000   37.5000 2654.9397   12.0659
   -7.5000   15.0000   37.5000 2562.6997   12.6271
    0.0000   15.0000   37.5000 2587.8196   12.4631
    7.5000   15.0000   37.5000 2581.3147   12.5876
   -7.5000   22.5000   37.5000 2466.4182   13.4164
    0.0000   22.5000   37.5000 2491.3599   13.2418
    7.5000   22.5000   37.5000 2480.2520   13.3394
   -7.5000   30.0000   37.5000 2355.8521   14.4460
    0.0000   30.0000   37.5000 2376.9377   14.2592
    7.5000   30.0000   37.5000 2368.6570   14.3455
   -7.5000   37.5000   37.5000 2229.3577   15.7992
    0.0000   37.5000   37.5000 2249.7454   15.6022
    7.5000   37.5000   37.5000 2240.9504   15.6802
   -7.5000   45.0000   37.5000 2094.9321   17.5471
    0.0000   45.0000   37.5000 2107.8105   17.3340
    7.5000   45.0000   37.5000 2100.9792   17.4168
   -7.5000  -45.0000   45.0000 2207.0339   16.8598
    0.0000  -45.0000   45.0000 2229.5740   16.6938
    7.5000  -45.0000   45.0000 2212.6150   16.9029
   -7.5000  -37.5000   45.0000 2322.1304   15.3835
    0.0000  -37.5000   45.0000 2349.8706   15.2366
    7.5000  -37.5000   45.0000 2329.5554   15.3914
   -7.5000  -30.0000   45.0000 2423.1465   14.2722
    0.0000  -30.0000   45.0000 2453.7925   14.1150
    7.5000  -30.0000   45.0000 2439.6326   14.2336
   -7.5000  -22.5000   45.0000 2506.5076   13.4674
    0.0000  -22.5000   45.0000 2536.4138   13.3077
    7.5000  -22.5000   45.0000 2525.9612   13.4098
   -7.5000  -15.0000   45.0000 2563.5977   12.9490
    0.0000  -15.0000   45.0000 2590.1162   12.8073
    7.5000  -15.0000   45.0000 2583.8455   12.8921
   -7.5000   -7.5000   45.0000 2586.2988   12.7083
    0.0000   -7.5000   45.0000 2616.8560   12.5576
    7.5000   -7.5000   45.0000 2608.3682   12.6458
   -7.5000    0.0000   45.0000 2572.8037   12.6896
    0.0000    0.0000   45.0000 2598.5212   12.5410
    7.5000    0.0000   45.0000 2595.0901   12.6355
   -7.5000    7.5000   45.0000 2532.6653   12.9223
    0.0000    7.5000   45.0000 2552.3503   12.7738
    7.5000    7.5000   45.0000 2552.5803   12.8673
   -7.5000   15.0000   45.0000 2470.6724   13.4152
    0.0000   15.0000   45.0000 2489.1995   13.2569
    7.5000   15.0000   45.0000 2487.3748   13.3652
   -7.5000   22.5000   45.0000 2389.9868   14.1814
    0.0000   22.5000   45.0000 2407.5405   13.9936
    7.5000   22.5000   45.0000 2400.8889   14.0940
   -7.5000   30.0000   45.0000 2288.1418   15.2015
    0.0000   30.0000   45.0000 2304.1448   15.0118
    7.5000   30.0000   45.0000 2293.8640   15.1002
   -7.5000   37.5000   45.0000 2170.2776   16.5863
    0.0000   37.5000   45.0000 2187.1663   16.3689
    7.5000   37.5000   45.0000 2176.8950   16.4588
   -7.5000   45.0000   45.0000 2038.8348   18.3452
    0.0000   45.0000   45.0000 2050.9636   18.1560
    7.5000   45.0000   45.0000 2045.0502   18.2513

---------------------------------------------------------------------
imgreg_4dfp /opt/freesurfer/average/711-2C_as_mni_average_305 /opt/freesurfer/average/711-2B_as_mni_average_305_mask talsrcimg_g11 none talsrcimg_to_711-2C_as_mni_average_305_t4 1283
---------------------------------------------------------------------

freesurfer imgreg_4dfp.c
/opt/freesurfer/average/711-2C_as_mni_average_305.4dfp.img
       256       256       256         1
  1.000000  1.000000  1.000000
orientation T byte_order littleendian
Reading image: /opt/freesurfer/average/711-2C_as_mni_average_305.4dfp.img
dimensions:      256       256       256
mmppix:       1.0000   -1.0000   -1.0000
center:     128.0000 -129.0000 -129.0000
/opt/freesurfer/average/711-2B_as_mni_average_305_mask.4dfp.img
       256       256       256         1
  1.000000  1.000000  1.000000
orientation T byte_order littleendian
Reading mask: /opt/freesurfer/average/711-2B_as_mni_average_305_mask.4dfp.img (2306576 pixels)
talsrcimg_g11.4dfp.img
       256       256       256         1
  1.000000  1.000000  1.000000
orientation T byte_order littleendian
Reading image: talsrcimg_g11.4dfp.img
dimensions:      256       256       256
mmppix:       1.0000   -1.0000   -1.0000
center:     128.0000 -129.0000 -129.0000
rotation matrix determinant  1.000000
fimgreg.f
image alignment mode   1283 decimal      503 hex
parameters
    0.0000    0.0000   15.0000    0.0000    0.0000    0.0000
eta,q 0.92856 10.29663
niter,ni,del,rscale     5    3   12.0000    1.2000
parameter  3  0.765440 ->  0.500000 qaram    1.1500
parameter  4  0.683092 ->  0.500000 qaram    1.1500
parameter  5 -0.625529 -> -0.500000 qaram    1.1500
parameter  6  3.609231 ->  0.500000 qaram    1.1500
parameters
    0.8708   -2.0867   11.5500   -3.4500    3.4500   -3.4500
eta,q 0.93332 10.16192
  0.0825  0.0778  0.0705  0.0703  0.0719  0.0651
  0.0774  0.0752  0.0712  0.0705  0.0719  0.0663
  0.0752  0.0741  0.0724  0.0706  0.0715  0.0679
  0.0750  0.0750  0.0740  0.0711  0.0706  0.0699
  0.0754  0.0782  0.0757  0.0725  0.0700  0.0720
  0.0765  0.0831  0.0796  0.0742  0.0699  0.0741
  0.0781  0.0884  0.0864  0.0766  0.0708  0.0763
niter,ni,del,rscale     7    3   12.0000    1.2000
parameter  6  1.529876 ->  0.500000 qaram    1.3225
parameters
   -0.4173   -1.2621    8.8123   -4.1769    0.8581   -7.4175
eta,q 0.94002 10.15058
  0.0704  0.0763  0.0683  0.0670  0.0671  0.0601
  0.0687  0.0713  0.0651  0.0670  0.0649  0.0596
  0.0675  0.0680  0.0656  0.0663  0.0644  0.0616
  0.0667  0.0671  0.0671  0.0654  0.0657  0.0644
  0.0680  0.0673  0.0691  0.0647  0.0676  0.0674
  0.0716  0.0685  0.0712  0.0663  0.0697  0.0705
  0.0787  0.0722  0.0758  0.0702  0.0724  0.0731
niter,ni,del,rscale     7    3   12.0000    1.2000
parameters
   -0.2790   -1.1177    9.6372   -4.1668    1.0594   -8.7843
eta,q 0.94030 10.17378
  0.0726  0.0692  0.0753  0.0652  0.0689  0.0657
  0.0664  0.0654  0.0674  0.0648  0.0643  0.0628
  0.0619  0.0626  0.0614  0.0633  0.0610  0.0602
  0.0600  0.0600  0.0599  0.0602  0.0602  0.0603
  0.0615  0.0606  0.0617  0.0602  0.0621  0.0632
  0.0657  0.0643  0.0648  0.0631  0.0646  0.0665
  0.0715  0.0693  0.0682  0.0673  0.0670  0.0699
niter,ni,del,rscale     6    3   12.0000    1.2000
parameters
   -0.2727   -1.1416    9.7654   -3.9128    1.1646   -9.0348
eta,q 0.94036 10.17056
  0.0717  0.0683  0.0720  0.0649  0.0681  0.0671
  0.0657  0.0650  0.0645  0.0647  0.0636  0.0643
  0.0613  0.0624  0.0600  0.0633  0.0604  0.0613
  0.0597  0.0597  0.0597  0.0598  0.0596  0.0596
  0.0613  0.0606  0.0622  0.0597  0.0615  0.0615
  0.0655  0.0644  0.0652  0.0624  0.0641  0.0648
  0.0717  0.0695  0.0695  0.0664  0.0667  0.0682
niter,ni,del,rscale     5    3   12.0000    1.2000
parameters
   -0.3468   -1.2920    9.8310   -3.6458    1.2651   -9.1165
eta,q 0.94042 10.16395
  0.0711  0.0681  0.0715  0.0650  0.0678  0.0673
  0.0652  0.0648  0.0642  0.0648  0.0635  0.0644
  0.0610  0.0621  0.0600  0.0633  0.0603  0.0614
  0.0596  0.0596  0.0597  0.0598  0.0595  0.0596
  0.0613  0.0609  0.0622  0.0597  0.0614  0.0612
  0.0654  0.0648  0.0652  0.0624  0.0639  0.0644
  0.0718  0.0699  0.0695  0.0665  0.0665  0.0678
niter,ni,del,rscale     4    3   12.0000    1.2000
parameters
   -0.4357   -1.4502    9.8886   -3.3983    1.3606   -9.1691
eta,q 0.94052 10.15760
  0.0709  0.0683  0.0713  0.0652  0.0676  0.0672
  0.0650  0.0648  0.0641  0.0649  0.0634  0.0643
  0.0609  0.0618  0.0600  0.0632  0.0603  0.0613
  0.0596  0.0596  0.0596  0.0597  0.0595  0.0595
  0.0613  0.0609  0.0621  0.0597  0.0613  0.0611
  0.0653  0.0650  0.0652  0.0625  0.0637  0.0643
  0.0716  0.0699  0.0693  0.0667  0.0664  0.0676
niter,ni,del,rscale     3    3   12.0000    1.2000
parameters
   -0.5123   -1.5872    9.9421   -3.1857    1.4380   -9.2171
eta,q 0.94059 10.15167
  0.0708  0.0686  0.0711  0.0653  0.0674  0.0671
  0.0649  0.0648  0.0640  0.0650  0.0633  0.0642
  0.0608  0.0617  0.0600  0.0631  0.0602  0.0612
  0.0595  0.0595  0.0595  0.0596  0.0594  0.0594
  0.0612  0.0609  0.0620  0.0597  0.0612  0.0610
  0.0651  0.0651  0.0651  0.0627  0.0636  0.0642
  0.0714  0.0700  0.0692  0.0669  0.0663  0.0674
niter,ni,del,rscale     2    3   12.0000    1.2000
parameters
   -0.5809   -1.7042    9.9888   -2.9886    1.5070   -9.2651
eta,q 0.94065 10.14674
  0.0707  0.0688  0.0709  0.0654  0.0672  0.0670
  0.0648  0.0648  0.0639  0.0651  0.0632  0.0641
  0.0607  0.0615  0.0600  0.0630  0.0602  0.0612
  0.0594  0.0594  0.0594  0.0595  0.0593  0.0593
  0.0611  0.0609  0.0619  0.0598  0.0612  0.0609
  0.0650  0.0651  0.0651  0.0629  0.0635  0.0641
  0.0713  0.0700  0.0691  0.0670  0.0663  0.0673
niter,ni,del,rscale     1    3   12.0000    1.2000
parameters
   -0.6415   -1.8107   10.0324   -2.8108    1.5692   -9.3109
eta,q 0.94069 10.14254
  0.0706  0.0691  0.0708  0.0656  0.0671  0.0669
  0.0646  0.0648  0.0639  0.0651  0.0632  0.0640
  0.0606  0.0614  0.0600  0.0629  0.0601  0.0611
  0.0594  0.0593  0.0594  0.0594  0.0593  0.0593
  0.0610  0.0609  0.0618  0.0598  0.0611  0.0608
  0.0648  0.0652  0.0650  0.0630  0.0634  0.0640
  0.0711  0.0701  0.0690  0.0671  0.0662  0.0672
registration optimization eta report
parameter search radius
    6.0000    6.0000    6.9000    6.9000    6.9000    7.9350
100000*second partial in parameter space
       32.       27.       22.       13.       15.       11.
  0.0706  0.0691  0.0708  0.0656  0.0671  0.0669
  0.0646  0.0648  0.0639  0.0651  0.0632  0.0640
  0.0606  0.0614  0.0600  0.0629  0.0601  0.0611
  0.0594  0.0593  0.0594  0.0594  0.0593  0.0593
  0.0610  0.0609  0.0618  0.0598  0.0611  0.0608
  0.0648  0.0652  0.0650  0.0630  0.0634  0.0640
  0.0711  0.0701  0.0690  0.0671  0.0662  0.0672
   -0.6415   -1.8107   10.0324   -2.8108    1.5692   -9.3109
eta,q 0.94069 10.14254

---------------------------------------------------------------------
imgreg_4dfp /opt/freesurfer/average/711-2C_as_mni_average_305 /opt/freesurfer/average/711-2B_as_mni_average_305_mask talsrcimg_g11 none talsrcimg_to_711-2C_as_mni_average_305_t4 3335
---------------------------------------------------------------------

freesurfer imgreg_4dfp.c
/opt/freesurfer/average/711-2C_as_mni_average_305.4dfp.img
       256       256       256         1
  1.000000  1.000000  1.000000
orientation T byte_order littleendian
Reading image: /opt/freesurfer/average/711-2C_as_mni_average_305.4dfp.img
dimensions:      256       256       256
mmppix:       1.0000   -1.0000   -1.0000
center:     128.0000 -129.0000 -129.0000
/opt/freesurfer/average/711-2B_as_mni_average_305_mask.4dfp.img
       256       256       256         1
  1.000000  1.000000  1.000000
orientation T byte_order littleendian
Reading mask: /opt/freesurfer/average/711-2B_as_mni_average_305_mask.4dfp.img (2306576 pixels)
talsrcimg_g11.4dfp.img
       256       256       256         1
  1.000000  1.000000  1.000000
orientation T byte_order littleendian
Reading image: talsrcimg_g11.4dfp.img
dimensions:      256       256       256
mmppix:       1.0000   -1.0000   -1.0000
center:     128.0000 -129.0000 -129.0000
fimgreg.f
image alignment mode   3335 decimal      D07 hex
parameters
   -0.6415   -1.8107   10.0324   -1.3545   -1.4579   -0.1578
   16.2922   -1.9057  -16.1731    5.2817    2.7384   -4.9019
eta,q 0.93947 10.18623
niter,ni,del,rscale     5    3    5.0000    1.2000
parameter  4  2.584933 ->  0.500000 qaram    1.1500
parameter  5  2.851027 ->  0.500000 qaram    1.1500
parameter  6  2.164186 ->  0.500000 qaram    1.1500
parameter  7  0.758774 ->  0.500000 qaram    1.1500
parameter 10  0.670000 ->  0.500000 qaram    1.1500
parameters
   -0.5787   -1.5301   11.1930   -5.4945   -5.5979   -4.2978
   12.1522   -1.9657  -13.7034    1.1417   -0.8352   -6.8529
eta,q 0.95956  9.30697
  0.0625  0.0627  0.0626  0.0518  0.0455  0.0394  0.0422  0.0452  0.0446  0.0413  0.0409  0.0412
  0.0615  0.0616  0.0617  0.0538  0.0481  0.0421  0.0420  0.0435  0.0434  0.0408  0.0406  0.0406
  0.0608  0.0608  0.0610  0.0567  0.0512  0.0455  0.0423  0.0425  0.0425  0.0411  0.0406  0.0404
  0.0605  0.0605  0.0605  0.0602  0.0546  0.0489  0.0430  0.0421  0.0421  0.0419  0.0409  0.0406
  0.0607  0.0606  0.0602  0.0641  0.0585  0.0532  0.0441  0.0425  0.0419  0.0431  0.0413  0.0410
  0.0613  0.0611  0.0602  0.0684  0.0629  0.0585  0.0455  0.0436  0.0421  0.0445  0.0420  0.0416
  0.0623  0.0618  0.0606  0.0728  0.0676  0.0643  0.0471  0.0453  0.0425  0.0464  0.0429  0.0424
niter,ni,del,rscale     7    3    5.0000    1.2000
parameter  4  1.022541 ->  0.500000 qaram    1.3225
parameter  5  1.252240 ->  0.500000 qaram    1.3225
parameter  6  0.928561 ->  0.500000 qaram    1.3225
parameters
   -0.1838   -1.3318   10.5068  -10.2555  -10.3589   -9.0588
   12.5904   -0.5515  -14.3463    2.7632   -0.2807   -6.6931
eta,q 0.97160  8.77736
  0.0439  0.0425  0.0411  0.0361  0.0316  0.0288  0.0319  0.0346  0.0300  0.0336  0.0302  0.0297
  0.0423  0.0413  0.0405  0.0365  0.0326  0.0287  0.0304  0.0321  0.0292  0.0312  0.0293  0.0290
  0.0411  0.0406  0.0402  0.0378  0.0343  0.0299  0.0294  0.0301  0.0287  0.0295  0.0287  0.0286
  0.0404  0.0404  0.0404  0.0402  0.0367  0.0330  0.0289  0.0288  0.0286  0.0286  0.0284  0.0284
  0.0404  0.0405  0.0409  0.0439  0.0400  0.0376  0.0290  0.0286  0.0289  0.0285  0.0285  0.0285
  0.0411  0.0410  0.0417  0.0482  0.0440  0.0424  0.0299  0.0296  0.0296  0.0292  0.0290  0.0289
  0.0423  0.0419  0.0427  0.0529  0.0487  0.0481  0.0314  0.0316  0.0307  0.0308  0.0298  0.0296
niter,ni,del,rscale     7    3    5.0000    1.2000
parameter  2 -0.660935 -> -0.500000 qaram    1.1500
parameter  5  0.593568 ->  0.500000 qaram    1.5209
parameter 10 -0.593538 -> -0.500000 qaram    1.3225
parameters
    0.1776    0.0482    9.5019  -12.9599  -15.8341  -12.8004
   13.1678    0.3502  -15.5744    7.5242    0.3287   -7.6471
eta,q 0.97571  8.41996
  0.0320  0.0327  0.0279  0.0293  0.0261  0.0268  0.0283  0.0295  0.0267  0.0315  0.0255  0.0251
  0.0302  0.0308  0.0273  0.0279  0.0256  0.0261  0.0270  0.0277  0.0259  0.0291  0.0249  0.0246
  0.0290  0.0294  0.0271  0.0270  0.0257  0.0256  0.0261  0.0264  0.0256  0.0271  0.0245  0.0243
  0.0284  0.0283  0.0275  0.0271  0.0270  0.0255  0.0257  0.0257  0.0256  0.0255  0.0243  0.0243
  0.0284  0.0277  0.0283  0.0286  0.0291  0.0278  0.0258  0.0257  0.0260  0.0245  0.0243  0.0245
  0.0291  0.0275  0.0296  0.0316  0.0324  0.0325  0.0265  0.0265  0.0267  0.0244  0.0246  0.0250
  0.0304  0.0277  0.0311  0.0360  0.0365  0.0383  0.0278  0.0281  0.0277  0.0251  0.0252  0.0256
niter,ni,del,rscale     7    3    5.0000    1.2000
parameters
    0.6053    1.2878    8.3643  -12.2190  -17.4834  -14.7608
   13.0649    1.1473  -15.7895    8.6248    0.1727   -9.6492
eta,q 0.97688  8.32573
  0.0279  0.0302  0.0236  0.0273  0.0266  0.0255  0.0259  0.0276  0.0251  0.0284  0.0241  0.0236
  0.0262  0.0276  0.0232  0.0256  0.0248  0.0243  0.0246  0.0258  0.0241  0.0259  0.0236  0.0233
  0.0250  0.0256  0.0232  0.0242  0.0234  0.0236  0.0237  0.0243  0.0235  0.0242  0.0233  0.0231
  0.0243  0.0242  0.0235  0.0232  0.0231  0.0231  0.0234  0.0234  0.0233  0.0233  0.0232  0.0232
  0.0242  0.0235  0.0241  0.0230  0.0241  0.0235  0.0237  0.0234  0.0236  0.0234  0.0233  0.0235
  0.0248  0.0237  0.0249  0.0241  0.0264  0.0263  0.0246  0.0244  0.0243  0.0246  0.0236  0.0240
  0.0261  0.0246  0.0260  0.0268  0.0304  0.0306  0.0260  0.0263  0.0253  0.0266  0.0242  0.0247
niter,ni,del,rscale     6    3    5.0000    1.2000
parameters
    0.7418    1.5149    7.9090  -11.8917  -17.5791  -15.2382
   13.1481    1.3330  -15.8042    9.1172   -0.0128  -10.3011
eta,q 0.97694  8.31762
  0.0262  0.0270  0.0239  0.0268  0.0275  0.0261  0.0258  0.0269  0.0250  0.0277  0.0239  0.0238
  0.0246  0.0249  0.0233  0.0252  0.0256  0.0247  0.0244  0.0251  0.0240  0.0253  0.0235  0.0234
  0.0236  0.0236  0.0231  0.0240  0.0239  0.0237  0.0234  0.0238  0.0233  0.0238  0.0232  0.0231
  0.0231  0.0231  0.0231  0.0231  0.0230  0.0230  0.0231  0.0231  0.0231  0.0231  0.0231  0.0231
  0.0233  0.0234  0.0234  0.0230  0.0234  0.0228  0.0234  0.0234  0.0233  0.0234  0.0232  0.0232
  0.0242  0.0243  0.0240  0.0242  0.0251  0.0243  0.0243  0.0247  0.0240  0.0247  0.0235  0.0236
  0.0256  0.0258  0.0247  0.0270  0.0283  0.0279  0.0257  0.0267  0.0250  0.0268  0.0240  0.0242
niter,ni,del,rscale     5    3    5.0000    1.2000
parameters
    0.7537    1.6184    7.7907  -11.8778  -17.6156  -15.2992
   13.1792    1.3971  -15.7792    9.3085   -0.0842  -10.5100
eta,q 0.97693  8.31576
  0.0259  0.0266  0.0242  0.0266  0.0276  0.0263  0.0257  0.0268  0.0250  0.0273  0.0239  0.0239
  0.0244  0.0247  0.0235  0.0251  0.0257  0.0248  0.0243  0.0250  0.0240  0.0250  0.0235  0.0235
  0.0234  0.0235  0.0232  0.0239  0.0240  0.0238  0.0234  0.0237  0.0233  0.0236  0.0232  0.0232
  0.0231  0.0231  0.0231  0.0231  0.0231  0.0231  0.0231  0.0231  0.0231  0.0231  0.0231  0.0231
  0.0234  0.0234  0.0232  0.0231  0.0234  0.0227  0.0234  0.0234  0.0233  0.0235  0.0232  0.0232
  0.0243  0.0245  0.0237  0.0244  0.0251  0.0240  0.0243  0.0248  0.0240  0.0249  0.0235  0.0235
  0.0259  0.0260  0.0244  0.0273  0.0283  0.0273  0.0257  0.0269  0.0250  0.0270  0.0240  0.0241
niter,ni,del,rscale     4    3    5.0000    1.2000
parameters
    0.7599    1.6554    7.7659  -11.8727  -17.6306  -15.3068
   13.1837    1.4188  -15.7682    9.3767   -0.1117  -10.5781
eta,q 0.97693  8.31557
  0.0259  0.0264  0.0243  0.0266  0.0276  0.0263  0.0257  0.0268  0.0250  0.0272  0.0239  0.0239
  0.0244  0.0245  0.0236  0.0251  0.0257  0.0249  0.0243  0.0250  0.0240  0.0249  0.0235  0.0235
  0.0234  0.0234  0.0232  0.0239  0.0241  0.0238  0.0234  0.0237  0.0233  0.0236  0.0232  0.0232
  0.0231  0.0231  0.0231  0.0231  0.0231  0.0231  0.0231  0.0231  0.0231  0.0231  0.0231  0.0231
  0.0234  0.0235  0.0232  0.0231  0.0234  0.0227  0.0234  0.0234  0.0233  0.0235  0.0232  0.0232
  0.0243  0.0246  0.0236  0.0244  0.0251  0.0240  0.0243  0.0248  0.0240  0.0249  0.0235  0.0235
  0.0259  0.0261  0.0243  0.0273  0.0283  0.0273  0.0257  0.0269  0.0250  0.0271  0.0240  0.0240
niter,ni,del,rscale     3    3    5.0000    1.2000
parameters
    0.7619    1.6669    7.7583  -11.8711  -17.6376  -15.3069
   13.1788    1.4283  -15.7524    9.3955   -0.1129  -10.6027
eta,q 0.97693  8.31542
  0.0259  0.0263  0.0243  0.0266  0.0276  0.0263  0.0257  0.0267  0.0250  0.0272  0.0240  0.0240
  0.0244  0.0245  0.0236  0.0251  0.0257  0.0249  0.0243  0.0250  0.0240  0.0249  0.0235  0.0235
  0.0234  0.0234  0.0232  0.0239  0.0241  0.0238  0.0234  0.0237  0.0233  0.0236  0.0232  0.0232
  0.0231  0.0231  0.0231  0.0231  0.0231  0.0231  0.0231  0.0231  0.0231  0.0231  0.0231  0.0231
  0.0234  0.0235  0.0232  0.0231  0.0234  0.0227  0.0234  0.0234  0.0233  0.0235  0.0232  0.0232
  0.0244  0.0246  0.0236  0.0244  0.0251  0.0240  0.0243  0.0248  0.0239  0.0250  0.0235  0.0235
  0.0259  0.0261  0.0243  0.0273  0.0283  0.0273  0.0257  0.0269  0.0250  0.0271  0.0240  0.0240
registration optimization eta report
parameter search radius
    2.4000    2.7600    2.4000    9.5220   10.9503    9.5220
    8.2800    7.2000    7.2000    9.5220    7.2000    7.2000
100000*second partial in parameter space
       49.       41.       21.        4.        4.        4.
        4.        7.        4.        4.        2.        2.
  0.0259  0.0263  0.0243  0.0266  0.0276  0.0263  0.0257  0.0267  0.0250  0.0272  0.0240  0.0240
  0.0244  0.0245  0.0236  0.0251  0.0257  0.0249  0.0243  0.0250  0.0240  0.0249  0.0235  0.0235
  0.0234  0.0234  0.0232  0.0239  0.0241  0.0238  0.0234  0.0237  0.0233  0.0236  0.0232  0.0232
  0.0231  0.0231  0.0231  0.0231  0.0231  0.0231  0.0231  0.0231  0.0231  0.0231  0.0231  0.0231
  0.0234  0.0235  0.0232  0.0231  0.0234  0.0227  0.0234  0.0234  0.0233  0.0235  0.0232  0.0232
  0.0244  0.0246  0.0236  0.0244  0.0251  0.0240  0.0243  0.0248  0.0239  0.0250  0.0235  0.0235
  0.0259  0.0261  0.0243  0.0273  0.0283  0.0273  0.0257  0.0269  0.0250  0.0271  0.0240  0.0240
    0.7619    1.6669    7.7583  -11.8711  -17.6376  -15.3069
   13.1788    1.4283  -15.7524    9.3955   -0.1129  -10.6027
eta,q 0.97693  8.31542

---------------------------------------------------------------------
imgreg_4dfp /opt/freesurfer/average/711-2C_as_mni_average_305 /opt/freesurfer/average/711-2B_as_mni_average_305_mask talsrcimg_g11 none talsrcimg_to_711-2C_as_mni_average_305_t4 2311
---------------------------------------------------------------------

freesurfer imgreg_4dfp.c
/opt/freesurfer/average/711-2C_as_mni_average_305.4dfp.img
       256       256       256         1
  1.000000  1.000000  1.000000
orientation T byte_order littleendian
Reading image: /opt/freesurfer/average/711-2C_as_mni_average_305.4dfp.img
dimensions:      256       256       256
mmppix:       1.0000   -1.0000   -1.0000
center:     128.0000 -129.0000 -129.0000
/opt/freesurfer/average/711-2B_as_mni_average_305_mask.4dfp.img
       256       256       256         1
  1.000000  1.000000  1.000000
orientation T byte_order littleendian
Reading mask: /opt/freesurfer/average/711-2B_as_mni_average_305_mask.4dfp.img (2306576 pixels)
talsrcimg_g11.4dfp.img
       256       256       256         1
  1.000000  1.000000  1.000000
orientation T byte_order littleendian
Reading image: talsrcimg_g11.4dfp.img
dimensions:      256       256       256
mmppix:       1.0000   -1.0000   -1.0000
center:     128.0000 -129.0000 -129.0000
fimgreg.f
image alignment mode   2311 decimal      907 hex
parameters
    0.7619    1.6669    7.7583  -11.8711  -17.6376  -15.3069
   13.1788    1.4283  -15.7524    9.3955   -0.1129  -10.6027
eta,q 0.97693  8.31542
niter,ni,del,rscale     5    3    5.0000    0.8000
parameters
    0.7725    1.5938    7.7550  -10.5587  -16.8687  -13.5262
   12.9778    1.5282  -15.4572    9.2159   -0.4850  -11.1862
eta,q 0.97739  8.44462
  0.0244  0.0241  0.0236  0.0245  0.0244  0.0242  0.0236  0.0249  0.0237  0.0239  0.0231  0.0230
  0.0237  0.0235  0.0233  0.0239  0.0238  0.0236  0.0230  0.0237  0.0231  0.0232  0.0228  0.0228
  0.0232  0.0231  0.0231  0.0234  0.0232  0.0232  0.0227  0.0229  0.0228  0.0228  0.0226  0.0226
  0.0231  0.0231  0.0231  0.0231  0.0229  0.0229  0.0226  0.0226  0.0226  0.0226  0.0226  0.0226
  0.0232  0.0233  0.0231  0.0229  0.0229  0.0226  0.0228  0.0228  0.0227  0.0228  0.0227  0.0227
  0.0236  0.0237  0.0233  0.0231  0.0232  0.0227  0.0231  0.0236  0.0230  0.0234  0.0229  0.0229
  0.0244  0.0243  0.0236  0.0236  0.0238  0.0232  0.0237  0.0248  0.0234  0.0241  0.0233  0.0233
niter,ni,del,rscale     4    3    5.0000    0.7000
parameters
    0.7820    1.5990    8.1129  -10.7938  -16.8914  -13.0346
   12.9326    1.5975  -15.3486    9.3494   -0.6003  -11.1353
eta,q 0.97749  8.45607
  0.0237  0.0235  0.0234  0.0234  0.0235  0.0235  0.0233  0.0243  0.0233  0.0237  0.0229  0.0229
  0.0231  0.0230  0.0230  0.0230  0.0230  0.0232  0.0229  0.0234  0.0229  0.0231  0.0227  0.0227
  0.0227  0.0227  0.0227  0.0227  0.0227  0.0229  0.0226  0.0228  0.0226  0.0227  0.0226  0.0226
  0.0226  0.0226  0.0226  0.0226  0.0226  0.0226  0.0225  0.0225  0.0225  0.0225  0.0225  0.0225
  0.0227  0.0227  0.0226  0.0227  0.0227  0.0225  0.0226  0.0227  0.0226  0.0226  0.0226  0.0226
  0.0231  0.0230  0.0227  0.0231  0.0230  0.0227  0.0229  0.0233  0.0228  0.0230  0.0227  0.0227
  0.0237  0.0235  0.0229  0.0237  0.0236  0.0234  0.0233  0.0242  0.0232  0.0236  0.0230  0.0229
niter,ni,del,rscale     3    3    5.0000    0.6000
parameters
    0.7920    1.5958    8.2591  -10.8112  -16.9512  -12.6690
   12.8797    1.6073  -15.2855    9.3618   -0.6855  -11.1534
eta,q 0.97754  8.46619
  0.0233  0.0232  0.0230  0.0232  0.0232  0.0233  0.0230  0.0238  0.0230  0.0233  0.0228  0.0228
  0.0229  0.0228  0.0227  0.0229  0.0228  0.0230  0.0227  0.0231  0.0227  0.0229  0.0226  0.0226
  0.0226  0.0226  0.0226  0.0226  0.0226  0.0227  0.0225  0.0226  0.0225  0.0226  0.0225  0.0225
  0.0225  0.0225  0.0225  0.0225  0.0225  0.0225  0.0225  0.0225  0.0225  0.0225  0.0225  0.0225
  0.0226  0.0226  0.0225  0.0226  0.0226  0.0224  0.0225  0.0226  0.0225  0.0225  0.0225  0.0225
  0.0229  0.0228  0.0226  0.0228  0.0229  0.0226  0.0227  0.0231  0.0227  0.0228  0.0226  0.0226
  0.0233  0.0232  0.0228  0.0233  0.0233  0.0232  0.0231  0.0238  0.0230  0.0233  0.0228  0.0228
niter,ni,del,rscale     2    3    5.0000    0.5000
parameters
    0.7881    1.5969    8.3744  -10.7985  -16.9899  -12.3419
   12.8519    1.6073  -15.2578    9.3715   -0.7606  -11.1549
eta,q 0.97758  8.47655
  0.0230  0.0229  0.0228  0.0230  0.0230  0.0231  0.0228  0.0234  0.0228  0.0230  0.0226  0.0226
  0.0227  0.0227  0.0226  0.0227  0.0227  0.0229  0.0226  0.0229  0.0226  0.0227  0.0225  0.0225
  0.0225  0.0225  0.0225  0.0225  0.0225  0.0226  0.0225  0.0225  0.0225  0.0225  0.0224  0.0224
  0.0225  0.0225  0.0225  0.0225  0.0225  0.0225  0.0224  0.0224  0.0224  0.0224  0.0224  0.0224
  0.0225  0.0225  0.0225  0.0225  0.0225  0.0224  0.0225  0.0225  0.0225  0.0225  0.0225  0.0224
  0.0227  0.0227  0.0225  0.0227  0.0227  0.0226  0.0226  0.0228  0.0226  0.0227  0.0225  0.0225
  0.0230  0.0229  0.0227  0.0230  0.0230  0.0230  0.0229  0.0234  0.0228  0.0230  0.0227  0.0226
niter,ni,del,rscale     1    3    5.0000    0.4000
parameters
    0.7845    1.6007    8.4870  -10.7975  -17.0254  -12.0369
   12.8264    1.6075  -15.2164    9.3845   -0.8427  -11.1745
eta,q 0.97760  8.48581
  0.0228  0.0227  0.0227  0.0228  0.0228  0.0229  0.0227  0.0230  0.0227  0.0228  0.0225  0.0225
  0.0226  0.0226  0.0225  0.0226  0.0226  0.0227  0.0225  0.0227  0.0225  0.0226  0.0225  0.0225
  0.0225  0.0225  0.0225  0.0225  0.0225  0.0225  0.0224  0.0225  0.0224  0.0224  0.0224  0.0224
  0.0224  0.0224  0.0224  0.0224  0.0224  0.0224  0.0224  0.0224  0.0224  0.0224  0.0224  0.0224
  0.0225  0.0225  0.0224  0.0224  0.0225  0.0224  0.0224  0.0225  0.0224  0.0224  0.0224  0.0224
  0.0226  0.0226  0.0225  0.0226  0.0226  0.0225  0.0225  0.0227  0.0225  0.0226  0.0225  0.0225
  0.0228  0.0227  0.0226  0.0228  0.0228  0.0228  0.0227  0.0230  0.0226  0.0228  0.0226  0.0225
registration optimization eta report
parameter search radius
    0.8000    0.8000    0.8000    2.4000    2.4000    2.4000
    2.4000    2.4000    2.4000    2.4000    2.4000    2.4000
100000*second partial in parameter space
       57.       49.       29.        6.        6.        7.
        5.       11.        4.        7.        3.        2.
  0.0228  0.0227  0.0227  0.0228  0.0228  0.0229  0.0227  0.0230  0.0227  0.0228  0.0225  0.0225
  0.0226  0.0226  0.0225  0.0226  0.0226  0.0227  0.0225  0.0227  0.0225  0.0226  0.0225  0.0225
  0.0225  0.0225  0.0225  0.0225  0.0225  0.0225  0.0224  0.0225  0.0224  0.0224  0.0224  0.0224
  0.0224  0.0224  0.0224  0.0224  0.0224  0.0224  0.0224  0.0224  0.0224  0.0224  0.0224  0.0224
  0.0225  0.0225  0.0224  0.0224  0.0225  0.0224  0.0224  0.0225  0.0224  0.0224  0.0224  0.0224
  0.0226  0.0226  0.0225  0.0226  0.0226  0.0225  0.0225  0.0227  0.0225  0.0226  0.0225  0.0225
  0.0228  0.0227  0.0226  0.0228  0.0228  0.0228  0.0227  0.0230  0.0226  0.0228  0.0226  0.0225
    0.7845    1.6007    8.4870  -10.7975  -17.0254  -12.0369
   12.8264    1.6075  -15.2164    9.3845   -0.8427  -11.1745
eta,q 0.97760  8.48581

---------------------------------------------------------------------
imgreg_4dfp /opt/freesurfer/average/711-2C_as_mni_average_305 /opt/freesurfer/average/711-2B_as_mni_average_305_mask talsrcimg_g11 none talsrcimg_to_711-2C_as_mni_average_305_t4 2311
---------------------------------------------------------------------

freesurfer imgreg_4dfp.c
/opt/freesurfer/average/711-2C_as_mni_average_305.4dfp.img
       256       256       256         1
  1.000000  1.000000  1.000000
orientation T byte_order littleendian
Reading image: /opt/freesurfer/average/711-2C_as_mni_average_305.4dfp.img
dimensions:      256       256       256
mmppix:       1.0000   -1.0000   -1.0000
center:     128.0000 -129.0000 -129.0000
/opt/freesurfer/average/711-2B_as_mni_average_305_mask.4dfp.img
       256       256       256         1
  1.000000  1.000000  1.000000
orientation T byte_order littleendian
Reading mask: /opt/freesurfer/average/711-2B_as_mni_average_305_mask.4dfp.img (2306576 pixels)
talsrcimg_g11.4dfp.img
       256       256       256         1
  1.000000  1.000000  1.000000
orientation T byte_order littleendian
Reading image: talsrcimg_g11.4dfp.img
dimensions:      256       256       256
mmppix:       1.0000   -1.0000   -1.0000
center:     128.0000 -129.0000 -129.0000
fimgreg.f
image alignment mode   2311 decimal      907 hex
parameters
    0.7845    1.6007    8.4870  -10.7975  -17.0254  -12.0369
   12.8264    1.6075  -15.2164    9.3845   -0.8427  -11.1745
eta,q 0.97761  8.48582
niter,ni,del,rscale     5    3    5.0000    0.8000
parameters
    0.7690    1.6258    8.5987  -11.0909  -17.1194  -12.5658
   12.9142    1.5855  -15.2863    9.4480   -0.7549  -10.9177
eta,q 0.97754  8.45769
  0.0238  0.0237  0.0233  0.0235  0.0236  0.0235  0.0236  0.0247  0.0234  0.0239  0.0230  0.0230
  0.0230  0.0230  0.0228  0.0230  0.0230  0.0231  0.0230  0.0235  0.0229  0.0232  0.0227  0.0227
  0.0226  0.0225  0.0225  0.0225  0.0226  0.0227  0.0226  0.0228  0.0226  0.0227  0.0225  0.0225
  0.0224  0.0224  0.0224  0.0224  0.0224  0.0224  0.0225  0.0225  0.0225  0.0225  0.0225  0.0225
  0.0226  0.0225  0.0224  0.0226  0.0226  0.0225  0.0226  0.0227  0.0226  0.0226  0.0225  0.0225
  0.0231  0.0229  0.0227  0.0231  0.0230  0.0233  0.0229  0.0235  0.0229  0.0231  0.0227  0.0227
  0.0239  0.0236  0.0231  0.0240  0.0237  0.0246  0.0235  0.0248  0.0235  0.0239  0.0230  0.0229
niter,ni,del,rscale     4    3    5.0000    0.7000
parameters
    0.7768    1.5918    8.4309  -10.9373  -17.0614  -12.6682
   12.9065    1.6072  -15.2697    9.3660   -0.7473  -10.9753
eta,q 0.97754  8.45938
  0.0236  0.0234  0.0229  0.0235  0.0235  0.0234  0.0233  0.0242  0.0232  0.0235  0.0229  0.0229
  0.0230  0.0228  0.0226  0.0230  0.0229  0.0231  0.0228  0.0233  0.0228  0.0230  0.0227  0.0226
  0.0226  0.0225  0.0225  0.0226  0.0226  0.0227  0.0225  0.0227  0.0226  0.0226  0.0225  0.0225
  0.0225  0.0225  0.0225  0.0224  0.0224  0.0224  0.0225  0.0225  0.0225  0.0225  0.0225  0.0225
  0.0226  0.0226  0.0226  0.0225  0.0225  0.0224  0.0226  0.0226  0.0225  0.0226  0.0225  0.0225
  0.0229  0.0229  0.0228  0.0228  0.0229  0.0229  0.0228  0.0232  0.0228  0.0230  0.0226  0.0226
  0.0236  0.0234  0.0231  0.0234  0.0234  0.0238  0.0233  0.0242  0.0232  0.0236  0.0229  0.0229
niter,ni,del,rscale     3    3    5.0000    0.6000
parameters
    0.7816    1.5869    8.3903  -10.8494  -17.0204  -12.5222
   12.8819    1.6087  -15.2516    9.3528   -0.7531  -11.0756
eta,q 0.97756  8.46801
  0.0233  0.0232  0.0228  0.0232  0.0232  0.0233  0.0230  0.0238  0.0230  0.0233  0.0228  0.0227
  0.0228  0.0228  0.0226  0.0228  0.0228  0.0230  0.0227  0.0231  0.0227  0.0228  0.0226  0.0226
  0.0225  0.0225  0.0225  0.0226  0.0226  0.0227  0.0225  0.0226  0.0225  0.0225  0.0225  0.0225
  0.0225  0.0225  0.0225  0.0225  0.0225  0.0225  0.0224  0.0224  0.0224  0.0224  0.0224  0.0224
  0.0225  0.0225  0.0225  0.0225  0.0225  0.0224  0.0225  0.0226  0.0225  0.0225  0.0225  0.0225
  0.0228  0.0228  0.0227  0.0227  0.0228  0.0227  0.0227  0.0230  0.0227  0.0228  0.0226  0.0226
  0.0233  0.0232  0.0229  0.0232  0.0232  0.0233  0.0230  0.0238  0.0230  0.0233  0.0228  0.0228
niter,ni,del,rscale     2    3    5.0000    0.5000
parameters
    0.7842    1.5924    8.4307  -10.8156  -17.0096  -12.2837
   12.8495    1.6062  -15.2415    9.3647   -0.8110  -11.1190
eta,q 0.97759  8.47741
  0.0230  0.0229  0.0227  0.0230  0.0230  0.0231  0.0228  0.0234  0.0228  0.0230  0.0226  0.0226
  0.0227  0.0227  0.0226  0.0227  0.0227  0.0228  0.0226  0.0229  0.0226  0.0227  0.0225  0.0225
  0.0225  0.0225  0.0225  0.0225  0.0225  0.0226  0.0225  0.0225  0.0225  0.0225  0.0224  0.0224
  0.0224  0.0224  0.0224  0.0224  0.0224  0.0224  0.0224  0.0224  0.0224  0.0224  0.0224  0.0224
  0.0225  0.0225  0.0225  0.0225  0.0225  0.0224  0.0225  0.0225  0.0225  0.0225  0.0224  0.0224
  0.0227  0.0227  0.0226  0.0227  0.0227  0.0226  0.0226  0.0228  0.0226  0.0227  0.0225  0.0225
  0.0230  0.0229  0.0227  0.0230  0.0230  0.0230  0.0228  0.0234  0.0228  0.0230  0.0227  0.0226
niter,ni,del,rscale     1    3    5.0000    0.4000
parameters
    0.7809    1.6000    8.5090  -10.8054  -17.0348  -12.0146
   12.8347    1.6021  -15.1952    9.3784   -0.8542  -11.1520
eta,q 0.97761  8.48594
  0.0228  0.0227  0.0226  0.0227  0.0228  0.0229  0.0227  0.0230  0.0227  0.0228  0.0225  0.0225
  0.0226  0.0226  0.0225  0.0226  0.0226  0.0227  0.0225  0.0227  0.0225  0.0226  0.0225  0.0225
  0.0225  0.0225  0.0224  0.0225  0.0225  0.0225  0.0224  0.0225  0.0224  0.0224  0.0224  0.0224
  0.0224  0.0224  0.0224  0.0224  0.0224  0.0224  0.0224  0.0224  0.0224  0.0224  0.0224  0.0224
  0.0225  0.0224  0.0224  0.0224  0.0225  0.0224  0.0224  0.0225  0.0224  0.0224  0.0224  0.0224
  0.0226  0.0225  0.0225  0.0226  0.0226  0.0225  0.0225  0.0227  0.0225  0.0226  0.0225  0.0225
  0.0228  0.0227  0.0226  0.0228  0.0228  0.0228  0.0227  0.0230  0.0226  0.0228  0.0226  0.0225
registration optimization eta report
parameter search radius
    0.8000    0.8000    0.8000    2.4000    2.4000    2.4000
    2.4000    2.4000    2.4000    2.4000    2.4000    2.4000
100000*second partial in parameter space
       57.       49.       29.        6.        6.        7.
        5.       11.        4.        7.        3.        2.
  0.0228  0.0227  0.0226  0.0227  0.0228  0.0229  0.0227  0.0230  0.0227  0.0228  0.0225  0.0225
  0.0226  0.0226  0.0225  0.0226  0.0226  0.0227  0.0225  0.0227  0.0225  0.0226  0.0225  0.0225
  0.0225  0.0225  0.0224  0.0225  0.0225  0.0225  0.0224  0.0225  0.0224  0.0224  0.0224  0.0224
  0.0224  0.0224  0.0224  0.0224  0.0224  0.0224  0.0224  0.0224  0.0224  0.0224  0.0224  0.0224
  0.0225  0.0224  0.0224  0.0224  0.0225  0.0224  0.0224  0.0225  0.0224  0.0224  0.0224  0.0224
  0.0226  0.0225  0.0225  0.0226  0.0226  0.0225  0.0225  0.0227  0.0225  0.0226  0.0225  0.0225
  0.0228  0.0227  0.0226  0.0228  0.0228  0.0228  0.0227  0.0230  0.0226  0.0228  0.0226  0.0225
    0.7809    1.6000    8.5090  -10.8054  -17.0348  -12.0146
   12.8347    1.6021  -15.1952    9.3784   -0.8542  -11.1520
eta,q 0.97761  8.48594

---------------------------------------------------------------------
compute_vox2vox talsrcimg talsrcimg_to_711-2C_as_mni_average_305_t4 /opt/freesurfer/average/711-2C_as_mni_average_305
---------------------------------------------------------------------

freesurfer compute_vox2vox.c
Reading: talsrcimg.4dfp.ifh
Reading: talsrcimg_to_711-2C_as_mni_average_305_t4
Reading: /opt/freesurfer/average/711-2C_as_mni_average_305.4dfp.ifh
Writing: talsrcimg_to_711-2C_as_mni_average_305_t4_vox2vox.txt

start time Fri Mar 6 18:32:38 CET 2026
end		time Fri Mar 6 18:32:52 CET 2026

mpr2mni305 success

avi2talxfm orig_nu.mgz /opt/freesurfer/average/mni305.cor.mgz talsrcimg_to_711-2C_as_mni_average_305_t4_vox2vox.txt transforms/talairach.auto.xfm
avi2talxfm done
mv -f /out/sourcedata/freesurfer/sub-v1s11x0050164_ses-1/mri/talsrcimg_to_711-2C_as_mni_average_305_t4_vox2vox.txt /out/sourcedata/freesurfer/sub-v1s11x0050164_ses-1/mri/transforms/talsrcimg_to_711-2C_as_mni_average_305_t4_vox2vox.txt
lta_convert --src orig_nu.mgz --trg /opt/freesurfer/average/mni305.cor.mgz --inxfm transforms/talairach.auto.xfm --outlta transforms/talairach.auto.xfm.lta --subject fsaverage
7.3.2

--src: orig_nu.mgz src image (geometry).
--trg: /opt/freesurfer/average/mni305.cor.mgz trg image (geometry).
--inmni: transforms/talairach.auto.xfm input MNI/XFM transform.
--outlta: transforms/talairach.auto.xfm.lta output LTA.
--s: fsaverage subject name
 LTA read, type : 1
 1.09230  -0.00185  -0.16923  -6.53045;
 0.03545   1.12044   0.14512  -17.32274;
 0.19605  -0.12699   1.15793  -10.82715;
 0.00000   0.00000   0.00000   1.00000;
setting subject to fsaverage
Writing  LTA to file transforms/talairach.auto.xfm.lta...
lta_convert successful.
 
 
Started at Fri Mar 6 18:32:38 CET 2026
Ended   at Fri Mar  6 18:32:53 CET 2026
talairach_avi done
