/out/sourcedata/freesurfer/sub-v1s10x0050998_ses-1/mri
/opt/freesurfer/bin/talairach_avi
--i orig_nu.mgz --xfm transforms/talairach.auto.xfm
talairach_avi 7.3.2
Linux dna063 5.14.0-427.37.1.el9_4.x86_64 #1 SMP PREEMPT_DYNAMIC Fri Sep 13 12:41:50 EDT 2024 x86_64 x86_64 x86_64 GNU/Linux
Fri Mar  6 06:24:55 CET 2026
mri_convert orig_nu.mgz talsrcimg.img 
reading from orig_nu.mgz...
TR=0.00, TE=0.00, TI=0.00, flip angle=0.00
i_ras = (-1, 0, 0)
j_ras = (0, 0, -1)
k_ras = (0, 1, 0)
writing to talsrcimg.img...
Analyze Output Matrix
-1.00000   0.00000   0.00000   132.55667;
 0.00000   0.00000   1.00000  -128.00000;
 0.00000  -1.00000   0.00000   111.92770;
 0.00000   0.00000   0.00000   1.00000;
--------------------
INFO: set hdr.hist.orient to -1
mpr2mni305 talsrcimg
Fri Mar  6 06:24:56 CET 2026
/opt/freesurfer/bin/mpr2mni305 talsrcimg
mpr2mni305 7.3.2
target=711-2C_as_mni_average_305

---------------------------------------------------------------------
analyzeto4dfp talsrcimg -O0 -y
---------------------------------------------------------------------

freesurfer ifh2hdr.c
Fri Mar  6 06:24:56 2026
Writing: talsrcimg.4dfp.hdr
freesurfer analyzeto4dfp.c
Reading: talsrcimg.hdr
header size 348 bytes
hdr.dime.datatype	offset=70	value=2
hdr.dime.bitpix		offset=72	value=8
hdr.hist.orient		offset=252	value=-1
dimensionality     4
dimensions       256       256       256         1
Reading: talsrcimg.img
Writing: talsrcimg.4dfp.img
Writing: talsrcimg.4dfp.ifh
ifh2hdr talsrcimg -r0to207
ori=2

---------------------------------------------------------------------
gauss_4dfp talsrcimg 1.1
---------------------------------------------------------------------

freesurfer gauss_4dfp.c
Reading: talsrcimg.4dfp.img
Writing: talsrcimg_g11.4dfp.img
image dimensions 256 256 256 padded to 288 288 288
processing volume 1freesurfer ifh2hdr.c
Fri Mar  6 06:24:58 2026
Writing: talsrcimg_g11.4dfp.hdr

Writing: talsrcimg_g11.4dfp.ifh
including: talsrcimg.4dfp.img.rec in talsrcimg_g11.4dfp.img.rec

---------------------------------------------------------------------
imgreg_4dfp /opt/freesurfer/average/711-2C_as_mni_average_305 none talsrcimg_g11 none talsrcimg_to_711-2C_as_mni_average_305_t4 4355
---------------------------------------------------------------------

freesurfer imgreg_4dfp.c
/opt/freesurfer/average/711-2C_as_mni_average_305.4dfp.img
       256       256       256         1
  1.000000  1.000000  1.000000
orientation T byte_order littleendian
Reading image: /opt/freesurfer/average/711-2C_as_mni_average_305.4dfp.img
dimensions:      256       256       256
mmppix:       1.0000   -1.0000   -1.0000
center:     128.0000 -129.0000 -129.0000
talsrcimg_g11.4dfp.img
       256       256       256         1
  1.000000  1.000000  1.000000
orientation T byte_order littleendian
Reading image: talsrcimg_g11.4dfp.img
dimensions:      256       256       256
mmppix:       1.0000   -1.0000   -1.0000
center:     128.0000 -129.0000 -129.0000
t4_read: open error in t4_sub.f l:  41 t4_file(1:l)talsrcimg_to_711-2C_as_mni_average_305_t4 
t4_read: transform initialized to I4
rotation matrix determinant  1.000000
image alignment mode   4355 decimal     1103 hex
   -7.5000  -45.0000  -45.0000 7755.0449   18.8978
    0.0000  -45.0000  -45.0000 8080.9585   18.8819
    7.5000  -45.0000  -45.0000 7707.3760   18.8819
   -7.5000  -37.5000  -45.0000 8117.5146   18.8723
    0.0000  -37.5000  -45.0000 8464.8701   18.8518
    7.5000  -37.5000  -45.0000 8049.5127   18.8452
   -7.5000  -30.0000  -45.0000 8749.1045   18.8404
    0.0000  -30.0000  -45.0000 9132.2949   18.8210
    7.5000  -30.0000  -45.0000 8684.7158   18.8097
   -7.5000  -22.5000  -45.0000 9316.0645   18.8349
    0.0000  -22.5000  -45.0000 9723.1953   18.8223
    7.5000  -22.5000  -45.0000 9246.3594   18.8132
   -7.5000  -15.0000  -45.0000 9831.2021   18.8576
    0.0000  -15.0000  -45.000010260.1523   18.8491
    7.5000  -15.0000  -45.0000 9784.1055   18.8468
   -7.5000   -7.5000  -45.000010267.9600   18.8886
    0.0000   -7.5000  -45.000010703.6143   18.8781
    7.5000   -7.5000  -45.000010235.1865   18.8801
   -7.5000    0.0000  -45.000010612.6240   18.8978
    0.0000    0.0000  -45.000011060.7451   18.8819
    7.5000    0.0000  -45.000010554.4756   18.8819
   -7.5000    7.5000  -45.000010237.7529   18.8723
    0.0000    7.5000  -45.000010644.4854   18.8518
    7.5000    7.5000  -45.000010145.5635   18.8452
   -7.5000   15.0000  -45.0000 9701.2402   18.8404
    0.0000   15.0000  -45.000010083.8799   18.8210
    7.5000   15.0000  -45.0000 9604.3838   18.8097
   -7.5000   22.5000  -45.0000 9057.8770   18.8323
    0.0000   22.5000  -45.0000 9415.8945   18.8197
    7.5000   22.5000  -45.0000 8973.4570   18.8106
   -7.5000   30.0000  -45.0000 8363.3545   18.6063
    0.0000   30.0000  -45.0000 8674.3838   18.5979
    7.5000   30.0000  -45.0000 8251.1719   18.5956
   -7.5000   37.5000  -45.0000 7924.9917   18.6369
    0.0000   37.5000  -45.0000 8210.5879   18.6265
    7.5000   37.5000  -45.0000 7798.7964   18.6285
   -7.5000   45.0000  -45.0000 7096.7051   18.1747
    0.0000   45.0000  -45.0000 7332.9346   18.1594
    7.5000   45.0000  -45.0000 6959.7041   18.1595
   -7.5000  -45.0000  -37.5000 8280.7656   18.6165
    0.0000  -45.0000  -37.5000 8648.7207   18.5979
    7.5000  -45.0000  -37.5000 8238.7559   18.6004
   -7.5000  -37.5000  -37.5000 8652.1074   18.5954
    0.0000  -37.5000  -37.5000 9052.2480   18.5717
    7.5000  -37.5000  -37.5000 8597.0410   18.5679
   -7.5000  -30.0000  -37.5000 9289.8828   18.5634
    0.0000  -30.0000  -37.5000 9714.7998   18.5426
    7.5000  -30.0000  -37.5000 9228.2285   18.5332
   -7.5000  -22.5000  -37.5000 9871.5010   18.5532
    0.0000  -22.5000  -37.500010320.7178   18.5411
    7.5000  -22.5000  -37.5000 9825.1816   18.5314
   -7.5000  -15.0000  -37.500010438.9541   18.5711
    0.0000  -15.0000  -37.500010892.2900   18.5635
    7.5000  -15.0000  -37.500010386.6924   18.5603
   -7.5000   -7.5000  -37.500010911.2637   18.6023
    0.0000   -7.5000  -37.500011383.8770   18.5913
    7.5000   -7.5000  -37.500010853.8574   18.5946
   -7.5000    0.0000  -37.500011266.2607   18.6165
    0.0000    0.0000  -37.500011772.5039   18.5979
    7.5000    0.0000  -37.500011206.1260   18.6004
   -7.5000    7.5000  -37.500010841.0244   18.5954
    0.0000    7.5000  -37.500011308.6104   18.5717
    7.5000    7.5000  -37.500010756.9131   18.5679
   -7.5000   15.0000  -37.500010256.3037   18.5634
    0.0000   15.0000  -37.500010684.9150   18.5426
    7.5000   15.0000  -37.500010177.6670   18.5332
   -7.5000   22.5000  -37.5000 9570.9297   18.5507
    0.0000   22.5000  -37.5000 9959.4893   18.5385
    7.5000   22.5000  -37.5000 9474.7725   18.5289
   -7.5000   30.0000  -37.5000 8840.2207   18.3236
    0.0000   30.0000  -37.5000 9168.3184   18.3161
    7.5000   30.0000  -37.5000 8720.1367   18.3129
   -7.5000   37.5000  -37.5000 8350.8271   18.3544
    0.0000   37.5000  -37.5000 8647.2002   18.3435
    7.5000   37.5000  -37.5000 8224.5771   18.3468
   -7.5000   45.0000  -37.5000 7462.4214   17.9038
    0.0000   45.0000  -37.5000 7716.3931   17.8860
    7.5000   45.0000  -37.5000 7329.5273   17.8884
   -7.5000  -45.0000  -30.0000 8988.5195   19.1964
    0.0000  -45.0000  -30.0000 9404.3047   19.1808
    7.5000  -45.0000  -30.0000 8934.4814   19.1836
   -7.5000  -37.5000  -30.0000 9368.0078   19.1772
    0.0000  -37.5000  -30.0000 9800.9541   19.1547
    7.5000  -37.5000  -30.0000 9307.4033   19.1529
   -7.5000  -30.0000  -30.000010038.8838   19.1506
    0.0000  -30.0000  -30.000010510.7354   19.1287
    7.5000  -30.0000  -30.0000 9982.8848   19.1225
   -7.5000  -22.5000  -30.000010659.5723   19.1448
    0.0000  -22.5000  -30.000011157.8359   19.1309
    7.5000  -22.5000  -30.000010606.4453   19.1226
   -7.5000  -15.0000  -30.000011253.4482   19.1610
    0.0000  -15.0000  -30.000011761.7461   19.1529
    7.5000  -15.0000  -30.000011175.7607   19.1488
   -7.5000   -7.5000  -30.000011758.9492   19.1861
    0.0000   -7.5000  -30.000012286.6670   19.1769
    7.5000   -7.5000  -30.000011687.8398   19.1794
   -7.5000    0.0000  -30.000012148.8496   19.1964
    0.0000    0.0000  -30.000012701.3818   19.1808
    7.5000    0.0000  -30.000012076.7402   19.1836
   -7.5000    7.5000  -30.000011632.5234   19.1772
    0.0000    7.5000  -30.000012165.8750   19.1547
    7.5000    7.5000  -30.000011557.6328   19.1529
   -7.5000   15.0000  -30.000010973.9004   19.1506
    0.0000   15.0000  -30.000011469.8809   19.1287
    7.5000   15.0000  -30.000010900.4551   19.1225
   -7.5000   22.5000  -30.000010212.5498   19.1402
    0.0000   22.5000  -30.000010657.2422   19.1263
    7.5000   22.5000  -30.000010144.4160   19.1180
   -7.5000   30.0000  -30.0000 9425.0205   18.9075
    0.0000   30.0000  -30.0000 9798.2627   18.8995
    7.5000   30.0000  -30.0000 9328.1094   18.8955
   -7.5000   37.5000  -30.0000 8905.1240   18.9322
    0.0000   37.5000  -30.0000 9238.1387   18.9232
    7.5000   37.5000  -30.0000 8789.3164   18.9257
   -7.5000   45.0000  -30.0000 7950.9907   18.4749
    0.0000   45.0000  -30.0000 8229.2578   18.4599
    7.5000   45.0000  -30.0000 7831.8667   18.4627
   -7.5000  -45.0000  -22.5000 9737.8086   19.8306
    0.0000  -45.0000  -22.500010190.2783   19.8234
    7.5000  -45.0000  -22.5000 9693.1455   19.8219
   -7.5000  -37.5000  -22.500010149.5469   19.8092
    0.0000  -37.5000  -22.500010618.4082   19.7943
    7.5000  -37.5000  -22.500010099.0000   19.7893
   -7.5000  -30.0000  -22.500010862.3721   19.7880
    0.0000  -30.0000  -22.500011375.0781   19.7695
    7.5000  -30.0000  -22.500010799.0078   19.7616
   -7.5000  -22.5000  -22.500011529.8984   19.7898
    0.0000  -22.5000  -22.500012059.7939   19.7760
    7.5000  -22.5000  -22.500011446.0146   19.7668
   -7.5000  -15.0000  -22.500012146.7998   19.8084
    0.0000  -15.0000  -22.500012701.1426   19.8008
    7.5000  -15.0000  -22.500012068.1943   19.7943
   -7.5000   -7.5000  -22.500012686.5381   19.8282
    0.0000   -7.5000  -22.500013261.7852   19.8234
    7.5000   -7.5000  -22.500012597.7168   19.8216
   -7.5000    0.0000  -22.500013105.9541   19.8306
    0.0000    0.0000  -22.500013696.6719   19.8234
    7.5000    0.0000  -22.500013016.6572   19.8219
   -7.5000    7.5000  -22.500012518.5479   19.8092
    0.0000    7.5000  -22.500013089.4531   19.7943
    7.5000    7.5000  -22.500012426.9775   19.7893
   -7.5000   15.0000  -22.500011795.9941   19.7880
    0.0000   15.0000  -22.500012323.4375   19.7695
    7.5000   15.0000  -22.500011714.0684   19.7616
   -7.5000   22.5000  -22.500010946.2061   19.7837
    0.0000   22.5000  -22.500011421.5479   19.7699
    7.5000   22.5000  -22.500010848.8770   19.7607
   -7.5000   30.0000  -22.500010076.4131   19.5493
    0.0000   30.0000  -22.500010505.1543   19.5417
    7.5000   30.0000  -22.5000 9986.1484   19.5354
   -7.5000   37.5000  -22.5000 9500.0234   19.5688
    0.0000   37.5000  -22.5000 9859.4531   19.5641
    7.5000   37.5000  -22.5000 9384.7803   19.5623
   -7.5000   45.0000  -22.5000 8474.4141   19.0997
    0.0000   45.0000  -22.5000 8773.0488   19.0928
    7.5000   45.0000  -22.5000 8354.6201   19.0914
   -7.5000  -45.0000  -15.000010528.2314   20.3027
    0.0000  -45.0000  -15.000011020.7998   20.3003
    7.5000  -45.0000  -15.000010495.7656   20.2944
   -7.5000  -37.5000  -15.000010968.7041   20.2754
    0.0000  -37.5000  -15.000011468.6533   20.2665
    7.5000  -37.5000  -15.000010921.8750   20.2569
   -7.5000  -30.0000  -15.000011728.7314   20.2521
    0.0000  -30.0000  -15.000012263.7676   20.2375
    7.5000  -30.0000  -15.000011658.4180   20.2256
   -7.5000  -22.5000  -15.000012444.4658   20.2570
    0.0000  -22.5000  -15.000013001.2256   20.2445
    7.5000  -22.5000  -15.000012342.3740   20.2336
   -7.5000  -15.0000  -15.000013086.5508   20.2815
    0.0000  -15.0000  -15.000013694.4941   20.2738
    7.5000  -15.0000  -15.000012994.5400   20.2661
   -7.5000   -7.5000  -15.000013646.7354   20.3037
    0.0000   -7.5000  -15.000014282.2090   20.3005
    7.5000   -7.5000  -15.000013553.6641   20.2955
   -7.5000    0.0000  -15.000014072.7402   20.3027
    0.0000    0.0000  -15.000014727.7148   20.3003
    7.5000    0.0000  -15.000013977.0820   20.2944
   -7.5000    7.5000  -15.000013400.3457   20.2754
    0.0000    7.5000  -15.000014026.4111   20.2665
    7.5000    7.5000  -15.000013314.9873   20.2569
   -7.5000   15.0000  -15.000012618.3936   20.2521
    0.0000   15.0000  -15.000013218.5645   20.2375
    7.5000   15.0000  -15.000012552.6221   20.2256
   -7.5000   22.5000  -15.000011693.3838   20.2499
    0.0000   22.5000  -15.000012223.8516   20.2373
    7.5000   22.5000  -15.000011619.9854   20.2265
   -7.5000   30.0000  -15.000010749.2012   20.0190
    0.0000   30.0000  -15.000011207.4258   20.0114
    7.5000   30.0000  -15.000010654.1377   20.0038
   -7.5000   37.5000  -15.000010114.0186   20.0410
    0.0000   37.5000  -15.000010503.3262   20.0378
    7.5000   37.5000  -15.0000 9999.9434   20.0328
   -7.5000   45.0000  -15.0000 9009.7422   19.5664
    0.0000   45.0000  -15.0000 9343.2725   19.5641
    7.5000   45.0000  -15.0000 8901.1543   19.5585
   -7.5000  -45.0000   -7.500011386.7217   20.5200
    0.0000  -45.0000   -7.500011933.6895   20.5128
    7.5000  -45.0000   -7.500011347.2334   20.5073
   -7.5000  -37.5000   -7.500011846.4834   20.4902
    0.0000  -37.5000   -7.500012379.4307   20.4776
    7.5000  -37.5000   -7.500011787.9805   20.4666
   -7.5000  -30.0000   -7.500012632.7588   20.4591
    0.0000  -30.0000   -7.500013194.8281   20.4437
    7.5000  -30.0000   -7.500012557.1895   20.4290
   -7.5000  -22.5000   -7.500013405.7461   20.4588
    0.0000  -22.5000   -7.500014019.2256   20.4470
    7.5000  -22.5000   -7.500013304.0039   20.4349
   -7.5000  -15.0000   -7.500014093.1768   20.4857
    0.0000  -15.0000   -7.500014752.1533   20.4780
    7.5000  -15.0000   -7.500013977.9170   20.4713
   -7.5000   -7.5000   -7.500014688.0322   20.5161
    0.0000   -7.5000   -7.500015387.7432   20.5100
    7.5000   -7.5000   -7.500014581.6436   20.5062
   -7.5000    0.0000   -7.500015112.3027   20.5200
    0.0000    0.0000   -7.500015850.9541   20.5128
    7.5000    0.0000   -7.500015010.0596   20.5073
   -7.5000    7.5000   -7.500014351.7129   20.4902
    0.0000    7.5000   -7.500015026.0068   20.4776
    7.5000    7.5000   -7.500014250.8066   20.4666
   -7.5000   15.0000   -7.500013502.7998   20.4591
    0.0000   15.0000   -7.500014152.2100   20.4437
    7.5000   15.0000   -7.500013424.4346   20.4290
   -7.5000   22.5000   -7.500012484.1445   20.4493
    0.0000   22.5000   -7.500013069.6797   20.4376
    7.5000   22.5000   -7.500012416.1699   20.4254
   -7.5000   30.0000   -7.500011483.3760   20.2201
    0.0000   30.0000   -7.500011996.9600   20.2125
    7.5000   30.0000   -7.500011395.7305   20.2059
   -7.5000   37.5000   -7.500010794.5791   20.2500
    0.0000   37.5000   -7.500011233.2910   20.2440
    7.5000   37.5000   -7.500010677.4414   20.2403
   -7.5000   45.0000   -7.5000 9605.4053   19.7798
    0.0000   45.0000   -7.5000 9995.1621   19.7729
    7.5000   45.0000   -7.5000 9514.5410   19.7676
   -7.5000  -45.0000    0.000012206.7061   20.5215
    0.0000  -45.0000    0.000012834.6689   20.5061
    7.5000  -45.0000    0.000012175.7891   20.5047
   -7.5000  -37.5000    0.000012669.2783   20.4932
    0.0000  -37.5000    0.000013270.9482   20.4729
    7.5000  -37.5000    0.000012614.4346   20.4642
   -7.5000  -30.0000    0.000013471.6260   20.4566
    0.0000  -30.0000    0.000014093.9854   20.4376
    7.5000  -30.0000    0.000013399.0967   20.4237
   -7.5000  -22.5000    0.000014281.1006   20.4490
    0.0000  -22.5000    0.000014971.9268   20.4373
    7.5000  -22.5000    0.000014192.0469   20.4257
   -7.5000  -15.0000    0.000015028.4307   20.4741
    0.0000  -15.0000    0.000015751.3350   20.4665
    7.5000  -15.0000    0.000014901.7998   20.4625
   -7.5000   -7.5000    0.000015640.6377   20.5101
    0.0000   -7.5000    0.000016428.3242   20.5002
    7.5000   -7.5000    0.000015544.8379   20.5011
   -7.5000    0.0000    0.000016075.4795   20.5215
    0.0000    0.0000    0.000016889.5371   20.5061
    7.5000    0.0000    0.000015986.0479   20.5047
   -7.5000    7.5000    0.000015252.6230   20.4932
    0.0000    7.5000    0.000016015.1094   20.4729
    7.5000    7.5000    0.000015169.6035   20.4642
   -7.5000   15.0000    0.000014347.6768   20.4566
    0.0000   15.0000    0.000015078.6182   20.4376
    7.5000   15.0000    0.000014268.6719   20.4237
   -7.5000   22.5000    0.000013268.9824   20.4396
    0.0000   22.5000    0.000013926.4873   20.4278
    7.5000   22.5000    0.000013192.3486   20.4163
   -7.5000   30.0000    0.000012183.7539   20.2091
    0.0000   30.0000    0.000012759.4258   20.2016
    7.5000   30.0000    0.000012092.2227   20.1977
   -7.5000   37.5000    0.000011445.0508   20.2447
    0.0000   37.5000    0.000011937.8271   20.2349
    7.5000   37.5000    0.000011333.6953   20.2358
   -7.5000   45.0000    0.000010197.0283   19.7827
    0.0000   45.0000    0.000010624.3984   19.7678
    7.5000   45.0000    0.000010112.7109   19.7666
   -7.5000  -45.0000    7.500012125.4268   20.5037
    0.0000  -45.0000    7.500012777.0742   20.4837
    7.5000  -45.0000    7.500012101.7783   20.4866
   -7.5000  -37.5000    7.500012595.2041   20.4799
    0.0000  -37.5000    7.500013213.2051   20.4545
    7.5000  -37.5000    7.500012544.0645   20.4506
   -7.5000  -30.0000    7.500013339.3779   20.4446
    0.0000  -30.0000    7.500013953.7803   20.4222
    7.5000  -30.0000    7.500013272.2559   20.4126
   -7.5000  -22.5000    7.500014097.5625   20.4340
    0.0000  -22.5000    7.500014760.2197   20.4206
    7.5000  -22.5000    7.500014007.1123   20.4109
   -7.5000  -15.0000    7.500014787.3115   20.4543
    0.0000  -15.0000    7.500015524.4473   20.4457
    7.5000  -15.0000    7.500014700.9277   20.4429
   -7.5000   -7.5000    7.500015385.9854   20.4888
    0.0000   -7.5000    7.500016176.1660   20.4766
    7.5000   -7.5000    7.500015338.3975   20.4807
   -7.5000    0.0000    7.500015823.3018   20.5037
    0.0000    0.0000    7.500016656.0566   20.4837
    7.5000    0.0000    7.500015784.6807   20.4866
   -7.5000    7.5000    7.500014993.6191   20.4799
    0.0000    7.5000    7.500015778.9268   20.4545
    7.5000    7.5000    7.500014948.6602   20.4506
   -7.5000   15.0000    7.500014121.1191   20.4446
    0.0000   15.0000    7.500014865.6562   20.4222
    7.5000   15.0000    7.500014072.2061   20.4126
   -7.5000   22.5000    7.500013073.0547   20.4246
    0.0000   22.5000    7.500013723.2979   20.4112
    7.5000   22.5000    7.500013025.2158   20.4015
   -7.5000   30.0000    7.500012016.5732   20.1896
    0.0000   30.0000    7.500012571.4990   20.1811
    7.5000   30.0000    7.500011923.2539   20.1784
   -7.5000   37.5000    7.500011259.8047   20.2236
    0.0000   37.5000    7.500011779.9814   20.2116
    7.5000   37.5000    7.500011158.9834   20.2156
   -7.5000   45.0000    7.500010007.9082   19.7652
    0.0000   45.0000    7.500010450.1553   19.7460
    7.5000   45.0000    7.5000 9905.7549   19.7489
   -7.5000  -45.0000   15.000011883.3115   20.5211
    0.0000  -45.0000   15.000012499.1348   20.5040
    7.5000  -45.0000   15.000011795.4297   20.5071
   -7.5000  -37.5000   15.000012424.2559   20.5008
    0.0000  -37.5000   15.000013040.4102   20.4767
    7.5000  -37.5000   15.000012332.6621   20.4750
   -7.5000  -30.0000   15.000013185.4053   20.4719
    0.0000  -30.0000   15.000013788.6973   20.4485
    7.5000  -30.0000   15.000013125.3398   20.4422
   -7.5000  -22.5000   15.000013846.6260   20.4646
    0.0000  -22.5000   15.000014465.8252   20.4495
    7.5000  -22.5000   15.000013798.0752   20.4410
   -7.5000  -15.0000   15.000014463.8877   20.4815
    0.0000  -15.0000   15.000015151.5146   20.4725
    7.5000  -15.0000   15.000014436.3945   20.4683
   -7.5000   -7.5000   15.000015045.8164   20.5091
    0.0000   -7.5000   15.000015773.3311   20.4988
    7.5000   -7.5000   15.000015018.0098   20.5016
   -7.5000    0.0000   15.000015500.9453   20.5211
    0.0000    0.0000   15.000016266.3496   20.5040
    7.5000    0.0000   15.000015446.6230   20.5071
   -7.5000    7.5000   15.000014706.2412   20.5008
    0.0000    7.5000   15.000015418.5059   20.4767
    7.5000    7.5000   15.000014597.5977   20.4750
   -7.5000   15.0000   15.000013828.0303   20.4719
    0.0000   15.0000   15.000014502.4854   20.4485
    7.5000   15.0000   15.000013695.9336   20.4422
   -7.5000   22.5000   15.000012819.2227   20.4552
    0.0000   22.5000   15.000013420.4473   20.4401
    7.5000   22.5000   15.000012690.3330   20.4316
   -7.5000   30.0000   15.000011758.9238   20.2164
    0.0000   30.0000   15.000012283.7490   20.2075
    7.5000   30.0000   15.000011601.2344   20.2034
   -7.5000   37.5000   15.000011024.7119   20.2436
    0.0000   37.5000   15.000011518.9121   20.2335
    7.5000   37.5000   15.000010880.4795   20.2362
   -7.5000   45.0000   15.0000 9777.8164   19.7818
    0.0000   45.0000   15.000010181.9512   19.7654
    7.5000   45.0000   15.0000 9642.5732   19.7684
   -7.5000  -45.0000   22.500011440.6387   20.5646
    0.0000  -45.0000   22.500011972.4023   20.5570
    7.5000  -45.0000   22.500011342.4434   20.5558
   -7.5000  -37.5000   22.500011979.5938   20.5419
    0.0000  -37.5000   22.500012549.5000   20.5265
    7.5000  -37.5000   22.500011831.4492   20.5217
   -7.5000  -30.0000   22.500012825.1953   20.5190
    0.0000  -30.0000   22.500013354.5029   20.4999
    7.5000  -30.0000   22.500012638.6973   20.4922
   -7.5000  -22.5000   22.500013526.3994   20.5204
    0.0000  -22.5000   22.500014035.5264   20.5061
    7.5000  -22.5000   22.500013324.9463   20.4970
   -7.5000  -15.0000   22.500014085.1533   20.5399
    0.0000  -15.0000   22.500014628.3359   20.5320
    7.5000  -15.0000   22.500013916.7832   20.5256
   -7.5000   -7.5000   22.500014604.1865   20.5614
    0.0000   -7.5000   22.500015176.5098   20.5564
    7.5000   -7.5000   22.500014432.8555   20.5548
   -7.5000    0.0000   22.500015005.0957   20.5646
    0.0000    0.0000   22.500015604.2305   20.5570
    7.5000    0.0000   22.500014835.8408   20.5558
   -7.5000    7.5000   22.500014225.5977   20.5419
    0.0000    7.5000   22.500014799.8887   20.5265
    7.5000    7.5000   22.500014038.7500   20.5217
   -7.5000   15.0000   22.500013358.3760   20.5190
    0.0000   15.0000   22.500013916.3428   20.4999
    7.5000   15.0000   22.500013164.8818   20.4922
   -7.5000   22.5000   22.500012385.2227   20.5109
    0.0000   22.5000   22.500012899.3809   20.4967
    7.5000   22.5000   22.500012216.8066   20.4876
   -7.5000   30.0000   22.500011343.4277   20.2741
    0.0000   30.0000   22.500011824.5039   20.2662
    7.5000   30.0000   22.500011190.3203   20.2600
   -7.5000   37.5000   22.500010640.9062   20.2953
    0.0000   37.5000   22.500011092.0322   20.2904
    7.5000   37.5000   22.500010473.9541   20.2888
   -7.5000   45.0000   22.5000 9429.4932   19.8238
    0.0000   45.0000   22.5000 9788.8594   19.8165
    7.5000   45.0000   22.5000 9270.2520   19.8154
   -7.5000  -45.0000   30.000010898.3418   20.6433
    0.0000  -45.0000   30.000011366.8184   20.6414
    7.5000  -45.0000   30.000010788.3184   20.6357
   -7.5000  -37.5000   30.000011397.8555   20.6154
    0.0000  -37.5000   30.000011833.1191   20.6069
    7.5000  -37.5000   30.000011245.2471   20.5973
   -7.5000  -30.0000   30.000012168.1064   20.5919
    0.0000  -30.0000   30.000012582.9590   20.5774
    7.5000  -30.0000   30.000011983.5928   20.5655
   -7.5000  -22.5000   30.000012890.4756   20.5972
    0.0000  -22.5000   30.000013341.6426   20.5849
    7.5000  -22.5000   30.000012682.4766   20.5739
   -7.5000  -15.0000   30.000013512.2949   20.6221
    0.0000  -15.0000   30.000014030.9775   20.6148
    7.5000  -15.0000   30.000013326.6436   20.6072
   -7.5000   -7.5000   30.000014019.1328   20.6446
    0.0000   -7.5000   30.000014559.2217   20.6419
    7.5000   -7.5000   30.000013813.0566   20.6371
   -7.5000    0.0000   30.000014395.3848   20.6433
    0.0000    0.0000   30.000014934.8096   20.6414
    7.5000    0.0000   30.000014183.1201   20.6357
   -7.5000    7.5000   30.000013611.8223   20.6154
    0.0000    7.5000   30.000014116.4951   20.6069
    7.5000    7.5000   30.000013408.8369   20.5973
   -7.5000   15.0000   30.000012752.2812   20.5919
    0.0000   15.0000   30.000013234.1689   20.5774
    7.5000   15.0000   30.000012565.8848   20.5655
   -7.5000   22.5000   30.000011802.0488   20.5877
    0.0000   22.5000   30.000012240.5195   20.5754
    7.5000   22.5000   30.000011645.1533   20.5645
   -7.5000   30.0000   30.000010786.3281   20.3553
    0.0000   30.0000   30.000011203.2812   20.3480
    7.5000   30.0000   30.000010641.9512   20.3405
   -7.5000   37.5000   30.000010093.9453   20.3774
    0.0000   37.5000   30.000010469.9229   20.3748
    7.5000   37.5000   30.0000 9935.8994   20.3700
   -7.5000   45.0000   30.0000 8955.0889   19.8999
    0.0000   45.0000   30.0000 9262.7256   19.8981
    7.5000   45.0000   30.0000 8796.1650   19.8927
   -7.5000  -45.0000   37.500010613.4619   20.7087
    0.0000  -45.0000   37.500011066.6777   20.7026
    7.5000  -45.0000   37.500010498.7168   20.6979
   -7.5000  -37.5000   37.500011076.3350   20.6785
    0.0000  -37.5000   37.500011494.0293   20.6670
    7.5000  -37.5000   37.500010964.4805   20.6566
   -7.5000  -30.0000   37.500011833.0010   20.6473
    0.0000  -30.0000   37.500012261.4062   20.6329
    7.5000  -30.0000   37.500011702.0322   20.6186
   -7.5000  -22.5000   37.500012559.7900   20.6471
    0.0000  -22.5000   37.500013048.6523   20.6364
    7.5000  -22.5000   37.500012405.6621   20.6247
   -7.5000  -15.0000   37.500013191.3398   20.6743
    0.0000  -15.0000   37.500013706.1328   20.6677
    7.5000  -15.0000   37.500013030.5000   20.6617
   -7.5000   -7.5000   37.500013709.3184   20.7048
    0.0000   -7.5000   37.500014235.7686   20.6998
    7.5000   -7.5000   37.500013523.2031   20.6970
   -7.5000    0.0000   37.500014108.5254   20.7087
    0.0000    0.0000   37.500014639.0439   20.7026
    7.5000    0.0000   37.500013912.6025   20.6979
   -7.5000    7.5000   37.500013357.5684   20.6785
    0.0000    7.5000   37.500013858.0098   20.6670
    7.5000    7.5000   37.500013158.5498   20.6566
   -7.5000   15.0000   37.500012509.0166   20.6473
    0.0000   15.0000   37.500012993.2041   20.6329
    7.5000   15.0000   37.500012310.4062   20.6186
   -7.5000   22.5000   37.500011565.7061   20.6376
    0.0000   22.5000   37.500011984.0010   20.6269
    7.5000   22.5000   37.500011364.8301   20.6152
   -7.5000   30.0000   37.500010561.5986   20.4068
    0.0000   30.0000   37.500010954.2803   20.4002
    7.5000   30.0000   37.500010386.2119   20.3943
   -7.5000   37.5000   37.5000 9856.0166   20.4368
    0.0000   37.5000   37.500010195.5723   20.4319
    7.5000   37.5000   37.5000 9699.3281   20.4291
   -7.5000   45.0000   37.5000 8708.2090   19.9632
    0.0000   45.0000   37.5000 8996.8057   19.9574
    7.5000   45.0000   37.5000 8576.0293   19.9529
   -7.5000  -45.0000   45.0000 9821.7080   20.7655
    0.0000  -45.0000   45.000010264.9883   20.7515
    7.5000  -45.0000   45.0000 9767.8467   20.7515
   -7.5000  -37.5000   45.000010255.5322   20.7361
    0.0000  -37.5000   45.000010647.3379   20.7173
    7.5000  -37.5000   45.000010171.9609   20.7096
   -7.5000  -30.0000   45.000010983.4365   20.6990
    0.0000  -30.0000   45.000011394.7578   20.6814
    7.5000  -30.0000   45.000010889.9893   20.6683
   -7.5000  -22.5000   45.000011669.3174   20.6917
    0.0000  -22.5000   45.000012126.1475   20.6817
    7.5000  -22.5000   45.000011563.3555   20.6711
   -7.5000  -15.0000   45.000012264.2725   20.7176
    0.0000  -15.0000   45.000012728.0752   20.7119
    7.5000  -15.0000   45.000012130.2930   20.7092
   -7.5000   -7.5000   45.000012746.2275   20.7543
    0.0000   -7.5000   45.000013224.8711   20.7460
    7.5000   -7.5000   45.000012600.9512   20.7484
   -7.5000    0.0000   45.000013134.6035   20.7655
    0.0000    0.0000   45.000013631.4785   20.7515
    7.5000    0.0000   45.000012986.8457   20.7515
   -7.5000    7.5000   45.000012462.7842   20.7361
    0.0000    7.5000   45.000012942.6396   20.7173
    7.5000    7.5000   45.000012318.6924   20.7096
   -7.5000   15.0000   45.000011662.8652   20.6990
    0.0000   15.0000   45.000012113.0693   20.6814
    7.5000   15.0000   45.000011519.4795   20.6683
   -7.5000   22.5000   45.000010772.0342   20.6821
    0.0000   22.5000   45.000011171.7852   20.6721
    7.5000   22.5000   45.000010626.6240   20.6615
   -7.5000   30.0000   45.0000 9822.1348   20.4477
    0.0000   30.0000   45.000010180.5332   20.4420
    7.5000   30.0000   45.0000 9682.8154   20.4394
   -7.5000   37.5000   45.0000 9150.2002   20.4839
    0.0000   37.5000   45.0000 9476.7637   20.4757
    7.5000   37.5000   45.0000 9021.0625   20.4781
   -7.5000   45.0000   45.0000 8078.9077   20.0257
    0.0000   45.0000   45.0000 8340.8301   20.0123
    7.5000   45.0000   45.0000 7961.5591   20.0123

---------------------------------------------------------------------
imgreg_4dfp /opt/freesurfer/average/711-2C_as_mni_average_305 /opt/freesurfer/average/711-2B_as_mni_average_305_mask talsrcimg_g11 none talsrcimg_to_711-2C_as_mni_average_305_t4 4355
---------------------------------------------------------------------

freesurfer imgreg_4dfp.c
/opt/freesurfer/average/711-2C_as_mni_average_305.4dfp.img
       256       256       256         1
  1.000000  1.000000  1.000000
orientation T byte_order littleendian
Reading image: /opt/freesurfer/average/711-2C_as_mni_average_305.4dfp.img
dimensions:      256       256       256
mmppix:       1.0000   -1.0000   -1.0000
center:     128.0000 -129.0000 -129.0000
/opt/freesurfer/average/711-2B_as_mni_average_305_mask.4dfp.img
       256       256       256         1
  1.000000  1.000000  1.000000
orientation T byte_order littleendian
Reading mask: /opt/freesurfer/average/711-2B_as_mni_average_305_mask.4dfp.img (2306576 pixels)
talsrcimg_g11.4dfp.img
       256       256       256         1
  1.000000  1.000000  1.000000
orientation T byte_order littleendian
Reading image: talsrcimg_g11.4dfp.img
dimensions:      256       256       256
mmppix:       1.0000   -1.0000   -1.0000
center:     128.0000 -129.0000 -129.0000
rotation matrix determinant  1.000000
image alignment mode   4355 decimal     1103 hex
   -7.5000  -45.0000  -45.0000 2037.3937   20.7654
    0.0000  -45.0000  -45.0000 2039.6681   20.7539
    7.5000  -45.0000  -45.0000 2018.5967   21.0239
   -7.5000  -37.5000  -45.0000 2104.2776   19.2751
    0.0000  -37.5000  -45.0000 2105.4653   19.2494
    7.5000  -37.5000  -45.0000 2082.9448   19.5381
   -7.5000  -30.0000  -45.0000 2147.3787   18.3243
    0.0000  -30.0000  -45.0000 2153.6514   18.2763
    7.5000  -30.0000  -45.0000 2127.2905   18.5541
   -7.5000  -22.5000  -45.0000 2168.4690   17.7897
    0.0000  -22.5000  -45.0000 2170.6675   17.7675
    7.5000  -22.5000  -45.0000 2145.7625   18.0911
   -7.5000  -15.0000  -45.0000 2157.0750   17.7772
    0.0000  -15.0000  -45.0000 2168.0190   17.7562
    7.5000  -15.0000  -45.0000 2145.5515   18.0559
   -7.5000   -7.5000  -45.0000 2128.7976   18.1483
    0.0000   -7.5000  -45.0000 2136.6855   18.1308
    7.5000   -7.5000  -45.0000 2117.3757   18.4601
   -7.5000    0.0000  -45.0000 2081.3328   18.8610
    0.0000    0.0000  -45.0000 2089.7405   18.8177
    7.5000    0.0000  -45.0000 2064.3286   19.1512
   -7.5000    7.5000  -45.0000 2021.8215   19.9991
    0.0000    7.5000  -45.0000 2024.9352   19.9055
    7.5000    7.5000  -45.0000 1994.3748   20.2593
   -7.5000   15.0000  -45.0000 1929.1284   21.6389
    0.0000   15.0000  -45.0000 1932.0297   21.5566
    7.5000   15.0000  -45.0000 1906.3076   21.9680
   -7.5000   22.5000  -45.0000 1821.2100   24.0820
    0.0000   22.5000  -45.0000 1828.9792   23.9821
    7.5000   22.5000  -45.0000 1808.4211   24.4513
   -7.5000   30.0000  -45.0000 1708.2474   27.6451
    0.0000   30.0000  -45.0000 1711.5250   27.5212
    7.5000   30.0000  -45.0000 1694.8368   28.0265
   -7.5000   37.5000  -45.0000 1590.9635   32.5936
    0.0000   37.5000  -45.0000 1598.6722   32.4739
    7.5000   37.5000  -45.0000 1579.2279   33.0780
   -7.5000   45.0000  -45.0000 1461.0913   39.8146
    0.0000   45.0000  -45.0000 1468.4935   39.5960
    7.5000   45.0000  -45.0000 1452.7625   40.3190
   -7.5000  -45.0000  -37.5000 2121.8921   19.0210
    0.0000  -45.0000  -37.5000 2131.6729   19.0036
    7.5000  -45.0000  -37.5000 2114.3774   19.2728
   -7.5000  -37.5000  -37.5000 2195.6750   17.6809
    0.0000  -37.5000  -37.5000 2204.6260   17.6633
    7.5000  -37.5000  -37.5000 2181.6013   17.8794
   -7.5000  -30.0000  -37.5000 2242.2310   16.7959
    0.0000  -30.0000  -37.5000 2251.6528   16.7496
    7.5000  -30.0000  -37.5000 2224.8926   16.9801
   -7.5000  -22.5000  -37.5000 2265.4724   16.2990
    0.0000  -22.5000  -37.5000 2273.5320   16.2608
    7.5000  -22.5000  -37.5000 2250.2703   16.5276
   -7.5000  -15.0000  -37.5000 2266.7202   16.2696
    0.0000  -15.0000  -37.5000 2273.9897   16.2257
    7.5000  -15.0000  -37.5000 2250.4426   16.4851
   -7.5000   -7.5000  -37.5000 2239.7959   16.6113
    0.0000   -7.5000  -37.5000 2247.9604   16.5704
    7.5000   -7.5000  -37.5000 2220.7520   16.8513
   -7.5000    0.0000  -37.5000 2182.9988   17.2508
    0.0000    0.0000  -37.5000 2193.4541   17.2233
    7.5000    0.0000  -37.5000 2163.9104   17.5137
   -7.5000    7.5000  -37.5000 2113.9199   18.2668
    0.0000    7.5000  -37.5000 2121.3196   18.2155
    7.5000    7.5000  -37.5000 2090.2148   18.5191
   -7.5000   15.0000  -37.5000 2014.2439   19.7403
    0.0000   15.0000  -37.5000 2021.5664   19.6511
    7.5000   15.0000  -37.5000 1996.3258   20.0295
   -7.5000   22.5000  -37.5000 1904.5208   21.9513
    0.0000   22.5000  -37.5000 1910.2784   21.8229
    7.5000   22.5000  -37.5000 1886.8553   22.2532
   -7.5000   30.0000  -37.5000 1787.5339   25.0783
    0.0000   30.0000  -37.5000 1788.3265   24.9654
    7.5000   30.0000  -37.5000 1769.6558   25.4107
   -7.5000   37.5000  -37.5000 1660.5758   29.4327
    0.0000   37.5000  -37.5000 1663.0951   29.2209
    7.5000   37.5000  -37.5000 1643.6514   29.7156
   -7.5000   45.0000  -37.5000 1519.4685   35.5593
    0.0000   45.0000  -37.5000 1526.4602   35.2755
    7.5000   45.0000  -37.5000 1507.9841   36.1010
   -7.5000  -45.0000  -30.0000 2256.3552   18.1320
    0.0000  -45.0000  -30.0000 2268.3062   18.1427
    7.5000  -45.0000  -30.0000 2242.9119   18.3954
   -7.5000  -37.5000  -30.0000 2331.0566   16.8465
    0.0000  -37.5000  -30.0000 2344.7583   16.8402
    7.5000  -37.5000  -30.0000 2313.4336   17.0562
   -7.5000  -30.0000  -30.0000 2382.4097   16.0275
    0.0000  -30.0000  -30.0000 2394.7617   15.9917
    7.5000  -30.0000  -30.0000 2363.5100   16.2344
   -7.5000  -22.5000  -30.0000 2410.0305   15.5763
    0.0000  -22.5000  -30.0000 2421.5295   15.5500
    7.5000  -22.5000  -30.0000 2391.2661   15.7771
   -7.5000  -15.0000  -30.0000 2415.2959   15.5205
    0.0000  -15.0000  -30.0000 2421.4570   15.4717
    7.5000  -15.0000  -30.0000 2392.0874   15.7106
   -7.5000   -7.5000  -30.0000 2385.9851   15.8107
    0.0000   -7.5000  -30.0000 2394.2322   15.7813
    7.5000   -7.5000  -30.0000 2363.0564   16.0289
   -7.5000    0.0000  -30.0000 2328.2002   16.4351
    0.0000    0.0000  -30.0000 2335.9976   16.4057
    7.5000    0.0000  -30.0000 2306.0996   16.6623
   -7.5000    7.5000  -30.0000 2244.3369   17.3790
    0.0000    7.5000  -30.0000 2253.7305   17.3217
    7.5000    7.5000  -30.0000 2223.1218   17.6209
   -7.5000   15.0000  -30.0000 2139.6021   18.7736
    0.0000   15.0000  -30.0000 2147.4399   18.6810
    7.5000   15.0000  -30.0000 2118.8528   19.0504
   -7.5000   22.5000  -30.0000 2022.1422   20.8515
    0.0000   22.5000  -30.0000 2028.7712   20.7406
    7.5000   22.5000  -30.0000 2004.8738   21.1475
   -7.5000   30.0000  -30.0000 1893.8894   23.7465
    0.0000   30.0000  -30.0000 1897.7944   23.6137
    7.5000   30.0000  -30.0000 1877.4966   24.0061
   -7.5000   37.5000  -30.0000 1762.9033   27.7182
    0.0000   37.5000  -30.0000 1765.1633   27.4957
    7.5000   37.5000  -30.0000 1746.5088   27.9227
   -7.5000   45.0000  -30.0000 1613.4122   33.1774
    0.0000   45.0000  -30.0000 1619.7324   32.9438
    7.5000   45.0000  -30.0000 1602.7269   33.6387
   -7.5000  -45.0000  -22.5000 2364.2048   17.1856
    0.0000  -45.0000  -22.5000 2371.4802   17.1901
    7.5000  -45.0000  -22.5000 2346.6375   17.4089
   -7.5000  -37.5000  -22.5000 2444.0303   15.9609
    0.0000  -37.5000  -22.5000 2456.9988   15.9616
    7.5000  -37.5000  -22.5000 2425.6292   16.1771
   -7.5000  -30.0000  -22.5000 2503.7607   15.1982
    0.0000  -30.0000  -22.5000 2513.2671   15.1629
    7.5000  -30.0000  -22.5000 2480.7869   15.3740
   -7.5000  -22.5000  -22.5000 2532.3499   14.8169
    0.0000  -22.5000  -22.5000 2542.8503   14.7731
    7.5000  -22.5000  -22.5000 2509.5430   14.9796
   -7.5000  -15.0000  -22.5000 2536.0547   14.7588
    0.0000  -15.0000  -22.5000 2543.6472   14.7024
    7.5000  -15.0000  -22.5000 2510.7969   14.8945
   -7.5000   -7.5000  -22.5000 2507.4199   14.9906
    0.0000   -7.5000  -22.5000 2515.5518   14.9649
    7.5000   -7.5000  -22.5000 2481.4043   15.1737
   -7.5000    0.0000  -22.5000 2447.6807   15.5434
    0.0000    0.0000  -22.5000 2454.5032   15.5232
    7.5000    0.0000  -22.5000 2422.0105   15.7341
   -7.5000    7.5000  -22.5000 2359.2607   16.4216
    0.0000    7.5000  -22.5000 2366.6404   16.3977
    7.5000    7.5000  -22.5000 2334.2444   16.6263
   -7.5000   15.0000  -22.5000 2244.8306   17.7209
    0.0000   15.0000  -22.5000 2253.1042   17.6637
    7.5000   15.0000  -22.5000 2224.6633   17.9256
   -7.5000   22.5000  -22.5000 2120.6094   19.6602
    0.0000   22.5000  -22.5000 2128.1123   19.5704
    7.5000   22.5000  -22.5000 2096.3608   19.8648
   -7.5000   30.0000  -22.5000 1984.8866   22.3124
    0.0000   30.0000  -22.5000 1994.8711   22.2190
    7.5000   30.0000  -22.5000 1970.9259   22.5217
   -7.5000   37.5000  -22.5000 1844.6852   25.9062
    0.0000   37.5000  -22.5000 1848.4634   25.8051
    7.5000   37.5000  -22.5000 1826.7656   26.1858
   -7.5000   45.0000  -22.5000 1695.1578   30.9013
    0.0000   45.0000  -22.5000 1700.1360   30.7747
    7.5000   45.0000  -22.5000 1677.6115   31.3079
   -7.5000  -45.0000  -15.0000 2438.4255   16.2394
    0.0000  -45.0000  -15.0000 2445.6755   16.2418
    7.5000  -45.0000  -15.0000 2419.7371   16.4355
   -7.5000  -37.5000  -15.0000 2534.0146   15.0925
    0.0000  -37.5000  -15.0000 2540.6946   15.0636
    7.5000  -37.5000  -15.0000 2509.5415   15.2617
   -7.5000  -30.0000  -15.0000 2601.7573   14.3383
    0.0000  -30.0000  -15.0000 2606.4695   14.3007
    7.5000  -30.0000  -15.0000 2573.5195   14.4902
   -7.5000  -22.5000  -15.0000 2636.0308   14.0112
    0.0000  -22.5000  -15.0000 2639.7603   13.9628
    7.5000  -22.5000  -15.0000 2604.6816   14.1239
   -7.5000  -15.0000  -15.0000 2636.9832   13.9733
    0.0000  -15.0000  -15.0000 2645.9209   13.9265
    7.5000  -15.0000  -15.0000 2610.3835   14.0837
   -7.5000   -7.5000  -15.0000 2607.6641   14.1987
    0.0000   -7.5000  -15.0000 2616.8113   14.1551
    7.5000   -7.5000  -15.0000 2581.7131   14.3407
   -7.5000    0.0000  -15.0000 2542.8057   14.6804
    0.0000    0.0000  -15.0000 2550.8098   14.6620
    7.5000    0.0000  -15.0000 2515.1648   14.8358
   -7.5000    7.5000  -15.0000 2446.1265   15.4852
    0.0000    7.5000  -15.0000 2455.6045   15.4547
    7.5000    7.5000  -15.0000 2423.1475   15.6570
   -7.5000   15.0000  -15.0000 2328.6990   16.6802
    0.0000   15.0000  -15.0000 2342.1211   16.6326
    7.5000   15.0000  -15.0000 2310.6626   16.8717
   -7.5000   22.5000  -15.0000 2193.3738   18.4214
    0.0000   22.5000  -15.0000 2200.4736   18.3678
    7.5000   22.5000  -15.0000 2174.0525   18.6295
   -7.5000   30.0000  -15.0000 2051.6736   20.8746
    0.0000   30.0000  -15.0000 2060.2148   20.8117
    7.5000   30.0000  -15.0000 2035.5905   21.0981
   -7.5000   37.5000  -15.0000 1906.1710   24.2528
    0.0000   37.5000  -15.0000 1907.7267   24.1487
    7.5000   37.5000  -15.0000 1888.7490   24.4825
   -7.5000   45.0000  -15.0000 1750.9949   28.8133
    0.0000   45.0000  -15.0000 1754.9010   28.6494
    7.5000   45.0000  -15.0000 1736.2841   29.0766
   -7.5000  -45.0000   -7.5000 2498.5542   15.3748
    0.0000  -45.0000   -7.5000 2507.9819   15.3567
    7.5000  -45.0000   -7.5000 2476.4688   15.5390
   -7.5000  -37.5000   -7.5000 2606.8145   14.2588
    0.0000  -37.5000   -7.5000 2609.8313   14.2056
    7.5000  -37.5000   -7.5000 2578.6780   14.3873
   -7.5000  -30.0000   -7.5000 2681.4646   13.5040
    0.0000  -30.0000   -7.5000 2683.3674   13.4539
    7.5000  -30.0000   -7.5000 2651.1929   13.6102
   -7.5000  -22.5000   -7.5000 2723.7200   13.1795
    0.0000  -22.5000   -7.5000 2728.5815   13.1337
    7.5000  -22.5000   -7.5000 2692.2297   13.2659
   -7.5000  -15.0000   -7.5000 2728.2507   13.1642
    0.0000  -15.0000   -7.5000 2737.2695   13.1177
    7.5000  -15.0000   -7.5000 2701.1179   13.2663
   -7.5000   -7.5000   -7.5000 2697.5225   13.3985
    0.0000   -7.5000   -7.5000 2706.4382   13.3553
    7.5000   -7.5000   -7.5000 2669.6116   13.5127
   -7.5000    0.0000   -7.5000 2626.9526   13.8592
    0.0000    0.0000   -7.5000 2637.9070   13.8304
    7.5000    0.0000   -7.5000 2600.4563   13.9788
   -7.5000    7.5000   -7.5000 2524.5784   14.6121
    0.0000    7.5000   -7.5000 2535.5881   14.5729
    7.5000    7.5000   -7.5000 2502.9878   14.7421
   -7.5000   15.0000   -7.5000 2401.3616   15.7405
    0.0000   15.0000   -7.5000 2413.5378   15.6828
    7.5000   15.0000   -7.5000 2383.4829   15.8647
   -7.5000   22.5000   -7.5000 2255.4736   17.3259
    0.0000   22.5000   -7.5000 2265.0784   17.2865
    7.5000   22.5000   -7.5000 2239.9065   17.5106
   -7.5000   30.0000   -7.5000 2109.0872   19.6127
    0.0000   30.0000   -7.5000 2116.0820   19.5672
    7.5000   30.0000   -7.5000 2090.7261   19.8296
   -7.5000   37.5000   -7.5000 1952.9854   22.7374
    0.0000   37.5000   -7.5000 1954.1221   22.6314
    7.5000   37.5000   -7.5000 1932.6650   22.9298
   -7.5000   45.0000   -7.5000 1791.3330   26.9725
    0.0000   45.0000   -7.5000 1801.9204   26.7812
    7.5000   45.0000   -7.5000 1781.8448   27.2147
   -7.5000  -45.0000    0.0000 2538.4351   14.6689
    0.0000  -45.0000    0.0000 2552.5930   14.6540
    7.5000  -45.0000    0.0000 2517.8621   14.8542
   -7.5000  -37.5000    0.0000 2661.4631   13.5682
    0.0000  -37.5000    0.0000 2668.1924   13.5101
    7.5000  -37.5000    0.0000 2632.2505   13.7026
   -7.5000  -30.0000    0.0000 2744.0405   12.8013
    0.0000  -30.0000    0.0000 2750.6172   12.7313
    7.5000  -30.0000    0.0000 2712.3345   12.9059
   -7.5000  -22.5000    0.0000 2795.9868   12.4795
    0.0000  -22.5000    0.0000 2807.8530   12.4372
    7.5000  -22.5000    0.0000 2766.0527   12.5738
   -7.5000  -15.0000    0.0000 2808.5767   12.4831
    0.0000  -15.0000    0.0000 2823.6414   12.4315
    7.5000  -15.0000    0.0000 2778.6292   12.5687
   -7.5000   -7.5000    0.0000 2773.3179   12.7174
    0.0000   -7.5000    0.0000 2789.4351   12.6706
    7.5000   -7.5000    0.0000 2749.5339   12.8233
   -7.5000    0.0000    0.0000 2695.1848   13.1806
    0.0000    0.0000    0.0000 2711.4976   13.1312
    7.5000    0.0000    0.0000 2673.3254   13.2939
   -7.5000    7.5000    0.0000 2589.3245   13.8732
    0.0000    7.5000    0.0000 2605.7510   13.8304
    7.5000    7.5000    0.0000 2569.2175   14.0139
   -7.5000   15.0000    0.0000 2459.5481   14.9516
    0.0000   15.0000    0.0000 2475.3569   14.9186
    7.5000   15.0000    0.0000 2438.6758   15.1011
   -7.5000   22.5000    0.0000 2308.2627   16.4968
    0.0000   22.5000    0.0000 2318.3020   16.4663
    7.5000   22.5000    0.0000 2289.6418   16.6664
   -7.5000   30.0000    0.0000 2152.8701   18.6648
    0.0000   30.0000    0.0000 2159.3884   18.6028
    7.5000   30.0000    0.0000 2133.8857   18.8398
   -7.5000   37.5000    0.0000 1986.9124   21.5545
    0.0000   37.5000    0.0000 1993.7843   21.4865
    7.5000   37.5000    0.0000 1969.8041   21.8056
   -7.5000   45.0000    0.0000 1824.0612   25.5358
    0.0000   45.0000    0.0000 1834.5031   25.3690
    7.5000   45.0000    0.0000 1810.5475   25.8062
   -7.5000  -45.0000    7.5000 2560.7556   14.2133
    0.0000  -45.0000    7.5000 2575.1887   14.1679
    7.5000  -45.0000    7.5000 2538.6040   14.4145
   -7.5000  -37.5000    7.5000 2699.6748   13.1206
    0.0000  -37.5000    7.5000 2709.4705   13.0533
    7.5000  -37.5000    7.5000 2667.7922   13.2815
   -7.5000  -30.0000    7.5000 2796.5154   12.3084
    0.0000  -30.0000    7.5000 2810.6338   12.2249
    7.5000  -30.0000    7.5000 2757.9392   12.4686
   -7.5000  -22.5000    7.5000 2858.6467   11.9557
    0.0000  -22.5000    7.5000 2876.5205   11.8825
    7.5000  -22.5000    7.5000 2821.8228   12.1018
   -7.5000  -15.0000    7.5000 2872.7344   11.9484
    0.0000  -15.0000    7.5000 2893.9392   11.8921
    7.5000  -15.0000    7.5000 2842.1150   12.0796
   -7.5000   -7.5000    7.5000 2833.3899   12.1884
    0.0000   -7.5000    7.5000 2854.5608   12.1461
    7.5000   -7.5000    7.5000 2809.2505   12.3446
   -7.5000    0.0000    7.5000 2752.7065   12.6324
    0.0000    0.0000    7.5000 2770.8037   12.5969
    7.5000    0.0000    7.5000 2731.7959   12.8107
   -7.5000    7.5000    7.5000 2636.9155   13.3369
    0.0000    7.5000    7.5000 2654.4231   13.2981
    7.5000    7.5000    7.5000 2615.7473   13.5270
   -7.5000   15.0000    7.5000 2499.2485   14.3994
    0.0000   15.0000    7.5000 2519.6543   14.3777
    7.5000   15.0000    7.5000 2478.5525   14.6104
   -7.5000   22.5000    7.5000 2346.0610   15.9135
    0.0000   22.5000    7.5000 2356.9453   15.9027
    7.5000   22.5000    7.5000 2326.8767   16.1653
   -7.5000   30.0000    7.5000 2186.4817   17.9587
    0.0000   30.0000    7.5000 2192.6472   17.9545
    7.5000   30.0000    7.5000 2166.1492   18.2412
   -7.5000   37.5000    7.5000 2010.7034   20.7039
    0.0000   37.5000    7.5000 2022.6204   20.6498
    7.5000   37.5000    7.5000 1995.3320   21.0105
   -7.5000   45.0000    7.5000 1843.3752   24.4027
    0.0000   45.0000    7.5000 1852.6393   24.3016
    7.5000   45.0000    7.5000 1830.5306   24.7590
   -7.5000  -45.0000   15.0000 2562.7183   13.9956
    0.0000  -45.0000   15.0000 2579.1094   13.8931
    7.5000  -45.0000   15.0000 2540.4409   14.1489
   -7.5000  -37.5000   15.0000 2712.0916   12.9010
    0.0000  -37.5000   15.0000 2728.6748   12.8199
    7.5000  -37.5000   15.0000 2682.5527   13.0322
   -7.5000  -30.0000   15.0000 2827.7954   12.1159
    0.0000  -30.0000   15.0000 2853.0801   12.0024
    7.5000  -30.0000   15.0000 2791.2551   12.2744
   -7.5000  -22.5000   15.0000 2901.6370   11.6802
    0.0000  -22.5000   15.0000 2928.1204   11.5656
    7.5000  -22.5000   15.0000 2862.1665   11.8748
   -7.5000  -15.0000   15.0000 2915.9216   11.6261
    0.0000  -15.0000   15.0000 2943.7048   11.5613
    7.5000  -15.0000   15.0000 2882.4187   11.8082
   -7.5000   -7.5000   15.0000 2870.7173   11.8843
    0.0000   -7.5000   15.0000 2894.6013   11.8097
    7.5000   -7.5000   15.0000 2847.1951   12.0383
   -7.5000    0.0000   15.0000 2784.8218   12.3404
    0.0000    0.0000   15.0000 2803.7131   12.2721
    7.5000    0.0000   15.0000 2765.3689   12.5039
   -7.5000    7.5000   15.0000 2666.3181   13.0653
    0.0000    7.5000   15.0000 2680.5886   12.9858
    7.5000    7.5000   15.0000 2644.1045   13.2196
   -7.5000   15.0000   15.0000 2520.9363   14.1154
    0.0000   15.0000   15.0000 2539.5796   14.0694
    7.5000   15.0000   15.0000 2499.5833   14.2787
   -7.5000   22.5000   15.0000 2362.8923   15.5890
    0.0000   22.5000   15.0000 2375.8308   15.5697
    7.5000   22.5000   15.0000 2346.9539   15.7801
   -7.5000   30.0000   15.0000 2198.6973   17.5901
    0.0000   30.0000   15.0000 2209.0078   17.5623
    7.5000   30.0000   15.0000 2181.1926   17.8381
   -7.5000   37.5000   15.0000 2026.9036   20.2741
    0.0000   37.5000   15.0000 2039.7606   20.1800
    7.5000   37.5000   15.0000 2014.9641   20.5315
   -7.5000   45.0000   15.0000 1852.0791   23.8105
    0.0000   45.0000   15.0000 1862.6033   23.6681
    7.5000   45.0000   15.0000 1843.1495   24.1314
   -7.5000  -45.0000   22.5000 2551.9946   13.9492
    0.0000  -45.0000   22.5000 2567.4441   13.8075
    7.5000  -45.0000   22.5000 2536.9702   14.0971
   -7.5000  -37.5000   22.5000 2705.6292   12.8754
    0.0000  -37.5000   22.5000 2724.0581   12.7173
    7.5000  -37.5000   22.5000 2681.3428   12.9709
   -7.5000  -30.0000   22.5000 2831.6006   12.1181
    0.0000  -30.0000   22.5000 2866.4438   11.9652
    7.5000  -30.0000   22.5000 2801.7969   12.2174
   -7.5000  -22.5000   22.5000 2913.4243   11.7216
    0.0000  -22.5000   22.5000 2952.0361   11.5433
    7.5000  -22.5000   22.5000 2878.5947   11.8334
   -7.5000  -15.0000   22.5000 2928.9517   11.6010
    0.0000  -15.0000   22.5000 2962.3337   11.4384
    7.5000  -15.0000   22.5000 2903.2175   11.7352
   -7.5000   -7.5000   22.5000 2882.5520   11.7975
    0.0000   -7.5000   22.5000 2907.6433   11.6760
    7.5000   -7.5000   22.5000 2859.6926   11.9316
   -7.5000    0.0000   22.5000 2793.2444   12.2412
    0.0000    0.0000   22.5000 2810.8401   12.1574
    7.5000    0.0000   22.5000 2776.0229   12.3698
   -7.5000    7.5000   22.5000 2672.9333   12.9511
    0.0000    7.5000   22.5000 2685.5483   12.8741
    7.5000    7.5000   22.5000 2653.8589   13.0679
   -7.5000   15.0000   22.5000 2525.1465   14.0026
    0.0000   15.0000   22.5000 2544.4280   13.9440
    7.5000   15.0000   22.5000 2509.6846   14.1270
   -7.5000   22.5000   22.5000 2363.9949   15.4740
    0.0000   22.5000   22.5000 2378.1567   15.4329
    7.5000   22.5000   22.5000 2350.8687   15.6301
   -7.5000   30.0000   22.5000 2194.7900   17.4429
    0.0000   30.0000   22.5000 2208.0540   17.4281
    7.5000   30.0000   22.5000 2186.2427   17.6463
   -7.5000   37.5000   22.5000 2027.4811   20.0879
    0.0000   37.5000   22.5000 2040.6246   20.0377
    7.5000   37.5000   22.5000 2018.9028   20.3220
   -7.5000   45.0000   22.5000 1854.4479   23.4699
    0.0000   45.0000   22.5000 1864.3236   23.3810
    7.5000   45.0000   22.5000 1845.3239   23.7713
   -7.5000  -45.0000   30.0000 2531.7524   14.1970
    0.0000  -45.0000   30.0000 2548.4619   13.9782
    7.5000  -45.0000   30.0000 2518.0278   14.2987
   -7.5000  -37.5000   30.0000 2683.0059   13.1099
    0.0000  -37.5000   30.0000 2706.3845   12.8770
    7.5000  -37.5000   30.0000 2665.6904   13.1732
   -7.5000  -30.0000   30.0000 2810.9441   12.3214
    0.0000  -30.0000   30.0000 2847.6404   12.1026
    7.5000  -30.0000   30.0000 2785.3877   12.4064
   -7.5000  -22.5000   30.0000 2895.4033   11.9202
    0.0000  -22.5000   30.0000 2927.9473   11.7148
    7.5000  -22.5000   30.0000 2866.5029   12.0063
   -7.5000  -15.0000   30.0000 2911.4902   11.8391
    0.0000  -15.0000   30.0000 2942.8430   11.6971
    7.5000  -15.0000   30.0000 2893.5811   11.9274
   -7.5000   -7.5000   30.0000 2864.5444   12.0145
    0.0000   -7.5000   30.0000 2891.5471   11.9104
    7.5000   -7.5000   30.0000 2848.1143   12.1170
   -7.5000    0.0000   30.0000 2773.6301   12.4280
    0.0000    0.0000   30.0000 2793.5398   12.3254
    7.5000    0.0000   30.0000 2758.4036   12.5308
   -7.5000    7.5000   30.0000 2653.7300   13.1081
    0.0000    7.5000   30.0000 2667.1704   13.0062
    7.5000    7.5000   30.0000 2639.2910   13.1965
   -7.5000   15.0000   30.0000 2509.7656   14.1026
    0.0000   15.0000   30.0000 2524.1980   14.0240
    7.5000   15.0000   30.0000 2500.9961   14.2117
   -7.5000   22.5000   30.0000 2349.0720   15.4905
    0.0000   22.5000   30.0000 2361.2139   15.4462
    7.5000   22.5000   30.0000 2342.4307   15.6453
   -7.5000   30.0000   30.0000 2180.0415   17.4170
    0.0000   30.0000   30.0000 2194.9695   17.3474
    7.5000   30.0000   30.0000 2173.1040   17.5867
   -7.5000   37.5000   30.0000 2012.6857   20.0459
    0.0000   37.5000   30.0000 2026.3353   19.9243
    7.5000   37.5000   30.0000 2005.7732   20.2259
   -7.5000   45.0000   30.0000 1843.5443   23.4514
    0.0000   45.0000   30.0000 1851.9221   23.3178
    7.5000   45.0000   30.0000 1833.4370   23.6361
   -7.5000  -45.0000   37.5000 2503.3657   14.6073
    0.0000  -45.0000   37.5000 2518.6370   14.3598
    7.5000  -45.0000   37.5000 2489.7910   14.6962
   -7.5000  -37.5000   37.5000 2652.3831   13.5049
    0.0000  -37.5000   37.5000 2675.1826   13.2945
    7.5000  -37.5000   37.5000 2639.2239   13.5914
   -7.5000  -30.0000   37.5000 2775.0251   12.7072
    0.0000  -30.0000   37.5000 2803.3806   12.4652
    7.5000  -30.0000   37.5000 2758.2942   12.7957
   -7.5000  -22.5000   37.5000 2850.1091   12.3140
    0.0000  -22.5000   37.5000 2879.5923   12.1395
    7.5000  -22.5000   37.5000 2831.0432   12.3907
   -7.5000  -15.0000   37.5000 2865.5205   12.2278
    0.0000  -15.0000   37.5000 2888.2827   12.1098
    7.5000  -15.0000   37.5000 2851.5503   12.3170
   -7.5000   -7.5000   37.5000 2819.8440   12.4049
    0.0000   -7.5000   37.5000 2840.1057   12.2769
    7.5000   -7.5000   37.5000 2806.6799   12.4807
   -7.5000    0.0000   37.5000 2732.8550   12.7960
    0.0000    0.0000   37.5000 2750.6270   12.6931
    7.5000    0.0000   37.5000 2721.8757   12.8763
   -7.5000    7.5000   37.5000 2612.9673   13.4731
    0.0000    7.5000   37.5000 2629.5781   13.3698
    7.5000    7.5000   37.5000 2603.5613   13.5224
   -7.5000   15.0000   37.5000 2475.9712   14.4085
    0.0000   15.0000   37.5000 2495.0203   14.3170
    7.5000   15.0000   37.5000 2466.8936   14.4749
   -7.5000   22.5000   37.5000 2321.6331   15.7524
    0.0000   22.5000   37.5000 2333.2637   15.6930
    7.5000   22.5000   37.5000 2312.0632   15.8654
   -7.5000   30.0000   37.5000 2156.2087   17.6577
    0.0000   30.0000   37.5000 2172.9888   17.5542
    7.5000   30.0000   37.5000 2150.4792   17.7831
   -7.5000   37.5000   37.5000 1991.2170   20.1831
    0.0000   37.5000   37.5000 2003.9316   20.0404
    7.5000   37.5000   37.5000 1988.6941   20.3251
   -7.5000   45.0000   37.5000 1819.8622   23.5433
    0.0000   45.0000   37.5000 1832.7721   23.3336
    7.5000   45.0000   37.5000 1814.0111   23.6971
   -7.5000  -45.0000   45.0000 2465.4641   15.2094
    0.0000  -45.0000   45.0000 2487.6875   14.9841
    7.5000  -45.0000   45.0000 2458.7358   15.3119
   -7.5000  -37.5000   45.0000 2609.6106   14.0881
    0.0000  -37.5000   45.0000 2634.3428   13.8484
    7.5000  -37.5000   45.0000 2598.7344   14.1610
   -7.5000  -30.0000   45.0000 2723.4106   13.2879
    0.0000  -30.0000   45.0000 2746.2349   13.0670
    7.5000  -30.0000   45.0000 2710.2705   13.3759
   -7.5000  -22.5000   45.0000 2785.4341   12.9106
    0.0000  -22.5000   45.0000 2808.4282   12.7515
    7.5000  -22.5000   45.0000 2773.9216   12.9775
   -7.5000  -15.0000   45.0000 2793.4558   12.8346
    0.0000  -15.0000   45.0000 2811.6089   12.6992
    7.5000  -15.0000   45.0000 2780.1477   12.8892
   -7.5000   -7.5000   45.0000 2750.2908   12.9660
    0.0000   -7.5000   45.0000 2766.0598   12.8358
    7.5000   -7.5000   45.0000 2740.5332   13.0201
   -7.5000    0.0000   45.0000 2670.1785   13.3340
    0.0000    0.0000   45.0000 2686.3057   13.2090
    7.5000    0.0000   45.0000 2660.5962   13.4141
   -7.5000    7.5000   45.0000 2558.1470   13.9744
    0.0000    7.5000   45.0000 2576.2234   13.8618
    7.5000    7.5000   45.0000 2552.7939   14.0338
   -7.5000   15.0000   45.0000 2428.3010   14.8931
    0.0000   15.0000   45.0000 2447.1079   14.8005
    7.5000   15.0000   45.0000 2425.4192   14.9599
   -7.5000   22.5000   45.0000 2277.2129   16.2169
    0.0000   22.5000   45.0000 2293.8547   16.1510
    7.5000   22.5000   45.0000 2276.0532   16.3011
   -7.5000   30.0000   45.0000 2120.7134   18.0598
    0.0000   30.0000   45.0000 2133.0090   17.9412
    7.5000   30.0000   45.0000 2115.4436   18.1783
   -7.5000   37.5000   45.0000 1957.0808   20.5665
    0.0000   37.5000   45.0000 1971.6517   20.3846
    7.5000   37.5000   45.0000 1951.0917   20.7102
   -7.5000   45.0000   45.0000 1787.9648   23.9087
    0.0000   45.0000   45.0000 1799.4012   23.7064
    7.5000   45.0000   45.0000 1785.1794   24.1061

---------------------------------------------------------------------
imgreg_4dfp /opt/freesurfer/average/711-2C_as_mni_average_305 /opt/freesurfer/average/711-2B_as_mni_average_305_mask talsrcimg_g11 none talsrcimg_to_711-2C_as_mni_average_305_t4 1283
---------------------------------------------------------------------

freesurfer imgreg_4dfp.c
/opt/freesurfer/average/711-2C_as_mni_average_305.4dfp.img
       256       256       256         1
  1.000000  1.000000  1.000000
orientation T byte_order littleendian
Reading image: /opt/freesurfer/average/711-2C_as_mni_average_305.4dfp.img
dimensions:      256       256       256
mmppix:       1.0000   -1.0000   -1.0000
center:     128.0000 -129.0000 -129.0000
/opt/freesurfer/average/711-2B_as_mni_average_305_mask.4dfp.img
       256       256       256         1
  1.000000  1.000000  1.000000
orientation T byte_order littleendian
Reading mask: /opt/freesurfer/average/711-2B_as_mni_average_305_mask.4dfp.img (2306576 pixels)
talsrcimg_g11.4dfp.img
       256       256       256         1
  1.000000  1.000000  1.000000
orientation T byte_order littleendian
Reading image: talsrcimg_g11.4dfp.img
dimensions:      256       256       256
mmppix:       1.0000   -1.0000   -1.0000
center:     128.0000 -129.0000 -129.0000
rotation matrix determinant  1.000000
fimgreg.f
image alignment mode   1283 decimal      503 hex
parameters
    0.0000  -15.0000   22.5000    0.0000    0.0000    0.0000
eta,q 0.93083 11.41218
niter,ni,del,rscale     5    3   12.0000    1.2000
parameter  2  1.369477 ->  0.500000 qaram    1.1500
parameter  4  1.018554 ->  0.500000 qaram    1.1500
parameters
   -2.0774  -18.4500   22.4700   -3.4500    1.3620    1.0561
eta,q 0.93607 11.33748
  0.0755  0.0679  0.0721  0.0637  0.0722  0.0700
  0.0731  0.0664  0.0695  0.0641  0.0685  0.0668
  0.0722  0.0686  0.0673  0.0648  0.0657  0.0645
  0.0730  0.0721  0.0664  0.0664  0.0643  0.0638
  0.0758  0.0743  0.0671  0.0696  0.0640  0.0642
  0.0800  0.0759  0.0694  0.0731  0.0652  0.0652
  0.0852  0.0800  0.0725  0.0759  0.0673  0.0664
niter,ni,del,rscale     6    3   12.0000    1.2000
parameter  4  0.643218 ->  0.500000 qaram    1.3225
parameters
   -2.0688  -17.3420   22.1244   -7.4175    1.3110    0.8631
eta,q 0.93733 11.41307
  0.0760  0.0825  0.0693  0.0634  0.0680  0.0668
  0.0696  0.0728  0.0661  0.0626  0.0653  0.0645
  0.0653  0.0655  0.0646  0.0632  0.0632  0.0632
  0.0639  0.0639  0.0647  0.0646  0.0627  0.0627
  0.0656  0.0659  0.0662  0.0665  0.0637  0.0634
  0.0696  0.0691  0.0676  0.0701  0.0654  0.0651
  0.0758  0.0718  0.0695  0.0737  0.0681  0.0672
niter,ni,del,rscale     6    3   12.0000    1.2000
parameters
   -2.0306  -15.7445   20.8008  -10.3713    0.9028    1.0290
eta,q 0.93965 11.44838
  0.0760  0.0815  0.0666  0.0641  0.0661  0.0650
  0.0689  0.0705  0.0633  0.0613  0.0629  0.0625
  0.0642  0.0648  0.0623  0.0604  0.0609  0.0609
  0.0627  0.0627  0.0632  0.0624  0.0604  0.0603
  0.0642  0.0637  0.0653  0.0648  0.0613  0.0610
  0.0688  0.0651  0.0675  0.0678  0.0640  0.0624
  0.0756  0.0682  0.0693  0.0717  0.0681  0.0644
niter,ni,del,rscale     5    3   12.0000    1.2000
parameters
   -1.8627  -14.5981   20.7730  -10.8365    0.5797    1.2359
eta,q 0.94011 11.45178
  0.0770  0.0775  0.0682  0.0684  0.0663  0.0646
  0.0686  0.0686  0.0641  0.0634  0.0628  0.0623
  0.0626  0.0637  0.0609  0.0605  0.0605  0.0606
  0.0603  0.0603  0.0601  0.0601  0.0599  0.0599
  0.0623  0.0607  0.0617  0.0630  0.0610  0.0604
  0.0676  0.0637  0.0647  0.0659  0.0638  0.0619
  0.0751  0.0688  0.0677  0.0689  0.0678  0.0640
niter,ni,del,rscale     4    3   12.0000    1.2000
parameters
   -1.7058  -14.4658   20.7188  -10.9752    0.4519    1.3164
eta,q 0.94017 11.45301
  0.0769  0.0731  0.0681  0.0691  0.0667  0.0644
  0.0686  0.0663  0.0641  0.0640  0.0632  0.0622
  0.0625  0.0620  0.0609  0.0608  0.0606  0.0606
  0.0599  0.0599  0.0599  0.0599  0.0598  0.0598
  0.0617  0.0614  0.0615  0.0624  0.0608  0.0605
  0.0676  0.0655  0.0647  0.0656  0.0634  0.0620
  0.0753  0.0723  0.0680  0.0684  0.0674  0.0642
niter,ni,del,rscale     3    3   12.0000    1.2000
parameters
   -1.6536  -14.4304   20.6886  -11.0185    0.4088    1.3463
eta,q 0.94018 11.45311
  0.0764  0.0727  0.0682  0.0693  0.0668  0.0644
  0.0682  0.0661  0.0642  0.0643  0.0633  0.0621
  0.0622  0.0618  0.0609  0.0609  0.0606  0.0605
  0.0598  0.0598  0.0598  0.0598  0.0598  0.0598
  0.0619  0.0615  0.0614  0.0623  0.0608  0.0605
  0.0680  0.0657  0.0646  0.0655  0.0632  0.0621
  0.0757  0.0727  0.0680  0.0683  0.0672  0.0643
registration optimization eta report
parameter search radius
    6.0000    6.9000    6.0000    7.9350    6.0000    6.0000
100000*second partial in parameter space
       44.       27.       22.       14.       20.       12.
  0.0764  0.0727  0.0682  0.0693  0.0668  0.0644
  0.0682  0.0661  0.0642  0.0643  0.0633  0.0621
  0.0622  0.0618  0.0609  0.0609  0.0606  0.0605
  0.0598  0.0598  0.0598  0.0598  0.0598  0.0598
  0.0619  0.0615  0.0614  0.0623  0.0608  0.0605
  0.0680  0.0657  0.0646  0.0655  0.0632  0.0621
  0.0757  0.0727  0.0680  0.0683  0.0672  0.0643
   -1.6536  -14.4304   20.6886  -11.0185    0.4088    1.3463
eta,q 0.94018 11.45311

---------------------------------------------------------------------
imgreg_4dfp /opt/freesurfer/average/711-2C_as_mni_average_305 /opt/freesurfer/average/711-2B_as_mni_average_305_mask talsrcimg_g11 none talsrcimg_to_711-2C_as_mni_average_305_t4 3335
---------------------------------------------------------------------

freesurfer imgreg_4dfp.c
/opt/freesurfer/average/711-2C_as_mni_average_305.4dfp.img
       256       256       256         1
  1.000000  1.000000  1.000000
orientation T byte_order littleendian
Reading image: /opt/freesurfer/average/711-2C_as_mni_average_305.4dfp.img
dimensions:      256       256       256
mmppix:       1.0000   -1.0000   -1.0000
center:     128.0000 -129.0000 -129.0000
/opt/freesurfer/average/711-2B_as_mni_average_305_mask.4dfp.img
       256       256       256         1
  1.000000  1.000000  1.000000
orientation T byte_order littleendian
Reading mask: /opt/freesurfer/average/711-2B_as_mni_average_305_mask.4dfp.img (2306576 pixels)
talsrcimg_g11.4dfp.img
       256       256       256         1
  1.000000  1.000000  1.000000
orientation T byte_order littleendian
Reading image: talsrcimg_g11.4dfp.img
dimensions:      256       256       256
mmppix:       1.0000   -1.0000   -1.0000
center:     128.0000 -129.0000 -129.0000
fimgreg.f
image alignment mode   3335 decimal      D07 hex
parameters
   -1.6536  -14.4304   20.6886   -0.0302   -1.8673   -1.8459
   -2.1699   -1.1493    2.3495   19.0908    0.7136  -19.1120
eta,q 0.94107 11.50547
niter,ni,del,rscale     5    3    5.0000    1.2000
parameter  4  1.185841 ->  0.500000 qaram    1.1500
parameter  5  4.236047 ->  0.500000 qaram    1.1500
parameter  6  0.549000 ->  0.500000 qaram    1.1500
parameter 10  0.902394 ->  0.500000 qaram    1.1500
parameters
   -1.7545  -14.8476   20.0806   -4.1702   -6.0073   -5.9859
   -1.9293    0.0869    3.6848   14.9508    3.9011  -21.3347
eta,q 0.95388 10.75792
  0.0616  0.0601  0.0595  0.0547  0.0449  0.0487  0.0506  0.0538  0.0509  0.0461  0.0478  0.0465
  0.0601  0.0593  0.0590  0.0553  0.0482  0.0484  0.0494  0.0512  0.0496  0.0462  0.0471  0.0462
  0.0592  0.0589  0.0588  0.0566  0.0517  0.0485  0.0487  0.0493  0.0487  0.0469  0.0467  0.0461
  0.0589  0.0589  0.0589  0.0588  0.0556  0.0491  0.0484  0.0483  0.0483  0.0482  0.0464  0.0462
  0.0593  0.0593  0.0593  0.0619  0.0598  0.0506  0.0485  0.0484  0.0482  0.0501  0.0462  0.0465
  0.0604  0.0601  0.0599  0.0656  0.0643  0.0531  0.0492  0.0493  0.0486  0.0526  0.0462  0.0469
  0.0621  0.0612  0.0607  0.0694  0.0691  0.0563  0.0503  0.0510  0.0495  0.0555  0.0464  0.0475
niter,ni,del,rscale     7    3    5.0000    1.2000
parameter  5  2.440188 ->  0.500000 qaram    1.3225
parameters
   -1.5268  -14.5284   20.6365   -7.8849  -10.7683   -5.8316
   -2.2148   -0.4477    3.1667   12.8333    3.0322  -20.4581
eta,q 0.96056 10.24717
  0.0497  0.0484  0.0479  0.0462  0.0365  0.0422  0.0419  0.0428  0.0413  0.0414  0.0399  0.0406
  0.0479  0.0471  0.0470  0.0457  0.0389  0.0411  0.0407  0.0409  0.0403  0.0400  0.0396  0.0400
  0.0467  0.0464  0.0464  0.0455  0.0419  0.0403  0.0399  0.0398  0.0398  0.0395  0.0395  0.0396
  0.0461  0.0461  0.0461  0.0460  0.0455  0.0397  0.0397  0.0397  0.0396  0.0396  0.0395  0.0395
  0.0463  0.0461  0.0460  0.0475  0.0495  0.0398  0.0400  0.0403  0.0399  0.0407  0.0396  0.0395
  0.0471  0.0466  0.0462  0.0502  0.0539  0.0406  0.0409  0.0417  0.0407  0.0426  0.0398  0.0397
  0.0486  0.0474  0.0468  0.0540  0.0590  0.0424  0.0423  0.0437  0.0419  0.0452  0.0401  0.0401
niter,ni,del,rscale     7    3    5.0000    1.2000
parameter  5  1.402329 ->  0.500000 qaram    1.5209
parameters
   -1.3629  -14.1825   21.1670   -8.3422  -16.2435   -4.7570
   -2.2256   -0.4529    3.5276   13.2795    2.3247  -20.8215
eta,q 0.96528  9.97780
  0.0426  0.0417  0.0410  0.0416  0.0333  0.0376  0.0372  0.0384  0.0366  0.0387  0.0351  0.0355
  0.0410  0.0404  0.0403  0.0405  0.0344  0.0365  0.0359  0.0363  0.0357  0.0368  0.0349  0.0350
  0.0399  0.0397  0.0397  0.0398  0.0365  0.0356  0.0350  0.0351  0.0350  0.0354  0.0348  0.0348
  0.0394  0.0394  0.0394  0.0394  0.0394  0.0349  0.0348  0.0348  0.0348  0.0348  0.0347  0.0347
  0.0396  0.0395  0.0394  0.0395  0.0430  0.0348  0.0351  0.0353  0.0349  0.0350  0.0348  0.0349
  0.0404  0.0399  0.0396  0.0405  0.0473  0.0354  0.0359  0.0364  0.0354  0.0361  0.0350  0.0352
  0.0419  0.0406  0.0401  0.0428  0.0522  0.0368  0.0371  0.0382  0.0363  0.0380  0.0353  0.0356
niter,ni,del,rscale     7    3    5.0000    1.2000
parameter  5  0.623263 ->  0.500000 qaram    1.7490
parameters
   -1.3451  -14.0067   21.2722   -7.0481  -22.5399   -3.9726
   -2.4003   -0.4416    4.3995   14.2635    2.1102  -24.0640
eta,q 0.96775  9.77005
  0.0374  0.0370  0.0360  0.0377  0.0333  0.0351  0.0344  0.0360  0.0340  0.0361  0.0328  0.0325
  0.0360  0.0357  0.0353  0.0364  0.0326  0.0340  0.0333  0.0340  0.0332  0.0342  0.0326  0.0323
  0.0351  0.0350  0.0349  0.0355  0.0328  0.0331  0.0326  0.0328  0.0327  0.0330  0.0324  0.0323
  0.0347  0.0347  0.0347  0.0347  0.0345  0.0325  0.0325  0.0325  0.0325  0.0324  0.0324  0.0324
  0.0350  0.0349  0.0348  0.0344  0.0374  0.0326  0.0328  0.0330  0.0325  0.0325  0.0325  0.0326
  0.0359  0.0355  0.0352  0.0349  0.0414  0.0331  0.0335  0.0341  0.0328  0.0333  0.0326  0.0329
  0.0374  0.0363  0.0358  0.0367  0.0462  0.0346  0.0346  0.0358  0.0334  0.0347  0.0329  0.0333
niter,ni,del,rscale     7    3    5.0000    1.2000
parameters
   -1.3697  -13.4929   20.9700   -6.0709  -25.4449   -4.2963
   -2.8380   -0.5618    5.0277   15.9211    2.2473  -24.9820
eta,q 0.96789  9.66857
  0.0349  0.0347  0.0330  0.0351  0.0349  0.0345  0.0339  0.0356  0.0334  0.0356  0.0327  0.0326
  0.0335  0.0335  0.0326  0.0340  0.0336  0.0335  0.0330  0.0337  0.0328  0.0339  0.0324  0.0323
  0.0326  0.0326  0.0323  0.0331  0.0325  0.0327  0.0324  0.0325  0.0324  0.0328  0.0322  0.0321
  0.0323  0.0323  0.0322  0.0322  0.0320  0.0323  0.0323  0.0323  0.0323  0.0322  0.0321  0.0321
  0.0326  0.0322  0.0324  0.0319  0.0333  0.0325  0.0326  0.0328  0.0323  0.0321  0.0322  0.0323
  0.0335  0.0326  0.0329  0.0325  0.0364  0.0333  0.0333  0.0340  0.0326  0.0326  0.0324  0.0325
  0.0350  0.0332  0.0336  0.0345  0.0409  0.0354  0.0344  0.0357  0.0331  0.0337  0.0326  0.0329
niter,ni,del,rscale     6    3    5.0000    1.2000
parameters
   -1.4082  -12.9113   20.7135   -6.0140  -26.8478   -4.8885
   -3.0458   -0.7280    5.2860   17.1172    2.2801  -25.5011
eta,q 0.96781  9.59180
  0.0346  0.0341  0.0329  0.0345  0.0352  0.0344  0.0339  0.0354  0.0332  0.0349  0.0328  0.0327
  0.0333  0.0331  0.0324  0.0336  0.0340  0.0334  0.0330  0.0335  0.0327  0.0336  0.0324  0.0324
  0.0324  0.0324  0.0321  0.0328  0.0329  0.0326  0.0324  0.0325  0.0324  0.0328  0.0322  0.0322
  0.0321  0.0321  0.0320  0.0320  0.0320  0.0323  0.0323  0.0323  0.0323  0.0323  0.0322  0.0322
  0.0324  0.0321  0.0322  0.0319  0.0322  0.0326  0.0325  0.0328  0.0323  0.0322  0.0323  0.0323
  0.0333  0.0323  0.0327  0.0328  0.0346  0.0334  0.0332  0.0339  0.0326  0.0327  0.0324  0.0326
  0.0348  0.0328  0.0334  0.0351  0.0383  0.0356  0.0341  0.0355  0.0331  0.0338  0.0327  0.0329
niter,ni,del,rscale     5    3    5.0000    1.2000
parameters
   -1.4168  -12.3916   20.5281   -6.1968  -27.8485   -5.3833
   -3.1739   -0.8381    5.4589   18.1051    2.3621  -25.8381
eta,q 0.96771  9.52787
  0.0346  0.0338  0.0330  0.0343  0.0352  0.0344  0.0339  0.0354  0.0332  0.0348  0.0329  0.0328
  0.0333  0.0330  0.0326  0.0335  0.0340  0.0335  0.0331  0.0336  0.0328  0.0337  0.0325  0.0325
  0.0325  0.0324  0.0322  0.0328  0.0330  0.0327  0.0325  0.0326  0.0325  0.0328  0.0323  0.0323
  0.0322  0.0322  0.0322  0.0322  0.0322  0.0324  0.0324  0.0324  0.0324  0.0324  0.0323  0.0323
  0.0325  0.0322  0.0323  0.0321  0.0321  0.0326  0.0326  0.0329  0.0324  0.0323  0.0323  0.0324
  0.0333  0.0324  0.0327  0.0329  0.0341  0.0334  0.0332  0.0339  0.0327  0.0328  0.0325  0.0326
  0.0346  0.0328  0.0334  0.0353  0.0376  0.0355  0.0340  0.0353  0.0332  0.0340  0.0328  0.0330
niter,ni,del,rscale     4    3    5.0000    1.2000
parameters
   -1.4107  -11.9482   20.4042   -6.4334  -28.6748   -5.7328
   -3.2761   -0.9094    5.5452   18.8771    2.4486  -26.1396
eta,q 0.96762  9.47394
  0.0345  0.0337  0.0332  0.0342  0.0352  0.0345  0.0339  0.0353  0.0333  0.0348  0.0329  0.0329
  0.0334  0.0329  0.0327  0.0335  0.0340  0.0336  0.0331  0.0336  0.0328  0.0337  0.0326  0.0326
  0.0326  0.0325  0.0324  0.0329  0.0330  0.0328  0.0326  0.0326  0.0325  0.0329  0.0324  0.0324
  0.0323  0.0323  0.0323  0.0323  0.0323  0.0324  0.0324  0.0324  0.0324  0.0324  0.0324  0.0324
  0.0325  0.0323  0.0324  0.0322  0.0322  0.0327  0.0326  0.0329  0.0325  0.0324  0.0324  0.0325
  0.0333  0.0325  0.0328  0.0330  0.0338  0.0334  0.0332  0.0339  0.0328  0.0329  0.0326  0.0327
  0.0346  0.0329  0.0334  0.0352  0.0372  0.0353  0.0340  0.0352  0.0332  0.0343  0.0329  0.0330
niter,ni,del,rscale     3    3    5.0000    1.2000
parameters
   -1.3954  -11.5959   20.3316   -6.6475  -29.3204   -5.9678
   -3.3549   -0.9387    5.5881   19.4384    2.4822  -26.3613
eta,q 0.96756  9.43186
  0.0345  0.0336  0.0333  0.0341  0.0352  0.0346  0.0339  0.0353  0.0333  0.0348  0.0330  0.0330
  0.0334  0.0329  0.0328  0.0335  0.0341  0.0337  0.0332  0.0336  0.0329  0.0338  0.0326  0.0327
  0.0327  0.0325  0.0325  0.0329  0.0331  0.0329  0.0327  0.0327  0.0326  0.0330  0.0325  0.0325
  0.0324  0.0324  0.0324  0.0324  0.0324  0.0325  0.0325  0.0325  0.0325  0.0325  0.0324  0.0324
  0.0326  0.0324  0.0325  0.0323  0.0322  0.0327  0.0327  0.0330  0.0326  0.0325  0.0325  0.0325
  0.0333  0.0326  0.0328  0.0330  0.0337  0.0335  0.0332  0.0339  0.0328  0.0331  0.0327  0.0327
  0.0345  0.0330  0.0334  0.0350  0.0369  0.0352  0.0340  0.0352  0.0333  0.0345  0.0329  0.0331
niter,ni,del,rscale     2    3    5.0000    1.2000
parameters
   -1.3747  -11.3632   20.2940   -6.7827  -29.7512   -6.1118
   -3.4213   -0.9375    5.5961   19.7987    2.4896  -26.5177
eta,q 0.96750  9.40501
  0.0345  0.0335  0.0334  0.0341  0.0353  0.0346  0.0339  0.0354  0.0333  0.0348  0.0330  0.0331
  0.0334  0.0329  0.0329  0.0335  0.0341  0.0337  0.0332  0.0337  0.0329  0.0338  0.0327  0.0328
  0.0327  0.0326  0.0326  0.0330  0.0331  0.0329  0.0327  0.0327  0.0326  0.0330  0.0325  0.0326
  0.0324  0.0324  0.0324  0.0324  0.0325  0.0325  0.0325  0.0325  0.0325  0.0325  0.0325  0.0325
  0.0326  0.0325  0.0325  0.0323  0.0323  0.0327  0.0327  0.0330  0.0326  0.0325  0.0325  0.0326
  0.0333  0.0327  0.0329  0.0329  0.0336  0.0335  0.0332  0.0339  0.0329  0.0332  0.0327  0.0328
  0.0345  0.0331  0.0335  0.0349  0.0367  0.0351  0.0340  0.0351  0.0334  0.0347  0.0330  0.0331
niter,ni,del,rscale     1    3    5.0000    1.2000
parameters
   -1.3529  -11.2156   20.2655   -6.8777  -30.0164   -6.2091
   -3.4782   -0.9132    5.5957   20.0278    2.4861  -26.6021
eta,q 0.96747  9.38801
  0.0345  0.0335  0.0334  0.0341  0.0354  0.0347  0.0339  0.0354  0.0334  0.0348  0.0330  0.0331
  0.0334  0.0329  0.0329  0.0335  0.0342  0.0338  0.0332  0.0337  0.0329  0.0338  0.0327  0.0328
  0.0328  0.0326  0.0326  0.0330  0.0332  0.0330  0.0327  0.0327  0.0326  0.0330  0.0326  0.0326
  0.0325  0.0325  0.0325  0.0325  0.0325  0.0325  0.0325  0.0325  0.0325  0.0325  0.0325  0.0325
  0.0327  0.0326  0.0326  0.0324  0.0323  0.0328  0.0327  0.0330  0.0326  0.0326  0.0326  0.0326
  0.0333  0.0328  0.0329  0.0329  0.0335  0.0335  0.0332  0.0339  0.0329  0.0333  0.0327  0.0328
  0.0345  0.0333  0.0335  0.0348  0.0366  0.0351  0.0340  0.0351  0.0334  0.0349  0.0330  0.0332
registration optimization eta report
parameter search radius
    2.4000    2.4000    2.4000    8.2800   12.5928    8.2800
    7.2000    7.2000    7.2000    8.2800    7.2000    7.2000
100000*second partial in parameter space
       34.       15.       17.        3.        2.        3.
        3.        5.        2.        3.        1.        1.
  0.0345  0.0335  0.0334  0.0341  0.0354  0.0347  0.0339  0.0354  0.0334  0.0348  0.0330  0.0331
  0.0334  0.0329  0.0329  0.0335  0.0342  0.0338  0.0332  0.0337  0.0329  0.0338  0.0327  0.0328
  0.0328  0.0326  0.0326  0.0330  0.0332  0.0330  0.0327  0.0327  0.0326  0.0330  0.0326  0.0326
  0.0325  0.0325  0.0325  0.0325  0.0325  0.0325  0.0325  0.0325  0.0325  0.0325  0.0325  0.0325
  0.0327  0.0326  0.0326  0.0324  0.0323  0.0328  0.0327  0.0330  0.0326  0.0326  0.0326  0.0326
  0.0333  0.0328  0.0329  0.0329  0.0335  0.0335  0.0332  0.0339  0.0329  0.0333  0.0327  0.0328
  0.0345  0.0333  0.0335  0.0348  0.0366  0.0351  0.0340  0.0351  0.0334  0.0349  0.0330  0.0332
   -1.3529  -11.2156   20.2655   -6.8777  -30.0164   -6.2091
   -3.4782   -0.9132    5.5957   20.0278    2.4861  -26.6021
eta,q 0.96747  9.38801

---------------------------------------------------------------------
imgreg_4dfp /opt/freesurfer/average/711-2C_as_mni_average_305 /opt/freesurfer/average/711-2B_as_mni_average_305_mask talsrcimg_g11 none talsrcimg_to_711-2C_as_mni_average_305_t4 2311
---------------------------------------------------------------------

freesurfer imgreg_4dfp.c
/opt/freesurfer/average/711-2C_as_mni_average_305.4dfp.img
       256       256       256         1
  1.000000  1.000000  1.000000
orientation T byte_order littleendian
Reading image: /opt/freesurfer/average/711-2C_as_mni_average_305.4dfp.img
dimensions:      256       256       256
mmppix:       1.0000   -1.0000   -1.0000
center:     128.0000 -129.0000 -129.0000
/opt/freesurfer/average/711-2B_as_mni_average_305_mask.4dfp.img
       256       256       256         1
  1.000000  1.000000  1.000000
orientation T byte_order littleendian
Reading mask: /opt/freesurfer/average/711-2B_as_mni_average_305_mask.4dfp.img (2306576 pixels)
talsrcimg_g11.4dfp.img
       256       256       256         1
  1.000000  1.000000  1.000000
orientation T byte_order littleendian
Reading image: talsrcimg_g11.4dfp.img
dimensions:      256       256       256
mmppix:       1.0000   -1.0000   -1.0000
center:     128.0000 -129.0000 -129.0000
fimgreg.f
image alignment mode   2311 decimal      907 hex
parameters
   -1.3529  -11.2156   20.2655   -6.8777  -30.0164   -6.2091
   -3.4782   -0.9132    5.5957   20.0278    2.4861  -26.6021
eta,q 0.96747  9.38801
niter,ni,del,rscale     5    3    5.0000    0.8000
parameter  5 -0.731660 -> -0.500000 qaram    1.1500
parameters
   -1.3026  -11.1700   20.3206   -4.9240  -27.2564   -5.8940
   -3.5024   -0.9248    5.1921   19.7250    2.1689  -27.4390
eta,q 0.96788  9.61807
  0.0335  0.0329  0.0330  0.0333  0.0332  0.0333  0.0330  0.0336  0.0326  0.0329  0.0324  0.0323
  0.0330  0.0327  0.0328  0.0331  0.0329  0.0328  0.0325  0.0327  0.0323  0.0325  0.0322  0.0322
  0.0327  0.0326  0.0326  0.0328  0.0326  0.0323  0.0322  0.0323  0.0322  0.0322  0.0321  0.0321
  0.0325  0.0325  0.0325  0.0325  0.0324  0.0321  0.0321  0.0321  0.0321  0.0321  0.0321  0.0321
  0.0326  0.0326  0.0326  0.0324  0.0322  0.0322  0.0322  0.0324  0.0322  0.0322  0.0322  0.0322
  0.0329  0.0327  0.0327  0.0324  0.0321  0.0325  0.0325  0.0328  0.0324  0.0326  0.0323  0.0324
  0.0334  0.0329  0.0329  0.0327  0.0322  0.0330  0.0330  0.0336  0.0328  0.0332  0.0325  0.0326
niter,ni,del,rscale     5    3    5.0000    0.8000
parameters
   -1.3731  -11.8232   20.1589   -5.0814  -26.8389   -5.5150
   -3.1345   -0.8859    5.1377   19.2778    2.4133  -27.2062
eta,q 0.96799  9.64729
  0.0331  0.0322  0.0324  0.0330  0.0329  0.0331  0.0330  0.0336  0.0325  0.0327  0.0323  0.0324
  0.0325  0.0321  0.0322  0.0326  0.0326  0.0326  0.0325  0.0327  0.0322  0.0323  0.0322  0.0322
  0.0322  0.0321  0.0321  0.0322  0.0323  0.0322  0.0322  0.0321  0.0321  0.0321  0.0321  0.0321
  0.0321  0.0321  0.0321  0.0320  0.0320  0.0320  0.0320  0.0320  0.0320  0.0320  0.0320  0.0320
  0.0323  0.0323  0.0321  0.0321  0.0320  0.0321  0.0321  0.0322  0.0320  0.0321  0.0320  0.0320
  0.0327  0.0326  0.0323  0.0325  0.0322  0.0324  0.0323  0.0327  0.0322  0.0324  0.0321  0.0321
  0.0333  0.0329  0.0326  0.0333  0.0329  0.0328  0.0327  0.0335  0.0325  0.0330  0.0323  0.0323
niter,ni,del,rscale     4    3    5.0000    0.7000
parameters
   -1.4340  -12.0084   20.2297   -4.8574  -26.2815   -5.3243
   -2.9945   -0.9628    5.1517   18.9043    2.5297  -27.0146
eta,q 0.96806  9.68446
  0.0328  0.0323  0.0324  0.0328  0.0327  0.0328  0.0327  0.0331  0.0323  0.0324  0.0322  0.0322
  0.0323  0.0321  0.0322  0.0325  0.0324  0.0324  0.0323  0.0324  0.0321  0.0321  0.0320  0.0321
  0.0321  0.0320  0.0321  0.0322  0.0322  0.0321  0.0320  0.0320  0.0320  0.0320  0.0320  0.0320
  0.0320  0.0320  0.0320  0.0320  0.0320  0.0319  0.0319  0.0319  0.0319  0.0319  0.0319  0.0319
  0.0321  0.0321  0.0320  0.0320  0.0319  0.0320  0.0320  0.0321  0.0320  0.0320  0.0320  0.0320
  0.0324  0.0322  0.0321  0.0322  0.0321  0.0323  0.0322  0.0326  0.0321  0.0323  0.0320  0.0320
  0.0329  0.0324  0.0323  0.0328  0.0326  0.0327  0.0326  0.0332  0.0323  0.0327  0.0322  0.0322
niter,ni,del,rscale     3    3    5.0000    0.6000
parameters
   -1.4744  -12.2375   20.2650   -4.6790  -25.7605   -5.1736
   -2.9152   -0.9930    5.1625   18.4943    2.6357  -26.7839
eta,q 0.96811  9.71702
  0.0325  0.0321  0.0322  0.0326  0.0325  0.0325  0.0324  0.0328  0.0322  0.0322  0.0321  0.0321
  0.0322  0.0320  0.0321  0.0323  0.0323  0.0322  0.0321  0.0323  0.0320  0.0320  0.0320  0.0320
  0.0320  0.0319  0.0320  0.0320  0.0321  0.0320  0.0320  0.0320  0.0319  0.0319  0.0319  0.0319
  0.0319  0.0319  0.0319  0.0319  0.0319  0.0319  0.0319  0.0319  0.0319  0.0319  0.0319  0.0319
  0.0320  0.0320  0.0319  0.0320  0.0319  0.0319  0.0319  0.0320  0.0319  0.0320  0.0319  0.0319
  0.0323  0.0321  0.0320  0.0321  0.0320  0.0321  0.0321  0.0323  0.0320  0.0321  0.0320  0.0320
  0.0326  0.0323  0.0322  0.0325  0.0324  0.0324  0.0324  0.0328  0.0322  0.0325  0.0320  0.0321
niter,ni,del,rscale     2    3    5.0000    0.5000
parameters
   -1.4995  -12.4616   20.3225   -4.5320  -25.2682   -5.0145
   -2.8490   -1.0130    5.1375   18.0614    2.7216  -26.4726
eta,q 0.96817  9.74572
  0.0323  0.0320  0.0321  0.0324  0.0324  0.0323  0.0322  0.0325  0.0321  0.0321  0.0320  0.0320
  0.0321  0.0319  0.0320  0.0321  0.0322  0.0321  0.0320  0.0321  0.0319  0.0319  0.0319  0.0319
  0.0319  0.0319  0.0319  0.0319  0.0320  0.0319  0.0319  0.0319  0.0319  0.0318  0.0319  0.0319
  0.0319  0.0319  0.0319  0.0319  0.0319  0.0318  0.0318  0.0318  0.0318  0.0318  0.0318  0.0318
  0.0319  0.0319  0.0319  0.0319  0.0318  0.0319  0.0319  0.0319  0.0319  0.0319  0.0318  0.0318
  0.0321  0.0320  0.0319  0.0320  0.0319  0.0320  0.0320  0.0321  0.0319  0.0320  0.0319  0.0319
  0.0324  0.0322  0.0320  0.0323  0.0322  0.0322  0.0322  0.0325  0.0321  0.0322  0.0320  0.0319
niter,ni,del,rscale     1    3    5.0000    0.4000
parameters
   -1.5178  -12.6842   20.3830   -4.4342  -24.7923   -4.8496
   -2.7963   -1.0134    5.1088   17.6029    2.8387  -26.2069
eta,q 0.96822  9.77219
  0.0321  0.0319  0.0320  0.0321  0.0322  0.0321  0.0321  0.0322  0.0319  0.0319  0.0319  0.0319
  0.0320  0.0318  0.0319  0.0320  0.0320  0.0320  0.0319  0.0320  0.0319  0.0318  0.0318  0.0318
  0.0319  0.0318  0.0318  0.0319  0.0319  0.0318  0.0318  0.0318  0.0318  0.0318  0.0318  0.0318
  0.0318  0.0318  0.0318  0.0318  0.0318  0.0318  0.0318  0.0318  0.0318  0.0318  0.0318  0.0318
  0.0319  0.0319  0.0318  0.0318  0.0318  0.0318  0.0318  0.0318  0.0318  0.0318  0.0318  0.0318
  0.0320  0.0319  0.0319  0.0319  0.0319  0.0319  0.0319  0.0320  0.0319  0.0319  0.0318  0.0318
  0.0322  0.0320  0.0319  0.0321  0.0320  0.0320  0.0320  0.0322  0.0320  0.0321  0.0319  0.0319
registration optimization eta report
parameter search radius
    0.8000    0.8000    0.8000    2.4000    2.7600    2.4000
    2.4000    2.4000    2.4000    2.4000    2.4000    2.4000
100000*second partial in parameter space
       48.       22.       20.        5.        4.        5.
        4.        8.        3.        4.        1.        2.
  0.0321  0.0319  0.0320  0.0321  0.0322  0.0321  0.0321  0.0322  0.0319  0.0319  0.0319  0.0319
  0.0320  0.0318  0.0319  0.0320  0.0320  0.0320  0.0319  0.0320  0.0319  0.0318  0.0318  0.0318
  0.0319  0.0318  0.0318  0.0319  0.0319  0.0318  0.0318  0.0318  0.0318  0.0318  0.0318  0.0318
  0.0318  0.0318  0.0318  0.0318  0.0318  0.0318  0.0318  0.0318  0.0318  0.0318  0.0318  0.0318
  0.0319  0.0319  0.0318  0.0318  0.0318  0.0318  0.0318  0.0318  0.0318  0.0318  0.0318  0.0318
  0.0320  0.0319  0.0319  0.0319  0.0319  0.0319  0.0319  0.0320  0.0319  0.0319  0.0318  0.0318
  0.0322  0.0320  0.0319  0.0321  0.0320  0.0320  0.0320  0.0322  0.0320  0.0321  0.0319  0.0319
   -1.5178  -12.6842   20.3830   -4.4342  -24.7923   -4.8496
   -2.7963   -1.0134    5.1088   17.6029    2.8387  -26.2069
eta,q 0.96822  9.77219

---------------------------------------------------------------------
imgreg_4dfp /opt/freesurfer/average/711-2C_as_mni_average_305 /opt/freesurfer/average/711-2B_as_mni_average_305_mask talsrcimg_g11 none talsrcimg_to_711-2C_as_mni_average_305_t4 2311
---------------------------------------------------------------------

freesurfer imgreg_4dfp.c
/opt/freesurfer/average/711-2C_as_mni_average_305.4dfp.img
       256       256       256         1
  1.000000  1.000000  1.000000
orientation T byte_order littleendian
Reading image: /opt/freesurfer/average/711-2C_as_mni_average_305.4dfp.img
dimensions:      256       256       256
mmppix:       1.0000   -1.0000   -1.0000
center:     128.0000 -129.0000 -129.0000
/opt/freesurfer/average/711-2B_as_mni_average_305_mask.4dfp.img
       256       256       256         1
  1.000000  1.000000  1.000000
orientation T byte_order littleendian
Reading mask: /opt/freesurfer/average/711-2B_as_mni_average_305_mask.4dfp.img (2306576 pixels)
talsrcimg_g11.4dfp.img
       256       256       256         1
  1.000000  1.000000  1.000000
orientation T byte_order littleendian
Reading image: talsrcimg_g11.4dfp.img
dimensions:      256       256       256
mmppix:       1.0000   -1.0000   -1.0000
center:     128.0000 -129.0000 -129.0000
fimgreg.f
image alignment mode   2311 decimal      907 hex
parameters
   -1.5178  -12.6842   20.3830   -4.4342  -24.7923   -4.8496
   -2.7963   -1.0134    5.1088   17.6029    2.8387  -26.2069
eta,q 0.96822  9.77219
niter,ni,del,rscale     5    3    5.0000    0.8000
parameters
   -1.5392  -12.8545   20.4142   -4.7809  -24.9969   -4.6757
   -2.8043   -0.9275    5.1041   17.3292    2.6992  -26.1399
eta,q 0.96821  9.75279
  0.0330  0.0323  0.0323  0.0328  0.0326  0.0328  0.0328  0.0336  0.0324  0.0325  0.0321  0.0322
  0.0323  0.0320  0.0320  0.0323  0.0322  0.0323  0.0322  0.0326  0.0321  0.0321  0.0319  0.0320
  0.0319  0.0318  0.0319  0.0319  0.0320  0.0320  0.0319  0.0320  0.0319  0.0319  0.0318  0.0318
  0.0318  0.0318  0.0318  0.0318  0.0318  0.0318  0.0318  0.0318  0.0318  0.0318  0.0318  0.0318
  0.0319  0.0319  0.0318  0.0319  0.0318  0.0319  0.0319  0.0320  0.0319  0.0319  0.0318  0.0318
  0.0324  0.0322  0.0320  0.0324  0.0322  0.0322  0.0322  0.0326  0.0320  0.0322  0.0319  0.0320
  0.0331  0.0325  0.0323  0.0333  0.0329  0.0327  0.0328  0.0334  0.0324  0.0328  0.0321  0.0321
niter,ni,del,rscale     4    3    5.0000    0.7000
parameters
   -1.5131  -12.8479   20.4837   -4.6599  -24.8142   -4.6078
   -2.8330   -0.9171    5.1063   17.2550    2.6475  -26.0366
eta,q 0.96822  9.76604
  0.0328  0.0323  0.0322  0.0327  0.0325  0.0326  0.0325  0.0331  0.0322  0.0324  0.0320  0.0321
  0.0323  0.0320  0.0320  0.0323  0.0322  0.0322  0.0321  0.0323  0.0320  0.0321  0.0319  0.0319
  0.0319  0.0318  0.0319  0.0320  0.0319  0.0319  0.0319  0.0319  0.0318  0.0318  0.0318  0.0318
  0.0318  0.0318  0.0318  0.0318  0.0318  0.0318  0.0318  0.0318  0.0318  0.0318  0.0318  0.0318
  0.0319  0.0318  0.0318  0.0318  0.0318  0.0319  0.0319  0.0320  0.0318  0.0318  0.0318  0.0318
  0.0322  0.0320  0.0319  0.0321  0.0320  0.0321  0.0321  0.0324  0.0320  0.0321  0.0319  0.0319
  0.0327  0.0322  0.0322  0.0327  0.0325  0.0325  0.0326  0.0331  0.0322  0.0325  0.0320  0.0320
niter,ni,del,rscale     3    3    5.0000    0.6000
parameters
   -1.5108  -12.9178   20.5049   -4.5518  -24.6143   -4.5636
   -2.8257   -0.9117    5.1121   17.1170    2.7086  -25.9558
eta,q 0.96824  9.77962
  0.0325  0.0321  0.0321  0.0325  0.0323  0.0324  0.0323  0.0328  0.0321  0.0322  0.0319  0.0320
  0.0321  0.0319  0.0319  0.0321  0.0321  0.0320  0.0320  0.0322  0.0319  0.0319  0.0318  0.0319
  0.0319  0.0318  0.0318  0.0319  0.0319  0.0318  0.0318  0.0319  0.0318  0.0318  0.0318  0.0318
  0.0318  0.0318  0.0318  0.0318  0.0318  0.0318  0.0318  0.0318  0.0318  0.0318  0.0318  0.0318
  0.0318  0.0318  0.0318  0.0318  0.0318  0.0318  0.0318  0.0319  0.0318  0.0318  0.0318  0.0318
  0.0321  0.0320  0.0319  0.0320  0.0319  0.0320  0.0320  0.0322  0.0319  0.0320  0.0318  0.0319
  0.0325  0.0322  0.0321  0.0325  0.0323  0.0323  0.0323  0.0327  0.0321  0.0323  0.0319  0.0320
niter,ni,del,rscale     2    3    5.0000    0.5000
parameters
   -1.5151  -12.9954   20.5203   -4.4674  -24.3913   -4.5219
   -2.8081   -0.9347    5.0841   16.9895    2.7588  -25.8523
eta,q 0.96825  9.79370
  0.0323  0.0320  0.0320  0.0323  0.0322  0.0322  0.0322  0.0324  0.0320  0.0321  0.0319  0.0319
  0.0320  0.0318  0.0319  0.0320  0.0320  0.0319  0.0319  0.0320  0.0319  0.0319  0.0318  0.0318
  0.0318  0.0318  0.0318  0.0318  0.0318  0.0318  0.0318  0.0318  0.0318  0.0318  0.0318  0.0318
  0.0318  0.0318  0.0318  0.0318  0.0318  0.0318  0.0317  0.0318  0.0318  0.0317  0.0317  0.0317
  0.0318  0.0318  0.0318  0.0318  0.0318  0.0318  0.0318  0.0318  0.0318  0.0318  0.0318  0.0318
  0.0320  0.0319  0.0318  0.0319  0.0319  0.0319  0.0319  0.0321  0.0319  0.0319  0.0318  0.0318
  0.0323  0.0320  0.0320  0.0322  0.0321  0.0322  0.0322  0.0324  0.0320  0.0321  0.0319  0.0319
niter,ni,del,rscale     1    3    5.0000    0.4000
parameters
   -1.5211  -13.0702   20.5468   -4.4214  -24.1960   -4.4730
   -2.7626   -0.9523    5.0280   16.8260    2.8596  -25.7492
eta,q 0.96827  9.80425
  0.0321  0.0319  0.0319  0.0321  0.0320  0.0320  0.0320  0.0322  0.0319  0.0319  0.0318  0.0318
  0.0319  0.0318  0.0318  0.0319  0.0319  0.0319  0.0319  0.0319  0.0318  0.0318  0.0318  0.0318
  0.0318  0.0318  0.0318  0.0318  0.0318  0.0318  0.0318  0.0318  0.0318  0.0318  0.0317  0.0317
  0.0317  0.0317  0.0317  0.0317  0.0317  0.0317  0.0317  0.0317  0.0317  0.0317  0.0317  0.0317
  0.0318  0.0318  0.0318  0.0318  0.0317  0.0318  0.0318  0.0318  0.0318  0.0318  0.0317  0.0317
  0.0319  0.0318  0.0318  0.0319  0.0318  0.0319  0.0318  0.0319  0.0318  0.0319  0.0318  0.0318
  0.0321  0.0319  0.0319  0.0321  0.0320  0.0320  0.0320  0.0322  0.0319  0.0320  0.0318  0.0318
registration optimization eta report
parameter search radius
    0.8000    0.8000    0.8000    2.4000    2.4000    2.4000
    2.4000    2.4000    2.4000    2.4000    2.4000    2.4000
100000*second partial in parameter space
       51.       26.       21.        6.        5.        5.
        5.        8.        3.        4.        1.        2.
  0.0321  0.0319  0.0319  0.0321  0.0320  0.0320  0.0320  0.0322  0.0319  0.0319  0.0318  0.0318
  0.0319  0.0318  0.0318  0.0319  0.0319  0.0319  0.0319  0.0319  0.0318  0.0318  0.0318  0.0318
  0.0318  0.0318  0.0318  0.0318  0.0318  0.0318  0.0318  0.0318  0.0318  0.0318  0.0317  0.0317
  0.0317  0.0317  0.0317  0.0317  0.0317  0.0317  0.0317  0.0317  0.0317  0.0317  0.0317  0.0317
  0.0318  0.0318  0.0318  0.0318  0.0317  0.0318  0.0318  0.0318  0.0318  0.0318  0.0317  0.0317
  0.0319  0.0318  0.0318  0.0319  0.0318  0.0319  0.0318  0.0319  0.0318  0.0319  0.0318  0.0318
  0.0321  0.0319  0.0319  0.0321  0.0320  0.0320  0.0320  0.0322  0.0319  0.0320  0.0318  0.0318
   -1.5211  -13.0702   20.5468   -4.4214  -24.1960   -4.4730
   -2.7626   -0.9523    5.0280   16.8260    2.8596  -25.7492
eta,q 0.96827  9.80425

---------------------------------------------------------------------
compute_vox2vox talsrcimg talsrcimg_to_711-2C_as_mni_average_305_t4 /opt/freesurfer/average/711-2C_as_mni_average_305
---------------------------------------------------------------------

freesurfer compute_vox2vox.c
Reading: talsrcimg.4dfp.ifh
Reading: talsrcimg_to_711-2C_as_mni_average_305_t4
Reading: /opt/freesurfer/average/711-2C_as_mni_average_305.4dfp.ifh
Writing: talsrcimg_to_711-2C_as_mni_average_305_t4_vox2vox.txt

start time Fri Mar 6 06:24:56 CET 2026
end		time Fri Mar 6 06:26:21 CET 2026

mpr2mni305 success

avi2talxfm orig_nu.mgz /opt/freesurfer/average/mni305.cor.mgz talsrcimg_to_711-2C_as_mni_average_305_t4_vox2vox.txt transforms/talairach.auto.xfm
avi2talxfm done
mv -f /out/sourcedata/freesurfer/sub-v1s10x0050998_ses-1/mri/talsrcimg_to_711-2C_as_mni_average_305_t4_vox2vox.txt /out/sourcedata/freesurfer/sub-v1s10x0050998_ses-1/mri/transforms/talsrcimg_to_711-2C_as_mni_average_305_t4_vox2vox.txt
lta_convert --src orig_nu.mgz --trg /opt/freesurfer/average/mni305.cor.mgz --inxfm transforms/talairach.auto.xfm --outlta transforms/talairach.auto.xfm.lta --subject fsaverage
7.3.2

--src: orig_nu.mgz src image (geometry).
--trg: /opt/freesurfer/average/mni305.cor.mgz trg image (geometry).
--inmni: transforms/talairach.auto.xfm input MNI/XFM transform.
--outlta: transforms/talairach.auto.xfm.lta output LTA.
--s: fsaverage subject name
 LTA read, type : 1
 1.04409   0.00350   0.03924  -1.01442;
-0.04710   0.98757   0.33374  -11.13566;
-0.05880  -0.21944   1.24251   42.08087;
 0.00000   0.00000   0.00000   1.00000;
setting subject to fsaverage
Writing  LTA to file transforms/talairach.auto.xfm.lta...
lta_convert successful.
 
 
Started at Fri Mar 6 06:24:55 CET 2026
Ended   at Fri Mar  6 06:26:22 CET 2026
talairach_avi done
