status file for recon-all
Fri Mar  6 09:16:30 CET 2026
#@# MotionCor Fri Mar  6 09:16:31 CET 2026
#@# Talairach Fri Mar  6 09:16:37 CET 2026
#@# Talairach Failure Detection Fri Mar  6 09:19:26 CET 2026
#@# Nu Intensity Correction Fri Mar  6 09:19:26 CET 2026
#@# Intensity Normalization Fri Mar  6 09:22:11 CET 2026
recon-all -s sub-v1s10x0051034_ses-1 finished without error at Fri Mar  6 09:23:04 CET 2026



#New# invocation of recon-all 



status file for recon-all
Fri Mar  6 09:28:55 CET 2026
#@# EM Registration Fri Mar  6 09:28:55 CET 2026
recon-all -s sub-v1s10x0051034_ses-1 finished without error at Fri Mar  6 09:30:15 CET 2026



#New# invocation of recon-all 



status file for recon-all
Fri Mar  6 09:30:17 CET 2026
#@# CA Normalize Fri Mar  6 09:30:17 CET 2026
#@# CA Reg Fri Mar  6 09:31:10 CET 2026
#@# SubCort Seg Fri Mar  6 10:06:33 CET 2026
#@# CC Seg Fri Mar  6 10:27:38 CET 2026
#@# Merge ASeg Fri Mar  6 10:27:57 CET 2026
#@# Intensity Normalization2 Fri Mar  6 10:27:57 CET 2026
#@# Mask BFS Fri Mar  6 10:29:17 CET 2026
#@# WM Segmentation Fri Mar  6 10:29:18 CET 2026
#@# Fill Fri Mar  6 10:30:48 CET 2026
recon-all -s sub-v1s10x0051034_ses-1 finished without error at Fri Mar  6 10:31:28 CET 2026



#New# invocation of recon-all 



status file for recon-all
Fri Mar  6 11:15:59 CET 2026
#@# white curv lh Fri Mar  6 11:15:59 CET 2026
#@# white area lh Fri Mar  6 11:15:59 CET 2026
#@# pial curv lh Fri Mar  6 11:15:59 CET 2026
#@# pial area lh Fri Mar  6 11:15:59 CET 2026
#@# thickness lh Fri Mar  6 11:15:59 CET 2026
#@# area and vertex vol lh Fri Mar  6 11:15:59 CET 2026
#@# white curv rh Fri Mar  6 11:15:59 CET 2026
#@# white area rh Fri Mar  6 11:15:59 CET 2026
#@# pial curv rh Fri Mar  6 11:15:59 CET 2026
#@# pial area rh Fri Mar  6 11:15:59 CET 2026
#@# thickness rh Fri Mar  6 11:15:59 CET 2026
#@# area and vertex vol rh Fri Mar  6 11:15:59 CET 2026
#@# Cortical ribbon mask Fri Mar  6 11:15:59 CET 2026
recon-all -s sub-v1s10x0051034_ses-1 finished without error at Fri Mar  6 11:21:07 CET 2026



#New# invocation of recon-all 



status file for recon-all
Fri Mar  6 11:25:33 CET 2026
#@# white curv lh Fri Mar  6 11:25:33 CET 2026
#@# white area lh Fri Mar  6 11:25:33 CET 2026
#@# pial curv lh Fri Mar  6 11:25:33 CET 2026
#@# pial area lh Fri Mar  6 11:25:33 CET 2026
#@# thickness lh Fri Mar  6 11:25:33 CET 2026
#@# area and vertex vol lh Fri Mar  6 11:25:33 CET 2026
#@# white curv rh Fri Mar  6 11:25:33 CET 2026
#@# white area rh Fri Mar  6 11:25:33 CET 2026
#@# pial curv rh Fri Mar  6 11:25:33 CET 2026
#@# pial area rh Fri Mar  6 11:25:33 CET 2026
#@# thickness rh Fri Mar  6 11:25:33 CET 2026
#@# area and vertex vol rh Fri Mar  6 11:25:33 CET 2026
#@# Curvature Stats lh Fri Mar  6 11:25:33 CET 2026
#@# Curvature Stats rh Fri Mar  6 11:25:35 CET 2026
#@# Relabel Hypointensities Fri Mar  6 11:25:36 CET 2026
#@# APas-to-ASeg Fri Mar  6 11:25:46 CET 2026
#@# AParc-to-ASeg aparc Fri Mar  6 11:25:52 CET 2026
#@# AParc-to-ASeg aparc.a2009s Fri Mar  6 11:26:13 CET 2026
#@# AParc-to-ASeg aparc.DKTatlas Fri Mar  6 11:26:34 CET 2026
#@# WMParc Fri Mar  6 11:26:55 CET 2026
#@# ASeg Stats Fri Mar  6 11:28:39 CET 2026
recon-all -s sub-v1s10x0051034_ses-1 finished without error at Fri Mar  6 11:28:54 CET 2026
