/out/sourcedata/freesurfer/sub-v1s10x0051080_ses-1/mri
/opt/freesurfer/bin/talairach_avi
--i orig_nu.mgz --xfm transforms/talairach.auto.xfm
talairach_avi 7.3.2
Linux dna030 5.14.0-427.37.1.el9_4.x86_64 #1 SMP PREEMPT_DYNAMIC Fri Sep 13 12:41:50 EDT 2024 x86_64 x86_64 x86_64 GNU/Linux
Fri Mar  6 12:26:16 CET 2026
mri_convert orig_nu.mgz talsrcimg.img 
reading from orig_nu.mgz...
TR=0.00, TE=0.00, TI=0.00, flip angle=0.00
i_ras = (-1, 0, 0)
j_ras = (0, 0, -1)
k_ras = (0, 1, 0)
writing to talsrcimg.img...
Analyze Output Matrix
-1.00000   0.00000   0.00000   129.66513;
 0.00000   0.00000   1.00000  -128.00000;
 0.00000  -1.00000   0.00000   130.00000;
 0.00000   0.00000   0.00000   1.00000;
--------------------
INFO: set hdr.hist.orient to -1
mpr2mni305 talsrcimg
Fri Mar  6 12:26:16 CET 2026
/opt/freesurfer/bin/mpr2mni305 talsrcimg
mpr2mni305 7.3.2
target=711-2C_as_mni_average_305

---------------------------------------------------------------------
analyzeto4dfp talsrcimg -O0 -y
---------------------------------------------------------------------

freesurfer ifh2hdr.c
Fri Mar  6 12:26:17 2026
Writing: talsrcimg.4dfp.hdr
freesurfer analyzeto4dfp.c
Reading: talsrcimg.hdr
header size 348 bytes
hdr.dime.datatype	offset=70	value=2
hdr.dime.bitpix		offset=72	value=8
hdr.hist.orient		offset=252	value=-1
dimensionality     4
dimensions       256       256       256         1
Reading: talsrcimg.img
Writing: talsrcimg.4dfp.img
Writing: talsrcimg.4dfp.ifh
ifh2hdr talsrcimg -r0to219
ori=2

---------------------------------------------------------------------
gauss_4dfp talsrcimg 1.1
---------------------------------------------------------------------

freesurfer gauss_4dfp.c
Reading: talsrcimg.4dfp.img
Writing: talsrcimg_g11.4dfp.img
image dimensions 256 256 256 padded to 288 288 288
processing volume 1freesurfer ifh2hdr.c
Fri Mar  6 12:26:18 2026
Writing: talsrcimg_g11.4dfp.hdr

Writing: talsrcimg_g11.4dfp.ifh
including: talsrcimg.4dfp.img.rec in talsrcimg_g11.4dfp.img.rec

---------------------------------------------------------------------
imgreg_4dfp /opt/freesurfer/average/711-2C_as_mni_average_305 none talsrcimg_g11 none talsrcimg_to_711-2C_as_mni_average_305_t4 4355
---------------------------------------------------------------------

freesurfer imgreg_4dfp.c
/opt/freesurfer/average/711-2C_as_mni_average_305.4dfp.img
       256       256       256         1
  1.000000  1.000000  1.000000
orientation T byte_order littleendian
Reading image: /opt/freesurfer/average/711-2C_as_mni_average_305.4dfp.img
dimensions:      256       256       256
mmppix:       1.0000   -1.0000   -1.0000
center:     128.0000 -129.0000 -129.0000
talsrcimg_g11.4dfp.img
       256       256       256         1
  1.000000  1.000000  1.000000
orientation T byte_order littleendian
Reading image: talsrcimg_g11.4dfp.img
dimensions:      256       256       256
mmppix:       1.0000   -1.0000   -1.0000
center:     128.0000 -129.0000 -129.0000
t4_read: open error in t4_sub.f l:  41 t4_file(1:l)talsrcimg_to_711-2C_as_mni_average_305_t4 
t4_read: transform initialized to I4
rotation matrix determinant  1.000000
image alignment mode   4355 decimal     1103 hex
   -7.5000  -45.0000  -45.0000 8268.2930   20.2593
    0.0000  -45.0000  -45.0000 8623.7383   20.2637
    7.5000  -45.0000  -45.0000 8239.0088   20.2845
   -7.5000  -37.5000  -45.0000 8749.2236   20.2190
    0.0000  -37.5000  -45.0000 9144.5664   20.2278
    7.5000  -37.5000  -45.0000 8735.4990   20.2523
   -7.5000  -30.0000  -45.0000 9536.1221   20.1817
    0.0000  -30.0000  -45.0000 9978.4277   20.1926
    7.5000  -30.0000  -45.0000 9539.0586   20.2201
   -7.5000  -22.5000  -45.000010257.2695   20.1551
    0.0000  -22.5000  -45.000010738.2744   20.1627
    7.5000  -22.5000  -45.000010268.4883   20.1937
   -7.5000  -15.0000  -45.000010899.9307   20.1527
    0.0000  -15.0000  -45.000011392.6494   20.1547
    7.5000  -15.0000  -45.000010872.8516   20.1844
   -7.5000   -7.5000  -45.000011475.0957   20.1630
    0.0000   -7.5000  -45.000011993.8926   20.1639
    7.5000   -7.5000  -45.000011471.4355   20.1865
   -7.5000    0.0000  -45.000011953.2578   20.1695
    0.0000    0.0000  -45.000012484.9297   20.1738
    7.5000    0.0000  -45.000011967.7109   20.1952
   -7.5000    7.5000  -45.000011525.2832   20.1731
    0.0000    7.5000  -45.000012053.1270   20.1820
    7.5000    7.5000  -45.000011535.8662   20.2070
   -7.5000   15.0000  -45.000011033.7783   20.1679
    0.0000   15.0000  -45.000011548.6025   20.1789
    7.5000   15.0000  -45.000011011.4102   20.2066
   -7.5000   22.5000  -45.000010402.5586   20.1513
    0.0000   22.5000  -45.000010892.5947   20.1589
    7.5000   22.5000  -45.000010369.5742   20.1900
   -7.5000   30.0000  -45.0000 9683.5654   19.8842
    0.0000   30.0000  -45.000010123.0928   19.8861
    7.5000   30.0000  -45.0000 9623.3359   19.9155
   -7.5000   37.5000  -45.0000 9218.6074   19.8978
    0.0000   37.5000  -45.0000 9606.2998   19.8987
    7.5000   37.5000  -45.0000 9134.3633   19.9211
   -7.5000   45.0000  -45.0000 8418.6855   19.4306
    0.0000   45.0000  -45.0000 8772.9600   19.4348
    7.5000   45.0000  -45.0000 8325.2432   19.4557
   -7.5000  -45.0000  -37.5000 8782.7822   20.1965
    0.0000  -45.0000  -37.5000 9190.9512   20.2056
    7.5000  -45.0000  -37.5000 8768.7041   20.2300
   -7.5000  -37.5000  -37.5000 9310.7275   20.1554
    0.0000  -37.5000  -37.5000 9727.5879   20.1660
    7.5000  -37.5000  -37.5000 9284.5459   20.1942
   -7.5000  -30.0000  -37.500010136.1475   20.1179
    0.0000  -30.0000  -37.500010604.1689   20.1280
    7.5000  -30.0000  -37.500010111.9648   20.1611
   -7.5000  -22.5000  -37.500010907.4521   20.0929
    0.0000  -22.5000  -37.500011397.6592   20.0999
    7.5000  -22.5000  -37.500010865.7803   20.1379
   -7.5000  -15.0000  -37.500011567.5264   20.0914
    0.0000  -15.0000  -37.500012124.1240   20.0960
    7.5000  -15.0000  -37.500011516.5771   20.1324
   -7.5000   -7.5000  -37.500012152.0020   20.1013
    0.0000   -7.5000  -37.500012729.6494   20.1073
    7.5000   -7.5000  -37.500012119.1904   20.1353
   -7.5000    0.0000  -37.500012632.3652   20.1074
    0.0000    0.0000  -37.500013219.2373   20.1164
    7.5000    0.0000  -37.500012614.0732   20.1414
   -7.5000    7.5000  -37.500012151.4590   20.1097
    0.0000    7.5000  -37.500012721.8916   20.1205
    7.5000    7.5000  -37.500012124.5283   20.1491
   -7.5000   15.0000  -37.500011597.2529   20.1041
    0.0000   15.0000  -37.500012135.7607   20.1144
    7.5000   15.0000  -37.500011546.2529   20.1476
   -7.5000   22.5000  -37.500010932.6689   20.0891
    0.0000   22.5000  -37.500011435.2334   20.0962
    7.5000   22.5000  -37.500010863.6865   20.1342
   -7.5000   30.0000  -37.500010163.0361   19.8237
    0.0000   30.0000  -37.500010616.2686   19.8282
    7.5000   30.0000  -37.500010087.6250   19.8641
   -7.5000   37.5000  -37.5000 9656.7578   19.8365
    0.0000   37.5000  -37.500010084.2012   19.8425
    7.5000   37.5000  -37.5000 9574.2949   19.8701
   -7.5000   45.0000  -37.5000 8807.8975   19.3710
    0.0000   45.0000  -37.5000 9199.4453   19.3797
    7.5000   45.0000  -37.5000 8728.8848   19.4041
   -7.5000  -45.0000  -30.0000 9468.4795   20.9867
    0.0000  -45.0000  -30.0000 9881.8008   20.9915
    7.5000  -45.0000  -30.0000 9450.3027   21.0176
   -7.5000  -37.5000  -30.000010012.7432   20.9420
    0.0000  -37.5000  -30.000010464.3984   20.9480
    7.5000  -37.5000  -30.0000 9988.8887   20.9789
   -7.5000  -30.0000  -30.000010881.2734   20.9117
    0.0000  -30.0000  -30.000011393.7041   20.9158
    7.5000  -30.0000  -30.000010852.8652   20.9540
   -7.5000  -22.5000  -30.000011675.2314   20.8985
    0.0000  -22.5000  -30.000012229.9736   20.8992
    7.5000  -22.5000  -30.000011655.4619   20.9436
   -7.5000  -15.0000  -30.000012378.7207   20.9000
    0.0000  -15.0000  -30.000013009.0654   20.8993
    7.5000  -15.0000  -30.000012354.1875   20.9414
   -7.5000   -7.5000  -30.000013015.2275   20.8994
    0.0000   -7.5000  -30.000013670.0225   20.9008
    7.5000   -7.5000  -30.000012972.1846   20.9323
   -7.5000    0.0000  -30.000013544.4053   20.8942
    0.0000    0.0000  -30.000014212.3271   20.8989
    7.5000    0.0000  -30.000013513.3389   20.9257
   -7.5000    7.5000  -30.000013010.1895   20.8944
    0.0000    7.5000  -30.000013642.5254   20.9006
    7.5000    7.5000  -30.000012968.0762   20.9319
   -7.5000   15.0000  -30.000012345.1738   20.8971
    0.0000   15.0000  -30.000012944.1494   20.9014
    7.5000   15.0000  -30.000012289.3916   20.9398
   -7.5000   22.5000  -30.000011621.8125   20.8924
    0.0000   22.5000  -30.000012191.8828   20.8932
    7.5000   22.5000  -30.000011560.0576   20.9376
   -7.5000   30.0000  -30.000010767.8574   20.6235
    0.0000   30.0000  -30.000011292.9443   20.6228
    7.5000   30.0000  -30.000010702.4336   20.6643
   -7.5000   37.5000  -30.000010237.1123   20.6260
    0.0000   37.5000  -30.000010697.1172   20.6274
    7.5000   37.5000  -30.000010138.1963   20.6585
   -7.5000   45.0000  -30.0000 9315.0869   20.1428
    0.0000   45.0000  -30.0000 9748.5059   20.1474
    7.5000   45.0000  -30.0000 9244.7090   20.1735
   -7.5000  -45.0000  -22.500010151.3730   21.7129
    0.0000  -45.0000  -22.500010624.6055   21.7087
    7.5000  -45.0000  -22.500010115.2549   21.7328
   -7.5000  -37.5000  -22.500010708.9277   21.6665
    0.0000  -37.5000  -22.500011217.0020   21.6662
    7.5000  -37.5000  -22.500010672.7539   21.6957
   -7.5000  -30.0000  -22.500011614.1768   21.6448
    0.0000  -30.0000  -22.500012169.4414   21.6439
    7.5000  -30.0000  -22.500011556.1445   21.6817
   -7.5000  -22.5000  -22.500012432.2090   21.6423
    0.0000  -22.5000  -22.500013042.9219   21.6374
    7.5000  -22.5000  -22.500012390.6611   21.6820
   -7.5000  -15.0000  -22.500013162.8096   21.6461
    0.0000  -15.0000  -22.500013829.0479   21.6374
    7.5000  -15.0000  -22.500013134.0664   21.6794
   -7.5000   -7.5000  -22.500013810.3105   21.6341
    0.0000   -7.5000  -22.500014528.3682   21.6255
    7.5000   -7.5000  -22.500013772.6055   21.6556
   -7.5000    0.0000  -22.500014357.3926   21.6168
    0.0000    0.0000  -22.500015110.3906   21.6127
    7.5000    0.0000  -22.500014312.5400   21.6374
   -7.5000    7.5000  -22.500013784.6963   21.6172
    0.0000    7.5000  -22.500014490.1230   21.6171
    7.5000    7.5000  -22.500013731.3223   21.6469
   -7.5000   15.0000  -22.500013053.6084   21.6294
    0.0000   15.0000  -22.500013721.0254   21.6287
    7.5000   15.0000  -22.500012982.7305   21.6666
   -7.5000   22.5000  -22.500012259.2959   21.6345
    0.0000   22.5000  -22.500012884.8809   21.6296
    7.5000   22.5000  -22.500012175.7891   21.6743
   -7.5000   30.0000  -22.500011359.6104   21.3630
    0.0000   30.0000  -22.500011943.3652   21.3543
    7.5000   30.0000  -22.500011279.6523   21.3958
   -7.5000   37.5000  -22.500010788.8477   21.3548
    0.0000   37.5000  -22.500011316.4629   21.3462
    7.5000   37.5000  -22.500010707.2139   21.3761
   -7.5000   45.0000  -22.5000 9806.2139   20.8537
    0.0000   45.0000  -22.500010272.1113   20.8499
    7.5000   45.0000  -22.5000 9711.8740   20.8740
   -7.5000  -45.0000  -15.000010784.4502   22.2938
    0.0000  -45.0000  -15.000011311.6445   22.2838
    7.5000  -45.0000  -15.000010780.6885   22.3042
   -7.5000  -37.5000  -15.000011364.3818   22.2467
    0.0000  -37.5000  -15.000011916.9941   22.2438
    7.5000  -37.5000  -15.000011334.7949   22.2699
   -7.5000  -30.0000  -15.000012311.2051   22.2248
    0.0000  -30.0000  -15.000012916.6631   22.2246
    7.5000  -30.0000  -15.000012257.0908   22.2580
   -7.5000  -22.5000  -15.000013159.6328   22.2217
    0.0000  -22.5000  -15.000013799.1035   22.2173
    7.5000  -22.5000  -15.000013100.9199   22.2569
   -7.5000  -15.0000  -15.000013886.6094   22.2257
    0.0000  -15.0000  -15.000014594.2246   22.2140
    7.5000  -15.0000  -15.000013849.2100   22.2508
   -7.5000   -7.5000  -15.000014580.5947   22.2131
    0.0000   -7.5000  -15.000015342.8574   22.1985
    7.5000   -7.5000  -15.000014534.8965   22.2239
   -7.5000    0.0000  -15.000015152.7627   22.1948
    0.0000    0.0000  -15.000015971.8281   22.1848
    7.5000    0.0000  -15.000015119.0166   22.2059
   -7.5000    7.5000  -15.000014536.7686   22.1961
    0.0000    7.5000  -15.000015326.4229   22.1933
    7.5000    7.5000  -15.000014477.5605   22.2198
   -7.5000   15.0000  -15.000013745.8623   22.2091
    0.0000   15.0000  -15.000014474.6016   22.2090
    7.5000   15.0000  -15.000013644.4775   22.2426
   -7.5000   22.5000  -15.000012859.4512   22.2126
    0.0000   22.5000  -15.000013548.0566   22.2082
    7.5000   22.5000  -15.000012768.3750   22.2478
   -7.5000   30.0000  -15.000011930.6543   21.9380
    0.0000   30.0000  -15.000012575.9189   21.9266
    7.5000   30.0000  -15.000011833.8516   21.9629
   -7.5000   37.5000  -15.000011330.7510   21.9299
    0.0000   37.5000  -15.000011921.4805   21.9154
    7.5000   37.5000  -15.000011234.4238   21.9406
   -7.5000   45.0000  -15.000010262.2432   21.4237
    0.0000   45.0000  -15.000010780.1211   21.4143
    7.5000   45.0000  -15.000010162.1484   21.4350
   -7.5000  -45.0000   -7.500011470.7451   22.6109
    0.0000  -45.0000   -7.500012021.7852   22.6050
    7.5000  -45.0000   -7.500011455.3105   22.6249
   -7.5000  -37.5000   -7.500012059.3721   22.5640
    0.0000  -37.5000   -7.500012653.0088   22.5658
    7.5000  -37.5000   -7.500012028.8340   22.5906
   -7.5000  -30.0000   -7.500013033.9795   22.5324
    0.0000  -30.0000   -7.500013673.1523   22.5382
    7.5000  -30.0000   -7.500013001.2793   22.5678
   -7.5000  -22.5000   -7.500013915.9473   22.5165
    0.0000  -22.5000   -7.500014583.4316   22.5185
    7.5000  -22.5000   -7.500013873.4277   22.5523
   -7.5000  -15.0000   -7.500014665.5244   22.5176
    0.0000  -15.0000   -7.500015367.0596   22.5113
    7.5000  -15.0000   -7.500014619.7529   22.5429
   -7.5000   -7.5000   -7.500015421.1172   22.5169
    0.0000   -7.5000   -7.500016189.1855   22.5067
    7.5000   -7.5000   -7.500015365.9893   22.5293
   -7.5000    0.0000   -7.500016028.0176   22.5105
    0.0000    0.0000   -7.500016874.7676   22.5045
    7.5000    0.0000   -7.500015969.3037   22.5251
   -7.5000    7.5000   -7.500015372.8936   22.5127
    0.0000    7.5000   -7.500016176.3672   22.5147
    7.5000    7.5000   -7.500015306.7324   22.5400
   -7.5000   15.0000   -7.500014502.9307   22.5168
    0.0000   15.0000   -7.500015276.4326   22.5228
    7.5000   15.0000   -7.500014408.1982   22.5525
   -7.5000   22.5000   -7.500013527.3223   22.5048
    0.0000   22.5000   -7.500014261.9043   22.5069
    7.5000   22.5000   -7.500013420.2803   22.5407
   -7.5000   30.0000   -7.500012569.1670   22.2256
    0.0000   30.0000   -7.500013239.4385   22.2194
    7.5000   30.0000   -7.500012451.5908   22.2506
   -7.5000   37.5000   -7.500011927.6436   22.2292
    0.0000   37.5000   -7.500012527.0674   22.2192
    7.5000   37.5000   -7.500011800.2500   22.2415
   -7.5000   45.0000   -7.500010785.9961   21.7336
    0.0000   45.0000   -7.500011301.2949   21.7281
    7.5000   45.0000   -7.500010661.2305   21.7481
   -7.5000  -45.0000    0.000012087.3369   22.6577
    0.0000  -45.0000    0.000012682.2490   22.6625
    7.5000  -45.0000    0.000012054.9951   22.6859
   -7.5000  -37.5000    0.000012692.9404   22.6125
    0.0000  -37.5000    0.000013325.2256   22.6222
    7.5000  -37.5000    0.000012665.4668   22.6497
   -7.5000  -30.0000    0.000013693.8691   22.5712
    0.0000  -30.0000    0.000014335.5234   22.5833
    7.5000  -30.0000    0.000013654.8486   22.6142
   -7.5000  -22.5000    0.000014626.4092   22.5419
    0.0000  -22.5000    0.000015269.8096   22.5503
    7.5000  -22.5000    0.000014589.4463   22.5852
   -7.5000  -15.0000    0.000015393.7275   22.5393
    0.0000  -15.0000    0.000016026.4561   22.5415
    7.5000  -15.0000    0.000015338.1270   22.5750
   -7.5000   -7.5000    0.000016087.4668   22.5504
    0.0000   -7.5000    0.000016736.1660   22.5514
    7.5000   -7.5000    0.000016028.5879   22.5769
   -7.5000    0.0000    0.000016687.4316   22.5573
    0.0000    0.0000    0.000017380.5020   22.5620
    7.5000    0.0000    0.000016649.7363   22.5860
   -7.5000    7.5000    0.000016000.5361   22.5613
    0.0000    7.5000    0.000016704.6035   22.5711
    7.5000    7.5000    0.000015963.0059   22.5991
   -7.5000   15.0000    0.000015127.0479   22.5558
    0.0000   15.0000    0.000015823.7588   22.5680
    7.5000   15.0000    0.000015068.7432   22.5992
   -7.5000   22.5000    0.000014108.7539   22.5303
    0.0000   22.5000    0.000014769.1045   22.5388
    7.5000   22.5000    0.000014011.0547   22.5737
   -7.5000   30.0000    0.000013088.3652   22.2476
    0.0000   30.0000    0.000013709.7881   22.2498
    7.5000   30.0000    0.000012981.2295   22.2828
   -7.5000   37.5000    0.000012398.1816   22.2625
    0.0000   37.5000    0.000013007.0303   22.2635
    7.5000   37.5000    0.000012285.0625   22.2887
   -7.5000   45.0000    0.000011182.8535   21.7821
    0.0000   45.0000    0.000011702.8643   21.7867
    7.5000   45.0000    0.000011044.8096   21.8102
   -7.5000  -45.0000    7.500011758.2539   22.6003
    0.0000  -45.0000    7.500012299.3916   22.6105
    7.5000  -45.0000    7.500011728.6367   22.6378
   -7.5000  -37.5000    7.500012333.7705   22.5543
    0.0000  -37.5000    7.500012890.4697   22.5662
    7.5000  -37.5000    7.500012300.7920   22.5978
   -7.5000  -30.0000    7.500013286.5693   22.5123
    0.0000  -30.0000    7.500013853.4443   22.5237
    7.5000  -30.0000    7.500013260.5312   22.5606
   -7.5000  -22.5000    7.500014171.8174   22.4843
    0.0000  -22.5000    7.500014744.4170   22.4922
    7.5000  -22.5000    7.500014155.3096   22.5347
   -7.5000  -15.0000    7.500014919.2178   22.4826
    0.0000  -15.0000    7.500015405.3496   22.4877
    7.5000  -15.0000    7.500014916.1436   22.5285
   -7.5000   -7.5000    7.500015546.4639   22.4937
    0.0000   -7.5000    7.500016040.7861   22.5004
    7.5000   -7.5000    7.500015574.4785   22.5317
   -7.5000    0.0000    7.500016110.5527   22.5005
    0.0000    0.0000    7.500016626.3594   22.5106
    7.5000    0.0000    7.500016144.7158   22.5386
   -7.5000    7.5000    7.500015431.0498   22.5032
    0.0000    7.5000    7.500015943.3359   22.5152
    7.5000    7.5000    7.500015442.5693   22.5473
   -7.5000   15.0000    7.500014599.8750   22.4968
    0.0000   15.0000    7.500015121.4053   22.5084
    7.5000   15.0000    7.500014551.8896   22.5456
   -7.5000   22.5000    7.500013628.5039   22.4728
    0.0000   22.5000    7.500014149.9531   22.4808
    7.5000   22.5000    7.500013518.7520   22.5233
   -7.5000   30.0000    7.500012621.1250   22.1917
    0.0000   30.0000    7.500013123.1631   22.1967
    7.5000   30.0000    7.500012494.1924   22.2369
   -7.5000   37.5000    7.500011980.8223   22.2060
    0.0000   37.5000    7.500012496.7656   22.2127
    7.5000   37.5000    7.500011850.7725   22.2437
   -7.5000   45.0000    7.500010814.1318   21.7276
    0.0000   45.0000    7.500011271.7090   21.7373
    7.5000   45.0000    7.500010670.0059   21.7646
   -7.5000  -45.0000   15.000011243.6445   22.5745
    0.0000  -45.0000   15.000011787.6260   22.5800
    7.5000  -45.0000   15.000011226.5801   22.6080
   -7.5000  -37.5000   15.000011773.2158   22.5267
    0.0000  -37.5000   15.000012314.6602   22.5337
    7.5000  -37.5000   15.000011779.6631   22.5669
   -7.5000  -30.0000   15.000012708.3398   22.4948
    0.0000  -30.0000   15.000013237.7734   22.4997
    7.5000  -30.0000   15.000012740.9580   22.5408
   -7.5000  -22.5000   15.000013529.6504   22.4807
    0.0000  -22.5000   15.000014061.2988   22.4819
    7.5000  -22.5000   15.000013589.8682   22.5296
   -7.5000  -15.0000   15.000014299.9141   22.4820
    0.0000  -15.0000   15.000014792.3818   22.4816
    7.5000  -15.0000   15.000014354.7246   22.5266
   -7.5000   -7.5000   15.000015024.7070   22.4807
    0.0000   -7.5000   15.000015523.1826   22.4825
    7.5000   -7.5000   15.000015064.2441   22.5161
   -7.5000    0.0000   15.000015622.3535   22.4748
    0.0000    0.0000   15.000016150.0059   22.4803
    7.5000    0.0000   15.000015624.2090   22.5090
   -7.5000    7.5000   15.000014963.8584   22.4755
    0.0000    7.5000   15.000015450.3828   22.4826
    7.5000    7.5000   15.000014889.5762   22.5162
   -7.5000   15.0000   15.000014094.8174   22.4790
    0.0000   15.0000   15.000014540.8857   22.4842
    7.5000   15.0000   15.000013966.8213   22.5254
   -7.5000   22.5000   15.000013099.7080   22.4693
    0.0000   22.5000   15.000013532.4160   22.4705
    7.5000   22.5000   15.000012956.6553   22.5182
   -7.5000   30.0000   15.000012082.4229   22.1910
    0.0000   30.0000   15.000012504.7314   22.1906
    7.5000   30.0000   15.000011946.4795   22.2350
   -7.5000   37.5000   15.000011455.9268   22.1932
    0.0000   37.5000   15.000011889.6016   22.1949
    7.5000   37.5000   15.000011324.9150   22.2282
   -7.5000   45.0000   15.000010314.9326   21.7017
    0.0000   45.0000   15.000010723.1680   21.7071
    7.5000   45.0000   15.000010193.8408   21.7351
   -7.5000  -45.0000   22.500010611.7051   22.6387
    0.0000  -45.0000   22.500011125.2305   22.6356
    7.5000  -45.0000   22.500010623.8584   22.6605
   -7.5000  -37.5000   22.500011137.1533   22.5908
    0.0000  -37.5000   22.500011636.5205   22.5919
    7.5000  -37.5000   22.500011155.4072   22.6226
   -7.5000  -30.0000   22.500012015.6074   22.5683
    0.0000  -30.0000   22.500012547.6816   22.5688
    7.5000  -30.0000   22.500012051.8389   22.6082
   -7.5000  -22.5000   22.500012850.4072   22.5651
    0.0000  -22.5000   22.500013399.8750   22.5614
    7.5000  -22.5000   22.500012887.3164   22.6079
   -7.5000  -15.0000   22.500013614.5645   22.5684
    0.0000  -15.0000   22.500014187.9766   22.5604
    7.5000  -15.0000   22.500013615.6943   22.6041
   -7.5000   -7.5000   22.500014323.6299   22.5557
    0.0000   -7.5000   22.500014917.6152   22.5478
    7.5000   -7.5000   22.500014286.6309   22.5790
   -7.5000    0.0000   22.500014880.2412   22.5381
    0.0000    0.0000   22.500015532.5742   22.5351
    7.5000    0.0000   22.500014833.0820   22.5606
   -7.5000    7.5000   22.500014234.4160   22.5391
    0.0000    7.5000   22.500014872.6416   22.5405
    7.5000    7.5000   22.500014172.2979   22.5715
   -7.5000   15.0000   22.500013388.9932   22.5522
    0.0000   15.0000   22.500013946.1543   22.5529
    7.5000   15.0000   22.500013311.5244   22.5925
   -7.5000   22.5000   22.500012410.7031   22.5535
    0.0000   22.5000   22.500012921.0625   22.5498
    7.5000   22.5000   22.500012330.4316   22.5964
   -7.5000   30.0000   22.500011451.0107   22.2763
    0.0000   30.0000   22.500011914.3105   22.2685
    7.5000   30.0000   22.500011371.2246   22.3115
   -7.5000   37.5000   22.500010848.0918   22.2676
    0.0000   37.5000   22.500011273.9482   22.2598
    7.5000   37.5000   22.500010753.9922   22.2907
   -7.5000   45.0000   22.5000 9747.4922   21.7615
    0.0000   45.0000   22.500010146.5811   21.7587
    7.5000   45.0000   22.5000 9665.4111   21.7837
   -7.5000  -45.0000   30.0000 9883.7041   22.7773
    0.0000  -45.0000   30.000010385.4219   22.7691
    7.5000  -45.0000   30.0000 9921.6113   22.7894
   -7.5000  -37.5000   30.000010400.7129   22.7287
    0.0000  -37.5000   30.000010899.5918   22.7278
    7.5000  -37.5000   30.000010416.1982   22.7540
   -7.5000  -30.0000   30.000011282.4795   22.7060
    0.0000  -30.0000   30.000011815.3242   22.7081
    7.5000  -30.0000   30.000011297.3799   22.7420
   -7.5000  -22.5000   30.000012089.1152   22.7030
    0.0000  -22.5000   30.000012623.1592   22.7009
    7.5000  -22.5000   30.000012080.2568   22.7413
   -7.5000  -15.0000   30.000012820.9619   22.7073
    0.0000  -15.0000   30.000013375.8047   22.6976
    7.5000  -15.0000   30.000012782.9404   22.7352
   -7.5000   -7.5000   30.000013464.7988   22.6942
    0.0000   -7.5000   30.000014036.8066   22.6814
    7.5000   -7.5000   30.000013421.8525   22.7070
   -7.5000    0.0000   30.000013971.8408   22.6753
    0.0000    0.0000   30.000014538.9131   22.6672
    7.5000    0.0000   30.000013934.2051   22.6882
   -7.5000    7.5000   30.000013367.3477   22.6765
    0.0000    7.5000   30.000013921.0869   22.6759
    7.5000    7.5000   30.000013337.1367   22.7024
   -7.5000   15.0000   30.000012580.1934   22.6898
    0.0000   15.0000   30.000013098.8438   22.6920
    7.5000   15.0000   30.000012541.7627   22.7262
   -7.5000   22.5000   30.000011652.7354   22.6913
    0.0000   22.5000   30.000012125.7627   22.6891
    7.5000   22.5000   30.000011615.6895   22.7296
   -7.5000   30.0000   30.000010748.7363   22.4134
    0.0000   30.0000   30.000011196.7031   22.4039
    7.5000   30.0000   30.000010700.8477   22.4410
   -7.5000   37.5000   30.000010194.7383   22.4049
    0.0000   37.5000   30.000010601.3516   22.3922
    7.5000   37.5000   30.000010108.7100   22.4176
   -7.5000   45.0000   30.0000 9142.9424   21.8936
    0.0000   45.0000   30.0000 9509.7734   21.8860
    7.5000   45.0000   30.0000 9043.5771   21.9065
   -7.5000  -45.0000   37.5000 9491.3877   22.9541
    0.0000  -45.0000   37.5000 9967.4854   22.9510
    7.5000  -45.0000   37.5000 9511.8916   22.9709
   -7.5000  -37.5000   37.500010005.3281   22.9066
    0.0000  -37.5000   37.500010486.4434   22.9112
    7.5000  -37.5000   37.500010011.3389   22.9361
   -7.5000  -30.0000   37.500010831.2041   22.8753
    0.0000  -30.0000   37.500011380.6250   22.8842
    7.5000  -30.0000   37.500010856.6006   22.9143
   -7.5000  -22.5000   37.500011616.2803   22.8595
    0.0000  -22.5000   37.500012196.4189   22.8649
    7.5000  -22.5000   37.500011630.7119   22.8996
   -7.5000  -15.0000   37.500012330.9570   22.8600
    0.0000  -15.0000   37.500012921.7070   22.8573
    7.5000  -15.0000   37.500012319.6182   22.8898
   -7.5000   -7.5000   37.500012946.9238   22.8579
    0.0000   -7.5000   37.500013531.4629   22.8510
    7.5000   -7.5000   37.500012904.5469   22.8740
   -7.5000    0.0000   37.500013416.9043   22.8508
    0.0000    0.0000   37.500014012.1006   22.8477
    7.5000    0.0000   37.500013394.4189   22.8682
   -7.5000    7.5000   37.500012861.3887   22.8539
    0.0000    7.5000   37.500013397.4092   22.8586
    7.5000    7.5000   37.500012850.7998   22.8840
   -7.5000   15.0000   37.500012154.4551   22.8593
    0.0000   15.0000   37.500012670.8691   22.8683
    7.5000   15.0000   37.500012132.5312   22.8985
   -7.5000   22.5000   37.500011262.3291   22.8477
    0.0000   22.5000   37.500011742.0146   22.8531
    7.5000   22.5000   37.500011242.0576   22.8879
   -7.5000   30.0000   37.500010368.7705   22.5642
    0.0000   30.0000   37.500010815.4160   22.5614
    7.5000   30.0000   37.500010324.9053   22.5936
   -7.5000   37.5000   37.5000 9802.9336   22.5666
    0.0000   37.5000   37.500010198.4346   22.5598
    7.5000   37.5000   37.5000 9724.8115   22.5825
   -7.5000   45.0000   37.5000 8795.4814   22.0644
    0.0000   45.0000   37.5000 9139.0713   22.0616
    7.5000   45.0000   37.5000 8712.8457   22.0816
   -7.5000  -45.0000   45.0000 8657.1621   23.1729
    0.0000  -45.0000   45.0000 9082.8096   23.1798
    7.5000  -45.0000   45.0000 8667.1602   23.2018
   -7.5000  -37.5000   45.0000 9122.3936   23.1268
    0.0000  -37.5000   45.0000 9577.1484   23.1387
    7.5000  -37.5000   45.0000 9129.6602   23.1648
   -7.5000  -30.0000   45.0000 9889.7314   23.0848
    0.0000  -30.0000   45.000010404.2363   23.1000
    7.5000  -30.0000   45.0000 9895.6348   23.1301
   -7.5000  -22.5000   45.000010628.5889   23.0541
    0.0000  -22.5000   45.000011188.7080   23.0663
    7.5000  -22.5000   45.000010632.6279   23.1014
   -7.5000  -15.0000   45.000011285.5254   23.0500
    0.0000  -15.0000   45.000011849.3311   23.0558
    7.5000  -15.0000   45.000011265.5146   23.0900
   -7.5000   -7.5000   45.000011840.9121   23.0601
    0.0000   -7.5000   45.000012406.3047   23.0639
    7.5000   -7.5000   45.000011825.8613   23.0892
   -7.5000    0.0000   45.000012255.3447   23.0672
    0.0000    0.0000   45.000012826.6592   23.0739
    7.5000    0.0000   45.000012249.3213   23.0967
   -7.5000    7.5000   45.000011770.9609   23.0728
    0.0000    7.5000   45.000012298.2832   23.0848
    7.5000    7.5000   45.000011762.7080   23.1115
   -7.5000   15.0000   45.000011135.0273   23.0686
    0.0000   15.0000   45.000011643.5947   23.0839
    7.5000   15.0000   45.000011127.7949   23.1143
   -7.5000   22.5000   45.000010358.1494   23.0422
    0.0000   22.5000   45.000010805.2822   23.0544
    7.5000   22.5000   45.000010338.8223   23.0896
   -7.5000   30.0000   45.0000 9509.5771   22.7497
    0.0000   30.0000   45.0000 9917.8057   22.7555
    7.5000   30.0000   45.0000 9476.0703   22.7892
   -7.5000   37.5000   45.0000 8984.2793   22.7638
    0.0000   37.5000   45.0000 9354.4707   22.7676
    7.5000   37.5000   45.0000 8937.1885   22.7926
   -7.5000   45.0000   45.0000 8071.2549   22.2857
    0.0000   45.0000   45.0000 8390.8750   22.2924
    7.5000   45.0000   45.0000 8014.4136   22.3146

---------------------------------------------------------------------
imgreg_4dfp /opt/freesurfer/average/711-2C_as_mni_average_305 /opt/freesurfer/average/711-2B_as_mni_average_305_mask talsrcimg_g11 none talsrcimg_to_711-2C_as_mni_average_305_t4 4355
---------------------------------------------------------------------

freesurfer imgreg_4dfp.c
/opt/freesurfer/average/711-2C_as_mni_average_305.4dfp.img
       256       256       256         1
  1.000000  1.000000  1.000000
orientation T byte_order littleendian
Reading image: /opt/freesurfer/average/711-2C_as_mni_average_305.4dfp.img
dimensions:      256       256       256
mmppix:       1.0000   -1.0000   -1.0000
center:     128.0000 -129.0000 -129.0000
/opt/freesurfer/average/711-2B_as_mni_average_305_mask.4dfp.img
       256       256       256         1
  1.000000  1.000000  1.000000
orientation T byte_order littleendian
Reading mask: /opt/freesurfer/average/711-2B_as_mni_average_305_mask.4dfp.img (2306576 pixels)
talsrcimg_g11.4dfp.img
       256       256       256         1
  1.000000  1.000000  1.000000
orientation T byte_order littleendian
Reading image: talsrcimg_g11.4dfp.img
dimensions:      256       256       256
mmppix:       1.0000   -1.0000   -1.0000
center:     128.0000 -129.0000 -129.0000
rotation matrix determinant  1.000000
image alignment mode   4355 decimal     1103 hex
   -7.5000  -45.0000  -45.0000 2085.3198   21.2279
    0.0000  -45.0000  -45.0000 2090.2920   21.1904
    7.5000  -45.0000  -45.0000 2073.8521   21.3856
   -7.5000  -37.5000  -45.0000 2160.2732   19.5850
    0.0000  -37.5000  -45.0000 2170.7964   19.5657
    7.5000  -37.5000  -45.0000 2154.5264   19.7429
   -7.5000  -30.0000  -45.0000 2222.9478   18.4334
    0.0000  -30.0000  -45.0000 2235.8000   18.3799
    7.5000  -30.0000  -45.0000 2219.4067   18.5594
   -7.5000  -22.5000  -45.0000 2263.2720   17.7428
    0.0000  -22.5000  -45.0000 2276.5466   17.6759
    7.5000  -22.5000  -45.0000 2259.6604   17.8338
   -7.5000  -15.0000  -45.0000 2283.7527   17.3928
    0.0000  -15.0000  -45.0000 2294.8362   17.2849
    7.5000  -15.0000  -45.0000 2273.1208   17.4721
   -7.5000   -7.5000  -45.0000 2277.5239   17.3955
    0.0000   -7.5000  -45.0000 2291.7673   17.3166
    7.5000   -7.5000  -45.0000 2275.7607   17.4456
   -7.5000    0.0000  -45.0000 2255.2593   17.7635
    0.0000    0.0000  -45.0000 2270.2036   17.6524
    7.5000    0.0000  -45.0000 2256.6372   17.8090
   -7.5000    7.5000  -45.0000 2214.2568   18.5111
    0.0000    7.5000  -45.0000 2233.8071   18.4264
    7.5000    7.5000  -45.0000 2214.7837   18.5587
   -7.5000   15.0000  -45.0000 2151.1350   19.5512
    0.0000   15.0000  -45.0000 2173.5884   19.4541
    7.5000   15.0000  -45.0000 2148.7334   19.6241
   -7.5000   22.5000  -45.0000 2066.7070   21.0638
    0.0000   22.5000  -45.0000 2084.9133   20.9071
    7.5000   22.5000  -45.0000 2067.5674   21.1500
   -7.5000   30.0000  -45.0000 1971.7042   23.1328
    0.0000   30.0000  -45.0000 1984.9576   22.9896
    7.5000   30.0000  -45.0000 1969.8561   23.2835
   -7.5000   37.5000  -45.0000 1860.1597   26.0187
    0.0000   37.5000  -45.0000 1875.4224   25.8003
    7.5000   37.5000  -45.0000 1865.1613   26.1471
   -7.5000   45.0000  -45.0000 1746.2214   29.9231
    0.0000   45.0000  -45.0000 1761.2539   29.6743
    7.5000   45.0000  -45.0000 1747.5319   30.0403
   -7.5000  -45.0000  -37.5000 2168.4050   19.6454
    0.0000  -45.0000  -37.5000 2180.4773   19.6611
    7.5000  -45.0000  -37.5000 2160.8008   19.7705
   -7.5000  -37.5000  -37.5000 2258.4434   18.0687
    0.0000  -37.5000  -37.5000 2266.5630   18.0554
    7.5000  -37.5000  -37.5000 2249.1797   18.1942
   -7.5000  -30.0000  -37.5000 2325.0393   16.9907
    0.0000  -30.0000  -37.5000 2333.8218   16.9725
    7.5000  -30.0000  -37.5000 2313.1182   17.1026
   -7.5000  -22.5000  -37.5000 2365.8745   16.3754
    0.0000  -22.5000  -37.5000 2377.3110   16.3336
    7.5000  -22.5000  -37.5000 2354.1204   16.4612
   -7.5000  -15.0000  -37.5000 2388.0217   16.0555
    0.0000  -15.0000  -37.5000 2404.0686   15.9977
    7.5000  -15.0000  -37.5000 2375.7615   16.1256
   -7.5000   -7.5000  -37.5000 2383.9548   16.0475
    0.0000   -7.5000  -37.5000 2403.4807   15.9981
    7.5000   -7.5000  -37.5000 2379.6580   16.1220
   -7.5000    0.0000  -37.5000 2363.1704   16.3553
    0.0000    0.0000  -37.5000 2381.9224   16.2676
    7.5000    0.0000  -37.5000 2361.6299   16.3929
   -7.5000    7.5000  -37.5000 2315.8987   17.0109
    0.0000    7.5000  -37.5000 2335.1948   16.9249
    7.5000    7.5000  -37.5000 2317.0745   17.0381
   -7.5000   15.0000  -37.5000 2245.0281   17.9487
    0.0000   15.0000  -37.5000 2265.4619   17.8503
    7.5000   15.0000  -37.5000 2244.8315   17.9955
   -7.5000   22.5000  -37.5000 2157.7329   19.2867
    0.0000   22.5000  -37.5000 2176.4346   19.1621
    7.5000   22.5000  -37.5000 2160.1082   19.3759
   -7.5000   30.0000  -37.5000 2052.4795   21.1818
    0.0000   30.0000  -37.5000 2068.9614   21.0745
    7.5000   30.0000  -37.5000 2055.1467   21.2959
   -7.5000   37.5000  -37.5000 1937.5071   23.7798
    0.0000   37.5000  -37.5000 1955.1221   23.6338
    7.5000   37.5000  -37.5000 1940.2705   23.8467
   -7.5000   45.0000  -37.5000 1817.1354   27.2467
    0.0000   45.0000  -37.5000 1838.5417   27.0802
    7.5000   45.0000  -37.5000 1820.8762   27.3284
   -7.5000  -45.0000  -30.0000 2290.4375   18.9262
    0.0000  -45.0000  -30.0000 2299.2859   18.9231
    7.5000  -45.0000  -30.0000 2283.7424   19.0329
   -7.5000  -37.5000  -30.0000 2390.8931   17.3673
    0.0000  -37.5000  -30.0000 2399.1475   17.3348
    7.5000  -37.5000  -30.0000 2380.6326   17.4503
   -7.5000  -30.0000  -30.0000 2462.6960   16.3041
    0.0000  -30.0000  -30.0000 2474.8079   16.2631
    7.5000  -30.0000  -30.0000 2449.5259   16.3661
   -7.5000  -22.5000  -30.0000 2508.8586   15.6871
    0.0000  -22.5000  -30.0000 2522.3872   15.6332
    7.5000  -22.5000  -30.0000 2500.6653   15.7483
   -7.5000  -15.0000  -30.0000 2528.4656   15.3920
    0.0000  -15.0000  -30.0000 2550.4451   15.3315
    7.5000  -15.0000  -30.0000 2525.1943   15.4479
   -7.5000   -7.5000  -30.0000 2529.0579   15.3909
    0.0000   -7.5000  -30.0000 2555.0435   15.3285
    7.5000   -7.5000  -30.0000 2527.7019   15.4593
   -7.5000    0.0000  -30.0000 2511.7612   15.6852
    0.0000    0.0000  -30.0000 2538.2410   15.6139
    7.5000    0.0000  -30.0000 2513.3896   15.7137
   -7.5000    7.5000  -30.0000 2463.6748   16.2729
    0.0000    7.5000  -30.0000 2487.7720   16.1924
    7.5000    7.5000  -30.0000 2467.2349   16.3203
   -7.5000   15.0000  -30.0000 2385.0007   17.1601
    0.0000   15.0000  -30.0000 2406.8142   17.0633
    7.5000   15.0000  -30.0000 2388.0488   17.2056
   -7.5000   22.5000  -30.0000 2289.5156   18.4421
    0.0000   22.5000  -30.0000 2311.7422   18.3253
    7.5000   22.5000  -30.0000 2291.5715   18.4857
   -7.5000   30.0000  -30.0000 2173.5579   20.2186
    0.0000   30.0000  -30.0000 2191.8552   20.0725
    7.5000   30.0000  -30.0000 2173.0913   20.2608
   -7.5000   37.5000  -30.0000 2051.4343   22.6376
    0.0000   37.5000  -30.0000 2061.7410   22.4867
    7.5000   37.5000  -30.0000 2047.5834   22.6422
   -7.5000   45.0000  -30.0000 1920.8177   25.8819
    0.0000   45.0000  -30.0000 1941.4103   25.7398
    7.5000   45.0000  -30.0000 1922.1084   25.9156
   -7.5000  -45.0000  -22.5000 2381.4402   18.2073
    0.0000  -45.0000  -22.5000 2389.7886   18.1731
    7.5000  -45.0000  -22.5000 2369.4431   18.2840
   -7.5000  -37.5000  -22.5000 2489.9360   16.6477
    0.0000  -37.5000  -22.5000 2501.7305   16.6079
    7.5000  -37.5000  -22.5000 2477.2588   16.6844
   -7.5000  -30.0000  -22.5000 2575.5945   15.5713
    0.0000  -30.0000  -22.5000 2589.7378   15.5197
    7.5000  -30.0000  -22.5000 2561.4333   15.5995
   -7.5000  -22.5000  -22.5000 2626.9700   14.9477
    0.0000  -22.5000  -22.5000 2646.8904   14.8673
    7.5000  -22.5000  -22.5000 2620.1267   14.9584
   -7.5000  -15.0000  -22.5000 2656.3196   14.6595
    0.0000  -15.0000  -22.5000 2675.6460   14.5897
    7.5000  -15.0000  -22.5000 2653.9807   14.6663
   -7.5000   -7.5000  -22.5000 2656.0488   14.7168
    0.0000   -7.5000  -22.5000 2682.1467   14.6199
    7.5000   -7.5000  -22.5000 2656.4336   14.7118
   -7.5000    0.0000  -22.5000 2635.0056   14.9882
    0.0000    0.0000  -22.5000 2663.8291   14.9145
    7.5000    0.0000  -22.5000 2636.5688   14.9923
   -7.5000    7.5000  -22.5000 2584.7595   15.5687
    0.0000    7.5000  -22.5000 2610.8059   15.4943
    7.5000    7.5000  -22.5000 2587.0830   15.5661
   -7.5000   15.0000  -22.5000 2502.0347   16.4088
    0.0000   15.0000  -22.5000 2526.6292   16.3087
    7.5000   15.0000  -22.5000 2501.5007   16.4070
   -7.5000   22.5000  -22.5000 2395.7700   17.6085
    0.0000   22.5000  -22.5000 2421.9229   17.5100
    7.5000   22.5000  -22.5000 2397.0498   17.6328
   -7.5000   30.0000  -22.5000 2272.1440   19.2691
    0.0000   30.0000  -22.5000 2292.0146   19.1494
    7.5000   30.0000  -22.5000 2270.9688   19.2991
   -7.5000   37.5000  -22.5000 2137.1421   21.5321
    0.0000   37.5000  -22.5000 2152.5171   21.4069
    7.5000   37.5000  -22.5000 2135.9070   21.5559
   -7.5000   45.0000  -22.5000 1998.0891   24.6049
    0.0000   45.0000  -22.5000 2010.1425   24.4314
    7.5000   45.0000  -22.5000 1994.2513   24.5958
   -7.5000  -45.0000  -15.0000 2434.2625   17.5308
    0.0000  -45.0000  -15.0000 2446.1177   17.4588
    7.5000  -45.0000  -15.0000 2428.1509   17.6072
   -7.5000  -37.5000  -15.0000 2545.9751   16.0268
    0.0000  -37.5000  -15.0000 2561.8789   15.9348
    7.5000  -37.5000  -15.0000 2538.7358   16.0666
   -7.5000  -30.0000  -15.0000 2646.2385   14.9161
    0.0000  -30.0000  -15.0000 2664.6509   14.8590
    7.5000  -30.0000  -15.0000 2636.3740   14.9411
   -7.5000  -22.5000  -15.0000 2715.3210   14.2599
    0.0000  -22.5000  -15.0000 2735.1367   14.1804
    7.5000  -22.5000  -15.0000 2707.7861   14.2733
   -7.5000  -15.0000  -15.0000 2749.3132   13.9596
    0.0000  -15.0000  -15.0000 2771.3481   13.9016
    7.5000  -15.0000  -15.0000 2748.6069   13.9547
   -7.5000   -7.5000  -15.0000 2756.4226   14.0322
    0.0000   -7.5000  -15.0000 2784.7065   13.9683
    7.5000   -7.5000  -15.0000 2759.3108   14.0061
   -7.5000    0.0000  -15.0000 2730.8518   14.3604
    0.0000    0.0000  -15.0000 2765.7231   14.2846
    7.5000    0.0000  -15.0000 2737.5869   14.3199
   -7.5000    7.5000  -15.0000 2677.1008   14.9010
    0.0000    7.5000  -15.0000 2709.1472   14.8411
    7.5000    7.5000  -15.0000 2680.5854   14.8956
   -7.5000   15.0000  -15.0000 2591.4541   15.7168
    0.0000   15.0000  -15.0000 2619.4009   15.6567
    7.5000   15.0000  -15.0000 2588.9797   15.7380
   -7.5000   22.5000  -15.0000 2474.6421   16.8663
    0.0000   22.5000  -15.0000 2503.1692   16.7620
    7.5000   22.5000  -15.0000 2475.9507   16.9046
   -7.5000   30.0000  -15.0000 2342.3801   18.4650
    0.0000   30.0000  -15.0000 2365.2129   18.3499
    7.5000   30.0000  -15.0000 2342.4246   18.5069
   -7.5000   37.5000  -15.0000 2195.4397   20.6373
    0.0000   37.5000  -15.0000 2213.3054   20.5108
    7.5000   37.5000  -15.0000 2199.0205   20.6146
   -7.5000   45.0000  -15.0000 2050.9038   23.5168
    0.0000   45.0000  -15.0000 2066.0640   23.3422
    7.5000   45.0000  -15.0000 2049.7471   23.4613
   -7.5000  -45.0000   -7.5000 2466.0190   16.9747
    0.0000  -45.0000   -7.5000 2480.6445   16.8857
    7.5000  -45.0000   -7.5000 2462.3840   17.0841
   -7.5000  -37.5000   -7.5000 2582.3748   15.4929
    0.0000  -37.5000   -7.5000 2605.1943   15.4029
    7.5000  -37.5000   -7.5000 2575.6628   15.5436
   -7.5000  -30.0000   -7.5000 2689.1824   14.3809
    0.0000  -30.0000   -7.5000 2710.3494   14.2923
    7.5000  -30.0000   -7.5000 2685.2085   14.4178
   -7.5000  -22.5000   -7.5000 2772.2197   13.6816
    0.0000  -22.5000   -7.5000 2798.4917   13.5864
    7.5000  -22.5000   -7.5000 2770.6533   13.7402
   -7.5000  -15.0000   -7.5000 2823.3030   13.3220
    0.0000  -15.0000   -7.5000 2852.4512   13.2411
    7.5000  -15.0000   -7.5000 2820.3613   13.3634
   -7.5000   -7.5000   -7.5000 2839.3491   13.3973
    0.0000   -7.5000   -7.5000 2870.9163   13.3309
    7.5000   -7.5000   -7.5000 2841.2227   13.4073
   -7.5000    0.0000   -7.5000 2816.0022   13.7470
    0.0000    0.0000   -7.5000 2853.1838   13.6706
    7.5000    0.0000   -7.5000 2819.3018   13.7477
   -7.5000    7.5000   -7.5000 2755.4431   14.3239
    0.0000    7.5000   -7.5000 2791.1531   14.2313
    7.5000    7.5000   -7.5000 2759.3674   14.3267
   -7.5000   15.0000   -7.5000 2655.3489   15.1181
    0.0000   15.0000   -7.5000 2687.3647   15.0443
    7.5000   15.0000   -7.5000 2654.3694   15.1651
   -7.5000   22.5000   -7.5000 2533.4678   16.2257
    0.0000   22.5000   -7.5000 2564.1001   16.1486
    7.5000   22.5000   -7.5000 2529.9907   16.2863
   -7.5000   30.0000   -7.5000 2395.7754   17.7511
    0.0000   30.0000   -7.5000 2418.2588   17.6551
    7.5000   30.0000   -7.5000 2394.0281   17.7991
   -7.5000   37.5000   -7.5000 2244.6443   19.8145
    0.0000   37.5000   -7.5000 2261.7290   19.7021
    7.5000   37.5000   -7.5000 2246.9229   19.8526
   -7.5000   45.0000   -7.5000 2088.4165   22.5276
    0.0000   45.0000   -7.5000 2102.6279   22.4046
    7.5000   45.0000   -7.5000 2089.2031   22.5591
   -7.5000  -45.0000    0.0000 2483.2383   16.6381
    0.0000  -45.0000    0.0000 2500.9326   16.5261
    7.5000  -45.0000    0.0000 2473.3591   16.7418
   -7.5000  -37.5000    0.0000 2605.2671   15.1370
    0.0000  -37.5000    0.0000 2629.0732   15.0129
    7.5000  -37.5000    0.0000 2599.1768   15.2368
   -7.5000  -30.0000    0.0000 2713.9478   14.0162
    0.0000  -30.0000    0.0000 2736.6746   13.8850
    7.5000  -30.0000    0.0000 2708.4309   14.1218
   -7.5000  -22.5000    0.0000 2810.9568   13.2897
    0.0000  -22.5000    0.0000 2836.0818   13.1475
    7.5000  -22.5000    0.0000 2806.8391   13.3814
   -7.5000  -15.0000    0.0000 2876.2900   12.8999
    0.0000  -15.0000    0.0000 2912.0125   12.7534
    7.5000  -15.0000    0.0000 2870.4854   13.0006
   -7.5000   -7.5000    0.0000 2901.4880   12.9014
    0.0000   -7.5000    0.0000 2939.8821   12.7565
    7.5000   -7.5000    0.0000 2894.0767   12.9824
   -7.5000    0.0000    0.0000 2868.7595   13.2511
    0.0000    0.0000    0.0000 2904.4915   13.1167
    7.5000    0.0000    0.0000 2867.2522   13.2986
   -7.5000    7.5000    0.0000 2799.9839   13.8446
    0.0000    7.5000    0.0000 2833.6143   13.7143
    7.5000    7.5000    0.0000 2798.7524   13.8866
   -7.5000   15.0000    0.0000 2696.3220   14.6293
    0.0000   15.0000    0.0000 2725.8479   14.5441
    7.5000   15.0000    0.0000 2694.3770   14.7136
   -7.5000   22.5000    0.0000 2568.6626   15.7260
    0.0000   22.5000    0.0000 2596.2517   15.6586
    7.5000   22.5000    0.0000 2563.6106   15.8488
   -7.5000   30.0000    0.0000 2426.5474   17.2010
    0.0000   30.0000    0.0000 2446.6296   17.1326
    7.5000   30.0000    0.0000 2422.6392   17.3137
   -7.5000   37.5000    0.0000 2270.5706   19.2062
    0.0000   37.5000    0.0000 2292.5811   19.1222
    7.5000   37.5000    0.0000 2268.5505   19.2822
   -7.5000   45.0000    0.0000 2108.9885   21.7735
    0.0000   45.0000    0.0000 2127.5105   21.7131
    7.5000   45.0000    0.0000 2109.9087   21.9052
   -7.5000  -45.0000    7.5000 2479.8267   16.5425
    0.0000  -45.0000    7.5000 2498.1387   16.3045
    7.5000  -45.0000    7.5000 2475.9324   16.6301
   -7.5000  -37.5000    7.5000 2604.3123   14.9927
    0.0000  -37.5000    7.5000 2627.6060   14.7705
    7.5000  -37.5000    7.5000 2599.2456   15.0834
   -7.5000  -30.0000    7.5000 2721.8552   13.8724
    0.0000  -30.0000    7.5000 2744.8601   13.6316
    7.5000  -30.0000    7.5000 2715.5835   13.9777
   -7.5000  -22.5000    7.5000 2825.9731   13.1085
    0.0000  -22.5000    7.5000 2851.5583   12.8837
    7.5000  -22.5000    7.5000 2823.1250   13.2215
   -7.5000  -15.0000    7.5000 2899.4502   12.7244
    0.0000  -15.0000    7.5000 2940.3103   12.4834
    7.5000  -15.0000    7.5000 2894.7139   12.8175
   -7.5000   -7.5000    7.5000 2925.8816   12.6553
    0.0000   -7.5000    7.5000 2971.9634   12.3851
    7.5000   -7.5000    7.5000 2920.3367   12.7730
   -7.5000    0.0000    7.5000 2892.3855   12.9695
    0.0000    0.0000    7.5000 2927.9258   12.7320
    7.5000    0.0000    7.5000 2888.4504   13.0765
   -7.5000    7.5000    7.5000 2816.3025   13.5295
    0.0000    7.5000    7.5000 2841.3821   13.3456
    7.5000    7.5000    7.5000 2812.8477   13.6096
   -7.5000   15.0000    7.5000 2709.5117   14.3426
    0.0000   15.0000    7.5000 2731.1711   14.1939
    7.5000   15.0000    7.5000 2705.8213   14.4083
   -7.5000   22.5000    7.5000 2577.4131   15.4732
    0.0000   22.5000    7.5000 2603.9692   15.3451
    7.5000   22.5000    7.5000 2572.5239   15.5438
   -7.5000   30.0000    7.5000 2430.5215   16.9668
    0.0000   30.0000    7.5000 2451.2500   16.8680
    7.5000   30.0000    7.5000 2425.9592   17.0211
   -7.5000   37.5000    7.5000 2274.7239   18.9286
    0.0000   37.5000    7.5000 2295.3479   18.8327
    7.5000   37.5000    7.5000 2273.8181   18.9547
   -7.5000   45.0000    7.5000 2116.2974   21.4634
    0.0000   45.0000    7.5000 2133.6145   21.3556
    7.5000   45.0000    7.5000 2117.9277   21.5145
   -7.5000  -45.0000   15.0000 2454.8164   16.6201
    0.0000  -45.0000   15.0000 2474.0278   16.3731
    7.5000  -45.0000   15.0000 2451.6753   16.7272
   -7.5000  -37.5000   15.0000 2581.2747   15.0603
    0.0000  -37.5000   15.0000 2602.9570   14.8052
    7.5000  -37.5000   15.0000 2579.9539   15.1609
   -7.5000  -30.0000   15.0000 2702.1086   13.9248
    0.0000  -30.0000   15.0000 2729.3916   13.6371
    7.5000  -30.0000   15.0000 2702.4341   14.0433
   -7.5000  -22.5000   15.0000 2809.0237   13.1669
    0.0000  -22.5000   15.0000 2841.1711   12.8781
    7.5000  -22.5000   15.0000 2810.9722   13.3033
   -7.5000  -15.0000   15.0000 2884.3618   12.8021
    0.0000  -15.0000   15.0000 2928.8684   12.4852
    7.5000  -15.0000   15.0000 2883.7180   12.9081
   -7.5000   -7.5000   15.0000 2914.5613   12.7648
    0.0000   -7.5000   15.0000 2959.1216   12.4695
    7.5000   -7.5000   15.0000 2913.4226   12.8384
   -7.5000    0.0000   15.0000 2883.4795   13.0101
    0.0000    0.0000   15.0000 2925.4929   12.7907
    7.5000    0.0000   15.0000 2886.4236   13.0523
   -7.5000    7.5000   15.0000 2805.7366   13.5325
    0.0000    7.5000   15.0000 2837.9797   13.3398
    7.5000    7.5000   15.0000 2805.9158   13.5791
   -7.5000   15.0000   15.0000 2695.9873   14.3204
    0.0000   15.0000   15.0000 2719.3726   14.1583
    7.5000   15.0000   15.0000 2693.6411   14.3565
   -7.5000   22.5000   15.0000 2559.8545   15.4681
    0.0000   22.5000   15.0000 2583.7168   15.3294
    7.5000   22.5000   15.0000 2556.1741   15.4984
   -7.5000   30.0000   15.0000 2411.8486   16.9895
    0.0000   30.0000   15.0000 2430.2961   16.8797
    7.5000   30.0000   15.0000 2410.8186   17.0043
   -7.5000   37.5000   15.0000 2257.7615   18.9165
    0.0000   37.5000   15.0000 2274.9873   18.8301
    7.5000   37.5000   15.0000 2255.2947   18.9066
   -7.5000   45.0000   15.0000 2098.2356   21.4378
    0.0000   45.0000   15.0000 2116.6113   21.3249
    7.5000   45.0000   15.0000 2096.4900   21.4589
   -7.5000  -45.0000   22.5000 2417.3140   16.9779
    0.0000  -45.0000   22.5000 2441.7241   16.7270
    7.5000  -45.0000   22.5000 2418.5881   17.0868
   -7.5000  -37.5000   22.5000 2542.4067   15.3999
    0.0000  -37.5000   22.5000 2567.8191   15.1344
    7.5000  -37.5000   22.5000 2545.9617   15.5135
   -7.5000  -30.0000   22.5000 2661.0459   14.2612
    0.0000  -30.0000   22.5000 2690.4180   14.0022
    7.5000  -30.0000   22.5000 2664.3406   14.4063
   -7.5000  -22.5000   22.5000 2764.8064   13.5719
    0.0000  -22.5000   22.5000 2800.7698   13.3141
    7.5000  -22.5000   22.5000 2767.7117   13.6857
   -7.5000  -15.0000   22.5000 2842.9719   13.1634
    0.0000  -15.0000   22.5000 2887.6614   12.8967
    7.5000  -15.0000   22.5000 2841.9380   13.2726
   -7.5000   -7.5000   22.5000 2868.7593   13.1145
    0.0000   -7.5000   22.5000 2907.8967   12.8898
    7.5000   -7.5000   22.5000 2869.2334   13.1710
   -7.5000    0.0000   22.5000 2838.7910   13.3168
    0.0000    0.0000   22.5000 2875.3970   13.1468
    7.5000    0.0000   22.5000 2844.4219   13.3464
   -7.5000    7.5000   22.5000 2756.5259   13.8170
    0.0000    7.5000   22.5000 2790.8547   13.6749
    7.5000    7.5000   22.5000 2762.1743   13.8394
   -7.5000   15.0000   22.5000 2646.9824   14.5999
    0.0000   15.0000   22.5000 2671.8181   14.4802
    7.5000   15.0000   22.5000 2648.2805   14.6289
   -7.5000   22.5000   22.5000 2523.0105   15.7348
    0.0000   22.5000   22.5000 2543.8005   15.6001
    7.5000   22.5000   22.5000 2520.8877   15.7593
   -7.5000   30.0000   22.5000 2387.0825   17.2145
    0.0000   30.0000   22.5000 2409.2207   17.0785
    7.5000   30.0000   22.5000 2388.0347   17.2470
   -7.5000   37.5000   22.5000 2231.6445   19.1823
    0.0000   37.5000   22.5000 2247.2883   19.0535
    7.5000   37.5000   22.5000 2233.2559   19.1504
   -7.5000   45.0000   22.5000 2068.8235   21.6200
    0.0000   45.0000   22.5000 2090.4507   21.4651
    7.5000   45.0000   22.5000 2075.3638   21.5702
   -7.5000  -45.0000   30.0000 2365.8167   17.6599
    0.0000  -45.0000   30.0000 2390.6108   17.4399
    7.5000  -45.0000   30.0000 2370.0598   17.7847
   -7.5000  -37.5000   30.0000 2484.4041   16.0536
    0.0000  -37.5000   30.0000 2509.1169   15.8533
    7.5000  -37.5000   30.0000 2488.5889   16.1595
   -7.5000  -30.0000   30.0000 2601.2839   14.9472
    0.0000  -30.0000   30.0000 2629.8630   14.7489
    7.5000  -30.0000   30.0000 2607.0513   15.0625
   -7.5000  -22.5000   30.0000 2697.8657   14.2343
    0.0000  -22.5000   30.0000 2733.1028   13.9986
    7.5000  -22.5000   30.0000 2705.1692   14.3112
   -7.5000  -15.0000   30.0000 2772.4656   13.7817
    0.0000  -15.0000   30.0000 2811.4519   13.5630
    7.5000  -15.0000   30.0000 2774.5464   13.8598
   -7.5000   -7.5000   30.0000 2791.8989   13.7229
    0.0000   -7.5000   30.0000 2827.5205   13.5199
    7.5000   -7.5000   30.0000 2794.2661   13.7708
   -7.5000    0.0000   30.0000 2761.1958   13.9080
    0.0000    0.0000   30.0000 2789.4758   13.7156
    7.5000    0.0000   30.0000 2767.6641   13.9327
   -7.5000    7.5000   30.0000 2686.5203   14.3794
    0.0000    7.5000   30.0000 2715.5750   14.1895
    7.5000    7.5000   30.0000 2695.4712   14.4077
   -7.5000   15.0000   30.0000 2580.8142   15.1628
    0.0000   15.0000   30.0000 2607.2607   14.9978
    7.5000   15.0000   30.0000 2585.8745   15.1881
   -7.5000   22.5000   30.0000 2461.7039   16.2671
    0.0000   22.5000   30.0000 2483.3870   16.1175
    7.5000   22.5000   30.0000 2465.3577   16.3025
   -7.5000   30.0000   30.0000 2333.9058   17.7566
    0.0000   30.0000   30.0000 2356.9519   17.5991
    7.5000   30.0000   30.0000 2335.5200   17.7780
   -7.5000   37.5000   30.0000 2190.7180   19.6739
    0.0000   37.5000   30.0000 2206.8374   19.5292
    7.5000   37.5000   30.0000 2191.6326   19.6826
   -7.5000   45.0000   30.0000 2030.5786   22.0567
    0.0000   45.0000   30.0000 2049.3638   21.9447
    7.5000   45.0000   30.0000 2032.6783   22.0613
   -7.5000  -45.0000   37.5000 2306.9126   18.7589
    0.0000  -45.0000   37.5000 2325.3071   18.5902
    7.5000  -45.0000   37.5000 2309.5156   18.8423
   -7.5000  -37.5000   37.5000 2421.9797   17.0743
    0.0000  -37.5000   37.5000 2444.2439   16.8978
    7.5000  -37.5000   37.5000 2425.2949   17.1564
   -7.5000  -30.0000   37.5000 2527.1565   15.8904
    0.0000  -30.0000   37.5000 2557.1416   15.7180
    7.5000  -30.0000   37.5000 2534.0308   15.9869
   -7.5000  -22.5000   37.5000 2615.0806   15.1348
    0.0000  -22.5000   37.5000 2655.2476   14.9430
    7.5000  -22.5000   37.5000 2624.4941   15.2155
   -7.5000  -15.0000   37.5000 2683.5703   14.6885
    0.0000  -15.0000   37.5000 2716.4465   14.5011
    7.5000  -15.0000   37.5000 2688.1013   14.7339
   -7.5000   -7.5000   37.5000 2695.3315   14.6168
    0.0000   -7.5000   37.5000 2725.9822   14.4243
    7.5000   -7.5000   37.5000 2697.7190   14.6192
   -7.5000    0.0000   37.5000 2658.2063   14.8133
    0.0000    0.0000   37.5000 2687.6868   14.6290
    7.5000    0.0000   37.5000 2665.4871   14.8128
   -7.5000    7.5000   37.5000 2591.6248   15.2671
    0.0000    7.5000   37.5000 2612.5576   15.1033
    7.5000    7.5000   37.5000 2600.1477   15.2867
   -7.5000   15.0000   37.5000 2504.1294   16.0017
    0.0000   15.0000   37.5000 2527.5305   15.8513
    7.5000   15.0000   37.5000 2507.9102   16.0327
   -7.5000   22.5000   37.5000 2398.1736   17.0313
    0.0000   22.5000   37.5000 2417.8306   16.8939
    7.5000   22.5000   37.5000 2401.1609   17.0825
   -7.5000   30.0000   37.5000 2273.4946   18.5344
    0.0000   30.0000   37.5000 2296.5513   18.3710
    7.5000   30.0000   37.5000 2276.6675   18.5379
   -7.5000   37.5000   37.5000 2134.9292   20.4442
    0.0000   37.5000   37.5000 2150.3811   20.2727
    7.5000   37.5000   37.5000 2136.9639   20.4148
   -7.5000   45.0000   37.5000 1986.2582   22.8803
    0.0000   45.0000   37.5000 2000.9281   22.6822
    7.5000   45.0000   37.5000 1992.0510   22.8660
   -7.5000  -45.0000   45.0000 2239.2668   20.1838
    0.0000  -45.0000   45.0000 2257.1960   19.9908
    7.5000  -45.0000   45.0000 2237.9382   20.2225
   -7.5000  -37.5000   45.0000 2346.8523   18.3922
    0.0000  -37.5000   45.0000 2370.8069   18.2204
    7.5000  -37.5000   45.0000 2349.0400   18.4494
   -7.5000  -30.0000   45.0000 2444.2148   17.1112
    0.0000  -30.0000   45.0000 2476.1567   16.9748
    7.5000  -30.0000   45.0000 2449.3567   17.1867
   -7.5000  -22.5000   45.0000 2527.4629   16.2791
    0.0000  -22.5000   45.0000 2566.9568   16.1201
    7.5000  -22.5000   45.0000 2534.1177   16.3479
   -7.5000  -15.0000   45.0000 2583.9807   15.8002
    0.0000  -15.0000   45.0000 2614.6250   15.6700
    7.5000  -15.0000   45.0000 2587.1394   15.8296
   -7.5000   -7.5000   45.0000 2591.6311   15.6774
    0.0000   -7.5000   45.0000 2620.3645   15.5296
    7.5000   -7.5000   45.0000 2595.0112   15.6782
   -7.5000    0.0000   45.0000 2548.7607   15.8688
    0.0000    0.0000   45.0000 2574.2986   15.7163
    7.5000    0.0000   45.0000 2555.6035   15.8503
   -7.5000    7.5000   45.0000 2489.4819   16.3166
    0.0000    7.5000   45.0000 2509.5461   16.1886
    7.5000    7.5000   45.0000 2496.7556   16.3258
   -7.5000   15.0000   45.0000 2407.3926   17.0369
    0.0000   15.0000   45.0000 2429.6372   16.9161
    7.5000   15.0000   45.0000 2414.0725   17.0571
   -7.5000   22.5000   45.0000 2318.7493   18.0534
    0.0000   22.5000   45.0000 2332.5129   17.9094
    7.5000   22.5000   45.0000 2318.8018   18.0778
   -7.5000   30.0000   45.0000 2202.2012   19.5533
    0.0000   30.0000   45.0000 2219.0251   19.3549
    7.5000   30.0000   45.0000 2203.7866   19.5265
   -7.5000   37.5000   45.0000 2070.4309   21.4972
    0.0000   37.5000   45.0000 2088.0286   21.2994
    7.5000   37.5000   45.0000 2077.4089   21.4349
   -7.5000   45.0000   45.0000 1934.6262   24.0265
    0.0000   45.0000   45.0000 1947.6672   23.8507
    7.5000   45.0000   45.0000 1936.4492   23.9691

---------------------------------------------------------------------
imgreg_4dfp /opt/freesurfer/average/711-2C_as_mni_average_305 /opt/freesurfer/average/711-2B_as_mni_average_305_mask talsrcimg_g11 none talsrcimg_to_711-2C_as_mni_average_305_t4 1283
---------------------------------------------------------------------

freesurfer imgreg_4dfp.c
/opt/freesurfer/average/711-2C_as_mni_average_305.4dfp.img
       256       256       256         1
  1.000000  1.000000  1.000000
orientation T byte_order littleendian
Reading image: /opt/freesurfer/average/711-2C_as_mni_average_305.4dfp.img
dimensions:      256       256       256
mmppix:       1.0000   -1.0000   -1.0000
center:     128.0000 -129.0000 -129.0000
/opt/freesurfer/average/711-2B_as_mni_average_305_mask.4dfp.img
       256       256       256         1
  1.000000  1.000000  1.000000
orientation T byte_order littleendian
Reading mask: /opt/freesurfer/average/711-2B_as_mni_average_305_mask.4dfp.img (2306576 pixels)
talsrcimg_g11.4dfp.img
       256       256       256         1
  1.000000  1.000000  1.000000
orientation T byte_order littleendian
Reading image: talsrcimg_g11.4dfp.img
dimensions:      256       256       256
mmppix:       1.0000   -1.0000   -1.0000
center:     128.0000 -129.0000 -129.0000
rotation matrix determinant  1.000000
fimgreg.f
image alignment mode   1283 decimal      503 hex
parameters
    0.0000   -7.5000    7.5000    0.0000    0.0000    0.0000
eta,q 0.93368 12.36568
niter,ni,del,rscale     5    3   12.0000    1.2000
parameter  4 -2.230227 ->  0.500000 qaram    1.1500
parameter  6  0.743342 ->  0.500000 qaram    1.1500
parameters
    0.1606   -8.1662    7.9899   -3.4500   -0.7205   -3.4500
eta,q 0.93486 12.26192
  0.0794  0.0745  0.0714  0.0617  0.0691  0.0649
  0.0729  0.0692  0.0674  0.0647  0.0668  0.0651
  0.0684  0.0669  0.0664  0.0665  0.0655  0.0650
  0.0676  0.0674  0.0672  0.0678  0.0654  0.0651
  0.0692  0.0691  0.0678  0.0676  0.0668  0.0661
  0.0727  0.0723  0.0682  0.0689  0.0688  0.0670
  0.0774  0.0779  0.0688  0.0713  0.0704  0.0676
niter,ni,del,rscale     6    3   12.0000    1.2000
parameter  4 -4.254218 ->  0.500000 qaram    1.3225
parameters
   -0.3238   -6.3934    9.4031   -7.4175   -0.5163   -2.3097
eta,q 0.94292 12.28543
  0.0764  0.0742  0.0690  0.0550  0.0646  0.0659
  0.0698  0.0693  0.0650  0.0564  0.0609  0.0619
  0.0653  0.0665  0.0630  0.0595  0.0583  0.0588
  0.0651  0.0648  0.0634  0.0640  0.0572  0.0572
  0.0686  0.0633  0.0642  0.0677  0.0580  0.0573
  0.0735  0.0634  0.0647  0.0689  0.0607  0.0587
  0.0789  0.0674  0.0641  0.0707  0.0634  0.0618
niter,ni,del,rscale     6    3   12.0000    1.2000
parameter  4  0.696431 ->  0.500000 qaram    1.5209
parameters
   -0.1263   -6.0808   11.1718  -11.9801   -0.4411   -2.1176
eta,q 0.94608 12.23378
  0.0745  0.0708  0.0648  0.0556  0.0613  0.0602
  0.0673  0.0643  0.0609  0.0543  0.0579  0.0570
  0.0602  0.0590  0.0584  0.0540  0.0555  0.0550
  0.0571  0.0571  0.0571  0.0568  0.0540  0.0539
  0.0592  0.0586  0.0568  0.0618  0.0545  0.0545
  0.0651  0.0623  0.0571  0.0668  0.0575  0.0567
  0.0729  0.0684  0.0590  0.0705  0.0614  0.0596
niter,ni,del,rscale     6    3   12.0000    1.2000
parameters
   -0.1867   -4.7648   10.7537  -13.3690   -0.2990   -1.8574
eta,q 0.94674 12.23547
  0.0687  0.0717  0.0589  0.0603  0.0608  0.0595
  0.0615  0.0632  0.0563  0.0558  0.0574  0.0563
  0.0562  0.0572  0.0544  0.0534  0.0550  0.0542
  0.0539  0.0539  0.0537  0.0537  0.0534  0.0533
  0.0559  0.0541  0.0545  0.0564  0.0538  0.0540
  0.0617  0.0567  0.0569  0.0597  0.0567  0.0560
  0.0696  0.0607  0.0612  0.0652  0.0606  0.0585
niter,ni,del,rscale     5    3   12.0000    1.2000
parameters
   -0.3121   -4.2079    9.9747  -14.4881   -0.2747   -1.8498
eta,q 0.94709 12.24152
  0.0675  0.0667  0.0576  0.0598  0.0600  0.0586
  0.0605  0.0601  0.0550  0.0555  0.0564  0.0557
  0.0553  0.0553  0.0538  0.0528  0.0541  0.0540
  0.0533  0.0533  0.0533  0.0534  0.0529  0.0529
  0.0557  0.0545  0.0543  0.0560  0.0537  0.0537
  0.0613  0.0577  0.0570  0.0589  0.0564  0.0560
  0.0686  0.0622  0.0608  0.0622  0.0599  0.0585
niter,ni,del,rscale     4    3   12.0000    1.2000
parameters
   -0.3881   -3.7461    9.3667  -15.5040   -0.1547   -2.0526
eta,q 0.94766 12.25116
  0.0674  0.0658  0.0577  0.0597  0.0596  0.0578
  0.0604  0.0596  0.0546  0.0551  0.0557  0.0549
  0.0549  0.0546  0.0531  0.0523  0.0533  0.0532
  0.0529  0.0529  0.0530  0.0529  0.0523  0.0523
  0.0559  0.0545  0.0539  0.0556  0.0533  0.0534
  0.0612  0.0577  0.0565  0.0591  0.0557  0.0556
  0.0677  0.0619  0.0599  0.0610  0.0587  0.0582
niter,ni,del,rscale     3    3   12.0000    1.2000
parameters
   -0.4631   -3.2582    8.9769  -16.5013    0.0459   -2.3200
eta,q 0.94816 12.25128
  0.0672  0.0653  0.0583  0.0597  0.0593  0.0573
  0.0600  0.0589  0.0547  0.0551  0.0553  0.0544
  0.0542  0.0539  0.0527  0.0518  0.0527  0.0524
  0.0523  0.0523  0.0524  0.0524  0.0518  0.0519
  0.0556  0.0539  0.0537  0.0552  0.0528  0.0530
  0.0610  0.0569  0.0564  0.0592  0.0551  0.0552
  0.0671  0.0612  0.0596  0.0611  0.0580  0.0579
niter,ni,del,rscale     2    3   12.0000    1.2000
parameters
   -0.5629   -2.7576    8.6658  -17.5078    0.3138   -2.4269
eta,q 0.94868 12.24339
  0.0668  0.0645  0.0588  0.0597  0.0594  0.0573
  0.0594  0.0582  0.0550  0.0550  0.0552  0.0541
  0.0534  0.0534  0.0526  0.0512  0.0523  0.0518
  0.0518  0.0518  0.0519  0.0519  0.0513  0.0513
  0.0553  0.0531  0.0534  0.0548  0.0524  0.0525
  0.0608  0.0560  0.0565  0.0589  0.0548  0.0545
  0.0667  0.0606  0.0599  0.0619  0.0576  0.0574
niter,ni,del,rscale     1    3   12.0000    1.2000
parameters
   -0.6726   -2.2666    8.3595  -18.4367    0.5429   -2.4626
eta,q 0.94922 12.24116
  0.0665  0.0636  0.0590  0.0598  0.0594  0.0573
  0.0589  0.0576  0.0552  0.0553  0.0550  0.0541
  0.0528  0.0530  0.0525  0.0511  0.0518  0.0514
  0.0513  0.0512  0.0512  0.0513  0.0508  0.0508
  0.0550  0.0520  0.0529  0.0542  0.0521  0.0519
  0.0605  0.0552  0.0566  0.0586  0.0548  0.0539
  0.0664  0.0601  0.0605  0.0627  0.0576  0.0574
registration optimization eta report
parameter search radius
    6.0000    6.0000    6.0000    9.1253    6.0000    6.9000
100000*second partial in parameter space
       40.       29.       23.       12.       21.       14.
  0.0665  0.0636  0.0590  0.0598  0.0594  0.0573
  0.0589  0.0576  0.0552  0.0553  0.0550  0.0541
  0.0528  0.0530  0.0525  0.0511  0.0518  0.0514
  0.0513  0.0512  0.0512  0.0513  0.0508  0.0508
  0.0550  0.0520  0.0529  0.0542  0.0521  0.0519
  0.0605  0.0552  0.0566  0.0586  0.0548  0.0539
  0.0664  0.0601  0.0605  0.0627  0.0576  0.0574
   -0.6726   -2.2666    8.3595  -18.4367    0.5429   -2.4626
eta,q 0.94922 12.24116

---------------------------------------------------------------------
imgreg_4dfp /opt/freesurfer/average/711-2C_as_mni_average_305 /opt/freesurfer/average/711-2B_as_mni_average_305_mask talsrcimg_g11 none talsrcimg_to_711-2C_as_mni_average_305_t4 3335
---------------------------------------------------------------------

freesurfer imgreg_4dfp.c
/opt/freesurfer/average/711-2C_as_mni_average_305.4dfp.img
       256       256       256         1
  1.000000  1.000000  1.000000
orientation T byte_order littleendian
Reading image: /opt/freesurfer/average/711-2C_as_mni_average_305.4dfp.img
dimensions:      256       256       256
mmppix:       1.0000   -1.0000   -1.0000
center:     128.0000 -129.0000 -129.0000
/opt/freesurfer/average/711-2B_as_mni_average_305_mask.4dfp.img
       256       256       256         1
  1.000000  1.000000  1.000000
orientation T byte_order littleendian
Reading mask: /opt/freesurfer/average/711-2B_as_mni_average_305_mask.4dfp.img (2306576 pixels)
talsrcimg_g11.4dfp.img
       256       256       256         1
  1.000000  1.000000  1.000000
orientation T byte_order littleendian
Reading image: talsrcimg_g11.4dfp.img
dimensions:      256       256       256
mmppix:       1.0000   -1.0000   -1.0000
center:     128.0000 -129.0000 -129.0000
fimgreg.f
image alignment mode   3335 decimal      D07 hex
parameters
   -0.6726   -2.2666    8.3595   -0.0968   -5.2331   -5.1369
    4.3755    0.4608   -4.2965   31.6351    0.9475  -31.6242
eta,q 0.94797 12.39030
niter,ni,del,rscale     5    3    5.0000    1.2000
parameter  4  1.308080 ->  0.500000 qaram    1.1500
parameter  5  2.340032 ->  0.500000 qaram    1.1500
parameter  6  2.026161 ->  0.500000 qaram    1.1500
parameter 10  1.374442 ->  0.500000 qaram    1.1500
parameter 12  0.604559 ->  0.500000 qaram    1.1500
parameters
   -0.6643   -1.7330    7.9603   -4.2368   -9.3731   -9.2769
    3.4526    1.0047   -2.7929   27.4951    0.3286  -35.7642
eta,q 0.96522 11.65520
  0.0546  0.0542  0.0527  0.0468  0.0409  0.0359  0.0398  0.0428  0.0405  0.0341  0.0363  0.0350
  0.0533  0.0531  0.0522  0.0476  0.0427  0.0374  0.0387  0.0405  0.0393  0.0349  0.0357  0.0348
  0.0524  0.0524  0.0519  0.0493  0.0451  0.0401  0.0381  0.0388  0.0384  0.0362  0.0353  0.0348
  0.0520  0.0520  0.0520  0.0519  0.0480  0.0433  0.0381  0.0380  0.0380  0.0379  0.0352  0.0352
  0.0523  0.0520  0.0522  0.0555  0.0512  0.0467  0.0386  0.0383  0.0380  0.0404  0.0354  0.0358
  0.0532  0.0523  0.0527  0.0597  0.0548  0.0505  0.0395  0.0395  0.0383  0.0432  0.0360  0.0365
  0.0547  0.0528  0.0533  0.0639  0.0588  0.0554  0.0409  0.0417  0.0390  0.0464  0.0367  0.0374
niter,ni,del,rscale     7    3    5.0000    1.2000
parameter  5  1.487627 ->  0.500000 qaram    1.3225
parameter  6  0.672390 ->  0.500000 qaram    1.3225
parameters
   -0.4111   -1.0939    6.8559   -7.7089  -14.1341  -14.0379
    3.2663    1.3653   -2.0761   27.4095    0.0784  -36.4582
eta,q 0.97198 11.13857
  0.0386  0.0375  0.0347  0.0350  0.0286  0.0281  0.0299  0.0318  0.0301  0.0307  0.0286  0.0291
  0.0367  0.0362  0.0343  0.0341  0.0296  0.0280  0.0289  0.0299  0.0290  0.0293  0.0282  0.0284
  0.0354  0.0353  0.0343  0.0337  0.0314  0.0283  0.0283  0.0286  0.0283  0.0284  0.0281  0.0281
  0.0348  0.0347  0.0346  0.0342  0.0337  0.0300  0.0281  0.0280  0.0280  0.0280  0.0280  0.0280
  0.0349  0.0346  0.0353  0.0362  0.0367  0.0332  0.0283  0.0283  0.0281  0.0282  0.0281  0.0282
  0.0358  0.0349  0.0365  0.0397  0.0402  0.0376  0.0290  0.0293  0.0286  0.0291  0.0283  0.0288
  0.0373  0.0356  0.0380  0.0442  0.0442  0.0429  0.0301  0.0313  0.0294  0.0311  0.0287  0.0295
niter,ni,del,rscale     7    3    5.0000    1.2000
parameter  2 -0.502095 -> -0.500000 qaram    1.1500
parameter  3  0.700735 ->  0.500000 qaram    1.1500
parameter  5  0.704233 ->  0.500000 qaram    1.5209
parameters
   -0.1553    0.2861    5.4759   -7.2534  -19.6092  -17.8357
    3.0539    1.7520   -2.2257   31.1136    0.4404  -39.9292
eta,q 0.97668 10.87820
  0.0311  0.0320  0.0269  0.0298  0.0250  0.0254  0.0262  0.0278  0.0260  0.0296  0.0242  0.0239
  0.0296  0.0303  0.0268  0.0287  0.0247  0.0245  0.0252  0.0260  0.0251  0.0275  0.0239  0.0235
  0.0285  0.0289  0.0270  0.0277  0.0252  0.0244  0.0245  0.0248  0.0245  0.0257  0.0237  0.0233
  0.0280  0.0280  0.0275  0.0268  0.0267  0.0247  0.0243  0.0243  0.0243  0.0243  0.0236  0.0236
  0.0281  0.0275  0.0283  0.0265  0.0291  0.0261  0.0246  0.0245  0.0246  0.0236  0.0236  0.0242
  0.0288  0.0275  0.0294  0.0275  0.0324  0.0300  0.0253  0.0254  0.0252  0.0237  0.0238  0.0253
  0.0301  0.0280  0.0308  0.0300  0.0366  0.0352  0.0265  0.0272  0.0262  0.0248  0.0241  0.0266
niter,ni,del,rscale     7    3    5.0000    1.2000
parameters
   -0.0268    0.7379    4.3559   -6.4551  -22.1763  -19.0180
    3.1443    1.8239   -2.4317   32.0409   -0.2517  -42.4159
eta,q 0.97757 10.80068
  0.0264  0.0278  0.0236  0.0258  0.0255  0.0258  0.0247  0.0264  0.0244  0.0267  0.0231  0.0231
  0.0248  0.0256  0.0230  0.0247  0.0237  0.0241  0.0236  0.0244  0.0234  0.0248  0.0227  0.0227
  0.0238  0.0241  0.0229  0.0237  0.0227  0.0229  0.0229  0.0231  0.0228  0.0234  0.0226  0.0224
  0.0233  0.0233  0.0232  0.0229  0.0227  0.0226  0.0226  0.0226  0.0226  0.0226  0.0225  0.0225
  0.0235  0.0233  0.0240  0.0225  0.0241  0.0228  0.0228  0.0230  0.0229  0.0226  0.0227  0.0230
  0.0244  0.0241  0.0251  0.0232  0.0269  0.0248  0.0235  0.0242  0.0236  0.0236  0.0229  0.0238
  0.0258  0.0256  0.0266  0.0255  0.0308  0.0293  0.0246  0.0263  0.0246  0.0254  0.0234  0.0250
niter,ni,del,rscale     6    3    5.0000    1.2000
parameters
    0.0268    0.8199    3.9561   -6.4733  -22.6551  -19.3142
    3.0535    1.9539   -2.3389   32.3781   -0.5488  -43.0552
eta,q 0.97757 10.78452
  0.0255  0.0262  0.0238  0.0251  0.0269  0.0263  0.0245  0.0264  0.0245  0.0262  0.0232  0.0237
  0.0239  0.0241  0.0229  0.0241  0.0247  0.0244  0.0234  0.0244  0.0234  0.0243  0.0227  0.0229
  0.0228  0.0229  0.0224  0.0231  0.0231  0.0231  0.0227  0.0230  0.0227  0.0231  0.0225  0.0225
  0.0224  0.0224  0.0224  0.0224  0.0224  0.0224  0.0225  0.0225  0.0225  0.0225  0.0224  0.0224
  0.0227  0.0228  0.0229  0.0223  0.0229  0.0223  0.0227  0.0228  0.0227  0.0227  0.0225  0.0226
  0.0237  0.0239  0.0237  0.0233  0.0250  0.0238  0.0234  0.0241  0.0233  0.0238  0.0228  0.0232
  0.0253  0.0257  0.0249  0.0259  0.0282  0.0280  0.0246  0.0262  0.0244  0.0258  0.0233  0.0241
niter,ni,del,rscale     5    3    5.0000    1.2000
parameters
    0.0506    0.8556    3.8420   -6.4639  -22.7838  -19.4209
    2.9662    2.0266   -2.3038   32.4876   -0.6145  -43.2022
eta,q 0.97755 10.78015
  0.0255  0.0260  0.0242  0.0252  0.0272  0.0265  0.0245  0.0264  0.0245  0.0260  0.0232  0.0239
  0.0238  0.0240  0.0232  0.0241  0.0249  0.0246  0.0234  0.0244  0.0234  0.0242  0.0228  0.0230
  0.0228  0.0228  0.0226  0.0232  0.0233  0.0232  0.0227  0.0230  0.0227  0.0230  0.0225  0.0226
  0.0224  0.0224  0.0224  0.0224  0.0224  0.0224  0.0225  0.0225  0.0225  0.0225  0.0225  0.0225
  0.0227  0.0229  0.0227  0.0223  0.0228  0.0223  0.0227  0.0229  0.0227  0.0228  0.0226  0.0226
  0.0237  0.0240  0.0234  0.0234  0.0247  0.0236  0.0234  0.0242  0.0234  0.0239  0.0228  0.0231
  0.0254  0.0258  0.0245  0.0259  0.0278  0.0277  0.0246  0.0263  0.0244  0.0260  0.0233  0.0239
niter,ni,del,rscale     4    3    5.0000    1.2000
parameters
    0.0614    0.8681    3.8020   -6.4577  -22.8204  -19.4567
    2.9376    2.0528   -2.2898   32.5202   -0.6416  -43.2502
eta,q 0.97754 10.77904
  0.0254  0.0260  0.0243  0.0252  0.0273  0.0266  0.0245  0.0264  0.0245  0.0260  0.0233  0.0239
  0.0238  0.0240  0.0233  0.0241  0.0250  0.0246  0.0234  0.0244  0.0234  0.0242  0.0228  0.0230
  0.0228  0.0228  0.0226  0.0232  0.0233  0.0232  0.0227  0.0230  0.0227  0.0230  0.0225  0.0226
  0.0225  0.0225  0.0225  0.0224  0.0224  0.0225  0.0225  0.0225  0.0225  0.0225  0.0225  0.0225
  0.0227  0.0229  0.0227  0.0223  0.0228  0.0223  0.0227  0.0229  0.0227  0.0228  0.0226  0.0226
  0.0238  0.0241  0.0234  0.0234  0.0247  0.0236  0.0234  0.0242  0.0234  0.0240  0.0228  0.0231
  0.0254  0.0258  0.0244  0.0259  0.0277  0.0277  0.0246  0.0264  0.0244  0.0261  0.0233  0.0239
niter,ni,del,rscale     3    3    5.0000    1.2000
parameters
    0.0656    0.8738    3.7862   -6.4521  -22.8283  -19.4722
    2.9315    2.0621   -2.2875   32.5306   -0.6437  -43.2730
eta,q 0.97754 10.77896
  0.0254  0.0260  0.0243  0.0252  0.0273  0.0266  0.0245  0.0264  0.0245  0.0260  0.0233  0.0239
  0.0238  0.0240  0.0233  0.0241  0.0250  0.0246  0.0234  0.0244  0.0234  0.0242  0.0228  0.0230
  0.0228  0.0228  0.0226  0.0232  0.0233  0.0232  0.0227  0.0230  0.0227  0.0230  0.0225  0.0226
  0.0225  0.0225  0.0225  0.0225  0.0225  0.0225  0.0225  0.0225  0.0225  0.0225  0.0225  0.0225
  0.0228  0.0229  0.0227  0.0223  0.0228  0.0223  0.0227  0.0229  0.0227  0.0228  0.0226  0.0226
  0.0238  0.0241  0.0233  0.0234  0.0246  0.0236  0.0234  0.0243  0.0234  0.0240  0.0228  0.0231
  0.0255  0.0258  0.0243  0.0260  0.0277  0.0276  0.0246  0.0264  0.0245  0.0261  0.0233  0.0239
registration optimization eta report
parameter search radius
    2.4000    2.7600    2.7600    8.2800   10.9503    9.5220
    7.2000    7.2000    7.2000    8.2800    7.2000    8.2800
100000*second partial in parameter space
       52.       45.       25.        5.        4.        5.
        4.        8.        4.        5.        2.        2.
  0.0254  0.0260  0.0243  0.0252  0.0273  0.0266  0.0245  0.0264  0.0245  0.0260  0.0233  0.0239
  0.0238  0.0240  0.0233  0.0241  0.0250  0.0246  0.0234  0.0244  0.0234  0.0242  0.0228  0.0230
  0.0228  0.0228  0.0226  0.0232  0.0233  0.0232  0.0227  0.0230  0.0227  0.0230  0.0225  0.0226
  0.0225  0.0225  0.0225  0.0225  0.0225  0.0225  0.0225  0.0225  0.0225  0.0225  0.0225  0.0225
  0.0228  0.0229  0.0227  0.0223  0.0228  0.0223  0.0227  0.0229  0.0227  0.0228  0.0226  0.0226
  0.0238  0.0241  0.0233  0.0234  0.0246  0.0236  0.0234  0.0243  0.0234  0.0240  0.0228  0.0231
  0.0255  0.0258  0.0243  0.0260  0.0277  0.0276  0.0246  0.0264  0.0245  0.0261  0.0233  0.0239
    0.0656    0.8738    3.7862   -6.4521  -22.8283  -19.4722
    2.9315    2.0621   -2.2875   32.5306   -0.6437  -43.2730
eta,q 0.97754 10.77896

---------------------------------------------------------------------
imgreg_4dfp /opt/freesurfer/average/711-2C_as_mni_average_305 /opt/freesurfer/average/711-2B_as_mni_average_305_mask talsrcimg_g11 none talsrcimg_to_711-2C_as_mni_average_305_t4 2311
---------------------------------------------------------------------

freesurfer imgreg_4dfp.c
/opt/freesurfer/average/711-2C_as_mni_average_305.4dfp.img
       256       256       256         1
  1.000000  1.000000  1.000000
orientation T byte_order littleendian
Reading image: /opt/freesurfer/average/711-2C_as_mni_average_305.4dfp.img
dimensions:      256       256       256
mmppix:       1.0000   -1.0000   -1.0000
center:     128.0000 -129.0000 -129.0000
/opt/freesurfer/average/711-2B_as_mni_average_305_mask.4dfp.img
       256       256       256         1
  1.000000  1.000000  1.000000
orientation T byte_order littleendian
Reading mask: /opt/freesurfer/average/711-2B_as_mni_average_305_mask.4dfp.img (2306576 pixels)
talsrcimg_g11.4dfp.img
       256       256       256         1
  1.000000  1.000000  1.000000
orientation T byte_order littleendian
Reading image: talsrcimg_g11.4dfp.img
dimensions:      256       256       256
mmppix:       1.0000   -1.0000   -1.0000
center:     128.0000 -129.0000 -129.0000
fimgreg.f
image alignment mode   2311 decimal      907 hex
parameters
    0.0656    0.8738    3.7862   -6.4521  -22.8283  -19.4722
    2.9315    2.0621   -2.2875   32.5306   -0.6437  -43.2730
eta,q 0.97754 10.77896
niter,ni,del,rscale     5    3    5.0000    0.8000
parameters
    0.0834    0.8202    3.7507   -5.0930  -22.1473  -17.9969
    2.6701    2.3071   -2.3770   32.6523   -0.4090  -43.3981
eta,q 0.97794 10.93336
  0.0238  0.0236  0.0231  0.0239  0.0236  0.0237  0.0231  0.0245  0.0230  0.0234  0.0227  0.0227
  0.0231  0.0229  0.0227  0.0233  0.0230  0.0230  0.0225  0.0233  0.0225  0.0227  0.0224  0.0223
  0.0226  0.0226  0.0225  0.0228  0.0225  0.0225  0.0222  0.0225  0.0222  0.0223  0.0222  0.0221
  0.0225  0.0225  0.0225  0.0225  0.0223  0.0222  0.0221  0.0221  0.0221  0.0221  0.0221  0.0221
  0.0226  0.0226  0.0225  0.0223  0.0222  0.0221  0.0222  0.0222  0.0222  0.0222  0.0221  0.0222
  0.0230  0.0231  0.0228  0.0224  0.0225  0.0221  0.0227  0.0229  0.0225  0.0226  0.0223  0.0224
  0.0238  0.0237  0.0231  0.0230  0.0231  0.0226  0.0233  0.0241  0.0231  0.0233  0.0226  0.0227
niter,ni,del,rscale     4    3    5.0000    0.7000
parameters
    0.0210    0.8517    3.8793   -5.3470  -21.9639  -17.8016
    2.8320    2.2262   -2.4324   32.6827   -0.3119  -43.3805
eta,q 0.97795 10.94271
  0.0231  0.0231  0.0228  0.0230  0.0230  0.0230  0.0230  0.0237  0.0228  0.0231  0.0225  0.0225
  0.0225  0.0225  0.0224  0.0226  0.0225  0.0225  0.0225  0.0228  0.0224  0.0225  0.0223  0.0223
  0.0222  0.0222  0.0222  0.0222  0.0222  0.0223  0.0222  0.0222  0.0221  0.0222  0.0221  0.0221
  0.0221  0.0221  0.0221  0.0221  0.0221  0.0221  0.0220  0.0220  0.0220  0.0220  0.0220  0.0220
  0.0222  0.0222  0.0221  0.0222  0.0221  0.0220  0.0221  0.0223  0.0221  0.0221  0.0221  0.0221
  0.0227  0.0225  0.0223  0.0226  0.0224  0.0223  0.0224  0.0229  0.0224  0.0225  0.0222  0.0223
  0.0233  0.0230  0.0225  0.0234  0.0229  0.0230  0.0228  0.0239  0.0228  0.0230  0.0225  0.0225
niter,ni,del,rscale     3    3    5.0000    0.6000
parameters
    0.0033    0.8603    3.8997   -5.2892  -21.9061  -17.6216
    2.8589    2.2100   -2.4708   32.7163   -0.2983  -43.3862
eta,q 0.97797 10.95563
  0.0229  0.0228  0.0225  0.0228  0.0227  0.0227  0.0227  0.0233  0.0226  0.0228  0.0224  0.0224
  0.0224  0.0224  0.0222  0.0225  0.0224  0.0224  0.0223  0.0226  0.0223  0.0224  0.0222  0.0222
  0.0221  0.0221  0.0221  0.0222  0.0221  0.0222  0.0221  0.0222  0.0221  0.0221  0.0221  0.0221
  0.0220  0.0220  0.0220  0.0220  0.0220  0.0220  0.0220  0.0220  0.0220  0.0220  0.0220  0.0220
  0.0221  0.0221  0.0221  0.0221  0.0221  0.0220  0.0221  0.0222  0.0221  0.0221  0.0221  0.0221
  0.0224  0.0224  0.0222  0.0224  0.0223  0.0222  0.0223  0.0226  0.0223  0.0223  0.0222  0.0222
  0.0229  0.0228  0.0225  0.0229  0.0227  0.0227  0.0227  0.0234  0.0226  0.0228  0.0224  0.0224
niter,ni,del,rscale     2    3    5.0000    0.5000
parameters
   -0.0082    0.8619    3.9186   -5.2322  -21.8522  -17.4422
    2.8534    2.2131   -2.4987   32.7521   -0.2896  -43.3901
eta,q 0.97798 10.96810
  0.0226  0.0225  0.0224  0.0226  0.0225  0.0225  0.0225  0.0230  0.0224  0.0225  0.0223  0.0223
  0.0223  0.0223  0.0222  0.0223  0.0223  0.0223  0.0222  0.0224  0.0222  0.0223  0.0221  0.0221
  0.0221  0.0221  0.0221  0.0221  0.0221  0.0221  0.0221  0.0221  0.0221  0.0221  0.0221  0.0220
  0.0220  0.0220  0.0220  0.0220  0.0220  0.0220  0.0220  0.0220  0.0220  0.0220  0.0220  0.0220
  0.0221  0.0221  0.0221  0.0221  0.0221  0.0220  0.0221  0.0221  0.0221  0.0221  0.0220  0.0220
  0.0223  0.0223  0.0222  0.0223  0.0222  0.0221  0.0222  0.0224  0.0222  0.0222  0.0221  0.0221
  0.0226  0.0225  0.0223  0.0226  0.0225  0.0225  0.0225  0.0230  0.0224  0.0225  0.0223  0.0223
niter,ni,del,rscale     1    3    5.0000    0.4000
parameters
   -0.0162    0.8642    3.9429   -5.1850  -21.7973  -17.2675
    2.8460    2.2099   -2.5413   32.7752   -0.2992  -43.3855
eta,q 0.97799 10.97948
  0.0224  0.0224  0.0222  0.0224  0.0223  0.0223  0.0223  0.0226  0.0223  0.0223  0.0222  0.0222
  0.0222  0.0222  0.0221  0.0222  0.0222  0.0222  0.0221  0.0223  0.0221  0.0222  0.0221  0.0221
  0.0221  0.0221  0.0220  0.0221  0.0221  0.0221  0.0220  0.0221  0.0220  0.0221  0.0220  0.0220
  0.0220  0.0220  0.0220  0.0220  0.0220  0.0220  0.0220  0.0220  0.0220  0.0220  0.0220  0.0220
  0.0221  0.0221  0.0220  0.0220  0.0220  0.0220  0.0220  0.0221  0.0220  0.0220  0.0220  0.0220
  0.0222  0.0222  0.0221  0.0222  0.0221  0.0221  0.0221  0.0223  0.0221  0.0222  0.0221  0.0221
  0.0224  0.0223  0.0222  0.0224  0.0223  0.0223  0.0223  0.0226  0.0223  0.0223  0.0222  0.0222
registration optimization eta report
parameter search radius
    0.8000    0.8000    0.8000    2.4000    2.4000    2.4000
    2.4000    2.4000    2.4000    2.4000    2.4000    2.4000
100000*second partial in parameter space
       60.       52.       32.        7.        5.        5.
        5.       11.        5.        6.        3.        3.
  0.0224  0.0224  0.0222  0.0224  0.0223  0.0223  0.0223  0.0226  0.0223  0.0223  0.0222  0.0222
  0.0222  0.0222  0.0221  0.0222  0.0222  0.0222  0.0221  0.0223  0.0221  0.0222  0.0221  0.0221
  0.0221  0.0221  0.0220  0.0221  0.0221  0.0221  0.0220  0.0221  0.0220  0.0221  0.0220  0.0220
  0.0220  0.0220  0.0220  0.0220  0.0220  0.0220  0.0220  0.0220  0.0220  0.0220  0.0220  0.0220
  0.0221  0.0221  0.0220  0.0220  0.0220  0.0220  0.0220  0.0221  0.0220  0.0220  0.0220  0.0220
  0.0222  0.0222  0.0221  0.0222  0.0221  0.0221  0.0221  0.0223  0.0221  0.0222  0.0221  0.0221
  0.0224  0.0223  0.0222  0.0224  0.0223  0.0223  0.0223  0.0226  0.0223  0.0223  0.0222  0.0222
   -0.0162    0.8642    3.9429   -5.1850  -21.7973  -17.2675
    2.8460    2.2099   -2.5413   32.7752   -0.2992  -43.3855
eta,q 0.97799 10.97948

---------------------------------------------------------------------
imgreg_4dfp /opt/freesurfer/average/711-2C_as_mni_average_305 /opt/freesurfer/average/711-2B_as_mni_average_305_mask talsrcimg_g11 none talsrcimg_to_711-2C_as_mni_average_305_t4 2311
---------------------------------------------------------------------

freesurfer imgreg_4dfp.c
/opt/freesurfer/average/711-2C_as_mni_average_305.4dfp.img
       256       256       256         1
  1.000000  1.000000  1.000000
orientation T byte_order littleendian
Reading image: /opt/freesurfer/average/711-2C_as_mni_average_305.4dfp.img
dimensions:      256       256       256
mmppix:       1.0000   -1.0000   -1.0000
center:     128.0000 -129.0000 -129.0000
/opt/freesurfer/average/711-2B_as_mni_average_305_mask.4dfp.img
       256       256       256         1
  1.000000  1.000000  1.000000
orientation T byte_order littleendian
Reading mask: /opt/freesurfer/average/711-2B_as_mni_average_305_mask.4dfp.img (2306576 pixels)
talsrcimg_g11.4dfp.img
       256       256       256         1
  1.000000  1.000000  1.000000
orientation T byte_order littleendian
Reading image: talsrcimg_g11.4dfp.img
dimensions:      256       256       256
mmppix:       1.0000   -1.0000   -1.0000
center:     128.0000 -129.0000 -129.0000
fimgreg.f
image alignment mode   2311 decimal      907 hex
parameters
   -0.0162    0.8642    3.9429   -5.1850  -21.7973  -17.2675
    2.8460    2.2099   -2.5413   32.7752   -0.2992  -43.3855
eta,q 0.97799 10.97948
niter,ni,del,rscale     5    3    5.0000    0.8000
parameters
   -0.0302    0.8738    4.0182   -5.6488  -22.0144  -17.7505
    2.9765    2.1024   -2.4376   32.6934   -0.2849  -43.3066
eta,q 0.97792 10.93086
  0.0235  0.0233  0.0229  0.0232  0.0231  0.0230  0.0232  0.0242  0.0231  0.0233  0.0226  0.0227
  0.0227  0.0226  0.0224  0.0226  0.0225  0.0225  0.0226  0.0231  0.0226  0.0226  0.0223  0.0223
  0.0222  0.0222  0.0221  0.0222  0.0222  0.0222  0.0222  0.0223  0.0222  0.0222  0.0222  0.0222
  0.0220  0.0220  0.0220  0.0220  0.0220  0.0220  0.0221  0.0221  0.0221  0.0221  0.0221  0.0221
  0.0222  0.0222  0.0221  0.0222  0.0222  0.0221  0.0222  0.0223  0.0222  0.0222  0.0221  0.0221
  0.0227  0.0226  0.0223  0.0228  0.0226  0.0226  0.0225  0.0231  0.0225  0.0227  0.0223  0.0223
  0.0236  0.0233  0.0227  0.0239  0.0234  0.0239  0.0231  0.0244  0.0230  0.0234  0.0226  0.0226
niter,ni,del,rscale     4    3    5.0000    0.7000
parameters
   -0.0151    0.8622    3.9418   -5.4181  -21.9787  -17.7302
    2.8983    2.1531   -2.4435   32.6957   -0.2674  -43.3571
eta,q 0.97795 10.94244
  0.0232  0.0230  0.0226  0.0232  0.0229  0.0229  0.0229  0.0238  0.0228  0.0230  0.0225  0.0225
  0.0226  0.0225  0.0223  0.0227  0.0225  0.0225  0.0224  0.0229  0.0224  0.0225  0.0223  0.0223
  0.0222  0.0222  0.0221  0.0223  0.0222  0.0222  0.0221  0.0223  0.0221  0.0222  0.0221  0.0221
  0.0221  0.0221  0.0221  0.0221  0.0221  0.0221  0.0220  0.0220  0.0220  0.0220  0.0220  0.0221
  0.0222  0.0222  0.0222  0.0221  0.0221  0.0220  0.0222  0.0222  0.0221  0.0221  0.0221  0.0221
  0.0226  0.0225  0.0224  0.0224  0.0224  0.0223  0.0225  0.0228  0.0224  0.0225  0.0223  0.0223
  0.0232  0.0231  0.0227  0.0231  0.0230  0.0231  0.0229  0.0238  0.0228  0.0231  0.0225  0.0225
niter,ni,del,rscale     3    3    5.0000    0.6000
parameters
   -0.0113    0.8633    3.9218   -5.3066  -21.9151  -17.5982
    2.8766    2.1858   -2.4654   32.7224   -0.2744  -43.3712
eta,q 0.97797 10.95551
  0.0229  0.0228  0.0225  0.0229  0.0227  0.0227  0.0227  0.0234  0.0226  0.0228  0.0224  0.0224
  0.0224  0.0224  0.0222  0.0225  0.0224  0.0224  0.0223  0.0227  0.0223  0.0224  0.0222  0.0222
  0.0221  0.0221  0.0221  0.0222  0.0221  0.0222  0.0221  0.0222  0.0221  0.0221  0.0221  0.0221
  0.0220  0.0220  0.0220  0.0220  0.0220  0.0220  0.0220  0.0220  0.0220  0.0220  0.0220  0.0220
  0.0221  0.0221  0.0221  0.0221  0.0221  0.0220  0.0221  0.0222  0.0221  0.0221  0.0221  0.0221
  0.0224  0.0224  0.0223  0.0223  0.0223  0.0222  0.0223  0.0226  0.0223  0.0223  0.0222  0.0222
  0.0229  0.0228  0.0225  0.0229  0.0227  0.0227  0.0227  0.0233  0.0226  0.0228  0.0224  0.0224
niter,ni,del,rscale     2    3    5.0000    0.5000
parameters
   -0.0141    0.8619    3.9246   -5.2296  -21.8445  -17.4421
    2.8651    2.2029   -2.4962   32.7449   -0.2772  -43.3898
eta,q 0.97798 10.96840
  0.0226  0.0225  0.0223  0.0226  0.0225  0.0225  0.0225  0.0230  0.0224  0.0225  0.0223  0.0223
  0.0223  0.0222  0.0222  0.0223  0.0223  0.0223  0.0222  0.0224  0.0222  0.0223  0.0221  0.0221
  0.0221  0.0221  0.0221  0.0221  0.0221  0.0221  0.0221  0.0221  0.0221  0.0221  0.0221  0.0220
  0.0220  0.0220  0.0220  0.0220  0.0220  0.0220  0.0220  0.0220  0.0220  0.0220  0.0220  0.0220
  0.0221  0.0221  0.0221  0.0221  0.0221  0.0220  0.0221  0.0221  0.0221  0.0221  0.0220  0.0220
  0.0223  0.0223  0.0222  0.0222  0.0222  0.0221  0.0222  0.0224  0.0222  0.0222  0.0221  0.0221
  0.0226  0.0225  0.0223  0.0226  0.0225  0.0225  0.0225  0.0230  0.0224  0.0225  0.0223  0.0223
niter,ni,del,rscale     1    3    5.0000    0.4000
parameters
   -0.0168    0.8617    3.9379   -5.1867  -21.7912  -17.2682
    2.8536    2.2114   -2.5441   32.7690   -0.2866  -43.3810
eta,q 0.97799 10.97937
  0.0224  0.0224  0.0222  0.0224  0.0223  0.0223  0.0223  0.0226  0.0223  0.0223  0.0222  0.0222
  0.0222  0.0222  0.0221  0.0222  0.0222  0.0222  0.0221  0.0223  0.0221  0.0222  0.0221  0.0221
  0.0221  0.0221  0.0220  0.0221  0.0221  0.0221  0.0220  0.0221  0.0220  0.0221  0.0220  0.0220
  0.0220  0.0220  0.0220  0.0220  0.0220  0.0220  0.0220  0.0220  0.0220  0.0220  0.0220  0.0220
  0.0221  0.0221  0.0220  0.0220  0.0220  0.0220  0.0220  0.0221  0.0220  0.0220  0.0220  0.0220
  0.0222  0.0222  0.0221  0.0222  0.0221  0.0221  0.0221  0.0223  0.0221  0.0221  0.0221  0.0221
  0.0224  0.0224  0.0222  0.0224  0.0223  0.0223  0.0223  0.0226  0.0223  0.0223  0.0222  0.0222
registration optimization eta report
parameter search radius
    0.8000    0.8000    0.8000    2.4000    2.4000    2.4000
    2.4000    2.4000    2.4000    2.4000    2.4000    2.4000
100000*second partial in parameter space
       61.       52.       32.        7.        5.        5.
        5.       11.        5.        6.        3.        3.
  0.0224  0.0224  0.0222  0.0224  0.0223  0.0223  0.0223  0.0226  0.0223  0.0223  0.0222  0.0222
  0.0222  0.0222  0.0221  0.0222  0.0222  0.0222  0.0221  0.0223  0.0221  0.0222  0.0221  0.0221
  0.0221  0.0221  0.0220  0.0221  0.0221  0.0221  0.0220  0.0221  0.0220  0.0221  0.0220  0.0220
  0.0220  0.0220  0.0220  0.0220  0.0220  0.0220  0.0220  0.0220  0.0220  0.0220  0.0220  0.0220
  0.0221  0.0221  0.0220  0.0220  0.0220  0.0220  0.0220  0.0221  0.0220  0.0220  0.0220  0.0220
  0.0222  0.0222  0.0221  0.0222  0.0221  0.0221  0.0221  0.0223  0.0221  0.0221  0.0221  0.0221
  0.0224  0.0224  0.0222  0.0224  0.0223  0.0223  0.0223  0.0226  0.0223  0.0223  0.0222  0.0222
   -0.0168    0.8617    3.9379   -5.1867  -21.7912  -17.2682
    2.8536    2.2114   -2.5441   32.7690   -0.2866  -43.3810
eta,q 0.97799 10.97937

---------------------------------------------------------------------
compute_vox2vox talsrcimg talsrcimg_to_711-2C_as_mni_average_305_t4 /opt/freesurfer/average/711-2C_as_mni_average_305
---------------------------------------------------------------------

freesurfer compute_vox2vox.c
Reading: talsrcimg.4dfp.ifh
Reading: talsrcimg_to_711-2C_as_mni_average_305_t4
Reading: /opt/freesurfer/average/711-2C_as_mni_average_305.4dfp.ifh
Writing: talsrcimg_to_711-2C_as_mni_average_305_t4_vox2vox.txt

start time Fri Mar 6 12:26:16 CET 2026
end		time Fri Mar 6 12:27:46 CET 2026

mpr2mni305 success

avi2talxfm orig_nu.mgz /opt/freesurfer/average/mni305.cor.mgz talsrcimg_to_711-2C_as_mni_average_305_t4_vox2vox.txt transforms/talairach.auto.xfm
avi2talxfm done
mv -f /out/sourcedata/freesurfer/sub-v1s10x0051080_ses-1/mri/talsrcimg_to_711-2C_as_mni_average_305_t4_vox2vox.txt /out/sourcedata/freesurfer/sub-v1s10x0051080_ses-1/mri/transforms/talsrcimg_to_711-2C_as_mni_average_305_t4_vox2vox.txt
lta_convert --src orig_nu.mgz --trg /opt/freesurfer/average/mni305.cor.mgz --inxfm transforms/talairach.auto.xfm --outlta transforms/talairach.auto.xfm.lta --subject fsaverage
7.3.2

--src: orig_nu.mgz src image (geometry).
--trg: /opt/freesurfer/average/mni305.cor.mgz trg image (geometry).
--inmni: transforms/talairach.auto.xfm input MNI/XFM transform.
--outlta: transforms/talairach.auto.xfm.lta output LTA.
--s: fsaverage subject name
 LTA read, type : 1
 1.05348  -0.01060  -0.04432  -0.55876;
 0.01773   0.99082   0.54894  -5.93524;
 0.02684  -0.41549   1.04718  -0.33078;
 0.00000   0.00000   0.00000   1.00000;
setting subject to fsaverage
Writing  LTA to file transforms/talairach.auto.xfm.lta...
lta_convert successful.
 
 
Started at Fri Mar 6 12:26:16 CET 2026
Ended   at Fri Mar  6 12:27:46 CET 2026
talairach_avi done
