/out/sourcedata/freesurfer/sub-v1s10x0051023_ses-1/mri
/opt/freesurfer/bin/talairach_avi
--i orig_nu.mgz --xfm transforms/talairach.auto.xfm
talairach_avi 7.3.2
Linux dna030 5.14.0-427.37.1.el9_4.x86_64 #1 SMP PREEMPT_DYNAMIC Fri Sep 13 12:41:50 EDT 2024 x86_64 x86_64 x86_64 GNU/Linux
Fri Mar  6 07:24:50 CET 2026
mri_convert orig_nu.mgz talsrcimg.img 
reading from orig_nu.mgz...
TR=0.00, TE=0.00, TI=0.00, flip angle=0.00
i_ras = (-1, 0, 0)
j_ras = (0, 0, -1)
k_ras = (0, 1, 0)
writing to talsrcimg.img...
Analyze Output Matrix
-1.00000   0.00000   0.00000   136.17114;
 0.00000   0.00000   1.00000  -128.00000;
 0.00000  -1.00000   0.00000   131.44579;
 0.00000   0.00000   0.00000   1.00000;
--------------------
INFO: set hdr.hist.orient to -1
mpr2mni305 talsrcimg
Fri Mar  6 07:24:50 CET 2026
/opt/freesurfer/bin/mpr2mni305 talsrcimg
mpr2mni305 7.3.2
target=711-2C_as_mni_average_305

---------------------------------------------------------------------
analyzeto4dfp talsrcimg -O0 -y
---------------------------------------------------------------------

freesurfer ifh2hdr.c
Fri Mar  6 07:24:51 2026
Writing: talsrcimg.4dfp.hdr
freesurfer analyzeto4dfp.c
Reading: talsrcimg.hdr
header size 348 bytes
hdr.dime.datatype	offset=70	value=2
hdr.dime.bitpix		offset=72	value=8
hdr.hist.orient		offset=252	value=-1
dimensionality     4
dimensions       256       256       256         1
Reading: talsrcimg.img
Writing: talsrcimg.4dfp.img
Writing: talsrcimg.4dfp.ifh
ifh2hdr talsrcimg -r0to214
ori=2

---------------------------------------------------------------------
gauss_4dfp talsrcimg 1.1
---------------------------------------------------------------------

freesurfer gauss_4dfp.c
Reading: talsrcimg.4dfp.img
Writing: talsrcimg_g11.4dfp.img
image dimensions 256 256 256 padded to 288 288 288
processing volume 1freesurfer ifh2hdr.c
Fri Mar  6 07:24:52 2026
Writing: talsrcimg_g11.4dfp.hdr

Writing: talsrcimg_g11.4dfp.ifh
including: talsrcimg.4dfp.img.rec in talsrcimg_g11.4dfp.img.rec

---------------------------------------------------------------------
imgreg_4dfp /opt/freesurfer/average/711-2C_as_mni_average_305 none talsrcimg_g11 none talsrcimg_to_711-2C_as_mni_average_305_t4 4355
---------------------------------------------------------------------

freesurfer imgreg_4dfp.c
/opt/freesurfer/average/711-2C_as_mni_average_305.4dfp.img
       256       256       256         1
  1.000000  1.000000  1.000000
orientation T byte_order littleendian
Reading image: /opt/freesurfer/average/711-2C_as_mni_average_305.4dfp.img
dimensions:      256       256       256
mmppix:       1.0000   -1.0000   -1.0000
center:     128.0000 -129.0000 -129.0000
talsrcimg_g11.4dfp.img
       256       256       256         1
  1.000000  1.000000  1.000000
orientation T byte_order littleendian
Reading image: talsrcimg_g11.4dfp.img
dimensions:      256       256       256
mmppix:       1.0000   -1.0000   -1.0000
center:     128.0000 -129.0000 -129.0000
t4_read: open error in t4_sub.f l:  41 t4_file(1:l)talsrcimg_to_711-2C_as_mni_average_305_t4 
t4_read: transform initialized to I4
rotation matrix determinant  1.000000
image alignment mode   4355 decimal     1103 hex
   -7.5000  -45.0000  -45.0000 9331.6592   14.3344
    0.0000  -45.0000  -45.0000 9730.7383   14.3162
    7.5000  -45.0000  -45.0000 9289.2695   14.2985
   -7.5000  -37.5000  -45.0000 9626.5527   14.3419
    0.0000  -37.5000  -45.000010041.9971   14.3288
    7.5000  -37.5000  -45.0000 9584.2705   14.3061
   -7.5000  -30.0000  -45.000010247.1992   14.3671
    0.0000  -30.0000  -45.000010679.5918   14.3533
    7.5000  -30.0000  -45.000010177.6562   14.3314
   -7.5000  -22.5000  -45.000010807.1133   14.3838
    0.0000  -22.5000  -45.000011265.2354   14.3643
    7.5000  -22.5000  -45.000010732.1729   14.3483
   -7.5000  -15.0000  -45.000011246.0283   14.3791
    0.0000  -15.0000  -45.000011742.4668   14.3551
    7.5000  -15.0000  -45.000011192.1230   14.3453
   -7.5000   -7.5000  -45.000011652.3066   14.3540
    0.0000   -7.5000  -45.000012183.4873   14.3307
    7.5000   -7.5000  -45.000011622.8770   14.3198
   -7.5000    0.0000  -45.000011954.9463   14.3336
    0.0000    0.0000  -45.000012490.5244   14.3154
    7.5000    0.0000  -45.000011885.0684   14.2976
   -7.5000    7.5000  -45.000011240.4756   14.3419
    0.0000    7.5000  -45.000011738.4863   14.3288
    7.5000    7.5000  -45.000011148.2607   14.3061
   -7.5000   15.0000  -45.000010402.4775   14.3676
    0.0000   15.0000  -45.000010838.1631   14.3539
    7.5000   15.0000  -45.000010274.1455   14.3320
   -7.5000   22.5000  -45.0000 9558.3887   14.3939
    0.0000   22.5000  -45.0000 9965.5254   14.3746
    7.5000   22.5000  -45.0000 9427.4688   14.3587
   -7.5000   30.0000  -45.0000 8665.5000   14.2326
    0.0000   30.0000  -45.0000 9035.8867   14.2093
    7.5000   30.0000  -45.0000 8540.3398   14.1998
   -7.5000   37.5000  -45.0000 7984.5708   14.2766
    0.0000   37.5000  -45.0000 8332.1641   14.2539
    7.5000   37.5000  -45.0000 7874.5952   14.2437
   -7.5000   45.0000  -45.0000 7003.3579   14.0255
    0.0000   45.0000  -45.0000 7303.9429   14.0087
    7.5000   45.0000  -45.0000 6936.7749   13.9929
   -7.5000  -45.0000  -37.5000 9834.2949   14.2636
    0.0000  -45.0000  -37.500010254.1182   14.2478
    7.5000  -45.0000  -37.5000 9808.4648   14.2360
   -7.5000  -37.5000  -37.500010142.6396   14.2708
    0.0000  -37.5000  -37.500010557.1318   14.2575
    7.5000  -37.5000  -37.500010097.0850   14.2395
   -7.5000  -30.0000  -37.500010773.6953   14.2973
    0.0000  -30.0000  -37.500011208.7520   14.2848
    7.5000  -30.0000  -37.500010730.3281   14.2666
   -7.5000  -22.5000  -37.500011339.8916   14.3161
    0.0000  -22.5000  -37.500011809.4033   14.3015
    7.5000  -22.5000  -37.500011306.8438   14.2898
   -7.5000  -15.0000  -37.500011799.6875   14.3120
    0.0000  -15.0000  -37.500012296.0420   14.2952
    7.5000  -15.0000  -37.500011787.8252   14.2909
   -7.5000   -7.5000  -37.500012222.0498   14.2854
    0.0000   -7.5000  -37.500012747.4082   14.2681
    7.5000   -7.5000  -37.500012226.9834   14.2633
   -7.5000    0.0000  -37.500012510.8203   14.2628
    0.0000    0.0000  -37.500013036.4990   14.2469
    7.5000    0.0000  -37.500012490.9180   14.2352
   -7.5000    7.5000  -37.500011771.0088   14.2708
    0.0000    7.5000  -37.500012274.7588   14.2575
    7.5000    7.5000  -37.500011736.0674   14.2395
   -7.5000   15.0000  -37.500010892.9209   14.2980
    0.0000   15.0000  -37.500011327.2666   14.2856
    7.5000   15.0000  -37.500010808.7959   14.2673
   -7.5000   22.5000  -37.5000 9995.8086   14.3263
    0.0000   22.5000  -37.500010416.0332   14.3119
    7.5000   22.5000  -37.5000 9900.9199   14.3002
   -7.5000   30.0000  -37.5000 9041.4150   14.1658
    0.0000   30.0000  -37.5000 9415.9424   14.1497
    7.5000   30.0000  -37.5000 8958.7773   14.1455
   -7.5000   37.5000  -37.5000 8329.3545   14.2088
    0.0000   37.5000  -37.5000 8676.3623   14.1922
    7.5000   37.5000  -37.5000 8236.7422   14.1880
   -7.5000   45.0000  -37.5000 7288.4556   13.9554
    0.0000   45.0000  -37.5000 7606.4014   13.9408
    7.5000   45.0000  -37.5000 7247.5435   13.9308
   -7.5000  -45.0000  -30.000010536.0283   14.8113
    0.0000  -45.0000  -30.000010993.9775   14.7979
    7.5000  -45.0000  -30.000010541.7725   14.7938
   -7.5000  -37.5000  -30.000010856.9639   14.8144
    0.0000  -37.5000  -30.000011301.2617   14.8030
    7.5000  -37.5000  -30.000010850.5840   14.7906
   -7.5000  -30.0000  -30.000011508.0898   14.8383
    0.0000  -30.0000  -30.000011970.6504   14.8297
    7.5000  -30.0000  -30.000011506.2305   14.8162
   -7.5000  -22.5000  -30.000012108.6816   14.8599
    0.0000  -22.5000  -30.000012611.2070   14.8514
    7.5000  -22.5000  -30.000012129.5879   14.8458
   -7.5000  -15.0000  -30.000012604.4473   14.8601
    0.0000  -15.0000  -30.000013120.6387   14.8500
    7.5000  -15.0000  -30.000012647.8027   14.8536
   -7.5000   -7.5000  -30.000013021.7266   14.8345
    0.0000   -7.5000  -30.000013555.0156   14.8224
    7.5000   -7.5000  -30.000013079.0645   14.8262
   -7.5000    0.0000  -30.000013312.0459   14.8104
    0.0000    0.0000  -30.000013846.8525   14.7970
    7.5000    0.0000  -30.000013375.6562   14.7929
   -7.5000    7.5000  -30.000012540.3477   14.8144
    0.0000    7.5000  -30.000013045.8096   14.8030
    7.5000    7.5000  -30.000012571.7520   14.7906
   -7.5000   15.0000  -30.000011592.9160   14.8393
    0.0000   15.0000  -30.000012055.0986   14.8306
    7.5000   15.0000  -30.000011574.9678   14.8172
   -7.5000   22.5000  -30.000010617.3389   14.8694
    0.0000   22.5000  -30.000011050.1152   14.8611
    7.5000   22.5000  -30.000010584.1484   14.8555
   -7.5000   30.0000  -30.0000 9575.4756   14.7091
    0.0000   30.0000  -30.0000 9981.5967   14.6996
    7.5000   30.0000  -30.0000 9533.6797   14.7033
   -7.5000   37.5000  -30.0000 8821.9785   14.7564
    0.0000   37.5000  -30.0000 9190.9561   14.7450
    7.5000   37.5000  -30.0000 8756.0557   14.7493
   -7.5000   45.0000  -30.0000 7726.7153   14.5014
    0.0000   45.0000  -30.0000 8063.6812   14.4897
    7.5000   45.0000  -30.0000 7700.2344   14.4871
   -7.5000  -45.0000  -22.500011298.7939   15.3054
    0.0000  -45.0000  -22.500011812.3203   15.2923
    7.5000  -45.0000  -22.500011331.4883   15.2884
   -7.5000  -37.5000  -22.500011601.4512   15.3060
    0.0000  -37.5000  -22.500012101.1963   15.2964
    7.5000  -37.5000  -22.500011638.1641   15.2831
   -7.5000  -30.0000  -22.500012257.3340   15.3253
    0.0000  -30.0000  -22.500012768.7881   15.3194
    7.5000  -30.0000  -22.500012295.5693   15.3057
   -7.5000  -22.5000  -22.500012911.8271   15.3459
    0.0000  -22.5000  -22.500013456.1797   15.3392
    7.5000  -22.5000  -22.500012953.1416   15.3347
   -7.5000  -15.0000  -22.500013434.3057   15.3485
    0.0000  -15.0000  -22.500013978.3496   15.3386
    7.5000  -15.0000  -22.500013499.2900   15.3444
   -7.5000   -7.5000  -22.500013866.6143   15.3264
    0.0000   -7.5000  -22.500014436.8340   15.3139
    7.5000   -7.5000  -22.500013953.4072   15.3197
   -7.5000    0.0000  -22.500014150.5830   15.3045
    0.0000    0.0000  -22.500014715.1611   15.2914
    7.5000    0.0000  -22.500014268.6885   15.2874
   -7.5000    7.5000  -22.500013335.1240   15.3060
    0.0000    7.5000  -22.500013853.2852   15.2964
    7.5000    7.5000  -22.500013407.9326   15.2831
   -7.5000   15.0000  -22.500012342.0215   15.3261
    0.0000   15.0000  -22.500012821.6924   15.3203
    7.5000   15.0000  -22.500012376.5244   15.3066
   -7.5000   22.5000  -22.500011279.8008   15.3549
    0.0000   22.5000  -22.500011742.8809   15.3484
    7.5000   22.5000  -22.500011283.0996   15.3440
   -7.5000   30.0000  -22.500010147.7871   15.1948
    0.0000   30.0000  -22.500010589.0361   15.1855
    7.5000   30.0000  -22.500010129.2725   15.1913
   -7.5000   37.5000  -22.5000 9321.2266   15.2472
    0.0000   37.5000  -22.5000 9716.0244   15.2354
    7.5000   37.5000  -22.5000 9277.5459   15.2417
   -7.5000   45.0000  -22.5000 8178.5278   14.9963
    0.0000   45.0000  -22.5000 8525.9199   14.9853
    7.5000   45.0000  -22.5000 8143.5420   14.9828
   -7.5000  -45.0000  -15.000012102.5605   15.6698
    0.0000  -45.0000  -15.000012690.2744   15.6538
    7.5000  -45.0000  -15.000012115.0225   15.6430
   -7.5000  -37.5000  -15.000012395.5850   15.6713
    0.0000  -37.5000  -15.000012966.3340   15.6611
    7.5000  -37.5000  -15.000012432.8262   15.6415
   -7.5000  -30.0000  -15.000013061.8838   15.6891
    0.0000  -30.0000  -15.000013632.0850   15.6819
    7.5000  -30.0000  -15.000013104.1299   15.6630
   -7.5000  -22.5000  -15.000013742.8682   15.7071
    0.0000  -22.5000  -15.000014339.4668   15.6961
    7.5000  -22.5000  -15.000013793.7871   15.6867
   -7.5000  -15.0000  -15.000014294.9053   15.7083
    0.0000  -15.0000  -15.000014917.5586   15.6921
    7.5000  -15.0000  -15.000014380.2754   15.6929
   -7.5000   -7.5000  -15.000014735.3340   15.6878
    0.0000   -7.5000  -15.000015365.8418   15.6696
    7.5000   -7.5000  -15.000014849.8350   15.6696
   -7.5000    0.0000  -15.000015038.7783   15.6688
    0.0000    0.0000  -15.000015666.3408   15.6528
    7.5000    0.0000  -15.000015159.1953   15.6420
   -7.5000    7.5000  -15.000014163.0156   15.6713
    0.0000    7.5000  -15.000014731.2656   15.6611
    7.5000    7.5000  -15.000014256.1494   15.6415
   -7.5000   15.0000  -15.000013115.4355   15.6898
    0.0000   15.0000  -15.000013623.4297   15.6826
    7.5000   15.0000  -15.000013169.1904   15.6637
   -7.5000   22.5000  -15.000011986.3174   15.7155
    0.0000   22.5000  -15.000012460.3848   15.7047
    7.5000   22.5000  -15.000011997.5127   15.6955
   -7.5000   30.0000  -15.000010790.2666   15.5536
    0.0000   30.0000  -15.000011222.2803   15.5380
    7.5000   30.0000  -15.000010748.2256   15.5388
   -7.5000   37.5000  -15.0000 9889.7490   15.6078
    0.0000   37.5000  -15.000010306.2100   15.5901
    7.5000   37.5000  -15.0000 9851.0859   15.5907
   -7.5000   45.0000  -15.0000 8643.0049   15.3622
    0.0000   45.0000  -15.0000 9017.3291   15.3485
    7.5000   45.0000  -15.0000 8607.9961   15.3394
   -7.5000  -45.0000   -7.500012944.9883   15.8539
    0.0000  -45.0000   -7.500013629.7881   15.8348
    7.5000  -45.0000   -7.500012854.2881   15.8170
   -7.5000  -37.5000   -7.500013296.7988   15.8599
    0.0000  -37.5000   -7.500013986.8447   15.8472
    7.5000  -37.5000   -7.500013249.6172   15.8224
   -7.5000  -30.0000   -7.500013994.0000   15.8831
    0.0000  -30.0000   -7.500014662.3545   15.8708
    7.5000  -30.0000   -7.500013991.3398   15.8470
   -7.5000  -22.5000   -7.500014676.9170   15.9005
    0.0000  -22.5000   -7.500015356.8389   15.8819
    7.5000  -22.5000   -7.500014685.3701   15.8661
   -7.5000  -15.0000   -7.500015270.3721   15.8973
    0.0000  -15.0000   -7.500015979.4697   15.8730
    7.5000  -15.0000   -7.500015281.7598   15.8657
   -7.5000   -7.5000   -7.500015751.3232   15.8731
    0.0000   -7.5000   -7.500016455.4746   15.8486
    7.5000   -7.5000   -7.500015760.0342   15.8404
   -7.5000    0.0000   -7.500016071.5703   15.8530
    0.0000    0.0000   -7.500016725.1270   15.8338
    7.5000    0.0000   -7.500016041.4717   15.8160
   -7.5000    7.5000   -7.500015141.8438   15.8599
    0.0000    7.5000   -7.500015725.4443   15.8472
    7.5000    7.5000   -7.500015102.7832   15.8224
   -7.5000   15.0000   -7.500014051.0684   15.8836
    0.0000   15.0000   -7.500014571.1523   15.8714
    7.5000   15.0000   -7.500013979.3311   15.8476
   -7.5000   22.5000   -7.500012840.7598   15.9068
    0.0000   22.5000   -7.500013345.8750   15.8884
    7.5000   22.5000   -7.500012762.6094   15.8727
   -7.5000   30.0000   -7.500011542.0459   15.7406
    0.0000   30.0000   -7.500012018.0625   15.7170
    7.5000   30.0000   -7.500011426.7764   15.7099
   -7.5000   37.5000   -7.500010525.7598   15.7913
    0.0000   37.5000   -7.500010986.8779   15.7674
    7.5000   37.5000   -7.500010453.5205   15.7598
   -7.5000   45.0000   -7.5000 9160.3955   15.5453
    0.0000   45.0000   -7.5000 9586.4902   15.5280
    7.5000   45.0000   -7.5000 9103.8516   15.5123
   -7.5000  -45.0000    0.000013639.4541   15.8873
    0.0000  -45.0000    0.000014449.2490   15.8672
    7.5000  -45.0000    0.000013403.5508   15.8479
   -7.5000  -37.5000    0.000014213.3311   15.8967
    0.0000  -37.5000    0.000015065.5205   15.8818
    7.5000  -37.5000    0.000013947.9795   15.8564
   -7.5000  -30.0000    0.000015073.0078   15.9259
    0.0000  -30.0000    0.000015878.4062   15.9104
    7.5000  -30.0000    0.000014821.0176   15.8856
   -7.5000  -22.5000    0.000015775.9248   15.9446
    0.0000  -22.5000    0.000016524.7285   15.9232
    7.5000  -22.5000    0.000015502.2402   15.9052
   -7.5000  -15.0000    0.000016358.7275   15.9384
    0.0000  -15.0000    0.000017098.0801   15.9123
    7.5000  -15.0000    0.000016064.3271   15.9018
   -7.5000   -7.5000    0.000016811.7734   15.9094
    0.0000   -7.5000    0.000017530.4473   15.8839
    7.5000   -7.5000    0.000016514.9902   15.8726
   -7.5000    0.0000    0.000017074.2637   15.8865
    0.0000    0.0000    0.000017777.3887   15.8662
    7.5000    0.0000    0.000016794.6289   15.8469
   -7.5000    7.5000    0.000016066.2812   15.8967
    0.0000    7.5000    0.000016719.7070   15.8818
    7.5000    7.5000    0.000015832.9824   15.8564
   -7.5000   15.0000    0.000014876.6836   15.9265
    0.0000   15.0000    0.000015504.1445   15.9110
    7.5000   15.0000    0.000014691.7764   15.8862
   -7.5000   22.5000    0.000013579.5234   15.9505
    0.0000   22.5000    0.000014194.9238   15.9293
    7.5000   22.5000    0.000013415.0342   15.9114
   -7.5000   30.0000    0.000012179.2861   15.7817
    0.0000   30.0000    0.000012747.1367   15.7564
    7.5000   30.0000    0.000012031.0840   15.7462
   -7.5000   37.5000    0.000011107.9277   15.8286
    0.0000   37.5000    0.000011617.2510   15.8038
    7.5000   37.5000    0.000010995.2783   15.7931
   -7.5000   45.0000    0.0000 9642.3379   15.5790
    0.0000   45.0000    0.000010104.6895   15.5603
    7.5000   45.0000    0.0000 9554.2783   15.5432
   -7.5000  -45.0000    7.500013219.6787   15.9079
    0.0000  -45.0000    7.500013919.7969   15.8902
    7.5000  -45.0000    7.500012787.2988   15.8774
   -7.5000  -37.5000    7.500013848.0732   15.9155
    0.0000  -37.5000    7.500014710.0078   15.9007
    7.5000  -37.5000    7.500013333.4736   15.8810
   -7.5000  -30.0000    7.500014884.7744   15.9452
    0.0000  -30.0000    7.500015843.7031   15.9314
    7.5000  -30.0000    7.500014289.5137   15.9112
   -7.5000  -22.5000    7.500015680.3555   15.9667
    0.0000  -22.5000    7.500016518.8887   15.9506
    7.5000  -22.5000    7.500015023.4258   15.9376
   -7.5000  -15.0000    7.500016206.8047   15.9625
    0.0000  -15.0000    7.500016977.4746   15.9438
    7.5000  -15.0000    7.500015578.2227   15.9392
   -7.5000   -7.5000    7.500016529.7930   15.9326
    0.0000   -7.5000    7.500017287.8711   15.9132
    7.5000   -7.5000    7.500016002.4160   15.9082
   -7.5000    0.0000    7.500016715.3848   15.9070
    0.0000    0.0000    7.500017486.5391   15.8892
    7.5000    0.0000    7.500016309.9150   15.8764
   -7.5000    7.5000    7.500015703.3408   15.9155
    0.0000    7.5000    7.500016427.7461   15.9007
    7.5000    7.5000    7.500015396.1562   15.8810
   -7.5000   15.0000    7.500014543.5293   15.9460
    0.0000   15.0000    7.500015216.8652   15.9323
    7.5000   15.0000    7.500014318.3984   15.9120
   -7.5000   22.5000    7.500013291.4062   15.9728
    0.0000   22.5000    7.500013896.9971   15.9570
    7.5000   22.5000    7.500013109.7139   15.9440
   -7.5000   30.0000    7.500011876.3477   15.8053
    0.0000   30.0000    7.500012424.6318   15.7875
    7.5000   30.0000    7.500011721.6504   15.7830
   -7.5000   37.5000    7.500010817.1846   15.8529
    0.0000   37.5000    7.500011328.1064   15.8343
    7.5000   37.5000    7.500010665.5186   15.8299
   -7.5000   45.0000    7.5000 9396.7549   15.5998
    0.0000   45.0000    7.5000 9843.6875   15.5835
    7.5000   45.0000    7.5000 9269.7900   15.5727
   -7.5000  -45.0000   15.000012576.8418   15.9350
    0.0000  -45.0000   15.000013196.3838   15.9208
    7.5000  -45.0000   15.000012250.3750   15.9164
   -7.5000  -37.5000   15.000013152.6582   15.9384
    0.0000  -37.5000   15.000013991.9922   15.9263
    7.5000  -37.5000   15.000012754.3066   15.9129
   -7.5000  -30.0000   15.000014157.5938   15.9645
    0.0000  -30.0000   15.000015069.4268   15.9554
    7.5000  -30.0000   15.000013673.2266   15.9409
   -7.5000  -22.5000   15.000014883.7393   15.9880
    0.0000  -22.5000   15.000015704.6162   15.9791
    7.5000  -22.5000   15.000014362.8994   15.9730
   -7.5000  -15.0000   15.000015408.9189   15.9882
    0.0000  -15.0000   15.000016175.2334   15.9775
    7.5000  -15.0000   15.000014925.0908   15.9814
   -7.5000   -7.5000   15.000015828.7373   15.9603
    0.0000   -7.5000   15.000016616.3164   15.9474
    7.5000   -7.5000   15.000015383.2900   15.9517
   -7.5000    0.0000   15.000016069.8018   15.9341
    0.0000    0.0000   15.000016859.7266   15.9198
    7.5000    0.0000   15.000015641.1982   15.9154
   -7.5000    7.5000   15.000015087.6553   15.9384
    0.0000    7.5000   15.000015811.1367   15.9263
    7.5000    7.5000   15.000014736.1172   15.9129
   -7.5000   15.0000   15.000013961.2988   15.9655
    0.0000   15.0000   15.000014624.1143   15.9564
    7.5000   15.0000   15.000013686.0146   15.9419
   -7.5000   22.5000   15.000012722.1494   15.9947
    0.0000   22.5000   15.000013297.0371   15.9860
    7.5000   22.5000   15.000012502.7256   15.9800
   -7.5000   30.0000   15.000011370.1084   15.8305
    0.0000   30.0000   15.000011864.4941   15.8204
    7.5000   30.0000   15.000011170.0576   15.8245
   -7.5000   37.5000   15.000010362.9541   15.8811
    0.0000   37.5000   15.000010828.7002   15.8691
    7.5000   37.5000   15.000010194.2920   15.8738
   -7.5000   45.0000   15.0000 9031.0439   15.6274
    0.0000   45.0000   15.0000 9435.3906   15.6150
    7.5000   45.0000   15.0000 8874.7256   15.6122
   -7.5000  -45.0000   22.500011875.6104   15.9786
    0.0000  -45.0000   22.500012471.1250   15.9650
    7.5000  -45.0000   22.500011617.4463   15.9607
   -7.5000  -37.5000   22.500012386.5547   15.9794
    0.0000  -37.5000   22.500013164.2363   15.9695
    7.5000  -37.5000   22.500012135.1230   15.9555
   -7.5000  -30.0000   22.500013227.1426   15.9998
    0.0000  -30.0000   22.500014005.9619   15.9939
    7.5000  -30.0000   22.500012951.9209   15.9794
   -7.5000  -22.5000   22.500013847.8252   16.0215
    0.0000  -22.5000   22.500014535.3164   16.0147
    7.5000  -22.5000   22.500013554.2178   16.0099
   -7.5000  -15.0000   22.500014397.9873   16.0240
    0.0000  -15.0000   22.500015071.9072   16.0139
    7.5000  -15.0000   22.500014083.6523   16.0198
   -7.5000   -7.5000   22.500014872.6377   16.0006
    0.0000   -7.5000   22.500015570.8379   15.9877
    7.5000   -7.5000   22.500014521.6484   15.9937
   -7.5000    0.0000   22.500015142.9756   15.9776
    0.0000    0.0000   22.500015823.2246   15.9640
    7.5000    0.0000   22.500014755.8281   15.9596
   -7.5000    7.5000   22.500014210.8945   15.9794
    0.0000    7.5000   22.500014854.2783   15.9695
    7.5000    7.5000   22.500013869.9590   15.9555
   -7.5000   15.0000   22.500013162.6641   16.0008
    0.0000   15.0000   22.500013760.3857   15.9948
    7.5000   15.0000   22.500012869.1387   15.9804
   -7.5000   22.5000   22.500011984.1064   16.0285
    0.0000   22.5000   22.500012534.8770   16.0219
    7.5000   22.5000   22.500011755.7705   16.0172
   -7.5000   30.0000   22.500010696.3711   15.8661
    0.0000   30.0000   22.500011166.8311   15.8566
    7.5000   30.0000   22.500010505.6260   15.8625
   -7.5000   37.5000   22.5000 9745.3145   15.9209
    0.0000   37.5000   22.500010200.5547   15.9087
    7.5000   37.5000   22.5000 9591.8594   15.9151
   -7.5000   45.0000   22.5000 8502.6445   15.6710
    0.0000   45.0000   22.5000 8875.8936   15.6596
    7.5000   45.0000   22.5000 8345.7627   15.6568
   -7.5000  -45.0000   30.000011125.1943   16.2379
    0.0000  -45.0000   30.000011690.6553   16.2214
    7.5000  -45.0000   30.000010980.7832   16.2095
   -7.5000  -37.5000   30.000011600.0205   16.2395
    0.0000  -37.5000   30.000012255.1689   16.2292
    7.5000  -37.5000   30.000011478.4688   16.2081
   -7.5000  -30.0000   30.000012369.3301   16.2584
    0.0000  -30.0000   30.000012973.2861   16.2514
    7.5000  -30.0000   30.000012209.9961   16.2311
   -7.5000  -22.5000   30.000012989.8301   16.2775
    0.0000  -22.5000   30.000013550.9854   16.2665
    7.5000  -22.5000   30.000012789.4570   16.2562
   -7.5000  -15.0000   30.000013532.7646   16.2790
    0.0000  -15.0000   30.000014128.1611   16.2623
    7.5000  -15.0000   30.000013288.1318   16.2625
   -7.5000   -7.5000   30.000013978.3301   16.2572
    0.0000   -7.5000   30.000014598.6631   16.2383
    7.5000   -7.5000   30.000013697.6094   16.2378
   -7.5000    0.0000   30.000014200.8623   16.2369
    0.0000    0.0000   30.000014810.8438   16.2203
    7.5000    0.0000   30.000013883.2656   16.2085
   -7.5000    7.5000   30.000013307.9521   16.2395
    0.0000    7.5000   30.000013883.7578   16.2292
    7.5000    7.5000   30.000013013.0518   16.2081
   -7.5000   15.0000   30.000012321.6924   16.2591
    0.0000   15.0000   30.000012859.8887   16.2521
    7.5000   15.0000   30.000012041.7617   16.2318
   -7.5000   22.5000   30.000011203.6152   16.2848
    0.0000   22.5000   30.000011710.1465   16.2740
    7.5000   22.5000   30.000010976.1348   16.2638
   -7.5000   30.0000   30.0000 9963.1709   16.1197
    0.0000   30.0000   30.000010403.7715   16.1037
    7.5000   30.0000   30.0000 9779.2227   16.1040
   -7.5000   37.5000   30.0000 9084.5547   16.1771
    0.0000   37.5000   30.0000 9510.7129   16.1587
    7.5000   37.5000   30.0000 8952.9561   16.1588
   -7.5000   45.0000   30.0000 7938.7290   15.9296
    0.0000   45.0000   30.0000 8295.3770   15.9154
    7.5000   45.0000   30.0000 7832.1729   15.9053
   -7.5000  -45.0000   37.500010737.3145   16.5367
    0.0000  -45.0000   37.500011284.5498   16.5173
    7.5000  -45.0000   37.500010685.6260   16.4979
   -7.5000  -37.5000   37.500011184.2500   16.5416
    0.0000  -37.5000   37.500011738.4102   16.5292
    7.5000  -37.5000   37.500011149.8525   16.5020
   -7.5000  -30.0000   37.500011921.6631   16.5664
    0.0000  -30.0000   37.500012412.5039   16.5544
    7.5000  -30.0000   37.500011823.5244   16.5284
   -7.5000  -22.5000   37.500012545.8027   16.5866
    0.0000  -22.5000   37.500013046.2754   16.5678
    7.5000  -22.5000   37.500012397.2480   16.5507
   -7.5000  -15.0000   37.500013080.8730   16.5848
    0.0000  -15.0000   37.500013622.2480   16.5599
    7.5000  -15.0000   37.500012903.9521   16.5523
   -7.5000   -7.5000   37.500013514.6621   16.5588
    0.0000   -7.5000   37.500014071.7383   16.5336
    7.5000   -7.5000   37.500013296.0078   16.5248
   -7.5000    0.0000   37.500013745.3301   16.5358
    0.0000    0.0000   37.500014291.6729   16.5162
    7.5000    0.0000   37.500013469.8359   16.4968
   -7.5000    7.5000   37.500012896.7227   16.5416
    0.0000    7.5000   37.500013425.9863   16.5292
    7.5000    7.5000   37.500012619.6104   16.5020
   -7.5000   15.0000   37.500011923.7383   16.5670
    0.0000   15.0000   37.500012435.4678   16.5550
    7.5000   15.0000   37.500011679.5889   16.5290
   -7.5000   22.5000   37.500010846.6025   16.5937
    0.0000   22.5000   37.500011300.4951   16.5752
    7.5000   22.5000   37.500010626.4990   16.5582
   -7.5000   30.0000   37.5000 9624.1328   16.4238
    0.0000   30.0000   37.500010014.6943   16.3997
    7.5000   30.0000   37.5000 9440.8916   16.3922
   -7.5000   37.5000   37.5000 8763.5898   16.4778
    0.0000   37.5000   37.5000 9143.6729   16.4533
    7.5000   37.5000   37.5000 8642.1543   16.4452
   -7.5000   45.0000   37.5000 7648.0215   16.2177
    0.0000   45.0000   37.5000 7961.2490   16.2003
    7.5000   45.0000   37.5000 7557.1743   16.1831
   -7.5000  -45.0000   45.0000 9927.6641   16.8722
    0.0000  -45.0000   45.000010384.1240   16.8502
    7.5000  -45.0000   45.0000 9905.9170   16.8276
   -7.5000  -37.5000   45.000010330.9854   16.8845
    0.0000  -37.5000   45.000010775.9912   16.8687
    7.5000  -37.5000   45.000010305.2217   16.8393
   -7.5000  -30.0000   45.000011003.3584   16.9168
    0.0000  -30.0000   45.000011409.6943   16.9012
    7.5000  -30.0000   45.000010906.1631   16.8719
   -7.5000  -22.5000   45.000011568.9893   16.9356
    0.0000  -22.5000   45.000012004.6562   16.9136
    7.5000  -22.5000   45.000011450.4111   16.8917
   -7.5000  -15.0000   45.000012060.5791   16.9268
    0.0000  -15.0000   45.000012531.0088   16.8992
    7.5000  -15.0000   45.000011912.5312   16.8857
   -7.5000   -7.5000   45.000012466.0527   16.8948
    0.0000   -7.5000   45.000012954.3047   16.8672
    7.5000   -7.5000   45.000012276.9912   16.8531
   -7.5000    0.0000   45.000012686.8701   16.8712
    0.0000    0.0000   45.000013182.0361   16.8491
    7.5000    0.0000   45.000012464.1504   16.8265
   -7.5000    7.5000   45.000011909.9414   16.8845
    0.0000    7.5000   45.000012383.8887   16.8687
    7.5000    7.5000   45.000011681.9600   16.8393
   -7.5000   15.0000   45.000011020.7412   16.9175
    0.0000   15.0000   45.000011472.4336   16.9019
    7.5000   15.0000   45.000010823.8838   16.8726
   -7.5000   22.5000   45.000010000.2686   16.9413
    0.0000   22.5000   45.000010426.7969   16.9195
    7.5000   22.5000   45.0000 9822.7832   16.8977
   -7.5000   30.0000   45.0000 8856.0156   16.7554
    0.0000   30.0000   45.0000 9246.7109   16.7286
    7.5000   30.0000   45.0000 8720.7520   16.7154
   -7.5000   37.5000   45.0000 8099.2236   16.8013
    0.0000   37.5000   45.0000 8449.1514   16.7744
    7.5000   37.5000   45.0000 7996.0879   16.7610
   -7.5000   45.0000   45.0000 7101.9116   16.5412
    0.0000   45.0000   45.0000 7389.8140   16.5206
    7.5000   45.0000   45.0000 7004.6079   16.5003

---------------------------------------------------------------------
imgreg_4dfp /opt/freesurfer/average/711-2C_as_mni_average_305 /opt/freesurfer/average/711-2B_as_mni_average_305_mask talsrcimg_g11 none talsrcimg_to_711-2C_as_mni_average_305_t4 4355
---------------------------------------------------------------------

freesurfer imgreg_4dfp.c
/opt/freesurfer/average/711-2C_as_mni_average_305.4dfp.img
       256       256       256         1
  1.000000  1.000000  1.000000
orientation T byte_order littleendian
Reading image: /opt/freesurfer/average/711-2C_as_mni_average_305.4dfp.img
dimensions:      256       256       256
mmppix:       1.0000   -1.0000   -1.0000
center:     128.0000 -129.0000 -129.0000
/opt/freesurfer/average/711-2B_as_mni_average_305_mask.4dfp.img
       256       256       256         1
  1.000000  1.000000  1.000000
orientation T byte_order littleendian
Reading mask: /opt/freesurfer/average/711-2B_as_mni_average_305_mask.4dfp.img (2306576 pixels)
talsrcimg_g11.4dfp.img
       256       256       256         1
  1.000000  1.000000  1.000000
orientation T byte_order littleendian
Reading image: talsrcimg_g11.4dfp.img
dimensions:      256       256       256
mmppix:       1.0000   -1.0000   -1.0000
center:     128.0000 -129.0000 -129.0000
rotation matrix determinant  1.000000
image alignment mode   4355 decimal     1103 hex
   -7.5000  -45.0000  -45.0000 2370.3579   14.1840
    0.0000  -45.0000  -45.0000 2378.9746   14.1372
    7.5000  -45.0000  -45.0000 2346.9958   14.3164
   -7.5000  -37.5000  -45.0000 2404.4856   13.6730
    0.0000  -37.5000  -45.0000 2415.9319   13.6431
    7.5000  -37.5000  -45.0000 2383.7188   13.7856
   -7.5000  -30.0000  -45.0000 2418.0344   13.4287
    0.0000  -30.0000  -45.0000 2432.7954   13.3789
    7.5000  -30.0000  -45.0000 2396.2412   13.5313
   -7.5000  -22.5000  -45.0000 2411.0112   13.4833
    0.0000  -22.5000  -45.0000 2425.6836   13.4471
    7.5000  -22.5000  -45.0000 2391.2456   13.5647
   -7.5000  -15.0000  -45.0000 2371.9485   13.7747
    0.0000  -15.0000  -45.0000 2388.7915   13.7334
    7.5000  -15.0000  -45.0000 2357.5205   13.8308
   -7.5000   -7.5000  -45.0000 2312.7766   14.3050
    0.0000   -7.5000  -45.0000 2332.8740   14.2546
    7.5000   -7.5000  -45.0000 2305.0996   14.3504
   -7.5000    0.0000  -45.0000 2239.3572   15.1366
    0.0000    0.0000  -45.0000 2255.1255   15.1007
    7.5000    0.0000  -45.0000 2226.2295   15.2110
   -7.5000    7.5000  -45.0000 2147.2000   16.3715
    0.0000    7.5000  -45.0000 2158.7012   16.3543
    7.5000    7.5000  -45.0000 2133.2097   16.4391
   -7.5000   15.0000  -45.0000 2038.4230   18.1291
    0.0000   15.0000  -45.0000 2044.1957   18.0993
    7.5000   15.0000  -45.0000 2023.5363   18.2061
   -7.5000   22.5000  -45.0000 1919.0624   20.5770
    0.0000   22.5000  -45.0000 1926.4264   20.5128
    7.5000   22.5000  -45.0000 1908.9402   20.6969
   -7.5000   30.0000  -45.0000 1794.1990   23.8523
    0.0000   30.0000  -45.0000 1802.0338   23.7244
    7.5000   30.0000  -45.0000 1790.2476   24.0076
   -7.5000   37.5000  -45.0000 1669.2710   28.2775
    0.0000   37.5000  -45.0000 1681.1284   28.0091
    7.5000   37.5000  -45.0000 1662.7758   28.4720
   -7.5000   45.0000  -45.0000 1540.5297   34.5694
    0.0000   45.0000  -45.0000 1555.8765   34.3477
    7.5000   45.0000  -45.0000 1536.5162   34.9446
   -7.5000  -45.0000  -37.5000 2453.1489   13.2459
    0.0000  -45.0000  -37.5000 2464.4951   13.1789
    7.5000  -45.0000  -37.5000 2430.1846   13.4071
   -7.5000  -37.5000  -37.5000 2499.0776   12.7417
    0.0000  -37.5000  -37.5000 2506.7366   12.6727
    7.5000  -37.5000  -37.5000 2469.9331   12.8778
   -7.5000  -30.0000  -37.5000 2512.5190   12.5192
    0.0000  -30.0000  -37.5000 2522.0325   12.4455
    7.5000  -30.0000  -37.5000 2487.9351   12.6284
   -7.5000  -22.5000  -37.5000 2506.4128   12.5353
    0.0000  -22.5000  -37.5000 2518.3943   12.4746
    7.5000  -22.5000  -37.5000 2484.4431   12.6267
   -7.5000  -15.0000  -37.5000 2466.7983   12.7796
    0.0000  -15.0000  -37.5000 2481.4644   12.7266
    7.5000  -15.0000  -37.5000 2450.7910   12.8698
   -7.5000   -7.5000  -37.5000 2407.9387   13.2361
    0.0000   -7.5000  -37.5000 2424.8276   13.1819
    7.5000   -7.5000  -37.5000 2394.9250   13.3058
   -7.5000    0.0000  -37.5000 2328.4128   13.9692
    0.0000    0.0000  -37.5000 2343.4177   13.9420
    7.5000    0.0000  -37.5000 2312.2148   14.0592
   -7.5000    7.5000  -37.5000 2233.1460   15.1090
    0.0000    7.5000  -37.5000 2247.2131   15.1048
    7.5000    7.5000  -37.5000 2217.6768   15.2002
   -7.5000   15.0000  -37.5000 2118.9126   16.7100
    0.0000   15.0000  -37.5000 2125.8054   16.7008
    7.5000   15.0000  -37.5000 2099.8774   16.8193
   -7.5000   22.5000  -37.5000 1993.8506   18.9207
    0.0000   22.5000  -37.5000 2005.1405   18.9266
    7.5000   22.5000  -37.5000 1979.3235   19.0568
   -7.5000   30.0000  -37.5000 1865.8474   21.9107
    0.0000   30.0000  -37.5000 1871.5442   21.8498
    7.5000   30.0000  -37.5000 1858.8251   22.0632
   -7.5000   37.5000  -37.5000 1738.2166   25.8717
    0.0000   37.5000  -37.5000 1741.8062   25.7143
    7.5000   37.5000  -37.5000 1727.4352   26.1041
   -7.5000   45.0000  -37.5000 1598.2889   31.3913
    0.0000   45.0000  -37.5000 1611.8295   31.1325
    7.5000   45.0000  -37.5000 1600.2419   31.6902
   -7.5000  -45.0000  -30.0000 2568.8762   12.8566
    0.0000  -45.0000  -30.0000 2578.3230   12.7815
    7.5000  -45.0000  -30.0000 2549.9197   13.0228
   -7.5000  -37.5000  -30.0000 2621.9077   12.3273
    0.0000  -37.5000  -30.0000 2629.3362   12.2493
    7.5000  -37.5000  -30.0000 2599.7322   12.4988
   -7.5000  -30.0000  -30.0000 2640.8911   12.0665
    0.0000  -30.0000  -30.0000 2651.5273   12.0008
    7.5000  -30.0000  -30.0000 2622.8149   12.2228
   -7.5000  -22.5000  -30.0000 2637.9973   12.0640
    0.0000  -22.5000  -30.0000 2651.9226   11.9866
    7.5000  -22.5000  -30.0000 2623.9102   12.1917
   -7.5000  -15.0000  -30.0000 2602.6233   12.2828
    0.0000  -15.0000  -30.0000 2614.8596   12.1975
    7.5000  -15.0000  -30.0000 2592.4807   12.3984
   -7.5000   -7.5000  -30.0000 2545.4216   12.6927
    0.0000   -7.5000  -30.0000 2558.4546   12.6048
    7.5000   -7.5000  -30.0000 2533.0046   12.8089
   -7.5000    0.0000  -30.0000 2458.9558   13.3794
    0.0000    0.0000  -30.0000 2472.6777   13.3143
    7.5000    0.0000  -30.0000 2449.8167   13.4961
   -7.5000    7.5000  -30.0000 2356.5425   14.4365
    0.0000    7.5000  -30.0000 2370.3838   14.4087
    7.5000    7.5000  -30.0000 2347.8071   14.5616
   -7.5000   15.0000  -30.0000 2229.8970   15.9516
    0.0000   15.0000  -30.0000 2246.8325   15.9247
    7.5000   15.0000  -30.0000 2220.2593   16.0667
   -7.5000   22.5000  -30.0000 2098.4067   18.0091
    0.0000   22.5000  -30.0000 2111.0950   18.0216
    7.5000   22.5000  -30.0000 2092.5996   18.1410
   -7.5000   30.0000  -30.0000 1962.5997   20.8338
    0.0000   30.0000  -30.0000 1974.1556   20.8282
    7.5000   30.0000  -30.0000 1958.4376   20.9770
   -7.5000   37.5000  -30.0000 1821.3630   24.5510
    0.0000   37.5000  -30.0000 1829.3844   24.4942
    7.5000   37.5000  -30.0000 1815.8521   24.7293
   -7.5000   45.0000  -30.0000 1682.3610   29.7021
    0.0000   45.0000  -30.0000 1692.8673   29.5248
    7.5000   45.0000  -30.0000 1685.4955   29.8788
   -7.5000  -45.0000  -22.5000 2654.8328   12.4427
    0.0000  -45.0000  -22.5000 2667.2319   12.3678
    7.5000  -45.0000  -22.5000 2644.6829   12.5991
   -7.5000  -37.5000  -22.5000 2711.9795   11.8775
    0.0000  -37.5000  -22.5000 2726.3738   11.7988
    7.5000  -37.5000  -22.5000 2698.6519   12.0407
   -7.5000  -30.0000  -22.5000 2735.2483   11.5657
    0.0000  -30.0000  -22.5000 2745.6772   11.5041
    7.5000  -30.0000  -22.5000 2719.9172   11.7379
   -7.5000  -22.5000  -22.5000 2738.5715   11.5574
    0.0000  -22.5000  -22.5000 2754.4385   11.4894
    7.5000  -22.5000  -22.5000 2727.7659   11.6895
   -7.5000  -15.0000  -22.5000 2705.1050   11.7554
    0.0000  -15.0000  -22.5000 2721.1218   11.6645
    7.5000  -15.0000  -22.5000 2700.3770   11.8630
   -7.5000   -7.5000  -22.5000 2645.6445   12.1433
    0.0000   -7.5000  -22.5000 2666.0254   12.0403
    7.5000   -7.5000  -22.5000 2643.5911   12.2538
   -7.5000    0.0000  -22.5000 2557.1877   12.7911
    0.0000    0.0000  -22.5000 2572.7969   12.7029
    7.5000    0.0000  -22.5000 2553.6501   12.8989
   -7.5000    7.5000  -22.5000 2450.4648   13.7828
    0.0000    7.5000  -22.5000 2463.1492   13.7147
    7.5000    7.5000  -22.5000 2444.0354   13.9114
   -7.5000   15.0000  -22.5000 2319.1182   15.2007
    0.0000   15.0000  -22.5000 2335.7693   15.1511
    7.5000   15.0000  -22.5000 2315.7219   15.3061
   -7.5000   22.5000  -22.5000 2179.3064   17.1157
    0.0000   22.5000  -22.5000 2196.5134   17.0977
    7.5000   22.5000  -22.5000 2178.3567   17.2460
   -7.5000   30.0000  -22.5000 2036.0608   19.8166
    0.0000   30.0000  -22.5000 2053.7544   19.7694
    7.5000   30.0000  -22.5000 2030.7590   19.9111
   -7.5000   37.5000  -22.5000 1881.5729   23.2406
    0.0000   37.5000  -22.5000 1897.0531   23.1610
    7.5000   37.5000  -22.5000 1877.5244   23.4270
   -7.5000   45.0000  -22.5000 1741.1934   28.0295
    0.0000   45.0000  -22.5000 1755.2394   27.8983
    7.5000   45.0000  -22.5000 1741.8278   28.1684
   -7.5000  -45.0000  -15.0000 2710.3232   12.0468
    0.0000  -45.0000  -15.0000 2728.0205   11.9852
    7.5000  -45.0000  -15.0000 2703.8369   12.1843
   -7.5000  -37.5000  -15.0000 2768.5769   11.4795
    0.0000  -37.5000  -15.0000 2788.2356   11.3867
    7.5000  -37.5000  -15.0000 2761.3943   11.6334
   -7.5000  -30.0000  -15.0000 2798.0879   11.1392
    0.0000  -30.0000  -15.0000 2814.4207   11.0492
    7.5000  -30.0000  -15.0000 2784.8679   11.3048
   -7.5000  -22.5000  -15.0000 2807.8591   11.1051
    0.0000  -22.5000  -15.0000 2823.8420   11.0228
    7.5000  -22.5000  -15.0000 2795.2966   11.2482
   -7.5000  -15.0000  -15.0000 2774.9956   11.2823
    0.0000  -15.0000  -15.0000 2796.4727   11.1995
    7.5000  -15.0000  -15.0000 2771.3250   11.4221
   -7.5000   -7.5000  -15.0000 2711.1506   11.6540
    0.0000   -7.5000  -15.0000 2735.4656   11.5612
    7.5000   -7.5000  -15.0000 2713.5559   11.7891
   -7.5000    0.0000  -15.0000 2624.1997   12.2597
    0.0000    0.0000  -15.0000 2645.1177   12.1794
    7.5000    0.0000  -15.0000 2624.4312   12.3894
   -7.5000    7.5000  -15.0000 2517.3274   13.2175
    0.0000    7.5000  -15.0000 2535.4404   13.1392
    7.5000    7.5000  -15.0000 2513.4854   13.3523
   -7.5000   15.0000  -15.0000 2387.3337   14.5638
    0.0000   15.0000  -15.0000 2403.0974   14.4811
    7.5000   15.0000  -15.0000 2380.4141   14.6677
   -7.5000   22.5000  -15.0000 2243.0171   16.3857
    0.0000   22.5000  -15.0000 2261.1023   16.3109
    7.5000   22.5000  -15.0000 2239.5320   16.4848
   -7.5000   30.0000  -15.0000 2093.7732   18.8485
    0.0000   30.0000  -15.0000 2110.7869   18.7990
    7.5000   30.0000  -15.0000 2083.3345   18.9875
   -7.5000   37.5000  -15.0000 1933.2974   22.0153
    0.0000   37.5000  -15.0000 1944.4567   21.9720
    7.5000   37.5000  -15.0000 1927.7488   22.2303
   -7.5000   45.0000  -15.0000 1782.4791   26.4947
    0.0000   45.0000  -15.0000 1796.2596   26.3884
    7.5000   45.0000  -15.0000 1778.2971   26.6832
   -7.5000  -45.0000   -7.5000 2742.7166   11.7632
    0.0000  -45.0000   -7.5000 2759.5803   11.7089
    7.5000  -45.0000   -7.5000 2733.3792   11.7947
   -7.5000  -37.5000   -7.5000 2802.6348   11.2095
    0.0000  -37.5000   -7.5000 2827.9119   11.1360
    7.5000  -37.5000   -7.5000 2796.1077   11.2897
   -7.5000  -30.0000   -7.5000 2841.0066   10.8157
    0.0000  -30.0000   -7.5000 2861.3140   10.7521
    7.5000  -30.0000   -7.5000 2827.7812   10.9631
   -7.5000  -22.5000   -7.5000 2858.9424   10.7128
    0.0000  -22.5000   -7.5000 2876.6985   10.6355
    7.5000  -22.5000   -7.5000 2840.5105   10.8906
   -7.5000  -15.0000   -7.5000 2826.7300   10.8963
    0.0000  -15.0000   -7.5000 2849.4758   10.8095
    7.5000  -15.0000   -7.5000 2815.1848   11.0199
   -7.5000   -7.5000   -7.5000 2766.6318   11.2631
    0.0000   -7.5000   -7.5000 2789.9485   11.1685
    7.5000   -7.5000   -7.5000 2760.8157   11.3614
   -7.5000    0.0000   -7.5000 2679.8101   11.8301
    0.0000    0.0000   -7.5000 2698.9292   11.7297
    7.5000    0.0000   -7.5000 2673.7517   11.9240
   -7.5000    7.5000   -7.5000 2568.8357   12.7844
    0.0000    7.5000   -7.5000 2585.5457   12.6649
    7.5000    7.5000   -7.5000 2560.6458   12.8626
   -7.5000   15.0000   -7.5000 2436.8032   14.0843
    0.0000   15.0000   -7.5000 2455.3459   13.9563
    7.5000   15.0000   -7.5000 2427.2051   14.1530
   -7.5000   22.5000   -7.5000 2293.7349   15.8275
    0.0000   22.5000   -7.5000 2311.9023   15.7302
    7.5000   22.5000   -7.5000 2284.9321   15.9005
   -7.5000   30.0000   -7.5000 2132.6196   18.1232
    0.0000   30.0000   -7.5000 2152.4304   18.0167
    7.5000   30.0000   -7.5000 2123.4458   18.2222
   -7.5000   37.5000   -7.5000 1962.3129   21.0567
    0.0000   37.5000   -7.5000 1975.3861   20.9297
    7.5000   37.5000   -7.5000 1961.2157   21.1913
   -7.5000   45.0000   -7.5000 1807.8553   25.1522
    0.0000   45.0000   -7.5000 1826.8743   25.0313
    7.5000   45.0000   -7.5000 1802.5192   25.3463
   -7.5000  -45.0000    0.0000 2754.6421   11.6107
    0.0000  -45.0000    0.0000 2772.8079   11.5888
    7.5000  -45.0000    0.0000 2747.2561   11.5197
   -7.5000  -37.5000    0.0000 2825.3506   11.1377
    0.0000  -37.5000    0.0000 2857.0571   11.1385
    7.5000  -37.5000    0.0000 2821.8450   11.0376
   -7.5000  -30.0000    0.0000 2876.1577   10.7940
    0.0000  -30.0000    0.0000 2903.2148   10.7489
    7.5000  -30.0000    0.0000 2864.8674   10.7638
   -7.5000  -22.5000    0.0000 2894.0969   10.6126
    0.0000  -22.5000    0.0000 2912.6335   10.5345
    7.5000  -22.5000    0.0000 2872.0393   10.6447
   -7.5000  -15.0000    0.0000 2864.2996   10.7187
    0.0000  -15.0000    0.0000 2885.7869   10.6127
    7.5000  -15.0000    0.0000 2846.8074   10.7288
   -7.5000   -7.5000    0.0000 2804.2988   11.0273
    0.0000   -7.5000    0.0000 2827.1326   10.9215
    7.5000   -7.5000    0.0000 2790.1868   11.0305
   -7.5000    0.0000    0.0000 2714.7310   11.5625
    0.0000    0.0000    0.0000 2734.6594   11.4479
    7.5000    0.0000    0.0000 2703.0696   11.5716
   -7.5000    7.5000    0.0000 2602.8079   12.4524
    0.0000    7.5000    0.0000 2620.5940   12.3438
    7.5000    7.5000    0.0000 2590.5237   12.4832
   -7.5000   15.0000    0.0000 2463.6167   13.7690
    0.0000   15.0000    0.0000 2484.5386   13.6806
    7.5000   15.0000    0.0000 2455.5823   13.7846
   -7.5000   22.5000    0.0000 2319.4321   15.4577
    0.0000   22.5000    0.0000 2341.9822   15.3922
    7.5000   22.5000    0.0000 2312.1680   15.4972
   -7.5000   30.0000    0.0000 2155.4270   17.6380
    0.0000   30.0000    0.0000 2174.2871   17.5864
    7.5000   30.0000    0.0000 2151.5251   17.6824
   -7.5000   37.5000    0.0000 1982.4508   20.4616
    0.0000   37.5000    0.0000 1995.0916   20.3738
    7.5000   37.5000    0.0000 1982.0750   20.4935
   -7.5000   45.0000    0.0000 1821.9708   24.3126
    0.0000   45.0000    0.0000 1839.1965   24.1120
    7.5000   45.0000    0.0000 1820.5278   24.4582
   -7.5000  -45.0000    7.5000 2756.2163   11.5772
    0.0000  -45.0000    7.5000 2771.4836   11.5705
    7.5000  -45.0000    7.5000 2742.6116   11.3850
   -7.5000  -37.5000    7.5000 2848.4351   11.1056
    0.0000  -37.5000    7.5000 2874.0774   11.1285
    7.5000  -37.5000    7.5000 2834.5337   10.8965
   -7.5000  -30.0000    7.5000 2903.2356   10.8440
    0.0000  -30.0000    7.5000 2938.8867   10.8818
    7.5000  -30.0000    7.5000 2881.0835   10.6648
   -7.5000  -22.5000    7.5000 2917.4351   10.7101
    0.0000  -22.5000    7.5000 2944.0173   10.7071
    7.5000  -22.5000    7.5000 2888.6245   10.6101
   -7.5000  -15.0000    7.5000 2886.0791   10.7559
    0.0000  -15.0000    7.5000 2908.9338   10.7072
    7.5000  -15.0000    7.5000 2859.6345   10.6780
   -7.5000   -7.5000    7.5000 2822.2764   10.9777
    0.0000   -7.5000    7.5000 2843.0273   10.8969
    7.5000   -7.5000    7.5000 2801.0977   10.9388
   -7.5000    0.0000    7.5000 2727.4824   11.4748
    0.0000    0.0000    7.5000 2744.6699   11.3737
    7.5000    0.0000    7.5000 2714.1218   11.4819
   -7.5000    7.5000    7.5000 2613.3359   12.3018
    0.0000    7.5000    7.5000 2626.6724   12.2122
    7.5000    7.5000    7.5000 2600.4971   12.3545
   -7.5000   15.0000    7.5000 2475.8606   13.5617
    0.0000   15.0000    7.5000 2494.8792   13.4662
    7.5000   15.0000    7.5000 2468.6404   13.6154
   -7.5000   22.5000    7.5000 2334.4248   15.2209
    0.0000   22.5000    7.5000 2351.3823   15.1563
    7.5000   22.5000    7.5000 2328.5667   15.3011
   -7.5000   30.0000    7.5000 2168.6819   17.3352
    0.0000   30.0000    7.5000 2184.9373   17.3284
    7.5000   30.0000    7.5000 2164.5430   17.4134
   -7.5000   37.5000    7.5000 1993.6471   20.1140
    0.0000   37.5000    7.5000 2008.0903   20.0535
    7.5000   37.5000    7.5000 1987.0099   20.1460
   -7.5000   45.0000    7.5000 1830.0828   23.8712
    0.0000   45.0000    7.5000 1842.3944   23.7531
    7.5000   45.0000    7.5000 1826.1053   23.9493
   -7.5000  -45.0000   15.0000 2739.4939   11.6533
    0.0000  -45.0000   15.0000 2753.1348   11.6524
    7.5000  -45.0000   15.0000 2723.4360   11.4840
   -7.5000  -37.5000   15.0000 2847.3330   11.1165
    0.0000  -37.5000   15.0000 2869.3396   11.1540
    7.5000  -37.5000   15.0000 2824.1946   10.9668
   -7.5000  -30.0000   15.0000 2908.1909   10.8589
    0.0000  -30.0000   15.0000 2944.9558   10.9142
    7.5000  -30.0000   15.0000 2881.1060   10.7213
   -7.5000  -22.5000   15.0000 2921.7405   10.7521
    0.0000  -22.5000   15.0000 2954.1047   10.7357
    7.5000  -22.5000   15.0000 2889.7869   10.6495
   -7.5000  -15.0000   15.0000 2884.7600   10.8016
    0.0000  -15.0000   15.0000 2904.9963   10.7460
    7.5000  -15.0000   15.0000 2857.2039   10.7708
   -7.5000   -7.5000   15.0000 2820.2534   11.0645
    0.0000   -7.5000   15.0000 2840.1514   11.0105
    7.5000   -7.5000   15.0000 2795.7410   11.0855
   -7.5000    0.0000   15.0000 2717.8225   11.6174
    0.0000    0.0000   15.0000 2734.2458   11.5554
    7.5000    0.0000   15.0000 2702.1826   11.6580
   -7.5000    7.5000   15.0000 2600.2488   12.4406
    0.0000    7.5000   15.0000 2610.5474   12.3614
    7.5000    7.5000   15.0000 2591.8962   12.4724
   -7.5000   15.0000   15.0000 2465.1682   13.6179
    0.0000   15.0000   15.0000 2479.5554   13.5096
    7.5000   15.0000   15.0000 2461.2588   13.6451
   -7.5000   22.5000   15.0000 2324.6670   15.1555
    0.0000   22.5000   15.0000 2339.0996   15.0650
    7.5000   22.5000   15.0000 2319.7810   15.2279
   -7.5000   30.0000   15.0000 2166.6040   17.2449
    0.0000   30.0000   15.0000 2175.9204   17.1806
    7.5000   30.0000   15.0000 2157.2598   17.3261
   -7.5000   37.5000   15.0000 1993.0808   20.0250
    0.0000   37.5000   15.0000 2008.5450   19.9803
    7.5000   37.5000   15.0000 1989.5695   20.0994
   -7.5000   45.0000   15.0000 1826.7703   23.7988
    0.0000   45.0000   15.0000 1839.6351   23.7122
    7.5000   45.0000   15.0000 1820.5063   23.8636
   -7.5000  -45.0000   22.5000 2713.7441   11.8516
    0.0000  -45.0000   22.5000 2727.2493   11.8138
    7.5000  -45.0000   22.5000 2699.1074   11.7439
   -7.5000  -37.5000   22.5000 2828.3604   11.2704
    0.0000  -37.5000   22.5000 2847.3450   11.2950
    7.5000  -37.5000   22.5000 2809.1243   11.1830
   -7.5000  -30.0000   22.5000 2892.1504   10.9382
    0.0000  -30.0000   22.5000 2924.6433   10.9880
    7.5000  -30.0000   22.5000 2867.5129   10.9025
   -7.5000  -22.5000   22.5000 2907.7095   10.7801
    0.0000  -22.5000   22.5000 2934.3516   10.7257
    7.5000  -22.5000   22.5000 2879.1787   10.8058
   -7.5000  -15.0000   22.5000 2873.6997   10.8633
    0.0000  -15.0000   22.5000 2888.1248   10.7935
    7.5000  -15.0000   22.5000 2846.5706   10.9282
   -7.5000   -7.5000   22.5000 2808.5576   11.2014
    0.0000   -7.5000   22.5000 2824.1213   11.1536
    7.5000   -7.5000   22.5000 2788.5166   11.2820
   -7.5000    0.0000   22.5000 2700.1675   11.8629
    0.0000    0.0000   22.5000 2714.6084   11.7789
    7.5000    0.0000   22.5000 2687.5056   11.9075
   -7.5000    7.5000   22.5000 2575.0525   12.7314
    0.0000    7.5000   22.5000 2587.7583   12.6430
    7.5000    7.5000   22.5000 2569.4734   12.7637
   -7.5000   15.0000   22.5000 2442.4316   13.8783
    0.0000   15.0000   22.5000 2456.1831   13.7902
    7.5000   15.0000   22.5000 2438.7957   13.9154
   -7.5000   22.5000   22.5000 2298.9834   15.3912
    0.0000   22.5000   22.5000 2311.8320   15.3147
    7.5000   22.5000   22.5000 2294.5095   15.4359
   -7.5000   30.0000   22.5000 2142.6787   17.4046
    0.0000   30.0000   22.5000 2153.1724   17.3387
    7.5000   30.0000   22.5000 2135.1125   17.4605
   -7.5000   37.5000   22.5000 1974.7949   20.1308
    0.0000   37.5000   22.5000 1992.1447   20.0756
    7.5000   37.5000   22.5000 1971.6024   20.2210
   -7.5000   45.0000   22.5000 1811.0635   23.8496
    0.0000   45.0000   22.5000 1823.4592   23.7824
    7.5000   45.0000   22.5000 1811.8169   23.9956
   -7.5000  -45.0000   30.0000 2668.2207   12.2016
    0.0000  -45.0000   30.0000 2684.8411   12.1494
    7.5000  -45.0000   30.0000 2660.2842   12.1669
   -7.5000  -37.5000   30.0000 2781.2700   11.6119
    0.0000  -37.5000   30.0000 2801.8381   11.6143
    7.5000  -37.5000   30.0000 2769.2917   11.5978
   -7.5000  -30.0000   30.0000 2844.0593   11.2559
    0.0000  -30.0000   30.0000 2873.7673   11.2137
    7.5000  -30.0000   30.0000 2827.4585   11.2822
   -7.5000  -22.5000   30.0000 2866.6162   11.0907
    0.0000  -22.5000   30.0000 2887.4177   10.9784
    7.5000  -22.5000   30.0000 2842.2388   11.1396
   -7.5000  -15.0000   30.0000 2836.5005   11.1914
    0.0000  -15.0000   30.0000 2851.7778   11.1245
    7.5000  -15.0000   30.0000 2813.2996   11.2594
   -7.5000   -7.5000   30.0000 2769.2595   11.5697
    0.0000   -7.5000   30.0000 2788.3435   11.4881
    7.5000   -7.5000   30.0000 2755.6411   11.6303
   -7.5000    0.0000   30.0000 2672.1807   12.1732
    0.0000    0.0000   30.0000 2684.6360   12.0766
    7.5000    0.0000   30.0000 2659.7385   12.2100
   -7.5000    7.5000   30.0000 2544.9700   13.0638
    0.0000    7.5000   30.0000 2556.8711   12.9918
    7.5000    7.5000   30.0000 2537.1172   13.0912
   -7.5000   15.0000   30.0000 2407.2905   14.2514
    0.0000   15.0000   30.0000 2422.0569   14.1567
    7.5000   15.0000   30.0000 2402.0251   14.2759
   -7.5000   22.5000   30.0000 2259.1575   15.7446
    0.0000   22.5000   30.0000 2277.2585   15.6537
    7.5000   22.5000   30.0000 2261.1838   15.7558
   -7.5000   30.0000   30.0000 2099.8918   17.7447
    0.0000   30.0000   30.0000 2113.8999   17.6705
    7.5000   30.0000   30.0000 2099.9487   17.7796
   -7.5000   37.5000   30.0000 1940.2179   20.4827
    0.0000   37.5000   30.0000 1958.1514   20.3804
    7.5000   37.5000   30.0000 1941.1768   20.4910
   -7.5000   45.0000   30.0000 1791.8065   24.1829
    0.0000   45.0000   30.0000 1803.3082   24.0203
    7.5000   45.0000   30.0000 1792.6448   24.2311
   -7.5000  -45.0000   37.5000 2613.3306   12.7343
    0.0000  -45.0000   37.5000 2630.6482   12.6562
    7.5000  -45.0000   37.5000 2612.3848   12.7636
   -7.5000  -37.5000   37.5000 2718.7700   12.1151
    0.0000  -37.5000   37.5000 2736.7673   12.0862
    7.5000  -37.5000   37.5000 2713.8044   12.1706
   -7.5000  -30.0000   37.5000 2780.0889   11.7392
    0.0000  -30.0000   37.5000 2800.9280   11.6132
    7.5000  -30.0000   37.5000 2769.3413   11.8014
   -7.5000  -22.5000   37.5000 2799.6575   11.5794
    0.0000  -22.5000   37.5000 2817.7605   11.4597
    7.5000  -22.5000   37.5000 2790.7083   11.6287
   -7.5000  -15.0000   37.5000 2769.1565   11.6984
    0.0000  -15.0000   37.5000 2787.0012   11.6137
    7.5000  -15.0000   37.5000 2764.1846   11.7554
   -7.5000   -7.5000   37.5000 2709.0439   12.0580
    0.0000   -7.5000   37.5000 2725.0725   11.9611
    7.5000   -7.5000   37.5000 2702.0076   12.1071
   -7.5000    0.0000   37.5000 2624.4878   12.6219
    0.0000    0.0000   37.5000 2634.3320   12.5211
    7.5000    0.0000   37.5000 2612.2759   12.6464
   -7.5000    7.5000   37.5000 2511.3933   13.4934
    0.0000    7.5000   37.5000 2521.0552   13.4167
    7.5000    7.5000   37.5000 2497.5278   13.5405
   -7.5000   15.0000   37.5000 2366.7866   14.7176
    0.0000   15.0000   37.5000 2383.1257   14.6226
    7.5000   15.0000   37.5000 2367.1765   14.7173
   -7.5000   22.5000   37.5000 2217.6682   16.2458
    0.0000   22.5000   37.5000 2235.8169   16.1182
    7.5000   22.5000   37.5000 2224.7014   16.2083
   -7.5000   30.0000   37.5000 2057.6348   18.1925
    0.0000   30.0000   37.5000 2073.9048   18.1002
    7.5000   30.0000   37.5000 2058.2527   18.2081
   -7.5000   37.5000   37.5000 1909.9208   20.8551
    0.0000   37.5000   37.5000 1921.2260   20.8131
    7.5000   37.5000   37.5000 1902.5995   20.9333
   -7.5000   45.0000   37.5000 1763.3730   24.6134
    0.0000   45.0000   37.5000 1775.9213   24.4300
    7.5000   45.0000   37.5000 1759.6871   24.7102
   -7.5000  -45.0000   45.0000 2550.5825   13.4082
    0.0000  -45.0000   45.0000 2565.8784   13.3261
    7.5000  -45.0000   45.0000 2554.6931   13.5102
   -7.5000  -37.5000   45.0000 2648.0381   12.7787
    0.0000  -37.5000   45.0000 2666.0632   12.6506
    7.5000  -37.5000   45.0000 2648.0601   12.8724
   -7.5000  -30.0000   45.0000 2703.9365   12.3732
    0.0000  -30.0000   45.0000 2717.8774   12.2215
    7.5000  -30.0000   45.0000 2697.4404   12.4432
   -7.5000  -22.5000   45.0000 2713.3525   12.2394
    0.0000  -22.5000   45.0000 2726.0896   12.1145
    7.5000  -22.5000   45.0000 2708.9832   12.3007
   -7.5000  -15.0000   45.0000 2683.5911   12.3747
    0.0000  -15.0000   45.0000 2698.5444   12.2598
    7.5000  -15.0000   45.0000 2682.9558   12.4135
   -7.5000   -7.5000   45.0000 2631.1042   12.6916
    0.0000   -7.5000   45.0000 2645.9580   12.5753
    7.5000   -7.5000   45.0000 2626.5378   12.7217
   -7.5000    0.0000   45.0000 2557.2844   13.2333
    0.0000    0.0000   45.0000 2568.4561   13.0981
    7.5000    0.0000   45.0000 2549.0610   13.2622
   -7.5000    7.5000   45.0000 2453.7478   14.0582
    0.0000    7.5000   45.0000 2464.3174   13.9613
    7.5000    7.5000   45.0000 2441.3618   14.1202
   -7.5000   15.0000   45.0000 2318.2830   15.2829
    0.0000   15.0000   45.0000 2331.7776   15.2013
    7.5000   15.0000   45.0000 2316.0037   15.3109
   -7.5000   22.5000   45.0000 2172.6467   16.8425
    0.0000   22.5000   45.0000 2189.8057   16.7563
    7.5000   22.5000   45.0000 2170.1658   16.8634
   -7.5000   30.0000   45.0000 2015.2471   18.8429
    0.0000   30.0000   45.0000 2030.7441   18.7891
    7.5000   30.0000   45.0000 2008.1053   18.8949
   -7.5000   37.5000   45.0000 1868.4010   21.5346
    0.0000   37.5000   45.0000 1881.0889   21.4024
    7.5000   37.5000   45.0000 1865.7543   21.6003
   -7.5000   45.0000   45.0000 1727.0032   25.3179
    0.0000   45.0000   45.0000 1739.2930   25.0983
    7.5000   45.0000   45.0000 1726.1803   25.3824

---------------------------------------------------------------------
imgreg_4dfp /opt/freesurfer/average/711-2C_as_mni_average_305 /opt/freesurfer/average/711-2B_as_mni_average_305_mask talsrcimg_g11 none talsrcimg_to_711-2C_as_mni_average_305_t4 1283
---------------------------------------------------------------------

freesurfer imgreg_4dfp.c
/opt/freesurfer/average/711-2C_as_mni_average_305.4dfp.img
       256       256       256         1
  1.000000  1.000000  1.000000
orientation T byte_order littleendian
Reading image: /opt/freesurfer/average/711-2C_as_mni_average_305.4dfp.img
dimensions:      256       256       256
mmppix:       1.0000   -1.0000   -1.0000
center:     128.0000 -129.0000 -129.0000
/opt/freesurfer/average/711-2B_as_mni_average_305_mask.4dfp.img
       256       256       256         1
  1.000000  1.000000  1.000000
orientation T byte_order littleendian
Reading mask: /opt/freesurfer/average/711-2B_as_mni_average_305_mask.4dfp.img (2306576 pixels)
talsrcimg_g11.4dfp.img
       256       256       256         1
  1.000000  1.000000  1.000000
orientation T byte_order littleendian
Reading image: talsrcimg_g11.4dfp.img
dimensions:      256       256       256
mmppix:       1.0000   -1.0000   -1.0000
center:     128.0000 -129.0000 -129.0000
rotation matrix determinant  1.000000
fimgreg.f
image alignment mode   1283 decimal      503 hex
parameters
    0.0000  -22.5000   15.0000    0.0000    0.0000    0.0000
eta,q 0.92731 10.71186
niter,ni,del,rscale     5    3   12.0000    1.2000
parameter  4  1.561026 ->  0.500000 qaram    1.1500
parameters
   -0.7482  -25.2122   14.1188   -3.4500   -1.4009   -0.8160
eta,q 0.93524 10.68176
  0.0781  0.0723  0.0720  0.0628  0.0674  0.0676
  0.0752  0.0691  0.0713  0.0644  0.0651  0.0660
  0.0721  0.0680  0.0693  0.0661  0.0648  0.0650
  0.0701  0.0703  0.0681  0.0683  0.0648  0.0648
  0.0717  0.0752  0.0695  0.0717  0.0658  0.0656
  0.0776  0.0798  0.0726  0.0760  0.0684  0.0672
  0.0853  0.0840  0.0761  0.0797  0.0720  0.0700
niter,ni,del,rscale     5    3   12.0000    1.2000
parameter  4  1.262132 ->  0.500000 qaram    1.3225
parameters
   -0.5808  -25.3837   14.2537   -7.4175   -1.3461   -0.3662
eta,q 0.93915 10.73236
  0.0787  0.0753  0.0682  0.0595  0.0662  0.0657
  0.0722  0.0679  0.0672  0.0602  0.0625  0.0634
  0.0679  0.0639  0.0657  0.0626  0.0608  0.0615
  0.0648  0.0645  0.0643  0.0643  0.0608  0.0608
  0.0643  0.0676  0.0638  0.0662  0.0612  0.0614
  0.0700  0.0710  0.0657  0.0699  0.0624  0.0625
  0.0789  0.0738  0.0693  0.0746  0.0658  0.0644
niter,ni,del,rscale     5    3   12.0000    1.2000
parameter  4  1.004175 ->  0.500000 qaram    1.5209
parameters
   -0.6960  -24.4244   13.3187  -11.9801   -0.7998   -1.9918
eta,q 0.94251 10.82393
  0.0742  0.0750  0.0652  0.0593  0.0650  0.0603
  0.0676  0.0668  0.0632  0.0584  0.0615  0.0583
  0.0633  0.0624  0.0619  0.0587  0.0595  0.0575
  0.0609  0.0609  0.0613  0.0614  0.0583  0.0582
  0.0620  0.0622  0.0623  0.0649  0.0582  0.0597
  0.0677  0.0643  0.0652  0.0672  0.0601  0.0618
  0.0762  0.0669  0.0695  0.0694  0.0631  0.0648
niter,ni,del,rscale     5    3   12.0000    1.2000
parameters
   -1.0004  -23.0537   12.4776  -15.9722    0.9099   -2.2604
eta,q 0.94435 10.95348
  0.0702  0.0729  0.0617  0.0587  0.0643  0.0602
  0.0638  0.0656  0.0589  0.0574  0.0597  0.0580
  0.0594  0.0603  0.0572  0.0562  0.0577  0.0562
  0.0575  0.0575  0.0575  0.0572  0.0561  0.0557
  0.0594  0.0578  0.0590  0.0609  0.0557  0.0567
  0.0653  0.0598  0.0610  0.0661  0.0562  0.0587
  0.0738  0.0630  0.0647  0.0704  0.0582  0.0609
niter,ni,del,rscale     4    3   12.0000    1.2000
parameters
   -2.2954  -21.4887   11.4262  -18.2681    2.0534   -3.6456
eta,q 0.94645 10.91762
  0.0652  0.0714  0.0586  0.0587  0.0629  0.0559
  0.0577  0.0646  0.0558  0.0552  0.0583  0.0544
  0.0545  0.0585  0.0544  0.0541  0.0555  0.0537
  0.0556  0.0545  0.0544  0.0542  0.0538  0.0535
  0.0605  0.0547  0.0561  0.0572  0.0536  0.0547
  0.0682  0.0570  0.0589  0.0610  0.0549  0.0571
  0.0766  0.0603  0.0629  0.0661  0.0580  0.0598
niter,ni,del,rscale     3    3   12.0000    1.2000
parameters
   -2.4179  -20.8764   10.2673  -18.8914    1.8905   -3.8329
eta,q 0.94695 10.89671
  0.0700  0.0656  0.0589  0.0623  0.0596  0.0570
  0.0605  0.0584  0.0549  0.0567  0.0557  0.0546
  0.0556  0.0544  0.0533  0.0529  0.0539  0.0535
  0.0536  0.0536  0.0537  0.0532  0.0530  0.0530
  0.0556  0.0542  0.0560  0.0555  0.0534  0.0532
  0.0622  0.0563  0.0599  0.0591  0.0561  0.0551
  0.0710  0.0608  0.0637  0.0641  0.0607  0.0576
niter,ni,del,rscale     2    3   12.0000    1.2000
parameters
   -2.3695  -20.8963   10.0116  -19.0883    1.8329   -3.8759
eta,q 0.94706 10.90080
  0.0705  0.0630  0.0614  0.0634  0.0599  0.0572
  0.0609  0.0563  0.0565  0.0574  0.0559  0.0547
  0.0555  0.0533  0.0536  0.0532  0.0539  0.0534
  0.0531  0.0530  0.0530  0.0530  0.0529  0.0529
  0.0546  0.0540  0.0545  0.0552  0.0532  0.0531
  0.0610  0.0570  0.0580  0.0586  0.0559  0.0549
  0.0699  0.0625  0.0626  0.0634  0.0606  0.0574
niter,ni,del,rscale     1    3   12.0000    1.2000
parameters
   -2.3455  -20.8807    9.9298  -19.1671    1.8095   -3.8902
eta,q 0.94710 10.90194
  0.0704  0.0633  0.0620  0.0637  0.0600  0.0572
  0.0608  0.0564  0.0570  0.0577  0.0559  0.0547
  0.0553  0.0532  0.0538  0.0533  0.0540  0.0534
  0.0529  0.0529  0.0529  0.0529  0.0529  0.0529
  0.0546  0.0539  0.0542  0.0551  0.0531  0.0531
  0.0611  0.0570  0.0576  0.0586  0.0558  0.0548
  0.0700  0.0625  0.0623  0.0631  0.0605  0.0573
registration optimization eta report
parameter search radius
    6.0000    6.0000    6.0000    9.1253    6.0000    6.0000
100000*second partial in parameter space
       48.       29.       25.       13.       21.       12.
  0.0704  0.0633  0.0620  0.0637  0.0600  0.0572
  0.0608  0.0564  0.0570  0.0577  0.0559  0.0547
  0.0553  0.0532  0.0538  0.0533  0.0540  0.0534
  0.0529  0.0529  0.0529  0.0529  0.0529  0.0529
  0.0546  0.0539  0.0542  0.0551  0.0531  0.0531
  0.0611  0.0570  0.0576  0.0586  0.0558  0.0548
  0.0700  0.0625  0.0623  0.0631  0.0605  0.0573
   -2.3455  -20.8807    9.9298  -19.1671    1.8095   -3.8902
eta,q 0.94710 10.90194

---------------------------------------------------------------------
imgreg_4dfp /opt/freesurfer/average/711-2C_as_mni_average_305 /opt/freesurfer/average/711-2B_as_mni_average_305_mask talsrcimg_g11 none talsrcimg_to_711-2C_as_mni_average_305_t4 3335
---------------------------------------------------------------------

freesurfer imgreg_4dfp.c
/opt/freesurfer/average/711-2C_as_mni_average_305.4dfp.img
       256       256       256         1
  1.000000  1.000000  1.000000
orientation T byte_order littleendian
Reading image: /opt/freesurfer/average/711-2C_as_mni_average_305.4dfp.img
dimensions:      256       256       256
mmppix:       1.0000   -1.0000   -1.0000
center:     128.0000 -129.0000 -129.0000
/opt/freesurfer/average/711-2B_as_mni_average_305_mask.4dfp.img
       256       256       256         1
  1.000000  1.000000  1.000000
orientation T byte_order littleendian
Reading mask: /opt/freesurfer/average/711-2B_as_mni_average_305_mask.4dfp.img (2306576 pixels)
talsrcimg_g11.4dfp.img
       256       256       256         1
  1.000000  1.000000  1.000000
orientation T byte_order littleendian
Reading image: talsrcimg_g11.4dfp.img
dimensions:      256       256       256
mmppix:       1.0000   -1.0000   -1.0000
center:     128.0000 -129.0000 -129.0000
fimgreg.f
image alignment mode   3335 decimal      D07 hex
parameters
   -2.3455  -20.8807    9.9298   -0.2802   -5.8315   -5.5906
    7.4427   -0.7482   -6.7811   32.9591    3.1576  -32.8160
eta,q 0.94705 11.01672
niter,ni,del,rscale     5    3    5.0000    1.2000
parameter  5  3.400183 ->  0.500000 qaram    1.1500
parameter  9 -0.804617 -> -0.500000 qaram    1.1500
parameter 10  0.946438 ->  0.500000 qaram    1.1500
parameters
   -2.1894  -21.2159   10.7271   -3.5169   -9.9715   -8.0872
    7.1891    0.5743   -2.6411   28.8191    2.5870  -34.9789
eta,q 0.95529 10.40921
  0.0569  0.0545  0.0550  0.0529  0.0448  0.0485  0.0496  0.0527  0.0513  0.0445  0.0451  0.0451
  0.0549  0.0534  0.0540  0.0527  0.0472  0.0480  0.0485  0.0505  0.0497  0.0446  0.0449  0.0448
  0.0535  0.0529  0.0533  0.0525  0.0497  0.0478  0.0479  0.0488  0.0485  0.0454  0.0448  0.0447
  0.0529  0.0529  0.0529  0.0527  0.0526  0.0479  0.0478  0.0478  0.0476  0.0468  0.0448  0.0448
  0.0532  0.0534  0.0527  0.0538  0.0558  0.0485  0.0481  0.0476  0.0470  0.0487  0.0448  0.0450
  0.0542  0.0543  0.0529  0.0560  0.0594  0.0496  0.0487  0.0485  0.0467  0.0512  0.0450  0.0454
  0.0560  0.0555  0.0533  0.0590  0.0631  0.0506  0.0497  0.0502  0.0467  0.0542  0.0453  0.0459
niter,ni,del,rscale     7    3    5.0000    1.2000
parameter  5  2.459711 ->  0.500000 qaram    1.3225
parameters
   -2.1100  -21.1053    9.7022   -4.9891  -14.7325   -9.6091
    7.2800    0.1309   -1.4860   27.3294   -0.6394  -35.5452
eta,q 0.96026  9.89835
  0.0478  0.0469  0.0449  0.0451  0.0376  0.0413  0.0420  0.0433  0.0427  0.0422  0.0399  0.0404
  0.0461  0.0457  0.0445  0.0447  0.0394  0.0404  0.0409  0.0414  0.0414  0.0407  0.0398  0.0400
  0.0451  0.0450  0.0445  0.0446  0.0418  0.0400  0.0402  0.0402  0.0404  0.0400  0.0398  0.0398
  0.0447  0.0447  0.0447  0.0445  0.0445  0.0400  0.0399  0.0399  0.0399  0.0399  0.0398  0.0398
  0.0450  0.0449  0.0452  0.0445  0.0476  0.0406  0.0401  0.0406  0.0400  0.0407  0.0400  0.0399
  0.0459  0.0455  0.0459  0.0451  0.0512  0.0417  0.0408  0.0421  0.0405  0.0425  0.0403  0.0402
  0.0474  0.0465  0.0467  0.0466  0.0550  0.0429  0.0419  0.0442  0.0415  0.0451  0.0406  0.0406
niter,ni,del,rscale     7    3    5.0000    1.2000
parameter  5  1.010597 ->  0.500000 qaram    1.5209
parameters
   -2.1507  -21.1993    9.3994   -5.3583  -20.2076   -9.5318
    6.7213    0.1932   -1.7848   28.1164    0.3362  -36.1070
eta,q 0.96338  9.56338
  0.0425  0.0418  0.0406  0.0407  0.0363  0.0388  0.0386  0.0405  0.0390  0.0408  0.0373  0.0374
  0.0410  0.0406  0.0401  0.0401  0.0365  0.0378  0.0375  0.0385  0.0377  0.0389  0.0370  0.0369
  0.0400  0.0399  0.0398  0.0397  0.0377  0.0370  0.0368  0.0372  0.0369  0.0374  0.0368  0.0367
  0.0397  0.0397  0.0397  0.0397  0.0397  0.0367  0.0367  0.0367  0.0367  0.0367  0.0366  0.0366
  0.0401  0.0401  0.0400  0.0398  0.0424  0.0369  0.0372  0.0371  0.0370  0.0368  0.0367  0.0368
  0.0411  0.0409  0.0405  0.0401  0.0458  0.0377  0.0380  0.0385  0.0379  0.0378  0.0368  0.0372
  0.0427  0.0421  0.0412  0.0410  0.0497  0.0387  0.0392  0.0403  0.0393  0.0396  0.0370  0.0377
niter,ni,del,rscale     7    3    5.0000    1.2000
parameters
   -2.2187  -20.9213    9.3283   -6.0407  -24.4701   -9.3037
    6.2236    0.3779   -2.3084   28.6754    0.5885  -36.4129
eta,q 0.96400  9.30475
  0.0394  0.0398  0.0378  0.0374  0.0377  0.0381  0.0379  0.0398  0.0380  0.0395  0.0366  0.0368
  0.0378  0.0381  0.0371  0.0368  0.0366  0.0371  0.0368  0.0379  0.0368  0.0377  0.0363  0.0363
  0.0369  0.0371  0.0367  0.0365  0.0360  0.0364  0.0362  0.0365  0.0361  0.0365  0.0361  0.0360
  0.0366  0.0366  0.0366  0.0366  0.0365  0.0361  0.0361  0.0360  0.0360  0.0360  0.0360  0.0360
  0.0370  0.0367  0.0368  0.0368  0.0384  0.0362  0.0364  0.0364  0.0365  0.0363  0.0361  0.0362
  0.0380  0.0374  0.0372  0.0371  0.0413  0.0369  0.0372  0.0376  0.0373  0.0372  0.0362  0.0365
  0.0397  0.0385  0.0379  0.0378  0.0449  0.0379  0.0384  0.0394  0.0385  0.0387  0.0365  0.0369
niter,ni,del,rscale     6    3    5.0000    1.2000
parameters
   -2.1688  -20.5074    9.0953   -6.6877  -25.7255   -9.7384
    6.0408    0.4891   -2.3909   29.2003    0.3413  -36.1714
eta,q 0.96403  9.18948
  0.0389  0.0390  0.0369  0.0369  0.0388  0.0377  0.0380  0.0396  0.0380  0.0391  0.0365  0.0368
  0.0373  0.0374  0.0363  0.0362  0.0374  0.0368  0.0368  0.0377  0.0368  0.0374  0.0362  0.0363
  0.0363  0.0364  0.0360  0.0359  0.0364  0.0362  0.0361  0.0364  0.0361  0.0364  0.0360  0.0360
  0.0360  0.0360  0.0360  0.0360  0.0359  0.0360  0.0360  0.0360  0.0360  0.0360  0.0360  0.0360
  0.0363  0.0361  0.0362  0.0362  0.0364  0.0362  0.0363  0.0364  0.0363  0.0362  0.0361  0.0361
  0.0372  0.0365  0.0366  0.0365  0.0382  0.0370  0.0370  0.0376  0.0370  0.0370  0.0363  0.0363
  0.0386  0.0374  0.0372  0.0370  0.0412  0.0382  0.0381  0.0393  0.0380  0.0384  0.0365  0.0367
niter,ni,del,rscale     5    3    5.0000    1.2000
parameters
   -2.1260  -20.2101    8.7452   -7.0929  -26.5076  -10.4419
    5.8065    0.5922   -2.2918   29.7267   -0.1111  -35.6984
eta,q 0.96404  9.09944
  0.0387  0.0383  0.0367  0.0370  0.0388  0.0375  0.0379  0.0394  0.0379  0.0387  0.0365  0.0368
  0.0372  0.0371  0.0362  0.0363  0.0374  0.0367  0.0368  0.0376  0.0368  0.0372  0.0362  0.0363
  0.0363  0.0363  0.0360  0.0359  0.0364  0.0361  0.0361  0.0364  0.0361  0.0363  0.0360  0.0360
  0.0360  0.0360  0.0360  0.0359  0.0359  0.0360  0.0360  0.0360  0.0360  0.0360  0.0360  0.0360
  0.0362  0.0361  0.0362  0.0363  0.0362  0.0363  0.0363  0.0363  0.0362  0.0362  0.0361  0.0360
  0.0371  0.0365  0.0366  0.0366  0.0376  0.0371  0.0370  0.0375  0.0368  0.0369  0.0363  0.0362
  0.0385  0.0373  0.0373  0.0370  0.0404  0.0383  0.0381  0.0392  0.0378  0.0381  0.0366  0.0365
niter,ni,del,rscale     4    3    5.0000    1.2000
parameters
   -2.0677  -19.8651    8.2865   -7.5424  -27.5941  -11.4099
    5.4462    0.7561   -2.1769   30.5735   -0.2184  -34.8738
eta,q 0.96411  8.98393
  0.0387  0.0381  0.0366  0.0371  0.0383  0.0373  0.0377  0.0392  0.0378  0.0385  0.0365  0.0367
  0.0372  0.0370  0.0361  0.0363  0.0371  0.0365  0.0366  0.0375  0.0367  0.0372  0.0362  0.0362
  0.0363  0.0363  0.0359  0.0359  0.0363  0.0360  0.0360  0.0364  0.0361  0.0363  0.0359  0.0360
  0.0360  0.0360  0.0359  0.0359  0.0359  0.0359  0.0359  0.0359  0.0359  0.0359  0.0359  0.0359
  0.0362  0.0360  0.0362  0.0363  0.0361  0.0363  0.0363  0.0363  0.0361  0.0360  0.0360  0.0359
  0.0370  0.0364  0.0366  0.0367  0.0375  0.0371  0.0369  0.0373  0.0367  0.0366  0.0362  0.0361
  0.0384  0.0371  0.0373  0.0372  0.0402  0.0384  0.0380  0.0389  0.0377  0.0377  0.0365  0.0364
niter,ni,del,rscale     3    3    5.0000    1.2000
parameters
   -1.9497  -19.2755    7.6208   -8.2814  -29.5563  -12.7604
    4.8938    0.9916   -2.3940   31.8905    0.2786  -33.7328
eta,q 0.96444  8.80709
  0.0386  0.0382  0.0362  0.0369  0.0375  0.0369  0.0373  0.0388  0.0374  0.0384  0.0365  0.0364
  0.0372  0.0371  0.0359  0.0362  0.0365  0.0362  0.0363  0.0372  0.0364  0.0371  0.0360  0.0360
  0.0363  0.0363  0.0357  0.0357  0.0359  0.0358  0.0358  0.0361  0.0358  0.0362  0.0357  0.0357
  0.0359  0.0359  0.0358  0.0357  0.0357  0.0357  0.0357  0.0357  0.0357  0.0357  0.0356  0.0356
  0.0361  0.0358  0.0361  0.0362  0.0361  0.0361  0.0360  0.0360  0.0359  0.0356  0.0356  0.0356
  0.0369  0.0361  0.0366  0.0367  0.0375  0.0371  0.0367  0.0370  0.0366  0.0361  0.0359  0.0357
  0.0382  0.0366  0.0373  0.0373  0.0402  0.0385  0.0378  0.0385  0.0375  0.0372  0.0362  0.0360
niter,ni,del,rscale     2    3    5.0000    1.2000
parameters
   -1.7579  -18.3652    6.8469   -9.0796  -31.7242  -13.7153
    4.5417    1.1808   -2.2548   32.5889    0.1643  -33.4738
eta,q 0.96489  8.63914
  0.0384  0.0382  0.0357  0.0366  0.0369  0.0366  0.0369  0.0383  0.0370  0.0379  0.0359  0.0358
  0.0369  0.0369  0.0354  0.0358  0.0358  0.0358  0.0358  0.0367  0.0360  0.0366  0.0354  0.0354
  0.0360  0.0361  0.0353  0.0353  0.0352  0.0353  0.0353  0.0356  0.0354  0.0357  0.0352  0.0352
  0.0356  0.0355  0.0353  0.0353  0.0352  0.0352  0.0352  0.0352  0.0352  0.0351  0.0351  0.0351
  0.0357  0.0354  0.0357  0.0357  0.0358  0.0354  0.0355  0.0355  0.0353  0.0352  0.0352  0.0352
  0.0364  0.0355  0.0362  0.0364  0.0372  0.0363  0.0361  0.0365  0.0359  0.0359  0.0355  0.0354
  0.0376  0.0359  0.0369  0.0371  0.0398  0.0379  0.0371  0.0380  0.0369  0.0372  0.0359  0.0357
niter,ni,del,rscale     1    3    5.0000    1.2000
parameters
   -1.6539  -17.8311    6.5447   -9.3374  -32.5234  -14.0480
    4.3384    1.3021   -2.0701   32.9292   -0.0401  -33.5996
eta,q 0.96497  8.58665
  0.0377  0.0373  0.0357  0.0367  0.0374  0.0366  0.0368  0.0382  0.0368  0.0376  0.0357  0.0357
  0.0363  0.0362  0.0353  0.0358  0.0361  0.0359  0.0358  0.0366  0.0358  0.0364  0.0353  0.0353
  0.0355  0.0355  0.0351  0.0352  0.0353  0.0353  0.0352  0.0355  0.0353  0.0355  0.0351  0.0351
  0.0351  0.0351  0.0351  0.0350  0.0350  0.0350  0.0351  0.0351  0.0350  0.0350  0.0350  0.0350
  0.0353  0.0351  0.0352  0.0354  0.0354  0.0352  0.0354  0.0354  0.0352  0.0352  0.0351  0.0351
  0.0360  0.0354  0.0356  0.0361  0.0365  0.0359  0.0360  0.0364  0.0357  0.0360  0.0354  0.0353
  0.0373  0.0359  0.0362  0.0368  0.0385  0.0372  0.0370  0.0380  0.0367  0.0373  0.0358  0.0357
registration optimization eta report
parameter search radius
    2.4000    2.4000    2.4000    7.2000   10.9503    7.2000
    7.2000    7.2000    8.2800    8.2800    7.2000    7.2000
100000*second partial in parameter space
       42.       26.       15.        3.        2.        4.
        4.        6.        2.        4.        1.        1.
  0.0377  0.0373  0.0357  0.0367  0.0374  0.0366  0.0368  0.0382  0.0368  0.0376  0.0357  0.0357
  0.0363  0.0362  0.0353  0.0358  0.0361  0.0359  0.0358  0.0366  0.0358  0.0364  0.0353  0.0353
  0.0355  0.0355  0.0351  0.0352  0.0353  0.0353  0.0352  0.0355  0.0353  0.0355  0.0351  0.0351
  0.0351  0.0351  0.0351  0.0350  0.0350  0.0350  0.0351  0.0351  0.0350  0.0350  0.0350  0.0350
  0.0353  0.0351  0.0352  0.0354  0.0354  0.0352  0.0354  0.0354  0.0352  0.0352  0.0351  0.0351
  0.0360  0.0354  0.0356  0.0361  0.0365  0.0359  0.0360  0.0364  0.0357  0.0360  0.0354  0.0353
  0.0373  0.0359  0.0362  0.0368  0.0385  0.0372  0.0370  0.0380  0.0367  0.0373  0.0358  0.0357
   -1.6539  -17.8311    6.5447   -9.3374  -32.5234  -14.0480
    4.3384    1.3021   -2.0701   32.9292   -0.0401  -33.5996
eta,q 0.96497  8.58665

---------------------------------------------------------------------
imgreg_4dfp /opt/freesurfer/average/711-2C_as_mni_average_305 /opt/freesurfer/average/711-2B_as_mni_average_305_mask talsrcimg_g11 none talsrcimg_to_711-2C_as_mni_average_305_t4 2311
---------------------------------------------------------------------

freesurfer imgreg_4dfp.c
/opt/freesurfer/average/711-2C_as_mni_average_305.4dfp.img
       256       256       256         1
  1.000000  1.000000  1.000000
orientation T byte_order littleendian
Reading image: /opt/freesurfer/average/711-2C_as_mni_average_305.4dfp.img
dimensions:      256       256       256
mmppix:       1.0000   -1.0000   -1.0000
center:     128.0000 -129.0000 -129.0000
/opt/freesurfer/average/711-2B_as_mni_average_305_mask.4dfp.img
       256       256       256         1
  1.000000  1.000000  1.000000
orientation T byte_order littleendian
Reading mask: /opt/freesurfer/average/711-2B_as_mni_average_305_mask.4dfp.img (2306576 pixels)
talsrcimg_g11.4dfp.img
       256       256       256         1
  1.000000  1.000000  1.000000
orientation T byte_order littleendian
Reading image: talsrcimg_g11.4dfp.img
dimensions:      256       256       256
mmppix:       1.0000   -1.0000   -1.0000
center:     128.0000 -129.0000 -129.0000
fimgreg.f
image alignment mode   2311 decimal      907 hex
parameters
   -1.6539  -17.8311    6.5447   -9.3374  -32.5234  -14.0480
    4.3384    1.3021   -2.0701   32.9292   -0.0401  -33.5996
eta,q 0.96497  8.58665
niter,ni,del,rscale     5    3    5.0000    0.8000
parameters
   -1.5833  -17.6857    6.4510   -9.5099  -32.1824  -13.7603
    4.0431    1.3591   -1.9502   33.2679   -0.2835  -33.7136
eta,q 0.96500  8.60864
  0.0362  0.0358  0.0354  0.0359  0.0356  0.0359  0.0358  0.0365  0.0356  0.0360  0.0353  0.0353
  0.0356  0.0354  0.0352  0.0354  0.0353  0.0355  0.0353  0.0357  0.0353  0.0355  0.0351  0.0351
  0.0352  0.0351  0.0351  0.0351  0.0351  0.0352  0.0351  0.0352  0.0351  0.0352  0.0350  0.0350
  0.0350  0.0350  0.0350  0.0350  0.0350  0.0350  0.0350  0.0350  0.0350  0.0350  0.0350  0.0350
  0.0351  0.0351  0.0351  0.0352  0.0351  0.0350  0.0352  0.0352  0.0351  0.0350  0.0350  0.0350
  0.0354  0.0352  0.0352  0.0355  0.0352  0.0353  0.0355  0.0357  0.0352  0.0353  0.0352  0.0351
  0.0360  0.0355  0.0355  0.0360  0.0355  0.0358  0.0360  0.0364  0.0355  0.0358  0.0353  0.0353
niter,ni,del,rscale     4    3    5.0000    0.7000
parameters
   -1.5338  -17.6968    6.5157   -9.5227  -32.1593  -13.6225
    3.8931    1.4082   -2.0249   33.2800   -0.3886  -33.7002
eta,q 0.96501  8.61347
  0.0359  0.0355  0.0353  0.0357  0.0354  0.0356  0.0356  0.0362  0.0354  0.0357  0.0352  0.0352
  0.0354  0.0352  0.0351  0.0353  0.0352  0.0353  0.0353  0.0355  0.0352  0.0353  0.0351  0.0351
  0.0351  0.0350  0.0350  0.0351  0.0350  0.0351  0.0350  0.0351  0.0350  0.0351  0.0350  0.0350
  0.0350  0.0350  0.0350  0.0350  0.0350  0.0350  0.0350  0.0350  0.0350  0.0350  0.0350  0.0350
  0.0351  0.0351  0.0350  0.0351  0.0350  0.0350  0.0351  0.0351  0.0350  0.0350  0.0350  0.0350
  0.0353  0.0352  0.0351  0.0353  0.0352  0.0352  0.0353  0.0355  0.0352  0.0353  0.0351  0.0351
  0.0358  0.0355  0.0353  0.0357  0.0354  0.0356  0.0357  0.0361  0.0354  0.0357  0.0352  0.0352
niter,ni,del,rscale     3    3    5.0000    0.6000
parameters
   -1.5016  -17.7121    6.5423   -9.5133  -32.1482  -13.5193
    3.8090    1.4391   -2.0410   33.2884   -0.4453  -33.6802
eta,q 0.96502  8.61730
  0.0356  0.0353  0.0352  0.0355  0.0353  0.0355  0.0355  0.0359  0.0353  0.0355  0.0352  0.0351
  0.0353  0.0351  0.0351  0.0352  0.0351  0.0352  0.0352  0.0354  0.0351  0.0352  0.0351  0.0351
  0.0351  0.0350  0.0350  0.0351  0.0350  0.0351  0.0350  0.0351  0.0350  0.0350  0.0350  0.0350
  0.0350  0.0350  0.0350  0.0350  0.0350  0.0350  0.0350  0.0350  0.0350  0.0350  0.0350  0.0350
  0.0350  0.0350  0.0350  0.0350  0.0350  0.0350  0.0351  0.0351  0.0350  0.0350  0.0350  0.0350
  0.0352  0.0352  0.0351  0.0352  0.0351  0.0352  0.0352  0.0354  0.0351  0.0352  0.0351  0.0351
  0.0356  0.0353  0.0352  0.0355  0.0353  0.0354  0.0355  0.0358  0.0353  0.0355  0.0352  0.0351
niter,ni,del,rscale     2    3    5.0000    0.5000
parameters
   -1.4822  -17.7282    6.5625   -9.4889  -32.1259  -13.4321
    3.7506    1.4444   -2.0634   33.2981   -0.5282  -33.6592
eta,q 0.96502  8.62182
  0.0354  0.0352  0.0351  0.0354  0.0352  0.0353  0.0353  0.0356  0.0352  0.0353  0.0351  0.0351
  0.0352  0.0351  0.0351  0.0352  0.0351  0.0352  0.0351  0.0352  0.0351  0.0351  0.0350  0.0350
  0.0350  0.0350  0.0350  0.0350  0.0350  0.0350  0.0350  0.0350  0.0350  0.0350  0.0350  0.0350
  0.0350  0.0350  0.0350  0.0350  0.0350  0.0350  0.0350  0.0350  0.0350  0.0350  0.0350  0.0350
  0.0350  0.0350  0.0350  0.0350  0.0350  0.0350  0.0350  0.0350  0.0350  0.0350  0.0350  0.0350
  0.0352  0.0351  0.0350  0.0352  0.0351  0.0351  0.0352  0.0353  0.0351  0.0351  0.0350  0.0350
  0.0354  0.0352  0.0351  0.0354  0.0352  0.0353  0.0354  0.0356  0.0352  0.0353  0.0351  0.0351
niter,ni,del,rscale     1    3    5.0000    0.4000
parameters
   -1.4721  -17.7368    6.5856   -9.4757  -32.1105  -13.3677
    3.6977    1.4460   -2.0745   33.2852   -0.5584  -33.6329
eta,q 0.96502  8.62427
  0.0353  0.0351  0.0351  0.0352  0.0351  0.0352  0.0352  0.0354  0.0351  0.0352  0.0351  0.0351
  0.0351  0.0350  0.0350  0.0351  0.0350  0.0351  0.0351  0.0351  0.0350  0.0351  0.0350  0.0350
  0.0350  0.0350  0.0350  0.0350  0.0350  0.0350  0.0350  0.0350  0.0350  0.0350  0.0350  0.0350
  0.0350  0.0350  0.0350  0.0350  0.0350  0.0350  0.0350  0.0350  0.0350  0.0350  0.0350  0.0350
  0.0350  0.0350  0.0350  0.0350  0.0350  0.0350  0.0350  0.0350  0.0350  0.0350  0.0350  0.0350
  0.0351  0.0351  0.0350  0.0351  0.0350  0.0351  0.0351  0.0351  0.0350  0.0351  0.0350  0.0350
  0.0352  0.0351  0.0351  0.0352  0.0351  0.0352  0.0352  0.0354  0.0351  0.0352  0.0351  0.0351
registration optimization eta report
parameter search radius
    0.8000    0.8000    0.8000    2.4000    2.4000    2.4000
    2.4000    2.4000    2.4000    2.4000    2.4000    2.4000
100000*second partial in parameter space
       43.       25.       16.        4.        2.        4.
        4.        7.        2.        4.        1.        1.
  0.0353  0.0351  0.0351  0.0352  0.0351  0.0352  0.0352  0.0354  0.0351  0.0352  0.0351  0.0351
  0.0351  0.0350  0.0350  0.0351  0.0350  0.0351  0.0351  0.0351  0.0350  0.0351  0.0350  0.0350
  0.0350  0.0350  0.0350  0.0350  0.0350  0.0350  0.0350  0.0350  0.0350  0.0350  0.0350  0.0350
  0.0350  0.0350  0.0350  0.0350  0.0350  0.0350  0.0350  0.0350  0.0350  0.0350  0.0350  0.0350
  0.0350  0.0350  0.0350  0.0350  0.0350  0.0350  0.0350  0.0350  0.0350  0.0350  0.0350  0.0350
  0.0351  0.0351  0.0350  0.0351  0.0350  0.0351  0.0351  0.0351  0.0350  0.0351  0.0350  0.0350
  0.0352  0.0351  0.0351  0.0352  0.0351  0.0352  0.0352  0.0354  0.0351  0.0352  0.0351  0.0351
   -1.4721  -17.7368    6.5856   -9.4757  -32.1105  -13.3677
    3.6977    1.4460   -2.0745   33.2852   -0.5584  -33.6329
eta,q 0.96502  8.62427

---------------------------------------------------------------------
imgreg_4dfp /opt/freesurfer/average/711-2C_as_mni_average_305 /opt/freesurfer/average/711-2B_as_mni_average_305_mask talsrcimg_g11 none talsrcimg_to_711-2C_as_mni_average_305_t4 2311
---------------------------------------------------------------------

freesurfer imgreg_4dfp.c
/opt/freesurfer/average/711-2C_as_mni_average_305.4dfp.img
       256       256       256         1
  1.000000  1.000000  1.000000
orientation T byte_order littleendian
Reading image: /opt/freesurfer/average/711-2C_as_mni_average_305.4dfp.img
dimensions:      256       256       256
mmppix:       1.0000   -1.0000   -1.0000
center:     128.0000 -129.0000 -129.0000
/opt/freesurfer/average/711-2B_as_mni_average_305_mask.4dfp.img
       256       256       256         1
  1.000000  1.000000  1.000000
orientation T byte_order littleendian
Reading mask: /opt/freesurfer/average/711-2B_as_mni_average_305_mask.4dfp.img (2306576 pixels)
talsrcimg_g11.4dfp.img
       256       256       256         1
  1.000000  1.000000  1.000000
orientation T byte_order littleendian
Reading image: talsrcimg_g11.4dfp.img
dimensions:      256       256       256
mmppix:       1.0000   -1.0000   -1.0000
center:     128.0000 -129.0000 -129.0000
fimgreg.f
image alignment mode   2311 decimal      907 hex
parameters
   -1.4721  -17.7368    6.5856   -9.4757  -32.1105  -13.3677
    3.6977    1.4460   -2.0745   33.2852   -0.5584  -33.6329
eta,q 0.96502  8.62427
niter,ni,del,rscale     5    3    5.0000    0.8000
parameters
   -1.4740  -17.7065    6.5828   -9.5294  -32.2009  -13.6276
    3.8291    1.4813   -2.0975   33.2139   -0.4603  -33.7145
eta,q 0.96501  8.61089
  0.0361  0.0356  0.0354  0.0359  0.0355  0.0357  0.0359  0.0365  0.0356  0.0358  0.0353  0.0353
  0.0355  0.0353  0.0352  0.0354  0.0352  0.0353  0.0354  0.0357  0.0352  0.0354  0.0351  0.0351
  0.0351  0.0350  0.0350  0.0351  0.0350  0.0351  0.0351  0.0352  0.0350  0.0351  0.0350  0.0350
  0.0350  0.0350  0.0350  0.0350  0.0350  0.0350  0.0350  0.0350  0.0350  0.0350  0.0350  0.0350
  0.0351  0.0350  0.0350  0.0351  0.0350  0.0351  0.0351  0.0352  0.0350  0.0351  0.0350  0.0350
  0.0355  0.0353  0.0352  0.0354  0.0352  0.0354  0.0354  0.0356  0.0352  0.0354  0.0351  0.0351
  0.0361  0.0356  0.0354  0.0359  0.0355  0.0360  0.0358  0.0364  0.0356  0.0359  0.0353  0.0353
niter,ni,del,rscale     4    3    5.0000    0.7000
parameters
   -1.4775  -17.7059    6.5407   -9.5214  -32.1683  -13.6056
    3.8217    1.4736   -2.0691   33.2633   -0.4469  -33.7032
eta,q 0.96502  8.61373
  0.0358  0.0355  0.0353  0.0357  0.0354  0.0356  0.0357  0.0361  0.0354  0.0357  0.0352  0.0352
  0.0354  0.0352  0.0351  0.0353  0.0352  0.0353  0.0353  0.0355  0.0352  0.0353  0.0351  0.0351
  0.0351  0.0350  0.0350  0.0351  0.0350  0.0351  0.0350  0.0351  0.0350  0.0351  0.0350  0.0350
  0.0350  0.0350  0.0350  0.0350  0.0350  0.0350  0.0350  0.0350  0.0350  0.0350  0.0350  0.0350
  0.0351  0.0350  0.0350  0.0351  0.0350  0.0350  0.0351  0.0351  0.0350  0.0350  0.0350  0.0350
  0.0354  0.0352  0.0351  0.0353  0.0352  0.0352  0.0353  0.0355  0.0352  0.0353  0.0351  0.0351
  0.0358  0.0355  0.0353  0.0357  0.0354  0.0356  0.0357  0.0361  0.0354  0.0357  0.0352  0.0352
niter,ni,del,rscale     3    3    5.0000    0.6000
parameters
   -1.4742  -17.7100    6.5467   -9.5085  -32.1434  -13.5161
    3.7829    1.4638   -2.0595   33.2740   -0.4665  -33.6604
eta,q 0.96502  8.61729
  0.0356  0.0353  0.0352  0.0355  0.0353  0.0355  0.0355  0.0358  0.0353  0.0355  0.0352  0.0352
  0.0353  0.0351  0.0351  0.0352  0.0351  0.0352  0.0352  0.0354  0.0351  0.0352  0.0351  0.0351
  0.0351  0.0350  0.0350  0.0351  0.0350  0.0351  0.0350  0.0351  0.0350  0.0350  0.0350  0.0350
  0.0350  0.0350  0.0350  0.0350  0.0350  0.0350  0.0350  0.0350  0.0350  0.0350  0.0350  0.0350
  0.0350  0.0350  0.0350  0.0350  0.0350  0.0350  0.0350  0.0351  0.0350  0.0350  0.0350  0.0350
  0.0353  0.0351  0.0351  0.0352  0.0351  0.0352  0.0352  0.0354  0.0351  0.0352  0.0351  0.0351
  0.0356  0.0353  0.0352  0.0355  0.0353  0.0354  0.0355  0.0358  0.0353  0.0355  0.0352  0.0351
niter,ni,del,rscale     2    3    5.0000    0.5000
parameters
   -1.4714  -17.7297    6.5603   -9.4824  -32.1303  -13.4308
    3.7319    1.4555   -2.0612   33.2804   -0.5218  -33.6424
eta,q 0.96502  8.62123
  0.0354  0.0352  0.0351  0.0354  0.0352  0.0353  0.0353  0.0356  0.0352  0.0353  0.0351  0.0351
  0.0352  0.0351  0.0351  0.0352  0.0351  0.0351  0.0351  0.0352  0.0351  0.0351  0.0350  0.0350
  0.0350  0.0350  0.0350  0.0350  0.0350  0.0350  0.0350  0.0350  0.0350  0.0350  0.0350  0.0350
  0.0350  0.0350  0.0350  0.0350  0.0350  0.0350  0.0350  0.0350  0.0350  0.0350  0.0350  0.0350
  0.0350  0.0350  0.0350  0.0350  0.0350  0.0350  0.0350  0.0350  0.0350  0.0350  0.0350  0.0350
  0.0352  0.0351  0.0350  0.0352  0.0351  0.0351  0.0352  0.0353  0.0351  0.0351  0.0350  0.0350
  0.0354  0.0352  0.0351  0.0354  0.0352  0.0353  0.0353  0.0356  0.0352  0.0353  0.0351  0.0351
niter,ni,del,rscale     1    3    5.0000    0.4000
parameters
   -1.4701  -17.7341    6.5839   -9.4913  -32.1191  -13.3749
    3.6917    1.4383   -2.0527   33.2798   -0.5648  -33.6103
eta,q 0.96502  8.62263
  0.0353  0.0351  0.0351  0.0352  0.0351  0.0352  0.0352  0.0354  0.0351  0.0352  0.0351  0.0351
  0.0351  0.0350  0.0350  0.0351  0.0350  0.0351  0.0351  0.0351  0.0350  0.0351  0.0350  0.0350
  0.0350  0.0350  0.0350  0.0350  0.0350  0.0350  0.0350  0.0350  0.0350  0.0350  0.0350  0.0350
  0.0350  0.0350  0.0350  0.0350  0.0350  0.0350  0.0350  0.0350  0.0350  0.0350  0.0350  0.0350
  0.0350  0.0350  0.0350  0.0350  0.0350  0.0350  0.0350  0.0350  0.0350  0.0350  0.0350  0.0350
  0.0351  0.0350  0.0350  0.0351  0.0350  0.0351  0.0351  0.0352  0.0350  0.0351  0.0350  0.0350
  0.0353  0.0351  0.0351  0.0352  0.0351  0.0352  0.0352  0.0354  0.0351  0.0352  0.0351  0.0351
registration optimization eta report
parameter search radius
    0.8000    0.8000    0.8000    2.4000    2.4000    2.4000
    2.4000    2.4000    2.4000    2.4000    2.4000    2.4000
100000*second partial in parameter space
       43.       25.       16.        4.        2.        4.
        4.        7.        2.        4.        1.        1.
  0.0353  0.0351  0.0351  0.0352  0.0351  0.0352  0.0352  0.0354  0.0351  0.0352  0.0351  0.0351
  0.0351  0.0350  0.0350  0.0351  0.0350  0.0351  0.0351  0.0351  0.0350  0.0351  0.0350  0.0350
  0.0350  0.0350  0.0350  0.0350  0.0350  0.0350  0.0350  0.0350  0.0350  0.0350  0.0350  0.0350
  0.0350  0.0350  0.0350  0.0350  0.0350  0.0350  0.0350  0.0350  0.0350  0.0350  0.0350  0.0350
  0.0350  0.0350  0.0350  0.0350  0.0350  0.0350  0.0350  0.0350  0.0350  0.0350  0.0350  0.0350
  0.0351  0.0350  0.0350  0.0351  0.0350  0.0351  0.0351  0.0352  0.0350  0.0351  0.0350  0.0350
  0.0353  0.0351  0.0351  0.0352  0.0351  0.0352  0.0352  0.0354  0.0351  0.0352  0.0351  0.0351
   -1.4701  -17.7341    6.5839   -9.4913  -32.1191  -13.3749
    3.6917    1.4383   -2.0527   33.2798   -0.5648  -33.6103
eta,q 0.96502  8.62263

---------------------------------------------------------------------
compute_vox2vox talsrcimg talsrcimg_to_711-2C_as_mni_average_305_t4 /opt/freesurfer/average/711-2C_as_mni_average_305
---------------------------------------------------------------------

freesurfer compute_vox2vox.c
Reading: talsrcimg.4dfp.ifh
Reading: talsrcimg_to_711-2C_as_mni_average_305_t4
Reading: /opt/freesurfer/average/711-2C_as_mni_average_305.4dfp.ifh
Writing: talsrcimg_to_711-2C_as_mni_average_305_t4_vox2vox.txt

start time Fri Mar 6 07:24:50 CET 2026
end		time Fri Mar 6 07:26:17 CET 2026

mpr2mni305 success

avi2talxfm orig_nu.mgz /opt/freesurfer/average/mni305.cor.mgz talsrcimg_to_711-2C_as_mni_average_305_t4_vox2vox.txt transforms/talairach.auto.xfm
avi2talxfm done
mv -f /out/sourcedata/freesurfer/sub-v1s10x0051023_ses-1/mri/talsrcimg_to_711-2C_as_mni_average_305_t4_vox2vox.txt /out/sourcedata/freesurfer/sub-v1s10x0051023_ses-1/mri/transforms/talsrcimg_to_711-2C_as_mni_average_305_t4_vox2vox.txt
lta_convert --src orig_nu.mgz --trg /opt/freesurfer/average/mni305.cor.mgz --inxfm transforms/talairach.auto.xfm --outlta transforms/talairach.auto.xfm.lta --subject fsaverage
7.3.2

--src: orig_nu.mgz src image (geometry).
--trg: /opt/freesurfer/average/mni305.cor.mgz trg image (geometry).
--inmni: transforms/talairach.auto.xfm input MNI/XFM transform.
--outlta: transforms/talairach.auto.xfm.lta output LTA.
--s: fsaverage subject name
 LTA read, type : 1
 1.10357   0.00398  -0.05805  -7.20520;
 0.01692   0.96996   0.47934  -0.15428;
 0.02507  -0.47542   1.23641   21.88968;
 0.00000   0.00000   0.00000   1.00000;
setting subject to fsaverage
Writing  LTA to file transforms/talairach.auto.xfm.lta...
lta_convert successful.
 
 
Started at Fri Mar 6 07:24:50 CET 2026
Ended   at Fri Mar  6 07:26:17 CET 2026
talairach_avi done
