/out/sourcedata/freesurfer/sub-v1s19x0051305_ses-1/mri
/opt/freesurfer/bin/talairach_avi
--i orig_nu.mgz --xfm transforms/talairach.auto.xfm
talairach_avi 7.3.2
Linux dna041 5.14.0-427.37.1.el9_4.x86_64 #1 SMP PREEMPT_DYNAMIC Fri Sep 13 12:41:50 EDT 2024 x86_64 x86_64 x86_64 GNU/Linux
Sat Mar  7 05:08:26 CET 2026
mri_convert orig_nu.mgz talsrcimg.img 
reading from orig_nu.mgz...
TR=0.00, TE=0.00, TI=0.00, flip angle=0.00
i_ras = (-1, 3.14321e-09, 7.45058e-09)
j_ras = (0, 9.31323e-10, -1)
k_ras = (-2.67755e-09, 1, 9.31323e-10)
writing to talsrcimg.img...
Analyze Output Matrix
-1.00000   0.00000  -0.00000   122.74750;
 0.00000   0.00000   1.00000  -114.05685;
 0.00000  -1.00000   0.00000   103.29489;
 0.00000   0.00000   0.00000   1.00000;
--------------------
INFO: set hdr.hist.orient to -1
mpr2mni305 talsrcimg
Sat Mar  7 05:08:26 CET 2026
/opt/freesurfer/bin/mpr2mni305 talsrcimg
mpr2mni305 7.3.2
target=711-2C_as_mni_average_305

---------------------------------------------------------------------
analyzeto4dfp talsrcimg -O0 -y
---------------------------------------------------------------------

freesurfer ifh2hdr.c
Sat Mar  7 05:08:27 2026
Writing: talsrcimg.4dfp.hdr
freesurfer analyzeto4dfp.c
Reading: talsrcimg.hdr
header size 348 bytes
hdr.dime.datatype	offset=70	value=2
hdr.dime.bitpix		offset=72	value=8
hdr.hist.orient		offset=252	value=-1
dimensionality     4
dimensions       256       256       256         1
Reading: talsrcimg.img
Writing: talsrcimg.4dfp.img
Writing: talsrcimg.4dfp.ifh
ifh2hdr talsrcimg -r0to244
ori=2

---------------------------------------------------------------------
gauss_4dfp talsrcimg 1.1
---------------------------------------------------------------------

freesurfer gauss_4dfp.c
Reading: talsrcimg.4dfp.img
Writing: talsrcimg_g11.4dfp.img
image dimensions 256 256 256 padded to 288 288 288
processing volume 1freesurfer ifh2hdr.c
Sat Mar  7 05:08:28 2026
Writing: talsrcimg_g11.4dfp.hdr

Writing: talsrcimg_g11.4dfp.ifh
including: talsrcimg.4dfp.img.rec in talsrcimg_g11.4dfp.img.rec

---------------------------------------------------------------------
imgreg_4dfp /opt/freesurfer/average/711-2C_as_mni_average_305 none talsrcimg_g11 none talsrcimg_to_711-2C_as_mni_average_305_t4 4355
---------------------------------------------------------------------

freesurfer imgreg_4dfp.c
/opt/freesurfer/average/711-2C_as_mni_average_305.4dfp.img
       256       256       256         1
  1.000000  1.000000  1.000000
orientation T byte_order littleendian
Reading image: /opt/freesurfer/average/711-2C_as_mni_average_305.4dfp.img
dimensions:      256       256       256
mmppix:       1.0000   -1.0000   -1.0000
center:     128.0000 -129.0000 -129.0000
talsrcimg_g11.4dfp.img
       256       256       256         1
  1.000000  1.000000  1.000000
orientation T byte_order littleendian
Reading image: talsrcimg_g11.4dfp.img
dimensions:      256       256       256
mmppix:       1.0000   -1.0000   -1.0000
center:     128.0000 -129.0000 -129.0000
t4_read: open error in t4_sub.f l:  41 t4_file(1:l)talsrcimg_to_711-2C_as_mni_average_305_t4 
t4_read: transform initialized to I4
rotation matrix determinant  1.000000
image alignment mode   4355 decimal     1103 hex
   -7.5000  -45.0000  -45.0000 4975.1748   14.4577
    0.0000  -45.0000  -45.0000 5264.7798   14.4688
    7.5000  -45.0000  -45.0000 5082.4492   14.4632
   -7.5000  -37.5000  -45.0000 5512.2900   14.1001
    0.0000  -37.5000  -45.0000 5822.8574   14.1146
    7.5000  -37.5000  -45.0000 5650.8325   14.1178
   -7.5000  -30.0000  -45.0000 6305.7852   13.8627
    0.0000  -30.0000  -45.0000 6640.0186   13.8796
    7.5000  -30.0000  -45.0000 6448.0034   13.8853
   -7.5000  -22.5000  -45.0000 7117.3936   13.7271
    0.0000  -22.5000  -45.0000 7490.3813   13.7434
    7.5000  -22.5000  -45.0000 7268.2061   13.7429
   -7.5000  -15.0000  -45.0000 7920.3862   13.7106
    0.0000  -15.0000  -45.0000 8329.2744   13.7252
    7.5000  -15.0000  -45.0000 8073.5557   13.7180
   -7.5000   -7.5000  -45.0000 8734.2129   13.6984
    0.0000   -7.5000  -45.0000 9185.0439   13.7112
    7.5000   -7.5000  -45.0000 8904.7178   13.7026
   -7.5000    0.0000  -45.0000 9530.6465   13.6910
    0.0000    0.0000  -45.000010029.7480   13.7034
    7.5000    0.0000  -45.0000 9702.5586   13.6996
   -7.5000    7.5000  -45.0000 9560.9131   13.6924
    0.0000    7.5000  -45.000010063.7598   13.7066
    7.5000    7.5000  -45.0000 9725.0166   13.7102
   -7.5000   15.0000  -45.0000 9415.9941   13.6999
    0.0000   15.0000  -45.0000 9922.6309   13.7164
    7.5000   15.0000  -45.0000 9572.8555   13.7219
   -7.5000   22.5000  -45.0000 9272.5059   13.7051
    0.0000   22.5000  -45.0000 9749.2197   13.7214
    7.5000   22.5000  -45.0000 9406.2490   13.7208
   -7.5000   30.0000  -45.0000 9082.1133   13.5240
    0.0000   30.0000  -45.0000 9530.2539   13.5383
    7.5000   30.0000  -45.0000 9207.2520   13.5311
   -7.5000   37.5000  -45.0000 9163.3311   13.5157
    0.0000   37.5000  -45.0000 9616.5000   13.5283
    7.5000   37.5000  -45.0000 9307.7715   13.5198
   -7.5000   45.0000  -45.0000 8874.7139   13.1655
    0.0000   45.0000  -45.0000 9309.4082   13.1774
    7.5000   45.0000  -45.0000 8987.1729   13.1738
   -7.5000  -45.0000  -37.5000 5378.2485   14.2977
    0.0000  -45.0000  -37.5000 5666.9487   14.3146
    7.5000  -45.0000  -37.5000 5490.2300   14.3096
   -7.5000  -37.5000  -37.5000 5948.1108   13.9491
    0.0000  -37.5000  -37.5000 6241.5171   13.9686
    7.5000  -37.5000  -37.5000 6069.2993   13.9719
   -7.5000  -30.0000  -37.5000 6777.8062   13.7185
    0.0000  -30.0000  -37.5000 7119.4058   13.7400
    7.5000  -30.0000  -37.5000 6919.2974   13.7460
   -7.5000  -22.5000  -37.5000 7647.5200   13.5862
    0.0000  -22.5000  -37.5000 8040.9185   13.6071
    7.5000  -22.5000  -37.5000 7804.5728   13.6071
   -7.5000  -15.0000  -37.5000 8503.3105   13.5684
    0.0000  -15.0000  -37.5000 8958.7041   13.5875
    7.5000  -15.0000  -37.5000 8687.9453   13.5808
   -7.5000   -7.5000  -37.5000 9402.4492   13.5532
    0.0000   -7.5000  -37.5000 9899.0352   13.5707
    7.5000   -7.5000  -37.5000 9599.9277   13.5628
   -7.5000    0.0000  -37.500010296.9902   13.5446
    0.0000    0.0000  -37.500010822.9316   13.5618
    7.5000    0.0000  -37.500010480.2217   13.5585
   -7.5000    7.5000  -37.500010292.9375   13.5478
    0.0000    7.5000  -37.500010814.6650   13.5667
    7.5000    7.5000  -37.500010457.3418   13.5705
   -7.5000   15.0000  -37.500010115.8193   13.5578
    0.0000   15.0000  -37.500010622.8643   13.5789
    7.5000   15.0000  -37.500010268.4160   13.5847
   -7.5000   22.5000  -37.5000 9925.1533   13.5640
    0.0000   22.5000  -37.500010420.2588   13.5849
    7.5000   22.5000  -37.500010049.9688   13.5849
   -7.5000   30.0000  -37.5000 9694.9863   13.3835
    0.0000   30.0000  -37.500010160.2393   13.4024
    7.5000   30.0000  -37.5000 9821.1289   13.3957
   -7.5000   37.5000  -37.5000 9792.1465   13.3724
    0.0000   37.5000  -37.500010255.7266   13.3897
    7.5000   37.5000  -37.5000 9917.6475   13.3818
   -7.5000   45.0000  -37.5000 9488.4434   13.0248
    0.0000   45.0000  -37.5000 9918.9658   13.0413
    7.5000   45.0000  -37.5000 9580.3447   13.0381
   -7.5000  -45.0000  -30.0000 5851.9429   14.7747
    0.0000  -45.0000  -30.0000 6146.4463   14.7892
    7.5000  -45.0000  -30.0000 5966.9502   14.7893
   -7.5000  -37.5000  -30.0000 6457.6196   14.4153
    0.0000  -37.5000  -30.0000 6781.1626   14.4326
    7.5000  -37.5000  -30.0000 6585.5449   14.4384
   -7.5000  -30.0000  -30.0000 7351.3657   14.1756
    0.0000  -30.0000  -30.0000 7735.3354   14.1951
    7.5000  -30.0000  -30.0000 7517.9849   14.2020
   -7.5000  -22.5000  -30.0000 8303.9746   14.0391
    0.0000  -22.5000  -30.0000 8753.2295   14.0580
    7.5000  -22.5000  -30.0000 8489.2666   14.0594
   -7.5000  -15.0000  -30.0000 9272.2344   14.0219
    0.0000  -15.0000  -30.0000 9771.0166   14.0390
    7.5000  -15.0000  -30.0000 9465.8066   14.0356
   -7.5000   -7.5000  -30.000010262.4287   14.0087
    0.0000   -7.5000  -30.000010807.2471   14.0240
    7.5000   -7.5000  -30.000010448.6621   14.0213
   -7.5000    0.0000  -30.000011204.2275   14.0013
    0.0000    0.0000  -30.000011790.1094   14.0162
    7.5000    0.0000  -30.000011384.8066   14.0179
   -7.5000    7.5000  -30.000011200.0469   14.0027
    0.0000    7.5000  -30.000011765.2900   14.0195
    7.5000    7.5000  -30.000011360.1016   14.0258
   -7.5000   15.0000  -30.000011010.1475   14.0102
    0.0000   15.0000  -30.000011533.4014   14.0293
    7.5000   15.0000  -30.000011141.7402   14.0361
   -7.5000   22.5000  -30.000010775.0879   14.0145
    0.0000   22.5000  -30.000011301.3516   14.0334
    7.5000   22.5000  -30.000010890.6182   14.0348
   -7.5000   30.0000  -30.000010507.5449   13.8321
    0.0000   30.0000  -30.000011007.5312   13.8490
    7.5000   30.0000  -30.000010623.3193   13.8456
   -7.5000   37.5000  -30.000010611.4814   13.8231
    0.0000   37.5000  -30.000011107.6797   13.8383
    7.5000   37.5000  -30.000010724.2432   13.8356
   -7.5000   45.0000  -30.000010258.3271   13.4738
    0.0000   45.0000  -30.000010717.5947   13.4882
    7.5000   45.0000  -30.000010336.4668   13.4898
   -7.5000  -45.0000  -22.5000 6317.0664   15.2921
    0.0000  -45.0000  -22.5000 6644.5444   15.2968
    7.5000  -45.0000  -22.5000 6447.1675   15.3019
   -7.5000  -37.5000  -22.5000 6974.2661   14.9139
    0.0000  -37.5000  -22.5000 7337.0469   14.9227
    7.5000  -37.5000  -22.5000 7116.8804   14.9321
   -7.5000  -30.0000  -22.5000 7955.7432   14.6591
    0.0000  -30.0000  -22.5000 8384.1904   14.6717
    7.5000  -30.0000  -22.5000 8129.9253   14.6801
   -7.5000  -22.5000  -22.5000 9018.1543   14.5177
    0.0000  -22.5000  -22.5000 9517.2480   14.5301
    7.5000  -22.5000  -22.5000 9214.5713   14.5328
   -7.5000  -15.0000  -22.500010107.0674   14.5054
    0.0000  -15.0000  -22.500010641.6035   14.5155
    7.5000  -15.0000  -22.500010289.6191   14.5147
   -7.5000   -7.5000  -22.500011165.2773   14.4985
    0.0000   -7.5000  -22.500011741.8271   14.5060
    7.5000   -7.5000  -22.500011321.3076   14.5075
   -7.5000    0.0000  -22.500012155.6299   14.4923
    0.0000    0.0000  -22.500012772.8486   14.4987
    7.5000    0.0000  -22.500012317.4668   14.5051
   -7.5000    7.5000  -22.500012143.5107   14.4874
    0.0000    7.5000  -22.500012733.6982   14.4964
    7.5000    7.5000  -22.500012279.1650   14.5059
   -7.5000   15.0000  -22.500011957.9424   14.4883
    0.0000   15.0000  -22.500012511.9150   14.5006
    7.5000   15.0000  -22.500012044.7832   14.5087
   -7.5000   22.5000  -22.500011691.6748   14.4914
    0.0000   22.5000  -22.500012238.9746   14.5038
    7.5000   22.5000  -22.500011782.4834   14.5064
   -7.5000   30.0000  -22.500011355.9033   14.3113
    0.0000   30.0000  -22.500011887.9883   14.3212
    7.5000   30.0000  -22.500011463.4795   14.3204
   -7.5000   37.5000  -22.500011427.1523   14.3086
    0.0000   37.5000  -22.500011952.5244   14.3161
    7.5000   37.5000  -22.500011518.4795   14.3175
   -7.5000   45.0000  -22.500011020.0127   13.9568
    0.0000   45.0000  -22.500011514.4619   13.9630
    7.5000   45.0000  -22.500011083.1035   13.9692
   -7.5000  -45.0000  -15.0000 6799.5400   15.7026
    0.0000  -45.0000  -15.0000 7151.4951   15.7006
    7.5000  -45.0000  -15.0000 6935.7612   15.7053
   -7.5000  -37.5000  -15.0000 7538.3018   15.3099
    0.0000  -37.5000  -15.0000 7926.0601   15.3132
    7.5000  -37.5000  -15.0000 7671.7319   15.3233
   -7.5000  -30.0000  -15.0000 8619.7217   15.0450
    0.0000  -30.0000  -15.0000 9087.0605   15.0527
    7.5000  -30.0000  -15.0000 8791.7627   15.0615
   -7.5000  -22.5000  -15.0000 9780.4795   14.8994
    0.0000  -22.5000  -15.000010321.6484   14.9068
    7.5000  -22.5000  -15.0000 9962.3447   14.9089
   -7.5000  -15.0000  -15.000010944.2822   14.8894
    0.0000  -15.0000  -15.000011510.5703   14.8943
    7.5000  -15.0000  -15.000011120.5205   14.8921
   -7.5000   -7.5000  -15.000012061.3740   14.8856
    0.0000   -7.5000  -15.000012679.9033   14.8877
    7.5000   -7.5000  -15.000012207.7744   14.8878
   -7.5000    0.0000  -15.000013102.9492   14.8796
    0.0000    0.0000  -15.000013767.2021   14.8805
    7.5000    0.0000  -15.000013253.1416   14.8865
   -7.5000    7.5000  -15.000013070.3496   14.8714
    0.0000    7.5000  -15.000013701.5635   14.8752
    7.5000    7.5000  -15.000013206.8691   14.8853
   -7.5000   15.0000  -15.000012877.8223   14.8694
    0.0000   15.0000  -15.000013488.2480   14.8769
    7.5000   15.0000  -15.000012972.9570   14.8853
   -7.5000   22.5000  -15.000012572.4199   14.8717
    0.0000   22.5000  -15.000013194.1211   14.8791
    7.5000   22.5000  -15.000012700.8486   14.8811
   -7.5000   30.0000  -15.000012199.3193   14.6923
    0.0000   30.0000  -15.000012791.4883   14.6971
    7.5000   30.0000  -15.000012296.2666   14.6948
   -7.5000   37.5000  -15.000012245.8760   14.6927
    0.0000   37.5000  -15.000012823.1562   14.6948
    7.5000   37.5000  -15.000012308.2500   14.6950
   -7.5000   45.0000  -15.000011777.9453   14.3384
    0.0000   45.0000  -15.000012322.1367   14.3393
    7.5000   45.0000  -15.000011823.6934   14.3451
   -7.5000  -45.0000   -7.5000 7323.6025   15.9006
    0.0000  -45.0000   -7.5000 7696.4678   15.9027
    7.5000  -45.0000   -7.5000 7461.3828   15.9020
   -7.5000  -37.5000   -7.5000 8139.2329   15.5061
    0.0000  -37.5000   -7.5000 8564.1104   15.5132
    7.5000  -37.5000   -7.5000 8279.3076   15.5208
   -7.5000  -30.0000   -7.5000 9331.3203   15.2421
    0.0000  -30.0000   -7.5000 9828.6738   15.2529
    7.5000  -30.0000   -7.5000 9498.2529   15.2611
   -7.5000  -22.5000   -7.500010586.0205   15.0947
    0.0000  -22.5000   -7.500011132.2461   15.1047
    7.5000  -22.5000   -7.500010745.8877   15.1055
   -7.5000  -15.0000   -7.500011828.4209   15.0813
    0.0000  -15.0000   -7.500012421.2578   15.0888
    7.5000  -15.0000   -7.500011973.5947   15.0834
   -7.5000   -7.5000   -7.500012992.9541   15.0730
    0.0000   -7.5000   -7.500013653.1152   15.0782
    7.5000   -7.5000   -7.500013131.1387   15.0732
   -7.5000    0.0000   -7.500014071.5176   15.0654
    0.0000    0.0000   -7.500014763.6406   15.0702
    7.5000    0.0000   -7.500014209.6533   15.0712
   -7.5000    7.5000   -7.500014030.8584   15.0612
    0.0000    7.5000   -7.500014695.5430   15.0686
    7.5000    7.5000   -7.500014154.6973   15.0762
   -7.5000   15.0000   -7.500013823.3604   15.0640
    0.0000   15.0000   -7.500014465.4697   15.0744
    7.5000   15.0000   -7.500013918.9697   15.0822
   -7.5000   22.5000   -7.500013459.9941   15.0651
    0.0000   22.5000   -7.500014141.2637   15.0751
    7.5000   22.5000   -7.500013605.5479   15.0758
   -7.5000   30.0000   -7.500013055.9873   14.8812
    0.0000   30.0000   -7.500013719.7480   14.8885
    7.5000   30.0000   -7.500013166.6748   14.8832
   -7.5000   37.5000   -7.500013136.2119   14.8773
    0.0000   37.5000   -7.500013781.3994   14.8825
    7.5000   37.5000   -7.500013211.0596   14.8775
   -7.5000   45.0000   -7.500012615.0469   14.5202
    0.0000   45.0000   -7.500013198.3057   14.5248
    7.5000   45.0000   -7.500012645.4502   14.5258
   -7.5000  -45.0000    0.0000 7827.4419   15.9077
    0.0000  -45.0000    0.0000 8226.5762   15.9195
    7.5000  -45.0000    0.0000 7955.8008   15.9138
   -7.5000  -37.5000    0.0000 8726.5752   15.5190
    0.0000  -37.5000    0.0000 9184.9961   15.5348
    7.5000  -37.5000    0.0000 8877.8848   15.5393
   -7.5000  -30.0000    0.000010017.5820   15.2615
    0.0000  -30.0000    0.000010535.7676   15.2801
    7.5000  -30.0000    0.000010177.4229   15.2876
   -7.5000  -22.5000    0.000011328.8037   15.1145
    0.0000  -22.5000    0.000011914.4199   15.1324
    7.5000  -22.5000    0.000011485.8330   15.1327
   -7.5000  -15.0000    0.000012627.3711   15.0961
    0.0000  -15.0000    0.000013268.0459   15.1117
    7.5000  -15.0000    0.000012781.3613   15.1043
   -7.5000   -7.5000    0.000013846.8750   15.0813
    0.0000   -7.5000    0.000014553.1025   15.0949
    7.5000   -7.5000    0.000014027.4004   15.0857
   -7.5000    0.0000    0.000014986.3955   15.0720
    0.0000    0.0000    0.000015753.8906   15.0853
    7.5000    0.0000    0.000015172.1553   15.0815
   -7.5000    7.5000    0.000014933.9336   15.0737
    0.0000    7.5000    0.000015685.5469   15.0892
    7.5000    7.5000    0.000015112.7119   15.0940
   -7.5000   15.0000    0.000014682.2900   15.0830
    0.0000   15.0000    0.000015405.0303   15.1012
    7.5000   15.0000    0.000014837.6182   15.1084
   -7.5000   22.5000    0.000014282.8525   15.0849
    0.0000   22.5000    0.000014983.4961   15.1027
    7.5000   22.5000    0.000014419.9229   15.1030
   -7.5000   30.0000    0.000013863.6709   14.8962
    0.0000   30.0000    0.000014568.0459   14.9116
    7.5000   30.0000    0.000013966.9688   14.9042
   -7.5000   37.5000    0.000013955.4287   14.8859
    0.0000   37.5000    0.000014646.9492   14.8993
    7.5000   37.5000    0.000014036.1396   14.8903
   -7.5000   45.0000    0.000013379.9951   14.5277
    0.0000   45.0000    0.000014013.1680   14.5404
    7.5000   45.0000    0.000013402.0674   14.5369
   -7.5000  -45.0000    7.5000 7733.0000   15.8633
    0.0000  -45.0000    7.5000 8147.7773   15.8816
    7.5000  -45.0000    7.5000 7873.2378   15.8761
   -7.5000  -37.5000    7.5000 8656.0322   15.4791
    0.0000  -37.5000    7.5000 9117.3320   15.5004
    7.5000  -37.5000    7.5000 8813.7959   15.5042
   -7.5000  -30.0000    7.5000 9935.5186   15.2251
    0.0000  -30.0000    7.500010455.3818   15.2486
    7.5000  -30.0000    7.500010084.0488   15.2555
   -7.5000  -22.5000    7.500011224.0000   15.0792
    0.0000  -22.5000    7.500011797.0488   15.1019
    7.5000  -22.5000    7.500011375.9756   15.1023
   -7.5000  -15.0000    7.500012481.3047   15.0590
    0.0000  -15.0000    7.500013129.3809   15.0797
    7.5000  -15.0000    7.500012639.0195   15.0726
   -7.5000   -7.5000    7.500013642.5547   15.0416
    0.0000   -7.5000    7.500014366.4941   15.0605
    7.5000   -7.5000    7.500013852.8789   15.0520
   -7.5000    0.0000    7.500014780.3457   15.0319
    0.0000    0.0000    7.500015540.2207   15.0505
    7.5000    0.0000    7.500014991.2373   15.0471
   -7.5000    7.5000    7.500014765.1504   15.0357
    0.0000    7.5000    7.500015522.0176   15.0564
    7.5000    7.5000    7.500015000.5684   15.0607
   -7.5000   15.0000    7.500014480.1436   15.0474
    0.0000   15.0000    7.500015228.1719   15.0704
    7.5000   15.0000    7.500014694.7549   15.0771
   -7.5000   22.5000    7.500014068.3809   15.0495
    0.0000   22.5000    7.500014748.1211   15.0722
    7.5000   22.5000    7.500014178.7246   15.0726
   -7.5000   30.0000    7.500013645.6191   14.8596
    0.0000   30.0000    7.500014304.9160   14.8800
    7.5000   30.0000    7.500013720.9873   14.8729
   -7.5000   37.5000    7.500013738.0039   14.8467
    0.0000   37.5000    7.500014361.9414   14.8654
    7.5000   37.5000    7.500013767.9287   14.8570
   -7.5000   45.0000    7.500013145.5430   14.4890
    0.0000   45.0000    7.500013717.5654   14.5070
    7.5000   45.0000    7.500013138.8271   14.5036
   -7.5000  -45.0000   15.0000 7515.4814   15.8445
    0.0000  -45.0000   15.0000 7916.2822   15.8599
    7.5000  -45.0000   15.0000 7654.9390   15.8600
   -7.5000  -37.5000   15.0000 8481.2529   15.4591
    0.0000  -37.5000   15.0000 8933.7969   15.4776
    7.5000  -37.5000   15.0000 8615.0986   15.4838
   -7.5000  -30.0000   15.0000 9748.1426   15.2023
    0.0000  -30.0000   15.000010260.4287   15.2231
    7.5000  -30.0000   15.0000 9879.7764   15.2304
   -7.5000  -22.5000   15.000010986.1719   15.0563
    0.0000  -22.5000   15.000011572.4893   15.0766
    7.5000  -22.5000   15.000011141.3291   15.0781
   -7.5000  -15.0000   15.000012195.9434   15.0383
    0.0000  -15.0000   15.000012852.7979   15.0564
    7.5000  -15.0000   15.000012356.8701   15.0528
   -7.5000   -7.5000   15.000013279.7109   15.0241
    0.0000   -7.5000   15.000014016.3936   15.0404
    7.5000   -7.5000   15.000013508.2666   15.0375
   -7.5000    0.0000   15.000014337.5029   15.0159
    0.0000    0.0000   15.000015124.2188   15.0318
    7.5000    0.0000   15.000014605.1699   15.0336
   -7.5000    7.5000   15.000014384.3076   15.0171
    0.0000    7.5000   15.000015233.1367   15.0351
    7.5000    7.5000   15.000014739.1211   15.0418
   -7.5000   15.0000   15.000014202.1855   15.0251
    0.0000   15.0000   15.000015020.9688   15.0455
    7.5000   15.0000   15.000014498.9844   15.0527
   -7.5000   22.5000   15.000013847.2588   15.0267
    0.0000   22.5000   15.000014433.0488   15.0469
    7.5000   22.5000   15.000013902.3145   15.0484
   -7.5000   30.0000   15.000013438.0850   14.8392
    0.0000   30.0000   15.000013942.9775   14.8570
    7.5000   30.0000   15.000013415.5469   14.8534
   -7.5000   37.5000   15.000013480.3799   14.8295
    0.0000   37.5000   15.000014017.5039   14.8456
    7.5000   37.5000   15.000013471.7227   14.8427
   -7.5000   45.0000   15.000012850.9951   14.4736
    0.0000   45.0000   15.000013411.4395   14.4889
    7.5000   45.0000   15.000012860.8184   14.4907
   -7.5000  -45.0000   22.5000 7234.4644   15.8742
    0.0000  -45.0000   22.5000 7619.9805   15.8790
    7.5000  -45.0000   22.5000 7346.2031   15.8843
   -7.5000  -37.5000   22.5000 8155.5679   15.4815
    0.0000  -37.5000   22.5000 8623.6680   15.4907
    7.5000  -37.5000   22.5000 8287.6406   15.5004
   -7.5000  -30.0000   22.5000 9379.1455   15.2171
    0.0000  -30.0000   22.5000 9903.1064   15.2302
    7.5000  -30.0000   22.5000 9531.6904   15.2388
   -7.5000  -22.5000   22.500010603.6816   15.0704
    0.0000  -22.5000   22.500011184.4062   15.0832
    7.5000  -22.5000   22.500010781.6074   15.0859
   -7.5000  -15.0000   22.500011788.8799   15.0576
    0.0000  -15.0000   22.500012426.2510   15.0680
    7.5000  -15.0000   22.500011975.1250   15.0672
   -7.5000   -7.5000   22.500012833.1211   15.0504
    0.0000   -7.5000   22.500013484.8740   15.0581
    7.5000   -7.5000   22.500013037.3506   15.0597
   -7.5000    0.0000   22.500013828.0596   15.0439
    0.0000    0.0000   22.500014496.3613   15.0506
    7.5000    0.0000   22.500014080.0898   15.0573
   -7.5000    7.5000   22.500013849.0322   15.0389
    0.0000    7.5000   22.500014635.3389   15.0482
    7.5000    7.5000   22.500014282.6650   15.0581
   -7.5000   15.0000   22.500013755.1797   15.0398
    0.0000   15.0000   22.500014500.6006   15.0526
    7.5000   15.0000   22.500014140.9092   15.0610
   -7.5000   22.5000   22.500013471.9473   15.0407
    0.0000   22.5000   22.500014018.1572   15.0535
    7.5000   22.5000   22.500013598.3184   15.0563
   -7.5000   30.0000   22.500013067.0664   14.8581
    0.0000   30.0000   22.500013601.0273   14.8684
    7.5000   30.0000   22.500013114.9951   14.8676
   -7.5000   37.5000   22.500013057.8594   14.8554
    0.0000   37.5000   22.500013694.4268   14.8631
    7.5000   37.5000   22.500013161.1211   14.8646
   -7.5000   45.0000   22.500012372.0566   14.5006
    0.0000   45.0000   22.500013029.6729   14.5071
    7.5000   45.0000   22.500012486.2256   14.5135
   -7.5000  -45.0000   30.0000 6847.7070   15.9183
    0.0000  -45.0000   30.0000 7221.2192   15.9163
    7.5000  -45.0000   30.0000 6947.8218   15.9211
   -7.5000  -37.5000   30.0000 7746.3682   15.5203
    0.0000  -37.5000   30.0000 8183.1885   15.5236
    7.5000  -37.5000   30.0000 7875.1543   15.5338
   -7.5000  -30.0000   30.0000 8925.2568   15.2517
    0.0000  -30.0000   30.0000 9414.6914   15.2595
    7.5000  -30.0000   30.0000 9076.2734   15.2685
   -7.5000  -22.5000   30.000010112.8086   15.1040
    0.0000  -22.5000   30.000010655.7998   15.1116
    7.5000  -22.5000   30.000010275.3193   15.1137
   -7.5000  -15.0000   30.000011234.5010   15.0940
    0.0000  -15.0000   30.000011839.5010   15.0989
    7.5000  -15.0000   30.000011433.9404   15.0967
   -7.5000   -7.5000   30.000012244.2520   15.0901
    0.0000   -7.5000   30.000012872.0166   15.0922
    7.5000   -7.5000   30.000012469.9971   15.0924
   -7.5000    0.0000   30.000013218.7666   15.0840
    0.0000    0.0000   30.000013869.9639   15.0850
    7.5000    0.0000   30.000013501.5371   15.0910
   -7.5000    7.5000   30.000013196.0244   15.0757
    0.0000    7.5000   30.000013897.6826   15.0795
    7.5000    7.5000   30.000013612.9600   15.0898
   -7.5000   15.0000   30.000013047.9316   15.0737
    0.0000   15.0000   30.000013786.3926   15.0813
    7.5000   15.0000   30.000013473.2422   15.0898
   -7.5000   22.5000   30.000012764.6992   15.0744
    0.0000   22.5000   30.000013483.5928   15.0819
    7.5000   22.5000   30.000013137.1865   15.0840
   -7.5000   30.0000   30.000012391.7266   14.8941
    0.0000   30.0000   30.000013138.5283   14.8990
    7.5000   30.0000   30.000012716.8955   14.8967
   -7.5000   37.5000   30.000012362.3545   14.8946
    0.0000   37.5000   30.000013120.6875   14.8967
    7.5000   37.5000   30.000012645.5703   14.8969
   -7.5000   45.0000   30.000011722.1465   14.5392
    0.0000   45.0000   30.000012394.3906   14.5402
    7.5000   45.0000   30.000011923.4004   14.5460
   -7.5000  -45.0000   37.5000 6664.1777   15.9435
    0.0000  -45.0000   37.5000 7013.3286   15.9457
    7.5000  -45.0000   37.5000 6741.5425   15.9449
   -7.5000  -37.5000   37.5000 7526.9619   15.5478
    0.0000  -37.5000   37.5000 7937.6196   15.5549
    7.5000  -37.5000   37.5000 7638.6729   15.5625
   -7.5000  -30.0000   37.5000 8675.6494   15.2829
    0.0000  -30.0000   37.5000 9158.6533   15.2937
    7.5000  -30.0000   37.5000 8815.1895   15.3019
   -7.5000  -22.5000   37.5000 9839.0107   15.1348
    0.0000  -22.5000   37.500010399.4756   15.1449
    7.5000  -22.5000   37.500010024.6523   15.1458
   -7.5000  -15.0000   37.500010969.2881   15.1213
    0.0000  -15.0000   37.500011604.3721   15.1289
    7.5000  -15.0000   37.500011193.8223   15.1236
   -7.5000   -7.5000   37.500012015.0889   15.1131
    0.0000   -7.5000   37.500012704.3887   15.1184
    7.5000   -7.5000   37.500012268.3770   15.1134
   -7.5000    0.0000   37.500012998.8555   15.1055
    0.0000    0.0000   37.500013753.5596   15.1104
    7.5000    0.0000   37.500013318.4414   15.1115
   -7.5000    7.5000   37.500012991.9082   15.1014
    0.0000    7.5000   37.500013737.6992   15.1088
    7.5000    7.5000   37.500013322.3428   15.1165
   -7.5000   15.0000   37.500012809.9482   15.1041
    0.0000   15.0000   37.500013467.8789   15.1146
    7.5000   15.0000   37.500013045.3340   15.1224
   -7.5000   22.5000   37.500012454.3525   15.1052
    0.0000   22.5000   37.500013074.4072   15.1152
    7.5000   22.5000   37.500012667.5771   15.1160
   -7.5000   30.0000   37.500012063.5889   14.9211
    0.0000   30.0000   37.500012702.4229   14.9286
    7.5000   30.0000   37.500012291.5391   14.9232
   -7.5000   37.5000   37.500012072.6377   14.9173
    0.0000   37.5000   37.500012722.4424   14.9226
    7.5000   37.5000   37.500012303.8848   14.9176
   -7.5000   45.0000   37.500011498.1992   14.5600
    0.0000   45.0000   37.500012089.6016   14.5647
    7.5000   45.0000   37.500011676.5332   14.5657
   -7.5000  -45.0000   45.0000 6094.0527   15.8421
    0.0000  -45.0000   45.0000 6413.7124   15.8539
    7.5000  -45.0000   45.0000 6159.4106   15.8480
   -7.5000  -37.5000   45.0000 6888.2446   15.4547
    0.0000  -37.5000   45.0000 7275.4297   15.4704
    7.5000  -37.5000   45.0000 6982.7065   15.4746
   -7.5000  -30.0000   45.0000 7952.4316   15.1978
    0.0000  -30.0000   45.0000 8411.3047   15.2164
    7.5000  -30.0000   45.0000 8074.1909   15.2236
   -7.5000  -22.5000   45.0000 9048.1611   15.0512
    0.0000  -22.5000   45.0000 9578.1182   15.0689
    7.5000  -22.5000   45.0000 9217.3574   15.0691
   -7.5000  -15.0000   45.000010121.0869   15.0328
    0.0000  -15.0000   45.000010706.9756   15.0483
    7.5000  -15.0000   45.000010296.1943   15.0407
   -7.5000   -7.5000   45.000011094.4365   15.0180
    0.0000   -7.5000   45.000011725.8486   15.0316
    7.5000   -7.5000   45.000011293.4629   15.0223
   -7.5000    0.0000   45.000012028.1299   15.0089
    0.0000    0.0000   45.000012709.2100   15.0222
    7.5000    0.0000   45.000012255.5791   15.0183
   -7.5000    7.5000   45.000012031.8652   15.0107
    0.0000    7.5000   45.000012684.8486   15.0261
    7.5000    7.5000   45.000012229.7422   15.0307
   -7.5000   15.0000   45.000011845.0537   15.0200
    0.0000   15.0000   45.000012437.1494   15.0380
    7.5000   15.0000   45.000011998.5332   15.0450
   -7.5000   22.5000   45.000011511.4355   15.0217
    0.0000   22.5000   45.000012060.5615   15.0393
    7.5000   22.5000   45.000011673.6074   15.0394
   -7.5000   30.0000   45.000011150.4404   14.8324
    0.0000   30.0000   45.000011676.6064   14.8477
    7.5000   30.0000   45.000011302.4082   14.8401
   -7.5000   37.5000   45.000011193.6709   14.8222
    0.0000   37.5000   45.000011722.3877   14.8356
    7.5000   37.5000   45.000011342.7607   14.8264
   -7.5000   45.0000   45.000010702.2764   14.4734
    0.0000   45.0000   45.000011198.0664   14.4862
    7.5000   45.0000   45.000010823.2324   14.4824

---------------------------------------------------------------------
imgreg_4dfp /opt/freesurfer/average/711-2C_as_mni_average_305 /opt/freesurfer/average/711-2B_as_mni_average_305_mask talsrcimg_g11 none talsrcimg_to_711-2C_as_mni_average_305_t4 4355
---------------------------------------------------------------------

freesurfer imgreg_4dfp.c
/opt/freesurfer/average/711-2C_as_mni_average_305.4dfp.img
       256       256       256         1
  1.000000  1.000000  1.000000
orientation T byte_order littleendian
Reading image: /opt/freesurfer/average/711-2C_as_mni_average_305.4dfp.img
dimensions:      256       256       256
mmppix:       1.0000   -1.0000   -1.0000
center:     128.0000 -129.0000 -129.0000
/opt/freesurfer/average/711-2B_as_mni_average_305_mask.4dfp.img
       256       256       256         1
  1.000000  1.000000  1.000000
orientation T byte_order littleendian
Reading mask: /opt/freesurfer/average/711-2B_as_mni_average_305_mask.4dfp.img (2306576 pixels)
talsrcimg_g11.4dfp.img
       256       256       256         1
  1.000000  1.000000  1.000000
orientation T byte_order littleendian
Reading image: talsrcimg_g11.4dfp.img
dimensions:      256       256       256
mmppix:       1.0000   -1.0000   -1.0000
center:     128.0000 -129.0000 -129.0000
rotation matrix determinant  1.000000
image alignment mode   4355 decimal     1103 hex
   -7.5000  -45.0000  -45.0000 1445.4260   27.4281
    0.0000  -45.0000  -45.0000 1472.6902   26.8368
    7.5000  -45.0000  -45.0000 1477.5454   26.6480
   -7.5000  -37.5000  -45.0000 1561.0676   23.7849
    0.0000  -37.5000  -45.0000 1593.5111   23.3273
    7.5000  -37.5000  -45.0000 1603.2886   23.1261
   -7.5000  -30.0000  -45.0000 1678.8917   20.9372
    0.0000  -30.0000  -45.0000 1706.2726   20.5615
    7.5000  -30.0000  -45.0000 1716.4106   20.4564
   -7.5000  -22.5000  -45.0000 1788.1021   18.6332
    0.0000  -22.5000  -45.0000 1811.4026   18.2656
    7.5000  -22.5000  -45.0000 1820.6617   18.2309
   -7.5000  -15.0000  -45.0000 1872.7828   16.7774
    0.0000  -15.0000  -45.0000 1894.4213   16.4399
    7.5000  -15.0000  -45.0000 1905.2075   16.3872
   -7.5000   -7.5000  -45.0000 1954.7173   15.3693
    0.0000   -7.5000  -45.0000 1973.8849   15.0577
    7.5000   -7.5000  -45.0000 1985.5967   15.0281
   -7.5000    0.0000  -45.0000 2015.6398   14.3833
    0.0000    0.0000  -45.0000 2040.0215   14.1099
    7.5000    0.0000  -45.0000 2045.4567   14.0714
   -7.5000    7.5000  -45.0000 2051.3965   13.7896
    0.0000    7.5000  -45.0000 2079.5627   13.5138
    7.5000    7.5000  -45.0000 2085.6995   13.4367
   -7.5000   15.0000  -45.0000 2063.6948   13.5115
    0.0000   15.0000  -45.0000 2092.1777   13.2021
    7.5000   15.0000  -45.0000 2104.0347   13.1249
   -7.5000   22.5000  -45.0000 2067.8965   13.4979
    0.0000   22.5000  -45.0000 2092.7876   13.1753
    7.5000   22.5000  -45.0000 2105.3596   13.1183
   -7.5000   30.0000  -45.0000 2050.9775   13.7827
    0.0000   30.0000  -45.0000 2081.2358   13.4389
    7.5000   30.0000  -45.0000 2094.1626   13.3708
   -7.5000   37.5000  -45.0000 2016.4845   14.4394
    0.0000   37.5000  -45.0000 2047.4395   14.0972
    7.5000   37.5000  -45.0000 2062.3022   14.0012
   -7.5000   45.0000  -45.0000 1966.6978   15.3644
    0.0000   45.0000  -45.0000 1997.6138   14.9936
    7.5000   45.0000  -45.0000 2009.4430   14.8449
   -7.5000  -45.0000  -37.5000 1521.0397   25.0660
    0.0000  -45.0000  -37.5000 1548.0094   24.6182
    7.5000  -45.0000  -37.5000 1549.9152   24.5124
   -7.5000  -37.5000  -37.5000 1638.7104   21.7383
    0.0000  -37.5000  -37.5000 1662.0452   21.2962
    7.5000  -37.5000  -37.5000 1671.0312   21.2346
   -7.5000  -30.0000  -37.5000 1757.1545   19.1473
    0.0000  -30.0000  -37.5000 1779.5314   18.7295
    7.5000  -30.0000  -37.5000 1789.0054   18.6781
   -7.5000  -22.5000  -37.5000 1871.7822   17.0030
    0.0000  -22.5000  -37.5000 1895.6616   16.6565
    7.5000  -22.5000  -37.5000 1903.9453   16.6379
   -7.5000  -15.0000  -37.5000 1962.7534   15.3218
    0.0000  -15.0000  -37.5000 1988.4165   15.0419
    7.5000  -15.0000  -37.5000 1998.7820   15.0042
   -7.5000   -7.5000  -37.5000 2056.1880   14.0541
    0.0000   -7.5000  -37.5000 2079.8730   13.8178
    7.5000   -7.5000  -37.5000 2091.3767   13.7722
   -7.5000    0.0000  -37.5000 2133.1531   13.1206
    0.0000    0.0000  -37.5000 2153.8774   12.9175
    7.5000    0.0000  -37.5000 2165.3940   12.8885
   -7.5000    7.5000  -37.5000 2163.0725   12.5860
    0.0000    7.5000  -37.5000 2186.5918   12.3628
    7.5000    7.5000  -37.5000 2198.2822   12.3277
   -7.5000   15.0000  -37.5000 2172.2644   12.3077
    0.0000   15.0000  -37.5000 2198.6448   12.0698
    7.5000   15.0000  -37.5000 2209.9971   12.0205
   -7.5000   22.5000  -37.5000 2168.1416   12.2892
    0.0000   22.5000  -37.5000 2199.8584   12.0144
    7.5000   22.5000  -37.5000 2209.3784   11.9698
   -7.5000   30.0000  -37.5000 2154.0645   12.4494
    0.0000   30.0000  -37.5000 2185.3726   12.1629
    7.5000   30.0000  -37.5000 2195.8735   12.1337
   -7.5000   37.5000  -37.5000 2118.0120   13.0061
    0.0000   37.5000  -37.5000 2153.0159   12.6933
    7.5000   37.5000  -37.5000 2164.9041   12.6269
   -7.5000   45.0000  -37.5000 2071.3420   13.8129
    0.0000   45.0000  -37.5000 2104.9172   13.4696
    7.5000   45.0000  -37.5000 2115.6741   13.3680
   -7.5000  -45.0000  -30.0000 1612.5532   24.0104
    0.0000  -45.0000  -30.0000 1637.0155   23.4830
    7.5000  -45.0000  -30.0000 1640.9020   23.4585
   -7.5000  -37.5000  -30.0000 1738.3776   20.7079
    0.0000  -37.5000  -30.0000 1759.8673   20.2513
    7.5000  -37.5000  -30.0000 1770.4609   20.2692
   -7.5000  -30.0000  -30.0000 1865.0267   18.1137
    0.0000  -30.0000  -30.0000 1887.2761   17.7718
    7.5000  -30.0000  -30.0000 1897.2062   17.7833
   -7.5000  -22.5000  -30.0000 1987.7911   16.1140
    0.0000  -22.5000  -30.0000 2014.9240   15.8317
    7.5000  -22.5000  -30.0000 2024.6727   15.8207
   -7.5000  -15.0000  -30.0000 2097.5679   14.5522
    0.0000  -15.0000  -30.0000 2126.8784   14.2796
    7.5000  -15.0000  -30.0000 2134.7046   14.2588
   -7.5000   -7.5000  -30.0000 2201.3738   13.3633
    0.0000   -7.5000  -30.0000 2228.8918   13.1314
    7.5000   -7.5000  -30.0000 2237.1987   13.0910
   -7.5000    0.0000  -30.0000 2279.0049   12.4796
    0.0000    0.0000  -30.0000 2306.0767   12.2708
    7.5000    0.0000  -30.0000 2313.7249   12.2461
   -7.5000    7.5000  -30.0000 2311.0029   11.9432
    0.0000    7.5000  -30.0000 2341.3940   11.7393
    7.5000    7.5000  -30.0000 2349.3855   11.7008
   -7.5000   15.0000  -30.0000 2321.3284   11.6531
    0.0000   15.0000  -30.0000 2352.1018   11.4286
    7.5000   15.0000  -30.0000 2361.3623   11.4050
   -7.5000   22.5000  -30.0000 2319.4131   11.5942
    0.0000   22.5000  -30.0000 2352.5161   11.3402
    7.5000   22.5000  -30.0000 2363.3989   11.3216
   -7.5000   30.0000  -30.0000 2302.0859   11.7485
    0.0000   30.0000  -30.0000 2333.9583   11.4815
    7.5000   30.0000  -30.0000 2346.9966   11.4701
   -7.5000   37.5000  -30.0000 2266.5269   12.2459
    0.0000   37.5000  -30.0000 2304.5142   11.9324
    7.5000   37.5000  -30.0000 2320.0737   11.8945
   -7.5000   45.0000  -30.0000 2215.7983   12.9918
    0.0000   45.0000  -30.0000 2253.4932   12.6380
    7.5000   45.0000  -30.0000 2266.4802   12.6038
   -7.5000  -45.0000  -22.5000 1680.5050   22.8031
    0.0000  -45.0000  -22.5000 1704.1606   22.3231
    7.5000  -45.0000  -22.5000 1709.9200   22.3274
   -7.5000  -37.5000  -22.5000 1813.8656   19.6487
    0.0000  -37.5000  -22.5000 1835.4031   19.2240
    7.5000  -37.5000  -22.5000 1847.8096   19.2256
   -7.5000  -30.0000  -22.5000 1949.6515   17.1969
    0.0000  -30.0000  -22.5000 1972.3240   16.8655
    7.5000  -30.0000  -22.5000 1983.1555   16.8907
   -7.5000  -22.5000  -22.5000 2085.7783   15.3243
    0.0000  -22.5000  -22.5000 2113.3511   15.0668
    7.5000  -22.5000  -22.5000 2122.0125   15.0243
   -7.5000  -15.0000  -22.5000 2207.8079   13.8283
    0.0000  -15.0000  -22.5000 2238.5613   13.5687
    7.5000  -15.0000  -22.5000 2245.5176   13.5617
   -7.5000   -7.5000  -22.5000 2313.0322   12.6671
    0.0000   -7.5000  -22.5000 2346.7944   12.4154
    7.5000   -7.5000  -22.5000 2349.1758   12.4132
   -7.5000    0.0000  -22.5000 2390.3081   11.8083
    0.0000    0.0000  -22.5000 2426.5879   11.5827
    7.5000    0.0000  -22.5000 2429.4009   11.5816
   -7.5000    7.5000  -22.5000 2434.0647   11.2823
    0.0000    7.5000  -22.5000 2469.5845   11.0476
    7.5000    7.5000  -22.5000 2476.4102   11.0381
   -7.5000   15.0000  -22.5000 2454.1719   10.9578
    0.0000   15.0000  -22.5000 2488.2595   10.7353
    7.5000   15.0000  -22.5000 2495.8113   10.7290
   -7.5000   22.5000  -22.5000 2460.3125   10.8758
    0.0000   22.5000  -22.5000 2493.6838   10.6498
    7.5000   22.5000  -22.5000 2500.5364   10.6382
   -7.5000   30.0000  -22.5000 2435.3740   11.0296
    0.0000   30.0000  -22.5000 2472.5388   10.7827
    7.5000   30.0000  -22.5000 2484.3225   10.7911
   -7.5000   37.5000  -22.5000 2394.0339   11.4697
    0.0000   37.5000  -22.5000 2436.1316   11.1892
    7.5000   37.5000  -22.5000 2453.8884   11.1688
   -7.5000   45.0000  -22.5000 2339.4983   12.1774
    0.0000   45.0000  -22.5000 2379.9463   11.8720
    7.5000   45.0000  -22.5000 2393.4497   11.8601
   -7.5000  -45.0000  -15.0000 1722.7975   21.8445
    0.0000  -45.0000  -15.0000 1746.3499   21.3934
    7.5000  -45.0000  -15.0000 1758.8080   21.3729
   -7.5000  -37.5000  -15.0000 1868.7976   18.7434
    0.0000  -37.5000  -15.0000 1892.6226   18.4023
    7.5000  -37.5000  -15.0000 1901.0308   18.3749
   -7.5000  -30.0000  -15.0000 2009.8639   16.3956
    0.0000  -30.0000  -15.0000 2038.1305   16.1068
    7.5000  -30.0000  -15.0000 2048.2869   16.0964
   -7.5000  -22.5000  -15.0000 2153.6069   14.5803
    0.0000  -22.5000  -15.0000 2187.5823   14.3226
    7.5000  -22.5000  -15.0000 2192.2239   14.3011
   -7.5000  -15.0000  -15.0000 2278.6523   13.1451
    0.0000  -15.0000  -15.0000 2312.0181   12.8997
    7.5000  -15.0000  -15.0000 2318.4451   12.8910
   -7.5000   -7.5000  -15.0000 2388.3740   12.0044
    0.0000   -7.5000  -15.0000 2425.2551   11.7782
    7.5000   -7.5000  -15.0000 2426.8655   11.7761
   -7.5000    0.0000  -15.0000 2470.6680   11.1608
    0.0000    0.0000  -15.0000 2510.5457   10.9442
    7.5000    0.0000  -15.0000 2513.0554   10.9399
   -7.5000    7.5000  -15.0000 2522.5718   10.6265
    0.0000    7.5000  -15.0000 2562.7637   10.4022
    7.5000    7.5000  -15.0000 2573.4255   10.4005
   -7.5000   15.0000  -15.0000 2555.3228   10.3055
    0.0000   15.0000  -15.0000 2595.9067   10.0894
    7.5000   15.0000  -15.0000 2603.2205   10.0862
   -7.5000   22.5000  -15.0000 2569.4954   10.1869
    0.0000   22.5000  -15.0000 2611.9580    9.9918
    7.5000   22.5000  -15.0000 2616.7361    9.9839
   -7.5000   30.0000  -15.0000 2548.4431   10.3056
    0.0000   30.0000  -15.0000 2592.1555   10.1077
    7.5000   30.0000  -15.0000 2600.1133   10.1317
   -7.5000   37.5000  -15.0000 2504.2290   10.7438
    0.0000   37.5000  -15.0000 2550.8203   10.5098
    7.5000   37.5000  -15.0000 2562.8069   10.5038
   -7.5000   45.0000  -15.0000 2441.1470   11.3971
    0.0000   45.0000  -15.0000 2489.0911   11.1420
    7.5000   45.0000  -15.0000 2500.5186   11.1420
   -7.5000  -45.0000   -7.5000 1754.9838   20.9469
    0.0000  -45.0000   -7.5000 1775.6304   20.5706
    7.5000  -45.0000   -7.5000 1791.4315   20.5503
   -7.5000  -37.5000   -7.5000 1909.5751   17.9178
    0.0000  -37.5000   -7.5000 1934.2544   17.6379
    7.5000  -37.5000   -7.5000 1941.7888   17.6431
   -7.5000  -30.0000   -7.5000 2058.3816   15.6507
    0.0000  -30.0000   -7.5000 2090.4392   15.4014
    7.5000  -30.0000   -7.5000 2096.4561   15.4157
   -7.5000  -22.5000   -7.5000 2203.4314   13.8923
    0.0000  -22.5000   -7.5000 2236.8518   13.6471
    7.5000  -22.5000   -7.5000 2242.5591   13.6469
   -7.5000  -15.0000   -7.5000 2332.3765   12.4827
    0.0000  -15.0000   -7.5000 2364.8225   12.2467
    7.5000  -15.0000   -7.5000 2368.9771   12.2487
   -7.5000   -7.5000   -7.5000 2442.2344   11.3783
    0.0000   -7.5000   -7.5000 2482.9473   11.1561
    7.5000   -7.5000   -7.5000 2482.6196   11.1619
   -7.5000    0.0000   -7.5000 2530.1472   10.5434
    0.0000    0.0000   -7.5000 2570.1052   10.3541
    7.5000    0.0000   -7.5000 2577.2786   10.3583
   -7.5000    7.5000   -7.5000 2595.3301   10.0172
    0.0000    7.5000   -7.5000 2637.3694    9.8108
    7.5000    7.5000   -7.5000 2649.3022    9.8167
   -7.5000   15.0000   -7.5000 2640.5168    9.6731
    0.0000   15.0000   -7.5000 2684.8135    9.4837
    7.5000   15.0000   -7.5000 2691.2302    9.4958
   -7.5000   22.5000   -7.5000 2658.6870    9.5280
    0.0000   22.5000   -7.5000 2707.9097    9.3533
    7.5000   22.5000   -7.5000 2713.9492    9.3832
   -7.5000   30.0000   -7.5000 2644.6157    9.6488
    0.0000   30.0000   -7.5000 2697.0059    9.4587
    7.5000   30.0000   -7.5000 2703.5669    9.4893
   -7.5000   37.5000   -7.5000 2604.0422   10.0561
    0.0000   37.5000   -7.5000 2657.7983    9.8492
    7.5000   37.5000   -7.5000 2668.0054    9.8574
   -7.5000   45.0000   -7.5000 2539.5107   10.6776
    0.0000   45.0000   -7.5000 2588.7695   10.4458
    7.5000   45.0000   -7.5000 2599.7397   10.4724
   -7.5000  -45.0000    0.0000 1781.7328   20.2865
    0.0000  -45.0000    0.0000 1804.6095   19.9372
    7.5000  -45.0000    0.0000 1814.2100   19.9336
   -7.5000  -37.5000    0.0000 1940.7913   17.3254
    0.0000  -37.5000    0.0000 1969.6923   17.0722
    7.5000  -37.5000    0.0000 1975.3844   17.1072
   -7.5000  -30.0000    0.0000 2095.1694   15.0937
    0.0000  -30.0000    0.0000 2123.1365   14.8467
    7.5000  -30.0000    0.0000 2130.7327   14.8963
   -7.5000  -22.5000    0.0000 2238.5237   13.3309
    0.0000  -22.5000    0.0000 2269.7788   13.1165
    7.5000  -22.5000    0.0000 2274.6519   13.1317
   -7.5000  -15.0000    0.0000 2367.9331   11.9321
    0.0000  -15.0000    0.0000 2399.4417   11.7341
    7.5000  -15.0000    0.0000 2404.5088   11.7523
   -7.5000   -7.5000    0.0000 2478.1599   10.8570
    0.0000   -7.5000    0.0000 2517.0146   10.6665
    7.5000   -7.5000    0.0000 2526.4465   10.6923
   -7.5000    0.0000    0.0000 2574.9834   10.0566
    0.0000    0.0000    0.0000 2621.6436    9.8737
    7.5000    0.0000    0.0000 2633.1692    9.8959
   -7.5000    7.5000    0.0000 2657.9546    9.5104
    0.0000    7.5000    0.0000 2709.1003    9.3466
    7.5000    7.5000    0.0000 2722.1047    9.3574
   -7.5000   15.0000    0.0000 2714.0793    9.1576
    0.0000   15.0000    0.0000 2766.8008    8.9937
    7.5000   15.0000    0.0000 2775.7617    9.0231
   -7.5000   22.5000    0.0000 2740.6760    8.9996
    0.0000   22.5000    0.0000 2796.1125    8.8206
    7.5000   22.5000    0.0000 2799.8694    8.8762
   -7.5000   30.0000    0.0000 2737.0149    9.1051
    0.0000   30.0000    0.0000 2792.7922    8.9247
    7.5000   30.0000    0.0000 2798.0496    8.9553
   -7.5000   37.5000    0.0000 2696.3342    9.4703
    0.0000   37.5000    0.0000 2751.4158    9.2936
    7.5000   37.5000    0.0000 2762.1267    9.3110
   -7.5000   45.0000    0.0000 2623.5017   10.0694
    0.0000   45.0000    0.0000 2673.2681    9.8729
    7.5000   45.0000    0.0000 2682.8486    9.8912
   -7.5000  -45.0000    7.5000 1796.8893   19.9615
    0.0000  -45.0000    7.5000 1824.3167   19.6175
    7.5000  -45.0000    7.5000 1831.3556   19.6790
   -7.5000  -37.5000    7.5000 1961.4065   16.9934
    0.0000  -37.5000    7.5000 1993.9921   16.7131
    7.5000  -37.5000    7.5000 1998.6414   16.8040
   -7.5000  -30.0000    7.5000 2112.1716   14.7240
    0.0000  -30.0000    7.5000 2145.9465   14.4841
    7.5000  -30.0000    7.5000 2148.4182   14.5539
   -7.5000  -22.5000    7.5000 2255.8181   12.9480
    0.0000  -22.5000    7.5000 2290.8850   12.7204
    7.5000  -22.5000    7.5000 2294.5469   12.7746
   -7.5000  -15.0000    7.5000 2388.4373   11.5531
    0.0000  -15.0000    7.5000 2423.5598   11.3543
    7.5000  -15.0000    7.5000 2425.5127   11.3934
   -7.5000   -7.5000    7.5000 2503.7729   10.4798
    0.0000   -7.5000    7.5000 2545.0015   10.3031
    7.5000   -7.5000    7.5000 2554.8464   10.3441
   -7.5000    0.0000    7.5000 2612.1726    9.7010
    0.0000    0.0000    7.5000 2661.7290    9.5173
    7.5000    0.0000    7.5000 2672.8569    9.5593
   -7.5000    7.5000    7.5000 2712.2168    9.1692
    0.0000    7.5000    7.5000 2766.8896    8.9924
    7.5000    7.5000    7.5000 2779.7749    9.0310
   -7.5000   15.0000    7.5000 2781.1565    8.7995
    0.0000   15.0000    7.5000 2840.6414    8.6270
    7.5000   15.0000    7.5000 2854.1575    8.6722
   -7.5000   22.5000    7.5000 2817.9463    8.6438
    0.0000   22.5000    7.5000 2879.8970    8.4369
    7.5000   22.5000    7.5000 2886.5918    8.4682
   -7.5000   30.0000    7.5000 2816.9800    8.7300
    0.0000   30.0000    7.5000 2875.1270    8.5509
    7.5000   30.0000    7.5000 2875.6521    8.5650
   -7.5000   37.5000    7.5000 2769.0896    9.0863
    0.0000   37.5000    7.5000 2823.0764    8.8964
    7.5000   37.5000    7.5000 2829.8975    8.9161
   -7.5000   45.0000    7.5000 2686.2751    9.6530
    0.0000   45.0000    7.5000 2735.2317    9.4246
    7.5000   45.0000    7.5000 2744.8418    9.4395
   -7.5000  -45.0000   15.0000 1792.4448   19.8640
    0.0000  -45.0000   15.0000 1823.4376   19.5348
    7.5000  -45.0000   15.0000 1827.4719   19.6852
   -7.5000  -37.5000   15.0000 1968.0903   16.9662
    0.0000  -37.5000   15.0000 2004.5974   16.6281
    7.5000  -37.5000   15.0000 2003.7096   16.7793
   -7.5000  -30.0000   15.0000 2121.9646   14.6433
    0.0000  -30.0000   15.0000 2155.2148   14.3629
    7.5000  -30.0000   15.0000 2155.0308   14.4642
   -7.5000  -22.5000   15.0000 2261.7000   12.8027
    0.0000  -22.5000   15.0000 2296.4021   12.5722
    7.5000  -22.5000   15.0000 2296.4983   12.6284
   -7.5000  -15.0000   15.0000 2395.4900   11.3710
    0.0000  -15.0000   15.0000 2429.8691   11.1751
    7.5000  -15.0000   15.0000 2427.5740   11.2200
   -7.5000   -7.5000   15.0000 2511.0581   10.2737
    0.0000   -7.5000   15.0000 2555.5137   10.0956
    7.5000   -7.5000   15.0000 2559.6394   10.1541
   -7.5000    0.0000   15.0000 2625.7791    9.4852
    0.0000    0.0000   15.0000 2675.5591    9.3051
    7.5000    0.0000   15.0000 2684.2671    9.3694
   -7.5000    7.5000   15.0000 2737.6218    8.9679
    0.0000    7.5000   15.0000 2793.5132    8.7839
    7.5000    7.5000   15.0000 2802.2175    8.8445
   -7.5000   15.0000   15.0000 2825.0774    8.6205
    0.0000   15.0000   15.0000 2885.9065    8.4367
    7.5000   15.0000   15.0000 2901.8416    8.4847
   -7.5000   22.5000   15.0000 2872.3774    8.4604
    0.0000   22.5000   15.0000 2941.8740    8.2221
    7.5000   22.5000   15.0000 2948.4709    8.2460
   -7.5000   30.0000   15.0000 2872.7446    8.5561
    0.0000   30.0000   15.0000 2935.2202    8.3070
    7.5000   30.0000   15.0000 2934.9219    8.3378
   -7.5000   37.5000   15.0000 2813.4883    8.8935
    0.0000   37.5000   15.0000 2867.2031    8.6713
    7.5000   37.5000   15.0000 2869.4468    8.7011
   -7.5000   45.0000   15.0000 2720.3857    9.4309
    0.0000   45.0000   15.0000 2773.8037    9.2006
    7.5000   45.0000   15.0000 2778.5740    9.2051
   -7.5000  -45.0000   22.5000 1777.2986   20.1438
    0.0000  -45.0000   22.5000 1807.1000   19.7724
    7.5000  -45.0000   22.5000 1806.9133   19.9535
   -7.5000  -37.5000   22.5000 1956.1775   17.0607
    0.0000  -37.5000   22.5000 1993.4445   16.7685
    7.5000  -37.5000   22.5000 1989.7128   16.9010
   -7.5000  -30.0000   22.5000 2113.5569   14.6433
    0.0000  -30.0000   22.5000 2147.1565   14.4186
    7.5000  -30.0000   22.5000 2141.3662   14.5093
   -7.5000  -22.5000   22.5000 2256.9321   12.7931
    0.0000  -22.5000   22.5000 2288.3367   12.5693
    7.5000  -22.5000   22.5000 2285.5610   12.6809
   -7.5000  -15.0000   22.5000 2386.3813   11.3751
    0.0000  -15.0000   22.5000 2421.9204   11.1581
    7.5000  -15.0000   22.5000 2418.9902   11.2601
   -7.5000   -7.5000   22.5000 2504.8096   10.2861
    0.0000   -7.5000   22.5000 2544.1758   10.0572
    7.5000   -7.5000   22.5000 2546.5481   10.1597
   -7.5000    0.0000   22.5000 2624.8567    9.4863
    0.0000    0.0000   22.5000 2670.9292    9.2426
    7.5000    0.0000   22.5000 2677.8223    9.3469
   -7.5000    7.5000   22.5000 2746.1509    8.9522
    0.0000    7.5000   22.5000 2794.0806    8.7159
    7.5000    7.5000   22.5000 2797.6685    8.8276
   -7.5000   15.0000   22.5000 2840.4229    8.6333
    0.0000   15.0000   22.5000 2894.0786    8.4495
    7.5000   15.0000   22.5000 2906.5586    8.5409
   -7.5000   22.5000   22.5000 2900.9575    8.5022
    0.0000   22.5000   22.5000 2966.9219    8.2565
    7.5000   22.5000   22.5000 2971.3894    8.3305
   -7.5000   30.0000   22.5000 2897.7070    8.5681
    0.0000   30.0000   22.5000 2967.5984    8.3299
    7.5000   30.0000   22.5000 2964.1125    8.3794
   -7.5000   37.5000   22.5000 2827.4426    8.8554
    0.0000   37.5000   22.5000 2891.9004    8.6805
    7.5000   37.5000   22.5000 2892.2786    8.7150
   -7.5000   45.0000   22.5000 2726.8618    9.3540
    0.0000   45.0000   22.5000 2782.0332    9.1760
    7.5000   45.0000   22.5000 2784.4751    9.1853
   -7.5000  -45.0000   30.0000 1743.5403   20.7577
    0.0000  -45.0000   30.0000 1768.8618   20.4212
    7.5000  -45.0000   30.0000 1768.8640   20.6073
   -7.5000  -37.5000   30.0000 1925.9264   17.5090
    0.0000  -37.5000   30.0000 1957.4315   17.2131
    7.5000  -37.5000   30.0000 1956.0140   17.3694
   -7.5000  -30.0000   30.0000 2084.7419   14.9760
    0.0000  -30.0000   30.0000 2117.1589   14.6983
    7.5000  -30.0000   30.0000 2112.6472   14.8561
   -7.5000  -22.5000   30.0000 2236.6753   13.0378
    0.0000  -22.5000   30.0000 2267.1763   12.7765
    7.5000  -22.5000   30.0000 2264.3464   12.9223
   -7.5000  -15.0000   30.0000 2371.3301   11.5749
    0.0000  -15.0000   30.0000 2402.1975   11.3283
    7.5000  -15.0000   30.0000 2400.7915   11.4573
   -7.5000   -7.5000   30.0000 2490.8733   10.4890
    0.0000   -7.5000   30.0000 2522.9727   10.2430
    7.5000   -7.5000   30.0000 2523.3809   10.3547
   -7.5000    0.0000   30.0000 2610.1724    9.7038
    0.0000    0.0000   30.0000 2648.9404    9.4587
    7.5000    0.0000   30.0000 2652.7014    9.5796
   -7.5000    7.5000   30.0000 2729.3281    9.1508
    0.0000    7.5000   30.0000 2772.6541    8.9376
    7.5000    7.5000   30.0000 2772.8965    9.0768
   -7.5000   15.0000   30.0000 2824.8662    8.7988
    0.0000   15.0000   30.0000 2875.9832    8.6235
    7.5000   15.0000   30.0000 2879.2144    8.7607
   -7.5000   22.5000   30.0000 2872.7148    8.6776
    0.0000   22.5000   30.0000 2933.8032    8.4869
    7.5000   22.5000   30.0000 2937.1663    8.5904
   -7.5000   30.0000   30.0000 2869.1094    8.7483
    0.0000   30.0000   30.0000 2934.3926    8.6065
    7.5000   30.0000   30.0000 2932.5464    8.6743
   -7.5000   37.5000   30.0000 2806.2117    8.9915
    0.0000   37.5000   30.0000 2867.6831    8.8695
    7.5000   37.5000   30.0000 2862.4226    8.9287
   -7.5000   45.0000   30.0000 2706.1853    9.4987
    0.0000   45.0000   30.0000 2759.0815    9.3382
    7.5000   45.0000   30.0000 2758.4409    9.3847
   -7.5000  -45.0000   37.5000 1705.0518   21.7980
    0.0000  -45.0000   37.5000 1724.0469   21.4638
    7.5000  -45.0000   37.5000 1725.9877   21.6045
   -7.5000  -37.5000   37.5000 1883.9854   18.2228
    0.0000  -37.5000   37.5000 1908.3331   17.9382
    7.5000  -37.5000   37.5000 1910.7452   18.0746
   -7.5000  -30.0000   37.5000 2048.6743   15.5348
    0.0000  -30.0000   37.5000 2074.5801   15.2592
    7.5000  -30.0000   37.5000 2072.9177   15.4160
   -7.5000  -22.5000   37.5000 2207.3140   13.5142
    0.0000  -22.5000   37.5000 2234.7461   13.2769
    7.5000  -22.5000   37.5000 2232.6130   13.4088
   -7.5000  -15.0000   37.5000 2347.1785   11.9993
    0.0000  -15.0000   37.5000 2376.1860   11.7972
    7.5000  -15.0000   37.5000 2368.5205   11.9394
   -7.5000   -7.5000   37.5000 2466.2388   10.9154
    0.0000   -7.5000   37.5000 2499.8477   10.7236
    7.5000   -7.5000   37.5000 2490.4773   10.8454
   -7.5000    0.0000   37.5000 2581.9204   10.1212
    0.0000    0.0000   37.5000 2621.9285    9.9312
    7.5000    0.0000   37.5000 2614.5386   10.0418
   -7.5000    7.5000   37.5000 2696.5107    9.5419
    0.0000    7.5000   37.5000 2737.9783    9.3764
    7.5000    7.5000   37.5000 2728.7971    9.4813
   -7.5000   15.0000   37.5000 2780.5291    9.1776
    0.0000   15.0000   37.5000 2824.4888    8.9686
    7.5000   15.0000   37.5000 2822.8787    9.0463
   -7.5000   22.5000   37.5000 2816.6887    9.0101
    0.0000   22.5000   37.5000 2866.2917    8.7998
    7.5000   22.5000   37.5000 2869.8669    8.8623
   -7.5000   30.0000   37.5000 2809.2671    9.0574
    0.0000   30.0000   37.5000 2860.7434    8.8895
    7.5000   30.0000   37.5000 2863.7095    8.9391
   -7.5000   37.5000   37.5000 2755.1250    9.3115
    0.0000   37.5000   37.5000 2802.3071    9.1715
    7.5000   37.5000   37.5000 2802.3325    9.2310
   -7.5000   45.0000   37.5000 2663.5994    9.8251
    0.0000   45.0000   37.5000 2705.8037    9.6695
    7.5000   45.0000   37.5000 2706.1113    9.7120
   -7.5000  -45.0000   45.0000 1659.5458   23.0257
    0.0000  -45.0000   45.0000 1675.9998   22.7392
    7.5000  -45.0000   45.0000 1674.2244   22.8513
   -7.5000  -37.5000   45.0000 1837.2965   19.1770
    0.0000  -37.5000   45.0000 1857.9517   18.9457
    7.5000  -37.5000   45.0000 1854.9957   19.0718
   -7.5000  -30.0000   45.0000 2004.6824   16.3510
    0.0000  -30.0000   45.0000 2027.8578   16.1071
    7.5000  -30.0000   45.0000 2019.8350   16.2180
   -7.5000  -22.5000   45.0000 2167.7822   14.2159
    0.0000  -22.5000   45.0000 2192.1023   14.0251
    7.5000  -22.5000   45.0000 2184.4661   14.1462
   -7.5000  -15.0000   45.0000 2311.3035   12.6491
    0.0000  -15.0000   45.0000 2338.6033   12.4573
    7.5000  -15.0000   45.0000 2326.3494   12.5687
   -7.5000   -7.5000   45.0000 2427.8638   11.5151
    0.0000   -7.5000   45.0000 2459.6699   11.3229
    7.5000   -7.5000   45.0000 2448.7886   11.4174
   -7.5000    0.0000   45.0000 2541.5483   10.6796
    0.0000    0.0000   45.0000 2577.5603   10.4864
    7.5000    0.0000   45.0000 2568.0310   10.5730
   -7.5000    7.5000   45.0000 2645.3127   10.0841
    0.0000    7.5000   45.0000 2686.1221    9.8790
    7.5000    7.5000   45.0000 2673.9241    9.9410
   -7.5000   15.0000   45.0000 2711.7837    9.6877
    0.0000   15.0000   45.0000 2757.4226    9.4522
    7.5000   15.0000   45.0000 2750.4023    9.5100
   -7.5000   22.5000   45.0000 2741.9165    9.4904
    0.0000   22.5000   45.0000 2785.6216    9.2855
    7.5000   22.5000   45.0000 2785.4531    9.3317
   -7.5000   30.0000   45.0000 2730.2878    9.5444
    0.0000   30.0000   45.0000 2771.0537    9.3519
    7.5000   30.0000   45.0000 2774.0256    9.3841
   -7.5000   37.5000   45.0000 2682.0576    9.7843
    0.0000   37.5000   45.0000 2722.8289    9.5995
    7.5000   37.5000   45.0000 2719.2988    9.6424
   -7.5000   45.0000   45.0000 2596.2651   10.2721
    0.0000   45.0000   45.0000 2636.7886   10.0767
    7.5000   45.0000   45.0000 2633.7927   10.1080

---------------------------------------------------------------------
imgreg_4dfp /opt/freesurfer/average/711-2C_as_mni_average_305 /opt/freesurfer/average/711-2B_as_mni_average_305_mask talsrcimg_g11 none talsrcimg_to_711-2C_as_mni_average_305_t4 1283
---------------------------------------------------------------------

freesurfer imgreg_4dfp.c
/opt/freesurfer/average/711-2C_as_mni_average_305.4dfp.img
       256       256       256         1
  1.000000  1.000000  1.000000
orientation T byte_order littleendian
Reading image: /opt/freesurfer/average/711-2C_as_mni_average_305.4dfp.img
dimensions:      256       256       256
mmppix:       1.0000   -1.0000   -1.0000
center:     128.0000 -129.0000 -129.0000
/opt/freesurfer/average/711-2B_as_mni_average_305_mask.4dfp.img
       256       256       256         1
  1.000000  1.000000  1.000000
orientation T byte_order littleendian
Reading mask: /opt/freesurfer/average/711-2B_as_mni_average_305_mask.4dfp.img (2306576 pixels)
talsrcimg_g11.4dfp.img
       256       256       256         1
  1.000000  1.000000  1.000000
orientation T byte_order littleendian
Reading image: talsrcimg_g11.4dfp.img
dimensions:      256       256       256
mmppix:       1.0000   -1.0000   -1.0000
center:     128.0000 -129.0000 -129.0000
rotation matrix determinant  1.000000
fimgreg.f
image alignment mode   1283 decimal      503 hex
parameters
    7.5000   22.5000   22.5000    0.0000    0.0000    0.0000
eta,q 0.93343  8.33031
niter,ni,del,rscale     5    3   12.0000    1.2000
parameter  6  1.400566 ->  0.500000 qaram    1.1500
parameters
    4.8168   25.1889   22.0340   -1.9653    2.0834   -3.4500
eta,q 0.93836  8.24743
  0.0693  0.0804  0.0697  0.0648  0.0707  0.0622
  0.0657  0.0738  0.0685  0.0638  0.0678  0.0616
  0.0644  0.0679  0.0660  0.0640  0.0652  0.0624
  0.0673  0.0645  0.0641  0.0645  0.0640  0.0644
  0.0730  0.0638  0.0652  0.0645  0.0644  0.0661
  0.0788  0.0643  0.0689  0.0655  0.0650  0.0676
  0.0854  0.0654  0.0731  0.0677  0.0650  0.0691
niter,ni,del,rscale     5    3   12.0000    1.2000
parameters
    3.6244   26.3333   21.8337   -2.2980    3.6931   -6.6790
eta,q 0.94034  8.25575
  0.0680  0.0693  0.0668  0.0625  0.0674  0.0615
  0.0645  0.0656  0.0654  0.0620  0.0643  0.0600
  0.0615  0.0633  0.0626  0.0611  0.0618  0.0597
  0.0616  0.0610  0.0603  0.0605  0.0604  0.0606
  0.0651  0.0603  0.0611  0.0609  0.0608  0.0630
  0.0697  0.0616  0.0648  0.0617  0.0614  0.0655
  0.0756  0.0655  0.0692  0.0636  0.0625  0.0677
niter,ni,del,rscale     4    3   12.0000    1.2000
parameters
    2.7652   26.6994   21.9348   -2.6447    4.4327   -6.7849
eta,q 0.94152  8.25228
  0.0679  0.0668  0.0647  0.0602  0.0655  0.0640
  0.0631  0.0632  0.0630  0.0597  0.0629  0.0614
  0.0588  0.0609  0.0607  0.0593  0.0601  0.0592
  0.0597  0.0586  0.0582  0.0581  0.0584  0.0585
  0.0637  0.0578  0.0581  0.0577  0.0592  0.0593
  0.0675  0.0611  0.0614  0.0594  0.0610  0.0617
  0.0725  0.0662  0.0660  0.0619  0.0629  0.0644
niter,ni,del,rscale     3    3   12.0000    1.2000
parameters
    2.5352   26.8751   21.9518   -2.9271    4.7171   -6.8280
eta,q 0.94155  8.25267
  0.0697  0.0662  0.0648  0.0600  0.0649  0.0640
  0.0645  0.0627  0.0628  0.0595  0.0623  0.0615
  0.0595  0.0604  0.0603  0.0592  0.0593  0.0592
  0.0585  0.0583  0.0581  0.0581  0.0583  0.0585
  0.0620  0.0578  0.0584  0.0575  0.0596  0.0593
  0.0661  0.0613  0.0617  0.0592  0.0615  0.0615
  0.0704  0.0666  0.0661  0.0616  0.0636  0.0642
niter,ni,del,rscale     2    3   12.0000    1.2000
parameters
    2.4516   26.9721   21.9290   -3.0805    4.8332   -6.8443
eta,q 0.94150  8.25307
  0.0704  0.0660  0.0651  0.0600  0.0647  0.0641
  0.0650  0.0626  0.0630  0.0596  0.0620  0.0616
  0.0598  0.0603  0.0604  0.0592  0.0591  0.0593
  0.0584  0.0584  0.0583  0.0583  0.0585  0.0585
  0.0616  0.0580  0.0588  0.0575  0.0598  0.0593
  0.0658  0.0614  0.0621  0.0590  0.0617  0.0615
  0.0702  0.0667  0.0664  0.0614  0.0640  0.0642
niter,ni,del,rscale     1    3   12.0000    1.2000
parameters
    2.4194   27.0144   21.9089   -3.1445    4.8813   -6.8517
eta,q 0.94146  8.25311
  0.0706  0.0659  0.0653  0.0601  0.0646  0.0641
  0.0651  0.0625  0.0631  0.0596  0.0619  0.0616
  0.0600  0.0602  0.0605  0.0593  0.0590  0.0593
  0.0585  0.0585  0.0585  0.0585  0.0585  0.0585
  0.0615  0.0581  0.0589  0.0575  0.0599  0.0593
  0.0657  0.0615  0.0622  0.0590  0.0618  0.0615
  0.0701  0.0669  0.0665  0.0612  0.0641  0.0642
registration optimization eta report
parameter search radius
    6.0000    6.0000    6.0000    6.0000    6.0000    6.9000
100000*second partial in parameter space
       31.       22.       20.        7.       16.       12.
  0.0706  0.0659  0.0653  0.0601  0.0646  0.0641
  0.0651  0.0625  0.0631  0.0596  0.0619  0.0616
  0.0600  0.0602  0.0605  0.0593  0.0590  0.0593
  0.0585  0.0585  0.0585  0.0585  0.0585  0.0585
  0.0615  0.0581  0.0589  0.0575  0.0599  0.0593
  0.0657  0.0615  0.0622  0.0590  0.0618  0.0615
  0.0701  0.0669  0.0665  0.0612  0.0641  0.0642
    2.4194   27.0144   21.9089   -3.1445    4.8813   -6.8517
eta,q 0.94146  8.25311

---------------------------------------------------------------------
imgreg_4dfp /opt/freesurfer/average/711-2C_as_mni_average_305 /opt/freesurfer/average/711-2B_as_mni_average_305_mask talsrcimg_g11 none talsrcimg_to_711-2C_as_mni_average_305_t4 3335
---------------------------------------------------------------------

freesurfer imgreg_4dfp.c
/opt/freesurfer/average/711-2C_as_mni_average_305.4dfp.img
       256       256       256         1
  1.000000  1.000000  1.000000
orientation T byte_order littleendian
Reading image: /opt/freesurfer/average/711-2C_as_mni_average_305.4dfp.img
dimensions:      256       256       256
mmppix:       1.0000   -1.0000   -1.0000
center:     128.0000 -129.0000 -129.0000
/opt/freesurfer/average/711-2B_as_mni_average_305_mask.4dfp.img
       256       256       256         1
  1.000000  1.000000  1.000000
orientation T byte_order littleendian
Reading mask: /opt/freesurfer/average/711-2B_as_mni_average_305_mask.4dfp.img (2306576 pixels)
talsrcimg_g11.4dfp.img
       256       256       256         1
  1.000000  1.000000  1.000000
orientation T byte_order littleendian
Reading image: talsrcimg_g11.4dfp.img
dimensions:      256       256       256
mmppix:       1.0000   -1.0000   -1.0000
center:     128.0000 -129.0000 -129.0000
fimgreg.f
image alignment mode   3335 decimal      D07 hex
parameters
    2.4194   27.0144   21.9089   -1.0743   -0.9193   -0.5127
   12.3754   -7.7813  -11.8867    6.4598    8.5092   -5.4655
eta,q 0.94347  8.19127
niter,ni,del,rscale     5    3    5.0000    1.2000
parameter  4  4.237433 ->  0.500000 qaram    1.1500
parameter  5  3.359434 ->  0.500000 qaram    1.1500
parameter  6  1.163392 ->  0.500000 qaram    1.1500
parameter  9 -0.534106 -> -0.500000 qaram    1.1500
parameters
    1.9459   26.6847   22.0853   -5.2143   -5.0593   -4.6527
   11.1770   -7.9001   -7.7467    3.4000    5.6447   -5.6230
eta,q 0.96199  7.87266
  0.0575  0.0573  0.0575  0.0466  0.0406  0.0391  0.0411  0.0440  0.0431  0.0395  0.0387  0.0394
  0.0568  0.0566  0.0570  0.0493  0.0432  0.0392  0.0400  0.0417  0.0415  0.0386  0.0382  0.0386
  0.0565  0.0564  0.0566  0.0528  0.0466  0.0407  0.0395  0.0400  0.0403  0.0383  0.0380  0.0381
  0.0565  0.0565  0.0564  0.0564  0.0502  0.0441  0.0395  0.0394  0.0394  0.0389  0.0383  0.0380
  0.0569  0.0567  0.0564  0.0602  0.0540  0.0486  0.0400  0.0401  0.0389  0.0404  0.0390  0.0382
  0.0576  0.0572  0.0567  0.0644  0.0583  0.0530  0.0411  0.0419  0.0389  0.0421  0.0401  0.0387
  0.0587  0.0579  0.0573  0.0688  0.0631  0.0576  0.0426  0.0443  0.0393  0.0445  0.0416  0.0394
niter,ni,del,rscale     7    3    5.0000    1.2000
parameter  4  0.853217 ->  0.500000 qaram    1.3225
parameter  5  1.255647 ->  0.500000 qaram    1.3225
parameters
    1.8850   27.0702   21.4311   -9.9753   -9.8203   -7.5584
   11.5282   -7.6856   -7.9829    5.4159    3.9998   -4.1088
eta,q 0.96890  7.51057
  0.0410  0.0407  0.0389  0.0349  0.0300  0.0320  0.0340  0.0353  0.0340  0.0359  0.0317  0.0330
  0.0394  0.0393  0.0382  0.0349  0.0305  0.0317  0.0327  0.0331  0.0326  0.0341  0.0313  0.0321
  0.0383  0.0384  0.0378  0.0357  0.0324  0.0314  0.0318  0.0318  0.0317  0.0325  0.0312  0.0315
  0.0380  0.0380  0.0380  0.0378  0.0350  0.0309  0.0315  0.0315  0.0315  0.0315  0.0312  0.0312
  0.0384  0.0381  0.0386  0.0413  0.0380  0.0319  0.0317  0.0319  0.0319  0.0312  0.0315  0.0311
  0.0396  0.0385  0.0397  0.0454  0.0420  0.0359  0.0324  0.0329  0.0328  0.0317  0.0319  0.0314
  0.0413  0.0393  0.0411  0.0499  0.0464  0.0408  0.0336  0.0347  0.0342  0.0329  0.0326  0.0319
niter,ni,del,rscale     7    3    5.0000    1.2000
parameter  5  0.615742 ->  0.500000 qaram    1.5209
parameters
    2.3006   27.6254   20.9309  -13.3792  -15.2955  -10.2538
   10.8103   -6.9548   -8.3429    6.8634    4.5683   -4.1933
eta,q 0.97083  7.04976
  0.0348  0.0346  0.0315  0.0316  0.0298  0.0296  0.0307  0.0329  0.0310  0.0325  0.0298  0.0302
  0.0330  0.0329  0.0310  0.0309  0.0295  0.0292  0.0299  0.0311  0.0300  0.0309  0.0295  0.0296
  0.0318  0.0317  0.0308  0.0306  0.0295  0.0294  0.0295  0.0299  0.0295  0.0299  0.0293  0.0293
  0.0311  0.0310  0.0308  0.0308  0.0306  0.0295  0.0294  0.0294  0.0293  0.0293  0.0292  0.0292
  0.0311  0.0308  0.0311  0.0317  0.0331  0.0293  0.0297  0.0295  0.0296  0.0292  0.0292  0.0293
  0.0317  0.0313  0.0317  0.0343  0.0360  0.0305  0.0304  0.0303  0.0302  0.0296  0.0294  0.0296
  0.0330  0.0324  0.0325  0.0381  0.0400  0.0339  0.0314  0.0317  0.0313  0.0307  0.0296  0.0302
niter,ni,del,rscale     7    3    5.0000    1.2000
parameters
    2.3353   27.8563   20.5690  -15.0866  -18.0285  -12.0960
   10.0699   -6.5520   -8.8446    7.4838    4.7842   -5.2899
eta,q 0.97179  6.78417
  0.0316  0.0316  0.0298  0.0305  0.0308  0.0294  0.0300  0.0321  0.0300  0.0309  0.0291  0.0290
  0.0303  0.0302  0.0294  0.0292  0.0295  0.0285  0.0290  0.0302  0.0290  0.0294  0.0287  0.0285
  0.0295  0.0294  0.0292  0.0288  0.0287  0.0282  0.0284  0.0289  0.0284  0.0285  0.0284  0.0282
  0.0292  0.0292  0.0292  0.0292  0.0289  0.0287  0.0283  0.0283  0.0282  0.0282  0.0283  0.0283
  0.0294  0.0293  0.0294  0.0296  0.0298  0.0291  0.0288  0.0285  0.0286  0.0285  0.0283  0.0285
  0.0302  0.0299  0.0298  0.0302  0.0320  0.0293  0.0296  0.0297  0.0294  0.0290  0.0286  0.0290
  0.0315  0.0307  0.0304  0.0321  0.0352  0.0307  0.0308  0.0314  0.0305  0.0300  0.0290  0.0295
niter,ni,del,rscale     6    3    5.0000    1.2000
parameters
    2.4541   28.3322   19.9479  -15.9309  -19.2883  -13.4716
    9.9732   -6.3236   -9.0853    8.9837    5.2600   -5.6332
eta,q 0.97246  6.66025
  0.0312  0.0310  0.0288  0.0304  0.0306  0.0293  0.0298  0.0314  0.0296  0.0305  0.0286  0.0285
  0.0296  0.0296  0.0283  0.0288  0.0292  0.0282  0.0287  0.0295  0.0285  0.0290  0.0281  0.0279
  0.0286  0.0287  0.0280  0.0278  0.0281  0.0276  0.0278  0.0282  0.0278  0.0281  0.0277  0.0276
  0.0282  0.0282  0.0281  0.0280  0.0279  0.0278  0.0276  0.0276  0.0276  0.0276  0.0276  0.0275
  0.0284  0.0282  0.0285  0.0289  0.0286  0.0287  0.0279  0.0280  0.0279  0.0276  0.0276  0.0278
  0.0293  0.0286  0.0292  0.0297  0.0300  0.0293  0.0288  0.0292  0.0287  0.0280  0.0279  0.0281
  0.0306  0.0294  0.0300  0.0309  0.0326  0.0302  0.0299  0.0310  0.0298  0.0287  0.0284  0.0286
niter,ni,del,rscale     5    3    5.0000    1.2000
parameters
    2.5857   29.0902   19.2397  -16.3538  -20.6718  -14.9446
    9.8789   -6.0379   -9.3441   11.4196    5.7444   -5.9215
eta,q 0.97328  6.56190
  0.0306  0.0306  0.0279  0.0302  0.0298  0.0287  0.0292  0.0307  0.0291  0.0301  0.0279  0.0277
  0.0290  0.0292  0.0274  0.0285  0.0284  0.0277  0.0280  0.0289  0.0279  0.0288  0.0273  0.0271
  0.0280  0.0282  0.0272  0.0273  0.0274  0.0271  0.0272  0.0275  0.0272  0.0277  0.0269  0.0268
  0.0275  0.0275  0.0273  0.0272  0.0272  0.0271  0.0270  0.0270  0.0270  0.0270  0.0267  0.0267
  0.0278  0.0273  0.0278  0.0282  0.0279  0.0280  0.0273  0.0273  0.0274  0.0267  0.0268  0.0269
  0.0286  0.0276  0.0285  0.0292  0.0293  0.0289  0.0281  0.0285  0.0282  0.0270  0.0271  0.0273
  0.0300  0.0282  0.0294  0.0302  0.0318  0.0298  0.0293  0.0302  0.0293  0.0276  0.0276  0.0277
niter,ni,del,rscale     4    3    5.0000    1.2000
parameters
    2.7367   29.9695   18.4570  -16.7604  -21.8484  -16.1363
    9.8790   -5.7061   -9.3301   13.2198    5.7662   -6.6983
eta,q 0.97399  6.47890
  0.0298  0.0302  0.0269  0.0296  0.0292  0.0279  0.0283  0.0298  0.0287  0.0294  0.0271  0.0268
  0.0282  0.0286  0.0265  0.0278  0.0277  0.0269  0.0272  0.0280  0.0274  0.0280  0.0265  0.0263
  0.0272  0.0275  0.0263  0.0266  0.0266  0.0263  0.0265  0.0267  0.0265  0.0268  0.0262  0.0260
  0.0267  0.0267  0.0265  0.0263  0.0263  0.0263  0.0262  0.0262  0.0262  0.0262  0.0260  0.0260
  0.0269  0.0265  0.0269  0.0273  0.0270  0.0270  0.0264  0.0265  0.0265  0.0261  0.0262  0.0262
  0.0278  0.0267  0.0276  0.0285  0.0286  0.0279  0.0272  0.0276  0.0274  0.0264  0.0265  0.0266
  0.0291  0.0273  0.0286  0.0297  0.0311  0.0289  0.0283  0.0293  0.0287  0.0273  0.0271  0.0271
niter,ni,del,rscale     3    3    5.0000    1.2000
parameters
    2.8706   30.4884   17.9918  -16.9007  -22.2829  -16.5760
    9.8816   -5.4347   -9.2689   14.0769    5.6635   -7.3889
eta,q 0.97418  6.45057
  0.0290  0.0290  0.0267  0.0294  0.0294  0.0279  0.0280  0.0295  0.0285  0.0287  0.0269  0.0266
  0.0274  0.0275  0.0262  0.0277  0.0277  0.0268  0.0269  0.0277  0.0271  0.0273  0.0263  0.0261
  0.0264  0.0265  0.0259  0.0263  0.0265  0.0261  0.0261  0.0264  0.0262  0.0263  0.0260  0.0259
  0.0260  0.0260  0.0259  0.0259  0.0259  0.0259  0.0259  0.0259  0.0258  0.0258  0.0258  0.0258
  0.0262  0.0260  0.0262  0.0267  0.0264  0.0265  0.0261  0.0262  0.0262  0.0260  0.0260  0.0260
  0.0271  0.0264  0.0268  0.0281  0.0278  0.0273  0.0269  0.0273  0.0271  0.0266  0.0264  0.0264
  0.0284  0.0272  0.0276  0.0293  0.0303  0.0281  0.0280  0.0290  0.0284  0.0276  0.0270  0.0269
niter,ni,del,rscale     2    3    5.0000    1.2000
parameters
    2.9633   30.7183   17.8007  -16.9600  -22.4606  -16.7136
    9.8586   -5.2694   -9.2437   14.4825    5.5697   -7.7436
eta,q 0.97420  6.44116
  0.0287  0.0282  0.0268  0.0294  0.0295  0.0279  0.0279  0.0293  0.0284  0.0283  0.0269  0.0267
  0.0272  0.0270  0.0262  0.0277  0.0278  0.0268  0.0268  0.0276  0.0270  0.0270  0.0263  0.0262
  0.0262  0.0262  0.0259  0.0263  0.0265  0.0260  0.0261  0.0263  0.0261  0.0261  0.0259  0.0259
  0.0258  0.0258  0.0258  0.0258  0.0258  0.0258  0.0258  0.0258  0.0258  0.0258  0.0258  0.0258
  0.0261  0.0259  0.0260  0.0266  0.0262  0.0263  0.0261  0.0262  0.0261  0.0260  0.0259  0.0260
  0.0269  0.0265  0.0265  0.0280  0.0276  0.0271  0.0268  0.0274  0.0270  0.0267  0.0263  0.0263
  0.0283  0.0274  0.0272  0.0292  0.0301  0.0278  0.0279  0.0290  0.0283  0.0278  0.0269  0.0268
niter,ni,del,rscale     1    3    5.0000    1.2000
parameters
    3.0153   30.8193   17.7247  -16.9882  -22.5457  -16.7560
    9.8423   -5.1775   -9.2329   14.6655    5.5043   -7.9094
eta,q 0.97420  6.43735
  0.0286  0.0280  0.0269  0.0294  0.0295  0.0279  0.0279  0.0293  0.0284  0.0282  0.0269  0.0267
  0.0271  0.0268  0.0263  0.0277  0.0279  0.0268  0.0268  0.0275  0.0270  0.0269  0.0263  0.0262
  0.0261  0.0261  0.0259  0.0263  0.0265  0.0260  0.0261  0.0263  0.0261  0.0261  0.0259  0.0259
  0.0258  0.0258  0.0258  0.0258  0.0258  0.0258  0.0258  0.0258  0.0258  0.0258  0.0258  0.0258
  0.0261  0.0260  0.0260  0.0266  0.0262  0.0263  0.0260  0.0262  0.0261  0.0261  0.0259  0.0259
  0.0270  0.0266  0.0264  0.0280  0.0276  0.0270  0.0268  0.0274  0.0270  0.0268  0.0263  0.0263
  0.0283  0.0276  0.0271  0.0292  0.0300  0.0277  0.0279  0.0291  0.0283  0.0279  0.0269  0.0268
registration optimization eta report
parameter search radius
    2.4000    2.4000    2.4000    9.5220   10.9503    8.2800
    7.2000    7.2000    8.2800    7.2000    7.2000    7.2000
100000*second partial in parameter space
       46.       34.       21.        4.        3.        3.
        4.        6.        4.        4.        2.        2.
  0.0286  0.0280  0.0269  0.0294  0.0295  0.0279  0.0279  0.0293  0.0284  0.0282  0.0269  0.0267
  0.0271  0.0268  0.0263  0.0277  0.0279  0.0268  0.0268  0.0275  0.0270  0.0269  0.0263  0.0262
  0.0261  0.0261  0.0259  0.0263  0.0265  0.0260  0.0261  0.0263  0.0261  0.0261  0.0259  0.0259
  0.0258  0.0258  0.0258  0.0258  0.0258  0.0258  0.0258  0.0258  0.0258  0.0258  0.0258  0.0258
  0.0261  0.0260  0.0260  0.0266  0.0262  0.0263  0.0260  0.0262  0.0261  0.0261  0.0259  0.0259
  0.0270  0.0266  0.0264  0.0280  0.0276  0.0270  0.0268  0.0274  0.0270  0.0268  0.0263  0.0263
  0.0283  0.0276  0.0271  0.0292  0.0300  0.0277  0.0279  0.0291  0.0283  0.0279  0.0269  0.0268
    3.0153   30.8193   17.7247  -16.9882  -22.5457  -16.7560
    9.8423   -5.1775   -9.2329   14.6655    5.5043   -7.9094
eta,q 0.97420  6.43735

---------------------------------------------------------------------
imgreg_4dfp /opt/freesurfer/average/711-2C_as_mni_average_305 /opt/freesurfer/average/711-2B_as_mni_average_305_mask talsrcimg_g11 none talsrcimg_to_711-2C_as_mni_average_305_t4 2311
---------------------------------------------------------------------

freesurfer imgreg_4dfp.c
/opt/freesurfer/average/711-2C_as_mni_average_305.4dfp.img
       256       256       256         1
  1.000000  1.000000  1.000000
orientation T byte_order littleendian
Reading image: /opt/freesurfer/average/711-2C_as_mni_average_305.4dfp.img
dimensions:      256       256       256
mmppix:       1.0000   -1.0000   -1.0000
center:     128.0000 -129.0000 -129.0000
/opt/freesurfer/average/711-2B_as_mni_average_305_mask.4dfp.img
       256       256       256         1
  1.000000  1.000000  1.000000
orientation T byte_order littleendian
Reading mask: /opt/freesurfer/average/711-2B_as_mni_average_305_mask.4dfp.img (2306576 pixels)
talsrcimg_g11.4dfp.img
       256       256       256         1
  1.000000  1.000000  1.000000
orientation T byte_order littleendian
Reading image: talsrcimg_g11.4dfp.img
dimensions:      256       256       256
mmppix:       1.0000   -1.0000   -1.0000
center:     128.0000 -129.0000 -129.0000
fimgreg.f
image alignment mode   2311 decimal      907 hex
parameters
    3.0153   30.8193   17.7247  -16.9882  -22.5457  -16.7560
    9.8423   -5.1775   -9.2329   14.6655    5.5043   -7.9094
eta,q 0.97420  6.43736
niter,ni,del,rscale     5    3    5.0000    0.8000
parameters
    3.0270   30.8246   17.7171  -17.2611  -21.8742  -17.1311
    9.9352   -5.1018   -9.2922   14.6372    5.5692   -7.8322
eta,q 0.97424  6.44401
  0.0270  0.0267  0.0263  0.0270  0.0269  0.0265  0.0268  0.0274  0.0267  0.0268  0.0263  0.0262
  0.0264  0.0262  0.0260  0.0263  0.0264  0.0261  0.0263  0.0266  0.0262  0.0262  0.0260  0.0260
  0.0259  0.0259  0.0259  0.0259  0.0260  0.0258  0.0259  0.0260  0.0259  0.0259  0.0258  0.0258
  0.0258  0.0258  0.0258  0.0258  0.0258  0.0258  0.0258  0.0258  0.0258  0.0258  0.0258  0.0258
  0.0259  0.0259  0.0259  0.0260  0.0258  0.0260  0.0259  0.0259  0.0259  0.0259  0.0258  0.0258
  0.0263  0.0262  0.0260  0.0266  0.0260  0.0264  0.0262  0.0265  0.0262  0.0263  0.0260  0.0260
  0.0270  0.0267  0.0264  0.0273  0.0265  0.0268  0.0267  0.0274  0.0267  0.0268  0.0262  0.0262
niter,ni,del,rscale     4    3    5.0000    0.7000
parameters
    3.0316   30.8065   17.6354  -17.3075  -21.7988  -17.2788
    9.9747   -5.0875   -9.3281   14.6193    5.6034   -7.8273
eta,q 0.97425  6.44165
  0.0267  0.0264  0.0261  0.0268  0.0265  0.0264  0.0266  0.0270  0.0265  0.0266  0.0261  0.0261
  0.0262  0.0260  0.0259  0.0263  0.0261  0.0261  0.0261  0.0264  0.0261  0.0261  0.0259  0.0259
  0.0259  0.0258  0.0258  0.0259  0.0259  0.0258  0.0259  0.0259  0.0258  0.0258  0.0258  0.0258
  0.0258  0.0258  0.0258  0.0258  0.0258  0.0258  0.0258  0.0258  0.0258  0.0258  0.0258  0.0258
  0.0259  0.0259  0.0258  0.0259  0.0258  0.0259  0.0258  0.0259  0.0258  0.0259  0.0258  0.0258
  0.0262  0.0261  0.0260  0.0263  0.0261  0.0262  0.0261  0.0263  0.0261  0.0261  0.0259  0.0259
  0.0267  0.0265  0.0262  0.0268  0.0265  0.0265  0.0265  0.0270  0.0265  0.0266  0.0261  0.0261
niter,ni,del,rscale     3    3    5.0000    0.6000
parameters
    3.0302   30.8051   17.6041  -17.2958  -21.7658  -17.3310
   10.0011   -5.0776   -9.3440   14.6044    5.6182   -7.8004
eta,q 0.97425  6.44186
  0.0264  0.0263  0.0260  0.0266  0.0263  0.0263  0.0264  0.0267  0.0263  0.0264  0.0260  0.0260
  0.0261  0.0260  0.0259  0.0261  0.0260  0.0260  0.0260  0.0262  0.0260  0.0260  0.0259  0.0259
  0.0258  0.0258  0.0258  0.0259  0.0258  0.0258  0.0258  0.0259  0.0258  0.0258  0.0258  0.0258
  0.0258  0.0258  0.0258  0.0258  0.0258  0.0258  0.0258  0.0258  0.0258  0.0258  0.0258  0.0258
  0.0258  0.0258  0.0258  0.0258  0.0258  0.0258  0.0258  0.0259  0.0258  0.0258  0.0258  0.0258
  0.0261  0.0260  0.0259  0.0261  0.0260  0.0260  0.0260  0.0262  0.0260  0.0260  0.0259  0.0259
  0.0264  0.0263  0.0261  0.0266  0.0263  0.0263  0.0263  0.0267  0.0263  0.0264  0.0260  0.0260
niter,ni,del,rscale     2    3    5.0000    0.5000
parameters
    3.0281   30.7963   17.5935  -17.2834  -21.7386  -17.3503
   10.0126   -5.0680   -9.3612   14.5718    5.6151   -7.7841
eta,q 0.97425  6.44250
  0.0262  0.0261  0.0260  0.0263  0.0262  0.0262  0.0262  0.0264  0.0261  0.0262  0.0260  0.0259
  0.0260  0.0259  0.0258  0.0260  0.0259  0.0259  0.0259  0.0261  0.0259  0.0259  0.0258  0.0258
  0.0258  0.0258  0.0258  0.0258  0.0258  0.0258  0.0258  0.0258  0.0258  0.0258  0.0258  0.0258
  0.0258  0.0258  0.0258  0.0258  0.0258  0.0258  0.0258  0.0258  0.0258  0.0258  0.0258  0.0258
  0.0258  0.0258  0.0258  0.0258  0.0258  0.0258  0.0258  0.0258  0.0258  0.0258  0.0258  0.0258
  0.0260  0.0259  0.0259  0.0260  0.0259  0.0259  0.0259  0.0261  0.0259  0.0260  0.0258  0.0258
  0.0262  0.0261  0.0260  0.0263  0.0261  0.0262  0.0262  0.0264  0.0261  0.0262  0.0259  0.0259
niter,ni,del,rscale     1    3    5.0000    0.4000
parameters
    3.0259   30.7881   17.5869  -17.2704  -21.6987  -17.3278
   10.0219   -5.0617   -9.3649   14.5231    5.6038   -7.7652
eta,q 0.97424  6.44417
  0.0261  0.0260  0.0259  0.0261  0.0260  0.0260  0.0260  0.0262  0.0260  0.0260  0.0259  0.0259
  0.0259  0.0259  0.0258  0.0259  0.0259  0.0259  0.0259  0.0260  0.0259  0.0259  0.0258  0.0258
  0.0258  0.0258  0.0258  0.0258  0.0258  0.0258  0.0258  0.0258  0.0258  0.0258  0.0258  0.0258
  0.0258  0.0258  0.0258  0.0258  0.0258  0.0258  0.0258  0.0258  0.0258  0.0258  0.0258  0.0258
  0.0258  0.0258  0.0258  0.0258  0.0258  0.0258  0.0258  0.0258  0.0258  0.0258  0.0258  0.0258
  0.0259  0.0259  0.0258  0.0259  0.0259  0.0259  0.0259  0.0259  0.0259  0.0259  0.0258  0.0258
  0.0261  0.0260  0.0259  0.0261  0.0260  0.0260  0.0260  0.0262  0.0260  0.0260  0.0259  0.0259
registration optimization eta report
parameter search radius
    0.8000    0.8000    0.8000    2.4000    2.4000    2.4000
    2.4000    2.4000    2.4000    2.4000    2.4000    2.4000
100000*second partial in parameter space
       48.       36.       21.        7.        4.        5.
        5.        8.        4.        5.        2.        2.
  0.0261  0.0260  0.0259  0.0261  0.0260  0.0260  0.0260  0.0262  0.0260  0.0260  0.0259  0.0259
  0.0259  0.0259  0.0258  0.0259  0.0259  0.0259  0.0259  0.0260  0.0259  0.0259  0.0258  0.0258
  0.0258  0.0258  0.0258  0.0258  0.0258  0.0258  0.0258  0.0258  0.0258  0.0258  0.0258  0.0258
  0.0258  0.0258  0.0258  0.0258  0.0258  0.0258  0.0258  0.0258  0.0258  0.0258  0.0258  0.0258
  0.0258  0.0258  0.0258  0.0258  0.0258  0.0258  0.0258  0.0258  0.0258  0.0258  0.0258  0.0258
  0.0259  0.0259  0.0258  0.0259  0.0259  0.0259  0.0259  0.0259  0.0259  0.0259  0.0258  0.0258
  0.0261  0.0260  0.0259  0.0261  0.0260  0.0260  0.0260  0.0262  0.0260  0.0260  0.0259  0.0259
    3.0259   30.7881   17.5869  -17.2704  -21.6987  -17.3278
   10.0219   -5.0617   -9.3649   14.5231    5.6038   -7.7652
eta,q 0.97424  6.44417

---------------------------------------------------------------------
imgreg_4dfp /opt/freesurfer/average/711-2C_as_mni_average_305 /opt/freesurfer/average/711-2B_as_mni_average_305_mask talsrcimg_g11 none talsrcimg_to_711-2C_as_mni_average_305_t4 2311
---------------------------------------------------------------------

freesurfer imgreg_4dfp.c
/opt/freesurfer/average/711-2C_as_mni_average_305.4dfp.img
       256       256       256         1
  1.000000  1.000000  1.000000
orientation T byte_order littleendian
Reading image: /opt/freesurfer/average/711-2C_as_mni_average_305.4dfp.img
dimensions:      256       256       256
mmppix:       1.0000   -1.0000   -1.0000
center:     128.0000 -129.0000 -129.0000
/opt/freesurfer/average/711-2B_as_mni_average_305_mask.4dfp.img
       256       256       256         1
  1.000000  1.000000  1.000000
orientation T byte_order littleendian
Reading mask: /opt/freesurfer/average/711-2B_as_mni_average_305_mask.4dfp.img (2306576 pixels)
talsrcimg_g11.4dfp.img
       256       256       256         1
  1.000000  1.000000  1.000000
orientation T byte_order littleendian
Reading image: talsrcimg_g11.4dfp.img
dimensions:      256       256       256
mmppix:       1.0000   -1.0000   -1.0000
center:     128.0000 -129.0000 -129.0000
fimgreg.f
image alignment mode   2311 decimal      907 hex
parameters
    3.0259   30.7881   17.5869  -17.2704  -21.6987  -17.3278
   10.0219   -5.0617   -9.3649   14.5231    5.6038   -7.7652
eta,q 0.97424  6.44416
niter,ni,del,rscale     5    3    5.0000    0.8000
parameters
    3.0385   30.8085   17.5876  -17.3083  -21.7986  -17.3298
    9.9789   -5.0956   -9.3330   14.6523    5.6244   -7.8098
eta,q 0.97424  6.44067
  0.0270  0.0267  0.0263  0.0271  0.0267  0.0267  0.0268  0.0274  0.0267  0.0269  0.0263  0.0262
  0.0263  0.0262  0.0260  0.0264  0.0262  0.0262  0.0262  0.0265  0.0262  0.0263  0.0260  0.0259
  0.0259  0.0258  0.0258  0.0259  0.0259  0.0259  0.0259  0.0259  0.0259  0.0259  0.0258  0.0258
  0.0258  0.0258  0.0258  0.0258  0.0258  0.0257  0.0258  0.0258  0.0258  0.0258  0.0258  0.0258
  0.0259  0.0259  0.0258  0.0259  0.0259  0.0259  0.0259  0.0259  0.0259  0.0259  0.0258  0.0258
  0.0263  0.0262  0.0260  0.0264  0.0262  0.0262  0.0262  0.0265  0.0262  0.0262  0.0260  0.0260
  0.0269  0.0266  0.0263  0.0271  0.0268  0.0267  0.0268  0.0274  0.0267  0.0268  0.0262  0.0262
niter,ni,del,rscale     4    3    5.0000    0.7000
parameters
    3.0332   30.8195   17.5863  -17.3034  -21.7877  -17.3521
    9.9906   -5.0867   -9.3442   14.6514    5.6114   -7.8203
eta,q 0.97425  6.44079
  0.0267  0.0265  0.0262  0.0268  0.0265  0.0265  0.0265  0.0270  0.0265  0.0266  0.0261  0.0261
  0.0262  0.0261  0.0259  0.0263  0.0261  0.0261  0.0261  0.0263  0.0261  0.0261  0.0259  0.0259
  0.0259  0.0258  0.0258  0.0259  0.0259  0.0259  0.0259  0.0259  0.0258  0.0258  0.0258  0.0258
  0.0258  0.0258  0.0258  0.0258  0.0258  0.0258  0.0258  0.0258  0.0258  0.0258  0.0258  0.0258
  0.0259  0.0258  0.0258  0.0259  0.0258  0.0258  0.0258  0.0259  0.0258  0.0259  0.0258  0.0258
  0.0262  0.0261  0.0259  0.0263  0.0261  0.0261  0.0261  0.0263  0.0261  0.0261  0.0259  0.0259
  0.0267  0.0264  0.0262  0.0268  0.0265  0.0265  0.0265  0.0270  0.0265  0.0266  0.0261  0.0261
registration optimization eta report
parameter search radius
    1.4000    1.4000    1.4000    4.2000    4.2000    4.2000
    4.2000    4.2000    4.2000    4.2000    4.2000    4.2000
100000*second partial in parameter space
       48.       36.       21.        6.        4.        4.
        4.        7.        4.        5.        2.        2.
  0.0267  0.0265  0.0262  0.0268  0.0265  0.0265  0.0265  0.0270  0.0265  0.0266  0.0261  0.0261
  0.0262  0.0261  0.0259  0.0263  0.0261  0.0261  0.0261  0.0263  0.0261  0.0261  0.0259  0.0259
  0.0259  0.0258  0.0258  0.0259  0.0259  0.0259  0.0259  0.0259  0.0258  0.0258  0.0258  0.0258
  0.0258  0.0258  0.0258  0.0258  0.0258  0.0258  0.0258  0.0258  0.0258  0.0258  0.0258  0.0258
  0.0259  0.0258  0.0258  0.0259  0.0258  0.0258  0.0258  0.0259  0.0258  0.0259  0.0258  0.0258
  0.0262  0.0261  0.0259  0.0263  0.0261  0.0261  0.0261  0.0263  0.0261  0.0261  0.0259  0.0259
  0.0267  0.0264  0.0262  0.0268  0.0265  0.0265  0.0265  0.0270  0.0265  0.0266  0.0261  0.0261
    3.0332   30.8195   17.5863  -17.3034  -21.7877  -17.3521
    9.9906   -5.0867   -9.3442   14.6514    5.6114   -7.8203
eta,q 0.97425  6.44079

---------------------------------------------------------------------
compute_vox2vox talsrcimg talsrcimg_to_711-2C_as_mni_average_305_t4 /opt/freesurfer/average/711-2C_as_mni_average_305
---------------------------------------------------------------------

freesurfer compute_vox2vox.c
Reading: talsrcimg.4dfp.ifh
Reading: talsrcimg_to_711-2C_as_mni_average_305_t4
Reading: /opt/freesurfer/average/711-2C_as_mni_average_305.4dfp.ifh
Writing: talsrcimg_to_711-2C_as_mni_average_305_t4_vox2vox.txt

start time Sat Mar 7 05:08:26 CET 2026
end		time Sat Mar 7 05:09:52 CET 2026

mpr2mni305 success

avi2talxfm orig_nu.mgz /opt/freesurfer/average/mni305.cor.mgz talsrcimg_to_711-2C_as_mni_average_305_t4_vox2vox.txt transforms/talairach.auto.xfm
avi2talxfm done
mv -f /out/sourcedata/freesurfer/sub-v1s19x0051305_ses-1/mri/talsrcimg_to_711-2C_as_mni_average_305_t4_vox2vox.txt /out/sourcedata/freesurfer/sub-v1s19x0051305_ses-1/mri/transforms/talsrcimg_to_711-2C_as_mni_average_305_t4_vox2vox.txt
lta_convert --src orig_nu.mgz --trg /opt/freesurfer/average/mni305.cor.mgz --inxfm transforms/talairach.auto.xfm --outlta transforms/talairach.auto.xfm.lta --subject fsaverage
7.3.2

--src: orig_nu.mgz src image (geometry).
--trg: /opt/freesurfer/average/mni305.cor.mgz trg image (geometry).
--inmni: transforms/talairach.auto.xfm input MNI/XFM transform.
--outlta: transforms/talairach.auto.xfm.lta output LTA.
--s: fsaverage subject name
 LTA read, type : 1
 1.18656   0.09816  -0.14175   1.45002;
-0.06598   1.18342   0.12676  -39.17332;
 0.15412  -0.20996   1.23789   0.78506;
 0.00000   0.00000   0.00000   1.00000;
setting subject to fsaverage
Writing  LTA to file transforms/talairach.auto.xfm.lta...
lta_convert successful.
 
 
Started at Sat Mar 7 05:08:26 CET 2026
Ended   at Sat Mar  7 05:09:52 CET 2026
talairach_avi done
