status file for recon-all
Fri Mar  6 07:54:22 CET 2026
#@# Tessellate lh Fri Mar  6 07:54:22 CET 2026
#@# Smooth1 lh Fri Mar  6 07:54:25 CET 2026
#@# Inflation1 lh Fri Mar  6 07:54:27 CET 2026
#@# QSphere lh Fri Mar  6 07:54:39 CET 2026
#@# Fix Topology lh Fri Mar  6 07:55:40 CET 2026
#@# Smooth2 lh Fri Mar  6 08:04:40 CET 2026
#@# Inflation2 lh Fri Mar  6 08:04:42 CET 2026
#@# Curv .H and .K lh Fri Mar  6 08:04:54 CET 2026
#@# Sphere lh Fri Mar  6 08:05:27 CET 2026
#@# Surf Reg lh Fri Mar  6 08:08:24 CET 2026
#@# Jacobian white lh Fri Mar  6 08:11:58 CET 2026
#@# AvgCurv lh Fri Mar  6 08:11:58 CET 2026
#@# Cortical Parc lh Fri Mar  6 08:11:59 CET 2026
#@# white curv lh Fri Mar  6 08:17:07 CET 2026
#@# white area lh Fri Mar  6 08:17:09 CET 2026
#@# pial curv lh Fri Mar  6 08:17:09 CET 2026
#@# pial area lh Fri Mar  6 08:17:10 CET 2026
#@# thickness lh Fri Mar  6 08:17:11 CET 2026
#@# area and vertex vol lh Fri Mar  6 08:17:27 CET 2026
#@# Curvature Stats lh Fri Mar  6 08:17:29 CET 2026
#@# Cortical Parc 2 lh Fri Mar  6 08:17:30 CET 2026
#@# Cortical Parc 3 lh Fri Mar  6 08:17:40 CET 2026
#@# WM/GM Contrast lh Fri Mar  6 08:17:47 CET 2026
recon-all -s sub-v1s10x0051007_ses-1 finished without error at Fri Mar  6 08:17:50 CET 2026



#New# invocation of recon-all 



status file for recon-all
Fri Mar  6 08:37:29 CET 2026
#@# white curv lh Fri Mar  6 08:37:29 CET 2026
#@# white area lh Fri Mar  6 08:37:29 CET 2026
#@# pial curv lh Fri Mar  6 08:37:29 CET 2026
#@# pial area lh Fri Mar  6 08:37:29 CET 2026
#@# thickness lh Fri Mar  6 08:37:29 CET 2026
#@# area and vertex vol lh Fri Mar  6 08:37:29 CET 2026
#@# Parcellation Stats lh Fri Mar  6 08:37:29 CET 2026
#@# Parcellation Stats 2 lh Fri Mar  6 08:37:41 CET 2026
#@# Parcellation Stats 3 lh Fri Mar  6 08:37:47 CET 2026
#@# BA_exvivo Labels lh Fri Mar  6 08:37:53 CET 2026
recon-all -s sub-v1s10x0051007_ses-1 finished without error at Fri Mar  6 08:39:44 CET 2026
