status file for recon-all
Fri Mar  6 06:34:17 CET 2026
#@# MotionCor Fri Mar  6 06:34:19 CET 2026
#@# Talairach Fri Mar  6 06:34:25 CET 2026
#@# Talairach Failure Detection Fri Mar  6 06:37:16 CET 2026
#@# Nu Intensity Correction Fri Mar  6 06:37:16 CET 2026
#@# Intensity Normalization Fri Mar  6 06:40:02 CET 2026
recon-all -s sub-v1s10x0051007_ses-1 finished without error at Fri Mar  6 06:40:59 CET 2026



#New# invocation of recon-all 



status file for recon-all
Fri Mar  6 06:46:52 CET 2026
#@# EM Registration Fri Mar  6 06:46:52 CET 2026
recon-all -s sub-v1s10x0051007_ses-1 finished without error at Fri Mar  6 06:48:51 CET 2026



#New# invocation of recon-all 



status file for recon-all
Fri Mar  6 06:48:55 CET 2026
#@# CA Normalize Fri Mar  6 06:48:55 CET 2026
#@# CA Reg Fri Mar  6 06:49:51 CET 2026
#@# SubCort Seg Fri Mar  6 07:31:44 CET 2026
#@# CC Seg Fri Mar  6 07:50:07 CET 2026
#@# Merge ASeg Fri Mar  6 07:50:51 CET 2026
#@# Intensity Normalization2 Fri Mar  6 07:50:51 CET 2026
#@# Mask BFS Fri Mar  6 07:52:15 CET 2026
#@# WM Segmentation Fri Mar  6 07:52:16 CET 2026
#@# Fill Fri Mar  6 07:53:42 CET 2026
recon-all -s sub-v1s10x0051007_ses-1 finished without error at Fri Mar  6 07:54:19 CET 2026



#New# invocation of recon-all 



status file for recon-all
Fri Mar  6 08:34:58 CET 2026
#@# white curv lh Fri Mar  6 08:34:58 CET 2026
#@# white area lh Fri Mar  6 08:34:58 CET 2026
#@# pial curv lh Fri Mar  6 08:34:58 CET 2026
#@# pial area lh Fri Mar  6 08:34:58 CET 2026
#@# thickness lh Fri Mar  6 08:34:58 CET 2026
#@# area and vertex vol lh Fri Mar  6 08:34:58 CET 2026
#@# white curv rh Fri Mar  6 08:34:58 CET 2026
#@# white area rh Fri Mar  6 08:34:58 CET 2026
#@# pial curv rh Fri Mar  6 08:34:59 CET 2026
#@# pial area rh Fri Mar  6 08:34:59 CET 2026
#@# thickness rh Fri Mar  6 08:34:59 CET 2026
#@# area and vertex vol rh Fri Mar  6 08:34:59 CET 2026
#@# Cortical ribbon mask Fri Mar  6 08:34:59 CET 2026
recon-all -s sub-v1s10x0051007_ses-1 finished without error at Fri Mar  6 08:37:25 CET 2026



#New# invocation of recon-all 



status file for recon-all
Fri Mar  6 08:42:08 CET 2026
#@# white curv lh Fri Mar  6 08:42:08 CET 2026
#@# white area lh Fri Mar  6 08:42:08 CET 2026
#@# pial curv lh Fri Mar  6 08:42:09 CET 2026
#@# pial area lh Fri Mar  6 08:42:09 CET 2026
#@# thickness lh Fri Mar  6 08:42:09 CET 2026
#@# area and vertex vol lh Fri Mar  6 08:42:09 CET 2026
#@# white curv rh Fri Mar  6 08:42:09 CET 2026
#@# white area rh Fri Mar  6 08:42:09 CET 2026
#@# pial curv rh Fri Mar  6 08:42:09 CET 2026
#@# pial area rh Fri Mar  6 08:42:09 CET 2026
#@# thickness rh Fri Mar  6 08:42:09 CET 2026
#@# area and vertex vol rh Fri Mar  6 08:42:09 CET 2026
#@# Curvature Stats lh Fri Mar  6 08:42:09 CET 2026
#@# Curvature Stats rh Fri Mar  6 08:42:10 CET 2026
#@# Relabel Hypointensities Fri Mar  6 08:42:12 CET 2026
#@# APas-to-ASeg Fri Mar  6 08:42:22 CET 2026
#@# AParc-to-ASeg aparc Fri Mar  6 08:42:27 CET 2026
#@# AParc-to-ASeg aparc.a2009s Fri Mar  6 08:42:47 CET 2026
#@# AParc-to-ASeg aparc.DKTatlas Fri Mar  6 08:43:09 CET 2026
#@# WMParc Fri Mar  6 08:43:32 CET 2026
#@# ASeg Stats Fri Mar  6 08:45:24 CET 2026
recon-all -s sub-v1s10x0051007_ses-1 finished without error at Fri Mar  6 08:45:45 CET 2026
