status file for recon-all
Fri Mar  6 13:07:42 CET 2026
#@# Tessellate rh Fri Mar  6 13:07:42 CET 2026
#@# Smooth1 rh Fri Mar  6 13:07:46 CET 2026
#@# Inflation1 rh Fri Mar  6 13:07:49 CET 2026
#@# QSphere rh Fri Mar  6 13:08:00 CET 2026
#@# Fix Topology rh Fri Mar  6 13:09:03 CET 2026
#@# Smooth2 rh Fri Mar  6 13:20:08 CET 2026
#@# Inflation2 rh Fri Mar  6 13:20:11 CET 2026
#@# Curv .H and .K rh Fri Mar  6 13:20:25 CET 2026
#@# Sphere rh Fri Mar  6 13:21:06 CET 2026
#@# Surf Reg rh Fri Mar  6 13:23:47 CET 2026
#@# Jacobian white rh Fri Mar  6 13:27:46 CET 2026
#@# AvgCurv rh Fri Mar  6 13:27:47 CET 2026
#@# Cortical Parc rh Fri Mar  6 13:27:48 CET 2026
#@# white curv rh Fri Mar  6 13:33:40 CET 2026
#@# white area rh Fri Mar  6 13:33:42 CET 2026
#@# pial curv rh Fri Mar  6 13:33:43 CET 2026
#@# pial area rh Fri Mar  6 13:33:45 CET 2026
#@# thickness rh Fri Mar  6 13:33:46 CET 2026
#@# area and vertex vol rh Fri Mar  6 13:34:11 CET 2026
#@# Curvature Stats rh Fri Mar  6 13:34:13 CET 2026
#@# Cortical Parc 2 rh Fri Mar  6 13:34:15 CET 2026
#@# Cortical Parc 3 rh Fri Mar  6 13:34:28 CET 2026
#@# WM/GM Contrast rh Fri Mar  6 13:34:38 CET 2026
recon-all -s sub-v1s10x0051064_ses-1 finished without error at Fri Mar  6 13:34:42 CET 2026



#New# invocation of recon-all 



status file for recon-all
Fri Mar  6 13:41:50 CET 2026
#@# white curv rh Fri Mar  6 13:41:50 CET 2026
#@# white area rh Fri Mar  6 13:41:50 CET 2026
#@# pial curv rh Fri Mar  6 13:41:50 CET 2026
#@# pial area rh Fri Mar  6 13:41:50 CET 2026
#@# thickness rh Fri Mar  6 13:41:50 CET 2026
#@# area and vertex vol rh Fri Mar  6 13:41:50 CET 2026
#@# Parcellation Stats rh Fri Mar  6 13:41:50 CET 2026
#@# Parcellation Stats 2 rh Fri Mar  6 13:42:05 CET 2026
#@# Parcellation Stats 3 rh Fri Mar  6 13:42:13 CET 2026
#@# BA_exvivo Labels rh Fri Mar  6 13:42:20 CET 2026
recon-all -s sub-v1s10x0051064_ses-1 finished without error at Fri Mar  6 13:44:54 CET 2026
