status file for recon-all
Fri Mar  6 18:15:02 CET 2026
#@# MotionCor Fri Mar  6 18:15:04 CET 2026
#@# Talairach Fri Mar  6 18:15:11 CET 2026
#@# Talairach Failure Detection Fri Mar  6 18:19:33 CET 2026
#@# Nu Intensity Correction Fri Mar  6 18:19:33 CET 2026
#@# Intensity Normalization Fri Mar  6 18:22:46 CET 2026
recon-all -s sub-v1s11x0050161_ses-1 finished without error at Fri Mar  6 18:24:12 CET 2026



#New# invocation of recon-all 



status file for recon-all
Fri Mar  6 18:30:11 CET 2026
#@# EM Registration Fri Mar  6 18:30:11 CET 2026
recon-all -s sub-v1s11x0050161_ses-1 finished without error at Fri Mar  6 18:31:41 CET 2026



#New# invocation of recon-all 



status file for recon-all
Fri Mar  6 18:31:43 CET 2026
#@# CA Normalize Fri Mar  6 18:31:43 CET 2026
#@# CA Reg Fri Mar  6 18:33:04 CET 2026
#@# SubCort Seg Fri Mar  6 19:14:25 CET 2026
#@# CC Seg Fri Mar  6 19:40:32 CET 2026
#@# Merge ASeg Fri Mar  6 19:41:12 CET 2026
#@# Intensity Normalization2 Fri Mar  6 19:41:12 CET 2026
#@# Mask BFS Fri Mar  6 19:43:22 CET 2026
#@# WM Segmentation Fri Mar  6 19:43:23 CET 2026
#@# Fill Fri Mar  6 19:45:14 CET 2026
recon-all -s sub-v1s11x0050161_ses-1 finished without error at Fri Mar  6 19:46:14 CET 2026



#New# invocation of recon-all 



status file for recon-all
Fri Mar  6 20:23:55 CET 2026
#@# white curv lh Fri Mar  6 20:23:55 CET 2026
#@# white area lh Fri Mar  6 20:23:55 CET 2026
#@# pial curv lh Fri Mar  6 20:23:55 CET 2026
#@# pial area lh Fri Mar  6 20:23:55 CET 2026
#@# thickness lh Fri Mar  6 20:23:55 CET 2026
#@# area and vertex vol lh Fri Mar  6 20:23:55 CET 2026
#@# white curv rh Fri Mar  6 20:23:55 CET 2026
#@# white area rh Fri Mar  6 20:23:55 CET 2026
#@# pial curv rh Fri Mar  6 20:23:55 CET 2026
#@# pial area rh Fri Mar  6 20:23:55 CET 2026
#@# thickness rh Fri Mar  6 20:23:55 CET 2026
#@# area and vertex vol rh Fri Mar  6 20:23:55 CET 2026
#@# Cortical ribbon mask Fri Mar  6 20:23:55 CET 2026
recon-all -s sub-v1s11x0050161_ses-1 finished without error at Fri Mar  6 20:27:39 CET 2026



#New# invocation of recon-all 



status file for recon-all
Fri Mar  6 20:33:22 CET 2026
#@# white curv lh Fri Mar  6 20:33:22 CET 2026
#@# white area lh Fri Mar  6 20:33:22 CET 2026
#@# pial curv lh Fri Mar  6 20:33:22 CET 2026
#@# pial area lh Fri Mar  6 20:33:22 CET 2026
#@# thickness lh Fri Mar  6 20:33:22 CET 2026
#@# area and vertex vol lh Fri Mar  6 20:33:22 CET 2026
#@# white curv rh Fri Mar  6 20:33:22 CET 2026
#@# white area rh Fri Mar  6 20:33:22 CET 2026
#@# pial curv rh Fri Mar  6 20:33:22 CET 2026
#@# pial area rh Fri Mar  6 20:33:22 CET 2026
#@# thickness rh Fri Mar  6 20:33:22 CET 2026
#@# area and vertex vol rh Fri Mar  6 20:33:22 CET 2026
#@# Curvature Stats lh Fri Mar  6 20:33:22 CET 2026
#@# Curvature Stats rh Fri Mar  6 20:33:24 CET 2026
#@# Relabel Hypointensities Fri Mar  6 20:33:26 CET 2026
#@# APas-to-ASeg Fri Mar  6 20:33:41 CET 2026
#@# AParc-to-ASeg aparc Fri Mar  6 20:33:47 CET 2026
#@# AParc-to-ASeg aparc.a2009s Fri Mar  6 20:34:17 CET 2026
#@# AParc-to-ASeg aparc.DKTatlas Fri Mar  6 20:34:49 CET 2026
#@# WMParc Fri Mar  6 20:35:19 CET 2026
#@# ASeg Stats Fri Mar  6 20:38:50 CET 2026
recon-all -s sub-v1s11x0050161_ses-1 finished without error at Fri Mar  6 20:39:21 CET 2026
