status file for recon-all
Tue Mar  3 01:39:39 CET 2026
#@# Tessellate rh Tue Mar  3 01:39:39 CET 2026
#@# Smooth1 rh Tue Mar  3 01:39:44 CET 2026
#@# Inflation1 rh Tue Mar  3 01:39:47 CET 2026
#@# QSphere rh Tue Mar  3 01:40:02 CET 2026
#@# Fix Topology rh Tue Mar  3 01:41:33 CET 2026
#@# Smooth2 rh Tue Mar  3 01:48:09 CET 2026
#@# Inflation2 rh Tue Mar  3 01:48:12 CET 2026
#@# Curv .H and .K rh Tue Mar  3 01:48:28 CET 2026
#@# Sphere rh Tue Mar  3 01:49:14 CET 2026
#@# Surf Reg rh Tue Mar  3 01:54:03 CET 2026
#@# Jacobian white rh Tue Mar  3 01:58:53 CET 2026
#@# AvgCurv rh Tue Mar  3 01:58:54 CET 2026
#@# Cortical Parc rh Tue Mar  3 01:58:55 CET 2026
#@# white curv rh Tue Mar  3 02:06:11 CET 2026
#@# white area rh Tue Mar  3 02:06:13 CET 2026
#@# pial curv rh Tue Mar  3 02:06:13 CET 2026
#@# pial area rh Tue Mar  3 02:06:16 CET 2026
#@# thickness rh Tue Mar  3 02:06:17 CET 2026
#@# area and vertex vol rh Tue Mar  3 02:06:51 CET 2026
#@# Curvature Stats rh Tue Mar  3 02:06:54 CET 2026
#@# Cortical Parc 2 rh Tue Mar  3 02:06:57 CET 2026
#@# Cortical Parc 3 rh Tue Mar  3 02:07:11 CET 2026
#@# WM/GM Contrast rh Tue Mar  3 02:07:22 CET 2026
recon-all -s sub-v1s15x0050210_ses-1 finished without error at Tue Mar  3 02:07:25 CET 2026



#New# invocation of recon-all 



status file for recon-all
Tue Mar  3 02:18:08 CET 2026
#@# white curv rh Tue Mar  3 02:18:08 CET 2026
#@# white area rh Tue Mar  3 02:18:08 CET 2026
#@# pial curv rh Tue Mar  3 02:18:08 CET 2026
#@# pial area rh Tue Mar  3 02:18:08 CET 2026
#@# thickness rh Tue Mar  3 02:18:08 CET 2026
#@# area and vertex vol rh Tue Mar  3 02:18:08 CET 2026
#@# Parcellation Stats rh Tue Mar  3 02:18:09 CET 2026
#@# Parcellation Stats 2 rh Tue Mar  3 02:18:36 CET 2026
#@# Parcellation Stats 3 rh Tue Mar  3 02:18:49 CET 2026
#@# BA_exvivo Labels rh Tue Mar  3 02:19:02 CET 2026
recon-all -s sub-v1s15x0050210_ses-1 finished without error at Tue Mar  3 02:22:27 CET 2026
