status file for recon-all
Sat Mar  7 07:57:03 CET 2026
#@# Tessellate rh Sat Mar  7 07:57:03 CET 2026
#@# Smooth1 rh Sat Mar  7 07:57:07 CET 2026
#@# Inflation1 rh Sat Mar  7 07:57:10 CET 2026
#@# QSphere rh Sat Mar  7 07:57:28 CET 2026
#@# Fix Topology rh Sat Mar  7 07:59:24 CET 2026
#@# Smooth2 rh Sat Mar  7 08:05:48 CET 2026
#@# Inflation2 rh Sat Mar  7 08:05:51 CET 2026
#@# Curv .H and .K rh Sat Mar  7 08:06:10 CET 2026
#@# Sphere rh Sat Mar  7 08:06:56 CET 2026
#@# Surf Reg rh Sat Mar  7 08:10:43 CET 2026
#@# Jacobian white rh Sat Mar  7 08:16:51 CET 2026
#@# AvgCurv rh Sat Mar  7 08:16:52 CET 2026
#@# Cortical Parc rh Sat Mar  7 08:16:53 CET 2026
#@# white curv rh Sat Mar  7 08:24:28 CET 2026
#@# white area rh Sat Mar  7 08:24:30 CET 2026
#@# pial curv rh Sat Mar  7 08:24:31 CET 2026
#@# pial area rh Sat Mar  7 08:24:33 CET 2026
#@# thickness rh Sat Mar  7 08:24:34 CET 2026
#@# area and vertex vol rh Sat Mar  7 08:25:06 CET 2026
#@# Curvature Stats rh Sat Mar  7 08:25:08 CET 2026
#@# Cortical Parc 2 rh Sat Mar  7 08:25:10 CET 2026
#@# Cortical Parc 3 rh Sat Mar  7 08:25:25 CET 2026
#@# WM/GM Contrast rh Sat Mar  7 08:25:36 CET 2026
recon-all -s sub-v1s19x0051307_ses-1 finished without error at Sat Mar  7 08:25:40 CET 2026



#New# invocation of recon-all 



status file for recon-all
Sat Mar  7 08:35:19 CET 2026
#@# white curv rh Sat Mar  7 08:35:19 CET 2026
#@# white area rh Sat Mar  7 08:35:19 CET 2026
#@# pial curv rh Sat Mar  7 08:35:19 CET 2026
#@# pial area rh Sat Mar  7 08:35:19 CET 2026
#@# thickness rh Sat Mar  7 08:35:19 CET 2026
#@# area and vertex vol rh Sat Mar  7 08:35:19 CET 2026
#@# Parcellation Stats rh Sat Mar  7 08:35:19 CET 2026
#@# Parcellation Stats 2 rh Sat Mar  7 08:35:39 CET 2026
#@# Parcellation Stats 3 rh Sat Mar  7 08:35:49 CET 2026
#@# BA_exvivo Labels rh Sat Mar  7 08:35:58 CET 2026
recon-all -s sub-v1s19x0051307_ses-1 finished without error at Sat Mar  7 08:39:01 CET 2026
