status file for recon-all
Mon Mar  2 12:34:43 CET 2026
#@# MotionCor Mon Mar  2 12:34:45 CET 2026
#@# Talairach Mon Mar  2 12:34:54 CET 2026
#@# Talairach Failure Detection Mon Mar  2 12:38:35 CET 2026
#@# Nu Intensity Correction Mon Mar  2 12:38:36 CET 2026
#@# Intensity Normalization Mon Mar  2 12:42:09 CET 2026
recon-all -s sub-v1s10x0050967_ses-1 finished without error at Mon Mar  2 12:43:25 CET 2026



#New# invocation of recon-all 



status file for recon-all
Mon Mar  2 12:53:26 CET 2026
#@# EM Registration Mon Mar  2 12:53:26 CET 2026
recon-all -s sub-v1s10x0050967_ses-1 finished without error at Mon Mar  2 12:56:03 CET 2026



#New# invocation of recon-all 



status file for recon-all
Mon Mar  2 12:56:06 CET 2026
#@# CA Normalize Mon Mar  2 12:56:06 CET 2026
#@# CA Reg Mon Mar  2 12:57:02 CET 2026
#@# SubCort Seg Mon Mar  2 13:48:59 CET 2026
#@# CC Seg Mon Mar  2 14:15:34 CET 2026
#@# Merge ASeg Mon Mar  2 14:16:03 CET 2026
#@# Intensity Normalization2 Mon Mar  2 14:16:03 CET 2026
#@# Mask BFS Mon Mar  2 14:18:05 CET 2026
#@# WM Segmentation Mon Mar  2 14:18:05 CET 2026
#@# Fill Mon Mar  2 14:20:03 CET 2026
recon-all -s sub-v1s10x0050967_ses-1 finished without error at Mon Mar  2 14:21:07 CET 2026



#New# invocation of recon-all 



status file for recon-all
Mon Mar  2 15:07:00 CET 2026
#@# white curv lh Mon Mar  2 15:07:00 CET 2026
#@# white area lh Mon Mar  2 15:07:00 CET 2026
#@# pial curv lh Mon Mar  2 15:07:00 CET 2026
#@# pial area lh Mon Mar  2 15:07:00 CET 2026
#@# thickness lh Mon Mar  2 15:07:00 CET 2026
#@# area and vertex vol lh Mon Mar  2 15:07:00 CET 2026
#@# white curv rh Mon Mar  2 15:07:00 CET 2026
#@# white area rh Mon Mar  2 15:07:00 CET 2026
#@# pial curv rh Mon Mar  2 15:07:00 CET 2026
#@# pial area rh Mon Mar  2 15:07:00 CET 2026
#@# thickness rh Mon Mar  2 15:07:01 CET 2026
#@# area and vertex vol rh Mon Mar  2 15:07:01 CET 2026
#@# Cortical ribbon mask Mon Mar  2 15:07:01 CET 2026
recon-all -s sub-v1s10x0050967_ses-1 finished without error at Mon Mar  2 15:11:17 CET 2026



#New# invocation of recon-all 



status file for recon-all
Mon Mar  2 15:19:38 CET 2026
#@# white curv lh Mon Mar  2 15:19:38 CET 2026
#@# white area lh Mon Mar  2 15:19:38 CET 2026
#@# pial curv lh Mon Mar  2 15:19:38 CET 2026
#@# pial area lh Mon Mar  2 15:19:38 CET 2026
#@# thickness lh Mon Mar  2 15:19:38 CET 2026
#@# area and vertex vol lh Mon Mar  2 15:19:38 CET 2026
#@# white curv rh Mon Mar  2 15:19:38 CET 2026
#@# white area rh Mon Mar  2 15:19:38 CET 2026
#@# pial curv rh Mon Mar  2 15:19:38 CET 2026
#@# pial area rh Mon Mar  2 15:19:38 CET 2026
#@# thickness rh Mon Mar  2 15:19:38 CET 2026
#@# area and vertex vol rh Mon Mar  2 15:19:38 CET 2026
#@# Curvature Stats lh Mon Mar  2 15:19:38 CET 2026
#@# Curvature Stats rh Mon Mar  2 15:19:41 CET 2026
#@# Relabel Hypointensities Mon Mar  2 15:19:44 CET 2026
#@# APas-to-ASeg Mon Mar  2 15:20:01 CET 2026
#@# AParc-to-ASeg aparc Mon Mar  2 15:20:11 CET 2026
#@# AParc-to-ASeg aparc.a2009s Mon Mar  2 15:20:58 CET 2026
#@# AParc-to-ASeg aparc.DKTatlas Mon Mar  2 15:21:45 CET 2026
#@# WMParc Mon Mar  2 15:22:32 CET 2026
#@# ASeg Stats Mon Mar  2 15:24:57 CET 2026
recon-all -s sub-v1s10x0050967_ses-1 finished without error at Mon Mar  2 15:25:23 CET 2026
