status file for recon-all
Fri Mar  6 16:36:15 CET 2026
#@# Tessellate rh Fri Mar  6 16:36:15 CET 2026
#@# Smooth1 rh Fri Mar  6 16:36:20 CET 2026
#@# Inflation1 rh Fri Mar  6 16:36:23 CET 2026
#@# QSphere rh Fri Mar  6 16:36:37 CET 2026
#@# Fix Topology rh Fri Mar  6 16:37:48 CET 2026
#@# Smooth2 rh Fri Mar  6 16:47:28 CET 2026
#@# Inflation2 rh Fri Mar  6 16:47:31 CET 2026
#@# Curv .H and .K rh Fri Mar  6 16:47:47 CET 2026
#@# Sphere rh Fri Mar  6 16:48:37 CET 2026
#@# Surf Reg rh Fri Mar  6 16:53:47 CET 2026
#@# Jacobian white rh Fri Mar  6 17:00:23 CET 2026
#@# AvgCurv rh Fri Mar  6 17:00:24 CET 2026
#@# Cortical Parc rh Fri Mar  6 17:00:25 CET 2026
#@# white curv rh Fri Mar  6 17:07:30 CET 2026
#@# white area rh Fri Mar  6 17:07:32 CET 2026
#@# pial curv rh Fri Mar  6 17:07:33 CET 2026
#@# pial area rh Fri Mar  6 17:07:35 CET 2026
#@# thickness rh Fri Mar  6 17:07:35 CET 2026
#@# area and vertex vol rh Fri Mar  6 17:08:07 CET 2026
#@# Curvature Stats rh Fri Mar  6 17:08:08 CET 2026
#@# Cortical Parc 2 rh Fri Mar  6 17:08:11 CET 2026
#@# Cortical Parc 3 rh Fri Mar  6 17:08:25 CET 2026
#@# WM/GM Contrast rh Fri Mar  6 17:08:36 CET 2026
recon-all -s sub-v1s10x0051114_ses-1 finished without error at Fri Mar  6 17:08:41 CET 2026



#New# invocation of recon-all 



status file for recon-all
Fri Mar  6 17:17:45 CET 2026
#@# white curv rh Fri Mar  6 17:17:45 CET 2026
#@# white area rh Fri Mar  6 17:17:45 CET 2026
#@# pial curv rh Fri Mar  6 17:17:45 CET 2026
#@# pial area rh Fri Mar  6 17:17:45 CET 2026
#@# thickness rh Fri Mar  6 17:17:45 CET 2026
#@# area and vertex vol rh Fri Mar  6 17:17:45 CET 2026
#@# Parcellation Stats rh Fri Mar  6 17:17:45 CET 2026
#@# Parcellation Stats 2 rh Fri Mar  6 17:18:07 CET 2026
#@# Parcellation Stats 3 rh Fri Mar  6 17:18:18 CET 2026
#@# BA_exvivo Labels rh Fri Mar  6 17:18:28 CET 2026
recon-all -s sub-v1s10x0051114_ses-1 finished without error at Fri Mar  6 17:21:11 CET 2026
