status file for recon-all
Sat Mar  7 13:01:57 CET 2026
#@# Tessellate lh Sat Mar  7 13:01:57 CET 2026
#@# Smooth1 lh Sat Mar  7 13:02:00 CET 2026
#@# Inflation1 lh Sat Mar  7 13:02:03 CET 2026
#@# QSphere lh Sat Mar  7 13:02:20 CET 2026
#@# Fix Topology lh Sat Mar  7 13:04:27 CET 2026
#@# Smooth2 lh Sat Mar  7 13:11:54 CET 2026
#@# Inflation2 lh Sat Mar  7 13:11:57 CET 2026
#@# Curv .H and .K lh Sat Mar  7 13:12:13 CET 2026
#@# Sphere lh Sat Mar  7 13:12:55 CET 2026
#@# Surf Reg lh Sat Mar  7 13:18:28 CET 2026
#@# Jacobian white lh Sat Mar  7 13:23:17 CET 2026
#@# AvgCurv lh Sat Mar  7 13:23:18 CET 2026
#@# Cortical Parc lh Sat Mar  7 13:23:19 CET 2026
#@# white curv lh Sat Mar  7 13:30:06 CET 2026
#@# white area lh Sat Mar  7 13:30:08 CET 2026
#@# pial curv lh Sat Mar  7 13:30:09 CET 2026
#@# pial area lh Sat Mar  7 13:30:11 CET 2026
#@# thickness lh Sat Mar  7 13:30:11 CET 2026
#@# area and vertex vol lh Sat Mar  7 13:30:34 CET 2026
#@# Curvature Stats lh Sat Mar  7 13:30:35 CET 2026
#@# Cortical Parc 2 lh Sat Mar  7 13:30:38 CET 2026
#@# Cortical Parc 3 lh Sat Mar  7 13:30:50 CET 2026
#@# WM/GM Contrast lh Sat Mar  7 13:30:59 CET 2026
recon-all -s sub-v1s20x0050293_ses-1 finished without error at Sat Mar  7 13:31:01 CET 2026



#New# invocation of recon-all 



status file for recon-all
Sat Mar  7 14:07:35 CET 2026
#@# white curv lh Sat Mar  7 14:07:36 CET 2026
#@# white area lh Sat Mar  7 14:07:36 CET 2026
#@# pial curv lh Sat Mar  7 14:07:36 CET 2026
#@# pial area lh Sat Mar  7 14:07:36 CET 2026
#@# thickness lh Sat Mar  7 14:07:36 CET 2026
#@# area and vertex vol lh Sat Mar  7 14:07:36 CET 2026
#@# Parcellation Stats lh Sat Mar  7 14:07:36 CET 2026
#@# Parcellation Stats 2 lh Sat Mar  7 14:07:55 CET 2026
#@# Parcellation Stats 3 lh Sat Mar  7 14:08:06 CET 2026
#@# BA_exvivo Labels lh Sat Mar  7 14:08:16 CET 2026
recon-all -s sub-v1s20x0050293_ses-1 finished without error at Sat Mar  7 14:10:53 CET 2026
