status file for recon-all
Fri Mar  6 22:40:30 CET 2026
#@# MotionCor Fri Mar  6 22:40:33 CET 2026
#@# Talairach Fri Mar  6 22:40:41 CET 2026
#@# Talairach Failure Detection Fri Mar  6 22:45:04 CET 2026
#@# Nu Intensity Correction Fri Mar  6 22:45:05 CET 2026
#@# Intensity Normalization Fri Mar  6 22:48:21 CET 2026
recon-all -s sub-v1s13x0050013_ses-1 finished without error at Fri Mar  6 22:49:34 CET 2026



#New# invocation of recon-all 



status file for recon-all
Fri Mar  6 22:56:48 CET 2026
#@# EM Registration Fri Mar  6 22:56:48 CET 2026
recon-all -s sub-v1s13x0050013_ses-1 finished without error at Fri Mar  6 22:59:01 CET 2026



#New# invocation of recon-all 



status file for recon-all
Fri Mar  6 22:59:04 CET 2026
#@# CA Normalize Fri Mar  6 22:59:04 CET 2026
#@# CA Reg Fri Mar  6 23:00:22 CET 2026
#@# SubCort Seg Fri Mar  6 23:47:22 CET 2026
#@# CC Seg Sat Mar  7 00:14:25 CET 2026
#@# Merge ASeg Sat Mar  7 00:14:59 CET 2026
#@# Intensity Normalization2 Sat Mar  7 00:14:59 CET 2026
#@# Mask BFS Sat Mar  7 00:17:04 CET 2026
#@# WM Segmentation Sat Mar  7 00:17:05 CET 2026
#@# Fill Sat Mar  7 00:19:05 CET 2026
recon-all -s sub-v1s13x0050013_ses-1 finished without error at Sat Mar  7 00:20:12 CET 2026



#New# invocation of recon-all 



status file for recon-all
Sat Mar  7 01:23:39 CET 2026
#@# white curv lh Sat Mar  7 01:23:39 CET 2026
#@# white area lh Sat Mar  7 01:23:39 CET 2026
#@# pial curv lh Sat Mar  7 01:23:39 CET 2026
#@# pial area lh Sat Mar  7 01:23:39 CET 2026
#@# thickness lh Sat Mar  7 01:23:39 CET 2026
#@# area and vertex vol lh Sat Mar  7 01:23:39 CET 2026
#@# white curv rh Sat Mar  7 01:23:39 CET 2026
#@# white area rh Sat Mar  7 01:23:39 CET 2026
#@# pial curv rh Sat Mar  7 01:23:39 CET 2026
#@# pial area rh Sat Mar  7 01:23:39 CET 2026
#@# thickness rh Sat Mar  7 01:23:39 CET 2026
#@# area and vertex vol rh Sat Mar  7 01:23:39 CET 2026
#@# Cortical ribbon mask Sat Mar  7 01:23:39 CET 2026
recon-all -s sub-v1s13x0050013_ses-1 finished without error at Sat Mar  7 01:28:23 CET 2026



#New# invocation of recon-all 



status file for recon-all
Sat Mar  7 01:34:49 CET 2026
#@# white curv lh Sat Mar  7 01:34:49 CET 2026
#@# white area lh Sat Mar  7 01:34:49 CET 2026
#@# pial curv lh Sat Mar  7 01:34:49 CET 2026
#@# pial area lh Sat Mar  7 01:34:49 CET 2026
#@# thickness lh Sat Mar  7 01:34:49 CET 2026
#@# area and vertex vol lh Sat Mar  7 01:34:49 CET 2026
#@# white curv rh Sat Mar  7 01:34:49 CET 2026
#@# white area rh Sat Mar  7 01:34:49 CET 2026
#@# pial curv rh Sat Mar  7 01:34:49 CET 2026
#@# pial area rh Sat Mar  7 01:34:49 CET 2026
#@# thickness rh Sat Mar  7 01:34:49 CET 2026
#@# area and vertex vol rh Sat Mar  7 01:34:49 CET 2026
#@# Curvature Stats lh Sat Mar  7 01:34:49 CET 2026
#@# Curvature Stats rh Sat Mar  7 01:34:51 CET 2026
#@# Relabel Hypointensities Sat Mar  7 01:34:54 CET 2026
#@# APas-to-ASeg Sat Mar  7 01:35:09 CET 2026
#@# AParc-to-ASeg aparc Sat Mar  7 01:35:16 CET 2026
#@# AParc-to-ASeg aparc.a2009s Sat Mar  7 01:35:50 CET 2026
#@# AParc-to-ASeg aparc.DKTatlas Sat Mar  7 01:36:21 CET 2026
#@# WMParc Sat Mar  7 01:36:53 CET 2026
#@# ASeg Stats Sat Mar  7 01:40:48 CET 2026
recon-all -s sub-v1s13x0050013_ses-1 finished without error at Sat Mar  7 01:41:29 CET 2026
