/out/sourcedata/freesurfer/sub-v1s11x0050143_ses-1/mri
/opt/freesurfer/bin/talairach_avi
--i orig_nu.mgz --xfm transforms/talairach.auto.xfm
talairach_avi 7.3.2
Linux dna063 5.14.0-427.37.1.el9_4.x86_64 #1 SMP PREEMPT_DYNAMIC Fri Sep 13 12:41:50 EDT 2024 x86_64 x86_64 x86_64 GNU/Linux
Fri Mar  6 16:34:36 CET 2026
mri_convert orig_nu.mgz talsrcimg.img 
reading from orig_nu.mgz...
TR=0.00, TE=0.00, TI=0.00, flip angle=0.00
i_ras = (-1, 0, -7.45058e-09)
j_ras = (0, 0, -1)
k_ras = (0, 1, 0)
writing to talsrcimg.img...
Analyze Output Matrix
-1.00000   0.00000   0.00000   128.74139;
 0.00000   0.00000   1.00000  -111.04768;
-0.00000  -1.00000   0.00000   143.84381;
 0.00000   0.00000   0.00000   1.00000;
--------------------
INFO: set hdr.hist.orient to -1
mpr2mni305 talsrcimg
Fri Mar  6 16:34:36 CET 2026
/opt/freesurfer/bin/mpr2mni305 talsrcimg
mpr2mni305 7.3.2
target=711-2C_as_mni_average_305

---------------------------------------------------------------------
analyzeto4dfp talsrcimg -O0 -y
---------------------------------------------------------------------

freesurfer ifh2hdr.c
Fri Mar  6 16:34:36 2026
Writing: talsrcimg.4dfp.hdr
freesurfer analyzeto4dfp.c
Reading: talsrcimg.hdr
header size 348 bytes
hdr.dime.datatype	offset=70	value=2
hdr.dime.bitpix		offset=72	value=8
hdr.hist.orient		offset=252	value=-1
dimensionality     4
dimensions       256       256       256         1
Reading: talsrcimg.img
Writing: talsrcimg.4dfp.img
Writing: talsrcimg.4dfp.ifh
ifh2hdr talsrcimg -r0to232
ori=2

---------------------------------------------------------------------
gauss_4dfp talsrcimg 1.1
---------------------------------------------------------------------

freesurfer gauss_4dfp.c
Reading: talsrcimg.4dfp.img
Writing: talsrcimg_g11.4dfp.img
image dimensions 256 256 256 padded to 288 288 288
processing volume 1freesurfer ifh2hdr.c
Fri Mar  6 16:34:38 2026
Writing: talsrcimg_g11.4dfp.hdr

Writing: talsrcimg_g11.4dfp.ifh
including: talsrcimg.4dfp.img.rec in talsrcimg_g11.4dfp.img.rec

---------------------------------------------------------------------
imgreg_4dfp /opt/freesurfer/average/711-2C_as_mni_average_305 none talsrcimg_g11 none talsrcimg_to_711-2C_as_mni_average_305_t4 4355
---------------------------------------------------------------------

freesurfer imgreg_4dfp.c
/opt/freesurfer/average/711-2C_as_mni_average_305.4dfp.img
       256       256       256         1
  1.000000  1.000000  1.000000
orientation T byte_order littleendian
Reading image: /opt/freesurfer/average/711-2C_as_mni_average_305.4dfp.img
dimensions:      256       256       256
mmppix:       1.0000   -1.0000   -1.0000
center:     128.0000 -129.0000 -129.0000
talsrcimg_g11.4dfp.img
       256       256       256         1
  1.000000  1.000000  1.000000
orientation T byte_order littleendian
Reading image: talsrcimg_g11.4dfp.img
dimensions:      256       256       256
mmppix:       1.0000   -1.0000   -1.0000
center:     128.0000 -129.0000 -129.0000
t4_read: open error in t4_sub.f l:  41 t4_file(1:l)talsrcimg_to_711-2C_as_mni_average_305_t4 
t4_read: transform initialized to I4
rotation matrix determinant  1.000000
image alignment mode   4355 decimal     1103 hex
   -7.5000  -45.0000  -45.0000 8040.2793   12.0977
    0.0000  -45.0000  -45.0000 8405.8877   12.1125
    7.5000  -45.0000  -45.0000 7997.1606   12.1191
   -7.5000  -37.5000  -45.0000 8679.7441   12.0190
    0.0000  -37.5000  -45.0000 9085.2822   12.0311
    7.5000  -37.5000  -45.0000 8651.3018   12.0370
   -7.5000  -30.0000  -45.0000 9655.5889   11.9956
    0.0000  -30.0000  -45.000010089.1133   12.0042
    7.5000  -30.0000  -45.0000 9598.9814   12.0047
   -7.5000  -22.5000  -45.000010548.1475   12.0116
    0.0000  -22.5000  -45.000010993.1357   12.0193
    7.5000  -22.5000  -45.000010464.5439   12.0132
   -7.5000  -15.0000  -45.000011326.3242   12.0183
    0.0000  -15.0000  -45.000011815.0557   12.0274
    7.5000  -15.0000  -45.000011228.3184   12.0203
   -7.5000   -7.5000  -45.000012053.2627   11.9964
    0.0000   -7.5000  -45.000012604.6973   12.0085
    7.5000   -7.5000  -45.000011981.9219   12.0081
   -7.5000    0.0000  -45.000012735.9229   11.9718
    0.0000    0.0000  -45.000013312.9482   11.9856
    7.5000    0.0000  -45.000012643.2480   11.9914
   -7.5000    7.5000  -45.000012491.4141   11.9699
    0.0000    7.5000  -45.000013056.9443   11.9814
    7.5000    7.5000  -45.000012428.8457   11.9870
   -7.5000   15.0000  -45.000012139.3564   11.9878
    0.0000   15.0000  -45.000012712.7295   11.9961
    7.5000   15.0000  -45.000012085.4805   11.9965
   -7.5000   22.5000  -45.000011598.2314   12.0100
    0.0000   22.5000  -45.000012107.5752   12.0176
    7.5000   22.5000  -45.000011489.4453   12.0116
   -7.5000   30.0000  -45.000010758.6963   11.8582
    0.0000   30.0000  -45.000011230.3789   11.8671
    7.5000   30.0000  -45.000010663.1914   11.8601
   -7.5000   37.5000  -45.000010193.4307   11.8366
    0.0000   37.5000  -45.000010663.0127   11.8485
    7.5000   37.5000  -45.000010131.5508   11.8481
   -7.5000   45.0000  -45.0000 9304.4668   11.5124
    0.0000   45.0000  -45.0000 9736.1680   11.5256
    7.5000   45.0000  -45.0000 9255.6064   11.5312
   -7.5000  -45.0000  -37.5000 8558.7041   12.0351
    0.0000  -45.0000  -37.5000 8930.3867   12.0531
    7.5000  -45.0000  -37.5000 8506.6113   12.0622
   -7.5000  -37.5000  -37.5000 9241.2725   11.9567
    0.0000  -37.5000  -37.5000 9651.0547   11.9725
    7.5000  -37.5000  -37.5000 9182.4834   11.9803
   -7.5000  -30.0000  -37.500010276.8203   11.9320
    0.0000  -30.0000  -37.500010718.7695   11.9442
    7.5000  -30.0000  -37.500010189.3740   11.9476
   -7.5000  -22.5000  -37.500011214.3652   11.9463
    0.0000  -22.5000  -37.500011686.4160   11.9570
    7.5000  -22.5000  -37.500011107.2764   11.9553
   -7.5000  -15.0000  -37.500012016.0283   11.9520
    0.0000  -15.0000  -37.500012530.9531   11.9637
    7.5000  -15.0000  -37.500011912.1631   11.9613
   -7.5000   -7.5000  -37.500012796.5000   11.9308
    0.0000   -7.5000  -37.500013349.3574   11.9457
    7.5000   -7.5000  -37.500012695.5410   11.9490
   -7.5000    0.0000  -37.500013518.3447   11.9084
    0.0000    0.0000  -37.500014081.2764   11.9253
    7.5000    0.0000  -37.500013389.7129   11.9336
   -7.5000    7.5000  -37.500013233.8887   11.9074
    0.0000    7.5000  -37.500013793.6289   11.9225
    7.5000    7.5000  -37.500013131.5420   11.9300
   -7.5000   15.0000  -37.500012826.9092   11.9242
    0.0000   15.0000  -37.500013396.5186   11.9361
    7.5000   15.0000  -37.500012747.0615   11.9394
   -7.5000   22.5000  -37.500012206.1006   11.9447
    0.0000   22.5000  -37.500012728.3809   11.9554
    7.5000   22.5000  -37.500012094.2842   11.9537
   -7.5000   30.0000  -37.500011296.4336   11.7927
    0.0000   30.0000  -37.500011802.4844   11.8043
    7.5000   30.0000  -37.500011207.1650   11.8019
   -7.5000   37.5000  -37.500010711.9971   11.7718
    0.0000   37.5000  -37.500011190.1338   11.7865
    7.5000   37.5000  -37.500010626.8252   11.7898
   -7.5000   45.0000  -37.5000 9778.6406   11.4513
    0.0000   45.0000  -37.500010214.2539   11.4676
    7.5000   45.0000  -37.5000 9716.9287   11.4756
   -7.5000  -45.0000  -30.0000 9244.1738   12.5380
    0.0000  -45.0000  -30.0000 9632.6094   12.5555
    7.5000  -45.0000  -30.0000 9178.5361   12.5647
   -7.5000  -37.5000  -30.0000 9969.5029   12.4602
    0.0000  -37.5000  -30.000010379.1670   12.4766
    7.5000  -37.5000  -30.0000 9881.5508   12.4837
   -7.5000  -30.0000  -30.000011051.2002   12.4317
    0.0000  -30.0000  -30.000011508.6963   12.4450
    7.5000  -30.0000  -30.000010952.9502   12.4494
   -7.5000  -22.5000  -30.000012043.6836   12.4399
    0.0000  -22.5000  -30.000012529.4336   12.4509
    7.5000  -22.5000  -30.000011936.0400   12.4532
   -7.5000  -15.0000  -30.000012889.4795   12.4416
    0.0000  -15.0000  -30.000013413.8271   12.4526
    7.5000  -15.0000  -30.000012791.8506   12.4552
   -7.5000   -7.5000  -30.000013735.8887   12.4225
    0.0000   -7.5000  -30.000014309.6289   12.4362
    7.5000   -7.5000  -30.000013621.6016   12.4425
   -7.5000    0.0000  -30.000014520.6689   12.4058
    0.0000    0.0000  -30.000015117.5439   12.4223
    7.5000    0.0000  -30.000014349.6006   12.4306
   -7.5000    7.5000  -30.000014201.8721   12.4086
    0.0000    7.5000  -30.000014776.4238   12.4243
    7.5000    7.5000  -30.000014056.5596   12.4310
   -7.5000   15.0000  -30.000013755.8184   12.4235
    0.0000   15.0000  -30.000014323.3496   12.4365
    7.5000   15.0000  -30.000013635.4102   12.4408
   -7.5000   22.5000  -30.000013034.3018   12.4369
    0.0000   22.5000  -30.000013587.5664   12.4479
    7.5000   22.5000  -30.000012925.7998   12.4502
   -7.5000   30.0000  -30.000012032.5430   12.2770
    0.0000   30.0000  -30.000012555.8369   12.2878
    7.5000   30.0000  -30.000011970.7373   12.2904
   -7.5000   37.5000  -30.000011396.8242   12.2581
    0.0000   37.5000  -30.000011887.4785   12.2717
    7.5000   37.5000  -30.000011328.4883   12.2779
   -7.5000   45.0000  -30.000010384.7148   11.9384
    0.0000   45.0000  -30.000010826.7764   11.9543
    7.5000   45.0000  -30.000010320.8027   11.9623
   -7.5000  -45.0000  -22.5000 9894.2549   12.9636
    0.0000  -45.0000  -22.500010315.4521   12.9761
    7.5000  -45.0000  -22.5000 9827.2588   12.9825
   -7.5000  -37.5000  -22.500010628.6035   12.8855
    0.0000  -37.5000  -22.500011088.9600   12.8979
    7.5000  -37.5000  -22.500010567.9404   12.9017
   -7.5000  -30.0000  -22.500011774.2793   12.8540
    0.0000  -30.0000  -22.500012267.0469   12.8640
    7.5000  -30.0000  -22.500011694.0020   12.8659
   -7.5000  -22.5000  -22.500012838.3848   12.8572
    0.0000  -22.5000  -22.500013367.3535   12.8648
    7.5000  -22.5000  -22.500012749.2363   12.8662
   -7.5000  -15.0000  -22.500013733.0439   12.8561
    0.0000  -15.0000  -22.500014312.9600   12.8631
    7.5000  -15.0000  -22.500013665.8584   12.8656
   -7.5000   -7.5000  -22.500014613.9004   12.8389
    0.0000   -7.5000  -22.500015246.3086   12.8480
    7.5000   -7.5000  -22.500014524.4521   12.8530
   -7.5000    0.0000  -22.500015439.9492   12.8266
    0.0000    0.0000  -22.500016108.6143   12.8381
    7.5000    0.0000  -22.500015275.4473   12.8437
   -7.5000    7.5000  -22.500015100.0117   12.8321
    0.0000    7.5000  -22.500015738.1436   12.8437
    7.5000    7.5000  -22.500014940.4971   12.8472
   -7.5000   15.0000  -22.500014630.4043   12.8455
    0.0000   15.0000  -22.500015240.5254   12.8552
    7.5000   15.0000  -22.500014476.7969   12.8571
   -7.5000   22.5000  -22.500013842.5312   12.8533
    0.0000   22.5000  -22.500014428.3594   12.8609
    7.5000   22.5000  -22.500013709.8232   12.8622
   -7.5000   30.0000  -22.500012783.1318   12.6879
    0.0000   30.0000  -22.500013320.9023   12.6948
    7.5000   30.0000  -22.500012684.8848   12.6973
   -7.5000   37.5000  -22.500012086.7266   12.6710
    0.0000   37.5000  -22.500012587.4922   12.6800
    7.5000   37.5000  -22.500012006.4141   12.6849
   -7.5000   45.0000  -22.500010993.5176   12.3526
    0.0000   45.0000  -22.500011445.9443   12.3638
    7.5000   45.0000  -22.500010928.4883   12.3691
   -7.5000  -45.0000  -15.000010535.6572   13.2718
    0.0000  -45.0000  -15.000010990.2920   13.2815
    7.5000  -45.0000  -15.000010482.2598   13.2850
   -7.5000  -37.5000  -15.000011305.6289   13.1907
    0.0000  -37.5000  -15.000011781.4346   13.1999
    7.5000  -37.5000  -15.000011252.5762   13.2018
   -7.5000  -30.0000  -15.000012507.8711   13.1590
    0.0000  -30.0000  -15.000013016.0176   13.1660
    7.5000  -30.0000  -15.000012427.7305   13.1649
   -7.5000  -22.5000  -15.000013633.3633   13.1635
    0.0000  -22.5000  -15.000014210.2002   13.1683
    7.5000  -22.5000  -15.000013547.7949   13.1651
   -7.5000  -15.0000  -15.000014598.4814   13.1633
    0.0000  -15.0000  -15.000015246.7344   13.1678
    7.5000  -15.0000  -15.000014545.4375   13.1653
   -7.5000   -7.5000  -15.000015486.4805   13.1455
    0.0000   -7.5000  -15.000016188.8594   13.1520
    7.5000   -7.5000  -15.000015419.4678   13.1528
   -7.5000    0.0000  -15.000016314.0957   13.1313
    0.0000    0.0000  -15.000017046.5664   13.1401
    7.5000    0.0000  -15.000016166.4189   13.1429
   -7.5000    7.5000  -15.000015962.9434   13.1360
    0.0000    7.5000  -15.000016664.9922   13.1445
    7.5000    7.5000  -15.000015797.1123   13.1461
   -7.5000   15.0000  -15.000015458.6865   13.1504
    0.0000   15.0000  -15.000016134.6865   13.1570
    7.5000   15.0000  -15.000015311.8340   13.1559
   -7.5000   22.5000  -15.000014611.2607   13.1588
    0.0000   22.5000  -15.000015223.5723   13.1637
    7.5000   22.5000  -15.000014457.2207   13.1605
   -7.5000   30.0000  -15.000013490.6709   12.9929
    0.0000   30.0000  -15.000014045.0400   12.9973
    7.5000   30.0000  -15.000013351.6602   12.9949
   -7.5000   37.5000  -15.000012777.5391   12.9754
    0.0000   37.5000  -15.000013312.3301   12.9818
    7.5000   37.5000  -15.000012682.6924   12.9826
   -7.5000   45.0000  -15.000011615.8633   12.6538
    0.0000   45.0000  -15.000012102.4482   12.6622
    7.5000   45.0000  -15.000011532.3193   12.6649
   -7.5000  -45.0000   -7.500011210.8076   13.4301
    0.0000  -45.0000   -7.500011699.3916   13.4419
    7.5000  -45.0000   -7.500011141.9600   13.4459
   -7.5000  -37.5000   -7.500012011.8574   13.3446
    0.0000  -37.5000   -7.500012524.3154   13.3545
    7.5000  -37.5000   -7.500011944.8506   13.3578
   -7.5000  -30.0000   -7.500013244.5049   13.3160
    0.0000  -30.0000   -7.500013815.7754   13.3228
    7.5000  -30.0000   -7.500013175.4893   13.3212
   -7.5000  -22.5000   -7.500014421.7832   13.3279
    0.0000  -22.5000   -7.500015047.5146   13.3331
    7.5000  -22.5000   -7.500014336.2568   13.3261
   -7.5000  -15.0000   -7.500015486.1562   13.3316
    0.0000  -15.0000   -7.500016148.7197   13.3377
    7.5000  -15.0000   -7.500015399.0459   13.3301
   -7.5000   -7.5000   -7.500016448.9414   13.3098
    0.0000   -7.5000   -7.500017202.6602   13.3186
    7.5000   -7.5000   -7.500016355.7256   13.3168
   -7.5000    0.0000   -7.500017263.8789   13.2882
    0.0000    0.0000   -7.500018054.6855   13.2989
    7.5000    0.0000   -7.500017116.7168   13.3023
   -7.5000    7.5000   -7.500016857.4922   13.2894
    0.0000    7.5000   -7.500017635.2832   13.2986
    7.5000    7.5000   -7.500016718.9570   13.3016
   -7.5000   15.0000   -7.500016293.1240   13.3073
    0.0000   15.0000   -7.500017010.6680   13.3137
    7.5000   15.0000   -7.500016143.4307   13.3121
   -7.5000   22.5000   -7.500015359.8467   13.3217
    0.0000   22.5000   -7.500015994.9658   13.3270
    7.5000   22.5000   -7.500015187.6338   13.3200
   -7.5000   30.0000   -7.500014176.4238   13.1587
    0.0000   30.0000   -7.500014748.7676   13.1647
    7.5000   30.0000   -7.500014023.1484   13.1572
   -7.5000   37.5000   -7.500013437.6992   13.1372
    0.0000   37.5000   -7.500014005.8555   13.1459
    7.5000   37.5000   -7.500013333.4971   13.1441
   -7.5000   45.0000   -7.500012236.9717   12.8073
    0.0000   45.0000   -7.500012761.2178   12.8177
    7.5000   45.0000   -7.500012167.6807   12.8209
   -7.5000  -45.0000    0.000011782.7432   13.4638
    0.0000  -45.0000    0.000012313.8252   13.4802
    7.5000  -45.0000    0.000011719.4199   13.4876
   -7.5000  -37.5000    0.000012601.7490   13.3751
    0.0000  -37.5000    0.000013167.0547   13.3886
    7.5000  -37.5000    0.000012567.3408   13.3951
   -7.5000  -30.0000    0.000013855.2744   13.3488
    0.0000  -30.0000    0.000014477.2852   13.3583
    7.5000  -30.0000    0.000013842.3184   13.3588
   -7.5000  -22.5000    0.000015033.9854   13.3667
    0.0000  -22.5000    0.000015694.3887   13.3751
    7.5000  -22.5000    0.000015010.0498   13.3685
   -7.5000  -15.0000    0.000016150.5957   13.3740
    0.0000  -15.0000    0.000016858.5625   13.3840
    7.5000  -15.0000    0.000016103.0781   13.3761
   -7.5000   -7.5000    0.000017266.8848   13.3493
    0.0000   -7.5000    0.000018127.2754   13.3627
    7.5000   -7.5000    0.000017170.9141   13.3623
   -7.5000    0.0000    0.000018221.7930   13.3218
    0.0000    0.0000    0.000019074.9785   13.3372
    7.5000    0.0000    0.000018047.9766   13.3437
   -7.5000    7.5000    0.000017765.4746   13.3199
    0.0000    7.5000    0.000018573.7910   13.3326
    7.5000    7.5000    0.000017611.5566   13.3389
   -7.5000   15.0000    0.000017098.6016   13.3400
    0.0000   15.0000    0.000017841.3848   13.3492
    7.5000   15.0000    0.000016932.6211   13.3498
   -7.5000   22.5000    0.000016020.5527   13.3605
    0.0000   22.5000    0.000016713.3984   13.3690
    7.5000   22.5000    0.000015857.5527   13.3623
   -7.5000   30.0000    0.000014772.5410   13.2009
    0.0000   30.0000    0.000015405.0723   13.2108
    7.5000   30.0000    0.000014599.6104   13.2030
   -7.5000   37.5000    0.000014017.0840   13.1765
    0.0000   37.5000    0.000014636.9209   13.1898
    7.5000   37.5000    0.000013882.8154   13.1893
   -7.5000   45.0000    0.000012780.8965   12.8407
    0.0000   45.0000    0.000013349.7480   12.8555
    7.5000   45.0000    0.000012681.5498   12.8618
   -7.5000  -45.0000    7.500011380.2324   13.4671
    0.0000  -45.0000    7.500011923.6465   13.4873
    7.5000  -45.0000    7.500011371.2021   13.4975
   -7.5000  -37.5000    7.500012166.7383   13.3794
    0.0000  -37.5000    7.500012761.3555   13.3970
    7.5000  -37.5000    7.500012190.9346   13.4058
   -7.5000  -30.0000    7.500013357.5430   13.3516
    0.0000  -30.0000    7.500014008.8027   13.3653
    7.5000  -30.0000    7.500013378.5039   13.3691
   -7.5000  -22.5000    7.500014468.3350   13.3676
    0.0000  -22.5000    7.500015157.8945   13.3796
    7.5000  -22.5000    7.500014505.4443   13.3778
   -7.5000  -15.0000    7.500015559.8027   13.3740
    0.0000  -15.0000    7.500016311.6094   13.3871
    7.5000  -15.0000    7.500015559.2188   13.3844
   -7.5000   -7.5000    7.500016694.0273   13.3503
    0.0000   -7.5000    7.500017599.1777   13.3669
    7.5000   -7.5000    7.500016575.9668   13.3707
   -7.5000    0.0000    7.500017789.8184   13.3252
    0.0000    0.0000    7.500018616.7715   13.3442
    7.5000    0.0000    7.500017484.4082   13.3535
   -7.5000    7.5000    7.500017460.6797   13.3241
    0.0000    7.5000    7.500018189.4434   13.3410
    7.5000    7.5000    7.500017094.4805   13.3494
   -7.5000   15.0000    7.500016706.7109   13.3429
    0.0000   15.0000    7.500017350.7090   13.3562
    7.5000   15.0000    7.500016396.9570   13.3599
   -7.5000   22.5000    7.500015555.0928   13.3615
    0.0000   22.5000    7.500016165.7207   13.3735
    7.5000   22.5000    7.500015321.4395   13.3716
   -7.5000   30.0000    7.500014247.4619   13.2010
    0.0000   30.0000    7.500014828.4668   13.2139
    7.5000   30.0000    7.500014086.2852   13.2112
   -7.5000   37.5000    7.500013515.3223   13.1776
    0.0000   37.5000    7.500014097.2842   13.1939
    7.5000   37.5000    7.500013393.4072   13.1977
   -7.5000   45.0000    7.500012334.0664   12.8440
    0.0000   45.0000    7.500012867.1191   12.8623
    7.5000   45.0000    7.500012235.9473   12.8712
   -7.5000  -45.0000   15.000010874.7920   13.4677
    0.0000  -45.0000   15.000011401.9512   13.4865
    7.5000  -45.0000   15.000010852.8848   13.4964
   -7.5000  -37.5000   15.000011636.4961   13.3841
    0.0000  -37.5000   15.000012188.9326   13.4017
    7.5000  -37.5000   15.000011619.8330   13.4093
   -7.5000  -30.0000   15.000012784.2314   13.3535
    0.0000  -30.0000   15.000013374.5957   13.3678
    7.5000  -30.0000   15.000012761.4668   13.3724
   -7.5000  -22.5000   15.000013885.5957   13.3623
    0.0000  -22.5000   15.000014506.8428   13.3741
    7.5000  -22.5000   15.000013860.1523   13.3765
   -7.5000  -15.0000   15.000014954.0020   13.3641
    0.0000  -15.0000   15.000015612.6084   13.3759
    7.5000  -15.0000   15.000014886.7256   13.3787
   -7.5000   -7.5000   15.000015955.5996   13.3435
    0.0000   -7.5000   15.000016667.8555   13.3583
    7.5000   -7.5000   15.000015805.2607   13.3650
   -7.5000    0.0000   15.000016874.9883   13.3256
    0.0000    0.0000   15.000017573.4414   13.3433
    7.5000    0.0000   15.000016620.7852   13.3522
   -7.5000    7.5000   15.000016525.4590   13.3287
    0.0000    7.5000   15.000017206.2988   13.3455
    7.5000    7.5000   15.000016263.6924   13.3527
   -7.5000   15.0000   15.000015853.8516   13.3447
    0.0000   15.0000   15.000016526.1836   13.3587
    7.5000   15.0000   15.000015618.6006   13.3633
   -7.5000   22.5000   15.000014807.6270   13.3561
    0.0000   22.5000   15.000015420.7764   13.3679
    7.5000   22.5000   15.000014610.0186   13.3703
   -7.5000   30.0000   15.000013580.5850   13.1912
    0.0000   30.0000   15.000014133.8506   13.2028
    7.5000   30.0000   15.000013438.8154   13.2055
   -7.5000   37.5000   15.000012902.9531   13.1708
    0.0000   37.5000   15.000013436.6104   13.1854
    7.5000   37.5000   15.000012778.4893   13.1921
   -7.5000   45.0000   15.000011777.5020   12.8443
    0.0000   45.0000   15.000012265.4961   12.8614
    7.5000   45.0000   15.000011675.9189   12.8700
   -7.5000  -45.0000   22.500010251.1309   13.5309
    0.0000  -45.0000   22.500010712.3740   13.5439
    7.5000  -45.0000   22.500010201.5732   13.5506
   -7.5000  -37.5000   22.500010980.9297   13.4489
    0.0000  -37.5000   22.500011474.5615   13.4618
    7.5000  -37.5000   22.500010939.0479   13.4658
   -7.5000  -30.0000   22.500012079.8984   13.4158
    0.0000  -30.0000   22.500012623.3467   13.4262
    7.5000  -30.0000   22.500012046.6719   13.4283
   -7.5000  -22.5000   22.500013119.7051   13.4192
    0.0000  -22.5000   22.500013703.1777   13.4271
    7.5000  -22.5000   22.500013105.9102   13.4286
   -7.5000  -15.0000   22.500014092.8770   13.4180
    0.0000  -15.0000   22.500014705.0459   13.4253
    7.5000  -15.0000   22.500014063.8115   13.4280
   -7.5000   -7.5000   22.500014979.3916   13.4000
    0.0000   -7.5000   22.500015599.9297   13.4095
    7.5000   -7.5000   22.500014904.0869   13.4148
   -7.5000    0.0000   22.500015785.7158   13.3870
    0.0000    0.0000   22.500016420.2051   13.3990
    7.5000    0.0000   22.500015676.8037   13.4050
   -7.5000    7.5000   22.500015442.2529   13.3928
    0.0000    7.5000   22.500016106.1230   13.4049
    7.5000    7.5000   22.500015360.7285   13.4086
   -7.5000   15.0000   22.500014860.9189   13.4069
    0.0000   15.0000   22.500015486.7441   13.4170
    7.5000   15.0000   22.500014758.4229   13.4190
   -7.5000   22.5000   22.500013923.5156   13.4131
    0.0000   22.5000   22.500014490.7119   13.4209
    7.5000   22.5000   22.500013812.2725   13.4224
   -7.5000   30.0000   22.500012809.0605   13.2444
    0.0000   30.0000   22.500013322.8936   13.2515
    7.5000   30.0000   22.500012705.2549   13.2542
   -7.5000   37.5000   22.500012172.4238   13.2265
    0.0000   37.5000   22.500012668.0684   13.2359
    7.5000   37.5000   22.500012068.6221   13.2412
   -7.5000   45.0000   22.500011079.9160   12.9035
    0.0000   45.0000   22.500011535.1572   12.9151
    7.5000   45.0000   22.500010995.0098   12.9208
   -7.5000  -45.0000   30.0000 9523.6289   13.6483
    0.0000  -45.0000   30.0000 9967.2539   13.6581
    7.5000  -45.0000   30.0000 9477.4678   13.6618
   -7.5000  -37.5000   30.000010206.3564   13.5636
    0.0000  -37.5000   30.000010672.3115   13.5731
    7.5000  -37.5000   30.000010167.2900   13.5750
   -7.5000  -30.0000   30.000011223.9238   13.5307
    0.0000  -30.0000   30.000011726.0117   13.5378
    7.5000  -30.0000   30.000011210.6299   13.5368
   -7.5000  -22.5000   30.000012211.7178   13.5356
    0.0000  -22.5000   30.000012730.6279   13.5405
    7.5000  -22.5000   30.000012208.0098   13.5373
   -7.5000  -15.0000   30.000013117.1406   13.5354
    0.0000  -15.0000   30.000013674.0703   13.5399
    7.5000  -15.0000   30.000013093.2070   13.5374
   -7.5000   -7.5000   30.000013922.5420   13.5167
    0.0000   -7.5000   30.000014490.7178   13.5233
    7.5000   -7.5000   30.000013886.3555   13.5242
   -7.5000    0.0000   30.000014661.5225   13.5017
    0.0000    0.0000   30.000015236.2402   13.5106
    7.5000    0.0000   30.000014610.7969   13.5136
   -7.5000    7.5000   30.000014352.9053   13.5066
    0.0000    7.5000   30.000014939.9580   13.5153
    7.5000    7.5000   30.000014331.5830   13.5169
   -7.5000   15.0000   30.000013816.3330   13.5217
    0.0000   15.0000   30.000014375.9814   13.5285
    7.5000   15.0000   30.000013780.5869   13.5274
   -7.5000   22.5000   30.000012962.7080   13.5294
    0.0000   22.5000   30.000013456.7979   13.5343
    7.5000   22.5000   30.000012897.6855   13.5311
   -7.5000   30.0000   30.000011927.3359   13.3602
    0.0000   30.0000   30.000012407.2090   13.3647
    7.5000   30.0000   30.000011876.1602   13.3622
   -7.5000   37.5000   30.000011351.1943   13.3418
    0.0000   37.5000   30.000011826.5957   13.3483
    7.5000   37.5000   30.000011282.7588   13.3491
   -7.5000   45.0000   30.000010306.0654   13.0141
    0.0000   45.0000   30.000010726.7002   13.0227
    7.5000   45.0000   30.000010249.4189   13.0255
   -7.5000  -45.0000   37.5000 9120.2715   13.8480
    0.0000  -45.0000   37.5000 9567.9326   13.8596
    7.5000  -45.0000   37.5000 9117.0967   13.8636
   -7.5000  -37.5000   37.5000 9783.1260   13.7598
    0.0000  -37.5000   37.500010242.7822   13.7696
    7.5000  -37.5000   37.5000 9774.0342   13.7727
   -7.5000  -30.0000   37.500010778.3965   13.7305
    0.0000  -30.0000   37.500011248.0840   13.7371
    7.5000  -30.0000   37.500010772.8965   13.7352
   -7.5000  -22.5000   37.500011705.8799   13.7430
    0.0000  -22.5000   37.500012212.4600   13.7481
    7.5000  -22.5000   37.500011732.6719   13.7405
   -7.5000  -15.0000   37.500012557.3662   13.7464
    0.0000  -15.0000   37.500013092.2227   13.7524
    7.5000  -15.0000   37.500012574.4902   13.7442
   -7.5000   -7.5000   37.500013318.7578   13.7230
    0.0000   -7.5000   37.500013886.0146   13.7317
    7.5000   -7.5000   37.500013339.5039   13.7295
   -7.5000    0.0000   37.500014043.2832   13.7002
    0.0000    0.0000   37.500014629.9033   13.7108
    7.5000    0.0000   37.500014044.0547   13.7140
   -7.5000    7.5000   37.500013762.6816   13.7020
    0.0000    7.5000   37.500014340.0059   13.7110
    7.5000    7.5000   37.500013770.5566   13.7138
   -7.5000   15.0000   37.500013262.8057   13.7213
    0.0000   15.0000   37.500013814.2637   13.7275
    7.5000   15.0000   37.500013249.5244   13.7256
   -7.5000   22.5000   37.500012435.3115   13.7366
    0.0000   22.5000   37.500012921.8643   13.7418
    7.5000   22.5000   37.500012381.4092   13.7342
   -7.5000   30.0000   37.500011466.5322   13.5685
    0.0000   30.0000   37.500011930.7549   13.5744
    7.5000   30.0000   37.500011413.8730   13.5663
   -7.5000   37.5000   37.500010926.2754   13.5454
    0.0000   37.5000   37.500011377.4824   13.5540
    7.5000   37.5000   37.500010869.3008   13.5518
   -7.5000   45.0000   37.5000 9910.1650   13.2054
    0.0000   45.0000   37.500010349.3770   13.2156
    7.5000   45.0000   37.5000 9886.1338   13.2187
   -7.5000  -45.0000   45.0000 8358.3955   14.0794
    0.0000  -45.0000   45.0000 8784.4688   14.0958
    7.5000  -45.0000   45.0000 8376.0840   14.1027
   -7.5000  -37.5000   45.0000 8968.9512   13.9875
    0.0000  -37.5000   45.0000 9405.5791   14.0004
    7.5000  -37.5000   45.0000 8989.4346   14.0063
   -7.5000  -30.0000   45.0000 9867.0293   13.9602
    0.0000  -30.0000   45.000010326.6768   13.9686
    7.5000  -30.0000   45.0000 9883.3242   13.9675
   -7.5000  -22.5000   45.000010717.2500   13.9788
    0.0000  -22.5000   45.000011217.0771   13.9860
    7.5000  -22.5000   45.000010756.1641   13.9767
   -7.5000  -15.0000   45.000011487.8311   13.9862
    0.0000  -15.0000   45.000012020.0615   13.9952
    7.5000  -15.0000   45.000011550.9268   13.9847
   -7.5000   -7.5000   45.000012198.7432   13.9598
    0.0000   -7.5000   45.000012747.8662   13.9728
    7.5000   -7.5000   45.000012262.6738   13.9709
   -7.5000    0.0000   45.000012849.4912   13.9308
    0.0000    0.0000   45.000013415.2061   13.9460
    7.5000    0.0000   45.000012896.9043   13.9520
   -7.5000    7.5000   45.000012580.8652   13.9292
    0.0000    7.5000   45.000013140.9375   13.9413
    7.5000    7.5000   45.000012630.2256   13.9469
   -7.5000   15.0000   45.000012154.2324   13.9508
    0.0000   15.0000   45.000012682.8115   13.9588
    7.5000   15.0000   45.000012164.3213   13.9577
   -7.5000   22.5000   45.000011397.2832   13.9724
    0.0000   22.5000   45.000011883.2480   13.9795
    7.5000   22.5000   45.000011378.0107   13.9702
   -7.5000   30.0000   45.000010525.6797   13.8040
    0.0000   30.0000   45.000010989.8164   13.8129
    7.5000   30.0000   45.000010501.3057   13.8025
   -7.5000   37.5000   45.000010037.0654   13.7779
    0.0000   37.5000   45.000010495.5625   13.7908
    7.5000   37.5000   45.000010015.6338   13.7889
   -7.5000   45.0000   45.0000 9110.6836   13.4338
    0.0000   45.0000   45.0000 9541.4697   13.4485
    7.5000   45.0000   45.0000 9108.1719   13.4542

---------------------------------------------------------------------
imgreg_4dfp /opt/freesurfer/average/711-2C_as_mni_average_305 /opt/freesurfer/average/711-2B_as_mni_average_305_mask talsrcimg_g11 none talsrcimg_to_711-2C_as_mni_average_305_t4 4355
---------------------------------------------------------------------

freesurfer imgreg_4dfp.c
/opt/freesurfer/average/711-2C_as_mni_average_305.4dfp.img
       256       256       256         1
  1.000000  1.000000  1.000000
orientation T byte_order littleendian
Reading image: /opt/freesurfer/average/711-2C_as_mni_average_305.4dfp.img
dimensions:      256       256       256
mmppix:       1.0000   -1.0000   -1.0000
center:     128.0000 -129.0000 -129.0000
/opt/freesurfer/average/711-2B_as_mni_average_305_mask.4dfp.img
       256       256       256         1
  1.000000  1.000000  1.000000
orientation T byte_order littleendian
Reading mask: /opt/freesurfer/average/711-2B_as_mni_average_305_mask.4dfp.img (2306576 pixels)
talsrcimg_g11.4dfp.img
       256       256       256         1
  1.000000  1.000000  1.000000
orientation T byte_order littleendian
Reading image: talsrcimg_g11.4dfp.img
dimensions:      256       256       256
mmppix:       1.0000   -1.0000   -1.0000
center:     128.0000 -129.0000 -129.0000
rotation matrix determinant  1.000000
image alignment mode   4355 decimal     1103 hex
   -7.5000  -45.0000  -45.0000 2114.6624   15.1365
    0.0000  -45.0000  -45.0000 2129.4248   15.0676
    7.5000  -45.0000  -45.0000 2114.1030   15.0490
   -7.5000  -37.5000  -45.0000 2219.1440   13.7900
    0.0000  -37.5000  -45.0000 2233.7419   13.7268
    7.5000  -37.5000  -45.0000 2222.3103   13.7439
   -7.5000  -30.0000  -45.0000 2305.3271   12.8361
    0.0000  -30.0000  -45.0000 2316.3462   12.7644
    7.5000  -30.0000  -45.0000 2304.1987   12.7886
   -7.5000  -22.5000  -45.0000 2359.5010   12.1862
    0.0000  -22.5000  -45.0000 2366.1411   12.0657
    7.5000  -22.5000  -45.0000 2356.6086   12.0959
   -7.5000  -15.0000  -45.0000 2390.2341   11.7441
    0.0000  -15.0000  -45.0000 2399.6130   11.6196
    7.5000  -15.0000  -45.0000 2386.1997   11.6520
   -7.5000   -7.5000  -45.0000 2405.1687   11.4931
    0.0000   -7.5000  -45.0000 2416.8171   11.3920
    7.5000   -7.5000  -45.0000 2405.2314   11.4173
   -7.5000    0.0000  -45.0000 2398.2988   11.4466
    0.0000    0.0000  -45.0000 2409.3804   11.3569
    7.5000    0.0000  -45.0000 2401.9124   11.3859
   -7.5000    7.5000  -45.0000 2378.1255   11.5980
    0.0000    7.5000  -45.0000 2395.1250   11.4856
    7.5000    7.5000  -45.0000 2392.1409   11.5155
   -7.5000   15.0000  -45.0000 2349.9158   11.9374
    0.0000   15.0000  -45.0000 2368.9529   11.8050
    7.5000   15.0000  -45.0000 2365.4946   11.8346
   -7.5000   22.5000  -45.0000 2312.6172   12.5300
    0.0000   22.5000  -45.0000 2331.8567   12.3863
    7.5000   22.5000  -45.0000 2327.0012   12.4274
   -7.5000   30.0000  -45.0000 2254.8286   13.3981
    0.0000   30.0000  -45.0000 2272.2300   13.2384
    7.5000   30.0000  -45.0000 2269.0486   13.2771
   -7.5000   37.5000  -45.0000 2177.1304   14.5286
    0.0000   37.5000  -45.0000 2199.1160   14.3499
    7.5000   37.5000  -45.0000 2189.0205   14.4432
   -7.5000   45.0000  -45.0000 2081.0078   15.9899
    0.0000   45.0000  -45.0000 2099.9248   15.8096
    7.5000   45.0000  -45.0000 2091.6223   15.9211
   -7.5000  -45.0000  -37.5000 2193.7327   14.0552
    0.0000  -45.0000  -37.5000 2204.2869   13.9689
    7.5000  -45.0000  -37.5000 2190.0291   13.9729
   -7.5000  -37.5000  -37.5000 2302.5522   12.8153
    0.0000  -37.5000  -37.5000 2315.0657   12.7376
    7.5000  -37.5000  -37.5000 2299.6194   12.7645
   -7.5000  -30.0000  -37.5000 2389.9929   11.9193
    0.0000  -30.0000  -37.5000 2400.8230   11.8358
    7.5000  -30.0000  -37.5000 2381.8184   11.8731
   -7.5000  -22.5000  -37.5000 2447.5327   11.2708
    0.0000  -22.5000  -37.5000 2453.9031   11.1583
    7.5000  -22.5000  -37.5000 2440.2612   11.1985
   -7.5000  -15.0000  -37.5000 2480.6599   10.8332
    0.0000  -15.0000  -37.5000 2490.8906   10.7087
    7.5000  -15.0000  -37.5000 2480.2778   10.7534
   -7.5000   -7.5000  -37.5000 2502.0071   10.5923
    0.0000   -7.5000  -37.5000 2512.7358   10.4760
    7.5000   -7.5000  -37.5000 2502.4321   10.5408
   -7.5000    0.0000  -37.5000 2501.6406   10.5546
    0.0000    0.0000  -37.5000 2512.2356   10.4547
    7.5000    0.0000  -37.5000 2507.0618   10.4897
   -7.5000    7.5000  -37.5000 2485.3625   10.7162
    0.0000    7.5000  -37.5000 2503.9539   10.5827
    7.5000    7.5000  -37.5000 2496.9436   10.6256
   -7.5000   15.0000  -37.5000 2454.7949   11.0397
    0.0000   15.0000  -37.5000 2476.4653   10.8931
    7.5000   15.0000  -37.5000 2468.5283   10.9286
   -7.5000   22.5000  -37.5000 2411.5320   11.5942
    0.0000   22.5000  -37.5000 2430.8730   11.4457
    7.5000   22.5000  -37.5000 2423.5532   11.4804
   -7.5000   30.0000  -37.5000 2348.9387   12.3885
    0.0000   30.0000  -37.5000 2369.3303   12.2339
    7.5000   30.0000  -37.5000 2362.6973   12.2723
   -7.5000   37.5000  -37.5000 2266.7456   13.4412
    0.0000   37.5000  -37.5000 2288.5637   13.3075
    7.5000   37.5000  -37.5000 2278.3066   13.3645
   -7.5000   45.0000  -37.5000 2164.1694   14.8034
    0.0000   45.0000  -37.5000 2183.1765   14.6547
    7.5000   45.0000  -37.5000 2172.6580   14.7230
   -7.5000  -45.0000  -30.0000 2308.4844   13.6123
    0.0000  -45.0000  -30.0000 2317.2617   13.4883
    7.5000  -45.0000  -30.0000 2301.5083   13.5420
   -7.5000  -37.5000  -30.0000 2420.9568   12.3707
    0.0000  -37.5000  -30.0000 2430.4382   12.2448
    7.5000  -37.5000  -30.0000 2412.8965   12.2983
   -7.5000  -30.0000  -30.0000 2512.3450   11.4575
    0.0000  -30.0000  -30.0000 2522.1802   11.3429
    7.5000  -30.0000  -30.0000 2500.6736   11.3944
   -7.5000  -22.5000  -30.0000 2573.9761   10.8081
    0.0000  -22.5000  -30.0000 2581.7703   10.6977
    7.5000  -22.5000  -30.0000 2566.5957   10.7459
   -7.5000  -15.0000  -30.0000 2612.7336   10.3469
    0.0000  -15.0000  -30.0000 2623.7402   10.2332
    7.5000  -15.0000  -30.0000 2615.2996   10.2956
   -7.5000   -7.5000  -30.0000 2644.4797   10.0896
    0.0000   -7.5000  -30.0000 2657.9067    9.9705
    7.5000   -7.5000  -30.0000 2648.2644   10.0435
   -7.5000    0.0000  -30.0000 2657.1936   10.0696
    0.0000    0.0000  -30.0000 2668.8945    9.9356
    7.5000    0.0000  -30.0000 2657.1240    9.9935
   -7.5000    7.5000  -30.0000 2642.8455   10.2290
    0.0000    7.5000  -30.0000 2663.2502   10.0928
    7.5000    7.5000  -30.0000 2653.3062   10.1453
   -7.5000   15.0000  -30.0000 2613.4331   10.5698
    0.0000   15.0000  -30.0000 2638.1094   10.4267
    7.5000   15.0000  -30.0000 2625.8708   10.4827
   -7.5000   22.5000  -30.0000 2562.2507   11.1312
    0.0000   22.5000  -30.0000 2590.0132   10.9683
    7.5000   22.5000  -30.0000 2575.4680   11.0178
   -7.5000   30.0000  -30.0000 2487.5234   11.8822
    0.0000   30.0000  -30.0000 2512.9678   11.7239
    7.5000   30.0000  -30.0000 2502.7437   11.7789
   -7.5000   37.5000  -30.0000 2397.3152   12.8830
    0.0000   37.5000  -30.0000 2419.6252   12.7533
    7.5000   37.5000  -30.0000 2406.7908   12.8294
   -7.5000   45.0000  -30.0000 2282.7400   14.2172
    0.0000   45.0000  -30.0000 2304.7964   14.0733
    7.5000   45.0000  -30.0000 2290.3591   14.1556
   -7.5000  -45.0000  -22.5000 2383.1958   13.1017
    0.0000  -45.0000  -22.5000 2393.3367   12.9615
    7.5000  -45.0000  -22.5000 2375.3269   13.0729
   -7.5000  -37.5000  -22.5000 2495.4817   11.8697
    0.0000  -37.5000  -22.5000 2508.3691   11.7423
    7.5000  -37.5000  -22.5000 2492.1489   11.8198
   -7.5000  -30.0000  -22.5000 2594.8164   10.9415
    0.0000  -30.0000  -22.5000 2608.0264   10.8292
    7.5000  -30.0000  -22.5000 2586.0862   10.8932
   -7.5000  -22.5000  -22.5000 2667.9744   10.2879
    0.0000  -22.5000  -22.5000 2680.2678   10.1768
    7.5000  -22.5000  -22.5000 2663.9622   10.2311
   -7.5000  -15.0000  -22.5000 2715.6641    9.8277
    0.0000  -15.0000  -22.5000 2730.0969    9.7149
    7.5000  -15.0000  -22.5000 2722.7063    9.7699
   -7.5000   -7.5000  -22.5000 2757.9670    9.5530
    0.0000   -7.5000  -22.5000 2772.4890    9.4463
    7.5000   -7.5000  -22.5000 2762.7036    9.5076
   -7.5000    0.0000  -22.5000 2778.1252    9.5061
    0.0000    0.0000  -22.5000 2797.5852    9.3864
    7.5000    0.0000  -22.5000 2779.3933    9.4589
   -7.5000    7.5000  -22.5000 2772.3206    9.6820
    0.0000    7.5000  -22.5000 2795.2324    9.5543
    7.5000    7.5000  -22.5000 2781.0059    9.6236
   -7.5000   15.0000  -22.5000 2741.7563   10.0469
    0.0000   15.0000  -22.5000 2769.5852    9.9013
    7.5000   15.0000  -22.5000 2752.6992    9.9786
   -7.5000   22.5000  -22.5000 2686.1367   10.5974
    0.0000   22.5000  -22.5000 2715.6960   10.4323
    7.5000   22.5000  -22.5000 2697.7295   10.5057
   -7.5000   30.0000  -22.5000 2600.0137   11.3353
    0.0000   30.0000  -22.5000 2626.7612   11.1702
    7.5000   30.0000  -22.5000 2612.6570   11.2314
   -7.5000   37.5000  -22.5000 2494.7725   12.3194
    0.0000   37.5000  -22.5000 2519.6328   12.1634
    7.5000   37.5000  -22.5000 2505.5845   12.2332
   -7.5000   45.0000  -22.5000 2369.5027   13.6054
    0.0000   45.0000  -22.5000 2393.3789   13.4414
    7.5000   45.0000  -22.5000 2381.1562   13.5300
   -7.5000  -45.0000  -15.0000 2422.8264   12.6856
    0.0000  -45.0000  -15.0000 2434.8376   12.5459
    7.5000  -45.0000  -15.0000 2415.8879   12.6868
   -7.5000  -37.5000  -15.0000 2535.9651   11.4288
    0.0000  -37.5000  -15.0000 2549.4700   11.2879
    7.5000  -37.5000  -15.0000 2532.0603   11.4050
   -7.5000  -30.0000  -15.0000 2641.6187   10.5034
    0.0000  -30.0000  -15.0000 2655.9380   10.3447
    7.5000  -30.0000  -15.0000 2641.8611   10.4528
   -7.5000  -22.5000  -15.0000 2728.9280    9.8466
    0.0000  -22.5000  -15.0000 2742.4995    9.7035
    7.5000  -22.5000  -15.0000 2730.3357    9.7798
   -7.5000  -15.0000  -15.0000 2787.2573    9.3701
    0.0000  -15.0000  -15.0000 2807.5295    9.2593
    7.5000  -15.0000  -15.0000 2799.6147    9.3211
   -7.5000   -7.5000  -15.0000 2840.2109    9.0762
    0.0000   -7.5000  -15.0000 2862.5508    8.9784
    7.5000   -7.5000  -15.0000 2849.9175    9.0423
   -7.5000    0.0000  -15.0000 2867.9146    9.0095
    0.0000    0.0000  -15.0000 2892.1216    8.9004
    7.5000    0.0000  -15.0000 2871.7017    8.9799
   -7.5000    7.5000  -15.0000 2865.2466    9.1837
    0.0000    7.5000  -15.0000 2891.0618    9.0607
    7.5000    7.5000  -15.0000 2873.2312    9.1586
   -7.5000   15.0000  -15.0000 2828.8745    9.5527
    0.0000   15.0000  -15.0000 2861.0957    9.4105
    7.5000   15.0000  -15.0000 2844.3787    9.5059
   -7.5000   22.5000  -15.0000 2765.5862   10.0928
    0.0000   22.5000  -15.0000 2795.7085    9.9436
    7.5000   22.5000  -15.0000 2781.3040   10.0215
   -7.5000   30.0000  -15.0000 2672.1375   10.8360
    0.0000   30.0000  -15.0000 2696.5996   10.6802
    7.5000   30.0000  -15.0000 2684.7253   10.7578
   -7.5000   37.5000  -15.0000 2558.5679   11.8067
    0.0000   37.5000  -15.0000 2583.1479   11.6624
    7.5000   37.5000  -15.0000 2570.2844   11.7400
   -7.5000   45.0000  -15.0000 2426.5825   13.0754
    0.0000   45.0000  -15.0000 2449.2666   12.9142
    7.5000   45.0000  -15.0000 2434.1333   13.0134
   -7.5000  -45.0000   -7.5000 2442.4832   12.3407
    0.0000  -45.0000   -7.5000 2456.8428   12.2230
    7.5000  -45.0000   -7.5000 2433.1289   12.3739
   -7.5000  -37.5000   -7.5000 2557.9878   11.0812
    0.0000  -37.5000   -7.5000 2573.5959   10.9548
    7.5000  -37.5000   -7.5000 2553.6770   11.0978
   -7.5000  -30.0000   -7.5000 2665.9331   10.1378
    0.0000  -30.0000   -7.5000 2684.7661   10.0023
    7.5000  -30.0000   -7.5000 2668.5698   10.1319
   -7.5000  -22.5000   -7.5000 2761.7041    9.4606
    0.0000  -22.5000   -7.5000 2780.6641    9.3412
    7.5000  -22.5000   -7.5000 2769.1614    9.4371
   -7.5000  -15.0000   -7.5000 2841.0798    8.9769
    0.0000  -15.0000   -7.5000 2861.5076    8.8699
    7.5000  -15.0000   -7.5000 2848.6086    8.9581
   -7.5000   -7.5000   -7.5000 2905.1687    8.7049
    0.0000   -7.5000   -7.5000 2931.9795    8.6064
    7.5000   -7.5000   -7.5000 2913.0225    8.6996
   -7.5000    0.0000   -7.5000 2941.7200    8.6208
    0.0000    0.0000   -7.5000 2977.1819    8.5149
    7.5000    0.0000   -7.5000 2946.4680    8.6276
   -7.5000    7.5000   -7.5000 2937.6489    8.7738
    0.0000    7.5000   -7.5000 2970.2534    8.6709
    7.5000    7.5000   -7.5000 2946.8210    8.7950
   -7.5000   15.0000   -7.5000 2891.6868    9.1381
    0.0000   15.0000   -7.5000 2921.9131    9.0080
    7.5000   15.0000   -7.5000 2908.3586    9.1265
   -7.5000   22.5000   -7.5000 2817.8318    9.6708
    0.0000   22.5000   -7.5000 2849.2834    9.5254
    7.5000   22.5000   -7.5000 2836.0256    9.6478
   -7.5000   30.0000   -7.5000 2717.6221   10.4153
    0.0000   30.0000   -7.5000 2744.1711   10.2763
    7.5000   30.0000   -7.5000 2731.3960   10.3962
   -7.5000   37.5000   -7.5000 2597.4700   11.3799
    0.0000   37.5000   -7.5000 2621.9629   11.2505
    7.5000   37.5000   -7.5000 2606.0098   11.3861
   -7.5000   45.0000   -7.5000 2458.8201   12.6113
    0.0000   45.0000   -7.5000 2483.4324   12.4760
    7.5000   45.0000   -7.5000 2469.5071   12.6125
   -7.5000  -45.0000    0.0000 2450.3130   12.1322
    0.0000  -45.0000    0.0000 2466.8411   12.0124
    7.5000  -45.0000    0.0000 2443.0376   12.2068
   -7.5000  -37.5000    0.0000 2565.0471   10.8698
    0.0000  -37.5000    0.0000 2583.6785   10.7478
    7.5000  -37.5000    0.0000 2565.7107   10.9319
   -7.5000  -30.0000    0.0000 2673.2817    9.9113
    0.0000  -30.0000    0.0000 2694.8867    9.7937
    7.5000  -30.0000    0.0000 2682.2849    9.9525
   -7.5000  -22.5000    0.0000 2772.8340    9.2209
    0.0000  -22.5000    0.0000 2798.3955    9.0989
    7.5000  -22.5000    0.0000 2786.1799    9.2353
   -7.5000  -15.0000    0.0000 2864.7371    8.7240
    0.0000  -15.0000    0.0000 2888.3027    8.6234
    7.5000  -15.0000    0.0000 2873.8577    8.7461
   -7.5000   -7.5000    0.0000 2946.1917    8.4847
    0.0000   -7.5000    0.0000 2975.8149    8.3999
    7.5000   -7.5000    0.0000 2950.3977    8.5051
   -7.5000    0.0000    0.0000 2997.7607    8.4416
    0.0000    0.0000    0.0000 3040.9780    8.3703
    7.5000    0.0000    0.0000 2997.8601    8.4709
   -7.5000    7.5000    0.0000 2994.0437    8.5635
    0.0000    7.5000    0.0000 3035.0061    8.4759
    7.5000    7.5000    0.0000 2997.1252    8.6096
   -7.5000   15.0000    0.0000 2934.4958    8.9034
    0.0000   15.0000    0.0000 2969.5063    8.7743
    7.5000   15.0000    0.0000 2950.0789    8.8945
   -7.5000   22.5000    0.0000 2846.4736    9.4191
    0.0000   22.5000    0.0000 2880.7981    9.2704
    7.5000   22.5000    0.0000 2867.0474    9.4098
   -7.5000   30.0000    0.0000 2738.1768   10.1731
    0.0000   30.0000    0.0000 2769.3572   10.0300
    7.5000   30.0000    0.0000 2753.5312   10.1547
   -7.5000   37.5000    0.0000 2611.8511   11.1465
    0.0000   37.5000    0.0000 2640.5344   11.0028
    7.5000   37.5000    0.0000 2623.6819   11.1343
   -7.5000   45.0000    0.0000 2471.4800   12.3574
    0.0000   45.0000    0.0000 2498.2039   12.2108
    7.5000   45.0000    0.0000 2483.8669   12.3396
   -7.5000  -45.0000    7.5000 2448.1792   12.0426
    0.0000  -45.0000    7.5000 2465.7673   11.9482
    7.5000  -45.0000    7.5000 2445.6172   12.1820
   -7.5000  -37.5000    7.5000 2562.9421   10.7997
    0.0000  -37.5000    7.5000 2583.6392   10.6929
    7.5000  -37.5000    7.5000 2568.5710   10.9077
   -7.5000  -30.0000    7.5000 2667.2715    9.8462
    0.0000  -30.0000    7.5000 2691.5776    9.7507
    7.5000  -30.0000    7.5000 2680.0845    9.9264
   -7.5000  -22.5000    7.5000 2768.7209    9.1507
    0.0000  -22.5000    7.5000 2798.5906    9.0521
    7.5000  -22.5000    7.5000 2792.4961    9.1915
   -7.5000  -15.0000    7.5000 2869.6992    8.6461
    0.0000  -15.0000    7.5000 2898.2085    8.5478
    7.5000  -15.0000    7.5000 2885.7510    8.6776
   -7.5000   -7.5000    7.5000 2958.8298    8.4055
    0.0000   -7.5000    7.5000 2995.7412    8.3321
    7.5000   -7.5000    7.5000 2967.7207    8.4280
   -7.5000    0.0000    7.5000 3015.5181    8.4002
    0.0000    0.0000    7.5000 3067.8489    8.3413
    7.5000    0.0000    7.5000 3017.3445    8.4063
   -7.5000    7.5000    7.5000 3009.5752    8.5826
    0.0000    7.5000    7.5000 3062.6638    8.4919
    7.5000    7.5000    7.5000 3009.0857    8.5741
   -7.5000   15.0000    7.5000 2945.9719    8.8636
    0.0000   15.0000    7.5000 2989.3711    8.7479
    7.5000   15.0000    7.5000 2959.3811    8.8499
   -7.5000   22.5000    7.5000 2852.2751    9.3365
    0.0000   22.5000    7.5000 2888.8721    9.2065
    7.5000   22.5000    7.5000 2872.9446    9.3349
   -7.5000   30.0000    7.5000 2740.0146   10.0716
    0.0000   30.0000    7.5000 2770.2686    9.9335
    7.5000   30.0000    7.5000 2758.7988   10.0603
   -7.5000   37.5000    7.5000 2611.5759   11.0178
    0.0000   37.5000    7.5000 2637.0608   10.8833
    7.5000   37.5000    7.5000 2628.0869   11.0265
   -7.5000   45.0000    7.5000 2467.3147   12.2253
    0.0000   45.0000    7.5000 2491.6167   12.0884
    7.5000   45.0000    7.5000 2481.0374   12.2136
   -7.5000  -45.0000   15.0000 2437.8442   12.1359
    0.0000  -45.0000   15.0000 2453.8796   12.0284
    7.5000  -45.0000   15.0000 2431.2776   12.2775
   -7.5000  -37.5000   15.0000 2556.8804   10.9199
    0.0000  -37.5000   15.0000 2576.8242   10.7797
    7.5000  -37.5000   15.0000 2561.5596   10.9959
   -7.5000  -30.0000   15.0000 2659.7563   10.0049
    0.0000  -30.0000   15.0000 2685.3154    9.8585
    7.5000  -30.0000   15.0000 2673.4224   10.0303
   -7.5000  -22.5000   15.0000 2761.2878    9.3286
    0.0000  -22.5000   15.0000 2790.0259    9.1795
    7.5000  -22.5000   15.0000 2784.7637    9.3247
   -7.5000  -15.0000   15.0000 2855.9480    8.8197
    0.0000  -15.0000   15.0000 2885.0918    8.6892
    7.5000  -15.0000   15.0000 2877.0579    8.7981
   -7.5000   -7.5000   15.0000 2937.9685    8.5345
    0.0000   -7.5000   15.0000 2971.9319    8.4359
    7.5000   -7.5000   15.0000 2953.1614    8.5107
   -7.5000    0.0000   15.0000 2982.3401    8.4780
    0.0000    0.0000   15.0000 3028.3386    8.3696
    7.5000    0.0000   15.0000 2992.5681    8.4640
   -7.5000    7.5000   15.0000 2975.1577    8.6452
    0.0000    7.5000   15.0000 3015.8411    8.5628
    7.5000    7.5000   15.0000 2980.8452    8.6543
   -7.5000   15.0000   15.0000 2915.1301    8.9779
    0.0000   15.0000   15.0000 2955.1624    8.8961
    7.5000   15.0000   15.0000 2928.8320    8.9659
   -7.5000   22.5000   15.0000 2827.6504    9.4762
    0.0000   22.5000   15.0000 2861.3838    9.3819
    7.5000   22.5000   15.0000 2848.0474    9.4607
   -7.5000   30.0000   15.0000 2717.2781   10.1812
    0.0000   30.0000   15.0000 2744.0688   10.0588
    7.5000   30.0000   15.0000 2737.3220   10.1620
   -7.5000   37.5000   15.0000 2594.7444   11.0824
    0.0000   37.5000   15.0000 2616.5349   10.9474
    7.5000   37.5000   15.0000 2608.8818   11.0777
   -7.5000   45.0000   15.0000 2451.6477   12.2626
    0.0000   45.0000   15.0000 2474.5535   12.1173
    7.5000   45.0000   15.0000 2467.8096   12.2339
   -7.5000  -45.0000   22.5000 2413.8000   12.4841
    0.0000  -45.0000   22.5000 2423.9619   12.3392
    7.5000  -45.0000   22.5000 2408.0742   12.5478
   -7.5000  -37.5000   22.5000 2537.6379   11.2558
    0.0000  -37.5000   22.5000 2553.0405   11.1035
    7.5000  -37.5000   22.5000 2536.3247   11.2831
   -7.5000  -30.0000   22.5000 2641.3103   10.3403
    0.0000  -30.0000   22.5000 2664.5610   10.1722
    7.5000  -30.0000   22.5000 2652.7983   10.3358
   -7.5000  -22.5000   22.5000 2738.1543    9.6564
    0.0000  -22.5000   22.5000 2768.3350    9.4810
    7.5000  -22.5000   22.5000 2761.0654    9.6217
   -7.5000  -15.0000   22.5000 2827.6528    9.1347
    0.0000  -15.0000   22.5000 2856.0054    8.9797
    7.5000  -15.0000   22.5000 2849.1321    9.0980
   -7.5000   -7.5000   22.5000 2895.3716    8.8160
    0.0000   -7.5000   22.5000 2926.1484    8.6699
    7.5000   -7.5000   22.5000 2916.2424    8.7678
   -7.5000    0.0000   22.5000 2923.1128    8.7455
    0.0000    0.0000   22.5000 2960.7732    8.6055
    7.5000    0.0000   22.5000 2943.9189    8.7110
   -7.5000    7.5000   22.5000 2911.5779    8.9068
    0.0000    7.5000   22.5000 2948.2473    8.7963
    7.5000    7.5000   22.5000 2929.3215    8.9027
   -7.5000   15.0000   22.5000 2860.1226    9.2383
    0.0000   15.0000   22.5000 2890.9314    9.1447
    7.5000   15.0000   22.5000 2875.0886    9.2438
   -7.5000   22.5000   22.5000 2779.1892    9.7569
    0.0000   22.5000   22.5000 2808.6558    9.6251
    7.5000   22.5000   22.5000 2799.0320    9.7283
   -7.5000   30.0000   22.5000 2674.4094   10.4377
    0.0000   30.0000   22.5000 2698.6951   10.3101
    7.5000   30.0000   22.5000 2694.7405   10.4085
   -7.5000   37.5000   22.5000 2555.5134   11.3187
    0.0000   37.5000   22.5000 2578.8093   11.1786
    7.5000   37.5000   22.5000 2573.2939   11.2755
   -7.5000   45.0000   22.5000 2423.4668   12.4440
    0.0000   45.0000   22.5000 2446.2263   12.2853
    7.5000   45.0000   22.5000 2439.4102   12.3925
   -7.5000  -45.0000   30.0000 2374.6897   13.0108
    0.0000  -45.0000   30.0000 2390.4114   12.8344
    7.5000  -45.0000   30.0000 2372.2219   13.0075
   -7.5000  -37.5000   30.0000 2500.5244   11.7420
    0.0000  -37.5000   30.0000 2519.3530   11.5624
    7.5000  -37.5000   30.0000 2500.7410   11.7306
   -7.5000  -30.0000   30.0000 2604.2986   10.8077
    0.0000  -30.0000   30.0000 2628.2949   10.6146
    7.5000  -30.0000   30.0000 2615.7117   10.7694
   -7.5000  -22.5000   30.0000 2704.4919   10.1015
    0.0000  -22.5000   30.0000 2729.1499    9.9170
    7.5000  -22.5000   30.0000 2722.9998   10.0561
   -7.5000  -15.0000   30.0000 2788.1108    9.5822
    0.0000  -15.0000   30.0000 2813.1677    9.4121
    7.5000  -15.0000   30.0000 2804.6260    9.5210
   -7.5000   -7.5000   30.0000 2838.3877    9.2611
    0.0000   -7.5000   30.0000 2867.6091    9.0893
    7.5000   -7.5000   30.0000 2858.3020    9.1923
   -7.5000    0.0000   30.0000 2851.6287    9.1776
    0.0000    0.0000   30.0000 2884.8479    9.0165
    7.5000    0.0000   30.0000 2873.0691    9.1270
   -7.5000    7.5000   30.0000 2834.0972    9.3211
    0.0000    7.5000   30.0000 2866.1121    9.1718
    7.5000    7.5000   30.0000 2855.7407    9.3034
   -7.5000   15.0000   30.0000 2782.6482    9.6485
    0.0000   15.0000   30.0000 2809.2373    9.5201
    7.5000   15.0000   30.0000 2802.8237    9.6357
   -7.5000   22.5000   30.0000 2711.4773   10.1636
    0.0000   22.5000   30.0000 2734.3076   10.0081
    7.5000   22.5000   30.0000 2730.8823   10.1168
   -7.5000   30.0000   30.0000 2612.5740   10.8257
    0.0000   30.0000   30.0000 2638.8782   10.6754
    7.5000   30.0000   30.0000 2634.4351   10.7735
   -7.5000   37.5000   30.0000 2506.5229   11.6810
    0.0000   37.5000   30.0000 2528.7722   11.5440
    7.5000   37.5000   30.0000 2521.0974   11.6308
   -7.5000   45.0000   30.0000 2376.5095   12.7979
    0.0000   45.0000   30.0000 2398.2646   12.6230
    7.5000   45.0000   30.0000 2392.1160   12.7192
   -7.5000  -45.0000   37.5000 2327.8379   13.6721
    0.0000  -45.0000   37.5000 2349.5735   13.4700
    7.5000  -45.0000   37.5000 2331.3743   13.6298
   -7.5000  -37.5000   37.5000 2450.4399   12.3810
    0.0000  -37.5000   37.5000 2475.4612   12.1741
    7.5000  -37.5000   37.5000 2459.0098   12.3265
   -7.5000  -30.0000   37.5000 2557.3867   11.4124
    0.0000  -30.0000   37.5000 2582.0884   11.2035
    7.5000  -30.0000   37.5000 2571.3311   11.3635
   -7.5000  -22.5000   37.5000 2651.5400   10.6936
    0.0000  -22.5000   37.5000 2676.0154   10.4913
    7.5000  -22.5000   37.5000 2669.6628   10.6362
   -7.5000  -15.0000   37.5000 2722.1697   10.1690
    0.0000  -15.0000   37.5000 2746.6799    9.9788
    7.5000  -15.0000   37.5000 2744.2693   10.1054
   -7.5000   -7.5000   37.5000 2760.6125    9.8366
    0.0000   -7.5000   37.5000 2792.5764    9.6556
    7.5000   -7.5000   37.5000 2785.4075    9.7769
   -7.5000    0.0000   37.5000 2774.2141    9.7304
    0.0000    0.0000   37.5000 2802.6785    9.5678
    7.5000    0.0000   37.5000 2794.3616    9.6856
   -7.5000    7.5000   37.5000 2752.3342    9.8566
    0.0000    7.5000   37.5000 2781.2395    9.6955
    7.5000    7.5000   37.5000 2772.2061    9.8297
   -7.5000   15.0000   37.5000 2701.7434   10.1910
    0.0000   15.0000   37.5000 2727.2322   10.0465
    7.5000   15.0000   37.5000 2720.3916   10.1562
   -7.5000   22.5000   37.5000 2630.7898   10.7041
    0.0000   22.5000   37.5000 2651.0952   10.5337
    7.5000   22.5000   37.5000 2648.1633   10.6257
   -7.5000   30.0000   37.5000 2545.9343   11.3434
    0.0000   30.0000   37.5000 2566.6294   11.1910
    7.5000   30.0000   37.5000 2561.2847   11.2659
   -7.5000   37.5000   37.5000 2444.0159   12.1930
    0.0000   37.5000   37.5000 2461.7346   12.0469
    7.5000   37.5000   37.5000 2453.9128   12.1337
   -7.5000   45.0000   37.5000 2316.6182   13.3121
    0.0000   45.0000   37.5000 2338.3579   13.1547
    7.5000   45.0000   37.5000 2332.7395   13.2480
   -7.5000  -45.0000   45.0000 2275.8103   14.5022
    0.0000  -45.0000   45.0000 2300.4434   14.3121
    7.5000  -45.0000   45.0000 2278.3215   14.4366
   -7.5000  -37.5000   45.0000 2396.4470   13.1541
    0.0000  -37.5000   45.0000 2422.5430   12.9514
    7.5000  -37.5000   45.0000 2404.7190   13.0847
   -7.5000  -30.0000   45.0000 2498.2742   12.1685
    0.0000  -30.0000   45.0000 2525.1360   11.9497
    7.5000  -30.0000   45.0000 2510.6614   12.0774
   -7.5000  -22.5000   45.0000 2583.7747   11.4316
    0.0000  -22.5000   45.0000 2612.1389   11.2349
    7.5000  -22.5000   45.0000 2602.0146   11.3528
   -7.5000  -15.0000   45.0000 2644.1960   10.8905
    0.0000  -15.0000   45.0000 2675.3149   10.6994
    7.5000  -15.0000   45.0000 2671.7705   10.8090
   -7.5000   -7.5000   45.0000 2680.2566   10.5402
    0.0000   -7.5000   45.0000 2709.3259   10.3610
    7.5000   -7.5000   45.0000 2703.2939   10.4753
   -7.5000    0.0000   45.0000 2685.7373   10.4151
    0.0000    0.0000   45.0000 2709.4929   10.2561
    7.5000    0.0000   45.0000 2705.1780   10.3542
   -7.5000    7.5000   45.0000 2663.2156   10.5033
    0.0000    7.5000   45.0000 2688.8186   10.3521
    7.5000    7.5000   45.0000 2681.4695   10.4702
   -7.5000   15.0000   45.0000 2617.9634   10.8396
    0.0000   15.0000   45.0000 2644.0227   10.6936
    7.5000   15.0000   45.0000 2635.3262   10.8181
   -7.5000   22.5000   45.0000 2548.6152   11.3642
    0.0000   22.5000   45.0000 2568.9705   11.1923
    7.5000   22.5000   45.0000 2564.9104   11.2898
   -7.5000   30.0000   45.0000 2467.9922   12.0112
    0.0000   30.0000   45.0000 2485.3662   11.8654
    7.5000   30.0000   45.0000 2482.0337   11.9326
   -7.5000   37.5000   45.0000 2369.1592   12.8832
    0.0000   37.5000   45.0000 2386.8274   12.7443
    7.5000   37.5000   45.0000 2382.2202   12.8001
   -7.5000   45.0000   45.0000 2244.7278   14.0215
    0.0000   45.0000   45.0000 2266.9446   13.8832
    7.5000   45.0000   45.0000 2263.3992   13.9504

---------------------------------------------------------------------
imgreg_4dfp /opt/freesurfer/average/711-2C_as_mni_average_305 /opt/freesurfer/average/711-2B_as_mni_average_305_mask talsrcimg_g11 none talsrcimg_to_711-2C_as_mni_average_305_t4 1283
---------------------------------------------------------------------

freesurfer imgreg_4dfp.c
/opt/freesurfer/average/711-2C_as_mni_average_305.4dfp.img
       256       256       256         1
  1.000000  1.000000  1.000000
orientation T byte_order littleendian
Reading image: /opt/freesurfer/average/711-2C_as_mni_average_305.4dfp.img
dimensions:      256       256       256
mmppix:       1.0000   -1.0000   -1.0000
center:     128.0000 -129.0000 -129.0000
/opt/freesurfer/average/711-2B_as_mni_average_305_mask.4dfp.img
       256       256       256         1
  1.000000  1.000000  1.000000
orientation T byte_order littleendian
Reading mask: /opt/freesurfer/average/711-2B_as_mni_average_305_mask.4dfp.img (2306576 pixels)
talsrcimg_g11.4dfp.img
       256       256       256         1
  1.000000  1.000000  1.000000
orientation T byte_order littleendian
Reading image: talsrcimg_g11.4dfp.img
dimensions:      256       256       256
mmppix:       1.0000   -1.0000   -1.0000
center:     128.0000 -129.0000 -129.0000
rotation matrix determinant  1.000000
fimgreg.f
image alignment mode   1283 decimal      503 hex
parameters
    0.0000    0.0000    7.5000    0.0000    0.0000    0.0000
eta,q 0.96294  8.34094
niter,ni,del,rscale     5    3   12.0000    1.2000
parameter  2 -0.894713 -> -0.500000 qaram    1.1500
parameter  6  3.018186 ->  0.500000 qaram    1.1500
parameters
    0.5802    3.4500    6.4345    1.3376   -1.6515   -3.4500
eta,q 0.96764  8.34027
  0.0540  0.0565  0.0409  0.0430  0.0393  0.0305
  0.0474  0.0511  0.0382  0.0400  0.0374  0.0318
  0.0432  0.0461  0.0370  0.0375  0.0367  0.0340
  0.0419  0.0418  0.0368  0.0367  0.0372  0.0367
  0.0428  0.0384  0.0382  0.0375  0.0387  0.0393
  0.0452  0.0367  0.0412  0.0382  0.0407  0.0419
  0.0496  0.0379  0.0455  0.0387  0.0436  0.0451
niter,ni,del,rscale     6    3   12.0000    1.2000
parameter  6  0.668768 ->  0.500000 qaram    1.3225
parameters
    0.4104    3.6531    7.0312    0.6888   -0.9925   -7.4175
eta,q 0.97053  8.36356
  0.0467  0.0451  0.0414  0.0355  0.0393  0.0307
  0.0386  0.0382  0.0367  0.0330  0.0363  0.0296
  0.0336  0.0342  0.0337  0.0319  0.0338  0.0298
  0.0324  0.0323  0.0323  0.0321  0.0319  0.0316
  0.0351  0.0334  0.0324  0.0334  0.0317  0.0348
  0.0407  0.0373  0.0345  0.0348  0.0339  0.0383
  0.0474  0.0438  0.0385  0.0363  0.0373  0.0416
niter,ni,del,rscale     6    3   12.0000    1.2000
parameters
    0.0205    3.6528    7.2554    0.8537   -0.3464   -7.6093
eta,q 0.97110  8.35653
  0.0461  0.0432  0.0388  0.0341  0.0386  0.0367
  0.0365  0.0350  0.0335  0.0313  0.0347  0.0328
  0.0301  0.0304  0.0303  0.0297  0.0313  0.0300
  0.0295  0.0292  0.0292  0.0291  0.0292  0.0289
  0.0338  0.0314  0.0299  0.0299  0.0291  0.0299
  0.0412  0.0358  0.0328  0.0314  0.0316  0.0332
  0.0489  0.0423  0.0373  0.0333  0.0360  0.0377
niter,ni,del,rscale     5    3   12.0000    1.2000
parameters
   -0.1420    3.6072    7.2629    0.9512   -0.2167   -7.6882
eta,q 0.97122  8.35416
  0.0474  0.0427  0.0382  0.0339  0.0376  0.0368
  0.0376  0.0348  0.0329  0.0311  0.0337  0.0329
  0.0304  0.0302  0.0299  0.0293  0.0304  0.0300
  0.0289  0.0288  0.0288  0.0288  0.0288  0.0288
  0.0328  0.0310  0.0298  0.0297  0.0295  0.0296
  0.0401  0.0357  0.0331  0.0313  0.0327  0.0329
  0.0481  0.0424  0.0380  0.0332  0.0374  0.0375
niter,ni,del,rscale     4    3   12.0000    1.2000
parameters
   -0.1896    3.5762    7.2721    0.9750   -0.1838   -7.7110
eta,q 0.97125  8.35300
  0.0481  0.0427  0.0382  0.0338  0.0374  0.0369
  0.0382  0.0348  0.0329  0.0309  0.0335  0.0330
  0.0307  0.0302  0.0299  0.0292  0.0303  0.0300
  0.0288  0.0288  0.0288  0.0288  0.0288  0.0287
  0.0324  0.0309  0.0297  0.0297  0.0297  0.0295
  0.0396  0.0356  0.0331  0.0313  0.0329  0.0327
  0.0476  0.0423  0.0380  0.0333  0.0377  0.0374
registration optimization eta report
parameter search radius
    6.0000    6.9000    6.0000    6.0000    6.0000    7.9350
100000*second partial in parameter space
       52.       29.       26.       13.       24.       13.
  0.0481  0.0427  0.0382  0.0338  0.0374  0.0369
  0.0382  0.0348  0.0329  0.0309  0.0335  0.0330
  0.0307  0.0302  0.0299  0.0292  0.0303  0.0300
  0.0288  0.0288  0.0288  0.0288  0.0288  0.0287
  0.0324  0.0309  0.0297  0.0297  0.0297  0.0295
  0.0396  0.0356  0.0331  0.0313  0.0329  0.0327
  0.0476  0.0423  0.0380  0.0333  0.0377  0.0374
   -0.1896    3.5762    7.2721    0.9750   -0.1838   -7.7110
eta,q 0.97125  8.35300

---------------------------------------------------------------------
imgreg_4dfp /opt/freesurfer/average/711-2C_as_mni_average_305 /opt/freesurfer/average/711-2B_as_mni_average_305_mask talsrcimg_g11 none talsrcimg_to_711-2C_as_mni_average_305_t4 3335
---------------------------------------------------------------------

freesurfer imgreg_4dfp.c
/opt/freesurfer/average/711-2C_as_mni_average_305.4dfp.img
       256       256       256         1
  1.000000  1.000000  1.000000
orientation T byte_order littleendian
Reading image: /opt/freesurfer/average/711-2C_as_mni_average_305.4dfp.img
dimensions:      256       256       256
mmppix:       1.0000   -1.0000   -1.0000
center:     128.0000 -129.0000 -129.0000
/opt/freesurfer/average/711-2B_as_mni_average_305_mask.4dfp.img
       256       256       256         1
  1.000000  1.000000  1.000000
orientation T byte_order littleendian
Reading mask: /opt/freesurfer/average/711-2B_as_mni_average_305_mask.4dfp.img (2306576 pixels)
talsrcimg_g11.4dfp.img
       256       256       256         1
  1.000000  1.000000  1.000000
orientation T byte_order littleendian
Reading image: talsrcimg_g11.4dfp.img
dimensions:      256       256       256
mmppix:       1.0000   -1.0000   -1.0000
center:     128.0000 -129.0000 -129.0000
fimgreg.f
image alignment mode   3335 decimal      D07 hex
parameters
   -0.1896    3.5762    7.2721   -0.9048   -0.9193   -0.0150
   13.4211    0.0896  -13.4175   -1.7293   -0.3209    1.7017
eta,q 0.97217  8.37689
niter,ni,del,rscale     5    3    5.0000    1.2000
parameter  4  0.552229 ->  0.500000 qaram    1.1500
parameter  5  0.897677 ->  0.500000 qaram    1.1500
parameter  9 -0.504702 -> -0.500000 qaram    1.1500
parameters
   -0.1979    3.6266    6.9924   -5.0448   -5.0593   -2.9956
   12.4704    1.2641   -9.2775   -3.6244    0.0764    2.7256
eta,q 0.97576  8.01037
  0.0308  0.0301  0.0291  0.0273  0.0249  0.0256  0.0264  0.0292  0.0277  0.0257  0.0253  0.0256
  0.0292  0.0288  0.0283  0.0271  0.0250  0.0252  0.0255  0.0272  0.0265  0.0247  0.0248  0.0249
  0.0282  0.0280  0.0279  0.0271  0.0258  0.0249  0.0250  0.0257  0.0255  0.0243  0.0244  0.0245
  0.0278  0.0278  0.0278  0.0278  0.0270  0.0252  0.0250  0.0249  0.0248  0.0245  0.0243  0.0243
  0.0282  0.0281  0.0282  0.0295  0.0289  0.0264  0.0254  0.0249  0.0245  0.0252  0.0244  0.0243
  0.0292  0.0287  0.0289  0.0321  0.0316  0.0288  0.0262  0.0257  0.0245  0.0265  0.0246  0.0245
  0.0308  0.0298  0.0299  0.0356  0.0345  0.0320  0.0273  0.0272  0.0249  0.0284  0.0251  0.0250
niter,ni,del,rscale     7    3    5.0000    1.2000
parameters
    0.0047    3.4261    6.9911   -5.4993   -7.1003   -4.0488
   11.3699    1.3547   -9.9652   -4.0506    0.6192    3.2145
eta,q 0.97577  7.88366
  0.0271  0.0261  0.0255  0.0259  0.0258  0.0253  0.0256  0.0274  0.0258  0.0263  0.0252  0.0254
  0.0256  0.0250  0.0248  0.0251  0.0248  0.0248  0.0248  0.0257  0.0249  0.0251  0.0247  0.0248
  0.0247  0.0243  0.0244  0.0245  0.0243  0.0245  0.0243  0.0246  0.0243  0.0244  0.0244  0.0244
  0.0242  0.0242  0.0242  0.0242  0.0242  0.0242  0.0243  0.0243  0.0243  0.0242  0.0242  0.0242
  0.0244  0.0247  0.0243  0.0241  0.0251  0.0242  0.0247  0.0245  0.0246  0.0246  0.0243  0.0243
  0.0250  0.0255  0.0248  0.0249  0.0267  0.0251  0.0256  0.0255  0.0253  0.0255  0.0245  0.0246
  0.0263  0.0268  0.0255  0.0269  0.0292  0.0271  0.0267  0.0273  0.0265  0.0269  0.0249  0.0251
niter,ni,del,rscale     6    3    5.0000    1.2000
parameters
    0.0941    3.4321    7.1062   -5.3894   -7.4536   -4.1537
   11.3990    1.2945  -10.1826   -4.1326    0.7629    3.2316
eta,q 0.97576  7.87237
  0.0267  0.0264  0.0255  0.0258  0.0267  0.0256  0.0261  0.0272  0.0260  0.0266  0.0251  0.0253
  0.0254  0.0251  0.0248  0.0249  0.0254  0.0249  0.0251  0.0256  0.0250  0.0252  0.0246  0.0247
  0.0245  0.0244  0.0244  0.0245  0.0246  0.0245  0.0245  0.0246  0.0244  0.0245  0.0243  0.0244
  0.0242  0.0242  0.0242  0.0242  0.0242  0.0242  0.0242  0.0242  0.0242  0.0242  0.0242  0.0242
  0.0244  0.0245  0.0243  0.0240  0.0244  0.0241  0.0245  0.0246  0.0245  0.0245  0.0243  0.0244
  0.0251  0.0252  0.0247  0.0245  0.0256  0.0246  0.0251  0.0256  0.0252  0.0253  0.0246  0.0247
  0.0263  0.0262  0.0253  0.0261  0.0274  0.0261  0.0261  0.0274  0.0262  0.0266  0.0250  0.0252
niter,ni,del,rscale     5    3    5.0000    1.2000
parameters
    0.0963    3.4356    7.1257   -5.4150   -7.5004   -4.1432
   11.4348    1.2708  -10.2291   -4.1345    0.7839    3.2421
eta,q 0.97576  7.87052
  0.0265  0.0263  0.0254  0.0257  0.0268  0.0256  0.0261  0.0273  0.0261  0.0266  0.0251  0.0253
  0.0253  0.0251  0.0248  0.0249  0.0256  0.0249  0.0251  0.0256  0.0251  0.0253  0.0246  0.0247
  0.0245  0.0244  0.0244  0.0245  0.0246  0.0245  0.0245  0.0246  0.0244  0.0245  0.0243  0.0244
  0.0242  0.0242  0.0242  0.0242  0.0242  0.0242  0.0242  0.0242  0.0242  0.0242  0.0242  0.0242
  0.0245  0.0245  0.0243  0.0240  0.0244  0.0241  0.0245  0.0245  0.0245  0.0245  0.0244  0.0244
  0.0252  0.0252  0.0247  0.0245  0.0254  0.0245  0.0251  0.0256  0.0251  0.0253  0.0246  0.0247
  0.0265  0.0263  0.0254  0.0262  0.0271  0.0260  0.0261  0.0274  0.0262  0.0266  0.0250  0.0252
registration optimization eta report
parameter search radius
    2.4000    2.4000    2.4000    8.2800    8.2800    7.2000
    7.2000    7.2000    8.2800    7.2000    7.2000    7.2000
100000*second partial in parameter space
       39.       36.       20.        3.        4.        3.
        4.        6.        3.        5.        2.        2.
  0.0265  0.0263  0.0254  0.0257  0.0268  0.0256  0.0261  0.0273  0.0261  0.0266  0.0251  0.0253
  0.0253  0.0251  0.0248  0.0249  0.0256  0.0249  0.0251  0.0256  0.0251  0.0253  0.0246  0.0247
  0.0245  0.0244  0.0244  0.0245  0.0246  0.0245  0.0245  0.0246  0.0244  0.0245  0.0243  0.0244
  0.0242  0.0242  0.0242  0.0242  0.0242  0.0242  0.0242  0.0242  0.0242  0.0242  0.0242  0.0242
  0.0245  0.0245  0.0243  0.0240  0.0244  0.0241  0.0245  0.0245  0.0245  0.0245  0.0244  0.0244
  0.0252  0.0252  0.0247  0.0245  0.0254  0.0245  0.0251  0.0256  0.0251  0.0253  0.0246  0.0247
  0.0265  0.0263  0.0254  0.0262  0.0271  0.0260  0.0261  0.0274  0.0262  0.0266  0.0250  0.0252
    0.0963    3.4356    7.1257   -5.4150   -7.5004   -4.1432
   11.4348    1.2708  -10.2291   -4.1345    0.7839    3.2421
eta,q 0.97576  7.87052

---------------------------------------------------------------------
imgreg_4dfp /opt/freesurfer/average/711-2C_as_mni_average_305 /opt/freesurfer/average/711-2B_as_mni_average_305_mask talsrcimg_g11 none talsrcimg_to_711-2C_as_mni_average_305_t4 2311
---------------------------------------------------------------------

freesurfer imgreg_4dfp.c
/opt/freesurfer/average/711-2C_as_mni_average_305.4dfp.img
       256       256       256         1
  1.000000  1.000000  1.000000
orientation T byte_order littleendian
Reading image: /opt/freesurfer/average/711-2C_as_mni_average_305.4dfp.img
dimensions:      256       256       256
mmppix:       1.0000   -1.0000   -1.0000
center:     128.0000 -129.0000 -129.0000
/opt/freesurfer/average/711-2B_as_mni_average_305_mask.4dfp.img
       256       256       256         1
  1.000000  1.000000  1.000000
orientation T byte_order littleendian
Reading mask: /opt/freesurfer/average/711-2B_as_mni_average_305_mask.4dfp.img (2306576 pixels)
talsrcimg_g11.4dfp.img
       256       256       256         1
  1.000000  1.000000  1.000000
orientation T byte_order littleendian
Reading image: talsrcimg_g11.4dfp.img
dimensions:      256       256       256
mmppix:       1.0000   -1.0000   -1.0000
center:     128.0000 -129.0000 -129.0000
fimgreg.f
image alignment mode   2311 decimal      907 hex
parameters
    0.0963    3.4356    7.1257   -5.4150   -7.5004   -4.1432
   11.4348    1.2708  -10.2291   -4.1345    0.7839    3.2421
eta,q 0.97576  7.87052
niter,ni,del,rscale     5    3    5.0000    0.8000
parameters
    0.0933    3.3898    7.1710   -3.2838   -7.1644   -2.8319
   11.6481    1.3404  -10.1983   -3.7124    0.7111    3.1024
eta,q 0.97612  8.01163
  0.0252  0.0251  0.0248  0.0248  0.0251  0.0249  0.0249  0.0257  0.0246  0.0251  0.0244  0.0243
  0.0247  0.0246  0.0245  0.0245  0.0246  0.0246  0.0244  0.0247  0.0242  0.0245  0.0241  0.0241
  0.0244  0.0243  0.0243  0.0244  0.0242  0.0243  0.0240  0.0241  0.0240  0.0241  0.0239  0.0239
  0.0242  0.0242  0.0242  0.0242  0.0241  0.0240  0.0239  0.0239  0.0239  0.0239  0.0239  0.0239
  0.0244  0.0244  0.0243  0.0241  0.0241  0.0239  0.0240  0.0241  0.0240  0.0239  0.0240  0.0239
  0.0247  0.0247  0.0244  0.0240  0.0243  0.0239  0.0243  0.0246  0.0242  0.0242  0.0241  0.0241
  0.0253  0.0252  0.0247  0.0243  0.0249  0.0244  0.0247  0.0256  0.0246  0.0248  0.0244  0.0244
niter,ni,del,rscale     4    3    5.0000    0.7000
parameters
    0.0401    3.3015    7.2769   -3.7399   -6.9723   -2.5908
   11.6804    1.3902  -10.1782   -3.7364    0.6344    3.1948
eta,q 0.97613  8.01146
  0.0247  0.0245  0.0244  0.0243  0.0247  0.0246  0.0246  0.0252  0.0244  0.0247  0.0243  0.0242
  0.0243  0.0241  0.0241  0.0242  0.0243  0.0243  0.0242  0.0245  0.0241  0.0243  0.0240  0.0240
  0.0240  0.0239  0.0240  0.0240  0.0240  0.0241  0.0240  0.0240  0.0239  0.0240  0.0239  0.0239
  0.0239  0.0239  0.0239  0.0239  0.0239  0.0239  0.0239  0.0239  0.0239  0.0239  0.0239  0.0239
  0.0240  0.0240  0.0239  0.0239  0.0239  0.0238  0.0239  0.0240  0.0239  0.0239  0.0239  0.0239
  0.0243  0.0243  0.0240  0.0242  0.0242  0.0240  0.0242  0.0244  0.0241  0.0242  0.0241  0.0240
  0.0249  0.0247  0.0243  0.0248  0.0246  0.0246  0.0246  0.0252  0.0244  0.0248  0.0243  0.0242
niter,ni,del,rscale     3    3    5.0000    0.6000
parameters
    0.0423    3.2674    7.3136   -3.5601   -6.9061   -2.3736
   11.7017    1.4421  -10.1193   -3.6834    0.6264    3.1851
eta,q 0.97617  8.02748
  0.0245  0.0244  0.0242  0.0243  0.0244  0.0244  0.0244  0.0249  0.0242  0.0245  0.0242  0.0241
  0.0242  0.0241  0.0240  0.0241  0.0242  0.0242  0.0241  0.0243  0.0240  0.0242  0.0240  0.0240
  0.0239  0.0239  0.0239  0.0240  0.0240  0.0240  0.0239  0.0240  0.0239  0.0239  0.0239  0.0239
  0.0239  0.0239  0.0239  0.0239  0.0239  0.0239  0.0238  0.0238  0.0238  0.0238  0.0238  0.0238
  0.0239  0.0239  0.0239  0.0238  0.0239  0.0238  0.0239  0.0239  0.0239  0.0239  0.0239  0.0239
  0.0242  0.0241  0.0240  0.0240  0.0241  0.0240  0.0241  0.0243  0.0240  0.0241  0.0240  0.0240
  0.0245  0.0245  0.0242  0.0243  0.0245  0.0244  0.0244  0.0248  0.0242  0.0245  0.0242  0.0241
niter,ni,del,rscale     2    3    5.0000    0.5000
parameters
    0.0419    3.2483    7.3396   -3.3728   -6.8219   -2.1650
   11.7095    1.4823  -10.0902   -3.6067    0.6104    3.1334
eta,q 0.97620  8.04392
  0.0243  0.0242  0.0241  0.0242  0.0243  0.0243  0.0242  0.0245  0.0241  0.0243  0.0240  0.0240
  0.0240  0.0240  0.0240  0.0240  0.0240  0.0241  0.0240  0.0241  0.0239  0.0240  0.0239  0.0239
  0.0239  0.0239  0.0239  0.0239  0.0239  0.0239  0.0239  0.0239  0.0238  0.0239  0.0238  0.0238
  0.0238  0.0238  0.0238  0.0238  0.0238  0.0238  0.0238  0.0238  0.0238  0.0238  0.0238  0.0238
  0.0239  0.0239  0.0239  0.0238  0.0238  0.0238  0.0238  0.0239  0.0238  0.0238  0.0238  0.0238
  0.0240  0.0240  0.0239  0.0239  0.0240  0.0239  0.0240  0.0241  0.0239  0.0240  0.0239  0.0239
  0.0243  0.0242  0.0241  0.0242  0.0242  0.0242  0.0242  0.0245  0.0241  0.0242  0.0240  0.0240
niter,ni,del,rscale     1    3    5.0000    0.4000
parameters
    0.0401    3.2437    7.3559   -3.2315   -6.7622   -1.9958
   11.7158    1.5256  -10.0580   -3.5196    0.5951    3.0831
eta,q 0.97621  8.05655
  0.0241  0.0241  0.0240  0.0241  0.0241  0.0241  0.0240  0.0243  0.0240  0.0241  0.0239  0.0239
  0.0239  0.0239  0.0239  0.0240  0.0239  0.0240  0.0239  0.0240  0.0239  0.0239  0.0239  0.0238
  0.0238  0.0238  0.0238  0.0239  0.0238  0.0239  0.0238  0.0239  0.0238  0.0238  0.0238  0.0238
  0.0238  0.0238  0.0238  0.0238  0.0238  0.0238  0.0238  0.0238  0.0238  0.0238  0.0238  0.0238
  0.0238  0.0238  0.0238  0.0238  0.0238  0.0238  0.0238  0.0238  0.0238  0.0238  0.0238  0.0238
  0.0239  0.0239  0.0239  0.0239  0.0239  0.0239  0.0239  0.0240  0.0239  0.0239  0.0239  0.0238
  0.0241  0.0241  0.0240  0.0240  0.0241  0.0241  0.0240  0.0243  0.0240  0.0241  0.0239  0.0239
registration optimization eta report
parameter search radius
    0.8000    0.8000    0.8000    2.4000    2.4000    2.4000
    2.4000    2.4000    2.4000    2.4000    2.4000    2.4000
100000*second partial in parameter space
       50.       40.       27.        4.        5.        5.
        4.        8.        3.        5.        3.        2.
  0.0241  0.0241  0.0240  0.0241  0.0241  0.0241  0.0240  0.0243  0.0240  0.0241  0.0239  0.0239
  0.0239  0.0239  0.0239  0.0240  0.0239  0.0240  0.0239  0.0240  0.0239  0.0239  0.0239  0.0238
  0.0238  0.0238  0.0238  0.0239  0.0238  0.0239  0.0238  0.0239  0.0238  0.0238  0.0238  0.0238
  0.0238  0.0238  0.0238  0.0238  0.0238  0.0238  0.0238  0.0238  0.0238  0.0238  0.0238  0.0238
  0.0238  0.0238  0.0238  0.0238  0.0238  0.0238  0.0238  0.0238  0.0238  0.0238  0.0238  0.0238
  0.0239  0.0239  0.0239  0.0239  0.0239  0.0239  0.0239  0.0240  0.0239  0.0239  0.0239  0.0238
  0.0241  0.0241  0.0240  0.0240  0.0241  0.0241  0.0240  0.0243  0.0240  0.0241  0.0239  0.0239
    0.0401    3.2437    7.3559   -3.2315   -6.7622   -1.9958
   11.7158    1.5256  -10.0580   -3.5196    0.5951    3.0831
eta,q 0.97621  8.05655

---------------------------------------------------------------------
imgreg_4dfp /opt/freesurfer/average/711-2C_as_mni_average_305 /opt/freesurfer/average/711-2B_as_mni_average_305_mask talsrcimg_g11 none talsrcimg_to_711-2C_as_mni_average_305_t4 2311
---------------------------------------------------------------------

freesurfer imgreg_4dfp.c
/opt/freesurfer/average/711-2C_as_mni_average_305.4dfp.img
       256       256       256         1
  1.000000  1.000000  1.000000
orientation T byte_order littleendian
Reading image: /opt/freesurfer/average/711-2C_as_mni_average_305.4dfp.img
dimensions:      256       256       256
mmppix:       1.0000   -1.0000   -1.0000
center:     128.0000 -129.0000 -129.0000
/opt/freesurfer/average/711-2B_as_mni_average_305_mask.4dfp.img
       256       256       256         1
  1.000000  1.000000  1.000000
orientation T byte_order littleendian
Reading mask: /opt/freesurfer/average/711-2B_as_mni_average_305_mask.4dfp.img (2306576 pixels)
talsrcimg_g11.4dfp.img
       256       256       256         1
  1.000000  1.000000  1.000000
orientation T byte_order littleendian
Reading image: talsrcimg_g11.4dfp.img
dimensions:      256       256       256
mmppix:       1.0000   -1.0000   -1.0000
center:     128.0000 -129.0000 -129.0000
fimgreg.f
image alignment mode   2311 decimal      907 hex
parameters
    0.0401    3.2437    7.3559   -3.2315   -6.7622   -1.9958
   11.7158    1.5256  -10.0580   -3.5196    0.5951    3.0831
eta,q 0.97621  8.05655
niter,ni,del,rscale     5    3    5.0000    0.8000
parameters
    0.0300    3.2824    7.3331   -4.0126   -6.9985   -2.6449
   11.6297    1.3998  -10.1528   -3.8292    0.5810    3.2635
eta,q 0.97610  7.99875
  0.0250  0.0249  0.0244  0.0244  0.0248  0.0246  0.0248  0.0255  0.0246  0.0249  0.0244  0.0244
  0.0243  0.0243  0.0241  0.0241  0.0243  0.0243  0.0243  0.0246  0.0242  0.0243  0.0241  0.0241
  0.0239  0.0239  0.0239  0.0239  0.0240  0.0240  0.0240  0.0241  0.0240  0.0240  0.0240  0.0240
  0.0238  0.0238  0.0238  0.0238  0.0238  0.0238  0.0239  0.0239  0.0239  0.0239  0.0239  0.0239
  0.0239  0.0239  0.0239  0.0239  0.0239  0.0239  0.0240  0.0241  0.0240  0.0240  0.0240  0.0239
  0.0244  0.0242  0.0241  0.0244  0.0244  0.0245  0.0243  0.0247  0.0242  0.0245  0.0241  0.0241
  0.0251  0.0247  0.0245  0.0252  0.0251  0.0255  0.0248  0.0257  0.0246  0.0252  0.0244  0.0243
niter,ni,del,rscale     4    3    5.0000    0.7000
parameters
    0.0459    3.2654    7.3154   -3.7755   -6.9748   -2.5999
   11.6628    1.4070  -10.1351   -3.8122    0.6144    3.2605
eta,q 0.97613  8.00937
  0.0248  0.0246  0.0244  0.0244  0.0247  0.0246  0.0246  0.0252  0.0244  0.0247  0.0243  0.0242
  0.0243  0.0242  0.0241  0.0242  0.0243  0.0243  0.0242  0.0245  0.0241  0.0243  0.0241  0.0240
  0.0240  0.0240  0.0240  0.0241  0.0240  0.0241  0.0240  0.0240  0.0239  0.0240  0.0239  0.0239
  0.0239  0.0239  0.0239  0.0239  0.0239  0.0239  0.0239  0.0239  0.0239  0.0239  0.0239  0.0239
  0.0240  0.0240  0.0239  0.0238  0.0239  0.0239  0.0239  0.0240  0.0239  0.0239  0.0239  0.0239
  0.0243  0.0243  0.0241  0.0240  0.0242  0.0241  0.0242  0.0244  0.0241  0.0242  0.0241  0.0240
  0.0248  0.0247  0.0244  0.0245  0.0247  0.0247  0.0246  0.0252  0.0244  0.0247  0.0243  0.0242
niter,ni,del,rscale     3    3    5.0000    0.6000
parameters
    0.0454    3.2527    7.3207   -3.5623   -6.8957   -2.3836
   11.6852    1.4400  -10.1140   -3.7052    0.6353    3.1974
eta,q 0.97617  8.02720
  0.0245  0.0244  0.0242  0.0243  0.0245  0.0244  0.0244  0.0249  0.0242  0.0245  0.0242  0.0241
  0.0242  0.0241  0.0240  0.0241  0.0242  0.0242  0.0241  0.0243  0.0240  0.0242  0.0240  0.0239
  0.0239  0.0239  0.0239  0.0240  0.0240  0.0240  0.0239  0.0240  0.0239  0.0239  0.0239  0.0239
  0.0239  0.0239  0.0239  0.0239  0.0239  0.0239  0.0238  0.0238  0.0238  0.0238  0.0238  0.0238
  0.0239  0.0239  0.0239  0.0238  0.0239  0.0238  0.0239  0.0239  0.0239  0.0239  0.0239  0.0239
  0.0242  0.0241  0.0240  0.0240  0.0241  0.0240  0.0241  0.0243  0.0240  0.0241  0.0240  0.0240
  0.0245  0.0244  0.0242  0.0243  0.0245  0.0244  0.0244  0.0248  0.0242  0.0245  0.0242  0.0241
niter,ni,del,rscale     2    3    5.0000    0.5000
parameters
    0.0412    3.2458    7.3370   -3.3763   -6.8176   -2.1672
   11.7186    1.4811  -10.0911   -3.6026    0.6304    3.1346
eta,q 0.97620  8.04389
  0.0243  0.0242  0.0241  0.0242  0.0243  0.0243  0.0242  0.0245  0.0241  0.0243  0.0240  0.0240
  0.0240  0.0240  0.0240  0.0240  0.0240  0.0241  0.0240  0.0241  0.0239  0.0240  0.0239  0.0239
  0.0239  0.0239  0.0239  0.0239  0.0239  0.0239  0.0239  0.0239  0.0238  0.0239  0.0238  0.0238
  0.0238  0.0238  0.0238  0.0238  0.0238  0.0238  0.0238  0.0238  0.0238  0.0238  0.0238  0.0238
  0.0239  0.0239  0.0239  0.0238  0.0238  0.0238  0.0238  0.0239  0.0238  0.0238  0.0238  0.0238
  0.0240  0.0240  0.0239  0.0239  0.0240  0.0239  0.0240  0.0241  0.0239  0.0240  0.0239  0.0239
  0.0243  0.0242  0.0241  0.0242  0.0242  0.0242  0.0242  0.0245  0.0241  0.0242  0.0240  0.0240
niter,ni,del,rscale     1    3    5.0000    0.4000
parameters
    0.0404    3.2412    7.3525   -3.2366   -6.7618   -1.9914
   11.7173    1.5201  -10.0665   -3.5270    0.6178    3.0943
eta,q 0.97621  8.05661
  0.0241  0.0241  0.0240  0.0241  0.0241  0.0241  0.0240  0.0243  0.0240  0.0241  0.0239  0.0239
  0.0239  0.0239  0.0239  0.0240  0.0239  0.0240  0.0239  0.0240  0.0239  0.0239  0.0239  0.0238
  0.0238  0.0238  0.0238  0.0239  0.0238  0.0239  0.0238  0.0239  0.0238  0.0238  0.0238  0.0238
  0.0238  0.0238  0.0238  0.0238  0.0238  0.0238  0.0238  0.0238  0.0238  0.0238  0.0238  0.0238
  0.0238  0.0238  0.0238  0.0238  0.0238  0.0238  0.0238  0.0238  0.0238  0.0238  0.0238  0.0238
  0.0239  0.0239  0.0239  0.0239  0.0239  0.0239  0.0239  0.0240  0.0239  0.0239  0.0239  0.0238
  0.0241  0.0241  0.0240  0.0240  0.0241  0.0241  0.0240  0.0243  0.0240  0.0241  0.0239  0.0239
registration optimization eta report
parameter search radius
    0.8000    0.8000    0.8000    2.4000    2.4000    2.4000
    2.4000    2.4000    2.4000    2.4000    2.4000    2.4000
100000*second partial in parameter space
       50.       40.       27.        4.        5.        5.
        4.        8.        3.        5.        3.        2.
  0.0241  0.0241  0.0240  0.0241  0.0241  0.0241  0.0240  0.0243  0.0240  0.0241  0.0239  0.0239
  0.0239  0.0239  0.0239  0.0240  0.0239  0.0240  0.0239  0.0240  0.0239  0.0239  0.0239  0.0238
  0.0238  0.0238  0.0238  0.0239  0.0238  0.0239  0.0238  0.0239  0.0238  0.0238  0.0238  0.0238
  0.0238  0.0238  0.0238  0.0238  0.0238  0.0238  0.0238  0.0238  0.0238  0.0238  0.0238  0.0238
  0.0238  0.0238  0.0238  0.0238  0.0238  0.0238  0.0238  0.0238  0.0238  0.0238  0.0238  0.0238
  0.0239  0.0239  0.0239  0.0239  0.0239  0.0239  0.0239  0.0240  0.0239  0.0239  0.0239  0.0238
  0.0241  0.0241  0.0240  0.0240  0.0241  0.0241  0.0240  0.0243  0.0240  0.0241  0.0239  0.0239
    0.0404    3.2412    7.3525   -3.2366   -6.7618   -1.9914
   11.7173    1.5201  -10.0665   -3.5270    0.6178    3.0943
eta,q 0.97621  8.05661

---------------------------------------------------------------------
compute_vox2vox talsrcimg talsrcimg_to_711-2C_as_mni_average_305_t4 /opt/freesurfer/average/711-2C_as_mni_average_305
---------------------------------------------------------------------

freesurfer compute_vox2vox.c
Reading: talsrcimg.4dfp.ifh
Reading: talsrcimg_to_711-2C_as_mni_average_305_t4
Reading: /opt/freesurfer/average/711-2C_as_mni_average_305.4dfp.ifh
Writing: talsrcimg_to_711-2C_as_mni_average_305_t4_vox2vox.txt

start time Fri Mar 6 16:34:36 CET 2026
end		time Fri Mar 6 16:36:06 CET 2026

mpr2mni305 success

avi2talxfm orig_nu.mgz /opt/freesurfer/average/mni305.cor.mgz talsrcimg_to_711-2C_as_mni_average_305_t4_vox2vox.txt transforms/talairach.auto.xfm
avi2talxfm done
mv -f /out/sourcedata/freesurfer/sub-v1s11x0050143_ses-1/mri/talsrcimg_to_711-2C_as_mni_average_305_t4_vox2vox.txt /out/sourcedata/freesurfer/sub-v1s11x0050143_ses-1/mri/transforms/talsrcimg_to_711-2C_as_mni_average_305_t4_vox2vox.txt
lta_convert --src orig_nu.mgz --trg /opt/freesurfer/average/mni305.cor.mgz --inxfm transforms/talairach.auto.xfm --outlta transforms/talairach.auto.xfm.lta --subject fsaverage
7.3.2

--src: orig_nu.mgz src image (geometry).
--trg: /opt/freesurfer/average/mni305.cor.mgz trg image (geometry).
--inmni: transforms/talairach.auto.xfm input MNI/XFM transform.
--outlta: transforms/talairach.auto.xfm.lta output LTA.
--s: fsaverage subject name
 LTA read, type : 1
 1.02031  -0.02042  -0.12754   3.02546;
-0.00990   1.01930  -0.03258  -25.18681;
 0.10978   0.03635   1.05752  -19.98489;
 0.00000   0.00000   0.00000   1.00000;
setting subject to fsaverage
Writing  LTA to file transforms/talairach.auto.xfm.lta...
lta_convert successful.
 
 
Started at Fri Mar 6 16:34:36 CET 2026
Ended   at Fri Mar  6 16:36:07 CET 2026
talairach_avi done
