status file for recon-all
Sat Mar  7 01:04:31 CET 2026
#@# Tessellate lh Sat Mar  7 01:04:31 CET 2026
#@# Smooth1 lh Sat Mar  7 01:04:35 CET 2026
#@# Inflation1 lh Sat Mar  7 01:04:38 CET 2026
#@# QSphere lh Sat Mar  7 01:04:51 CET 2026
#@# Fix Topology lh Sat Mar  7 01:05:57 CET 2026
#@# Smooth2 lh Sat Mar  7 01:13:36 CET 2026
#@# Inflation2 lh Sat Mar  7 01:13:39 CET 2026
#@# Curv .H and .K lh Sat Mar  7 01:13:54 CET 2026
#@# Sphere lh Sat Mar  7 01:14:42 CET 2026
#@# Surf Reg lh Sat Mar  7 01:19:57 CET 2026
#@# Jacobian white lh Sat Mar  7 01:23:46 CET 2026
#@# AvgCurv lh Sat Mar  7 01:23:47 CET 2026
#@# Cortical Parc lh Sat Mar  7 01:23:48 CET 2026
#@# white curv lh Sat Mar  7 01:30:16 CET 2026
#@# white area lh Sat Mar  7 01:30:18 CET 2026
#@# pial curv lh Sat Mar  7 01:30:19 CET 2026
#@# pial area lh Sat Mar  7 01:30:20 CET 2026
#@# thickness lh Sat Mar  7 01:30:21 CET 2026
#@# area and vertex vol lh Sat Mar  7 01:30:51 CET 2026
#@# Curvature Stats lh Sat Mar  7 01:30:53 CET 2026
#@# Cortical Parc 2 lh Sat Mar  7 01:30:55 CET 2026
#@# Cortical Parc 3 lh Sat Mar  7 01:31:09 CET 2026
#@# WM/GM Contrast lh Sat Mar  7 01:31:19 CET 2026
recon-all -s sub-v1s17x0051138_ses-1 finished without error at Sat Mar  7 01:31:23 CET 2026



#New# invocation of recon-all 



status file for recon-all
Sat Mar  7 02:01:34 CET 2026
#@# white curv lh Sat Mar  7 02:01:34 CET 2026
#@# white area lh Sat Mar  7 02:01:34 CET 2026
#@# pial curv lh Sat Mar  7 02:01:34 CET 2026
#@# pial area lh Sat Mar  7 02:01:34 CET 2026
#@# thickness lh Sat Mar  7 02:01:34 CET 2026
#@# area and vertex vol lh Sat Mar  7 02:01:34 CET 2026
#@# Parcellation Stats lh Sat Mar  7 02:01:34 CET 2026
#@# Parcellation Stats 2 lh Sat Mar  7 02:01:53 CET 2026
#@# Parcellation Stats 3 lh Sat Mar  7 02:02:03 CET 2026
#@# BA_exvivo Labels lh Sat Mar  7 02:02:12 CET 2026
recon-all -s sub-v1s17x0051138_ses-1 finished without error at Sat Mar  7 02:04:49 CET 2026
