/out/sourcedata/freesurfer/sub-v1s10x0050965_ses-1/mri
/opt/freesurfer/bin/talairach_avi
--i orig_nu.mgz --xfm transforms/talairach.auto.xfm
talairach_avi 7.3.2
Linux calypso7 6.8.0-79-generic #79-Ubuntu SMP PREEMPT_DYNAMIC Tue Aug 12 14:42:46 UTC 2025 x86_64 x86_64 x86_64 GNU/Linux
Wed Feb 25 14:06:44 CET 2026
mri_convert orig_nu.mgz talsrcimg.img 
reading from orig_nu.mgz...
TR=0.00, TE=0.00, TI=0.00, flip angle=0.00
i_ras = (-1, 0, 0)
j_ras = (0, 0, -1)
k_ras = (0, 1, 0)
writing to talsrcimg.img...
Analyze Output Matrix
-1.00000   0.00000   0.00000   133.27957;
 0.00000   0.00000   1.00000  -128.00000;
 0.00000  -1.00000   0.00000   131.44579;
 0.00000   0.00000   0.00000   1.00000;
--------------------
INFO: set hdr.hist.orient to -1
mpr2mni305 talsrcimg
Wed Feb 25 14:06:45 CET 2026
/opt/freesurfer/bin/mpr2mni305 talsrcimg
mpr2mni305 7.3.2
target=711-2C_as_mni_average_305

---------------------------------------------------------------------
analyzeto4dfp talsrcimg -O0 -y
---------------------------------------------------------------------

freesurfer ifh2hdr.c
Wed Feb 25 14:06:45 2026
Writing: talsrcimg.4dfp.hdr
freesurfer analyzeto4dfp.c
Reading: talsrcimg.hdr
header size 348 bytes
hdr.dime.datatype	offset=70	value=2
hdr.dime.bitpix		offset=72	value=8
hdr.hist.orient		offset=252	value=-1
dimensionality     4
dimensions       256       256       256         1
Reading: talsrcimg.img
Writing: talsrcimg.4dfp.img
Writing: talsrcimg.4dfp.ifh
ifh2hdr talsrcimg -r0to205
ori=2

---------------------------------------------------------------------
gauss_4dfp talsrcimg 1.1
---------------------------------------------------------------------

freesurfer gauss_4dfp.c
Reading: talsrcimg.4dfp.img
Writing: talsrcimg_g11.4dfp.img
image dimensions 256 256 256 padded to 288 288 288
processing volume 1freesurfer ifh2hdr.c
Wed Feb 25 14:06:50 2026
Writing: talsrcimg_g11.4dfp.hdr

Writing: talsrcimg_g11.4dfp.ifh
including: talsrcimg.4dfp.img.rec in talsrcimg_g11.4dfp.img.rec

---------------------------------------------------------------------
imgreg_4dfp /opt/freesurfer/average/711-2C_as_mni_average_305 none talsrcimg_g11 none talsrcimg_to_711-2C_as_mni_average_305_t4 4355
---------------------------------------------------------------------

freesurfer imgreg_4dfp.c
/opt/freesurfer/average/711-2C_as_mni_average_305.4dfp.img
       256       256       256         1
  1.000000  1.000000  1.000000
orientation T byte_order littleendian
Reading image: /opt/freesurfer/average/711-2C_as_mni_average_305.4dfp.img
dimensions:      256       256       256
mmppix:       1.0000   -1.0000   -1.0000
center:     128.0000 -129.0000 -129.0000
talsrcimg_g11.4dfp.img
       256       256       256         1
  1.000000  1.000000  1.000000
orientation T byte_order littleendian
Reading image: talsrcimg_g11.4dfp.img
dimensions:      256       256       256
mmppix:       1.0000   -1.0000   -1.0000
center:     128.0000 -129.0000 -129.0000
t4_read: open error in t4_sub.f l:  41 t4_file(1:l)talsrcimg_to_711-2C_as_mni_average_305_t4 
t4_read: transform initialized to I4
rotation matrix determinant  1.000000
image alignment mode   4355 decimal     1103 hex
   -7.5000  -45.0000  -45.0000 8455.4971   18.2628
    0.0000  -45.0000  -45.0000 8756.3848   18.3106
    7.5000  -45.0000  -45.0000 8308.6543   18.3490
   -7.5000  -37.5000  -45.0000 8912.6162   18.2438
    0.0000  -37.5000  -45.0000 9228.5635   18.2862
    7.5000  -37.5000  -45.0000 8758.6396   18.3230
   -7.5000  -30.0000  -45.0000 9621.7158   18.2464
    0.0000  -30.0000  -45.0000 9966.2236   18.2830
    7.5000  -30.0000  -45.0000 9445.9570   18.3194
   -7.5000  -22.5000  -45.000010256.3086   18.2489
    0.0000  -22.5000  -45.000010625.5342   18.2856
    7.5000  -22.5000  -45.000010054.7041   18.3215
   -7.5000  -15.0000  -45.000010849.3105   18.2485
    0.0000  -15.0000  -45.000011233.7803   18.2911
    7.5000  -15.0000  -45.000010626.1289   18.3255
   -7.5000   -7.5000  -45.000011344.9746   18.2424
    0.0000   -7.5000  -45.000011765.0459   18.2904
    7.5000   -7.5000  -45.000011157.9463   18.3265
   -7.5000    0.0000  -45.000011737.6709   18.2361
    0.0000    0.0000  -45.000012188.6465   18.2839
    7.5000    0.0000  -45.000011592.8154   18.3218
   -7.5000    7.5000  -45.000011288.2383   18.2397
    0.0000    7.5000  -45.000011716.3838   18.2821
    7.5000    7.5000  -45.000011151.9805   18.3187
   -7.5000   15.0000  -45.000010727.0625   18.2464
    0.0000   15.0000  -45.000011124.9238   18.2830
    7.5000   15.0000  -45.000010602.7422   18.3194
   -7.5000   22.5000  -45.0000 9994.4678   18.2464
    0.0000   22.5000  -45.000010359.0010   18.2831
    7.5000   22.5000  -45.0000 9847.1807   18.3189
   -7.5000   30.0000  -45.0000 9173.6885   18.0053
    0.0000   30.0000  -45.0000 9482.8340   18.0473
    7.5000   30.0000  -45.0000 9016.2773   18.0813
   -7.5000   37.5000  -45.0000 8700.1719   17.9993
    0.0000   37.5000  -45.0000 8979.2295   18.0467
    7.5000   37.5000  -45.0000 8540.4062   18.0823
   -7.5000   45.0000  -45.0000 7899.4634   17.5441
    0.0000   45.0000  -45.0000 8129.7422   17.5902
    7.5000   45.0000  -45.0000 7745.8530   17.6268
   -7.5000  -45.0000  -37.5000 8975.5518   18.0926
    0.0000  -45.0000  -37.5000 9309.4883   18.1312
    7.5000  -45.0000  -37.5000 8843.3018   18.1639
   -7.5000  -37.5000  -37.5000 9444.2969   18.0730
    0.0000  -37.5000  -37.5000 9801.1660   18.1100
    7.5000  -37.5000  -37.5000 9288.4961   18.1423
   -7.5000  -30.0000  -37.500010172.9688   18.0745
    0.0000  -30.0000  -37.500010568.6943   18.1066
    7.5000  -30.0000  -37.500010005.4229   18.1398
   -7.5000  -22.5000  -37.500010849.2861   18.0780
    0.0000  -22.5000  -37.500011262.7090   18.1071
    7.5000  -22.5000  -37.500010648.2051   18.1404
   -7.5000  -15.0000  -37.500011460.0723   18.0791
    0.0000  -15.0000  -37.500011881.6904   18.1104
    7.5000  -15.0000  -37.500011228.2227   18.1417
   -7.5000   -7.5000  -37.500011995.9229   18.0730
    0.0000   -7.5000  -37.500012446.4795   18.1090
    7.5000   -7.5000  -37.500011771.1680   18.1404
   -7.5000    0.0000  -37.500012408.6719   18.0665
    0.0000    0.0000  -37.500012867.8711   18.1052
    7.5000    0.0000  -37.500012185.5127   18.1374
   -7.5000    7.5000  -37.500011936.8223   18.0690
    0.0000    7.5000  -37.500012369.2969   18.1060
    7.5000    7.5000  -37.500011723.8145   18.1381
   -7.5000   15.0000  -37.500011310.3721   18.0745
    0.0000   15.0000  -37.500011734.8008   18.1066
    7.5000   15.0000  -37.500011117.0273   18.1398
   -7.5000   22.5000  -37.500010506.2441   18.0756
    0.0000   22.5000  -37.500010883.7559   18.1046
    7.5000   22.5000  -37.500010322.5674   18.1379
   -7.5000   30.0000  -37.5000 9619.2891   17.8381
    0.0000   30.0000  -37.5000 9932.9873   17.8691
    7.5000   30.0000  -37.5000 9431.0918   17.8999
   -7.5000   37.5000  -37.5000 9105.5439   17.8322
    0.0000   37.5000  -37.5000 9407.3604   17.8678
    7.5000   37.5000  -37.5000 8926.9902   17.8988
   -7.5000   45.0000  -37.5000 8246.5723   17.3813
    0.0000   45.0000  -37.5000 8506.6719   17.4186
    7.5000   45.0000  -37.5000 8096.1353   17.4497
   -7.5000  -45.0000  -30.0000 9686.4404   18.8401
    0.0000  -45.0000  -30.000010062.8213   18.8637
    7.5000  -45.0000  -30.0000 9548.8799   18.8953
   -7.5000  -37.5000  -30.000010185.2803   18.8178
    0.0000  -37.5000  -30.000010582.3252   18.8445
    7.5000  -37.5000  -30.000010016.4434   18.8761
   -7.5000  -30.0000  -30.000010962.0898   18.8114
    0.0000  -30.0000  -30.000011394.6328   18.8338
    7.5000  -30.0000  -30.000010788.1826   18.8675
   -7.5000  -22.5000  -30.000011672.6152   18.8078
    0.0000  -22.5000  -30.000012143.9648   18.8229
    7.5000  -22.5000  -30.000011491.2256   18.8578
   -7.5000  -15.0000  -30.000012303.3066   18.8087
    0.0000  -15.0000  -30.000012797.8975   18.8214
    7.5000  -15.0000  -30.000012075.6025   18.8547
   -7.5000   -7.5000  -30.000012884.9990   18.8115
    0.0000   -7.5000  -30.000013406.5410   18.8285
    7.5000   -7.5000  -30.000012652.9004   18.8604
   -7.5000    0.0000  -30.000013316.0791   18.8128
    0.0000    0.0000  -30.000013846.1680   18.8365
    7.5000    0.0000  -30.000013052.5205   18.8678
   -7.5000    7.5000  -30.000012787.2012   18.8136
    0.0000    7.5000  -30.000013272.2930   18.8403
    7.5000    7.5000  -30.000012533.3584   18.8719
   -7.5000   15.0000  -30.000012097.9375   18.8113
    0.0000   15.0000  -30.000012572.3506   18.8338
    7.5000   15.0000  -30.000011876.3652   18.8675
   -7.5000   22.5000  -30.000011223.7285   18.8033
    0.0000   22.5000  -30.000011640.0879   18.8183
    7.5000   22.5000  -30.000011005.9834   18.8533
   -7.5000   30.0000  -30.000010235.5977   18.5598
    0.0000   30.0000  -30.000010610.1680   18.5723
    7.5000   30.0000  -30.000010051.5068   18.6052
   -7.5000   37.5000  -30.0000 9686.8359   18.5626
    0.0000   37.5000  -30.000010028.7178   18.5795
    7.5000   37.5000  -30.0000 9507.4990   18.6110
   -7.5000   45.0000  -30.0000 8758.3887   18.1127
    0.0000   45.0000  -30.0000 9057.8740   18.1357
    7.5000   45.0000  -30.0000 8597.9004   18.1659
   -7.5000  -45.0000  -22.500010393.5312   19.4959
    0.0000  -45.0000  -22.500010777.0840   19.5134
    7.5000  -45.0000  -22.500010225.9463   19.5502
   -7.5000  -37.5000  -22.500010910.2383   19.4711
    0.0000  -37.5000  -22.500011327.0234   19.4912
    7.5000  -37.5000  -22.500010727.4355   19.5260
   -7.5000  -30.0000  -22.500011736.0391   19.4566
    0.0000  -30.0000  -22.500012203.9795   19.4712
    7.5000  -30.0000  -22.500011551.7959   19.5075
   -7.5000  -22.5000  -22.500012471.2754   19.4440
    0.0000  -22.5000  -22.500013000.4766   19.4506
    7.5000  -22.5000  -22.500012288.3213   19.4895
   -7.5000  -15.0000  -22.500013156.2256   19.4435
    0.0000  -15.0000  -22.500013709.9238   19.4482
    7.5000  -15.0000  -22.500012927.6602   19.4874
   -7.5000   -7.5000  -22.500013776.2266   19.4566
    0.0000   -7.5000  -22.500014363.1104   19.4672
    7.5000   -7.5000  -22.500013517.7900   19.5055
   -7.5000    0.0000  -22.500014240.1523   19.4673
    0.0000    0.0000  -22.500014833.4844   19.4850
    7.5000    0.0000  -22.500013965.4551   19.5214
   -7.5000    7.5000  -22.500013621.1650   19.4668
    0.0000    7.5000  -22.500014180.7832   19.4869
    7.5000    7.5000  -22.500013371.7500   19.5216
   -7.5000   15.0000  -22.500012874.9990   19.4566
    0.0000   15.0000  -22.500013394.4326   19.4712
    7.5000   15.0000  -22.500012649.4580   19.5075
   -7.5000   22.5000  -22.500011933.3916   19.4380
    0.0000   22.5000  -22.500012409.6035   19.4446
    7.5000   22.5000  -22.500011711.1104   19.4834
   -7.5000   30.0000  -22.500010885.4736   19.1891
    0.0000   30.0000  -22.500011304.4883   19.1938
    7.5000   30.0000  -22.500010682.7979   19.2325
   -7.5000   37.5000  -22.500010278.5537   19.2021
    0.0000   37.5000  -22.500010660.2637   19.2127
    7.5000   37.5000  -22.500010091.0850   19.2504
   -7.5000   45.0000  -22.5000 9281.7744   18.7566
    0.0000   45.0000  -22.5000 9609.2412   18.7739
    7.5000   45.0000  -22.5000 9097.5400   18.8090
   -7.5000  -45.0000  -15.000011092.1582   19.9564
    0.0000  -45.0000  -15.000011503.7559   19.9828
    7.5000  -45.0000  -15.000010917.3359   20.0266
   -7.5000  -37.5000  -15.000011628.3213   19.9309
    0.0000  -37.5000  -15.000012083.2979   19.9557
    7.5000  -37.5000  -15.000011431.3428   19.9963
   -7.5000  -30.0000  -15.000012481.6523   19.9171
    0.0000  -30.0000  -15.000012998.0029   19.9349
    7.5000  -30.0000  -15.000012297.3564   19.9744
   -7.5000  -22.5000  -15.000013260.5420   19.9043
    0.0000  -22.5000  -15.000013805.6855   19.9159
    7.5000  -22.5000  -15.000013060.0498   19.9570
   -7.5000  -15.0000  -15.000013995.1943   19.9034
    0.0000  -15.0000  -15.000014562.6709   19.9169
    7.5000  -15.0000  -15.000013739.5215   19.9588
   -7.5000   -7.5000  -15.000014675.1221   19.9168
    0.0000   -7.5000  -15.000015262.6943   19.9382
    7.5000   -7.5000  -15.000014367.3496   19.9816
   -7.5000    0.0000  -15.000015175.0215   19.9269
    0.0000    0.0000  -15.000015795.1035   19.9535
    7.5000    0.0000  -15.000014876.5371   19.9968
   -7.5000    7.5000  -15.000014470.8438   19.9264
    0.0000    7.5000  -15.000015059.8271   19.9512
    7.5000    7.5000  -15.000014228.3936   19.9916
   -7.5000   15.0000  -15.000013651.1484   19.9171
    0.0000   15.0000  -15.000014189.0771   19.9349
    7.5000   15.0000  -15.000013415.7324   19.9744
   -7.5000   22.5000  -15.000012668.0459   19.8972
    0.0000   22.5000  -15.000013152.8262   19.9089
    7.5000   22.5000  -15.000012435.7061   19.9499
   -7.5000   30.0000  -15.000011543.0225   19.6458
    0.0000   30.0000  -15.000011987.5312   19.6591
    7.5000   30.0000  -15.000011325.8896   19.7005
   -7.5000   37.5000  -15.000010896.5732   19.6591
    0.0000   37.5000  -15.000011311.9580   19.6802
    7.5000   37.5000  -15.000010705.7363   19.7231
   -7.5000   45.0000  -15.0000 9804.5957   19.2106
    0.0000   45.0000  -15.000010170.9219   19.2364
    7.5000   45.0000  -15.0000 9626.3418   19.2783
   -7.5000  -45.0000   -7.500011815.7754   20.1531
    0.0000  -45.0000   -7.500012270.1738   20.1964
    7.5000  -45.0000   -7.500011658.1221   20.2420
   -7.5000  -37.5000   -7.500012372.9980   20.1290
    0.0000  -37.5000   -7.500012856.1182   20.1676
    7.5000  -37.5000   -7.500012224.7773   20.2106
   -7.5000  -30.0000   -7.500013277.3340   20.1239
    0.0000  -30.0000   -7.500013801.2168   20.1556
    7.5000  -30.0000   -7.500013125.2061   20.1971
   -7.5000  -22.5000   -7.500014068.7900   20.1198
    0.0000  -22.5000   -7.500014617.3477   20.1492
    7.5000  -22.5000   -7.500013906.9492   20.1904
   -7.5000  -15.0000   -7.500014849.9307   20.1200
    0.0000  -15.0000   -7.500015407.2354   20.1543
    7.5000  -15.0000   -7.500014646.6484   20.1948
   -7.5000   -7.5000   -7.500015604.6133   20.1232
    0.0000   -7.5000   -7.500016174.3291   20.1648
    7.5000   -7.5000   -7.500015352.8184   20.2078
   -7.5000    0.0000   -7.500016106.5029   20.1236
    0.0000    0.0000   -7.500016724.9961   20.1670
    7.5000    0.0000   -7.500015870.7012   20.2121
   -7.5000    7.5000   -7.500015333.2178   20.1244
    0.0000    7.5000   -7.500015918.5566   20.1630
    7.5000    7.5000   -7.500015135.2549   20.2058
   -7.5000   15.0000   -7.500014450.1016   20.1239
    0.0000   15.0000   -7.500014990.2627   20.1556
    7.5000   15.0000   -7.500014255.4746   20.1971
   -7.5000   22.5000   -7.500013415.9336   20.1105
    0.0000   22.5000   -7.500013906.6904   20.1399
    7.5000   22.5000   -7.500013222.3721   20.1810
   -7.5000   30.0000   -7.500012241.5498   19.8591
    0.0000   30.0000   -7.500012686.1338   19.8930
    7.5000   30.0000   -7.500012048.0967   19.9329
   -7.5000   37.5000   -7.500011567.2441   19.8622
    0.0000   37.5000   -7.500011983.3252   19.9034
    7.5000   37.5000   -7.500011368.2334   19.9458
   -7.5000   45.0000   -7.500010383.0293   19.4037
    0.0000   45.0000   -7.500010759.8926   19.4457
    7.5000   45.0000   -7.500010193.1553   19.4893
   -7.5000  -45.0000    0.000012462.5547   20.1667
    0.0000  -45.0000    0.000012960.7939   20.2192
    7.5000  -45.0000    0.000012325.8730   20.2615
   -7.5000  -37.5000    0.000013045.4336   20.1453
    0.0000  -37.5000    0.000013557.3418   20.1919
    7.5000  -37.5000    0.000012917.1953   20.2323
   -7.5000  -30.0000    0.000014018.1924   20.1484
    0.0000  -30.0000    0.000014555.1104   20.1888
    7.5000  -30.0000    0.000013881.6221   20.2287
   -7.5000  -22.5000    0.000014821.8945   20.1523
    0.0000  -22.5000    0.000015401.5361   20.1929
    7.5000  -22.5000    0.000014722.3086   20.2322
   -7.5000  -15.0000    0.000015592.6152   20.1527
    0.0000  -15.0000    0.000016180.5664   20.1997
    7.5000  -15.0000    0.000015532.4551   20.2374
   -7.5000   -7.5000    0.000016353.7031   20.1454
    0.0000   -7.5000    0.000016944.7363   20.1985
    7.5000   -7.5000    0.000016278.1650   20.2381
   -7.5000    0.0000    0.000016873.6523   20.1375
    0.0000    0.0000    0.000017479.5938   20.1901
    7.5000    0.0000    0.000016786.9922   20.2318
   -7.5000    7.5000    0.000016080.1182   20.1407
    0.0000    7.5000    0.000016655.1055   20.1874
    7.5000    7.5000    0.000015959.8730   20.2276
   -7.5000   15.0000    0.000015166.2471   20.1484
    0.0000   15.0000    0.000015692.0713   20.1888
    7.5000   15.0000    0.000014986.4590   20.2287
   -7.5000   22.5000    0.000014070.5938   20.1430
    0.0000   22.5000    0.000014559.2959   20.1836
    7.5000   22.5000    0.000013877.6084   20.2229
   -7.5000   30.0000    0.000012883.7432   19.8919
    0.0000   30.0000    0.000013321.5830   19.9383
    7.5000   30.0000    0.000012688.4219   19.9755
   -7.5000   37.5000    0.000012172.7148   19.8847
    0.0000   37.5000    0.000012590.0732   19.9372
    7.5000   37.5000    0.000011979.9023   19.9762
   -7.5000   45.0000    0.000010906.4072   19.4189
    0.0000   45.0000    0.000011286.2188   19.4698
    7.5000   45.0000    0.000010730.5771   19.5101
   -7.5000  -45.0000    7.500012115.4736   20.1779
    0.0000  -45.0000    7.500012594.5977   20.2210
    7.5000  -45.0000    7.500012020.2676   20.2579
   -7.5000  -37.5000    7.500012683.3369   20.1566
    0.0000  -37.5000    7.500013159.5225   20.1977
    7.5000  -37.5000    7.500012601.4180   20.2339
   -7.5000  -30.0000    7.500013717.6504   20.1589
    0.0000  -30.0000    7.500014199.8467   20.1945
    7.5000  -30.0000    7.500013564.0156   20.2317
   -7.5000  -22.5000    7.500014554.1445   20.1632
    0.0000  -22.5000    7.500015097.5127   20.1956
    7.5000  -22.5000    7.500014454.8682   20.2328
   -7.5000  -15.0000    7.500015260.2959   20.1640
    0.0000  -15.0000    7.500015844.5547   20.1991
    7.5000  -15.0000    7.500015272.1943   20.2342
   -7.5000   -7.5000    7.500015948.1973   20.1565
    0.0000   -7.5000    7.500016553.6309   20.1968
    7.5000   -7.5000    7.500015982.9541   20.2323
   -7.5000    0.0000    7.500016469.8066   20.1489
    0.0000    0.0000    7.500017074.0840   20.1921
    7.5000    0.0000    7.500016441.2969   20.2284
   -7.5000    7.5000    7.500015698.0645   20.1521
    0.0000    7.5000    7.500016282.3389   20.1932
    7.5000    7.5000    7.500015605.7002   20.2293
   -7.5000   15.0000    7.500014755.9717   20.1589
    0.0000   15.0000    7.500015253.7539   20.1945
    7.5000   15.0000    7.500014616.6475   20.2317
   -7.5000   22.5000    7.500013690.0645   20.1539
    0.0000   22.5000    7.500014111.5674   20.1863
    7.5000   22.5000    7.500013513.7549   20.2235
   -7.5000   30.0000    7.500012521.8418   19.9030
    0.0000   30.0000    7.500012904.7949   19.9377
    7.5000   30.0000    7.500012341.2080   19.9724
   -7.5000   37.5000    7.500011817.6328   19.8957
    0.0000   37.5000    7.500012180.5449   19.9355
    7.5000   37.5000    7.500011618.3848   19.9705
   -7.5000   45.0000    7.500010566.2754   19.4303
    0.0000   45.0000    7.500010908.2979   19.4721
    7.5000   45.0000    7.500010398.1846   19.5073
   -7.5000  -45.0000   15.000011618.3721   20.2459
    0.0000  -45.0000   15.000012063.6816   20.2713
    7.5000  -45.0000   15.000011517.9531   20.3055
   -7.5000  -37.5000   15.000012127.4473   20.2220
    0.0000  -37.5000   15.000012614.2422   20.2507
    7.5000  -37.5000   15.000012067.4072   20.2848
   -7.5000  -30.0000   15.000013119.5801   20.2153
    0.0000  -30.0000   15.000013633.0020   20.2395
    7.5000  -30.0000   15.000013018.2988   20.2757
   -7.5000  -22.5000   15.000014038.6250   20.2115
    0.0000  -22.5000   15.000014534.4238   20.2278
    7.5000  -22.5000   15.000013883.3145   20.2654
   -7.5000  -15.0000   15.000014782.6289   20.2124
    0.0000  -15.0000   15.000015302.6035   20.2261
    7.5000  -15.0000   15.000014653.6758   20.2620
   -7.5000   -7.5000   15.000015406.4053   20.2152
    0.0000   -7.5000   15.000015938.2705   20.2336
    7.5000   -7.5000   15.000015297.9736   20.2681
   -7.5000    0.0000   15.000015887.2490   20.2166
    0.0000    0.0000   15.000016426.7656   20.2421
    7.5000    0.0000   15.000015756.5059   20.2758
   -7.5000    7.5000   15.000015111.0576   20.2175
    0.0000    7.5000   15.000015615.2891   20.2463
    7.5000    7.5000   15.000014951.2500   20.2802
   -7.5000   15.0000   15.000014135.6758   20.2153
    0.0000   15.0000   15.000014599.3916   20.2394
    7.5000   15.0000   15.000013988.5371   20.2757
   -7.5000   22.5000   15.000013082.9658   20.2022
    0.0000   22.5000   15.000013509.4395   20.2185
    7.5000   22.5000   15.000012932.2852   20.2560
   -7.5000   30.0000   15.000011951.2578   19.9509
    0.0000   30.0000   15.000012348.6494   19.9644
    7.5000   30.0000   15.000011814.3652   19.9998
   -7.5000   37.5000   15.000011312.4883   19.9537
    0.0000   37.5000   15.000011665.5303   19.9719
    7.5000   37.5000   15.000011142.4424   20.0059
   -7.5000   45.0000   15.000010111.9834   19.4958
    0.0000   45.0000   15.000010428.7568   19.5206
    7.5000   45.0000   15.0000 9959.6182   19.5532
   -7.5000  -45.0000   22.500011025.9053   20.3536
    0.0000  -45.0000   22.500011455.5635   20.3719
    7.5000  -45.0000   22.500010909.5107   20.4104
   -7.5000  -37.5000   22.500011555.6709   20.3278
    0.0000  -37.5000   22.500012020.3018   20.3488
    7.5000  -37.5000   22.500011436.4141   20.3852
   -7.5000  -30.0000   22.500012495.4385   20.3128
    0.0000  -30.0000   22.500013003.8711   20.3281
    7.5000  -30.0000   22.500012355.0938   20.3659
   -7.5000  -22.5000   22.500013304.7168   20.2995
    0.0000  -22.5000   22.500013803.8232   20.3063
    7.5000  -22.5000   22.500013175.3633   20.3468
   -7.5000  -15.0000   22.500014030.9971   20.2986
    0.0000  -15.0000   22.500014564.8975   20.3035
    7.5000  -15.0000   22.500013882.5557   20.3444
   -7.5000   -7.5000   22.500014710.4219   20.3123
    0.0000   -7.5000   22.500015266.4531   20.3234
    7.5000   -7.5000   22.500014507.6045   20.3633
   -7.5000    0.0000   22.500015232.4961   20.3236
    0.0000    0.0000   22.500015786.3438   20.3421
    7.5000    0.0000   22.500014994.1055   20.3801
   -7.5000    7.5000   22.500014473.0938   20.3233
    0.0000    7.5000   22.500014987.1943   20.3443
    7.5000    7.5000   22.500014265.8271   20.3805
   -7.5000   15.0000   22.500013504.5928   20.3128
    0.0000   15.0000   22.500013949.8799   20.3281
    7.5000   15.0000   22.500013326.4336   20.3659
   -7.5000   22.5000   22.500012497.1602   20.2902
    0.0000   22.5000   22.500012886.0293   20.2970
    7.5000   22.5000   22.500012312.7207   20.3374
   -7.5000   30.0000   22.500011381.4482   20.0359
    0.0000   30.0000   22.500011729.6553   20.0407
    7.5000   30.0000   22.500011212.6299   20.0811
   -7.5000   37.5000   22.500010716.6475   20.0495
    0.0000   37.5000   22.500011061.8027   20.0604
    7.5000   37.5000   22.500010559.2930   20.0999
   -7.5000   45.0000   22.5000 9560.6172   19.5987
    0.0000   45.0000   22.5000 9858.9775   19.6167
    7.5000   45.0000   22.5000 9433.6279   19.6535
   -7.5000  -45.0000   30.000010316.4795   20.4629
    0.0000  -45.0000   30.000010729.5557   20.4903
    7.5000  -45.0000   30.000010171.7871   20.5361
   -7.5000  -37.5000   30.000010828.8477   20.4367
    0.0000  -37.5000   30.000011278.5039   20.4626
    7.5000  -37.5000   30.000010685.9922   20.5051
   -7.5000  -30.0000   30.000011684.3555   20.4222
    0.0000  -30.0000   30.000012167.1689   20.4409
    7.5000  -30.0000   30.000011548.5693   20.4823
   -7.5000  -22.5000   30.000012425.8643   20.4083
    0.0000  -22.5000   30.000012909.6455   20.4206
    7.5000  -22.5000   30.000012295.6045   20.4633
   -7.5000  -15.0000   30.000013122.4814   20.4069
    0.0000  -15.0000   30.000013646.0869   20.4210
    7.5000  -15.0000   30.000012979.5742   20.4646
   -7.5000   -7.5000   30.000013788.5273   20.4211
    0.0000   -7.5000   30.000014330.5176   20.4434
    7.5000   -7.5000   30.000013616.3428   20.4886
   -7.5000    0.0000   30.000014287.9619   20.4323
    0.0000    0.0000   30.000014823.2373   20.4599
    7.5000    0.0000   30.000014085.8926   20.5052
   -7.5000    7.5000   30.000013615.5420   20.4321
    0.0000    7.5000   30.000014114.2266   20.4580
    7.5000    7.5000   30.000013418.2969   20.5003
   -7.5000   15.0000   30.000012727.6680   20.4222
    0.0000   15.0000   30.000013174.3301   20.4409
    7.5000   15.0000   30.000012549.6602   20.4823
   -7.5000   22.5000   30.000011750.7578   20.3989
    0.0000   22.5000   30.000012152.2305   20.4112
    7.5000   22.5000   30.000011575.4580   20.4539
   -7.5000   30.0000   30.000010688.4619   20.1428
    0.0000   30.0000   30.000011042.1777   20.1568
    7.5000   30.0000   30.000010515.7871   20.1997
   -7.5000   37.5000   30.000010038.0146   20.1568
    0.0000   37.5000   30.000010367.8926   20.1789
    7.5000   37.5000   30.0000 9880.5732   20.2234
   -7.5000   45.0000   30.0000 8927.7051   19.7018
    0.0000   45.0000   30.0000 9217.9150   19.7285
    7.5000   45.0000   30.0000 8802.3516   19.7723
   -7.5000  -45.0000   37.5000 9934.5039   20.6845
    0.0000  -45.0000   37.500010344.0596   20.7297
    7.5000  -45.0000   37.5000 9796.6045   20.7781
   -7.5000  -37.5000   37.500010438.3857   20.6596
    0.0000  -37.5000   37.500010893.7803   20.6998
    7.5000  -37.5000   37.500010295.7656   20.7454
   -7.5000  -30.0000   37.500011271.4678   20.6541
    0.0000  -30.0000   37.500011753.7969   20.6871
    7.5000  -30.0000   37.500011125.6533   20.7310
   -7.5000  -22.5000   37.500011988.5254   20.6489
    0.0000  -22.5000   37.500012482.4395   20.6794
    7.5000  -22.5000   37.500011853.6680   20.7230
   -7.5000  -15.0000   37.500012658.4668   20.6482
    0.0000  -15.0000   37.500013171.8457   20.6841
    7.5000  -15.0000   37.500012514.5957   20.7269
   -7.5000   -7.5000   37.500013277.8584   20.6520
    0.0000   -7.5000   37.500013825.5820   20.6956
    7.5000   -7.5000   37.500013142.9854   20.7413
   -7.5000    0.0000   37.500013779.5938   20.6534
    0.0000    0.0000   37.500014329.4648   20.6988
    7.5000    0.0000   37.500013621.7148   20.7466
   -7.5000    7.5000   37.500013158.4316   20.6548
    0.0000    7.5000   37.500013691.4365   20.6950
    7.5000    7.5000   37.500013007.5859   20.7404
   -7.5000   15.0000   37.500012304.2520   20.6541
    0.0000   15.0000   37.500012783.0107   20.6871
    7.5000   15.0000   37.500012164.9873   20.7310
   -7.5000   22.5000   37.500011361.1123   20.6394
    0.0000   22.5000   37.500011770.3135   20.6699
    7.5000   22.5000   37.500011214.5723   20.7134
   -7.5000   30.0000   37.500010350.5059   20.3810
    0.0000   30.0000   37.500010703.9111   20.4165
    7.5000   30.0000   37.500010195.4365   20.4587
   -7.5000   37.5000   37.5000 9703.4717   20.3847
    0.0000   37.5000   37.500010030.7793   20.4278
    7.5000   37.5000   37.5000 9556.5713   20.4728
   -7.5000   45.0000   37.5000 8636.1377   19.9118
    0.0000   45.0000   37.5000 8929.3457   19.9556
    7.5000   45.0000   37.5000 8524.3389   20.0018
   -7.5000  -45.0000   45.0000 9118.9580   20.9456
    0.0000  -45.0000   45.0000 9510.5312   21.0028
    7.5000  -45.0000   45.0000 9004.0205   21.0479
   -7.5000  -37.5000   45.0000 9591.2002   20.9254
    0.0000  -37.5000   45.000010015.0146   20.9755
    7.5000  -37.5000   45.0000 9474.0703   21.0185
   -7.5000  -30.0000   45.000010373.8926   20.9310
    0.0000  -30.0000   45.000010821.3018   20.9739
    7.5000  -30.0000   45.000010245.3809   21.0164
   -7.5000  -22.5000   45.000011057.7168   20.9339
    0.0000  -22.5000   45.000011520.2871   20.9772
    7.5000  -22.5000   45.000010926.4961   21.0195
   -7.5000  -15.0000   45.000011669.5215   20.9310
    0.0000  -15.0000   45.000012146.9150   20.9819
    7.5000  -15.0000   45.000011537.3652   21.0226
   -7.5000   -7.5000   45.000012208.0889   20.9214
    0.0000   -7.5000   45.000012714.4697   20.9793
    7.5000   -7.5000   45.000012096.1172   21.0219
   -7.5000    0.0000   45.000012682.2090   20.9139
    0.0000    0.0000   45.000013183.4600   20.9712
    7.5000    0.0000   45.000012573.1680   21.0156
   -7.5000    7.5000   45.000012150.3330   20.9205
    0.0000    7.5000   45.000012613.0098   20.9705
    7.5000    7.5000   45.000012019.8135   21.0133
   -7.5000   15.0000   45.000011376.2520   20.9310
    0.0000   15.0000   45.000011799.8613   20.9739
    7.5000   15.0000   45.000011236.8076   21.0164
   -7.5000   22.5000   45.000010499.0645   20.9242
    0.0000   22.5000   45.000010873.5254   20.9675
    7.5000   22.5000   45.000010356.1816   21.0098
   -7.5000   30.0000   45.0000 9560.7109   20.6583
    0.0000   30.0000   45.0000 9901.5176   20.7085
    7.5000   30.0000   45.0000 9443.2305   20.7487
   -7.5000   37.5000   45.0000 8986.7559   20.6489
    0.0000   37.5000   45.0000 9291.8369   20.7060
    7.5000   37.5000   45.0000 8868.0967   20.7480
   -7.5000   45.0000   45.0000 8026.7256   20.1700
    0.0000   45.0000   45.0000 8286.0488   20.2253
    7.5000   45.0000   45.0000 7930.1562   20.2681

---------------------------------------------------------------------
imgreg_4dfp /opt/freesurfer/average/711-2C_as_mni_average_305 /opt/freesurfer/average/711-2B_as_mni_average_305_mask talsrcimg_g11 none talsrcimg_to_711-2C_as_mni_average_305_t4 4355
---------------------------------------------------------------------

freesurfer imgreg_4dfp.c
/opt/freesurfer/average/711-2C_as_mni_average_305.4dfp.img
       256       256       256         1
  1.000000  1.000000  1.000000
orientation T byte_order littleendian
Reading image: /opt/freesurfer/average/711-2C_as_mni_average_305.4dfp.img
dimensions:      256       256       256
mmppix:       1.0000   -1.0000   -1.0000
center:     128.0000 -129.0000 -129.0000
/opt/freesurfer/average/711-2B_as_mni_average_305_mask.4dfp.img
       256       256       256         1
  1.000000  1.000000  1.000000
orientation T byte_order littleendian
Reading mask: /opt/freesurfer/average/711-2B_as_mni_average_305_mask.4dfp.img (2306576 pixels)
talsrcimg_g11.4dfp.img
       256       256       256         1
  1.000000  1.000000  1.000000
orientation T byte_order littleendian
Reading image: talsrcimg_g11.4dfp.img
dimensions:      256       256       256
mmppix:       1.0000   -1.0000   -1.0000
center:     128.0000 -129.0000 -129.0000
rotation matrix determinant  1.000000
image alignment mode   4355 decimal     1103 hex
   -7.5000  -45.0000  -45.0000 2170.4604   18.8666
    0.0000  -45.0000  -45.0000 2170.9937   18.8604
    7.5000  -45.0000  -45.0000 2146.8196   19.1750
   -7.5000  -37.5000  -45.0000 2247.3997   17.6278
    0.0000  -37.5000  -45.0000 2243.7502   17.6009
    7.5000  -37.5000  -45.0000 2218.4036   17.8833
   -7.5000  -30.0000  -45.0000 2289.6628   16.7446
    0.0000  -30.0000  -45.0000 2289.9780   16.7086
    7.5000  -30.0000  -45.0000 2260.8030   16.9597
   -7.5000  -22.5000  -45.0000 2311.1709   16.1473
    0.0000  -22.5000  -45.0000 2313.7573   16.1226
    7.5000  -22.5000  -45.0000 2282.1758   16.4063
   -7.5000  -15.0000  -45.0000 2313.0930   15.9000
    0.0000  -15.0000  -45.0000 2314.3027   15.8751
    7.5000  -15.0000  -45.0000 2282.9802   16.2097
   -7.5000   -7.5000  -45.0000 2301.1116   16.0053
    0.0000   -7.5000  -45.0000 2306.3306   16.0141
    7.5000   -7.5000  -45.0000 2274.5886   16.3415
   -7.5000    0.0000  -45.0000 2263.4102   16.5407
    0.0000    0.0000  -45.0000 2273.5837   16.5227
    7.5000    0.0000  -45.0000 2239.7834   16.8542
   -7.5000    7.5000  -45.0000 2204.5864   17.4030
    0.0000    7.5000  -45.0000 2213.7292   17.3811
    7.5000    7.5000  -45.0000 2179.8730   17.6973
   -7.5000   15.0000  -45.0000 2128.8862   18.5815
    0.0000   15.0000  -45.0000 2134.5833   18.5395
    7.5000   15.0000  -45.0000 2102.3552   18.8801
   -7.5000   22.5000  -45.0000 2033.2637   20.1893
    0.0000   22.5000  -45.0000 2038.5662   20.1561
    7.5000   22.5000  -45.0000 2001.8243   20.6259
   -7.5000   30.0000  -45.0000 1917.3632   22.5214
    0.0000   30.0000  -45.0000 1920.3016   22.4712
    7.5000   30.0000  -45.0000 1896.1035   23.0014
   -7.5000   37.5000  -45.0000 1803.2306   25.8281
    0.0000   37.5000  -45.0000 1808.7194   25.8032
    7.5000   37.5000  -45.0000 1781.3606   26.3552
   -7.5000   45.0000  -45.0000 1675.9624   30.3196
    0.0000   45.0000  -45.0000 1675.8945   30.3199
    7.5000   45.0000  -45.0000 1659.0272   30.9899
   -7.5000  -45.0000  -37.5000 2260.0095   17.4902
    0.0000  -45.0000  -37.5000 2260.4763   17.4969
    7.5000  -45.0000  -37.5000 2237.7471   17.7857
   -7.5000  -37.5000  -37.5000 2339.1218   16.3319
    0.0000  -37.5000  -37.5000 2336.2239   16.3442
    7.5000  -37.5000  -37.5000 2308.9495   16.5452
   -7.5000  -30.0000  -37.5000 2382.1365   15.5176
    0.0000  -30.0000  -37.5000 2382.6831   15.4804
    7.5000  -30.0000  -37.5000 2354.4092   15.6957
   -7.5000  -22.5000  -37.5000 2405.5222   14.9627
    0.0000  -22.5000  -37.5000 2408.3081   14.9503
    7.5000  -22.5000  -37.5000 2378.4043   15.1805
   -7.5000  -15.0000  -37.5000 2411.7119   14.7535
    0.0000  -15.0000  -37.5000 2410.3284   14.7380
    7.5000  -15.0000  -37.5000 2380.8557   14.9975
   -7.5000   -7.5000  -37.5000 2399.2183   14.8379
    0.0000   -7.5000  -37.5000 2403.3506   14.8280
    7.5000   -7.5000  -37.5000 2372.1619   15.1063
   -7.5000    0.0000  -37.5000 2362.6135   15.2916
    0.0000    0.0000  -37.5000 2367.7820   15.2874
    7.5000    0.0000  -37.5000 2331.7634   15.5599
   -7.5000    7.5000  -37.5000 2303.6096   16.0437
    0.0000    7.5000  -37.5000 2310.5413   16.0140
    7.5000    7.5000  -37.5000 2275.9595   16.2991
   -7.5000   15.0000  -37.5000 2218.3152   17.0997
    0.0000   15.0000  -37.5000 2223.8999   17.0393
    7.5000   15.0000  -37.5000 2187.7378   17.3539
   -7.5000   22.5000  -37.5000 2117.8984   18.5522
    0.0000   22.5000  -37.5000 2121.7810   18.5125
    7.5000   22.5000  -37.5000 2087.4121   18.8992
   -7.5000   30.0000  -37.5000 2000.2809   20.6956
    0.0000   30.0000  -37.5000 2000.8942   20.5869
    7.5000   30.0000  -37.5000 1969.7665   20.9916
   -7.5000   37.5000  -37.5000 1879.4562   23.5755
    0.0000   37.5000  -37.5000 1883.1801   23.5768
    7.5000   37.5000  -37.5000 1848.1721   24.0061
   -7.5000   45.0000  -37.5000 1744.8600   27.6743
    0.0000   45.0000  -37.5000 1743.3256   27.6119
    7.5000   45.0000  -37.5000 1725.2312   28.1411
   -7.5000  -45.0000  -30.0000 2385.2114   16.8929
    0.0000  -45.0000  -30.0000 2384.3018   16.8782
    7.5000  -45.0000  -30.0000 2354.3130   17.1470
   -7.5000  -37.5000  -30.0000 2472.7334   15.7111
    0.0000  -37.5000  -30.0000 2467.8672   15.7232
    7.5000  -37.5000  -30.0000 2433.4187   15.9256
   -7.5000  -30.0000  -30.0000 2522.6938   14.9076
    0.0000  -30.0000  -30.0000 2519.4146   14.9085
    7.5000  -30.0000  -30.0000 2488.9827   15.0905
   -7.5000  -22.5000  -30.0000 2553.3445   14.3892
    0.0000  -22.5000  -30.0000 2556.4404   14.3783
    7.5000  -22.5000  -30.0000 2524.7607   14.5805
   -7.5000  -15.0000  -30.0000 2554.8943   14.2251
    0.0000  -15.0000  -30.0000 2558.9131   14.2104
    7.5000  -15.0000  -30.0000 2523.2292   14.4226
   -7.5000   -7.5000  -30.0000 2543.2395   14.3208
    0.0000   -7.5000  -30.0000 2548.6472   14.3226
    7.5000   -7.5000  -30.0000 2512.2556   14.5426
   -7.5000    0.0000  -30.0000 2504.6768   14.7146
    0.0000    0.0000  -30.0000 2510.7944   14.6996
    7.5000    0.0000  -30.0000 2468.7715   14.9526
   -7.5000    7.5000  -30.0000 2442.3308   15.3892
    0.0000    7.5000  -30.0000 2451.1785   15.3880
    7.5000    7.5000  -30.0000 2411.0283   15.6151
   -7.5000   15.0000  -30.0000 2348.7039   16.3781
    0.0000   15.0000  -30.0000 2358.9067   16.3273
    7.5000   15.0000  -30.0000 2318.5378   16.5885
   -7.5000   22.5000  -30.0000 2239.0947   17.7547
    0.0000   22.5000  -30.0000 2246.1965   17.7061
    7.5000   22.5000  -30.0000 2209.2881   18.0280
   -7.5000   30.0000  -30.0000 2109.7017   19.7375
    0.0000   30.0000  -30.0000 2117.5571   19.6654
    7.5000   30.0000  -30.0000 2083.4211   19.9984
   -7.5000   37.5000  -30.0000 1981.1449   22.4749
    0.0000   37.5000  -30.0000 1988.9276   22.4344
    7.5000   37.5000  -30.0000 1955.3604   22.7383
   -7.5000   45.0000  -30.0000 1840.7633   26.2917
    0.0000   45.0000  -30.0000 1843.6343   26.2452
    7.5000   45.0000  -30.0000 1818.1326   26.6099
   -7.5000  -45.0000  -22.5000 2471.8069   16.1732
    0.0000  -45.0000  -22.5000 2468.6069   16.1347
    7.5000  -45.0000  -22.5000 2435.8013   16.4404
   -7.5000  -37.5000  -22.5000 2567.7617   14.9992
    0.0000  -37.5000  -22.5000 2561.7097   14.9768
    7.5000  -37.5000  -22.5000 2526.1880   15.1937
   -7.5000  -30.0000  -22.5000 2631.6704   14.1747
    0.0000  -30.0000  -22.5000 2630.0112   14.1826
    7.5000  -30.0000  -22.5000 2595.1707   14.3665
   -7.5000  -22.5000  -22.5000 2671.3503   13.7052
    0.0000  -22.5000  -22.5000 2675.7974   13.6953
    7.5000  -22.5000  -22.5000 2636.9907   13.8814
   -7.5000  -15.0000  -22.5000 2678.3574   13.5648
    0.0000  -15.0000  -22.5000 2687.3777   13.5705
    7.5000  -15.0000  -22.5000 2643.4387   13.7360
   -7.5000   -7.5000  -22.5000 2667.9412   13.6910
    0.0000   -7.5000  -22.5000 2676.3225   13.7072
    7.5000   -7.5000  -22.5000 2629.1660   13.8598
   -7.5000    0.0000  -22.5000 2624.5244   14.0811
    0.0000    0.0000  -22.5000 2633.0774   14.0818
    7.5000    0.0000  -22.5000 2585.4399   14.2656
   -7.5000    7.5000  -22.5000 2555.2290   14.6929
    0.0000    7.5000  -22.5000 2567.6670   14.6657
    7.5000    7.5000  -22.5000 2522.4009   14.8842
   -7.5000   15.0000  -22.5000 2457.9028   15.5793
    0.0000   15.0000  -22.5000 2469.4514   15.5490
    7.5000   15.0000  -22.5000 2425.8992   15.7978
   -7.5000   22.5000  -22.5000 2337.8496   16.9061
    0.0000   22.5000  -22.5000 2346.9739   16.8437
    7.5000   22.5000  -22.5000 2308.6787   17.1279
   -7.5000   30.0000  -22.5000 2200.4590   18.7460
    0.0000   30.0000  -22.5000 2209.4788   18.6985
    7.5000   30.0000  -22.5000 2172.8486   19.0107
   -7.5000   37.5000  -22.5000 2061.5144   21.2881
    0.0000   37.5000  -22.5000 2068.7498   21.2632
    7.5000   37.5000  -22.5000 2038.1243   21.6284
   -7.5000   45.0000  -22.5000 1915.9634   24.8401
    0.0000   45.0000  -22.5000 1919.0934   24.7828
    7.5000   45.0000  -22.5000 1888.2162   25.1617
   -7.5000  -45.0000  -15.0000 2522.7922   15.4280
    0.0000  -45.0000  -15.0000 2520.6836   15.4004
    7.5000  -45.0000  -15.0000 2484.6936   15.7732
   -7.5000  -37.5000  -15.0000 2631.7183   14.2756
    0.0000  -37.5000  -15.0000 2629.8101   14.2688
    7.5000  -37.5000  -15.0000 2587.7263   14.5354
   -7.5000  -30.0000  -15.0000 2705.9182   13.4828
    0.0000  -30.0000  -15.0000 2711.1687   13.4777
    7.5000  -30.0000  -15.0000 2666.2905   13.7071
   -7.5000  -22.5000  -15.0000 2756.9807   12.9948
    0.0000  -22.5000  -15.0000 2763.5657   13.0122
    7.5000  -22.5000  -15.0000 2717.0879   13.2019
   -7.5000  -15.0000  -15.0000 2775.1882   12.8779
    0.0000  -15.0000  -15.0000 2783.3208   12.8824
    7.5000  -15.0000  -15.0000 2729.7627   13.0372
   -7.5000   -7.5000  -15.0000 2766.6482   13.0396
    0.0000   -7.5000  -15.0000 2774.2527   13.0326
    7.5000   -7.5000  -15.0000 2716.8843   13.1808
   -7.5000    0.0000  -15.0000 2718.2114   13.4141
    0.0000    0.0000  -15.0000 2730.4580   13.4036
    7.5000    0.0000  -15.0000 2676.0464   13.5741
   -7.5000    7.5000  -15.0000 2642.4290   13.9787
    0.0000    7.5000  -15.0000 2655.8350   13.9466
    7.5000    7.5000  -15.0000 2608.8523   14.1708
   -7.5000   15.0000  -15.0000 2539.5320   14.8224
    0.0000   15.0000  -15.0000 2550.2141   14.7843
    7.5000   15.0000  -15.0000 2503.9456   15.0526
   -7.5000   22.5000  -15.0000 2413.2383   16.0873
    0.0000   22.5000  -15.0000 2422.3965   16.0275
    7.5000   22.5000  -15.0000 2383.0417   16.3385
   -7.5000   30.0000  -15.0000 2268.5146   17.8377
    0.0000   30.0000  -15.0000 2278.3694   17.7846
    7.5000   30.0000  -15.0000 2242.0427   18.1375
   -7.5000   37.5000  -15.0000 2120.2957   20.2279
    0.0000   37.5000  -15.0000 2127.7402   20.1970
    7.5000   37.5000  -15.0000 2098.4985   20.5608
   -7.5000   45.0000  -15.0000 1963.5253   23.4683
    0.0000   45.0000  -15.0000 1970.9382   23.4123
    7.5000   45.0000  -15.0000 1943.8158   23.8117
   -7.5000  -45.0000   -7.5000 2551.7031   14.8154
    0.0000  -45.0000   -7.5000 2549.4307   14.8032
    7.5000  -45.0000   -7.5000 2510.6665   15.2117
   -7.5000  -37.5000   -7.5000 2669.7271   13.6561
    0.0000  -37.5000   -7.5000 2671.7827   13.6593
    7.5000  -37.5000   -7.5000 2630.2825   14.0072
   -7.5000  -30.0000   -7.5000 2762.7302   12.8555
    0.0000  -30.0000   -7.5000 2768.8733   12.8461
    7.5000  -30.0000   -7.5000 2718.9067   13.1699
   -7.5000  -22.5000   -7.5000 2825.3328   12.3742
    0.0000  -22.5000   -7.5000 2832.4119   12.3807
    7.5000  -22.5000   -7.5000 2775.1917   12.6611
   -7.5000  -15.0000   -7.5000 2856.5212   12.2280
    0.0000  -15.0000   -7.5000 2861.1975   12.2289
    7.5000  -15.0000   -7.5000 2802.0566   12.4710
   -7.5000   -7.5000   -7.5000 2849.1538   12.3868
    0.0000   -7.5000   -7.5000 2854.1382   12.3796
    7.5000   -7.5000   -7.5000 2793.2314   12.5992
   -7.5000    0.0000   -7.5000 2792.7102   12.7500
    0.0000    0.0000   -7.5000 2805.4939   12.7324
    7.5000    0.0000   -7.5000 2751.8088   12.9454
   -7.5000    7.5000   -7.5000 2706.0261   13.3224
    0.0000    7.5000   -7.5000 2721.9324   13.2872
    7.5000    7.5000   -7.5000 2673.4353   13.5538
   -7.5000   15.0000   -7.5000 2594.7871   14.1411
    0.0000   15.0000   -7.5000 2610.1431   14.1026
    7.5000   15.0000   -7.5000 2560.9988   14.4198
   -7.5000   22.5000   -7.5000 2465.5676   15.3526
    0.0000   22.5000   -7.5000 2476.2405   15.3189
    7.5000   22.5000   -7.5000 2432.0164   15.6522
   -7.5000   30.0000   -7.5000 2320.8293   17.0550
    0.0000   30.0000   -7.5000 2327.2271   17.0270
    7.5000   30.0000   -7.5000 2290.1238   17.3878
   -7.5000   37.5000   -7.5000 2169.7512   19.3380
    0.0000   37.5000   -7.5000 2169.9810   19.3305
    7.5000   37.5000   -7.5000 2140.9893   19.6844
   -7.5000   45.0000   -7.5000 2001.5321   22.3898
    0.0000   45.0000   -7.5000 2009.3611   22.3647
    7.5000   45.0000   -7.5000 1981.6250   22.7480
   -7.5000  -45.0000    0.0000 2555.2725   14.4470
    0.0000  -45.0000    0.0000 2557.3291   14.4287
    7.5000  -45.0000    0.0000 2522.2825   14.8607
   -7.5000  -37.5000    0.0000 2684.3032   13.2508
    0.0000  -37.5000    0.0000 2688.8535   13.2468
    7.5000  -37.5000    0.0000 2650.3521   13.6388
   -7.5000  -30.0000    0.0000 2797.8667   12.4365
    0.0000  -30.0000    0.0000 2805.0432   12.4058
    7.5000  -30.0000    0.0000 2752.8992   12.7916
   -7.5000  -22.5000    0.0000 2879.3181   11.9314
    0.0000  -22.5000    0.0000 2891.8740   11.9110
    7.5000  -22.5000    0.0000 2823.1345   12.2713
   -7.5000  -15.0000    0.0000 2923.5388   11.7224
    0.0000  -15.0000    0.0000 2934.9351   11.7152
    7.5000  -15.0000    0.0000 2863.0908   12.0836
   -7.5000   -7.5000    0.0000 2910.5679   11.8934
    0.0000   -7.5000    0.0000 2923.6472   11.8572
    7.5000   -7.5000    0.0000 2855.1868   12.2074
   -7.5000    0.0000    0.0000 2846.3809   12.2516
    0.0000    0.0000    0.0000 2864.0562   12.2148
    7.5000    0.0000    0.0000 2803.3372   12.5498
   -7.5000    7.5000    0.0000 2755.2024   12.8274
    0.0000    7.5000    0.0000 2769.8503   12.7916
    7.5000    7.5000    0.0000 2719.6980   13.1001
   -7.5000   15.0000    0.0000 2637.5549   13.6553
    0.0000   15.0000    0.0000 2650.5029   13.6230
    7.5000   15.0000    0.0000 2602.5859   13.9252
   -7.5000   22.5000    0.0000 2498.6404   14.8814
    0.0000   22.5000    0.0000 2507.5610   14.8665
    7.5000   22.5000    0.0000 2462.6086   15.1989
   -7.5000   30.0000    0.0000 2351.4207   16.5570
    0.0000   30.0000    0.0000 2358.4841   16.5880
    7.5000   30.0000    0.0000 2319.4697   16.9248
   -7.5000   37.5000    0.0000 2196.1926   18.7617
    0.0000   37.5000    0.0000 2201.4050   18.7833
    7.5000   37.5000    0.0000 2169.4373   19.1810
   -7.5000   45.0000    0.0000 2029.2595   21.6930
    0.0000   45.0000    0.0000 2039.7837   21.6755
    7.5000   45.0000    0.0000 2007.7358   22.1096
   -7.5000  -45.0000    7.5000 2540.8010   14.3238
    0.0000  -45.0000    7.5000 2549.6099   14.2812
    7.5000  -45.0000    7.5000 2511.9133   14.7727
   -7.5000  -37.5000    7.5000 2675.3657   13.0949
    0.0000  -37.5000    7.5000 2684.6484   13.0464
    7.5000  -37.5000    7.5000 2645.0010   13.5146
   -7.5000  -30.0000    7.5000 2803.1277   12.2665
    0.0000  -30.0000    7.5000 2812.8606   12.1972
    7.5000  -30.0000    7.5000 2761.3164   12.6450
   -7.5000  -22.5000    7.5000 2905.9065   11.7595
    0.0000  -22.5000    7.5000 2925.2463   11.6648
    7.5000  -22.5000    7.5000 2853.7617   12.0826
   -7.5000  -15.0000    7.5000 2966.8108   11.4851
    0.0000  -15.0000    7.5000 2988.8215   11.4296
    7.5000  -15.0000    7.5000 2902.7744   11.8798
   -7.5000   -7.5000    7.5000 2953.9028   11.6088
    0.0000   -7.5000    7.5000 2977.1118   11.5671
    7.5000   -7.5000    7.5000 2896.4861   11.9840
   -7.5000    0.0000    7.5000 2884.4695   11.9647
    0.0000    0.0000    7.5000 2902.6267   11.9347
    7.5000    0.0000    7.5000 2837.8281   12.2978
   -7.5000    7.5000    7.5000 2785.1177   12.5489
    0.0000    7.5000    7.5000 2802.1077   12.5265
    7.5000    7.5000    7.5000 2750.0898   12.8636
   -7.5000   15.0000    7.5000 2658.7561   13.4206
    0.0000   15.0000    7.5000 2671.3635   13.3886
    7.5000   15.0000    7.5000 2626.9524   13.7047
   -7.5000   22.5000    7.5000 2520.4133   14.6594
    0.0000   22.5000    7.5000 2527.3281   14.6272
    7.5000   22.5000    7.5000 2485.8213   14.9489
   -7.5000   30.0000    7.5000 2364.7156   16.2856
    0.0000   30.0000    7.5000 2376.2056   16.2603
    7.5000   30.0000    7.5000 2336.2048   16.6190
   -7.5000   37.5000    7.5000 2208.8091   18.4347
    0.0000   37.5000    7.5000 2217.3044   18.4298
    7.5000   37.5000    7.5000 2184.0134   18.8154
   -7.5000   45.0000    7.5000 2040.6655   21.2103
    0.0000   45.0000    7.5000 2051.6113   21.2030
    7.5000   45.0000    7.5000 2019.5990   21.5995
   -7.5000  -45.0000   15.0000 2515.8171   14.4278
    0.0000  -45.0000   15.0000 2526.4824   14.3651
    7.5000  -45.0000   15.0000 2490.0254   14.8523
   -7.5000  -37.5000   15.0000 2650.1816   13.1826
    0.0000  -37.5000   15.0000 2665.7642   13.1078
    7.5000  -37.5000   15.0000 2622.4189   13.5797
   -7.5000  -30.0000   15.0000 2780.2456   12.3065
    0.0000  -30.0000   15.0000 2798.4021   12.2492
    7.5000  -30.0000   15.0000 2746.8137   12.6851
   -7.5000  -22.5000   15.0000 2890.5923   11.7998
    0.0000  -22.5000   15.0000 2913.5405   11.7208
    7.5000  -22.5000   15.0000 2845.9612   12.1235
   -7.5000  -15.0000   15.0000 2962.1292   11.5759
    0.0000  -15.0000   15.0000 2988.2490   11.4669
    7.5000  -15.0000   15.0000 2904.2861   11.8752
   -7.5000   -7.5000   15.0000 2960.6865   11.6094
    0.0000   -7.5000   15.0000 2980.8325   11.5127
    7.5000   -7.5000   15.0000 2906.0076   11.9297
   -7.5000    0.0000   15.0000 2895.1064   11.9001
    0.0000    0.0000   15.0000 2913.9202   11.8489
    7.5000    0.0000   15.0000 2850.4236   12.2162
   -7.5000    7.5000   15.0000 2791.3462   12.4955
    0.0000    7.5000   15.0000 2808.2881   12.4651
    7.5000    7.5000   15.0000 2755.7537   12.7804
   -7.5000   15.0000   15.0000 2660.8088   13.3766
    0.0000   15.0000   15.0000 2678.2532   13.3212
    7.5000   15.0000   15.0000 2636.2017   13.6224
   -7.5000   22.5000   15.0000 2521.9207   14.5765
    0.0000   22.5000   15.0000 2535.2861   14.5374
    7.5000   22.5000   15.0000 2497.1306   14.8253
   -7.5000   30.0000   15.0000 2365.9094   16.1376
    0.0000   30.0000   15.0000 2378.8516   16.1370
    7.5000   30.0000   15.0000 2342.3499   16.4691
   -7.5000   37.5000   15.0000 2208.8088   18.2877
    0.0000   37.5000   15.0000 2217.1382   18.2910
    7.5000   37.5000   15.0000 2185.7805   18.6383
   -7.5000   45.0000   15.0000 2036.4755   21.0100
    0.0000   45.0000   15.0000 2045.8683   20.9763
    7.5000   45.0000   15.0000 2021.4164   21.3476
   -7.5000  -45.0000   22.5000 2486.6663   14.7942
    0.0000  -45.0000   22.5000 2497.4861   14.7196
    7.5000  -45.0000   22.5000 2459.7449   15.1834
   -7.5000  -37.5000   22.5000 2616.7412   13.5119
    0.0000  -37.5000   22.5000 2635.6807   13.4589
    7.5000  -37.5000   22.5000 2591.8962   13.8796
   -7.5000  -30.0000   22.5000 2742.9270   12.6334
    0.0000  -30.0000   22.5000 2765.7559   12.5782
    7.5000  -30.0000   22.5000 2717.9434   12.9593
   -7.5000  -22.5000   22.5000 2857.0779   12.0551
    0.0000  -22.5000   22.5000 2881.1885   11.9927
    7.5000  -22.5000   22.5000 2822.0654   12.3541
   -7.5000  -15.0000   22.5000 2924.4851   11.7943
    0.0000  -15.0000   22.5000 2949.4280   11.7253
    7.5000  -15.0000   22.5000 2881.7258   12.0879
   -7.5000   -7.5000   22.5000 2923.5674   11.8544
    0.0000   -7.5000   22.5000 2946.4690   11.8017
    7.5000   -7.5000   22.5000 2881.6169   12.1163
   -7.5000    0.0000   22.5000 2868.8379   12.1816
    0.0000    0.0000   22.5000 2890.8816   12.1433
    7.5000    0.0000   22.5000 2829.5283   12.4247
   -7.5000    7.5000   22.5000 2773.1492   12.7526
    0.0000    7.5000   22.5000 2792.3047   12.7131
    7.5000    7.5000   22.5000 2740.7832   12.9887
   -7.5000   15.0000   22.5000 2644.2056   13.5944
    0.0000   15.0000   22.5000 2660.2209   13.5241
    7.5000   15.0000   22.5000 2621.3984   13.8291
   -7.5000   22.5000   22.5000 2512.5786   14.7357
    0.0000   22.5000   22.5000 2524.4775   14.6878
    7.5000   22.5000   22.5000 2489.7676   14.9929
   -7.5000   30.0000   22.5000 2355.9634   16.2712
    0.0000   30.0000   22.5000 2366.5693   16.2448
    7.5000   30.0000   22.5000 2336.2571   16.5600
   -7.5000   37.5000   22.5000 2195.5005   18.3039
    0.0000   37.5000   22.5000 2210.1094   18.2846
    7.5000   37.5000   22.5000 2178.4441   18.6320
   -7.5000   45.0000   22.5000 2025.2961   20.9533
    0.0000   45.0000   22.5000 2035.9944   20.9016
    7.5000   45.0000   22.5000 2012.8386   21.3114
   -7.5000  -45.0000   30.0000 2450.7917   15.3806
    0.0000  -45.0000   30.0000 2464.5344   15.3505
    7.5000  -45.0000   30.0000 2423.0552   15.7504
   -7.5000  -37.5000   30.0000 2577.2175   14.0716
    0.0000  -37.5000   30.0000 2596.1763   14.0357
    7.5000  -37.5000   30.0000 2553.5762   14.4007
   -7.5000  -30.0000   30.0000 2697.3726   13.1491
    0.0000  -30.0000   30.0000 2721.0679   13.1238
    7.5000  -30.0000   30.0000 2677.7559   13.4392
   -7.5000  -22.5000   30.0000 2803.1550   12.5272
    0.0000  -22.5000   30.0000 2825.8555   12.4810
    7.5000  -22.5000   30.0000 2775.5383   12.8249
   -7.5000  -15.0000   30.0000 2859.4341   12.2798
    0.0000  -15.0000   30.0000 2883.2363   12.2370
    7.5000  -15.0000   30.0000 2831.8291   12.5497
   -7.5000   -7.5000   30.0000 2864.7664   12.3557
    0.0000   -7.5000   30.0000 2885.2485   12.3342
    7.5000   -7.5000   30.0000 2835.9175   12.5819
   -7.5000    0.0000   30.0000 2814.4834   12.6649
    0.0000    0.0000   30.0000 2830.5811   12.6431
    7.5000    0.0000   30.0000 2782.1897   12.8988
   -7.5000    7.5000   30.0000 2726.3267   13.2153
    0.0000    7.5000   30.0000 2742.6694   13.1692
    7.5000    7.5000   30.0000 2697.1138   13.4231
   -7.5000   15.0000   30.0000 2604.4038   14.0523
    0.0000   15.0000   30.0000 2621.1877   13.9813
    7.5000   15.0000   30.0000 2582.2014   14.2377
   -7.5000   22.5000   30.0000 2477.9492   15.1216
    0.0000   22.5000   30.0000 2493.7292   15.0833
    7.5000   22.5000   30.0000 2460.6641   15.3613
   -7.5000   30.0000   30.0000 2325.9587   16.6012
    0.0000   30.0000   30.0000 2339.4514   16.5819
    7.5000   30.0000   30.0000 2309.0959   16.8861
   -7.5000   37.5000   30.0000 2167.9429   18.5965
    0.0000   37.5000   30.0000 2179.1516   18.5373
    7.5000   37.5000   30.0000 2153.2463   18.8707
   -7.5000   45.0000   30.0000 1999.0283   21.1415
    0.0000   45.0000   30.0000 2011.4242   21.0617
    7.5000   45.0000   30.0000 1987.0265   21.4972
   -7.5000  -45.0000   37.5000 2407.4055   16.1689
    0.0000  -45.0000   37.5000 2422.8635   16.1288
    7.5000  -45.0000   37.5000 2382.8237   16.4817
   -7.5000  -37.5000   37.5000 2534.2046   14.8005
    0.0000  -37.5000   37.5000 2557.5183   14.7981
    7.5000  -37.5000   37.5000 2511.2131   15.1003
   -7.5000  -30.0000   37.5000 2648.8782   13.8641
    0.0000  -30.0000   37.5000 2674.5283   13.8542
    7.5000  -30.0000   37.5000 2631.6055   14.1359
   -7.5000  -22.5000   37.5000 2741.5176   13.2109
    0.0000  -22.5000   37.5000 2764.9292   13.1910
    7.5000  -22.5000   37.5000 2718.6753   13.4765
   -7.5000  -15.0000   37.5000 2785.7891   12.9666
    0.0000  -15.0000   37.5000 2804.7859   12.9523
    7.5000  -15.0000   37.5000 2762.1689   13.2069
   -7.5000   -7.5000   37.5000 2784.2559   13.0067
    0.0000   -7.5000   37.5000 2806.4436   12.9977
    7.5000   -7.5000   37.5000 2766.1035   13.2201
   -7.5000    0.0000   37.5000 2736.2930   13.2984
    0.0000    0.0000   37.5000 2754.3286   13.2858
    7.5000    0.0000   37.5000 2714.7273   13.5294
   -7.5000    7.5000   37.5000 2657.0452   13.8054
    0.0000    7.5000   37.5000 2676.2461   13.8028
    7.5000    7.5000   37.5000 2634.6624   14.0638
   -7.5000   15.0000   37.5000 2545.2488   14.6360
    0.0000   15.0000   37.5000 2562.3555   14.5960
    7.5000   15.0000   37.5000 2526.3369   14.8436
   -7.5000   22.5000   37.5000 2425.4690   15.6875
    0.0000   22.5000   37.5000 2441.4253   15.6603
    7.5000   22.5000   37.5000 2408.8257   15.9196
   -7.5000   30.0000   37.5000 2281.7793   17.1239
    0.0000   30.0000   37.5000 2295.4426   17.0958
    7.5000   30.0000   37.5000 2265.7017   17.3809
   -7.5000   37.5000   37.5000 2123.9792   19.0341
    0.0000   37.5000   37.5000 2138.4668   18.9947
    7.5000   37.5000   37.5000 2114.4312   19.3254
   -7.5000   45.0000   37.5000 1964.8857   21.5804
    0.0000   45.0000   37.5000 1976.9230   21.5342
    7.5000   45.0000   37.5000 1957.6556   21.9577
   -7.5000  -45.0000   45.0000 2350.7185   17.1397
    0.0000  -45.0000   45.0000 2373.4045   17.0953
    7.5000  -45.0000   45.0000 2333.9729   17.3961
   -7.5000  -37.5000   45.0000 2472.9680   15.7495
    0.0000  -37.5000   45.0000 2498.7620   15.7365
    7.5000  -37.5000   45.0000 2459.7871   16.0080
   -7.5000  -30.0000   45.0000 2581.8308   14.7740
    0.0000  -30.0000   45.0000 2610.5701   14.7554
    7.5000  -30.0000   45.0000 2570.2361   15.0114
   -7.5000  -22.5000   45.0000 2663.1606   14.1183
    0.0000  -22.5000   45.0000 2687.9124   14.1165
    7.5000  -22.5000   45.0000 2648.8149   14.3491
   -7.5000  -15.0000   45.0000 2698.0930   13.8468
    0.0000  -15.0000   45.0000 2718.6030   13.8391
    7.5000  -15.0000   45.0000 2682.8110   14.0596
   -7.5000   -7.5000   45.0000 2689.2048   13.8267
    0.0000   -7.5000   45.0000 2711.1709   13.8224
    7.5000   -7.5000   45.0000 2678.2344   14.0258
   -7.5000    0.0000   45.0000 2641.8145   14.0769
    0.0000    0.0000   45.0000 2658.9009   14.0773
    7.5000    0.0000   45.0000 2632.8777   14.3078
   -7.5000    7.5000   45.0000 2576.0947   14.5855
    0.0000    7.5000   45.0000 2591.4592   14.5714
    7.5000    7.5000   45.0000 2560.1882   14.8232
   -7.5000   15.0000   45.0000 2474.1851   15.3682
    0.0000   15.0000   45.0000 2486.9756   15.3261
    7.5000   15.0000   45.0000 2455.5967   15.5624
   -7.5000   22.5000   45.0000 2360.6140   16.4307
    0.0000   22.5000   45.0000 2370.4595   16.4080
    7.5000   22.5000   45.0000 2345.2029   16.6361
   -7.5000   30.0000   45.0000 2221.5576   17.8364
    0.0000   30.0000   45.0000 2233.1562   17.8482
    7.5000   30.0000   45.0000 2211.3767   18.0994
   -7.5000   37.5000   45.0000 2073.4202   19.7667
    0.0000   37.5000   45.0000 2082.0093   19.7678
    7.5000   37.5000   45.0000 2063.1016   20.0726
   -7.5000   45.0000   45.0000 1927.8333   22.3388
    0.0000   45.0000   45.0000 1932.3884   22.3077
    7.5000   45.0000   45.0000 1920.1873   22.7149

---------------------------------------------------------------------
imgreg_4dfp /opt/freesurfer/average/711-2C_as_mni_average_305 /opt/freesurfer/average/711-2B_as_mni_average_305_mask talsrcimg_g11 none talsrcimg_to_711-2C_as_mni_average_305_t4 1283
---------------------------------------------------------------------

freesurfer imgreg_4dfp.c
/opt/freesurfer/average/711-2C_as_mni_average_305.4dfp.img
       256       256       256         1
  1.000000  1.000000  1.000000
orientation T byte_order littleendian
Reading image: /opt/freesurfer/average/711-2C_as_mni_average_305.4dfp.img
dimensions:      256       256       256
mmppix:       1.0000   -1.0000   -1.0000
center:     128.0000 -129.0000 -129.0000
/opt/freesurfer/average/711-2B_as_mni_average_305_mask.4dfp.img
       256       256       256         1
  1.000000  1.000000  1.000000
orientation T byte_order littleendian
Reading mask: /opt/freesurfer/average/711-2B_as_mni_average_305_mask.4dfp.img (2306576 pixels)
talsrcimg_g11.4dfp.img
       256       256       256         1
  1.000000  1.000000  1.000000
orientation T byte_order littleendian
Reading image: talsrcimg_g11.4dfp.img
dimensions:      256       256       256
mmppix:       1.0000   -1.0000   -1.0000
center:     128.0000 -129.0000 -129.0000
rotation matrix determinant  1.000000
fimgreg.f
image alignment mode   1283 decimal      503 hex
parameters
    0.0000  -15.0000    7.5000    0.0000    0.0000    0.0000
eta,q 0.93796 11.42162
niter,ni,del,rscale     5    3   12.0000    1.2000
parameter  4  1.507826 ->  0.500000 qaram    1.1500
parameter  6  0.549530 ->  0.500000 qaram    1.1500
parameters
   -1.9402  -13.3447   10.4588   -3.4500   -1.6798   -3.4500
eta,q 0.94785 11.35449
  0.0647  0.0772  0.0733  0.0540  0.0558  0.0530
  0.0608  0.0695  0.0667  0.0539  0.0539  0.0521
  0.0592  0.0628  0.0612  0.0553  0.0535  0.0524
  0.0610  0.0592  0.0584  0.0574  0.0541  0.0535
  0.0640  0.0586  0.0573  0.0595  0.0549  0.0553
  0.0708  0.0607  0.0577  0.0618  0.0571  0.0581
  0.0805  0.0646  0.0581  0.0641  0.0614  0.0621
niter,ni,del,rscale     6    3   12.0000    1.2000
parameters
   -2.3332  -11.6843   10.8694   -6.7545   -0.7377   -3.6778
eta,q 0.95073 11.37592
  0.0631  0.0696  0.0583  0.0524  0.0578  0.0553
  0.0562  0.0615  0.0547  0.0503  0.0541  0.0525
  0.0529  0.0555  0.0525  0.0493  0.0512  0.0502
  0.0521  0.0521  0.0513  0.0511  0.0494  0.0493
  0.0544  0.0514  0.0510  0.0551  0.0497  0.0501
  0.0590  0.0530  0.0533  0.0593  0.0513  0.0528
  0.0657  0.0572  0.0570  0.0624  0.0540  0.0564
niter,ni,del,rscale     5    3   12.0000    1.2000
parameters
   -2.6563   -9.6011   10.2445   -9.1566   -0.2419   -3.8946
eta,q 0.95288 11.39127
  0.0626  0.0668  0.0545  0.0505  0.0548  0.0538
  0.0556  0.0600  0.0499  0.0484  0.0516  0.0504
  0.0513  0.0534  0.0480  0.0472  0.0488  0.0480
  0.0493  0.0493  0.0480  0.0479  0.0472  0.0471
  0.0523  0.0480  0.0498  0.0507  0.0476  0.0478
  0.0580  0.0491  0.0530  0.0560  0.0496  0.0506
  0.0654  0.0531  0.0567  0.0610  0.0532  0.0551
niter,ni,del,rscale     4    3   12.0000    1.2000
parameters
   -2.7038   -8.6352    9.7070   -9.9990   -0.1915   -3.9133
eta,q 0.95401 11.39591
  0.0617  0.0621  0.0541  0.0529  0.0532  0.0530
  0.0541  0.0557  0.0481  0.0496  0.0500  0.0497
  0.0493  0.0508  0.0458  0.0469  0.0472  0.0471
  0.0471  0.0471  0.0462  0.0460  0.0460  0.0460
  0.0490  0.0462  0.0481  0.0480  0.0466  0.0465
  0.0542  0.0496  0.0517  0.0522  0.0492  0.0492
  0.0623  0.0559  0.0558  0.0578  0.0535  0.0537
niter,ni,del,rscale     3    3   12.0000    1.2000
parameters
   -2.7191   -8.3675    9.6346  -10.2127   -0.1827   -3.9050
eta,q 0.95416 11.39788
  0.0609  0.0595  0.0557  0.0543  0.0530  0.0529
  0.0529  0.0537  0.0490  0.0506  0.0498  0.0495
  0.0478  0.0490  0.0459  0.0475  0.0471  0.0470
  0.0460  0.0460  0.0458  0.0458  0.0458  0.0458
  0.0479  0.0467  0.0474  0.0470  0.0466  0.0464
  0.0529  0.0514  0.0507  0.0507  0.0492  0.0490
  0.0610  0.0584  0.0548  0.0562  0.0535  0.0534
niter,ni,del,rscale     2    3   12.0000    1.2000
parameters
   -2.7214   -8.2873    9.6166  -10.2741   -0.1820   -3.9032
eta,q 0.95419 11.39846
  0.0608  0.0589  0.0560  0.0547  0.0530  0.0528
  0.0527  0.0532  0.0492  0.0509  0.0498  0.0495
  0.0476  0.0486  0.0459  0.0477  0.0470  0.0469
  0.0458  0.0458  0.0458  0.0458  0.0458  0.0458
  0.0477  0.0470  0.0473  0.0468  0.0465  0.0464
  0.0527  0.0520  0.0506  0.0504  0.0492  0.0490
  0.0608  0.0591  0.0547  0.0558  0.0535  0.0533
niter,ni,del,rscale     1    3   12.0000    1.2000
parameters
   -2.7199   -8.2647    9.6130  -10.2912   -0.1831   -3.9035
eta,q 0.95419 11.39869
  0.0607  0.0587  0.0560  0.0548  0.0530  0.0528
  0.0527  0.0531  0.0492  0.0510  0.0498  0.0495
  0.0476  0.0484  0.0459  0.0478  0.0470  0.0469
  0.0458  0.0458  0.0458  0.0458  0.0458  0.0458
  0.0477  0.0471  0.0473  0.0467  0.0465  0.0464
  0.0526  0.0522  0.0506  0.0504  0.0492  0.0490
  0.0607  0.0594  0.0547  0.0557  0.0535  0.0533
registration optimization eta report
parameter search radius
    6.0000    6.0000    6.0000    6.9000    6.0000    6.9000
100000*second partial in parameter space
       41.       36.       27.       19.       21.       15.
  0.0607  0.0587  0.0560  0.0548  0.0530  0.0528
  0.0527  0.0531  0.0492  0.0510  0.0498  0.0495
  0.0476  0.0484  0.0459  0.0478  0.0470  0.0469
  0.0458  0.0458  0.0458  0.0458  0.0458  0.0458
  0.0477  0.0471  0.0473  0.0467  0.0465  0.0464
  0.0526  0.0522  0.0506  0.0504  0.0492  0.0490
  0.0607  0.0594  0.0547  0.0557  0.0535  0.0533
   -2.7199   -8.2647    9.6130  -10.2912   -0.1831   -3.9035
eta,q 0.95419 11.39869

---------------------------------------------------------------------
imgreg_4dfp /opt/freesurfer/average/711-2C_as_mni_average_305 /opt/freesurfer/average/711-2B_as_mni_average_305_mask talsrcimg_g11 none talsrcimg_to_711-2C_as_mni_average_305_t4 3335
---------------------------------------------------------------------

freesurfer imgreg_4dfp.c
/opt/freesurfer/average/711-2C_as_mni_average_305.4dfp.img
       256       256       256         1
  1.000000  1.000000  1.000000
orientation T byte_order littleendian
Reading image: /opt/freesurfer/average/711-2C_as_mni_average_305.4dfp.img
dimensions:      256       256       256
mmppix:       1.0000   -1.0000   -1.0000
center:     128.0000 -129.0000 -129.0000
/opt/freesurfer/average/711-2B_as_mni_average_305_mask.4dfp.img
       256       256       256         1
  1.000000  1.000000  1.000000
orientation T byte_order littleendian
Reading mask: /opt/freesurfer/average/711-2B_as_mni_average_305_mask.4dfp.img (2306576 pixels)
talsrcimg_g11.4dfp.img
       256       256       256         1
  1.000000  1.000000  1.000000
orientation T byte_order littleendian
Reading image: talsrcimg_g11.4dfp.img
dimensions:      256       256       256
mmppix:       1.0000   -1.0000   -1.0000
center:     128.0000 -129.0000 -129.0000
fimgreg.f
image alignment mode   3335 decimal      D07 hex
parameters
   -2.7199   -8.2647    9.6130   -0.2325   -1.8331   -1.6093
    6.6411    1.5298   -6.8076   17.8022   -0.3195  -17.8650
eta,q 0.95573 11.40845
niter,ni,del,rscale     5    3    5.0000    1.2000
parameter  4  2.176688 ->  0.500000 qaram    1.1500
parameter  5  2.540431 ->  0.500000 qaram    1.1500
parameters
   -2.6275   -8.3828    9.9182   -4.3725   -5.9731   -3.5769
    4.2289    2.3884   -5.2855   15.6429   -0.3924  -18.2986
eta,q 0.96810 10.82314
  0.0473  0.0463  0.0466  0.0354  0.0296  0.0342  0.0338  0.0391  0.0355  0.0337  0.0332  0.0331
  0.0456  0.0451  0.0454  0.0372  0.0319  0.0334  0.0328  0.0359  0.0340  0.0324  0.0324  0.0324
  0.0446  0.0444  0.0446  0.0402  0.0347  0.0329  0.0325  0.0336  0.0329  0.0319  0.0320  0.0320
  0.0443  0.0443  0.0443  0.0442  0.0379  0.0326  0.0328  0.0325  0.0324  0.0323  0.0319  0.0319
  0.0446  0.0446  0.0443  0.0486  0.0417  0.0334  0.0339  0.0327  0.0323  0.0334  0.0321  0.0322
  0.0454  0.0455  0.0448  0.0534  0.0460  0.0359  0.0356  0.0341  0.0327  0.0352  0.0325  0.0326
  0.0467  0.0467  0.0456  0.0583  0.0504  0.0395  0.0377  0.0366  0.0337  0.0378  0.0332  0.0333
niter,ni,del,rscale     6    3    5.0000    1.2000
parameter  4  0.689489 ->  0.500000 qaram    1.3225
parameter  5  1.193095 ->  0.500000 qaram    1.3225
parameters
   -2.2265   -7.9473    9.8395   -9.1335  -10.7341   -2.4489
    4.9009    2.7850   -4.8404   15.8818   -1.3930  -20.6444
eta,q 0.97465 10.45205
  0.0370  0.0355  0.0331  0.0297  0.0248  0.0281  0.0288  0.0309  0.0282  0.0289  0.0264  0.0260
  0.0346  0.0337  0.0323  0.0293  0.0255  0.0271  0.0272  0.0282  0.0269  0.0271  0.0258  0.0255
  0.0328  0.0325  0.0318  0.0298  0.0270  0.0264  0.0262  0.0264  0.0260  0.0261  0.0255  0.0254
  0.0319  0.0318  0.0316  0.0316  0.0293  0.0259  0.0256  0.0256  0.0256  0.0255  0.0255  0.0255
  0.0319  0.0317  0.0319  0.0351  0.0326  0.0254  0.0257  0.0259  0.0257  0.0258  0.0258  0.0259
  0.0327  0.0323  0.0324  0.0397  0.0363  0.0256  0.0265  0.0274  0.0264  0.0268  0.0262  0.0266
  0.0345  0.0336  0.0333  0.0450  0.0406  0.0274  0.0279  0.0300  0.0277  0.0285  0.0269  0.0274
niter,ni,del,rscale     7    3    5.0000    1.2000
parameter  5  0.543165 ->  0.500000 qaram    1.5209
parameters
   -2.1695   -7.6614   10.3152  -11.3407  -16.2092   -1.8425
    5.1716    3.0248   -4.7301   16.5590   -2.1259  -22.3842
eta,q 0.97616 10.10093
  0.0294  0.0291  0.0275  0.0279  0.0249  0.0262  0.0265  0.0283  0.0262  0.0272  0.0247  0.0246
  0.0272  0.0272  0.0264  0.0265  0.0242  0.0252  0.0253  0.0260  0.0250  0.0254  0.0242  0.0240
  0.0259  0.0259  0.0257  0.0256  0.0242  0.0245  0.0244  0.0246  0.0243  0.0243  0.0240  0.0238
  0.0254  0.0254  0.0253  0.0253  0.0254  0.0241  0.0240  0.0240  0.0240  0.0240  0.0240  0.0240
  0.0257  0.0255  0.0253  0.0263  0.0276  0.0237  0.0242  0.0243  0.0242  0.0242  0.0242  0.0243
  0.0270  0.0263  0.0256  0.0293  0.0309  0.0242  0.0250  0.0256  0.0250  0.0249  0.0245  0.0248
  0.0290  0.0276  0.0262  0.0341  0.0353  0.0260  0.0263  0.0278  0.0261  0.0260  0.0249  0.0255
niter,ni,del,rscale     7    3    5.0000    1.2000
parameters
   -2.0828   -7.2998   10.5894  -11.5408  -17.1350   -1.6595
    4.9549    3.1878   -4.8679   17.3124   -2.5515  -22.6692
eta,q 0.97618 10.06001
  0.0275  0.0274  0.0256  0.0275  0.0279  0.0261  0.0261  0.0280  0.0259  0.0270  0.0246  0.0249
  0.0255  0.0256  0.0246  0.0257  0.0259  0.0251  0.0249  0.0258  0.0247  0.0253  0.0241  0.0242
  0.0243  0.0244  0.0240  0.0245  0.0245  0.0244  0.0241  0.0244  0.0240  0.0242  0.0239  0.0239
  0.0238  0.0238  0.0238  0.0238  0.0238  0.0239  0.0238  0.0238  0.0238  0.0238  0.0238  0.0238
  0.0241  0.0239  0.0238  0.0238  0.0245  0.0236  0.0242  0.0242  0.0241  0.0240  0.0240  0.0241
  0.0252  0.0246  0.0242  0.0253  0.0266  0.0243  0.0250  0.0255  0.0249  0.0247  0.0243  0.0245
  0.0270  0.0257  0.0249  0.0287  0.0301  0.0265  0.0264  0.0277  0.0260  0.0258  0.0247  0.0250
niter,ni,del,rscale     6    3    5.0000    1.2000
parameters
   -2.0250   -7.1177   10.5783  -11.6058  -17.4102   -1.5856
    4.8789    3.3142   -4.8613   17.6881   -2.7360  -22.8810
eta,q 0.97617 10.05160
  0.0273  0.0268  0.0252  0.0275  0.0281  0.0261  0.0261  0.0280  0.0259  0.0266  0.0247  0.0250
  0.0254  0.0252  0.0244  0.0258  0.0260  0.0251  0.0249  0.0257  0.0248  0.0250  0.0241  0.0243
  0.0243  0.0242  0.0240  0.0246  0.0246  0.0244  0.0241  0.0243  0.0240  0.0241  0.0239  0.0239
  0.0238  0.0238  0.0238  0.0238  0.0238  0.0238  0.0238  0.0238  0.0238  0.0238  0.0238  0.0238
  0.0241  0.0240  0.0240  0.0238  0.0242  0.0236  0.0241  0.0242  0.0241  0.0241  0.0240  0.0241
  0.0252  0.0247  0.0245  0.0251  0.0260  0.0244  0.0249  0.0255  0.0248  0.0248  0.0243  0.0245
  0.0270  0.0259  0.0252  0.0284  0.0291  0.0267  0.0262  0.0277  0.0258  0.0260  0.0247  0.0250
niter,ni,del,rscale     5    3    5.0000    1.2000
parameters
   -2.0031   -7.0403   10.5482  -11.6495  -17.5473   -1.5804
    4.8329    3.3710   -4.8475   17.8719   -2.8060  -22.9997
eta,q 0.97615 10.04611
  0.0272  0.0265  0.0252  0.0275  0.0282  0.0261  0.0261  0.0279  0.0259  0.0264  0.0247  0.0250
  0.0253  0.0250  0.0244  0.0258  0.0261  0.0251  0.0249  0.0257  0.0248  0.0249  0.0242  0.0243
  0.0242  0.0241  0.0240  0.0246  0.0246  0.0244  0.0241  0.0243  0.0241  0.0241  0.0239  0.0239
  0.0238  0.0238  0.0238  0.0238  0.0238  0.0238  0.0238  0.0238  0.0239  0.0238  0.0239  0.0239
  0.0242  0.0241  0.0240  0.0238  0.0241  0.0236  0.0241  0.0242  0.0241  0.0241  0.0240  0.0241
  0.0253  0.0249  0.0245  0.0251  0.0258  0.0245  0.0249  0.0256  0.0248  0.0248  0.0243  0.0245
  0.0270  0.0261  0.0253  0.0283  0.0289  0.0268  0.0262  0.0278  0.0258  0.0261  0.0247  0.0250
niter,ni,del,rscale     4    3    5.0000    1.2000
parameters
   -1.9939   -7.0001   10.5322  -11.6739  -17.6240   -1.5763
    4.8087    3.3987   -4.8434   17.9767   -2.8482  -23.0655
eta,q 0.97614 10.04305
  0.0271  0.0264  0.0253  0.0275  0.0282  0.0262  0.0261  0.0279  0.0259  0.0263  0.0247  0.0250
  0.0253  0.0250  0.0244  0.0258  0.0261  0.0252  0.0249  0.0257  0.0248  0.0249  0.0242  0.0243
  0.0242  0.0241  0.0240  0.0246  0.0246  0.0244  0.0242  0.0243  0.0241  0.0241  0.0239  0.0239
  0.0239  0.0238  0.0239  0.0239  0.0239  0.0239  0.0239  0.0239  0.0239  0.0239  0.0239  0.0239
  0.0242  0.0241  0.0240  0.0238  0.0241  0.0236  0.0241  0.0243  0.0241  0.0242  0.0240  0.0241
  0.0253  0.0249  0.0245  0.0251  0.0258  0.0245  0.0249  0.0256  0.0248  0.0249  0.0243  0.0245
  0.0271  0.0262  0.0253  0.0283  0.0288  0.0269  0.0262  0.0279  0.0258  0.0261  0.0247  0.0249
niter,ni,del,rscale     3    3    5.0000    1.2000
parameters
   -1.9889   -6.9766   10.5237  -11.6839  -17.6672   -1.5774
    4.7946    3.4150   -4.8403   18.0319   -2.8663  -23.1076
eta,q 0.97613 10.04132
  0.0271  0.0263  0.0253  0.0275  0.0282  0.0262  0.0261  0.0279  0.0259  0.0263  0.0247  0.0250
  0.0253  0.0249  0.0245  0.0258  0.0261  0.0252  0.0250  0.0257  0.0248  0.0249  0.0242  0.0243
  0.0242  0.0241  0.0240  0.0246  0.0246  0.0244  0.0242  0.0243  0.0241  0.0241  0.0239  0.0239
  0.0239  0.0239  0.0239  0.0239  0.0239  0.0239  0.0239  0.0239  0.0239  0.0239  0.0239  0.0239
  0.0242  0.0241  0.0240  0.0238  0.0241  0.0236  0.0241  0.0243  0.0241  0.0242  0.0240  0.0241
  0.0253  0.0249  0.0245  0.0251  0.0257  0.0245  0.0249  0.0256  0.0248  0.0249  0.0243  0.0245
  0.0271  0.0262  0.0253  0.0283  0.0287  0.0269  0.0262  0.0279  0.0258  0.0261  0.0247  0.0249
registration optimization eta report
parameter search radius
    2.4000    2.4000    2.4000    9.5220   10.9503    7.2000
    7.2000    7.2000    7.2000    7.2000    7.2000    7.2000
100000*second partial in parameter space
       56.       41.       25.        5.        4.        5.
        4.        8.        4.        5.        2.        2.
  0.0271  0.0263  0.0253  0.0275  0.0282  0.0262  0.0261  0.0279  0.0259  0.0263  0.0247  0.0250
  0.0253  0.0249  0.0245  0.0258  0.0261  0.0252  0.0250  0.0257  0.0248  0.0249  0.0242  0.0243
  0.0242  0.0241  0.0240  0.0246  0.0246  0.0244  0.0242  0.0243  0.0241  0.0241  0.0239  0.0239
  0.0239  0.0239  0.0239  0.0239  0.0239  0.0239  0.0239  0.0239  0.0239  0.0239  0.0239  0.0239
  0.0242  0.0241  0.0240  0.0238  0.0241  0.0236  0.0241  0.0243  0.0241  0.0242  0.0240  0.0241
  0.0253  0.0249  0.0245  0.0251  0.0257  0.0245  0.0249  0.0256  0.0248  0.0249  0.0243  0.0245
  0.0271  0.0262  0.0253  0.0283  0.0287  0.0269  0.0262  0.0279  0.0258  0.0261  0.0247  0.0249
   -1.9889   -6.9766   10.5237  -11.6839  -17.6672   -1.5774
    4.7946    3.4150   -4.8403   18.0319   -2.8663  -23.1076
eta,q 0.97613 10.04132

---------------------------------------------------------------------
imgreg_4dfp /opt/freesurfer/average/711-2C_as_mni_average_305 /opt/freesurfer/average/711-2B_as_mni_average_305_mask talsrcimg_g11 none talsrcimg_to_711-2C_as_mni_average_305_t4 2311
---------------------------------------------------------------------

freesurfer imgreg_4dfp.c
/opt/freesurfer/average/711-2C_as_mni_average_305.4dfp.img
       256       256       256         1
  1.000000  1.000000  1.000000
orientation T byte_order littleendian
Reading image: /opt/freesurfer/average/711-2C_as_mni_average_305.4dfp.img
dimensions:      256       256       256
mmppix:       1.0000   -1.0000   -1.0000
center:     128.0000 -129.0000 -129.0000
/opt/freesurfer/average/711-2B_as_mni_average_305_mask.4dfp.img
       256       256       256         1
  1.000000  1.000000  1.000000
orientation T byte_order littleendian
Reading mask: /opt/freesurfer/average/711-2B_as_mni_average_305_mask.4dfp.img (2306576 pixels)
talsrcimg_g11.4dfp.img
       256       256       256         1
  1.000000  1.000000  1.000000
orientation T byte_order littleendian
Reading image: talsrcimg_g11.4dfp.img
dimensions:      256       256       256
mmppix:       1.0000   -1.0000   -1.0000
center:     128.0000 -129.0000 -129.0000
fimgreg.f
image alignment mode   2311 decimal      907 hex
parameters
   -1.9889   -6.9766   10.5237  -11.6839  -17.6672   -1.5774
    4.7946    3.4150   -4.8403   18.0319   -2.8663  -23.1076
eta,q 0.97613 10.04132
niter,ni,del,rscale     5    3    5.0000    0.8000
parameters
   -1.9889   -6.9888   10.4894  -10.2422  -16.7548   -0.6896
    4.7174    3.4883   -4.8141   18.1292   -2.4501  -22.9632
eta,q 0.97652 10.18678
  0.0253  0.0249  0.0245  0.0252  0.0249  0.0250  0.0246  0.0256  0.0245  0.0247  0.0241  0.0241
  0.0245  0.0243  0.0241  0.0246  0.0244  0.0245  0.0240  0.0244  0.0239  0.0240  0.0237  0.0238
  0.0240  0.0240  0.0239  0.0242  0.0240  0.0240  0.0236  0.0237  0.0236  0.0236  0.0236  0.0235
  0.0239  0.0239  0.0239  0.0239  0.0237  0.0236  0.0235  0.0235  0.0235  0.0235  0.0235  0.0235
  0.0240  0.0240  0.0240  0.0237  0.0236  0.0234  0.0236  0.0237  0.0236  0.0236  0.0235  0.0236
  0.0245  0.0244  0.0242  0.0238  0.0238  0.0236  0.0240  0.0243  0.0239  0.0239  0.0236  0.0238
  0.0253  0.0249  0.0245  0.0243  0.0243  0.0245  0.0247  0.0255  0.0244  0.0245  0.0239  0.0240
niter,ni,del,rscale     4    3    5.0000    0.7000
parameters
   -2.0237   -7.1305   10.3987  -10.2359  -16.6227   -0.5749
    4.8126    3.4350   -4.8006   17.9140   -2.3259  -22.8843
eta,q 0.97656 10.19431
  0.0246  0.0242  0.0240  0.0243  0.0243  0.0245  0.0244  0.0250  0.0242  0.0242  0.0238  0.0239
  0.0240  0.0238  0.0237  0.0240  0.0239  0.0241  0.0239  0.0241  0.0238  0.0237  0.0236  0.0237
  0.0236  0.0235  0.0235  0.0236  0.0236  0.0238  0.0236  0.0236  0.0235  0.0235  0.0235  0.0235
  0.0235  0.0235  0.0235  0.0235  0.0235  0.0235  0.0234  0.0234  0.0234  0.0234  0.0234  0.0234
  0.0236  0.0236  0.0236  0.0235  0.0235  0.0234  0.0235  0.0236  0.0235  0.0236  0.0235  0.0235
  0.0241  0.0240  0.0238  0.0238  0.0238  0.0238  0.0238  0.0242  0.0238  0.0239  0.0236  0.0237
  0.0248  0.0245  0.0241  0.0245  0.0242  0.0247  0.0243  0.0251  0.0242  0.0244  0.0238  0.0239
niter,ni,del,rscale     3    3    5.0000    0.6000
parameters
   -2.0496   -7.1876   10.4169  -10.1080  -16.4871   -0.3687
    4.8147    3.4299   -4.8125   17.8255   -2.2534  -22.7907
eta,q 0.97660 10.21162
  0.0243  0.0240  0.0239  0.0242  0.0241  0.0243  0.0241  0.0246  0.0240  0.0240  0.0237  0.0238
  0.0238  0.0237  0.0236  0.0238  0.0238  0.0239  0.0237  0.0239  0.0236  0.0237  0.0235  0.0236
  0.0235  0.0235  0.0235  0.0236  0.0235  0.0237  0.0235  0.0235  0.0235  0.0234  0.0234  0.0234
  0.0234  0.0234  0.0234  0.0234  0.0234  0.0234  0.0234  0.0234  0.0234  0.0234  0.0234  0.0234
  0.0236  0.0235  0.0235  0.0235  0.0235  0.0234  0.0235  0.0235  0.0235  0.0235  0.0234  0.0235
  0.0239  0.0238  0.0236  0.0237  0.0237  0.0236  0.0237  0.0239  0.0237  0.0237  0.0235  0.0236
  0.0244  0.0242  0.0238  0.0241  0.0240  0.0243  0.0241  0.0246  0.0240  0.0241  0.0237  0.0237
niter,ni,del,rscale     2    3    5.0000    0.5000
parameters
   -2.0544   -7.2279   10.4290  -10.0062  -16.3979   -0.1723
    4.8200    3.4432   -4.8471   17.7676   -2.2142  -22.7243
eta,q 0.97663 10.22546
  0.0240  0.0238  0.0237  0.0239  0.0238  0.0240  0.0238  0.0242  0.0238  0.0238  0.0236  0.0236
  0.0237  0.0236  0.0235  0.0237  0.0236  0.0238  0.0236  0.0238  0.0235  0.0236  0.0235  0.0235
  0.0235  0.0234  0.0234  0.0235  0.0235  0.0236  0.0234  0.0235  0.0234  0.0234  0.0234  0.0234
  0.0234  0.0234  0.0234  0.0234  0.0234  0.0234  0.0234  0.0234  0.0234  0.0234  0.0234  0.0234
  0.0235  0.0235  0.0234  0.0234  0.0234  0.0234  0.0234  0.0235  0.0234  0.0234  0.0234  0.0234
  0.0237  0.0236  0.0235  0.0236  0.0236  0.0235  0.0236  0.0237  0.0236  0.0236  0.0235  0.0235
  0.0241  0.0239  0.0237  0.0239  0.0238  0.0240  0.0238  0.0242  0.0238  0.0238  0.0236  0.0236
niter,ni,del,rscale     1    3    5.0000    0.4000
parameters
   -2.0583   -7.2562   10.4511   -9.9314  -16.3351    0.0259
    4.8154    3.4581   -4.8489   17.7228   -2.1903  -22.6348
eta,q 0.97665 10.23663
  0.0238  0.0237  0.0236  0.0237  0.0237  0.0238  0.0237  0.0239  0.0236  0.0236  0.0235  0.0235
  0.0236  0.0235  0.0235  0.0236  0.0235  0.0236  0.0235  0.0236  0.0235  0.0235  0.0234  0.0234
  0.0234  0.0234  0.0234  0.0234  0.0234  0.0235  0.0234  0.0234  0.0234  0.0234  0.0234  0.0234
  0.0234  0.0234  0.0234  0.0234  0.0234  0.0234  0.0233  0.0233  0.0233  0.0233  0.0233  0.0233
  0.0234  0.0234  0.0234  0.0234  0.0234  0.0234  0.0234  0.0234  0.0234  0.0234  0.0234  0.0234
  0.0236  0.0235  0.0235  0.0235  0.0235  0.0235  0.0235  0.0236  0.0235  0.0235  0.0234  0.0234
  0.0238  0.0237  0.0236  0.0237  0.0236  0.0238  0.0237  0.0239  0.0236  0.0236  0.0235  0.0235
registration optimization eta report
parameter search radius
    0.8000    0.8000    0.8000    2.4000    2.4000    2.4000
    2.4000    2.4000    2.4000    2.4000    2.4000    2.4000
100000*second partial in parameter space
       65.       47.       31.        6.        5.        8.
        5.       10.        4.        5.        2.        3.
  0.0238  0.0237  0.0236  0.0237  0.0237  0.0238  0.0237  0.0239  0.0236  0.0236  0.0235  0.0235
  0.0236  0.0235  0.0235  0.0236  0.0235  0.0236  0.0235  0.0236  0.0235  0.0235  0.0234  0.0234
  0.0234  0.0234  0.0234  0.0234  0.0234  0.0235  0.0234  0.0234  0.0234  0.0234  0.0234  0.0234
  0.0234  0.0234  0.0234  0.0234  0.0234  0.0234  0.0233  0.0233  0.0233  0.0233  0.0233  0.0233
  0.0234  0.0234  0.0234  0.0234  0.0234  0.0234  0.0234  0.0234  0.0234  0.0234  0.0234  0.0234
  0.0236  0.0235  0.0235  0.0235  0.0235  0.0235  0.0235  0.0236  0.0235  0.0235  0.0234  0.0234
  0.0238  0.0237  0.0236  0.0237  0.0236  0.0238  0.0237  0.0239  0.0236  0.0236  0.0235  0.0235
   -2.0583   -7.2562   10.4511   -9.9314  -16.3351    0.0259
    4.8154    3.4581   -4.8489   17.7228   -2.1903  -22.6348
eta,q 0.97665 10.23663

---------------------------------------------------------------------
imgreg_4dfp /opt/freesurfer/average/711-2C_as_mni_average_305 /opt/freesurfer/average/711-2B_as_mni_average_305_mask talsrcimg_g11 none talsrcimg_to_711-2C_as_mni_average_305_t4 2311
---------------------------------------------------------------------

freesurfer imgreg_4dfp.c
/opt/freesurfer/average/711-2C_as_mni_average_305.4dfp.img
       256       256       256         1
  1.000000  1.000000  1.000000
orientation T byte_order littleendian
Reading image: /opt/freesurfer/average/711-2C_as_mni_average_305.4dfp.img
dimensions:      256       256       256
mmppix:       1.0000   -1.0000   -1.0000
center:     128.0000 -129.0000 -129.0000
/opt/freesurfer/average/711-2B_as_mni_average_305_mask.4dfp.img
       256       256       256         1
  1.000000  1.000000  1.000000
orientation T byte_order littleendian
Reading mask: /opt/freesurfer/average/711-2B_as_mni_average_305_mask.4dfp.img (2306576 pixels)
talsrcimg_g11.4dfp.img
       256       256       256         1
  1.000000  1.000000  1.000000
orientation T byte_order littleendian
Reading image: talsrcimg_g11.4dfp.img
dimensions:      256       256       256
mmppix:       1.0000   -1.0000   -1.0000
center:     128.0000 -129.0000 -129.0000
fimgreg.f
image alignment mode   2311 decimal      907 hex
parameters
   -2.0583   -7.2562   10.4511   -9.9314  -16.3351    0.0259
    4.8154    3.4581   -4.8489   17.7228   -2.1903  -22.6348
eta,q 0.97665 10.23664
niter,ni,del,rscale     5    3    5.0000    0.8000
parameters
   -2.0639   -7.2635   10.5149  -10.3923  -16.5678   -0.6350
    4.9322    3.3144   -4.7917   17.6046   -2.3062  -22.6150
eta,q 0.97654 10.18177
  0.0250  0.0246  0.0242  0.0244  0.0243  0.0245  0.0247  0.0254  0.0245  0.0246  0.0239  0.0241
  0.0241  0.0239  0.0237  0.0239  0.0238  0.0240  0.0240  0.0243  0.0239  0.0239  0.0236  0.0237
  0.0235  0.0235  0.0235  0.0235  0.0235  0.0237  0.0236  0.0237  0.0236  0.0235  0.0235  0.0235
  0.0233  0.0233  0.0233  0.0234  0.0234  0.0234  0.0235  0.0235  0.0235  0.0235  0.0235  0.0235
  0.0235  0.0235  0.0234  0.0235  0.0235  0.0235  0.0236  0.0237  0.0236  0.0236  0.0235  0.0236
  0.0241  0.0239  0.0237  0.0241  0.0239  0.0243  0.0239  0.0244  0.0239  0.0240  0.0237  0.0238
  0.0250  0.0246  0.0241  0.0251  0.0246  0.0258  0.0246  0.0257  0.0244  0.0246  0.0239  0.0240
niter,ni,del,rscale     4    3    5.0000    0.7000
parameters
   -2.0590   -7.2276   10.4638  -10.2167  -16.4721   -0.5991
    4.8745    3.3661   -4.8055   17.6465   -2.2837  -22.6998
eta,q 0.97656 10.19687
  0.0247  0.0244  0.0240  0.0244  0.0243  0.0244  0.0243  0.0251  0.0242  0.0243  0.0238  0.0239
  0.0240  0.0239  0.0237  0.0240  0.0239  0.0240  0.0238  0.0242  0.0238  0.0238  0.0236  0.0236
  0.0236  0.0236  0.0235  0.0237  0.0236  0.0237  0.0235  0.0236  0.0235  0.0235  0.0235  0.0235
  0.0235  0.0235  0.0235  0.0235  0.0234  0.0234  0.0234  0.0234  0.0234  0.0234  0.0234  0.0234
  0.0236  0.0235  0.0235  0.0235  0.0235  0.0234  0.0235  0.0236  0.0235  0.0236  0.0235  0.0235
  0.0240  0.0238  0.0237  0.0238  0.0238  0.0237  0.0239  0.0241  0.0238  0.0238  0.0236  0.0237
  0.0247  0.0243  0.0240  0.0244  0.0243  0.0247  0.0244  0.0250  0.0242  0.0243  0.0238  0.0239
niter,ni,del,rscale     3    3    5.0000    0.6000
parameters
   -2.0564   -7.2371   10.4356  -10.0975  -16.4159   -0.3802
    4.8406    3.4074   -4.8269   17.7134   -2.2430  -22.7032
eta,q 0.97660 10.21335
  0.0244  0.0241  0.0238  0.0241  0.0240  0.0242  0.0241  0.0246  0.0240  0.0241  0.0237  0.0238
  0.0238  0.0237  0.0236  0.0238  0.0237  0.0239  0.0237  0.0240  0.0236  0.0237  0.0235  0.0235
  0.0235  0.0235  0.0235  0.0236  0.0235  0.0236  0.0235  0.0235  0.0235  0.0235  0.0234  0.0234
  0.0234  0.0234  0.0234  0.0234  0.0234  0.0234  0.0234  0.0234  0.0234  0.0234  0.0234  0.0234
  0.0235  0.0235  0.0235  0.0235  0.0235  0.0234  0.0235  0.0235  0.0235  0.0235  0.0234  0.0235
  0.0238  0.0238  0.0236  0.0237  0.0237  0.0236  0.0237  0.0239  0.0237  0.0237  0.0235  0.0236
  0.0244  0.0241  0.0239  0.0241  0.0241  0.0242  0.0241  0.0246  0.0240  0.0240  0.0237  0.0237
niter,ni,del,rscale     2    3    5.0000    0.5000
parameters
   -2.0600   -7.2499   10.4420   -9.9989  -16.3587   -0.1681
    4.8404    3.4318   -4.8309   17.7184   -2.2435  -22.6600
eta,q 0.97663 10.22686
  0.0240  0.0239  0.0237  0.0239  0.0238  0.0240  0.0238  0.0242  0.0238  0.0238  0.0236  0.0236
  0.0237  0.0236  0.0235  0.0237  0.0236  0.0238  0.0236  0.0238  0.0235  0.0236  0.0235  0.0235
  0.0235  0.0234  0.0234  0.0235  0.0235  0.0236  0.0234  0.0235  0.0234  0.0234  0.0234  0.0234
  0.0234  0.0234  0.0234  0.0234  0.0234  0.0234  0.0234  0.0234  0.0234  0.0234  0.0234  0.0234
  0.0235  0.0235  0.0234  0.0234  0.0234  0.0234  0.0234  0.0234  0.0234  0.0234  0.0234  0.0234
  0.0237  0.0236  0.0235  0.0236  0.0236  0.0235  0.0236  0.0237  0.0235  0.0236  0.0235  0.0235
  0.0241  0.0239  0.0237  0.0239  0.0238  0.0240  0.0238  0.0242  0.0238  0.0238  0.0236  0.0236
niter,ni,del,rscale     1    3    5.0000    0.4000
parameters
   -2.0616   -7.2665   10.4542   -9.9322  -16.3235    0.0230
    4.8216    3.4541   -4.8473   17.6930   -2.1776  -22.6175
eta,q 0.97665 10.23650
  0.0238  0.0237  0.0236  0.0237  0.0237  0.0238  0.0236  0.0239  0.0236  0.0236  0.0235  0.0235
  0.0236  0.0235  0.0235  0.0236  0.0235  0.0236  0.0235  0.0236  0.0235  0.0235  0.0234  0.0234
  0.0234  0.0234  0.0234  0.0234  0.0234  0.0235  0.0234  0.0234  0.0234  0.0234  0.0234  0.0234
  0.0234  0.0234  0.0234  0.0234  0.0234  0.0234  0.0233  0.0233  0.0234  0.0233  0.0233  0.0234
  0.0234  0.0234  0.0234  0.0234  0.0234  0.0234  0.0234  0.0234  0.0234  0.0234  0.0234  0.0234
  0.0236  0.0235  0.0235  0.0235  0.0235  0.0235  0.0235  0.0236  0.0235  0.0235  0.0234  0.0234
  0.0238  0.0237  0.0236  0.0237  0.0237  0.0238  0.0237  0.0239  0.0236  0.0236  0.0235  0.0235
registration optimization eta report
parameter search radius
    0.8000    0.8000    0.8000    2.4000    2.4000    2.4000
    2.4000    2.4000    2.4000    2.4000    2.4000    2.4000
100000*second partial in parameter space
       65.       48.       31.        6.        5.        8.
        5.       10.        4.        5.        2.        3.
  0.0238  0.0237  0.0236  0.0237  0.0237  0.0238  0.0236  0.0239  0.0236  0.0236  0.0235  0.0235
  0.0236  0.0235  0.0235  0.0236  0.0235  0.0236  0.0235  0.0236  0.0235  0.0235  0.0234  0.0234
  0.0234  0.0234  0.0234  0.0234  0.0234  0.0235  0.0234  0.0234  0.0234  0.0234  0.0234  0.0234
  0.0234  0.0234  0.0234  0.0234  0.0234  0.0234  0.0233  0.0233  0.0234  0.0233  0.0233  0.0234
  0.0234  0.0234  0.0234  0.0234  0.0234  0.0234  0.0234  0.0234  0.0234  0.0234  0.0234  0.0234
  0.0236  0.0235  0.0235  0.0235  0.0235  0.0235  0.0235  0.0236  0.0235  0.0235  0.0234  0.0234
  0.0238  0.0237  0.0236  0.0237  0.0237  0.0238  0.0237  0.0239  0.0236  0.0236  0.0235  0.0235
   -2.0616   -7.2665   10.4542   -9.9322  -16.3235    0.0230
    4.8216    3.4541   -4.8473   17.6930   -2.1776  -22.6175
eta,q 0.97665 10.23650

---------------------------------------------------------------------
compute_vox2vox talsrcimg talsrcimg_to_711-2C_as_mni_average_305_t4 /opt/freesurfer/average/711-2C_as_mni_average_305
---------------------------------------------------------------------

freesurfer compute_vox2vox.c
Reading: talsrcimg.4dfp.ifh
Reading: talsrcimg_to_711-2C_as_mni_average_305_t4
Reading: /opt/freesurfer/average/711-2C_as_mni_average_305.4dfp.ifh
Writing: talsrcimg_to_711-2C_as_mni_average_305_t4_vox2vox.txt

start time Wed Feb 25 14:06:45 CET 2026
end		time Wed Feb 25 14:07:05 CET 2026

mpr2mni305 success

avi2talxfm orig_nu.mgz /opt/freesurfer/average/mni305.cor.mgz talsrcimg_to_711-2C_as_mni_average_305_t4_vox2vox.txt transforms/talairach.auto.xfm
avi2talxfm done
mv -f /out/sourcedata/freesurfer/sub-v1s10x0050965_ses-1/mri/talsrcimg_to_711-2C_as_mni_average_305_t4_vox2vox.txt /out/sourcedata/freesurfer/sub-v1s10x0050965_ses-1/mri/transforms/talsrcimg_to_711-2C_as_mni_average_305_t4_vox2vox.txt
lta_convert --src orig_nu.mgz --trg /opt/freesurfer/average/mni305.cor.mgz --inxfm transforms/talairach.auto.xfm --outlta transforms/talairach.auto.xfm.lta --subject fsaverage
7.3.2

--src: orig_nu.mgz src image (geometry).
--trg: /opt/freesurfer/average/mni305.cor.mgz trg image (geometry).
--inmni: transforms/talairach.auto.xfm input MNI/XFM transform.
--outlta: transforms/talairach.auto.xfm.lta output LTA.
--s: fsaverage subject name
 LTA read, type : 1
 1.10585  -0.02569  -0.07067  -2.52481;
 0.03680   0.95329   0.25555  -9.81564;
 0.05628  -0.20306   1.13695   7.47885;
 0.00000   0.00000   0.00000   1.00000;
setting subject to fsaverage
Writing  LTA to file transforms/talairach.auto.xfm.lta...
lta_convert successful.
 
 
Started at Wed Feb 25 14:06:44 CET 2026
Ended   at Wed Feb 25 14:07:06 CET 2026
talairach_avi done
