status file for recon-all
Sat Mar  7 10:14:23 CET 2026
#@# Tessellate lh Sat Mar  7 10:14:23 CET 2026
#@# Smooth1 lh Sat Mar  7 10:14:25 CET 2026
#@# Inflation1 lh Sat Mar  7 10:14:28 CET 2026
#@# QSphere lh Sat Mar  7 10:14:41 CET 2026
#@# Fix Topology lh Sat Mar  7 10:15:39 CET 2026
#@# Smooth2 lh Sat Mar  7 10:20:45 CET 2026
#@# Inflation2 lh Sat Mar  7 10:20:47 CET 2026
#@# Curv .H and .K lh Sat Mar  7 10:21:01 CET 2026
#@# Sphere lh Sat Mar  7 10:21:39 CET 2026
#@# Surf Reg lh Sat Mar  7 10:24:58 CET 2026
#@# Jacobian white lh Sat Mar  7 10:29:18 CET 2026
#@# AvgCurv lh Sat Mar  7 10:29:19 CET 2026
#@# Cortical Parc lh Sat Mar  7 10:29:20 CET 2026
#@# white curv lh Sat Mar  7 10:34:48 CET 2026
#@# white area lh Sat Mar  7 10:34:50 CET 2026
#@# pial curv lh Sat Mar  7 10:34:50 CET 2026
#@# pial area lh Sat Mar  7 10:34:52 CET 2026
#@# thickness lh Sat Mar  7 10:34:52 CET 2026
#@# area and vertex vol lh Sat Mar  7 10:35:15 CET 2026
#@# Curvature Stats lh Sat Mar  7 10:35:17 CET 2026
#@# Cortical Parc 2 lh Sat Mar  7 10:35:19 CET 2026
#@# Cortical Parc 3 lh Sat Mar  7 10:35:29 CET 2026
#@# WM/GM Contrast lh Sat Mar  7 10:35:37 CET 2026
recon-all -s sub-v1s20x0050301_ses-1 finished without error at Sat Mar  7 10:35:39 CET 2026



#New# invocation of recon-all 



status file for recon-all
Sat Mar  7 11:01:32 CET 2026
#@# white curv lh Sat Mar  7 11:01:32 CET 2026
#@# white area lh Sat Mar  7 11:01:32 CET 2026
#@# pial curv lh Sat Mar  7 11:01:32 CET 2026
#@# pial area lh Sat Mar  7 11:01:32 CET 2026
#@# thickness lh Sat Mar  7 11:01:32 CET 2026
#@# area and vertex vol lh Sat Mar  7 11:01:32 CET 2026
#@# Parcellation Stats lh Sat Mar  7 11:01:32 CET 2026
#@# Parcellation Stats 2 lh Sat Mar  7 11:01:47 CET 2026
#@# Parcellation Stats 3 lh Sat Mar  7 11:01:56 CET 2026
#@# BA_exvivo Labels lh Sat Mar  7 11:02:04 CET 2026
recon-all -s sub-v1s20x0050301_ses-1 finished without error at Sat Mar  7 11:04:15 CET 2026
