status file for recon-all
Fri Mar  6 23:23:43 CET 2026
#@# Tessellate lh Fri Mar  6 23:23:43 CET 2026
#@# Smooth1 lh Fri Mar  6 23:23:48 CET 2026
#@# Inflation1 lh Fri Mar  6 23:23:50 CET 2026
#@# QSphere lh Fri Mar  6 23:24:05 CET 2026
#@# Fix Topology lh Fri Mar  6 23:25:24 CET 2026
#@# Smooth2 lh Fri Mar  6 23:34:05 CET 2026
#@# Inflation2 lh Fri Mar  6 23:34:07 CET 2026
#@# Curv .H and .K lh Fri Mar  6 23:34:24 CET 2026
#@# Sphere lh Fri Mar  6 23:35:08 CET 2026
#@# Surf Reg lh Fri Mar  6 23:43:05 CET 2026
#@# Jacobian white lh Fri Mar  6 23:50:02 CET 2026
#@# AvgCurv lh Fri Mar  6 23:50:03 CET 2026
#@# Cortical Parc lh Fri Mar  6 23:50:04 CET 2026
#@# white curv lh Fri Mar  6 23:56:09 CET 2026
#@# white area lh Fri Mar  6 23:56:11 CET 2026
#@# pial curv lh Fri Mar  6 23:56:12 CET 2026
#@# pial area lh Fri Mar  6 23:56:13 CET 2026
#@# thickness lh Fri Mar  6 23:56:14 CET 2026
#@# area and vertex vol lh Fri Mar  6 23:56:42 CET 2026
#@# Curvature Stats lh Fri Mar  6 23:56:44 CET 2026
#@# Cortical Parc 2 lh Fri Mar  6 23:56:46 CET 2026
#@# Cortical Parc 3 lh Fri Mar  6 23:56:58 CET 2026
#@# WM/GM Contrast lh Fri Mar  6 23:57:08 CET 2026
recon-all -s sub-v1s12x0050136_ses-1 finished without error at Fri Mar  6 23:57:11 CET 2026



#New# invocation of recon-all 



status file for recon-all
Sat Mar  7 00:27:38 CET 2026
#@# white curv lh Sat Mar  7 00:27:38 CET 2026
#@# white area lh Sat Mar  7 00:27:38 CET 2026
#@# pial curv lh Sat Mar  7 00:27:38 CET 2026
#@# pial area lh Sat Mar  7 00:27:38 CET 2026
#@# thickness lh Sat Mar  7 00:27:38 CET 2026
#@# area and vertex vol lh Sat Mar  7 00:27:38 CET 2026
#@# Parcellation Stats lh Sat Mar  7 00:27:38 CET 2026
#@# Parcellation Stats 2 lh Sat Mar  7 00:27:54 CET 2026
#@# Parcellation Stats 3 lh Sat Mar  7 00:28:03 CET 2026
#@# BA_exvivo Labels lh Sat Mar  7 00:28:12 CET 2026
recon-all -s sub-v1s12x0050136_ses-1 finished without error at Sat Mar  7 00:30:40 CET 2026
