status file for recon-all
Sat Mar  7 06:45:13 CET 2026
#@# Tessellate rh Sat Mar  7 06:45:13 CET 2026
#@# Smooth1 rh Sat Mar  7 06:45:17 CET 2026
#@# Inflation1 rh Sat Mar  7 06:45:20 CET 2026
#@# QSphere rh Sat Mar  7 06:45:31 CET 2026
#@# Fix Topology rh Sat Mar  7 06:46:48 CET 2026
#@# Smooth2 rh Sat Mar  7 06:52:29 CET 2026
#@# Inflation2 rh Sat Mar  7 06:52:33 CET 2026
#@# Curv .H and .K rh Sat Mar  7 06:52:47 CET 2026
#@# Sphere rh Sat Mar  7 06:53:42 CET 2026
#@# Surf Reg rh Sat Mar  7 06:57:41 CET 2026
#@# Jacobian white rh Sat Mar  7 07:01:54 CET 2026
#@# AvgCurv rh Sat Mar  7 07:01:55 CET 2026
#@# Cortical Parc rh Sat Mar  7 07:01:56 CET 2026
#@# white curv rh Sat Mar  7 07:08:53 CET 2026
#@# white area rh Sat Mar  7 07:08:55 CET 2026
#@# pial curv rh Sat Mar  7 07:08:56 CET 2026
#@# pial area rh Sat Mar  7 07:08:58 CET 2026
#@# thickness rh Sat Mar  7 07:08:58 CET 2026
#@# area and vertex vol rh Sat Mar  7 07:09:34 CET 2026
#@# Curvature Stats rh Sat Mar  7 07:09:36 CET 2026
#@# Cortical Parc 2 rh Sat Mar  7 07:09:39 CET 2026
#@# Cortical Parc 3 rh Sat Mar  7 07:09:54 CET 2026
#@# WM/GM Contrast rh Sat Mar  7 07:10:05 CET 2026
recon-all -s sub-v1s19x0051294_ses-1 finished without error at Sat Mar  7 07:10:08 CET 2026



#New# invocation of recon-all 



status file for recon-all
Sat Mar  7 07:22:50 CET 2026
#@# white curv rh Sat Mar  7 07:22:50 CET 2026
#@# white area rh Sat Mar  7 07:22:50 CET 2026
#@# pial curv rh Sat Mar  7 07:22:50 CET 2026
#@# pial area rh Sat Mar  7 07:22:50 CET 2026
#@# thickness rh Sat Mar  7 07:22:50 CET 2026
#@# area and vertex vol rh Sat Mar  7 07:22:50 CET 2026
#@# Parcellation Stats rh Sat Mar  7 07:22:50 CET 2026
#@# Parcellation Stats 2 rh Sat Mar  7 07:23:14 CET 2026
#@# Parcellation Stats 3 rh Sat Mar  7 07:23:26 CET 2026
#@# BA_exvivo Labels rh Sat Mar  7 07:23:38 CET 2026
recon-all -s sub-v1s19x0051294_ses-1 finished without error at Sat Mar  7 07:26:27 CET 2026
