status file for recon-all
Wed Mar  4 03:10:15 CET 2026
#@# Tessellate lh Wed Mar  4 03:10:15 CET 2026
#@# Smooth1 lh Wed Mar  4 03:10:20 CET 2026
#@# Inflation1 lh Wed Mar  4 03:10:23 CET 2026
#@# QSphere lh Wed Mar  4 03:10:36 CET 2026
#@# Fix Topology lh Wed Mar  4 03:12:06 CET 2026
#@# Smooth2 lh Wed Mar  4 03:20:07 CET 2026
#@# Inflation2 lh Wed Mar  4 03:20:09 CET 2026
#@# Curv .H and .K lh Wed Mar  4 03:20:24 CET 2026
#@# Sphere lh Wed Mar  4 03:21:08 CET 2026
#@# Surf Reg lh Wed Mar  4 03:29:09 CET 2026
#@# Jacobian white lh Wed Mar  4 03:36:01 CET 2026
#@# AvgCurv lh Wed Mar  4 03:36:02 CET 2026
#@# Cortical Parc lh Wed Mar  4 03:36:03 CET 2026
#@# white curv lh Wed Mar  4 03:42:06 CET 2026
#@# white area lh Wed Mar  4 03:42:07 CET 2026
#@# pial curv lh Wed Mar  4 03:42:08 CET 2026
#@# pial area lh Wed Mar  4 03:42:10 CET 2026
#@# thickness lh Wed Mar  4 03:42:11 CET 2026
#@# area and vertex vol lh Wed Mar  4 03:42:44 CET 2026
#@# Curvature Stats lh Wed Mar  4 03:42:46 CET 2026
#@# Cortical Parc 2 lh Wed Mar  4 03:42:49 CET 2026
#@# Cortical Parc 3 lh Wed Mar  4 03:43:01 CET 2026
#@# WM/GM Contrast lh Wed Mar  4 03:43:11 CET 2026
recon-all -s sub-v1s23x0050573_ses-1 finished without error at Wed Mar  4 03:43:14 CET 2026



#New# invocation of recon-all 



status file for recon-all
Wed Mar  4 04:24:55 CET 2026
#@# white curv lh Wed Mar  4 04:24:56 CET 2026
#@# white area lh Wed Mar  4 04:24:56 CET 2026
#@# pial curv lh Wed Mar  4 04:24:56 CET 2026
#@# pial area lh Wed Mar  4 04:24:56 CET 2026
#@# thickness lh Wed Mar  4 04:24:56 CET 2026
#@# area and vertex vol lh Wed Mar  4 04:24:56 CET 2026
#@# Parcellation Stats lh Wed Mar  4 04:24:56 CET 2026
#@# Parcellation Stats 2 lh Wed Mar  4 04:25:19 CET 2026
#@# Parcellation Stats 3 lh Wed Mar  4 04:25:31 CET 2026
#@# BA_exvivo Labels lh Wed Mar  4 04:25:43 CET 2026
recon-all -s sub-v1s23x0050573_ses-1 finished without error at Wed Mar  4 04:29:08 CET 2026
