status file for recon-all
Mon Feb 23 21:00:05 CET 2026
#@# Tessellate rh Mon Feb 23 21:00:05 CET 2026
#@# Smooth1 rh Mon Feb 23 21:00:10 CET 2026
#@# Inflation1 rh Mon Feb 23 21:00:13 CET 2026
#@# QSphere rh Mon Feb 23 21:00:33 CET 2026
#@# Fix Topology rh Mon Feb 23 21:02:47 CET 2026
#@# Smooth2 rh Mon Feb 23 21:10:54 CET 2026
#@# Inflation2 rh Mon Feb 23 21:10:58 CET 2026
#@# Curv .H and .K rh Mon Feb 23 21:11:18 CET 2026
#@# Sphere rh Mon Feb 23 21:12:10 CET 2026
#@# Surf Reg rh Mon Feb 23 21:17:46 CET 2026
#@# Jacobian white rh Mon Feb 23 21:24:44 CET 2026
#@# AvgCurv rh Mon Feb 23 21:24:46 CET 2026
#@# Cortical Parc rh Mon Feb 23 21:24:47 CET 2026
#@# white curv rh Mon Feb 23 21:32:42 CET 2026
#@# white area rh Mon Feb 23 21:32:45 CET 2026
#@# pial curv rh Mon Feb 23 21:32:46 CET 2026
#@# pial area rh Mon Feb 23 21:32:48 CET 2026
#@# thickness rh Mon Feb 23 21:32:49 CET 2026
#@# area and vertex vol rh Mon Feb 23 21:33:29 CET 2026
#@# Curvature Stats rh Mon Feb 23 21:33:32 CET 2026
#@# Cortical Parc 2 rh Mon Feb 23 21:33:35 CET 2026
#@# Cortical Parc 3 rh Mon Feb 23 21:33:53 CET 2026
#@# WM/GM Contrast rh Mon Feb 23 21:34:05 CET 2026
recon-all -s sub-v1s0x0050646_ses-1 finished without error at Mon Feb 23 21:34:10 CET 2026



#New# invocation of recon-all 



status file for recon-all
Mon Feb 23 21:46:18 CET 2026
#@# white curv rh Mon Feb 23 21:46:18 CET 2026
#@# white area rh Mon Feb 23 21:46:18 CET 2026
#@# pial curv rh Mon Feb 23 21:46:19 CET 2026
#@# pial area rh Mon Feb 23 21:46:19 CET 2026
#@# thickness rh Mon Feb 23 21:46:19 CET 2026
#@# area and vertex vol rh Mon Feb 23 21:46:19 CET 2026
#@# Parcellation Stats rh Mon Feb 23 21:46:19 CET 2026
#@# Parcellation Stats 2 rh Mon Feb 23 21:46:53 CET 2026
#@# Parcellation Stats 3 rh Mon Feb 23 21:47:12 CET 2026
#@# BA_exvivo Labels rh Mon Feb 23 21:47:29 CET 2026
recon-all -s sub-v1s0x0050646_ses-1 finished without error at Mon Feb 23 21:51:39 CET 2026
