status file for recon-all
Wed Feb 25 19:45:14 CET 2026
#@# Tessellate rh Wed Feb 25 19:45:14 CET 2026
#@# Smooth1 rh Wed Feb 25 19:45:18 CET 2026
#@# Inflation1 rh Wed Feb 25 19:45:21 CET 2026
#@# QSphere rh Wed Feb 25 19:45:33 CET 2026
#@# Fix Topology rh Wed Feb 25 19:47:06 CET 2026
#@# Smooth2 rh Wed Feb 25 19:53:50 CET 2026
#@# Inflation2 rh Wed Feb 25 19:53:53 CET 2026
#@# Curv .H and .K rh Wed Feb 25 19:54:08 CET 2026
#@# Sphere rh Wed Feb 25 19:54:51 CET 2026
#@# Surf Reg rh Wed Feb 25 19:59:39 CET 2026
#@# Jacobian white rh Wed Feb 25 20:03:57 CET 2026
#@# AvgCurv rh Wed Feb 25 20:03:58 CET 2026
#@# Cortical Parc rh Wed Feb 25 20:03:59 CET 2026
#@# white curv rh Wed Feb 25 20:10:54 CET 2026
#@# white area rh Wed Feb 25 20:10:56 CET 2026
#@# pial curv rh Wed Feb 25 20:10:57 CET 2026
#@# pial area rh Wed Feb 25 20:10:59 CET 2026
#@# thickness rh Wed Feb 25 20:11:00 CET 2026
#@# area and vertex vol rh Wed Feb 25 20:11:31 CET 2026
#@# Curvature Stats rh Wed Feb 25 20:11:33 CET 2026
#@# Cortical Parc 2 rh Wed Feb 25 20:11:35 CET 2026
#@# Cortical Parc 3 rh Wed Feb 25 20:11:49 CET 2026
#@# WM/GM Contrast rh Wed Feb 25 20:11:59 CET 2026
recon-all -s sub-v1s10x0050966_ses-1 finished without error at Wed Feb 25 20:12:02 CET 2026



#New# invocation of recon-all 



status file for recon-all
Wed Feb 25 20:21:48 CET 2026
#@# white curv rh Wed Feb 25 20:21:49 CET 2026
#@# white area rh Wed Feb 25 20:21:49 CET 2026
#@# pial curv rh Wed Feb 25 20:21:49 CET 2026
#@# pial area rh Wed Feb 25 20:21:49 CET 2026
#@# thickness rh Wed Feb 25 20:21:49 CET 2026
#@# area and vertex vol rh Wed Feb 25 20:21:49 CET 2026
#@# Parcellation Stats rh Wed Feb 25 20:21:49 CET 2026
#@# Parcellation Stats 2 rh Wed Feb 25 20:22:13 CET 2026
#@# Parcellation Stats 3 rh Wed Feb 25 20:22:26 CET 2026
#@# BA_exvivo Labels rh Wed Feb 25 20:22:38 CET 2026
recon-all -s sub-v1s10x0050966_ses-1 finished without error at Wed Feb 25 20:25:56 CET 2026
