status file for recon-all
Mon Feb 23 09:58:06 CET 2026
#@# Tessellate rh Mon Feb 23 09:58:06 CET 2026
#@# Smooth1 rh Mon Feb 23 09:58:10 CET 2026
#@# Inflation1 rh Mon Feb 23 09:58:13 CET 2026
#@# QSphere rh Mon Feb 23 09:58:29 CET 2026
#@# Fix Topology rh Mon Feb 23 10:00:42 CET 2026
#@# Smooth2 rh Mon Feb 23 10:06:28 CET 2026
#@# Inflation2 rh Mon Feb 23 10:06:32 CET 2026
#@# Curv .H and .K rh Mon Feb 23 10:06:50 CET 2026
#@# Sphere rh Mon Feb 23 10:07:43 CET 2026
#@# Surf Reg rh Mon Feb 23 10:12:52 CET 2026
#@# Jacobian white rh Mon Feb 23 10:18:38 CET 2026
#@# AvgCurv rh Mon Feb 23 10:18:39 CET 2026
#@# Cortical Parc rh Mon Feb 23 10:18:40 CET 2026
#@# white curv rh Mon Feb 23 10:25:31 CET 2026
#@# white area rh Mon Feb 23 10:25:34 CET 2026
#@# pial curv rh Mon Feb 23 10:25:35 CET 2026
#@# pial area rh Mon Feb 23 10:25:37 CET 2026
#@# thickness rh Mon Feb 23 10:25:38 CET 2026
#@# area and vertex vol rh Mon Feb 23 10:26:18 CET 2026
#@# Curvature Stats rh Mon Feb 23 10:26:20 CET 2026
#@# Cortical Parc 2 rh Mon Feb 23 10:26:23 CET 2026
#@# Cortical Parc 3 rh Mon Feb 23 10:26:40 CET 2026
#@# WM/GM Contrast rh Mon Feb 23 10:26:53 CET 2026
recon-all -s sub-v2s0x29006_ses-1 finished without error at Mon Feb 23 10:26:56 CET 2026



#New# invocation of recon-all 



status file for recon-all
Mon Feb 23 10:39:04 CET 2026
#@# white curv rh Mon Feb 23 10:39:05 CET 2026
#@# white area rh Mon Feb 23 10:39:05 CET 2026
#@# pial curv rh Mon Feb 23 10:39:05 CET 2026
#@# pial area rh Mon Feb 23 10:39:05 CET 2026
#@# thickness rh Mon Feb 23 10:39:05 CET 2026
#@# area and vertex vol rh Mon Feb 23 10:39:05 CET 2026
#@# Parcellation Stats rh Mon Feb 23 10:39:05 CET 2026
#@# Parcellation Stats 2 rh Mon Feb 23 10:39:36 CET 2026
#@# Parcellation Stats 3 rh Mon Feb 23 10:39:52 CET 2026
#@# BA_exvivo Labels rh Mon Feb 23 10:40:08 CET 2026
recon-all -s sub-v2s0x29006_ses-1 finished without error at Mon Feb 23 10:44:04 CET 2026
