/out/sourcedata/freesurfer/sub-v1s20x0050301_ses-1/mri
/opt/freesurfer/bin/talairach_avi
--i orig_nu.mgz --xfm transforms/talairach.auto.xfm
talairach_avi 7.3.2
Linux dna079 5.14.0-427.37.1.el9_4.x86_64 #1 SMP PREEMPT_DYNAMIC Fri Sep 13 12:41:50 EDT 2024 x86_64 x86_64 x86_64 GNU/Linux
Sat Mar  7 08:54:47 CET 2026
mri_convert orig_nu.mgz talsrcimg.img 
reading from orig_nu.mgz...
TR=0.00, TE=0.00, TI=0.00, flip angle=0.00
i_ras = (-1, 0, 0)
j_ras = (0, 0, -1)
k_ras = (0, 1, 0)
writing to talsrcimg.img...
Analyze Output Matrix
-1.00000   0.00000   0.00000   129.50778;
 0.00000   0.00000   1.00000  -128.49219;
 0.00000  -1.00000   0.00000   129.70001;
 0.00000   0.00000   0.00000   1.00000;
--------------------
INFO: set hdr.hist.orient to -1
mpr2mni305 talsrcimg
Sat Mar  7 08:54:47 CET 2026
/opt/freesurfer/bin/mpr2mni305 talsrcimg
mpr2mni305 7.3.2
target=711-2C_as_mni_average_305

---------------------------------------------------------------------
analyzeto4dfp talsrcimg -O0 -y
---------------------------------------------------------------------

freesurfer ifh2hdr.c
Sat Mar  7 08:54:47 2026
Writing: talsrcimg.4dfp.hdr
freesurfer analyzeto4dfp.c
Reading: talsrcimg.hdr
header size 348 bytes
hdr.dime.datatype	offset=70	value=2
hdr.dime.bitpix		offset=72	value=8
hdr.hist.orient		offset=252	value=-1
dimensionality     4
dimensions       256       256       256         1
Reading: talsrcimg.img
Writing: talsrcimg.4dfp.img
Writing: talsrcimg.4dfp.ifh
ifh2hdr talsrcimg -r0to248
ori=2

---------------------------------------------------------------------
gauss_4dfp talsrcimg 1.1
---------------------------------------------------------------------

freesurfer gauss_4dfp.c
Reading: talsrcimg.4dfp.img
Writing: talsrcimg_g11.4dfp.img
image dimensions 256 256 256 padded to 288 288 288
processing volume 1freesurfer ifh2hdr.c
Sat Mar  7 08:54:49 2026
Writing: talsrcimg_g11.4dfp.hdr

Writing: talsrcimg_g11.4dfp.ifh
including: talsrcimg.4dfp.img.rec in talsrcimg_g11.4dfp.img.rec

---------------------------------------------------------------------
imgreg_4dfp /opt/freesurfer/average/711-2C_as_mni_average_305 none talsrcimg_g11 none talsrcimg_to_711-2C_as_mni_average_305_t4 4355
---------------------------------------------------------------------

freesurfer imgreg_4dfp.c
/opt/freesurfer/average/711-2C_as_mni_average_305.4dfp.img
       256       256       256         1
  1.000000  1.000000  1.000000
orientation T byte_order littleendian
Reading image: /opt/freesurfer/average/711-2C_as_mni_average_305.4dfp.img
dimensions:      256       256       256
mmppix:       1.0000   -1.0000   -1.0000
center:     128.0000 -129.0000 -129.0000
talsrcimg_g11.4dfp.img
       256       256       256         1
  1.000000  1.000000  1.000000
orientation T byte_order littleendian
Reading image: talsrcimg_g11.4dfp.img
dimensions:      256       256       256
mmppix:       1.0000   -1.0000   -1.0000
center:     128.0000 -129.0000 -129.0000
t4_read: open error in t4_sub.f l:  41 t4_file(1:l)talsrcimg_to_711-2C_as_mni_average_305_t4 
t4_read: transform initialized to I4
rotation matrix determinant  1.000000
image alignment mode   4355 decimal     1103 hex
   -7.5000  -45.0000  -45.0000 7949.6221   15.0800
    0.0000  -45.0000  -45.0000 8307.5059   15.0814
    7.5000  -45.0000  -45.0000 7932.1377   15.1068
   -7.5000  -37.5000  -45.0000 8556.9170   15.0265
    0.0000  -37.5000  -45.0000 8955.5566   15.0290
    7.5000  -37.5000  -45.0000 8535.7832   15.0530
   -7.5000  -30.0000  -45.0000 9387.2988   14.9933
    0.0000  -30.0000  -45.0000 9814.5938   14.9917
    7.5000  -30.0000  -45.0000 9346.1582   15.0125
   -7.5000  -22.5000  -45.000010140.4229   15.0216
    0.0000  -22.5000  -45.000010585.1836   15.0133
    7.5000  -22.5000  -45.000010056.2119   15.0318
   -7.5000  -15.0000  -45.000010740.2920   15.0693
    0.0000  -15.0000  -45.000011219.8359   15.0594
    7.5000  -15.0000  -45.000010656.4512   15.0797
   -7.5000   -7.5000  -45.000011333.3477   15.0943
    0.0000   -7.5000  -45.000011851.3467   15.0902
    7.5000   -7.5000  -45.000011254.1211   15.1141
   -7.5000    0.0000  -45.000011907.2490   15.0800
    0.0000    0.0000  -45.000012472.5010   15.0814
    7.5000    0.0000  -45.000011811.4951   15.1068
   -7.5000    7.5000  -45.000011687.6699   15.0265
    0.0000    7.5000  -45.000012242.8330   15.0290
    7.5000    7.5000  -45.000011586.3057   15.0530
   -7.5000   15.0000  -45.000011318.0312   14.9933
    0.0000   15.0000  -45.000011847.5615   14.9917
    7.5000   15.0000  -45.000011179.2812   15.0125
   -7.5000   22.5000  -45.000010648.3574   15.0195
    0.0000   22.5000  -45.000011172.8066   15.0112
    7.5000   22.5000  -45.000010529.7441   15.0298
   -7.5000   30.0000  -45.0000 9743.9600   14.8685
    0.0000   30.0000  -45.000010251.3770   14.8587
    7.5000   30.0000  -45.0000 9660.6777   14.8787
   -7.5000   37.5000  -45.0000 9208.4678   14.8932
    0.0000   37.5000  -45.0000 9701.4297   14.8891
    7.5000   37.5000  -45.0000 9142.1846   14.9127
   -7.5000   45.0000  -45.0000 8390.5186   14.5012
    0.0000   45.0000  -45.0000 8840.9893   14.5026
    7.5000   45.0000  -45.0000 8325.5977   14.5270
   -7.5000  -45.0000  -37.5000 8485.8926   15.0164
    0.0000  -45.0000  -37.5000 8886.9697   15.0102
    7.5000  -45.0000  -37.5000 8464.3945   15.0223
   -7.5000  -37.5000  -37.5000 9122.3223   14.9654
    0.0000  -37.5000  -37.5000 9560.1592   14.9590
    7.5000  -37.5000  -37.5000 9111.0938   14.9701
   -7.5000  -30.0000  -37.500010000.9209   14.9271
    0.0000  -30.0000  -37.500010436.0107   14.9176
    7.5000  -30.0000  -37.5000 9974.2891   14.9277
   -7.5000  -22.5000  -37.500010770.1387   14.9466
    0.0000  -22.5000  -37.500011234.4365   14.9326
    7.5000  -22.5000  -37.500010716.1914   14.9426
   -7.5000  -15.0000  -37.500011432.9766   14.9904
    0.0000  -15.0000  -37.500011937.1504   14.9762
    7.5000  -15.0000  -37.500011363.1133   14.9878
   -7.5000   -7.5000  -37.500012067.4531   15.0218
    0.0000   -7.5000  -37.500012598.1543   15.0123
    7.5000   -7.5000  -37.500011986.9404   15.0250
   -7.5000    0.0000  -37.500012666.8750   15.0164
    0.0000    0.0000  -37.500013252.7891   15.0102
    7.5000    0.0000  -37.500012562.7012   15.0223
   -7.5000    7.5000  -37.500012386.8291   14.9654
    0.0000    7.5000  -37.500012948.2949   14.9590
    7.5000    7.5000  -37.500012277.4141   14.9701
   -7.5000   15.0000  -37.500011943.8086   14.9271
    0.0000   15.0000  -37.500012491.6504   14.9176
    7.5000   15.0000  -37.500011822.8877   14.9277
   -7.5000   22.5000  -37.500011193.2930   14.9446
    0.0000   22.5000  -37.500011731.2441   14.9305
    7.5000   22.5000  -37.500011079.4434   14.9405
   -7.5000   30.0000  -37.500010275.4023   14.7907
    0.0000   30.0000  -37.500010755.3330   14.7766
    7.5000   30.0000  -37.500010172.4434   14.7881
   -7.5000   37.5000  -37.5000 9690.5117   14.8216
    0.0000   37.5000  -37.500010161.3477   14.8122
    7.5000   37.5000  -37.5000 9609.4648   14.8248
   -7.5000   45.0000  -37.5000 8796.4766   14.4401
    0.0000   45.0000  -37.5000 9251.4922   14.4341
    7.5000   45.0000  -37.5000 8725.1904   14.4457
   -7.5000  -45.0000  -30.0000 9177.1719   15.6442
    0.0000  -45.0000  -30.0000 9592.3672   15.6344
    7.5000  -45.0000  -30.0000 9136.0713   15.6325
   -7.5000  -37.5000  -30.0000 9860.3564   15.5939
    0.0000  -37.5000  -30.000010295.0605   15.5807
    7.5000  -37.5000  -30.0000 9820.8789   15.5774
   -7.5000  -30.0000  -30.000010796.2598   15.5529
    0.0000  -30.0000  -30.000011258.8711   15.5373
    7.5000  -30.0000  -30.000010764.8477   15.5355
   -7.5000  -22.5000  -30.000011591.2979   15.5686
    0.0000  -22.5000  -30.000012080.7451   15.5527
    7.5000  -22.5000  -30.000011556.3398   15.5537
   -7.5000  -15.0000  -30.000012294.4170   15.6113
    0.0000  -15.0000  -30.000012828.2168   15.5985
    7.5000  -15.0000  -30.000012262.8408   15.6009
   -7.5000   -7.5000  -30.000013003.0215   15.6459
    0.0000   -7.5000  -30.000013590.8320   15.6366
    7.5000   -7.5000  -30.000012953.6934   15.6379
   -7.5000    0.0000  -30.000013648.7324   15.6442
    0.0000    0.0000  -30.000014295.9062   15.6344
    7.5000    0.0000  -30.000013565.0645   15.6325
   -7.5000    7.5000  -30.000013317.8057   15.5939
    0.0000    7.5000  -30.000013949.7363   15.5807
    7.5000    7.5000  -30.000013250.3428   15.5774
   -7.5000   15.0000  -30.000012809.1641   15.5529
    0.0000   15.0000  -30.000013398.3633   15.5373
    7.5000   15.0000  -30.000012737.0039   15.5355
   -7.5000   22.5000  -30.000011987.4365   15.5648
    0.0000   22.5000  -30.000012534.9248   15.5490
    7.5000   22.5000  -30.000011927.1934   15.5499
   -7.5000   30.0000  -30.000011004.2949   15.4047
    0.0000   30.0000  -30.000011515.9668   15.3921
    7.5000   30.0000  -30.000010961.9443   15.3945
   -7.5000   37.5000  -30.000010373.3330   15.4388
    0.0000   37.5000  -30.000010864.4805   15.4297
    7.5000   37.5000  -30.000010318.0400   15.4309
   -7.5000   45.0000  -30.0000 9370.0967   15.0548
    0.0000   45.0000  -30.0000 9833.0244   15.0453
    7.5000   45.0000  -30.0000 9309.7051   15.0435
   -7.5000  -45.0000  -22.5000 9834.7988   16.1980
    0.0000  -45.0000  -22.500010322.9629   16.1935
    7.5000  -45.0000  -22.5000 9791.7578   16.1909
   -7.5000  -37.5000  -22.500010585.3789   16.1443
    0.0000  -37.5000  -22.500011110.5850   16.1345
    7.5000  -37.5000  -22.500010559.9814   16.1300
   -7.5000  -30.0000  -22.500011607.8486   16.1059
    0.0000  -30.0000  -22.500012176.8994   16.0937
    7.5000  -30.0000  -22.500011592.4580   16.0906
   -7.5000  -22.5000  -22.500012464.0869   16.1281
    0.0000  -22.5000  -22.500013040.8789   16.1178
    7.5000  -22.5000  -22.500012456.9883   16.1178
   -7.5000  -15.0000  -22.500013173.4619   16.1754
    0.0000  -15.0000  -22.500013820.8906   16.1697
    7.5000  -15.0000  -22.500013186.1074   16.1710
   -7.5000   -7.5000  -22.500013965.7920   16.2068
    0.0000   -7.5000  -22.500014653.4727   16.2044
    7.5000   -7.5000  -22.500013911.5010   16.2046
   -7.5000    0.0000  -22.500014657.3896   16.1980
    0.0000    0.0000  -22.500015419.9150   16.1935
    7.5000    0.0000  -22.500014590.6240   16.1909
   -7.5000    7.5000  -22.500014294.9561   16.1443
    0.0000    7.5000  -22.500015014.9492   16.1345
    7.5000    7.5000  -22.500014230.6094   16.1300
   -7.5000   15.0000  -22.500013702.8291   16.1059
    0.0000   15.0000  -22.500014358.1094   16.0937
    7.5000   15.0000  -22.500013656.2373   16.0906
   -7.5000   22.5000  -22.500012828.1855   16.1231
    0.0000   22.5000  -22.500013393.9326   16.1128
    7.5000   22.5000  -22.500012786.6396   16.1128
   -7.5000   30.0000  -22.500011786.3262   15.9638
    0.0000   30.0000  -22.500012319.6260   15.9582
    7.5000   30.0000  -22.500011765.8203   15.9595
   -7.5000   37.5000  -22.500011054.8613   15.9948
    0.0000   37.5000  -22.500011576.2598   15.9925
    7.5000   37.5000  -22.500011036.9785   15.9927
   -7.5000   45.0000  -22.5000 9948.9297   15.5995
    0.0000   45.0000  -22.500010440.7539   15.5951
    7.5000   45.0000  -22.5000 9883.6094   15.5927
   -7.5000  -45.0000  -15.000010449.6963   16.6037
    0.0000  -45.0000  -15.000010988.9590   16.6072
    7.5000  -45.0000  -15.000010417.2334   16.6185
   -7.5000  -37.5000  -15.000011256.9316   16.5452
    0.0000  -37.5000  -15.000011823.3555   16.5440
    7.5000  -37.5000  -15.000011205.5791   16.5525
   -7.5000  -30.0000  -15.000012402.5986   16.5112
    0.0000  -30.0000  -15.000013036.0859   16.5064
    7.5000  -30.0000  -15.000012363.6270   16.5133
   -7.5000  -22.5000  -15.000013412.2266   16.5438
    0.0000  -22.5000  -15.000014065.2881   16.5394
    7.5000  -22.5000  -15.000013388.9688   16.5471
   -7.5000  -15.0000  -15.000014171.9160   16.5972
    0.0000  -15.0000  -15.000014918.0342   16.5967
    7.5000  -15.0000  -15.000014169.1660   16.6061
   -7.5000   -7.5000  -15.000014938.1357   16.6230
    0.0000   -7.5000  -15.000015784.2969   16.6269
    7.5000   -7.5000  -15.000014905.1143   16.6383
   -7.5000    0.0000  -15.000015659.9561   16.6037
    0.0000    0.0000  -15.000016551.5488   16.6072
    7.5000    0.0000  -15.000015627.5977   16.6185
   -7.5000    7.5000  -15.000015291.9756   16.5452
    0.0000    7.5000  -15.000016111.6387   16.5440
    7.5000    7.5000  -15.000015257.4043   16.5525
   -7.5000   15.0000  -15.000014658.5850   16.5112
    0.0000   15.0000  -15.000015360.5791   16.5064
    7.5000   15.0000  -15.000014601.8359   16.5133
   -7.5000   22.5000  -15.000013679.1191   16.5380
    0.0000   22.5000  -15.000014316.3760   16.5336
    7.5000   22.5000  -15.000013658.7402   16.5412
   -7.5000   30.0000  -15.000012585.2539   16.3824
    0.0000   30.0000  -15.000013198.3887   16.3819
    7.5000   30.0000  -15.000012587.9316   16.3912
   -7.5000   37.5000  -15.000011796.5146   16.4079
    0.0000   37.5000  -15.000012405.4805   16.4117
    7.5000   37.5000  -15.000011815.9707   16.4229
   -7.5000   45.0000  -15.000010563.2959   15.9998
    0.0000   45.0000  -15.000011138.5664   16.0033
    7.5000   45.0000  -15.000010556.8984   16.0141
   -7.5000  -45.0000   -7.500011109.5664   16.7958
    0.0000  -45.0000   -7.500011705.1123   16.8017
    7.5000  -45.0000   -7.500011069.0625   16.8283
   -7.5000  -37.5000   -7.500011897.0889   16.7354
    0.0000  -37.5000   -7.500012528.3887   16.7398
    7.5000  -37.5000   -7.500011847.8613   16.7636
   -7.5000  -30.0000   -7.500013150.1865   16.7022
    0.0000  -30.0000   -7.500013843.3379   16.7022
    7.5000  -30.0000   -7.500013081.6289   16.7220
   -7.5000  -22.5000   -7.500014383.4287   16.7384
    0.0000  -22.5000   -7.500015120.9307   16.7341
    7.5000  -22.5000   -7.500014326.7881   16.7522
   -7.5000  -15.0000   -7.500015291.3535   16.7935
    0.0000  -15.0000   -7.500016212.5439   16.7900
    7.5000  -15.0000   -7.500015249.8428   16.8105
   -7.5000   -7.5000   -7.500016020.2197   16.8176
    0.0000   -7.5000   -7.500017079.0176   16.8199
    7.5000   -7.5000   -7.500016046.4580   16.8447
   -7.5000    0.0000   -7.500016716.7734   16.7958
    0.0000    0.0000   -7.500017736.6387   16.8017
    7.5000    0.0000   -7.500016777.1172   16.8283
   -7.5000    7.5000   -7.500016305.1367   16.7354
    0.0000    7.5000   -7.500017217.5449   16.7398
    7.5000    7.5000   -7.500016332.2793   16.7636
   -7.5000   15.0000   -7.500015609.9678   16.7022
    0.0000   15.0000   -7.500016434.5156   16.7022
    7.5000   15.0000   -7.500015611.5898   16.7220
   -7.5000   22.5000   -7.500014568.7666   16.7306
    0.0000   22.5000   -7.500015352.0439   16.7263
    7.5000   22.5000   -7.500014577.4902   16.7445
   -7.5000   30.0000   -7.500013420.9414   16.5758
    0.0000   30.0000   -7.500014150.1064   16.5722
    7.5000   30.0000   -7.500013423.2969   16.5925
   -7.5000   37.5000   -7.500012609.2422   16.5995
    0.0000   37.5000   -7.500013325.7871   16.6017
    7.5000   37.5000   -7.500012605.0400   16.6263
   -7.5000   45.0000   -7.500011297.3994   16.1880
    0.0000   45.0000   -7.500011946.7646   16.1936
    7.5000   45.0000   -7.500011274.9922   16.2193
   -7.5000  -45.0000    0.000011656.7568   16.8174
    0.0000  -45.0000    0.000012297.1875   16.8186
    7.5000  -45.0000    0.000011612.9180   16.8468
   -7.5000  -37.5000    0.000012436.6143   16.7575
    0.0000  -37.5000    0.000013124.9170   16.7601
    7.5000  -37.5000    0.000012408.1973   16.7865
   -7.5000  -30.0000    0.000013718.9961   16.7199
    0.0000  -30.0000    0.000014407.7295   16.7181
    7.5000  -30.0000    0.000013644.3018   16.7410
   -7.5000  -22.5000    0.000015168.5361   16.7511
    0.0000  -22.5000    0.000015998.9902   16.7418
    7.5000  -22.5000    0.000015040.1777   16.7625
   -7.5000  -15.0000    0.000016380.1484   16.8045
    0.0000  -15.0000    0.000017580.2754   16.7934
    7.5000  -15.0000    0.000016258.6475   16.8160
   -7.5000   -7.5000    0.000017216.3438   16.8330
    0.0000   -7.5000    0.000018587.3926   16.8281
    7.5000   -7.5000    0.000017218.6191   16.8548
   -7.5000    0.0000    0.000017890.4590   16.8174
    0.0000    0.0000    0.000019182.8262   16.8186
    7.5000    0.0000    0.000017957.0430   16.8468
   -7.5000    7.5000    0.000017370.9844   16.7575
    0.0000    7.5000    0.000018457.1895   16.7601
    7.5000    7.5000    0.000017393.7773   16.7865
   -7.5000   15.0000    0.000016538.2891   16.7199
    0.0000   15.0000    0.000017543.2246   16.7181
    7.5000   15.0000    0.000016496.7148   16.7410
   -7.5000   22.5000    0.000015394.4648   16.7434
    0.0000   22.5000    0.000016323.5557   16.7341
    7.5000   22.5000    0.000015330.4316   16.7548
   -7.5000   30.0000    0.000014149.9717   16.5870
    0.0000   30.0000    0.000014988.2900   16.5761
    7.5000   30.0000    0.000014072.3584   16.5984
   -7.5000   37.5000    0.000013287.9463   16.6152
    0.0000   37.5000    0.000014088.5762   16.6103
    7.5000   37.5000    0.000013200.3086   16.6366
   -7.5000   45.0000    0.000011894.9561   16.2100
    0.0000   45.0000    0.000012607.7529   16.2112
    7.5000   45.0000    0.000011813.3994   16.2383
   -7.5000  -45.0000    7.500011271.2393   16.8037
    0.0000  -45.0000    7.500011933.5625   16.7968
    7.5000  -45.0000    7.500011286.0732   16.8103
   -7.5000  -37.5000    7.500012057.8779   16.7467
    0.0000  -37.5000    7.500012740.1152   16.7396
    7.5000  -37.5000    7.500012063.7607   16.7519
   -7.5000  -30.0000    7.500013352.0566   16.7038
    0.0000  -30.0000    7.500014068.1631   16.6931
    7.5000  -30.0000    7.500013301.4424   16.7045
   -7.5000  -22.5000    7.500014735.0488   16.7257
    0.0000  -22.5000    7.500015771.0068   16.7099
    7.5000  -22.5000    7.500014673.7266   16.7211
   -7.5000  -15.0000    7.500015884.1836   16.7747
    0.0000  -15.0000    7.500017361.4082   16.7588
    7.5000  -15.0000    7.500015763.9824   16.7717
   -7.5000   -7.5000    7.500016850.7617   16.8098
    0.0000   -7.5000    7.500018416.5586   16.7991
    7.5000   -7.5000    7.500016668.3535   16.8134
   -7.5000    0.0000    7.500017618.1992   16.8037
    0.0000    0.0000    7.500019124.9805   16.7968
    7.5000    0.0000    7.500017408.7324   16.8103
   -7.5000    7.5000    7.500017061.6152   16.7467
    0.0000    7.5000    7.500018331.9473   16.7396
    7.5000    7.5000    7.500016859.6172   16.7519
   -7.5000   15.0000    7.500016136.7852   16.7038
    0.0000   15.0000    7.500017207.4102   16.6931
    7.5000   15.0000    7.500015936.6924   16.7045
   -7.5000   22.5000    7.500014917.2109   16.7180
    0.0000   22.5000    7.500015832.2080   16.7022
    7.5000   22.5000    7.500014760.4014   16.7134
   -7.5000   30.0000    7.500013731.3467   16.5576
    0.0000   30.0000    7.500014540.0830   16.5419
    7.5000   30.0000    7.500013590.1602   16.5547
   -7.5000   37.5000    7.500012900.7002   16.5922
    0.0000   37.5000    7.500013683.8760   16.5817
    7.5000   37.5000    7.500012785.0850   16.5958
   -7.5000   45.0000    7.500011534.7715   16.1969
    0.0000   45.0000    7.500012233.5088   16.1902
    7.5000   45.0000    7.500011444.2764   16.2032
   -7.5000  -45.0000   15.000010763.1670   16.7993
    0.0000  -45.0000   15.000011408.7363   16.7887
    7.5000  -45.0000   15.000010768.2539   16.7867
   -7.5000  -37.5000   15.000011529.4941   16.7453
    0.0000  -37.5000   15.000012219.1660   16.7311
    7.5000  -37.5000   15.000011514.3486   16.7275
   -7.5000  -30.0000   15.000012744.5723   16.7013
    0.0000  -30.0000   15.000013552.8340   16.6845
    7.5000  -30.0000   15.000012702.9873   16.6825
   -7.5000  -22.5000   15.000013937.5234   16.7181
    0.0000  -22.5000   15.000015048.9570   16.7011
    7.5000  -22.5000   15.000013884.5811   16.7021
   -7.5000  -15.0000   15.000014844.9336   16.7639
    0.0000  -15.0000   15.000016108.5781   16.7502
    7.5000  -15.0000   15.000014729.4463   16.7528
   -7.5000   -7.5000   15.000015722.5244   16.8011
    0.0000   -7.5000   15.000016982.8281   16.7912
    7.5000   -7.5000   15.000015554.1934   16.7925
   -7.5000    0.0000   15.000016589.5762   16.7993
    0.0000    0.0000   15.000017817.7188   16.7887
    7.5000    0.0000   15.000016382.8701   16.7867
   -7.5000    7.5000   15.000016158.8027   16.7453
    0.0000    7.5000   15.000017254.3086   16.7311
    7.5000    7.5000   15.000015956.4795   16.7275
   -7.5000   15.0000   15.000015297.0703   16.7013
    0.0000   15.0000   15.000016261.7412   16.6845
    7.5000   15.0000   15.000015121.7656   16.6825
   -7.5000   22.5000   15.000014160.4521   16.7104
    0.0000   22.5000   15.000014982.6523   16.6934
    7.5000   22.5000   15.000014019.1533   16.6944
   -7.5000   30.0000   15.000013069.8496   16.5470
    0.0000   30.0000   15.000013825.9434   16.5334
    7.5000   30.0000   15.000012963.9463   16.5360
   -7.5000   37.5000   15.000012289.9902   16.5836
    0.0000   37.5000   15.000013019.7139   16.5739
    7.5000   37.5000   15.000012185.2764   16.5752
   -7.5000   45.0000   15.000010996.1133   16.1926
    0.0000   45.0000   15.000011639.8564   16.1824
    7.5000   45.0000   15.000010907.6006   16.1804
   -7.5000  -45.0000   22.500010125.1094   16.8492
    0.0000  -45.0000   22.500010685.5664   16.8446
    7.5000  -45.0000   22.500010102.5615   16.8420
   -7.5000  -37.5000   22.500010876.2188   16.7933
    0.0000  -37.5000   22.500011457.2559   16.7830
    7.5000  -37.5000   22.500010822.7402   16.7782
   -7.5000  -30.0000   22.500011963.7236   16.7534
    0.0000  -30.0000   22.500012625.3633   16.7405
    7.5000  -30.0000   22.500011911.5576   16.7370
   -7.5000  -22.5000   22.500012964.7285   16.7764
    0.0000  -22.5000   22.500013742.7246   16.7657
    7.5000  -22.5000   22.500012886.6895   16.7655
   -7.5000  -15.0000   22.500013758.6221   16.8257
    0.0000  -15.0000   22.500014508.3594   16.8199
    7.5000  -15.0000   22.500013658.1152   16.8212
   -7.5000   -7.5000   22.500014574.3330   16.8584
    0.0000   -7.5000   22.500015308.8604   16.8561
    7.5000   -7.5000   22.500014453.0371   16.8563
   -7.5000    0.0000   22.500015358.1992   16.8492
    0.0000    0.0000   22.500016187.5771   16.8446
    7.5000    0.0000   22.500015254.4561   16.8420
   -7.5000    7.5000   22.500015008.5205   16.7933
    0.0000    7.5000   22.500015847.9834   16.7830
    7.5000    7.5000   22.500014905.8926   16.7782
   -7.5000   15.0000   22.500014265.8252   16.7534
    0.0000   15.0000   22.500015037.3271   16.7405
    7.5000   15.0000   22.500014137.6338   16.7370
   -7.5000   22.5000   22.500013273.0293   16.7687
    0.0000   22.5000   22.500013997.9482   16.7580
    7.5000   22.5000   22.500013168.1279   16.7578
   -7.5000   30.0000   22.500012254.7520   16.6079
    0.0000   30.0000   22.500012919.9912   16.6022
    7.5000   30.0000   22.500012154.3809   16.6035
   -7.5000   37.5000   22.500011487.5322   16.6402
    0.0000   37.5000   22.500012133.9092   16.6380
    7.5000   37.5000   22.500011409.2754   16.6382
   -7.5000   45.0000   22.500010274.2646   16.2407
    0.0000   45.0000   22.500010843.6230   16.2363
    7.5000   45.0000   22.500010179.9150   16.2337
   -7.5000  -45.0000   30.0000 9454.5361   17.0669
    0.0000  -45.0000   30.0000 9845.1172   17.0702
    7.5000  -45.0000   30.0000 9430.7607   17.0810
   -7.5000  -37.5000   30.000010124.2002   17.0056
    0.0000  -37.5000   30.000010551.0771   17.0039
    7.5000  -37.5000   30.000010101.8389   17.0117
   -7.5000  -30.0000   30.000011093.1094   16.9696
    0.0000  -30.0000   30.000011604.8936   16.9643
    7.5000  -30.0000   30.000011070.4932   16.9704
   -7.5000  -22.5000   30.000011938.9229   17.0034
    0.0000  -22.5000   30.000012485.5889   16.9986
    7.5000  -22.5000   30.000011907.0654   17.0055
   -7.5000  -15.0000   30.000012672.9453   17.0593
    0.0000  -15.0000   30.000013164.8633   17.0587
    7.5000  -15.0000   30.000012608.1816   17.0675
   -7.5000   -7.5000   30.000013419.4766   17.0867
    0.0000   -7.5000   30.000013934.1982   17.0906
    7.5000   -7.5000   30.000013364.8877   17.1015
   -7.5000    0.0000   30.000014136.8955   17.0669
    0.0000    0.0000   30.000014734.9092   17.0702
    7.5000    0.0000   30.000014082.3730   17.0810
   -7.5000    7.5000   30.000013822.7852   17.0056
    0.0000    7.5000   30.000014448.5156   17.0039
    7.5000    7.5000   30.000013764.2617   17.0117
   -7.5000   15.0000   30.000013190.2852   16.9696
    0.0000   15.0000   30.000013828.7383   16.9643
    7.5000   15.0000   30.000013131.8818   16.9704
   -7.5000   22.5000   30.000012292.4941   16.9956
    0.0000   22.5000   30.000012890.3457   16.9908
    7.5000   22.5000   30.000012240.0693   16.9977
   -7.5000   30.0000   30.000011308.4736   16.8385
    0.0000   30.0000   30.000011883.2188   16.8379
    7.5000   30.0000   30.000011243.9121   16.8466
   -7.5000   37.5000   30.000010573.4004   16.8656
    0.0000   37.5000   30.000011138.0000   16.8694
    7.5000   37.5000   30.000010520.6982   16.8802
   -7.5000   45.0000   30.0000 9449.7451   16.4505
    0.0000   45.0000   30.0000 9952.8936   16.4537
    7.5000   45.0000   30.0000 9389.2188   16.4641
   -7.5000  -45.0000   37.5000 9103.4092   17.4235
    0.0000  -45.0000   37.5000 9490.6826   17.4305
    7.5000  -45.0000   37.5000 9113.5664   17.4552
   -7.5000  -37.5000   37.5000 9736.6484   17.3583
    0.0000  -37.5000   37.500010148.0898   17.3635
    7.5000  -37.5000   37.5000 9743.7451   17.3853
   -7.5000  -30.0000   37.500010646.9727   17.3206
    0.0000  -30.0000   37.500011118.0215   17.3211
    7.5000  -30.0000   37.500010637.4414   17.3390
   -7.5000  -22.5000   37.500011439.8105   17.3575
    0.0000  -22.5000   37.500011894.1406   17.3538
    7.5000  -22.5000   37.500011390.6074   17.3703
   -7.5000  -15.0000   37.500012133.0566   17.4170
    0.0000  -15.0000   37.500012569.1465   17.4143
    7.5000  -15.0000   37.500012081.6895   17.4333
   -7.5000   -7.5000   37.500012825.8711   17.4451
    0.0000   -7.5000   37.500013304.0010   17.4485
    7.5000   -7.5000   37.500012787.0898   17.4718
   -7.5000    0.0000   37.500013502.1045   17.4235
    0.0000    0.0000   37.500014053.1289   17.4305
    7.5000    0.0000   37.500013451.3838   17.4552
   -7.5000    7.5000   37.500013223.7197   17.3583
    0.0000    7.5000   37.500013773.7314   17.3635
    7.5000    7.5000   37.500013156.9336   17.3853
   -7.5000   15.0000   37.500012636.4668   17.3206
    0.0000   15.0000   37.500013158.7393   17.3211
    7.5000   15.0000   37.500012560.7783   17.3390
   -7.5000   22.5000   37.500011770.7539   17.3495
    0.0000   22.5000   37.500012295.1357   17.3458
    7.5000   22.5000   37.500011711.9414   17.3623
   -7.5000   30.0000   37.500010805.2578   17.1916
    0.0000   30.0000   37.500011339.0459   17.1889
    7.5000   30.0000   37.500010768.2031   17.2077
   -7.5000   37.5000   37.500010103.0752   17.2193
    0.0000   37.5000   37.500010606.0957   17.2227
    7.5000   37.5000   37.500010083.1758   17.2456
   -7.5000   45.0000   37.5000 9025.4531   16.7942
    0.0000   45.0000   37.5000 9473.7080   16.8010
    7.5000   45.0000   37.5000 8992.2207   16.8248
   -7.5000  -45.0000   45.0000 8398.4072   17.8131
    0.0000  -45.0000   45.0000 8785.1113   17.8157
    7.5000  -45.0000   45.0000 8434.3213   17.8392
   -7.5000  -37.5000   45.0000 8968.4346   17.7403
    0.0000  -37.5000   45.0000 9362.0664   17.7440
    7.5000  -37.5000   45.0000 8993.6094   17.7662
   -7.5000  -30.0000   45.0000 9795.9375   17.6920
    0.0000  -30.0000   45.000010230.4512   17.6909
    7.5000  -30.0000   45.0000 9812.2285   17.7094
   -7.5000  -22.5000   45.000010522.0645   17.7266
    0.0000  -22.5000   45.000010939.5332   17.7173
    7.5000  -22.5000   45.000010491.7021   17.7331
   -7.5000  -15.0000   45.000011124.7939   17.7923
    0.0000  -15.0000   45.000011544.4805   17.7811
    7.5000  -15.0000   45.000011090.6826   17.7987
   -7.5000   -7.5000   45.000011747.3291   17.8304
    0.0000   -7.5000   45.000012201.4180   17.8261
    7.5000   -7.5000   45.000011707.4482   17.8479
   -7.5000    0.0000   45.000012358.9922   17.8131
    0.0000    0.0000   45.000012861.2998   17.8157
    7.5000    0.0000   45.000012319.2275   17.8392
   -7.5000    7.5000   45.000012136.4473   17.7403
    0.0000    7.5000   45.000012630.5830   17.7440
    7.5000    7.5000   45.000012076.1699   17.7662
   -7.5000   15.0000   45.000011579.3604   17.6920
    0.0000   15.0000   45.000012076.0488   17.6909
    7.5000   15.0000   45.000011511.7080   17.7094
   -7.5000   22.5000   45.000010764.1816   17.7184
    0.0000   22.5000   45.000011250.2422   17.7091
    7.5000   22.5000   45.000010702.3574   17.7249
   -7.5000   30.0000   45.0000 9882.3135   17.5605
    0.0000   30.0000   45.000010368.1904   17.5495
    7.5000   30.0000   45.0000 9848.6143   17.5668
   -7.5000   37.5000   45.0000 9249.4092   17.5981
    0.0000   37.5000   45.0000 9734.0215   17.5939
    7.5000   37.5000   45.0000 9230.8066   17.6154
   -7.5000   45.0000   45.0000 8276.9688   17.1776
    0.0000   45.0000   45.0000 8707.2588   17.1801
    7.5000   45.0000   45.0000 8252.3535   17.2028

---------------------------------------------------------------------
imgreg_4dfp /opt/freesurfer/average/711-2C_as_mni_average_305 /opt/freesurfer/average/711-2B_as_mni_average_305_mask talsrcimg_g11 none talsrcimg_to_711-2C_as_mni_average_305_t4 4355
---------------------------------------------------------------------

freesurfer imgreg_4dfp.c
/opt/freesurfer/average/711-2C_as_mni_average_305.4dfp.img
       256       256       256         1
  1.000000  1.000000  1.000000
orientation T byte_order littleendian
Reading image: /opt/freesurfer/average/711-2C_as_mni_average_305.4dfp.img
dimensions:      256       256       256
mmppix:       1.0000   -1.0000   -1.0000
center:     128.0000 -129.0000 -129.0000
/opt/freesurfer/average/711-2B_as_mni_average_305_mask.4dfp.img
       256       256       256         1
  1.000000  1.000000  1.000000
orientation T byte_order littleendian
Reading mask: /opt/freesurfer/average/711-2B_as_mni_average_305_mask.4dfp.img (2306576 pixels)
talsrcimg_g11.4dfp.img
       256       256       256         1
  1.000000  1.000000  1.000000
orientation T byte_order littleendian
Reading image: talsrcimg_g11.4dfp.img
dimensions:      256       256       256
mmppix:       1.0000   -1.0000   -1.0000
center:     128.0000 -129.0000 -129.0000
rotation matrix determinant  1.000000
image alignment mode   4355 decimal     1103 hex
   -7.5000  -45.0000  -45.0000 2161.6621   18.3799
    0.0000  -45.0000  -45.0000 2173.5166   18.5788
    7.5000  -45.0000  -45.0000 2157.2576   18.6897
   -7.5000  -37.5000  -45.0000 2270.5847   16.8034
    0.0000  -37.5000  -45.0000 2286.0906   16.9703
    7.5000  -37.5000  -45.0000 2264.9417   17.0741
   -7.5000  -30.0000  -45.0000 2346.1238   15.6457
    0.0000  -30.0000  -45.0000 2357.4087   15.7967
    7.5000  -30.0000  -45.0000 2333.7378   15.8796
   -7.5000  -22.5000  -45.0000 2397.8726   14.8501
    0.0000  -22.5000  -45.0000 2408.0686   14.9340
    7.5000  -22.5000  -45.0000 2378.8025   15.0242
   -7.5000  -15.0000  -45.0000 2425.5310   14.3124
    0.0000  -15.0000  -45.0000 2437.1545   14.3585
    7.5000  -15.0000  -45.0000 2405.0088   14.4632
   -7.5000   -7.5000  -45.0000 2439.7285   14.1379
    0.0000   -7.5000  -45.0000 2450.2227   14.1616
    7.5000   -7.5000  -45.0000 2421.7671   14.2539
   -7.5000    0.0000  -45.0000 2428.7275   14.3066
    0.0000    0.0000  -45.0000 2445.1711   14.2982
    7.5000    0.0000  -45.0000 2414.4395   14.4013
   -7.5000    7.5000  -45.0000 2403.3818   14.6509
    0.0000    7.5000  -45.0000 2418.4314   14.6727
    7.5000    7.5000  -45.0000 2391.1790   14.7745
   -7.5000   15.0000  -45.0000 2363.3113   15.2371
    0.0000   15.0000  -45.0000 2374.6445   15.2510
    7.5000   15.0000  -45.0000 2344.0498   15.3422
   -7.5000   22.5000  -45.0000 2294.3086   16.1916
    0.0000   22.5000  -45.0000 2304.1545   16.2171
    7.5000   22.5000  -45.0000 2273.5737   16.3240
   -7.5000   30.0000  -45.0000 2185.5764   17.5552
    0.0000   30.0000  -45.0000 2197.7163   17.5563
    7.5000   30.0000  -45.0000 2177.5579   17.7082
   -7.5000   37.5000  -45.0000 2061.9543   19.3372
    0.0000   37.5000  -45.0000 2071.0962   19.3802
    7.5000   37.5000  -45.0000 2054.9900   19.5404
   -7.5000   45.0000  -45.0000 1940.2688   21.6429
    0.0000   45.0000  -45.0000 1948.5886   21.6195
    7.5000   45.0000  -45.0000 1932.4286   21.9141
   -7.5000  -45.0000  -37.5000 2236.5676   17.2100
    0.0000  -45.0000  -37.5000 2252.3696   17.3284
    7.5000  -45.0000  -37.5000 2229.2231   17.4484
   -7.5000  -37.5000  -37.5000 2350.5769   15.6899
    0.0000  -37.5000  -37.5000 2372.4187   15.7753
    7.5000  -37.5000  -37.5000 2342.5999   15.8573
   -7.5000  -30.0000  -37.5000 2431.4370   14.5686
    0.0000  -30.0000  -37.5000 2440.6716   14.6265
    7.5000  -30.0000  -37.5000 2418.6260   14.7095
   -7.5000  -22.5000  -37.5000 2487.6260   13.7894
    0.0000  -22.5000  -37.5000 2493.5415   13.8096
    7.5000  -22.5000  -37.5000 2467.5989   13.9235
   -7.5000  -15.0000  -37.5000 2527.4546   13.2705
    0.0000  -15.0000  -37.5000 2533.1643   13.2672
    7.5000  -15.0000  -37.5000 2503.7539   13.3977
   -7.5000   -7.5000  -37.5000 2548.2397   13.1132
    0.0000   -7.5000  -37.5000 2555.2478   13.0997
    7.5000   -7.5000  -37.5000 2525.3596   13.2018
   -7.5000    0.0000  -37.5000 2542.1228   13.2468
    0.0000    0.0000  -37.5000 2551.3442   13.2147
    7.5000    0.0000  -37.5000 2521.6870   13.3323
   -7.5000    7.5000  -37.5000 2509.9663   13.6114
    0.0000    7.5000  -37.5000 2522.2334   13.5916
    7.5000    7.5000  -37.5000 2494.9307   13.6680
   -7.5000   15.0000  -37.5000 2461.4766   14.1266
    0.0000   15.0000  -37.5000 2472.5105   14.1330
    7.5000   15.0000  -37.5000 2440.3901   14.2228
   -7.5000   22.5000  -37.5000 2386.1289   15.0019
    0.0000   22.5000  -37.5000 2400.9436   15.0138
    7.5000   22.5000  -37.5000 2364.7312   15.1168
   -7.5000   30.0000  -37.5000 2280.0720   16.2414
    0.0000   30.0000  -37.5000 2294.7935   16.2771
    7.5000   30.0000  -37.5000 2263.2048   16.3961
   -7.5000   37.5000  -37.5000 2148.4666   17.9162
    0.0000   37.5000  -37.5000 2161.7861   17.9586
    7.5000   37.5000  -37.5000 2134.4568   18.0885
   -7.5000   45.0000  -37.5000 2013.3444   20.0845
    0.0000   45.0000  -37.5000 2026.5576   20.0974
    7.5000   45.0000  -37.5000 2003.4016   20.2482
   -7.5000  -45.0000  -30.0000 2346.4016   16.7155
    0.0000  -45.0000  -30.0000 2355.8164   16.7480
    7.5000  -45.0000  -30.0000 2332.8306   16.8840
   -7.5000  -37.5000  -30.0000 2462.9939   15.1943
    0.0000  -37.5000  -30.0000 2474.7856   15.1866
    7.5000  -37.5000  -30.0000 2449.6003   15.3193
   -7.5000  -30.0000  -30.0000 2544.9949   14.1300
    0.0000  -30.0000  -30.0000 2551.6680   14.0801
    7.5000  -30.0000  -30.0000 2532.3279   14.2113
   -7.5000  -22.5000  -30.0000 2608.4778   13.2850
    0.0000  -22.5000  -30.0000 2610.4265   13.2653
    7.5000  -22.5000  -30.0000 2591.1335   13.4058
   -7.5000  -15.0000  -30.0000 2659.7522   12.7499
    0.0000  -15.0000  -30.0000 2665.4541   12.7085
    7.5000  -15.0000  -30.0000 2640.0950   12.8402
   -7.5000   -7.5000  -30.0000 2693.4292   12.5744
    0.0000   -7.5000  -30.0000 2696.8384   12.5337
    7.5000   -7.5000  -30.0000 2672.9836   12.6651
   -7.5000    0.0000  -30.0000 2692.3103   12.7085
    0.0000    0.0000  -30.0000 2698.8289   12.6453
    7.5000    0.0000  -30.0000 2672.5662   12.7657
   -7.5000    7.5000  -30.0000 2661.4626   13.0603
    0.0000    7.5000  -30.0000 2676.8052   13.0070
    7.5000    7.5000  -30.0000 2648.0188   13.1036
   -7.5000   15.0000  -30.0000 2607.0061   13.5896
    0.0000   15.0000  -30.0000 2621.4209   13.5403
    7.5000   15.0000  -30.0000 2588.8982   13.6550
   -7.5000   22.5000  -30.0000 2523.0894   14.4464
    0.0000   22.5000  -30.0000 2534.7766   14.3920
    7.5000   22.5000  -30.0000 2501.8054   14.5216
   -7.5000   30.0000  -30.0000 2409.3086   15.6457
    0.0000   30.0000  -30.0000 2424.0425   15.6279
    7.5000   30.0000  -30.0000 2393.8037   15.7644
   -7.5000   37.5000  -30.0000 2270.1479   17.2874
    0.0000   37.5000  -30.0000 2287.1692   17.2445
    7.5000   37.5000  -30.0000 2257.8286   17.3935
   -7.5000   45.0000  -30.0000 2125.2275   19.3853
    0.0000   45.0000  -30.0000 2140.3635   19.3288
    7.5000   45.0000  -30.0000 2111.8616   19.4430
   -7.5000  -45.0000  -22.5000 2417.3623   16.1254
    0.0000  -45.0000  -22.5000 2428.3877   16.1691
    7.5000  -45.0000  -22.5000 2404.5283   16.2855
   -7.5000  -37.5000  -22.5000 2540.1069   14.6595
    0.0000  -37.5000  -22.5000 2552.7993   14.6469
    7.5000  -37.5000  -22.5000 2529.9185   14.7747
   -7.5000  -30.0000  -22.5000 2631.1370   13.5691
    0.0000  -30.0000  -22.5000 2641.3442   13.5340
    7.5000  -30.0000  -22.5000 2620.4121   13.6579
   -7.5000  -22.5000  -22.5000 2697.3328   12.7443
    0.0000  -22.5000  -22.5000 2703.0234   12.7111
    7.5000  -22.5000  -22.5000 2685.3899   12.8507
   -7.5000  -15.0000  -22.5000 2752.8518   12.1522
    0.0000  -15.0000  -22.5000 2766.8960   12.1035
    7.5000  -15.0000  -22.5000 2741.0312   12.2483
   -7.5000   -7.5000  -22.5000 2801.2747   11.9398
    0.0000   -7.5000  -22.5000 2812.8350   11.8773
    7.5000   -7.5000  -22.5000 2783.8623   12.0282
   -7.5000    0.0000  -22.5000 2807.2642   12.0380
    0.0000    0.0000  -22.5000 2819.9624   11.9832
    7.5000    0.0000  -22.5000 2790.1682   12.1106
   -7.5000    7.5000  -22.5000 2782.1211   12.3789
    0.0000    7.5000  -22.5000 2796.6479   12.3151
    7.5000    7.5000  -22.5000 2767.2642   12.4572
   -7.5000   15.0000  -22.5000 2724.4956   12.9525
    0.0000   15.0000  -22.5000 2735.9812   12.8712
    7.5000   15.0000  -22.5000 2709.6521   13.0241
   -7.5000   22.5000  -22.5000 2632.5437   13.7793
    0.0000   22.5000  -22.5000 2639.8433   13.6821
    7.5000   22.5000  -22.5000 2616.2119   13.8484
   -7.5000   30.0000  -22.5000 2506.6038   14.9575
    0.0000   30.0000  -22.5000 2517.1497   14.8714
    7.5000   30.0000  -22.5000 2494.4548   15.0222
   -7.5000   37.5000  -22.5000 2358.1765   16.5766
    0.0000   37.5000  -22.5000 2370.1545   16.5084
    7.5000   37.5000  -22.5000 2345.8850   16.6229
   -7.5000   45.0000  -22.5000 2202.9421   18.5513
    0.0000   45.0000  -22.5000 2217.3738   18.4999
    7.5000   45.0000  -22.5000 2180.3784   18.6501
   -7.5000  -45.0000  -15.0000 2445.8291   15.5769
    0.0000  -45.0000  -15.0000 2462.2083   15.5893
    7.5000  -45.0000  -15.0000 2442.3125   15.7396
   -7.5000  -37.5000  -15.0000 2572.9763   14.1135
    0.0000  -37.5000  -15.0000 2586.6721   14.0872
    7.5000  -37.5000  -15.0000 2563.4741   14.2218
   -7.5000  -30.0000  -15.0000 2678.0825   13.0469
    0.0000  -30.0000  -15.0000 2689.5095   13.0238
    7.5000  -30.0000  -15.0000 2668.2861   13.1601
   -7.5000  -22.5000  -15.0000 2762.5242   12.2464
    0.0000  -22.5000  -15.0000 2770.5439   12.2074
    7.5000  -22.5000  -15.0000 2748.7778   12.3701
   -7.5000  -15.0000  -15.0000 2826.6990   11.6315
    0.0000  -15.0000  -15.0000 2840.7329   11.5750
    7.5000  -15.0000  -15.0000 2814.5171   11.7733
   -7.5000   -7.5000  -15.0000 2877.7896   11.3567
    0.0000   -7.5000  -15.0000 2895.2786   11.2764
    7.5000   -7.5000  -15.0000 2859.3079   11.4910
   -7.5000    0.0000  -15.0000 2890.4282   11.4176
    0.0000    0.0000  -15.0000 2900.7380   11.3412
    7.5000    0.0000  -15.0000 2872.6584   11.5398
   -7.5000    7.5000  -15.0000 2861.3860   11.7456
    0.0000    7.5000  -15.0000 2873.5857   11.6430
    7.5000    7.5000  -15.0000 2849.0486   11.8630
   -7.5000   15.0000  -15.0000 2800.2021   12.3156
    0.0000   15.0000  -15.0000 2806.3804   12.2025
    7.5000   15.0000  -15.0000 2785.4961   12.4253
   -7.5000   22.5000  -15.0000 2698.5710   13.1368
    0.0000   22.5000  -15.0000 2705.2173   13.0141
    7.5000   22.5000  -15.0000 2687.8589   13.2554
   -7.5000   30.0000  -15.0000 2568.0723   14.3450
    0.0000   30.0000  -15.0000 2578.6135   14.2114
    7.5000   30.0000  -15.0000 2559.2520   14.4549
   -7.5000   37.5000  -15.0000 2417.2915   15.9040
    0.0000   37.5000  -15.0000 2429.4358   15.7796
    7.5000   37.5000  -15.0000 2406.6282   16.0510
   -7.5000   45.0000  -15.0000 2247.1470   17.8306
    0.0000   45.0000  -15.0000 2264.5496   17.7503
    7.5000   45.0000  -15.0000 2230.5032   18.0123
   -7.5000  -45.0000   -7.5000 2461.7974   15.1657
    0.0000  -45.0000   -7.5000 2486.1248   15.1680
    7.5000  -45.0000   -7.5000 2463.8684   15.3078
   -7.5000  -37.5000   -7.5000 2584.6582   13.7002
    0.0000  -37.5000   -7.5000 2606.0195   13.6605
    7.5000  -37.5000   -7.5000 2586.3318   13.8142
   -7.5000  -30.0000   -7.5000 2701.1514   12.6175
    0.0000  -30.0000   -7.5000 2720.9189   12.5778
    7.5000  -30.0000   -7.5000 2698.8606   12.7331
   -7.5000  -22.5000   -7.5000 2804.7173   11.8742
    0.0000  -22.5000   -7.5000 2818.7778   11.8225
    7.5000  -22.5000   -7.5000 2798.4744   11.9805
   -7.5000  -15.0000   -7.5000 2881.1086   11.2963
    0.0000  -15.0000   -7.5000 2900.5557   11.2358
    7.5000  -15.0000   -7.5000 2873.2629   11.4161
   -7.5000   -7.5000   -7.5000 2926.8840   10.9517
    0.0000   -7.5000   -7.5000 2953.4460   10.8716
    7.5000   -7.5000   -7.5000 2920.2583   11.1318
   -7.5000    0.0000   -7.5000 2936.3677   10.9387
    0.0000    0.0000   -7.5000 2954.9077   10.8468
    7.5000    0.0000   -7.5000 2927.4363   11.1523
   -7.5000    7.5000   -7.5000 2908.8416   11.2147
    0.0000    7.5000   -7.5000 2919.6467   11.0757
    7.5000    7.5000   -7.5000 2898.9011   11.3950
   -7.5000   15.0000   -7.5000 2841.6929   11.7890
    0.0000   15.0000   -7.5000 2848.6687   11.6349
    7.5000   15.0000   -7.5000 2836.9553   11.9632
   -7.5000   22.5000   -7.5000 2737.0183   12.6470
    0.0000   22.5000   -7.5000 2749.3054   12.4904
    7.5000   22.5000   -7.5000 2738.6719   12.8256
   -7.5000   30.0000   -7.5000 2602.8899   13.8375
    0.0000   30.0000   -7.5000 2617.8223   13.6917
    7.5000   30.0000   -7.5000 2604.3022   14.0434
   -7.5000   37.5000   -7.5000 2448.3916   15.3888
    0.0000   37.5000   -7.5000 2464.0000   15.2447
    7.5000   37.5000   -7.5000 2446.9402   15.6032
   -7.5000   45.0000   -7.5000 2275.4744   17.2375
    0.0000   45.0000   -7.5000 2291.1177   17.1494
    7.5000   45.0000   -7.5000 2270.2749   17.4961
   -7.5000  -45.0000    0.0000 2471.7991   14.9999
    0.0000  -45.0000    0.0000 2487.2234   14.8958
    7.5000  -45.0000    0.0000 2471.8201   15.0365
   -7.5000  -37.5000    0.0000 2596.1304   13.5118
    0.0000  -37.5000    0.0000 2610.9993   13.4167
    7.5000  -37.5000    0.0000 2597.3618   13.5653
   -7.5000  -30.0000    0.0000 2710.9167   12.4088
    0.0000  -30.0000    0.0000 2725.4902   12.3173
    7.5000  -30.0000    0.0000 2709.7183   12.4587
   -7.5000  -22.5000    0.0000 2819.1582   11.7013
    0.0000  -22.5000    0.0000 2835.4731   11.6132
    7.5000  -22.5000    0.0000 2818.2222   11.7493
   -7.5000  -15.0000    0.0000 2913.0261   11.2173
    0.0000  -15.0000    0.0000 2945.3743   11.1461
    7.5000  -15.0000    0.0000 2912.3169   11.2455
   -7.5000   -7.5000    0.0000 2964.3623   10.8853
    0.0000   -7.5000    0.0000 3008.9446   10.8459
    7.5000   -7.5000    0.0000 2969.8916   11.0041
   -7.5000    0.0000    0.0000 2963.2019   10.7996
    0.0000    0.0000    0.0000 2992.5979   10.7401
    7.5000    0.0000    0.0000 2971.5850   10.9943
   -7.5000    7.5000    0.0000 2929.3289   11.0026
    0.0000    7.5000    0.0000 2944.2654   10.8608
    7.5000    7.5000    0.0000 2932.5491   11.1778
   -7.5000   15.0000    0.0000 2860.6946   11.5252
    0.0000   15.0000    0.0000 2878.7639   11.3408
    7.5000   15.0000    0.0000 2863.9250   11.6486
   -7.5000   22.5000    0.0000 2752.4282   12.4079
    0.0000   22.5000    0.0000 2769.7732   12.2282
    7.5000   22.5000    0.0000 2754.6709   12.5214
   -7.5000   30.0000    0.0000 2617.6204   13.6413
    0.0000   30.0000    0.0000 2628.3359   13.4441
    7.5000   30.0000    0.0000 2619.4731   13.7357
   -7.5000   37.5000    0.0000 2460.1748   15.1746
    0.0000   37.5000    0.0000 2472.3071   14.9854
    7.5000   37.5000    0.0000 2458.6277   15.2933
   -7.5000   45.0000    0.0000 2285.8391   17.0263
    0.0000   45.0000    0.0000 2303.0691   16.9024
    7.5000   45.0000    0.0000 2286.4146   17.1725
   -7.5000  -45.0000    7.5000 2471.6917   14.9261
    0.0000  -45.0000    7.5000 2483.2061   14.8440
    7.5000  -45.0000    7.5000 2470.1338   14.9650
   -7.5000  -37.5000    7.5000 2598.9104   13.4635
    0.0000  -37.5000    7.5000 2607.1775   13.3631
    7.5000  -37.5000    7.5000 2599.2676   13.4905
   -7.5000  -30.0000    7.5000 2716.6382   12.3911
    0.0000  -30.0000    7.5000 2723.2546   12.3031
    7.5000  -30.0000    7.5000 2714.8137   12.4110
   -7.5000  -22.5000    7.5000 2822.4036   11.7092
    0.0000  -22.5000    7.5000 2843.8889   11.6682
    7.5000  -22.5000    7.5000 2826.6230   11.7086
   -7.5000  -15.0000    7.5000 2916.6958   11.2464
    0.0000  -15.0000    7.5000 2960.8708   11.3212
    7.5000  -15.0000    7.5000 2920.4187   11.2325
   -7.5000   -7.5000    7.5000 2966.9849   10.9438
    0.0000   -7.5000    7.5000 3040.4070   11.0324
    7.5000   -7.5000    7.5000 2973.8474   10.9382
   -7.5000    0.0000    7.5000 2966.1699   10.9113
    0.0000    0.0000    7.5000 3016.4978   10.9007
    7.5000    0.0000    7.5000 2966.8120   10.9302
   -7.5000    7.5000    7.5000 2930.4951   11.1074
    0.0000    7.5000    7.5000 2960.9194   10.9987
    7.5000    7.5000    7.5000 2932.4546   11.1561
   -7.5000   15.0000    7.5000 2856.9006   11.5924
    0.0000   15.0000    7.5000 2876.5237   11.4508
    7.5000   15.0000    7.5000 2857.6077   11.6501
   -7.5000   22.5000    7.5000 2748.7114   12.4363
    0.0000   22.5000    7.5000 2762.2312   12.2602
    7.5000   22.5000    7.5000 2748.4976   12.4651
   -7.5000   30.0000    7.5000 2616.2620   13.6116
    0.0000   30.0000    7.5000 2624.3291   13.4239
    7.5000   30.0000    7.5000 2612.2200   13.6313
   -7.5000   37.5000    7.5000 2460.6006   15.1479
    0.0000   37.5000    7.5000 2471.1809   14.9724
    7.5000   37.5000    7.5000 2457.6450   15.1962
   -7.5000   45.0000    7.5000 2290.5813   17.0385
    0.0000   45.0000    7.5000 2304.9050   16.8799
    7.5000   45.0000    7.5000 2288.9561   17.0975
   -7.5000  -45.0000   15.0000 2456.3252   15.0712
    0.0000  -45.0000   15.0000 2468.6721   14.9982
    7.5000  -45.0000   15.0000 2457.9287   15.0739
   -7.5000  -37.5000   15.0000 2585.8267   13.6222
    0.0000  -37.5000   15.0000 2599.6768   13.5805
    7.5000  -37.5000   15.0000 2587.6514   13.6224
   -7.5000  -30.0000   15.0000 2707.7966   12.5640
    0.0000  -30.0000   15.0000 2722.2727   12.5554
    7.5000  -30.0000   15.0000 2706.9763   12.5743
   -7.5000  -22.5000   15.0000 2816.8914   11.8425
    0.0000  -22.5000   15.0000 2844.7808   11.8920
    7.5000  -22.5000   15.0000 2814.9009   11.8361
   -7.5000  -15.0000   15.0000 2892.3560   11.2807
    0.0000  -15.0000   15.0000 2937.4587   11.3991
    7.5000  -15.0000   15.0000 2891.6760   11.2615
   -7.5000   -7.5000   15.0000 2932.6350   11.0212
    0.0000   -7.5000   15.0000 2990.5212   11.0320
    7.5000   -7.5000   15.0000 2935.1013   11.0114
   -7.5000    0.0000   15.0000 2947.3149   11.1004
    0.0000    0.0000   15.0000 2989.5271   11.0189
    7.5000    0.0000   15.0000 2939.5781   11.0782
   -7.5000    7.5000   15.0000 2912.4519   11.4223
    0.0000    7.5000   15.0000 2942.5364   11.2677
    7.5000    7.5000   15.0000 2904.4795   11.3858
   -7.5000   15.0000   15.0000 2832.1929   11.9379
    0.0000   15.0000   15.0000 2852.4604   11.8087
    7.5000   15.0000   15.0000 2825.4768   11.9320
   -7.5000   22.5000   15.0000 2721.2812   12.7601
    0.0000   22.5000   15.0000 2734.6865   12.5966
    7.5000   22.5000   15.0000 2718.8606   12.7574
   -7.5000   30.0000   15.0000 2587.7971   13.8699
    0.0000   30.0000   15.0000 2600.0952   13.6735
    7.5000   30.0000   15.0000 2588.7024   13.8853
   -7.5000   37.5000   15.0000 2438.3604   15.3374
    0.0000   37.5000   15.0000 2452.3057   15.1652
    7.5000   37.5000   15.0000 2433.9297   15.3804
   -7.5000   45.0000   15.0000 2270.1455   17.1933
    0.0000   45.0000   15.0000 2284.1313   17.0567
    7.5000   45.0000   15.0000 2267.6184   17.2384
   -7.5000  -45.0000   22.5000 2438.8506   15.4947
    0.0000  -45.0000   22.5000 2450.9629   15.3170
    7.5000  -45.0000   22.5000 2438.5471   15.4228
   -7.5000  -37.5000   22.5000 2575.4211   14.0773
    0.0000  -37.5000   22.5000 2586.1936   13.9011
    7.5000  -37.5000   22.5000 2573.2207   13.9846
   -7.5000  -30.0000   22.5000 2689.2971   12.9912
    0.0000  -30.0000   22.5000 2699.2175   12.8533
    7.5000  -30.0000   22.5000 2690.4465   12.9411
   -7.5000  -22.5000   22.5000 2794.3767   12.1745
    0.0000  -22.5000   22.5000 2811.4170   12.0951
    7.5000  -22.5000   22.5000 2792.9158   12.1551
   -7.5000  -15.0000   22.5000 2858.9932   11.5804
    0.0000  -15.0000   22.5000 2878.5894   11.4749
    7.5000  -15.0000   22.5000 2858.7244   11.5576
   -7.5000   -7.5000   22.5000 2897.7700   11.3525
    0.0000   -7.5000   22.5000 2923.4180   11.1576
    7.5000   -7.5000   22.5000 2899.3594   11.3621
   -7.5000    0.0000   22.5000 2905.9114   11.4333
    0.0000    0.0000   22.5000 2934.2388   11.2804
    7.5000    0.0000   22.5000 2904.9089   11.4697
   -7.5000    7.5000   22.5000 2862.9382   11.8327
    0.0000    7.5000   22.5000 2891.1316   11.6907
    7.5000    7.5000   22.5000 2858.0979   11.8231
   -7.5000   15.0000   22.5000 2789.0222   12.3768
    0.0000   15.0000   22.5000 2802.8086   12.2196
    7.5000   15.0000   22.5000 2778.6050   12.3741
   -7.5000   22.5000   22.5000 2680.6663   13.2198
    0.0000   22.5000   22.5000 2697.5374   13.0542
    7.5000   22.5000   22.5000 2680.2214   13.1922
   -7.5000   30.0000   22.5000 2552.6140   14.3215
    0.0000   30.0000   22.5000 2566.9734   14.1358
    7.5000   30.0000   22.5000 2551.0693   14.2912
   -7.5000   37.5000   22.5000 2397.5149   15.7686
    0.0000   37.5000   22.5000 2410.2532   15.5927
    7.5000   37.5000   22.5000 2398.1836   15.7474
   -7.5000   45.0000   22.5000 2228.2974   17.6091
    0.0000   45.0000   22.5000 2231.0132   17.4590
    7.5000   45.0000   22.5000 2223.5750   17.6141
   -7.5000  -45.0000   30.0000 2409.3684   16.1125
    0.0000  -45.0000   30.0000 2416.1121   15.7131
    7.5000  -45.0000   30.0000 2411.6931   15.9708
   -7.5000  -37.5000   30.0000 2539.4094   14.6594
    0.0000  -37.5000   30.0000 2549.1951   14.2934
    7.5000  -37.5000   30.0000 2543.4766   14.5080
   -7.5000  -30.0000   30.0000 2651.8372   13.5188
    0.0000  -30.0000   30.0000 2666.4465   13.2344
    7.5000  -30.0000   30.0000 2657.1223   13.4140
   -7.5000  -22.5000   30.0000 2743.1963   12.6297
    0.0000  -22.5000   30.0000 2759.9324   12.4175
    7.5000  -22.5000   30.0000 2750.3071   12.5809
   -7.5000  -15.0000   30.0000 2806.7314   12.0717
    0.0000  -15.0000   30.0000 2817.6890   11.7672
    7.5000  -15.0000   30.0000 2810.3352   12.0202
   -7.5000   -7.5000   30.0000 2837.6543   11.8737
    0.0000   -7.5000   30.0000 2852.6926   11.5908
    7.5000   -7.5000   30.0000 2845.1182   11.8697
   -7.5000    0.0000   30.0000 2835.6797   11.9645
    0.0000    0.0000   30.0000 2858.6538   11.7650
    7.5000    0.0000   30.0000 2841.7488   11.9936
   -7.5000    7.5000   30.0000 2791.4636   12.3543
    0.0000    7.5000   30.0000 2812.7134   12.1868
    7.5000    7.5000   30.0000 2792.3149   12.3614
   -7.5000   15.0000   30.0000 2723.5273   12.9442
    0.0000   15.0000   30.0000 2737.0273   12.7866
    7.5000   15.0000   30.0000 2721.1328   12.9609
   -7.5000   22.5000   30.0000 2628.8105   13.7826
    0.0000   22.5000   30.0000 2640.4578   13.6009
    7.5000   22.5000   30.0000 2627.5759   13.7784
   -7.5000   30.0000   30.0000 2501.6772   14.9123
    0.0000   30.0000   30.0000 2513.9287   14.7243
    7.5000   30.0000   30.0000 2498.8899   14.8979
   -7.5000   37.5000   30.0000 2336.7788   16.4051
    0.0000   37.5000   30.0000 2351.7910   16.2367
    7.5000   37.5000   30.0000 2344.1204   16.3609
   -7.5000   45.0000   30.0000 2168.4736   18.1856
    0.0000   45.0000   30.0000 2178.7034   18.0816
    7.5000   45.0000   30.0000 2168.1074   18.2156
   -7.5000  -45.0000   37.5000 2368.9722   16.8214
    0.0000  -45.0000   37.5000 2380.4497   16.3110
    7.5000  -45.0000   37.5000 2375.5525   16.6436
   -7.5000  -37.5000   37.5000 2496.6865   15.2899
    0.0000  -37.5000   37.5000 2507.3755   14.8375
    7.5000  -37.5000   37.5000 2501.8010   15.1186
   -7.5000  -30.0000   37.5000 2601.7437   14.0981
    0.0000  -30.0000   37.5000 2618.6223   13.7208
    7.5000  -30.0000   37.5000 2609.0205   13.9673
   -7.5000  -22.5000   37.5000 2681.3235   13.2456
    0.0000  -22.5000   37.5000 2701.4556   12.8840
    7.5000  -22.5000   37.5000 2688.8835   13.1371
   -7.5000  -15.0000   37.5000 2742.3040   12.6970
    0.0000  -15.0000   37.5000 2758.1553   12.3394
    7.5000  -15.0000   37.5000 2749.2942   12.6451
   -7.5000   -7.5000   37.5000 2769.6638   12.5116
    0.0000   -7.5000   37.5000 2784.6755   12.2054
    7.5000   -7.5000   37.5000 2778.2664   12.4865
   -7.5000    0.0000   37.5000 2757.1184   12.6395
    0.0000    0.0000   37.5000 2777.6072   12.3718
    7.5000    0.0000   37.5000 2766.0171   12.6306
   -7.5000    7.5000   37.5000 2711.0610   13.0058
    0.0000    7.5000   37.5000 2733.8977   12.8038
    7.5000    7.5000   37.5000 2720.3894   12.9941
   -7.5000   15.0000   37.5000 2646.6929   13.6319
    0.0000   15.0000   37.5000 2662.0969   13.4510
    7.5000   15.0000   37.5000 2647.3071   13.6380
   -7.5000   22.5000   37.5000 2557.3721   14.4530
    0.0000   22.5000   37.5000 2570.4949   14.3003
    7.5000   22.5000   37.5000 2557.7390   14.4800
   -7.5000   30.0000   37.5000 2427.6221   15.6247
    0.0000   30.0000   37.5000 2446.0186   15.4774
    7.5000   30.0000   37.5000 2430.5562   15.6647
   -7.5000   37.5000   37.5000 2269.7437   17.1216
    0.0000   37.5000   37.5000 2287.8689   16.9588
    7.5000   37.5000   37.5000 2277.2773   17.1410
   -7.5000   45.0000   37.5000 2108.3801   19.0236
    0.0000   45.0000   37.5000 2128.0120   18.8751
    7.5000   45.0000   37.5000 2114.2019   19.0332
   -7.5000  -45.0000   45.0000 2320.5625   17.6294
    0.0000  -45.0000   45.0000 2335.5994   17.0683
    7.5000  -45.0000   45.0000 2327.5430   17.4418
   -7.5000  -37.5000   45.0000 2443.1853   15.9977
    0.0000  -37.5000   45.0000 2455.8503   15.5361
    7.5000  -37.5000   45.0000 2448.3757   15.8523
   -7.5000  -30.0000   45.0000 2541.7100   14.8158
    0.0000  -30.0000   45.0000 2557.0149   14.3966
    7.5000  -30.0000   45.0000 2550.6155   14.6879
   -7.5000  -22.5000   45.0000 2615.6050   13.9893
    0.0000  -22.5000   45.0000 2634.4109   13.5871
    7.5000  -22.5000   45.0000 2623.8560   13.8810
   -7.5000  -15.0000   45.0000 2662.4299   13.4695
    0.0000  -15.0000   45.0000 2673.9634   13.1099
    7.5000  -15.0000   45.0000 2668.7437   13.4103
   -7.5000   -7.5000   45.0000 2687.4910   13.2849
    0.0000   -7.5000   45.0000 2699.0220   12.9784
    7.5000   -7.5000   45.0000 2693.9739   13.2251
   -7.5000    0.0000   45.0000 2673.7715   13.4148
    0.0000    0.0000   45.0000 2697.5461   13.0852
    7.5000    0.0000   45.0000 2688.5020   13.3229
   -7.5000    7.5000   45.0000 2633.8628   13.7860
    0.0000    7.5000   45.0000 2655.7659   13.5351
    7.5000    7.5000   45.0000 2647.3289   13.7397
   -7.5000   15.0000   45.0000 2565.2571   14.4488
    0.0000   15.0000   45.0000 2585.8049   14.2252
    7.5000   15.0000   45.0000 2569.8562   14.4095
   -7.5000   22.5000   45.0000 2475.1155   15.3117
    0.0000   22.5000   45.0000 2493.9395   15.0989
    7.5000   22.5000   45.0000 2478.5125   15.3113
   -7.5000   30.0000   45.0000 2346.9451   16.5269
    0.0000   30.0000   45.0000 2370.7625   16.3681
    7.5000   30.0000   45.0000 2355.4424   16.5200
   -7.5000   37.5000   45.0000 2195.5933   18.0996
    0.0000   37.5000   45.0000 2218.2957   17.9504
    7.5000   37.5000   45.0000 2202.3999   18.0700
   -7.5000   45.0000   45.0000 2050.0779   20.0361
    0.0000   45.0000   45.0000 2068.6174   19.9224
    7.5000   45.0000   45.0000 2056.0479   20.0231

---------------------------------------------------------------------
imgreg_4dfp /opt/freesurfer/average/711-2C_as_mni_average_305 /opt/freesurfer/average/711-2B_as_mni_average_305_mask talsrcimg_g11 none talsrcimg_to_711-2C_as_mni_average_305_t4 1283
---------------------------------------------------------------------

freesurfer imgreg_4dfp.c
/opt/freesurfer/average/711-2C_as_mni_average_305.4dfp.img
       256       256       256         1
  1.000000  1.000000  1.000000
orientation T byte_order littleendian
Reading image: /opt/freesurfer/average/711-2C_as_mni_average_305.4dfp.img
dimensions:      256       256       256
mmppix:       1.0000   -1.0000   -1.0000
center:     128.0000 -129.0000 -129.0000
/opt/freesurfer/average/711-2B_as_mni_average_305_mask.4dfp.img
       256       256       256         1
  1.000000  1.000000  1.000000
orientation T byte_order littleendian
Reading mask: /opt/freesurfer/average/711-2B_as_mni_average_305_mask.4dfp.img (2306576 pixels)
talsrcimg_g11.4dfp.img
       256       256       256         1
  1.000000  1.000000  1.000000
orientation T byte_order littleendian
Reading image: talsrcimg_g11.4dfp.img
dimensions:      256       256       256
mmppix:       1.0000   -1.0000   -1.0000
center:     128.0000 -129.0000 -129.0000
rotation matrix determinant  1.000000
fimgreg.f
image alignment mode   1283 decimal      503 hex
parameters
    0.0000   -7.5000    7.5000    0.0000    0.0000    0.0000
eta,q 0.95526 11.08377
niter,ni,del,rscale     5    3   12.0000    1.2000
parameters
   -0.0188   -4.9930    6.2785    1.8584   -0.7462   -0.0544
eta,q 0.95911 10.75572
  0.0640  0.0645  0.0493  0.0541  0.0469  0.0478
  0.0548  0.0589  0.0446  0.0497  0.0433  0.0436
  0.0476  0.0518  0.0425  0.0456  0.0415  0.0410
  0.0451  0.0451  0.0431  0.0425  0.0411  0.0409
  0.0489  0.0427  0.0460  0.0411  0.0422  0.0422
  0.0555  0.0440  0.0506  0.0425  0.0459  0.0443
  0.0635  0.0488  0.0564  0.0459  0.0513  0.0473
niter,ni,del,rscale     4    3   12.0000    1.2000
parameters
    0.0261   -5.7009    6.3995    2.2007   -0.6420   -0.0711
eta,q 0.95922 10.75722
  0.0587  0.0543  0.0526  0.0496  0.0493  0.0482
  0.0496  0.0467  0.0469  0.0456  0.0447  0.0437
  0.0428  0.0423  0.0430  0.0425  0.0421  0.0410
  0.0409  0.0409  0.0409  0.0409  0.0408  0.0408
  0.0436  0.0443  0.0421  0.0416  0.0414  0.0421
  0.0495  0.0531  0.0461  0.0444  0.0442  0.0444
  0.0577  0.0617  0.0520  0.0480  0.0490  0.0474
niter,ni,del,rscale     3    3   12.0000    1.2000
parameters
    0.0556   -5.9188    6.4039    2.2852   -0.6261   -0.0641
eta,q 0.95909 10.75942
  0.0585  0.0563  0.0522  0.0488  0.0492  0.0483
  0.0498  0.0486  0.0466  0.0451  0.0447  0.0438
  0.0430  0.0432  0.0428  0.0422  0.0421  0.0411
  0.0408  0.0408  0.0409  0.0409  0.0409  0.0409
  0.0435  0.0426  0.0423  0.0420  0.0416  0.0422
  0.0495  0.0500  0.0464  0.0448  0.0446  0.0445
  0.0580  0.0594  0.0524  0.0484  0.0493  0.0475
niter,ni,del,rscale     2    3   12.0000    1.2000
parameters
    0.0704   -5.9812    6.3992    2.3119   -0.6265   -0.0597
eta,q 0.95904 10.76056
  0.0585  0.0569  0.0522  0.0487  0.0492  0.0483
  0.0500  0.0493  0.0466  0.0450  0.0447  0.0439
  0.0432  0.0436  0.0428  0.0422  0.0422  0.0412
  0.0409  0.0409  0.0410  0.0410  0.0410  0.0410
  0.0436  0.0421  0.0423  0.0421  0.0417  0.0423
  0.0497  0.0491  0.0465  0.0449  0.0446  0.0445
  0.0583  0.0587  0.0524  0.0485  0.0494  0.0475
niter,ni,del,rscale     1    3   12.0000    1.2000
parameters
    0.0770   -5.9997    6.3966    2.3222   -0.6292   -0.0576
eta,q 0.95903 10.76105
  0.0585  0.0571  0.0522  0.0486  0.0492  0.0484
  0.0500  0.0496  0.0466  0.0449  0.0447  0.0439
  0.0432  0.0437  0.0428  0.0422  0.0422  0.0412
  0.0410  0.0410  0.0410  0.0410  0.0410  0.0410
  0.0437  0.0420  0.0423  0.0422  0.0417  0.0423
  0.0498  0.0489  0.0465  0.0449  0.0447  0.0446
  0.0584  0.0585  0.0524  0.0486  0.0494  0.0475
registration optimization eta report
parameter search radius
    6.0000    6.0000    6.0000    6.0000    6.0000    6.0000
100000*second partial in parameter space
       48.       47.       31.       21.       23.       19.
  0.0585  0.0571  0.0522  0.0486  0.0492  0.0484
  0.0500  0.0496  0.0466  0.0449  0.0447  0.0439
  0.0432  0.0437  0.0428  0.0422  0.0422  0.0412
  0.0410  0.0410  0.0410  0.0410  0.0410  0.0410
  0.0437  0.0420  0.0423  0.0422  0.0417  0.0423
  0.0498  0.0489  0.0465  0.0449  0.0447  0.0446
  0.0584  0.0585  0.0524  0.0486  0.0494  0.0475
    0.0770   -5.9997    6.3966    2.3222   -0.6292   -0.0576
eta,q 0.95903 10.76105

---------------------------------------------------------------------
imgreg_4dfp /opt/freesurfer/average/711-2C_as_mni_average_305 /opt/freesurfer/average/711-2B_as_mni_average_305_mask talsrcimg_g11 none talsrcimg_to_711-2C_as_mni_average_305_t4 3335
---------------------------------------------------------------------

freesurfer imgreg_4dfp.c
/opt/freesurfer/average/711-2C_as_mni_average_305.4dfp.img
       256       256       256         1
  1.000000  1.000000  1.000000
orientation T byte_order littleendian
Reading image: /opt/freesurfer/average/711-2C_as_mni_average_305.4dfp.img
dimensions:      256       256       256
mmppix:       1.0000   -1.0000   -1.0000
center:     128.0000 -129.0000 -129.0000
/opt/freesurfer/average/711-2B_as_mni_average_305_mask.4dfp.img
       256       256       256         1
  1.000000  1.000000  1.000000
orientation T byte_order littleendian
Reading mask: /opt/freesurfer/average/711-2B_as_mni_average_305_mask.4dfp.img (2306576 pixels)
talsrcimg_g11.4dfp.img
       256       256       256         1
  1.000000  1.000000  1.000000
orientation T byte_order littleendian
Reading image: talsrcimg_g11.4dfp.img
dimensions:      256       256       256
mmppix:       1.0000   -1.0000   -1.0000
center:     128.0000 -129.0000 -129.0000
fimgreg.f
image alignment mode   3335 decimal      D07 hex
parameters
    0.0770   -5.9997    6.3966   -0.0061   -0.0822   -0.0881
    0.1449    1.0931   -0.1005   -4.0529   -1.0981    4.0516
eta,q 0.95844 10.98746
niter,ni,del,rscale     5    3    5.0000    1.2000
parameter  4  1.453164 ->  0.500000 qaram    1.1500
parameter  5  2.537176 ->  0.500000 qaram    1.1500
parameter 12  0.564482 ->  0.500000 qaram    1.1500
parameters
    0.0451   -5.7894    6.8788   -4.1461   -4.2222   -3.3918
   -0.4472    2.8871    0.8002   -5.2717    0.1388   -0.0884
eta,q 0.97211 10.82922
  0.0451  0.0443  0.0443  0.0339  0.0264  0.0297  0.0316  0.0376  0.0314  0.0305  0.0311  0.0282
  0.0431  0.0429  0.0429  0.0347  0.0286  0.0292  0.0301  0.0342  0.0300  0.0292  0.0297  0.0279
  0.0419  0.0420  0.0420  0.0373  0.0317  0.0289  0.0291  0.0309  0.0290  0.0285  0.0288  0.0280
  0.0416  0.0416  0.0415  0.0415  0.0352  0.0294  0.0289  0.0289  0.0285  0.0284  0.0284  0.0284
  0.0421  0.0417  0.0415  0.0468  0.0395  0.0315  0.0295  0.0285  0.0285  0.0291  0.0284  0.0290
  0.0433  0.0424  0.0419  0.0527  0.0439  0.0351  0.0307  0.0297  0.0292  0.0306  0.0289  0.0301
  0.0451  0.0435  0.0427  0.0578  0.0486  0.0396  0.0326  0.0322  0.0303  0.0328  0.0297  0.0314
niter,ni,del,rscale     7    3    5.0000    1.2000
parameter  3  0.719889 ->  0.500000 qaram    1.1500
parameter  5  0.883956 ->  0.500000 qaram    1.3225
parameters
    0.1865   -5.7198    5.4988   -6.9404   -8.9832   -2.6865
   -0.5548    2.8593    1.0570   -4.4501    0.7271   -0.5741
eta,q 0.97584 10.57020
  0.0324  0.0306  0.0272  0.0293  0.0240  0.0266  0.0265  0.0296  0.0264  0.0280  0.0258  0.0256
  0.0300  0.0291  0.0270  0.0282  0.0242  0.0258  0.0253  0.0265  0.0253  0.0259  0.0249  0.0248
  0.0285  0.0282  0.0273  0.0272  0.0252  0.0251  0.0245  0.0247  0.0245  0.0247  0.0244  0.0243
  0.0279  0.0279  0.0279  0.0271  0.0272  0.0244  0.0242  0.0242  0.0242  0.0242  0.0242  0.0242
  0.0282  0.0281  0.0288  0.0294  0.0301  0.0238  0.0245  0.0248  0.0244  0.0244  0.0242  0.0244
  0.0294  0.0289  0.0300  0.0345  0.0341  0.0242  0.0253  0.0265  0.0250  0.0251  0.0246  0.0250
  0.0314  0.0303  0.0315  0.0410  0.0387  0.0266  0.0267  0.0297  0.0261  0.0265  0.0253  0.0260
niter,ni,del,rscale     7    3    5.0000    1.2000
parameters
    0.3364   -5.7601    5.6779   -7.2659  -11.8642   -2.2614
   -0.6708    2.8640    0.9074   -4.3457    0.7776    0.1426
eta,q 0.97627 10.45721
  0.0278  0.0265  0.0263  0.0280  0.0263  0.0260  0.0260  0.0289  0.0256  0.0268  0.0250  0.0255
  0.0259  0.0252  0.0250  0.0266  0.0245  0.0252  0.0248  0.0260  0.0245  0.0250  0.0243  0.0246
  0.0247  0.0244  0.0244  0.0253  0.0238  0.0245  0.0240  0.0242  0.0239  0.0240  0.0239  0.0240
  0.0242  0.0241  0.0241  0.0241  0.0243  0.0239  0.0238  0.0237  0.0238  0.0237  0.0237  0.0238
  0.0244  0.0245  0.0243  0.0238  0.0257  0.0233  0.0241  0.0243  0.0240  0.0241  0.0239  0.0238
  0.0253  0.0253  0.0248  0.0258  0.0287  0.0239  0.0249  0.0259  0.0247  0.0250  0.0242  0.0242
  0.0270  0.0266  0.0257  0.0302  0.0328  0.0264  0.0262  0.0289  0.0257  0.0265  0.0249  0.0250
niter,ni,del,rscale     6    3    5.0000    1.2000
parameters
    0.3588   -5.8764    6.1227   -6.8895  -12.2709   -2.0177
   -0.6159    2.8744    0.8762   -4.5312    0.7010    0.4691
eta,q 0.97656 10.46869
  0.0269  0.0259  0.0260  0.0277  0.0279  0.0258  0.0260  0.0287  0.0254  0.0264  0.0247  0.0252
  0.0252  0.0245  0.0248  0.0262  0.0257  0.0249  0.0247  0.0258  0.0243  0.0247  0.0240  0.0242
  0.0241  0.0238  0.0240  0.0249  0.0240  0.0242  0.0238  0.0240  0.0237  0.0237  0.0236  0.0236
  0.0237  0.0237  0.0237  0.0237  0.0235  0.0235  0.0235  0.0234  0.0235  0.0235  0.0234  0.0234
  0.0241  0.0241  0.0237  0.0230  0.0242  0.0230  0.0237  0.0240  0.0237  0.0239  0.0236  0.0236
  0.0251  0.0250  0.0241  0.0244  0.0259  0.0238  0.0246  0.0257  0.0244  0.0250  0.0240  0.0241
  0.0268  0.0262  0.0248  0.0282  0.0291  0.0264  0.0259  0.0287  0.0254  0.0266  0.0248  0.0249
niter,ni,del,rscale     5    3    5.0000    1.2000
parameters
    0.3543   -5.9292    6.2271   -6.8927  -12.3711   -1.9935
   -0.5959    2.8852    0.8720   -4.5933    0.6712    0.5777
eta,q 0.97658 10.46673
  0.0266  0.0258  0.0254  0.0274  0.0281  0.0257  0.0259  0.0287  0.0254  0.0265  0.0247  0.0251
  0.0249  0.0244  0.0243  0.0259  0.0259  0.0248  0.0246  0.0257  0.0243  0.0247  0.0240  0.0241
  0.0238  0.0236  0.0236  0.0246  0.0241  0.0241  0.0237  0.0239  0.0236  0.0237  0.0236  0.0236
  0.0234  0.0234  0.0234  0.0234  0.0234  0.0234  0.0234  0.0234  0.0234  0.0234  0.0234  0.0234
  0.0238  0.0238  0.0236  0.0230  0.0240  0.0230  0.0237  0.0239  0.0237  0.0238  0.0236  0.0236
  0.0249  0.0247  0.0241  0.0246  0.0256  0.0239  0.0245  0.0256  0.0244  0.0249  0.0240  0.0241
  0.0266  0.0259  0.0250  0.0288  0.0287  0.0266  0.0259  0.0286  0.0254  0.0265  0.0247  0.0250
niter,ni,del,rscale     4    3    5.0000    1.2000
parameters
    0.3558   -5.9399    6.2486   -6.8802  -12.3968   -1.9947
   -0.5904    2.8910    0.8640   -4.6129    0.6693    0.6019
eta,q 0.97658 10.46631
  0.0266  0.0259  0.0252  0.0274  0.0282  0.0257  0.0259  0.0286  0.0254  0.0265  0.0247  0.0251
  0.0249  0.0245  0.0242  0.0259  0.0259  0.0248  0.0246  0.0257  0.0243  0.0248  0.0240  0.0241
  0.0238  0.0236  0.0236  0.0246  0.0241  0.0241  0.0237  0.0239  0.0236  0.0237  0.0235  0.0236
  0.0234  0.0234  0.0234  0.0234  0.0234  0.0234  0.0234  0.0234  0.0234  0.0234  0.0234  0.0234
  0.0238  0.0238  0.0236  0.0229  0.0239  0.0230  0.0237  0.0239  0.0237  0.0238  0.0236  0.0236
  0.0248  0.0246  0.0242  0.0246  0.0255  0.0239  0.0245  0.0256  0.0244  0.0249  0.0240  0.0241
  0.0266  0.0259  0.0251  0.0288  0.0286  0.0267  0.0259  0.0286  0.0254  0.0265  0.0247  0.0250
registration optimization eta report
parameter search radius
    2.4000    2.4000    2.7600    8.2800    9.5220    7.2000
    7.2000    7.2000    7.2000    7.2000    7.2000    8.2800
100000*second partial in parameter space
       55.       43.       23.        7.        5.        6.
        5.       10.        4.        6.        2.        2.
  0.0266  0.0259  0.0252  0.0274  0.0282  0.0257  0.0259  0.0286  0.0254  0.0265  0.0247  0.0251
  0.0249  0.0245  0.0242  0.0259  0.0259  0.0248  0.0246  0.0257  0.0243  0.0248  0.0240  0.0241
  0.0238  0.0236  0.0236  0.0246  0.0241  0.0241  0.0237  0.0239  0.0236  0.0237  0.0235  0.0236
  0.0234  0.0234  0.0234  0.0234  0.0234  0.0234  0.0234  0.0234  0.0234  0.0234  0.0234  0.0234
  0.0238  0.0238  0.0236  0.0229  0.0239  0.0230  0.0237  0.0239  0.0237  0.0238  0.0236  0.0236
  0.0248  0.0246  0.0242  0.0246  0.0255  0.0239  0.0245  0.0256  0.0244  0.0249  0.0240  0.0241
  0.0266  0.0259  0.0251  0.0288  0.0286  0.0267  0.0259  0.0286  0.0254  0.0265  0.0247  0.0250
    0.3558   -5.9399    6.2486   -6.8802  -12.3968   -1.9947
   -0.5904    2.8910    0.8640   -4.6129    0.6693    0.6019
eta,q 0.97658 10.46631

---------------------------------------------------------------------
imgreg_4dfp /opt/freesurfer/average/711-2C_as_mni_average_305 /opt/freesurfer/average/711-2B_as_mni_average_305_mask talsrcimg_g11 none talsrcimg_to_711-2C_as_mni_average_305_t4 2311
---------------------------------------------------------------------

freesurfer imgreg_4dfp.c
/opt/freesurfer/average/711-2C_as_mni_average_305.4dfp.img
       256       256       256         1
  1.000000  1.000000  1.000000
orientation T byte_order littleendian
Reading image: /opt/freesurfer/average/711-2C_as_mni_average_305.4dfp.img
dimensions:      256       256       256
mmppix:       1.0000   -1.0000   -1.0000
center:     128.0000 -129.0000 -129.0000
/opt/freesurfer/average/711-2B_as_mni_average_305_mask.4dfp.img
       256       256       256         1
  1.000000  1.000000  1.000000
orientation T byte_order littleendian
Reading mask: /opt/freesurfer/average/711-2B_as_mni_average_305_mask.4dfp.img (2306576 pixels)
talsrcimg_g11.4dfp.img
       256       256       256         1
  1.000000  1.000000  1.000000
orientation T byte_order littleendian
Reading image: talsrcimg_g11.4dfp.img
dimensions:      256       256       256
mmppix:       1.0000   -1.0000   -1.0000
center:     128.0000 -129.0000 -129.0000
fimgreg.f
image alignment mode   2311 decimal      907 hex
parameters
    0.3558   -5.9399    6.2486   -6.8802  -12.3968   -1.9947
   -0.5904    2.8910    0.8640   -4.6129    0.6693    0.6019
eta,q 0.97658 10.46631
niter,ni,del,rscale     5    3    5.0000    0.8000
parameters
    0.3643   -6.0069    6.2308   -5.0589  -12.2754   -1.4816
   -0.6757    3.0282    0.7580   -4.6892    0.6683    0.4738
eta,q 0.97717 10.54984
  0.0249  0.0245  0.0240  0.0256  0.0244  0.0244  0.0242  0.0264  0.0238  0.0243  0.0238  0.0234
  0.0241  0.0238  0.0236  0.0248  0.0236  0.0239  0.0235  0.0245  0.0233  0.0235  0.0232  0.0231
  0.0236  0.0235  0.0235  0.0241  0.0231  0.0234  0.0230  0.0233  0.0229  0.0230  0.0229  0.0229
  0.0234  0.0234  0.0234  0.0234  0.0229  0.0229  0.0228  0.0228  0.0228  0.0228  0.0228  0.0228
  0.0236  0.0236  0.0235  0.0230  0.0231  0.0227  0.0230  0.0232  0.0230  0.0230  0.0229  0.0229
  0.0240  0.0240  0.0237  0.0230  0.0236  0.0231  0.0235  0.0243  0.0233  0.0235  0.0233  0.0231
  0.0248  0.0246  0.0240  0.0239  0.0242  0.0243  0.0243  0.0260  0.0239  0.0244  0.0238  0.0235
niter,ni,del,rscale     4    3    5.0000    0.7000
parameters
    0.3231   -5.9957    6.4539   -5.3479  -12.3757   -0.8416
   -0.6233    3.0062    0.7009   -4.6658    0.5648    0.3000
eta,q 0.97725 10.55745
  0.0242  0.0238  0.0236  0.0243  0.0239  0.0242  0.0238  0.0254  0.0235  0.0239  0.0235  0.0232
  0.0234  0.0232  0.0232  0.0237  0.0233  0.0237  0.0232  0.0239  0.0231  0.0233  0.0230  0.0229
  0.0230  0.0229  0.0230  0.0231  0.0229  0.0232  0.0229  0.0230  0.0228  0.0229  0.0228  0.0228
  0.0228  0.0228  0.0228  0.0228  0.0229  0.0229  0.0227  0.0227  0.0227  0.0227  0.0227  0.0227
  0.0230  0.0230  0.0228  0.0229  0.0230  0.0227  0.0229  0.0231  0.0228  0.0229  0.0229  0.0228
  0.0235  0.0233  0.0230  0.0237  0.0234  0.0229  0.0232  0.0240  0.0231  0.0233  0.0231  0.0230
  0.0244  0.0237  0.0232  0.0252  0.0240  0.0238  0.0238  0.0254  0.0236  0.0239  0.0235  0.0233
niter,ni,del,rscale     3    3    5.0000    0.6000
parameters
    0.3231   -6.0319    6.5098   -5.3477  -12.4444   -0.6341
   -0.6117    3.0356    0.6910   -4.6368    0.5046    0.2797
eta,q 0.97728 10.56197
  0.0238  0.0234  0.0232  0.0240  0.0235  0.0237  0.0235  0.0248  0.0233  0.0236  0.0233  0.0231
  0.0232  0.0230  0.0230  0.0235  0.0231  0.0234  0.0231  0.0236  0.0230  0.0231  0.0229  0.0229
  0.0229  0.0228  0.0228  0.0230  0.0228  0.0230  0.0228  0.0229  0.0228  0.0228  0.0228  0.0228
  0.0227  0.0227  0.0228  0.0227  0.0227  0.0227  0.0227  0.0227  0.0227  0.0227  0.0227  0.0227
  0.0229  0.0229  0.0228  0.0228  0.0229  0.0227  0.0228  0.0230  0.0228  0.0228  0.0228  0.0227
  0.0232  0.0231  0.0229  0.0232  0.0232  0.0230  0.0231  0.0236  0.0230  0.0231  0.0230  0.0229
  0.0238  0.0235  0.0231  0.0243  0.0236  0.0238  0.0235  0.0247  0.0233  0.0236  0.0233  0.0231
niter,ni,del,rscale     2    3    5.0000    0.5000
parameters
    0.3288   -6.0446    6.5326   -5.2384  -12.5272   -0.4633
   -0.6293    3.0559    0.6785   -4.6122    0.4751    0.2678
eta,q 0.97732 10.56699
  0.0235  0.0232  0.0231  0.0237  0.0233  0.0235  0.0233  0.0242  0.0231  0.0233  0.0231  0.0229
  0.0231  0.0229  0.0228  0.0233  0.0229  0.0231  0.0229  0.0233  0.0229  0.0230  0.0229  0.0228
  0.0228  0.0228  0.0228  0.0229  0.0227  0.0229  0.0227  0.0229  0.0227  0.0228  0.0227  0.0227
  0.0227  0.0227  0.0227  0.0227  0.0227  0.0227  0.0227  0.0227  0.0227  0.0227  0.0227  0.0227
  0.0228  0.0228  0.0227  0.0227  0.0228  0.0227  0.0228  0.0229  0.0227  0.0228  0.0227  0.0227
  0.0230  0.0229  0.0228  0.0230  0.0230  0.0229  0.0230  0.0234  0.0229  0.0229  0.0229  0.0228
  0.0235  0.0232  0.0230  0.0237  0.0233  0.0234  0.0233  0.0241  0.0231  0.0233  0.0231  0.0229
niter,ni,del,rscale     1    3    5.0000    0.4000
parameters
    0.3276   -6.0511    6.5760   -5.1357  -12.6077   -0.2946
   -0.6521    3.0571    0.6525   -4.6021    0.4504    0.2435
eta,q 0.97735 10.57142
  0.0232  0.0230  0.0229  0.0234  0.0230  0.0232  0.0230  0.0237  0.0229  0.0230  0.0229  0.0228
  0.0229  0.0228  0.0228  0.0231  0.0228  0.0230  0.0228  0.0231  0.0228  0.0228  0.0228  0.0227
  0.0227  0.0227  0.0227  0.0228  0.0227  0.0228  0.0227  0.0228  0.0227  0.0227  0.0227  0.0227
  0.0227  0.0227  0.0227  0.0227  0.0227  0.0227  0.0226  0.0226  0.0226  0.0226  0.0227  0.0226
  0.0227  0.0227  0.0227  0.0227  0.0227  0.0226  0.0227  0.0228  0.0227  0.0227  0.0227  0.0227
  0.0229  0.0228  0.0228  0.0229  0.0229  0.0228  0.0228  0.0231  0.0228  0.0228  0.0228  0.0227
  0.0232  0.0230  0.0229  0.0233  0.0231  0.0231  0.0230  0.0236  0.0229  0.0230  0.0229  0.0228
registration optimization eta report
parameter search radius
    0.8000    0.8000    0.8000    2.4000    2.4000    2.4000
    2.4000    2.4000    2.4000    2.4000    2.4000    2.4000
100000*second partial in parameter space
       76.       48.       32.       12.        7.        9.
        6.       17.        5.        7.        5.        3.
  0.0232  0.0230  0.0229  0.0234  0.0230  0.0232  0.0230  0.0237  0.0229  0.0230  0.0229  0.0228
  0.0229  0.0228  0.0228  0.0231  0.0228  0.0230  0.0228  0.0231  0.0228  0.0228  0.0228  0.0227
  0.0227  0.0227  0.0227  0.0228  0.0227  0.0228  0.0227  0.0228  0.0227  0.0227  0.0227  0.0227
  0.0227  0.0227  0.0227  0.0227  0.0227  0.0227  0.0226  0.0226  0.0226  0.0226  0.0227  0.0226
  0.0227  0.0227  0.0227  0.0227  0.0227  0.0226  0.0227  0.0228  0.0227  0.0227  0.0227  0.0227
  0.0229  0.0228  0.0228  0.0229  0.0229  0.0228  0.0228  0.0231  0.0228  0.0228  0.0228  0.0227
  0.0232  0.0230  0.0229  0.0233  0.0231  0.0231  0.0230  0.0236  0.0229  0.0230  0.0229  0.0228
    0.3276   -6.0511    6.5760   -5.1357  -12.6077   -0.2946
   -0.6521    3.0571    0.6525   -4.6021    0.4504    0.2435
eta,q 0.97735 10.57142

---------------------------------------------------------------------
imgreg_4dfp /opt/freesurfer/average/711-2C_as_mni_average_305 /opt/freesurfer/average/711-2B_as_mni_average_305_mask talsrcimg_g11 none talsrcimg_to_711-2C_as_mni_average_305_t4 2311
---------------------------------------------------------------------

freesurfer imgreg_4dfp.c
/opt/freesurfer/average/711-2C_as_mni_average_305.4dfp.img
       256       256       256         1
  1.000000  1.000000  1.000000
orientation T byte_order littleendian
Reading image: /opt/freesurfer/average/711-2C_as_mni_average_305.4dfp.img
dimensions:      256       256       256
mmppix:       1.0000   -1.0000   -1.0000
center:     128.0000 -129.0000 -129.0000
/opt/freesurfer/average/711-2B_as_mni_average_305_mask.4dfp.img
       256       256       256         1
  1.000000  1.000000  1.000000
orientation T byte_order littleendian
Reading mask: /opt/freesurfer/average/711-2B_as_mni_average_305_mask.4dfp.img (2306576 pixels)
talsrcimg_g11.4dfp.img
       256       256       256         1
  1.000000  1.000000  1.000000
orientation T byte_order littleendian
Reading image: talsrcimg_g11.4dfp.img
dimensions:      256       256       256
mmppix:       1.0000   -1.0000   -1.0000
center:     128.0000 -129.0000 -129.0000
fimgreg.f
image alignment mode   2311 decimal      907 hex
parameters
    0.3276   -6.0511    6.5760   -5.1357  -12.6077   -0.2946
   -0.6521    3.0571    0.6525   -4.6021    0.4504    0.2435
eta,q 0.97735 10.57143
niter,ni,del,rscale     5    3    5.0000    0.8000
parameters
    0.3102   -6.0164    6.6613   -5.7347  -12.4146   -0.8006
   -0.5345    3.0210    0.7407   -4.6621    0.4768    0.3918
eta,q 0.97720 10.54779
  0.0246  0.0239  0.0237  0.0245  0.0243  0.0241  0.0242  0.0259  0.0239  0.0243  0.0237  0.0235
  0.0235  0.0232  0.0231  0.0237  0.0235  0.0236  0.0235  0.0242  0.0233  0.0235  0.0232  0.0231
  0.0229  0.0228  0.0228  0.0230  0.0229  0.0231  0.0230  0.0231  0.0229  0.0230  0.0229  0.0229
  0.0226  0.0226  0.0226  0.0227  0.0227  0.0227  0.0228  0.0228  0.0228  0.0228  0.0228  0.0228
  0.0229  0.0228  0.0227  0.0229  0.0229  0.0228  0.0229  0.0232  0.0229  0.0230  0.0229  0.0229
  0.0235  0.0232  0.0230  0.0241  0.0233  0.0237  0.0234  0.0242  0.0233  0.0235  0.0232  0.0231
  0.0247  0.0238  0.0234  0.0263  0.0240  0.0254  0.0241  0.0259  0.0238  0.0244  0.0237  0.0234
niter,ni,del,rscale     4    3    5.0000    0.7000
parameters
    0.3362   -6.0460    6.4749   -5.5551  -12.3662   -0.8502
   -0.5798    3.0454    0.7394   -4.6585    0.5316    0.3705
eta,q 0.97722 10.55307
  0.0242  0.0237  0.0233  0.0245  0.0239  0.0240  0.0238  0.0254  0.0236  0.0239  0.0235  0.0232
  0.0234  0.0232  0.0229  0.0238  0.0233  0.0235  0.0232  0.0239  0.0231  0.0233  0.0231  0.0230
  0.0230  0.0229  0.0228  0.0232  0.0229  0.0231  0.0229  0.0231  0.0229  0.0229  0.0228  0.0228
  0.0228  0.0228  0.0228  0.0228  0.0228  0.0228  0.0228  0.0228  0.0228  0.0228  0.0228  0.0228
  0.0229  0.0229  0.0229  0.0228  0.0229  0.0227  0.0229  0.0231  0.0229  0.0229  0.0229  0.0228
  0.0234  0.0233  0.0232  0.0233  0.0233  0.0232  0.0233  0.0239  0.0231  0.0233  0.0231  0.0230
  0.0241  0.0238  0.0236  0.0246  0.0238  0.0244  0.0238  0.0253  0.0236  0.0239  0.0235  0.0233
niter,ni,del,rscale     3    3    5.0000    0.6000
parameters
    0.3413   -6.0435    6.4824   -5.3588  -12.4365   -0.6620
   -0.6158    3.0554    0.6941   -4.6343    0.5144    0.2953
eta,q 0.97727 10.56122
  0.0238  0.0235  0.0232  0.0241  0.0235  0.0237  0.0235  0.0248  0.0233  0.0236  0.0233  0.0231
  0.0233  0.0231  0.0230  0.0236  0.0231  0.0234  0.0231  0.0236  0.0230  0.0231  0.0230  0.0229
  0.0229  0.0229  0.0228  0.0231  0.0228  0.0230  0.0228  0.0229  0.0228  0.0228  0.0228  0.0228
  0.0228  0.0228  0.0228  0.0228  0.0228  0.0227  0.0227  0.0227  0.0227  0.0227  0.0227  0.0227
  0.0229  0.0229  0.0228  0.0227  0.0229  0.0227  0.0228  0.0230  0.0228  0.0228  0.0228  0.0228
  0.0232  0.0231  0.0230  0.0231  0.0232  0.0230  0.0231  0.0236  0.0230  0.0231  0.0230  0.0229
  0.0238  0.0235  0.0232  0.0241  0.0236  0.0238  0.0235  0.0247  0.0233  0.0236  0.0233  0.0231
niter,ni,del,rscale     2    3    5.0000    0.5000
parameters
    0.3336   -6.0475    6.5272   -5.2346  -12.5180   -0.4674
   -0.6280    3.0583    0.6746   -4.6135    0.4747    0.2712
eta,q 0.97732 10.56735
  0.0235  0.0232  0.0231  0.0237  0.0233  0.0235  0.0233  0.0242  0.0231  0.0233  0.0231  0.0229
  0.0231  0.0229  0.0229  0.0233  0.0229  0.0232  0.0229  0.0233  0.0229  0.0230  0.0229  0.0228
  0.0228  0.0228  0.0228  0.0229  0.0227  0.0229  0.0228  0.0228  0.0227  0.0228  0.0227  0.0227
  0.0227  0.0227  0.0227  0.0227  0.0227  0.0227  0.0227  0.0227  0.0227  0.0227  0.0227  0.0227
  0.0228  0.0228  0.0227  0.0227  0.0228  0.0227  0.0228  0.0229  0.0227  0.0228  0.0227  0.0227
  0.0231  0.0230  0.0228  0.0230  0.0230  0.0229  0.0229  0.0234  0.0229  0.0229  0.0229  0.0228
  0.0235  0.0232  0.0230  0.0237  0.0233  0.0234  0.0233  0.0241  0.0231  0.0233  0.0231  0.0229
niter,ni,del,rscale     1    3    5.0000    0.4000
parameters
    0.3279   -6.0499    6.5808   -5.1401  -12.6101   -0.2881
   -0.6466    3.0590    0.6603   -4.6027    0.4422    0.2387
eta,q 0.97735 10.57136
  0.0232  0.0230  0.0229  0.0234  0.0230  0.0232  0.0230  0.0236  0.0229  0.0230  0.0229  0.0228
  0.0229  0.0228  0.0228  0.0231  0.0228  0.0230  0.0228  0.0231  0.0228  0.0228  0.0228  0.0227
  0.0227  0.0227  0.0227  0.0228  0.0227  0.0228  0.0227  0.0228  0.0227  0.0227  0.0227  0.0227
  0.0227  0.0227  0.0227  0.0227  0.0227  0.0227  0.0226  0.0226  0.0226  0.0226  0.0226  0.0226
  0.0227  0.0227  0.0227  0.0227  0.0227  0.0226  0.0227  0.0228  0.0227  0.0227  0.0227  0.0227
  0.0229  0.0228  0.0228  0.0229  0.0229  0.0228  0.0228  0.0231  0.0228  0.0228  0.0228  0.0227
  0.0232  0.0230  0.0229  0.0233  0.0231  0.0231  0.0230  0.0236  0.0229  0.0230  0.0229  0.0228
registration optimization eta report
parameter search radius
    0.8000    0.8000    0.8000    2.4000    2.4000    2.4000
    2.4000    2.4000    2.4000    2.4000    2.4000    2.4000
100000*second partial in parameter space
       77.       48.       32.       12.        7.        9.
        6.       17.        5.        7.        5.        3.
  0.0232  0.0230  0.0229  0.0234  0.0230  0.0232  0.0230  0.0236  0.0229  0.0230  0.0229  0.0228
  0.0229  0.0228  0.0228  0.0231  0.0228  0.0230  0.0228  0.0231  0.0228  0.0228  0.0228  0.0227
  0.0227  0.0227  0.0227  0.0228  0.0227  0.0228  0.0227  0.0228  0.0227  0.0227  0.0227  0.0227
  0.0227  0.0227  0.0227  0.0227  0.0227  0.0227  0.0226  0.0226  0.0226  0.0226  0.0226  0.0226
  0.0227  0.0227  0.0227  0.0227  0.0227  0.0226  0.0227  0.0228  0.0227  0.0227  0.0227  0.0227
  0.0229  0.0228  0.0228  0.0229  0.0229  0.0228  0.0228  0.0231  0.0228  0.0228  0.0228  0.0227
  0.0232  0.0230  0.0229  0.0233  0.0231  0.0231  0.0230  0.0236  0.0229  0.0230  0.0229  0.0228
    0.3279   -6.0499    6.5808   -5.1401  -12.6101   -0.2881
   -0.6466    3.0590    0.6603   -4.6027    0.4422    0.2387
eta,q 0.97735 10.57136

---------------------------------------------------------------------
compute_vox2vox talsrcimg talsrcimg_to_711-2C_as_mni_average_305_t4 /opt/freesurfer/average/711-2C_as_mni_average_305
---------------------------------------------------------------------

freesurfer compute_vox2vox.c
Reading: talsrcimg.4dfp.ifh
Reading: talsrcimg_to_711-2C_as_mni_average_305_t4
Reading: /opt/freesurfer/average/711-2C_as_mni_average_305.4dfp.ifh
Writing: talsrcimg_to_711-2C_as_mni_average_305_t4_vox2vox.txt

start time Sat Mar 7 08:54:47 CET 2026
end		time Sat Mar 7 08:55:00 CET 2026

mpr2mni305 success

avi2talxfm orig_nu.mgz /opt/freesurfer/average/mni305.cor.mgz talsrcimg_to_711-2C_as_mni_average_305_t4_vox2vox.txt transforms/talairach.auto.xfm
avi2talxfm done
mv -f /out/sourcedata/freesurfer/sub-v1s20x0050301_ses-1/mri/talsrcimg_to_711-2C_as_mni_average_305_t4_vox2vox.txt /out/sourcedata/freesurfer/sub-v1s20x0050301_ses-1/mri/transforms/talsrcimg_to_711-2C_as_mni_average_305_t4_vox2vox.txt
lta_convert --src orig_nu.mgz --trg /opt/freesurfer/average/mni305.cor.mgz --inxfm transforms/talairach.auto.xfm --outlta transforms/talairach.auto.xfm.lta --subject fsaverage
7.3.2

--src: orig_nu.mgz src image (geometry).
--trg: /opt/freesurfer/average/mni305.cor.mgz trg image (geometry).
--inmni: transforms/talairach.auto.xfm input MNI/XFM transform.
--outlta: transforms/talairach.auto.xfm.lta output LTA.
--s: fsaverage subject name
 LTA read, type : 1
 1.05428  -0.03198   0.00789  -0.64413;
-0.00466   1.00290  -0.00277  -7.11720;
-0.00821   0.05306   1.14409   5.80452;
 0.00000   0.00000   0.00000   1.00000;
setting subject to fsaverage
Writing  LTA to file transforms/talairach.auto.xfm.lta...
lta_convert successful.
 
 
Started at Sat Mar 7 08:54:47 CET 2026
Ended   at Sat Mar  7 08:55:01 CET 2026
talairach_avi done
