status file for recon-all
Fri Mar  6 23:39:17 CET 2026
#@# MotionCor Fri Mar  6 23:39:19 CET 2026
#@# Talairach Fri Mar  6 23:39:24 CET 2026
#@# Talairach Failure Detection Fri Mar  6 23:42:14 CET 2026
#@# Nu Intensity Correction Fri Mar  6 23:42:14 CET 2026
#@# Intensity Normalization Fri Mar  6 23:44:59 CET 2026
recon-all -s sub-v1s18x0051203_ses-1 finished without error at Fri Mar  6 23:45:57 CET 2026



#New# invocation of recon-all 



status file for recon-all
Fri Mar  6 23:51:55 CET 2026
#@# EM Registration Fri Mar  6 23:51:55 CET 2026
recon-all -s sub-v1s18x0051203_ses-1 finished without error at Fri Mar  6 23:53:34 CET 2026



#New# invocation of recon-all 



status file for recon-all
Fri Mar  6 23:53:37 CET 2026
#@# CA Normalize Fri Mar  6 23:53:37 CET 2026
#@# CA Reg Fri Mar  6 23:54:30 CET 2026
#@# SubCort Seg Sat Mar  7 00:39:24 CET 2026
#@# CC Seg Sat Mar  7 00:58:22 CET 2026
#@# Merge ASeg Sat Mar  7 00:58:52 CET 2026
#@# Intensity Normalization2 Sat Mar  7 00:58:52 CET 2026
#@# Mask BFS Sat Mar  7 01:00:19 CET 2026
#@# WM Segmentation Sat Mar  7 01:00:20 CET 2026
#@# Fill Sat Mar  7 01:01:48 CET 2026
recon-all -s sub-v1s18x0051203_ses-1 finished without error at Sat Mar  7 01:02:25 CET 2026



#New# invocation of recon-all 



status file for recon-all
Sat Mar  7 01:37:45 CET 2026
#@# white curv lh Sat Mar  7 01:37:45 CET 2026
#@# white area lh Sat Mar  7 01:37:45 CET 2026
#@# pial curv lh Sat Mar  7 01:37:45 CET 2026
#@# pial area lh Sat Mar  7 01:37:45 CET 2026
#@# thickness lh Sat Mar  7 01:37:45 CET 2026
#@# area and vertex vol lh Sat Mar  7 01:37:45 CET 2026
#@# white curv rh Sat Mar  7 01:37:45 CET 2026
#@# white area rh Sat Mar  7 01:37:45 CET 2026
#@# pial curv rh Sat Mar  7 01:37:45 CET 2026
#@# pial area rh Sat Mar  7 01:37:45 CET 2026
#@# thickness rh Sat Mar  7 01:37:45 CET 2026
#@# area and vertex vol rh Sat Mar  7 01:37:45 CET 2026
#@# Cortical ribbon mask Sat Mar  7 01:37:45 CET 2026
recon-all -s sub-v1s18x0051203_ses-1 finished without error at Sat Mar  7 01:40:36 CET 2026



#New# invocation of recon-all 



status file for recon-all
Sat Mar  7 01:45:35 CET 2026
#@# white curv lh Sat Mar  7 01:45:35 CET 2026
#@# white area lh Sat Mar  7 01:45:35 CET 2026
#@# pial curv lh Sat Mar  7 01:45:35 CET 2026
#@# pial area lh Sat Mar  7 01:45:35 CET 2026
#@# thickness lh Sat Mar  7 01:45:35 CET 2026
#@# area and vertex vol lh Sat Mar  7 01:45:35 CET 2026
#@# white curv rh Sat Mar  7 01:45:35 CET 2026
#@# white area rh Sat Mar  7 01:45:35 CET 2026
#@# pial curv rh Sat Mar  7 01:45:35 CET 2026
#@# pial area rh Sat Mar  7 01:45:35 CET 2026
#@# thickness rh Sat Mar  7 01:45:35 CET 2026
#@# area and vertex vol rh Sat Mar  7 01:45:35 CET 2026
#@# Curvature Stats lh Sat Mar  7 01:45:35 CET 2026
#@# Curvature Stats rh Sat Mar  7 01:45:37 CET 2026
#@# Relabel Hypointensities Sat Mar  7 01:45:38 CET 2026
#@# APas-to-ASeg Sat Mar  7 01:45:48 CET 2026
#@# AParc-to-ASeg aparc Sat Mar  7 01:45:55 CET 2026
#@# AParc-to-ASeg aparc.a2009s Sat Mar  7 01:46:11 CET 2026
#@# AParc-to-ASeg aparc.DKTatlas Sat Mar  7 01:46:32 CET 2026
#@# WMParc Sat Mar  7 01:46:49 CET 2026
#@# ASeg Stats Sat Mar  7 01:48:31 CET 2026
recon-all -s sub-v1s18x0051203_ses-1 finished without error at Sat Mar  7 01:48:51 CET 2026
