/out/sourcedata/freesurfer/sub-v1s18x0051230_ses-1/mri
/opt/freesurfer/bin/talairach_avi
--i orig_nu.mgz --xfm transforms/talairach.auto.xfm
talairach_avi 7.3.2
Linux dna021 5.14.0-427.37.1.el9_4.x86_64 #1 SMP PREEMPT_DYNAMIC Fri Sep 13 12:41:50 EDT 2024 x86_64 x86_64 x86_64 GNU/Linux
Sat Mar  7 01:02:20 CET 2026
mri_convert orig_nu.mgz talsrcimg.img 
reading from orig_nu.mgz...
TR=0.00, TE=0.00, TI=0.00, flip angle=0.00
i_ras = (-1, 0, 0)
j_ras = (0, 0, -1)
k_ras = (0, 1, 0)
writing to talsrcimg.img...
Analyze Output Matrix
-1.00000   0.00000   0.00000   130.81052;
 0.00000   0.00000   1.00000  -124.37334;
 0.00000  -1.00000   0.00000   143.92252;
 0.00000   0.00000   0.00000   1.00000;
--------------------
INFO: set hdr.hist.orient to -1
mpr2mni305 talsrcimg
Sat Mar  7 01:02:21 CET 2026
/opt/freesurfer/bin/mpr2mni305 talsrcimg
mpr2mni305 7.3.2
target=711-2C_as_mni_average_305

---------------------------------------------------------------------
analyzeto4dfp talsrcimg -O0 -y
---------------------------------------------------------------------

freesurfer ifh2hdr.c
Sat Mar  7 01:02:21 2026
Writing: talsrcimg.4dfp.hdr
freesurfer analyzeto4dfp.c
Reading: talsrcimg.hdr
header size 348 bytes
hdr.dime.datatype	offset=70	value=2
hdr.dime.bitpix		offset=72	value=8
hdr.hist.orient		offset=252	value=-1
dimensionality     4
dimensions       256       256       256         1
Reading: talsrcimg.img
Writing: talsrcimg.4dfp.img
Writing: talsrcimg.4dfp.ifh
ifh2hdr talsrcimg -r0to221
ori=2

---------------------------------------------------------------------
gauss_4dfp talsrcimg 1.1
---------------------------------------------------------------------

freesurfer gauss_4dfp.c
Reading: talsrcimg.4dfp.img
Writing: talsrcimg_g11.4dfp.img
image dimensions 256 256 256 padded to 288 288 288
processing volume 1freesurfer ifh2hdr.c
Sat Mar  7 01:02:22 2026
Writing: talsrcimg_g11.4dfp.hdr

Writing: talsrcimg_g11.4dfp.ifh
including: talsrcimg.4dfp.img.rec in talsrcimg_g11.4dfp.img.rec

---------------------------------------------------------------------
imgreg_4dfp /opt/freesurfer/average/711-2C_as_mni_average_305 none talsrcimg_g11 none talsrcimg_to_711-2C_as_mni_average_305_t4 4355
---------------------------------------------------------------------

freesurfer imgreg_4dfp.c
/opt/freesurfer/average/711-2C_as_mni_average_305.4dfp.img
       256       256       256         1
  1.000000  1.000000  1.000000
orientation T byte_order littleendian
Reading image: /opt/freesurfer/average/711-2C_as_mni_average_305.4dfp.img
dimensions:      256       256       256
mmppix:       1.0000   -1.0000   -1.0000
center:     128.0000 -129.0000 -129.0000
talsrcimg_g11.4dfp.img
       256       256       256         1
  1.000000  1.000000  1.000000
orientation T byte_order littleendian
Reading image: talsrcimg_g11.4dfp.img
dimensions:      256       256       256
mmppix:       1.0000   -1.0000   -1.0000
center:     128.0000 -129.0000 -129.0000
t4_read: open error in t4_sub.f l:  41 t4_file(1:l)talsrcimg_to_711-2C_as_mni_average_305_t4 
t4_read: transform initialized to I4
rotation matrix determinant  1.000000
image alignment mode   4355 decimal     1103 hex
   -7.5000  -45.0000  -45.0000 7307.4658   21.3543
    0.0000  -45.0000  -45.0000 7603.1309   21.2438
    7.5000  -45.0000  -45.0000 7288.6406   21.2125
   -7.5000  -37.5000  -45.0000 7846.5879   21.3465
    0.0000  -37.5000  -45.0000 8196.2939   21.2418
    7.5000  -37.5000  -45.0000 7844.5078   21.2099
   -7.5000  -30.0000  -45.0000 8733.8984   21.2786
    0.0000  -30.0000  -45.0000 9129.4697   21.1835
    7.5000  -30.0000  -45.0000 8727.4932   21.1534
   -7.5000  -22.5000  -45.0000 9562.0303   21.1530
    0.0000  -22.5000  -45.0000 9981.6963   21.0605
    7.5000  -22.5000  -45.0000 9549.2676   21.0319
   -7.5000  -15.0000  -45.000010279.6826   21.0947
    0.0000  -15.0000  -45.000010711.3213   20.9962
    7.5000  -15.0000  -45.000010223.6719   20.9685
   -7.5000   -7.5000  -45.000010962.5557   21.1695
    0.0000   -7.5000  -45.000011406.0068   21.0627
    7.5000   -7.5000  -45.000010884.6689   21.0337
   -7.5000    0.0000  -45.000011571.6504   21.2957
    0.0000    0.0000  -45.000012063.2402   21.1853
    7.5000    0.0000  -45.000011464.2354   21.1534
   -7.5000    7.5000  -45.000011341.0420   21.3465
    0.0000    7.5000  -45.000011801.1416   21.2418
    7.5000    7.5000  -45.000011205.8477   21.2099
   -7.5000   15.0000  -45.000011000.4951   21.2786
    0.0000   15.0000  -45.000011474.7725   21.1835
    7.5000   15.0000  -45.000010904.7949   21.1534
   -7.5000   22.5000  -45.000010583.1797   21.1501
    0.0000   22.5000  -45.000011041.4717   21.0576
    7.5000   22.5000  -45.000010489.1523   21.0290
   -7.5000   30.0000  -45.0000 9740.8877   20.8136
    0.0000   30.0000  -45.000010159.1533   20.7164
    7.5000   30.0000  -45.0000 9631.5957   20.6891
   -7.5000   37.5000  -45.0000 9244.5928   20.8874
    0.0000   37.5000  -45.0000 9682.0186   20.7820
    7.5000   37.5000  -45.0000 9122.0254   20.7534
   -7.5000   45.0000  -45.0000 8491.5557   20.4784
    0.0000   45.0000  -45.0000 8919.6855   20.3722
    7.5000   45.0000  -45.0000 8411.0586   20.3415
   -7.5000  -45.0000  -37.5000 7803.3149   21.2592
    0.0000  -45.0000  -37.5000 8147.1611   21.1241
    7.5000  -45.0000  -37.5000 7784.7910   21.0922
   -7.5000  -37.5000  -37.5000 8402.7422   21.2574
    0.0000  -37.5000  -37.5000 8778.3789   21.1308
    7.5000  -37.5000  -37.5000 8367.5303   21.0957
   -7.5000  -30.0000  -37.5000 9352.9385   21.2034
    0.0000  -30.0000  -37.5000 9778.1270   21.0885
    7.5000  -30.0000  -37.5000 9292.8652   21.0519
   -7.5000  -22.5000  -37.500010202.2734   21.0850
    0.0000  -22.5000  -37.500010668.6016   20.9724
    7.5000  -22.5000  -37.500010144.4521   20.9370
   -7.5000  -15.0000  -37.500010946.4990   21.0237
    0.0000  -15.0000  -37.500011441.1680   20.9034
    7.5000  -15.0000  -37.500010853.7910   20.8708
   -7.5000   -7.5000  -37.500011625.1387   21.0858
    0.0000   -7.5000  -37.500012144.1143   20.9549
    7.5000   -7.5000  -37.500011501.3066   20.9239
   -7.5000    0.0000  -37.500012252.9287   21.2011
    0.0000    0.0000  -37.500012777.1846   21.0662
    7.5000    0.0000  -37.500012095.9844   21.0337
   -7.5000    7.5000  -37.500011982.4482   21.2574
    0.0000    7.5000  -37.500012493.2070   21.1308
    7.5000    7.5000  -37.500011831.1699   21.0957
   -7.5000   15.0000  -37.500011656.5430   21.2034
    0.0000   15.0000  -37.500012177.8555   21.0885
    7.5000   15.0000  -37.500011537.4863   21.0519
   -7.5000   22.5000  -37.500011184.0732   21.0821
    0.0000   22.5000  -37.500011678.3330   20.9695
    7.5000   22.5000  -37.500011046.1309   20.9341
   -7.5000   30.0000  -37.500010276.0537   20.7435
    0.0000   30.0000  -37.500010754.2930   20.6248
    7.5000   30.0000  -37.500010147.3008   20.5927
   -7.5000   37.5000  -37.5000 9719.9521   20.8048
    0.0000   37.5000  -37.500010193.2734   20.6757
    7.5000   37.5000  -37.5000 9603.9580   20.6450
   -7.5000   45.0000  -37.5000 8876.8965   20.3874
    0.0000   45.0000  -37.5000 9313.6719   20.2577
    7.5000   45.0000  -37.5000 8793.6445   20.2265
   -7.5000  -45.0000  -30.0000 8440.8682   22.1316
    0.0000  -45.0000  -30.0000 8824.4385   21.9768
    7.5000  -45.0000  -30.0000 8388.2510   21.9385
   -7.5000  -37.5000  -30.0000 9084.5020   22.1164
    0.0000  -37.5000  -30.0000 9504.9561   21.9687
    7.5000  -37.5000  -30.0000 8992.4658   21.9280
   -7.5000  -30.0000  -30.000010057.3643   22.0609
    0.0000  -30.0000  -30.000010559.4766   21.9235
    7.5000  -30.0000  -30.0000 9962.0889   21.8803
   -7.5000  -22.5000  -30.000010970.2246   21.9515
    0.0000  -22.5000  -30.000011523.3008   21.8157
    7.5000  -22.5000  -30.000010852.5693   21.7721
   -7.5000  -15.0000  -30.000011800.5938   21.9005
    0.0000  -15.0000  -30.000012345.8555   21.7574
    7.5000  -15.0000  -30.000011645.6104   21.7158
   -7.5000   -7.5000  -30.000012537.0420   21.9649
    0.0000   -7.5000  -30.000013133.2168   21.8132
    7.5000   -7.5000  -30.000012323.0176   21.7738
   -7.5000    0.0000  -30.000013179.1025   22.0711
    0.0000    0.0000  -30.000013784.3008   21.9167
    7.5000    0.0000  -30.000012929.4307   21.8778
   -7.5000    7.5000  -30.000012852.3096   22.1164
    0.0000    7.5000  -30.000013446.1680   21.9687
    7.5000    7.5000  -30.000012611.1943   21.9280
   -7.5000   15.0000  -30.000012507.3682   22.0609
    0.0000   15.0000  -30.000013088.1416   21.9235
    7.5000   15.0000  -30.000012273.0811   21.8803
   -7.5000   22.5000  -30.000011936.2939   21.9462
    0.0000   22.5000  -30.000012498.6094   21.8104
    7.5000   22.5000  -30.000011705.2148   21.7669
   -7.5000   30.0000  -30.000010952.2510   21.6107
    0.0000   30.0000  -30.000011490.8262   21.4695
    7.5000   30.0000  -30.000010747.7471   21.4284
   -7.5000   37.5000  -30.000010354.6650   21.6742
    0.0000   37.5000  -30.000010854.3564   21.5246
    7.5000   37.5000  -30.000010173.6963   21.4857
   -7.5000   45.0000  -30.0000 9394.2041   21.2396
    0.0000   45.0000  -30.0000 9880.3779   21.0910
    7.5000   45.0000  -30.0000 9278.9102   21.0536
   -7.5000  -45.0000  -22.5000 9100.9873   22.9625
    0.0000  -45.0000  -22.5000 9513.6523   22.8162
    7.5000  -45.0000  -22.5000 8992.2852   22.7722
   -7.5000  -37.5000  -22.5000 9765.7139   22.9224
    0.0000  -37.5000  -22.500010224.5693   22.7786
    7.5000  -37.5000  -22.5000 9650.3252   22.7354
   -7.5000  -30.0000  -22.500010811.3008   22.8471
    0.0000  -30.0000  -22.500011329.3057   22.7096
    7.5000  -30.0000  -22.500010679.5791   22.6667
   -7.5000  -22.5000  -22.500011784.0713   22.7413
    0.0000  -22.5000  -22.500012349.6973   22.6053
    7.5000  -22.5000  -22.500011621.9473   22.5609
   -7.5000  -15.0000  -22.500012698.6963   22.7089
    0.0000  -15.0000  -22.500013269.5176   22.5689
    7.5000  -15.0000  -22.500012490.1221   22.5229
   -7.5000   -7.5000  -22.500013511.7002   22.7920
    0.0000   -7.5000  -22.500014149.3555   22.6480
    7.5000   -7.5000  -22.500013203.6494   22.6021
   -7.5000    0.0000  -22.500014191.9541   22.8996
    0.0000    0.0000  -22.500014842.8701   22.7536
    7.5000    0.0000  -22.500013842.8789   22.7089
   -7.5000    7.5000  -22.500013801.3359   22.9224
    0.0000    7.5000  -22.500014409.2832   22.7786
    7.5000    7.5000  -22.500013463.2490   22.7354
   -7.5000   15.0000  -22.500013340.0840   22.8471
    0.0000   15.0000  -22.500013959.1611   22.7096
    7.5000   15.0000  -22.500013040.2617   22.6667
   -7.5000   22.5000  -22.500012680.9336   22.7343
    0.0000   22.5000  -22.500013301.4951   22.5983
    7.5000   22.5000  -22.500012392.4717   22.5539
   -7.5000   30.0000  -22.500011660.2539   22.4119
    0.0000   30.0000  -22.500012255.7549   22.2737
    7.5000   30.0000  -22.500011427.4805   22.2282
   -7.5000   37.5000  -22.500011038.8809   22.4938
    0.0000   37.5000  -22.500011602.1045   22.3518
    7.5000   37.5000  -22.500010829.9619   22.3064
   -7.5000   45.0000  -22.500010005.7393   22.0534
    0.0000   45.0000  -22.500010523.9316   21.9128
    7.5000   45.0000  -22.5000 9844.0996   21.8698
   -7.5000  -45.0000  -15.0000 9722.0078   23.5966
    0.0000  -45.0000  -15.000010192.6367   23.4746
    7.5000  -45.0000  -15.0000 9624.3691   23.4291
   -7.5000  -37.5000  -15.000010430.8340   23.5446
    0.0000  -37.5000  -15.000010945.0938   23.4216
    7.5000  -37.5000  -15.000010323.2695   23.3796
   -7.5000  -30.0000  -15.000011535.0020   23.4496
    0.0000  -30.0000  -15.000012111.0938   23.3294
    7.5000  -30.0000  -15.000011382.4219   23.2917
   -7.5000  -22.5000  -15.000012579.1201   23.3352
    0.0000  -22.5000  -15.000013172.1914   23.2167
    7.5000  -22.5000  -15.000012398.7764   23.1780
   -7.5000  -15.0000  -15.000013575.8994   23.3095
    0.0000  -15.0000  -15.000014189.3232   23.1894
    7.5000  -15.0000  -15.000013323.4990   23.1467
   -7.5000   -7.5000  -15.000014400.3779   23.4110
    0.0000   -7.5000  -15.000015074.0146   23.2902
    7.5000   -7.5000  -15.000014053.7949   23.2445
   -7.5000    0.0000  -15.000015126.4971   23.5317
    0.0000    0.0000  -15.000015792.9111   23.4098
    7.5000    0.0000  -15.000014733.6465   23.3638
   -7.5000    7.5000  -15.000014699.0986   23.5446
    0.0000    7.5000  -15.000015360.2949   23.4216
    7.5000    7.5000  -15.000014330.9141   23.3796
   -7.5000   15.0000  -15.000014220.0908   23.4496
    0.0000   15.0000  -15.000014865.2119   23.3294
    7.5000   15.0000  -15.000013880.0469   23.2917
   -7.5000   22.5000  -15.000013464.2383   23.3269
    0.0000   22.5000  -15.000014079.2461   23.2084
    7.5000   22.5000  -15.000013127.6104   23.1698
   -7.5000   30.0000  -15.000012386.1348   23.0078
    0.0000   30.0000  -15.000013006.4805   22.8892
    7.5000   30.0000  -15.000012111.4824   22.8471
   -7.5000   37.5000  -15.000011767.6191   23.1080
    0.0000   37.5000  -15.000012386.9082   22.9888
    7.5000   37.5000  -15.000011540.1436   22.9436
   -7.5000   45.0000  -15.000010659.7598   22.6759
    0.0000   45.0000  -15.000011224.1875   22.5584
    7.5000   45.0000  -15.000010474.5137   22.5141
   -7.5000  -45.0000   -7.500010369.9473   23.8853
    0.0000  -45.0000   -7.500010886.4170   23.7750
    7.5000  -45.0000   -7.500010301.6689   23.7338
   -7.5000  -37.5000   -7.500011113.6992   23.8501
    0.0000  -37.5000   -7.500011676.4336   23.7410
    7.5000  -37.5000   -7.500011037.2012   23.7022
   -7.5000  -30.0000   -7.500012302.2842   23.7550
    0.0000  -30.0000   -7.500012950.5283   23.6511
    7.5000  -30.0000   -7.500012209.9521   23.6174
   -7.5000  -22.5000   -7.500013454.9785   23.6233
    0.0000  -22.5000   -7.500014138.9727   23.5214
    7.5000  -22.5000   -7.500013314.9209   23.4884
   -7.5000  -15.0000   -7.500014524.9248   23.5810
    0.0000  -15.0000   -7.500015253.9082   23.4759
    7.5000  -15.0000   -7.500014237.3828   23.4404
   -7.5000   -7.5000   -7.500015377.5264   23.6823
    0.0000   -7.5000   -7.500016079.7246   23.5739
    7.5000   -7.5000   -7.500014981.7002   23.5346
   -7.5000    0.0000   -7.500016088.6602   23.8196
    0.0000    0.0000   -7.500016840.0371   23.7093
    7.5000    0.0000   -7.500015705.4941   23.6675
   -7.5000    7.5000   -7.500015666.8428   23.8501
    0.0000    7.5000   -7.500016387.8496   23.7410
    7.5000    7.5000   -7.500015311.2031   23.7022
   -7.5000   15.0000   -7.500015175.0742   23.7550
    0.0000   15.0000   -7.500015840.8027   23.6511
    7.5000   15.0000   -7.500014821.1201   23.6174
   -7.5000   22.5000   -7.500014316.2021   23.6124
    0.0000   22.5000   -7.500014936.0195   23.5106
    7.5000   22.5000   -7.500013957.5547   23.4776
   -7.5000   30.0000   -7.500013204.5088   23.2752
    0.0000   30.0000   -7.500013817.3633   23.1715
    7.5000   30.0000   -7.500012879.5693   23.1364
   -7.5000   37.5000   -7.500012570.8193   23.3752
    0.0000   37.5000   -7.500013206.0107   23.2682
    7.5000   37.5000   -7.500012278.0762   23.2294
   -7.5000   45.0000   -7.500011394.8164   22.9576
    0.0000   45.0000   -7.500011968.3877   22.8513
    7.5000   45.0000   -7.500011169.0537   22.8110
   -7.5000  -45.0000    0.000010872.3701   23.8739
    0.0000  -45.0000    0.000011402.5840   23.7504
    7.5000  -45.0000    0.000010798.6230   23.7146
   -7.5000  -37.5000    0.000011653.1807   23.8639
    0.0000  -37.5000    0.000012262.2764   23.7469
    7.5000  -37.5000    0.000011570.5303   23.7104
   -7.5000  -30.0000    0.000012941.9668   23.7861
    0.0000  -30.0000    0.000013609.9854   23.6799
    7.5000  -30.0000    0.000012862.1250   23.6453
   -7.5000  -22.5000    0.000014329.9004   23.6453
    0.0000  -22.5000    0.000015096.6943   23.5421
    7.5000  -22.5000    0.000014171.3906   23.5092
   -7.5000  -15.0000    0.000015486.0117   23.5815
    0.0000  -15.0000    0.000016328.1270   23.4716
    7.5000  -15.0000    0.000015139.9609   23.4398
   -7.5000   -7.5000    0.000016232.2646   23.6668
    0.0000   -7.5000    0.000016934.7793   23.5475
    7.5000   -7.5000    0.000015850.8809   23.5144
   -7.5000    0.0000    0.000016909.8535   23.8084
    0.0000    0.0000    0.000017614.5684   23.6850
    7.5000    0.0000    0.000016602.1348   23.6486
   -7.5000    7.5000    0.000016528.8008   23.8639
    0.0000    7.5000    0.000017239.6816   23.7469
    7.5000    7.5000    0.000016221.8438   23.7104
   -7.5000   15.0000    0.000016004.1221   23.7861
    0.0000   15.0000    0.000016726.5879   23.6799
    7.5000   15.0000    0.000015717.3574   23.6453
   -7.5000   22.5000    0.000015025.6992   23.6344
    0.0000   22.5000    0.000015687.0713   23.5312
    7.5000   22.5000    0.000014697.4150   23.4984
   -7.5000   30.0000    0.000013877.5908   23.2763
    0.0000   30.0000    0.000014504.0820   23.1678
    7.5000   30.0000    0.000013533.0830   23.1364
   -7.5000   37.5000    0.000013221.6309   23.3605
    0.0000   37.5000    0.000013857.2002   23.2428
    7.5000   37.5000    0.000012894.6709   23.2100
   -7.5000   45.0000    0.000012054.2441   22.9485
    0.0000   45.0000    0.000012651.2891   22.8296
    7.5000   45.0000    0.000011766.1152   22.7946
   -7.5000  -45.0000    7.500010566.4932   23.7896
    0.0000  -45.0000    7.500010992.4355   23.6384
    7.5000  -45.0000    7.500010473.2969   23.6027
   -7.5000  -37.5000    7.500011280.0312   23.7876
    0.0000  -37.5000    7.500011766.0127   23.6459
    7.5000  -37.5000    7.500011185.3193   23.6066
   -7.5000  -30.0000    7.500012540.0537   23.7271
    0.0000  -30.0000    7.500013112.2510   23.5986
    7.5000  -30.0000    7.500012409.6504   23.5577
   -7.5000  -22.5000    7.500014061.7070   23.5947
    0.0000  -22.5000    7.500014852.4297   23.4687
    7.5000  -22.5000    7.500013785.5703   23.4290
   -7.5000  -15.0000    7.500015310.1709   23.5260
    0.0000  -15.0000    7.500016052.2725   23.3915
    7.5000  -15.0000    7.500014940.1738   23.3550
   -7.5000   -7.5000    7.500015826.1416   23.5956
    0.0000   -7.5000    7.500016312.9551   23.4491
    7.5000   -7.5000    7.500015567.2568   23.4144
   -7.5000    0.0000    7.500016449.6191   23.7246
    0.0000    0.0000    7.500016909.0059   23.5737
    7.5000    0.0000    7.500016223.7383   23.5373
   -7.5000    7.5000    7.500016082.5830   23.7876
    0.0000    7.5000    7.500016619.1738   23.6459
    7.5000    7.5000    7.500015842.6523   23.6066
   -7.5000   15.0000    7.500015598.0225   23.7271
    0.0000   15.0000    7.500016212.8398   23.5986
    7.5000   15.0000    7.500015369.2998   23.5577
   -7.5000   22.5000    7.500014606.5449   23.5838
    0.0000   22.5000    7.500015216.4844   23.4579
    7.5000   22.5000    7.500014307.2969   23.4182
   -7.5000   30.0000    7.500013507.6670   23.2216
    0.0000   30.0000    7.500014059.3545   23.0887
    7.5000   30.0000    7.500013133.7959   23.0528
   -7.5000   37.5000    7.500012908.0801   23.2902
    0.0000   37.5000    7.500013469.7510   23.1456
    7.5000   37.5000    7.500012491.3906   23.1113
   -7.5000   45.0000    7.500011787.2227   22.8678
    0.0000   45.0000    7.500012296.2061   22.7223
    7.5000   45.0000    7.500011417.1309   22.6873
   -7.5000  -45.0000   15.000010064.3916   23.7657
    0.0000  -45.0000   15.000010544.9463   23.5995
    7.5000  -45.0000   15.0000 9976.1943   23.5584
   -7.5000  -37.5000   15.000010734.7764   23.7494
    0.0000  -37.5000   15.000011205.8594   23.5907
    7.5000  -37.5000   15.000010634.5059   23.5471
   -7.5000  -30.0000   15.000011940.8203   23.6898
    0.0000  -30.0000   15.000012445.8564   23.5422
    7.5000  -30.0000   15.000011808.8125   23.4959
   -7.5000  -22.5000   15.000013339.7109   23.5723
    0.0000  -22.5000   15.000014017.0273   23.4264
    7.5000  -22.5000   15.000013134.5098   23.3796
   -7.5000  -15.0000   15.000014550.8643   23.5176
    0.0000  -15.0000   15.000015215.7998   23.3639
    7.5000  -15.0000   15.000014341.6162   23.3192
   -7.5000   -7.5000   15.000015342.0039   23.5867
    0.0000   -7.5000   15.000015776.7148   23.4238
    7.5000   -7.5000   15.000015193.9736   23.3815
   -7.5000    0.0000   15.000016076.3555   23.7008
    0.0000    0.0000   15.000016450.9082   23.5349
    7.5000    0.0000   15.000015848.0840   23.4932
   -7.5000    7.5000   15.000015748.6016   23.7494
    0.0000    7.5000   15.000016186.8203   23.5907
    7.5000    7.5000   15.000015414.3906   23.5471
   -7.5000   15.0000   15.000015225.0342   23.6898
    0.0000   15.0000   15.000015788.4102   23.5422
    7.5000   15.0000   15.000014889.3633   23.4959
   -7.5000   22.5000   15.000014139.1328   23.5614
    0.0000   22.5000   15.000014692.3438   23.4156
    7.5000   22.5000   15.000013770.3682   23.3689
   -7.5000   30.0000   15.000013021.0469   23.2132
    0.0000   30.0000   15.000013541.8857   23.0615
    7.5000   30.0000   15.000012598.7070   23.0174
   -7.5000   37.5000   15.000012405.7881   23.2814
    0.0000   37.5000   15.000012932.2158   23.1207
    7.5000   37.5000   15.000011951.1963   23.0789
   -7.5000   45.0000   15.000011267.5098   22.8448
    0.0000   45.0000   15.000011755.8438   22.6849
    7.5000   45.0000   15.000010888.9668   22.6447
   -7.5000  -45.0000   22.5000 9572.6133   23.8369
    0.0000  -45.0000   22.5000 9962.4971   23.6851
    7.5000  -45.0000   22.5000 9504.7041   23.6393
   -7.5000  -37.5000   22.500010192.3848   23.7953
    0.0000  -37.5000   22.500010595.0186   23.6460
    7.5000  -37.5000   22.500010122.1396   23.6012
   -7.5000  -30.0000   22.500011283.8057   23.7171
    0.0000  -30.0000   22.500011781.2783   23.5744
    7.5000  -30.0000   22.500011201.5889   23.5298
   -7.5000  -22.5000   22.500012473.7783   23.6073
    0.0000  -22.5000   22.500013067.6748   23.4661
    7.5000  -22.5000   22.500012350.2305   23.4200
   -7.5000  -15.0000   22.500013533.8643   23.5736
    0.0000  -15.0000   22.500014245.8262   23.4283
    7.5000  -15.0000   22.500013382.7891   23.3805
   -7.5000   -7.5000   22.500014535.2812   23.6599
    0.0000   -7.5000   22.500015332.5684   23.5105
    7.5000   -7.5000   22.500014314.9639   23.4628
   -7.5000    0.0000   22.500015449.4150   23.7716
    0.0000    0.0000   22.500016315.2266   23.6200
    7.5000    0.0000   22.500015107.9824   23.5737
   -7.5000    7.5000   22.500015104.5127   23.7953
    0.0000    7.5000   22.500015867.2979   23.6460
    7.5000    7.5000   22.500014681.8105   23.6012
   -7.5000   15.0000   22.500014496.7939   23.7171
    0.0000   15.0000   22.500015173.2783   23.5744
    7.5000   15.0000   22.500014112.8145   23.5298
   -7.5000   22.5000   22.500013347.5840   23.5964
    0.0000   22.5000   22.500013908.3594   23.4553
    7.5000   22.5000   22.500012994.9590   23.4092
   -7.5000   30.0000   22.500012250.4277   23.2686
    0.0000   30.0000   22.500012719.0430   23.1251
    7.5000   30.0000   22.500011926.8740   23.0779
   -7.5000   37.5000   22.500011690.5400   23.3537
    0.0000   37.5000   22.500012095.9453   23.2062
    7.5000   37.5000   22.500011362.4961   23.1591
   -7.5000   45.0000   22.500010648.7080   22.9131
    0.0000   45.0000   22.500011005.6416   22.7670
    7.5000   45.0000   22.500010349.5361   22.7223
   -7.5000  -45.0000   30.0000 8954.3564   23.9312
    0.0000  -45.0000   30.0000 9351.5830   23.8075
    7.5000  -45.0000   30.0000 8890.0469   23.7613
   -7.5000  -37.5000   30.0000 9557.9287   23.8782
    0.0000  -37.5000   30.000010013.2266   23.7535
    7.5000  -37.5000   30.0000 9491.4082   23.7108
   -7.5000  -30.0000   30.000010588.3232   23.7815
    0.0000  -30.0000   30.000011115.7734   23.6597
    7.5000  -30.0000   30.000010515.4092   23.6213
   -7.5000  -22.5000   30.000011667.0059   23.6655
    0.0000  -22.5000   30.000012182.3711   23.5453
    7.5000  -22.5000   30.000011569.0928   23.5060
   -7.5000  -15.0000   30.000012623.9248   23.6397
    0.0000  -15.0000   30.000013134.6865   23.5179
    7.5000  -15.0000   30.000012485.9785   23.4745
   -7.5000   -7.5000   30.000013482.9863   23.7428
    0.0000   -7.5000   30.000013992.9209   23.6204
    7.5000   -7.5000   30.000013308.0195   23.5740
   -7.5000    0.0000   30.000014231.6064   23.8654
    0.0000    0.0000   30.000014724.0381   23.7418
    7.5000    0.0000   30.000014026.6084   23.6950
   -7.5000    7.5000   30.000013902.6426   23.8782
    0.0000    7.5000   30.000014396.6455   23.7535
    7.5000    7.5000   30.000013664.3584   23.7108
   -7.5000   15.0000   30.000013384.9326   23.7815
    0.0000   15.0000   30.000013893.1377   23.6597
    7.5000   15.0000   30.000013174.3311   23.6213
   -7.5000   22.5000   30.000012373.2598   23.6546
    0.0000   22.5000   30.000012838.3408   23.5345
    7.5000   22.5000   30.000012138.9336   23.4952
   -7.5000   30.0000   30.000011408.8184   23.3337
    0.0000   30.0000   30.000011855.9443   23.2135
    7.5000   30.0000   30.000011169.3438   23.1707
   -7.5000   37.5000   30.000010877.1885   23.4356
    0.0000   37.5000   30.000011297.6309   23.3148
    7.5000   37.5000   30.000010632.2842   23.2689
   -7.5000   45.0000   30.0000 9879.0557   23.0035
    0.0000   45.0000   30.000010259.0176   22.8843
    7.5000   45.0000   30.0000 9661.6279   22.8393
   -7.5000  -45.0000   37.5000 8588.7881   24.1465
    0.0000  -45.0000   37.5000 8993.8467   24.0350
    7.5000  -45.0000   37.5000 8540.4346   23.9917
   -7.5000  -37.5000   37.5000 9182.4961   24.1096
    0.0000  -37.5000   37.5000 9634.8936   23.9994
    7.5000  -37.5000   37.5000 9135.8750   23.9585
   -7.5000  -30.0000   37.500010126.7764   24.0114
    0.0000  -30.0000   37.500010613.9424   23.9065
    7.5000  -30.0000   37.500010073.4434   23.8708
   -7.5000  -22.5000   37.500011057.7178   23.8769
    0.0000  -22.5000   37.500011517.2148   23.7742
    7.5000  -22.5000   37.500010996.2158   23.7392
   -7.5000  -15.0000   37.500011882.0527   23.8347
    0.0000  -15.0000   37.500012332.7129   23.7287
    7.5000  -15.0000   37.500011814.0342   23.6913
   -7.5000   -7.5000   37.500012638.7891   23.9391
    0.0000   -7.5000   37.500013118.7734   23.8297
    7.5000   -7.5000   37.500012568.2402   23.7884
   -7.5000    0.0000   37.500013295.6533   24.0795
    0.0000    0.0000   37.500013815.8965   23.9680
    7.5000    0.0000   37.500013236.0850   23.9241
   -7.5000    7.5000   37.500013009.1504   24.1096
    0.0000    7.5000   37.500013508.3047   23.9994
    7.5000    7.5000   37.500012931.7637   23.9585
   -7.5000   15.0000   37.500012641.2441   24.0114
    0.0000   15.0000   37.500013152.5703   23.9065
    7.5000   15.0000   37.500012550.0488   23.8708
   -7.5000   22.5000   37.500011748.3984   23.8659
    0.0000   22.5000   37.500012229.9658   23.7632
    7.5000   22.5000   37.500011642.4121   23.7283
   -7.5000   30.0000   37.500010871.1201   23.5262
    0.0000   30.0000   37.500011318.4492   23.4216
    7.5000   30.0000   37.500010735.5049   23.3847
   -7.5000   37.5000   37.500010371.3564   23.6293
    0.0000   37.5000   37.500010800.2607   23.5213
    7.5000   37.5000   37.500010198.2637   23.4805
   -7.5000   45.0000   37.5000 9441.5938   23.2099
    0.0000   45.0000   37.5000 9836.3672   23.1024
    7.5000   45.0000   37.5000 9277.8643   23.0601
   -7.5000  -45.0000   45.0000 7841.6475   24.5297
    0.0000  -45.0000   45.0000 8227.6348   24.3998
    7.5000  -45.0000   45.0000 7793.7363   24.3579
   -7.5000  -37.5000   45.0000 8373.9893   24.5160
    0.0000  -37.5000   45.0000 8804.2148   24.3931
    7.5000  -37.5000   45.0000 8343.2734   24.3505
   -7.5000  -30.0000   45.0000 9224.9834   24.4299
    0.0000  -30.0000   45.0000 9685.4961   24.3186
    7.5000  -30.0000   45.0000 9195.5205   24.2784
   -7.5000  -22.5000   45.000010037.3584   24.2805
    0.0000  -22.5000   45.000010481.6211   24.1726
    7.5000  -22.5000   45.0000 9988.9492   24.1343
   -7.5000  -15.0000   45.000010768.9307   24.2157
    0.0000  -15.0000   45.000011203.9307   24.1008
    7.5000  -15.0000   45.000010729.1777   24.0637
   -7.5000   -7.5000   45.000011441.3906   24.3093
    0.0000   -7.5000   45.000011908.4346   24.1841
    7.5000   -7.5000   45.000011392.9287   24.1453
   -7.5000    0.0000   45.000012068.2607   24.4602
    0.0000    0.0000   45.000012563.9336   24.3304
    7.5000    0.0000   45.000012012.4688   24.2879
   -7.5000    7.5000   45.000011830.0674   24.5160
    0.0000    7.5000   45.000012325.4561   24.3931
    7.5000    7.5000   45.000011773.4814   24.3505
   -7.5000   15.0000   45.000011516.4395   24.4299
    0.0000   15.0000   45.000012031.8242   24.3186
    7.5000   15.0000   45.000011462.5225   24.2784
   -7.5000   22.5000   45.000010710.5156   24.2692
    0.0000   22.5000   45.000011182.3398   24.1614
    7.5000   22.5000   45.000010650.9492   24.1231
   -7.5000   30.0000   45.0000 9912.5430   23.9002
    0.0000   30.0000   45.000010360.1123   23.7868
    7.5000   30.0000   45.0000 9817.8057   23.7502
   -7.5000   37.5000   45.0000 9475.7490   23.9926
    0.0000   37.5000   45.0000 9887.5752   23.8691
    7.5000   37.5000   45.0000 9345.0625   23.8308
   -7.5000   45.0000   45.0000 8662.8379   23.5875
    0.0000   45.0000   45.0000 9023.7129   23.4623
    7.5000   45.0000   45.0000 8541.3945   23.4214

---------------------------------------------------------------------
imgreg_4dfp /opt/freesurfer/average/711-2C_as_mni_average_305 /opt/freesurfer/average/711-2B_as_mni_average_305_mask talsrcimg_g11 none talsrcimg_to_711-2C_as_mni_average_305_t4 4355
---------------------------------------------------------------------

freesurfer imgreg_4dfp.c
/opt/freesurfer/average/711-2C_as_mni_average_305.4dfp.img
       256       256       256         1
  1.000000  1.000000  1.000000
orientation T byte_order littleendian
Reading image: /opt/freesurfer/average/711-2C_as_mni_average_305.4dfp.img
dimensions:      256       256       256
mmppix:       1.0000   -1.0000   -1.0000
center:     128.0000 -129.0000 -129.0000
/opt/freesurfer/average/711-2B_as_mni_average_305_mask.4dfp.img
       256       256       256         1
  1.000000  1.000000  1.000000
orientation T byte_order littleendian
Reading mask: /opt/freesurfer/average/711-2B_as_mni_average_305_mask.4dfp.img (2306576 pixels)
talsrcimg_g11.4dfp.img
       256       256       256         1
  1.000000  1.000000  1.000000
orientation T byte_order littleendian
Reading image: talsrcimg_g11.4dfp.img
dimensions:      256       256       256
mmppix:       1.0000   -1.0000   -1.0000
center:     128.0000 -129.0000 -129.0000
rotation matrix determinant  1.000000
image alignment mode   4355 decimal     1103 hex
   -7.5000  -45.0000  -45.0000 1969.6177   27.7809
    0.0000  -45.0000  -45.0000 1983.5707   27.6194
    7.5000  -45.0000  -45.0000 1971.1912   27.7493
   -7.5000  -37.5000  -45.0000 2061.5247   25.5483
    0.0000  -37.5000  -45.0000 2082.4426   25.5182
    7.5000  -37.5000  -45.0000 2067.4856   25.5177
   -7.5000  -30.0000  -45.0000 2133.1450   23.6465
    0.0000  -30.0000  -45.0000 2154.2498   23.6544
    7.5000  -30.0000  -45.0000 2142.4434   23.6244
   -7.5000  -22.5000  -45.0000 2180.2205   22.0762
    0.0000  -22.5000  -45.0000 2198.6682   22.0825
    7.5000  -22.5000  -45.0000 2182.5100   22.0103
   -7.5000  -15.0000  -45.0000 2210.1060   20.9612
    0.0000  -15.0000  -45.0000 2217.3904   20.8988
    7.5000  -15.0000  -45.0000 2204.8545   20.9411
   -7.5000   -7.5000  -45.0000 2226.4668   20.5803
    0.0000   -7.5000  -45.0000 2241.2310   20.5002
    7.5000   -7.5000  -45.0000 2228.1189   20.6229
   -7.5000    0.0000  -45.0000 2225.7627   20.6631
    0.0000    0.0000  -45.0000 2244.5305   20.6809
    7.5000    0.0000  -45.0000 2225.7759   20.7424
   -7.5000    7.5000  -45.0000 2221.7041   21.1373
    0.0000    7.5000  -45.0000 2233.6316   21.0874
    7.5000    7.5000  -45.0000 2206.9097   21.1556
   -7.5000   15.0000  -45.0000 2178.9177   21.8182
    0.0000   15.0000  -45.0000 2191.0210   21.7753
    7.5000   15.0000  -45.0000 2172.8164   21.8419
   -7.5000   22.5000  -45.0000 2132.6987   22.7804
    0.0000   22.5000  -45.0000 2145.3870   22.7280
    7.5000   22.5000  -45.0000 2127.9314   22.8480
   -7.5000   30.0000  -45.0000 2065.5896   24.3058
    0.0000   30.0000  -45.0000 2074.5195   24.2601
    7.5000   30.0000  -45.0000 2060.4641   24.5239
   -7.5000   37.5000  -45.0000 1982.8707   26.4660
    0.0000   37.5000  -45.0000 1995.4081   26.4016
    7.5000   37.5000  -45.0000 1976.1852   26.7596
   -7.5000   45.0000  -45.0000 1885.8480   29.4831
    0.0000   45.0000  -45.0000 1899.5654   29.2968
    7.5000   45.0000  -45.0000 1882.7286   29.7146
   -7.5000  -45.0000  -37.5000 2047.2999   25.6587
    0.0000  -45.0000  -37.5000 2060.4441   25.6276
    7.5000  -45.0000  -37.5000 2047.2208   25.5827
   -7.5000  -37.5000  -37.5000 2148.2517   23.5641
    0.0000  -37.5000  -37.5000 2155.1873   23.5158
    7.5000  -37.5000  -37.5000 2149.0566   23.4659
   -7.5000  -30.0000  -37.5000 2235.8518   21.8471
    0.0000  -30.0000  -37.5000 2245.6443   21.8555
    7.5000  -30.0000  -37.5000 2227.1560   21.7149
   -7.5000  -22.5000  -37.5000 2277.7625   20.4219
    0.0000  -22.5000  -37.5000 2289.5325   20.4266
    7.5000  -22.5000  -37.5000 2273.0269   20.3132
   -7.5000  -15.0000  -37.5000 2299.0383   19.3465
    0.0000  -15.0000  -37.5000 2318.1904   19.3688
    7.5000  -15.0000  -37.5000 2292.7971   19.3344
   -7.5000   -7.5000  -37.5000 2317.9783   18.9765
    0.0000   -7.5000  -37.5000 2330.5427   18.9232
    7.5000   -7.5000  -37.5000 2307.8752   18.9336
   -7.5000    0.0000  -37.5000 2314.1626   18.9620
    0.0000    0.0000  -37.5000 2328.5212   18.9520
    7.5000    0.0000  -37.5000 2304.8345   18.9389
   -7.5000    7.5000  -37.5000 2313.3059   19.2689
    0.0000    7.5000  -37.5000 2325.3064   19.2486
    7.5000    7.5000  -37.5000 2299.6958   19.2747
   -7.5000   15.0000  -37.5000 2283.0657   19.8485
    0.0000   15.0000  -37.5000 2298.7852   19.9164
    7.5000   15.0000  -37.5000 2272.9807   19.9199
   -7.5000   22.5000  -37.5000 2242.1174   20.8767
    0.0000   22.5000  -37.5000 2250.2083   20.8955
    7.5000   22.5000  -37.5000 2230.9351   21.0100
   -7.5000   30.0000  -37.5000 2168.5520   22.3364
    0.0000   30.0000  -37.5000 2176.5857   22.3265
    7.5000   30.0000  -37.5000 2158.6626   22.4721
   -7.5000   37.5000  -37.5000 2076.4529   24.3794
    0.0000   37.5000  -37.5000 2079.7014   24.2733
    7.5000   37.5000  -37.5000 2064.3672   24.4875
   -7.5000   45.0000  -37.5000 1966.5566   27.0853
    0.0000   45.0000  -37.5000 1964.8551   26.9105
    7.5000   45.0000  -37.5000 1955.2896   27.1786
   -7.5000  -45.0000  -30.0000 2161.6804   24.9747
    0.0000  -45.0000  -30.0000 2168.6375   24.9566
    7.5000  -45.0000  -30.0000 2158.6821   24.7856
   -7.5000  -37.5000  -30.0000 2262.9651   22.7496
    0.0000  -37.5000  -30.0000 2269.6697   22.7295
    7.5000  -37.5000  -30.0000 2253.5898   22.5346
   -7.5000  -30.0000  -30.0000 2351.4663   20.9633
    0.0000  -30.0000  -30.0000 2358.3157   20.9169
    7.5000  -30.0000  -30.0000 2335.9333   20.7805
   -7.5000  -22.5000  -30.0000 2407.0593   19.5945
    0.0000  -22.5000  -30.0000 2420.7515   19.5838
    7.5000  -22.5000  -30.0000 2396.1711   19.4712
   -7.5000  -15.0000  -30.0000 2438.5554   18.6381
    0.0000  -15.0000  -30.0000 2452.5205   18.6088
    7.5000  -15.0000  -30.0000 2420.4541   18.5339
   -7.5000   -7.5000  -30.0000 2457.9629   18.2124
    0.0000   -7.5000  -30.0000 2464.9868   18.1198
    7.5000   -7.5000  -30.0000 2439.2566   18.1205
   -7.5000    0.0000  -30.0000 2464.2668   18.1758
    0.0000    0.0000  -30.0000 2474.0188   18.1083
    7.5000    0.0000  -30.0000 2443.4734   18.1019
   -7.5000    7.5000  -30.0000 2460.1914   18.4415
    0.0000    7.5000  -30.0000 2467.5466   18.3882
    7.5000    7.5000  -30.0000 2439.0122   18.4046
   -7.5000   15.0000  -30.0000 2433.8188   19.0754
    0.0000   15.0000  -30.0000 2442.2859   19.0487
    7.5000   15.0000  -30.0000 2412.4294   19.0542
   -7.5000   22.5000  -30.0000 2379.7671   20.1188
    0.0000   22.5000  -30.0000 2389.9597   20.1304
    7.5000   22.5000  -30.0000 2359.4160   20.1556
   -7.5000   30.0000  -30.0000 2299.9575   21.5445
    0.0000   30.0000  -30.0000 2309.2200   21.5628
    7.5000   30.0000  -30.0000 2280.1687   21.6160
   -7.5000   37.5000  -30.0000 2204.8506   23.4918
    0.0000   37.5000  -30.0000 2203.7346   23.4576
    7.5000   37.5000  -30.0000 2180.5125   23.5664
   -7.5000   45.0000  -30.0000 2072.7078   25.9965
    0.0000   45.0000  -30.0000 2075.5212   25.9075
    7.5000   45.0000  -30.0000 2055.1809   26.0874
   -7.5000  -45.0000  -22.5000 2253.8638   24.1197
    0.0000  -45.0000  -22.5000 2263.3999   24.0881
    7.5000  -45.0000  -22.5000 2243.7019   23.8618
   -7.5000  -37.5000  -22.5000 2362.9832   21.9588
    0.0000  -37.5000  -22.5000 2374.7261   21.9603
    7.5000  -37.5000  -22.5000 2351.8252   21.7134
   -7.5000  -30.0000  -22.5000 2453.7954   20.1230
    0.0000  -30.0000  -22.5000 2461.2178   20.0527
    7.5000  -30.0000  -22.5000 2441.5513   19.8982
   -7.5000  -22.5000  -22.5000 2514.7036   18.7277
    0.0000  -22.5000  -22.5000 2524.6848   18.6436
    7.5000  -22.5000  -22.5000 2503.3916   18.5726
   -7.5000  -15.0000  -22.5000 2558.3271   17.8810
    0.0000  -15.0000  -22.5000 2571.3303   17.7505
    7.5000  -15.0000  -22.5000 2544.1716   17.7593
   -7.5000   -7.5000  -22.5000 2591.2458   17.4247
    0.0000   -7.5000  -22.5000 2598.0098   17.3197
    7.5000   -7.5000  -22.5000 2569.6545   17.3059
   -7.5000    0.0000  -22.5000 2604.9846   17.3671
    0.0000    0.0000  -22.5000 2610.8696   17.2834
    7.5000    0.0000  -22.5000 2582.4443   17.2484
   -7.5000    7.5000  -22.5000 2593.2449   17.6290
    0.0000    7.5000  -22.5000 2598.2798   17.5918
    7.5000    7.5000  -22.5000 2565.3115   17.5774
   -7.5000   15.0000  -22.5000 2553.4707   18.2480
    0.0000   15.0000  -22.5000 2568.1565   18.2356
    7.5000   15.0000  -22.5000 2532.8616   18.2692
   -7.5000   22.5000  -22.5000 2495.4678   19.2544
    0.0000   22.5000  -22.5000 2513.2036   19.2769
    7.5000   22.5000  -22.5000 2478.3721   19.3012
   -7.5000   30.0000  -22.5000 2408.7258   20.6206
    0.0000   30.0000  -22.5000 2425.0825   20.6515
    7.5000   30.0000  -22.5000 2392.4399   20.7190
   -7.5000   37.5000  -22.5000 2303.9172   22.5591
    0.0000   37.5000  -22.5000 2317.9746   22.5517
    7.5000   37.5000  -22.5000 2287.1123   22.6595
   -7.5000   45.0000  -22.5000 2165.3137   24.9881
    0.0000   45.0000  -22.5000 2172.7598   24.9656
    7.5000   45.0000  -22.5000 2147.4968   25.0982
   -7.5000  -45.0000  -15.0000 2306.1443   23.2314
    0.0000  -45.0000  -15.0000 2325.9121   23.2230
    7.5000  -45.0000  -15.0000 2306.4697   23.1176
   -7.5000  -37.5000  -15.0000 2419.3518   21.1337
    0.0000  -37.5000  -15.0000 2436.1218   21.0942
    7.5000  -37.5000  -15.0000 2416.8113   20.9872
   -7.5000  -30.0000  -15.0000 2514.6946   19.3175
    0.0000  -30.0000  -15.0000 2533.8169   19.3079
    7.5000  -30.0000  -15.0000 2505.7847   19.1947
   -7.5000  -22.5000  -15.0000 2585.9841   17.9127
    0.0000  -22.5000  -15.0000 2598.5918   17.8423
    7.5000  -22.5000  -15.0000 2578.4026   17.7781
   -7.5000  -15.0000  -15.0000 2641.3347   17.0527
    0.0000  -15.0000  -15.0000 2653.5122   16.9268
    7.5000  -15.0000  -15.0000 2630.9094   16.9382
   -7.5000   -7.5000  -15.0000 2675.8596   16.5732
    0.0000   -7.5000  -15.0000 2689.7646   16.5194
    7.5000   -7.5000  -15.0000 2658.4314   16.5073
   -7.5000    0.0000  -15.0000 2689.7732   16.5025
    0.0000    0.0000  -15.0000 2705.3252   16.4680
    7.5000    0.0000  -15.0000 2674.5737   16.4556
   -7.5000    7.5000  -15.0000 2679.8284   16.7969
    0.0000    7.5000  -15.0000 2692.4307   16.7618
    7.5000    7.5000  -15.0000 2664.7952   16.8010
   -7.5000   15.0000  -15.0000 2639.6384   17.4118
    0.0000   15.0000  -15.0000 2656.7354   17.3706
    7.5000   15.0000  -15.0000 2625.5327   17.4763
   -7.5000   22.5000  -15.0000 2576.4153   18.4015
    0.0000   22.5000  -15.0000 2591.2173   18.3529
    7.5000   22.5000  -15.0000 2566.9380   18.4803
   -7.5000   30.0000  -15.0000 2486.9385   19.7915
    0.0000   30.0000  -15.0000 2504.0391   19.7267
    7.5000   30.0000  -15.0000 2479.9512   19.8716
   -7.5000   37.5000  -15.0000 2382.3318   21.6544
    0.0000   37.5000  -15.0000 2399.5237   21.6354
    7.5000   37.5000  -15.0000 2372.4143   21.7681
   -7.5000   45.0000  -15.0000 2234.9688   24.0205
    0.0000   45.0000  -15.0000 2246.8459   24.0417
    7.5000   45.0000  -15.0000 2222.8335   24.0821
   -7.5000  -45.0000   -7.5000 2342.3606   22.4015
    0.0000  -45.0000   -7.5000 2360.7881   22.3421
    7.5000  -45.0000   -7.5000 2345.2910   22.3721
   -7.5000  -37.5000   -7.5000 2457.7737   20.3351
    0.0000  -37.5000   -7.5000 2476.4324   20.2765
    7.5000  -37.5000   -7.5000 2464.2312   20.2874
   -7.5000  -30.0000   -7.5000 2563.1001   18.5758
    0.0000  -30.0000   -7.5000 2586.6924   18.5306
    7.5000  -30.0000   -7.5000 2565.8118   18.5324
   -7.5000  -22.5000   -7.5000 2644.5276   17.1934
    0.0000  -22.5000   -7.5000 2670.0266   17.0980
    7.5000  -22.5000   -7.5000 2646.9705   17.1232
   -7.5000  -15.0000   -7.5000 2708.5732   16.3025
    0.0000  -15.0000   -7.5000 2723.2661   16.1629
    7.5000  -15.0000   -7.5000 2699.8667   16.1914
   -7.5000   -7.5000   -7.5000 2742.6682   15.7558
    0.0000   -7.5000   -7.5000 2763.3733   15.6922
    7.5000   -7.5000   -7.5000 2728.3643   15.7208
   -7.5000    0.0000   -7.5000 2763.2881   15.6833
    0.0000    0.0000   -7.5000 2781.8611   15.6044
    7.5000    0.0000   -7.5000 2753.8826   15.6710
   -7.5000    7.5000   -7.5000 2752.2009   15.9988
    0.0000    7.5000   -7.5000 2769.9094   15.9209
    7.5000    7.5000   -7.5000 2746.2112   16.0508
   -7.5000   15.0000   -7.5000 2715.0845   16.6090
    0.0000   15.0000   -7.5000 2724.3479   16.5214
    7.5000   15.0000   -7.5000 2706.5908   16.6903
   -7.5000   22.5000   -7.5000 2645.4648   17.5613
    0.0000   22.5000   -7.5000 2657.6555   17.4944
    7.5000   22.5000   -7.5000 2638.9175   17.6553
   -7.5000   30.0000   -7.5000 2546.4636   18.9367
    0.0000   30.0000   -7.5000 2559.0078   18.8856
    7.5000   30.0000   -7.5000 2540.5535   19.0543
   -7.5000   37.5000   -7.5000 2440.1343   20.7968
    0.0000   37.5000   -7.5000 2457.9846   20.7430
    7.5000   37.5000   -7.5000 2434.0549   20.9102
   -7.5000   45.0000   -7.5000 2289.3005   23.0498
    0.0000   45.0000   -7.5000 2299.4478   23.0309
    7.5000   45.0000   -7.5000 2286.5039   23.1708
   -7.5000  -45.0000    0.0000 2358.0076   21.7906
    0.0000  -45.0000    0.0000 2367.8188   21.6311
    7.5000  -45.0000    0.0000 2357.7554   21.8201
   -7.5000  -37.5000    0.0000 2474.5981   19.7462
    0.0000  -37.5000    0.0000 2493.2634   19.6059
    7.5000  -37.5000    0.0000 2475.0818   19.7230
   -7.5000  -30.0000    0.0000 2592.0703   18.0833
    0.0000  -30.0000    0.0000 2613.5693   17.9407
    7.5000  -30.0000    0.0000 2592.8042   18.0308
   -7.5000  -22.5000    0.0000 2694.7776   16.7840
    0.0000  -22.5000    0.0000 2719.8940   16.6617
    7.5000  -22.5000    0.0000 2694.7969   16.7360
   -7.5000  -15.0000    0.0000 2766.2283   15.8605
    0.0000  -15.0000    0.0000 2785.1799   15.7230
    7.5000  -15.0000    0.0000 2758.1838   15.7828
   -7.5000   -7.5000    0.0000 2795.0598   15.1611
    0.0000   -7.5000    0.0000 2810.0608   14.9773
    7.5000   -7.5000    0.0000 2777.6892   15.1872
   -7.5000    0.0000    0.0000 2814.7893   15.0416
    0.0000    0.0000    0.0000 2827.0205   14.8374
    7.5000    0.0000    0.0000 2803.3533   15.0819
   -7.5000    7.5000    0.0000 2807.3081   15.3925
    0.0000    7.5000    0.0000 2815.6506   15.2189
    7.5000    7.5000    0.0000 2800.5212   15.4622
   -7.5000   15.0000    0.0000 2759.5132   16.0284
    0.0000   15.0000    0.0000 2769.9333   15.8829
    7.5000   15.0000    0.0000 2759.2515   16.1317
   -7.5000   22.5000    0.0000 2681.2078   17.0267
    0.0000   22.5000    0.0000 2692.8567   16.9184
    7.5000   22.5000    0.0000 2683.0144   17.1686
   -7.5000   30.0000    0.0000 2578.4517   18.3797
    0.0000   30.0000    0.0000 2590.0178   18.2910
    7.5000   30.0000    0.0000 2574.0464   18.5641
   -7.5000   37.5000    0.0000 2462.3716   20.1225
    0.0000   37.5000    0.0000 2479.6265   20.0537
    7.5000   37.5000    0.0000 2456.7124   20.2847
   -7.5000   45.0000    0.0000 2317.3340   22.2568
    0.0000   45.0000    0.0000 2335.0308   22.2543
    7.5000   45.0000    0.0000 2311.2678   22.4529
   -7.5000  -45.0000    7.5000 2369.9453   21.6325
    0.0000  -45.0000    7.5000 2362.6663   21.2283
    7.5000  -45.0000    7.5000 2367.0688   21.6800
   -7.5000  -37.5000    7.5000 2489.2598   19.5856
    0.0000  -37.5000    7.5000 2488.2073   19.2084
    7.5000  -37.5000    7.5000 2483.9309   19.5536
   -7.5000  -30.0000    7.5000 2604.8225   17.9416
    0.0000  -30.0000    7.5000 2608.7212   17.6099
    7.5000  -30.0000    7.5000 2599.3552   17.9061
   -7.5000  -22.5000    7.5000 2715.2219   16.6808
    0.0000  -22.5000    7.5000 2724.2180   16.3882
    7.5000  -22.5000    7.5000 2707.6963   16.6313
   -7.5000  -15.0000    7.5000 2805.3354   15.8415
    0.0000  -15.0000    7.5000 2826.9851   15.6391
    7.5000  -15.0000    7.5000 2790.7285   15.6905
   -7.5000   -7.5000    7.5000 2832.4932   14.8846
    0.0000   -7.5000    7.5000 2841.9143   14.5274
    7.5000   -7.5000    7.5000 2812.7966   14.9760
   -7.5000    0.0000    7.5000 2850.1211   14.6457
    0.0000    0.0000    7.5000 2849.5303   14.2128
    7.5000    0.0000    7.5000 2826.2314   14.8327
   -7.5000    7.5000    7.5000 2829.9463   15.1387
    0.0000    7.5000    7.5000 2828.7012   14.8343
    7.5000    7.5000    7.5000 2819.1448   15.2796
   -7.5000   15.0000    7.5000 2781.6819   15.8632
    0.0000   15.0000    7.5000 2784.8711   15.6433
    7.5000   15.0000    7.5000 2783.5056   16.0165
   -7.5000   22.5000    7.5000 2707.9524   16.8726
    0.0000   22.5000    7.5000 2714.6597   16.6711
    7.5000   22.5000    7.5000 2704.2070   17.0187
   -7.5000   30.0000    7.5000 2601.0581   18.2287
    0.0000   30.0000    7.5000 2600.9141   18.0173
    7.5000   30.0000    7.5000 2588.2271   18.3169
   -7.5000   37.5000    7.5000 2486.2979   19.9348
    0.0000   37.5000    7.5000 2489.8708   19.7450
    7.5000   37.5000    7.5000 2464.7144   19.9957
   -7.5000   45.0000    7.5000 2343.9146   22.0443
    0.0000   45.0000    7.5000 2347.3442   21.9048
    7.5000   45.0000    7.5000 2330.6121   22.1801
   -7.5000  -45.0000   15.0000 2355.0002   21.6589
    0.0000  -45.0000   15.0000 2363.2537   21.3951
    7.5000  -45.0000   15.0000 2352.7688   21.7435
   -7.5000  -37.5000   15.0000 2475.0220   19.6403
    0.0000  -37.5000   15.0000 2479.5884   19.3665
    7.5000  -37.5000   15.0000 2468.5896   19.7066
   -7.5000  -30.0000   15.0000 2590.1716   18.0139
    0.0000  -30.0000   15.0000 2594.8188   17.6853
    7.5000  -30.0000   15.0000 2584.4666   18.0348
   -7.5000  -22.5000   15.0000 2707.8289   16.7946
    0.0000  -22.5000   15.0000 2711.4980   16.4414
    7.5000  -22.5000   15.0000 2700.8484   16.7597
   -7.5000  -15.0000   15.0000 2804.9702   15.8908
    0.0000  -15.0000   15.0000 2814.7966   15.6166
    7.5000  -15.0000   15.0000 2792.2144   15.8540
   -7.5000   -7.5000   15.0000 2857.3662   15.1812
    0.0000   -7.5000   15.0000 2870.9966   14.7838
    7.5000   -7.5000   15.0000 2841.1892   15.3324
   -7.5000    0.0000   15.0000 2871.6921   14.9484
    0.0000    0.0000   15.0000 2883.7319   14.5855
    7.5000    0.0000   15.0000 2850.9854   15.1815
   -7.5000    7.5000   15.0000 2841.6108   15.3855
    0.0000    7.5000   15.0000 2852.6917   15.1562
    7.5000    7.5000   15.0000 2823.3118   15.5241
   -7.5000   15.0000   15.0000 2775.6028   16.1099
    0.0000   15.0000   15.0000 2792.0298   15.9169
    7.5000   15.0000   15.0000 2772.5867   16.1417
   -7.5000   22.5000   15.0000 2696.9062   17.0459
    0.0000   22.5000   15.0000 2705.7786   16.9035
    7.5000   22.5000   15.0000 2695.3313   17.0626
   -7.5000   30.0000   15.0000 2595.6069   18.3605
    0.0000   30.0000   15.0000 2601.1577   18.2294
    7.5000   30.0000   15.0000 2578.9543   18.3470
   -7.5000   37.5000   15.0000 2481.2300   20.0325
    0.0000   37.5000   15.0000 2493.0884   19.9527
    7.5000   37.5000   15.0000 2458.7217   20.0234
   -7.5000   45.0000   15.0000 2334.1851   22.1059
    0.0000   45.0000   15.0000 2340.8491   22.1388
    7.5000   45.0000   15.0000 2318.4814   22.1362
   -7.5000  -45.0000   22.5000 2342.0273   22.0915
    0.0000  -45.0000   22.5000 2344.1165   21.7678
    7.5000  -45.0000   22.5000 2339.9768   22.3180
   -7.5000  -37.5000   22.5000 2453.8535   20.0127
    0.0000  -37.5000   22.5000 2459.0066   19.6548
    7.5000  -37.5000   22.5000 2455.9402   20.1830
   -7.5000  -30.0000   22.5000 2570.3328   18.4481
    0.0000  -30.0000   22.5000 2574.3110   18.0774
    7.5000  -30.0000   22.5000 2572.1763   18.5163
   -7.5000  -22.5000   22.5000 2687.6355   17.1978
    0.0000  -22.5000   22.5000 2697.8779   16.9616
    7.5000  -22.5000   22.5000 2689.3398   17.2533
   -7.5000  -15.0000   22.5000 2777.5232   16.3428
    0.0000  -15.0000   22.5000 2803.3000   16.0874
    7.5000  -15.0000   22.5000 2775.7161   16.4669
   -7.5000   -7.5000   22.5000 2848.9380   15.8458
    0.0000   -7.5000   22.5000 2880.8171   15.7264
    7.5000   -7.5000   22.5000 2830.2109   15.9921
   -7.5000    0.0000   22.5000 2878.5315   15.8423
    0.0000    0.0000   22.5000 2916.6292   15.7947
    7.5000    0.0000   22.5000 2845.9121   15.9096
   -7.5000    7.5000   22.5000 2839.5500   16.1194
    0.0000    7.5000   22.5000 2867.8093   16.0922
    7.5000    7.5000   22.5000 2815.0974   16.1448
   -7.5000   15.0000   22.5000 2761.1455   16.6265
    0.0000   15.0000   22.5000 2784.0188   16.5618
    7.5000   15.0000   22.5000 2753.3235   16.6417
   -7.5000   22.5000   22.5000 2673.8792   17.4659
    0.0000   22.5000   22.5000 2686.8911   17.3328
    7.5000   22.5000   22.5000 2667.6218   17.4572
   -7.5000   30.0000   22.5000 2574.0396   18.6943
    0.0000   30.0000   22.5000 2584.1592   18.5560
    7.5000   30.0000   22.5000 2561.8594   18.6810
   -7.5000   37.5000   22.5000 2459.6167   20.3189
    0.0000   37.5000   22.5000 2466.2466   20.1874
    7.5000   37.5000   22.5000 2445.2737   20.3065
   -7.5000   45.0000   22.5000 2309.0549   22.4343
    0.0000   45.0000   22.5000 2314.6428   22.3220
    7.5000   45.0000   22.5000 2298.4985   22.4234
   -7.5000  -45.0000   30.0000 2317.6560   23.0394
    0.0000  -45.0000   30.0000 2320.8120   22.7504
    7.5000  -45.0000   30.0000 2316.1631   23.2241
   -7.5000  -37.5000   30.0000 2434.2317   20.9793
    0.0000  -37.5000   30.0000 2443.6313   20.7185
    7.5000  -37.5000   30.0000 2432.8281   21.1718
   -7.5000  -30.0000   30.0000 2554.5291   19.3749
    0.0000  -30.0000   30.0000 2570.9370   19.1755
    7.5000  -30.0000   30.0000 2549.1443   19.5079
   -7.5000  -22.5000   30.0000 2667.9072   18.0893
    0.0000  -22.5000   30.0000 2677.5891   17.8349
    7.5000  -22.5000   30.0000 2662.4128   18.1927
   -7.5000  -15.0000   30.0000 2752.3264   17.1539
    0.0000  -15.0000   30.0000 2760.0864   16.8118
    7.5000  -15.0000   30.0000 2740.9431   17.2802
   -7.5000   -7.5000   30.0000 2812.1021   16.7198
    0.0000   -7.5000   30.0000 2815.1377   16.4610
    7.5000   -7.5000   30.0000 2794.1521   16.8007
   -7.5000    0.0000   30.0000 2829.2678   16.7301
    0.0000    0.0000   30.0000 2837.1162   16.4409
    7.5000    0.0000   30.0000 2810.3926   16.7538
   -7.5000    7.5000   30.0000 2798.9573   16.9270
    0.0000    7.5000   30.0000 2816.6838   16.7071
    7.5000    7.5000   30.0000 2778.6074   16.9154
   -7.5000   15.0000   30.0000 2722.1414   17.4508
    0.0000   15.0000   30.0000 2737.8918   17.2477
    7.5000   15.0000   30.0000 2710.0305   17.3980
   -7.5000   22.5000   30.0000 2636.5117   18.2870
    0.0000   22.5000   30.0000 2648.9656   18.1378
    7.5000   22.5000   30.0000 2623.3286   18.2246
   -7.5000   30.0000   30.0000 2536.9814   19.4135
    0.0000   30.0000   30.0000 2549.1099   19.2822
    7.5000   30.0000   30.0000 2525.0232   19.3298
   -7.5000   37.5000   30.0000 2417.7522   20.9563
    0.0000   37.5000   30.0000 2428.7490   20.8307
    7.5000   37.5000   30.0000 2408.6738   20.8810
   -7.5000   45.0000   30.0000 2264.7688   23.0078
    0.0000   45.0000   30.0000 2276.0198   22.9445
    7.5000   45.0000   30.0000 2257.4761   22.9468
   -7.5000  -45.0000   37.5000 2283.7712   24.5164
    0.0000  -45.0000   37.5000 2296.2822   24.3142
    7.5000  -45.0000   37.5000 2281.7068   24.7415
   -7.5000  -37.5000   37.5000 2402.2969   22.3738
    0.0000  -37.5000   37.5000 2416.0051   22.1936
    7.5000  -37.5000   37.5000 2396.7124   22.5457
   -7.5000  -30.0000   37.5000 2513.8782   20.5818
    0.0000  -30.0000   37.5000 2525.1436   20.3332
    7.5000  -30.0000   37.5000 2504.6760   20.6980
   -7.5000  -22.5000   37.5000 2616.1460   19.1234
    0.0000  -22.5000   37.5000 2627.0903   18.7790
    7.5000  -22.5000   37.5000 2608.9927   19.2113
   -7.5000  -15.0000   37.5000 2688.7617   18.1128
    0.0000  -15.0000   37.5000 2694.8013   17.7592
    7.5000  -15.0000   37.5000 2677.7310   18.2337
   -7.5000   -7.5000   37.5000 2737.7065   17.6708
    0.0000   -7.5000   37.5000 2735.7556   17.3925
    7.5000   -7.5000   37.5000 2723.0112   17.7505
   -7.5000    0.0000   37.5000 2742.2910   17.6602
    0.0000    0.0000   37.5000 2746.2546   17.3448
    7.5000    0.0000   37.5000 2729.4800   17.6874
   -7.5000    7.5000   37.5000 2720.8113   17.8311
    0.0000    7.5000   37.5000 2732.6343   17.5394
    7.5000    7.5000   37.5000 2707.6008   17.8500
   -7.5000   15.0000   37.5000 2661.1978   18.3538
    0.0000   15.0000   37.5000 2673.8228   18.0812
    7.5000   15.0000   37.5000 2647.6970   18.3242
   -7.5000   22.5000   37.5000 2581.2275   19.2347
    0.0000   22.5000   37.5000 2596.2827   19.0577
    7.5000   22.5000   37.5000 2570.9585   19.2212
   -7.5000   30.0000   37.5000 2482.0059   20.4136
    0.0000   30.0000   37.5000 2490.1523   20.2775
    7.5000   30.0000   37.5000 2467.1648   20.3326
   -7.5000   37.5000   37.5000 2362.2126   21.9680
    0.0000   37.5000   37.5000 2371.9463   21.7961
    7.5000   37.5000   37.5000 2347.6741   21.8635
   -7.5000   45.0000   37.5000 2225.3408   23.9198
    0.0000   45.0000   37.5000 2237.6221   23.8208
    7.5000   45.0000   37.5000 2210.3374   23.9167
   -7.5000  -45.0000   45.0000 2232.9121   26.1407
    0.0000  -45.0000   45.0000 2253.3708   26.0052
    7.5000  -45.0000   45.0000 2227.7627   26.2213
   -7.5000  -37.5000   45.0000 2342.9114   23.7593
    0.0000  -37.5000   45.0000 2364.8850   23.5521
    7.5000  -37.5000   45.0000 2336.4270   23.8403
   -7.5000  -30.0000   45.0000 2443.6289   21.8327
    0.0000  -30.0000   45.0000 2465.5415   21.5840
    7.5000  -30.0000   45.0000 2439.7273   21.8920
   -7.5000  -22.5000   45.0000 2539.8418   20.3203
    0.0000  -22.5000   45.0000 2556.0344   19.9696
    7.5000  -22.5000   45.0000 2531.2170   20.3946
   -7.5000  -15.0000   45.0000 2604.9512   19.2685
    0.0000  -15.0000   45.0000 2615.3062   19.0205
    7.5000  -15.0000   45.0000 2594.8503   19.3811
   -7.5000   -7.5000   45.0000 2640.3237   18.8510
    0.0000   -7.5000   45.0000 2646.6382   18.6099
    7.5000   -7.5000   45.0000 2630.4548   18.9227
   -7.5000    0.0000   45.0000 2644.2500   18.8023
    0.0000    0.0000   45.0000 2656.0166   18.5070
    7.5000    0.0000   45.0000 2634.9626   18.7974
   -7.5000    7.5000   45.0000 2633.0198   18.9309
    0.0000    7.5000   45.0000 2643.2007   18.6731
    7.5000    7.5000   45.0000 2620.5654   18.9437
   -7.5000   15.0000   45.0000 2583.3818   19.4149
    0.0000   15.0000   45.0000 2601.4397   19.2073
    7.5000   15.0000   45.0000 2570.5698   19.4554
   -7.5000   22.5000   45.0000 2508.2114   20.3249
    0.0000   22.5000   45.0000 2522.8616   20.1466
    7.5000   22.5000   45.0000 2499.1897   20.3575
   -7.5000   30.0000   45.0000 2411.2441   21.5751
    0.0000   30.0000   45.0000 2425.1921   21.4688
    7.5000   30.0000   45.0000 2401.1448   21.5810
   -7.5000   37.5000   45.0000 2293.3171   23.2072
    0.0000   37.5000   45.0000 2303.0364   23.0896
    7.5000   37.5000   45.0000 2278.4714   23.1158
   -7.5000   45.0000   45.0000 2173.2375   25.2597
    0.0000   45.0000   45.0000 2175.3389   25.1583
    7.5000   45.0000   45.0000 2155.0312   25.1976

---------------------------------------------------------------------
imgreg_4dfp /opt/freesurfer/average/711-2C_as_mni_average_305 /opt/freesurfer/average/711-2B_as_mni_average_305_mask talsrcimg_g11 none talsrcimg_to_711-2C_as_mni_average_305_t4 1283
---------------------------------------------------------------------

freesurfer imgreg_4dfp.c
/opt/freesurfer/average/711-2C_as_mni_average_305.4dfp.img
       256       256       256         1
  1.000000  1.000000  1.000000
orientation T byte_order littleendian
Reading image: /opt/freesurfer/average/711-2C_as_mni_average_305.4dfp.img
dimensions:      256       256       256
mmppix:       1.0000   -1.0000   -1.0000
center:     128.0000 -129.0000 -129.0000
/opt/freesurfer/average/711-2B_as_mni_average_305_mask.4dfp.img
       256       256       256         1
  1.000000  1.000000  1.000000
orientation T byte_order littleendian
Reading mask: /opt/freesurfer/average/711-2B_as_mni_average_305_mask.4dfp.img (2306576 pixels)
talsrcimg_g11.4dfp.img
       256       256       256         1
  1.000000  1.000000  1.000000
orientation T byte_order littleendian
Reading image: talsrcimg_g11.4dfp.img
dimensions:      256       256       256
mmppix:       1.0000   -1.0000   -1.0000
center:     128.0000 -129.0000 -129.0000
rotation matrix determinant  1.000000
fimgreg.f
image alignment mode   1283 decimal      503 hex
parameters
    0.0000    0.0000   22.5000    0.0000    0.0000    0.0000
eta,q 0.91498 15.84720
niter,ni,del,rscale     5    3   12.0000    1.2000
parameters
   -1.5346    0.3630   19.7658   -1.4038    2.1582   -2.2645
eta,q 0.91597 15.36074
  0.0922  0.0997  0.0887  0.0867  0.0903  0.0858
  0.0857  0.0920  0.0852  0.0847  0.0879  0.0842
  0.0883  0.0869  0.0860  0.0846  0.0859  0.0841
  0.0893  0.0883  0.0879  0.0858  0.0852  0.0851
  0.0870  0.0892  0.0914  0.0856  0.0852  0.0861
  0.0938  0.0917  0.0975  0.0863  0.0847  0.0869
  0.1030  0.0954  0.1061  0.0894  0.0861  0.0887
niter,ni,del,rscale     4    3   12.0000    1.2000
parameters
   -1.8938    0.2246   20.0735   -0.6632    1.5922   -1.6929
eta,q 0.91489 15.38538
  0.0947  0.0948  0.0985  0.0899  0.0875  0.0892
  0.0866  0.0891  0.0886  0.0864  0.0853  0.0863
  0.0837  0.0848  0.0836  0.0845  0.0851  0.0850
  0.0840  0.0842  0.0843  0.0844  0.0847  0.0849
  0.0832  0.0840  0.0856  0.0855  0.0845  0.0856
  0.0878  0.0894  0.0886  0.0856  0.0858  0.0864
  0.0994  0.0967  0.0939  0.0871  0.0898  0.0870
niter,ni,del,rscale     3    3   12.0000    1.2000
parameters
   -1.7021   -0.0571   20.1554   -0.6057    1.5401   -1.5368
eta,q 0.91471 15.38653
  0.0962  0.0946  0.0977  0.0891  0.0882  0.0886
  0.0880  0.0882  0.0880  0.0861  0.0859  0.0862
  0.0836  0.0846  0.0843  0.0843  0.0854  0.0852
  0.0851  0.0852  0.0851  0.0852  0.0852  0.0852
  0.0841  0.0850  0.0864  0.0863  0.0846  0.0858
  0.0857  0.0901  0.0894  0.0862  0.0854  0.0867
  0.0951  0.0965  0.0951  0.0882  0.0890  0.0876
niter,ni,del,rscale     2    3   12.0000    1.2000
parameters
   -1.6766   -0.0826   20.1574   -0.5881    1.5421   -1.5225
eta,q 0.91468 15.38638
  0.0954  0.0955  0.0973  0.0891  0.0882  0.0884
  0.0873  0.0891  0.0878  0.0861  0.0859  0.0861
  0.0837  0.0847  0.0844  0.0843  0.0855  0.0852
  0.0853  0.0853  0.0853  0.0853  0.0853  0.0853
  0.0840  0.0851  0.0866  0.0864  0.0846  0.0859
  0.0860  0.0892  0.0896  0.0863  0.0853  0.0867
  0.0958  0.0956  0.0953  0.0882  0.0889  0.0877
registration optimization eta report
parameter search radius
    6.0000    6.0000    6.0000    6.0000    6.0000    6.0000
100000*second partial in parameter space
       33.       31.       32.       10.       10.        8.
  0.0954  0.0955  0.0973  0.0891  0.0882  0.0884
  0.0873  0.0891  0.0878  0.0861  0.0859  0.0861
  0.0837  0.0847  0.0844  0.0843  0.0855  0.0852
  0.0853  0.0853  0.0853  0.0853  0.0853  0.0853
  0.0840  0.0851  0.0866  0.0864  0.0846  0.0859
  0.0860  0.0892  0.0896  0.0863  0.0853  0.0867
  0.0958  0.0956  0.0953  0.0882  0.0889  0.0877
   -1.6766   -0.0826   20.1574   -0.5881    1.5421   -1.5225
eta,q 0.91468 15.38638

---------------------------------------------------------------------
imgreg_4dfp /opt/freesurfer/average/711-2C_as_mni_average_305 /opt/freesurfer/average/711-2B_as_mni_average_305_mask talsrcimg_g11 none talsrcimg_to_711-2C_as_mni_average_305_t4 3335
---------------------------------------------------------------------

freesurfer imgreg_4dfp.c
/opt/freesurfer/average/711-2C_as_mni_average_305.4dfp.img
       256       256       256         1
  1.000000  1.000000  1.000000
orientation T byte_order littleendian
Reading image: /opt/freesurfer/average/711-2C_as_mni_average_305.4dfp.img
dimensions:      256       256       256
mmppix:       1.0000   -1.0000   -1.0000
center:     128.0000 -129.0000 -129.0000
/opt/freesurfer/average/711-2B_as_mni_average_305_mask.4dfp.img
       256       256       256         1
  1.000000  1.000000  1.000000
orientation T byte_order littleendian
Reading mask: /opt/freesurfer/average/711-2B_as_mni_average_305_mask.4dfp.img (2306576 pixels)
talsrcimg_g11.4dfp.img
       256       256       256         1
  1.000000  1.000000  1.000000
orientation T byte_order littleendian
Reading image: talsrcimg_g11.4dfp.img
dimensions:      256       256       256
mmppix:       1.0000   -1.0000   -1.0000
center:     128.0000 -129.0000 -129.0000
fimgreg.f
image alignment mode   3335 decimal      D07 hex
parameters
   -1.6766   -0.0826   20.1574   -0.0715   -0.0413   -0.0415
    2.6845   -2.6628   -2.6560    1.0975    2.6912   -1.0260
eta,q 0.91960 15.55471
niter,ni,del,rscale     5    3    5.0000    1.2000
parameter  4  2.773724 ->  0.500000 qaram    1.1500
parameter  5  4.427343 ->  0.500000 qaram    1.1500
parameter  9 -0.645645 -> -0.500000 qaram    1.1500
parameter 12 -1.088617 -> -0.500000 qaram    1.1500
parameters
   -1.5958    0.0178   19.7560   -4.2115   -4.1813   -3.4188
   -0.0633   -1.0548    1.4840    3.8257   -0.5352    3.1140
eta,q 0.93805 15.34954
  0.0841  0.0826  0.0826  0.0684  0.0610  0.0653  0.0657  0.0713  0.0681  0.0713  0.0635  0.0680
  0.0823  0.0814  0.0810  0.0711  0.0647  0.0653  0.0651  0.0680  0.0667  0.0676  0.0634  0.0662
  0.0809  0.0806  0.0803  0.0750  0.0683  0.0653  0.0650  0.0661  0.0654  0.0653  0.0634  0.0646
  0.0804  0.0804  0.0804  0.0803  0.0721  0.0657  0.0653  0.0650  0.0645  0.0638  0.0635  0.0633
  0.0808  0.0806  0.0812  0.0872  0.0766  0.0694  0.0660  0.0644  0.0639  0.0635  0.0638  0.0624
  0.0820  0.0812  0.0826  0.0933  0.0811  0.0774  0.0670  0.0651  0.0638  0.0638  0.0644  0.0618
  0.0837  0.0821  0.0845  0.0984  0.0862  0.0898  0.0684  0.0675  0.0641  0.0647  0.0654  0.0616
niter,ni,del,rscale     7    3    5.0000    1.2000
parameter  3  2.747090 ->  0.500000 qaram    1.1500
parameter  4  0.866636 ->  0.500000 qaram    1.3225
parameter  5  2.173374 ->  0.500000 qaram    1.3225
parameter 11  0.721794 ->  0.500000 qaram    1.1500
parameters
   -1.6137    0.3151   18.3760   -8.9725   -8.9423   -6.1542
   -0.5391   -0.8504    0.4258    2.1218   -4.6752    2.3525
eta,q 0.95024 14.78605
  0.0648  0.0638  0.0578  0.0543  0.0482  0.0505  0.0523  0.0540  0.0518  0.0524  0.0498  0.0505
  0.0631  0.0630  0.0588  0.0548  0.0498  0.0502  0.0511  0.0520  0.0508  0.0507  0.0497  0.0502
  0.0622  0.0623  0.0602  0.0563  0.0518  0.0503  0.0505  0.0508  0.0503  0.0501  0.0498  0.0499
  0.0620  0.0619  0.0619  0.0592  0.0551  0.0503  0.0503  0.0503  0.0503  0.0503  0.0500  0.0497
  0.0623  0.0619  0.0638  0.0634  0.0585  0.0507  0.0507  0.0507  0.0508  0.0513  0.0503  0.0498
  0.0633  0.0623  0.0658  0.0696  0.0613  0.0542  0.0516  0.0518  0.0516  0.0534  0.0507  0.0503
  0.0648  0.0632  0.0679  0.0770  0.0658  0.0604  0.0528  0.0536  0.0527  0.0559  0.0512  0.0511
niter,ni,del,rscale     7    3    5.0000    1.2000
parameter  2  1.160156 ->  0.500000 qaram    1.1500
parameter  3  6.162246 ->  0.500000 qaram    1.3225
parameter  5  2.137625 ->  0.500000 qaram    1.5209
parameter  6  0.592215 ->  0.500000 qaram    1.1500
parameter 10  1.117924 ->  0.500000 qaram    1.1500
parameter 12  1.393929 ->  0.500000 qaram    1.3225
parameters
   -1.3724   -1.0649   16.7890  -13.2711  -14.4174  -10.2942
   -0.0467   -0.8399    1.4241   -2.0182   -2.9556   -2.4085
eta,q 0.96882 14.42851
  0.0534  0.0475  0.0408  0.0438  0.0357  0.0367  0.0396  0.0403  0.0396  0.0334  0.0358  0.0305
  0.0516  0.0477  0.0429  0.0431  0.0370  0.0365  0.0381  0.0384  0.0381  0.0336  0.0349  0.0310
  0.0503  0.0485  0.0453  0.0429  0.0397  0.0368  0.0370  0.0371  0.0370  0.0347  0.0343  0.0320
  0.0498  0.0497  0.0479  0.0436  0.0429  0.0377  0.0365  0.0365  0.0365  0.0364  0.0338  0.0338
  0.0499  0.0513  0.0505  0.0460  0.0469  0.0387  0.0367  0.0369  0.0365  0.0388  0.0338  0.0360
  0.0507  0.0532  0.0533  0.0508  0.0517  0.0406  0.0375  0.0383  0.0372  0.0415  0.0341  0.0385
  0.0522  0.0553  0.0562  0.0575  0.0549  0.0442  0.0389  0.0404  0.0384  0.0445  0.0347  0.0409
niter,ni,del,rscale     7    3    5.0000    1.2000
parameter  3  1.530326 ->  0.500000 qaram    1.5209
parameters
   -1.2408   -2.4098   14.9639  -10.0242  -17.3453   -7.4125
   -0.4500   -1.0723    1.8718   -2.2563   -2.1429   -5.6962
eta,q 0.97521 14.60541
  0.0351  0.0314  0.0246  0.0321  0.0302  0.0304  0.0277  0.0296  0.0283  0.0293  0.0269  0.0258
  0.0331  0.0302  0.0258  0.0298  0.0278  0.0287  0.0262  0.0270  0.0267  0.0272  0.0260  0.0250
  0.0317  0.0301  0.0276  0.0279  0.0261  0.0273  0.0253  0.0255  0.0256  0.0258  0.0254  0.0248
  0.0312  0.0312  0.0300  0.0263  0.0253  0.0259  0.0251  0.0251  0.0251  0.0251  0.0251  0.0251
  0.0315  0.0334  0.0329  0.0253  0.0277  0.0252  0.0256  0.0259  0.0253  0.0254  0.0252  0.0258
  0.0325  0.0368  0.0364  0.0253  0.0350  0.0248  0.0266  0.0276  0.0262  0.0270  0.0256  0.0271
  0.0343  0.0410  0.0406  0.0279  0.0442  0.0273  0.0283  0.0301  0.0277  0.0304  0.0263  0.0292
niter,ni,del,rscale     7    3    5.0000    1.2000
parameter  3  0.738834 ->  0.500000 qaram    1.7490
parameters
   -1.1988   -2.0023   12.8651  -10.0130  -17.5510   -9.4482
   -0.4693   -0.9821    2.2130   -1.1825   -1.8140   -7.1826
eta,q 0.97693 14.48595
  0.0287  0.0298  0.0228  0.0281  0.0307  0.0254  0.0260  0.0276  0.0262  0.0286  0.0245  0.0248
  0.0266  0.0273  0.0225  0.0258  0.0275  0.0241  0.0245  0.0251  0.0247  0.0257  0.0239  0.0237
  0.0253  0.0257  0.0231  0.0239  0.0248  0.0233  0.0235  0.0237  0.0236  0.0239  0.0234  0.0231
  0.0248  0.0248  0.0247  0.0226  0.0226  0.0227  0.0232  0.0232  0.0232  0.0232  0.0232  0.0232
  0.0252  0.0248  0.0271  0.0220  0.0214  0.0231  0.0235  0.0237  0.0234  0.0234  0.0233  0.0238
  0.0264  0.0258  0.0303  0.0241  0.0248  0.0270  0.0245  0.0251  0.0243  0.0244  0.0237  0.0247
  0.0284  0.0276  0.0344  0.0297  0.0350  0.0374  0.0260  0.0273  0.0258  0.0263  0.0244  0.0259
niter,ni,del,rscale     7    3    5.0000    1.2000
parameters
   -1.1417   -1.7382   11.9750   -9.7948  -17.1699  -10.6847
   -0.5188   -0.9258    2.2409   -0.7999   -1.9727   -7.7651
eta,q 0.97717 14.44210
  0.0269  0.0276  0.0258  0.0280  0.0313  0.0256  0.0256  0.0272  0.0255  0.0276  0.0240  0.0249
  0.0248  0.0253  0.0238  0.0259  0.0281  0.0240  0.0241  0.0246  0.0241  0.0248  0.0234  0.0237
  0.0235  0.0237  0.0230  0.0241  0.0252  0.0231  0.0232  0.0233  0.0232  0.0232  0.0230  0.0230
  0.0231  0.0231  0.0231  0.0229  0.0229  0.0226  0.0228  0.0228  0.0228  0.0228  0.0229  0.0229
  0.0234  0.0233  0.0242  0.0223  0.0214  0.0220  0.0232  0.0233  0.0231  0.0233  0.0230  0.0233
  0.0246  0.0243  0.0265  0.0241  0.0239  0.0242  0.0241  0.0247  0.0239  0.0245  0.0234  0.0242
  0.0265  0.0261  0.0298  0.0290  0.0332  0.0321  0.0257  0.0269  0.0255  0.0265  0.0242  0.0253
niter,ni,del,rscale     6    3    5.0000    1.2000
parameters
   -1.1246   -1.5962   11.6817   -9.8496  -17.0914  -10.9619
   -0.5303   -0.8922    2.2940   -0.5256   -2.1132   -7.9364
eta,q 0.97715 14.42799
  0.0265  0.0269  0.0267  0.0277  0.0310  0.0263  0.0256  0.0272  0.0254  0.0275  0.0240  0.0252
  0.0245  0.0247  0.0245  0.0256  0.0279  0.0245  0.0241  0.0246  0.0241  0.0246  0.0234  0.0238
  0.0233  0.0233  0.0233  0.0239  0.0251  0.0233  0.0232  0.0232  0.0232  0.0231  0.0230  0.0230
  0.0228  0.0228  0.0228  0.0228  0.0228  0.0228  0.0228  0.0228  0.0228  0.0228  0.0228  0.0229
  0.0232  0.0232  0.0235  0.0224  0.0215  0.0222  0.0231  0.0234  0.0231  0.0234  0.0230  0.0232
  0.0244  0.0243  0.0253  0.0244  0.0246  0.0231  0.0241  0.0248  0.0239  0.0246  0.0234  0.0240
  0.0264  0.0261  0.0281  0.0292  0.0340  0.0286  0.0257  0.0269  0.0254  0.0266  0.0242  0.0252
niter,ni,del,rscale     5    3    5.0000    1.2000
parameters
   -1.1185   -1.5293   11.5918   -9.8392  -17.0759  -10.9973
   -0.5384   -0.8707    2.3525   -0.3978   -2.1845   -7.9966
eta,q 0.97714 14.42921
  0.0264  0.0267  0.0271  0.0277  0.0310  0.0264  0.0256  0.0272  0.0254  0.0274  0.0240  0.0252
  0.0245  0.0246  0.0248  0.0256  0.0279  0.0246  0.0242  0.0246  0.0240  0.0245  0.0234  0.0238
  0.0233  0.0233  0.0234  0.0240  0.0251  0.0233  0.0232  0.0232  0.0232  0.0231  0.0230  0.0230
  0.0228  0.0228  0.0228  0.0229  0.0229  0.0228  0.0228  0.0228  0.0228  0.0228  0.0229  0.0229
  0.0232  0.0232  0.0233  0.0224  0.0216  0.0223  0.0232  0.0234  0.0231  0.0234  0.0230  0.0232
  0.0244  0.0244  0.0250  0.0243  0.0248  0.0229  0.0241  0.0248  0.0239  0.0246  0.0234  0.0240
  0.0264  0.0263  0.0276  0.0290  0.0341  0.0280  0.0257  0.0269  0.0254  0.0267  0.0241  0.0251
niter,ni,del,rscale     4    3    5.0000    1.2000
parameters
   -1.1148   -1.5040   11.5630   -9.8346  -17.0752  -11.0247
   -0.5447   -0.8599    2.3819   -0.3559   -2.2133   -8.0154
eta,q 0.97714 14.42829
  0.0264  0.0266  0.0272  0.0277  0.0309  0.0264  0.0257  0.0272  0.0254  0.0273  0.0240  0.0252
  0.0245  0.0245  0.0249  0.0256  0.0279  0.0246  0.0242  0.0246  0.0240  0.0244  0.0234  0.0238
  0.0233  0.0233  0.0235  0.0240  0.0251  0.0233  0.0232  0.0232  0.0232  0.0231  0.0230  0.0231
  0.0229  0.0229  0.0229  0.0229  0.0229  0.0229  0.0229  0.0229  0.0229  0.0229  0.0229  0.0229
  0.0232  0.0233  0.0233  0.0224  0.0216  0.0223  0.0232  0.0234  0.0231  0.0235  0.0230  0.0232
  0.0244  0.0244  0.0249  0.0243  0.0248  0.0229  0.0241  0.0248  0.0239  0.0247  0.0234  0.0240
  0.0264  0.0264  0.0275  0.0290  0.0342  0.0280  0.0257  0.0269  0.0254  0.0268  0.0241  0.0251
registration optimization eta report
parameter search radius
    2.4000    2.7600    4.1976    9.5220   10.9503    8.2800
    7.2000    7.2000    8.2800    8.2800    8.2800    9.5220
100000*second partial in parameter space
       61.       47.       26.        6.        8.        7.
        5.        8.        4.        6.        2.        3.
  0.0264  0.0266  0.0272  0.0277  0.0309  0.0264  0.0257  0.0272  0.0254  0.0273  0.0240  0.0252
  0.0245  0.0245  0.0249  0.0256  0.0279  0.0246  0.0242  0.0246  0.0240  0.0244  0.0234  0.0238
  0.0233  0.0233  0.0235  0.0240  0.0251  0.0233  0.0232  0.0232  0.0232  0.0231  0.0230  0.0231
  0.0229  0.0229  0.0229  0.0229  0.0229  0.0229  0.0229  0.0229  0.0229  0.0229  0.0229  0.0229
  0.0232  0.0233  0.0233  0.0224  0.0216  0.0223  0.0232  0.0234  0.0231  0.0235  0.0230  0.0232
  0.0244  0.0244  0.0249  0.0243  0.0248  0.0229  0.0241  0.0248  0.0239  0.0247  0.0234  0.0240
  0.0264  0.0264  0.0275  0.0290  0.0342  0.0280  0.0257  0.0269  0.0254  0.0268  0.0241  0.0251
   -1.1148   -1.5040   11.5630   -9.8346  -17.0752  -11.0247
   -0.5447   -0.8599    2.3819   -0.3559   -2.2133   -8.0154
eta,q 0.97714 14.42829

---------------------------------------------------------------------
imgreg_4dfp /opt/freesurfer/average/711-2C_as_mni_average_305 /opt/freesurfer/average/711-2B_as_mni_average_305_mask talsrcimg_g11 none talsrcimg_to_711-2C_as_mni_average_305_t4 2311
---------------------------------------------------------------------

freesurfer imgreg_4dfp.c
/opt/freesurfer/average/711-2C_as_mni_average_305.4dfp.img
       256       256       256         1
  1.000000  1.000000  1.000000
orientation T byte_order littleendian
Reading image: /opt/freesurfer/average/711-2C_as_mni_average_305.4dfp.img
dimensions:      256       256       256
mmppix:       1.0000   -1.0000   -1.0000
center:     128.0000 -129.0000 -129.0000
/opt/freesurfer/average/711-2B_as_mni_average_305_mask.4dfp.img
       256       256       256         1
  1.000000  1.000000  1.000000
orientation T byte_order littleendian
Reading mask: /opt/freesurfer/average/711-2B_as_mni_average_305_mask.4dfp.img (2306576 pixels)
talsrcimg_g11.4dfp.img
       256       256       256         1
  1.000000  1.000000  1.000000
orientation T byte_order littleendian
Reading image: talsrcimg_g11.4dfp.img
dimensions:      256       256       256
mmppix:       1.0000   -1.0000   -1.0000
center:     128.0000 -129.0000 -129.0000
fimgreg.f
image alignment mode   2311 decimal      907 hex
parameters
   -1.1148   -1.5040   11.5630   -9.8346  -17.0752  -11.0247
   -0.5447   -0.8599    2.3819   -0.3559   -2.2133   -8.0154
eta,q 0.97714 14.42830
niter,ni,del,rscale     5    3    5.0000    0.8000
parameter  5 -0.775732 -> -0.500000 qaram    1.1500
parameter  6 -0.728397 -> -0.500000 qaram    1.1500
parameters
   -1.1081   -1.5130   11.7046   -7.6010  -14.3152   -8.2647
   -1.3193   -0.2034    1.9881    0.6087   -1.6885   -7.6943
eta,q 0.97947 14.93467
  0.0245  0.0241  0.0237  0.0247  0.0255  0.0230  0.0221  0.0251  0.0219  0.0244  0.0214  0.0216
  0.0236  0.0234  0.0233  0.0240  0.0243  0.0222  0.0212  0.0225  0.0212  0.0224  0.0209  0.0210
  0.0230  0.0230  0.0230  0.0234  0.0233  0.0217  0.0207  0.0211  0.0207  0.0212  0.0206  0.0207
  0.0229  0.0229  0.0229  0.0229  0.0224  0.0214  0.0206  0.0206  0.0206  0.0206  0.0205  0.0205
  0.0230  0.0230  0.0229  0.0225  0.0217  0.0210  0.0211  0.0208  0.0208  0.0206  0.0206  0.0206
  0.0236  0.0234  0.0231  0.0224  0.0213  0.0205  0.0220  0.0215  0.0215  0.0211  0.0207  0.0209
  0.0244  0.0241  0.0234  0.0230  0.0218  0.0211  0.0235  0.0229  0.0225  0.0221  0.0210  0.0213
niter,ni,del,rscale     6    3    5.0000    0.9000
parameters
   -1.2868   -1.7644   11.6261   -8.2387  -14.8994   -9.6907
   -0.3215   -0.7899    2.0950   -0.1944   -1.2920   -7.6228
eta,q 0.97883 14.77199
  0.0226  0.0222  0.0216  0.0224  0.0245  0.0227  0.0239  0.0234  0.0228  0.0229  0.0218  0.0221
  0.0213  0.0212  0.0209  0.0216  0.0229  0.0220  0.0227  0.0219  0.0220  0.0217  0.0214  0.0216
  0.0207  0.0206  0.0205  0.0209  0.0216  0.0215  0.0218  0.0213  0.0215  0.0212  0.0212  0.0213
  0.0205  0.0205  0.0205  0.0205  0.0206  0.0208  0.0214  0.0213  0.0212  0.0212  0.0212  0.0212
  0.0209  0.0210  0.0207  0.0205  0.0207  0.0208  0.0213  0.0217  0.0213  0.0217  0.0212  0.0213
  0.0220  0.0220  0.0211  0.0218  0.0230  0.0236  0.0217  0.0228  0.0218  0.0227  0.0213  0.0216
  0.0236  0.0236  0.0218  0.0246  0.0280  0.0303  0.0226  0.0245  0.0227  0.0242  0.0216  0.0221
niter,ni,del,rscale     5    3    5.0000    0.8000
parameters
   -1.2485   -1.8175   11.4400   -8.1872  -14.6520   -9.8815
   -0.5441   -0.7353    2.0177   -0.2222   -1.3370   -7.5987
eta,q 0.97889 14.77672
  0.0231  0.0227  0.0217  0.0228  0.0246  0.0227  0.0226  0.0233  0.0223  0.0230  0.0215  0.0218
  0.0221  0.0218  0.0213  0.0221  0.0233  0.0219  0.0218  0.0220  0.0217  0.0219  0.0213  0.0214
  0.0214  0.0213  0.0212  0.0216  0.0221  0.0215  0.0213  0.0213  0.0213  0.0213  0.0211  0.0212
  0.0212  0.0212  0.0212  0.0212  0.0211  0.0210  0.0211  0.0211  0.0211  0.0211  0.0211  0.0211
  0.0213  0.0214  0.0213  0.0210  0.0208  0.0204  0.0213  0.0214  0.0212  0.0213  0.0211  0.0212
  0.0219  0.0220  0.0215  0.0217  0.0219  0.0211  0.0219  0.0220  0.0217  0.0220  0.0213  0.0214
  0.0229  0.0230  0.0220  0.0232  0.0249  0.0241  0.0230  0.0231  0.0225  0.0230  0.0215  0.0218
niter,ni,del,rscale     4    3    5.0000    0.7000
parameters
   -1.2323   -1.8185   11.3981   -8.0043  -14.3839   -9.4205
   -0.5970   -0.6740    1.9887   -0.0417   -1.2249   -7.5296
eta,q 0.97916 14.83479
  0.0225  0.0224  0.0216  0.0224  0.0239  0.0223  0.0221  0.0227  0.0219  0.0226  0.0212  0.0215
  0.0218  0.0217  0.0213  0.0219  0.0228  0.0217  0.0214  0.0215  0.0213  0.0216  0.0210  0.0211
  0.0213  0.0213  0.0211  0.0215  0.0219  0.0214  0.0210  0.0210  0.0210  0.0211  0.0209  0.0209
  0.0211  0.0211  0.0211  0.0211  0.0211  0.0210  0.0208  0.0208  0.0208  0.0208  0.0208  0.0208
  0.0212  0.0213  0.0212  0.0210  0.0209  0.0204  0.0210  0.0210  0.0209  0.0210  0.0209  0.0209
  0.0217  0.0217  0.0213  0.0214  0.0217  0.0205  0.0215  0.0216  0.0213  0.0215  0.0210  0.0211
  0.0225  0.0224  0.0216  0.0225  0.0240  0.0225  0.0222  0.0225  0.0220  0.0223  0.0211  0.0214
niter,ni,del,rscale     3    3    5.0000    0.6000
parameters
   -1.2596   -1.8354   11.3573   -7.7223  -14.1460   -9.1345
   -0.6037   -0.6477    1.9444    0.0489   -1.1535   -7.4932
eta,q 0.97937 14.88014
  0.0218  0.0218  0.0212  0.0219  0.0231  0.0218  0.0217  0.0220  0.0214  0.0220  0.0209  0.0211
  0.0213  0.0213  0.0210  0.0215  0.0222  0.0214  0.0211  0.0212  0.0210  0.0212  0.0207  0.0209
  0.0210  0.0210  0.0209  0.0211  0.0214  0.0211  0.0208  0.0208  0.0207  0.0208  0.0207  0.0207
  0.0208  0.0208  0.0208  0.0208  0.0208  0.0207  0.0206  0.0206  0.0206  0.0206  0.0206  0.0206
  0.0210  0.0210  0.0209  0.0207  0.0207  0.0203  0.0207  0.0208  0.0207  0.0208  0.0207  0.0207
  0.0213  0.0213  0.0210  0.0210  0.0214  0.0205  0.0211  0.0212  0.0210  0.0212  0.0207  0.0208
  0.0220  0.0219  0.0212  0.0219  0.0231  0.0222  0.0217  0.0219  0.0215  0.0219  0.0209  0.0211
niter,ni,del,rscale     2    3    5.0000    0.5000
parameters
   -1.2999   -1.8493   11.3415   -7.5123  -13.9688   -8.7189
   -0.6203   -0.6356    1.8977    0.1138   -1.1162   -7.4939
eta,q 0.97958 14.92245
  0.0213  0.0214  0.0209  0.0215  0.0224  0.0215  0.0212  0.0215  0.0210  0.0215  0.0206  0.0208
  0.0209  0.0210  0.0207  0.0211  0.0217  0.0212  0.0208  0.0208  0.0207  0.0209  0.0205  0.0206
  0.0207  0.0207  0.0206  0.0208  0.0210  0.0210  0.0205  0.0205  0.0205  0.0205  0.0204  0.0205
  0.0206  0.0206  0.0206  0.0206  0.0206  0.0206  0.0204  0.0204  0.0204  0.0204  0.0204  0.0204
  0.0207  0.0207  0.0207  0.0206  0.0206  0.0202  0.0205  0.0205  0.0205  0.0205  0.0204  0.0205
  0.0210  0.0210  0.0208  0.0208  0.0211  0.0204  0.0208  0.0209  0.0207  0.0209  0.0205  0.0206
  0.0215  0.0214  0.0209  0.0214  0.0224  0.0216  0.0212  0.0214  0.0211  0.0214  0.0206  0.0208
niter,ni,del,rscale     1    3    5.0000    0.4000
parameters
   -1.3344   -1.8553   11.3982   -7.3505  -13.8353   -8.2738
   -0.6434   -0.6471    1.8472    0.1557   -1.1394   -7.4994
eta,q 0.97977 14.95773
  0.0209  0.0209  0.0207  0.0210  0.0217  0.0212  0.0207  0.0210  0.0206  0.0210  0.0204  0.0205
  0.0206  0.0206  0.0205  0.0208  0.0211  0.0210  0.0205  0.0205  0.0204  0.0206  0.0203  0.0203
  0.0205  0.0205  0.0204  0.0206  0.0207  0.0207  0.0203  0.0203  0.0203  0.0203  0.0203  0.0203
  0.0204  0.0204  0.0204  0.0204  0.0204  0.0204  0.0202  0.0202  0.0202  0.0202  0.0202  0.0202
  0.0205  0.0205  0.0204  0.0204  0.0204  0.0201  0.0203  0.0203  0.0203  0.0203  0.0203  0.0203
  0.0207  0.0207  0.0205  0.0206  0.0208  0.0203  0.0205  0.0206  0.0204  0.0205  0.0203  0.0204
  0.0210  0.0209  0.0206  0.0210  0.0216  0.0211  0.0208  0.0210  0.0207  0.0209  0.0204  0.0205
registration optimization eta report
parameter search radius
    0.8000    0.8000    0.8000    2.4000    2.7600    2.7600
    2.4000    2.4000    2.4000    2.4000    2.4000    2.4000
100000*second partial in parameter space
       79.       79.       34.       10.       16.       11.
        9.       13.        7.       12.        3.        4.
  0.0209  0.0209  0.0207  0.0210  0.0217  0.0212  0.0207  0.0210  0.0206  0.0210  0.0204  0.0205
  0.0206  0.0206  0.0205  0.0208  0.0211  0.0210  0.0205  0.0205  0.0204  0.0206  0.0203  0.0203
  0.0205  0.0205  0.0204  0.0206  0.0207  0.0207  0.0203  0.0203  0.0203  0.0203  0.0203  0.0203
  0.0204  0.0204  0.0204  0.0204  0.0204  0.0204  0.0202  0.0202  0.0202  0.0202  0.0202  0.0202
  0.0205  0.0205  0.0204  0.0204  0.0204  0.0201  0.0203  0.0203  0.0203  0.0203  0.0203  0.0203
  0.0207  0.0207  0.0205  0.0206  0.0208  0.0203  0.0205  0.0206  0.0204  0.0205  0.0203  0.0204
  0.0210  0.0209  0.0206  0.0210  0.0216  0.0211  0.0208  0.0210  0.0207  0.0209  0.0204  0.0205
   -1.3344   -1.8553   11.3982   -7.3505  -13.8353   -8.2738
   -0.6434   -0.6471    1.8472    0.1557   -1.1394   -7.4994
eta,q 0.97977 14.95773

---------------------------------------------------------------------
imgreg_4dfp /opt/freesurfer/average/711-2C_as_mni_average_305 /opt/freesurfer/average/711-2B_as_mni_average_305_mask talsrcimg_g11 none talsrcimg_to_711-2C_as_mni_average_305_t4 2311
---------------------------------------------------------------------

freesurfer imgreg_4dfp.c
/opt/freesurfer/average/711-2C_as_mni_average_305.4dfp.img
       256       256       256         1
  1.000000  1.000000  1.000000
orientation T byte_order littleendian
Reading image: /opt/freesurfer/average/711-2C_as_mni_average_305.4dfp.img
dimensions:      256       256       256
mmppix:       1.0000   -1.0000   -1.0000
center:     128.0000 -129.0000 -129.0000
/opt/freesurfer/average/711-2B_as_mni_average_305_mask.4dfp.img
       256       256       256         1
  1.000000  1.000000  1.000000
orientation T byte_order littleendian
Reading mask: /opt/freesurfer/average/711-2B_as_mni_average_305_mask.4dfp.img (2306576 pixels)
talsrcimg_g11.4dfp.img
       256       256       256         1
  1.000000  1.000000  1.000000
orientation T byte_order littleendian
Reading image: talsrcimg_g11.4dfp.img
dimensions:      256       256       256
mmppix:       1.0000   -1.0000   -1.0000
center:     128.0000 -129.0000 -129.0000
fimgreg.f
image alignment mode   2311 decimal      907 hex
parameters
   -1.3344   -1.8553   11.3982   -7.3505  -13.8353   -8.2738
   -0.6434   -0.6471    1.8472    0.1557   -1.1394   -7.4994
eta,q 0.97977 14.95772
niter,ni,del,rscale     5    3    5.0000    0.8000
parameters
   -1.3923   -1.8928   11.6152   -8.1504  -14.3431   -9.0795
   -0.3697   -0.8231    1.9232   -0.0927   -1.1225   -7.4344
eta,q 0.97924 14.85405
  0.0222  0.0222  0.0217  0.0217  0.0229  0.0219  0.0226  0.0229  0.0221  0.0227  0.0212  0.0216
  0.0211  0.0211  0.0209  0.0211  0.0218  0.0215  0.0217  0.0215  0.0214  0.0216  0.0209  0.0211
  0.0204  0.0205  0.0204  0.0206  0.0209  0.0211  0.0211  0.0209  0.0210  0.0209  0.0208  0.0209
  0.0202  0.0202  0.0202  0.0202  0.0203  0.0205  0.0208  0.0208  0.0208  0.0208  0.0208  0.0208
  0.0205  0.0205  0.0203  0.0205  0.0206  0.0203  0.0209  0.0211  0.0209  0.0211  0.0208  0.0208
  0.0213  0.0212  0.0206  0.0217  0.0222  0.0219  0.0214  0.0218  0.0213  0.0219  0.0209  0.0211
  0.0226  0.0225  0.0210  0.0241  0.0253  0.0252  0.0223  0.0232  0.0221  0.0231  0.0212  0.0216
niter,ni,del,rscale     4    3    5.0000    0.7000
parameters
   -1.2784   -1.8750   11.4354   -8.0158  -14.1530   -9.1287
   -0.5557   -0.7107    1.9286   -0.0379   -1.1735   -7.4692
eta,q 0.97932 14.86555
  0.0224  0.0222  0.0212  0.0221  0.0231  0.0218  0.0219  0.0226  0.0218  0.0225  0.0210  0.0213
  0.0216  0.0214  0.0209  0.0216  0.0222  0.0214  0.0212  0.0214  0.0212  0.0215  0.0208  0.0210
  0.0210  0.0209  0.0207  0.0211  0.0213  0.0211  0.0208  0.0208  0.0208  0.0209  0.0207  0.0207
  0.0208  0.0207  0.0207  0.0207  0.0207  0.0207  0.0207  0.0207  0.0207  0.0207  0.0207  0.0207
  0.0208  0.0209  0.0209  0.0206  0.0206  0.0202  0.0209  0.0209  0.0208  0.0209  0.0207  0.0207
  0.0212  0.0214  0.0211  0.0211  0.0213  0.0207  0.0214  0.0214  0.0211  0.0214  0.0208  0.0210
  0.0220  0.0221  0.0214  0.0223  0.0232  0.0226  0.0222  0.0223  0.0218  0.0224  0.0210  0.0213
niter,ni,del,rscale     3    3    5.0000    0.6000
parameters
   -1.2769   -1.8678   11.3857   -7.7727  -13.9822   -8.7566
   -0.6129   -0.6540    1.9026    0.0808   -1.1508   -7.4766
eta,q 0.97953 14.90770
  0.0217  0.0218  0.0211  0.0218  0.0225  0.0216  0.0215  0.0220  0.0213  0.0220  0.0208  0.0210
  0.0212  0.0212  0.0208  0.0213  0.0218  0.0213  0.0209  0.0211  0.0209  0.0211  0.0206  0.0207
  0.0208  0.0208  0.0207  0.0210  0.0211  0.0210  0.0206  0.0206  0.0206  0.0206  0.0205  0.0205
  0.0207  0.0207  0.0207  0.0207  0.0206  0.0206  0.0205  0.0205  0.0205  0.0205  0.0205  0.0205
  0.0208  0.0208  0.0207  0.0206  0.0206  0.0202  0.0206  0.0206  0.0205  0.0206  0.0205  0.0205
  0.0211  0.0211  0.0209  0.0209  0.0212  0.0204  0.0210  0.0211  0.0208  0.0211  0.0206  0.0207
  0.0218  0.0217  0.0211  0.0218  0.0225  0.0217  0.0216  0.0218  0.0214  0.0218  0.0208  0.0210
niter,ni,del,rscale     2    3    5.0000    0.5000
parameters
   -1.3071   -1.8644   11.4199   -7.5612  -13.8672   -8.3841
   -0.6185   -0.6487    1.8632    0.1398   -1.1725   -7.4765
eta,q 0.97971 14.94239
  0.0212  0.0212  0.0208  0.0213  0.0219  0.0213  0.0210  0.0214  0.0209  0.0214  0.0205  0.0207
  0.0208  0.0208  0.0206  0.0210  0.0213  0.0211  0.0206  0.0207  0.0206  0.0208  0.0204  0.0205
  0.0205  0.0206  0.0205  0.0207  0.0208  0.0208  0.0204  0.0204  0.0204  0.0204  0.0203  0.0203
  0.0205  0.0205  0.0205  0.0205  0.0204  0.0204  0.0203  0.0203  0.0203  0.0203  0.0203  0.0203
  0.0206  0.0206  0.0205  0.0204  0.0204  0.0201  0.0204  0.0204  0.0204  0.0204  0.0203  0.0203
  0.0208  0.0208  0.0206  0.0206  0.0209  0.0203  0.0206  0.0208  0.0206  0.0208  0.0204  0.0205
  0.0213  0.0213  0.0208  0.0213  0.0219  0.0213  0.0211  0.0214  0.0209  0.0213  0.0205  0.0207
niter,ni,del,rscale     1    3    5.0000    0.4000
parameters
   -1.3394   -1.8651   11.4997   -7.4025  -13.7808   -7.9903
   -0.6346   -0.6567    1.8299    0.1665   -1.2099   -7.4830
eta,q 0.97985 14.97120
  0.0208  0.0208  0.0206  0.0209  0.0213  0.0211  0.0206  0.0209  0.0205  0.0209  0.0203  0.0204
  0.0205  0.0205  0.0204  0.0207  0.0208  0.0209  0.0204  0.0205  0.0203  0.0205  0.0202  0.0203
  0.0203  0.0204  0.0203  0.0204  0.0205  0.0206  0.0202  0.0202  0.0202  0.0202  0.0202  0.0202
  0.0203  0.0203  0.0203  0.0203  0.0203  0.0203  0.0201  0.0201  0.0201  0.0201  0.0202  0.0201
  0.0204  0.0203  0.0203  0.0203  0.0203  0.0201  0.0202  0.0202  0.0202  0.0202  0.0202  0.0202
  0.0205  0.0205  0.0204  0.0204  0.0206  0.0202  0.0204  0.0205  0.0203  0.0205  0.0202  0.0203
  0.0209  0.0208  0.0205  0.0209  0.0212  0.0209  0.0207  0.0209  0.0206  0.0209  0.0203  0.0204
registration optimization eta report
parameter search radius
    0.8000    0.8000    0.8000    2.4000    2.4000    2.4000
    2.4000    2.4000    2.4000    2.4000    2.4000    2.4000
100000*second partial in parameter space
       80.       81.       38.       10.       17.       13.
        9.       13.        7.       13.        3.        5.
  0.0208  0.0208  0.0206  0.0209  0.0213  0.0211  0.0206  0.0209  0.0205  0.0209  0.0203  0.0204
  0.0205  0.0205  0.0204  0.0207  0.0208  0.0209  0.0204  0.0205  0.0203  0.0205  0.0202  0.0203
  0.0203  0.0204  0.0203  0.0204  0.0205  0.0206  0.0202  0.0202  0.0202  0.0202  0.0202  0.0202
  0.0203  0.0203  0.0203  0.0203  0.0203  0.0203  0.0201  0.0201  0.0201  0.0201  0.0202  0.0201
  0.0204  0.0203  0.0203  0.0203  0.0203  0.0201  0.0202  0.0202  0.0202  0.0202  0.0202  0.0202
  0.0205  0.0205  0.0204  0.0204  0.0206  0.0202  0.0204  0.0205  0.0203  0.0205  0.0202  0.0203
  0.0209  0.0208  0.0205  0.0209  0.0212  0.0209  0.0207  0.0209  0.0206  0.0209  0.0203  0.0204
   -1.3394   -1.8651   11.4997   -7.4025  -13.7808   -7.9903
   -0.6346   -0.6567    1.8299    0.1665   -1.2099   -7.4830
eta,q 0.97985 14.97120

---------------------------------------------------------------------
compute_vox2vox talsrcimg talsrcimg_to_711-2C_as_mni_average_305_t4 /opt/freesurfer/average/711-2C_as_mni_average_305
---------------------------------------------------------------------

freesurfer compute_vox2vox.c
Reading: talsrcimg.4dfp.ifh
Reading: talsrcimg_to_711-2C_as_mni_average_305_t4
Reading: /opt/freesurfer/average/711-2C_as_mni_average_305.4dfp.ifh
Writing: talsrcimg_to_711-2C_as_mni_average_305_t4_vox2vox.txt

start time Sat Mar 7 01:02:21 CET 2026
end		time Sat Mar 7 01:03:46 CET 2026

mpr2mni305 success

avi2talxfm orig_nu.mgz /opt/freesurfer/average/mni305.cor.mgz talsrcimg_to_711-2C_as_mni_average_305_t4_vox2vox.txt transforms/talairach.auto.xfm
avi2talxfm done
mv -f /out/sourcedata/freesurfer/sub-v1s18x0051230_ses-1/mri/talsrcimg_to_711-2C_as_mni_average_305_t4_vox2vox.txt /out/sourcedata/freesurfer/sub-v1s18x0051230_ses-1/mri/transforms/talsrcimg_to_711-2C_as_mni_average_305_t4_vox2vox.txt
lta_convert --src orig_nu.mgz --trg /opt/freesurfer/average/mni305.cor.mgz --inxfm transforms/talairach.auto.xfm --outlta transforms/talairach.auto.xfm.lta --subject fsaverage
7.3.2

--src: orig_nu.mgz src image (geometry).
--trg: /opt/freesurfer/average/mni305.cor.mgz trg image (geometry).
--inmni: transforms/talairach.auto.xfm input MNI/XFM transform.
--outlta: transforms/talairach.auto.xfm.lta output LTA.
--s: fsaverage subject name
 LTA read, type : 1
 1.07987   0.00769   0.00862  -0.73756;
 0.01233   1.08676   0.09441  -18.67732;
-0.02294  -0.00226   1.15947  -15.09465;
 0.00000   0.00000   0.00000   1.00000;
setting subject to fsaverage
Writing  LTA to file transforms/talairach.auto.xfm.lta...
lta_convert successful.
 
 
Started at Sat Mar 7 01:02:20 CET 2026
Ended   at Sat Mar  7 01:03:47 CET 2026
talairach_avi done
