status file for recon-all
Fri Mar  6 11:37:54 CET 2026
#@# MotionCor Fri Mar  6 11:37:56 CET 2026
#@# Talairach Fri Mar  6 11:38:05 CET 2026
#@# Talairach Failure Detection Fri Mar  6 11:42:31 CET 2026
#@# Nu Intensity Correction Fri Mar  6 11:42:31 CET 2026
#@# Intensity Normalization Fri Mar  6 11:45:44 CET 2026
recon-all -s sub-v1s10x0051071_ses-1 finished without error at Fri Mar  6 11:47:10 CET 2026



#New# invocation of recon-all 



status file for recon-all
Fri Mar  6 11:54:26 CET 2026
#@# EM Registration Fri Mar  6 11:54:26 CET 2026
recon-all -s sub-v1s10x0051071_ses-1 finished without error at Fri Mar  6 11:56:34 CET 2026



#New# invocation of recon-all 



status file for recon-all
Fri Mar  6 11:56:36 CET 2026
#@# CA Normalize Fri Mar  6 11:56:36 CET 2026
#@# CA Reg Fri Mar  6 11:57:56 CET 2026
#@# SubCort Seg Fri Mar  6 12:50:36 CET 2026
#@# CC Seg Fri Mar  6 13:19:47 CET 2026
#@# Merge ASeg Fri Mar  6 13:20:33 CET 2026
#@# Intensity Normalization2 Fri Mar  6 13:20:33 CET 2026
#@# Mask BFS Fri Mar  6 13:22:39 CET 2026
#@# WM Segmentation Fri Mar  6 13:22:39 CET 2026
#@# Fill Fri Mar  6 13:24:38 CET 2026
recon-all -s sub-v1s10x0051071_ses-1 finished without error at Fri Mar  6 13:25:39 CET 2026



#New# invocation of recon-all 



status file for recon-all
Fri Mar  6 14:26:47 CET 2026
#@# white curv lh Fri Mar  6 14:26:47 CET 2026
#@# white area lh Fri Mar  6 14:26:47 CET 2026
#@# pial curv lh Fri Mar  6 14:26:47 CET 2026
#@# pial area lh Fri Mar  6 14:26:47 CET 2026
#@# thickness lh Fri Mar  6 14:26:47 CET 2026
#@# area and vertex vol lh Fri Mar  6 14:26:47 CET 2026
#@# white curv rh Fri Mar  6 14:26:47 CET 2026
#@# white area rh Fri Mar  6 14:26:47 CET 2026
#@# pial curv rh Fri Mar  6 14:26:47 CET 2026
#@# pial area rh Fri Mar  6 14:26:47 CET 2026
#@# thickness rh Fri Mar  6 14:26:47 CET 2026
#@# area and vertex vol rh Fri Mar  6 14:26:47 CET 2026
#@# Cortical ribbon mask Fri Mar  6 14:26:47 CET 2026
recon-all -s sub-v1s10x0051071_ses-1 finished without error at Fri Mar  6 14:31:05 CET 2026



#New# invocation of recon-all 



status file for recon-all
Fri Mar  6 14:37:49 CET 2026
#@# white curv lh Fri Mar  6 14:37:49 CET 2026
#@# white area lh Fri Mar  6 14:37:49 CET 2026
#@# pial curv lh Fri Mar  6 14:37:49 CET 2026
#@# pial area lh Fri Mar  6 14:37:49 CET 2026
#@# thickness lh Fri Mar  6 14:37:49 CET 2026
#@# area and vertex vol lh Fri Mar  6 14:37:49 CET 2026
#@# white curv rh Fri Mar  6 14:37:49 CET 2026
#@# white area rh Fri Mar  6 14:37:49 CET 2026
#@# pial curv rh Fri Mar  6 14:37:49 CET 2026
#@# pial area rh Fri Mar  6 14:37:49 CET 2026
#@# thickness rh Fri Mar  6 14:37:49 CET 2026
#@# area and vertex vol rh Fri Mar  6 14:37:49 CET 2026
#@# Curvature Stats lh Fri Mar  6 14:37:49 CET 2026
#@# Curvature Stats rh Fri Mar  6 14:37:52 CET 2026
#@# Relabel Hypointensities Fri Mar  6 14:37:55 CET 2026
#@# APas-to-ASeg Fri Mar  6 14:38:10 CET 2026
#@# AParc-to-ASeg aparc Fri Mar  6 14:38:19 CET 2026
#@# AParc-to-ASeg aparc.a2009s Fri Mar  6 14:39:00 CET 2026
#@# AParc-to-ASeg aparc.DKTatlas Fri Mar  6 14:39:41 CET 2026
#@# WMParc Fri Mar  6 14:40:21 CET 2026
#@# ASeg Stats Fri Mar  6 14:45:22 CET 2026
recon-all -s sub-v1s10x0051071_ses-1 finished without error at Fri Mar  6 14:45:59 CET 2026
