/out/sourcedata/freesurfer/sub-v1s18x0051222_ses-1/mri
/opt/freesurfer/bin/talairach_avi
--i orig_nu.mgz --xfm transforms/talairach.auto.xfm
talairach_avi 7.3.2
Linux dna007 5.14.0-427.37.1.el9_4.x86_64 #1 SMP PREEMPT_DYNAMIC Fri Sep 13 12:41:50 EDT 2024 x86_64 x86_64 x86_64 GNU/Linux
Sat Mar  7 00:46:25 CET 2026
mri_convert orig_nu.mgz talsrcimg.img 
reading from orig_nu.mgz...
TR=0.00, TE=0.00, TI=0.00, flip angle=0.00
i_ras = (-1, 0, 1.86265e-09)
j_ras = (0, 0, -1)
k_ras = (0, 1, 0)
writing to talsrcimg.img...
Analyze Output Matrix
-1.00000   0.00000   0.00000   127.80125;
 0.00000   0.00000   1.00000  -127.39997;
 0.00000  -1.00000   0.00000   143.30661;
 0.00000   0.00000   0.00000   1.00000;
--------------------
INFO: set hdr.hist.orient to -1
mpr2mni305 talsrcimg
Sat Mar  7 00:46:26 CET 2026
/opt/freesurfer/bin/mpr2mni305 talsrcimg
mpr2mni305 7.3.2
target=711-2C_as_mni_average_305

---------------------------------------------------------------------
analyzeto4dfp talsrcimg -O0 -y
---------------------------------------------------------------------

freesurfer ifh2hdr.c
Sat Mar  7 00:46:26 2026
Writing: talsrcimg.4dfp.hdr
freesurfer analyzeto4dfp.c
Reading: talsrcimg.hdr
header size 348 bytes
hdr.dime.datatype	offset=70	value=2
hdr.dime.bitpix		offset=72	value=8
hdr.hist.orient		offset=252	value=-1
dimensionality     4
dimensions       256       256       256         1
Reading: talsrcimg.img
Writing: talsrcimg.4dfp.img
Writing: talsrcimg.4dfp.ifh
ifh2hdr talsrcimg -r0to196
ori=2

---------------------------------------------------------------------
gauss_4dfp talsrcimg 1.1
---------------------------------------------------------------------

freesurfer gauss_4dfp.c
Reading: talsrcimg.4dfp.img
Writing: talsrcimg_g11.4dfp.img
image dimensions 256 256 256 padded to 288 288 288
processing volume 1freesurfer ifh2hdr.c
Sat Mar  7 00:46:28 2026
Writing: talsrcimg_g11.4dfp.hdr

Writing: talsrcimg_g11.4dfp.ifh
including: talsrcimg.4dfp.img.rec in talsrcimg_g11.4dfp.img.rec

---------------------------------------------------------------------
imgreg_4dfp /opt/freesurfer/average/711-2C_as_mni_average_305 none talsrcimg_g11 none talsrcimg_to_711-2C_as_mni_average_305_t4 4355
---------------------------------------------------------------------

freesurfer imgreg_4dfp.c
/opt/freesurfer/average/711-2C_as_mni_average_305.4dfp.img
       256       256       256         1
  1.000000  1.000000  1.000000
orientation T byte_order littleendian
Reading image: /opt/freesurfer/average/711-2C_as_mni_average_305.4dfp.img
dimensions:      256       256       256
mmppix:       1.0000   -1.0000   -1.0000
center:     128.0000 -129.0000 -129.0000
talsrcimg_g11.4dfp.img
       256       256       256         1
  1.000000  1.000000  1.000000
orientation T byte_order littleendian
Reading image: talsrcimg_g11.4dfp.img
dimensions:      256       256       256
mmppix:       1.0000   -1.0000   -1.0000
center:     128.0000 -129.0000 -129.0000
t4_read: open error in t4_sub.f l:  41 t4_file(1:l)talsrcimg_to_711-2C_as_mni_average_305_t4 
t4_read: transform initialized to I4
rotation matrix determinant  1.000000
image alignment mode   4355 decimal     1103 hex
   -7.5000  -45.0000  -45.0000 6907.6313   21.9219
    0.0000  -45.0000  -45.0000 7188.8188   21.9767
    7.5000  -45.0000  -45.0000 6922.3081   21.9543
   -7.5000  -37.5000  -45.0000 7393.6392   21.7214
    0.0000  -37.5000  -45.0000 7705.4648   21.7749
    7.5000  -37.5000  -45.0000 7403.1851   21.7513
   -7.5000  -30.0000  -45.0000 8259.8906   21.5144
    0.0000  -30.0000  -45.0000 8611.1289   21.5722
    7.5000  -30.0000  -45.0000 8274.8486   21.5478
   -7.5000  -22.5000  -45.0000 9102.8750   21.4360
    0.0000  -22.5000  -45.0000 9477.1230   21.4993
    7.5000  -22.5000  -45.0000 9119.1133   21.4757
   -7.5000  -15.0000  -45.0000 9804.7539   21.4236
    0.0000  -15.0000  -45.000010228.3447   21.4888
    7.5000  -15.0000  -45.0000 9830.0391   21.4654
   -7.5000   -7.5000  -45.000010448.1846   21.4943
    0.0000   -7.5000  -45.000010948.5518   21.5539
    7.5000   -7.5000  -45.000010495.1172   21.5290
   -7.5000    0.0000  -45.000011101.3945   21.5765
    0.0000    0.0000  -45.000011638.2656   21.6282
    7.5000    0.0000  -45.000011147.1016   21.6024
   -7.5000    7.5000  -45.000010940.0928   21.5822
    0.0000    7.5000  -45.000011468.3584   21.6340
    7.5000    7.5000  -45.000010950.8340   21.6090
   -7.5000   15.0000  -45.000010729.8584   21.5123
    0.0000   15.0000  -45.000011229.2656   21.5701
    7.5000   15.0000  -45.000010742.0410   21.5457
   -7.5000   22.5000  -45.000010319.3262   21.4331
    0.0000   22.5000  -45.000010800.3145   21.4964
    7.5000   22.5000  -45.000010301.7393   21.4727
   -7.5000   30.0000  -45.0000 9624.6396   21.1381
    0.0000   30.0000  -45.000010064.1299   21.2025
    7.5000   30.0000  -45.0000 9578.7998   21.1793
   -7.5000   37.5000  -45.0000 9220.9521   21.2078
    0.0000   37.5000  -45.0000 9635.6221   21.2667
    7.5000   37.5000  -45.0000 9151.2373   21.2421
   -7.5000   45.0000  -45.0000 8487.1777   20.7484
    0.0000   45.0000  -45.0000 8876.7656   20.7981
    7.5000   45.0000  -45.0000 8416.6934   20.7733
   -7.5000  -45.0000  -37.5000 7337.4336   21.5637
    0.0000  -45.0000  -37.5000 7636.1890   21.6160
    7.5000  -45.0000  -37.5000 7334.5161   21.5944
   -7.5000  -37.5000  -37.5000 7884.4995   21.3627
    0.0000  -37.5000  -37.5000 8215.4570   21.4107
    7.5000  -37.5000  -37.5000 7890.0786   21.3877
   -7.5000  -30.0000  -37.5000 8819.0381   21.1644
    0.0000  -30.0000  -37.5000 9202.6523   21.2202
    7.5000  -30.0000  -37.5000 8837.6982   21.2002
   -7.5000  -22.5000  -37.5000 9720.6260   21.0915
    0.0000  -22.5000  -37.500010138.4092   21.1600
    7.5000  -22.5000  -37.5000 9752.8867   21.1456
   -7.5000  -15.0000  -37.500010462.2178   21.0782
    0.0000  -15.0000  -37.500010962.7588   21.1523
    7.5000  -15.0000  -37.500010512.5059   21.1397
   -7.5000   -7.5000  -37.500011104.4434   21.1439
    0.0000   -7.5000  -37.500011685.2051   21.2081
    7.5000   -7.5000  -37.500011159.6650   21.1892
   -7.5000    0.0000  -37.500011751.9238   21.2201
    0.0000    0.0000  -37.500012347.7510   21.2692
    7.5000    0.0000  -37.500011803.6289   21.2442
   -7.5000    7.5000  -37.500011560.1514   21.2253
    0.0000    7.5000  -37.500012150.4512   21.2718
    7.5000    7.5000  -37.500011590.8955   21.2474
   -7.5000   15.0000  -37.500011363.5117   21.1624
    0.0000   15.0000  -37.500011935.5898   21.2182
    7.5000   15.0000  -37.500011380.5029   21.1982
   -7.5000   22.5000  -37.500010904.4102   21.0886
    0.0000   22.5000  -37.500011457.1455   21.1571
    7.5000   22.5000  -37.500010892.5664   21.1427
   -7.5000   30.0000  -37.500010179.2168   20.7973
    0.0000   30.0000  -37.500010679.0176   20.8704
    7.5000   30.0000  -37.500010146.0332   20.8580
   -7.5000   37.5000  -37.5000 9731.1914   20.8621
    0.0000   37.5000  -37.500010200.2705   20.9254
    7.5000   37.5000  -37.5000 9670.1172   20.9069
   -7.5000   45.0000  -37.5000 8901.8545   20.4056
    0.0000   45.0000  -37.5000 9351.1172   20.4528
    7.5000   45.0000  -37.5000 8838.4238   20.4289
   -7.5000  -45.0000  -30.0000 7889.0811   22.1618
    0.0000  -45.0000  -30.0000 8242.8701   22.2174
    7.5000  -45.0000  -30.0000 7908.1309   22.1961
   -7.5000  -37.5000  -30.0000 8514.8965   21.9407
    0.0000  -37.5000  -30.0000 8916.3652   21.9871
    7.5000  -37.5000  -30.0000 8528.1484   21.9672
   -7.5000  -30.0000  -30.0000 9528.3779   21.7312
    0.0000  -30.0000  -30.0000 9961.3154   21.7842
    7.5000  -30.0000  -30.0000 9530.3408   21.7708
   -7.5000  -22.5000  -30.000010479.8105   21.6630
    0.0000  -22.5000  -30.000010973.0410   21.7331
    7.5000  -22.5000  -30.000010485.4414   21.7259
   -7.5000  -15.0000  -30.000011282.6689   21.6616
    0.0000  -15.0000  -30.000011825.0371   21.7424
    7.5000  -15.0000  -30.000011280.8945   21.7347
   -7.5000   -7.5000  -30.000012020.7646   21.7368
    0.0000   -7.5000  -30.000012620.7158   21.8080
    7.5000   -7.5000  -30.000012027.4404   21.7907
   -7.5000    0.0000  -30.000012700.4746   21.8104
    0.0000    0.0000  -30.000013336.9502   21.8626
    7.5000    0.0000  -30.000012689.2041   21.8378
   -7.5000    7.5000  -30.000012453.7686   21.8012
    0.0000    7.5000  -30.000013084.3037   21.8459
    7.5000    7.5000  -30.000012456.8096   21.8247
   -7.5000   15.0000  -30.000012212.6289   21.7292
    0.0000   15.0000  -30.000012836.3184   21.7822
    7.5000   15.0000  -30.000012216.9570   21.7688
   -7.5000   22.5000  -30.000011697.1143   21.6578
    0.0000   22.5000  -30.000012309.5146   21.7279
    7.5000   22.5000  -30.000011680.1074   21.7207
   -7.5000   30.0000  -30.000010896.7549   21.3749
    0.0000   30.0000  -30.000011476.4668   21.4547
    7.5000   30.0000  -30.000010875.8906   21.4471
   -7.5000   37.5000  -30.000010404.5869   21.4491
    0.0000   37.5000  -30.000010942.4180   21.5195
    7.5000   37.5000  -30.000010348.8906   21.5023
   -7.5000   45.0000  -30.0000 9480.7246   20.9887
    0.0000   45.0000  -30.0000 9987.8467   21.0389
    7.5000   45.0000  -30.0000 9434.5068   21.0151
   -7.5000  -45.0000  -22.5000 8551.7188   23.0039
    0.0000  -45.0000  -22.5000 8944.6230   23.0637
    7.5000  -45.0000  -22.5000 8538.5781   23.0399
   -7.5000  -37.5000  -22.5000 9235.6992   22.7595
    0.0000  -37.5000  -22.5000 9673.0625   22.8077
    7.5000  -37.5000  -22.5000 9220.0723   22.7885
   -7.5000  -30.0000  -22.500010318.1143   22.5269
    0.0000  -30.0000  -22.500010821.3955   22.5757
    7.5000  -30.0000  -22.500010291.5430   22.5623
   -7.5000  -22.5000  -22.500011369.7861   22.4569
    0.0000  -22.5000  -22.500011920.3711   22.5194
    7.5000  -22.5000  -22.500011333.9307   22.5079
   -7.5000  -15.0000  -22.500012264.7891   22.4684
    0.0000  -15.0000  -22.500012828.9971   22.5435
    7.5000  -15.0000  -22.500012199.5010   22.5278
   -7.5000   -7.5000  -22.500013077.6855   22.5601
    0.0000   -7.5000  -22.500013707.5908   22.6313
    7.5000   -7.5000  -22.500013010.3271   22.6071
   -7.5000    0.0000  -22.500013802.2578   22.6379
    0.0000    0.0000  -22.500014507.0576   22.6943
    7.5000    0.0000  -22.500013726.0713   22.6670
   -7.5000    7.5000  -22.500013508.7012   22.6142
    0.0000    7.5000  -22.500014184.3271   22.6606
    7.5000    7.5000  -22.500013441.9736   22.6399
   -7.5000   15.0000  -22.500013185.8584   22.5249
    0.0000   15.0000  -22.500013843.5664   22.5735
    7.5000   15.0000  -22.500013139.1260   22.5601
   -7.5000   22.5000  -22.500012609.3281   22.4500
    0.0000   22.5000  -22.500013255.2715   22.5125
    7.5000   22.5000  -22.500012547.5234   22.5009
   -7.5000   30.0000  -22.500011776.5264   22.1745
    0.0000   30.0000  -22.500012392.9697   22.2486
    7.5000   30.0000  -22.500011709.6318   22.2331
   -7.5000   37.5000  -22.500011216.4893   22.2650
    0.0000   37.5000  -22.500011810.4775   22.3353
    7.5000   37.5000  -22.500011144.5869   22.3114
   -7.5000   45.0000  -22.500010211.9092   21.8014
    0.0000   45.0000  -22.500010748.2393   21.8557
    7.5000   45.0000  -22.500010141.4297   21.8294
   -7.5000  -45.0000  -15.0000 9238.1719   23.6272
    0.0000  -45.0000  -15.0000 9687.1348   23.6904
    7.5000  -45.0000  -15.0000 9214.5889   23.6655
   -7.5000  -37.5000  -15.0000 9976.7881   23.3736
    0.0000  -37.5000  -15.000010462.0615   23.4264
    7.5000  -37.5000  -15.0000 9937.8857   23.4058
   -7.5000  -30.0000  -15.000011124.6758   23.1276
    0.0000  -30.0000  -15.000011659.5430   23.1762
    7.5000  -30.0000  -15.000011072.2891   23.1570
   -7.5000  -22.5000  -15.000012257.9678   23.0535
    0.0000  -22.5000  -15.000012843.3115   23.1091
    7.5000  -22.5000  -15.000012182.1699   23.0867
   -7.5000  -15.0000  -15.000013230.7881   23.0700
    0.0000  -15.0000  -15.000013846.5059   23.1358
    7.5000  -15.0000  -15.000013127.7031   23.1078
   -7.5000   -7.5000  -15.000014125.3818   23.1686
    0.0000   -7.5000  -15.000014791.0205   23.2360
    7.5000   -7.5000  -15.000014021.4238   23.2049
   -7.5000    0.0000  -15.000014884.6650   23.2505
    0.0000    0.0000  -15.000015657.2910   23.3101
    7.5000    0.0000  -15.000014775.7002   23.2817
   -7.5000    7.5000  -15.000014579.3701   23.2238
    0.0000    7.5000  -15.000015310.3457   23.2748
    7.5000    7.5000  -15.000014460.6514   23.2526
   -7.5000   15.0000  -15.000014239.8740   23.1254
    0.0000   15.0000  -15.000014950.5186   23.1739
    7.5000   15.0000  -15.000014136.4893   23.1547
   -7.5000   22.5000  -15.000013545.9170   23.0454
    0.0000   22.5000  -15.000014238.7217   23.1009
    7.5000   22.5000  -15.000013446.1123   23.0785
   -7.5000   30.0000  -15.000012670.6699   22.7714
    0.0000   30.0000  -15.000013310.3301   22.8364
    7.5000   30.0000  -15.000012561.5518   22.8088
   -7.5000   37.5000  -15.000012052.2637   22.8688
    0.0000   37.5000  -15.000012680.0156   22.9353
    7.5000   37.5000  -15.000011965.0117   22.9046
   -7.5000   45.0000  -15.000010966.6660   22.4049
    0.0000   45.0000  -15.000011532.4473   22.4623
    7.5000   45.0000  -15.000010879.5508   22.4350
   -7.5000  -45.0000   -7.5000 9963.9961   23.8864
    0.0000  -45.0000   -7.500010466.8975   23.9485
    7.5000  -45.0000   -7.5000 9926.0889   23.9235
   -7.5000  -37.5000   -7.500010750.4502   23.6460
    0.0000  -37.5000   -7.500011291.1484   23.7034
    7.5000  -37.5000   -7.500010711.6650   23.6801
   -7.5000  -30.0000   -7.500012005.3604   23.4095
    0.0000  -30.0000   -7.500012594.2402   23.4654
    7.5000  -30.0000   -7.500011941.1533   23.4405
   -7.5000  -22.5000   -7.500013222.9707   23.3318
    0.0000  -22.5000   -7.500013857.1055   23.3909
    7.5000  -22.5000   -7.500013139.1553   23.3623
   -7.5000  -15.0000   -7.500014272.5117   23.3356
    0.0000  -15.0000   -7.500014931.5596   23.3993
    7.5000  -15.0000   -7.500014167.6191   23.3669
   -7.5000   -7.5000   -7.500015219.6582   23.4225
    0.0000   -7.5000   -7.500015949.3809   23.4860
    7.5000   -7.5000   -7.500015101.6562   23.4537
   -7.5000    0.0000   -7.500016024.3262   23.5060
    0.0000    0.0000   -7.500016861.2754   23.5646
    7.5000    0.0000   -7.500015910.9404   23.5359
   -7.5000    7.5000   -7.500015714.7949   23.4947
    0.0000    7.5000   -7.500016533.9668   23.5502
    7.5000    7.5000   -7.500015619.8008   23.5252
   -7.5000   15.0000   -7.500015357.9277   23.4073
    0.0000   15.0000   -7.500016172.4238   23.4631
    7.5000   15.0000   -7.500015264.8008   23.4382
   -7.5000   22.5000   -7.500014545.6182   23.3210
    0.0000   22.5000   -7.500015298.7070   23.3801
    7.5000   22.5000   -7.500014437.7676   23.3515
   -7.5000   30.0000   -7.500013578.8711   23.0330
    0.0000   30.0000   -7.500014254.8877   23.0958
    7.5000   30.0000   -7.500013462.9395   23.0639
   -7.5000   37.5000   -7.500012927.6416   23.1188
    0.0000   37.5000   -7.500013612.7383   23.1814
    7.5000   37.5000   -7.500012860.7246   23.1495
   -7.5000   45.0000   -7.500011769.0586   22.6554
    0.0000   45.0000   -7.500012405.1455   22.7118
    7.5000   45.0000   -7.500011719.4668   22.6841
   -7.5000  -45.0000    0.000010579.4170   23.8549
    0.0000  -45.0000    0.000011119.1123   23.9132
    7.5000  -45.0000    0.000010534.4336   23.8874
   -7.5000  -37.5000    0.000011429.4004   23.6306
    0.0000  -37.5000    0.000012037.7373   23.6878
    7.5000  -37.5000    0.000011389.9971   23.6612
   -7.5000  -30.0000    0.000012783.3750   23.4108
    0.0000  -30.0000    0.000013453.6533   23.4731
    7.5000  -30.0000    0.000012716.9209   23.4457
   -7.5000  -22.5000    0.000014117.9590   23.3331
    0.0000  -22.5000    0.000014840.3809   23.4013
    7.5000  -22.5000    0.000014036.6807   23.3744
   -7.5000  -15.0000    0.000015242.5889   23.3226
    0.0000  -15.0000    0.000016031.4658   23.3924
    7.5000  -15.0000    0.000015147.2334   23.3653
   -7.5000   -7.5000    0.000016227.8135   23.3946
    0.0000   -7.5000    0.000017126.3359   23.4579
    7.5000   -7.5000    0.000016135.5166   23.4291
   -7.5000    0.0000    0.000017034.4492   23.4763
    0.0000    0.0000    0.000018000.4785   23.5311
    7.5000    0.0000    0.000016987.1406   23.5017
   -7.5000    7.5000    0.000016711.1934   23.4799
    0.0000    7.5000    0.000017657.1562   23.5353
    7.5000    7.5000    0.000016715.5039   23.5071
   -7.5000   15.0000    0.000016322.5898   23.4086
    0.0000   15.0000    0.000017238.2988   23.4709
    7.5000   15.0000    0.000016312.3789   23.4434
   -7.5000   22.5000    0.000015403.0420   23.3223
    0.0000   22.5000    0.000016244.9541   23.3905
    7.5000   22.5000    0.000015351.1191   23.3636
   -7.5000   30.0000    0.000014345.4629   23.0208
    0.0000   30.0000    0.000015092.5273   23.0897
    7.5000   30.0000    0.000014261.0000   23.0629
   -7.5000   37.5000    0.000013686.4707   23.0919
    0.0000   37.5000    0.000014424.0312   23.1543
    7.5000   37.5000    0.000013616.6572   23.1259
   -7.5000   45.0000    0.000012515.1055   22.6284
    0.0000   45.0000    0.000013223.7256   22.6813
    7.5000   45.0000    0.000012471.8936   22.6529
   -7.5000  -45.0000    7.500010380.1494   23.7877
    0.0000  -45.0000    7.500010932.1885   23.8453
    7.5000  -45.0000    7.500010356.5029   23.8213
   -7.5000  -37.5000    7.500011219.8701   23.5636
    0.0000  -37.5000    7.500011805.9502   23.6166
    7.5000  -37.5000    7.500011191.1689   23.5913
   -7.5000  -30.0000    7.500012528.7881   23.3481
    0.0000  -30.0000    7.500013193.8682   23.4099
    7.5000  -30.0000    7.500012468.8232   23.3876
   -7.5000  -22.5000    7.500013893.2871   23.2725
    0.0000  -22.5000    7.500014637.8730   23.3483
    7.5000  -22.5000    7.500013800.4404   23.3316
   -7.5000  -15.0000    7.500015137.2295   23.2612
    0.0000  -15.0000    7.500016009.7871   23.3430
    7.5000  -15.0000    7.500015051.5566   23.3279
   -7.5000   -7.5000    7.500016078.9990   23.3317
    0.0000   -7.5000    7.500017137.2383   23.4024
    7.5000   -7.5000    7.500016079.0420   23.3809
   -7.5000    0.0000    7.500016812.8672   23.4110
    0.0000    0.0000    7.500017858.6699   23.4651
    7.5000    0.0000    7.500016885.9297   23.4374
   -7.5000    7.5000    7.500016438.0293   23.4139
    0.0000    7.5000    7.500017431.8770   23.4651
    7.5000    7.5000    7.500016541.1680   23.4382
   -7.5000   15.0000    7.500016072.8682   23.3459
    0.0000   15.0000    7.500016987.6738   23.4077
    7.5000   15.0000    7.500016129.1094   23.3853
   -7.5000   22.5000    7.500015127.3818   23.2618
    0.0000   22.5000    7.500015982.2266   23.3376
    7.5000   22.5000    7.500015126.7979   23.3208
   -7.5000   30.0000    7.500014099.0449   22.9601
    0.0000   30.0000    7.500014880.8398   23.0409
    7.5000   30.0000    7.500014049.2197   23.0260
   -7.5000   37.5000    7.500013510.0439   23.0297
    0.0000   37.5000    7.500014254.1211   23.0995
    7.5000   37.5000    7.500013426.1553   23.0783
   -7.5000   45.0000    7.500012406.2080   22.5655
    0.0000   45.0000    7.500013100.1270   22.6176
    7.5000   45.0000    7.500012319.2578   22.5909
   -7.5000  -45.0000   15.000010014.6709   23.7959
    0.0000  -45.0000   15.000010560.2646   23.8557
    7.5000  -45.0000   15.000010004.1777   23.8327
   -7.5000  -37.5000   15.000010818.9443   23.5587
    0.0000  -37.5000   15.000011388.3535   23.6084
    7.5000  -37.5000   15.000010791.2227   23.5872
   -7.5000  -30.0000   15.000012049.4688   23.3339
    0.0000  -30.0000   15.000012704.0010   23.3908
    7.5000  -30.0000   15.000012033.0498   23.3765
   -7.5000  -22.5000   15.000013434.9248   23.2608
    0.0000  -22.5000   15.000014214.0898   23.3361
    7.5000  -22.5000   15.000013394.9473   23.3283
   -7.5000  -15.0000   15.000014854.7490   23.2591
    0.0000  -15.0000   15.000015879.2686   23.3459
    7.5000  -15.0000   15.000014806.4668   23.3376
   -7.5000   -7.5000   15.000015967.3770   23.3396
    0.0000   -7.5000   15.000017004.7129   23.4162
    7.5000   -7.5000   15.000016020.3584   23.3975
   -7.5000    0.0000   15.000016656.5195   23.4186
    0.0000    0.0000   15.000017490.6094   23.4747
    7.5000    0.0000   15.000016749.2383   23.4481
   -7.5000    7.5000   15.000016281.1758   23.4089
    0.0000    7.5000   15.000017067.7812   23.4569
    7.5000    7.5000   15.000016319.5928   23.4341
   -7.5000   15.0000   15.000015898.6787   23.3318
    0.0000   15.0000   15.000016697.1621   23.3886
    7.5000   15.0000   15.000015874.4512   23.3743
   -7.5000   22.5000   15.000014944.1973   23.2500
    0.0000   22.5000   15.000015756.2363   23.3253
    7.5000   22.5000   15.000014828.1660   23.3176
   -7.5000   30.0000   15.000013883.0693   22.9580
    0.0000   30.0000   15.000014651.9082   23.0437
    7.5000   30.0000   15.000013706.8701   23.0356
   -7.5000   37.5000   15.000013233.0908   23.0376
    0.0000   37.5000   15.000013986.8613   23.1131
    7.5000   37.5000   15.000013055.9639   23.0947
   -7.5000   45.0000   15.000012112.0986   22.5729
    0.0000   45.0000   15.000012843.9727   22.6269
    7.5000   45.0000   15.000011976.4648   22.6013
   -7.5000  -45.0000   22.5000 9612.6201   23.8800
    0.0000  -45.0000   22.500010088.1729   23.9421
    7.5000  -45.0000   22.5000 9622.8887   23.9174
   -7.5000  -37.5000   22.500010343.7627   23.6263
    0.0000  -37.5000   22.500010820.4922   23.6763
    7.5000  -37.5000   22.500010362.8193   23.6564
   -7.5000  -30.0000   22.500011516.2812   23.3848
    0.0000  -30.0000   22.500012022.2520   23.4355
    7.5000  -30.0000   22.500011552.0381   23.4216
   -7.5000  -22.5000   22.500012836.8701   23.3122
    0.0000  -22.5000   22.500013453.3076   23.3771
    7.5000  -22.5000   22.500012850.6055   23.3651
   -7.5000  -15.0000   22.500014171.7500   23.3241
    0.0000  -15.0000   22.500015017.9287   23.4021
    7.5000  -15.0000   22.500014121.8975   23.3857
   -7.5000   -7.5000   22.500015391.2490   23.4193
    0.0000   -7.5000   22.500016211.5234   23.4932
    7.5000   -7.5000   22.500015205.4277   23.4681
   -7.5000    0.0000   22.500016274.0830   23.5001
    0.0000    0.0000   22.500017012.3574   23.5586
    7.5000    0.0000   22.500015957.9512   23.5303
   -7.5000    7.5000   22.500015926.5811   23.4754
    0.0000    7.5000   22.500016668.0684   23.5236
    7.5000    7.5000   22.500015590.7305   23.5022
   -7.5000   15.0000   22.500015453.5938   23.3827
    0.0000   15.0000   22.500016198.3516   23.4333
    7.5000   15.0000   22.500015117.7324   23.4193
   -7.5000   22.5000   22.500014422.3896   23.3014
    0.0000   22.5000   22.500015143.0137   23.3663
    7.5000   22.5000   22.500014139.1162   23.3543
   -7.5000   30.0000   22.500013315.7725   23.0223
    0.0000   30.0000   22.500013981.6670   23.0992
    7.5000   30.0000   22.500013087.4678   23.0831
   -7.5000   37.5000   22.500012665.7461   23.1162
    0.0000   37.5000   22.500013315.0215   23.1891
    7.5000   37.5000   22.500012485.9121   23.1643
   -7.5000   45.0000   22.500011619.8857   22.6514
    0.0000   45.0000   22.500012241.1709   22.7077
    7.5000   45.0000   22.500011467.8506   22.6805
   -7.5000  -45.0000   30.0000 9045.5928   24.0633
    0.0000  -45.0000   30.0000 9478.7168   24.1267
    7.5000  -45.0000   30.0000 9065.4531   24.1013
   -7.5000  -37.5000   30.0000 9747.2949   23.8036
    0.0000  -37.5000   30.000010240.6074   23.8564
    7.5000  -37.5000   30.0000 9760.1455   23.8353
   -7.5000  -30.0000   30.000010891.2793   23.5519
    0.0000  -30.0000   30.000011453.1533   23.6004
    7.5000  -30.0000   30.000010872.0068   23.5808
   -7.5000  -22.5000   30.000012152.4844   23.4764
    0.0000  -22.5000   30.000012785.0918   23.5321
    7.5000  -22.5000   30.000012079.8652   23.5092
   -7.5000  -15.0000   30.000013350.3594   23.4935
    0.0000  -15.0000   30.000014060.8506   23.5596
    7.5000  -15.0000   30.000013193.1699   23.5311
   -7.5000   -7.5000   30.000014402.9980   23.5944
    0.0000   -7.5000   30.000015060.4121   23.6621
    7.5000   -7.5000   30.000014120.1387   23.6304
   -7.5000    0.0000   30.000015227.5449   23.6779
    0.0000    0.0000   30.000015894.3154   23.7377
    7.5000    0.0000   30.000014920.2139   23.7087
   -7.5000    7.5000   30.000014925.8291   23.6503
    0.0000    7.5000   30.000015644.6973   23.7013
    7.5000    7.5000   30.000014644.9111   23.6787
   -7.5000   15.0000   30.000014487.0752   23.5497
    0.0000   15.0000   30.000015220.5703   23.5982
    7.5000   15.0000   30.000014227.0684   23.5785
   -7.5000   22.5000   30.000013517.7100   23.4656
    0.0000   22.5000   30.000014221.9502   23.5213
    7.5000   22.5000   30.000013305.2930   23.4984
   -7.5000   30.0000   30.000012475.9434   23.1895
    0.0000   30.0000   30.000013120.0039   23.2547
    7.5000   30.0000   30.000012307.4678   23.2266
   -7.5000   37.5000   30.000011909.1064   23.2890
    0.0000   37.5000   30.000012510.6650   23.3558
    7.5000   37.5000   30.000011765.0820   23.3246
   -7.5000   45.0000   30.000010916.5957   22.8228
    0.0000   45.0000   30.000011470.8018   22.8804
    7.5000   45.0000   30.000010805.6152   22.8524
   -7.5000  -45.0000   37.5000 8773.0488   24.2181
    0.0000  -45.0000   37.5000 9225.0293   24.2790
    7.5000  -45.0000   37.5000 8760.4102   24.2533
   -7.5000  -37.5000   37.5000 9499.7969   23.9706
    0.0000  -37.5000   37.5000 9991.2148   24.0267
    7.5000  -37.5000   37.5000 9475.9023   24.0028
   -7.5000  -30.0000   37.500010595.4307   23.7269
    0.0000  -30.0000   37.500011124.7461   23.7814
    7.5000  -30.0000   37.500010571.5605   23.7559
   -7.5000  -22.5000   37.500011724.8594   23.6473
    0.0000  -22.5000   37.500012273.1572   23.7052
    7.5000  -22.5000   37.500011679.5684   23.6759
   -7.5000  -15.0000   37.500012754.5635   23.6525
    0.0000  -15.0000   37.500013291.6250   23.7149
    7.5000  -15.0000   37.500012647.2783   23.6818
   -7.5000   -7.5000   37.500013657.8662   23.7427
    0.0000   -7.5000   37.500014203.4756   23.8050
    7.5000   -7.5000   37.500013525.3018   23.7719
   -7.5000    0.0000   37.500014435.2773   23.8284
    0.0000    0.0000   37.500015091.5420   23.8856
    7.5000    0.0000   37.500014335.5674   23.8563
   -7.5000    7.5000   37.500014205.4707   23.8154
    0.0000    7.5000   37.500014916.8857   23.8696
    7.5000    7.5000   37.500014111.3877   23.8441
   -7.5000   15.0000   37.500013892.9189   23.7246
    0.0000   15.0000   37.500014600.4141   23.7790
    7.5000   15.0000   37.500013779.2002   23.7536
   -7.5000   22.5000   37.500012993.8857   23.6364
    0.0000   22.5000   37.500013663.3896   23.6943
    7.5000   22.5000   37.500012889.3496   23.6650
   -7.5000   30.0000   37.500012018.8662   23.3464
    0.0000   30.0000   37.500012632.6807   23.4080
    7.5000   30.0000   37.500011911.5469   23.3753
   -7.5000   37.5000   37.500011501.6162   23.4354
    0.0000   37.5000   37.500012075.6094   23.4969
    7.5000   37.5000   37.500011397.3965   23.4642
   -7.5000   45.0000   37.500010517.9600   22.9678
    0.0000   45.0000   37.500011034.1689   23.0230
    7.5000   45.0000   37.500010422.4111   22.9947
   -7.5000  -45.0000   45.0000 8104.1401   24.4370
    0.0000  -45.0000   45.0000 8505.6777   24.4935
    7.5000  -45.0000   45.0000 8112.1270   24.4660
   -7.5000  -37.5000   45.0000 8763.9219   24.2070
    0.0000  -37.5000   45.0000 9197.4199   24.2627
    7.5000  -37.5000   45.0000 8792.7969   24.2344
   -7.5000  -30.0000   45.0000 9744.8486   23.9722
    0.0000  -30.0000   45.000010207.4932   24.0335
    7.5000  -30.0000   45.0000 9782.5557   24.0046
   -7.5000  -22.5000   45.000010738.9102   23.8916
    0.0000  -22.5000   45.000011215.7383   23.9590
    7.5000  -22.5000   45.000010750.4834   23.9309
   -7.5000  -15.0000   45.000011631.3818   23.8849
    0.0000  -15.0000   45.000012093.4912   23.9538
    7.5000  -15.0000   45.000011592.4932   23.9254
   -7.5000   -7.5000   45.000012438.7432   23.9639
    0.0000   -7.5000   45.000012922.3457   24.0257
    7.5000   -7.5000   45.000012394.5811   23.9954
   -7.5000    0.0000   45.000013176.1680   24.0494
    0.0000    0.0000   45.000013746.2637   24.1023
    7.5000    0.0000   45.000013145.6250   24.0712
   -7.5000    7.5000   45.000013010.9268   24.0487
    0.0000    7.5000   45.000013641.9287   24.1026
    7.5000    7.5000   45.000012966.3223   24.0726
   -7.5000   15.0000   45.000012758.4941   23.9699
    0.0000   15.0000   45.000013367.6934   24.0311
    7.5000   15.0000   45.000012704.6055   24.0021
   -7.5000   22.5000   45.000011961.3281   23.8805
    0.0000   22.5000   45.000012537.6621   23.9479
    7.5000   22.5000   45.000011902.7207   23.9198
   -7.5000   30.0000   45.000011070.6455   23.5737
    0.0000   30.0000   45.000011615.5186   23.6417
    7.5000   30.0000   45.000011009.8301   23.6137
   -7.5000   37.5000   45.000010591.8330   23.6517
    0.0000   37.5000   45.000011105.0977   23.7127
    7.5000   37.5000   45.000010528.8760   23.6828
   -7.5000   45.0000   45.0000 9682.3711   23.1914
    0.0000   45.0000   45.000010158.1592   23.2424
    7.5000   45.0000   45.0000 9638.5820   23.2123

---------------------------------------------------------------------
imgreg_4dfp /opt/freesurfer/average/711-2C_as_mni_average_305 /opt/freesurfer/average/711-2B_as_mni_average_305_mask talsrcimg_g11 none talsrcimg_to_711-2C_as_mni_average_305_t4 4355
---------------------------------------------------------------------

freesurfer imgreg_4dfp.c
/opt/freesurfer/average/711-2C_as_mni_average_305.4dfp.img
       256       256       256         1
  1.000000  1.000000  1.000000
orientation T byte_order littleendian
Reading image: /opt/freesurfer/average/711-2C_as_mni_average_305.4dfp.img
dimensions:      256       256       256
mmppix:       1.0000   -1.0000   -1.0000
center:     128.0000 -129.0000 -129.0000
/opt/freesurfer/average/711-2B_as_mni_average_305_mask.4dfp.img
       256       256       256         1
  1.000000  1.000000  1.000000
orientation T byte_order littleendian
Reading mask: /opt/freesurfer/average/711-2B_as_mni_average_305_mask.4dfp.img (2306576 pixels)
talsrcimg_g11.4dfp.img
       256       256       256         1
  1.000000  1.000000  1.000000
orientation T byte_order littleendian
Reading image: talsrcimg_g11.4dfp.img
dimensions:      256       256       256
mmppix:       1.0000   -1.0000   -1.0000
center:     128.0000 -129.0000 -129.0000
rotation matrix determinant  1.000000
image alignment mode   4355 decimal     1103 hex
   -7.5000  -45.0000  -45.0000 1974.4695   32.3569
    0.0000  -45.0000  -45.0000 1983.9128   32.0163
    7.5000  -45.0000  -45.0000 1976.9801   32.3932
   -7.5000  -37.5000  -45.0000 2058.2942   29.4641
    0.0000  -37.5000  -45.0000 2068.1445   29.2735
    7.5000  -37.5000  -45.0000 2059.7568   29.5603
   -7.5000  -30.0000  -45.0000 2143.2859   27.1859
    0.0000  -30.0000  -45.0000 2154.7068   27.1650
    7.5000  -30.0000  -45.0000 2144.4858   27.3758
   -7.5000  -22.5000  -45.0000 2200.3044   25.4890
    0.0000  -22.5000  -45.0000 2204.2273   25.4766
    7.5000  -22.5000  -45.0000 2194.6997   25.6301
   -7.5000  -15.0000  -45.0000 2226.5891   24.3018
    0.0000  -15.0000  -45.0000 2227.5593   24.1867
    7.5000  -15.0000  -45.0000 2218.7717   24.4314
   -7.5000   -7.5000  -45.0000 2245.2463   23.8719
    0.0000   -7.5000  -45.0000 2248.5337   23.7202
    7.5000   -7.5000  -45.0000 2240.1523   23.9802
   -7.5000    0.0000  -45.0000 2248.6238   23.9111
    0.0000    0.0000  -45.0000 2256.7273   23.8057
    7.5000    0.0000  -45.0000 2248.5889   24.0251
   -7.5000    7.5000  -45.0000 2246.9321   24.1202
    0.0000    7.5000  -45.0000 2255.6165   24.0249
    7.5000    7.5000  -45.0000 2242.9363   24.2754
   -7.5000   15.0000  -45.0000 2220.7163   24.7906
    0.0000   15.0000  -45.0000 2228.3218   24.6413
    7.5000   15.0000  -45.0000 2212.6924   24.8125
   -7.5000   22.5000  -45.0000 2181.5020   25.7180
    0.0000   22.5000  -45.0000 2188.7534   25.4819
    7.5000   22.5000  -45.0000 2177.3784   25.7068
   -7.5000   30.0000  -45.0000 2132.9934   27.0095
    0.0000   30.0000  -45.0000 2138.5105   26.7870
    7.5000   30.0000  -45.0000 2125.2935   27.0251
   -7.5000   37.5000  -45.0000 2063.7412   28.9166
    0.0000   37.5000  -45.0000 2071.8389   28.7036
    7.5000   37.5000  -45.0000 2057.3879   28.9799
   -7.5000   45.0000  -45.0000 1979.4767   31.5053
    0.0000   45.0000  -45.0000 1989.5334   31.2496
    7.5000   45.0000  -45.0000 1975.9681   31.6199
   -7.5000  -45.0000  -37.5000 2053.5798   29.8706
    0.0000  -45.0000  -37.5000 2059.7378   29.5867
    7.5000  -45.0000  -37.5000 2046.5874   29.7993
   -7.5000  -37.5000  -37.5000 2148.3372   27.2243
    0.0000  -37.5000  -37.5000 2152.6963   27.0385
    7.5000  -37.5000  -37.5000 2142.0015   27.1921
   -7.5000  -30.0000  -37.5000 2239.8108   25.1753
    0.0000  -30.0000  -37.5000 2249.1506   25.0730
    7.5000  -30.0000  -37.5000 2236.4099   25.1753
   -7.5000  -22.5000  -37.5000 2298.3984   23.5595
    0.0000  -22.5000  -37.5000 2302.5762   23.5164
    7.5000  -22.5000  -37.5000 2297.7668   23.5912
   -7.5000  -15.0000  -37.5000 2329.6777   22.4513
    0.0000  -15.0000  -37.5000 2339.7441   22.4408
    7.5000  -15.0000  -37.5000 2324.0469   22.5064
   -7.5000   -7.5000  -37.5000 2343.7358   21.9299
    0.0000   -7.5000  -37.5000 2355.5972   21.8858
    7.5000   -7.5000  -37.5000 2336.1328   21.9951
   -7.5000    0.0000  -37.5000 2339.8394   21.8585
    0.0000    0.0000  -37.5000 2353.9512   21.7706
    7.5000    0.0000  -37.5000 2333.2432   21.8752
   -7.5000    7.5000  -37.5000 2330.5647   21.9901
    0.0000    7.5000  -37.5000 2343.3242   21.9078
    7.5000    7.5000  -37.5000 2323.3950   21.9862
   -7.5000   15.0000  -37.5000 2317.6597   22.5599
    0.0000   15.0000  -37.5000 2327.9854   22.4289
    7.5000   15.0000  -37.5000 2306.6853   22.4918
   -7.5000   22.5000  -37.5000 2289.9119   23.4276
    0.0000   22.5000  -37.5000 2299.2241   23.3322
    7.5000   22.5000  -37.5000 2280.9543   23.4079
   -7.5000   30.0000  -37.5000 2242.5896   24.7435
    0.0000   30.0000  -37.5000 2247.5254   24.6066
    7.5000   30.0000  -37.5000 2233.1255   24.7252
   -7.5000   37.5000  -37.5000 2169.5085   26.5114
    0.0000   37.5000  -37.5000 2173.8616   26.3032
    7.5000   37.5000  -37.5000 2161.0989   26.5636
   -7.5000   45.0000  -37.5000 2076.3892   28.9064
    0.0000   45.0000  -37.5000 2081.1560   28.5927
    7.5000   45.0000  -37.5000 2064.8059   28.9126
   -7.5000  -45.0000  -30.0000 2162.2334   28.9543
    0.0000  -45.0000  -30.0000 2171.2605   28.7621
    7.5000  -45.0000  -30.0000 2160.9072   28.7588
   -7.5000  -37.5000  -30.0000 2271.8735   26.2772
    0.0000  -37.5000  -30.0000 2282.4255   26.1532
    7.5000  -37.5000  -30.0000 2266.9607   26.1148
   -7.5000  -30.0000  -30.0000 2369.7507   24.2033
    0.0000  -30.0000  -30.0000 2377.7378   24.0977
    7.5000  -30.0000  -30.0000 2362.4475   24.1332
   -7.5000  -22.5000  -30.0000 2436.1345   22.6123
    0.0000  -22.5000  -30.0000 2445.2712   22.5661
    7.5000  -22.5000  -30.0000 2426.8989   22.5905
   -7.5000  -15.0000  -30.0000 2468.6184   21.5533
    0.0000  -15.0000  -30.0000 2482.5679   21.5139
    7.5000  -15.0000  -30.0000 2456.3208   21.5552
   -7.5000   -7.5000  -30.0000 2487.5200   20.9764
    0.0000   -7.5000  -30.0000 2504.0645   20.9436
    7.5000   -7.5000  -30.0000 2477.8652   20.9757
   -7.5000    0.0000  -30.0000 2491.4395   20.8835
    0.0000    0.0000  -30.0000 2502.5989   20.7836
    7.5000    0.0000  -30.0000 2478.6172   20.8312
   -7.5000    7.5000  -30.0000 2474.1860   20.9789
    0.0000    7.5000  -30.0000 2491.4819   20.9224
    7.5000    7.5000  -30.0000 2470.6389   20.9377
   -7.5000   15.0000  -30.0000 2464.2000   21.4491
    0.0000   15.0000  -30.0000 2481.4163   21.3131
    7.5000   15.0000  -30.0000 2457.9568   21.3814
   -7.5000   22.5000  -30.0000 2440.0254   22.2724
    0.0000   22.5000  -30.0000 2454.4565   22.1762
    7.5000   22.5000  -30.0000 2434.5315   22.2251
   -7.5000   30.0000  -30.0000 2387.7429   23.5561
    0.0000   30.0000  -30.0000 2398.8184   23.4693
    7.5000   30.0000  -30.0000 2379.7546   23.5152
   -7.5000   37.5000  -30.0000 2313.7834   25.3486
    0.0000   37.5000  -30.0000 2321.4956   25.2633
    7.5000   37.5000  -30.0000 2298.7747   25.3501
   -7.5000   45.0000  -30.0000 2206.4761   27.6794
    0.0000   45.0000  -30.0000 2213.1260   27.4939
    7.5000   45.0000  -30.0000 2192.6091   27.6390
   -7.5000  -45.0000  -22.5000 2253.4634   27.8562
    0.0000  -45.0000  -22.5000 2264.3721   27.7979
    7.5000  -45.0000  -22.5000 2248.9731   27.5848
   -7.5000  -37.5000  -22.5000 2371.0376   25.2989
    0.0000  -37.5000  -22.5000 2382.8835   25.2426
    7.5000  -37.5000  -22.5000 2367.4902   25.1083
   -7.5000  -30.0000  -22.5000 2469.7273   23.1551
    0.0000  -30.0000  -22.5000 2484.0254   23.0819
    7.5000  -30.0000  -22.5000 2461.9375   23.0566
   -7.5000  -22.5000  -22.5000 2548.8628   21.5125
    0.0000  -22.5000  -22.5000 2559.4746   21.4571
    7.5000  -22.5000  -22.5000 2538.2266   21.4703
   -7.5000  -15.0000  -22.5000 2590.9482   20.5075
    0.0000  -15.0000  -22.5000 2602.0208   20.4780
    7.5000  -15.0000  -22.5000 2578.3967   20.5270
   -7.5000   -7.5000  -22.5000 2614.5847   19.9735
    0.0000   -7.5000  -22.5000 2629.3411   19.9052
    7.5000   -7.5000  -22.5000 2601.6975   19.9528
   -7.5000    0.0000  -22.5000 2623.4365   19.7955
    0.0000    0.0000  -22.5000 2635.1057   19.6979
    7.5000    0.0000  -22.5000 2612.0562   19.7413
   -7.5000    7.5000  -22.5000 2611.3108   19.8886
    0.0000    7.5000  -22.5000 2627.4170   19.8041
    7.5000    7.5000  -22.5000 2601.8909   19.8368
   -7.5000   15.0000  -22.5000 2597.0254   20.3114
    0.0000   15.0000  -22.5000 2612.8608   20.1951
    7.5000   15.0000  -22.5000 2584.9495   20.2773
   -7.5000   22.5000  -22.5000 2569.3618   21.1059
    0.0000   22.5000  -22.5000 2590.9060   21.0412
    7.5000   22.5000  -22.5000 2558.7483   21.0605
   -7.5000   30.0000  -22.5000 2513.7712   22.3216
    0.0000   30.0000  -22.5000 2534.2568   22.2833
    7.5000   30.0000  -22.5000 2506.1106   22.3243
   -7.5000   37.5000  -22.5000 2426.0491   24.0290
    0.0000   37.5000  -22.5000 2444.9331   23.9891
    7.5000   37.5000  -22.5000 2417.1519   24.0601
   -7.5000   45.0000  -22.5000 2316.8413   26.3467
    0.0000   45.0000  -22.5000 2328.0264   26.2223
    7.5000   45.0000  -22.5000 2304.4585   26.3044
   -7.5000  -45.0000  -15.0000 2308.0022   26.8353
    0.0000  -45.0000  -15.0000 2327.1968   26.7814
    7.5000  -45.0000  -15.0000 2309.1936   26.6925
   -7.5000  -37.5000  -15.0000 2430.4434   24.2303
    0.0000  -37.5000  -15.0000 2448.3601   24.1857
    7.5000  -37.5000  -15.0000 2424.3684   24.1221
   -7.5000  -30.0000  -15.0000 2533.4717   22.1095
    0.0000  -30.0000  -15.0000 2550.4033   22.0857
    7.5000  -30.0000  -15.0000 2526.1111   22.0481
   -7.5000  -22.5000  -15.0000 2609.6421   20.4849
    0.0000  -22.5000  -15.0000 2624.7673   20.4315
    7.5000  -22.5000  -15.0000 2603.8081   20.4721
   -7.5000  -15.0000  -15.0000 2662.9822   19.4819
    0.0000  -15.0000  -15.0000 2677.4968   19.3635
    7.5000  -15.0000  -15.0000 2655.6191   19.4675
   -7.5000   -7.5000  -15.0000 2697.8447   18.8835
    0.0000   -7.5000  -15.0000 2715.2246   18.7931
    7.5000   -7.5000  -15.0000 2687.8567   18.9053
   -7.5000    0.0000  -15.0000 2711.4043   18.6508
    0.0000    0.0000  -15.0000 2727.1301   18.5640
    7.5000    0.0000  -15.0000 2700.6804   18.6321
   -7.5000    7.5000  -15.0000 2706.4312   18.7729
    0.0000    7.5000  -15.0000 2723.7002   18.6782
    7.5000    7.5000  -15.0000 2697.0417   18.7636
   -7.5000   15.0000  -15.0000 2691.1592   19.1893
    0.0000   15.0000  -15.0000 2712.2708   19.1103
    7.5000   15.0000  -15.0000 2683.0215   19.2050
   -7.5000   22.5000  -15.0000 2656.0979   19.9583
    0.0000   22.5000  -15.0000 2684.8584   19.8722
    7.5000   22.5000  -15.0000 2654.5544   19.9847
   -7.5000   30.0000  -15.0000 2596.1936   21.1406
    0.0000   30.0000  -15.0000 2623.5764   21.0757
    7.5000   30.0000  -15.0000 2595.3643   21.1949
   -7.5000   37.5000  -15.0000 2509.1995   22.8226
    0.0000   37.5000  -15.0000 2529.8506   22.7467
    7.5000   37.5000  -15.0000 2508.7959   22.8757
   -7.5000   45.0000  -15.0000 2391.2581   25.0407
    0.0000   45.0000  -15.0000 2410.3040   24.9260
    7.5000   45.0000  -15.0000 2391.7505   25.0708
   -7.5000  -45.0000   -7.5000 2344.7798   25.8346
    0.0000  -45.0000   -7.5000 2370.7544   25.7393
    7.5000  -45.0000   -7.5000 2346.7629   25.7189
   -7.5000  -37.5000   -7.5000 2464.2373   23.2091
    0.0000  -37.5000   -7.5000 2488.4470   23.1860
    7.5000  -37.5000   -7.5000 2464.3608   23.1709
   -7.5000  -30.0000   -7.5000 2578.3167   21.1306
    0.0000  -30.0000   -7.5000 2597.3953   21.1069
    7.5000  -30.0000   -7.5000 2574.3464   21.1347
   -7.5000  -22.5000   -7.5000 2667.0811   19.5223
    0.0000  -22.5000   -7.5000 2684.0195   19.4675
    7.5000  -22.5000   -7.5000 2660.2739   19.5315
   -7.5000  -15.0000   -7.5000 2725.4409   18.4572
    0.0000  -15.0000   -7.5000 2735.7920   18.3241
    7.5000  -15.0000   -7.5000 2721.8662   18.4455
   -7.5000   -7.5000   -7.5000 2761.9731   17.8315
    0.0000   -7.5000   -7.5000 2780.5178   17.7200
    7.5000   -7.5000   -7.5000 2756.4607   17.8603
   -7.5000    0.0000   -7.5000 2778.8442   17.5358
    0.0000    0.0000   -7.5000 2801.6624   17.4429
    7.5000    0.0000   -7.5000 2774.5955   17.5683
   -7.5000    7.5000   -7.5000 2777.5571   17.7099
    0.0000    7.5000   -7.5000 2802.8882   17.5811
    7.5000    7.5000   -7.5000 2782.5706   17.7593
   -7.5000   15.0000   -7.5000 2770.7012   18.1808
    0.0000   15.0000   -7.5000 2796.5251   18.0544
    7.5000   15.0000   -7.5000 2771.2207   18.2672
   -7.5000   22.5000   -7.5000 2735.0273   18.9215
    0.0000   22.5000   -7.5000 2757.7673   18.8055
    7.5000   22.5000   -7.5000 2735.2119   18.9983
   -7.5000   30.0000   -7.5000 2666.4709   20.0543
    0.0000   30.0000   -7.5000 2684.7268   19.9447
    7.5000   30.0000   -7.5000 2667.0520   20.0891
   -7.5000   37.5000   -7.5000 2570.6536   21.7086
    0.0000   37.5000   -7.5000 2591.2944   21.5886
    7.5000   37.5000   -7.5000 2571.0667   21.6980
   -7.5000   45.0000   -7.5000 2451.8701   23.8491
    0.0000   45.0000   -7.5000 2474.8740   23.7279
    7.5000   45.0000   -7.5000 2453.4910   23.8804
   -7.5000  -45.0000    0.0000 2357.0183   25.0903
    0.0000  -45.0000    0.0000 2377.3364   24.9590
    7.5000  -45.0000    0.0000 2361.1155   24.9788
   -7.5000  -37.5000    0.0000 2479.1226   22.5075
    0.0000  -37.5000    0.0000 2502.8286   22.4626
    7.5000  -37.5000    0.0000 2481.9216   22.4363
   -7.5000  -30.0000    0.0000 2597.1206   20.4015
    0.0000  -30.0000    0.0000 2622.6917   20.3669
    7.5000  -30.0000    0.0000 2596.1418   20.3580
   -7.5000  -22.5000    0.0000 2699.7778   18.7711
    0.0000  -22.5000    0.0000 2720.1921   18.7184
    7.5000  -22.5000    0.0000 2697.6194   18.7833
   -7.5000  -15.0000    0.0000 2768.0125   17.6615
    0.0000  -15.0000    0.0000 2788.2056   17.5511
    7.5000  -15.0000    0.0000 2770.5872   17.6785
   -7.5000   -7.5000    0.0000 2809.4387   16.9871
    0.0000   -7.5000    0.0000 2828.8340   16.8402
    7.5000   -7.5000    0.0000 2810.3760   17.0184
   -7.5000    0.0000    0.0000 2832.5764   16.6847
    0.0000    0.0000    0.0000 2854.6003   16.5475
    7.5000    0.0000    0.0000 2837.7874   16.7450
   -7.5000    7.5000    0.0000 2843.8162   16.8422
    0.0000    7.5000    0.0000 2866.6465   16.7220
    7.5000    7.5000    0.0000 2853.9641   16.9394
   -7.5000   15.0000    0.0000 2829.1670   17.3403
    0.0000   15.0000    0.0000 2856.7205   17.1831
    7.5000   15.0000    0.0000 2839.9304   17.4355
   -7.5000   22.5000    0.0000 2785.6016   18.1269
    0.0000   22.5000    0.0000 2804.8071   17.9582
    7.5000   22.5000    0.0000 2791.6584   18.2012
   -7.5000   30.0000    0.0000 2711.5322   19.2818
    0.0000   30.0000    0.0000 2726.2266   19.0953
    7.5000   30.0000    0.0000 2712.7639   19.3555
   -7.5000   37.5000    0.0000 2610.8596   20.8900
    0.0000   37.5000    0.0000 2627.6997   20.6915
    7.5000   37.5000    0.0000 2609.1924   20.9484
   -7.5000   45.0000    0.0000 2495.3733   22.9541
    0.0000   45.0000    0.0000 2516.7703   22.7783
    7.5000   45.0000    0.0000 2490.0146   22.9778
   -7.5000  -45.0000    7.5000 2365.1262   24.7971
    0.0000  -45.0000    7.5000 2388.2832   24.6116
    7.5000  -45.0000    7.5000 2375.4792   24.7316
   -7.5000  -37.5000    7.5000 2489.8738   22.1794
    0.0000  -37.5000    7.5000 2511.0613   21.9899
    7.5000  -37.5000    7.5000 2497.7100   22.1328
   -7.5000  -30.0000    7.5000 2601.8215   20.0480
    0.0000  -30.0000    7.5000 2624.4653   19.8760
    7.5000  -30.0000    7.5000 2605.3525   19.9887
   -7.5000  -22.5000    7.5000 2705.2910   18.4038
    0.0000  -22.5000    7.5000 2732.6731   18.2748
    7.5000  -22.5000    7.5000 2708.2742   18.3438
   -7.5000  -15.0000    7.5000 2795.4626   17.2895
    0.0000  -15.0000    7.5000 2823.2917   17.1521
    7.5000  -15.0000    7.5000 2799.6099   17.2449
   -7.5000   -7.5000    7.5000 2854.4329   16.4709
    0.0000   -7.5000    7.5000 2882.0608   16.2939
    7.5000   -7.5000    7.5000 2862.1873   16.5489
   -7.5000    0.0000    7.5000 2879.2900   16.0650
    0.0000    0.0000    7.5000 2905.8914   15.8599
    7.5000    0.0000    7.5000 2884.6826   16.2117
   -7.5000    7.5000    7.5000 2889.7556   16.2720
    0.0000    7.5000    7.5000 2914.1150   16.0688
    7.5000    7.5000    7.5000 2902.1458   16.4215
   -7.5000   15.0000    7.5000 2878.4421   16.8402
    0.0000   15.0000    7.5000 2899.9099   16.5639
    7.5000   15.0000    7.5000 2890.8206   16.9378
   -7.5000   22.5000    7.5000 2832.1448   17.6895
    0.0000   22.5000    7.5000 2850.4761   17.3798
    7.5000   22.5000    7.5000 2841.6772   17.7801
   -7.5000   30.0000    7.5000 2750.0776   18.8875
    0.0000   30.0000    7.5000 2766.1621   18.6177
    7.5000   30.0000    7.5000 2754.2070   19.0080
   -7.5000   37.5000    7.5000 2647.1321   20.5133
    0.0000   37.5000    7.5000 2657.3484   20.2499
    7.5000   37.5000    7.5000 2642.1338   20.5910
   -7.5000   45.0000    7.5000 2525.5981   22.5512
    0.0000   45.0000    7.5000 2542.5010   22.2599
    7.5000   45.0000    7.5000 2520.8345   22.5437
   -7.5000  -45.0000   15.0000 2354.6917   24.6634
    0.0000  -45.0000   15.0000 2374.8613   24.4083
    7.5000  -45.0000   15.0000 2368.0281   24.5865
   -7.5000  -37.5000   15.0000 2480.1565   22.0544
    0.0000  -37.5000   15.0000 2496.4517   21.8340
    7.5000  -37.5000   15.0000 2486.6365   22.0057
   -7.5000  -30.0000   15.0000 2589.7932   19.9289
    0.0000  -30.0000   15.0000 2610.2041   19.7158
    7.5000  -30.0000   15.0000 2597.9736   19.8874
   -7.5000  -22.5000   15.0000 2697.9028   18.2917
    0.0000  -22.5000   15.0000 2726.6709   18.1102
    7.5000  -22.5000   15.0000 2708.9299   18.2829
   -7.5000  -15.0000   15.0000 2794.1753   17.1996
    0.0000  -15.0000   15.0000 2821.5991   17.0268
    7.5000  -15.0000   15.0000 2808.9282   17.1721
   -7.5000   -7.5000   15.0000 2877.8796   16.5330
    0.0000   -7.5000   15.0000 2914.4795   16.3641
    7.5000   -7.5000   15.0000 2894.4556   16.5640
   -7.5000    0.0000   15.0000 2918.6890   15.9556
    0.0000    0.0000   15.0000 2957.2080   15.6383
    7.5000    0.0000   15.0000 2932.4834   16.1841
   -7.5000    7.5000   15.0000 2936.6689   16.1435
    0.0000    7.5000   15.0000 2962.4370   15.7212
    7.5000    7.5000   15.0000 2937.0593   16.3087
   -7.5000   15.0000   15.0000 2909.6233   16.7854
    0.0000   15.0000   15.0000 2930.5447   16.3933
    7.5000   15.0000   15.0000 2917.3350   16.7966
   -7.5000   22.5000   15.0000 2858.7488   17.5968
    0.0000   22.5000   15.0000 2878.4338   17.2691
    7.5000   22.5000   15.0000 2864.9902   17.5985
   -7.5000   30.0000   15.0000 2772.3225   18.7947
    0.0000   30.0000   15.0000 2788.9893   18.5018
    7.5000   30.0000   15.0000 2775.3064   18.7768
   -7.5000   37.5000   15.0000 2664.0225   20.4267
    0.0000   37.5000   15.0000 2677.0601   20.1619
    7.5000   37.5000   15.0000 2662.4199   20.3897
   -7.5000   45.0000   15.0000 2534.3972   22.4112
    0.0000   45.0000   15.0000 2554.6824   22.1891
    7.5000   45.0000   15.0000 2533.4067   22.3736
   -7.5000  -45.0000   22.5000 2344.8579   24.9188
    0.0000  -45.0000   22.5000 2356.6504   24.5430
    7.5000  -45.0000   22.5000 2360.0708   24.9147
   -7.5000  -37.5000   22.5000 2463.8369   22.2632
    0.0000  -37.5000   22.5000 2474.9990   21.8152
    7.5000  -37.5000   22.5000 2477.6577   22.2257
   -7.5000  -30.0000   22.5000 2577.8989   20.1230
    0.0000  -30.0000   22.5000 2583.5308   19.6595
    7.5000  -30.0000   22.5000 2599.9543   20.1217
   -7.5000  -22.5000   22.5000 2693.3286   18.5115
    0.0000  -22.5000   22.5000 2701.2019   18.1194
    7.5000  -22.5000   22.5000 2716.1389   18.5087
   -7.5000  -15.0000   22.5000 2792.9673   17.4798
    0.0000  -15.0000   22.5000 2818.3716   17.1812
    7.5000  -15.0000   22.5000 2819.4268   17.4288
   -7.5000   -7.5000   22.5000 2888.2988   16.8452
    0.0000   -7.5000   22.5000 2932.7266   16.6262
    7.5000   -7.5000   22.5000 2898.4600   16.7440
   -7.5000    0.0000   22.5000 2940.3013   16.4190
    0.0000    0.0000   22.5000 2988.8557   16.0443
    7.5000    0.0000   22.5000 2928.1160   16.3519
   -7.5000    7.5000   22.5000 2946.7725   16.4793
    0.0000    7.5000   22.5000 2982.4177   16.1313
    7.5000    7.5000   22.5000 2935.4724   16.4787
   -7.5000   15.0000   22.5000 2914.1455   16.9273
    0.0000   15.0000   22.5000 2939.3452   16.6383
    7.5000   15.0000   22.5000 2911.2329   16.9195
   -7.5000   22.5000   22.5000 2859.9556   17.7138
    0.0000   22.5000   22.5000 2878.6365   17.4152
    7.5000   22.5000   22.5000 2861.6008   17.6688
   -7.5000   30.0000   22.5000 2770.4617   18.8899
    0.0000   30.0000   22.5000 2782.9187   18.5828
    7.5000   30.0000   22.5000 2774.7107   18.8330
   -7.5000   37.5000   22.5000 2664.1982   20.4785
    0.0000   37.5000   22.5000 2675.2507   20.1655
    7.5000   37.5000   22.5000 2665.0452   20.4007
   -7.5000   45.0000   22.5000 2541.9543   22.4628
    0.0000   45.0000   22.5000 2555.5339   22.2038
    7.5000   45.0000   22.5000 2538.6562   22.3841
   -7.5000  -45.0000   30.0000 2324.0500   25.4957
    0.0000  -45.0000   30.0000 2330.5386   24.9441
    7.5000  -45.0000   30.0000 2343.5710   25.3845
   -7.5000  -37.5000   30.0000 2445.7935   22.8289
    0.0000  -37.5000   30.0000 2460.1628   22.3356
    7.5000  -37.5000   30.0000 2464.7900   22.6885
   -7.5000  -30.0000   30.0000 2570.6802   20.7886
    0.0000  -30.0000   30.0000 2587.2014   20.3949
    7.5000  -30.0000   30.0000 2583.8762   20.6232
   -7.5000  -22.5000   30.0000 2695.1492   19.2767
    0.0000  -22.5000   30.0000 2714.2083   18.9234
    7.5000  -22.5000   30.0000 2705.2390   19.0946
   -7.5000  -15.0000   30.0000 2794.0059   18.2219
    0.0000  -15.0000   30.0000 2819.1433   17.9044
    7.5000  -15.0000   30.0000 2801.4973   18.0124
   -7.5000   -7.5000   30.0000 2871.7751   17.4956
    0.0000   -7.5000   30.0000 2899.3047   17.1217
    7.5000   -7.5000   30.0000 2868.4001   17.2449
   -7.5000    0.0000   30.0000 2916.4277   17.0382
    0.0000    0.0000   30.0000 2953.3931   16.6526
    7.5000    0.0000   30.0000 2908.8596   16.8387
   -7.5000    7.5000   30.0000 2925.0845   17.0711
    0.0000    7.5000   30.0000 2967.9287   16.8209
    7.5000    7.5000   30.0000 2921.2327   16.9354
   -7.5000   15.0000   30.0000 2892.1628   17.5252
    0.0000   15.0000   30.0000 2922.6042   17.2969
    7.5000   15.0000   30.0000 2888.2400   17.4170
   -7.5000   22.5000   30.0000 2833.0420   18.2931
    0.0000   22.5000   30.0000 2857.5779   18.0457
    7.5000   22.5000   30.0000 2833.2766   18.1664
   -7.5000   30.0000   30.0000 2744.7788   19.3376
    0.0000   30.0000   30.0000 2760.8386   19.0951
    7.5000   30.0000   30.0000 2746.0630   19.2237
   -7.5000   37.5000   30.0000 2644.6482   20.7973
    0.0000   37.5000   30.0000 2662.9500   20.5562
    7.5000   37.5000   30.0000 2647.5649   20.7118
   -7.5000   45.0000   30.0000 2520.0217   22.6915
    0.0000   45.0000   30.0000 2540.2068   22.4893
    7.5000   45.0000   30.0000 2522.0312   22.5944
   -7.5000  -45.0000   37.5000 2303.7761   26.4845
    0.0000  -45.0000   37.5000 2319.2656   26.0353
    7.5000  -45.0000   37.5000 2317.5940   26.3467
   -7.5000  -37.5000   37.5000 2438.8213   23.7962
    0.0000  -37.5000   37.5000 2456.6345   23.3641
    7.5000  -37.5000   37.5000 2446.6750   23.6453
   -7.5000  -30.0000   37.5000 2565.0452   21.7401
    0.0000  -30.0000   37.5000 2580.8877   21.3088
    7.5000  -30.0000   37.5000 2569.2056   21.5441
   -7.5000  -22.5000   37.5000 2683.0996   20.1509
    0.0000  -22.5000   37.5000 2694.7874   19.6908
    7.5000  -22.5000   37.5000 2687.1401   19.9104
   -7.5000  -15.0000   37.5000 2772.9094   18.9982
    0.0000  -15.0000   37.5000 2779.3286   18.4760
    7.5000  -15.0000   37.5000 2774.8123   18.6935
   -7.5000   -7.5000   37.5000 2837.3181   18.2095
    0.0000   -7.5000   37.5000 2852.6045   17.6725
    7.5000   -7.5000   37.5000 2836.9116   17.9262
   -7.5000    0.0000   37.5000 2872.8938   17.7510
    0.0000    0.0000   37.5000 2901.8132   17.3699
    7.5000    0.0000   37.5000 2878.5244   17.5609
   -7.5000    7.5000   37.5000 2880.8474   17.7979
    0.0000    7.5000   37.5000 2921.8188   17.5262
    7.5000    7.5000   37.5000 2885.4297   17.6542
   -7.5000   15.0000   37.5000 2851.7795   18.3030
    0.0000   15.0000   37.5000 2879.9321   18.0628
    7.5000   15.0000   37.5000 2852.4954   18.1284
   -7.5000   22.5000   37.5000 2793.3433   19.1011
    0.0000   22.5000   37.5000 2816.4380   18.8186
    7.5000   22.5000   37.5000 2795.3328   18.9094
   -7.5000   30.0000   37.5000 2704.9131   20.1991
    0.0000   30.0000   37.5000 2726.2124   19.9380
    7.5000   30.0000   37.5000 2706.3831   19.9984
   -7.5000   37.5000   37.5000 2608.8342   21.5666
    0.0000   37.5000   37.5000 2625.9509   21.2907
    7.5000   37.5000   37.5000 2611.3174   21.4042
   -7.5000   45.0000   37.5000 2487.8318   23.3558
    0.0000   45.0000   37.5000 2503.0359   23.1015
    7.5000   45.0000   37.5000 2486.2229   23.1729
   -7.5000  -45.0000   45.0000 2266.4551   27.7198
    0.0000  -45.0000   45.0000 2285.9858   27.1918
    7.5000  -45.0000   45.0000 2276.4243   27.5491
   -7.5000  -37.5000   45.0000 2405.4280   24.8814
    0.0000  -37.5000   45.0000 2420.4509   24.3788
    7.5000  -37.5000   45.0000 2410.9924   24.7281
   -7.5000  -30.0000   45.0000 2529.9355   22.7018
    0.0000  -30.0000   45.0000 2539.1377   22.1782
    7.5000  -30.0000   45.0000 2534.3677   22.5295
   -7.5000  -22.5000   45.0000 2640.5564   21.0284
    0.0000  -22.5000   45.0000 2644.9980   20.4508
    7.5000  -22.5000   45.0000 2644.0305   20.7985
   -7.5000  -15.0000   45.0000 2722.6577   19.8559
    0.0000  -15.0000   45.0000 2724.7671   19.2251
    7.5000  -15.0000   45.0000 2727.1340   19.5820
   -7.5000   -7.5000   45.0000 2782.1016   19.0824
    0.0000   -7.5000   45.0000 2791.5151   18.5362
    7.5000   -7.5000   45.0000 2788.4248   18.8824
   -7.5000    0.0000   45.0000 2815.8115   18.6763
    0.0000    0.0000   45.0000 2832.8591   18.2645
    7.5000    0.0000   45.0000 2825.2710   18.5418
   -7.5000    7.5000   45.0000 2814.5042   18.7467
    0.0000    7.5000   45.0000 2846.4443   18.3998
    7.5000    7.5000   45.0000 2820.6738   18.5894
   -7.5000   15.0000   45.0000 2788.5312   19.2027
    0.0000   15.0000   45.0000 2809.9890   18.9002
    7.5000   15.0000   45.0000 2793.2742   19.0446
   -7.5000   22.5000   45.0000 2734.1382   19.9972
    0.0000   22.5000   45.0000 2750.1143   19.7040
    7.5000   22.5000   45.0000 2740.7410   19.8459
   -7.5000   30.0000   45.0000 2650.0955   21.1167
    0.0000   30.0000   45.0000 2669.2871   20.8846
    7.5000   30.0000   45.0000 2659.4871   20.9766
   -7.5000   37.5000   45.0000 2551.9160   22.5431
    0.0000   37.5000   45.0000 2564.7595   22.2647
    7.5000   37.5000   45.0000 2555.0872   22.3410
   -7.5000   45.0000   45.0000 2427.4077   24.2958
    0.0000   45.0000   45.0000 2444.9712   24.0239
    7.5000   45.0000   45.0000 2431.6357   24.1049

---------------------------------------------------------------------
imgreg_4dfp /opt/freesurfer/average/711-2C_as_mni_average_305 /opt/freesurfer/average/711-2B_as_mni_average_305_mask talsrcimg_g11 none talsrcimg_to_711-2C_as_mni_average_305_t4 1283
---------------------------------------------------------------------

freesurfer imgreg_4dfp.c
/opt/freesurfer/average/711-2C_as_mni_average_305.4dfp.img
       256       256       256         1
  1.000000  1.000000  1.000000
orientation T byte_order littleendian
Reading image: /opt/freesurfer/average/711-2C_as_mni_average_305.4dfp.img
dimensions:      256       256       256
mmppix:       1.0000   -1.0000   -1.0000
center:     128.0000 -129.0000 -129.0000
/opt/freesurfer/average/711-2B_as_mni_average_305_mask.4dfp.img
       256       256       256         1
  1.000000  1.000000  1.000000
orientation T byte_order littleendian
Reading mask: /opt/freesurfer/average/711-2B_as_mni_average_305_mask.4dfp.img (2306576 pixels)
talsrcimg_g11.4dfp.img
       256       256       256         1
  1.000000  1.000000  1.000000
orientation T byte_order littleendian
Reading image: talsrcimg_g11.4dfp.img
dimensions:      256       256       256
mmppix:       1.0000   -1.0000   -1.0000
center:     128.0000 -129.0000 -129.0000
rotation matrix determinant  1.000000
fimgreg.f
image alignment mode   1283 decimal      503 hex
parameters
    0.0000    0.0000   22.5000    0.0000    0.0000    0.0000
eta,q 0.93956 16.10998
niter,ni,del,rscale     5    3   12.0000    1.2000
parameters
   -0.9529    1.9206   21.2225    0.8414   -0.2269   -1.3385
eta,q 0.94415 15.91779
  0.0689  0.0768  0.0664  0.0676  0.0627  0.0588
  0.0650  0.0717  0.0586  0.0619  0.0596  0.0569
  0.0610  0.0652  0.0559  0.0582  0.0568  0.0561
  0.0618  0.0606  0.0589  0.0564  0.0561  0.0560
  0.0647  0.0589  0.0648  0.0568  0.0569  0.0573
  0.0695  0.0611  0.0674  0.0592  0.0590  0.0600
  0.0743  0.0654  0.0685  0.0624  0.0649  0.0635
niter,ni,del,rscale     4    3   12.0000    1.2000
parameters
   -1.0283    1.5348   21.4281    1.2867   -0.2888   -1.4525
eta,q 0.94416 15.92579
  0.0691  0.0681  0.0725  0.0664  0.0623  0.0606
  0.0632  0.0608  0.0635  0.0604  0.0594  0.0578
  0.0595  0.0562  0.0567  0.0572  0.0567  0.0564
  0.0559  0.0559  0.0556  0.0558  0.0558  0.0558
  0.0584  0.0598  0.0599  0.0568  0.0567  0.0562
  0.0637  0.0647  0.0655  0.0596  0.0585  0.0581
  0.0701  0.0691  0.0672  0.0630  0.0634  0.0611
niter,ni,del,rscale     3    3   12.0000    1.2000
parameters
   -1.0460    1.3622   21.5745    1.4955   -0.3181   -1.5017
eta,q 0.94407 15.92947
  0.0690  0.0686  0.0721  0.0657  0.0625  0.0608
  0.0631  0.0616  0.0630  0.0599  0.0595  0.0579
  0.0595  0.0569  0.0567  0.0570  0.0568  0.0565
  0.0558  0.0559  0.0558  0.0559  0.0559  0.0559
  0.0582  0.0592  0.0602  0.0572  0.0568  0.0562
  0.0632  0.0639  0.0656  0.0602  0.0586  0.0581
  0.0695  0.0685  0.0673  0.0636  0.0632  0.0610
niter,ni,del,rscale     2    3   12.0000    1.2000
parameters
   -1.0585    1.2910   21.6528    1.5965   -0.3378   -1.5161
eta,q 0.94400 15.93136
  0.0688  0.0690  0.0718  0.0654  0.0625  0.0609
  0.0631  0.0621  0.0626  0.0598  0.0595  0.0580
  0.0596  0.0573  0.0566  0.0569  0.0568  0.0566
  0.0559  0.0559  0.0559  0.0560  0.0560  0.0560
  0.0583  0.0589  0.0606  0.0574  0.0569  0.0563
  0.0632  0.0637  0.0658  0.0605  0.0587  0.0581
  0.0694  0.0683  0.0673  0.0638  0.0632  0.0610
niter,ni,del,rscale     1    3   12.0000    1.2000
parameters
   -1.0612    1.2636   21.6929    1.6443   -0.3482   -1.5218
eta,q 0.94396 15.93229
  0.0688  0.0691  0.0716  0.0652  0.0626  0.0609
  0.0631  0.0623  0.0624  0.0597  0.0596  0.0580
  0.0597  0.0575  0.0566  0.0569  0.0569  0.0567
  0.0560  0.0560  0.0560  0.0560  0.0560  0.0560
  0.0583  0.0588  0.0607  0.0575  0.0570  0.0563
  0.0631  0.0635  0.0659  0.0607  0.0587  0.0581
  0.0693  0.0681  0.0674  0.0640  0.0632  0.0610
registration optimization eta report
parameter search radius
    6.0000    6.0000    6.0000    6.0000    6.0000    6.0000
100000*second partial in parameter space
       34.       34.       35.       23.       19.       14.
  0.0688  0.0691  0.0716  0.0652  0.0626  0.0609
  0.0631  0.0623  0.0624  0.0597  0.0596  0.0580
  0.0597  0.0575  0.0566  0.0569  0.0569  0.0567
  0.0560  0.0560  0.0560  0.0560  0.0560  0.0560
  0.0583  0.0588  0.0607  0.0575  0.0570  0.0563
  0.0631  0.0635  0.0659  0.0607  0.0587  0.0581
  0.0693  0.0681  0.0674  0.0640  0.0632  0.0610
   -1.0612    1.2636   21.6929    1.6443   -0.3482   -1.5218
eta,q 0.94396 15.93229

---------------------------------------------------------------------
imgreg_4dfp /opt/freesurfer/average/711-2C_as_mni_average_305 /opt/freesurfer/average/711-2B_as_mni_average_305_mask talsrcimg_g11 none talsrcimg_to_711-2C_as_mni_average_305_t4 3335
---------------------------------------------------------------------

freesurfer imgreg_4dfp.c
/opt/freesurfer/average/711-2C_as_mni_average_305.4dfp.img
       256       256       256         1
  1.000000  1.000000  1.000000
orientation T byte_order littleendian
Reading image: /opt/freesurfer/average/711-2C_as_mni_average_305.4dfp.img
dimensions:      256       256       256
mmppix:       1.0000   -1.0000   -1.0000
center:     128.0000 -129.0000 -129.0000
/opt/freesurfer/average/711-2B_as_mni_average_305_mask.4dfp.img
       256       256       256         1
  1.000000  1.000000  1.000000
orientation T byte_order littleendian
Reading mask: /opt/freesurfer/average/711-2B_as_mni_average_305_mask.4dfp.img (2306576 pixels)
talsrcimg_g11.4dfp.img
       256       256       256         1
  1.000000  1.000000  1.000000
orientation T byte_order littleendian
Reading image: talsrcimg_g11.4dfp.img
dimensions:      256       256       256
mmppix:       1.0000   -1.0000   -1.0000
center:     128.0000 -129.0000 -129.0000
fimgreg.f
image alignment mode   3335 decimal      D07 hex
parameters
   -1.0612    1.2636   21.6929   -0.0371   -0.0769   -0.0430
    2.6720    0.5310   -2.6556   -2.8845   -0.6077    2.8694
eta,q 0.94305 15.97778
niter,ni,del,rscale     5    3    5.0000    1.2000
parameter  2 -0.589681 -> -0.500000 qaram    1.1500
parameter  4  5.573021 ->  0.500000 qaram    1.1500
parameter  5 -3.857217 ->  0.500000 qaram    1.1500
parameter  6  0.803758 ->  0.500000 qaram    1.1500
parameters
   -0.8545    2.6436   20.9147   -4.1771   -4.2169   -4.1830
    1.7433    2.0267   -1.5427   -2.1613    0.5441    1.0880
eta,q 0.96672 16.22604
  0.0598  0.0594  0.0572  0.0428  0.0327  0.0333  0.0367  0.0455  0.0369  0.0392  0.0374  0.0345
  0.0583  0.0584  0.0563  0.0454  0.0375  0.0339  0.0351  0.0407  0.0353  0.0363  0.0355  0.0335
  0.0573  0.0575  0.0562  0.0503  0.0425  0.0355  0.0342  0.0366  0.0342  0.0343  0.0343  0.0333
  0.0569  0.0569  0.0565  0.0562  0.0466  0.0390  0.0342  0.0341  0.0336  0.0336  0.0336  0.0335
  0.0571  0.0566  0.0572  0.0620  0.0502  0.0458  0.0349  0.0337  0.0337  0.0340  0.0336  0.0340
  0.0577  0.0565  0.0579  0.0676  0.0541  0.0549  0.0363  0.0356  0.0343  0.0352  0.0342  0.0349
  0.0589  0.0568  0.0588  0.0721  0.0572  0.0649  0.0382  0.0393  0.0354  0.0372  0.0356  0.0360
niter,ni,del,rscale     7    3    5.0000    1.2000
parameter  2  0.788332 ->  0.500000 qaram    1.3225
parameter  3  1.120224 ->  0.500000 qaram    1.1500
parameter  4  0.525778 ->  0.500000 qaram    1.3225
parameter  5  1.072581 ->  0.500000 qaram    1.3225
parameters
   -0.5804    1.0566   19.5347   -8.9381   -8.9779   -4.9913
    1.6278    1.6410   -1.6035   -3.4511    0.9235    1.5444
eta,q 0.97715 16.29955
  0.0395  0.0316  0.0284  0.0288  0.0230  0.0275  0.0263  0.0272  0.0255  0.0256  0.0240  0.0246
  0.0365  0.0313  0.0287  0.0280  0.0225  0.0257  0.0246  0.0245  0.0241  0.0236  0.0233  0.0236
  0.0343  0.0318  0.0297  0.0276  0.0239  0.0241  0.0234  0.0233  0.0233  0.0229  0.0230  0.0231
  0.0333  0.0332  0.0313  0.0289  0.0278  0.0226  0.0230  0.0230  0.0230  0.0230  0.0229  0.0229
  0.0335  0.0353  0.0335  0.0337  0.0334  0.0220  0.0235  0.0236  0.0233  0.0240  0.0230  0.0229
  0.0349  0.0379  0.0361  0.0410  0.0389  0.0251  0.0247  0.0251  0.0242  0.0257  0.0232  0.0234
  0.0373  0.0408  0.0391  0.0484  0.0433  0.0335  0.0266  0.0283  0.0256  0.0281  0.0237  0.0242
niter,ni,del,rscale     7    3    5.0000    1.2000
parameter  3  0.548318 ->  0.500000 qaram    1.3225
parameters
   -0.2834    1.7326   17.9477   -9.3440  -11.7126   -5.5082
    1.5034    1.9151   -1.6734   -3.0747    1.9346   -0.1590
eta,q 0.97798 16.14833
  0.0267  0.0308  0.0222  0.0276  0.0261  0.0262  0.0250  0.0272  0.0240  0.0259  0.0230  0.0228
  0.0248  0.0272  0.0219  0.0253  0.0237  0.0245  0.0234  0.0240  0.0230  0.0234  0.0226  0.0222
  0.0235  0.0244  0.0220  0.0233  0.0220  0.0231  0.0224  0.0226  0.0224  0.0223  0.0223  0.0220
  0.0228  0.0228  0.0225  0.0219  0.0220  0.0219  0.0221  0.0221  0.0221  0.0221  0.0222  0.0221
  0.0229  0.0225  0.0234  0.0213  0.0250  0.0209  0.0225  0.0225  0.0223  0.0226  0.0221  0.0225
  0.0237  0.0237  0.0249  0.0243  0.0308  0.0228  0.0236  0.0237  0.0230  0.0234  0.0223  0.0231
  0.0252  0.0262  0.0269  0.0309  0.0364  0.0308  0.0252  0.0264  0.0241  0.0248  0.0227  0.0238
niter,ni,del,rscale     7    3    5.0000    1.2000
parameters
   -0.1995    2.5844   18.0349   -8.5691  -12.9323   -5.4143
    1.5346    1.7555   -2.1620   -1.8098    2.0297   -1.0184
eta,q 0.97859 16.13923
  0.0252  0.0290  0.0243  0.0278  0.0274  0.0260  0.0245  0.0263  0.0232  0.0262  0.0224  0.0225
  0.0235  0.0259  0.0227  0.0254  0.0247  0.0243  0.0228  0.0232  0.0222  0.0232  0.0218  0.0218
  0.0224  0.0236  0.0218  0.0233  0.0224  0.0228  0.0218  0.0218  0.0216  0.0218  0.0216  0.0215
  0.0220  0.0220  0.0215  0.0215  0.0212  0.0214  0.0214  0.0214  0.0214  0.0214  0.0214  0.0214
  0.0223  0.0215  0.0218  0.0204  0.0224  0.0204  0.0217  0.0219  0.0217  0.0216  0.0215  0.0217
  0.0232  0.0223  0.0226  0.0221  0.0269  0.0218  0.0228  0.0234  0.0225  0.0223  0.0218  0.0223
  0.0248  0.0243  0.0239  0.0277  0.0329  0.0280  0.0244  0.0268  0.0238  0.0232  0.0223  0.0230
niter,ni,del,rscale     6    3    5.0000    1.2000
parameters
   -0.2185    3.0905   17.8360   -8.4255  -13.4983   -5.5582
    1.6767    1.7287   -2.6417   -0.7183    2.3778   -1.6037
eta,q 0.97861 16.11675
  0.0245  0.0271  0.0235  0.0274  0.0278  0.0258  0.0245  0.0264  0.0231  0.0254  0.0224  0.0225
  0.0228  0.0245  0.0221  0.0250  0.0252  0.0241  0.0228  0.0233  0.0221  0.0229  0.0219  0.0218
  0.0218  0.0225  0.0214  0.0229  0.0227  0.0227  0.0218  0.0218  0.0215  0.0217  0.0216  0.0215
  0.0214  0.0214  0.0212  0.0212  0.0211  0.0213  0.0214  0.0214  0.0214  0.0214  0.0214  0.0214
  0.0218  0.0213  0.0217  0.0204  0.0216  0.0203  0.0217  0.0218  0.0217  0.0216  0.0215  0.0217
  0.0228  0.0223  0.0226  0.0229  0.0252  0.0220  0.0226  0.0232  0.0224  0.0222  0.0217  0.0222
  0.0246  0.0246  0.0241  0.0290  0.0312  0.0286  0.0242  0.0266  0.0236  0.0231  0.0223  0.0229
niter,ni,del,rscale     5    3    5.0000    1.2000
parameters
   -0.2197    3.5046   17.6039   -8.3927  -13.9057   -5.7688
    1.8197    1.6336   -3.0707    0.3153    2.6937   -2.0739
eta,q 0.97854 16.09174
  0.0245  0.0266  0.0235  0.0274  0.0278  0.0257  0.0244  0.0263  0.0231  0.0250  0.0225  0.0226
  0.0228  0.0242  0.0221  0.0250  0.0253  0.0241  0.0229  0.0233  0.0221  0.0228  0.0219  0.0219
  0.0217  0.0224  0.0214  0.0230  0.0229  0.0227  0.0218  0.0219  0.0216  0.0217  0.0216  0.0216
  0.0214  0.0214  0.0213  0.0212  0.0212  0.0214  0.0215  0.0215  0.0215  0.0214  0.0215  0.0215
  0.0217  0.0214  0.0217  0.0205  0.0214  0.0204  0.0217  0.0219  0.0218  0.0217  0.0215  0.0217
  0.0228  0.0224  0.0227  0.0232  0.0248  0.0222  0.0227  0.0233  0.0225  0.0223  0.0218  0.0222
  0.0246  0.0247  0.0242  0.0293  0.0307  0.0287  0.0242  0.0267  0.0235  0.0230  0.0223  0.0229
niter,ni,del,rscale     4    3    5.0000    1.2000
parameters
   -0.2285    3.8957   17.3578   -8.4053  -14.3086   -5.9986
    1.9425    1.5374   -3.3549    1.3207    2.8563   -2.5084
eta,q 0.97841 16.06235
  0.0246  0.0264  0.0235  0.0274  0.0276  0.0257  0.0245  0.0263  0.0233  0.0248  0.0226  0.0227
  0.0228  0.0241  0.0222  0.0251  0.0253  0.0241  0.0229  0.0234  0.0223  0.0228  0.0220  0.0220
  0.0218  0.0224  0.0215  0.0231  0.0230  0.0227  0.0219  0.0220  0.0217  0.0218  0.0217  0.0217
  0.0215  0.0215  0.0214  0.0213  0.0213  0.0215  0.0216  0.0216  0.0216  0.0216  0.0216  0.0216
  0.0218  0.0215  0.0218  0.0206  0.0215  0.0206  0.0219  0.0219  0.0218  0.0218  0.0217  0.0218
  0.0229  0.0225  0.0228  0.0234  0.0247  0.0223  0.0228  0.0234  0.0225  0.0223  0.0219  0.0223
  0.0246  0.0247  0.0242  0.0294  0.0305  0.0287  0.0243  0.0267  0.0235  0.0231  0.0225  0.0230
niter,ni,del,rscale     3    3    5.0000    1.2000
parameters
   -0.2422    4.2917   17.1157   -8.4377  -14.7493   -6.2357
    2.0195    1.4805   -3.4620    2.3485    2.8626   -2.9211
eta,q 0.97826 16.02767
  0.0246  0.0264  0.0236  0.0274  0.0274  0.0257  0.0245  0.0263  0.0235  0.0247  0.0226  0.0228
  0.0229  0.0242  0.0223  0.0251  0.0252  0.0242  0.0230  0.0235  0.0225  0.0229  0.0221  0.0222
  0.0219  0.0225  0.0216  0.0232  0.0230  0.0228  0.0221  0.0221  0.0219  0.0220  0.0218  0.0218
  0.0216  0.0216  0.0215  0.0215  0.0215  0.0216  0.0217  0.0217  0.0217  0.0217  0.0217  0.0217
  0.0219  0.0216  0.0219  0.0207  0.0216  0.0207  0.0220  0.0220  0.0219  0.0219  0.0218  0.0219
  0.0230  0.0226  0.0228  0.0235  0.0246  0.0224  0.0229  0.0234  0.0226  0.0224  0.0221  0.0224
  0.0247  0.0247  0.0243  0.0294  0.0304  0.0286  0.0244  0.0266  0.0236  0.0231  0.0226  0.0230
niter,ni,del,rscale     2    3    5.0000    1.2000
parameters
   -0.2641    4.7079   16.8539   -8.4853  -15.2283   -6.5070
    2.0685    1.4376   -3.3812    3.4449    2.7582   -3.3182
eta,q 0.97810 15.98648
  0.0247  0.0265  0.0236  0.0274  0.0273  0.0257  0.0245  0.0264  0.0237  0.0247  0.0227  0.0229
  0.0230  0.0243  0.0224  0.0252  0.0252  0.0242  0.0231  0.0236  0.0227  0.0231  0.0222  0.0223
  0.0220  0.0226  0.0218  0.0233  0.0231  0.0229  0.0222  0.0223  0.0221  0.0222  0.0220  0.0220
  0.0217  0.0217  0.0216  0.0216  0.0216  0.0218  0.0219  0.0219  0.0219  0.0219  0.0219  0.0219
  0.0221  0.0217  0.0220  0.0209  0.0216  0.0209  0.0222  0.0222  0.0221  0.0220  0.0220  0.0221
  0.0231  0.0227  0.0230  0.0236  0.0246  0.0226  0.0231  0.0235  0.0226  0.0225  0.0223  0.0225
  0.0248  0.0247  0.0244  0.0295  0.0304  0.0286  0.0245  0.0266  0.0236  0.0232  0.0227  0.0231
niter,ni,del,rscale     1    3    5.0000    1.2000
parameters
   -0.2947    5.1433   16.5674   -8.5381  -15.7204   -6.8382
    2.0874    1.4147   -3.1896    4.5522    2.6599   -3.6903
eta,q 0.97796 15.93948
  0.0247  0.0266  0.0237  0.0274  0.0271  0.0256  0.0245  0.0264  0.0239  0.0248  0.0228  0.0230
  0.0231  0.0244  0.0225  0.0253  0.0251  0.0242  0.0232  0.0237  0.0229  0.0232  0.0223  0.0224
  0.0222  0.0228  0.0219  0.0234  0.0232  0.0230  0.0224  0.0224  0.0223  0.0224  0.0221  0.0221
  0.0219  0.0219  0.0218  0.0218  0.0218  0.0219  0.0221  0.0221  0.0221  0.0221  0.0221  0.0221
  0.0222  0.0219  0.0222  0.0211  0.0218  0.0211  0.0223  0.0224  0.0222  0.0222  0.0222  0.0222
  0.0232  0.0228  0.0231  0.0237  0.0245  0.0227  0.0232  0.0236  0.0228  0.0226  0.0224  0.0226
  0.0249  0.0248  0.0245  0.0294  0.0302  0.0286  0.0245  0.0265  0.0237  0.0234  0.0228  0.0232
registration optimization eta report
parameter search radius
    2.4000    3.1740    3.1740    9.5220    9.5220    8.2800
    7.2000    7.2000    7.2000    7.2000    7.2000    7.2000
100000*second partial in parameter space
       51.       38.       23.        8.        8.        8.
        5.        9.        3.        4.        1.        2.
  0.0247  0.0266  0.0237  0.0274  0.0271  0.0256  0.0245  0.0264  0.0239  0.0248  0.0228  0.0230
  0.0231  0.0244  0.0225  0.0253  0.0251  0.0242  0.0232  0.0237  0.0229  0.0232  0.0223  0.0224
  0.0222  0.0228  0.0219  0.0234  0.0232  0.0230  0.0224  0.0224  0.0223  0.0224  0.0221  0.0221
  0.0219  0.0219  0.0218  0.0218  0.0218  0.0219  0.0221  0.0221  0.0221  0.0221  0.0221  0.0221
  0.0222  0.0219  0.0222  0.0211  0.0218  0.0211  0.0223  0.0224  0.0222  0.0222  0.0222  0.0222
  0.0232  0.0228  0.0231  0.0237  0.0245  0.0227  0.0232  0.0236  0.0228  0.0226  0.0224  0.0226
  0.0249  0.0248  0.0245  0.0294  0.0302  0.0286  0.0245  0.0265  0.0237  0.0234  0.0228  0.0232
   -0.2947    5.1433   16.5674   -8.5381  -15.7204   -6.8382
    2.0874    1.4147   -3.1896    4.5522    2.6599   -3.6903
eta,q 0.97796 15.93948

---------------------------------------------------------------------
imgreg_4dfp /opt/freesurfer/average/711-2C_as_mni_average_305 /opt/freesurfer/average/711-2B_as_mni_average_305_mask talsrcimg_g11 none talsrcimg_to_711-2C_as_mni_average_305_t4 2311
---------------------------------------------------------------------

freesurfer imgreg_4dfp.c
/opt/freesurfer/average/711-2C_as_mni_average_305.4dfp.img
       256       256       256         1
  1.000000  1.000000  1.000000
orientation T byte_order littleendian
Reading image: /opt/freesurfer/average/711-2C_as_mni_average_305.4dfp.img
dimensions:      256       256       256
mmppix:       1.0000   -1.0000   -1.0000
center:     128.0000 -129.0000 -129.0000
/opt/freesurfer/average/711-2B_as_mni_average_305_mask.4dfp.img
       256       256       256         1
  1.000000  1.000000  1.000000
orientation T byte_order littleendian
Reading mask: /opt/freesurfer/average/711-2B_as_mni_average_305_mask.4dfp.img (2306576 pixels)
talsrcimg_g11.4dfp.img
       256       256       256         1
  1.000000  1.000000  1.000000
orientation T byte_order littleendian
Reading image: talsrcimg_g11.4dfp.img
dimensions:      256       256       256
mmppix:       1.0000   -1.0000   -1.0000
center:     128.0000 -129.0000 -129.0000
fimgreg.f
image alignment mode   2311 decimal      907 hex
parameters
   -0.2947    5.1433   16.5674   -8.5381  -15.7204   -6.8382
    2.0874    1.4147   -3.1896    4.5522    2.6599   -3.6903
eta,q 0.97796 15.93948
niter,ni,del,rscale     5    3    5.0000    0.8000
parameters
   -0.3194    5.6768   16.2583   -6.1716  -15.1656   -6.2045
    1.9957    1.6043   -2.7977    5.8285    3.0244   -4.4339
eta,q 0.97917 16.05466
  0.0232  0.0237  0.0223  0.0244  0.0233  0.0229  0.0225  0.0247  0.0222  0.0228  0.0219  0.0213
  0.0226  0.0230  0.0220  0.0235  0.0224  0.0222  0.0216  0.0228  0.0215  0.0218  0.0213  0.0210
  0.0222  0.0224  0.0219  0.0227  0.0217  0.0216  0.0211  0.0215  0.0211  0.0212  0.0210  0.0209
  0.0220  0.0220  0.0219  0.0219  0.0212  0.0211  0.0209  0.0209  0.0209  0.0209  0.0209  0.0209
  0.0222  0.0219  0.0221  0.0213  0.0211  0.0208  0.0211  0.0211  0.0210  0.0209  0.0209  0.0210
  0.0226  0.0220  0.0223  0.0213  0.0215  0.0209  0.0217  0.0222  0.0213  0.0210  0.0211  0.0212
  0.0233  0.0224  0.0227  0.0221  0.0228  0.0226  0.0226  0.0243  0.0218  0.0214  0.0216  0.0216
niter,ni,del,rscale     4    3    5.0000    0.7000
parameters
   -0.3821    5.5234   16.3659   -6.6937  -14.5702   -5.6962
    2.0109    1.3657   -2.7957    5.7018    3.0343   -4.6330
eta,q 0.97933 16.08675
  0.0222  0.0215  0.0215  0.0225  0.0226  0.0225  0.0219  0.0231  0.0215  0.0215  0.0213  0.0211
  0.0214  0.0211  0.0212  0.0218  0.0219  0.0219  0.0212  0.0217  0.0210  0.0210  0.0210  0.0208
  0.0210  0.0209  0.0209  0.0211  0.0213  0.0213  0.0208  0.0209  0.0208  0.0207  0.0207  0.0207
  0.0208  0.0208  0.0208  0.0208  0.0209  0.0208  0.0207  0.0207  0.0207  0.0207  0.0207  0.0207
  0.0211  0.0210  0.0209  0.0211  0.0208  0.0205  0.0208  0.0210  0.0207  0.0208  0.0207  0.0207
  0.0216  0.0214  0.0210  0.0222  0.0211  0.0208  0.0212  0.0220  0.0210  0.0211  0.0209  0.0209
  0.0225  0.0219  0.0213  0.0241  0.0220  0.0223  0.0219  0.0238  0.0215  0.0216  0.0213  0.0212
niter,ni,del,rscale     3    3    5.0000    0.6000
parameters
   -0.4154    5.3323   16.3983   -6.7455  -14.2185   -5.3218
    2.0451    1.3038   -2.7864    5.4820    2.9757   -4.5965
eta,q 0.97948 16.11435
  0.0217  0.0211  0.0211  0.0222  0.0219  0.0220  0.0215  0.0226  0.0211  0.0211  0.0210  0.0209
  0.0211  0.0208  0.0209  0.0215  0.0213  0.0215  0.0210  0.0215  0.0208  0.0207  0.0207  0.0207
  0.0208  0.0207  0.0207  0.0210  0.0209  0.0211  0.0206  0.0208  0.0206  0.0206  0.0206  0.0206
  0.0207  0.0207  0.0206  0.0207  0.0207  0.0206  0.0205  0.0205  0.0205  0.0205  0.0205  0.0205
  0.0208  0.0208  0.0207  0.0207  0.0206  0.0204  0.0206  0.0207  0.0206  0.0206  0.0206  0.0206
  0.0212  0.0211  0.0208  0.0213  0.0209  0.0207  0.0209  0.0215  0.0208  0.0208  0.0208  0.0207
  0.0218  0.0216  0.0211  0.0226  0.0216  0.0219  0.0215  0.0228  0.0211  0.0213  0.0211  0.0209
niter,ni,del,rscale     2    3    5.0000    0.5000
parameters
   -0.4307    5.1706   16.5015   -6.6740  -13.9643   -4.9552
    2.0435    1.2860   -2.7986    5.1599    2.9175   -4.5312
eta,q 0.97961 16.13862
  0.0213  0.0208  0.0209  0.0217  0.0214  0.0216  0.0211  0.0220  0.0208  0.0208  0.0208  0.0207
  0.0209  0.0206  0.0207  0.0212  0.0210  0.0212  0.0207  0.0211  0.0206  0.0205  0.0206  0.0205
  0.0206  0.0205  0.0206  0.0208  0.0207  0.0208  0.0205  0.0206  0.0204  0.0204  0.0204  0.0204
  0.0205  0.0205  0.0205  0.0205  0.0205  0.0205  0.0204  0.0204  0.0204  0.0204  0.0204  0.0204
  0.0206  0.0206  0.0205  0.0205  0.0205  0.0203  0.0205  0.0205  0.0204  0.0205  0.0204  0.0204
  0.0209  0.0208  0.0206  0.0209  0.0207  0.0205  0.0207  0.0211  0.0206  0.0207  0.0206  0.0205
  0.0213  0.0212  0.0208  0.0218  0.0212  0.0214  0.0211  0.0221  0.0208  0.0210  0.0208  0.0207
niter,ni,del,rscale     1    3    5.0000    0.4000
parameters
   -0.4328    4.9942   16.6478   -6.5949  -13.7237   -4.5727
    2.0410    1.2845   -2.8587    4.7524    2.8522   -4.3729
eta,q 0.97975 16.16195
  0.0209  0.0205  0.0207  0.0212  0.0210  0.0212  0.0207  0.0214  0.0205  0.0205  0.0205  0.0205
  0.0206  0.0204  0.0205  0.0208  0.0207  0.0209  0.0205  0.0208  0.0204  0.0203  0.0204  0.0204
  0.0204  0.0204  0.0204  0.0205  0.0205  0.0206  0.0203  0.0204  0.0203  0.0203  0.0203  0.0203
  0.0204  0.0204  0.0204  0.0204  0.0204  0.0203  0.0203  0.0203  0.0203  0.0203  0.0203  0.0203
  0.0204  0.0205  0.0204  0.0204  0.0204  0.0202  0.0203  0.0204  0.0203  0.0203  0.0203  0.0203
  0.0206  0.0206  0.0204  0.0207  0.0205  0.0204  0.0205  0.0208  0.0204  0.0205  0.0204  0.0203
  0.0209  0.0208  0.0205  0.0212  0.0208  0.0209  0.0207  0.0214  0.0206  0.0207  0.0206  0.0204
registration optimization eta report
parameter search radius
    0.8000    0.8000    0.8000    2.4000    2.4000    2.4000
    2.4000    2.4000    2.4000    2.4000    2.4000    2.4000
100000*second partial in parameter space
       82.       48.       39.       15.        9.       13.
        8.       20.        5.        6.        5.        4.
  0.0209  0.0205  0.0207  0.0212  0.0210  0.0212  0.0207  0.0214  0.0205  0.0205  0.0205  0.0205
  0.0206  0.0204  0.0205  0.0208  0.0207  0.0209  0.0205  0.0208  0.0204  0.0203  0.0204  0.0204
  0.0204  0.0204  0.0204  0.0205  0.0205  0.0206  0.0203  0.0204  0.0203  0.0203  0.0203  0.0203
  0.0204  0.0204  0.0204  0.0204  0.0204  0.0203  0.0203  0.0203  0.0203  0.0203  0.0203  0.0203
  0.0204  0.0205  0.0204  0.0204  0.0204  0.0202  0.0203  0.0204  0.0203  0.0203  0.0203  0.0203
  0.0206  0.0206  0.0204  0.0207  0.0205  0.0204  0.0205  0.0208  0.0204  0.0205  0.0204  0.0203
  0.0209  0.0208  0.0205  0.0212  0.0208  0.0209  0.0207  0.0214  0.0206  0.0207  0.0206  0.0204
   -0.4328    4.9942   16.6478   -6.5949  -13.7237   -4.5727
    2.0410    1.2845   -2.8587    4.7524    2.8522   -4.3729
eta,q 0.97975 16.16195

---------------------------------------------------------------------
imgreg_4dfp /opt/freesurfer/average/711-2C_as_mni_average_305 /opt/freesurfer/average/711-2B_as_mni_average_305_mask talsrcimg_g11 none talsrcimg_to_711-2C_as_mni_average_305_t4 2311
---------------------------------------------------------------------

freesurfer imgreg_4dfp.c
/opt/freesurfer/average/711-2C_as_mni_average_305.4dfp.img
       256       256       256         1
  1.000000  1.000000  1.000000
orientation T byte_order littleendian
Reading image: /opt/freesurfer/average/711-2C_as_mni_average_305.4dfp.img
dimensions:      256       256       256
mmppix:       1.0000   -1.0000   -1.0000
center:     128.0000 -129.0000 -129.0000
/opt/freesurfer/average/711-2B_as_mni_average_305_mask.4dfp.img
       256       256       256         1
  1.000000  1.000000  1.000000
orientation T byte_order littleendian
Reading mask: /opt/freesurfer/average/711-2B_as_mni_average_305_mask.4dfp.img (2306576 pixels)
talsrcimg_g11.4dfp.img
       256       256       256         1
  1.000000  1.000000  1.000000
orientation T byte_order littleendian
Reading image: talsrcimg_g11.4dfp.img
dimensions:      256       256       256
mmppix:       1.0000   -1.0000   -1.0000
center:     128.0000 -129.0000 -129.0000
fimgreg.f
image alignment mode   2311 decimal      907 hex
parameters
   -0.4328    4.9942   16.6478   -6.5949  -13.7237   -4.5727
    2.0410    1.2845   -2.8587    4.7524    2.8522   -4.3729
eta,q 0.97975 16.16195
niter,ni,del,rscale     5    3    5.0000    0.8000
parameters
   -0.4328    4.7563   16.8846   -7.2034  -13.9326   -5.0805
    2.1124    1.2850   -2.9736    4.0577    2.8430   -3.8973
eta,q 0.97951 16.14392
  0.0224  0.0211  0.0217  0.0224  0.0223  0.0224  0.0221  0.0238  0.0214  0.0213  0.0213  0.0213
  0.0212  0.0206  0.0209  0.0215  0.0214  0.0217  0.0213  0.0220  0.0209  0.0207  0.0208  0.0209
  0.0205  0.0203  0.0204  0.0207  0.0207  0.0210  0.0207  0.0209  0.0206  0.0205  0.0206  0.0206
  0.0203  0.0203  0.0202  0.0202  0.0203  0.0204  0.0205  0.0205  0.0205  0.0205  0.0205  0.0205
  0.0205  0.0205  0.0203  0.0206  0.0204  0.0203  0.0207  0.0208  0.0206  0.0207  0.0206  0.0205
  0.0212  0.0210  0.0205  0.0221  0.0212  0.0218  0.0212  0.0219  0.0210  0.0212  0.0208  0.0207
  0.0224  0.0219  0.0210  0.0247  0.0231  0.0247  0.0221  0.0239  0.0216  0.0220  0.0213  0.0210
niter,ni,del,rscale     4    3    5.0000    0.7000
parameters
   -0.4113    4.7622   16.7439   -6.9352  -13.8024   -5.0929
    2.1034    1.3537   -2.9871    4.1232    2.8829   -3.8909
eta,q 0.97960 16.15237
  0.0219  0.0214  0.0210  0.0226  0.0221  0.0221  0.0217  0.0232  0.0212  0.0213  0.0211  0.0210
  0.0211  0.0209  0.0207  0.0218  0.0213  0.0215  0.0210  0.0217  0.0207  0.0207  0.0207  0.0206
  0.0207  0.0206  0.0205  0.0210  0.0207  0.0209  0.0205  0.0208  0.0205  0.0205  0.0205  0.0205
  0.0205  0.0205  0.0205  0.0205  0.0204  0.0204  0.0204  0.0204  0.0204  0.0204  0.0204  0.0204
  0.0206  0.0206  0.0206  0.0204  0.0204  0.0202  0.0205  0.0206  0.0205  0.0205  0.0205  0.0205
  0.0211  0.0209  0.0209  0.0210  0.0209  0.0208  0.0210  0.0215  0.0207  0.0207  0.0207  0.0206
  0.0218  0.0214  0.0212  0.0225  0.0221  0.0228  0.0217  0.0231  0.0212  0.0212  0.0211  0.0209
niter,ni,del,rscale     3    3    5.0000    0.6000
parameters
   -0.4006    4.7361   16.7611   -6.7549  -13.6566   -4.8826
    2.0964    1.3597   -3.0023    4.0727    2.8802   -3.8970
eta,q 0.97971 16.16638
  0.0215  0.0210  0.0209  0.0221  0.0216  0.0218  0.0213  0.0225  0.0209  0.0209  0.0208  0.0207
  0.0209  0.0207  0.0206  0.0214  0.0210  0.0213  0.0207  0.0213  0.0206  0.0205  0.0205  0.0205
  0.0205  0.0205  0.0204  0.0208  0.0206  0.0208  0.0204  0.0206  0.0203  0.0203  0.0204  0.0203
  0.0204  0.0204  0.0204  0.0204  0.0204  0.0204  0.0203  0.0203  0.0203  0.0203  0.0203  0.0203
  0.0205  0.0205  0.0205  0.0204  0.0204  0.0201  0.0204  0.0205  0.0203  0.0204  0.0203  0.0203
  0.0209  0.0207  0.0206  0.0209  0.0207  0.0205  0.0207  0.0212  0.0206  0.0206  0.0205  0.0205
  0.0215  0.0211  0.0209  0.0221  0.0216  0.0219  0.0213  0.0225  0.0209  0.0210  0.0209  0.0207
niter,ni,del,rscale     2    3    5.0000    0.5000
parameters
   -0.4025    4.6488   16.8324   -6.6340  -13.4775   -4.5832
    2.0919    1.3482   -3.0385    3.8752    2.8402   -3.8342
eta,q 0.97983 16.18292
  0.0211  0.0207  0.0207  0.0216  0.0212  0.0214  0.0209  0.0218  0.0206  0.0206  0.0206  0.0205
  0.0206  0.0204  0.0205  0.0210  0.0208  0.0210  0.0205  0.0209  0.0204  0.0203  0.0204  0.0203
  0.0204  0.0203  0.0203  0.0206  0.0204  0.0206  0.0203  0.0204  0.0202  0.0202  0.0202  0.0202
  0.0203  0.0203  0.0203  0.0203  0.0203  0.0203  0.0202  0.0202  0.0202  0.0202  0.0202  0.0202
  0.0204  0.0204  0.0203  0.0203  0.0203  0.0201  0.0203  0.0203  0.0202  0.0202  0.0202  0.0202
  0.0206  0.0205  0.0204  0.0207  0.0205  0.0204  0.0205  0.0209  0.0204  0.0204  0.0204  0.0203
  0.0211  0.0208  0.0206  0.0216  0.0211  0.0213  0.0209  0.0219  0.0206  0.0207  0.0206  0.0205
niter,ni,del,rscale     1    3    5.0000    0.4000
parameters
   -0.4058    4.5132   16.9537   -6.5479  -13.2781   -4.2392
    2.0926    1.3356   -3.0743    3.5213    2.7690   -3.7108
eta,q 0.97994 16.20065
  0.0207  0.0204  0.0205  0.0210  0.0208  0.0210  0.0205  0.0212  0.0203  0.0203  0.0203  0.0203
  0.0204  0.0202  0.0203  0.0207  0.0205  0.0207  0.0203  0.0206  0.0202  0.0201  0.0202  0.0202
  0.0202  0.0202  0.0202  0.0203  0.0203  0.0204  0.0201  0.0202  0.0201  0.0201  0.0201  0.0201
  0.0202  0.0202  0.0202  0.0202  0.0201  0.0201  0.0201  0.0201  0.0201  0.0201  0.0201  0.0201
  0.0202  0.0202  0.0202  0.0202  0.0201  0.0200  0.0201  0.0202  0.0201  0.0201  0.0201  0.0201
  0.0204  0.0204  0.0202  0.0205  0.0203  0.0202  0.0203  0.0206  0.0202  0.0203  0.0202  0.0201
  0.0207  0.0206  0.0203  0.0210  0.0206  0.0208  0.0205  0.0213  0.0204  0.0205  0.0204  0.0203
registration optimization eta report
parameter search radius
    0.8000    0.8000    0.8000    2.4000    2.4000    2.4000
    2.4000    2.4000    2.4000    2.4000    2.4000    2.4000
100000*second partial in parameter space
       85.       48.       40.       15.       10.       14.
        8.       20.        5.        6.        5.        4.
  0.0207  0.0204  0.0205  0.0210  0.0208  0.0210  0.0205  0.0212  0.0203  0.0203  0.0203  0.0203
  0.0204  0.0202  0.0203  0.0207  0.0205  0.0207  0.0203  0.0206  0.0202  0.0201  0.0202  0.0202
  0.0202  0.0202  0.0202  0.0203  0.0203  0.0204  0.0201  0.0202  0.0201  0.0201  0.0201  0.0201
  0.0202  0.0202  0.0202  0.0202  0.0201  0.0201  0.0201  0.0201  0.0201  0.0201  0.0201  0.0201
  0.0202  0.0202  0.0202  0.0202  0.0201  0.0200  0.0201  0.0202  0.0201  0.0201  0.0201  0.0201
  0.0204  0.0204  0.0202  0.0205  0.0203  0.0202  0.0203  0.0206  0.0202  0.0203  0.0202  0.0201
  0.0207  0.0206  0.0203  0.0210  0.0206  0.0208  0.0205  0.0213  0.0204  0.0205  0.0204  0.0203
   -0.4058    4.5132   16.9537   -6.5479  -13.2781   -4.2392
    2.0926    1.3356   -3.0743    3.5213    2.7690   -3.7108
eta,q 0.97994 16.20065

---------------------------------------------------------------------
compute_vox2vox talsrcimg talsrcimg_to_711-2C_as_mni_average_305_t4 /opt/freesurfer/average/711-2C_as_mni_average_305
---------------------------------------------------------------------

freesurfer compute_vox2vox.c
Reading: talsrcimg.4dfp.ifh
Reading: talsrcimg_to_711-2C_as_mni_average_305_t4
Reading: /opt/freesurfer/average/711-2C_as_mni_average_305.4dfp.ifh
Writing: talsrcimg_to_711-2C_as_mni_average_305_t4_vox2vox.txt

start time Sat Mar 7 00:46:26 CET 2026
end		time Sat Mar 7 00:47:52 CET 2026

mpr2mni305 success

avi2talxfm orig_nu.mgz /opt/freesurfer/average/mni305.cor.mgz talsrcimg_to_711-2C_as_mni_average_305_t4_vox2vox.txt transforms/talairach.auto.xfm
avi2talxfm done
mv -f /out/sourcedata/freesurfer/sub-v1s18x0051222_ses-1/mri/talsrcimg_to_711-2C_as_mni_average_305_t4_vox2vox.txt /out/sourcedata/freesurfer/sub-v1s18x0051222_ses-1/mri/transforms/talsrcimg_to_711-2C_as_mni_average_305_t4_vox2vox.txt
lta_convert --src orig_nu.mgz --trg /opt/freesurfer/average/mni305.cor.mgz --inxfm transforms/talairach.auto.xfm --outlta transforms/talairach.auto.xfm.lta --subject fsaverage
7.3.2

--src: orig_nu.mgz src image (geometry).
--trg: /opt/freesurfer/average/mni305.cor.mgz trg image (geometry).
--inmni: transforms/talairach.auto.xfm input MNI/XFM transform.
--outlta: transforms/talairach.auto.xfm.lta output LTA.
--s: fsaverage subject name
 LTA read, type : 1
 1.06961  -0.01395  -0.02641   2.45804;
-0.02941   1.04301   0.04534  -20.20926;
 0.03911  -0.04284   1.15033  -20.83426;
 0.00000   0.00000   0.00000   1.00000;
setting subject to fsaverage
Writing  LTA to file transforms/talairach.auto.xfm.lta...
lta_convert successful.
 
 
Started at Sat Mar 7 00:46:25 CET 2026
Ended   at Sat Mar  7 00:47:52 CET 2026
talairach_avi done
