status file for recon-all
Mon Feb 23 18:13:41 CET 2026
#@# MotionCor Mon Feb 23 18:13:43 CET 2026
#@# Talairach Mon Feb 23 18:13:49 CET 2026
#@# Talairach Failure Detection Mon Feb 23 18:17:33 CET 2026
#@# Nu Intensity Correction Mon Feb 23 18:17:33 CET 2026
#@# Intensity Normalization Mon Feb 23 18:21:05 CET 2026
recon-all -s sub-v1s0x0050642_ses-1 finished without error at Mon Feb 23 18:22:28 CET 2026



#New# invocation of recon-all 



status file for recon-all
Mon Feb 23 18:31:11 CET 2026
#@# EM Registration Mon Feb 23 18:31:11 CET 2026
recon-all -s sub-v1s0x0050642_ses-1 finished without error at Mon Feb 23 18:33:36 CET 2026



#New# invocation of recon-all 



status file for recon-all
Mon Feb 23 18:33:42 CET 2026
#@# CA Normalize Mon Feb 23 18:33:42 CET 2026
#@# CA Reg Mon Feb 23 18:34:39 CET 2026
#@# SubCort Seg Mon Feb 23 19:19:55 CET 2026
#@# CC Seg Mon Feb 23 20:01:36 CET 2026
#@# Merge ASeg Mon Feb 23 20:02:24 CET 2026
#@# Intensity Normalization2 Mon Feb 23 20:02:24 CET 2026
#@# Mask BFS Mon Feb 23 20:04:31 CET 2026
#@# WM Segmentation Mon Feb 23 20:04:32 CET 2026
#@# Fill Mon Feb 23 20:06:56 CET 2026
recon-all -s sub-v1s0x0050642_ses-1 finished without error at Mon Feb 23 20:08:04 CET 2026



#New# invocation of recon-all 



status file for recon-all
Mon Feb 23 21:02:17 CET 2026
#@# white curv lh Mon Feb 23 21:02:17 CET 2026
#@# white area lh Mon Feb 23 21:02:17 CET 2026
#@# pial curv lh Mon Feb 23 21:02:17 CET 2026
#@# pial area lh Mon Feb 23 21:02:17 CET 2026
#@# thickness lh Mon Feb 23 21:02:17 CET 2026
#@# area and vertex vol lh Mon Feb 23 21:02:17 CET 2026
#@# white curv rh Mon Feb 23 21:02:17 CET 2026
#@# white area rh Mon Feb 23 21:02:17 CET 2026
#@# pial curv rh Mon Feb 23 21:02:17 CET 2026
#@# pial area rh Mon Feb 23 21:02:17 CET 2026
#@# thickness rh Mon Feb 23 21:02:18 CET 2026
#@# area and vertex vol rh Mon Feb 23 21:02:18 CET 2026
#@# Cortical ribbon mask Mon Feb 23 21:02:18 CET 2026
recon-all -s sub-v1s0x0050642_ses-1 finished without error at Mon Feb 23 21:07:06 CET 2026



#New# invocation of recon-all 



status file for recon-all
Mon Feb 23 21:17:24 CET 2026
#@# white curv lh Mon Feb 23 21:17:24 CET 2026
#@# white area lh Mon Feb 23 21:17:24 CET 2026
#@# pial curv lh Mon Feb 23 21:17:24 CET 2026
#@# pial area lh Mon Feb 23 21:17:24 CET 2026
#@# thickness lh Mon Feb 23 21:17:24 CET 2026
#@# area and vertex vol lh Mon Feb 23 21:17:24 CET 2026
#@# white curv rh Mon Feb 23 21:17:24 CET 2026
#@# white area rh Mon Feb 23 21:17:24 CET 2026
#@# pial curv rh Mon Feb 23 21:17:24 CET 2026
#@# pial area rh Mon Feb 23 21:17:24 CET 2026
#@# thickness rh Mon Feb 23 21:17:24 CET 2026
#@# area and vertex vol rh Mon Feb 23 21:17:24 CET 2026
#@# Curvature Stats lh Mon Feb 23 21:17:24 CET 2026
#@# Curvature Stats rh Mon Feb 23 21:17:28 CET 2026
#@# Relabel Hypointensities Mon Feb 23 21:17:31 CET 2026
#@# APas-to-ASeg Mon Feb 23 21:17:49 CET 2026
#@# AParc-to-ASeg aparc Mon Feb 23 21:17:59 CET 2026
#@# AParc-to-ASeg aparc.a2009s Mon Feb 23 21:18:43 CET 2026
#@# AParc-to-ASeg aparc.DKTatlas Mon Feb 23 21:19:26 CET 2026
#@# WMParc Mon Feb 23 21:20:10 CET 2026
#@# ASeg Stats Mon Feb 23 21:22:46 CET 2026
recon-all -s sub-v1s0x0050642_ses-1 finished without error at Mon Feb 23 21:23:15 CET 2026
