/out/sourcedata/freesurfer/sub-v1s10x0051006_ses-1/mri
/opt/freesurfer/bin/talairach_avi
--i orig_nu.mgz --xfm transforms/talairach.auto.xfm
talairach_avi 7.3.2
Linux dna078 5.14.0-427.37.1.el9_4.x86_64 #1 SMP PREEMPT_DYNAMIC Fri Sep 13 12:41:50 EDT 2024 x86_64 x86_64 x86_64 GNU/Linux
Fri Mar  6 06:37:32 CET 2026
mri_convert orig_nu.mgz talsrcimg.img 
reading from orig_nu.mgz...
TR=0.00, TE=0.00, TI=0.00, flip angle=0.00
i_ras = (-1, 0, 0)
j_ras = (0, 0, -1)
k_ras = (0, 1, 0)
writing to talsrcimg.img...
Analyze Output Matrix
-1.00000   0.00000   0.00000   132.55667;
 0.00000   0.00000   1.00000  -128.00000;
 0.00000  -1.00000   0.00000   130.00000;
 0.00000   0.00000   0.00000   1.00000;
--------------------
INFO: set hdr.hist.orient to -1
mpr2mni305 talsrcimg
Fri Mar  6 06:37:32 CET 2026
/opt/freesurfer/bin/mpr2mni305 talsrcimg
mpr2mni305 7.3.2
target=711-2C_as_mni_average_305

---------------------------------------------------------------------
analyzeto4dfp talsrcimg -O0 -y
---------------------------------------------------------------------

freesurfer ifh2hdr.c
Fri Mar  6 06:37:33 2026
Writing: talsrcimg.4dfp.hdr
freesurfer analyzeto4dfp.c
Reading: talsrcimg.hdr
header size 348 bytes
hdr.dime.datatype	offset=70	value=2
hdr.dime.bitpix		offset=72	value=8
hdr.hist.orient		offset=252	value=-1
dimensionality     4
dimensions       256       256       256         1
Reading: talsrcimg.img
Writing: talsrcimg.4dfp.img
Writing: talsrcimg.4dfp.ifh
ifh2hdr talsrcimg -r0to214
ori=2

---------------------------------------------------------------------
gauss_4dfp talsrcimg 1.1
---------------------------------------------------------------------

freesurfer gauss_4dfp.c
Reading: talsrcimg.4dfp.img
Writing: talsrcimg_g11.4dfp.img
image dimensions 256 256 256 padded to 288 288 288
processing volume 1freesurfer ifh2hdr.c
Fri Mar  6 06:37:34 2026
Writing: talsrcimg_g11.4dfp.hdr

Writing: talsrcimg_g11.4dfp.ifh
including: talsrcimg.4dfp.img.rec in talsrcimg_g11.4dfp.img.rec

---------------------------------------------------------------------
imgreg_4dfp /opt/freesurfer/average/711-2C_as_mni_average_305 none talsrcimg_g11 none talsrcimg_to_711-2C_as_mni_average_305_t4 4355
---------------------------------------------------------------------

freesurfer imgreg_4dfp.c
/opt/freesurfer/average/711-2C_as_mni_average_305.4dfp.img
       256       256       256         1
  1.000000  1.000000  1.000000
orientation T byte_order littleendian
Reading image: /opt/freesurfer/average/711-2C_as_mni_average_305.4dfp.img
dimensions:      256       256       256
mmppix:       1.0000   -1.0000   -1.0000
center:     128.0000 -129.0000 -129.0000
talsrcimg_g11.4dfp.img
       256       256       256         1
  1.000000  1.000000  1.000000
orientation T byte_order littleendian
Reading image: talsrcimg_g11.4dfp.img
dimensions:      256       256       256
mmppix:       1.0000   -1.0000   -1.0000
center:     128.0000 -129.0000 -129.0000
t4_read: open error in t4_sub.f l:  41 t4_file(1:l)talsrcimg_to_711-2C_as_mni_average_305_t4 
t4_read: transform initialized to I4
rotation matrix determinant  1.000000
image alignment mode   4355 decimal     1103 hex
   -7.5000  -45.0000  -45.0000 8917.4053   20.0057
    0.0000  -45.0000  -45.0000 9190.8047   20.0052
    7.5000  -45.0000  -45.0000 8695.7207   19.9886
   -7.5000  -37.5000  -45.0000 9332.1074   20.0079
    0.0000  -37.5000  -45.0000 9630.8154   20.0086
    7.5000  -37.5000  -45.0000 9112.0176   19.9943
   -7.5000  -30.0000  -45.000010028.7100   20.0204
    0.0000  -30.0000  -45.000010348.4766   20.0083
    7.5000  -30.0000  -45.0000 9786.2783   19.9977
   -7.5000  -22.5000  -45.000010699.4746   20.0206
    0.0000  -22.5000  -45.000011025.9268   19.9935
    7.5000  -22.5000  -45.000010420.4629   19.9826
   -7.5000  -15.0000  -45.000011259.7861   20.0111
    0.0000  -15.0000  -45.000011631.0635   19.9801
    7.5000  -15.0000  -45.000010995.6611   19.9660
   -7.5000   -7.5000  -45.000011737.2178   19.9982
    0.0000   -7.5000  -45.000012119.2197   19.9810
    7.5000   -7.5000  -45.000011500.6465   19.9649
   -7.5000    0.0000  -45.000012132.3721   19.9939
    0.0000    0.0000  -45.000012532.7080   19.9932
    7.5000    0.0000  -45.000011878.8174   19.9768
   -7.5000    7.5000  -45.000011625.9189   20.0066
    0.0000    7.5000  -45.000011996.7852   20.0073
    7.5000    7.5000  -45.000011384.2236   19.9931
   -7.5000   15.0000  -45.000010965.7461   20.0204
    0.0000   15.0000  -45.000011305.3779   20.0083
    7.5000   15.0000  -45.000010727.6904   19.9977
   -7.5000   22.5000  -45.000010139.6074   20.0179
    0.0000   22.5000  -45.000010441.4561   19.9907
    7.5000   22.5000  -45.0000 9912.0771   19.9799
   -7.5000   30.0000  -45.0000 9323.3564   19.7445
    0.0000   30.0000  -45.0000 9606.1396   19.7139
    7.5000   30.0000  -45.0000 9090.2988   19.7000
   -7.5000   37.5000  -45.0000 8745.7148   19.7366
    0.0000   37.5000  -45.0000 9021.4893   19.7195
    7.5000   37.5000  -45.0000 8537.3682   19.7035
   -7.5000   45.0000  -45.0000 7860.4536   19.2629
    0.0000   45.0000  -45.0000 8092.1323   19.2621
    7.5000   45.0000  -45.0000 7641.4619   19.2464
   -7.5000  -45.0000  -37.5000 9491.9746   20.0003
    0.0000  -45.0000  -37.5000 9780.7422   20.0006
    7.5000  -45.0000  -37.5000 9254.9033   19.9818
   -7.5000  -37.5000  -37.5000 9913.9902   19.9950
    0.0000  -37.5000  -37.500010226.8779   19.9977
    7.5000  -37.5000  -37.5000 9679.5771   19.9835
   -7.5000  -30.0000  -37.500010654.4521   19.9934
    0.0000  -30.0000  -37.500010974.8398   19.9821
    7.5000  -30.0000  -37.500010381.4736   19.9748
   -7.5000  -22.5000  -37.500011333.9492   19.9876
    0.0000  -22.5000  -37.500011660.6943   19.9584
    7.5000  -22.5000  -37.500011030.7422   19.9508
   -7.5000  -15.0000  -37.500011917.9414   19.9861
    0.0000  -15.0000  -37.500012266.4541   19.9512
    7.5000  -15.0000  -37.500011589.9229   19.9376
   -7.5000   -7.5000  -37.500012403.1543   19.9866
    0.0000   -7.5000  -37.500012782.1963   19.9672
    7.5000   -7.5000  -37.500012092.3721   19.9492
   -7.5000    0.0000  -37.500012787.9287   19.9884
    0.0000    0.0000  -37.500013184.2529   19.9885
    7.5000    0.0000  -37.500012477.3164   19.9697
   -7.5000    7.5000  -37.500012213.6152   19.9937
    0.0000    7.5000  -37.500012581.0000   19.9963
    7.5000    7.5000  -37.500011926.5859   19.9823
   -7.5000   15.0000  -37.500011506.7998   19.9934
    0.0000   15.0000  -37.500011834.6338   19.9821
    7.5000   15.0000  -37.500011217.8701   19.9748
   -7.5000   22.5000  -37.500010618.8965   19.9849
    0.0000   22.5000  -37.500010924.6455   19.9557
    7.5000   22.5000  -37.500010348.2021   19.9480
   -7.5000   30.0000  -37.5000 9708.3047   19.7199
    0.0000   30.0000  -37.500010015.2520   19.6854
    7.5000   30.0000  -37.5000 9476.2500   19.6720
   -7.5000   37.5000  -37.5000 9109.4307   19.7252
    0.0000   37.5000  -37.5000 9409.5889   19.7060
    7.5000   37.5000  -37.5000 8906.0879   19.6880
   -7.5000   45.0000  -37.5000 8159.0645   19.2572
    0.0000   45.0000  -37.5000 8427.8662   19.2571
    7.5000   45.0000  -37.5000 7956.0850   19.2392
   -7.5000  -45.0000  -30.000010213.0957   20.7951
    0.0000  -45.0000  -30.000010503.3838   20.8014
    7.5000  -45.0000  -30.0000 9924.7402   20.7784
   -7.5000  -37.5000  -30.000010652.9912   20.7821
    0.0000  -37.5000  -30.000010961.7412   20.7910
    7.5000  -37.5000  -30.000010361.8857   20.7765
   -7.5000  -30.0000  -30.000011417.0635   20.7639
    0.0000  -30.0000  -30.000011748.8350   20.7569
    7.5000  -30.0000  -30.000011110.3193   20.7534
   -7.5000  -22.5000  -30.000012129.6943   20.7493
    0.0000  -22.5000  -30.000012474.5645   20.7210
    7.5000  -22.5000  -30.000011798.5127   20.7167
   -7.5000  -15.0000  -30.000012757.8096   20.7534
    0.0000  -15.0000  -30.000013118.2324   20.7188
    7.5000  -15.0000  -30.000012378.2188   20.7051
   -7.5000   -7.5000  -30.000013276.3975   20.7704
    0.0000   -7.5000  -30.000013658.5342   20.7541
    7.5000   -7.5000  -30.000012899.0967   20.7323
   -7.5000    0.0000  -30.000013665.8936   20.7827
    0.0000    0.0000  -30.000014055.9258   20.7887
    7.5000    0.0000  -30.000013271.2656   20.7658
   -7.5000    7.5000  -30.000012996.7207   20.7807
    0.0000    7.5000  -30.000013382.5977   20.7896
    7.5000    7.5000  -30.000012651.7275   20.7752
   -7.5000   15.0000  -30.000012229.8740   20.7639
    0.0000   15.0000  -30.000012579.6494   20.7569
    7.5000   15.0000  -30.000011909.5186   20.7534
   -7.5000   22.5000  -30.000011282.3945   20.7443
    0.0000   22.5000  -30.000011602.2910   20.7161
    7.5000   22.5000  -30.000010978.2197   20.7117
   -7.5000   30.0000  -30.000010280.4668   20.4789
    0.0000   30.0000  -30.000010607.9551   20.4447
    7.5000   30.0000  -30.000010039.5723   20.4312
   -7.5000   37.5000  -30.0000 9652.9717   20.5004
    0.0000   37.5000  -30.0000 9966.1455   20.4843
    7.5000   37.5000  -30.0000 9435.7861   20.4627
   -7.5000   45.0000  -30.0000 8611.3633   20.0376
    0.0000   45.0000  -30.0000 8888.7217   20.0430
    7.5000   45.0000  -30.0000 8401.3789   20.0209
   -7.5000  -45.0000  -22.500010891.3975   21.4539
    0.0000  -45.0000  -22.500011216.7881   21.4665
    7.5000  -45.0000  -22.500010556.4590   21.4442
   -7.5000  -37.5000  -22.500011348.2393   21.4411
    0.0000  -37.5000  -22.500011699.0771   21.4545
    7.5000  -37.5000  -22.500011011.6289   21.4413
   -7.5000  -30.0000  -22.500012150.4434   21.4231
    0.0000  -30.0000  -22.500012518.7490   21.4184
    7.5000  -30.0000  -22.500011798.5117   21.4162
   -7.5000  -22.5000  -22.500012882.9238   21.4072
    0.0000  -22.5000  -22.500013262.8027   21.3814
    7.5000  -22.5000  -22.500012503.6240   21.3780
   -7.5000  -15.0000  -22.500013559.9023   21.4088
    0.0000  -15.0000  -22.500013946.9795   21.3791
    7.5000  -15.0000  -22.500013126.6670   21.3658
   -7.5000   -7.5000  -22.500014116.4883   21.4263
    0.0000   -7.5000  -22.500014516.3193   21.4169
    7.5000   -7.5000  -22.500013646.3135   21.3955
   -7.5000    0.0000  -22.500014500.8115   21.4412
    0.0000    0.0000  -22.500014915.8682   21.4537
    7.5000    0.0000  -22.500014054.6084   21.4314
   -7.5000    7.5000  -22.500013757.5039   21.4398
    0.0000    7.5000  -22.500014150.2803   21.4530
    7.5000    7.5000  -22.500013363.2051   21.4399
   -7.5000   15.0000  -22.500012901.7559   21.4231
    0.0000   15.0000  -22.500013275.8018   21.4184
    7.5000   15.0000  -22.500012553.7568   21.4162
   -7.5000   22.5000  -22.500011899.0645   21.4006
    0.0000   22.5000  -22.500012272.6729   21.3748
    7.5000   22.5000  -22.500011594.0000   21.3714
   -7.5000   30.0000  -22.500010857.3799   21.1288
    0.0000   30.0000  -22.500011195.6387   21.0995
    7.5000   30.0000  -22.500010576.1113   21.0864
   -7.5000   37.5000  -22.500010183.5498   21.1508
    0.0000   37.5000  -22.500010497.4834   21.1415
    7.5000   37.5000  -22.5000 9915.0400   21.1202
   -7.5000   45.0000  -22.5000 9048.8428   20.6890
    0.0000   45.0000  -22.5000 9339.5146   20.7005
    7.5000   45.0000  -22.5000 8822.2627   20.6789
   -7.5000  -45.0000  -15.000011577.6992   21.9625
    0.0000  -45.0000  -15.000011944.7969   21.9750
    7.5000  -45.0000  -15.000011239.9316   21.9557
   -7.5000  -37.5000  -15.000012042.4316   21.9558
    0.0000  -37.5000  -15.000012416.2031   21.9672
    7.5000  -37.5000  -15.000011682.2842   21.9546
   -7.5000  -30.0000  -15.000012843.6807   21.9506
    0.0000  -30.0000  -15.000013253.6621   21.9437
    7.5000  -30.0000  -15.000012482.3662   21.9388
   -7.5000  -22.5000  -15.000013572.9238   21.9406
    0.0000  -22.5000  -15.000014012.3828   21.9146
    7.5000  -22.5000  -15.000013202.7188   21.9084
   -7.5000  -15.0000  -15.000014294.5703   21.9352
    0.0000  -15.0000  -15.000014726.0898   21.9075
    7.5000  -15.0000  -15.000013859.9004   21.8940
   -7.5000   -7.5000  -15.000014891.4297   21.9406
    0.0000   -7.5000  -15.000015340.0879   21.9330
    7.5000   -7.5000  -15.000014408.2910   21.9141
   -7.5000    0.0000  -15.000015288.8682   21.9497
    0.0000    0.0000  -15.000015749.2080   21.9620
    7.5000    0.0000  -15.000014801.1699   21.9428
   -7.5000    7.5000  -15.000014521.5986   21.9544
    0.0000    7.5000  -15.000014929.6699   21.9658
    7.5000    7.5000  -15.000014049.6357   21.9532
   -7.5000   15.0000  -15.000013587.9346   21.9506
    0.0000   15.0000  -15.000013975.1377   21.9437
    7.5000   15.0000  -15.000013175.0723   21.9388
   -7.5000   22.5000  -15.000012550.8467   21.9329
    0.0000   22.5000  -15.000012935.4297   21.9068
    7.5000   22.5000  -15.000012181.1807   21.9006
   -7.5000   30.0000  -15.000011427.3086   21.6513
    0.0000   30.0000  -15.000011758.4033   21.6240
    7.5000   30.0000  -15.000011072.8379   21.6107
   -7.5000   37.5000  -15.000010709.4561   21.6614
    0.0000   37.5000  -15.000011022.7090   21.6538
    7.5000   37.5000  -15.000010386.5996   21.6351
   -7.5000   45.0000  -15.0000 9494.6670   21.1929
    0.0000   45.0000  -15.0000 9789.4756   21.2044
    7.5000   45.0000  -15.0000 9217.0830   21.1855
   -7.5000  -45.0000   -7.500012287.8652   22.2751
    0.0000  -45.0000   -7.500012695.6299   22.2803
    7.5000  -45.0000   -7.500011915.9287   22.2621
   -7.5000  -37.5000   -7.500012776.6445   22.2758
    0.0000  -37.5000   -7.500013201.6582   22.2811
    7.5000  -37.5000   -7.500012382.4844   22.2663
   -7.5000  -30.0000   -7.500013608.0957   22.2858
    0.0000  -30.0000   -7.500014098.5342   22.2753
    7.5000  -30.0000   -7.500013215.5840   22.2650
   -7.5000  -22.5000   -7.500014315.6797   22.2831
    0.0000  -22.5000   -7.500014835.1523   22.2554
    7.5000  -22.5000   -7.500013963.0283   22.2445
   -7.5000  -15.0000   -7.500015043.0723   22.2714
    0.0000  -15.0000   -7.500015555.6914   22.2412
    7.5000  -15.0000   -7.500014665.4199   22.2262
   -7.5000   -7.5000   -7.500015664.0811   22.2619
    0.0000   -7.5000   -7.500016181.7129   22.2488
    7.5000   -7.5000   -7.500015226.5498   22.2308
   -7.5000    0.0000   -7.500016106.3389   22.2621
    0.0000    0.0000   -7.500016635.1387   22.2671
    7.5000    0.0000   -7.500015614.8340   22.2490
   -7.5000    7.5000   -7.500015288.3633   22.2744
    0.0000    7.5000   -7.500015773.2676   22.2796
    7.5000    7.5000   -7.500014804.3447   22.2650
   -7.5000   15.0000   -7.500014290.5791   22.2858
    0.0000   15.0000   -7.500014720.2012   22.2753
    7.5000   15.0000   -7.500013860.3115   22.2650
   -7.5000   22.5000   -7.500013204.4336   22.2728
    0.0000   22.5000   -7.500013608.3525   22.2451
    7.5000   22.5000   -7.500012826.8525   22.2342
   -7.5000   30.0000   -7.500011989.8291   21.9826
    0.0000   30.0000   -7.500012356.7246   21.9529
    7.5000   30.0000   -7.500011623.1328   21.9380
   -7.5000   37.5000   -7.500011217.0352   21.9784
    0.0000   37.5000   -7.500011544.3105   21.9653
    7.5000   37.5000   -7.500010848.6895   21.9475
   -7.5000   45.0000   -7.5000 9941.3809   21.4980
    0.0000   45.0000   -7.500010241.8975   21.5026
    7.5000   45.0000   -7.5000 9633.4404   21.4850
   -7.5000  -45.0000    0.000012807.0088   22.3773
    0.0000  -45.0000    0.000013316.6172   22.3767
    7.5000  -45.0000    0.000012459.2412   22.3583
   -7.5000  -37.5000    0.000013307.2646   22.3799
    0.0000  -37.5000    0.000013869.0303   22.3806
    7.5000  -37.5000    0.000012958.9424   22.3648
   -7.5000  -30.0000    0.000014211.5293   22.3940
    0.0000  -30.0000    0.000014787.2305   22.3804
    7.5000  -30.0000    0.000013836.3135   22.3686
   -7.5000  -22.5000    0.000014837.4238   22.3942
    0.0000  -22.5000    0.000015419.9600   22.3637
    7.5000  -22.5000    0.000014584.3633   22.3516
   -7.5000  -15.0000    0.000015511.3535   22.3834
    0.0000  -15.0000    0.000016099.8447   22.3486
    7.5000  -15.0000    0.000015273.9092   22.3329
   -7.5000   -7.5000    0.000016155.0898   22.3689
    0.0000   -7.5000    0.000016739.5977   22.3496
    7.5000   -7.5000    0.000015833.6113   22.3316
   -7.5000    0.0000    0.000016641.4805   22.3642
    0.0000    0.0000    0.000017246.1035   22.3633
    7.5000    0.0000    0.000016241.2695   22.3451
   -7.5000    7.5000    0.000015796.2891   22.3784
    0.0000    7.5000    0.000016356.0840   22.3791
    7.5000    7.5000    0.000015390.9629   22.3634
   -7.5000   15.0000    0.000014760.3281   22.3940
    0.0000   15.0000    0.000015267.2705   22.3804
    7.5000   15.0000    0.000014384.8799   22.3686
   -7.5000   22.5000    0.000013665.0088   22.3839
    0.0000   22.5000    0.000014080.7939   22.3534
    7.5000   22.5000    0.000013272.0674   22.3413
   -7.5000   30.0000    0.000012422.8086   22.0938
    0.0000   30.0000    0.000012801.2529   22.0594
    7.5000   30.0000    0.000012064.8076   22.0439
   -7.5000   37.5000    0.000011637.5391   22.0849
    0.0000   37.5000    0.000011972.1143   22.0657
    7.5000   37.5000    0.000011251.6562   22.0479
   -7.5000   45.0000    0.000010294.9521   21.5972
    0.0000   45.0000    0.000010583.3691   21.5963
    7.5000   45.0000    0.0000 9973.2764   21.5787
   -7.5000  -45.0000    7.500012313.5703   22.3808
    0.0000  -45.0000    7.500012829.2432   22.3812
    7.5000  -45.0000    7.500012054.6787   22.3602
   -7.5000  -37.5000    7.500012822.7217   22.3750
    0.0000  -37.5000    7.500013372.9668   22.3779
    7.5000  -37.5000    7.500012561.2979   22.3621
   -7.5000  -30.0000    7.500013747.9922   22.3731
    0.0000  -30.0000    7.500014301.8994   22.3605
    7.5000  -30.0000    7.500013440.0293   22.3524
   -7.5000  -22.5000    7.500014348.0225   22.3666
    0.0000  -22.5000    7.500014928.4131   22.3340
    7.5000  -22.5000    7.500014159.8818   22.3254
   -7.5000  -15.0000    7.500014965.2520   22.3650
    0.0000  -15.0000    7.500015597.4619   22.3259
    7.5000  -15.0000    7.500014825.2402   22.3107
   -7.5000   -7.5000    7.500015608.9180   22.3655
    0.0000   -7.5000    7.500016209.3818   22.3438
    7.5000   -7.5000    7.500015342.4580   22.3236
   -7.5000    0.0000    7.500016091.4590   22.3675
    0.0000    0.0000    7.500016675.9570   22.3677
    7.5000    0.0000    7.500015725.9229   22.3467
   -7.5000    7.5000    7.500015274.5107   22.3735
    0.0000    7.5000    7.500015760.6045   22.3764
    7.5000    7.5000    7.500014873.1484   22.3607
   -7.5000   15.0000    7.500014260.1162   22.3731
    0.0000   15.0000    7.500014664.5664   22.3605
    7.5000   15.0000    7.500013872.5820   22.3524
   -7.5000   22.5000    7.500013164.8262   22.3563
    0.0000   22.5000    7.500013508.8887   22.3237
    7.5000   22.5000    7.500012775.9697   22.3151
   -7.5000   30.0000    7.500011969.3828   22.0756
    0.0000   30.0000    7.500012294.3125   22.0371
    7.5000   30.0000    7.500011605.8789   22.0221
   -7.5000   37.5000    7.500011155.6738   22.0815
    0.0000   37.5000    7.500011484.2451   22.0601
    7.5000   37.5000    7.500010827.4092   22.0400
   -7.5000   45.0000    7.5000 9875.3105   21.6000
    0.0000   45.0000    7.500010157.6973   21.5999
    7.5000   45.0000    7.5000 9586.0703   21.5798
   -7.5000  -45.0000   15.000011718.3721   22.3398
    0.0000  -45.0000   15.000012239.9355   22.3464
    7.5000  -45.0000   15.000011546.3613   22.3217
   -7.5000  -37.5000   15.000012182.6367   22.3257
    0.0000  -37.5000   15.000012746.8691   22.3353
    7.5000  -37.5000   15.000012018.4912   22.3197
   -7.5000  -30.0000   15.000013109.8672   22.3063
    0.0000  -30.0000   15.000013625.2402   22.2987
    7.5000  -30.0000   15.000012856.7988   22.2948
   -7.5000  -22.5000   15.000013901.0107   22.2906
    0.0000  -22.5000   15.000014351.1758   22.2602
    7.5000  -22.5000   15.000013555.9209   22.2554
   -7.5000  -15.0000   15.000014649.4248   22.2952
    0.0000  -15.0000   15.000015096.7148   22.2578
    7.5000  -15.0000   15.000014228.1084   22.2429
   -7.5000   -7.5000   15.000015244.9863   22.3133
    0.0000   -7.5000   15.000015672.5928   22.2957
    7.5000   -7.5000   15.000014746.3789   22.2722
   -7.5000    0.0000   15.000015633.9629   22.3265
    0.0000    0.0000   15.000016051.2871   22.3328
    7.5000    0.0000   15.000015131.2715   22.3081
   -7.5000    7.5000   15.000014713.9639   22.3243
    0.0000    7.5000   15.000015116.5859   22.3338
    7.5000    7.5000   15.000014276.0557   22.3183
   -7.5000   15.0000   15.000013661.6016   22.3063
    0.0000   15.0000   15.000014047.1123   22.2987
    7.5000   15.0000   15.000013270.2471   22.2948
   -7.5000   22.5000   15.000012571.3467   22.2803
    0.0000   22.5000   15.000012930.6211   22.2499
    7.5000   22.5000   15.000012207.5166   22.2452
   -7.5000   30.0000   15.000011406.5693   22.0067
    0.0000   30.0000   15.000011740.9219   21.9698
    7.5000   30.0000   15.000011087.8838   21.9551
   -7.5000   37.5000   15.000010581.7676   22.0298
    0.0000   37.5000   15.000010916.3486   22.0123
    7.5000   37.5000   15.000010308.9180   21.9890
   -7.5000   45.0000   15.0000 9344.2627   21.5609
    0.0000   45.0000   15.0000 9618.4150   21.5666
    7.5000   45.0000   15.0000 9123.9395   21.5428
   -7.5000  -45.0000   22.500011107.8584   22.3390
    0.0000  -45.0000   22.500011513.8955   22.3524
    7.5000  -45.0000   22.500010908.8203   22.3292
   -7.5000  -37.5000   22.500011582.1396   22.3255
    0.0000  -37.5000   22.500012001.2100   22.3397
    7.5000  -37.5000   22.500011363.1738   22.3261
   -7.5000  -30.0000   22.500012444.2666   22.3066
    0.0000  -30.0000   22.500012831.3223   22.3020
    7.5000  -30.0000   22.500012164.9688   22.2999
   -7.5000  -22.5000   22.500013174.9727   22.2902
    0.0000  -22.5000   22.500013559.8438   22.2636
    7.5000  -22.5000   22.500012847.9258   22.2602
   -7.5000  -15.0000   22.500013841.9502   22.2922
    0.0000  -15.0000   22.500014272.5225   22.2613
    7.5000  -15.0000   22.500013475.7725   22.2475
   -7.5000   -7.5000   22.500014419.7783   22.3105
    0.0000   -7.5000   22.500014878.5566   22.3007
    7.5000   -7.5000   22.500013997.1094   22.2783
   -7.5000    0.0000   22.500014811.9883   22.3258
    0.0000    0.0000   22.500015263.2832   22.3389
    7.5000    0.0000   22.500014368.7627   22.3157
   -7.5000    7.5000   22.500013961.8721   22.3241
    0.0000    7.5000   22.500014405.4346   22.3382
    7.5000    7.5000   22.500013578.7256   22.3246
   -7.5000   15.0000   22.500012968.9346   22.3066
    0.0000   15.0000   22.500013377.4531   22.3020
    7.5000   15.0000   22.500012604.5879   22.2999
   -7.5000   22.5000   22.500011908.7881   22.2800
    0.0000   22.5000   22.500012286.5225   22.2534
    7.5000   22.5000   22.500011570.0049   22.2499
   -7.5000   30.0000   22.500010749.7900   22.0037
    0.0000   30.0000   22.500011089.9590   21.9732
    7.5000   30.0000   22.500010470.5283   21.9596
   -7.5000   37.5000   22.5000 9944.5527   22.0267
    0.0000   37.5000   22.500010255.9023   22.0170
    7.5000   37.5000   22.5000 9700.8652   21.9948
   -7.5000   45.0000   22.5000 8764.4424   21.5613
    0.0000   45.0000   22.5000 9031.4082   21.5735
    7.5000   45.0000   22.5000 8569.4258   21.5510
   -7.5000  -45.0000   30.000010345.5928   22.4141
    0.0000  -45.0000   30.000010712.2666   22.4275
    7.5000  -45.0000   30.000010141.0244   22.4081
   -7.5000  -37.5000   30.000010782.2676   22.4070
    0.0000  -37.5000   30.000011170.4805   22.4196
    7.5000  -37.5000   30.000010569.6104   22.4071
   -7.5000  -30.0000   30.000011555.9873   22.4020
    0.0000  -30.0000   30.000011952.7471   22.3957
    7.5000  -30.0000   30.000011318.8857   22.3911
   -7.5000  -22.5000   30.000012206.7607   22.3922
    0.0000  -22.5000   30.000012631.9590   22.3660
    7.5000  -22.5000   30.000011974.0420   22.3601
   -7.5000  -15.0000   30.000012790.6621   22.3867
    0.0000  -15.0000   30.000013253.3105   22.3587
    7.5000  -15.0000   30.000012561.4619   22.3454
   -7.5000   -7.5000   30.000013304.8867   22.3919
    0.0000   -7.5000   30.000013788.0234   22.3845
    7.5000   -7.5000   30.000013064.2158   22.3655
   -7.5000    0.0000   30.000013710.7402   22.4009
    0.0000    0.0000   30.000014188.8359   22.4142
    7.5000    0.0000   30.000013422.8447   22.3948
   -7.5000    7.5000   30.000012995.4688   22.4056
    0.0000    7.5000   30.000013447.9639   22.4181
    7.5000    7.5000   30.000012700.7012   22.4056
   -7.5000   15.0000   30.000012116.4844   22.4020
    0.0000   15.0000   30.000012511.4258   22.3957
    7.5000   15.0000   30.000011819.5410   22.3911
   -7.5000   22.5000   30.000011102.6279   22.3819
    0.0000   22.5000   30.000011473.0635   22.3557
    7.5000   22.5000   30.000010831.5430   22.3498
   -7.5000   30.0000   30.000010008.5137   22.0970
    0.0000   30.0000   30.000010343.5283   22.0694
    7.5000   30.0000   30.0000 9762.5605   22.0562
   -7.5000   37.5000   30.0000 9254.6768   22.1071
    0.0000   37.5000   30.0000 9546.4766   22.0997
    7.5000   37.5000   30.0000 9027.9395   22.0809
   -7.5000   45.0000   30.0000 8146.3931   21.6345
    0.0000   45.0000   30.0000 8400.5303   21.6469
    7.5000   45.0000   30.0000 7964.6797   21.6279
   -7.5000  -45.0000   37.5000 9897.7148   22.6770
    0.0000  -45.0000   37.500010229.3936   22.6839
    7.5000  -45.0000   37.5000 9719.8926   22.6669
   -7.5000  -37.5000   37.500010321.8164   22.6776
    0.0000  -37.5000   37.500010669.7090   22.6846
    7.5000  -37.5000   37.500010136.5107   22.6714
   -7.5000  -30.0000   37.500011072.9502   22.6888
    0.0000  -30.0000   37.500011437.7227   22.6792
    7.5000  -30.0000   37.500010870.1396   22.6706
   -7.5000  -22.5000   37.500011716.4395   22.6869
    0.0000  -22.5000   37.500012125.7432   22.6595
    7.5000  -22.5000   37.500011531.3750   22.6499
   -7.5000  -15.0000   37.500012274.1699   22.6752
    0.0000  -15.0000   37.500012712.7314   22.6452
    7.5000  -15.0000   37.500012094.3789   22.6311
   -7.5000   -7.5000   37.500012754.9180   22.6645
    0.0000   -7.5000   37.500013219.6299   22.6522
    7.5000   -7.5000   37.500012578.9141   22.6352
   -7.5000    0.0000   37.500013146.8740   22.6636
    0.0000    0.0000   37.500013615.0264   22.6703
    7.5000    0.0000   37.500012940.7305   22.6533
   -7.5000    7.5000   37.500012487.8047   22.6762
    0.0000    7.5000   37.500012933.7852   22.6831
    7.5000    7.5000   37.500012250.3369   22.6700
   -7.5000   15.0000   37.500011652.4453   22.6888
    0.0000   15.0000   37.500012050.0293   22.6792
    7.5000   15.0000   37.500011401.5234   22.6706
   -7.5000   22.5000   37.500010668.6514   22.6765
    0.0000   22.5000   37.500011030.5918   22.6491
    7.5000   22.5000   37.500010438.6826   22.6395
   -7.5000   30.0000   37.5000 9614.4375   22.3818
    0.0000   30.0000   37.5000 9951.9424   22.3522
    7.5000   30.0000   37.5000 9431.5264   22.3382
   -7.5000   37.5000   37.5000 8908.7734   22.3765
    0.0000   37.5000   37.5000 9205.4443   22.3641
    7.5000   37.5000   37.5000 8731.2227   22.3472
   -7.5000   45.0000   37.5000 7849.0410   21.8873
    0.0000   45.0000   37.5000 8111.8193   21.8935
    7.5000   45.0000   37.5000 7715.8569   21.8771
   -7.5000  -45.0000   45.0000 9012.5518   22.9842
    0.0000  -45.0000   45.0000 9324.6143   22.9840
    7.5000  -45.0000   45.0000 8848.4443   22.9665
   -7.5000  -37.5000   45.0000 9411.8711   22.9882
    0.0000  -37.5000   45.0000 9736.2637   22.9898
    7.5000  -37.5000   45.0000 9236.6611   22.9751
   -7.5000  -30.0000   45.000010110.6426   23.0053
    0.0000  -30.0000   45.000010446.5254   22.9918
    7.5000  -30.0000   45.0000 9919.5176   22.9811
   -7.5000  -22.5000   45.000010687.7627   23.0064
    0.0000  -22.5000   45.000011059.5508   22.9745
    7.5000  -22.5000   45.000010503.8945   22.9631
   -7.5000  -15.0000   45.000011205.8984   22.9938
    0.0000  -15.0000   45.000011616.8818   22.9570
    7.5000  -15.0000   45.000011029.3008   22.9416
   -7.5000   -7.5000   45.000011649.8027   22.9763
    0.0000   -7.5000   45.000012077.1797   22.9559
    7.5000   -7.5000   45.000011493.2314   22.9384
   -7.5000    0.0000   45.000012010.7471   22.9702
    0.0000    0.0000   45.000012460.1133   22.9699
    7.5000    0.0000   45.000011854.4619   22.9524
   -7.5000    7.5000   45.000011430.1396   22.9867
    0.0000    7.5000   45.000011853.1523   22.9882
    7.5000    7.5000   45.000011243.7705   22.9736
   -7.5000   15.0000   45.000010666.9189   23.0053
    0.0000   15.0000   45.000011054.3457   22.9918
    7.5000   15.0000   45.000010456.1455   22.9811
   -7.5000   22.5000   45.0000 9766.1484   22.9957
    0.0000   22.5000   45.000010121.6162   22.9639
    7.5000   22.5000   45.0000 9583.7041   22.9524
   -7.5000   30.0000   45.0000 8829.6240   22.6942
    0.0000   30.0000   45.0000 9147.8477   22.6579
    7.5000   30.0000   45.0000 8668.1865   22.6427
   -7.5000   37.5000   45.0000 8205.2432   22.6800
    0.0000   37.5000   45.0000 8488.4961   22.6597
    7.5000   37.5000   45.0000 8042.4805   22.6424
   -7.5000   45.0000   45.0000 7243.0122   22.1861
    0.0000   45.0000   45.0000 7488.5796   22.1856
    7.5000   45.0000   45.0000 7120.8130   22.1690

---------------------------------------------------------------------
imgreg_4dfp /opt/freesurfer/average/711-2C_as_mni_average_305 /opt/freesurfer/average/711-2B_as_mni_average_305_mask talsrcimg_g11 none talsrcimg_to_711-2C_as_mni_average_305_t4 4355
---------------------------------------------------------------------

freesurfer imgreg_4dfp.c
/opt/freesurfer/average/711-2C_as_mni_average_305.4dfp.img
       256       256       256         1
  1.000000  1.000000  1.000000
orientation T byte_order littleendian
Reading image: /opt/freesurfer/average/711-2C_as_mni_average_305.4dfp.img
dimensions:      256       256       256
mmppix:       1.0000   -1.0000   -1.0000
center:     128.0000 -129.0000 -129.0000
/opt/freesurfer/average/711-2B_as_mni_average_305_mask.4dfp.img
       256       256       256         1
  1.000000  1.000000  1.000000
orientation T byte_order littleendian
Reading mask: /opt/freesurfer/average/711-2B_as_mni_average_305_mask.4dfp.img (2306576 pixels)
talsrcimg_g11.4dfp.img
       256       256       256         1
  1.000000  1.000000  1.000000
orientation T byte_order littleendian
Reading image: talsrcimg_g11.4dfp.img
dimensions:      256       256       256
mmppix:       1.0000   -1.0000   -1.0000
center:     128.0000 -129.0000 -129.0000
rotation matrix determinant  1.000000
image alignment mode   4355 decimal     1103 hex
   -7.5000  -45.0000  -45.0000 2184.9478   18.9432
    0.0000  -45.0000  -45.0000 2182.6704   18.9739
    7.5000  -45.0000  -45.0000 2154.8455   19.3927
   -7.5000  -37.5000  -45.0000 2252.6472   17.7778
    0.0000  -37.5000  -45.0000 2246.2974   17.8323
    7.5000  -37.5000  -45.0000 2216.3203   18.2289
   -7.5000  -30.0000  -45.0000 2292.1455   17.0202
    0.0000  -30.0000  -45.0000 2288.4019   17.0606
    7.5000  -30.0000  -45.0000 2254.1101   17.4873
   -7.5000  -22.5000  -45.0000 2315.9724   16.6640
    0.0000  -22.5000  -45.0000 2312.9666   16.6833
    7.5000  -22.5000  -45.0000 2278.4607   17.1084
   -7.5000  -15.0000  -45.0000 2311.5737   16.5844
    0.0000  -15.0000  -45.0000 2311.7727   16.6213
    7.5000  -15.0000  -45.0000 2272.1716   17.0784
   -7.5000   -7.5000  -45.0000 2284.4277   16.8944
    0.0000   -7.5000  -45.0000 2283.8618   16.9154
    7.5000   -7.5000  -45.0000 2246.3555   17.3808
   -7.5000    0.0000  -45.0000 2235.6978   17.5621
    0.0000    0.0000  -45.0000 2235.1611   17.5905
    7.5000    0.0000  -45.0000 2193.8782   18.0779
   -7.5000    7.5000  -45.0000 2166.1909   18.6650
    0.0000    7.5000  -45.0000 2166.1003   18.6795
    7.5000    7.5000  -45.0000 2129.4443   19.1497
   -7.5000   15.0000  -45.0000 2078.2253   20.1920
    0.0000   15.0000  -45.0000 2080.7368   20.2396
    7.5000   15.0000  -45.0000 2048.8328   20.8014
   -7.5000   22.5000  -45.0000 1978.3472   22.2966
    0.0000   22.5000  -45.0000 1980.3257   22.3366
    7.5000   22.5000  -45.0000 1950.2239   22.9891
   -7.5000   30.0000  -45.0000 1868.7688   25.1884
    0.0000   30.0000  -45.0000 1875.9054   25.1878
    7.5000   30.0000  -45.0000 1841.6293   25.8767
   -7.5000   37.5000  -45.0000 1739.3998   29.0100
    0.0000   37.5000  -45.0000 1747.1956   29.0607
    7.5000   37.5000  -45.0000 1715.9097   29.8019
   -7.5000   45.0000  -45.0000 1608.5983   34.3132
    0.0000   45.0000  -45.0000 1612.2487   34.3576
    7.5000   45.0000  -45.0000 1588.0820   35.3192
   -7.5000  -45.0000  -37.5000 2281.9316   17.5834
    0.0000  -45.0000  -37.5000 2275.1819   17.5730
    7.5000  -45.0000  -37.5000 2241.1868   17.9614
   -7.5000  -37.5000  -37.5000 2348.0000   16.4993
    0.0000  -37.5000  -37.5000 2343.9172   16.5244
    7.5000  -37.5000  -37.5000 2308.8293   16.8696
   -7.5000  -30.0000  -37.5000 2392.9753   15.7905
    0.0000  -30.0000  -37.5000 2387.3274   15.8142
    7.5000  -30.0000  -37.5000 2349.2986   16.1534
   -7.5000  -22.5000  -37.5000 2414.8799   15.4388
    0.0000  -22.5000  -37.5000 2413.2761   15.4415
    7.5000  -22.5000  -37.5000 2374.1526   15.7830
   -7.5000  -15.0000  -37.5000 2412.9304   15.3586
    0.0000  -15.0000  -37.5000 2409.9778   15.3732
    7.5000  -15.0000  -37.5000 2366.5635   15.7480
   -7.5000   -7.5000  -37.5000 2384.7200   15.6265
    0.0000   -7.5000  -37.5000 2384.2542   15.6417
    7.5000   -7.5000  -37.5000 2344.6951   16.0602
   -7.5000    0.0000  -37.5000 2331.5691   16.2246
    0.0000    0.0000  -37.5000 2334.0869   16.2534
    7.5000    0.0000  -37.5000 2293.5596   16.6966
   -7.5000    7.5000  -37.5000 2260.6306   17.2179
    0.0000    7.5000  -37.5000 2263.2993   17.2055
    7.5000    7.5000  -37.5000 2222.4968   17.6437
   -7.5000   15.0000  -37.5000 2168.9937   18.5939
    0.0000   15.0000  -37.5000 2170.7224   18.6204
    7.5000   15.0000  -37.5000 2132.5933   19.0649
   -7.5000   22.5000  -37.5000 2060.5247   20.5120
    0.0000   22.5000  -37.5000 2063.9043   20.5072
    7.5000   22.5000  -37.5000 2029.8533   21.0549
   -7.5000   30.0000  -37.5000 1940.6042   23.0598
    0.0000   30.0000  -37.5000 1947.0093   23.0871
    7.5000   30.0000  -37.5000 1912.0026   23.6506
   -7.5000   37.5000  -37.5000 1811.3503   26.5471
    0.0000   37.5000  -37.5000 1815.7950   26.6034
    7.5000   37.5000  -37.5000 1784.6370   27.2162
   -7.5000   45.0000  -37.5000 1673.5129   31.3476
    0.0000   45.0000  -37.5000 1677.1296   31.3102
    7.5000   45.0000  -37.5000 1649.0631   32.0809
   -7.5000  -45.0000  -30.0000 2408.9341   16.9082
    0.0000  -45.0000  -30.0000 2398.7190   16.8689
    7.5000  -45.0000  -30.0000 2361.4795   17.2141
   -7.5000  -37.5000  -30.0000 2486.9753   15.8118
    0.0000  -37.5000  -30.0000 2480.8274   15.8085
    7.5000  -37.5000  -30.0000 2442.2510   16.1202
   -7.5000  -30.0000  -30.0000 2536.6538   15.1157
    0.0000  -30.0000  -30.0000 2532.1802   15.1163
    7.5000  -30.0000  -30.0000 2491.9790   15.4226
   -7.5000  -22.5000  -30.0000 2565.4983   14.7754
    0.0000  -22.5000  -30.0000 2562.1785   14.7564
    7.5000  -22.5000  -30.0000 2521.2437   15.0475
   -7.5000  -15.0000  -30.0000 2565.1299   14.7316
    0.0000  -15.0000  -30.0000 2563.4299   14.7501
    7.5000  -15.0000  -30.0000 2514.3650   15.0565
   -7.5000   -7.5000  -30.0000 2537.3928   15.0238
    0.0000   -7.5000  -30.0000 2540.7432   15.0348
    7.5000   -7.5000  -30.0000 2492.5835   15.3725
   -7.5000    0.0000  -30.0000 2482.3884   15.5953
    0.0000    0.0000  -30.0000 2485.0481   15.5859
    7.5000    0.0000  -30.0000 2438.0503   15.9514
   -7.5000    7.5000  -30.0000 2403.3630   16.4988
    0.0000    7.5000  -30.0000 2407.7222   16.4729
    7.5000    7.5000  -30.0000 2360.8274   16.8496
   -7.5000   15.0000  -30.0000 2304.1501   17.7708
    0.0000   15.0000  -30.0000 2306.6128   17.7694
    7.5000   15.0000  -30.0000 2263.5195   18.1668
   -7.5000   22.5000  -30.0000 2183.9453   19.5448
    0.0000   22.5000  -30.0000 2186.8804   19.5164
    7.5000   22.5000  -30.0000 2148.1951   19.9627
   -7.5000   30.0000  -30.0000 2051.2424   21.9550
    0.0000   30.0000  -30.0000 2056.3423   21.9422
    7.5000   30.0000  -30.0000 2023.3022   22.4567
   -7.5000   37.5000  -30.0000 1914.3335   25.2188
    0.0000   37.5000  -30.0000 1918.3328   25.2225
    7.5000   37.5000  -30.0000 1885.0328   25.7685
   -7.5000   45.0000  -30.0000 1772.9032   29.6759
    0.0000   45.0000  -30.0000 1773.7339   29.7434
    7.5000   45.0000  -30.0000 1737.7906   30.3845
   -7.5000  -45.0000  -22.5000 2499.0916   16.1314
    0.0000  -45.0000  -22.5000 2490.7703   16.1169
    7.5000  -45.0000  -22.5000 2450.2463   16.4324
   -7.5000  -37.5000  -22.5000 2590.3171   15.0702
    0.0000  -37.5000  -22.5000 2586.4167   15.0771
    7.5000  -37.5000  -22.5000 2547.2083   15.3641
   -7.5000  -30.0000  -22.5000 2653.2366   14.3644
    0.0000  -30.0000  -22.5000 2650.8042   14.3831
    7.5000  -30.0000  -22.5000 2610.4666   14.6482
   -7.5000  -22.5000  -22.5000 2689.3223   14.0410
    0.0000  -22.5000  -22.5000 2686.3420   14.0385
    7.5000  -22.5000  -22.5000 2642.9907   14.2919
   -7.5000  -15.0000  -22.5000 2696.0474   14.0299
    0.0000  -15.0000  -22.5000 2694.2549   14.0332
    7.5000  -15.0000  -22.5000 2647.2156   14.2861
   -7.5000   -7.5000  -22.5000 2669.2502   14.3522
    0.0000   -7.5000  -22.5000 2671.5046   14.3481
    7.5000   -7.5000  -22.5000 2616.5876   14.6225
   -7.5000    0.0000  -22.5000 2610.1504   14.8957
    0.0000    0.0000  -22.5000 2612.8564   14.8942
    7.5000    0.0000  -22.5000 2563.3416   15.2091
   -7.5000    7.5000  -22.5000 2523.6816   15.7167
    0.0000    7.5000  -22.5000 2524.7537   15.7089
    7.5000    7.5000  -22.5000 2478.6396   16.0696
   -7.5000   15.0000  -22.5000 2412.0854   16.9155
    0.0000   15.0000  -22.5000 2415.3042   16.9099
    7.5000   15.0000  -22.5000 2371.7432   17.3099
   -7.5000   22.5000  -22.5000 2282.3162   18.5871
    0.0000   22.5000  -22.5000 2286.5854   18.5604
    7.5000   22.5000  -22.5000 2248.8440   18.9954
   -7.5000   30.0000  -22.5000 2138.6101   20.8378
    0.0000   30.0000  -22.5000 2140.2979   20.8269
    7.5000   30.0000  -22.5000 2111.7751   21.2983
   -7.5000   37.5000  -22.5000 1990.4532   23.8843
    0.0000   37.5000  -22.5000 1992.1136   23.8776
    7.5000   37.5000  -22.5000 1963.8026   24.4236
   -7.5000   45.0000  -22.5000 1841.8113   28.0631
    0.0000   45.0000  -22.5000 1845.2616   28.1152
    7.5000   45.0000  -22.5000 1811.8475   28.7141
   -7.5000  -45.0000  -15.0000 2560.1575   15.4285
    0.0000  -45.0000  -15.0000 2554.2327   15.4723
    7.5000  -45.0000  -15.0000 2515.9365   15.8025
   -7.5000  -37.5000  -15.0000 2664.1846   14.4040
    0.0000  -37.5000  -15.0000 2661.0837   14.4371
    7.5000  -37.5000  -15.0000 2622.9263   14.7581
   -7.5000  -30.0000  -15.0000 2736.1580   13.7240
    0.0000  -30.0000  -15.0000 2736.6680   13.7421
    7.5000  -30.0000  -15.0000 2693.5537   14.0509
   -7.5000  -22.5000  -15.0000 2783.7373   13.3702
    0.0000  -22.5000  -15.0000 2780.8245   13.3998
    7.5000  -22.5000  -15.0000 2734.6150   13.7061
   -7.5000  -15.0000  -15.0000 2796.1804   13.3931
    0.0000  -15.0000  -15.0000 2794.6392   13.4105
    7.5000  -15.0000  -15.0000 2741.0781   13.6988
   -7.5000   -7.5000  -15.0000 2769.8826   13.7029
    0.0000   -7.5000  -15.0000 2771.4070   13.7181
    7.5000   -7.5000  -15.0000 2712.7585   14.0070
   -7.5000    0.0000  -15.0000 2702.1821   14.2410
    0.0000    0.0000  -15.0000 2708.7852   14.2632
    7.5000    0.0000  -15.0000 2652.0908   14.5814
   -7.5000    7.5000  -15.0000 2611.8533   15.0182
    0.0000    7.5000  -15.0000 2613.5347   15.0422
    7.5000    7.5000  -15.0000 2564.5459   15.3918
   -7.5000   15.0000  -15.0000 2488.2358   16.1794
    0.0000   15.0000  -15.0000 2492.1167   16.1928
    7.5000   15.0000  -15.0000 2449.5576   16.5955
   -7.5000   22.5000  -15.0000 2354.7856   17.7879
    0.0000   22.5000  -15.0000 2356.9182   17.8015
    7.5000   22.5000  -15.0000 2315.0674   18.2525
   -7.5000   30.0000  -15.0000 2198.1191   19.9883
    0.0000   30.0000  -15.0000 2199.7710   19.9944
    7.5000   30.0000  -15.0000 2167.5215   20.4502
   -7.5000   37.5000  -15.0000 2044.2517   22.8720
    0.0000   37.5000  -15.0000 2042.8202   22.8732
    7.5000   37.5000  -15.0000 2014.4133   23.4016
   -7.5000   45.0000  -15.0000 1880.0547   26.7690
    0.0000   45.0000  -15.0000 1885.4662   26.8154
    7.5000   45.0000  -15.0000 1851.7449   27.4043
   -7.5000  -45.0000   -7.5000 2596.9297   14.9039
    0.0000  -45.0000   -7.5000 2594.1157   14.9953
    7.5000  -45.0000   -7.5000 2551.1123   15.3998
   -7.5000  -37.5000   -7.5000 2713.1807   13.8838
    0.0000  -37.5000   -7.5000 2714.6575   13.9623
    7.5000  -37.5000   -7.5000 2664.6184   14.3446
   -7.5000  -30.0000   -7.5000 2805.3967   13.2122
    0.0000  -30.0000   -7.5000 2810.0571   13.2631
    7.5000  -30.0000   -7.5000 2750.2539   13.6334
   -7.5000  -22.5000   -7.5000 2862.2051   12.8131
    0.0000  -22.5000   -7.5000 2862.5889   12.8869
    7.5000  -22.5000   -7.5000 2801.5757   13.2795
   -7.5000  -15.0000   -7.5000 2876.5095   12.8341
    0.0000  -15.0000   -7.5000 2878.9753   12.8915
    7.5000  -15.0000   -7.5000 2813.1694   13.2568
   -7.5000   -7.5000   -7.5000 2844.1260   13.1510
    0.0000   -7.5000   -7.5000 2851.8948   13.1958
    7.5000   -7.5000   -7.5000 2782.1138   13.5331
   -7.5000    0.0000   -7.5000 2768.7517   13.6857
    0.0000    0.0000   -7.5000 2781.0015   13.7249
    7.5000    0.0000   -7.5000 2718.0088   14.0747
   -7.5000    7.5000   -7.5000 2666.1370   14.4752
    0.0000    7.5000   -7.5000 2675.1614   14.5154
    7.5000    7.5000   -7.5000 2620.6309   14.8751
   -7.5000   15.0000   -7.5000 2538.2100   15.6072
    0.0000   15.0000   -7.5000 2540.0894   15.6690
    7.5000   15.0000   -7.5000 2498.7319   16.0717
   -7.5000   22.5000   -7.5000 2399.3987   17.1728
    0.0000   22.5000   -7.5000 2401.3848   17.2289
    7.5000   22.5000   -7.5000 2359.4768   17.6942
   -7.5000   30.0000   -7.5000 2237.0330   19.2898
    0.0000   30.0000   -7.5000 2242.7327   19.3552
    7.5000   30.0000   -7.5000 2200.1116   19.8321
   -7.5000   37.5000   -7.5000 2073.4126   22.0702
    0.0000   37.5000   -7.5000 2076.7305   22.1188
    7.5000   37.5000   -7.5000 2038.4407   22.6440
   -7.5000   45.0000   -7.5000 1900.4425   25.6527
    0.0000   45.0000   -7.5000 1908.1544   25.7248
    7.5000   45.0000   -7.5000 1877.2377   26.2728
   -7.5000  -45.0000    0.0000 2602.8708   14.5960
    0.0000  -45.0000    0.0000 2605.7488   14.7402
    7.5000  -45.0000    0.0000 2557.4407   15.1799
   -7.5000  -37.5000    0.0000 2732.1348   13.5447
    0.0000  -37.5000    0.0000 2737.8884   13.6969
    7.5000  -37.5000    0.0000 2683.1658   14.1168
   -7.5000  -30.0000    0.0000 2844.8892   12.8853
    0.0000  -30.0000    0.0000 2847.0322   12.9990
    7.5000  -30.0000    0.0000 2778.6445   13.4025
   -7.5000  -22.5000    0.0000 2918.9602   12.4298
    0.0000  -22.5000    0.0000 2918.1270   12.5588
    7.5000  -22.5000    0.0000 2838.1597   13.0023
   -7.5000  -15.0000    0.0000 2936.4268   12.3879
    0.0000  -15.0000    0.0000 2936.3318   12.4808
    7.5000  -15.0000    0.0000 2857.1064   12.9394
   -7.5000   -7.5000    0.0000 2891.9170   12.7157
    0.0000   -7.5000    0.0000 2897.0825   12.7714
    7.5000   -7.5000    0.0000 2824.6467   13.2116
   -7.5000    0.0000    0.0000 2804.1917   13.3076
    0.0000    0.0000    0.0000 2816.2251   13.3917
    7.5000    0.0000    0.0000 2752.7239   13.7637
   -7.5000    7.5000    0.0000 2692.2380   14.1356
    0.0000    7.5000    0.0000 2701.0942   14.2400
    7.5000    7.5000    0.0000 2649.9978   14.5889
   -7.5000   15.0000    0.0000 2555.9744   15.2648
    0.0000   15.0000    0.0000 2560.3591   15.3576
    7.5000   15.0000    0.0000 2519.2708   15.7166
   -7.5000   22.5000    0.0000 2414.6553   16.7877
    0.0000   22.5000    0.0000 2413.0728   16.8822
    7.5000   22.5000    0.0000 2374.2732   17.3057
   -7.5000   30.0000    0.0000 2251.0178   18.8179
    0.0000   30.0000    0.0000 2251.8892   18.9088
    7.5000   30.0000    0.0000 2219.1233   19.3938
   -7.5000   37.5000    0.0000 2089.1060   21.4714
    0.0000   37.5000    0.0000 2090.0913   21.5711
    7.5000   37.5000    0.0000 2057.8555   22.1413
   -7.5000   45.0000    0.0000 1915.7545   24.9084
    0.0000   45.0000    0.0000 1917.8536   25.0067
    7.5000   45.0000    0.0000 1892.0145   25.5732
   -7.5000  -45.0000    7.5000 2594.9163   14.4908
    0.0000  -45.0000    7.5000 2600.7202   14.6436
    7.5000  -45.0000    7.5000 2552.8025   15.1257
   -7.5000  -37.5000    7.5000 2733.1665   13.4627
    0.0000  -37.5000    7.5000 2738.7695   13.5912
    7.5000  -37.5000    7.5000 2686.5068   14.0877
   -7.5000  -30.0000    7.5000 2854.9812   12.8174
    0.0000  -30.0000    7.5000 2857.4363   12.9139
    7.5000  -30.0000    7.5000 2789.8418   13.3836
   -7.5000  -22.5000    7.5000 2938.6047   12.3604
    0.0000  -22.5000    7.5000 2935.4485   12.4524
    7.5000  -22.5000    7.5000 2856.6140   12.9374
   -7.5000  -15.0000    7.5000 2957.3691   12.2555
    0.0000  -15.0000    7.5000 2958.1240   12.3420
    7.5000  -15.0000    7.5000 2879.5591   12.8553
   -7.5000   -7.5000    7.5000 2915.8469   12.5772
    0.0000   -7.5000    7.5000 2915.8262   12.6666
    7.5000   -7.5000    7.5000 2845.2056   13.0873
   -7.5000    0.0000    7.5000 2818.2249   13.1973
    0.0000    0.0000    7.5000 2828.9185   13.2488
    7.5000    0.0000    7.5000 2767.4924   13.6266
   -7.5000    7.5000    7.5000 2697.7717   14.0608
    0.0000    7.5000    7.5000 2702.0381   14.1001
    7.5000    7.5000    7.5000 2655.7856   14.4755
   -7.5000   15.0000    7.5000 2555.0312   15.1933
    0.0000   15.0000    7.5000 2557.5708   15.1943
    7.5000   15.0000    7.5000 2521.7568   15.5903
   -7.5000   22.5000    7.5000 2412.6321   16.6947
    0.0000   22.5000    7.5000 2408.8032   16.6816
    7.5000   22.5000    7.5000 2372.7180   17.1216
   -7.5000   30.0000    7.5000 2248.0247   18.6366
    0.0000   30.0000    7.5000 2249.9170   18.6383
    7.5000   30.0000    7.5000 2216.6853   19.1431
   -7.5000   37.5000    7.5000 2081.6252   21.2220
    0.0000   37.5000    7.5000 2086.6780   21.2286
    7.5000   37.5000    7.5000 2054.5801   21.7792
   -7.5000   45.0000    7.5000 1919.0425   24.6421
    0.0000   45.0000    7.5000 1918.8262   24.6461
    7.5000   45.0000    7.5000 1896.6265   25.2400
   -7.5000  -45.0000   15.0000 2571.2629   14.6019
    0.0000  -45.0000   15.0000 2579.0986   14.8244
    7.5000  -45.0000   15.0000 2535.9524   15.3472
   -7.5000  -37.5000   15.0000 2707.9053   13.5769
    0.0000  -37.5000   15.0000 2717.0181   13.7513
    7.5000  -37.5000   15.0000 2666.4685   14.2666
   -7.5000  -30.0000   15.0000 2829.3411   12.9597
    0.0000  -30.0000   15.0000 2832.1250   13.0675
    7.5000  -30.0000   15.0000 2773.4924   13.5390
   -7.5000  -22.5000   15.0000 2913.6470   12.5802
    0.0000  -22.5000   15.0000 2907.0129   12.6079
    7.5000  -22.5000   15.0000 2841.3237   13.0740
   -7.5000  -15.0000   15.0000 2935.9126   12.5681
    0.0000  -15.0000   15.0000 2932.9521   12.5514
    7.5000  -15.0000   15.0000 2866.9426   12.9544
   -7.5000   -7.5000   15.0000 2896.4163   12.8117
    0.0000   -7.5000   15.0000 2896.5757   12.7989
    7.5000   -7.5000   15.0000 2829.4316   13.1754
   -7.5000    0.0000   15.0000 2805.1973   13.2867
    0.0000    0.0000   15.0000 2810.3838   13.3071
    7.5000    0.0000   15.0000 2755.5059   13.6931
   -7.5000    7.5000   15.0000 2678.0962   14.0919
    0.0000    7.5000   15.0000 2680.4988   14.1262
    7.5000    7.5000   15.0000 2640.6814   14.5347
   -7.5000   15.0000   15.0000 2533.2397   15.2255
    0.0000   15.0000   15.0000 2536.8438   15.2663
    7.5000   15.0000   15.0000 2502.3286   15.6458
   -7.5000   22.5000   15.0000 2389.8394   16.7173
    0.0000   22.5000   15.0000 2389.5308   16.7732
    7.5000   22.5000   15.0000 2358.1775   17.1622
   -7.5000   30.0000   15.0000 2228.4617   18.6593
    0.0000   30.0000   15.0000 2230.2817   18.7323
    7.5000   30.0000   15.0000 2203.7751   19.1588
   -7.5000   37.5000   15.0000 2061.8513   21.2234
    0.0000   37.5000   15.0000 2065.7175   21.2747
    7.5000   37.5000   15.0000 2038.3204   21.7065
   -7.5000   45.0000   15.0000 1905.9518   24.5891
    0.0000   45.0000   15.0000 1904.1761   24.5948
    7.5000   45.0000   15.0000 1883.1021   25.0702
   -7.5000  -45.0000   22.5000 2536.2048   15.1266
    0.0000  -45.0000   22.5000 2541.3560   15.2859
    7.5000  -45.0000   22.5000 2505.3518   15.8260
   -7.5000  -37.5000   22.5000 2662.5686   14.1212
    0.0000  -37.5000   22.5000 2670.2729   14.2516
    7.5000  -37.5000   22.5000 2629.2852   14.7342
   -7.5000  -30.0000   22.5000 2771.5420   13.4557
    0.0000  -30.0000   22.5000 2775.0798   13.5248
    7.5000  -30.0000   22.5000 2729.8076   13.9965
   -7.5000  -22.5000   22.5000 2845.4412   13.0431
    0.0000  -22.5000   22.5000 2844.3389   13.0911
    7.5000  -22.5000   22.5000 2794.6682   13.5112
   -7.5000  -15.0000   22.5000 2860.5020   12.9882
    0.0000  -15.0000   22.5000 2865.6858   13.0193
    7.5000  -15.0000   22.5000 2815.9758   13.3758
   -7.5000   -7.5000   22.5000 2824.2214   13.2185
    0.0000   -7.5000   22.5000 2831.3799   13.2647
    7.5000   -7.5000   22.5000 2779.8245   13.5843
   -7.5000    0.0000   22.5000 2744.5212   13.7016
    0.0000    0.0000   22.5000 2746.1621   13.7790
    7.5000    0.0000   22.5000 2701.6450   14.0951
   -7.5000    7.5000   22.5000 2628.4719   14.4565
    0.0000    7.5000   22.5000 2633.5229   14.5466
    7.5000    7.5000   22.5000 2596.8284   14.8872
   -7.5000   15.0000   22.5000 2495.8625   15.5404
    0.0000   15.0000   22.5000 2499.8442   15.5981
    7.5000   15.0000   22.5000 2464.2820   15.9653
   -7.5000   22.5000   22.5000 2355.5415   17.0101
    0.0000   22.5000   22.5000 2360.0769   17.0469
    7.5000   22.5000   22.5000 2327.1177   17.4550
   -7.5000   30.0000   22.5000 2193.6667   18.9194
    0.0000   30.0000   22.5000 2198.1426   18.9655
    7.5000   30.0000   22.5000 2173.4407   19.4360
   -7.5000   37.5000   22.5000 2031.9375   21.4575
    0.0000   37.5000   22.5000 2033.7233   21.4770
    7.5000   37.5000   22.5000 2009.8336   21.9934
   -7.5000   45.0000   22.5000 1876.6545   24.7692
    0.0000   45.0000   22.5000 1876.1936   24.7745
    7.5000   45.0000   22.5000 1855.5345   25.3346
   -7.5000  -45.0000   30.0000 2482.7935   15.9505
    0.0000  -45.0000   30.0000 2488.9766   16.0795
    7.5000  -45.0000   30.0000 2451.9006   16.5852
   -7.5000  -37.5000   30.0000 2601.6863   14.8626
    0.0000  -37.5000   30.0000 2610.4824   14.9821
    7.5000  -37.5000   30.0000 2571.5017   15.4615
   -7.5000  -30.0000   30.0000 2700.1399   14.1572
    0.0000  -30.0000   30.0000 2706.1572   14.2318
    7.5000  -30.0000   30.0000 2660.8081   14.6830
   -7.5000  -22.5000   30.0000 2759.2532   13.7174
    0.0000  -22.5000   30.0000 2762.9824   13.7937
    7.5000  -22.5000   30.0000 2721.0066   14.1851
   -7.5000  -15.0000   30.0000 2764.7649   13.6402
    0.0000  -15.0000   30.0000 2771.7397   13.6774
    7.5000  -15.0000   30.0000 2735.0420   14.0291
   -7.5000   -7.5000   30.0000 2733.6194   13.8318
    0.0000   -7.5000   30.0000 2739.2344   13.8804
    7.5000   -7.5000   30.0000 2703.1868   14.2333
   -7.5000    0.0000   30.0000 2662.4370   14.2897
    0.0000    0.0000   30.0000 2667.4688   14.3587
    7.5000    0.0000   30.0000 2627.8464   14.7187
   -7.5000    7.5000   30.0000 2559.6182   15.0450
    0.0000    7.5000   30.0000 2566.6992   15.1381
    7.5000    7.5000   30.0000 2529.0737   15.5114
   -7.5000   15.0000   30.0000 2436.0903   16.1732
    0.0000   15.0000   30.0000 2439.4373   16.2093
    7.5000   15.0000   30.0000 2407.4934   16.5825
   -7.5000   22.5000   30.0000 2302.1636   17.6298
    0.0000   22.5000   30.0000 2305.8494   17.6737
    7.5000   22.5000   30.0000 2277.0251   18.0609
   -7.5000   30.0000   30.0000 2143.9409   19.5004
    0.0000   30.0000   30.0000 2149.6914   19.5792
    7.5000   30.0000   30.0000 2126.6499   19.9916
   -7.5000   37.5000   30.0000 1986.8981   21.9792
    0.0000   37.5000   30.0000 1989.2633   22.0564
    7.5000   37.5000   30.0000 1971.5149   22.5110
   -7.5000   45.0000   30.0000 1836.6604   25.3235
    0.0000   45.0000   30.0000 1836.2896   25.3433
    7.5000   45.0000   30.0000 1821.2815   25.8536
   -7.5000  -45.0000   37.5000 2422.9316   17.0408
    0.0000  -45.0000   37.5000 2429.1248   17.1207
    7.5000  -45.0000   37.5000 2391.6572   17.6552
   -7.5000  -37.5000   37.5000 2532.7876   15.8972
    0.0000  -37.5000   37.5000 2538.6018   15.9662
    7.5000  -37.5000   37.5000 2499.1345   16.4648
   -7.5000  -30.0000   37.5000 2620.0386   15.1345
    0.0000  -30.0000   37.5000 2625.7131   15.1942
    7.5000  -30.0000   37.5000 2583.6704   15.6396
   -7.5000  -22.5000   37.5000 2668.4336   14.6886
    0.0000  -22.5000   37.5000 2674.4224   14.7360
    7.5000  -22.5000   37.5000 2638.0010   15.0999
   -7.5000  -15.0000   37.5000 2669.8667   14.5714
    0.0000  -15.0000   37.5000 2677.6116   14.5890
    7.5000  -15.0000   37.5000 2646.3428   14.9369
   -7.5000   -7.5000   37.5000 2634.6616   14.7136
    0.0000   -7.5000   37.5000 2640.0537   14.7538
    7.5000   -7.5000   37.5000 2611.7363   15.0937
   -7.5000    0.0000   37.5000 2568.1968   15.1248
    0.0000    0.0000   37.5000 2573.1421   15.2093
    7.5000    0.0000   37.5000 2544.2832   15.5773
   -7.5000    7.5000   37.5000 2478.5273   15.8672
    0.0000    7.5000   37.5000 2487.6606   15.9196
    7.5000    7.5000   37.5000 2451.7087   16.3222
   -7.5000   15.0000   37.5000 2367.8264   16.9937
    0.0000   15.0000   37.5000 2373.6311   17.0133
    7.5000   15.0000   37.5000 2341.8796   17.3712
   -7.5000   22.5000   37.5000 2236.2053   18.4818
    0.0000   22.5000   37.5000 2238.6296   18.5139
    7.5000   22.5000   37.5000 2215.9734   18.8722
   -7.5000   30.0000   37.5000 2084.6562   20.3702
    0.0000   30.0000   37.5000 2090.0935   20.4576
    7.5000   30.0000   37.5000 2074.5112   20.8370
   -7.5000   37.5000   37.5000 1938.8590   22.8719
    0.0000   37.5000   37.5000 1938.9976   22.9808
    7.5000   37.5000   37.5000 1925.6797   23.4614
   -7.5000   45.0000   37.5000 1793.4951   26.2855
    0.0000   45.0000   37.5000 1795.1556   26.3139
    7.5000   45.0000   37.5000 1783.7826   26.8637
   -7.5000  -45.0000   45.0000 2349.5059   18.4387
    0.0000  -45.0000   45.0000 2355.2224   18.4583
    7.5000  -45.0000   45.0000 2321.2114   18.9790
   -7.5000  -37.5000   45.0000 2451.5999   17.2283
    0.0000  -37.5000   45.0000 2459.2549   17.2443
    7.5000  -37.5000   45.0000 2420.5408   17.7379
   -7.5000  -30.0000   45.0000 2525.7559   16.3881
    0.0000  -30.0000   45.0000 2530.9180   16.4101
    7.5000  -30.0000   45.0000 2491.6375   16.8363
   -7.5000  -22.5000   45.0000 2562.4771   15.8809
    0.0000  -22.5000   45.0000 2568.2510   15.8724
    7.5000  -22.5000   45.0000 2532.1707   16.2722
   -7.5000  -15.0000   45.0000 2563.6270   15.7127
    0.0000  -15.0000   45.0000 2572.7903   15.6989
    7.5000  -15.0000   45.0000 2538.4712   16.0490
   -7.5000   -7.5000   45.0000 2530.7190   15.8313
    0.0000   -7.5000   45.0000 2537.8181   15.8493
    7.5000   -7.5000   45.0000 2510.8914   16.1846
   -7.5000    0.0000   45.0000 2468.3320   16.2278
    0.0000    0.0000   45.0000 2476.7271   16.2910
    7.5000    0.0000   45.0000 2451.7830   16.6460
   -7.5000    7.5000   45.0000 2391.3569   16.9387
    0.0000    7.5000   45.0000 2400.3657   16.9814
    7.5000    7.5000   45.0000 2370.2581   17.3364
   -7.5000   15.0000   45.0000 2291.1616   18.0398
    0.0000   15.0000   45.0000 2298.6228   18.0330
    7.5000   15.0000   45.0000 2266.3906   18.3458
   -7.5000   22.5000   45.0000 2164.4702   19.5336
    0.0000   22.5000   45.0000 2170.0247   19.5267
    7.5000   22.5000   45.0000 2147.0327   19.8589
   -7.5000   30.0000   45.0000 2027.9930   21.4518
    0.0000   30.0000   45.0000 2032.1423   21.5063
    7.5000   30.0000   45.0000 2011.2594   21.9105
   -7.5000   37.5000   45.0000 1886.4536   24.1199
    0.0000   37.5000   45.0000 1888.3490   24.1783
    7.5000   37.5000   45.0000 1871.7236   24.6783
   -7.5000   45.0000   45.0000 1746.2789   27.6147
    0.0000   45.0000   45.0000 1748.2808   27.7022
    7.5000   45.0000   45.0000 1734.6021   28.2362

---------------------------------------------------------------------
imgreg_4dfp /opt/freesurfer/average/711-2C_as_mni_average_305 /opt/freesurfer/average/711-2B_as_mni_average_305_mask talsrcimg_g11 none talsrcimg_to_711-2C_as_mni_average_305_t4 1283
---------------------------------------------------------------------

freesurfer imgreg_4dfp.c
/opt/freesurfer/average/711-2C_as_mni_average_305.4dfp.img
       256       256       256         1
  1.000000  1.000000  1.000000
orientation T byte_order littleendian
Reading image: /opt/freesurfer/average/711-2C_as_mni_average_305.4dfp.img
dimensions:      256       256       256
mmppix:       1.0000   -1.0000   -1.0000
center:     128.0000 -129.0000 -129.0000
/opt/freesurfer/average/711-2B_as_mni_average_305_mask.4dfp.img
       256       256       256         1
  1.000000  1.000000  1.000000
orientation T byte_order littleendian
Reading mask: /opt/freesurfer/average/711-2B_as_mni_average_305_mask.4dfp.img (2306576 pixels)
talsrcimg_g11.4dfp.img
       256       256       256         1
  1.000000  1.000000  1.000000
orientation T byte_order littleendian
Reading image: talsrcimg_g11.4dfp.img
dimensions:      256       256       256
mmppix:       1.0000   -1.0000   -1.0000
center:     128.0000 -129.0000 -129.0000
rotation matrix determinant  1.000000
fimgreg.f
image alignment mode   1283 decimal      503 hex
parameters
    0.0000  -15.0000    7.5000    0.0000    0.0000    0.0000
eta,q 0.92876 12.32295
niter,ni,del,rscale     5    3   12.0000    1.2000
parameter  1  0.572164 ->  0.500000 qaram    1.1500
parameter  4  2.674813 ->  0.500000 qaram    1.1500
parameter  6  0.901127 ->  0.500000 qaram    1.1500
parameters
   -3.4500  -16.3162    5.4024   -3.4500   -1.7604   -3.4500
eta,q 0.94142 11.89618
  0.0710  0.0723  0.0674  0.0616  0.0650  0.0590
  0.0681  0.0695  0.0673  0.0619  0.0633  0.0585
  0.0671  0.0672  0.0672  0.0640  0.0621  0.0595
  0.0707  0.0672  0.0666  0.0672  0.0623  0.0620
  0.0778  0.0702  0.0677  0.0706  0.0648  0.0649
  0.0841  0.0745  0.0697  0.0733  0.0675  0.0684
  0.0896  0.0793  0.0731  0.0757  0.0704  0.0725
niter,ni,del,rscale     7    3   12.0000    1.2000
parameters
   -3.5760  -16.6122    5.5140   -6.5822   -1.9703   -5.7532
eta,q 0.94343 12.00016
  0.0739  0.0698  0.0670  0.0598  0.0633  0.0588
  0.0674  0.0633  0.0625  0.0577  0.0602  0.0577
  0.0623  0.0592  0.0598  0.0568  0.0578  0.0566
  0.0586  0.0587  0.0585  0.0585  0.0568  0.0568
  0.0607  0.0616  0.0599  0.0622  0.0582  0.0590
  0.0670  0.0664  0.0631  0.0661  0.0611  0.0622
  0.0765  0.0704  0.0657  0.0701  0.0639  0.0660
niter,ni,del,rscale     6    3   12.0000    1.2000
parameters
   -3.8340  -15.2388    5.4646   -9.2741   -1.4293   -6.4301
eta,q 0.94375 12.00597
  0.0710  0.0730  0.0633  0.0577  0.0633  0.0599
  0.0639  0.0656  0.0595  0.0567  0.0600  0.0580
  0.0589  0.0597  0.0575  0.0560  0.0571  0.0570
  0.0566  0.0567  0.0564  0.0564  0.0560  0.0560
  0.0583  0.0566  0.0587  0.0586  0.0566  0.0566
  0.0650  0.0591  0.0608  0.0623  0.0585  0.0591
  0.0742  0.0627  0.0623  0.0662  0.0611  0.0623
niter,ni,del,rscale     5    3   12.0000    1.2000
parameter  4  0.507319 ->  0.500000 qaram    1.3225
parameters
   -3.9741  -13.3161    4.8522  -13.2416   -1.3558   -7.1695
eta,q 0.94684 12.03646
  0.0715  0.0701  0.0599  0.0548  0.0610  0.0583
  0.0642  0.0646  0.0561  0.0534  0.0577  0.0557
  0.0585  0.0603  0.0546  0.0529  0.0544  0.0537
  0.0563  0.0563  0.0548  0.0545  0.0531  0.0531
  0.0577  0.0548  0.0566  0.0573  0.0544  0.0543
  0.0644  0.0568  0.0585  0.0608  0.0572  0.0573
  0.0737  0.0600  0.0613  0.0645  0.0607  0.0615
niter,ni,del,rscale     5    3   12.0000    1.2000
parameters
   -3.7964  -12.3539    4.2989  -13.4899   -1.2971   -7.2792
eta,q 0.94747 12.04791
  0.0736  0.0686  0.0594  0.0602  0.0603  0.0588
  0.0650  0.0636  0.0538  0.0563  0.0569  0.0559
  0.0568  0.0572  0.0520  0.0538  0.0536  0.0536
  0.0532  0.0531  0.0528  0.0524  0.0525  0.0525
  0.0551  0.0535  0.0546  0.0535  0.0537  0.0531
  0.0624  0.0568  0.0572  0.0570  0.0565  0.0556
  0.0727  0.0625  0.0605  0.0615  0.0602  0.0598
niter,ni,del,rscale     4    3   12.0000    1.2000
parameters
   -3.7334  -12.3114    4.3396  -13.5235   -1.3370   -7.2814
eta,q 0.94743 12.05151
  0.0727  0.0660  0.0615  0.0607  0.0602  0.0590
  0.0639  0.0602  0.0551  0.0566  0.0568  0.0560
  0.0557  0.0544  0.0523  0.0540  0.0536  0.0537
  0.0525  0.0525  0.0525  0.0526  0.0526  0.0526
  0.0548  0.0546  0.0542  0.0534  0.0538  0.0530
  0.0623  0.0594  0.0565  0.0566  0.0567  0.0554
  0.0730  0.0659  0.0596  0.0611  0.0604  0.0596
registration optimization eta report
parameter search radius
    6.9000    6.0000    6.0000    7.9350    6.0000    6.9000
100000*second partial in parameter space
       42.       37.       23.       13.       21.       14.
  0.0727  0.0660  0.0615  0.0607  0.0602  0.0590
  0.0639  0.0602  0.0551  0.0566  0.0568  0.0560
  0.0557  0.0544  0.0523  0.0540  0.0536  0.0537
  0.0525  0.0525  0.0525  0.0526  0.0526  0.0526
  0.0548  0.0546  0.0542  0.0534  0.0538  0.0530
  0.0623  0.0594  0.0565  0.0566  0.0567  0.0554
  0.0730  0.0659  0.0596  0.0611  0.0604  0.0596
   -3.7334  -12.3114    4.3396  -13.5235   -1.3370   -7.2814
eta,q 0.94743 12.05151

---------------------------------------------------------------------
imgreg_4dfp /opt/freesurfer/average/711-2C_as_mni_average_305 /opt/freesurfer/average/711-2B_as_mni_average_305_mask talsrcimg_g11 none talsrcimg_to_711-2C_as_mni_average_305_t4 3335
---------------------------------------------------------------------

freesurfer imgreg_4dfp.c
/opt/freesurfer/average/711-2C_as_mni_average_305.4dfp.img
       256       256       256         1
  1.000000  1.000000  1.000000
orientation T byte_order littleendian
Reading image: /opt/freesurfer/average/711-2C_as_mni_average_305.4dfp.img
dimensions:      256       256       256
mmppix:       1.0000   -1.0000   -1.0000
center:     128.0000 -129.0000 -129.0000
/opt/freesurfer/average/711-2B_as_mni_average_305_mask.4dfp.img
       256       256       256         1
  1.000000  1.000000  1.000000
orientation T byte_order littleendian
Reading mask: /opt/freesurfer/average/711-2B_as_mni_average_305_mask.4dfp.img (2306576 pixels)
talsrcimg_g11.4dfp.img
       256       256       256         1
  1.000000  1.000000  1.000000
orientation T byte_order littleendian
Reading image: talsrcimg_g11.4dfp.img
dimensions:      256       256       256
mmppix:       1.0000   -1.0000   -1.0000
center:     128.0000 -129.0000 -129.0000
fimgreg.f
image alignment mode   3335 decimal      D07 hex
parameters
   -3.7334  -12.3114    4.3396   -0.8334   -3.4875   -2.7991
   11.7816    5.2141  -12.6708   22.9083   -2.3333  -23.3780
eta,q 0.94731 12.19548
niter,ni,del,rscale     5    3    5.0000    1.2000
parameter  4  1.749695 ->  0.500000 qaram    1.1500
parameter  5  3.442940 ->  0.500000 qaram    1.1500
parameter  6  2.031359 ->  0.500000 qaram    1.1500
parameter 10  0.896242 ->  0.500000 qaram    1.1500
parameters
   -3.6737  -12.0466    4.8291   -4.9734   -7.6275   -6.9391
    9.2817    5.8849  -10.0002   18.7683   -1.6280  -22.2519
eta,q 0.96644 11.42141
  0.0553  0.0550  0.0543  0.0460  0.0387  0.0340  0.0373  0.0417  0.0400  0.0333  0.0353  0.0354
  0.0539  0.0539  0.0534  0.0473  0.0413  0.0358  0.0364  0.0391  0.0383  0.0335  0.0345  0.0346
  0.0531  0.0531  0.0528  0.0494  0.0443  0.0385  0.0361  0.0371  0.0369  0.0343  0.0339  0.0340
  0.0527  0.0527  0.0526  0.0526  0.0478  0.0421  0.0365  0.0362  0.0361  0.0357  0.0336  0.0336
  0.0529  0.0527  0.0526  0.0565  0.0517  0.0457  0.0374  0.0364  0.0357  0.0380  0.0337  0.0336
  0.0537  0.0532  0.0528  0.0606  0.0558  0.0499  0.0389  0.0378  0.0360  0.0409  0.0341  0.0339
  0.0551  0.0543  0.0532  0.0647  0.0600  0.0550  0.0408  0.0401  0.0367  0.0444  0.0348  0.0346
niter,ni,del,rscale     7    3    5.0000    1.2000
parameter  4  0.568159 ->  0.500000 qaram    1.3225
parameter  5  1.402833 ->  0.500000 qaram    1.3225
parameter  6  0.552680 ->  0.500000 qaram    1.3225
parameters
   -3.3347  -12.0114    4.2700   -9.7344  -12.3885  -11.7001
    9.7459    5.9601  -10.5683   17.5601   -2.8291  -23.1426
eta,q 0.97365 10.84952
  0.0381  0.0361  0.0345  0.0327  0.0268  0.0278  0.0289  0.0305  0.0282  0.0293  0.0270  0.0273
  0.0359  0.0347  0.0338  0.0323  0.0278  0.0267  0.0277  0.0283  0.0272  0.0276  0.0266  0.0267
  0.0343  0.0338  0.0334  0.0323  0.0296  0.0264  0.0268  0.0269  0.0265  0.0266  0.0264  0.0264
  0.0336  0.0335  0.0335  0.0334  0.0322  0.0282  0.0265  0.0264  0.0264  0.0264  0.0264  0.0264
  0.0336  0.0338  0.0340  0.0359  0.0353  0.0312  0.0266  0.0269  0.0268  0.0272  0.0266  0.0266
  0.0345  0.0346  0.0350  0.0397  0.0391  0.0356  0.0273  0.0281  0.0276  0.0291  0.0270  0.0271
  0.0361  0.0359  0.0363  0.0442  0.0436  0.0401  0.0284  0.0304  0.0289  0.0319  0.0275  0.0279
niter,ni,del,rscale     7    3    5.0000    1.2000
parameter  5  0.539970 ->  0.500000 qaram    1.5209
parameters
   -2.9603  -11.7390    3.7709   -9.9692  -17.8636  -12.5708
   10.0816    6.4351  -10.2721   19.0907   -3.0828  -26.3004
eta,q 0.97510 10.57288
  0.0301  0.0297  0.0274  0.0290  0.0259  0.0294  0.0275  0.0293  0.0271  0.0297  0.0257  0.0252
  0.0283  0.0280  0.0265  0.0276  0.0251  0.0275  0.0263  0.0272  0.0261  0.0276  0.0253  0.0250
  0.0270  0.0268  0.0261  0.0267  0.0251  0.0261  0.0256  0.0258  0.0255  0.0261  0.0251  0.0249
  0.0264  0.0263  0.0262  0.0261  0.0262  0.0250  0.0253  0.0252  0.0253  0.0253  0.0251  0.0251
  0.0264  0.0264  0.0268  0.0260  0.0283  0.0254  0.0254  0.0256  0.0254  0.0251  0.0252  0.0255
  0.0270  0.0271  0.0276  0.0271  0.0313  0.0282  0.0260  0.0266  0.0259  0.0258  0.0254  0.0261
  0.0284  0.0284  0.0288  0.0302  0.0352  0.0325  0.0271  0.0283  0.0268  0.0274  0.0258  0.0269
niter,ni,del,rscale     7    3    5.0000    1.2000
parameters
   -2.9291  -11.4985    3.3056   -9.3805  -18.7148  -12.7908
    9.8192    6.6498  -10.0026   20.0334   -3.1504  -28.0072
eta,q 0.97529 10.57959
  0.0277  0.0278  0.0258  0.0278  0.0288  0.0298  0.0267  0.0288  0.0266  0.0289  0.0255  0.0252
  0.0262  0.0263  0.0251  0.0264  0.0267  0.0277  0.0256  0.0267  0.0257  0.0270  0.0250  0.0249
  0.0253  0.0253  0.0248  0.0254  0.0253  0.0261  0.0250  0.0253  0.0251  0.0256  0.0248  0.0247
  0.0249  0.0249  0.0249  0.0248  0.0247  0.0248  0.0248  0.0248  0.0248  0.0248  0.0247  0.0247
  0.0252  0.0251  0.0253  0.0245  0.0254  0.0248  0.0251  0.0253  0.0250  0.0248  0.0249  0.0249
  0.0261  0.0257  0.0260  0.0252  0.0275  0.0273  0.0258  0.0264  0.0255  0.0257  0.0251  0.0254
  0.0276  0.0268  0.0269  0.0277  0.0308  0.0314  0.0270  0.0283  0.0264  0.0275  0.0254  0.0261
niter,ni,del,rscale     6    3    5.0000    1.2000
parameters
   -2.9517  -11.3263    2.9845   -9.3011  -19.2612  -13.0135
    9.6133    6.7594   -9.7735   20.6902   -3.1647  -28.7825
eta,q 0.97531 10.56485
  0.0274  0.0274  0.0259  0.0275  0.0289  0.0299  0.0266  0.0287  0.0265  0.0286  0.0255  0.0254
  0.0259  0.0259  0.0251  0.0262  0.0267  0.0277  0.0256  0.0266  0.0256  0.0267  0.0250  0.0249
  0.0250  0.0251  0.0247  0.0253  0.0253  0.0261  0.0249  0.0252  0.0250  0.0254  0.0247  0.0247
  0.0247  0.0247  0.0247  0.0247  0.0247  0.0247  0.0248  0.0248  0.0248  0.0248  0.0247  0.0247
  0.0250  0.0249  0.0251  0.0245  0.0252  0.0248  0.0250  0.0252  0.0249  0.0249  0.0248  0.0249
  0.0259  0.0256  0.0257  0.0254  0.0271  0.0273  0.0257  0.0264  0.0254  0.0258  0.0250  0.0252
  0.0275  0.0267  0.0266  0.0282  0.0302  0.0314  0.0269  0.0284  0.0263  0.0277  0.0254  0.0258
niter,ni,del,rscale     5    3    5.0000    1.2000
parameters
   -2.9547  -11.1748    2.8311   -9.2706  -19.6600  -13.1752
    9.5096    6.8061   -9.6143   21.1428   -3.2784  -29.1608
eta,q 0.97529 10.55064
  0.0274  0.0273  0.0261  0.0275  0.0290  0.0299  0.0266  0.0286  0.0264  0.0284  0.0255  0.0255
  0.0259  0.0259  0.0252  0.0262  0.0268  0.0278  0.0256  0.0265  0.0255  0.0266  0.0250  0.0250
  0.0250  0.0250  0.0247  0.0253  0.0253  0.0262  0.0250  0.0252  0.0250  0.0254  0.0248  0.0248
  0.0247  0.0247  0.0247  0.0247  0.0247  0.0247  0.0248  0.0248  0.0248  0.0248  0.0247  0.0247
  0.0250  0.0249  0.0250  0.0245  0.0251  0.0247  0.0250  0.0252  0.0249  0.0249  0.0248  0.0248
  0.0259  0.0256  0.0256  0.0254  0.0270  0.0273  0.0256  0.0265  0.0254  0.0259  0.0251  0.0251
  0.0274  0.0266  0.0264  0.0282  0.0300  0.0314  0.0268  0.0284  0.0263  0.0279  0.0255  0.0257
niter,ni,del,rscale     4    3    5.0000    1.2000
parameters
   -2.9479  -11.0439    2.7430   -9.2844  -19.9586  -13.3142
    9.4313    6.8462   -9.4629   21.4876   -3.4446  -29.4066
eta,q 0.97525 10.53721
  0.0274  0.0272  0.0262  0.0275  0.0290  0.0299  0.0266  0.0286  0.0264  0.0283  0.0255  0.0255
  0.0259  0.0258  0.0253  0.0262  0.0269  0.0278  0.0256  0.0265  0.0256  0.0266  0.0250  0.0251
  0.0250  0.0250  0.0248  0.0253  0.0254  0.0262  0.0250  0.0252  0.0250  0.0254  0.0248  0.0248
  0.0247  0.0247  0.0247  0.0247  0.0247  0.0247  0.0248  0.0248  0.0248  0.0248  0.0248  0.0247
  0.0250  0.0249  0.0250  0.0245  0.0251  0.0248  0.0250  0.0253  0.0249  0.0250  0.0249  0.0249
  0.0259  0.0256  0.0255  0.0254  0.0269  0.0272  0.0256  0.0265  0.0254  0.0260  0.0251  0.0252
  0.0274  0.0266  0.0263  0.0283  0.0299  0.0313  0.0267  0.0284  0.0263  0.0280  0.0255  0.0256
niter,ni,del,rscale     3    3    5.0000    1.2000
parameters
   -2.9373  -10.9323    2.6742   -9.3049  -20.2181  -13.4360
    9.3657    6.8804   -9.3225   21.7824   -3.6022  -29.5544
eta,q 0.97522 10.52428
  0.0274  0.0271  0.0262  0.0275  0.0290  0.0299  0.0266  0.0286  0.0264  0.0283  0.0255  0.0256
  0.0260  0.0258  0.0253  0.0262  0.0269  0.0279  0.0256  0.0265  0.0256  0.0266  0.0251  0.0251
  0.0251  0.0250  0.0248  0.0253  0.0254  0.0263  0.0250  0.0252  0.0250  0.0254  0.0248  0.0248
  0.0247  0.0247  0.0247  0.0247  0.0247  0.0248  0.0248  0.0248  0.0248  0.0248  0.0248  0.0248
  0.0250  0.0250  0.0250  0.0246  0.0252  0.0248  0.0250  0.0253  0.0250  0.0250  0.0249  0.0249
  0.0259  0.0256  0.0255  0.0255  0.0269  0.0272  0.0256  0.0265  0.0255  0.0260  0.0252  0.0252
  0.0274  0.0267  0.0263  0.0283  0.0298  0.0313  0.0267  0.0284  0.0263  0.0280  0.0255  0.0256
niter,ni,del,rscale     2    3    5.0000    1.2000
parameters
   -2.9264  -10.8289    2.6180   -9.3188  -20.4476  -13.5510
    9.3216    6.9144   -9.1819   22.0458   -3.7830  -29.6934
eta,q 0.97519 10.51276
  0.0274  0.0271  0.0263  0.0275  0.0290  0.0299  0.0267  0.0286  0.0264  0.0282  0.0255  0.0256
  0.0260  0.0258  0.0254  0.0262  0.0269  0.0279  0.0257  0.0265  0.0256  0.0266  0.0251  0.0251
  0.0251  0.0251  0.0249  0.0254  0.0254  0.0263  0.0250  0.0252  0.0251  0.0254  0.0248  0.0249
  0.0248  0.0248  0.0248  0.0248  0.0248  0.0248  0.0248  0.0248  0.0248  0.0248  0.0248  0.0248
  0.0250  0.0250  0.0250  0.0246  0.0252  0.0248  0.0250  0.0253  0.0250  0.0250  0.0250  0.0249
  0.0259  0.0257  0.0255  0.0255  0.0268  0.0272  0.0257  0.0265  0.0255  0.0261  0.0252  0.0252
  0.0274  0.0267  0.0263  0.0283  0.0297  0.0313  0.0267  0.0284  0.0263  0.0280  0.0255  0.0257
niter,ni,del,rscale     1    3    5.0000    1.2000
parameters
   -2.9135  -10.7304    2.5629   -9.3499  -20.6751  -13.6666
    9.2549    6.9499   -9.0472   22.3080   -3.9635  -29.8066
eta,q 0.97515 10.50023
  0.0274  0.0271  0.0263  0.0275  0.0290  0.0299  0.0267  0.0286  0.0264  0.0282  0.0255  0.0256
  0.0260  0.0258  0.0254  0.0262  0.0269  0.0279  0.0257  0.0265  0.0256  0.0266  0.0251  0.0252
  0.0251  0.0251  0.0249  0.0254  0.0255  0.0263  0.0251  0.0253  0.0251  0.0254  0.0249  0.0249
  0.0248  0.0248  0.0248  0.0248  0.0248  0.0248  0.0249  0.0249  0.0249  0.0249  0.0248  0.0248
  0.0251  0.0250  0.0251  0.0246  0.0252  0.0248  0.0251  0.0254  0.0250  0.0250  0.0250  0.0249
  0.0259  0.0257  0.0256  0.0255  0.0268  0.0273  0.0257  0.0265  0.0255  0.0261  0.0252  0.0252
  0.0274  0.0267  0.0263  0.0283  0.0297  0.0313  0.0268  0.0284  0.0264  0.0281  0.0256  0.0257
registration optimization eta report
parameter search radius
    2.4000    2.4000    2.4000    9.5220   10.9503    9.5220
    7.2000    7.2000    7.2000    8.2800    7.2000    7.2000
100000*second partial in parameter space
       45.       36.       26.        3.        4.        6.
        4.        7.        3.        5.        1.        2.
  0.0274  0.0271  0.0263  0.0275  0.0290  0.0299  0.0267  0.0286  0.0264  0.0282  0.0255  0.0256
  0.0260  0.0258  0.0254  0.0262  0.0269  0.0279  0.0257  0.0265  0.0256  0.0266  0.0251  0.0252
  0.0251  0.0251  0.0249  0.0254  0.0255  0.0263  0.0251  0.0253  0.0251  0.0254  0.0249  0.0249
  0.0248  0.0248  0.0248  0.0248  0.0248  0.0248  0.0249  0.0249  0.0249  0.0249  0.0248  0.0248
  0.0251  0.0250  0.0251  0.0246  0.0252  0.0248  0.0251  0.0254  0.0250  0.0250  0.0250  0.0249
  0.0259  0.0257  0.0256  0.0255  0.0268  0.0273  0.0257  0.0265  0.0255  0.0261  0.0252  0.0252
  0.0274  0.0267  0.0263  0.0283  0.0297  0.0313  0.0268  0.0284  0.0264  0.0281  0.0256  0.0257
   -2.9135  -10.7304    2.5629   -9.3499  -20.6751  -13.6666
    9.2549    6.9499   -9.0472   22.3080   -3.9635  -29.8066
eta,q 0.97515 10.50023

---------------------------------------------------------------------
imgreg_4dfp /opt/freesurfer/average/711-2C_as_mni_average_305 /opt/freesurfer/average/711-2B_as_mni_average_305_mask talsrcimg_g11 none talsrcimg_to_711-2C_as_mni_average_305_t4 2311
---------------------------------------------------------------------

freesurfer imgreg_4dfp.c
/opt/freesurfer/average/711-2C_as_mni_average_305.4dfp.img
       256       256       256         1
  1.000000  1.000000  1.000000
orientation T byte_order littleendian
Reading image: /opt/freesurfer/average/711-2C_as_mni_average_305.4dfp.img
dimensions:      256       256       256
mmppix:       1.0000   -1.0000   -1.0000
center:     128.0000 -129.0000 -129.0000
/opt/freesurfer/average/711-2B_as_mni_average_305_mask.4dfp.img
       256       256       256         1
  1.000000  1.000000  1.000000
orientation T byte_order littleendian
Reading mask: /opt/freesurfer/average/711-2B_as_mni_average_305_mask.4dfp.img (2306576 pixels)
talsrcimg_g11.4dfp.img
       256       256       256         1
  1.000000  1.000000  1.000000
orientation T byte_order littleendian
Reading image: talsrcimg_g11.4dfp.img
dimensions:      256       256       256
mmppix:       1.0000   -1.0000   -1.0000
center:     128.0000 -129.0000 -129.0000
fimgreg.f
image alignment mode   2311 decimal      907 hex
parameters
   -2.9135  -10.7304    2.5629   -9.3499  -20.6751  -13.6666
    9.2549    6.9499   -9.0472   22.3080   -3.9635  -29.8066
eta,q 0.97515 10.50023
niter,ni,del,rscale     5    3    5.0000    0.8000
parameters
   -2.8743  -10.6622    2.4487   -7.0702  -20.1352  -12.7224
    8.6427    7.0957   -9.0642   22.2770   -3.3058  -29.9711
eta,q 0.97562 10.65971
  0.0260  0.0259  0.0254  0.0258  0.0257  0.0270  0.0251  0.0265  0.0251  0.0255  0.0250  0.0248
  0.0254  0.0253  0.0251  0.0254  0.0252  0.0262  0.0246  0.0254  0.0247  0.0249  0.0247  0.0245
  0.0250  0.0250  0.0249  0.0251  0.0248  0.0253  0.0244  0.0247  0.0245  0.0245  0.0245  0.0244
  0.0248  0.0248  0.0248  0.0248  0.0246  0.0246  0.0244  0.0244  0.0244  0.0244  0.0244  0.0244
  0.0249  0.0249  0.0250  0.0247  0.0246  0.0244  0.0246  0.0246  0.0245  0.0245  0.0244  0.0244
  0.0253  0.0252  0.0252  0.0247  0.0249  0.0248  0.0249  0.0252  0.0247  0.0249  0.0245  0.0246
  0.0260  0.0257  0.0256  0.0249  0.0254  0.0259  0.0255  0.0263  0.0251  0.0256  0.0248  0.0248
niter,ni,del,rscale     4    3    5.0000    0.7000
parameters
   -2.9594  -10.7956    2.5966   -7.4468  -19.8278  -12.3466
    8.9005    6.9173   -9.3962   21.9365   -2.9622  -29.7843
eta,q 0.97570 10.66735
  0.0253  0.0250  0.0251  0.0249  0.0252  0.0263  0.0251  0.0258  0.0248  0.0251  0.0248  0.0247
  0.0247  0.0246  0.0247  0.0247  0.0248  0.0255  0.0247  0.0249  0.0245  0.0246  0.0245  0.0245
  0.0244  0.0244  0.0245  0.0245  0.0245  0.0248  0.0244  0.0245  0.0243  0.0244  0.0244  0.0244
  0.0244  0.0244  0.0244  0.0244  0.0244  0.0244  0.0243  0.0243  0.0243  0.0243  0.0243  0.0243
  0.0245  0.0245  0.0244  0.0244  0.0244  0.0243  0.0244  0.0245  0.0244  0.0244  0.0243  0.0243
  0.0249  0.0248  0.0246  0.0247  0.0246  0.0249  0.0246  0.0251  0.0246  0.0248  0.0244  0.0244
  0.0255  0.0252  0.0248  0.0254  0.0250  0.0259  0.0249  0.0260  0.0250  0.0254  0.0246  0.0246
niter,ni,del,rscale     3    3    5.0000    0.6000
parameters
   -3.0027  -10.9459    2.7300   -7.3470  -19.4299  -12.0710
    8.9630    6.8558   -9.6437   21.5389   -2.7157  -29.5338
eta,q 0.97577 10.69280
  0.0250  0.0247  0.0249  0.0248  0.0249  0.0258  0.0248  0.0254  0.0246  0.0248  0.0246  0.0245
  0.0246  0.0245  0.0246  0.0246  0.0246  0.0252  0.0245  0.0248  0.0244  0.0245  0.0244  0.0244
  0.0244  0.0243  0.0244  0.0244  0.0244  0.0246  0.0243  0.0244  0.0243  0.0243  0.0243  0.0243
  0.0243  0.0243  0.0243  0.0243  0.0243  0.0243  0.0242  0.0242  0.0242  0.0242  0.0242  0.0242
  0.0244  0.0244  0.0243  0.0243  0.0243  0.0243  0.0243  0.0244  0.0243  0.0244  0.0243  0.0243
  0.0247  0.0247  0.0244  0.0245  0.0244  0.0247  0.0245  0.0248  0.0245  0.0247  0.0243  0.0243
  0.0251  0.0250  0.0246  0.0248  0.0247  0.0256  0.0247  0.0255  0.0247  0.0251  0.0245  0.0245
niter,ni,del,rscale     2    3    5.0000    0.5000
parameters
   -3.0213  -11.0898    2.8198   -7.1933  -19.0737  -11.8496
    8.9941    6.8161   -9.8386   21.1957   -2.5760  -29.2696
eta,q 0.97581 10.71668
  0.0247  0.0245  0.0246  0.0246  0.0247  0.0254  0.0246  0.0250  0.0245  0.0246  0.0244  0.0244
  0.0244  0.0243  0.0244  0.0244  0.0245  0.0248  0.0244  0.0246  0.0243  0.0243  0.0243  0.0243
  0.0243  0.0242  0.0243  0.0243  0.0243  0.0244  0.0242  0.0243  0.0242  0.0242  0.0242  0.0242
  0.0242  0.0242  0.0242  0.0242  0.0242  0.0242  0.0242  0.0242  0.0242  0.0242  0.0242  0.0242
  0.0243  0.0243  0.0242  0.0242  0.0242  0.0242  0.0242  0.0243  0.0242  0.0243  0.0242  0.0242
  0.0245  0.0245  0.0243  0.0243  0.0243  0.0245  0.0243  0.0246  0.0244  0.0245  0.0243  0.0242
  0.0248  0.0247  0.0245  0.0246  0.0245  0.0252  0.0245  0.0251  0.0245  0.0248  0.0244  0.0243
niter,ni,del,rscale     1    3    5.0000    0.4000
parameters
   -3.0401  -11.2051    2.8917   -7.0841  -18.8105  -11.6786
    9.0110    6.7972   -9.9662   20.9398   -2.4451  -29.0678
eta,q 0.97584 10.73421
  0.0245  0.0244  0.0244  0.0244  0.0245  0.0250  0.0244  0.0247  0.0243  0.0244  0.0243  0.0243
  0.0243  0.0242  0.0243  0.0243  0.0243  0.0246  0.0243  0.0244  0.0242  0.0243  0.0242  0.0242
  0.0242  0.0242  0.0242  0.0242  0.0242  0.0243  0.0242  0.0242  0.0242  0.0242  0.0242  0.0242
  0.0242  0.0242  0.0242  0.0242  0.0242  0.0242  0.0242  0.0242  0.0242  0.0242  0.0242  0.0242
  0.0242  0.0242  0.0242  0.0242  0.0242  0.0242  0.0242  0.0242  0.0242  0.0242  0.0242  0.0242
  0.0243  0.0243  0.0242  0.0243  0.0243  0.0244  0.0243  0.0244  0.0243  0.0244  0.0242  0.0242
  0.0245  0.0245  0.0244  0.0244  0.0244  0.0248  0.0244  0.0247  0.0244  0.0246  0.0243  0.0243
registration optimization eta report
parameter search radius
    0.8000    0.8000    0.8000    2.4000    2.4000    2.4000
    2.4000    2.4000    2.4000    2.4000    2.4000    2.4000
100000*second partial in parameter space
       52.       41.       33.        4.        5.       12.
        4.       10.        4.        6.        2.        2.
  0.0245  0.0244  0.0244  0.0244  0.0245  0.0250  0.0244  0.0247  0.0243  0.0244  0.0243  0.0243
  0.0243  0.0242  0.0243  0.0243  0.0243  0.0246  0.0243  0.0244  0.0242  0.0243  0.0242  0.0242
  0.0242  0.0242  0.0242  0.0242  0.0242  0.0243  0.0242  0.0242  0.0242  0.0242  0.0242  0.0242
  0.0242  0.0242  0.0242  0.0242  0.0242  0.0242  0.0242  0.0242  0.0242  0.0242  0.0242  0.0242
  0.0242  0.0242  0.0242  0.0242  0.0242  0.0242  0.0242  0.0242  0.0242  0.0242  0.0242  0.0242
  0.0243  0.0243  0.0242  0.0243  0.0243  0.0244  0.0243  0.0244  0.0243  0.0244  0.0242  0.0242
  0.0245  0.0245  0.0244  0.0244  0.0244  0.0248  0.0244  0.0247  0.0244  0.0246  0.0243  0.0243
   -3.0401  -11.2051    2.8917   -7.0841  -18.8105  -11.6786
    9.0110    6.7972   -9.9662   20.9398   -2.4451  -29.0678
eta,q 0.97584 10.73421

---------------------------------------------------------------------
imgreg_4dfp /opt/freesurfer/average/711-2C_as_mni_average_305 /opt/freesurfer/average/711-2B_as_mni_average_305_mask talsrcimg_g11 none talsrcimg_to_711-2C_as_mni_average_305_t4 2311
---------------------------------------------------------------------

freesurfer imgreg_4dfp.c
/opt/freesurfer/average/711-2C_as_mni_average_305.4dfp.img
       256       256       256         1
  1.000000  1.000000  1.000000
orientation T byte_order littleendian
Reading image: /opt/freesurfer/average/711-2C_as_mni_average_305.4dfp.img
dimensions:      256       256       256
mmppix:       1.0000   -1.0000   -1.0000
center:     128.0000 -129.0000 -129.0000
/opt/freesurfer/average/711-2B_as_mni_average_305_mask.4dfp.img
       256       256       256         1
  1.000000  1.000000  1.000000
orientation T byte_order littleendian
Reading mask: /opt/freesurfer/average/711-2B_as_mni_average_305_mask.4dfp.img (2306576 pixels)
talsrcimg_g11.4dfp.img
       256       256       256         1
  1.000000  1.000000  1.000000
orientation T byte_order littleendian
Reading image: talsrcimg_g11.4dfp.img
dimensions:      256       256       256
mmppix:       1.0000   -1.0000   -1.0000
center:     128.0000 -129.0000 -129.0000
fimgreg.f
image alignment mode   2311 decimal      907 hex
parameters
   -3.0401  -11.2051    2.8917   -7.0841  -18.8105  -11.6786
    9.0110    6.7972   -9.9662   20.9398   -2.4451  -29.0678
eta,q 0.97584 10.73420
niter,ni,del,rscale     5    3    5.0000    0.8000
parameters
   -3.0504  -11.2525    2.9939   -7.7215  -18.8803  -11.8509
    9.2854    6.6792   -9.9571   20.7903   -2.5382  -28.8053
eta,q 0.97580 10.69575
  0.0255  0.0252  0.0252  0.0249  0.0252  0.0263  0.0252  0.0262  0.0250  0.0254  0.0247  0.0247
  0.0248  0.0246  0.0246  0.0245  0.0247  0.0254  0.0247  0.0251  0.0246  0.0247  0.0244  0.0244
  0.0243  0.0242  0.0243  0.0243  0.0243  0.0246  0.0243  0.0244  0.0243  0.0243  0.0242  0.0243
  0.0242  0.0242  0.0242  0.0242  0.0242  0.0242  0.0242  0.0242  0.0242  0.0242  0.0242  0.0242
  0.0243  0.0243  0.0242  0.0243  0.0243  0.0244  0.0243  0.0245  0.0243  0.0243  0.0243  0.0242
  0.0248  0.0247  0.0245  0.0247  0.0246  0.0254  0.0245  0.0252  0.0246  0.0248  0.0244  0.0244
  0.0255  0.0253  0.0249  0.0257  0.0253  0.0269  0.0250  0.0264  0.0250  0.0256  0.0247  0.0246
niter,ni,del,rscale     4    3    5.0000    0.7000
parameters
   -3.0386  -11.2810    2.9639   -7.5509  -18.7328  -11.8004
    9.2237    6.7037   -9.9806   20.7116   -2.4890  -28.7887
eta,q 0.97582 10.71016
  0.0252  0.0250  0.0248  0.0249  0.0250  0.0260  0.0249  0.0258  0.0248  0.0251  0.0246  0.0246
  0.0247  0.0245  0.0245  0.0246  0.0246  0.0252  0.0245  0.0249  0.0245  0.0246  0.0244  0.0243
  0.0243  0.0243  0.0242  0.0244  0.0243  0.0246  0.0242  0.0244  0.0242  0.0243  0.0242  0.0242
  0.0242  0.0242  0.0242  0.0242  0.0242  0.0242  0.0242  0.0242  0.0242  0.0242  0.0242  0.0242
  0.0243  0.0243  0.0243  0.0242  0.0242  0.0243  0.0243  0.0244  0.0243  0.0243  0.0242  0.0242
  0.0246  0.0246  0.0245  0.0244  0.0245  0.0250  0.0245  0.0249  0.0245  0.0246  0.0244  0.0243
  0.0252  0.0250  0.0249  0.0249  0.0249  0.0262  0.0249  0.0258  0.0248  0.0252  0.0246  0.0245
niter,ni,del,rscale     3    3    5.0000    0.6000
parameters
   -3.0474  -11.3132    2.9578   -7.3599  -18.6324  -11.7124
    9.1860    6.7070  -10.0266   20.6551   -2.4271  -28.7830
eta,q 0.97584 10.72460
  0.0249  0.0248  0.0247  0.0247  0.0248  0.0256  0.0247  0.0254  0.0246  0.0249  0.0245  0.0244
  0.0245  0.0244  0.0244  0.0245  0.0245  0.0250  0.0244  0.0247  0.0244  0.0245  0.0243  0.0243
  0.0243  0.0242  0.0242  0.0243  0.0243  0.0244  0.0242  0.0243  0.0242  0.0243  0.0242  0.0242
  0.0242  0.0242  0.0242  0.0242  0.0242  0.0242  0.0242  0.0242  0.0242  0.0242  0.0242  0.0242
  0.0243  0.0243  0.0242  0.0242  0.0242  0.0242  0.0242  0.0243  0.0242  0.0242  0.0242  0.0242
  0.0245  0.0245  0.0244  0.0243  0.0244  0.0247  0.0244  0.0247  0.0244  0.0245  0.0243  0.0243
  0.0249  0.0248  0.0247  0.0247  0.0248  0.0257  0.0247  0.0254  0.0246  0.0249  0.0245  0.0244
niter,ni,del,rscale     2    3    5.0000    0.5000
parameters
   -3.0550  -11.3341    2.9664   -7.2089  -18.5564  -11.6229
    9.1537    6.7208  -10.0677   20.6194   -2.3723  -28.7525
eta,q 0.97585 10.73652
  0.0247  0.0246  0.0245  0.0246  0.0246  0.0253  0.0245  0.0250  0.0245  0.0246  0.0244  0.0243
  0.0244  0.0243  0.0243  0.0244  0.0244  0.0247  0.0243  0.0245  0.0243  0.0244  0.0242  0.0242
  0.0242  0.0242  0.0242  0.0242  0.0242  0.0243  0.0242  0.0243  0.0242  0.0242  0.0242  0.0242
  0.0242  0.0242  0.0242  0.0242  0.0242  0.0242  0.0241  0.0241  0.0241  0.0241  0.0242  0.0242
  0.0242  0.0242  0.0242  0.0242  0.0242  0.0242  0.0242  0.0242  0.0242  0.0242  0.0242  0.0242
  0.0244  0.0244  0.0243  0.0243  0.0243  0.0246  0.0243  0.0245  0.0243  0.0244  0.0242  0.0242
  0.0247  0.0246  0.0245  0.0245  0.0246  0.0252  0.0245  0.0250  0.0245  0.0247  0.0244  0.0243
niter,ni,del,rscale     1    3    5.0000    0.4000
parameters
   -3.0646  -11.3572    2.9804   -7.0869  -18.4925  -11.5410
    9.1165    6.7210  -10.0997   20.5850   -2.3251  -28.7390
eta,q 0.97586 10.74627
  0.0245  0.0244  0.0244  0.0244  0.0244  0.0249  0.0244  0.0247  0.0243  0.0245  0.0243  0.0243
  0.0243  0.0243  0.0242  0.0243  0.0243  0.0245  0.0242  0.0244  0.0242  0.0243  0.0242  0.0242
  0.0242  0.0242  0.0242  0.0242  0.0242  0.0243  0.0242  0.0242  0.0242  0.0242  0.0242  0.0241
  0.0242  0.0241  0.0241  0.0241  0.0241  0.0241  0.0241  0.0241  0.0241  0.0241  0.0241  0.0241
  0.0242  0.0242  0.0242  0.0242  0.0242  0.0242  0.0242  0.0242  0.0242  0.0242  0.0241  0.0241
  0.0243  0.0243  0.0242  0.0242  0.0243  0.0244  0.0243  0.0244  0.0242  0.0243  0.0242  0.0242
  0.0245  0.0244  0.0244  0.0244  0.0244  0.0248  0.0244  0.0247  0.0244  0.0245  0.0243  0.0243
registration optimization eta report
parameter search radius
    0.8000    0.8000    0.8000    2.4000    2.4000    2.4000
    2.4000    2.4000    2.4000    2.4000    2.4000    2.4000
100000*second partial in parameter space
       53.       43.       34.        4.        5.       12.
        4.       10.        4.        6.        2.        2.
  0.0245  0.0244  0.0244  0.0244  0.0244  0.0249  0.0244  0.0247  0.0243  0.0245  0.0243  0.0243
  0.0243  0.0243  0.0242  0.0243  0.0243  0.0245  0.0242  0.0244  0.0242  0.0243  0.0242  0.0242
  0.0242  0.0242  0.0242  0.0242  0.0242  0.0243  0.0242  0.0242  0.0242  0.0242  0.0242  0.0241
  0.0242  0.0241  0.0241  0.0241  0.0241  0.0241  0.0241  0.0241  0.0241  0.0241  0.0241  0.0241
  0.0242  0.0242  0.0242  0.0242  0.0242  0.0242  0.0242  0.0242  0.0242  0.0242  0.0241  0.0241
  0.0243  0.0243  0.0242  0.0242  0.0243  0.0244  0.0243  0.0244  0.0242  0.0243  0.0242  0.0242
  0.0245  0.0244  0.0244  0.0244  0.0244  0.0248  0.0244  0.0247  0.0244  0.0245  0.0243  0.0243
   -3.0646  -11.3572    2.9804   -7.0869  -18.4925  -11.5410
    9.1165    6.7210  -10.0997   20.5850   -2.3251  -28.7390
eta,q 0.97586 10.74627

---------------------------------------------------------------------
compute_vox2vox talsrcimg talsrcimg_to_711-2C_as_mni_average_305_t4 /opt/freesurfer/average/711-2C_as_mni_average_305
---------------------------------------------------------------------

freesurfer compute_vox2vox.c
Reading: talsrcimg.4dfp.ifh
Reading: talsrcimg_to_711-2C_as_mni_average_305_t4
Reading: /opt/freesurfer/average/711-2C_as_mni_average_305.4dfp.ifh
Writing: talsrcimg_to_711-2C_as_mni_average_305_t4_vox2vox.txt

start time Fri Mar 6 06:37:32 CET 2026
end		time Fri Mar 6 06:37:47 CET 2026

mpr2mni305 success

avi2talxfm orig_nu.mgz /opt/freesurfer/average/mni305.cor.mgz talsrcimg_to_711-2C_as_mni_average_305_t4_vox2vox.txt transforms/talairach.auto.xfm
avi2talxfm done
mv -f /out/sourcedata/freesurfer/sub-v1s10x0051006_ses-1/mri/talsrcimg_to_711-2C_as_mni_average_305_t4_vox2vox.txt /out/sourcedata/freesurfer/sub-v1s10x0051006_ses-1/mri/transforms/talsrcimg_to_711-2C_as_mni_average_305_t4_vox2vox.txt
lta_convert --src orig_nu.mgz --trg /opt/freesurfer/average/mni305.cor.mgz --inxfm transforms/talairach.auto.xfm --outlta transforms/talairach.auto.xfm.lta --subject fsaverage
7.3.2

--src: orig_nu.mgz src image (geometry).
--trg: /opt/freesurfer/average/mni305.cor.mgz trg image (geometry).
--inmni: transforms/talairach.auto.xfm input MNI/XFM transform.
--outlta: transforms/talairach.auto.xfm.lta output LTA.
--s: fsaverage subject name
 LTA read, type : 1
 1.06028  -0.04895  -0.13585  -1.78285;
 0.06520   1.04174   0.36002  -0.40809;
 0.11491  -0.26916   1.11912   12.33670;
 0.00000   0.00000   0.00000   1.00000;
setting subject to fsaverage
Writing  LTA to file transforms/talairach.auto.xfm.lta...
lta_convert successful.
 
 
Started at Fri Mar 6 06:37:32 CET 2026
Ended   at Fri Mar  6 06:37:47 CET 2026
talairach_avi done
