status file for recon-all
Fri Mar  6 23:31:50 CET 2026
#@# MotionCor Fri Mar  6 23:31:52 CET 2026
#@# Talairach Fri Mar  6 23:31:57 CET 2026
#@# Talairach Failure Detection Fri Mar  6 23:34:47 CET 2026
#@# Nu Intensity Correction Fri Mar  6 23:34:47 CET 2026
#@# Intensity Normalization Fri Mar  6 23:37:32 CET 2026
recon-all -s sub-v1s17x0051142_ses-1 finished without error at Fri Mar  6 23:38:39 CET 2026



#New# invocation of recon-all 



status file for recon-all
Fri Mar  6 23:45:13 CET 2026
#@# EM Registration Fri Mar  6 23:45:13 CET 2026
recon-all -s sub-v1s17x0051142_ses-1 finished without error at Fri Mar  6 23:46:44 CET 2026



#New# invocation of recon-all 



status file for recon-all
Fri Mar  6 23:46:47 CET 2026
#@# CA Normalize Fri Mar  6 23:46:47 CET 2026
#@# CA Reg Fri Mar  6 23:47:40 CET 2026
#@# SubCort Seg Sat Mar  7 00:39:09 CET 2026
#@# CC Seg Sat Mar  7 01:01:59 CET 2026
#@# Merge ASeg Sat Mar  7 01:02:31 CET 2026
#@# Intensity Normalization2 Sat Mar  7 01:02:31 CET 2026
#@# Mask BFS Sat Mar  7 01:04:02 CET 2026
#@# WM Segmentation Sat Mar  7 01:04:03 CET 2026
#@# Fill Sat Mar  7 01:05:44 CET 2026
recon-all -s sub-v1s17x0051142_ses-1 finished without error at Sat Mar  7 01:06:22 CET 2026



#New# invocation of recon-all 



status file for recon-all
Sat Mar  7 01:56:05 CET 2026
#@# white curv lh Sat Mar  7 01:56:05 CET 2026
#@# white area lh Sat Mar  7 01:56:05 CET 2026
#@# pial curv lh Sat Mar  7 01:56:05 CET 2026
#@# pial area lh Sat Mar  7 01:56:05 CET 2026
#@# thickness lh Sat Mar  7 01:56:05 CET 2026
#@# area and vertex vol lh Sat Mar  7 01:56:05 CET 2026
#@# white curv rh Sat Mar  7 01:56:05 CET 2026
#@# white area rh Sat Mar  7 01:56:05 CET 2026
#@# pial curv rh Sat Mar  7 01:56:05 CET 2026
#@# pial area rh Sat Mar  7 01:56:05 CET 2026
#@# thickness rh Sat Mar  7 01:56:05 CET 2026
#@# area and vertex vol rh Sat Mar  7 01:56:05 CET 2026
#@# Cortical ribbon mask Sat Mar  7 01:56:05 CET 2026
recon-all -s sub-v1s17x0051142_ses-1 finished without error at Sat Mar  7 02:02:42 CET 2026



#New# invocation of recon-all 



status file for recon-all
Sat Mar  7 02:08:55 CET 2026
#@# white curv lh Sat Mar  7 02:08:55 CET 2026
#@# white area lh Sat Mar  7 02:08:55 CET 2026
#@# pial curv lh Sat Mar  7 02:08:55 CET 2026
#@# pial area lh Sat Mar  7 02:08:55 CET 2026
#@# thickness lh Sat Mar  7 02:08:55 CET 2026
#@# area and vertex vol lh Sat Mar  7 02:08:55 CET 2026
#@# white curv rh Sat Mar  7 02:08:55 CET 2026
#@# white area rh Sat Mar  7 02:08:55 CET 2026
#@# pial curv rh Sat Mar  7 02:08:55 CET 2026
#@# pial area rh Sat Mar  7 02:08:55 CET 2026
#@# thickness rh Sat Mar  7 02:08:55 CET 2026
#@# area and vertex vol rh Sat Mar  7 02:08:55 CET 2026
#@# Curvature Stats lh Sat Mar  7 02:08:55 CET 2026
#@# Curvature Stats rh Sat Mar  7 02:08:58 CET 2026
#@# Relabel Hypointensities Sat Mar  7 02:09:00 CET 2026
#@# APas-to-ASeg Sat Mar  7 02:09:12 CET 2026
#@# AParc-to-ASeg aparc Sat Mar  7 02:09:20 CET 2026
#@# AParc-to-ASeg aparc.a2009s Sat Mar  7 02:09:48 CET 2026
#@# AParc-to-ASeg aparc.DKTatlas Sat Mar  7 02:10:18 CET 2026
#@# WMParc Sat Mar  7 02:10:48 CET 2026
#@# ASeg Stats Sat Mar  7 02:12:44 CET 2026
recon-all -s sub-v1s17x0051142_ses-1 finished without error at Sat Mar  7 02:13:05 CET 2026
