status file for recon-all
Fri Mar  6 23:08:21 CET 2026
#@# MotionCor Fri Mar  6 23:08:23 CET 2026
#@# Talairach Fri Mar  6 23:08:30 CET 2026
#@# Talairach Failure Detection Fri Mar  6 23:12:54 CET 2026
#@# Nu Intensity Correction Fri Mar  6 23:12:54 CET 2026
#@# Intensity Normalization Fri Mar  6 23:16:09 CET 2026
recon-all -s sub-v1s17x0051136_ses-1 finished without error at Fri Mar  6 23:17:37 CET 2026



#New# invocation of recon-all 



status file for recon-all
Fri Mar  6 23:25:15 CET 2026
#@# EM Registration Fri Mar  6 23:25:15 CET 2026
recon-all -s sub-v1s17x0051136_ses-1 finished without error at Fri Mar  6 23:27:26 CET 2026



#New# invocation of recon-all 



status file for recon-all
Fri Mar  6 23:27:29 CET 2026
#@# CA Normalize Fri Mar  6 23:27:29 CET 2026
#@# CA Reg Fri Mar  6 23:28:51 CET 2026
#@# SubCort Seg Sat Mar  7 00:15:53 CET 2026
#@# CC Seg Sat Mar  7 00:45:21 CET 2026
#@# Merge ASeg Sat Mar  7 00:45:53 CET 2026
#@# Intensity Normalization2 Sat Mar  7 00:45:53 CET 2026
#@# Mask BFS Sat Mar  7 00:48:09 CET 2026
#@# WM Segmentation Sat Mar  7 00:48:09 CET 2026
#@# Fill Sat Mar  7 00:50:12 CET 2026
recon-all -s sub-v1s17x0051136_ses-1 finished without error at Sat Mar  7 00:51:14 CET 2026



#New# invocation of recon-all 



status file for recon-all
Sat Mar  7 01:43:22 CET 2026
#@# white curv lh Sat Mar  7 01:43:22 CET 2026
#@# white area lh Sat Mar  7 01:43:22 CET 2026
#@# pial curv lh Sat Mar  7 01:43:22 CET 2026
#@# pial area lh Sat Mar  7 01:43:22 CET 2026
#@# thickness lh Sat Mar  7 01:43:22 CET 2026
#@# area and vertex vol lh Sat Mar  7 01:43:22 CET 2026
#@# white curv rh Sat Mar  7 01:43:22 CET 2026
#@# white area rh Sat Mar  7 01:43:22 CET 2026
#@# pial curv rh Sat Mar  7 01:43:22 CET 2026
#@# pial area rh Sat Mar  7 01:43:22 CET 2026
#@# thickness rh Sat Mar  7 01:43:22 CET 2026
#@# area and vertex vol rh Sat Mar  7 01:43:22 CET 2026
#@# Cortical ribbon mask Sat Mar  7 01:43:22 CET 2026
recon-all -s sub-v1s17x0051136_ses-1 finished without error at Sat Mar  7 01:50:38 CET 2026



#New# invocation of recon-all 



status file for recon-all
Sat Mar  7 01:58:04 CET 2026
#@# white curv lh Sat Mar  7 01:58:04 CET 2026
#@# white area lh Sat Mar  7 01:58:04 CET 2026
#@# pial curv lh Sat Mar  7 01:58:04 CET 2026
#@# pial area lh Sat Mar  7 01:58:04 CET 2026
#@# thickness lh Sat Mar  7 01:58:04 CET 2026
#@# area and vertex vol lh Sat Mar  7 01:58:04 CET 2026
#@# white curv rh Sat Mar  7 01:58:04 CET 2026
#@# white area rh Sat Mar  7 01:58:04 CET 2026
#@# pial curv rh Sat Mar  7 01:58:04 CET 2026
#@# pial area rh Sat Mar  7 01:58:04 CET 2026
#@# thickness rh Sat Mar  7 01:58:04 CET 2026
#@# area and vertex vol rh Sat Mar  7 01:58:04 CET 2026
#@# Curvature Stats lh Sat Mar  7 01:58:04 CET 2026
#@# Curvature Stats rh Sat Mar  7 01:58:07 CET 2026
#@# Relabel Hypointensities Sat Mar  7 01:58:10 CET 2026
#@# APas-to-ASeg Sat Mar  7 01:58:26 CET 2026
#@# AParc-to-ASeg aparc Sat Mar  7 01:58:34 CET 2026
#@# AParc-to-ASeg aparc.a2009s Sat Mar  7 01:59:21 CET 2026
#@# AParc-to-ASeg aparc.DKTatlas Sat Mar  7 02:00:14 CET 2026
#@# WMParc Sat Mar  7 02:01:05 CET 2026
#@# ASeg Stats Sat Mar  7 02:05:10 CET 2026
recon-all -s sub-v1s17x0051136_ses-1 finished without error at Sat Mar  7 02:05:50 CET 2026
