status file for recon-all
Sat Mar  7 01:46:10 CET 2026
#@# Tessellate rh Sat Mar  7 01:46:10 CET 2026
#@# Smooth1 rh Sat Mar  7 01:46:14 CET 2026
#@# Inflation1 rh Sat Mar  7 01:46:17 CET 2026
#@# QSphere rh Sat Mar  7 01:46:30 CET 2026
#@# Fix Topology rh Sat Mar  7 01:47:33 CET 2026
#@# Smooth2 rh Sat Mar  7 01:56:21 CET 2026
#@# Inflation2 rh Sat Mar  7 01:56:24 CET 2026
#@# Curv .H and .K rh Sat Mar  7 01:56:38 CET 2026
#@# Sphere rh Sat Mar  7 01:57:23 CET 2026
#@# Surf Reg rh Sat Mar  7 01:59:57 CET 2026
#@# Jacobian white rh Sat Mar  7 02:04:13 CET 2026
#@# AvgCurv rh Sat Mar  7 02:04:14 CET 2026
#@# Cortical Parc rh Sat Mar  7 02:04:15 CET 2026
#@# white curv rh Sat Mar  7 02:10:38 CET 2026
#@# white area rh Sat Mar  7 02:10:40 CET 2026
#@# pial curv rh Sat Mar  7 02:10:41 CET 2026
#@# pial area rh Sat Mar  7 02:10:43 CET 2026
#@# thickness rh Sat Mar  7 02:10:44 CET 2026
#@# area and vertex vol rh Sat Mar  7 02:11:12 CET 2026
#@# Curvature Stats rh Sat Mar  7 02:11:13 CET 2026
#@# Cortical Parc 2 rh Sat Mar  7 02:11:16 CET 2026
#@# Cortical Parc 3 rh Sat Mar  7 02:11:28 CET 2026
#@# WM/GM Contrast rh Sat Mar  7 02:11:38 CET 2026
recon-all -s sub-v1s13x0050014_ses-1 finished without error at Sat Mar  7 02:11:41 CET 2026



#New# invocation of recon-all 



status file for recon-all
Sat Mar  7 02:20:40 CET 2026
#@# white curv rh Sat Mar  7 02:20:40 CET 2026
#@# white area rh Sat Mar  7 02:20:40 CET 2026
#@# pial curv rh Sat Mar  7 02:20:40 CET 2026
#@# pial area rh Sat Mar  7 02:20:40 CET 2026
#@# thickness rh Sat Mar  7 02:20:40 CET 2026
#@# area and vertex vol rh Sat Mar  7 02:20:40 CET 2026
#@# Parcellation Stats rh Sat Mar  7 02:20:40 CET 2026
#@# Parcellation Stats 2 rh Sat Mar  7 02:20:57 CET 2026
#@# Parcellation Stats 3 rh Sat Mar  7 02:21:06 CET 2026
#@# BA_exvivo Labels rh Sat Mar  7 02:21:14 CET 2026
recon-all -s sub-v1s13x0050014_ses-1 finished without error at Sat Mar  7 02:23:49 CET 2026
