status file for recon-all
Fri Mar  6 12:23:10 CET 2026
#@# MotionCor Fri Mar  6 12:23:12 CET 2026
#@# Talairach Fri Mar  6 12:23:21 CET 2026
#@# Talairach Failure Detection Fri Mar  6 12:27:48 CET 2026
#@# Nu Intensity Correction Fri Mar  6 12:27:48 CET 2026
#@# Intensity Normalization Fri Mar  6 12:31:03 CET 2026
recon-all -s sub-v1s10x0051080_ses-1 finished without error at Fri Mar  6 12:32:26 CET 2026



#New# invocation of recon-all 



status file for recon-all
Fri Mar  6 12:39:39 CET 2026
#@# EM Registration Fri Mar  6 12:39:39 CET 2026
recon-all -s sub-v1s10x0051080_ses-1 finished without error at Fri Mar  6 12:41:47 CET 2026



#New# invocation of recon-all 



status file for recon-all
Fri Mar  6 12:41:49 CET 2026
#@# CA Normalize Fri Mar  6 12:41:49 CET 2026
#@# CA Reg Fri Mar  6 12:43:09 CET 2026
#@# SubCort Seg Fri Mar  6 13:32:48 CET 2026
#@# CC Seg Fri Mar  6 14:03:06 CET 2026
#@# Merge ASeg Fri Mar  6 14:03:40 CET 2026
#@# Intensity Normalization2 Fri Mar  6 14:03:40 CET 2026
#@# Mask BFS Fri Mar  6 14:05:47 CET 2026
#@# WM Segmentation Fri Mar  6 14:05:48 CET 2026
#@# Fill Fri Mar  6 14:07:41 CET 2026
recon-all -s sub-v1s10x0051080_ses-1 finished without error at Fri Mar  6 14:08:42 CET 2026



#New# invocation of recon-all 



status file for recon-all
Fri Mar  6 15:04:49 CET 2026
#@# white curv lh Fri Mar  6 15:04:49 CET 2026
#@# white area lh Fri Mar  6 15:04:49 CET 2026
#@# pial curv lh Fri Mar  6 15:04:49 CET 2026
#@# pial area lh Fri Mar  6 15:04:49 CET 2026
#@# thickness lh Fri Mar  6 15:04:49 CET 2026
#@# area and vertex vol lh Fri Mar  6 15:04:49 CET 2026
#@# white curv rh Fri Mar  6 15:04:49 CET 2026
#@# white area rh Fri Mar  6 15:04:49 CET 2026
#@# pial curv rh Fri Mar  6 15:04:49 CET 2026
#@# pial area rh Fri Mar  6 15:04:49 CET 2026
#@# thickness rh Fri Mar  6 15:04:49 CET 2026
#@# area and vertex vol rh Fri Mar  6 15:04:49 CET 2026
#@# Cortical ribbon mask Fri Mar  6 15:04:49 CET 2026
recon-all -s sub-v1s10x0051080_ses-1 finished without error at Fri Mar  6 15:10:22 CET 2026



#New# invocation of recon-all 



status file for recon-all
Fri Mar  6 15:17:30 CET 2026
#@# white curv lh Fri Mar  6 15:17:30 CET 2026
#@# white area lh Fri Mar  6 15:17:30 CET 2026
#@# pial curv lh Fri Mar  6 15:17:30 CET 2026
#@# pial area lh Fri Mar  6 15:17:30 CET 2026
#@# thickness lh Fri Mar  6 15:17:30 CET 2026
#@# area and vertex vol lh Fri Mar  6 15:17:30 CET 2026
#@# white curv rh Fri Mar  6 15:17:30 CET 2026
#@# white area rh Fri Mar  6 15:17:30 CET 2026
#@# pial curv rh Fri Mar  6 15:17:30 CET 2026
#@# pial area rh Fri Mar  6 15:17:30 CET 2026
#@# thickness rh Fri Mar  6 15:17:30 CET 2026
#@# area and vertex vol rh Fri Mar  6 15:17:30 CET 2026
#@# Curvature Stats lh Fri Mar  6 15:17:30 CET 2026
#@# Curvature Stats rh Fri Mar  6 15:17:33 CET 2026
#@# Relabel Hypointensities Fri Mar  6 15:17:35 CET 2026
#@# APas-to-ASeg Fri Mar  6 15:17:52 CET 2026
#@# AParc-to-ASeg aparc Fri Mar  6 15:18:02 CET 2026
#@# AParc-to-ASeg aparc.a2009s Fri Mar  6 15:18:59 CET 2026
#@# AParc-to-ASeg aparc.DKTatlas Fri Mar  6 15:19:52 CET 2026
#@# WMParc Fri Mar  6 15:20:38 CET 2026
#@# ASeg Stats Fri Mar  6 15:24:23 CET 2026
recon-all -s sub-v1s10x0051080_ses-1 finished without error at Fri Mar  6 15:25:01 CET 2026
