/out/sourcedata/freesurfer/sub-v1s10x0051108_ses-1/mri
/opt/freesurfer/bin/talairach_avi
--i orig_nu.mgz --xfm transforms/talairach.auto.xfm
talairach_avi 7.3.2
Linux dna050 5.14.0-427.37.1.el9_4.x86_64 #1 SMP PREEMPT_DYNAMIC Fri Sep 13 12:41:50 EDT 2024 x86_64 x86_64 x86_64 GNU/Linux
Fri Mar  6 14:16:37 CET 2026
mri_convert orig_nu.mgz talsrcimg.img 
reading from orig_nu.mgz...
TR=0.00, TE=0.00, TI=0.00, flip angle=0.00
i_ras = (-1, 0, 0)
j_ras = (0, 0, -1)
k_ras = (0, 1, 0)
writing to talsrcimg.img...
Analyze Output Matrix
-1.00000   0.00000   0.00000   134.00247;
 0.00000   0.00000   1.00000  -128.00000;
 0.00000  -1.00000   0.00000   126.38554;
 0.00000   0.00000   0.00000   1.00000;
--------------------
INFO: set hdr.hist.orient to -1
mpr2mni305 talsrcimg
Fri Mar  6 14:16:37 CET 2026
/opt/freesurfer/bin/mpr2mni305 talsrcimg
mpr2mni305 7.3.2
target=711-2C_as_mni_average_305

---------------------------------------------------------------------
analyzeto4dfp talsrcimg -O0 -y
---------------------------------------------------------------------

freesurfer ifh2hdr.c
Fri Mar  6 14:16:38 2026
Writing: talsrcimg.4dfp.hdr
freesurfer analyzeto4dfp.c
Reading: talsrcimg.hdr
header size 348 bytes
hdr.dime.datatype	offset=70	value=2
hdr.dime.bitpix		offset=72	value=8
hdr.hist.orient		offset=252	value=-1
dimensionality     4
dimensions       256       256       256         1
Reading: talsrcimg.img
Writing: talsrcimg.4dfp.img
Writing: talsrcimg.4dfp.ifh
ifh2hdr talsrcimg -r0to227
ori=2

---------------------------------------------------------------------
gauss_4dfp talsrcimg 1.1
---------------------------------------------------------------------

freesurfer gauss_4dfp.c
Reading: talsrcimg.4dfp.img
Writing: talsrcimg_g11.4dfp.img
image dimensions 256 256 256 padded to 288 288 288
processing volume 1freesurfer ifh2hdr.c
Fri Mar  6 14:16:39 2026
Writing: talsrcimg_g11.4dfp.hdr

Writing: talsrcimg_g11.4dfp.ifh
including: talsrcimg.4dfp.img.rec in talsrcimg_g11.4dfp.img.rec

---------------------------------------------------------------------
imgreg_4dfp /opt/freesurfer/average/711-2C_as_mni_average_305 none talsrcimg_g11 none talsrcimg_to_711-2C_as_mni_average_305_t4 4355
---------------------------------------------------------------------

freesurfer imgreg_4dfp.c
/opt/freesurfer/average/711-2C_as_mni_average_305.4dfp.img
       256       256       256         1
  1.000000  1.000000  1.000000
orientation T byte_order littleendian
Reading image: /opt/freesurfer/average/711-2C_as_mni_average_305.4dfp.img
dimensions:      256       256       256
mmppix:       1.0000   -1.0000   -1.0000
center:     128.0000 -129.0000 -129.0000
talsrcimg_g11.4dfp.img
       256       256       256         1
  1.000000  1.000000  1.000000
orientation T byte_order littleendian
Reading image: talsrcimg_g11.4dfp.img
dimensions:      256       256       256
mmppix:       1.0000   -1.0000   -1.0000
center:     128.0000 -129.0000 -129.0000
t4_read: open error in t4_sub.f l:  41 t4_file(1:l)talsrcimg_to_711-2C_as_mni_average_305_t4 
t4_read: transform initialized to I4
rotation matrix determinant  1.000000
image alignment mode   4355 decimal     1103 hex
   -7.5000  -45.0000  -45.0000 8855.2988   17.3532
    0.0000  -45.0000  -45.0000 9197.0225   17.3627
    7.5000  -45.0000  -45.0000 8725.8770   17.3310
   -7.5000  -37.5000  -45.0000 9198.1885   17.3343
    0.0000  -37.5000  -45.0000 9559.3271   17.3411
    7.5000  -37.5000  -45.0000 9090.7812   17.3143
   -7.5000  -30.0000  -45.0000 9858.7998   17.3148
    0.0000  -30.0000  -45.000010247.8037   17.3317
    7.5000  -30.0000  -45.0000 9738.0527   17.3125
   -7.5000  -22.5000  -45.000010484.3584   17.3085
    0.0000  -22.5000  -45.000010902.7012   17.3384
    7.5000  -22.5000  -45.000010368.5000   17.3216
   -7.5000  -15.0000  -45.000011025.8213   17.3183
    0.0000  -15.0000  -45.000011479.7725   17.3518
    7.5000  -15.0000  -45.000010914.2227   17.3320
   -7.5000   -7.5000  -45.000011460.6182   17.3376
    0.0000   -7.5000  -45.000011937.2861   17.3606
    7.5000   -7.5000  -45.000011335.9043   17.3336
   -7.5000    0.0000  -45.000011834.9121   17.3471
    0.0000    0.0000  -45.000012296.8857   17.3565
    7.5000    0.0000  -45.000011721.0879   17.3250
   -7.5000    7.5000  -45.000011301.8369   17.3341
    0.0000    7.5000  -45.000011722.0811   17.3410
    7.5000    7.5000  -45.000011191.1143   17.3142
   -7.5000   15.0000  -45.000010615.4521   17.3148
    0.0000   15.0000  -45.000010994.3164   17.3317
    7.5000   15.0000  -45.000010500.4277   17.3125
   -7.5000   22.5000  -45.0000 9833.5352   17.3061
    0.0000   22.5000  -45.000010143.4414   17.3360
    7.5000   22.5000  -45.0000 9720.9658   17.3192
   -7.5000   30.0000  -45.0000 9029.4023   17.0883
    0.0000   30.0000  -45.0000 9305.1611   17.1214
    7.5000   30.0000  -45.0000 8927.9492   17.1019
   -7.5000   37.5000  -45.0000 8519.7197   17.1191
    0.0000   37.5000  -45.0000 8764.8047   17.1419
    7.5000   37.5000  -45.0000 8431.6367   17.1154
   -7.5000   45.0000  -45.0000 7615.1030   16.7429
    0.0000   45.0000  -45.0000 7832.0122   16.7527
    7.5000   45.0000  -45.0000 7513.9072   16.7225
   -7.5000  -45.0000  -37.5000 9359.8242   17.3096
    0.0000  -45.0000  -37.5000 9734.4395   17.3198
    7.5000  -45.0000  -37.5000 9243.1016   17.2928
   -7.5000  -37.5000  -37.5000 9733.6523   17.2906
    0.0000  -37.5000  -37.500010137.3057   17.2983
    7.5000  -37.5000  -37.5000 9612.9424   17.2761
   -7.5000  -30.0000  -37.500010418.4209   17.2744
    0.0000  -30.0000  -37.500010873.2910   17.2893
    7.5000  -30.0000  -37.500010297.7041   17.2741
   -7.5000  -22.5000  -37.500011069.8926   17.2715
    0.0000  -22.5000  -37.500011537.8555   17.2965
    7.5000  -22.5000  -37.500010932.4922   17.2830
   -7.5000  -15.0000  -37.500011641.7051   17.2814
    0.0000  -15.0000  -37.500012139.0303   17.3096
    7.5000  -15.0000  -37.500011483.6211   17.2926
   -7.5000   -7.5000  -37.500012100.8770   17.2972
    0.0000   -7.5000  -37.500012623.8564   17.3176
    7.5000   -7.5000  -37.500011942.3945   17.2942
   -7.5000    0.0000  -37.500012448.7861   17.3033
    0.0000    0.0000  -37.500012965.8145   17.3134
    7.5000    0.0000  -37.500012297.8330   17.2866
   -7.5000    7.5000  -37.500011849.4209   17.2905
    0.0000    7.5000  -37.500012317.1914   17.2982
    7.5000    7.5000  -37.500011705.7676   17.2760
   -7.5000   15.0000  -37.500011104.2607   17.2744
    0.0000   15.0000  -37.500011533.3164   17.2893
    7.5000   15.0000  -37.500010973.1729   17.2741
   -7.5000   22.5000  -37.500010282.0049   17.2691
    0.0000   22.5000  -37.500010646.7920   17.2941
    7.5000   22.5000  -37.500010162.1543   17.2806
   -7.5000   30.0000  -37.5000 9425.1357   17.0519
    0.0000   30.0000  -37.5000 9773.4980   17.0798
    7.5000   30.0000  -37.5000 9338.3711   17.0630
   -7.5000   37.5000  -37.5000 8884.0078   17.0795
    0.0000   37.5000  -37.5000 9184.5215   17.0999
    7.5000   37.5000  -37.5000 8810.4941   17.0769
   -7.5000   45.0000  -37.5000 7942.4673   16.7011
    0.0000   45.0000  -37.5000 8175.0737   16.7113
    7.5000   45.0000  -37.5000 7848.2627   16.6854
   -7.5000  -45.0000  -30.000010018.9248   18.0420
    0.0000  -45.0000  -30.000010436.6680   18.0557
    7.5000  -45.0000  -30.0000 9892.9248   18.0318
   -7.5000  -37.5000  -30.000010407.6035   18.0215
    0.0000  -37.5000  -30.000010855.7393   18.0351
    7.5000  -37.5000  -30.000010297.5381   18.0174
   -7.5000  -30.0000  -30.000011147.7549   18.0052
    0.0000  -30.0000  -30.000011633.6123   18.0254
    7.5000  -30.0000  -30.000011020.7070   18.0147
   -7.5000  -22.5000  -30.000011832.6055   18.0037
    0.0000  -22.5000  -30.000012331.8066   18.0317
    7.5000  -22.5000  -30.000011671.0986   18.0210
   -7.5000  -15.0000  -30.000012425.4141   18.0155
    0.0000  -15.0000  -30.000012952.6846   18.0443
    7.5000  -15.0000  -30.000012232.0322   18.0285
   -7.5000   -7.5000  -30.000012911.4219   18.0308
    0.0000   -7.5000  -30.000013479.3721   18.0518
    7.5000   -7.5000  -30.000012715.1250   18.0299
   -7.5000    0.0000  -30.000013255.6504   18.0352
    0.0000    0.0000  -30.000013837.1113   18.0488
    7.5000    0.0000  -30.000013068.2676   18.0251
   -7.5000    7.5000  -30.000012601.6426   18.0213
    0.0000    7.5000  -30.000013134.3379   18.0350
    7.5000    7.5000  -30.000012446.5732   18.0173
   -7.5000   15.0000  -30.000011817.0176   18.0052
    0.0000   15.0000  -30.000012305.5498   18.0254
    7.5000   15.0000  -30.000011665.3496   18.0147
   -7.5000   22.5000  -30.000010914.5391   17.9993
    0.0000   22.5000  -30.000011333.9111   18.0274
    7.5000   22.5000  -30.000010779.1875   18.0167
   -7.5000   30.0000  -30.0000 9992.0654   17.7778
    0.0000   30.0000  -30.000010368.5957   17.8062
    7.5000   30.0000  -30.0000 9875.5420   17.7907
   -7.5000   37.5000  -30.0000 9412.9355   17.8055
    0.0000   37.5000  -30.0000 9764.0303   17.8264
    7.5000   37.5000  -30.0000 9319.2666   17.8049
   -7.5000   45.0000  -30.0000 8389.6299   17.4208
    0.0000   45.0000  -30.0000 8673.7627   17.4342
    7.5000   45.0000  -30.0000 8301.5771   17.4114
   -7.5000  -45.0000  -22.500010658.1182   18.7030
    0.0000  -45.0000  -22.500011131.6182   18.7174
    7.5000  -45.0000  -22.500010557.0947   18.6926
   -7.5000  -37.5000  -22.500011049.3506   18.6808
    0.0000  -37.5000  -22.500011550.2471   18.6980
    7.5000  -37.5000  -22.500010959.0723   18.6808
   -7.5000  -30.0000  -22.500011809.7676   18.6600
    0.0000  -30.0000  -22.500012340.7686   18.6876
    7.5000  -30.0000  -22.500011676.1035   18.6784
   -7.5000  -22.5000  -22.500012547.1650   18.6561
    0.0000  -22.5000  -22.500013088.7100   18.6929
    7.5000  -22.5000  -22.500012363.4561   18.6832
   -7.5000  -15.0000  -22.500013179.1309   18.6699
    0.0000  -15.0000  -22.500013761.2002   18.7050
    7.5000  -15.0000  -22.500012985.0645   18.6891
   -7.5000   -7.5000  -22.500013702.5107   18.6891
    0.0000   -7.5000  -22.500014311.6064   18.7122
    7.5000   -7.5000  -22.500013504.8291   18.6895
   -7.5000    0.0000  -22.500014042.2285   18.6959
    0.0000    0.0000  -22.500014689.8877   18.7103
    7.5000    0.0000  -22.500013866.7949   18.6857
   -7.5000    7.5000  -22.500013288.6729   18.6806
    0.0000    7.5000  -22.500013898.4443   18.6978
    7.5000    7.5000  -22.500013143.0137   18.6806
   -7.5000   15.0000  -22.500012450.3447   18.6600
    0.0000   15.0000  -22.500012991.0400   18.6876
    7.5000   15.0000  -22.500012310.1270   18.6784
   -7.5000   22.5000  -22.500011511.8828   18.6503
    0.0000   22.5000  -22.500011981.8945   18.6871
    7.5000   22.5000  -22.500011388.1924   18.6774
   -7.5000   30.0000  -22.500010536.5098   18.4263
    0.0000   30.0000  -22.500010952.1055   18.4609
    7.5000   30.0000  -22.500010415.8379   18.4453
   -7.5000   37.5000  -22.5000 9930.4160   18.4577
    0.0000   37.5000  -22.500010314.6895   18.4808
    7.5000   37.5000  -22.5000 9813.5889   18.4585
   -7.5000   45.0000  -22.5000 8829.5967   18.0727
    0.0000   45.0000  -22.5000 9158.7676   18.0871
    7.5000   45.0000  -22.5000 8739.5723   18.0634
   -7.5000  -45.0000  -15.000011297.7275   19.1876
    0.0000  -45.0000  -15.000011823.1396   19.1996
    7.5000  -45.0000  -15.000011235.8223   19.1701
   -7.5000  -37.5000  -15.000011704.3516   19.1645
    0.0000  -37.5000  -15.000012230.3438   19.1798
    7.5000  -37.5000  -15.000011625.3887   19.1577
   -7.5000  -30.0000  -15.000012478.7803   19.1394
    0.0000  -30.0000  -15.000013000.0889   19.1696
    7.5000  -30.0000  -15.000012348.8760   19.1563
   -7.5000  -22.5000  -15.000013227.0781   19.1319
    0.0000  -22.5000  -15.000013786.6719   19.1752
    7.5000  -22.5000  -15.000013055.3662   19.1626
   -7.5000  -15.0000  -15.000013906.6699   19.1461
    0.0000  -15.0000  -15.000014518.8779   19.1880
    7.5000  -15.0000  -15.000013708.9990   19.1697
   -7.5000   -7.5000  -15.000014465.0137   19.1698
    0.0000   -7.5000  -15.000015119.4893   19.1952
    7.5000   -7.5000  -15.000014265.4229   19.1692
   -7.5000    0.0000  -15.000014804.7979   19.1806
    0.0000    0.0000  -15.000015490.3857   19.1925
    7.5000    0.0000  -15.000014607.6084   19.1633
   -7.5000    7.5000  -15.000014002.9258   19.1643
    0.0000    7.5000  -15.000014629.1572   19.1796
    7.5000    7.5000  -15.000013829.9023   19.1576
   -7.5000   15.0000  -15.000013075.1592   19.1394
    0.0000   15.0000  -15.000013657.1992   19.1696
    7.5000   15.0000  -15.000012951.6631   19.1563
   -7.5000   22.5000  -15.000012100.9297   19.1251
    0.0000   22.5000  -15.000012617.5869   19.1685
    7.5000   22.5000  -15.000011980.0615   19.1558
   -7.5000   30.0000  -15.000011076.3604   18.8989
    0.0000   30.0000  -15.000011534.4482   18.9403
    7.5000   30.0000  -15.000010953.6113   18.9223
   -7.5000   37.5000  -15.000010430.6406   18.9347
    0.0000   37.5000  -15.000010849.0254   18.9600
    7.5000   37.5000  -15.000010297.6094   18.9344
   -7.5000   45.0000  -15.0000 9268.2412   18.5519
    0.0000   45.0000  -15.0000 9618.4590   18.5644
    7.5000   45.0000  -15.0000 9174.4229   18.5363
   -7.5000  -45.0000   -7.500011981.9082   19.4018
    0.0000  -45.0000   -7.500012512.2734   19.4124
    7.5000  -45.0000   -7.500011927.3350   19.3779
   -7.5000  -37.5000   -7.500012416.9424   19.3796
    0.0000  -37.5000   -7.500012956.9580   19.3903
    7.5000  -37.5000   -7.500012337.8594   19.3622
   -7.5000  -30.0000   -7.500013194.0947   19.3547
    0.0000  -30.0000   -7.500013746.7295   19.3800
    7.5000  -30.0000   -7.500013109.2852   19.3606
   -7.5000  -22.5000   -7.500013931.8066   19.3460
    0.0000  -22.5000   -7.500014532.6963   19.3868
    7.5000  -22.5000   -7.500013828.6172   19.3692
   -7.5000  -15.0000   -7.500014661.3682   19.3586
    0.0000  -15.0000   -7.500015296.9727   19.4009
    7.5000  -15.0000   -7.500014502.2607   19.3792
   -7.5000   -7.5000   -7.500015244.5908   19.3828
    0.0000   -7.5000   -7.500015927.8408   19.4095
    7.5000   -7.5000   -7.500015063.7363   19.3796
   -7.5000    0.0000   -7.500015595.9014   19.3949
    0.0000    0.0000   -7.500016286.9258   19.4055
    7.5000    0.0000   -7.500015402.6738   19.3712
   -7.5000    7.5000   -7.500014741.7236   19.3794
    0.0000    7.5000   -7.500015394.2461   19.3902
    7.5000    7.5000   -7.500014569.0732   19.3621
   -7.5000   15.0000   -7.500013760.3994   19.3547
    0.0000   15.0000   -7.500014370.8975   19.3800
    7.5000   15.0000   -7.500013607.1836   19.3606
   -7.5000   22.5000   -7.500012749.4141   19.3370
    0.0000   22.5000   -7.500013279.2031   19.3779
    7.5000   22.5000   -7.500012614.1191   19.3603
   -7.5000   30.0000   -7.500011675.8848   19.1083
    0.0000   30.0000   -7.500012139.7100   19.1501
    7.5000   30.0000   -7.500011540.6904   19.1287
   -7.5000   37.5000   -7.500010960.7432   19.1448
    0.0000   37.5000   -7.500011377.7539   19.1713
    7.5000   37.5000   -7.500010806.0078   19.1419
   -7.5000   45.0000   -7.5000 9714.5869   18.7621
    0.0000   45.0000   -7.500010078.4102   18.7733
    7.5000   45.0000   -7.5000 9597.4443   18.7404
   -7.5000  -45.0000    0.000012518.2227   19.4006
    0.0000  -45.0000    0.000013085.9648   19.4107
    7.5000  -45.0000    0.000012491.0371   19.3755
   -7.5000  -37.5000    0.000013009.8340   19.3794
    0.0000  -37.5000    0.000013597.7236   19.3866
    7.5000  -37.5000    0.000012975.4092   19.3569
   -7.5000  -30.0000    0.000013908.0527   19.3577
    0.0000  -30.0000    0.000014532.4541   19.3762
    7.5000  -30.0000    0.000013877.5234   19.3551
   -7.5000  -22.5000    0.000014668.5049   19.3508
    0.0000  -22.5000    0.000015278.2910   19.3838
    7.5000  -22.5000    0.000014605.6758   19.3655
   -7.5000  -15.0000    0.000015348.3047   19.3618
    0.0000  -15.0000    0.000015928.9053   19.3988
    7.5000  -15.0000    0.000015237.9014   19.3770
   -7.5000   -7.5000    0.000015910.0938   19.3833
    0.0000   -7.5000    0.000016515.8105   19.4085
    7.5000   -7.5000    0.000015796.7764   19.3787
   -7.5000    0.0000    0.000016290.7588   19.3938
    0.0000    0.0000    0.000016955.6211   19.4038
    7.5000    0.0000    0.000016161.8408   19.3688
   -7.5000    7.5000    0.000015425.4639   19.3792
    0.0000    7.5000    0.000016081.2344   19.3864
    7.5000    7.5000    0.000015281.5801   19.3568
   -7.5000   15.0000    0.000014427.6230   19.3577
    0.0000   15.0000    0.000015019.7979   19.3762
    7.5000   15.0000    0.000014266.5771   19.3551
   -7.5000   22.5000    0.000013351.9629   19.3419
    0.0000   22.5000    0.000013853.0254   19.3749
    7.5000   22.5000    0.000013178.4150   19.3566
   -7.5000   30.0000    0.000012217.9658   19.1121
    0.0000   30.0000    0.000012640.1143   19.1487
    7.5000   30.0000    0.000012051.3906   19.1273
   -7.5000   37.5000    0.000011462.1982   19.1464
    0.0000   37.5000    0.000011837.9404   19.1715
    7.5000   37.5000    0.000011253.8887   19.1421
   -7.5000   45.0000    0.000010112.3643   18.7624
    0.0000   45.0000    0.000010453.8262   18.7728
    7.5000   45.0000    0.0000 9973.7139   18.7392
   -7.5000  -45.0000    7.500012101.4854   19.3695
    0.0000  -45.0000    7.500012626.9775   19.3808
    7.5000  -45.0000    7.500012096.3340   19.3506
   -7.5000  -37.5000    7.500012567.3340   19.3482
    0.0000  -37.5000    7.500013173.6211   19.3568
    7.5000  -37.5000    7.500012592.4512   19.3319
   -7.5000  -30.0000    7.500013522.5146   19.3301
    0.0000  -30.0000    7.500014161.4316   19.3467
    7.5000  -30.0000    7.500013590.1523   19.3297
   -7.5000  -22.5000    7.500014237.8105   19.3267
    0.0000  -22.5000    7.500014780.1592   19.3547
    7.5000  -22.5000    7.500014298.0869   19.3396
   -7.5000  -15.0000    7.500014835.1338   19.3378
    0.0000  -15.0000    7.500015313.1318   19.3694
    7.5000  -15.0000    7.500014835.3320   19.3503
   -7.5000   -7.5000    7.500015362.6992   19.3555
    0.0000   -7.5000    7.500015841.8457   19.3783
    7.5000   -7.5000    7.500015297.7852   19.3521
   -7.5000    0.0000    7.500015758.1426   19.3624
    0.0000    0.0000    7.500016292.3096   19.3737
    7.5000    0.0000    7.500015616.0215   19.3436
   -7.5000    7.5000    7.500014910.5547   19.3481
    0.0000    7.5000    7.500015427.4912   19.3567
    7.5000    7.5000    7.500014735.2422   19.3318
   -7.5000   15.0000    7.500013919.2422   19.3301
    0.0000   15.0000    7.500014392.5566   19.3467
    7.5000   15.0000    7.500013736.1504   19.3297
   -7.5000   22.5000    7.500012848.2910   19.3178
    0.0000   22.5000    7.500013318.6689   19.3458
    7.5000   22.5000    7.500012674.6885   19.3307
   -7.5000   30.0000    7.500011758.5410   19.0885
    0.0000   30.0000    7.500012186.2764   19.1197
    7.5000   30.0000    7.500011593.5420   19.1009
   -7.5000   37.5000    7.500011013.4912   19.1194
    0.0000   37.5000    7.500011413.8555   19.1422
    7.5000   37.5000    7.500010837.1104   19.1164
   -7.5000   45.0000    7.5000 9747.5400   18.7325
    0.0000   45.0000    7.500010066.3408   18.7439
    7.5000   45.0000    7.5000 9602.4268   18.7149
   -7.5000  -45.0000   15.000011540.9902   19.4026
    0.0000  -45.0000   15.000012057.6592   19.4172
    7.5000  -45.0000   15.000011542.4951   19.3915
   -7.5000  -37.5000   15.000011989.3994   19.3803
    0.0000  -37.5000   15.000012586.7910   19.3949
    7.5000  -37.5000   15.000012017.2764   19.3759
   -7.5000  -30.0000   15.000012913.9580   19.3627
    0.0000  -30.0000   15.000013516.5791   19.3844
    7.5000  -30.0000   15.000012910.8203   19.3728
   -7.5000  -22.5000   15.000013674.9834   19.3611
    0.0000  -22.5000   15.000014207.4307   19.3913
    7.5000  -22.5000   15.000013601.2334   19.3797
   -7.5000  -15.0000   15.000014342.2959   19.3739
    0.0000  -15.0000   15.000014865.6084   19.4049
    7.5000  -15.0000   15.000014195.3701   19.3879
   -7.5000   -7.5000   15.000014863.7334   19.3905
    0.0000   -7.5000   15.000015388.8516   19.4130
    7.5000   -7.5000   15.000014691.1523   19.3895
   -7.5000    0.0000   15.000015203.7930   19.3952
    0.0000    0.0000   15.000015730.6377   19.4098
    7.5000    0.0000   15.000015002.7314   19.3843
   -7.5000    7.5000   15.000014317.6055   19.3801
    0.0000    7.5000   15.000014805.1318   19.3948
    7.5000    7.5000   15.000014118.0342   19.3758
   -7.5000   15.0000   15.000013308.4355   19.3627
    0.0000   15.0000   15.000013761.6162   19.3844
    7.5000   15.0000   15.000013136.0010   19.3728
   -7.5000   22.5000   15.000012271.8232   19.3522
    0.0000   22.5000   15.000012699.2334   19.3823
    7.5000   22.5000   15.000012118.2070   19.3708
   -7.5000   30.0000   15.000011220.5576   19.1240
    0.0000   30.0000   15.000011607.7627   19.1545
    7.5000   30.0000   15.000011079.2197   19.1378
   -7.5000   37.5000   15.000010487.1895   19.1539
    0.0000   37.5000   15.000010853.5967   19.1763
    7.5000   37.5000   15.000010344.9746   19.1532
   -7.5000   45.0000   15.0000 9269.4834   18.7649
    0.0000   45.0000   15.0000 9581.5576   18.7794
    7.5000   45.0000   15.0000 9166.6123   18.7547
   -7.5000  -45.0000   22.500010940.9805   19.4909
    0.0000  -45.0000   22.500011427.8486   19.5058
    7.5000  -45.0000   22.500010923.1553   19.4800
   -7.5000  -37.5000   22.500011379.7764   19.4676
    0.0000  -37.5000   22.500011922.7969   19.4854
    7.5000  -37.5000   22.500011389.1807   19.4675
   -7.5000  -30.0000   22.500012231.5195   19.4460
    0.0000  -30.0000   22.500012731.5068   19.4747
    7.5000  -30.0000   22.500012194.5830   19.4650
   -7.5000  -22.5000   22.500012897.7920   19.4422
    0.0000  -22.5000   22.500013363.7432   19.4805
    7.5000  -22.5000   22.500012822.7930   19.4703
   -7.5000  -15.0000   22.500013513.2588   19.4568
    0.0000  -15.0000   22.500014034.3213   19.4933
    7.5000  -15.0000   22.500013437.1553   19.4768
   -7.5000   -7.5000   22.500014040.5039   19.4767
    0.0000   -7.5000   22.500014598.8828   19.5007
    7.5000   -7.5000   22.500013953.3408   19.4770
   -7.5000    0.0000   22.500014395.7305   19.4835
    0.0000    0.0000   22.500014954.6191   19.4984
    7.5000    0.0000   22.500014306.8252   19.4728
   -7.5000    7.5000   22.500013589.2441   19.4674
    0.0000    7.5000   22.500014122.2939   19.4853
    7.5000    7.5000   22.500013490.4990   19.4673
   -7.5000   15.0000   22.500012624.1211   19.4460
    0.0000   15.0000   22.500013129.3652   19.4747
    7.5000   15.0000   22.500012546.5107   19.4650
   -7.5000   22.5000   22.500011612.2324   19.4332
    0.0000   22.5000   22.500012077.7275   19.4715
    7.5000   22.5000   22.500011524.0059   19.4613
   -7.5000   30.0000   22.500010583.6885   19.2056
    0.0000   30.0000   22.500011003.7305   19.2416
    7.5000   30.0000   22.500010499.9199   19.2254
   -7.5000   37.5000   22.5000 9854.7842   19.2383
    0.0000   37.5000   22.500010222.4277   19.2623
    7.5000   37.5000   22.5000 9767.0391   19.2390
   -7.5000   45.0000   22.5000 8703.1709   18.8507
    0.0000   45.0000   22.5000 9007.6504   18.8656
    7.5000   45.0000   22.5000 8648.8389   18.8409
   -7.5000  -45.0000   30.000010194.0820   19.5985
    0.0000  -45.0000   30.000010640.7266   19.6110
    7.5000  -45.0000   30.000010141.8145   19.5810
   -7.5000  -37.5000   30.000010615.2373   19.5751
    0.0000  -37.5000   30.000011100.6924   19.5909
    7.5000  -37.5000   30.000010594.5127   19.5683
   -7.5000  -30.0000   30.000011389.2959   19.5497
    0.0000  -30.0000   30.000011845.6221   19.5809
    7.5000  -30.0000   30.000011331.9414   19.5669
   -7.5000  -22.5000   30.000012018.2559   19.5421
    0.0000  -22.5000   30.000012482.1250   19.5868
    7.5000  -22.5000   30.000011948.7812   19.5735
   -7.5000  -15.0000   30.000012574.7100   19.5564
    0.0000  -15.0000   30.000013090.0156   19.5997
    7.5000  -15.0000   30.000012534.1904   19.5808
   -7.5000   -7.5000   30.000013058.7627   19.5804
    0.0000   -7.5000   30.000013604.6953   19.6067
    7.5000   -7.5000   30.000013020.7188   19.5801
   -7.5000    0.0000   30.000013388.2539   19.5913
    0.0000    0.0000   30.000013943.8584   19.6038
    7.5000    0.0000   30.000013349.4541   19.5740
   -7.5000    7.5000   30.000012643.2764   19.5749
    0.0000    7.5000   30.000013173.6084   19.5907
    7.5000    7.5000   30.000012608.8457   19.5681
   -7.5000   15.0000   30.000011786.3008   19.5497
    0.0000   15.0000   30.000012266.2451   19.5809
    7.5000   15.0000   30.000011756.1172   19.5669
   -7.5000   22.5000   30.000010857.3965   19.5331
    0.0000   22.5000   30.000011275.0938   19.5778
    7.5000   22.5000   30.000010800.8008   19.5645
   -7.5000   30.0000   30.0000 9865.4023   19.3040
    0.0000   30.0000   30.000010251.3477   19.3467
    7.5000   30.0000   30.0000 9818.8643   19.3281
   -7.5000   37.5000   30.0000 9172.0449   19.3403
    0.0000   37.5000   30.0000 9510.9736   19.3666
    7.5000   37.5000   30.0000 9110.0898   19.3404
   -7.5000   45.0000   30.0000 8114.2715   18.9547
    0.0000   45.0000   30.0000 8407.2383   18.9677
    7.5000   45.0000   30.0000 8061.1235   18.9391
   -7.5000  -45.0000   37.5000 9784.7021   19.8577
    0.0000  -45.0000   37.500010205.1621   19.8694
    7.5000  -45.0000   37.5000 9713.0830   19.8340
   -7.5000  -37.5000   37.500010220.4150   19.8350
    0.0000  -37.5000   37.500010683.6016   19.8468
    7.5000  -37.5000   37.500010156.4795   19.8177
   -7.5000  -30.0000   37.500010962.2275   19.8089
    0.0000  -30.0000   37.500011408.3486   19.8358
    7.5000  -30.0000   37.500010873.1172   19.8157
   -7.5000  -22.5000   37.500011573.2793   19.7992
    0.0000  -22.5000   37.500012047.3164   19.8423
    7.5000  -22.5000   37.500011503.6553   19.8242
   -7.5000  -15.0000   37.500012091.8301   19.8117
    0.0000  -15.0000   37.500012616.0244   19.8564
    7.5000  -15.0000   37.500012067.8076   19.8343
   -7.5000   -7.5000   37.500012550.9551   19.8372
    0.0000   -7.5000   37.500013090.2256   19.8656
    7.5000   -7.5000   37.500012537.2158   19.8353
   -7.5000    0.0000   37.500012888.0752   19.8505
    0.0000    0.0000   37.500013429.0156   19.8622
    7.5000    0.0000   37.500012853.9424   19.8270
   -7.5000    7.5000   37.500012198.7881   19.8348
    0.0000    7.5000   37.500012714.8984   19.8466
    7.5000    7.5000   37.500012168.8184   19.8176
   -7.5000   15.0000   37.500011372.5371   19.8089
    0.0000   15.0000   37.500011859.5293   19.8358
    7.5000   15.0000   37.500011331.5605   19.8157
   -7.5000   22.5000   37.500010462.3193   19.7901
    0.0000   22.5000   37.500010887.2500   19.8331
    7.5000   22.5000   37.500010412.9863   19.8151
   -7.5000   30.0000   37.5000 9524.1680   19.5561
    0.0000   30.0000   37.5000 9895.3994   19.6002
    7.5000   30.0000   37.5000 9466.6836   19.5785
   -7.5000   37.5000   37.5000 8868.9551   19.5942
    0.0000   37.5000   37.5000 9183.9805   19.6226
    7.5000   37.5000   37.5000 8799.1055   19.5926
   -7.5000   45.0000   37.5000 7843.8892   19.2045
    0.0000   45.0000   37.5000 8102.9482   19.2168
    7.5000   45.0000   37.5000 7793.9790   19.1831
   -7.5000  -45.0000   45.0000 8917.3730   20.1247
    0.0000  -45.0000   45.0000 9326.6270   20.1354
    7.5000  -45.0000   45.0000 8865.8359   20.0981
   -7.5000  -37.5000   45.0000 9344.5371   20.1015
    0.0000  -37.5000   45.0000 9766.0684   20.1094
    7.5000  -37.5000   45.0000 9283.5850   20.0783
   -7.5000  -30.0000   45.000010040.4619   20.0776
    0.0000  -30.0000   45.000010456.0137   20.0973
    7.5000  -30.0000   45.0000 9958.7002   20.0758
   -7.5000  -22.5000   45.000010606.8047   20.0696
    0.0000  -22.5000   45.000011045.2197   20.1045
    7.5000  -22.5000   45.000010539.1250   20.0859
   -7.5000  -15.0000   45.000011095.3740   20.0813
    0.0000  -15.0000   45.000011568.2461   20.1203
    7.5000  -15.0000   45.000011059.8789   20.0976
   -7.5000   -7.5000   45.000011522.9453   20.1053
    0.0000   -7.5000   45.000012016.4688   20.1318
    7.5000   -7.5000   45.000011509.4004   20.1001
   -7.5000    0.0000   45.000011826.2930   20.1173
    0.0000    0.0000   45.000012338.3770   20.1280
    7.5000    0.0000   45.000011824.9951   20.0909
   -7.5000    7.5000   45.000011203.9121   20.1013
    0.0000    7.5000   45.000011693.3457   20.1092
    7.5000    7.5000   45.000011197.2266   20.0781
   -7.5000   15.0000   45.000010453.3643   20.0776
    0.0000   15.0000   45.000010905.0879   20.0973
    7.5000   15.0000   45.000010422.8926   20.0758
   -7.5000   22.5000   45.0000 9608.7500   20.0603
    0.0000   22.5000   45.000010010.9023   20.0952
    7.5000   22.5000   45.0000 9584.4531   20.0766
   -7.5000   30.0000   45.0000 8761.4336   19.8198
    0.0000   30.0000   45.0000 9113.2852   19.8583
    7.5000   30.0000   45.0000 8727.6387   19.8359
   -7.5000   37.5000   45.0000 8177.1294   19.8531
    0.0000   37.5000   45.0000 8469.4229   19.8795
    7.5000   37.5000   45.0000 8133.5205   19.8483
   -7.5000   45.0000   45.0000 7234.3843   19.4639
    0.0000   45.0000   45.0000 7477.7539   19.4750
    7.5000   45.0000   45.0000 7199.2529   19.4392

---------------------------------------------------------------------
imgreg_4dfp /opt/freesurfer/average/711-2C_as_mni_average_305 /opt/freesurfer/average/711-2B_as_mni_average_305_mask talsrcimg_g11 none talsrcimg_to_711-2C_as_mni_average_305_t4 4355
---------------------------------------------------------------------

freesurfer imgreg_4dfp.c
/opt/freesurfer/average/711-2C_as_mni_average_305.4dfp.img
       256       256       256         1
  1.000000  1.000000  1.000000
orientation T byte_order littleendian
Reading image: /opt/freesurfer/average/711-2C_as_mni_average_305.4dfp.img
dimensions:      256       256       256
mmppix:       1.0000   -1.0000   -1.0000
center:     128.0000 -129.0000 -129.0000
/opt/freesurfer/average/711-2B_as_mni_average_305_mask.4dfp.img
       256       256       256         1
  1.000000  1.000000  1.000000
orientation T byte_order littleendian
Reading mask: /opt/freesurfer/average/711-2B_as_mni_average_305_mask.4dfp.img (2306576 pixels)
talsrcimg_g11.4dfp.img
       256       256       256         1
  1.000000  1.000000  1.000000
orientation T byte_order littleendian
Reading image: talsrcimg_g11.4dfp.img
dimensions:      256       256       256
mmppix:       1.0000   -1.0000   -1.0000
center:     128.0000 -129.0000 -129.0000
rotation matrix determinant  1.000000
image alignment mode   4355 decimal     1103 hex
   -7.5000  -45.0000  -45.0000 2185.5571   16.0095
    0.0000  -45.0000  -45.0000 2194.1079   15.9633
    7.5000  -45.0000  -45.0000 2165.1118   16.1323
   -7.5000  -37.5000  -45.0000 2237.4209   15.0386
    0.0000  -37.5000  -45.0000 2248.2717   15.0092
    7.5000  -37.5000  -45.0000 2226.6646   15.1680
   -7.5000  -30.0000  -45.0000 2278.4478   14.4170
    0.0000  -30.0000  -45.0000 2289.1885   14.3610
    7.5000  -30.0000  -45.0000 2266.2385   14.5497
   -7.5000  -22.5000  -45.0000 2295.1270   14.1152
    0.0000  -22.5000  -45.0000 2308.1987   14.0592
    7.5000  -22.5000  -45.0000 2286.0588   14.2514
   -7.5000  -15.0000  -45.0000 2289.7300   14.0983
    0.0000  -15.0000  -45.0000 2301.5754   14.0634
    7.5000  -15.0000  -45.0000 2278.1794   14.2423
   -7.5000   -7.5000  -45.0000 2250.6018   14.4590
    0.0000   -7.5000  -45.0000 2267.7461   14.3855
    7.5000   -7.5000  -45.0000 2242.0557   14.5418
   -7.5000    0.0000  -45.0000 2195.6160   15.0871
    0.0000    0.0000  -45.0000 2211.3396   14.9546
    7.5000    0.0000  -45.0000 2186.9590   15.1417
   -7.5000    7.5000  -45.0000 2121.7061   15.9845
    0.0000    7.5000  -45.0000 2135.1934   15.8350
    7.5000    7.5000  -45.0000 2111.8521   16.0439
   -7.5000   15.0000  -45.0000 2024.9178   17.3171
    0.0000   15.0000  -45.0000 2042.4320   17.1138
    7.5000   15.0000  -45.0000 2017.2140   17.4044
   -7.5000   22.5000  -45.0000 1916.3031   19.2497
    0.0000   22.5000  -45.0000 1930.2394   18.9980
    7.5000   22.5000  -45.0000 1912.0825   19.2952
   -7.5000   30.0000  -45.0000 1797.0990   21.9253
    0.0000   30.0000  -45.0000 1812.7893   21.7114
    7.5000   30.0000  -45.0000 1795.1185   21.9867
   -7.5000   37.5000  -45.0000 1672.7737   25.7811
    0.0000   37.5000  -45.0000 1683.2896   25.4307
    7.5000   37.5000  -45.0000 1672.0695   25.7283
   -7.5000   45.0000  -45.0000 1537.4314   30.9777
    0.0000   45.0000  -45.0000 1551.8857   30.6488
    7.5000   45.0000  -45.0000 1539.3047   31.0178
   -7.5000  -45.0000  -37.5000 2269.8750   14.8767
    0.0000  -45.0000  -37.5000 2277.8840   14.8234
    7.5000  -45.0000  -37.5000 2252.5466   14.9696
   -7.5000  -37.5000  -37.5000 2332.0181   14.0067
    0.0000  -37.5000  -37.5000 2343.8711   13.9890
    7.5000  -37.5000  -37.5000 2318.6008   14.0890
   -7.5000  -30.0000  -37.5000 2374.9470   13.4397
    0.0000  -30.0000  -37.5000 2388.1804   13.4243
    7.5000  -30.0000  -37.5000 2361.7454   13.5375
   -7.5000  -22.5000  -37.5000 2391.3826   13.1653
    0.0000  -22.5000  -37.5000 2409.1521   13.1488
    7.5000  -22.5000  -37.5000 2382.2637   13.2608
   -7.5000  -15.0000  -37.5000 2387.6909   13.1348
    0.0000  -15.0000  -37.5000 2404.2412   13.1138
    7.5000  -15.0000  -37.5000 2374.7830   13.2198
   -7.5000   -7.5000  -37.5000 2352.0791   13.4295
    0.0000   -7.5000  -37.5000 2370.0532   13.3633
    7.5000   -7.5000  -37.5000 2342.0635   13.4856
   -7.5000    0.0000  -37.5000 2289.7019   13.9448
    0.0000    0.0000  -37.5000 2309.1450   13.8534
    7.5000    0.0000  -37.5000 2282.4792   14.0092
   -7.5000    7.5000  -37.5000 2207.6770   14.7330
    0.0000    7.5000  -37.5000 2225.9861   14.6136
    7.5000    7.5000  -37.5000 2202.0374   14.7923
   -7.5000   15.0000  -37.5000 2107.0493   15.9208
    0.0000   15.0000  -37.5000 2123.9880   15.7643
    7.5000   15.0000  -37.5000 2101.9426   15.9885
   -7.5000   22.5000  -37.5000 1994.8345   17.6233
    0.0000   22.5000  -37.5000 2009.1675   17.4384
    7.5000   22.5000  -37.5000 1990.6404   17.6484
   -7.5000   30.0000  -37.5000 1868.8220   20.0160
    0.0000   30.0000  -37.5000 1889.6537   19.8264
    7.5000   30.0000  -37.5000 1869.5265   20.0301
   -7.5000   37.5000  -37.5000 1735.0651   23.4208
    0.0000   37.5000  -37.5000 1748.7961   23.1707
    7.5000   37.5000  -37.5000 1736.4447   23.3733
   -7.5000   45.0000  -37.5000 1600.2175   28.0698
    0.0000   45.0000  -37.5000 1613.6136   27.7450
    7.5000   45.0000  -37.5000 1601.1953   28.1156
   -7.5000  -45.0000  -30.0000 2384.6675   14.4264
    0.0000  -45.0000  -30.0000 2396.2205   14.3706
    7.5000  -45.0000  -30.0000 2366.6550   14.4653
   -7.5000  -37.5000  -30.0000 2461.0684   13.5255
    0.0000  -37.5000  -30.0000 2477.2639   13.4784
    7.5000  -37.5000  -30.0000 2449.4761   13.5665
   -7.5000  -30.0000  -30.0000 2514.5684   12.9644
    0.0000  -30.0000  -30.0000 2529.9841   12.9586
    7.5000  -30.0000  -30.0000 2503.8237   13.0254
   -7.5000  -22.5000  -30.0000 2534.3923   12.7279
    0.0000  -22.5000  -30.0000 2551.9055   12.7152
    7.5000  -22.5000  -30.0000 2521.4883   12.7938
   -7.5000  -15.0000  -30.0000 2527.4170   12.7082
    0.0000  -15.0000  -30.0000 2546.1331   12.7126
    7.5000  -15.0000  -30.0000 2515.2834   12.7829
   -7.5000   -7.5000  -30.0000 2493.1311   12.9685
    0.0000   -7.5000  -30.0000 2514.7639   12.9208
    7.5000   -7.5000  -30.0000 2482.3901   13.0149
   -7.5000    0.0000  -30.0000 2425.9719   13.4317
    0.0000    0.0000  -30.0000 2448.1128   13.3710
    7.5000    0.0000  -30.0000 2422.7312   13.4781
   -7.5000    7.5000  -30.0000 2339.7861   14.1240
    0.0000    7.5000  -30.0000 2361.4805   14.0601
    7.5000    7.5000  -30.0000 2338.4443   14.1820
   -7.5000   15.0000  -30.0000 2231.2725   15.2309
    0.0000   15.0000  -30.0000 2252.1450   15.1335
    7.5000   15.0000  -30.0000 2228.6091   15.3111
   -7.5000   22.5000  -30.0000 2109.0842   16.8175
    0.0000   22.5000  -30.0000 2123.8962   16.6971
    7.5000   22.5000  -30.0000 2105.1218   16.8679
   -7.5000   30.0000  -30.0000 1975.8723   19.0471
    0.0000   30.0000  -30.0000 1991.8204   18.9028
    7.5000   30.0000  -30.0000 1974.1008   19.1080
   -7.5000   37.5000  -30.0000 1835.7539   22.2383
    0.0000   37.5000  -30.0000 1852.7815   21.9843
    7.5000   37.5000  -30.0000 1834.2983   22.2706
   -7.5000   45.0000  -30.0000 1687.6552   26.5842
    0.0000   45.0000  -30.0000 1703.8536   26.2998
    7.5000   45.0000  -30.0000 1691.7269   26.6789
   -7.5000  -45.0000  -22.5000 2469.5076   13.8421
    0.0000  -45.0000  -22.5000 2483.8096   13.8106
    7.5000  -45.0000  -22.5000 2457.7070   13.9106
   -7.5000  -37.5000  -22.5000 2558.9761   12.9677
    0.0000  -37.5000  -22.5000 2576.9260   12.9378
    7.5000  -37.5000  -22.5000 2551.6777   13.0238
   -7.5000  -30.0000  -22.5000 2617.4136   12.4032
    0.0000  -30.0000  -22.5000 2635.8464   12.4188
    7.5000  -30.0000  -22.5000 2609.3157   12.4659
   -7.5000  -22.5000  -22.5000 2649.1787   12.1665
    0.0000  -22.5000  -22.5000 2667.5112   12.1734
    7.5000  -22.5000  -22.5000 2635.6155   12.2154
   -7.5000  -15.0000  -22.5000 2645.1655   12.1913
    0.0000  -15.0000  -22.5000 2667.7188   12.1925
    7.5000  -15.0000  -22.5000 2637.0796   12.2329
   -7.5000   -7.5000  -22.5000 2612.4963   12.4353
    0.0000   -7.5000  -22.5000 2636.6699   12.4256
    7.5000   -7.5000  -22.5000 2607.4890   12.4694
   -7.5000    0.0000  -22.5000 2543.4517   12.8548
    0.0000    0.0000  -22.5000 2573.5000   12.8313
    7.5000    0.0000  -22.5000 2545.1184   12.9025
   -7.5000    7.5000  -22.5000 2449.9177   13.5106
    0.0000    7.5000  -22.5000 2475.3970   13.4734
    7.5000    7.5000  -22.5000 2451.1533   13.5838
   -7.5000   15.0000  -22.5000 2332.9116   14.5287
    0.0000   15.0000  -22.5000 2354.8628   14.4791
    7.5000   15.0000  -22.5000 2331.6592   14.6104
   -7.5000   22.5000  -22.5000 2199.4834   16.0659
    0.0000   22.5000  -22.5000 2217.7654   15.9669
    7.5000   22.5000  -22.5000 2203.2380   16.1092
   -7.5000   30.0000  -22.5000 2061.1733   18.1537
    0.0000   30.0000  -22.5000 2074.2727   18.0222
    7.5000   30.0000  -22.5000 2059.2834   18.1939
   -7.5000   37.5000  -22.5000 1910.8105   21.1018
    0.0000   37.5000  -22.5000 1926.9409   20.8853
    7.5000   37.5000  -22.5000 1909.0714   21.1066
   -7.5000   45.0000  -22.5000 1756.0966   25.1026
    0.0000   45.0000  -22.5000 1774.1654   24.7941
    7.5000   45.0000  -22.5000 1761.8632   25.1233
   -7.5000  -45.0000  -15.0000 2525.1733   13.3177
    0.0000  -45.0000  -15.0000 2542.5969   13.2826
    7.5000  -45.0000  -15.0000 2516.1775   13.4243
   -7.5000  -37.5000  -15.0000 2625.8154   12.4602
    0.0000  -37.5000  -15.0000 2645.8608   12.4232
    7.5000  -37.5000  -15.0000 2619.2231   12.5448
   -7.5000  -30.0000  -15.0000 2696.1387   11.8812
    0.0000  -30.0000  -15.0000 2713.6003   11.8662
    7.5000  -30.0000  -15.0000 2686.0703   11.9645
   -7.5000  -22.5000  -15.0000 2737.8337   11.6346
    0.0000  -22.5000  -15.0000 2754.3616   11.6225
    7.5000  -22.5000  -15.0000 2723.7056   11.6956
   -7.5000  -15.0000  -15.0000 2738.2632   11.6718
    0.0000  -15.0000  -15.0000 2764.0889   11.6527
    7.5000  -15.0000  -15.0000 2729.1240   11.7161
   -7.5000   -7.5000  -15.0000 2706.4500   11.9017
    0.0000   -7.5000  -15.0000 2736.6116   11.8964
    7.5000   -7.5000  -15.0000 2699.8203   11.9432
   -7.5000    0.0000  -15.0000 2634.0076   12.3247
    0.0000    0.0000  -15.0000 2667.3513   12.2958
    7.5000    0.0000  -15.0000 2634.4409   12.3661
   -7.5000    7.5000  -15.0000 2536.4238   12.9414
    0.0000    7.5000  -15.0000 2562.0273   12.8949
    7.5000    7.5000  -15.0000 2537.2178   13.0184
   -7.5000   15.0000  -15.0000 2410.1230   13.9008
    0.0000   15.0000  -15.0000 2434.6177   13.8480
    7.5000   15.0000  -15.0000 2412.6875   13.9821
   -7.5000   22.5000  -15.0000 2268.7097   15.3715
    0.0000   22.5000  -15.0000 2290.2783   15.2902
    7.5000   22.5000  -15.0000 2273.7749   15.4114
   -7.5000   30.0000  -15.0000 2115.5354   17.3656
    0.0000   30.0000  -15.0000 2132.1663   17.2309
    7.5000   30.0000  -15.0000 2117.3413   17.3989
   -7.5000   37.5000  -15.0000 1960.6741   20.0961
    0.0000   37.5000  -15.0000 1979.1239   19.8685
    7.5000   37.5000  -15.0000 1960.9681   20.0732
   -7.5000   45.0000  -15.0000 1803.4785   23.7506
    0.0000   45.0000  -15.0000 1821.3772   23.4571
    7.5000   45.0000  -15.0000 1812.4695   23.7517
   -7.5000  -45.0000   -7.5000 2562.3069   12.8476
    0.0000  -45.0000   -7.5000 2574.4412   12.8147
    7.5000  -45.0000   -7.5000 2548.7161   13.0055
   -7.5000  -37.5000   -7.5000 2674.8843   12.0178
    0.0000  -37.5000   -7.5000 2697.0037   11.9711
    7.5000  -37.5000   -7.5000 2664.0017   12.1461
   -7.5000  -30.0000   -7.5000 2757.4641   11.4305
    0.0000  -30.0000   -7.5000 2786.0811   11.3806
    7.5000  -30.0000   -7.5000 2745.9841   11.5549
   -7.5000  -22.5000   -7.5000 2811.9460   11.1357
    0.0000  -22.5000   -7.5000 2834.3870   11.1126
    7.5000  -22.5000   -7.5000 2798.0894   11.2633
   -7.5000  -15.0000   -7.5000 2816.5244   11.1797
    0.0000  -15.0000   -7.5000 2842.8245   11.1587
    7.5000  -15.0000   -7.5000 2805.3977   11.2780
   -7.5000   -7.5000   -7.5000 2778.8689   11.4329
    0.0000   -7.5000   -7.5000 2811.8469   11.4043
    7.5000   -7.5000   -7.5000 2773.9302   11.4998
   -7.5000    0.0000   -7.5000 2701.3662   11.8464
    0.0000    0.0000   -7.5000 2735.5767   11.7998
    7.5000    0.0000   -7.5000 2699.3022   11.8973
   -7.5000    7.5000   -7.5000 2595.6882   12.4504
    0.0000    7.5000   -7.5000 2627.2041   12.3682
    7.5000    7.5000   -7.5000 2597.5442   12.5141
   -7.5000   15.0000   -7.5000 2462.2200   13.3554
    0.0000   15.0000   -7.5000 2489.1323   13.3040
    7.5000   15.0000   -7.5000 2461.2236   13.4561
   -7.5000   22.5000   -7.5000 2316.7341   14.7375
    0.0000   22.5000   -7.5000 2337.9875   14.6825
    7.5000   22.5000   -7.5000 2316.8062   14.8123
   -7.5000   30.0000   -7.5000 2161.9070   16.6467
    0.0000   30.0000   -7.5000 2178.0625   16.5461
    7.5000   30.0000   -7.5000 2158.8545   16.7085
   -7.5000   37.5000   -7.5000 1995.2167   19.2395
    0.0000   37.5000   -7.5000 2012.2345   19.0539
    7.5000   37.5000   -7.5000 1994.8170   19.2529
   -7.5000   45.0000   -7.5000 1827.7052   22.6793
    0.0000   45.0000   -7.5000 1846.5092   22.3282
    7.5000   45.0000   -7.5000 1833.8960   22.6493
   -7.5000  -45.0000    0.0000 2571.1113   12.5607
    0.0000  -45.0000    0.0000 2587.1467   12.5063
    7.5000  -45.0000    0.0000 2553.4331   12.7778
   -7.5000  -37.5000    0.0000 2699.0203   11.7147
    0.0000  -37.5000    0.0000 2723.6787   11.6487
    7.5000  -37.5000    0.0000 2681.7666   11.8884
   -7.5000  -30.0000    0.0000 2803.5098   11.1453
    0.0000  -30.0000    0.0000 2840.3469   11.0793
    7.5000  -30.0000    0.0000 2782.5344   11.3285
   -7.5000  -22.5000    0.0000 2865.7676   10.8282
    0.0000  -22.5000    0.0000 2901.8943   10.7402
    7.5000  -22.5000    0.0000 2847.4255   11.0286
   -7.5000  -15.0000    0.0000 2871.0315   10.8402
    0.0000  -15.0000    0.0000 2900.9160   10.7681
    7.5000  -15.0000    0.0000 2856.3667   11.0000
   -7.5000   -7.5000    0.0000 2826.8938   11.1043
    0.0000   -7.5000    0.0000 2857.6521   11.0235
    7.5000   -7.5000    0.0000 2815.9717   11.2263
   -7.5000    0.0000    0.0000 2744.5356   11.5274
    0.0000    0.0000    0.0000 2779.3540   11.4294
    7.5000    0.0000    0.0000 2736.9902   11.6303
   -7.5000    7.5000    0.0000 2629.7297   12.1499
    0.0000    7.5000    0.0000 2664.2393   12.0605
    7.5000    7.5000    0.0000 2630.2244   12.2476
   -7.5000   15.0000    0.0000 2495.1184   13.0544
    0.0000   15.0000    0.0000 2518.9714   12.9783
    7.5000   15.0000    0.0000 2490.7542   13.1489
   -7.5000   22.5000    0.0000 2345.2302   14.3729
    0.0000   22.5000    0.0000 2366.2932   14.2771
    7.5000   22.5000    0.0000 2343.8125   14.4522
   -7.5000   30.0000    0.0000 2184.8357   16.2092
    0.0000   30.0000    0.0000 2199.4854   16.0769
    7.5000   30.0000    0.0000 2181.7307   16.2830
   -7.5000   37.5000    0.0000 2013.9946   18.6629
    0.0000   37.5000    0.0000 2034.1648   18.4318
    7.5000   37.5000    0.0000 2011.8213   18.6662
   -7.5000   45.0000    0.0000 1843.1382   21.8296
    0.0000   45.0000    0.0000 1859.2146   21.5107
    7.5000   45.0000    0.0000 1843.4315   21.8502
   -7.5000  -45.0000    7.5000 2563.4829   12.4796
    0.0000  -45.0000    7.5000 2580.1670   12.3993
    7.5000  -45.0000    7.5000 2541.3696   12.7548
   -7.5000  -37.5000    7.5000 2696.4814   11.6092
    0.0000  -37.5000    7.5000 2721.6526   11.5124
    7.5000  -37.5000    7.5000 2679.6201   11.8469
   -7.5000  -30.0000    7.5000 2811.0410   11.0799
    0.0000  -30.0000    7.5000 2847.6057   11.0066
    7.5000  -30.0000    7.5000 2793.6140   11.3017
   -7.5000  -22.5000    7.5000 2882.0293   10.7709
    0.0000  -22.5000    7.5000 2923.7085   10.6660
    7.5000  -22.5000    7.5000 2865.0920   10.9863
   -7.5000  -15.0000    7.5000 2896.4795   10.6984
    0.0000  -15.0000    7.5000 2925.5601   10.5699
    7.5000  -15.0000    7.5000 2874.9893   10.8877
   -7.5000   -7.5000    7.5000 2851.5962   10.8981
    0.0000   -7.5000    7.5000 2873.5645   10.7601
    7.5000   -7.5000    7.5000 2837.8789   11.0563
   -7.5000    0.0000    7.5000 2761.2466   11.3445
    0.0000    0.0000    7.5000 2787.2886   11.2186
    7.5000    0.0000    7.5000 2754.9934   11.4537
   -7.5000    7.5000    7.5000 2635.2366   12.0347
    0.0000    7.5000    7.5000 2666.1609   11.9178
    7.5000    7.5000    7.5000 2637.1504   12.1112
   -7.5000   15.0000    7.5000 2495.3782   12.9571
    0.0000   15.0000    7.5000 2517.6501   12.8612
    7.5000   15.0000    7.5000 2495.4763   13.0078
   -7.5000   22.5000    7.5000 2342.7437   14.2179
    0.0000   22.5000    7.5000 2370.6289   14.1131
    7.5000   22.5000    7.5000 2346.9822   14.2697
   -7.5000   30.0000    7.5000 2187.1738   15.9378
    0.0000   30.0000    7.5000 2209.6841   15.8513
    7.5000   30.0000    7.5000 2191.0562   15.9853
   -7.5000   37.5000    7.5000 2020.1873   18.3172
    0.0000   37.5000    7.5000 2040.8533   18.1358
    7.5000   37.5000    7.5000 2022.9171   18.2745
   -7.5000   45.0000    7.5000 1850.4941   21.4533
    0.0000   45.0000    7.5000 1868.1102   21.1647
    7.5000   45.0000    7.5000 1853.3409   21.4508
   -7.5000  -45.0000   15.0000 2534.0510   12.6321
    0.0000  -45.0000   15.0000 2554.0620   12.5397
    7.5000  -45.0000   15.0000 2513.6709   12.9090
   -7.5000  -37.5000   15.0000 2667.8308   11.7663
    0.0000  -37.5000   15.0000 2696.5435   11.6659
    7.5000  -37.5000   15.0000 2652.1194   12.0061
   -7.5000  -30.0000   15.0000 2782.5049   11.2426
    0.0000  -30.0000   15.0000 2818.0818   11.1662
    7.5000  -30.0000   15.0000 2767.8782   11.4480
   -7.5000  -22.5000   15.0000 2858.7546   10.9421
    0.0000  -22.5000   15.0000 2894.0913   10.8303
    7.5000  -22.5000   15.0000 2844.3059   11.1006
   -7.5000  -15.0000   15.0000 2880.6104   10.8819
    0.0000  -15.0000   15.0000 2907.0911   10.7598
    7.5000  -15.0000   15.0000 2861.2686   10.9860
   -7.5000   -7.5000   15.0000 2835.1582   11.0621
    0.0000   -7.5000   15.0000 2862.5996   10.9769
    7.5000   -7.5000   15.0000 2823.1912   11.1615
   -7.5000    0.0000   15.0000 2748.0356   11.4526
    0.0000    0.0000   15.0000 2774.7083   11.3645
    7.5000    0.0000   15.0000 2741.7441   11.5415
   -7.5000    7.5000   15.0000 2625.3098   12.1042
    0.0000    7.5000   15.0000 2654.1104   11.9829
    7.5000    7.5000   15.0000 2627.2998   12.1519
   -7.5000   15.0000   15.0000 2483.2559   12.9917
    0.0000   15.0000   15.0000 2506.0415   12.8950
    7.5000   15.0000   15.0000 2486.3833   13.0297
   -7.5000   22.5000   15.0000 2332.5161   14.2335
    0.0000   22.5000   15.0000 2356.8071   14.1118
    7.5000   22.5000   15.0000 2337.8088   14.2506
   -7.5000   30.0000   15.0000 2173.1604   15.9257
    0.0000   30.0000   15.0000 2197.5505   15.7858
    7.5000   30.0000   15.0000 2177.8228   15.9389
   -7.5000   37.5000   15.0000 2003.4036   18.2175
    0.0000   37.5000   15.0000 2027.5735   18.0351
    7.5000   37.5000   15.0000 2007.2367   18.2029
   -7.5000   45.0000   15.0000 1839.5552   21.3281
    0.0000   45.0000   15.0000 1854.7957   21.0421
    7.5000   45.0000   15.0000 1841.5623   21.3016
   -7.5000  -45.0000   22.5000 2491.1030   13.0917
    0.0000  -45.0000   22.5000 2511.6975   12.9995
    7.5000  -45.0000   22.5000 2479.2632   13.3361
   -7.5000  -37.5000   22.5000 2621.9526   12.1911
    0.0000  -37.5000   22.5000 2648.4756   12.0898
    7.5000  -37.5000   22.5000 2614.2373   12.4037
   -7.5000  -30.0000   22.5000 2735.6279   11.6196
    0.0000  -30.0000   22.5000 2766.6924   11.5342
    7.5000  -30.0000   22.5000 2724.9619   11.8095
   -7.5000  -22.5000   22.5000 2806.5491   11.2728
    0.0000  -22.5000   22.5000 2837.4927   11.1379
    7.5000  -22.5000   22.5000 2798.8169   11.4055
   -7.5000  -15.0000   22.5000 2823.1980   11.2006
    0.0000  -15.0000   22.5000 2853.6772   11.1106
    7.5000  -15.0000   22.5000 2821.6199   11.2955
   -7.5000   -7.5000   22.5000 2783.5066   11.4062
    0.0000   -7.5000   22.5000 2811.7185   11.3281
    7.5000   -7.5000   22.5000 2781.9241   11.4857
   -7.5000    0.0000   22.5000 2701.5537   11.8010
    0.0000    0.0000   22.5000 2722.1904   11.7438
    7.5000    0.0000   22.5000 2700.7756   11.8861
   -7.5000    7.5000   22.5000 2592.4434   12.4258
    0.0000    7.5000   22.5000 2616.8987   12.3467
    7.5000    7.5000   22.5000 2590.8716   12.4945
   -7.5000   15.0000   22.5000 2454.9570   13.2959
    0.0000   15.0000   22.5000 2479.4961   13.2027
    7.5000   15.0000   22.5000 2455.6443   13.3527
   -7.5000   22.5000   22.5000 2304.6270   14.4946
    0.0000   22.5000   22.5000 2330.7991   14.3843
    7.5000   22.5000   22.5000 2311.1992   14.5110
   -7.5000   30.0000   22.5000 2141.4297   16.1517
    0.0000   30.0000   22.5000 2167.4441   15.9977
    7.5000   30.0000   22.5000 2154.8918   16.1301
   -7.5000   37.5000   22.5000 1977.7921   18.3471
    0.0000   37.5000   22.5000 2001.0880   18.1228
    7.5000   37.5000   22.5000 1988.4784   18.3084
   -7.5000   45.0000   22.5000 1818.0502   21.3732
    0.0000   45.0000   22.5000 1833.3412   21.0508
    7.5000   45.0000   22.5000 1822.0820   21.3311
   -7.5000  -45.0000   30.0000 2439.7625   13.7651
    0.0000  -45.0000   30.0000 2461.3091   13.6711
    7.5000  -45.0000   30.0000 2430.5784   13.9974
   -7.5000  -37.5000   30.0000 2566.5159   12.8195
    0.0000  -37.5000   30.0000 2592.1416   12.7430
    7.5000  -37.5000   30.0000 2561.1306   13.0044
   -7.5000  -30.0000   30.0000 2668.4614   12.1889
    0.0000  -30.0000   30.0000 2696.5520   12.1081
    7.5000  -30.0000   30.0000 2664.7424   12.3543
   -7.5000  -22.5000   30.0000 2732.1304   11.8058
    0.0000  -22.5000   30.0000 2756.8696   11.7233
    7.5000  -22.5000   30.0000 2727.8757   11.9372
   -7.5000  -15.0000   30.0000 2740.7856   11.7524
    0.0000  -15.0000   30.0000 2766.8774   11.6869
    7.5000  -15.0000   30.0000 2743.7593   11.8486
   -7.5000   -7.5000   30.0000 2704.4302   11.9434
    0.0000   -7.5000   30.0000 2732.5254   11.8618
    7.5000   -7.5000   30.0000 2707.4446   12.0155
   -7.5000    0.0000   30.0000 2628.1111   12.3106
    0.0000    0.0000   30.0000 2655.0664   12.2358
    7.5000    0.0000   30.0000 2630.5220   12.3792
   -7.5000    7.5000   30.0000 2526.5386   12.9063
    0.0000    7.5000   30.0000 2555.6287   12.8219
    7.5000    7.5000   30.0000 2530.2502   12.9674
   -7.5000   15.0000   30.0000 2399.8586   13.7805
    0.0000   15.0000   30.0000 2427.1584   13.6842
    7.5000   15.0000   30.0000 2406.9924   13.8389
   -7.5000   22.5000   30.0000 2261.6091   14.9694
    0.0000   22.5000   30.0000 2284.6140   14.8863
    7.5000   22.5000   30.0000 2268.2708   15.0145
   -7.5000   30.0000   30.0000 2103.1907   16.5612
    0.0000   30.0000   30.0000 2122.7466   16.4470
    7.5000   30.0000   30.0000 2111.5364   16.5827
   -7.5000   37.5000   30.0000 1944.6018   18.7207
    0.0000   37.5000   30.0000 1961.9395   18.5108
    7.5000   37.5000   30.0000 1947.6788   18.7273
   -7.5000   45.0000   30.0000 1790.3365   21.7258
    0.0000   45.0000   30.0000 1805.5630   21.3819
    7.5000   45.0000   30.0000 1794.5525   21.6810
   -7.5000  -45.0000   37.5000 2383.8745   14.6309
    0.0000  -45.0000   37.5000 2404.1252   14.5477
    7.5000  -45.0000   37.5000 2371.1462   14.8256
   -7.5000  -37.5000   37.5000 2505.7925   13.6388
    0.0000  -37.5000   37.5000 2531.8364   13.5625
    7.5000  -37.5000   37.5000 2497.4568   13.8015
   -7.5000  -30.0000   37.5000 2594.2478   12.9504
    0.0000  -30.0000   37.5000 2622.0947   12.8690
    7.5000  -30.0000   37.5000 2590.5151   13.0804
   -7.5000  -22.5000   37.5000 2648.5991   12.5460
    0.0000  -22.5000   37.5000 2670.1956   12.4926
    7.5000  -22.5000   37.5000 2645.4475   12.6771
   -7.5000  -15.0000   37.5000 2646.7402   12.4732
    0.0000  -15.0000   37.5000 2673.7534   12.4232
    7.5000  -15.0000   37.5000 2655.5950   12.5714
   -7.5000   -7.5000   37.5000 2611.4548   12.6255
    0.0000   -7.5000   37.5000 2637.8057   12.5534
    7.5000   -7.5000   37.5000 2621.4773   12.7057
   -7.5000    0.0000   37.5000 2546.0227   12.9728
    0.0000    0.0000   37.5000 2569.3293   12.8946
    7.5000    0.0000   37.5000 2550.9709   13.0333
   -7.5000    7.5000   37.5000 2456.1028   13.5334
    0.0000    7.5000   37.5000 2482.7764   13.4353
    7.5000    7.5000   37.5000 2461.6047   13.6163
   -7.5000   15.0000   37.5000 2341.9375   14.3928
    0.0000   15.0000   37.5000 2367.7246   14.2920
    7.5000   15.0000   37.5000 2346.9883   14.4281
   -7.5000   22.5000   37.5000 2207.1079   15.5929
    0.0000   22.5000   37.5000 2229.3721   15.4727
    7.5000   22.5000   37.5000 2212.1880   15.6147
   -7.5000   30.0000   37.5000 2055.9041   17.2301
    0.0000   30.0000   37.5000 2075.8647   17.0770
    7.5000   30.0000   37.5000 2063.0317   17.2258
   -7.5000   37.5000   37.5000 1906.3392   19.3814
    0.0000   37.5000   37.5000 1918.3966   19.1781
    7.5000   37.5000   37.5000 1909.6172   19.3996
   -7.5000   45.0000   37.5000 1756.6967   22.3986
    0.0000   45.0000   37.5000 1764.5641   22.0685
    7.5000   45.0000   37.5000 1762.0146   22.3705
   -7.5000  -45.0000   45.0000 2309.7148   15.7014
    0.0000  -45.0000   45.0000 2334.3396   15.6297
    7.5000  -45.0000   45.0000 2302.5125   15.8706
   -7.5000  -37.5000   45.0000 2424.8240   14.6429
    0.0000  -37.5000   45.0000 2452.5178   14.5594
    7.5000  -37.5000   45.0000 2421.7249   14.7750
   -7.5000  -30.0000   45.0000 2506.8325   13.9103
    0.0000  -30.0000   45.0000 2531.6396   13.8285
    7.5000  -30.0000   45.0000 2502.3496   14.0217
   -7.5000  -22.5000   45.0000 2551.1155   13.4858
    0.0000  -22.5000   45.0000 2571.5337   13.4213
    7.5000  -22.5000   45.0000 2547.9343   13.5858
   -7.5000  -15.0000   45.0000 2550.4185   13.3541
    0.0000  -15.0000   45.0000 2573.1609   13.3001
    7.5000  -15.0000   45.0000 2556.0391   13.4417
   -7.5000   -7.5000   45.0000 2517.5681   13.4752
    0.0000   -7.5000   45.0000 2540.9004   13.4082
    7.5000   -7.5000   45.0000 2527.1111   13.5505
   -7.5000    0.0000   45.0000 2454.3450   13.7816
    0.0000    0.0000   45.0000 2478.2256   13.7177
    7.5000    0.0000   45.0000 2464.2605   13.8511
   -7.5000    7.5000   45.0000 2373.2358   14.3091
    0.0000    7.5000   45.0000 2398.5796   14.2074
    7.5000    7.5000   45.0000 2381.0344   14.3679
   -7.5000   15.0000   45.0000 2269.7139   15.1269
    0.0000   15.0000   45.0000 2298.0354   14.9850
    7.5000   15.0000   45.0000 2279.3826   15.1458
   -7.5000   22.5000   45.0000 2142.3416   16.3319
    0.0000   22.5000   45.0000 2167.4631   16.1525
    7.5000   22.5000   45.0000 2154.0808   16.3323
   -7.5000   30.0000   45.0000 2003.2709   17.9864
    0.0000   30.0000   45.0000 2020.3690   17.8223
    7.5000   30.0000   45.0000 2009.0570   17.9970
   -7.5000   37.5000   45.0000 1860.4684   20.2761
    0.0000   37.5000   45.0000 1868.1920   20.0594
    7.5000   37.5000   45.0000 1862.8202   20.2532
   -7.5000   45.0000   45.0000 1714.2297   23.3566
    0.0000   45.0000   45.0000 1722.9801   22.9753
    7.5000   45.0000   45.0000 1716.6213   23.2814

---------------------------------------------------------------------
imgreg_4dfp /opt/freesurfer/average/711-2C_as_mni_average_305 /opt/freesurfer/average/711-2B_as_mni_average_305_mask talsrcimg_g11 none talsrcimg_to_711-2C_as_mni_average_305_t4 1283
---------------------------------------------------------------------

freesurfer imgreg_4dfp.c
/opt/freesurfer/average/711-2C_as_mni_average_305.4dfp.img
       256       256       256         1
  1.000000  1.000000  1.000000
orientation T byte_order littleendian
Reading image: /opt/freesurfer/average/711-2C_as_mni_average_305.4dfp.img
dimensions:      256       256       256
mmppix:       1.0000   -1.0000   -1.0000
center:     128.0000 -129.0000 -129.0000
/opt/freesurfer/average/711-2B_as_mni_average_305_mask.4dfp.img
       256       256       256         1
  1.000000  1.000000  1.000000
orientation T byte_order littleendian
Reading mask: /opt/freesurfer/average/711-2B_as_mni_average_305_mask.4dfp.img (2306576 pixels)
talsrcimg_g11.4dfp.img
       256       256       256         1
  1.000000  1.000000  1.000000
orientation T byte_order littleendian
Reading image: talsrcimg_g11.4dfp.img
dimensions:      256       256       256
mmppix:       1.0000   -1.0000   -1.0000
center:     128.0000 -129.0000 -129.0000
rotation matrix determinant  1.000000
fimgreg.f
image alignment mode   1283 decimal      503 hex
parameters
    0.0000  -15.0000    7.5000    0.0000    0.0000    0.0000
eta,q 0.91901 10.53706
niter,ni,del,rscale     5    3   12.0000    1.2000
parameter  2  0.584666 ->  0.500000 qaram    1.1500
parameter  4  1.310688 ->  0.500000 qaram    1.1500
parameter  6  0.713889 ->  0.500000 qaram    1.1500
parameters
    0.0242  -18.4500    7.9086   -3.4500   -1.4564   -3.4500
eta,q 0.92797 10.53695
  0.0881  0.0806  0.0826  0.0739  0.0765  0.0726
  0.0854  0.0786  0.0809  0.0744  0.0750  0.0720
  0.0823  0.0784  0.0793  0.0756  0.0743  0.0726
  0.0812  0.0812  0.0781  0.0781  0.0746  0.0743
  0.0828  0.0854  0.0779  0.0811  0.0753  0.0771
  0.0848  0.0900  0.0793  0.0844  0.0775  0.0810
  0.0882  0.0952  0.0823  0.0877  0.0807  0.0852
niter,ni,del,rscale     7    3   12.0000    1.2000
parameter  4  0.771570 ->  0.500000 qaram    1.3225
parameters
   -0.5645  -17.8043    7.4711   -7.4175   -1.2841   -4.2148
eta,q 0.92956 10.56150
  0.0797  0.0895  0.0770  0.0705  0.0753  0.0744
  0.0765  0.0802  0.0748  0.0704  0.0727  0.0721
  0.0730  0.0739  0.0732  0.0711  0.0710  0.0707
  0.0720  0.0720  0.0724  0.0725  0.0706  0.0705
  0.0741  0.0747  0.0732  0.0753  0.0707  0.0715
  0.0780  0.0786  0.0754  0.0787  0.0721  0.0736
  0.0844  0.0825  0.0791  0.0827  0.0750  0.0764
niter,ni,del,rscale     7    3   12.0000    1.2000
parameter  4  0.691958 ->  0.500000 qaram    1.5209
parameters
   -0.9116  -16.4093    6.8004  -11.9801    0.0784   -4.1891
eta,q 0.93119 10.56100
  0.0797  0.0873  0.0772  0.0695  0.0758  0.0751
  0.0751  0.0769  0.0742  0.0690  0.0729  0.0724
  0.0716  0.0723  0.0713  0.0692  0.0704  0.0702
  0.0704  0.0704  0.0709  0.0707  0.0689  0.0688
  0.0729  0.0717  0.0731  0.0733  0.0688  0.0695
  0.0769  0.0734  0.0759  0.0769  0.0693  0.0723
  0.0816  0.0760  0.0810  0.0801  0.0719  0.0753
niter,ni,del,rscale     7    3   12.0000    1.2000
parameters
   -1.4288  -14.4956    5.9744  -15.3303    0.3028   -5.3612
eta,q 0.93100 10.59407
  0.0783  0.0862  0.0758  0.0706  0.0756  0.0717
  0.0733  0.0781  0.0716  0.0689  0.0723  0.0699
  0.0695  0.0720  0.0694  0.0689  0.0699  0.0691
  0.0688  0.0686  0.0688  0.0690  0.0690  0.0691
  0.0717  0.0691  0.0707  0.0710  0.0699  0.0696
  0.0762  0.0707  0.0755  0.0747  0.0716  0.0717
  0.0813  0.0735  0.0809  0.0798  0.0747  0.0751
niter,ni,del,rscale     6    3   12.0000    1.2000
parameters
   -1.0465  -12.9773    4.9325  -16.0603    0.4713   -5.9353
eta,q 0.93147 10.54352
  0.0794  0.0833  0.0759  0.0755  0.0743  0.0723
  0.0748  0.0747  0.0709  0.0701  0.0718  0.0698
  0.0715  0.0693  0.0687  0.0685  0.0698  0.0686
  0.0690  0.0688  0.0691  0.0686  0.0686  0.0686
  0.0694  0.0692  0.0720  0.0695  0.0692  0.0694
  0.0726  0.0697  0.0768  0.0725  0.0708  0.0710
  0.0778  0.0732  0.0807  0.0777  0.0743  0.0735
niter,ni,del,rscale     5    3   12.0000    1.2000
parameters
   -1.1374  -12.8277    4.6425  -16.0684    0.5836   -5.9704
eta,q 0.93163 10.54107
  0.0772  0.0786  0.0782  0.0773  0.0741  0.0730
  0.0730  0.0711  0.0729  0.0713  0.0716  0.0703
  0.0701  0.0687  0.0689  0.0686  0.0695  0.0687
  0.0685  0.0685  0.0685  0.0684  0.0684  0.0684
  0.0695  0.0683  0.0704  0.0692  0.0690  0.0691
  0.0727  0.0708  0.0748  0.0716  0.0708  0.0705
  0.0784  0.0776  0.0795  0.0770  0.0742  0.0729
niter,ni,del,rscale     4    3   12.0000    1.2000
parameters
   -1.1722  -12.8075    4.5794  -16.0806    0.6155   -5.9779
eta,q 0.93165 10.54089
  0.0774  0.0782  0.0788  0.0774  0.0740  0.0730
  0.0730  0.0709  0.0737  0.0714  0.0715  0.0703
  0.0700  0.0687  0.0692  0.0686  0.0694  0.0687
  0.0684  0.0684  0.0684  0.0684  0.0684  0.0684
  0.0693  0.0681  0.0700  0.0692  0.0691  0.0690
  0.0726  0.0710  0.0741  0.0716  0.0709  0.0705
  0.0782  0.0782  0.0789  0.0771  0.0743  0.0729
niter,ni,del,rscale     3    3   12.0000    1.2000
parameters
   -1.1779  -12.8005    4.5609  -16.0851    0.6223   -5.9797
eta,q 0.93166 10.54080
  0.0775  0.0782  0.0789  0.0774  0.0739  0.0731
  0.0731  0.0709  0.0738  0.0714  0.0714  0.0703
  0.0700  0.0687  0.0692  0.0685  0.0694  0.0687
  0.0684  0.0684  0.0684  0.0683  0.0683  0.0683
  0.0692  0.0680  0.0700  0.0692  0.0691  0.0690
  0.0726  0.0711  0.0740  0.0716  0.0709  0.0705
  0.0781  0.0783  0.0788  0.0771  0.0744  0.0729
registration optimization eta report
parameter search radius
    6.0000    6.9000    6.0000    9.1253    6.0000    6.9000
100000*second partial in parameter space
       26.       22.       29.       11.       16.       10.
  0.0775  0.0782  0.0789  0.0774  0.0739  0.0731
  0.0731  0.0709  0.0738  0.0714  0.0714  0.0703
  0.0700  0.0687  0.0692  0.0685  0.0694  0.0687
  0.0684  0.0684  0.0684  0.0683  0.0683  0.0683
  0.0692  0.0680  0.0700  0.0692  0.0691  0.0690
  0.0726  0.0711  0.0740  0.0716  0.0709  0.0705
  0.0781  0.0783  0.0788  0.0771  0.0744  0.0729
   -1.1779  -12.8005    4.5609  -16.0851    0.6223   -5.9797
eta,q 0.93166 10.54080

---------------------------------------------------------------------
imgreg_4dfp /opt/freesurfer/average/711-2C_as_mni_average_305 /opt/freesurfer/average/711-2B_as_mni_average_305_mask talsrcimg_g11 none talsrcimg_to_711-2C_as_mni_average_305_t4 3335
---------------------------------------------------------------------

freesurfer imgreg_4dfp.c
/opt/freesurfer/average/711-2C_as_mni_average_305.4dfp.img
       256       256       256         1
  1.000000  1.000000  1.000000
orientation T byte_order littleendian
Reading image: /opt/freesurfer/average/711-2C_as_mni_average_305.4dfp.img
dimensions:      256       256       256
mmppix:       1.0000   -1.0000   -1.0000
center:     128.0000 -129.0000 -129.0000
/opt/freesurfer/average/711-2B_as_mni_average_305_mask.4dfp.img
       256       256       256         1
  1.000000  1.000000  1.000000
orientation T byte_order littleendian
Reading mask: /opt/freesurfer/average/711-2B_as_mni_average_305_mask.4dfp.img (2306576 pixels)
talsrcimg_g11.4dfp.img
       256       256       256         1
  1.000000  1.000000  1.000000
orientation T byte_order littleendian
Reading image: talsrcimg_g11.4dfp.img
dimensions:      256       256       256
mmppix:       1.0000   -1.0000   -1.0000
center:     128.0000 -129.0000 -129.0000
fimgreg.f
image alignment mode   3335 decimal      D07 hex
parameters
   -1.1779  -12.8005    4.5609   -0.5500   -4.4690   -3.9205
   10.3092    1.8484  -10.4171   27.6644    1.0862  -27.7048
eta,q 0.93590 10.55989
niter,ni,del,rscale     5    3    5.0000    1.2000
parameter  4  3.184603 ->  0.500000 qaram    1.1500
parameter  5  3.784904 ->  0.500000 qaram    1.1500
parameter  6  0.798476 ->  0.500000 qaram    1.1500
parameter  9 -0.687728 -> -0.500000 qaram    1.1500
parameter 10  0.628772 ->  0.500000 qaram    1.1500
parameter 12 -0.761777 -> -0.500000 qaram    1.1500
parameters
   -1.5998  -13.3830    4.4667   -4.6900   -8.6090   -8.0605
    8.8962    2.8861   -6.2771   23.5244   -0.2926  -23.5648
eta,q 0.95548  9.89852
  0.0655  0.0648  0.0654  0.0542  0.0467  0.0480  0.0496  0.0541  0.0527  0.0457  0.0463  0.0489
  0.0645  0.0642  0.0646  0.0566  0.0498  0.0477  0.0484  0.0511  0.0506  0.0454  0.0456  0.0474
  0.0641  0.0640  0.0641  0.0600  0.0534  0.0484  0.0477  0.0488  0.0488  0.0456  0.0454  0.0462
  0.0641  0.0640  0.0639  0.0639  0.0575  0.0507  0.0478  0.0476  0.0475  0.0465  0.0454  0.0453
  0.0646  0.0644  0.0641  0.0682  0.0620  0.0542  0.0485  0.0478  0.0468  0.0483  0.0457  0.0447
  0.0656  0.0652  0.0647  0.0728  0.0667  0.0582  0.0500  0.0491  0.0465  0.0508  0.0464  0.0445
  0.0670  0.0664  0.0657  0.0774  0.0716  0.0632  0.0519  0.0513  0.0468  0.0541  0.0474  0.0446
niter,ni,del,rscale     7    3    5.0000    1.2000
parameter  4  0.786723 ->  0.500000 qaram    1.3225
parameter  5  1.709974 ->  0.500000 qaram    1.3225
parameters
   -1.3517  -13.3100    3.9801   -9.4510  -13.3700  -11.1369
    8.8001    3.5892   -5.7509   21.6734    0.1182  -24.1711
eta,q 0.96324  9.33967
  0.0487  0.0467  0.0456  0.0418  0.0348  0.0376  0.0395  0.0416  0.0400  0.0390  0.0376  0.0381
  0.0466  0.0455  0.0448  0.0415  0.0364  0.0371  0.0382  0.0393  0.0384  0.0376  0.0372  0.0373
  0.0452  0.0447  0.0444  0.0422  0.0386  0.0370  0.0373  0.0378  0.0373  0.0369  0.0369  0.0369
  0.0445  0.0445  0.0445  0.0444  0.0415  0.0370  0.0370  0.0370  0.0369  0.0369  0.0368  0.0368
  0.0446  0.0447  0.0449  0.0479  0.0450  0.0377  0.0373  0.0371  0.0371  0.0378  0.0368  0.0371
  0.0456  0.0453  0.0458  0.0522  0.0491  0.0406  0.0383  0.0382  0.0380  0.0398  0.0370  0.0377
  0.0473  0.0464  0.0471  0.0571  0.0538  0.0444  0.0397  0.0402  0.0393  0.0426  0.0374  0.0385
niter,ni,del,rscale     7    3    5.0000    1.2000
parameter  5  0.977983 ->  0.500000 qaram    1.5209
parameters
   -1.1291  -13.2653    3.4856  -13.1688  -18.8452  -12.6255
    8.3773    3.4008   -5.9637   21.8980   -0.4610  -24.4926
eta,q 0.96629  8.78662
  0.0408  0.0391  0.0375  0.0372  0.0334  0.0352  0.0359  0.0371  0.0361  0.0380  0.0341  0.0351
  0.0387  0.0377  0.0370  0.0368  0.0337  0.0341  0.0347  0.0352  0.0348  0.0359  0.0339  0.0343
  0.0374  0.0369  0.0367  0.0368  0.0348  0.0337  0.0339  0.0341  0.0340  0.0344  0.0338  0.0338
  0.0368  0.0367  0.0367  0.0367  0.0368  0.0339  0.0337  0.0337  0.0337  0.0337  0.0337  0.0337
  0.0370  0.0370  0.0371  0.0377  0.0395  0.0343  0.0341  0.0343  0.0341  0.0340  0.0338  0.0340
  0.0379  0.0378  0.0377  0.0405  0.0432  0.0349  0.0351  0.0355  0.0350  0.0354  0.0340  0.0345
  0.0395  0.0388  0.0386  0.0445  0.0474  0.0372  0.0365  0.0374  0.0363  0.0377  0.0343  0.0353
niter,ni,del,rscale     7    3    5.0000    1.2000
parameters
   -1.1726  -13.0698    3.5306  -14.3928  -23.3603  -12.3906
    8.0060    3.4814   -6.2029   22.4469    0.7140  -24.2381
eta,q 0.96699  8.48370
  0.0365  0.0364  0.0350  0.0351  0.0343  0.0353  0.0353  0.0367  0.0355  0.0373  0.0337  0.0344
  0.0349  0.0349  0.0343  0.0340  0.0334  0.0340  0.0340  0.0348  0.0341  0.0352  0.0334  0.0337
  0.0340  0.0340  0.0339  0.0336  0.0331  0.0331  0.0333  0.0335  0.0333  0.0337  0.0332  0.0332
  0.0337  0.0337  0.0337  0.0337  0.0336  0.0331  0.0331  0.0331  0.0331  0.0331  0.0330  0.0330
  0.0341  0.0339  0.0338  0.0338  0.0353  0.0334  0.0335  0.0335  0.0335  0.0333  0.0330  0.0332
  0.0351  0.0345  0.0342  0.0345  0.0381  0.0338  0.0344  0.0347  0.0344  0.0345  0.0331  0.0336
  0.0367  0.0355  0.0349  0.0366  0.0419  0.0349  0.0357  0.0365  0.0357  0.0364  0.0334  0.0343
niter,ni,del,rscale     6    3    5.0000    1.2000
parameters
   -1.2090  -12.6138    3.4804  -14.3591  -24.5926  -12.5835
    8.0506    3.4372   -6.5156   22.9984    1.2933  -24.2119
eta,q 0.96707  8.41836
  0.0358  0.0359  0.0340  0.0350  0.0356  0.0349  0.0354  0.0365  0.0352  0.0369  0.0335  0.0342
  0.0343  0.0344  0.0335  0.0337  0.0343  0.0338  0.0341  0.0346  0.0340  0.0349  0.0333  0.0335
  0.0333  0.0335  0.0331  0.0330  0.0333  0.0330  0.0333  0.0334  0.0332  0.0336  0.0331  0.0331
  0.0330  0.0330  0.0330  0.0330  0.0330  0.0330  0.0330  0.0330  0.0330  0.0330  0.0329  0.0329
  0.0334  0.0330  0.0331  0.0332  0.0335  0.0334  0.0333  0.0335  0.0334  0.0332  0.0330  0.0331
  0.0344  0.0335  0.0335  0.0335  0.0351  0.0338  0.0341  0.0347  0.0343  0.0343  0.0331  0.0336
  0.0360  0.0342  0.0341  0.0350  0.0376  0.0351  0.0353  0.0365  0.0355  0.0360  0.0334  0.0342
niter,ni,del,rscale     5    3    5.0000    1.2000
parameters
   -1.2147  -12.3612    3.3396  -14.4277  -25.1351  -12.9006
    8.1393    3.4301   -6.7178   23.3618    1.5057  -24.1535
eta,q 0.96709  8.37780
  0.0357  0.0353  0.0339  0.0350  0.0358  0.0348  0.0353  0.0364  0.0352  0.0366  0.0334  0.0341
  0.0342  0.0340  0.0334  0.0336  0.0345  0.0337  0.0341  0.0345  0.0339  0.0347  0.0332  0.0335
  0.0332  0.0332  0.0330  0.0329  0.0334  0.0330  0.0332  0.0333  0.0332  0.0334  0.0330  0.0331
  0.0329  0.0329  0.0329  0.0329  0.0329  0.0330  0.0329  0.0329  0.0329  0.0329  0.0329  0.0329
  0.0333  0.0331  0.0331  0.0332  0.0333  0.0334  0.0332  0.0334  0.0333  0.0332  0.0330  0.0331
  0.0342  0.0336  0.0335  0.0335  0.0345  0.0338  0.0340  0.0346  0.0342  0.0343  0.0331  0.0335
  0.0357  0.0344  0.0341  0.0350  0.0368  0.0351  0.0352  0.0364  0.0354  0.0360  0.0334  0.0341
niter,ni,del,rscale     4    3    5.0000    1.2000
parameters
   -1.2337  -12.1971    3.1683  -14.5192  -25.5167  -13.2810
    8.2226    3.4060   -6.8356   23.5968    1.5143  -24.0331
eta,q 0.96711  8.33898
  0.0356  0.0350  0.0338  0.0350  0.0358  0.0347  0.0353  0.0364  0.0352  0.0363  0.0334  0.0341
  0.0341  0.0338  0.0333  0.0336  0.0344  0.0336  0.0340  0.0345  0.0339  0.0345  0.0332  0.0334
  0.0332  0.0331  0.0330  0.0329  0.0334  0.0330  0.0332  0.0333  0.0331  0.0334  0.0330  0.0330
  0.0329  0.0329  0.0329  0.0329  0.0329  0.0329  0.0329  0.0329  0.0329  0.0329  0.0329  0.0329
  0.0333  0.0331  0.0331  0.0332  0.0332  0.0334  0.0332  0.0334  0.0332  0.0332  0.0329  0.0331
  0.0342  0.0336  0.0335  0.0336  0.0344  0.0338  0.0339  0.0346  0.0341  0.0342  0.0331  0.0335
  0.0357  0.0344  0.0341  0.0350  0.0366  0.0350  0.0351  0.0363  0.0353  0.0360  0.0334  0.0340
niter,ni,del,rscale     3    3    5.0000    1.2000
parameters
   -1.2587  -12.0571    2.9884  -14.5973  -25.8805  -13.6860
    8.2979    3.3715   -6.8814   23.7986    1.4333  -23.8882
eta,q 0.96713  8.29983
  0.0356  0.0349  0.0338  0.0350  0.0356  0.0347  0.0352  0.0363  0.0352  0.0361  0.0334  0.0340
  0.0341  0.0337  0.0333  0.0336  0.0344  0.0336  0.0340  0.0344  0.0339  0.0345  0.0331  0.0334
  0.0332  0.0331  0.0330  0.0329  0.0334  0.0330  0.0331  0.0332  0.0331  0.0333  0.0329  0.0330
  0.0329  0.0329  0.0329  0.0329  0.0329  0.0329  0.0329  0.0329  0.0329  0.0329  0.0329  0.0329
  0.0332  0.0331  0.0331  0.0332  0.0331  0.0334  0.0331  0.0334  0.0332  0.0332  0.0329  0.0330
  0.0342  0.0336  0.0335  0.0336  0.0343  0.0339  0.0339  0.0346  0.0340  0.0342  0.0331  0.0334
  0.0356  0.0344  0.0341  0.0350  0.0364  0.0350  0.0351  0.0363  0.0352  0.0359  0.0334  0.0339
niter,ni,del,rscale     2    3    5.0000    1.2000
parameters
   -1.2856  -11.9095    2.7896  -14.6889  -26.2845  -14.1510
    8.3622    3.3262   -6.8857   24.0288    1.3172  -23.6999
eta,q 0.96716  8.25599
  0.0355  0.0348  0.0337  0.0350  0.0355  0.0347  0.0351  0.0362  0.0351  0.0360  0.0334  0.0339
  0.0340  0.0337  0.0332  0.0336  0.0343  0.0336  0.0339  0.0344  0.0339  0.0344  0.0331  0.0333
  0.0331  0.0331  0.0329  0.0329  0.0333  0.0329  0.0331  0.0332  0.0331  0.0333  0.0329  0.0330
  0.0329  0.0329  0.0329  0.0329  0.0329  0.0329  0.0328  0.0328  0.0328  0.0328  0.0328  0.0328
  0.0332  0.0331  0.0330  0.0332  0.0331  0.0334  0.0331  0.0334  0.0331  0.0331  0.0329  0.0330
  0.0342  0.0335  0.0335  0.0336  0.0342  0.0339  0.0339  0.0345  0.0339  0.0341  0.0331  0.0333
  0.0356  0.0343  0.0341  0.0350  0.0363  0.0350  0.0350  0.0362  0.0351  0.0358  0.0334  0.0338
niter,ni,del,rscale     1    3    5.0000    1.2000
parameters
   -1.3157  -11.7313    2.5526  -14.8008  -26.8023  -14.7217
    8.4114    3.2691   -6.8565   24.3375    1.1270  -23.4457
eta,q 0.96721  8.20256
  0.0354  0.0347  0.0336  0.0349  0.0353  0.0346  0.0350  0.0361  0.0351  0.0359  0.0333  0.0338
  0.0340  0.0337  0.0332  0.0336  0.0342  0.0336  0.0338  0.0343  0.0338  0.0344  0.0331  0.0332
  0.0331  0.0330  0.0329  0.0328  0.0333  0.0329  0.0331  0.0331  0.0330  0.0333  0.0329  0.0329
  0.0328  0.0328  0.0328  0.0328  0.0328  0.0328  0.0328  0.0328  0.0328  0.0328  0.0328  0.0328
  0.0332  0.0330  0.0330  0.0332  0.0331  0.0334  0.0331  0.0333  0.0331  0.0330  0.0329  0.0329
  0.0341  0.0335  0.0334  0.0336  0.0342  0.0340  0.0338  0.0345  0.0338  0.0339  0.0331  0.0332
  0.0355  0.0341  0.0340  0.0349  0.0362  0.0350  0.0349  0.0361  0.0350  0.0356  0.0334  0.0337
registration optimization eta report
parameter search radius
    2.4000    2.4000    2.4000    9.5220   10.9503    8.2800
    7.2000    7.2000    8.2800    8.2800    7.2000    8.2800
100000*second partial in parameter space
       46.       28.       17.        2.        2.        3.
        4.        6.        3.        4.        1.        1.
  0.0354  0.0347  0.0336  0.0349  0.0353  0.0346  0.0350  0.0361  0.0351  0.0359  0.0333  0.0338
  0.0340  0.0337  0.0332  0.0336  0.0342  0.0336  0.0338  0.0343  0.0338  0.0344  0.0331  0.0332
  0.0331  0.0330  0.0329  0.0328  0.0333  0.0329  0.0331  0.0331  0.0330  0.0333  0.0329  0.0329
  0.0328  0.0328  0.0328  0.0328  0.0328  0.0328  0.0328  0.0328  0.0328  0.0328  0.0328  0.0328
  0.0332  0.0330  0.0330  0.0332  0.0331  0.0334  0.0331  0.0333  0.0331  0.0330  0.0329  0.0329
  0.0341  0.0335  0.0334  0.0336  0.0342  0.0340  0.0338  0.0345  0.0338  0.0339  0.0331  0.0332
  0.0355  0.0341  0.0340  0.0349  0.0362  0.0350  0.0349  0.0361  0.0350  0.0356  0.0334  0.0337
   -1.3157  -11.7313    2.5526  -14.8008  -26.8023  -14.7217
    8.4114    3.2691   -6.8565   24.3375    1.1270  -23.4457
eta,q 0.96721  8.20256

---------------------------------------------------------------------
imgreg_4dfp /opt/freesurfer/average/711-2C_as_mni_average_305 /opt/freesurfer/average/711-2B_as_mni_average_305_mask talsrcimg_g11 none talsrcimg_to_711-2C_as_mni_average_305_t4 2311
---------------------------------------------------------------------

freesurfer imgreg_4dfp.c
/opt/freesurfer/average/711-2C_as_mni_average_305.4dfp.img
       256       256       256         1
  1.000000  1.000000  1.000000
orientation T byte_order littleendian
Reading image: /opt/freesurfer/average/711-2C_as_mni_average_305.4dfp.img
dimensions:      256       256       256
mmppix:       1.0000   -1.0000   -1.0000
center:     128.0000 -129.0000 -129.0000
/opt/freesurfer/average/711-2B_as_mni_average_305_mask.4dfp.img
       256       256       256         1
  1.000000  1.000000  1.000000
orientation T byte_order littleendian
Reading mask: /opt/freesurfer/average/711-2B_as_mni_average_305_mask.4dfp.img (2306576 pixels)
talsrcimg_g11.4dfp.img
       256       256       256         1
  1.000000  1.000000  1.000000
orientation T byte_order littleendian
Reading image: talsrcimg_g11.4dfp.img
dimensions:      256       256       256
mmppix:       1.0000   -1.0000   -1.0000
center:     128.0000 -129.0000 -129.0000
fimgreg.f
image alignment mode   2311 decimal      907 hex
parameters
   -1.3157  -11.7313    2.5526  -14.8008  -26.8023  -14.7217
    8.4114    3.2691   -6.8565   24.3375    1.1270  -23.4457
eta,q 0.96721  8.20256
niter,ni,del,rscale     5    3    5.0000    0.8000
parameters
   -1.3709  -11.5650    2.2779  -15.9708  -26.2725  -15.6852
    8.4851    3.0394   -6.8970   24.8061    0.7069  -23.7807
eta,q 0.96742  8.14939
  0.0339  0.0336  0.0331  0.0331  0.0334  0.0332  0.0337  0.0342  0.0334  0.0338  0.0328  0.0329
  0.0333  0.0332  0.0329  0.0328  0.0330  0.0328  0.0331  0.0332  0.0330  0.0332  0.0327  0.0327
  0.0329  0.0329  0.0328  0.0327  0.0328  0.0326  0.0327  0.0327  0.0327  0.0328  0.0326  0.0326
  0.0328  0.0328  0.0328  0.0328  0.0327  0.0327  0.0326  0.0326  0.0326  0.0326  0.0326  0.0326
  0.0330  0.0328  0.0329  0.0330  0.0327  0.0329  0.0327  0.0329  0.0327  0.0326  0.0326  0.0327
  0.0334  0.0330  0.0331  0.0332  0.0328  0.0333  0.0331  0.0335  0.0330  0.0329  0.0328  0.0328
  0.0341  0.0333  0.0334  0.0334  0.0331  0.0337  0.0336  0.0344  0.0334  0.0334  0.0330  0.0329
niter,ni,del,rscale     4    3    5.0000    0.7000
parameters
   -1.4101  -11.4015    1.9751  -16.1962  -26.6768  -16.2369
    8.4771    2.9874   -6.7603   25.3261    0.7275  -23.8187
eta,q 0.96749  8.10698
  0.0335  0.0332  0.0328  0.0331  0.0329  0.0331  0.0333  0.0338  0.0332  0.0335  0.0328  0.0328
  0.0330  0.0329  0.0326  0.0328  0.0327  0.0328  0.0329  0.0331  0.0329  0.0330  0.0326  0.0326
  0.0327  0.0327  0.0326  0.0326  0.0326  0.0326  0.0326  0.0327  0.0326  0.0327  0.0325  0.0325
  0.0326  0.0326  0.0326  0.0326  0.0326  0.0326  0.0325  0.0325  0.0325  0.0325  0.0325  0.0325
  0.0327  0.0326  0.0327  0.0327  0.0326  0.0327  0.0326  0.0327  0.0326  0.0325  0.0325  0.0326
  0.0331  0.0327  0.0328  0.0329  0.0328  0.0331  0.0329  0.0332  0.0328  0.0327  0.0326  0.0326
  0.0336  0.0330  0.0331  0.0332  0.0331  0.0335  0.0333  0.0338  0.0331  0.0332  0.0328  0.0327
niter,ni,del,rscale     3    3    5.0000    0.6000
parameters
   -1.4328  -11.1470    1.7144  -16.3663  -27.2420  -16.6869
    8.4738    2.9348   -6.6524   25.9135    0.7702  -23.8135
eta,q 0.96755  8.06414
  0.0332  0.0331  0.0326  0.0329  0.0327  0.0329  0.0330  0.0334  0.0330  0.0333  0.0326  0.0326
  0.0328  0.0328  0.0325  0.0327  0.0326  0.0327  0.0327  0.0329  0.0327  0.0329  0.0325  0.0325
  0.0326  0.0326  0.0325  0.0325  0.0325  0.0325  0.0325  0.0326  0.0325  0.0326  0.0325  0.0325
  0.0325  0.0325  0.0325  0.0325  0.0325  0.0325  0.0325  0.0325  0.0325  0.0325  0.0325  0.0324
  0.0326  0.0325  0.0326  0.0326  0.0325  0.0326  0.0325  0.0326  0.0325  0.0325  0.0325  0.0325
  0.0329  0.0326  0.0327  0.0328  0.0327  0.0329  0.0327  0.0329  0.0327  0.0326  0.0325  0.0325
  0.0332  0.0327  0.0329  0.0330  0.0329  0.0332  0.0330  0.0334  0.0329  0.0329  0.0326  0.0326
niter,ni,del,rscale     2    3    5.0000    0.5000
parameters
   -1.4543  -10.8752    1.4841  -16.4603  -27.8778  -17.0342
    8.4735    2.9107   -6.5622   26.4594    0.8183  -23.7579
eta,q 0.96760  8.02497
  0.0329  0.0329  0.0325  0.0328  0.0325  0.0327  0.0328  0.0331  0.0327  0.0330  0.0325  0.0325
  0.0326  0.0327  0.0325  0.0326  0.0325  0.0325  0.0326  0.0327  0.0326  0.0327  0.0325  0.0324
  0.0325  0.0325  0.0324  0.0325  0.0324  0.0324  0.0325  0.0325  0.0324  0.0325  0.0324  0.0324
  0.0324  0.0325  0.0324  0.0324  0.0324  0.0324  0.0324  0.0324  0.0324  0.0324  0.0324  0.0324
  0.0325  0.0324  0.0325  0.0325  0.0325  0.0325  0.0325  0.0325  0.0324  0.0324  0.0324  0.0324
  0.0327  0.0325  0.0326  0.0326  0.0326  0.0327  0.0326  0.0327  0.0325  0.0325  0.0324  0.0324
  0.0329  0.0326  0.0327  0.0328  0.0327  0.0329  0.0328  0.0331  0.0327  0.0327  0.0325  0.0325
niter,ni,del,rscale     1    3    5.0000    0.4000
parameters
   -1.4626  -10.6088    1.2907  -16.5231  -28.4675  -17.3286
    8.4455    2.9179   -6.4684   26.9220    0.8321  -23.6437
eta,q 0.96765  7.99030
  0.0327  0.0327  0.0324  0.0326  0.0324  0.0326  0.0326  0.0328  0.0326  0.0327  0.0324  0.0324
  0.0325  0.0325  0.0324  0.0325  0.0324  0.0324  0.0325  0.0325  0.0325  0.0326  0.0324  0.0324
  0.0324  0.0324  0.0324  0.0324  0.0324  0.0324  0.0324  0.0324  0.0324  0.0324  0.0324  0.0324
  0.0324  0.0324  0.0324  0.0324  0.0324  0.0324  0.0324  0.0324  0.0324  0.0324  0.0323  0.0323
  0.0324  0.0324  0.0324  0.0324  0.0324  0.0324  0.0324  0.0324  0.0324  0.0324  0.0324  0.0324
  0.0325  0.0324  0.0325  0.0325  0.0325  0.0325  0.0325  0.0325  0.0324  0.0324  0.0324  0.0324
  0.0327  0.0324  0.0325  0.0326  0.0326  0.0327  0.0326  0.0328  0.0325  0.0325  0.0324  0.0324
registration optimization eta report
parameter search radius
    0.8000    0.8000    0.8000    2.4000    2.4000    2.4000
    2.4000    2.4000    2.4000    2.4000    2.4000    2.4000
100000*second partial in parameter space
       46.       26.       17.        4.        2.        5.
        4.        7.        3.        5.        2.        1.
  0.0327  0.0327  0.0324  0.0326  0.0324  0.0326  0.0326  0.0328  0.0326  0.0327  0.0324  0.0324
  0.0325  0.0325  0.0324  0.0325  0.0324  0.0324  0.0325  0.0325  0.0325  0.0326  0.0324  0.0324
  0.0324  0.0324  0.0324  0.0324  0.0324  0.0324  0.0324  0.0324  0.0324  0.0324  0.0324  0.0324
  0.0324  0.0324  0.0324  0.0324  0.0324  0.0324  0.0324  0.0324  0.0324  0.0324  0.0323  0.0323
  0.0324  0.0324  0.0324  0.0324  0.0324  0.0324  0.0324  0.0324  0.0324  0.0324  0.0324  0.0324
  0.0325  0.0324  0.0325  0.0325  0.0325  0.0325  0.0325  0.0325  0.0324  0.0324  0.0324  0.0324
  0.0327  0.0324  0.0325  0.0326  0.0326  0.0327  0.0326  0.0328  0.0325  0.0325  0.0324  0.0324
   -1.4626  -10.6088    1.2907  -16.5231  -28.4675  -17.3286
    8.4455    2.9179   -6.4684   26.9220    0.8321  -23.6437
eta,q 0.96765  7.99030

---------------------------------------------------------------------
imgreg_4dfp /opt/freesurfer/average/711-2C_as_mni_average_305 /opt/freesurfer/average/711-2B_as_mni_average_305_mask talsrcimg_g11 none talsrcimg_to_711-2C_as_mni_average_305_t4 2311
---------------------------------------------------------------------

freesurfer imgreg_4dfp.c
/opt/freesurfer/average/711-2C_as_mni_average_305.4dfp.img
       256       256       256         1
  1.000000  1.000000  1.000000
orientation T byte_order littleendian
Reading image: /opt/freesurfer/average/711-2C_as_mni_average_305.4dfp.img
dimensions:      256       256       256
mmppix:       1.0000   -1.0000   -1.0000
center:     128.0000 -129.0000 -129.0000
/opt/freesurfer/average/711-2B_as_mni_average_305_mask.4dfp.img
       256       256       256         1
  1.000000  1.000000  1.000000
orientation T byte_order littleendian
Reading mask: /opt/freesurfer/average/711-2B_as_mni_average_305_mask.4dfp.img (2306576 pixels)
talsrcimg_g11.4dfp.img
       256       256       256         1
  1.000000  1.000000  1.000000
orientation T byte_order littleendian
Reading image: talsrcimg_g11.4dfp.img
dimensions:      256       256       256
mmppix:       1.0000   -1.0000   -1.0000
center:     128.0000 -129.0000 -129.0000
fimgreg.f
image alignment mode   2311 decimal      907 hex
parameters
   -1.4626  -10.6088    1.2907  -16.5231  -28.4675  -17.3286
    8.4455    2.9179   -6.4684   26.9220    0.8321  -23.6437
eta,q 0.96765  7.99030
niter,ni,del,rscale     5    3    5.0000    0.8000
parameters
   -1.4459  -10.3147    1.1241  -16.3911  -29.3317  -17.6062
    8.3674    3.0780   -6.3399   27.2367    0.6026  -23.2228
eta,q 0.96769  7.94688
  0.0335  0.0332  0.0327  0.0332  0.0327  0.0331  0.0332  0.0340  0.0331  0.0335  0.0326  0.0326
  0.0329  0.0328  0.0325  0.0327  0.0325  0.0327  0.0327  0.0331  0.0327  0.0329  0.0324  0.0324
  0.0325  0.0325  0.0324  0.0324  0.0323  0.0324  0.0324  0.0325  0.0324  0.0325  0.0323  0.0323
  0.0323  0.0323  0.0323  0.0323  0.0323  0.0323  0.0323  0.0323  0.0323  0.0323  0.0323  0.0323
  0.0325  0.0323  0.0324  0.0325  0.0324  0.0325  0.0324  0.0325  0.0324  0.0324  0.0324  0.0323
  0.0328  0.0325  0.0326  0.0328  0.0327  0.0329  0.0327  0.0330  0.0326  0.0327  0.0325  0.0324
  0.0334  0.0327  0.0328  0.0331  0.0331  0.0333  0.0332  0.0337  0.0330  0.0333  0.0327  0.0325
niter,ni,del,rscale     4    3    5.0000    0.7000
parameters
   -1.3979  -10.0912    0.9864  -16.4595  -29.7726  -17.8257
    8.1967    3.1321   -6.2532   27.5082    0.5391  -23.2068
eta,q 0.96771  7.92058
  0.0332  0.0330  0.0326  0.0330  0.0326  0.0329  0.0329  0.0335  0.0329  0.0332  0.0325  0.0325
  0.0327  0.0326  0.0324  0.0326  0.0324  0.0326  0.0326  0.0328  0.0326  0.0328  0.0324  0.0324
  0.0324  0.0324  0.0323  0.0324  0.0323  0.0324  0.0323  0.0324  0.0324  0.0324  0.0323  0.0323
  0.0323  0.0323  0.0323  0.0323  0.0323  0.0323  0.0323  0.0323  0.0323  0.0323  0.0323  0.0323
  0.0324  0.0323  0.0324  0.0324  0.0324  0.0324  0.0324  0.0324  0.0323  0.0323  0.0323  0.0323
  0.0327  0.0324  0.0325  0.0327  0.0325  0.0327  0.0326  0.0328  0.0325  0.0326  0.0324  0.0324
  0.0331  0.0326  0.0327  0.0330  0.0328  0.0331  0.0330  0.0334  0.0328  0.0330  0.0326  0.0325
niter,ni,del,rscale     3    3    5.0000    0.6000
parameters
   -1.3499   -9.9526    0.8909  -16.5379  -29.9934  -17.9475
    8.0474    3.1742   -6.1874   27.7148    0.4959  -23.2469
eta,q 0.96772  7.90701
  0.0330  0.0327  0.0325  0.0328  0.0325  0.0328  0.0327  0.0332  0.0327  0.0330  0.0325  0.0324
  0.0326  0.0325  0.0324  0.0325  0.0324  0.0325  0.0325  0.0327  0.0325  0.0326  0.0324  0.0323
  0.0324  0.0323  0.0323  0.0323  0.0323  0.0323  0.0323  0.0324  0.0323  0.0324  0.0323  0.0323
  0.0323  0.0323  0.0323  0.0323  0.0323  0.0323  0.0323  0.0323  0.0323  0.0323  0.0323  0.0323
  0.0323  0.0323  0.0323  0.0324  0.0323  0.0324  0.0324  0.0324  0.0323  0.0323  0.0323  0.0323
  0.0325  0.0324  0.0324  0.0326  0.0324  0.0326  0.0325  0.0327  0.0325  0.0325  0.0324  0.0323
  0.0329  0.0326  0.0325  0.0328  0.0326  0.0329  0.0328  0.0331  0.0327  0.0328  0.0325  0.0324
niter,ni,del,rscale     2    3    5.0000    0.5000
parameters
   -1.3044   -9.8680    0.8370  -16.5756  -30.1170  -18.0250
    7.9212    3.2147   -6.1485   27.8559    0.4863  -23.3091
eta,q 0.96773  7.90025
  0.0327  0.0326  0.0324  0.0326  0.0325  0.0326  0.0326  0.0329  0.0326  0.0328  0.0324  0.0324
  0.0325  0.0324  0.0323  0.0324  0.0324  0.0324  0.0324  0.0326  0.0324  0.0325  0.0323  0.0323
  0.0323  0.0323  0.0323  0.0323  0.0323  0.0323  0.0323  0.0324  0.0323  0.0323  0.0323  0.0323
  0.0323  0.0323  0.0323  0.0323  0.0323  0.0323  0.0323  0.0323  0.0323  0.0323  0.0323  0.0323
  0.0323  0.0323  0.0323  0.0323  0.0323  0.0323  0.0323  0.0323  0.0323  0.0323  0.0323  0.0323
  0.0324  0.0324  0.0324  0.0325  0.0324  0.0325  0.0324  0.0326  0.0324  0.0324  0.0323  0.0323
  0.0327  0.0325  0.0324  0.0327  0.0325  0.0327  0.0326  0.0329  0.0326  0.0327  0.0324  0.0324
niter,ni,del,rscale     1    3    5.0000    0.4000
parameters
   -1.2734   -9.8162    0.8105  -16.5932  -30.1848  -18.0510
    7.8228    3.2451   -6.1125   27.9496    0.4958  -23.3063
eta,q 0.96773  7.89694
  0.0326  0.0324  0.0324  0.0325  0.0324  0.0325  0.0325  0.0327  0.0325  0.0326  0.0323  0.0323
  0.0324  0.0324  0.0323  0.0324  0.0323  0.0324  0.0324  0.0325  0.0324  0.0324  0.0323  0.0323
  0.0323  0.0323  0.0323  0.0323  0.0323  0.0323  0.0323  0.0323  0.0323  0.0323  0.0323  0.0323
  0.0323  0.0323  0.0323  0.0323  0.0323  0.0323  0.0323  0.0323  0.0323  0.0323  0.0323  0.0323
  0.0323  0.0323  0.0323  0.0323  0.0323  0.0323  0.0323  0.0323  0.0323  0.0323  0.0323  0.0323
  0.0324  0.0323  0.0323  0.0324  0.0323  0.0324  0.0324  0.0324  0.0324  0.0324  0.0323  0.0323
  0.0325  0.0324  0.0324  0.0325  0.0324  0.0325  0.0325  0.0327  0.0324  0.0325  0.0324  0.0323
registration optimization eta report
parameter search radius
    0.8000    0.8000    0.8000    2.4000    2.4000    2.4000
    2.4000    2.4000    2.4000    2.4000    2.4000    2.4000
100000*second partial in parameter space
       42.       24.       16.        4.        2.        4.
        4.        7.        3.        5.        1.        1.
  0.0326  0.0324  0.0324  0.0325  0.0324  0.0325  0.0325  0.0327  0.0325  0.0326  0.0323  0.0323
  0.0324  0.0324  0.0323  0.0324  0.0323  0.0324  0.0324  0.0325  0.0324  0.0324  0.0323  0.0323
  0.0323  0.0323  0.0323  0.0323  0.0323  0.0323  0.0323  0.0323  0.0323  0.0323  0.0323  0.0323
  0.0323  0.0323  0.0323  0.0323  0.0323  0.0323  0.0323  0.0323  0.0323  0.0323  0.0323  0.0323
  0.0323  0.0323  0.0323  0.0323  0.0323  0.0323  0.0323  0.0323  0.0323  0.0323  0.0323  0.0323
  0.0324  0.0323  0.0323  0.0324  0.0323  0.0324  0.0324  0.0324  0.0324  0.0324  0.0323  0.0323
  0.0325  0.0324  0.0324  0.0325  0.0324  0.0325  0.0325  0.0327  0.0324  0.0325  0.0324  0.0323
   -1.2734   -9.8162    0.8105  -16.5932  -30.1848  -18.0510
    7.8228    3.2451   -6.1125   27.9496    0.4958  -23.3063
eta,q 0.96773  7.89694

---------------------------------------------------------------------
compute_vox2vox talsrcimg talsrcimg_to_711-2C_as_mni_average_305_t4 /opt/freesurfer/average/711-2C_as_mni_average_305
---------------------------------------------------------------------

freesurfer compute_vox2vox.c
Reading: talsrcimg.4dfp.ifh
Reading: talsrcimg_to_711-2C_as_mni_average_305_t4
Reading: /opt/freesurfer/average/711-2C_as_mni_average_305.4dfp.ifh
Writing: talsrcimg_to_711-2C_as_mni_average_305_t4_vox2vox.txt

start time Fri Mar 6 14:16:37 CET 2026
end		time Fri Mar 6 14:18:03 CET 2026

mpr2mni305 success

avi2talxfm orig_nu.mgz /opt/freesurfer/average/mni305.cor.mgz talsrcimg_to_711-2C_as_mni_average_305_t4_vox2vox.txt transforms/talairach.auto.xfm
avi2talxfm done
mv -f /out/sourcedata/freesurfer/sub-v1s10x0051108_ses-1/mri/talsrcimg_to_711-2C_as_mni_average_305_t4_vox2vox.txt /out/sourcedata/freesurfer/sub-v1s10x0051108_ses-1/mri/transforms/talsrcimg_to_711-2C_as_mni_average_305_t4_vox2vox.txt
lta_convert --src orig_nu.mgz --trg /opt/freesurfer/average/mni305.cor.mgz --inxfm transforms/talairach.auto.xfm --outlta transforms/talairach.auto.xfm.lta --subject fsaverage
7.3.2

--src: orig_nu.mgz src image (geometry).
--trg: /opt/freesurfer/average/mni305.cor.mgz trg image (geometry).
--inmni: transforms/talairach.auto.xfm input MNI/XFM transform.
--outlta: transforms/talairach.auto.xfm.lta output LTA.
--s: fsaverage subject name
 LTA read, type : 1
 1.18915  -0.00148  -0.13374  -6.09569;
 0.02012   1.09551   0.36346   2.55510;
 0.09606  -0.43870   1.27514   15.84810;
 0.00000   0.00000   0.00000   1.00000;
setting subject to fsaverage
Writing  LTA to file transforms/talairach.auto.xfm.lta...
lta_convert successful.
 
 
Started at Fri Mar 6 14:16:37 CET 2026
Ended   at Fri Mar  6 14:18:03 CET 2026
talairach_avi done
