status file for recon-all
Fri Mar  6 10:34:26 CET 2026
#@# MotionCor Fri Mar  6 10:34:27 CET 2026
#@# Talairach Fri Mar  6 10:34:36 CET 2026
#@# Talairach Failure Detection Fri Mar  6 10:38:58 CET 2026
#@# Nu Intensity Correction Fri Mar  6 10:38:58 CET 2026
#@# Intensity Normalization Fri Mar  6 10:42:12 CET 2026
recon-all -s sub-v1s10x0051060_ses-1 finished without error at Fri Mar  6 10:43:34 CET 2026



#New# invocation of recon-all 



status file for recon-all
Fri Mar  6 10:50:16 CET 2026
#@# EM Registration Fri Mar  6 10:50:16 CET 2026
recon-all -s sub-v1s10x0051060_ses-1 finished without error at Fri Mar  6 10:51:36 CET 2026



#New# invocation of recon-all 



status file for recon-all
Fri Mar  6 10:51:38 CET 2026
#@# CA Normalize Fri Mar  6 10:51:38 CET 2026
#@# CA Reg Fri Mar  6 10:52:57 CET 2026
#@# SubCort Seg Fri Mar  6 11:34:56 CET 2026
#@# CC Seg Fri Mar  6 11:58:08 CET 2026
#@# Merge ASeg Fri Mar  6 11:58:41 CET 2026
#@# Intensity Normalization2 Fri Mar  6 11:58:41 CET 2026
#@# Mask BFS Fri Mar  6 12:00:51 CET 2026
#@# WM Segmentation Fri Mar  6 12:00:52 CET 2026
#@# Fill Fri Mar  6 12:02:41 CET 2026
recon-all -s sub-v1s10x0051060_ses-1 finished without error at Fri Mar  6 12:03:41 CET 2026



#New# invocation of recon-all 



status file for recon-all
Fri Mar  6 12:36:18 CET 2026
#@# white curv lh Fri Mar  6 12:36:18 CET 2026
#@# white area lh Fri Mar  6 12:36:18 CET 2026
#@# pial curv lh Fri Mar  6 12:36:18 CET 2026
#@# pial area lh Fri Mar  6 12:36:18 CET 2026
#@# thickness lh Fri Mar  6 12:36:18 CET 2026
#@# area and vertex vol lh Fri Mar  6 12:36:18 CET 2026
#@# white curv rh Fri Mar  6 12:36:18 CET 2026
#@# white area rh Fri Mar  6 12:36:18 CET 2026
#@# pial curv rh Fri Mar  6 12:36:18 CET 2026
#@# pial area rh Fri Mar  6 12:36:18 CET 2026
#@# thickness rh Fri Mar  6 12:36:18 CET 2026
#@# area and vertex vol rh Fri Mar  6 12:36:18 CET 2026
#@# Cortical ribbon mask Fri Mar  6 12:36:18 CET 2026
recon-all -s sub-v1s10x0051060_ses-1 finished without error at Fri Mar  6 12:39:04 CET 2026



#New# invocation of recon-all 



status file for recon-all
Fri Mar  6 12:44:05 CET 2026
#@# white curv lh Fri Mar  6 12:44:05 CET 2026
#@# white area lh Fri Mar  6 12:44:05 CET 2026
#@# pial curv lh Fri Mar  6 12:44:05 CET 2026
#@# pial area lh Fri Mar  6 12:44:05 CET 2026
#@# thickness lh Fri Mar  6 12:44:05 CET 2026
#@# area and vertex vol lh Fri Mar  6 12:44:05 CET 2026
#@# white curv rh Fri Mar  6 12:44:05 CET 2026
#@# white area rh Fri Mar  6 12:44:05 CET 2026
#@# pial curv rh Fri Mar  6 12:44:05 CET 2026
#@# pial area rh Fri Mar  6 12:44:05 CET 2026
#@# thickness rh Fri Mar  6 12:44:05 CET 2026
#@# area and vertex vol rh Fri Mar  6 12:44:05 CET 2026
#@# Curvature Stats lh Fri Mar  6 12:44:05 CET 2026
#@# Curvature Stats rh Fri Mar  6 12:44:06 CET 2026
#@# Relabel Hypointensities Fri Mar  6 12:44:08 CET 2026
#@# APas-to-ASeg Fri Mar  6 12:44:21 CET 2026
#@# AParc-to-ASeg aparc Fri Mar  6 12:44:27 CET 2026
#@# AParc-to-ASeg aparc.a2009s Fri Mar  6 12:44:46 CET 2026
#@# AParc-to-ASeg aparc.DKTatlas Fri Mar  6 12:45:06 CET 2026
#@# WMParc Fri Mar  6 12:45:26 CET 2026
#@# ASeg Stats Fri Mar  6 12:48:49 CET 2026
recon-all -s sub-v1s10x0051060_ses-1 finished without error at Fri Mar  6 12:49:19 CET 2026
