status file for recon-all
Fri Mar  6 17:59:34 CET 2026
#@# Tessellate lh Fri Mar  6 17:59:34 CET 2026
#@# Smooth1 lh Fri Mar  6 17:59:38 CET 2026
#@# Inflation1 lh Fri Mar  6 17:59:41 CET 2026
#@# QSphere lh Fri Mar  6 17:59:56 CET 2026
#@# Fix Topology lh Fri Mar  6 18:01:12 CET 2026
#@# Smooth2 lh Fri Mar  6 18:07:34 CET 2026
#@# Inflation2 lh Fri Mar  6 18:07:37 CET 2026
#@# Curv .H and .K lh Fri Mar  6 18:07:52 CET 2026
#@# Sphere lh Fri Mar  6 18:08:42 CET 2026
#@# Surf Reg lh Fri Mar  6 18:11:11 CET 2026
#@# Jacobian white lh Fri Mar  6 18:15:04 CET 2026
#@# AvgCurv lh Fri Mar  6 18:15:05 CET 2026
#@# Cortical Parc lh Fri Mar  6 18:15:06 CET 2026
#@# white curv lh Fri Mar  6 18:21:45 CET 2026
#@# white area lh Fri Mar  6 18:21:47 CET 2026
#@# pial curv lh Fri Mar  6 18:21:47 CET 2026
#@# pial area lh Fri Mar  6 18:21:49 CET 2026
#@# thickness lh Fri Mar  6 18:21:50 CET 2026
#@# area and vertex vol lh Fri Mar  6 18:22:22 CET 2026
#@# Curvature Stats lh Fri Mar  6 18:22:23 CET 2026
#@# Cortical Parc 2 lh Fri Mar  6 18:22:26 CET 2026
#@# Cortical Parc 3 lh Fri Mar  6 18:22:40 CET 2026
#@# WM/GM Contrast lh Fri Mar  6 18:22:51 CET 2026
recon-all -s sub-v1s10x0051156_ses-1 finished without error at Fri Mar  6 18:22:56 CET 2026



#New# invocation of recon-all 



status file for recon-all
Fri Mar  6 18:54:21 CET 2026
#@# white curv lh Fri Mar  6 18:54:21 CET 2026
#@# white area lh Fri Mar  6 18:54:21 CET 2026
#@# pial curv lh Fri Mar  6 18:54:21 CET 2026
#@# pial area lh Fri Mar  6 18:54:21 CET 2026
#@# thickness lh Fri Mar  6 18:54:21 CET 2026
#@# area and vertex vol lh Fri Mar  6 18:54:21 CET 2026
#@# Parcellation Stats lh Fri Mar  6 18:54:21 CET 2026
#@# Parcellation Stats 2 lh Fri Mar  6 18:54:42 CET 2026
#@# Parcellation Stats 3 lh Fri Mar  6 18:54:52 CET 2026
#@# BA_exvivo Labels lh Fri Mar  6 18:55:03 CET 2026
recon-all -s sub-v1s10x0051156_ses-1 finished without error at Fri Mar  6 18:57:47 CET 2026
