status file for recon-all
Tue Mar  3 13:07:54 CET 2026
#@# Tessellate rh Tue Mar  3 13:07:54 CET 2026
#@# Smooth1 rh Tue Mar  3 13:08:02 CET 2026
#@# Inflation1 rh Tue Mar  3 13:08:08 CET 2026
#@# QSphere rh Tue Mar  3 13:08:38 CET 2026
#@# Fix Topology rh Tue Mar  3 13:12:48 CET 2026
#@# Smooth2 rh Tue Mar  3 13:27:48 CET 2026
#@# Inflation2 rh Tue Mar  3 13:27:55 CET 2026
#@# Curv .H and .K rh Tue Mar  3 13:28:28 CET 2026
#@# Sphere rh Tue Mar  3 13:30:07 CET 2026
#@# Surf Reg rh Tue Mar  3 13:36:30 CET 2026
#@# Jacobian white rh Tue Mar  3 13:45:34 CET 2026
#@# AvgCurv rh Tue Mar  3 13:45:36 CET 2026
#@# Cortical Parc rh Tue Mar  3 13:45:38 CET 2026
#@# white curv rh Tue Mar  3 13:57:09 CET 2026
#@# white area rh Tue Mar  3 13:57:13 CET 2026
#@# pial curv rh Tue Mar  3 13:57:15 CET 2026
#@# pial area rh Tue Mar  3 13:57:19 CET 2026
#@# thickness rh Tue Mar  3 13:57:21 CET 2026
#@# area and vertex vol rh Tue Mar  3 13:58:39 CET 2026
#@# Curvature Stats rh Tue Mar  3 13:58:42 CET 2026
#@# Cortical Parc 2 rh Tue Mar  3 13:58:49 CET 2026
#@# Cortical Parc 3 rh Tue Mar  3 13:59:22 CET 2026
#@# WM/GM Contrast rh Tue Mar  3 13:59:48 CET 2026
recon-all -s sub-v1s18x0051273_ses-1 finished without error at Tue Mar  3 13:59:54 CET 2026



#New# invocation of recon-all 



status file for recon-all
Tue Mar  3 14:36:02 CET 2026
#@# white curv rh Tue Mar  3 14:36:02 CET 2026
#@# white area rh Tue Mar  3 14:36:02 CET 2026
#@# pial curv rh Tue Mar  3 14:36:02 CET 2026
#@# pial area rh Tue Mar  3 14:36:02 CET 2026
#@# thickness rh Tue Mar  3 14:36:02 CET 2026
#@# area and vertex vol rh Tue Mar  3 14:36:02 CET 2026
#@# Parcellation Stats rh Tue Mar  3 14:36:02 CET 2026
#@# Parcellation Stats 2 rh Tue Mar  3 14:36:58 CET 2026
#@# Parcellation Stats 3 rh Tue Mar  3 14:37:28 CET 2026
#@# BA_exvivo Labels rh Tue Mar  3 14:37:55 CET 2026
recon-all -s sub-v1s18x0051273_ses-1 finished without error at Tue Mar  3 14:46:09 CET 2026
