status file for recon-all
Fri Mar  6 08:47:17 CET 2026
#@# Tessellate lh Fri Mar  6 08:47:17 CET 2026
#@# Smooth1 lh Fri Mar  6 08:47:21 CET 2026
#@# Inflation1 lh Fri Mar  6 08:47:24 CET 2026
#@# QSphere lh Fri Mar  6 08:47:41 CET 2026
#@# Fix Topology lh Fri Mar  6 08:49:11 CET 2026
#@# Smooth2 lh Fri Mar  6 08:59:25 CET 2026
#@# Inflation2 lh Fri Mar  6 08:59:28 CET 2026
#@# Curv .H and .K lh Fri Mar  6 08:59:43 CET 2026
#@# Sphere lh Fri Mar  6 09:00:27 CET 2026
#@# Surf Reg lh Fri Mar  6 09:03:18 CET 2026
#@# Jacobian white lh Fri Mar  6 09:08:13 CET 2026
#@# AvgCurv lh Fri Mar  6 09:08:13 CET 2026
#@# Cortical Parc lh Fri Mar  6 09:08:14 CET 2026
#@# white curv lh Fri Mar  6 09:14:31 CET 2026
#@# white area lh Fri Mar  6 09:14:33 CET 2026
#@# pial curv lh Fri Mar  6 09:14:34 CET 2026
#@# pial area lh Fri Mar  6 09:14:36 CET 2026
#@# thickness lh Fri Mar  6 09:14:37 CET 2026
#@# area and vertex vol lh Fri Mar  6 09:15:04 CET 2026
#@# Curvature Stats lh Fri Mar  6 09:15:05 CET 2026
#@# Cortical Parc 2 lh Fri Mar  6 09:15:08 CET 2026
#@# Cortical Parc 3 lh Fri Mar  6 09:15:21 CET 2026
#@# WM/GM Contrast lh Fri Mar  6 09:15:31 CET 2026
recon-all -s sub-v1s10x0051015_ses-1 finished without error at Fri Mar  6 09:15:35 CET 2026



#New# invocation of recon-all 



status file for recon-all
Fri Mar  6 09:58:11 CET 2026
#@# white curv lh Fri Mar  6 09:58:11 CET 2026
#@# white area lh Fri Mar  6 09:58:11 CET 2026
#@# pial curv lh Fri Mar  6 09:58:11 CET 2026
#@# pial area lh Fri Mar  6 09:58:11 CET 2026
#@# thickness lh Fri Mar  6 09:58:11 CET 2026
#@# area and vertex vol lh Fri Mar  6 09:58:11 CET 2026
#@# Parcellation Stats lh Fri Mar  6 09:58:11 CET 2026
#@# Parcellation Stats 2 lh Fri Mar  6 09:58:30 CET 2026
#@# Parcellation Stats 3 lh Fri Mar  6 09:58:39 CET 2026
#@# BA_exvivo Labels lh Fri Mar  6 09:58:48 CET 2026
recon-all -s sub-v1s10x0051015_ses-1 finished without error at Fri Mar  6 10:01:36 CET 2026
