status file for recon-all
Sat Mar  7 02:36:57 CET 2026
#@# Tessellate rh Sat Mar  7 02:36:57 CET 2026
#@# Smooth1 rh Sat Mar  7 02:36:59 CET 2026
#@# Inflation1 rh Sat Mar  7 02:37:01 CET 2026
#@# QSphere rh Sat Mar  7 02:37:14 CET 2026
#@# Fix Topology rh Sat Mar  7 02:38:07 CET 2026
#@# Smooth2 rh Sat Mar  7 02:44:15 CET 2026
#@# Inflation2 rh Sat Mar  7 02:44:17 CET 2026
#@# Curv .H and .K rh Sat Mar  7 02:44:31 CET 2026
#@# Sphere rh Sat Mar  7 02:45:06 CET 2026
#@# Surf Reg rh Sat Mar  7 02:49:05 CET 2026
#@# Jacobian white rh Sat Mar  7 02:52:42 CET 2026
#@# AvgCurv rh Sat Mar  7 02:52:43 CET 2026
#@# Cortical Parc rh Sat Mar  7 02:52:43 CET 2026
#@# white curv rh Sat Mar  7 02:58:39 CET 2026
#@# white area rh Sat Mar  7 02:58:40 CET 2026
#@# pial curv rh Sat Mar  7 02:58:41 CET 2026
#@# pial area rh Sat Mar  7 02:58:42 CET 2026
#@# thickness rh Sat Mar  7 02:58:43 CET 2026
#@# area and vertex vol rh Sat Mar  7 02:59:01 CET 2026
#@# Curvature Stats rh Sat Mar  7 02:59:03 CET 2026
#@# Cortical Parc 2 rh Sat Mar  7 02:59:04 CET 2026
#@# Cortical Parc 3 rh Sat Mar  7 02:59:13 CET 2026
#@# WM/GM Contrast rh Sat Mar  7 02:59:20 CET 2026
recon-all -s sub-v1s18x0051227_ses-1 finished without error at Sat Mar  7 02:59:23 CET 2026



#New# invocation of recon-all 



status file for recon-all
Sat Mar  7 03:07:03 CET 2026
#@# white curv rh Sat Mar  7 03:07:03 CET 2026
#@# white area rh Sat Mar  7 03:07:03 CET 2026
#@# pial curv rh Sat Mar  7 03:07:03 CET 2026
#@# pial area rh Sat Mar  7 03:07:03 CET 2026
#@# thickness rh Sat Mar  7 03:07:03 CET 2026
#@# area and vertex vol rh Sat Mar  7 03:07:03 CET 2026
#@# Parcellation Stats rh Sat Mar  7 03:07:03 CET 2026
#@# Parcellation Stats 2 rh Sat Mar  7 03:07:16 CET 2026
#@# Parcellation Stats 3 rh Sat Mar  7 03:07:24 CET 2026
#@# BA_exvivo Labels rh Sat Mar  7 03:07:30 CET 2026
recon-all -s sub-v1s18x0051227_ses-1 finished without error at Sat Mar  7 03:09:31 CET 2026
