status file for recon-all
Fri Mar  6 13:24:36 CET 2026
#@# Tessellate lh Fri Mar  6 13:24:36 CET 2026
#@# Smooth1 lh Fri Mar  6 13:24:40 CET 2026
#@# Inflation1 lh Fri Mar  6 13:24:43 CET 2026
#@# QSphere lh Fri Mar  6 13:24:54 CET 2026
#@# Fix Topology lh Fri Mar  6 13:26:00 CET 2026
#@# Smooth2 lh Fri Mar  6 13:36:53 CET 2026
#@# Inflation2 lh Fri Mar  6 13:36:56 CET 2026
#@# Curv .H and .K lh Fri Mar  6 13:37:08 CET 2026
#@# Sphere lh Fri Mar  6 13:38:00 CET 2026
#@# Surf Reg lh Fri Mar  6 13:40:03 CET 2026
#@# Jacobian white lh Fri Mar  6 13:43:36 CET 2026
#@# AvgCurv lh Fri Mar  6 13:43:37 CET 2026
#@# Cortical Parc lh Fri Mar  6 13:43:38 CET 2026
#@# white curv lh Fri Mar  6 13:49:48 CET 2026
#@# white area lh Fri Mar  6 13:49:50 CET 2026
#@# pial curv lh Fri Mar  6 13:49:51 CET 2026
#@# pial area lh Fri Mar  6 13:49:52 CET 2026
#@# thickness lh Fri Mar  6 13:49:53 CET 2026
#@# area and vertex vol lh Fri Mar  6 13:50:26 CET 2026
#@# Curvature Stats lh Fri Mar  6 13:50:28 CET 2026
#@# Cortical Parc 2 lh Fri Mar  6 13:50:31 CET 2026
#@# Cortical Parc 3 lh Fri Mar  6 13:50:45 CET 2026
#@# WM/GM Contrast lh Fri Mar  6 13:50:55 CET 2026
recon-all -s sub-v1s10x0051076_ses-1 finished without error at Fri Mar  6 13:51:00 CET 2026



#New# invocation of recon-all 



status file for recon-all
Fri Mar  6 14:20:05 CET 2026
#@# white curv lh Fri Mar  6 14:20:05 CET 2026
#@# white area lh Fri Mar  6 14:20:05 CET 2026
#@# pial curv lh Fri Mar  6 14:20:05 CET 2026
#@# pial area lh Fri Mar  6 14:20:05 CET 2026
#@# thickness lh Fri Mar  6 14:20:05 CET 2026
#@# area and vertex vol lh Fri Mar  6 14:20:05 CET 2026
#@# Parcellation Stats lh Fri Mar  6 14:20:05 CET 2026
#@# Parcellation Stats 2 lh Fri Mar  6 14:20:27 CET 2026
#@# Parcellation Stats 3 lh Fri Mar  6 14:20:38 CET 2026
#@# BA_exvivo Labels lh Fri Mar  6 14:20:49 CET 2026
recon-all -s sub-v1s10x0051076_ses-1 finished without error at Fri Mar  6 14:23:28 CET 2026
