status file for recon-all
Fri Mar  6 11:53:22 CET 2026
#@# MotionCor Fri Mar  6 11:53:24 CET 2026
#@# Talairach Fri Mar  6 11:53:32 CET 2026
#@# Talairach Failure Detection Fri Mar  6 11:57:55 CET 2026
#@# Nu Intensity Correction Fri Mar  6 11:57:55 CET 2026
#@# Intensity Normalization Fri Mar  6 12:01:09 CET 2026
recon-all -s sub-v1s10x0051076_ses-1 finished without error at Fri Mar  6 12:02:33 CET 2026



#New# invocation of recon-all 



status file for recon-all
Fri Mar  6 12:09:32 CET 2026
#@# EM Registration Fri Mar  6 12:09:32 CET 2026
recon-all -s sub-v1s10x0051076_ses-1 finished without error at Fri Mar  6 12:10:58 CET 2026



#New# invocation of recon-all 



status file for recon-all
Fri Mar  6 12:11:00 CET 2026
#@# CA Normalize Fri Mar  6 12:11:00 CET 2026
#@# CA Reg Fri Mar  6 12:12:17 CET 2026
#@# SubCort Seg Fri Mar  6 12:49:07 CET 2026
#@# CC Seg Fri Mar  6 13:18:46 CET 2026
#@# Merge ASeg Fri Mar  6 13:19:21 CET 2026
#@# Intensity Normalization2 Fri Mar  6 13:19:21 CET 2026
#@# Mask BFS Fri Mar  6 13:21:29 CET 2026
#@# WM Segmentation Fri Mar  6 13:21:29 CET 2026
#@# Fill Fri Mar  6 13:23:27 CET 2026
recon-all -s sub-v1s10x0051076_ses-1 finished without error at Fri Mar  6 13:24:30 CET 2026



#New# invocation of recon-all 



status file for recon-all
Fri Mar  6 14:13:17 CET 2026
#@# white curv lh Fri Mar  6 14:13:17 CET 2026
#@# white area lh Fri Mar  6 14:13:17 CET 2026
#@# pial curv lh Fri Mar  6 14:13:17 CET 2026
#@# pial area lh Fri Mar  6 14:13:17 CET 2026
#@# thickness lh Fri Mar  6 14:13:17 CET 2026
#@# area and vertex vol lh Fri Mar  6 14:13:17 CET 2026
#@# white curv rh Fri Mar  6 14:13:17 CET 2026
#@# white area rh Fri Mar  6 14:13:17 CET 2026
#@# pial curv rh Fri Mar  6 14:13:17 CET 2026
#@# pial area rh Fri Mar  6 14:13:17 CET 2026
#@# thickness rh Fri Mar  6 14:13:17 CET 2026
#@# area and vertex vol rh Fri Mar  6 14:13:17 CET 2026
#@# Cortical ribbon mask Fri Mar  6 14:13:17 CET 2026
recon-all -s sub-v1s10x0051076_ses-1 finished without error at Fri Mar  6 14:20:00 CET 2026



#New# invocation of recon-all 



status file for recon-all
Fri Mar  6 14:26:57 CET 2026
#@# white curv lh Fri Mar  6 14:26:57 CET 2026
#@# white area lh Fri Mar  6 14:26:57 CET 2026
#@# pial curv lh Fri Mar  6 14:26:57 CET 2026
#@# pial area lh Fri Mar  6 14:26:57 CET 2026
#@# thickness lh Fri Mar  6 14:26:57 CET 2026
#@# area and vertex vol lh Fri Mar  6 14:26:57 CET 2026
#@# white curv rh Fri Mar  6 14:26:57 CET 2026
#@# white area rh Fri Mar  6 14:26:57 CET 2026
#@# pial curv rh Fri Mar  6 14:26:57 CET 2026
#@# pial area rh Fri Mar  6 14:26:57 CET 2026
#@# thickness rh Fri Mar  6 14:26:57 CET 2026
#@# area and vertex vol rh Fri Mar  6 14:26:57 CET 2026
#@# Curvature Stats lh Fri Mar  6 14:26:57 CET 2026
#@# Curvature Stats rh Fri Mar  6 14:27:00 CET 2026
#@# Relabel Hypointensities Fri Mar  6 14:27:03 CET 2026
#@# APas-to-ASeg Fri Mar  6 14:27:18 CET 2026
#@# AParc-to-ASeg aparc Fri Mar  6 14:27:26 CET 2026
#@# AParc-to-ASeg aparc.a2009s Fri Mar  6 14:27:59 CET 2026
#@# AParc-to-ASeg aparc.DKTatlas Fri Mar  6 14:28:32 CET 2026
#@# WMParc Fri Mar  6 14:29:05 CET 2026
#@# ASeg Stats Fri Mar  6 14:32:36 CET 2026
recon-all -s sub-v1s10x0051076_ses-1 finished without error at Fri Mar  6 14:33:07 CET 2026
