status file for recon-all
Tue Feb 24 22:41:17 CET 2026
#@# MotionCor Tue Feb 24 22:41:20 CET 2026
#@# Talairach Tue Feb 24 22:41:27 CET 2026
#@# Talairach Failure Detection Tue Feb 24 22:44:39 CET 2026
#@# Nu Intensity Correction Tue Feb 24 22:44:39 CET 2026
#@# Intensity Normalization Tue Feb 24 22:47:44 CET 2026
recon-all -s sub-v1s0x0050660_ses-1 finished without error at Tue Feb 24 22:49:10 CET 2026



#New# invocation of recon-all 



status file for recon-all
Tue Feb 24 22:59:09 CET 2026
#@# EM Registration Tue Feb 24 22:59:09 CET 2026
recon-all -s sub-v1s0x0050660_ses-1 finished without error at Tue Feb 24 23:01:14 CET 2026



#New# invocation of recon-all 



status file for recon-all
Tue Feb 24 23:01:19 CET 2026
#@# CA Normalize Tue Feb 24 23:01:19 CET 2026
#@# CA Reg Tue Feb 24 23:02:16 CET 2026
#@# SubCort Seg Tue Feb 24 23:51:28 CET 2026
#@# CC Seg Wed Feb 25 00:28:06 CET 2026
#@# Merge ASeg Wed Feb 25 00:28:43 CET 2026
#@# Intensity Normalization2 Wed Feb 25 00:28:43 CET 2026
#@# Mask BFS Wed Feb 25 00:30:45 CET 2026
#@# WM Segmentation Wed Feb 25 00:30:45 CET 2026
#@# Fill Wed Feb 25 00:33:01 CET 2026
recon-all -s sub-v1s0x0050660_ses-1 finished without error at Wed Feb 25 00:34:02 CET 2026



#New# invocation of recon-all 



status file for recon-all
Wed Feb 25 01:26:03 CET 2026
#@# white curv lh Wed Feb 25 01:26:03 CET 2026
#@# white area lh Wed Feb 25 01:26:03 CET 2026
#@# pial curv lh Wed Feb 25 01:26:03 CET 2026
#@# pial area lh Wed Feb 25 01:26:03 CET 2026
#@# thickness lh Wed Feb 25 01:26:03 CET 2026
#@# area and vertex vol lh Wed Feb 25 01:26:03 CET 2026
#@# white curv rh Wed Feb 25 01:26:03 CET 2026
#@# white area rh Wed Feb 25 01:26:03 CET 2026
#@# pial curv rh Wed Feb 25 01:26:03 CET 2026
#@# pial area rh Wed Feb 25 01:26:03 CET 2026
#@# thickness rh Wed Feb 25 01:26:03 CET 2026
#@# area and vertex vol rh Wed Feb 25 01:26:04 CET 2026
#@# Cortical ribbon mask Wed Feb 25 01:26:04 CET 2026
recon-all -s sub-v1s0x0050660_ses-1 finished without error at Wed Feb 25 01:30:59 CET 2026



#New# invocation of recon-all 



status file for recon-all
Wed Feb 25 01:39:59 CET 2026
#@# white curv lh Wed Feb 25 01:39:59 CET 2026
#@# white area lh Wed Feb 25 01:39:59 CET 2026
#@# pial curv lh Wed Feb 25 01:39:59 CET 2026
#@# pial area lh Wed Feb 25 01:40:00 CET 2026
#@# thickness lh Wed Feb 25 01:40:00 CET 2026
#@# area and vertex vol lh Wed Feb 25 01:40:00 CET 2026
#@# white curv rh Wed Feb 25 01:40:00 CET 2026
#@# white area rh Wed Feb 25 01:40:00 CET 2026
#@# pial curv rh Wed Feb 25 01:40:00 CET 2026
#@# pial area rh Wed Feb 25 01:40:00 CET 2026
#@# thickness rh Wed Feb 25 01:40:00 CET 2026
#@# area and vertex vol rh Wed Feb 25 01:40:00 CET 2026
#@# Curvature Stats lh Wed Feb 25 01:40:00 CET 2026
#@# Curvature Stats rh Wed Feb 25 01:40:02 CET 2026
#@# Relabel Hypointensities Wed Feb 25 01:40:05 CET 2026
#@# APas-to-ASeg Wed Feb 25 01:40:24 CET 2026
#@# AParc-to-ASeg aparc Wed Feb 25 01:40:33 CET 2026
#@# AParc-to-ASeg aparc.a2009s Wed Feb 25 01:41:26 CET 2026
#@# AParc-to-ASeg aparc.DKTatlas Wed Feb 25 01:42:17 CET 2026
#@# WMParc Wed Feb 25 01:43:07 CET 2026
#@# ASeg Stats Wed Feb 25 01:45:51 CET 2026
recon-all -s sub-v1s0x0050660_ses-1 finished without error at Wed Feb 25 01:46:20 CET 2026
