status file for recon-all
Fri Mar  6 21:11:26 CET 2026
#@# MotionCor Fri Mar  6 21:11:27 CET 2026
#@# Talairach Fri Mar  6 21:11:35 CET 2026
#@# Talairach Failure Detection Fri Mar  6 21:16:00 CET 2026
#@# Nu Intensity Correction Fri Mar  6 21:16:00 CET 2026
#@# Intensity Normalization Fri Mar  6 21:19:15 CET 2026
recon-all -s sub-v1s12x0050133_ses-1 finished without error at Fri Mar  6 21:20:45 CET 2026



#New# invocation of recon-all 



status file for recon-all
Fri Mar  6 21:27:50 CET 2026
#@# EM Registration Fri Mar  6 21:27:50 CET 2026
recon-all -s sub-v1s12x0050133_ses-1 finished without error at Fri Mar  6 21:29:56 CET 2026



#New# invocation of recon-all 



status file for recon-all
Fri Mar  6 21:30:00 CET 2026
#@# CA Normalize Fri Mar  6 21:30:00 CET 2026
#@# CA Reg Fri Mar  6 21:31:21 CET 2026
#@# SubCort Seg Fri Mar  6 22:19:38 CET 2026
#@# CC Seg Fri Mar  6 22:49:23 CET 2026
#@# Merge ASeg Fri Mar  6 22:50:11 CET 2026
#@# Intensity Normalization2 Fri Mar  6 22:50:11 CET 2026
#@# Mask BFS Fri Mar  6 22:52:23 CET 2026
#@# WM Segmentation Fri Mar  6 22:52:24 CET 2026
#@# Fill Fri Mar  6 22:54:23 CET 2026
recon-all -s sub-v1s12x0050133_ses-1 finished without error at Fri Mar  6 22:55:26 CET 2026



#New# invocation of recon-all 



status file for recon-all
Sat Mar  7 00:06:31 CET 2026
#@# white curv lh Sat Mar  7 00:06:31 CET 2026
#@# white area lh Sat Mar  7 00:06:31 CET 2026
#@# pial curv lh Sat Mar  7 00:06:31 CET 2026
#@# pial area lh Sat Mar  7 00:06:31 CET 2026
#@# thickness lh Sat Mar  7 00:06:31 CET 2026
#@# area and vertex vol lh Sat Mar  7 00:06:31 CET 2026
#@# white curv rh Sat Mar  7 00:06:31 CET 2026
#@# white area rh Sat Mar  7 00:06:31 CET 2026
#@# pial curv rh Sat Mar  7 00:06:31 CET 2026
#@# pial area rh Sat Mar  7 00:06:31 CET 2026
#@# thickness rh Sat Mar  7 00:06:31 CET 2026
#@# area and vertex vol rh Sat Mar  7 00:06:31 CET 2026
#@# Cortical ribbon mask Sat Mar  7 00:06:31 CET 2026
recon-all -s sub-v1s12x0050133_ses-1 finished without error at Sat Mar  7 00:09:27 CET 2026



#New# invocation of recon-all 



status file for recon-all
Sat Mar  7 00:15:03 CET 2026
#@# white curv lh Sat Mar  7 00:15:03 CET 2026
#@# white area lh Sat Mar  7 00:15:03 CET 2026
#@# pial curv lh Sat Mar  7 00:15:03 CET 2026
#@# pial area lh Sat Mar  7 00:15:03 CET 2026
#@# thickness lh Sat Mar  7 00:15:03 CET 2026
#@# area and vertex vol lh Sat Mar  7 00:15:03 CET 2026
#@# white curv rh Sat Mar  7 00:15:03 CET 2026
#@# white area rh Sat Mar  7 00:15:03 CET 2026
#@# pial curv rh Sat Mar  7 00:15:03 CET 2026
#@# pial area rh Sat Mar  7 00:15:03 CET 2026
#@# thickness rh Sat Mar  7 00:15:03 CET 2026
#@# area and vertex vol rh Sat Mar  7 00:15:03 CET 2026
#@# Curvature Stats lh Sat Mar  7 00:15:03 CET 2026
#@# Curvature Stats rh Sat Mar  7 00:15:05 CET 2026
#@# Relabel Hypointensities Sat Mar  7 00:15:08 CET 2026
#@# APas-to-ASeg Sat Mar  7 00:15:23 CET 2026
#@# AParc-to-ASeg aparc Sat Mar  7 00:15:30 CET 2026
#@# AParc-to-ASeg aparc.a2009s Sat Mar  7 00:15:50 CET 2026
#@# AParc-to-ASeg aparc.DKTatlas Sat Mar  7 00:16:10 CET 2026
#@# WMParc Sat Mar  7 00:16:32 CET 2026
#@# ASeg Stats Sat Mar  7 00:20:46 CET 2026
recon-all -s sub-v1s12x0050133_ses-1 finished without error at Sat Mar  7 00:21:25 CET 2026
