status file for recon-all
Mon Feb 23 09:11:40 CET 2026
#@# Tessellate lh Mon Feb 23 09:11:40 CET 2026
#@# Smooth1 lh Mon Feb 23 09:11:45 CET 2026
#@# Inflation1 lh Mon Feb 23 09:11:49 CET 2026
#@# QSphere lh Mon Feb 23 09:12:03 CET 2026
#@# Fix Topology lh Mon Feb 23 09:13:44 CET 2026
#@# Smooth2 lh Mon Feb 23 09:32:01 CET 2026
#@# Inflation2 lh Mon Feb 23 09:32:05 CET 2026
#@# Curv .H and .K lh Mon Feb 23 09:32:22 CET 2026
#@# Sphere lh Mon Feb 23 09:33:09 CET 2026
#@# Surf Reg lh Mon Feb 23 09:39:30 CET 2026
#@# Jacobian white lh Mon Feb 23 09:47:15 CET 2026
#@# AvgCurv lh Mon Feb 23 09:47:16 CET 2026
#@# Cortical Parc lh Mon Feb 23 09:47:17 CET 2026
#@# white curv lh Mon Feb 23 09:55:53 CET 2026
#@# white area lh Mon Feb 23 09:55:55 CET 2026
#@# pial curv lh Mon Feb 23 09:55:56 CET 2026
#@# pial area lh Mon Feb 23 09:55:57 CET 2026
#@# thickness lh Mon Feb 23 09:55:59 CET 2026
#@# area and vertex vol lh Mon Feb 23 09:56:35 CET 2026
#@# Curvature Stats lh Mon Feb 23 09:56:37 CET 2026
#@# Cortical Parc 2 lh Mon Feb 23 09:56:40 CET 2026
#@# Cortical Parc 3 lh Mon Feb 23 09:56:54 CET 2026
#@# WM/GM Contrast lh Mon Feb 23 09:57:07 CET 2026
recon-all -s sub-v1s13x0050002_ses-1 finished without error at Mon Feb 23 09:57:11 CET 2026



#New# invocation of recon-all 



status file for recon-all
Mon Feb 23 10:37:45 CET 2026
#@# white curv lh Mon Feb 23 10:37:46 CET 2026
#@# white area lh Mon Feb 23 10:37:46 CET 2026
#@# pial curv lh Mon Feb 23 10:37:46 CET 2026
#@# pial area lh Mon Feb 23 10:37:46 CET 2026
#@# thickness lh Mon Feb 23 10:37:46 CET 2026
#@# area and vertex vol lh Mon Feb 23 10:37:46 CET 2026
#@# Parcellation Stats lh Mon Feb 23 10:37:46 CET 2026
#@# Parcellation Stats 2 lh Mon Feb 23 10:38:15 CET 2026
#@# Parcellation Stats 3 lh Mon Feb 23 10:38:30 CET 2026
#@# BA_exvivo Labels lh Mon Feb 23 10:38:44 CET 2026
recon-all -s sub-v1s13x0050002_ses-1 finished without error at Mon Feb 23 10:42:17 CET 2026
