/out/sourcedata/freesurfer/sub-v1s13x0050009_ses-1/mri
/opt/freesurfer/bin/talairach_avi
--i orig_nu.mgz --xfm transforms/talairach.auto.xfm
talairach_avi 7.3.2
Linux dna043 5.14.0-427.37.1.el9_4.x86_64 #1 SMP PREEMPT_DYNAMIC Fri Sep 13 12:41:50 EDT 2024 x86_64 x86_64 x86_64 GNU/Linux
Fri Mar  6 22:13:13 CET 2026
mri_convert orig_nu.mgz talsrcimg.img 
reading from orig_nu.mgz...
TR=0.00, TE=0.00, TI=0.00, flip angle=0.00
i_ras = (-1, 0, 0)
j_ras = (0, 0, -1)
k_ras = (0, 1, 0)
writing to talsrcimg.img...
Analyze Output Matrix
-1.00000   0.00000   0.00000   128.79861;
 0.00000   0.00000   1.00000  -127.94919;
 0.00000  -1.00000   0.00000   127.87158;
 0.00000   0.00000   0.00000   1.00000;
--------------------
INFO: set hdr.hist.orient to -1
mpr2mni305 talsrcimg
Fri Mar  6 22:13:14 CET 2026
/opt/freesurfer/bin/mpr2mni305 talsrcimg
mpr2mni305 7.3.2
target=711-2C_as_mni_average_305

---------------------------------------------------------------------
analyzeto4dfp talsrcimg -O0 -y
---------------------------------------------------------------------

freesurfer ifh2hdr.c
Fri Mar  6 22:13:14 2026
Writing: talsrcimg.4dfp.hdr
freesurfer analyzeto4dfp.c
Reading: talsrcimg.hdr
header size 348 bytes
hdr.dime.datatype	offset=70	value=2
hdr.dime.bitpix		offset=72	value=8
hdr.hist.orient		offset=252	value=-1
dimensionality     4
dimensions       256       256       256         1
Reading: talsrcimg.img
Writing: talsrcimg.4dfp.img
Writing: talsrcimg.4dfp.ifh
ifh2hdr talsrcimg -r0to213
ori=2

---------------------------------------------------------------------
gauss_4dfp talsrcimg 1.1
---------------------------------------------------------------------

freesurfer gauss_4dfp.c
Reading: talsrcimg.4dfp.img
Writing: talsrcimg_g11.4dfp.img
image dimensions 256 256 256 padded to 288 288 288
processing volume 1freesurfer ifh2hdr.c
Fri Mar  6 22:13:16 2026
Writing: talsrcimg_g11.4dfp.hdr

Writing: talsrcimg_g11.4dfp.ifh
including: talsrcimg.4dfp.img.rec in talsrcimg_g11.4dfp.img.rec

---------------------------------------------------------------------
imgreg_4dfp /opt/freesurfer/average/711-2C_as_mni_average_305 none talsrcimg_g11 none talsrcimg_to_711-2C_as_mni_average_305_t4 4355
---------------------------------------------------------------------

freesurfer imgreg_4dfp.c
/opt/freesurfer/average/711-2C_as_mni_average_305.4dfp.img
       256       256       256         1
  1.000000  1.000000  1.000000
orientation T byte_order littleendian
Reading image: /opt/freesurfer/average/711-2C_as_mni_average_305.4dfp.img
dimensions:      256       256       256
mmppix:       1.0000   -1.0000   -1.0000
center:     128.0000 -129.0000 -129.0000
talsrcimg_g11.4dfp.img
       256       256       256         1
  1.000000  1.000000  1.000000
orientation T byte_order littleendian
Reading image: talsrcimg_g11.4dfp.img
dimensions:      256       256       256
mmppix:       1.0000   -1.0000   -1.0000
center:     128.0000 -129.0000 -129.0000
t4_read: open error in t4_sub.f l:  41 t4_file(1:l)talsrcimg_to_711-2C_as_mni_average_305_t4 
t4_read: transform initialized to I4
rotation matrix determinant  1.000000
image alignment mode   4355 decimal     1103 hex
   -7.5000  -45.0000  -45.0000 9298.5732   13.6885
    0.0000  -45.0000  -45.0000 9685.5596   13.6887
    7.5000  -45.0000  -45.0000 9274.1836   13.6822
   -7.5000  -37.5000  -45.0000 9802.1807   13.6579
    0.0000  -37.5000  -45.000010193.6904   13.6554
    7.5000  -37.5000  -45.0000 9745.9688   13.6511
   -7.5000  -30.0000  -45.000010590.1279   13.5914
    0.0000  -30.0000  -45.000011002.1865   13.5882
    7.5000  -30.0000  -45.000010518.4492   13.5818
   -7.5000  -22.5000  -45.000011299.9951   13.5077
    0.0000  -22.5000  -45.000011761.6357   13.5059
    7.5000  -22.5000  -45.000011236.4102   13.4950
   -7.5000  -15.0000  -45.000011911.0791   13.4211
    0.0000  -15.0000  -45.000012416.0713   13.4202
    7.5000  -15.0000  -45.000011844.3525   13.4067
   -7.5000   -7.5000  -45.000012450.1279   13.3558
    0.0000   -7.5000  -45.000012984.1006   13.3544
    7.5000   -7.5000  -45.000012374.3359   13.3436
   -7.5000    0.0000  -45.000012878.9072   13.3250
    0.0000    0.0000  -45.000013450.2871   13.3217
    7.5000    0.0000  -45.000012806.5889   13.3158
   -7.5000    7.5000  -45.000012290.6074   13.4083
    0.0000    7.5000  -45.000012849.8291   13.4035
    7.5000    7.5000  -45.000012222.0469   13.3995
   -7.5000   15.0000  -45.000011613.5693   13.5586
    0.0000   15.0000  -45.000012147.8809   13.5539
    7.5000   15.0000  -45.000011577.5029   13.5470
   -7.5000   22.5000  -45.000010940.2314   13.7374
    0.0000   22.5000  -45.000011455.2246   13.7352
    7.5000   22.5000  -45.000010887.5029   13.7211
   -7.5000   30.0000  -45.000010252.7676   13.7592
    0.0000   30.0000  -45.000010738.6416   13.7577
    7.5000   30.0000  -45.000010189.2568   13.7385
   -7.5000   37.5000  -45.0000 9873.0801   13.9836
    0.0000   37.5000  -45.000010339.5498   13.9817
    7.5000   37.5000  -45.0000 9812.8701   13.9632
   -7.5000   45.0000  -45.0000 9168.9746   13.9595
    0.0000   45.0000  -45.0000 9583.5518   13.9550
    7.5000   45.0000  -45.0000 9100.3066   13.9410
   -7.5000  -45.0000  -37.5000 9836.2715   13.6744
    0.0000  -45.0000  -37.500010235.4385   13.6781
    7.5000  -45.0000  -37.5000 9803.1426   13.6740
   -7.5000  -37.5000  -37.500010383.3350   13.6452
    0.0000  -37.5000  -37.500010798.7607   13.6455
    7.5000  -37.5000  -37.500010319.1211   13.6423
   -7.5000  -30.0000  -37.500011220.8965   13.5811
    0.0000  -30.0000  -37.500011661.8320   13.5804
    7.5000  -30.0000  -37.500011148.5449   13.5750
   -7.5000  -22.5000  -37.500011976.9453   13.5004
    0.0000  -22.5000  -37.500012455.3750   13.5010
    7.5000  -22.5000  -37.500011909.1387   13.4917
   -7.5000  -15.0000  -37.500012637.6348   13.4139
    0.0000  -15.0000  -37.500013159.6201   13.4157
    7.5000  -15.0000  -37.500012544.8340   13.4048
   -7.5000   -7.5000  -37.500013209.9746   13.3449
    0.0000   -7.5000  -37.500013775.9756   13.3468
    7.5000   -7.5000  -37.500013107.9922   13.3392
   -7.5000    0.0000  -37.500013624.0020   13.3113
    0.0000    0.0000  -37.500014222.9150   13.3116
    7.5000    0.0000  -37.500013529.5332   13.3081
   -7.5000    7.5000  -37.500012959.9971   13.3958
    0.0000    7.5000  -37.500013557.7979   13.3938
    7.5000    7.5000  -37.500012882.4912   13.3910
   -7.5000   15.0000  -37.500012244.8730   13.5475
    0.0000   15.0000  -37.500012809.1533   13.5457
    7.5000   15.0000  -37.500012192.7227   13.5403
   -7.5000   22.5000  -37.500011511.1055   13.7302
    0.0000   22.5000  -37.500012032.4814   13.7304
    7.5000   22.5000  -37.500011450.7148   13.7182
   -7.5000   30.0000  -37.500010760.3955   13.7505
    0.0000   30.0000  -37.500011253.7910   13.7512
    7.5000   30.0000  -37.500010692.6523   13.7351
   -7.5000   37.5000  -37.500010340.7900   13.9659
    0.0000   37.5000  -37.500010808.7559   13.9674
    7.5000   37.5000  -37.500010266.7383   13.9537
   -7.5000   45.0000  -37.5000 9566.3086   13.9353
    0.0000   45.0000  -37.5000 9991.1602   13.9342
    7.5000   45.0000  -37.5000 9501.2432   13.9243
   -7.5000  -45.0000  -30.000010595.9434   14.2172
    0.0000  -45.0000  -30.000011056.2803   14.2197
    7.5000  -45.0000  -30.000010562.7686   14.2186
   -7.5000  -37.5000  -30.000011195.0996   14.1868
    0.0000  -37.5000  -30.000011660.4697   14.1847
    7.5000  -37.5000  -30.000011146.6553   14.1819
   -7.5000  -30.0000  -30.000012100.3018   14.1196
    0.0000  -30.0000  -30.000012575.2910   14.1158
    7.5000  -30.0000  -30.000012038.1035   14.1099
   -7.5000  -22.5000  -30.000012908.4590   14.0338
    0.0000  -22.5000  -30.000013408.6807   14.0317
    7.5000  -22.5000  -30.000012849.5186   14.0235
   -7.5000  -15.0000  -30.000013635.1934   13.9403
    0.0000  -15.0000  -30.000014193.1465   13.9406
    7.5000  -15.0000  -30.000013544.8613   13.9332
   -7.5000   -7.5000  -30.000014248.0898   13.8646
    0.0000   -7.5000  -30.000014843.1816   13.8659
    7.5000   -7.5000  -30.000014130.9248   13.8627
   -7.5000    0.0000  -30.000014685.8076   13.8277
    0.0000    0.0000  -30.000015327.4678   13.8268
    7.5000    0.0000  -30.000014565.2910   13.8263
   -7.5000    7.5000  -30.000013935.3467   13.9175
    0.0000    7.5000  -30.000014557.7285   13.9130
    7.5000    7.5000  -30.000013845.6807   13.9108
   -7.5000   15.0000  -30.000013166.6553   14.0762
    0.0000   15.0000  -30.000013764.7568   14.0713
    7.5000   15.0000  -30.000013105.5918   14.0655
   -7.5000   22.5000  -30.000012331.5098   14.2665
    0.0000   22.5000  -30.000012893.2910   14.2647
    7.5000   22.5000  -30.000012280.1074   14.2533
   -7.5000   30.0000  -30.000011492.9180   14.2884
    0.0000   30.0000  -30.000012026.5674   14.2885
    7.5000   30.0000  -30.000011437.7061   14.2758
   -7.5000   37.5000  -30.000011035.9004   14.5035
    0.0000   37.5000  -30.000011536.5547   14.5058
    7.5000   37.5000  -30.000010967.5215   14.4976
   -7.5000   45.0000  -30.000010169.2646   14.4749
    0.0000   45.0000  -30.000010615.4229   14.4735
    7.5000   45.0000  -30.000010112.3506   14.4680
   -7.5000  -45.0000  -22.500011388.6689   14.6791
    0.0000  -45.0000  -22.500011893.1514   14.6775
    7.5000  -45.0000  -22.500011351.4541   14.6773
   -7.5000  -37.5000  -22.500012019.6846   14.6452
    0.0000  -37.5000  -22.500012534.3457   14.6380
    7.5000  -37.5000  -22.500011977.1592   14.6347
   -7.5000  -30.0000  -22.500012960.4951   14.5703
    0.0000  -30.0000  -22.500013506.2461   14.5608
    7.5000  -30.0000  -22.500012910.3730   14.5539
   -7.5000  -22.5000  -22.500013822.7646   14.4751
    0.0000  -22.5000  -22.500014406.6172   14.4681
    7.5000  -22.5000  -22.500013779.7832   14.4598
   -7.5000  -15.0000  -22.500014605.1260   14.3753
    0.0000  -15.0000  -22.500015247.8652   14.3723
    7.5000  -15.0000  -22.500014537.9717   14.3665
   -7.5000   -7.5000  -22.500015281.9775   14.2997
    0.0000   -7.5000  -22.500015952.5586   14.2978
    7.5000   -7.5000  -22.500015174.7666   14.2966
   -7.5000    0.0000  -22.500015731.9111   14.2643
    0.0000    0.0000  -22.500016443.5566   14.2595
    7.5000    0.0000  -22.500015628.8350   14.2599
   -7.5000    7.5000  -22.500014888.4678   14.3568
    0.0000    7.5000  -22.500015589.6377   14.3472
    7.5000    7.5000  -22.500014841.8008   14.3446
   -7.5000   15.0000  -22.500014031.1641   14.5174
    0.0000   15.0000  -22.500014693.5625   14.5068
    7.5000   15.0000  -22.500014007.2734   14.4992
   -7.5000   22.5000  -22.500013106.5186   14.7088
    0.0000   22.5000  -22.500013723.8633   14.7027
    7.5000   22.5000  -22.500013102.7402   14.6906
   -7.5000   30.0000  -22.500012164.6133   14.7346
    0.0000   30.0000  -22.500012727.0996   14.7328
    7.5000   30.0000  -22.500012143.3701   14.7211
   -7.5000   37.5000  -22.500011656.8232   14.9595
    0.0000   37.5000  -22.500012187.4365   14.9598
    7.5000   37.5000  -22.500011600.9492   14.9531
   -7.5000   45.0000  -22.500010746.9961   14.9389
    0.0000   45.0000  -22.500011229.6289   14.9349
    7.5000   45.0000  -22.500010705.3457   14.9302
   -7.5000  -45.0000  -15.000012102.4688   14.9999
    0.0000  -45.0000  -15.000012668.0947   14.9946
    7.5000  -45.0000  -15.000012055.0039   14.9927
   -7.5000  -37.5000  -15.000012786.1045   14.9619
    0.0000  -37.5000  -15.000013363.4971   14.9512
    7.5000  -37.5000  -15.000012728.4365   14.9473
   -7.5000  -30.0000  -15.000013789.5781   14.8803
    0.0000  -30.0000  -15.000014400.7812   14.8674
    7.5000  -30.0000  -15.000013732.5576   14.8597
   -7.5000  -22.5000  -15.000014694.6377   14.7774
    0.0000  -22.5000  -15.000015364.5479   14.7675
    7.5000  -22.5000  -15.000014645.8906   14.7581
   -7.5000  -15.0000  -15.000015532.0459   14.6745
    0.0000  -15.0000  -15.000016253.7451   14.6685
    7.5000  -15.0000  -15.000015451.8164   14.6609
   -7.5000   -7.5000  -15.000016271.3008   14.6016
    0.0000   -7.5000  -15.000017032.0059   14.5963
    7.5000   -7.5000  -15.000016154.8945   14.5929
   -7.5000    0.0000  -15.000016711.4297   14.5694
    0.0000    0.0000  -15.000017527.9512   14.5607
    7.5000    0.0000  -15.000016624.0273   14.5596
   -7.5000    7.5000  -15.000015808.5908   14.6625
    0.0000    7.5000  -15.000016592.9121   14.6495
    7.5000    7.5000  -15.000015790.8721   14.6462
   -7.5000   15.0000  -15.000014875.5889   14.8235
    0.0000   15.0000  -15.000015586.9600   14.8094
    7.5000   15.0000  -15.000014864.6025   14.8005
   -7.5000   22.5000  -15.000013851.5840   15.0122
    0.0000   22.5000  -15.000014496.3232   15.0033
    7.5000   22.5000  -15.000013876.3379   14.9898
   -7.5000   30.0000  -15.000012828.1572   15.0422
    0.0000   30.0000  -15.000013421.8457   15.0381
    7.5000   30.0000  -15.000012844.2598   15.0239
   -7.5000   37.5000  -15.000012264.2627   15.2806
    0.0000   37.5000  -15.000012818.8623   15.2776
    7.5000   37.5000  -15.000012265.6455   15.2673
   -7.5000   45.0000  -15.000011315.4551   15.2715
    0.0000   45.0000  -15.000011831.8740   15.2640
    7.5000   45.0000  -15.000011310.3857   15.2565
   -7.5000  -45.0000   -7.500012817.0625   15.1457
    0.0000  -45.0000   -7.500013437.4990   15.1412
    7.5000  -45.0000   -7.500012786.7461   15.1366
   -7.5000  -37.5000   -7.500013529.8789   15.1050
    0.0000  -37.5000   -7.500014169.6875   15.0967
    7.5000  -37.5000   -7.500013469.9941   15.0928
   -7.5000  -30.0000   -7.500014602.2090   15.0217
    0.0000  -30.0000   -7.500015285.9365   15.0118
    7.5000  -30.0000   -7.500014542.5947   15.0049
   -7.5000  -22.5000   -7.500015557.5615   14.9182
    0.0000  -22.5000   -7.500016311.0303   14.9105
    7.5000  -22.5000   -7.500015495.0693   14.9000
   -7.5000  -15.0000   -7.500016421.0254   14.8157
    0.0000  -15.0000   -7.500017241.1660   14.8105
    7.5000  -15.0000   -7.500016343.4727   14.7990
   -7.5000   -7.5000   -7.500017236.6562   14.7430
    0.0000   -7.5000   -7.500018083.1426   14.7376
    7.5000   -7.5000   -7.500017116.2090   14.7296
   -7.5000    0.0000   -7.500017719.4668   14.7094
    0.0000    0.0000   -7.500018622.7188   14.7014
    7.5000    0.0000   -7.500017634.3633   14.6977
   -7.5000    7.5000   -7.500016755.2285   14.8012
    0.0000    7.5000   -7.500017601.8496   14.7903
    7.5000    7.5000   -7.500016737.8184   14.7871
   -7.5000   15.0000   -7.500015743.6768   14.9629
    0.0000   15.0000   -7.500016527.1504   14.9515
    7.5000   15.0000   -7.500015750.7100   14.9435
   -7.5000   22.5000   -7.500014643.3525   15.1499
    0.0000   22.5000   -7.500015354.1826   15.1425
    7.5000   22.5000   -7.500014658.9541   15.1282
   -7.5000   30.0000   -7.500013556.5625   15.1826
    0.0000   30.0000   -7.500014202.8242   15.1783
    7.5000   30.0000   -7.500013545.5557   15.1602
   -7.5000   37.5000   -7.500012950.6885   15.4282
    0.0000   37.5000   -7.500013560.2012   15.4236
    7.5000   37.5000   -7.500012924.5322   15.4076
   -7.5000   45.0000   -7.500011936.0391   15.4272
    0.0000   45.0000   -7.500012503.9277   15.4192
    7.5000   45.0000   -7.500011908.4258   15.4074
   -7.5000  -45.0000    0.000013427.0840   15.1587
    0.0000  -45.0000    0.000014099.9756   15.1588
    7.5000  -45.0000    0.000013408.5479   15.1533
   -7.5000  -37.5000    0.000014155.1807   15.1177
    0.0000  -37.5000    0.000014875.1553   15.1148
    7.5000  -37.5000    0.000014115.0127   15.1117
   -7.5000  -30.0000    0.000015280.1904   15.0370
    0.0000  -30.0000    0.000016078.8965   15.0331
    7.5000  -30.0000    0.000015237.9102   15.0279
   -7.5000  -22.5000    0.000016278.4307   14.9374
    0.0000  -22.5000    0.000017156.7188   14.9351
    7.5000  -22.5000    0.000016233.8115   14.9249
   -7.5000  -15.0000    0.000017181.5449   14.8357
    0.0000  -15.0000    0.000018091.6230   14.8345
    7.5000  -15.0000    0.000017144.5449   14.8215
   -7.5000   -7.5000    0.000018050.0762   14.7587
    0.0000   -7.5000    0.000019021.9473   14.7570
    7.5000   -7.5000    0.000017970.9863   14.7470
   -7.5000    0.0000    0.000018652.2090   14.7203
    0.0000    0.0000    0.000019708.3789   14.7167
    7.5000    0.0000    0.000018550.9316   14.7122
   -7.5000    7.5000    0.000017698.8047   14.8120
    0.0000    7.5000    0.000018720.0449   14.8066
    7.5000    7.5000    0.000017626.3613   14.8041
   -7.5000   15.0000    0.000016679.2480   14.9763
    0.0000   15.0000    0.000017599.6426   14.9709
    7.5000   15.0000    0.000016600.5527   14.9653
   -7.5000   22.5000    0.000015512.0137   15.1667
    0.0000   22.5000    0.000016318.0742   15.1639
    7.5000   22.5000    0.000015424.3477   15.1504
   -7.5000   30.0000    0.000014292.3564   15.1998
    0.0000   30.0000    0.000015018.9365   15.1978
    7.5000   30.0000    0.000014199.8760   15.1787
   -7.5000   37.5000    0.000013594.9727   15.4410
    0.0000   37.5000    0.000014263.2871   15.4386
    7.5000   37.5000    0.000013519.5850   15.4206
   -7.5000   45.0000    0.000012529.1699   15.4399
    0.0000   45.0000    0.000013148.8916   15.4350
    7.5000   45.0000    0.000012463.4062   15.4219
   -7.5000  -45.0000    7.500012995.6982   15.2065
    0.0000  -45.0000    7.500013685.5947   15.2103
    7.5000  -45.0000    7.500012991.2383   15.2072
   -7.5000  -37.5000    7.500013665.3789   15.1685
    0.0000  -37.5000    7.500014392.8467   15.1687
    7.5000  -37.5000    7.500013650.6064   15.1665
   -7.5000  -30.0000    7.500014763.0693   15.0930
    0.0000  -30.0000    7.500015566.6924   15.0921
    7.5000  -30.0000    7.500014761.8740   15.0876
   -7.5000  -22.5000    7.500015779.8789   14.9992
    0.0000  -22.5000    7.500016633.9902   14.9998
    7.5000  -22.5000    7.500015769.8438   14.9910
   -7.5000  -15.0000    7.500016717.0059   14.8990
    0.0000  -15.0000    7.500017629.5527   14.9008
    7.5000  -15.0000    7.500016669.8887   14.8902
   -7.5000   -7.5000    7.500017599.4648   14.8180
    0.0000   -7.5000    7.500018665.9277   14.8200
    7.5000   -7.5000    7.500017452.1445   14.8131
   -7.5000    0.0000    7.500018182.8086   14.7768
    0.0000    0.0000    7.500019343.4883   14.7769
    7.5000    0.0000    7.500017969.7344   14.7747
   -7.5000    7.5000    7.500017216.9512   14.8705
    0.0000    7.5000    7.500018337.4512   14.8682
    7.5000    7.5000    7.500017041.5273   14.8667
   -7.5000   15.0000    7.500016205.4053   15.0388
    0.0000   15.0000    7.500017248.5801   15.0366
    7.5000   15.0000    7.500016038.6904   15.0323
   -7.5000   22.5000    7.500015079.7168   15.2360
    0.0000   22.5000    7.500016002.2773   15.2363
    7.5000   22.5000    7.500014917.8896   15.2245
   -7.5000   30.0000    7.500013900.7520   15.2685
    0.0000   30.0000    7.500014663.1875   15.2692
    7.5000   30.0000    7.500013763.5508   15.2531
   -7.5000   37.5000    7.500013200.5244   15.5022
    0.0000   37.5000    7.500013856.8154   15.5038
    7.5000   37.5000    7.500013073.0713   15.4904
   -7.5000   45.0000    7.500012134.0303   15.4949
    0.0000   45.0000    7.500012694.3711   15.4936
    7.5000   45.0000    7.500012009.1182   15.4845
   -7.5000  -45.0000   15.000012439.7422   15.2721
    0.0000  -45.0000   15.000013098.3818   15.2753
    7.5000  -45.0000   15.000012492.3672   15.2751
   -7.5000  -37.5000   15.000013104.5293   15.2363
    0.0000  -37.5000   15.000013817.9854   15.2346
    7.5000  -37.5000   15.000013106.4473   15.2326
   -7.5000  -30.0000   15.000014188.6016   15.1632
    0.0000  -30.0000   15.000014986.1826   15.1598
    7.5000  -30.0000   15.000014162.1318   15.1547
   -7.5000  -22.5000   15.000015162.4004   15.0710
    0.0000  -22.5000   15.000016042.4746   15.0696
    7.5000  -22.5000   15.000015094.6895   15.0620
   -7.5000  -15.0000   15.000016061.1992   14.9709
    0.0000  -15.0000   15.000016995.2383   14.9721
    7.5000  -15.0000   15.000015922.1973   14.9654
   -7.5000   -7.5000   15.000016863.2168   14.8899
    0.0000   -7.5000   15.000017873.8652   14.8921
    7.5000   -7.5000   15.000016659.2480   14.8898
   -7.5000    0.0000   15.000017351.7852   14.8502
    0.0000    0.0000   15.000018343.3867   14.8499
    7.5000    0.0000   15.000017132.4512   14.8506
   -7.5000    7.5000   15.000016401.7383   14.9453
    0.0000    7.5000   15.000017333.8438   14.9411
    7.5000    7.5000   15.000016258.4453   14.9400
   -7.5000   15.0000   15.000015423.3203   15.1135
    0.0000   15.0000   15.000016310.2197   15.1090
    7.5000   15.0000   15.000015325.2119   15.1041
   -7.5000   22.5000   15.000014364.6133   15.3122
    0.0000   22.5000   15.000015178.8906   15.3110
    7.5000   22.5000   15.000014270.0127   15.3002
   -7.5000   30.0000   15.000013233.5498   15.3412
    0.0000   30.0000   15.000013947.6465   15.3421
    7.5000   30.0000   15.000013147.5029   15.3300
   -7.5000   37.5000   15.000012578.0801   15.5695
    0.0000   37.5000   15.000013207.4805   15.5728
    7.5000   37.5000   15.000012490.1729   15.5654
   -7.5000   45.0000   15.000011563.3174   15.5564
    0.0000   45.0000   15.000012097.5312   15.5555
    7.5000   45.0000   15.000011459.5771   15.5510
   -7.5000  -45.0000   22.500011824.5352   15.3552
    0.0000  -45.0000   22.500012452.7812   15.3549
    7.5000  -45.0000   22.500011829.1416   15.3554
   -7.5000  -37.5000   22.500012447.6533   15.3197
    0.0000  -37.5000   22.500013125.4844   15.3135
    7.5000  -37.5000   22.500012396.0303   15.3108
   -7.5000  -30.0000   22.500013455.9775   15.2447
    0.0000  -30.0000   22.500014181.2646   15.2361
    7.5000  -30.0000   22.500013358.2324   15.2297
   -7.5000  -22.5000   22.500014311.6279   15.1489
    0.0000  -22.5000   22.500015063.8760   15.1432
    7.5000  -22.5000   22.500014199.3008   15.1354
   -7.5000  -15.0000   22.500015103.2109   15.0486
    0.0000  -15.0000   22.500015911.5830   15.0470
    7.5000  -15.0000   22.500014977.6592   15.0419
   -7.5000   -7.5000   22.500015803.2637   14.9736
    0.0000   -7.5000   22.500016657.7422   14.9732
    7.5000   -7.5000   22.500015685.7354   14.9729
   -7.5000    0.0000   22.500016244.9238   14.9402
    0.0000    0.0000   22.500017054.4062   14.9366
    7.5000    0.0000   22.500016111.6045   14.9380
   -7.5000    7.5000   22.500015379.3740   15.0349
    0.0000    7.5000   22.500016163.5205   15.0263
    7.5000    7.5000   22.500015299.9521   15.0244
   -7.5000   15.0000   22.500014501.0713   15.2001
    0.0000   15.0000   22.500015248.9180   15.1905
    7.5000   15.0000   22.500014442.6377   15.1834
   -7.5000   22.5000   22.500013529.0088   15.3947
    0.0000   22.5000   22.500014230.7764   15.3899
    7.5000   22.5000   22.500013462.1553   15.3782
   -7.5000   30.0000   22.500012474.6621   15.4223
    0.0000   30.0000   22.500013105.3213   15.4221
    7.5000   30.0000   22.500012409.5381   15.4108
   -7.5000   37.5000   22.500011836.1660   15.6575
    0.0000   37.5000   22.500012415.4404   15.6595
    7.5000   37.5000   22.500011765.7119   15.6535
   -7.5000   45.0000   22.500010855.3691   15.6450
    0.0000   45.0000   22.500011368.5713   15.6422
    7.5000   45.0000   22.500010787.9502   15.6384
   -7.5000  -45.0000   30.000011058.6309   15.5089
    0.0000  -45.0000   30.000011594.2266   15.5052
    7.5000  -45.0000   30.000011019.1660   15.5035
   -7.5000  -37.5000   30.000011619.7422   15.4719
    0.0000  -37.5000   30.000012179.1123   15.4626
    7.5000  -37.5000   30.000011536.5264   15.4588
   -7.5000  -30.0000   30.000012516.4551   15.3941
    0.0000  -30.0000   30.000013080.6074   15.3826
    7.5000  -30.0000   30.000012407.7422   15.3750
   -7.5000  -22.5000   30.000013280.8848   15.2942
    0.0000  -22.5000   30.000013890.5703   15.2860
    7.5000  -22.5000   30.000013187.1396   15.2767
   -7.5000  -15.0000   30.000014008.5059   15.1942
    0.0000  -15.0000   30.000014697.5732   15.1902
    7.5000  -15.0000   30.000013935.8262   15.1829
   -7.5000   -7.5000   30.000014650.5527   15.1253
    0.0000   -7.5000   30.000015372.5889   15.1219
    7.5000   -7.5000   30.000014569.1289   15.1191
   -7.5000    0.0000   30.000015029.9326   15.0975
    0.0000    0.0000   30.000015744.6377   15.0906
    7.5000    0.0000   30.000014939.1387   15.0901
   -7.5000    7.5000   30.000014212.5996   15.1906
    0.0000    7.5000   30.000014902.1768   15.1792
    7.5000    7.5000   30.000014160.3320   15.1763
   -7.5000   15.0000   30.000013420.1758   15.3541
    0.0000   15.0000   30.000014062.0449   15.3415
    7.5000   15.0000   30.000013363.0303   15.3328
   -7.5000   22.5000   30.000012541.1367   15.5448
    0.0000   22.5000   30.000013133.2734   15.5379
    7.5000   22.5000   30.000012465.9541   15.5244
   -7.5000   30.0000   30.000011570.9678   15.5743
    0.0000   30.0000   30.000012130.5020   15.5724
    7.5000   30.0000   30.000011496.5820   15.5582
   -7.5000   37.5000   30.000010999.4062   15.8240
    0.0000   37.5000   30.000011501.7178   15.8231
    7.5000   37.5000   30.000010910.3760   15.8131
   -7.5000   45.0000   30.000010092.0000   15.8188
    0.0000   45.0000   30.000010565.0889   15.8131
    7.5000   45.0000   30.000010027.6055   15.8058
   -7.5000  -45.0000   37.500010617.8174   15.7410
    0.0000  -45.0000   37.500011087.9980   15.7397
    7.5000  -45.0000   37.500010583.5703   15.7349
   -7.5000  -37.5000   37.500011139.1855   15.7019
    0.0000  -37.5000   37.500011622.3867   15.6964
    7.5000  -37.5000   37.500011079.9053   15.6924
   -7.5000  -30.0000   37.500012000.6094   15.6235
    0.0000  -30.0000   37.500012515.9473   15.6165
    7.5000  -30.0000   37.500011916.6904   15.6093
   -7.5000  -22.5000   37.500012749.9004   15.5230
    0.0000  -22.5000   37.500013309.5869   15.5184
    7.5000  -22.5000   37.500012671.6836   15.5074
   -7.5000  -15.0000   37.500013405.7412   15.4234
    0.0000  -15.0000   37.500014054.6934   15.4217
    7.5000  -15.0000   37.500013367.7695   15.4099
   -7.5000   -7.5000   37.500013991.5215   15.3562
    0.0000   -7.5000   37.500014657.3711   15.3543
    7.5000   -7.5000   37.500013946.2295   15.3464
   -7.5000    0.0000   37.500014352.2422   15.3295
    0.0000    0.0000   37.500015026.2275   15.3248
    7.5000    0.0000   37.500014291.5146   15.3214
   -7.5000    7.5000   37.500013552.3779   15.4218
    0.0000    7.5000   37.500014197.0869   15.4140
    7.5000    7.5000   37.500013516.5234   15.4109
   -7.5000   15.0000   37.500012785.9199   15.5870
    0.0000   15.0000   37.500013388.3467   15.5786
    7.5000   15.0000   37.500012746.4453   15.5705
   -7.5000   22.5000   37.500011951.1963   15.7788
    0.0000   22.5000   37.500012512.1064   15.7749
    7.5000   22.5000   37.500011908.8174   15.7601
   -7.5000   30.0000   37.500011053.6768   15.8109
    0.0000   30.0000   37.500011570.7812   15.8102
    7.5000   30.0000   37.500010993.7129   15.7917
   -7.5000   37.5000   37.500010550.8330   16.0741
    0.0000   37.5000   37.500011028.8828   16.0733
    7.5000   37.5000   37.500010501.3418   16.0568
   -7.5000   45.0000   37.5000 9707.6074   16.0792
    0.0000   45.0000   37.500010140.8252   16.0747
    7.5000   45.0000   37.5000 9652.6406   16.0626
   -7.5000  -45.0000   45.0000 9769.6729   16.0077
    0.0000  -45.0000   45.000010174.0635   16.0115
    7.5000  -45.0000   45.0000 9755.7373   16.0055
   -7.5000  -37.5000   45.000010233.5342   15.9663
    0.0000  -37.5000   45.000010656.0059   15.9667
    7.5000  -37.5000   45.000010185.1172   15.9629
   -7.5000  -30.0000   45.000011023.6689   15.8913
    0.0000  -30.0000   45.000011485.1309   15.8907
    7.5000  -30.0000   45.000010959.0137   15.8843
   -7.5000  -22.5000   45.000011708.4365   15.7957
    0.0000  -22.5000   45.000012221.4199   15.7970
    7.5000  -22.5000   45.000011663.8594   15.7856
   -7.5000  -15.0000   45.000012288.5000   15.6971
    0.0000  -15.0000   45.000012864.2881   15.6999
    7.5000  -15.0000   45.000012276.9131   15.6859
   -7.5000   -7.5000   45.000012798.9248   15.6247
    0.0000   -7.5000   45.000013391.2334   15.6269
    7.5000   -7.5000   45.000012777.4658   15.6166
   -7.5000    0.0000   45.000013128.3945   15.5924
    0.0000    0.0000   45.000013733.9219   15.5926
    7.5000    0.0000   45.000013084.5557   15.5880
   -7.5000    7.5000   45.000012400.1943   15.6852
    0.0000    7.5000   45.000012975.2148   15.6831
    7.5000    7.5000   45.000012370.9170   15.6803
   -7.5000   15.0000   45.000011670.3643   15.8575
    0.0000   15.0000   45.000012212.4307   15.8555
    7.5000   15.0000   45.000011642.4873   15.8490
   -7.5000   22.5000   45.000010925.5518   16.0602
    0.0000   22.5000   45.000011430.3779   16.0613
    7.5000   22.5000   45.000010905.8945   16.0465
   -7.5000   30.0000   45.000010118.2373   16.0958
    0.0000   30.0000   45.000010600.0889   16.0979
    7.5000   30.0000   45.000010084.4717   16.0774
   -7.5000   37.5000   45.0000 9676.1484   16.3645
    0.0000   37.5000   45.000010124.1064   16.3661
    7.5000   37.5000   45.0000 9640.6406   16.3471
   -7.5000   45.0000   45.0000 8911.4941   16.3841
    0.0000   45.0000   45.0000 9310.4697   16.3827
    7.5000   45.0000   45.0000 8856.6641   16.3686

---------------------------------------------------------------------
imgreg_4dfp /opt/freesurfer/average/711-2C_as_mni_average_305 /opt/freesurfer/average/711-2B_as_mni_average_305_mask talsrcimg_g11 none talsrcimg_to_711-2C_as_mni_average_305_t4 4355
---------------------------------------------------------------------

freesurfer imgreg_4dfp.c
/opt/freesurfer/average/711-2C_as_mni_average_305.4dfp.img
       256       256       256         1
  1.000000  1.000000  1.000000
orientation T byte_order littleendian
Reading image: /opt/freesurfer/average/711-2C_as_mni_average_305.4dfp.img
dimensions:      256       256       256
mmppix:       1.0000   -1.0000   -1.0000
center:     128.0000 -129.0000 -129.0000
/opt/freesurfer/average/711-2B_as_mni_average_305_mask.4dfp.img
       256       256       256         1
  1.000000  1.000000  1.000000
orientation T byte_order littleendian
Reading mask: /opt/freesurfer/average/711-2B_as_mni_average_305_mask.4dfp.img (2306576 pixels)
talsrcimg_g11.4dfp.img
       256       256       256         1
  1.000000  1.000000  1.000000
orientation T byte_order littleendian
Reading image: talsrcimg_g11.4dfp.img
dimensions:      256       256       256
mmppix:       1.0000   -1.0000   -1.0000
center:     128.0000 -129.0000 -129.0000
rotation matrix determinant  1.000000
image alignment mode   4355 decimal     1103 hex
   -7.5000  -45.0000  -45.0000 2299.1545   18.5048
    0.0000  -45.0000  -45.0000 2303.9192   18.5576
    7.5000  -45.0000  -45.0000 2295.2769   18.6882
   -7.5000  -37.5000  -45.0000 2347.2283   17.6348
    0.0000  -37.5000  -45.0000 2348.0981   17.6771
    7.5000  -37.5000  -45.0000 2334.0923   17.7960
   -7.5000  -30.0000  -45.0000 2381.3833   16.9194
    0.0000  -30.0000  -45.0000 2383.5532   16.9553
    7.5000  -30.0000  -45.0000 2368.9014   17.0792
   -7.5000  -22.5000  -45.0000 2404.9192   16.3517
    0.0000  -22.5000  -45.0000 2412.6960   16.3921
    7.5000  -22.5000  -45.0000 2400.3801   16.5041
   -7.5000  -15.0000  -45.0000 2421.2544   15.8988
    0.0000  -15.0000  -45.0000 2433.0608   15.9095
    7.5000  -15.0000  -45.0000 2413.3564   16.0380
   -7.5000   -7.5000  -45.0000 2437.1414   15.5845
    0.0000   -7.5000  -45.0000 2448.5505   15.5808
    7.5000   -7.5000  -45.0000 2428.1604   15.7027
   -7.5000    0.0000  -45.0000 2443.0190   15.4587
    0.0000    0.0000  -45.0000 2453.9973   15.4687
    7.5000    0.0000  -45.0000 2432.6423   15.6227
   -7.5000    7.5000  -45.0000 2436.7051   15.6330
    0.0000    7.5000  -45.0000 2453.0352   15.6288
    7.5000    7.5000  -45.0000 2423.5496   15.7736
   -7.5000   15.0000  -45.0000 2410.4456   16.0753
    0.0000   15.0000  -45.0000 2428.4497   16.0667
    7.5000   15.0000  -45.0000 2401.1147   16.2182
   -7.5000   22.5000  -45.0000 2375.4036   16.7662
    0.0000   22.5000  -45.0000 2393.0945   16.7420
    7.5000   22.5000  -45.0000 2361.9016   16.9066
   -7.5000   30.0000  -45.0000 2324.7275   17.6803
    0.0000   30.0000  -45.0000 2338.9104   17.6741
    7.5000   30.0000  -45.0000 2309.4934   17.8282
   -7.5000   37.5000  -45.0000 2255.9316   18.9608
    0.0000   37.5000  -45.0000 2270.2747   18.9798
    7.5000   37.5000  -45.0000 2245.9980   19.1095
   -7.5000   45.0000  -45.0000 2174.4624   20.7783
    0.0000   45.0000  -45.0000 2184.0076   20.7502
    7.5000   45.0000  -45.0000 2161.8086   20.9068
   -7.5000  -45.0000  -37.5000 2379.2385   17.2081
    0.0000  -45.0000  -37.5000 2387.9707   17.2203
    7.5000  -45.0000  -37.5000 2370.6938   17.3482
   -7.5000  -37.5000  -37.5000 2430.5791   16.4569
    0.0000  -37.5000  -37.5000 2438.2290   16.4366
    7.5000  -37.5000  -37.5000 2418.1204   16.5627
   -7.5000  -30.0000  -37.5000 2462.8228   15.7985
    0.0000  -30.0000  -37.5000 2471.6111   15.7828
    7.5000  -30.0000  -37.5000 2453.9893   15.9181
   -7.5000  -22.5000  -37.5000 2490.8706   15.2550
    0.0000  -22.5000  -37.5000 2498.7490   15.2754
    7.5000  -22.5000  -37.5000 2485.7534   15.3892
   -7.5000  -15.0000  -37.5000 2511.4075   14.8415
    0.0000  -15.0000  -37.5000 2520.6150   14.8380
    7.5000  -15.0000  -37.5000 2502.9546   14.9523
   -7.5000   -7.5000  -37.5000 2527.5547   14.5718
    0.0000   -7.5000  -37.5000 2540.7515   14.5448
    7.5000   -7.5000  -37.5000 2519.0015   14.6678
   -7.5000    0.0000  -37.5000 2527.0500   14.4427
    0.0000    0.0000  -37.5000 2540.1802   14.4380
    7.5000    0.0000  -37.5000 2517.5706   14.5823
   -7.5000    7.5000  -37.5000 2523.1438   14.5730
    0.0000    7.5000  -37.5000 2536.8867   14.5700
    7.5000    7.5000  -37.5000 2509.7427   14.7102
   -7.5000   15.0000  -37.5000 2498.3630   14.9473
    0.0000   15.0000  -37.5000 2513.6394   14.9319
    7.5000   15.0000  -37.5000 2489.5591   15.0584
   -7.5000   22.5000  -37.5000 2464.0244   15.5462
    0.0000   22.5000  -37.5000 2478.4575   15.5274
    7.5000   22.5000  -37.5000 2451.5747   15.6706
   -7.5000   30.0000  -37.5000 2408.5518   16.3922
    0.0000   30.0000  -37.5000 2423.4509   16.3821
    7.5000   30.0000  -37.5000 2396.5347   16.5254
   -7.5000   37.5000  -37.5000 2336.4624   17.6061
    0.0000   37.5000  -37.5000 2349.9341   17.6082
    7.5000   37.5000  -37.5000 2324.0620   17.7393
   -7.5000   45.0000  -37.5000 2245.1423   19.3016
    0.0000   45.0000  -37.5000 2255.9524   19.2771
    7.5000   45.0000  -37.5000 2232.7537   19.4226
   -7.5000  -45.0000  -30.0000 2511.8884   16.6435
    0.0000  -45.0000  -30.0000 2526.3210   16.6292
    7.5000  -45.0000  -30.0000 2503.2832   16.7544
   -7.5000  -37.5000  -30.0000 2562.3455   15.8783
    0.0000  -37.5000  -30.0000 2570.0217   15.8454
    7.5000  -37.5000  -30.0000 2550.9250   15.9599
   -7.5000  -30.0000  -30.0000 2589.4109   15.2376
    0.0000  -30.0000  -30.0000 2599.0378   15.2086
    7.5000  -30.0000  -30.0000 2581.0510   15.3308
   -7.5000  -22.5000  -30.0000 2619.6252   14.7187
    0.0000  -22.5000  -30.0000 2627.3879   14.6703
    7.5000  -22.5000  -30.0000 2614.9517   14.8050
   -7.5000  -15.0000  -30.0000 2646.2742   14.2928
    0.0000  -15.0000  -30.0000 2658.4844   14.2428
    7.5000  -15.0000  -30.0000 2640.1252   14.3336
   -7.5000   -7.5000  -30.0000 2662.7483   14.0658
    0.0000   -7.5000  -30.0000 2677.1655   14.0041
    7.5000   -7.5000  -30.0000 2656.4363   14.1129
   -7.5000    0.0000  -30.0000 2668.2727   13.9341
    0.0000    0.0000  -30.0000 2684.0652   13.9083
    7.5000    0.0000  -30.0000 2657.6052   14.0349
   -7.5000    7.5000  -30.0000 2662.0715   14.0083
    0.0000    7.5000  -30.0000 2679.2700   14.0059
    7.5000    7.5000  -30.0000 2653.3508   14.1322
   -7.5000   15.0000  -30.0000 2641.0164   14.3588
    0.0000   15.0000  -30.0000 2660.5149   14.3225
    7.5000   15.0000  -30.0000 2634.7375   14.4540
   -7.5000   22.5000  -30.0000 2600.2117   14.9186
    0.0000   22.5000  -30.0000 2620.0303   14.8777
    7.5000   22.5000  -30.0000 2593.0308   15.0263
   -7.5000   30.0000  -30.0000 2540.9758   15.7294
    0.0000   30.0000  -30.0000 2563.1394   15.7032
    7.5000   30.0000  -30.0000 2533.6919   15.8673
   -7.5000   37.5000  -30.0000 2466.3379   16.8914
    0.0000   37.5000  -30.0000 2483.1042   16.8878
    7.5000   37.5000  -30.0000 2455.1470   17.0489
   -7.5000   45.0000  -30.0000 2363.3601   18.5388
    0.0000   45.0000  -30.0000 2377.2229   18.5131
    7.5000   45.0000  -30.0000 2353.7922   18.6693
   -7.5000  -45.0000  -22.5000 2611.5442   16.0287
    0.0000  -45.0000  -22.5000 2625.8464   15.9919
    7.5000  -45.0000  -22.5000 2601.7036   16.1022
   -7.5000  -37.5000  -22.5000 2653.2400   15.2608
    0.0000  -37.5000  -22.5000 2666.2405   15.2087
    7.5000  -37.5000  -22.5000 2646.9343   15.3367
   -7.5000  -30.0000  -22.5000 2679.0940   14.5992
    0.0000  -30.0000  -22.5000 2690.4390   14.5253
    7.5000  -30.0000  -22.5000 2677.4512   14.6549
   -7.5000  -22.5000  -22.5000 2711.7263   14.0611
    0.0000  -22.5000  -22.5000 2721.9226   14.0020
    7.5000  -22.5000  -22.5000 2712.5266   14.1029
   -7.5000  -15.0000  -22.5000 2742.1816   13.6335
    0.0000  -15.0000  -22.5000 2758.7637   13.5899
    7.5000  -15.0000  -22.5000 2740.6721   13.6732
   -7.5000   -7.5000  -22.5000 2763.7346   13.4341
    0.0000   -7.5000  -22.5000 2783.8831   13.3758
    7.5000   -7.5000  -22.5000 2757.8765   13.4526
   -7.5000    0.0000  -22.5000 2778.4805   13.2954
    0.0000    0.0000  -22.5000 2801.7251   13.2496
    7.5000    0.0000  -22.5000 2768.4080   13.3537
   -7.5000    7.5000  -22.5000 2780.2729   13.3657
    0.0000    7.5000  -22.5000 2803.8054   13.3370
    7.5000    7.5000  -22.5000 2770.7598   13.4587
   -7.5000   15.0000  -22.5000 2758.0574   13.6983
    0.0000   15.0000  -22.5000 2782.5784   13.6485
    7.5000   15.0000  -22.5000 2752.7769   13.7849
   -7.5000   22.5000  -22.5000 2713.8601   14.2289
    0.0000   22.5000  -22.5000 2739.3440   14.1714
    7.5000   22.5000  -22.5000 2712.5552   14.3248
   -7.5000   30.0000  -22.5000 2644.7422   15.0237
    0.0000   30.0000  -22.5000 2667.4497   14.9719
    7.5000   30.0000  -22.5000 2642.0232   15.1401
   -7.5000   37.5000  -22.5000 2561.3286   16.1617
    0.0000   37.5000  -22.5000 2579.0232   16.1078
    7.5000   37.5000  -22.5000 2550.1602   16.2809
   -7.5000   45.0000  -22.5000 2454.0017   17.7533
    0.0000   45.0000  -22.5000 2467.8843   17.7110
    7.5000   45.0000  -22.5000 2444.1704   17.8616
   -7.5000  -45.0000  -15.0000 2666.8845   15.4758
    0.0000  -45.0000  -15.0000 2682.9670   15.4271
    7.5000  -45.0000  -15.0000 2658.2283   15.5077
   -7.5000  -37.5000  -15.0000 2706.8113   14.6997
    0.0000  -37.5000  -15.0000 2718.6128   14.6346
    7.5000  -37.5000  -15.0000 2700.7937   14.7098
   -7.5000  -30.0000  -15.0000 2734.3774   13.9729
    0.0000  -30.0000  -15.0000 2747.0459   13.9140
    7.5000  -30.0000  -15.0000 2730.1309   14.0203
   -7.5000  -22.5000  -15.0000 2766.3752   13.4076
    0.0000  -22.5000  -15.0000 2781.5610   13.3741
    7.5000  -22.5000  -15.0000 2768.6794   13.4664
   -7.5000  -15.0000  -15.0000 2801.7571   12.9955
    0.0000  -15.0000  -15.0000 2825.7883   12.9510
    7.5000  -15.0000  -15.0000 2800.9719   13.0434
   -7.5000   -7.5000  -15.0000 2832.4534   12.8001
    0.0000   -7.5000  -15.0000 2856.3123   12.7318
    7.5000   -7.5000  -15.0000 2828.1201   12.8372
   -7.5000    0.0000  -15.0000 2856.0967   12.6778
    0.0000    0.0000  -15.0000 2884.6033   12.6332
    7.5000    0.0000  -15.0000 2845.0361   12.7499
   -7.5000    7.5000  -15.0000 2869.1199   12.7626
    0.0000    7.5000  -15.0000 2897.8926   12.7015
    7.5000    7.5000  -15.0000 2856.3174   12.8595
   -7.5000   15.0000  -15.0000 2846.1694   13.0862
    0.0000   15.0000  -15.0000 2876.3086   13.0066
    7.5000   15.0000  -15.0000 2837.5303   13.1812
   -7.5000   22.5000  -15.0000 2792.2756   13.6231
    0.0000   22.5000  -15.0000 2818.2456   13.5340
    7.5000   22.5000  -15.0000 2792.0469   13.7117
   -7.5000   30.0000  -15.0000 2715.3799   14.3969
    0.0000   30.0000  -15.0000 2736.5715   14.3091
    7.5000   30.0000  -15.0000 2710.3228   14.5046
   -7.5000   37.5000  -15.0000 2620.7568   15.5074
    0.0000   37.5000  -15.0000 2637.0461   15.4346
    7.5000   37.5000  -15.0000 2607.5710   15.6428
   -7.5000   45.0000  -15.0000 2505.2754   17.0860
    0.0000   45.0000  -15.0000 2522.7437   17.0157
    7.5000   45.0000  -15.0000 2495.7800   17.1991
   -7.5000  -45.0000   -7.5000 2696.7385   14.9709
    0.0000  -45.0000   -7.5000 2717.6946   14.8999
    7.5000  -45.0000   -7.5000 2697.1970   15.0044
   -7.5000  -37.5000   -7.5000 2734.6282   14.1550
    0.0000  -37.5000   -7.5000 2747.7803   14.0886
    7.5000  -37.5000   -7.5000 2731.5444   14.1715
   -7.5000  -30.0000   -7.5000 2762.8579   13.4527
    0.0000  -30.0000   -7.5000 2773.5730   13.3974
    7.5000  -30.0000   -7.5000 2762.3020   13.4836
   -7.5000  -22.5000   -7.5000 2800.9580   12.8876
    0.0000  -22.5000   -7.5000 2814.8850   12.8353
    7.5000  -22.5000   -7.5000 2803.0796   12.9303
   -7.5000  -15.0000   -7.5000 2842.4893   12.4798
    0.0000  -15.0000   -7.5000 2866.0149   12.3911
    7.5000  -15.0000   -7.5000 2841.1682   12.5219
   -7.5000   -7.5000   -7.5000 2883.2969   12.2659
    0.0000   -7.5000   -7.5000 2909.2236   12.1701
    7.5000   -7.5000   -7.5000 2879.5627   12.3118
   -7.5000    0.0000   -7.5000 2911.9277   12.1825
    0.0000    0.0000   -7.5000 2943.2893   12.1047
    7.5000    0.0000   -7.5000 2902.0063   12.2561
   -7.5000    7.5000   -7.5000 2930.2610   12.2738
    0.0000    7.5000   -7.5000 2969.2837   12.1723
    7.5000    7.5000   -7.5000 2913.8616   12.3781
   -7.5000   15.0000   -7.5000 2903.6692   12.6234
    0.0000   15.0000   -7.5000 2944.5095   12.4942
    7.5000   15.0000   -7.5000 2893.3186   12.7244
   -7.5000   22.5000   -7.5000 2844.5889   13.1240
    0.0000   22.5000   -7.5000 2873.9619   12.9987
    7.5000   22.5000   -7.5000 2836.8887   13.2379
   -7.5000   30.0000   -7.5000 2759.1677   13.8678
    0.0000   30.0000   -7.5000 2780.9753   13.7617
    7.5000   30.0000   -7.5000 2749.1226   13.9896
   -7.5000   37.5000   -7.5000 2651.7063   15.0076
    0.0000   37.5000   -7.5000 2668.9224   14.9149
    7.5000   37.5000   -7.5000 2639.9626   15.1426
   -7.5000   45.0000   -7.5000 2528.6448   16.6023
    0.0000   45.0000   -7.5000 2546.5227   16.5145
    7.5000   45.0000   -7.5000 2518.0754   16.7134
   -7.5000  -45.0000    0.0000 2707.8855   14.7038
    0.0000  -45.0000    0.0000 2726.2224   14.6259
    7.5000  -45.0000    0.0000 2708.1790   14.7003
   -7.5000  -37.5000    0.0000 2740.1582   13.8335
    0.0000  -37.5000    0.0000 2752.9797   13.7664
    7.5000  -37.5000    0.0000 2742.3484   13.8577
   -7.5000  -30.0000    0.0000 2768.2668   13.1342
    0.0000  -30.0000    0.0000 2779.7646   13.0721
    7.5000  -30.0000    0.0000 2774.6958   13.1500
   -7.5000  -22.5000    0.0000 2811.2019   12.5831
    0.0000  -22.5000    0.0000 2829.9094   12.5087
    7.5000  -22.5000    0.0000 2817.9336   12.5923
   -7.5000  -15.0000    0.0000 2860.3291   12.1677
    0.0000  -15.0000    0.0000 2885.0676   12.0787
    7.5000  -15.0000    0.0000 2867.1206   12.1892
   -7.5000   -7.5000    0.0000 2912.4648   11.9574
    0.0000   -7.5000    0.0000 2940.6597   11.8468
    7.5000   -7.5000    0.0000 2912.7280   11.9861
   -7.5000    0.0000    0.0000 2949.0222   11.9125
    0.0000    0.0000    0.0000 2987.4097   11.8291
    7.5000    0.0000    0.0000 2944.0789   11.9631
   -7.5000    7.5000    0.0000 2966.3804   12.0316
    0.0000    7.5000    0.0000 3017.2483   11.9472
    7.5000    7.5000    0.0000 2953.9714   12.1079
   -7.5000   15.0000    0.0000 2940.3372   12.3823
    0.0000   15.0000    0.0000 2988.9885   12.2864
    7.5000   15.0000    0.0000 2930.7346   12.4459
   -7.5000   22.5000    0.0000 2874.4729   12.8797
    0.0000   22.5000    0.0000 2908.5769   12.7672
    7.5000   22.5000    0.0000 2865.8174   12.9649
   -7.5000   30.0000    0.0000 2778.7822   13.6226
    0.0000   30.0000    0.0000 2803.0349   13.5248
    7.5000   30.0000    0.0000 2769.1360   13.7177
   -7.5000   37.5000    0.0000 2657.8132   14.7629
    0.0000   37.5000    0.0000 2679.1082   14.6861
    7.5000   37.5000    0.0000 2651.8967   14.8814
   -7.5000   45.0000    0.0000 2530.5918   16.3380
    0.0000   45.0000    0.0000 2550.0586   16.2944
    7.5000   45.0000    0.0000 2525.9329   16.4478
   -7.5000  -45.0000    7.5000 2707.1387   14.6346
    0.0000  -45.0000    7.5000 2725.2341   14.5350
    7.5000  -45.0000    7.5000 2705.6064   14.6362
   -7.5000  -37.5000    7.5000 2728.2888   13.7202
    0.0000  -37.5000    7.5000 2742.8054   13.6316
    7.5000  -37.5000    7.5000 2732.0544   13.7510
   -7.5000  -30.0000    7.5000 2753.4407   13.0149
    0.0000  -30.0000    7.5000 2767.5684   12.9236
    7.5000  -30.0000    7.5000 2763.4604   13.0531
   -7.5000  -22.5000    7.5000 2805.5808   12.4842
    0.0000  -22.5000    7.5000 2821.3467   12.3720
    7.5000  -22.5000    7.5000 2813.8376   12.5083
   -7.5000  -15.0000    7.5000 2863.4480   12.0802
    0.0000  -15.0000    7.5000 2882.0391   11.9827
    7.5000  -15.0000    7.5000 2869.5525   12.1102
   -7.5000   -7.5000    7.5000 2921.4895   11.9062
    0.0000   -7.5000    7.5000 2950.9141   11.8110
    7.5000   -7.5000    7.5000 2923.0195   11.9058
   -7.5000    0.0000    7.5000 2962.4475   11.8480
    0.0000    0.0000    7.5000 3003.9138   11.7967
    7.5000    0.0000    7.5000 2957.3628   11.8629
   -7.5000    7.5000    7.5000 2982.9749   11.9292
    0.0000    7.5000    7.5000 3037.2986   11.8913
    7.5000    7.5000    7.5000 2972.7566   11.9700
   -7.5000   15.0000    7.5000 2947.2805   12.3004
    0.0000   15.0000    7.5000 2998.3962   12.2346
    7.5000   15.0000    7.5000 2939.0125   12.3465
   -7.5000   22.5000    7.5000 2870.8940   12.8890
    0.0000   22.5000    7.5000 2907.5171   12.8175
    7.5000   22.5000    7.5000 2864.0046   12.9478
   -7.5000   30.0000    7.5000 2770.4636   13.6725
    0.0000   30.0000    7.5000 2790.7654   13.6163
    7.5000   30.0000    7.5000 2764.5364   13.7633
   -7.5000   37.5000    7.5000 2650.6531   14.7949
    0.0000   37.5000    7.5000 2665.9238   14.7297
    7.5000   37.5000    7.5000 2644.8926   14.8891
   -7.5000   45.0000    7.5000 2523.9893   16.3198
    0.0000   45.0000    7.5000 2538.4275   16.2553
    7.5000   45.0000    7.5000 2518.7009   16.4150
   -7.5000  -45.0000   15.0000 2693.5093   14.7587
    0.0000  -45.0000   15.0000 2707.8425   14.6525
    7.5000  -45.0000   15.0000 2697.6008   14.8046
   -7.5000  -37.5000   15.0000 2710.8948   13.8652
    0.0000  -37.5000   15.0000 2727.2361   13.7537
    7.5000  -37.5000   15.0000 2714.6396   13.9112
   -7.5000  -30.0000   15.0000 2739.3562   13.1561
    0.0000  -30.0000   15.0000 2748.1082   13.0647
    7.5000  -30.0000   15.0000 2740.3357   13.1837
   -7.5000  -22.5000   15.0000 2785.8342   12.5960
    0.0000  -22.5000   15.0000 2799.4016   12.5172
    7.5000  -22.5000   15.0000 2790.8577   12.6165
   -7.5000  -15.0000   15.0000 2847.9597   12.1902
    0.0000  -15.0000   15.0000 2861.5425   12.1133
    7.5000  -15.0000   15.0000 2850.4146   12.2021
   -7.5000   -7.5000   15.0000 2910.2437   12.0209
    0.0000   -7.5000   15.0000 2936.3433   11.9280
    7.5000   -7.5000   15.0000 2909.0872   12.0213
   -7.5000    0.0000   15.0000 2953.6221   11.9277
    0.0000    0.0000   15.0000 2992.7437   11.8247
    7.5000    0.0000   15.0000 2947.9526   11.9436
   -7.5000    7.5000   15.0000 2967.5845   12.0317
    0.0000    7.5000   15.0000 3014.5500   11.8966
    7.5000    7.5000   15.0000 2958.6968   12.0867
   -7.5000   15.0000   15.0000 2923.6306   12.4425
    0.0000   15.0000   15.0000 2967.7129   12.3017
    7.5000   15.0000   15.0000 2922.7537   12.4828
   -7.5000   22.5000   15.0000 2846.7598   13.0908
    0.0000   22.5000   15.0000 2878.3374   12.9720
    7.5000   22.5000   15.0000 2843.6960   13.1376
   -7.5000   30.0000   15.0000 2741.3523   13.9466
    0.0000   30.0000   15.0000 2762.0837   13.8543
    7.5000   30.0000   15.0000 2740.6924   14.0069
   -7.5000   37.5000   15.0000 2621.3577   15.0801
    0.0000   37.5000   15.0000 2636.2124   14.9926
    7.5000   37.5000   15.0000 2619.6311   15.1559
   -7.5000   45.0000   15.0000 2494.4392   16.5676
    0.0000   45.0000   15.0000 2508.4915   16.5105
    7.5000   45.0000   15.0000 2491.4124   16.6501
   -7.5000  -45.0000   22.5000 2672.6772   15.1180
    0.0000  -45.0000   22.5000 2679.9199   15.0036
    7.5000  -45.0000   22.5000 2671.1550   15.1250
   -7.5000  -37.5000   22.5000 2690.8987   14.2033
    0.0000  -37.5000   22.5000 2700.7107   14.1087
    7.5000  -37.5000   22.5000 2688.6353   14.2025
   -7.5000  -30.0000   22.5000 2721.5586   13.4862
    0.0000  -30.0000   22.5000 2728.0259   13.3974
    7.5000  -30.0000   22.5000 2718.0405   13.4812
   -7.5000  -22.5000   22.5000 2762.0728   12.8965
    0.0000  -22.5000   22.5000 2771.3940   12.7927
    7.5000  -22.5000   22.5000 2765.8103   12.8881
   -7.5000  -15.0000   22.5000 2818.3372   12.4995
    0.0000  -15.0000   22.5000 2828.6699   12.3677
    7.5000  -15.0000   22.5000 2820.3018   12.4983
   -7.5000   -7.5000   22.5000 2877.8271   12.3399
    0.0000   -7.5000   22.5000 2899.3298   12.2137
    7.5000   -7.5000   22.5000 2877.0042   12.3599
   -7.5000    0.0000   22.5000 2914.4050   12.2701
    0.0000    0.0000   22.5000 2940.8047   12.1047
    7.5000    0.0000   22.5000 2907.3782   12.3289
   -7.5000    7.5000   22.5000 2918.7690   12.4220
    0.0000    7.5000   22.5000 2949.2974   12.2641
    7.5000    7.5000   22.5000 2911.0337   12.4871
   -7.5000   15.0000   22.5000 2874.4099   12.8516
    0.0000   15.0000   22.5000 2905.7346   12.7246
    7.5000   15.0000   22.5000 2874.7151   12.9098
   -7.5000   22.5000   22.5000 2800.6238   13.4937
    0.0000   22.5000   22.5000 2828.0876   13.3896
    7.5000   22.5000   22.5000 2799.3289   13.5628
   -7.5000   30.0000   22.5000 2697.3821   14.3742
    0.0000   30.0000   22.5000 2720.9302   14.2682
    7.5000   30.0000   22.5000 2699.9431   14.4406
   -7.5000   37.5000   22.5000 2581.0596   15.4735
    0.0000   37.5000   22.5000 2596.3220   15.4053
    7.5000   37.5000   22.5000 2579.9087   15.5530
   -7.5000   45.0000   22.5000 2454.6643   16.9753
    0.0000   45.0000   22.5000 2472.5166   16.8966
    7.5000   45.0000   22.5000 2453.5376   17.0344
   -7.5000  -45.0000   30.0000 2628.9749   15.5746
    0.0000  -45.0000   30.0000 2635.2087   15.4193
    7.5000  -45.0000   30.0000 2627.2566   15.5243
   -7.5000  -37.5000   30.0000 2660.1975   14.6975
    0.0000  -37.5000   30.0000 2665.9133   14.5361
    7.5000  -37.5000   30.0000 2655.9395   14.6328
   -7.5000  -30.0000   30.0000 2692.8340   13.9294
    0.0000  -30.0000   30.0000 2697.8115   13.7613
    7.5000  -30.0000   30.0000 2690.8635   13.8704
   -7.5000  -22.5000   30.0000 2727.3247   13.3480
    0.0000  -22.5000   30.0000 2737.9739   13.1807
    7.5000  -22.5000   30.0000 2732.1340   13.3070
   -7.5000  -15.0000   30.0000 2777.5081   13.0010
    0.0000  -15.0000   30.0000 2792.3589   12.8534
    7.5000  -15.0000   30.0000 2782.8994   12.9848
   -7.5000   -7.5000   30.0000 2821.9778   12.8774
    0.0000   -7.5000   30.0000 2846.7546   12.7167
    7.5000   -7.5000   30.0000 2826.0637   12.8938
   -7.5000    0.0000   30.0000 2844.3657   12.8642
    0.0000    0.0000   30.0000 2870.5571   12.6993
    7.5000    0.0000   30.0000 2844.9224   12.8859
   -7.5000    7.5000   30.0000 2838.4299   13.0608
    0.0000    7.5000   30.0000 2859.9260   12.9154
    7.5000    7.5000   30.0000 2837.4285   13.1009
   -7.5000   15.0000   30.0000 2798.1499   13.4931
    0.0000   15.0000   30.0000 2822.4583   13.3692
    7.5000   15.0000   30.0000 2800.2097   13.5402
   -7.5000   22.5000   30.0000 2733.4089   14.1290
    0.0000   22.5000   30.0000 2757.6409   14.0044
    7.5000   22.5000   30.0000 2732.7188   14.1731
   -7.5000   30.0000   30.0000 2642.6401   14.9551
    0.0000   30.0000   30.0000 2666.2190   14.8553
    7.5000   30.0000   30.0000 2641.9165   15.0014
   -7.5000   37.5000   30.0000 2533.2634   16.0598
    0.0000   37.5000   30.0000 2547.5635   15.9825
    7.5000   37.5000   30.0000 2527.2556   16.1087
   -7.5000   45.0000   30.0000 2410.4746   17.5626
    0.0000   45.0000   30.0000 2427.6094   17.4741
    7.5000   45.0000   30.0000 2408.6389   17.5937
   -7.5000  -45.0000   37.5000 2569.6992   16.1213
    0.0000  -45.0000   37.5000 2579.3542   15.8554
    7.5000  -45.0000   37.5000 2577.1465   16.0127
   -7.5000  -37.5000   37.5000 2610.3201   15.2739
    0.0000  -37.5000   37.5000 2619.2563   15.0301
    7.5000  -37.5000   37.5000 2614.6426   15.1601
   -7.5000  -30.0000   37.5000 2647.3008   14.5400
    0.0000  -30.0000   37.5000 2661.6978   14.2960
    7.5000  -30.0000   37.5000 2650.6201   14.4682
   -7.5000  -22.5000   37.5000 2679.1689   14.0267
    0.0000  -22.5000   37.5000 2697.2981   13.7995
    7.5000  -22.5000   37.5000 2683.3601   13.9455
   -7.5000  -15.0000   37.5000 2718.9585   13.6936
    0.0000  -15.0000   37.5000 2742.1909   13.5103
    7.5000  -15.0000   37.5000 2727.4722   13.6433
   -7.5000   -7.5000   37.5000 2754.1101   13.5818
    0.0000   -7.5000   37.5000 2780.4309   13.3956
    7.5000   -7.5000   37.5000 2762.1184   13.5482
   -7.5000    0.0000   37.5000 2764.0466   13.6338
    0.0000    0.0000   37.5000 2790.1875   13.4795
    7.5000    0.0000   37.5000 2768.0649   13.6220
   -7.5000    7.5000   37.5000 2745.3081   13.8703
    0.0000    7.5000   37.5000 2767.3406   13.7453
    7.5000    7.5000   37.5000 2749.4036   13.8837
   -7.5000   15.0000   37.5000 2709.9993   14.3172
    0.0000   15.0000   37.5000 2734.4526   14.1764
    7.5000   15.0000   37.5000 2717.3184   14.3278
   -7.5000   22.5000   37.5000 2653.4788   14.9235
    0.0000   22.5000   37.5000 2678.7249   14.7854
    7.5000   22.5000   37.5000 2657.0020   14.9288
   -7.5000   30.0000   37.5000 2571.9619   15.7257
    0.0000   30.0000   37.5000 2596.9329   15.6000
    7.5000   30.0000   37.5000 2574.3596   15.7462
   -7.5000   37.5000   37.5000 2476.7942   16.8088
    0.0000   37.5000   37.5000 2491.6060   16.7455
    7.5000   37.5000   37.5000 2476.0884   16.8498
   -7.5000   45.0000   37.5000 2360.2954   18.3011
    0.0000   45.0000   37.5000 2376.7036   18.2170
    7.5000   45.0000   37.5000 2359.8140   18.3167
   -7.5000  -45.0000   45.0000 2513.8018   16.7576
    0.0000  -45.0000   45.0000 2526.0627   16.4041
    7.5000  -45.0000   45.0000 2524.8315   16.6034
   -7.5000  -37.5000   45.0000 2558.9429   15.9428
    0.0000  -37.5000   45.0000 2571.9929   15.6179
    7.5000  -37.5000   45.0000 2561.0146   15.8000
   -7.5000  -30.0000   45.0000 2594.2693   15.3166
    0.0000  -30.0000   45.0000 2612.9822   15.0103
    7.5000  -30.0000   45.0000 2597.1870   15.2074
   -7.5000  -22.5000   45.0000 2623.3618   14.8552
    0.0000  -22.5000   45.0000 2641.5815   14.6056
    7.5000  -22.5000   45.0000 2628.2480   14.7701
   -7.5000  -15.0000   45.0000 2650.4099   14.5648
    0.0000  -15.0000   45.0000 2674.1396   14.3575
    7.5000  -15.0000   45.0000 2660.7173   14.5072
   -7.5000   -7.5000   45.0000 2673.5920   14.4894
    0.0000   -7.5000   45.0000 2699.4756   14.3081
    7.5000   -7.5000   45.0000 2682.6875   14.4324
   -7.5000    0.0000   45.0000 2676.7317   14.6099
    0.0000    0.0000   45.0000 2701.2129   14.4398
    7.5000    0.0000   45.0000 2680.1516   14.5715
   -7.5000    7.5000   45.0000 2653.8452   14.8659
    0.0000    7.5000   45.0000 2676.7017   14.7165
    7.5000    7.5000   45.0000 2658.5762   14.8452
   -7.5000   15.0000   45.0000 2617.0286   15.3054
    0.0000   15.0000   45.0000 2642.7688   15.1666
    7.5000   15.0000   45.0000 2622.4846   15.2940
   -7.5000   22.5000   45.0000 2570.6992   15.9019
    0.0000   22.5000   45.0000 2595.8560   15.7396
    7.5000   22.5000   45.0000 2577.2292   15.8755
   -7.5000   30.0000   45.0000 2500.4739   16.6644
    0.0000   30.0000   45.0000 2529.3958   16.5412
    7.5000   30.0000   45.0000 2502.1760   16.6463
   -7.5000   37.5000   45.0000 2413.7346   17.7150
    0.0000   37.5000   45.0000 2433.8398   17.6170
    7.5000   37.5000   45.0000 2411.5554   17.7342
   -7.5000   45.0000   45.0000 2300.8799   19.1512
    0.0000   45.0000   45.0000 2321.1611   19.0910
    7.5000   45.0000   45.0000 2298.2942   19.1852

---------------------------------------------------------------------
imgreg_4dfp /opt/freesurfer/average/711-2C_as_mni_average_305 /opt/freesurfer/average/711-2B_as_mni_average_305_mask talsrcimg_g11 none talsrcimg_to_711-2C_as_mni_average_305_t4 1283
---------------------------------------------------------------------

freesurfer imgreg_4dfp.c
/opt/freesurfer/average/711-2C_as_mni_average_305.4dfp.img
       256       256       256         1
  1.000000  1.000000  1.000000
orientation T byte_order littleendian
Reading image: /opt/freesurfer/average/711-2C_as_mni_average_305.4dfp.img
dimensions:      256       256       256
mmppix:       1.0000   -1.0000   -1.0000
center:     128.0000 -129.0000 -129.0000
/opt/freesurfer/average/711-2B_as_mni_average_305_mask.4dfp.img
       256       256       256         1
  1.000000  1.000000  1.000000
orientation T byte_order littleendian
Reading mask: /opt/freesurfer/average/711-2B_as_mni_average_305_mask.4dfp.img (2306576 pixels)
talsrcimg_g11.4dfp.img
       256       256       256         1
  1.000000  1.000000  1.000000
orientation T byte_order littleendian
Reading image: talsrcimg_g11.4dfp.img
dimensions:      256       256       256
mmppix:       1.0000   -1.0000   -1.0000
center:     128.0000 -129.0000 -129.0000
rotation matrix determinant  1.000000
fimgreg.f
image alignment mode   1283 decimal      503 hex
parameters
    0.0000    7.5000    7.5000    0.0000    0.0000    0.0000
eta,q 0.95187 11.86571
niter,ni,del,rscale     5    3   12.0000    1.2000
parameter  4  4.338966 ->  0.500000 qaram    1.1500
parameters
   -0.2264    7.1022    7.1662   -3.4500   -0.7978   -0.7443
eta,q 0.95876 11.71650
  0.0600  0.0526  0.0501  0.0386  0.0472  0.0460
  0.0537  0.0488  0.0492  0.0409  0.0444  0.0432
  0.0482  0.0463  0.0478  0.0434  0.0420  0.0415
  0.0463  0.0461  0.0461  0.0464  0.0416  0.0414
  0.0490  0.0474  0.0461  0.0496  0.0439  0.0429
  0.0550  0.0500  0.0484  0.0525  0.0469  0.0456
  0.0622  0.0546  0.0530  0.0563  0.0508  0.0482
niter,ni,del,rscale     5    3   12.0000    1.2000
parameter  4  1.877666 ->  0.500000 qaram    1.3225
parameters
   -0.3786    7.8472    6.5574   -7.4175   -0.8289   -0.5675
eta,q 0.96342 11.77051
  0.0577  0.0524  0.0454  0.0354  0.0454  0.0445
  0.0497  0.0471  0.0441  0.0361  0.0414  0.0408
  0.0432  0.0430  0.0424  0.0384  0.0383  0.0379
  0.0412  0.0412  0.0410  0.0413  0.0366  0.0366
  0.0445  0.0414  0.0414  0.0454  0.0377  0.0373
  0.0512  0.0439  0.0446  0.0495  0.0412  0.0401
  0.0590  0.0481  0.0495  0.0525  0.0460  0.0438
niter,ni,del,rscale     5    3   12.0000    1.2000
parameter  4  1.003848 ->  0.500000 qaram    1.5209
parameters
   -0.3732    8.7034    5.3939  -11.9801   -0.5503   -0.9359
eta,q 0.96748 11.81470
  0.0560  0.0503  0.0411  0.0329  0.0424  0.0395
  0.0473  0.0434  0.0382  0.0323  0.0383  0.0358
  0.0400  0.0381  0.0369  0.0345  0.0348  0.0333
  0.0366  0.0366  0.0370  0.0369  0.0326  0.0325
  0.0389  0.0381  0.0382  0.0402  0.0332  0.0340
  0.0467  0.0403  0.0416  0.0450  0.0365  0.0373
  0.0567  0.0435  0.0470  0.0494  0.0415  0.0412
niter,ni,del,rscale     5    3   12.0000    1.2000
parameters
   -0.3830    9.7718    4.3220  -13.1994   -0.4991   -0.7054
eta,q 0.96971 11.81262
  0.0545  0.0469  0.0379  0.0408  0.0410  0.0398
  0.0438  0.0403  0.0339  0.0357  0.0362  0.0353
  0.0358  0.0354  0.0317  0.0307  0.0321  0.0318
  0.0325  0.0325  0.0317  0.0313  0.0303  0.0303
  0.0355  0.0316  0.0345  0.0361  0.0315  0.0313
  0.0440  0.0339  0.0386  0.0403  0.0355  0.0343
  0.0546  0.0401  0.0438  0.0453  0.0412  0.0385
niter,ni,del,rscale     4    3   12.0000    1.2000
parameters
   -0.4512    9.8946    4.1051  -13.6611   -0.5041   -0.5763
eta,q 0.96990 11.81315
  0.0535  0.0440  0.0393  0.0411  0.0409  0.0397
  0.0420  0.0374  0.0345  0.0380  0.0359  0.0350
  0.0336  0.0327  0.0315  0.0320  0.0318  0.0315
  0.0303  0.0303  0.0302  0.0303  0.0301  0.0301
  0.0338  0.0310  0.0318  0.0342  0.0315  0.0313
  0.0432  0.0359  0.0356  0.0387  0.0355  0.0345
  0.0542  0.0438  0.0406  0.0434  0.0413  0.0388
niter,ni,del,rscale     3    3   12.0000    1.2000
parameters
   -0.4703    9.9731    4.0279  -13.8538   -0.5234   -0.5227
eta,q 0.96995 11.81319
  0.0538  0.0440  0.0396  0.0412  0.0408  0.0395
  0.0423  0.0371  0.0346  0.0387  0.0359  0.0348
  0.0336  0.0324  0.0314  0.0327  0.0317  0.0313
  0.0301  0.0301  0.0301  0.0301  0.0301  0.0301
  0.0335  0.0311  0.0314  0.0334  0.0315  0.0314
  0.0429  0.0364  0.0350  0.0381  0.0355  0.0347
  0.0539  0.0438  0.0400  0.0429  0.0413  0.0390
niter,ni,del,rscale     2    3   12.0000    1.2000
parameters
   -0.4719   10.0110    3.9962  -13.9305   -0.5385   -0.4990
eta,q 0.96996 11.81306
  0.0539  0.0440  0.0397  0.0413  0.0408  0.0395
  0.0424  0.0370  0.0346  0.0390  0.0359  0.0347
  0.0337  0.0322  0.0314  0.0331  0.0317  0.0313
  0.0301  0.0301  0.0300  0.0300  0.0300  0.0300
  0.0334  0.0312  0.0312  0.0331  0.0315  0.0314
  0.0428  0.0367  0.0348  0.0378  0.0355  0.0348
  0.0538  0.0439  0.0398  0.0426  0.0412  0.0392
registration optimization eta report
parameter search radius
    6.0000    6.0000    6.0000    9.1253    6.0000    6.0000
100000*second partial in parameter space
       65.       38.       27.       13.       30.       25.
  0.0539  0.0440  0.0397  0.0413  0.0408  0.0395
  0.0424  0.0370  0.0346  0.0390  0.0359  0.0347
  0.0337  0.0322  0.0314  0.0331  0.0317  0.0313
  0.0301  0.0301  0.0300  0.0300  0.0300  0.0300
  0.0334  0.0312  0.0312  0.0331  0.0315  0.0314
  0.0428  0.0367  0.0348  0.0378  0.0355  0.0348
  0.0538  0.0439  0.0398  0.0426  0.0412  0.0392
   -0.4719   10.0110    3.9962  -13.9305   -0.5385   -0.4990
eta,q 0.96996 11.81306

---------------------------------------------------------------------
imgreg_4dfp /opt/freesurfer/average/711-2C_as_mni_average_305 /opt/freesurfer/average/711-2B_as_mni_average_305_mask talsrcimg_g11 none talsrcimg_to_711-2C_as_mni_average_305_t4 3335
---------------------------------------------------------------------

freesurfer imgreg_4dfp.c
/opt/freesurfer/average/711-2C_as_mni_average_305.4dfp.img
       256       256       256         1
  1.000000  1.000000  1.000000
orientation T byte_order littleendian
Reading image: /opt/freesurfer/average/711-2C_as_mni_average_305.4dfp.img
dimensions:      256       256       256
mmppix:       1.0000   -1.0000   -1.0000
center:     128.0000 -129.0000 -129.0000
/opt/freesurfer/average/711-2B_as_mni_average_305_mask.4dfp.img
       256       256       256         1
  1.000000  1.000000  1.000000
orientation T byte_order littleendian
Reading mask: /opt/freesurfer/average/711-2B_as_mni_average_305_mask.4dfp.img (2306576 pixels)
talsrcimg_g11.4dfp.img
       256       256       256         1
  1.000000  1.000000  1.000000
orientation T byte_order littleendian
Reading image: talsrcimg_g11.4dfp.img
dimensions:      256       256       256
mmppix:       1.0000   -1.0000   -1.0000
center:     128.0000 -129.0000 -129.0000
fimgreg.f
image alignment mode   3335 decimal      D07 hex
parameters
   -0.4719   10.0110    3.9962   -0.0082   -2.9428   -2.9454
    0.6190    1.1218   -0.8708   24.0656   -0.9398  -24.0734
eta,q 0.96819 11.90797
niter,ni,del,rscale     5    3    5.0000    1.2000
parameter 12  0.527014 ->  0.500000 qaram    1.1500
parameters
   -0.4902   10.1025    4.0941   -3.0452   -5.3852   -2.4516
    1.0151    1.8019   -0.4575   21.2744   -1.8867  -28.2134
eta,q 0.96989 11.70274
  0.0351  0.0341  0.0337  0.0323  0.0314  0.0342  0.0340  0.0366  0.0329  0.0314  0.0314  0.0304
  0.0333  0.0329  0.0327  0.0313  0.0311  0.0330  0.0324  0.0341  0.0318  0.0306  0.0308  0.0301
  0.0322  0.0321  0.0321  0.0311  0.0310  0.0319  0.0313  0.0320  0.0311  0.0305  0.0305  0.0301
  0.0318  0.0318  0.0318  0.0318  0.0311  0.0310  0.0310  0.0310  0.0309  0.0309  0.0305  0.0305
  0.0322  0.0321  0.0320  0.0331  0.0313  0.0310  0.0312  0.0312  0.0310  0.0317  0.0307  0.0311
  0.0333  0.0327  0.0325  0.0350  0.0321  0.0319  0.0321  0.0326  0.0316  0.0329  0.0313  0.0320
  0.0353  0.0337  0.0334  0.0375  0.0332  0.0339  0.0333  0.0350  0.0325  0.0347  0.0320  0.0331
niter,ni,del,rscale     5    3    5.0000    1.2000
parameters
   -0.4449   10.3018    3.8874   -2.9981   -6.1951   -2.1306
    0.7250    1.9964   -0.2653   22.2980   -2.1683  -28.8375
eta,q 0.97003 11.71150
  0.0339  0.0326  0.0313  0.0335  0.0313  0.0328  0.0326  0.0350  0.0321  0.0331  0.0311  0.0314
  0.0319  0.0313  0.0306  0.0318  0.0304  0.0315  0.0311  0.0326  0.0310  0.0315  0.0304  0.0306
  0.0306  0.0305  0.0302  0.0305  0.0301  0.0306  0.0302  0.0308  0.0302  0.0304  0.0301  0.0301
  0.0301  0.0301  0.0301  0.0301  0.0301  0.0300  0.0300  0.0300  0.0300  0.0300  0.0300  0.0300
  0.0305  0.0302  0.0304  0.0306  0.0304  0.0300  0.0305  0.0304  0.0302  0.0301  0.0302  0.0302
  0.0317  0.0308  0.0309  0.0317  0.0310  0.0308  0.0315  0.0321  0.0309  0.0307  0.0306  0.0309
  0.0337  0.0319  0.0318  0.0334  0.0318  0.0327  0.0329  0.0346  0.0319  0.0316  0.0312  0.0319
niter,ni,del,rscale     4    3    5.0000    1.2000
parameters
   -0.4311   10.3531    3.8937   -2.9499   -6.1452   -2.0624
    0.6844    2.0293   -0.2439   22.5043   -2.2050  -28.9590
eta,q 0.97002 11.72471
  0.0337  0.0321  0.0315  0.0334  0.0315  0.0328  0.0328  0.0349  0.0320  0.0325  0.0311  0.0316
  0.0317  0.0309  0.0306  0.0317  0.0304  0.0314  0.0312  0.0325  0.0308  0.0310  0.0305  0.0307
  0.0304  0.0302  0.0301  0.0304  0.0300  0.0305  0.0303  0.0307  0.0302  0.0302  0.0301  0.0301
  0.0300  0.0300  0.0300  0.0300  0.0300  0.0300  0.0300  0.0300  0.0300  0.0300  0.0300  0.0300
  0.0304  0.0302  0.0302  0.0304  0.0302  0.0300  0.0304  0.0305  0.0302  0.0303  0.0301  0.0302
  0.0317  0.0308  0.0307  0.0316  0.0306  0.0310  0.0314  0.0323  0.0309  0.0309  0.0305  0.0308
  0.0337  0.0319  0.0315  0.0333  0.0313  0.0331  0.0328  0.0349  0.0319  0.0321  0.0312  0.0317
niter,ni,del,rscale     3    3    5.0000    1.2000
parameters
   -0.4283   10.3693    3.8862   -2.9606   -6.1532   -2.0458
    0.6827    2.0376   -0.2428   22.5448   -2.2019  -28.9989
eta,q 0.97003 11.72615
  0.0337  0.0320  0.0315  0.0334  0.0315  0.0328  0.0328  0.0349  0.0320  0.0323  0.0312  0.0316
  0.0317  0.0309  0.0306  0.0317  0.0304  0.0315  0.0313  0.0325  0.0308  0.0310  0.0305  0.0307
  0.0304  0.0302  0.0301  0.0304  0.0300  0.0305  0.0303  0.0307  0.0302  0.0301  0.0301  0.0302
  0.0300  0.0300  0.0300  0.0300  0.0300  0.0300  0.0300  0.0300  0.0300  0.0300  0.0300  0.0300
  0.0304  0.0302  0.0302  0.0305  0.0302  0.0300  0.0304  0.0305  0.0302  0.0303  0.0301  0.0302
  0.0317  0.0309  0.0307  0.0316  0.0306  0.0310  0.0314  0.0323  0.0309  0.0310  0.0305  0.0307
  0.0337  0.0319  0.0315  0.0334  0.0313  0.0332  0.0327  0.0350  0.0319  0.0322  0.0311  0.0317
registration optimization eta report
parameter search radius
    2.4000    2.4000    2.4000    7.2000    7.2000    7.2000
    7.2000    7.2000    7.2000    7.2000    7.2000    8.2800
100000*second partial in parameter space
       65.       35.       27.        6.        3.        6.
        5.        9.        4.        4.        2.        2.
  0.0337  0.0320  0.0315  0.0334  0.0315  0.0328  0.0328  0.0349  0.0320  0.0323  0.0312  0.0316
  0.0317  0.0309  0.0306  0.0317  0.0304  0.0315  0.0313  0.0325  0.0308  0.0310  0.0305  0.0307
  0.0304  0.0302  0.0301  0.0304  0.0300  0.0305  0.0303  0.0307  0.0302  0.0301  0.0301  0.0302
  0.0300  0.0300  0.0300  0.0300  0.0300  0.0300  0.0300  0.0300  0.0300  0.0300  0.0300  0.0300
  0.0304  0.0302  0.0302  0.0305  0.0302  0.0300  0.0304  0.0305  0.0302  0.0303  0.0301  0.0302
  0.0317  0.0309  0.0307  0.0316  0.0306  0.0310  0.0314  0.0323  0.0309  0.0310  0.0305  0.0307
  0.0337  0.0319  0.0315  0.0334  0.0313  0.0332  0.0327  0.0350  0.0319  0.0322  0.0311  0.0317
   -0.4283   10.3693    3.8862   -2.9606   -6.1532   -2.0458
    0.6827    2.0376   -0.2428   22.5448   -2.2019  -28.9989
eta,q 0.97003 11.72615

---------------------------------------------------------------------
imgreg_4dfp /opt/freesurfer/average/711-2C_as_mni_average_305 /opt/freesurfer/average/711-2B_as_mni_average_305_mask talsrcimg_g11 none talsrcimg_to_711-2C_as_mni_average_305_t4 2311
---------------------------------------------------------------------

freesurfer imgreg_4dfp.c
/opt/freesurfer/average/711-2C_as_mni_average_305.4dfp.img
       256       256       256         1
  1.000000  1.000000  1.000000
orientation T byte_order littleendian
Reading image: /opt/freesurfer/average/711-2C_as_mni_average_305.4dfp.img
dimensions:      256       256       256
mmppix:       1.0000   -1.0000   -1.0000
center:     128.0000 -129.0000 -129.0000
/opt/freesurfer/average/711-2B_as_mni_average_305_mask.4dfp.img
       256       256       256         1
  1.000000  1.000000  1.000000
orientation T byte_order littleendian
Reading mask: /opt/freesurfer/average/711-2B_as_mni_average_305_mask.4dfp.img (2306576 pixels)
talsrcimg_g11.4dfp.img
       256       256       256         1
  1.000000  1.000000  1.000000
orientation T byte_order littleendian
Reading image: talsrcimg_g11.4dfp.img
dimensions:      256       256       256
mmppix:       1.0000   -1.0000   -1.0000
center:     128.0000 -129.0000 -129.0000
fimgreg.f
image alignment mode   2311 decimal      907 hex
parameters
   -0.4283   10.3693    3.8862   -2.9606   -6.1532   -2.0458
    0.6827    2.0376   -0.2428   22.5448   -2.2019  -28.9989
eta,q 0.97003 11.72615
niter,ni,del,rscale     5    3    5.0000    0.8000
parameters
   -0.4247   10.3308    3.8565   -2.9530   -6.6390   -1.4540
    0.5366    2.0970   -0.3137   22.2986   -2.2971  -29.1701
eta,q 0.97012 11.73020
  0.0317  0.0308  0.0306  0.0317  0.0304  0.0314  0.0312  0.0324  0.0308  0.0309  0.0304  0.0304
  0.0308  0.0303  0.0303  0.0307  0.0301  0.0308  0.0304  0.0311  0.0303  0.0302  0.0301  0.0301
  0.0302  0.0300  0.0300  0.0302  0.0300  0.0303  0.0300  0.0302  0.0300  0.0299  0.0299  0.0299
  0.0300  0.0300  0.0300  0.0300  0.0300  0.0300  0.0299  0.0299  0.0299  0.0299  0.0299  0.0299
  0.0302  0.0301  0.0301  0.0302  0.0301  0.0299  0.0301  0.0302  0.0300  0.0301  0.0300  0.0300
  0.0307  0.0304  0.0303  0.0308  0.0303  0.0302  0.0306  0.0310  0.0303  0.0305  0.0302  0.0302
  0.0317  0.0309  0.0307  0.0316  0.0306  0.0310  0.0313  0.0323  0.0308  0.0310  0.0305  0.0305
niter,ni,del,rscale     4    3    5.0000    0.7000
parameters
   -0.4184   10.3154    3.9558   -3.0011   -6.9335   -1.2540
    0.5148    2.1221   -0.3331   22.2396   -2.3794  -29.1460
eta,q 0.97015 11.72228
  0.0313  0.0306  0.0305  0.0312  0.0303  0.0309  0.0309  0.0318  0.0306  0.0307  0.0303  0.0303
  0.0305  0.0302  0.0302  0.0305  0.0300  0.0305  0.0303  0.0308  0.0302  0.0302  0.0300  0.0300
  0.0301  0.0299  0.0300  0.0300  0.0299  0.0301  0.0300  0.0301  0.0299  0.0299  0.0299  0.0299
  0.0299  0.0299  0.0299  0.0299  0.0299  0.0299  0.0299  0.0299  0.0299  0.0299  0.0299  0.0298
  0.0300  0.0300  0.0299  0.0301  0.0300  0.0299  0.0300  0.0301  0.0299  0.0300  0.0299  0.0299
  0.0305  0.0302  0.0301  0.0305  0.0301  0.0302  0.0304  0.0307  0.0302  0.0303  0.0301  0.0300
  0.0312  0.0306  0.0303  0.0312  0.0304  0.0309  0.0309  0.0318  0.0306  0.0307  0.0303  0.0303
niter,ni,del,rscale     3    3    5.0000    0.6000
parameters
   -0.4122   10.3179    3.9996   -3.0180   -7.0754   -1.1039
    0.4982    2.1436   -0.3450   22.1611   -2.4263  -29.1525
eta,q 0.97016 11.72071
  0.0309  0.0304  0.0303  0.0309  0.0302  0.0307  0.0306  0.0313  0.0304  0.0305  0.0302  0.0302
  0.0303  0.0301  0.0301  0.0303  0.0300  0.0303  0.0302  0.0305  0.0301  0.0301  0.0300  0.0300
  0.0300  0.0299  0.0299  0.0300  0.0299  0.0300  0.0299  0.0300  0.0299  0.0299  0.0299  0.0299
  0.0299  0.0299  0.0299  0.0299  0.0299  0.0299  0.0298  0.0298  0.0298  0.0298  0.0298  0.0298
  0.0300  0.0299  0.0299  0.0300  0.0299  0.0299  0.0299  0.0300  0.0299  0.0299  0.0299  0.0299
  0.0303  0.0301  0.0300  0.0303  0.0300  0.0301  0.0302  0.0305  0.0301  0.0302  0.0300  0.0300
  0.0308  0.0304  0.0302  0.0308  0.0302  0.0306  0.0306  0.0313  0.0304  0.0305  0.0302  0.0302
niter,ni,del,rscale     2    3    5.0000    0.5000
parameters
   -0.4085   10.3152    4.0334   -3.0530   -7.1738   -0.9648
    0.4840    2.1651   -0.3530   22.0997   -2.4566  -29.1601
eta,q 0.97017 11.72032
  0.0306  0.0302  0.0301  0.0306  0.0301  0.0304  0.0304  0.0309  0.0302  0.0303  0.0301  0.0301
  0.0302  0.0300  0.0300  0.0302  0.0299  0.0301  0.0301  0.0303  0.0300  0.0300  0.0299  0.0299
  0.0299  0.0299  0.0299  0.0299  0.0299  0.0299  0.0299  0.0300  0.0299  0.0299  0.0299  0.0299
  0.0298  0.0298  0.0298  0.0298  0.0298  0.0298  0.0298  0.0298  0.0298  0.0298  0.0298  0.0298
  0.0299  0.0299  0.0299  0.0299  0.0299  0.0299  0.0299  0.0299  0.0299  0.0299  0.0299  0.0299
  0.0302  0.0300  0.0300  0.0302  0.0300  0.0300  0.0301  0.0303  0.0300  0.0301  0.0299  0.0299
  0.0305  0.0302  0.0301  0.0306  0.0301  0.0304  0.0304  0.0309  0.0302  0.0303  0.0301  0.0301
niter,ni,del,rscale     1    3    5.0000    0.4000
parameters
   -0.4060   10.3096    4.0621   -3.0870   -7.2797   -0.8558
    0.4803    2.1819   -0.3887   22.0315   -2.4898  -29.1760
eta,q 0.97017 11.71804
  0.0303  0.0301  0.0300  0.0303  0.0300  0.0302  0.0302  0.0305  0.0301  0.0301  0.0300  0.0300
  0.0300  0.0299  0.0299  0.0300  0.0299  0.0300  0.0300  0.0301  0.0299  0.0299  0.0299  0.0299
  0.0299  0.0299  0.0299  0.0299  0.0298  0.0299  0.0299  0.0299  0.0298  0.0298  0.0298  0.0298
  0.0298  0.0298  0.0298  0.0298  0.0298  0.0298  0.0298  0.0298  0.0298  0.0298  0.0298  0.0298
  0.0299  0.0299  0.0298  0.0299  0.0299  0.0299  0.0299  0.0299  0.0299  0.0299  0.0298  0.0298
  0.0300  0.0299  0.0299  0.0301  0.0299  0.0300  0.0300  0.0301  0.0299  0.0300  0.0299  0.0299
  0.0303  0.0301  0.0300  0.0303  0.0300  0.0302  0.0302  0.0305  0.0301  0.0301  0.0300  0.0300
registration optimization eta report
parameter search radius
    0.8000    0.8000    0.8000    2.4000    2.4000    2.4000
    2.4000    2.4000    2.4000    2.4000    2.4000    2.4000
100000*second partial in parameter space
       71.       35.       28.        8.        3.        6.
        6.       12.        4.        5.        2.        2.
  0.0303  0.0301  0.0300  0.0303  0.0300  0.0302  0.0302  0.0305  0.0301  0.0301  0.0300  0.0300
  0.0300  0.0299  0.0299  0.0300  0.0299  0.0300  0.0300  0.0301  0.0299  0.0299  0.0299  0.0299
  0.0299  0.0299  0.0299  0.0299  0.0298  0.0299  0.0299  0.0299  0.0298  0.0298  0.0298  0.0298
  0.0298  0.0298  0.0298  0.0298  0.0298  0.0298  0.0298  0.0298  0.0298  0.0298  0.0298  0.0298
  0.0299  0.0299  0.0298  0.0299  0.0299  0.0299  0.0299  0.0299  0.0299  0.0299  0.0298  0.0298
  0.0300  0.0299  0.0299  0.0301  0.0299  0.0300  0.0300  0.0301  0.0299  0.0300  0.0299  0.0299
  0.0303  0.0301  0.0300  0.0303  0.0300  0.0302  0.0302  0.0305  0.0301  0.0301  0.0300  0.0300
   -0.4060   10.3096    4.0621   -3.0870   -7.2797   -0.8558
    0.4803    2.1819   -0.3887   22.0315   -2.4898  -29.1760
eta,q 0.97017 11.71804

---------------------------------------------------------------------
imgreg_4dfp /opt/freesurfer/average/711-2C_as_mni_average_305 /opt/freesurfer/average/711-2B_as_mni_average_305_mask talsrcimg_g11 none talsrcimg_to_711-2C_as_mni_average_305_t4 2311
---------------------------------------------------------------------

freesurfer imgreg_4dfp.c
/opt/freesurfer/average/711-2C_as_mni_average_305.4dfp.img
       256       256       256         1
  1.000000  1.000000  1.000000
orientation T byte_order littleendian
Reading image: /opt/freesurfer/average/711-2C_as_mni_average_305.4dfp.img
dimensions:      256       256       256
mmppix:       1.0000   -1.0000   -1.0000
center:     128.0000 -129.0000 -129.0000
/opt/freesurfer/average/711-2B_as_mni_average_305_mask.4dfp.img
       256       256       256         1
  1.000000  1.000000  1.000000
orientation T byte_order littleendian
Reading mask: /opt/freesurfer/average/711-2B_as_mni_average_305_mask.4dfp.img (2306576 pixels)
talsrcimg_g11.4dfp.img
       256       256       256         1
  1.000000  1.000000  1.000000
orientation T byte_order littleendian
Reading image: talsrcimg_g11.4dfp.img
dimensions:      256       256       256
mmppix:       1.0000   -1.0000   -1.0000
center:     128.0000 -129.0000 -129.0000
fimgreg.f
image alignment mode   2311 decimal      907 hex
parameters
   -0.4060   10.3096    4.0621   -3.0870   -7.2797   -0.8558
    0.4803    2.1819   -0.3887   22.0315   -2.4898  -29.1760
eta,q 0.97017 11.71804
niter,ni,del,rscale     5    3    5.0000    0.8000
parameters
   -0.4080   10.3377    4.0970   -3.0022   -6.9883   -1.2885
    0.5477    2.1391   -0.3362   22.2921   -2.4136  -28.9779
eta,q 0.97014 11.71628
  0.0316  0.0308  0.0306  0.0316  0.0307  0.0310  0.0313  0.0323  0.0308  0.0311  0.0304  0.0305
  0.0306  0.0302  0.0302  0.0307  0.0301  0.0304  0.0305  0.0310  0.0303  0.0304  0.0301  0.0301
  0.0300  0.0299  0.0299  0.0300  0.0299  0.0300  0.0300  0.0302  0.0299  0.0300  0.0299  0.0299
  0.0298  0.0298  0.0298  0.0298  0.0298  0.0298  0.0299  0.0299  0.0299  0.0299  0.0299  0.0299
  0.0300  0.0299  0.0299  0.0301  0.0299  0.0300  0.0300  0.0302  0.0300  0.0300  0.0299  0.0299
  0.0306  0.0302  0.0301  0.0306  0.0301  0.0306  0.0305  0.0310  0.0303  0.0303  0.0301  0.0301
  0.0316  0.0307  0.0305  0.0315  0.0304  0.0317  0.0312  0.0324  0.0308  0.0308  0.0304  0.0304
niter,ni,del,rscale     4    3    5.0000    0.7000
parameters
   -0.4108   10.3314    4.0313   -2.9904   -6.9222   -1.2328
    0.5253    2.1427   -0.3430   22.1999   -2.4113  -29.0324
eta,q 0.97015 11.72193
  0.0312  0.0306  0.0304  0.0312  0.0304  0.0309  0.0309  0.0318  0.0306  0.0307  0.0303  0.0303
  0.0305  0.0302  0.0301  0.0305  0.0300  0.0304  0.0303  0.0308  0.0302  0.0302  0.0300  0.0300
  0.0300  0.0299  0.0299  0.0300  0.0299  0.0301  0.0300  0.0301  0.0299  0.0299  0.0299  0.0299
  0.0299  0.0299  0.0299  0.0299  0.0299  0.0299  0.0299  0.0299  0.0299  0.0299  0.0299  0.0299
  0.0300  0.0299  0.0299  0.0300  0.0299  0.0299  0.0300  0.0301  0.0299  0.0300  0.0299  0.0299
  0.0305  0.0302  0.0301  0.0305  0.0301  0.0302  0.0304  0.0307  0.0302  0.0303  0.0301  0.0301
  0.0312  0.0306  0.0304  0.0312  0.0303  0.0310  0.0309  0.0318  0.0306  0.0307  0.0303  0.0303
niter,ni,del,rscale     3    3    5.0000    0.6000
parameters
   -0.4099   10.3174    4.0257   -3.0203   -7.0689   -1.1040
    0.5060    2.1519   -0.3494   22.1433   -2.4249  -29.1170
eta,q 0.97016 11.72012
  0.0309  0.0304  0.0302  0.0308  0.0302  0.0306  0.0306  0.0313  0.0304  0.0305  0.0302  0.0301
  0.0303  0.0301  0.0300  0.0303  0.0300  0.0303  0.0302  0.0305  0.0301  0.0301  0.0300  0.0300
  0.0300  0.0299  0.0299  0.0300  0.0299  0.0300  0.0299  0.0300  0.0299  0.0299  0.0299  0.0299
  0.0299  0.0299  0.0299  0.0299  0.0298  0.0299  0.0298  0.0298  0.0298  0.0298  0.0298  0.0298
  0.0300  0.0299  0.0299  0.0300  0.0299  0.0299  0.0299  0.0300  0.0299  0.0299  0.0299  0.0299
  0.0303  0.0301  0.0300  0.0303  0.0300  0.0301  0.0302  0.0305  0.0301  0.0302  0.0300  0.0300
  0.0309  0.0304  0.0303  0.0309  0.0302  0.0306  0.0306  0.0313  0.0304  0.0305  0.0302  0.0302
niter,ni,del,rscale     2    3    5.0000    0.5000
parameters
   -0.4087   10.3161    4.0415   -3.0593   -7.1789   -0.9655
    0.4861    2.1674   -0.3539   22.0870   -2.4670  -29.1400
eta,q 0.97017 11.71930
  0.0305  0.0302  0.0301  0.0305  0.0301  0.0304  0.0304  0.0309  0.0302  0.0303  0.0301  0.0301
  0.0302  0.0300  0.0300  0.0302  0.0299  0.0301  0.0301  0.0303  0.0300  0.0300  0.0299  0.0299
  0.0299  0.0299  0.0299  0.0299  0.0298  0.0299  0.0299  0.0300  0.0299  0.0299  0.0299  0.0299
  0.0298  0.0298  0.0298  0.0298  0.0298  0.0298  0.0298  0.0298  0.0298  0.0298  0.0298  0.0298
  0.0299  0.0299  0.0299  0.0299  0.0299  0.0299  0.0299  0.0299  0.0299  0.0299  0.0299  0.0299
  0.0302  0.0300  0.0300  0.0302  0.0300  0.0300  0.0301  0.0303  0.0300  0.0301  0.0299  0.0299
  0.0305  0.0302  0.0301  0.0306  0.0301  0.0304  0.0304  0.0309  0.0302  0.0303  0.0301  0.0301
niter,ni,del,rscale     1    3    5.0000    0.4000
parameters
   -0.4072   10.3091    4.0582   -3.0874   -7.2674   -0.8566
    0.4763    2.1815   -0.3777   22.0260   -2.5046  -29.1811
eta,q 0.97017 11.71857
  0.0303  0.0301  0.0300  0.0303  0.0300  0.0302  0.0302  0.0305  0.0301  0.0301  0.0300  0.0300
  0.0300  0.0299  0.0299  0.0300  0.0299  0.0300  0.0300  0.0301  0.0299  0.0299  0.0299  0.0299
  0.0299  0.0298  0.0299  0.0299  0.0298  0.0299  0.0299  0.0299  0.0299  0.0298  0.0298  0.0298
  0.0298  0.0298  0.0298  0.0298  0.0298  0.0298  0.0298  0.0298  0.0298  0.0298  0.0298  0.0298
  0.0299  0.0299  0.0299  0.0299  0.0299  0.0299  0.0299  0.0299  0.0299  0.0299  0.0298  0.0299
  0.0300  0.0299  0.0299  0.0301  0.0299  0.0300  0.0300  0.0301  0.0299  0.0300  0.0299  0.0299
  0.0303  0.0301  0.0300  0.0303  0.0300  0.0302  0.0302  0.0305  0.0301  0.0301  0.0300  0.0300
registration optimization eta report
parameter search radius
    0.8000    0.8000    0.8000    2.4000    2.4000    2.4000
    2.4000    2.4000    2.4000    2.4000    2.4000    2.4000
100000*second partial in parameter space
       71.       36.       28.        8.        3.        6.
        6.       12.        4.        5.        2.        2.
  0.0303  0.0301  0.0300  0.0303  0.0300  0.0302  0.0302  0.0305  0.0301  0.0301  0.0300  0.0300
  0.0300  0.0299  0.0299  0.0300  0.0299  0.0300  0.0300  0.0301  0.0299  0.0299  0.0299  0.0299
  0.0299  0.0298  0.0299  0.0299  0.0298  0.0299  0.0299  0.0299  0.0299  0.0298  0.0298  0.0298
  0.0298  0.0298  0.0298  0.0298  0.0298  0.0298  0.0298  0.0298  0.0298  0.0298  0.0298  0.0298
  0.0299  0.0299  0.0299  0.0299  0.0299  0.0299  0.0299  0.0299  0.0299  0.0299  0.0298  0.0299
  0.0300  0.0299  0.0299  0.0301  0.0299  0.0300  0.0300  0.0301  0.0299  0.0300  0.0299  0.0299
  0.0303  0.0301  0.0300  0.0303  0.0300  0.0302  0.0302  0.0305  0.0301  0.0301  0.0300  0.0300
   -0.4072   10.3091    4.0582   -3.0874   -7.2674   -0.8566
    0.4763    2.1815   -0.3777   22.0260   -2.5046  -29.1811
eta,q 0.97017 11.71857

---------------------------------------------------------------------
compute_vox2vox talsrcimg talsrcimg_to_711-2C_as_mni_average_305_t4 /opt/freesurfer/average/711-2C_as_mni_average_305
---------------------------------------------------------------------

freesurfer compute_vox2vox.c
Reading: talsrcimg.4dfp.ifh
Reading: talsrcimg_to_711-2C_as_mni_average_305_t4
Reading: /opt/freesurfer/average/711-2C_as_mni_average_305.4dfp.ifh
Writing: talsrcimg_to_711-2C_as_mni_average_305_t4_vox2vox.txt

start time Fri Mar 6 22:13:14 CET 2026
end		time Fri Mar 6 22:14:37 CET 2026

mpr2mni305 success

avi2talxfm orig_nu.mgz /opt/freesurfer/average/mni305.cor.mgz talsrcimg_to_711-2C_as_mni_average_305_t4_vox2vox.txt transforms/talairach.auto.xfm
avi2talxfm done
mv -f /out/sourcedata/freesurfer/sub-v1s13x0050009_ses-1/mri/talsrcimg_to_711-2C_as_mni_average_305_t4_vox2vox.txt /out/sourcedata/freesurfer/sub-v1s13x0050009_ses-1/mri/transforms/talsrcimg_to_711-2C_as_mni_average_305_t4_vox2vox.txt
lta_convert --src orig_nu.mgz --trg /opt/freesurfer/average/mni305.cor.mgz --inxfm transforms/talairach.auto.xfm --outlta transforms/talairach.auto.xfm.lta --subject fsaverage
7.3.2

--src: orig_nu.mgz src image (geometry).
--trg: /opt/freesurfer/average/mni305.cor.mgz trg image (geometry).
--inmni: transforms/talairach.auto.xfm input MNI/XFM transform.
--outlta: transforms/talairach.auto.xfm.lta output LTA.
--s: fsaverage subject name
 LTA read, type : 1
 1.03129  -0.02011  -0.01163   0.81699;
 0.02551   0.94224   0.29637  -7.57700;
-0.00186  -0.22388   1.00793  -8.33459;
 0.00000   0.00000   0.00000   1.00000;
setting subject to fsaverage
Writing  LTA to file transforms/talairach.auto.xfm.lta...
lta_convert successful.
 
 
Started at Fri Mar 6 22:13:13 CET 2026
Ended   at Fri Mar  6 22:14:38 CET 2026
talairach_avi done
