status file for recon-all
Tue Mar  3 03:50:27 CET 2026
#@# MotionCor Tue Mar  3 03:50:29 CET 2026
#@# Talairach Tue Mar  3 03:50:36 CET 2026
#@# Talairach Failure Detection Tue Mar  3 03:54:17 CET 2026
#@# Nu Intensity Correction Tue Mar  3 03:54:18 CET 2026
#@# Intensity Normalization Tue Mar  3 03:57:51 CET 2026
recon-all -s sub-v1s17x0050268_ses-1 finished without error at Tue Mar  3 03:59:15 CET 2026



#New# invocation of recon-all 



status file for recon-all
Tue Mar  3 04:09:45 CET 2026
#@# EM Registration Tue Mar  3 04:09:45 CET 2026
recon-all -s sub-v1s17x0050268_ses-1 finished without error at Tue Mar  3 04:11:52 CET 2026



#New# invocation of recon-all 



status file for recon-all
Tue Mar  3 04:11:55 CET 2026
#@# CA Normalize Tue Mar  3 04:11:55 CET 2026
#@# CA Reg Tue Mar  3 04:12:54 CET 2026
#@# SubCort Seg Tue Mar  3 05:00:08 CET 2026
#@# CC Seg Tue Mar  3 05:30:07 CET 2026
#@# Merge ASeg Tue Mar  3 05:30:48 CET 2026
#@# Intensity Normalization2 Tue Mar  3 05:30:48 CET 2026
#@# Mask BFS Tue Mar  3 05:32:59 CET 2026
#@# WM Segmentation Tue Mar  3 05:32:59 CET 2026
#@# Fill Tue Mar  3 05:35:08 CET 2026
recon-all -s sub-v1s17x0050268_ses-1 finished without error at Tue Mar  3 05:36:16 CET 2026



#New# invocation of recon-all 



status file for recon-all
Tue Mar  3 06:35:39 CET 2026
#@# white curv lh Tue Mar  3 06:35:39 CET 2026
#@# white area lh Tue Mar  3 06:35:39 CET 2026
#@# pial curv lh Tue Mar  3 06:35:39 CET 2026
#@# pial area lh Tue Mar  3 06:35:39 CET 2026
#@# thickness lh Tue Mar  3 06:35:39 CET 2026
#@# area and vertex vol lh Tue Mar  3 06:35:39 CET 2026
#@# white curv rh Tue Mar  3 06:35:39 CET 2026
#@# white area rh Tue Mar  3 06:35:39 CET 2026
#@# pial curv rh Tue Mar  3 06:35:39 CET 2026
#@# pial area rh Tue Mar  3 06:35:39 CET 2026
#@# thickness rh Tue Mar  3 06:35:39 CET 2026
#@# area and vertex vol rh Tue Mar  3 06:35:39 CET 2026
#@# Cortical ribbon mask Tue Mar  3 06:35:39 CET 2026
recon-all -s sub-v1s17x0050268_ses-1 finished without error at Tue Mar  3 06:43:37 CET 2026



#New# invocation of recon-all 



status file for recon-all
Tue Mar  3 06:54:13 CET 2026
#@# white curv lh Tue Mar  3 06:54:14 CET 2026
#@# white area lh Tue Mar  3 06:54:14 CET 2026
#@# pial curv lh Tue Mar  3 06:54:14 CET 2026
#@# pial area lh Tue Mar  3 06:54:14 CET 2026
#@# thickness lh Tue Mar  3 06:54:14 CET 2026
#@# area and vertex vol lh Tue Mar  3 06:54:14 CET 2026
#@# white curv rh Tue Mar  3 06:54:14 CET 2026
#@# white area rh Tue Mar  3 06:54:14 CET 2026
#@# pial curv rh Tue Mar  3 06:54:14 CET 2026
#@# pial area rh Tue Mar  3 06:54:14 CET 2026
#@# thickness rh Tue Mar  3 06:54:14 CET 2026
#@# area and vertex vol rh Tue Mar  3 06:54:14 CET 2026
#@# Curvature Stats lh Tue Mar  3 06:54:14 CET 2026
#@# Curvature Stats rh Tue Mar  3 06:54:17 CET 2026
#@# Relabel Hypointensities Tue Mar  3 06:54:21 CET 2026
#@# APas-to-ASeg Tue Mar  3 06:54:41 CET 2026
#@# AParc-to-ASeg aparc Tue Mar  3 06:54:51 CET 2026
#@# AParc-to-ASeg aparc.a2009s Tue Mar  3 06:55:36 CET 2026
#@# AParc-to-ASeg aparc.DKTatlas Tue Mar  3 06:56:20 CET 2026
#@# WMParc Tue Mar  3 06:57:04 CET 2026
#@# ASeg Stats Tue Mar  3 06:59:38 CET 2026
recon-all -s sub-v1s17x0050268_ses-1 finished without error at Tue Mar  3 07:00:07 CET 2026
