status file for recon-all
Fri Mar  6 12:38:07 CET 2026
#@# MotionCor Fri Mar  6 12:38:08 CET 2026
#@# Talairach Fri Mar  6 12:38:14 CET 2026
#@# Talairach Failure Detection Fri Mar  6 12:41:03 CET 2026
#@# Nu Intensity Correction Fri Mar  6 12:41:03 CET 2026
#@# Intensity Normalization Fri Mar  6 12:43:49 CET 2026
recon-all -s sub-v1s10x0051086_ses-1 finished without error at Fri Mar  6 12:44:43 CET 2026



#New# invocation of recon-all 



status file for recon-all
Fri Mar  6 12:50:42 CET 2026
#@# EM Registration Fri Mar  6 12:50:42 CET 2026
recon-all -s sub-v1s10x0051086_ses-1 finished without error at Fri Mar  6 12:52:05 CET 2026



#New# invocation of recon-all 



status file for recon-all
Fri Mar  6 12:52:06 CET 2026
#@# CA Normalize Fri Mar  6 12:52:06 CET 2026
#@# CA Reg Fri Mar  6 12:52:59 CET 2026
#@# SubCort Seg Fri Mar  6 13:24:37 CET 2026
#@# CC Seg Fri Mar  6 13:44:03 CET 2026
#@# Merge ASeg Fri Mar  6 13:44:29 CET 2026
#@# Intensity Normalization2 Fri Mar  6 13:44:29 CET 2026
#@# Mask BFS Fri Mar  6 13:45:51 CET 2026
#@# WM Segmentation Fri Mar  6 13:45:52 CET 2026
#@# Fill Fri Mar  6 13:47:23 CET 2026
recon-all -s sub-v1s10x0051086_ses-1 finished without error at Fri Mar  6 13:48:00 CET 2026



#New# invocation of recon-all 



status file for recon-all
Fri Mar  6 14:28:58 CET 2026
#@# white curv lh Fri Mar  6 14:28:58 CET 2026
#@# white area lh Fri Mar  6 14:28:58 CET 2026
#@# pial curv lh Fri Mar  6 14:28:58 CET 2026
#@# pial area lh Fri Mar  6 14:28:58 CET 2026
#@# thickness lh Fri Mar  6 14:28:58 CET 2026
#@# area and vertex vol lh Fri Mar  6 14:28:58 CET 2026
#@# white curv rh Fri Mar  6 14:28:58 CET 2026
#@# white area rh Fri Mar  6 14:28:58 CET 2026
#@# pial curv rh Fri Mar  6 14:28:58 CET 2026
#@# pial area rh Fri Mar  6 14:28:58 CET 2026
#@# thickness rh Fri Mar  6 14:28:58 CET 2026
#@# area and vertex vol rh Fri Mar  6 14:28:58 CET 2026
#@# Cortical ribbon mask Fri Mar  6 14:28:58 CET 2026
recon-all -s sub-v1s10x0051086_ses-1 finished without error at Fri Mar  6 14:32:09 CET 2026



#New# invocation of recon-all 



status file for recon-all
Fri Mar  6 14:37:11 CET 2026
#@# white curv lh Fri Mar  6 14:37:11 CET 2026
#@# white area lh Fri Mar  6 14:37:11 CET 2026
#@# pial curv lh Fri Mar  6 14:37:11 CET 2026
#@# pial area lh Fri Mar  6 14:37:11 CET 2026
#@# thickness lh Fri Mar  6 14:37:11 CET 2026
#@# area and vertex vol lh Fri Mar  6 14:37:11 CET 2026
#@# white curv rh Fri Mar  6 14:37:11 CET 2026
#@# white area rh Fri Mar  6 14:37:11 CET 2026
#@# pial curv rh Fri Mar  6 14:37:11 CET 2026
#@# pial area rh Fri Mar  6 14:37:11 CET 2026
#@# thickness rh Fri Mar  6 14:37:11 CET 2026
#@# area and vertex vol rh Fri Mar  6 14:37:11 CET 2026
#@# Curvature Stats lh Fri Mar  6 14:37:11 CET 2026
#@# Curvature Stats rh Fri Mar  6 14:37:13 CET 2026
#@# Relabel Hypointensities Fri Mar  6 14:37:14 CET 2026
#@# APas-to-ASeg Fri Mar  6 14:37:25 CET 2026
#@# AParc-to-ASeg aparc Fri Mar  6 14:37:31 CET 2026
#@# AParc-to-ASeg aparc.a2009s Fri Mar  6 14:37:57 CET 2026
#@# AParc-to-ASeg aparc.DKTatlas Fri Mar  6 14:38:23 CET 2026
#@# WMParc Fri Mar  6 14:38:50 CET 2026
#@# ASeg Stats Fri Mar  6 14:40:58 CET 2026
recon-all -s sub-v1s10x0051086_ses-1 finished without error at Fri Mar  6 14:41:17 CET 2026
