status file for recon-all
Thu Feb 26 11:37:46 CET 2026
#@# Tessellate rh Thu Feb 26 11:37:46 CET 2026
#@# Smooth1 rh Thu Feb 26 11:37:51 CET 2026
#@# Inflation1 rh Thu Feb 26 11:37:54 CET 2026
#@# QSphere rh Thu Feb 26 11:38:14 CET 2026
#@# Fix Topology rh Thu Feb 26 11:40:34 CET 2026
#@# Smooth2 rh Thu Feb 26 11:48:35 CET 2026
#@# Inflation2 rh Thu Feb 26 11:48:39 CET 2026
#@# Curv .H and .K rh Thu Feb 26 11:48:59 CET 2026
#@# Sphere rh Thu Feb 26 11:49:48 CET 2026
#@# Surf Reg rh Thu Feb 26 11:55:30 CET 2026
#@# Jacobian white rh Thu Feb 26 12:00:44 CET 2026
#@# AvgCurv rh Thu Feb 26 12:00:45 CET 2026
#@# Cortical Parc rh Thu Feb 26 12:00:47 CET 2026
#@# white curv rh Thu Feb 26 12:08:49 CET 2026
#@# white area rh Thu Feb 26 12:08:52 CET 2026
#@# pial curv rh Thu Feb 26 12:08:53 CET 2026
#@# pial area rh Thu Feb 26 12:08:55 CET 2026
#@# thickness rh Thu Feb 26 12:08:56 CET 2026
#@# area and vertex vol rh Thu Feb 26 12:09:35 CET 2026
#@# Curvature Stats rh Thu Feb 26 12:09:37 CET 2026
#@# Cortical Parc 2 rh Thu Feb 26 12:09:40 CET 2026
#@# Cortical Parc 3 rh Thu Feb 26 12:09:56 CET 2026
#@# WM/GM Contrast rh Thu Feb 26 12:10:09 CET 2026
recon-all -s sub-v1s10x0050985_ses-1 finished without error at Thu Feb 26 12:10:12 CET 2026



#New# invocation of recon-all 



status file for recon-all
Thu Feb 26 12:21:33 CET 2026
#@# white curv rh Thu Feb 26 12:21:33 CET 2026
#@# white area rh Thu Feb 26 12:21:33 CET 2026
#@# pial curv rh Thu Feb 26 12:21:33 CET 2026
#@# pial area rh Thu Feb 26 12:21:33 CET 2026
#@# thickness rh Thu Feb 26 12:21:33 CET 2026
#@# area and vertex vol rh Thu Feb 26 12:21:33 CET 2026
#@# Parcellation Stats rh Thu Feb 26 12:21:33 CET 2026
#@# Parcellation Stats 2 rh Thu Feb 26 12:22:03 CET 2026
#@# Parcellation Stats 3 rh Thu Feb 26 12:22:19 CET 2026
#@# BA_exvivo Labels rh Thu Feb 26 12:22:34 CET 2026
recon-all -s sub-v1s10x0050985_ses-1 finished without error at Thu Feb 26 12:26:29 CET 2026
