/out/sourcedata/freesurfer/sub-v1s10x0051131_ses-1/mri
/opt/freesurfer/bin/talairach_avi
--i orig_nu.mgz --xfm transforms/talairach.auto.xfm
talairach_avi 7.3.2
Linux dna024 5.14.0-427.37.1.el9_4.x86_64 #1 SMP PREEMPT_DYNAMIC Fri Sep 13 12:41:50 EDT 2024 x86_64 x86_64 x86_64 GNU/Linux
Fri Mar  6 16:00:36 CET 2026
mri_convert orig_nu.mgz talsrcimg.img 
reading from orig_nu.mgz...
TR=0.00, TE=0.00, TI=0.00, flip angle=0.00
i_ras = (-1, 0, 0)
j_ras = (0, 0, -1)
k_ras = (0, 1, 0)
writing to talsrcimg.img...
Analyze Output Matrix
-1.00000   0.00000   0.00000   127.49644;
 0.00000   0.00000   1.00000  -135.95181;
 0.00000  -1.00000   0.00000   130.00000;
 0.00000   0.00000   0.00000   1.00000;
--------------------
INFO: set hdr.hist.orient to -1
mpr2mni305 talsrcimg
Fri Mar  6 16:00:36 CET 2026
/opt/freesurfer/bin/mpr2mni305 talsrcimg
mpr2mni305 7.3.2
target=711-2C_as_mni_average_305

---------------------------------------------------------------------
analyzeto4dfp talsrcimg -O0 -y
---------------------------------------------------------------------

freesurfer ifh2hdr.c
Fri Mar  6 16:00:36 2026
Writing: talsrcimg.4dfp.hdr
freesurfer analyzeto4dfp.c
Reading: talsrcimg.hdr
header size 348 bytes
hdr.dime.datatype	offset=70	value=2
hdr.dime.bitpix		offset=72	value=8
hdr.hist.orient		offset=252	value=-1
dimensionality     4
dimensions       256       256       256         1
Reading: talsrcimg.img
Writing: talsrcimg.4dfp.img
Writing: talsrcimg.4dfp.ifh
ifh2hdr talsrcimg -r0to211
ori=2

---------------------------------------------------------------------
gauss_4dfp talsrcimg 1.1
---------------------------------------------------------------------

freesurfer gauss_4dfp.c
Reading: talsrcimg.4dfp.img
Writing: talsrcimg_g11.4dfp.img
image dimensions 256 256 256 padded to 288 288 288
processing volume 1freesurfer ifh2hdr.c
Fri Mar  6 16:00:38 2026
Writing: talsrcimg_g11.4dfp.hdr

Writing: talsrcimg_g11.4dfp.ifh
including: talsrcimg.4dfp.img.rec in talsrcimg_g11.4dfp.img.rec

---------------------------------------------------------------------
imgreg_4dfp /opt/freesurfer/average/711-2C_as_mni_average_305 none talsrcimg_g11 none talsrcimg_to_711-2C_as_mni_average_305_t4 4355
---------------------------------------------------------------------

freesurfer imgreg_4dfp.c
/opt/freesurfer/average/711-2C_as_mni_average_305.4dfp.img
       256       256       256         1
  1.000000  1.000000  1.000000
orientation T byte_order littleendian
Reading image: /opt/freesurfer/average/711-2C_as_mni_average_305.4dfp.img
dimensions:      256       256       256
mmppix:       1.0000   -1.0000   -1.0000
center:     128.0000 -129.0000 -129.0000
talsrcimg_g11.4dfp.img
       256       256       256         1
  1.000000  1.000000  1.000000
orientation T byte_order littleendian
Reading image: talsrcimg_g11.4dfp.img
dimensions:      256       256       256
mmppix:       1.0000   -1.0000   -1.0000
center:     128.0000 -129.0000 -129.0000
t4_read: open error in t4_sub.f l:  41 t4_file(1:l)talsrcimg_to_711-2C_as_mni_average_305_t4 
t4_read: transform initialized to I4
rotation matrix determinant  1.000000
image alignment mode   4355 decimal     1103 hex
   -7.5000  -45.0000  -45.0000 8695.0469   14.2231
    0.0000  -45.0000  -45.0000 9043.9062   14.2176
    7.5000  -45.0000  -45.0000 8632.9590   14.2071
   -7.5000  -37.5000  -45.0000 9149.3770   14.2179
    0.0000  -37.5000  -45.0000 9520.7051   14.2152
    7.5000  -37.5000  -45.0000 9068.4668   14.2101
   -7.5000  -30.0000  -45.0000 9868.2256   14.2142
    0.0000  -30.0000  -45.000010260.5215   14.2077
    7.5000  -30.0000  -45.0000 9787.3320   14.2013
   -7.5000  -22.5000  -45.000010550.1914   14.2050
    0.0000  -22.5000  -45.000010985.4785   14.1919
    7.5000  -22.5000  -45.000010467.1357   14.1775
   -7.5000  -15.0000  -45.000011148.3633   14.1955
    0.0000  -15.0000  -45.000011631.0264   14.1799
    7.5000  -15.0000  -45.000011105.5381   14.1596
   -7.5000   -7.5000  -45.000011680.2344   14.1935
    0.0000   -7.5000  -45.000012198.7129   14.1817
    7.5000   -7.5000  -45.000011639.5654   14.1640
   -7.5000    0.0000  -45.000012077.4736   14.2010
    0.0000    0.0000  -45.000012625.5723   14.1957
    7.5000    0.0000  -45.000012048.8350   14.1852
   -7.5000    7.5000  -45.000011592.2744   14.2121
    0.0000    7.5000  -45.000012112.3057   14.2094
    7.5000    7.5000  -45.000011551.3955   14.2044
   -7.5000   15.0000  -45.000010981.5635   14.2140
    0.0000   15.0000  -45.000011471.5869   14.2074
    7.5000   15.0000  -45.000010927.7607   14.2010
   -7.5000   22.5000  -45.000010254.7490   14.2030
    0.0000   22.5000  -45.000010698.5342   14.1900
    7.5000   22.5000  -45.000010181.0957   14.1756
   -7.5000   30.0000  -45.0000 9402.4189   14.0063
    0.0000   30.0000  -45.0000 9823.9600   13.9910
    7.5000   30.0000  -45.0000 9332.6328   13.9709
   -7.5000   37.5000  -45.0000 8875.3906   14.0081
    0.0000   37.5000  -45.0000 9271.2529   13.9964
    7.5000   37.5000  -45.0000 8805.2666   13.9789
   -7.5000   45.0000  -45.0000 8032.8281   13.6939
    0.0000   45.0000  -45.0000 8383.2266   13.6887
    7.5000   45.0000  -45.0000 7962.4502   13.6784
   -7.5000  -45.0000  -37.5000 9226.9287   14.1878
    0.0000  -45.0000  -37.5000 9596.5352   14.1816
    7.5000  -45.0000  -37.5000 9159.6055   14.1733
   -7.5000  -37.5000  -37.5000 9694.9287   14.1855
    0.0000  -37.5000  -37.500010077.3516   14.1808
    7.5000  -37.5000  -37.5000 9603.6035   14.1766
   -7.5000  -30.0000  -37.500010466.9717   14.1859
    0.0000  -30.0000  -37.500010867.2549   14.1785
    7.5000  -30.0000  -37.500010365.2666   14.1738
   -7.5000  -22.5000  -37.500011186.0674   14.1787
    0.0000  -22.5000  -37.500011625.3164   14.1673
    7.5000  -22.5000  -37.500011092.9600   14.1565
   -7.5000  -15.0000  -37.500011821.1748   14.1671
    0.0000  -15.0000  -37.500012303.4912   14.1550
    7.5000  -15.0000  -37.500011731.1416   14.1395
   -7.5000   -7.5000  -37.500012361.4385   14.1603
    0.0000   -7.5000  -37.500012861.8877   14.1507
    7.5000   -7.5000  -37.500012293.6367   14.1372
   -7.5000    0.0000  -37.500012751.4775   14.1658
    0.0000    0.0000  -37.500013309.5820   14.1597
    7.5000    0.0000  -37.500012706.0332   14.1515
   -7.5000    7.5000  -37.500012201.0459   14.1797
    0.0000    7.5000  -37.500012745.1289   14.1750
    7.5000    7.5000  -37.500012140.8027   14.1709
   -7.5000   15.0000  -37.500011537.1016   14.1857
    0.0000   15.0000  -37.500012063.6455   14.1783
    7.5000   15.0000  -37.500011496.2832   14.1736
   -7.5000   22.5000  -37.500010756.5723   14.1767
    0.0000   22.5000  -37.500011238.5166   14.1654
    7.5000   22.5000  -37.500010701.1768   14.1546
   -7.5000   30.0000  -37.5000 9853.8975   13.9783
    0.0000   30.0000  -37.500010300.7871   13.9664
    7.5000   30.0000  -37.5000 9809.0928   13.9511
   -7.5000   37.5000  -37.5000 9294.5928   13.9754
    0.0000   37.5000  -37.5000 9726.4082   13.9658
    7.5000   37.5000  -37.5000 9241.3623   13.9524
   -7.5000   45.0000  -37.5000 8417.2832   13.6597
    0.0000   45.0000  -37.5000 8810.5869   13.6538
    7.5000   45.0000  -37.5000 8363.1533   13.6457
   -7.5000  -45.0000  -30.0000 9931.3477   14.7816
    0.0000  -45.0000  -30.000010327.9336   14.7722
    7.5000  -45.0000  -30.0000 9859.5166   14.7658
   -7.5000  -37.5000  -30.000010415.0439   14.7717
    0.0000  -37.5000  -30.000010828.9951   14.7647
    7.5000  -37.5000  -30.000010327.4746   14.7626
   -7.5000  -30.0000  -30.000011248.8018   14.7727
    0.0000  -30.0000  -30.000011695.2598   14.7633
    7.5000  -30.0000  -30.000011170.5273   14.7599
   -7.5000  -22.5000  -30.000012012.1689   14.7741
    0.0000  -22.5000  -30.000012504.7910   14.7606
    7.5000  -22.5000  -30.000011960.3164   14.7502
   -7.5000  -15.0000  -30.000012667.1572   14.7699
    0.0000  -15.0000  -30.000013206.5811   14.7549
    7.5000  -15.0000  -30.000012603.7070   14.7394
   -7.5000   -7.5000  -30.000013244.3203   14.7613
    0.0000   -7.5000  -30.000013798.7236   14.7483
    7.5000   -7.5000  -30.000013189.4189   14.7353
   -7.5000    0.0000  -30.000013657.6406   14.7586
    0.0000    0.0000  -30.000014252.9570   14.7494
    7.5000    0.0000  -30.000013637.3164   14.7431
   -7.5000    7.5000  -30.000013040.1416   14.7656
    0.0000    7.5000  -30.000013618.1113   14.7587
    7.5000    7.5000  -30.000013015.1504   14.7566
   -7.5000   15.0000  -30.000012324.4336   14.7725
    0.0000   15.0000  -30.000012891.2393   14.7631
    7.5000   15.0000  -30.000012321.3750   14.7596
   -7.5000   22.5000  -30.000011465.7959   14.7706
    0.0000   22.5000  -30.000011988.7119   14.7570
    7.5000   22.5000  -30.000011440.6699   14.7467
   -7.5000   30.0000  -30.000010487.7725   14.5745
    0.0000   30.0000  -30.000010969.6582   14.5596
    7.5000   30.0000  -30.000010469.4473   14.5444
   -7.5000   37.5000  -30.0000 9893.0713   14.5699
    0.0000   37.5000  -30.000010364.9023   14.5570
    7.5000   37.5000  -30.0000 9863.0566   14.5441
   -7.5000   45.0000  -30.0000 8935.4961   14.2415
    0.0000   45.0000  -30.0000 9370.3838   14.2326
    7.5000   45.0000  -30.0000 8928.9893   14.2264
   -7.5000  -45.0000  -22.500010630.8594   15.2918
    0.0000  -45.0000  -22.500011058.7617   15.2798
    7.5000  -45.0000  -22.500010543.0762   15.2726
   -7.5000  -37.5000  -22.500011155.5615   15.2681
    0.0000  -37.5000  -22.500011611.3945   15.2611
    7.5000  -37.5000  -22.500011066.2959   15.2600
   -7.5000  -30.0000  -22.500012031.6406   15.2623
    0.0000  -30.0000  -22.500012525.9307   15.2525
    7.5000  -30.0000  -22.500011963.9189   15.2491
   -7.5000  -22.5000  -22.500012837.5566   15.2706
    0.0000  -22.5000  -22.500013366.7988   15.2536
    7.5000  -22.5000  -22.500012764.6211   15.2411
   -7.5000  -15.0000  -22.500013524.4434   15.2789
    0.0000  -15.0000  -22.500014095.4648   15.2578
    7.5000  -15.0000  -22.500013467.6396   15.2380
   -7.5000   -7.5000  -22.500014134.7969   15.2766
    0.0000   -7.5000  -22.500014745.8857   15.2577
    7.5000   -7.5000  -22.500014090.0488   15.2411
   -7.5000    0.0000  -22.500014580.9473   15.2681
    0.0000    0.0000  -22.500015225.9990   15.2562
    7.5000    0.0000  -22.500014586.2422   15.2490
   -7.5000    7.5000  -22.500013892.9707   15.2618
    0.0000    7.5000  -22.500014511.5186   15.2549
    7.5000    7.5000  -22.500013897.4102   15.2539
   -7.5000   15.0000  -22.500013106.0273   15.2620
    0.0000   15.0000  -22.500013703.1768   15.2523
    7.5000   15.0000  -22.500013155.5645   15.2489
   -7.5000   22.5000  -22.500012187.0479   15.2659
    0.0000   22.5000  -22.500012752.3643   15.2489
    7.5000   22.5000  -22.500012248.2246   15.2364
   -7.5000   30.0000  -22.500011153.3711   15.0791
    0.0000   30.0000  -22.500011676.6895   15.0582
    7.5000   30.0000  -22.500011209.5684   15.0387
   -7.5000   37.5000  -22.500010503.4795   15.0809
    0.0000   37.5000  -22.500011006.3799   15.0622
    7.5000   37.5000  -22.500010546.9199   15.0457
   -7.5000   45.0000  -22.5000 9483.4561   14.7441
    0.0000   45.0000  -22.5000 9951.3486   14.7327
    7.5000   45.0000  -22.5000 9503.8291   14.7258
   -7.5000  -45.0000  -15.000011328.8818   15.6534
    0.0000  -45.0000  -15.000011787.8623   15.6422
    7.5000  -45.0000  -15.000011223.3408   15.6322
   -7.5000  -37.5000  -15.000011884.4082   15.6240
    0.0000  -37.5000  -15.000012365.3965   15.6187
    7.5000  -37.5000  -15.000011790.7695   15.6165
   -7.5000  -30.0000  -15.000012837.2158   15.6124
    0.0000  -30.0000  -15.000013347.5127   15.6028
    7.5000  -30.0000  -15.000012741.3447   15.5978
   -7.5000  -22.5000  -15.000013665.7207   15.6201
    0.0000  -22.5000  -15.000014217.2754   15.6007
    7.5000  -22.5000  -15.000013564.9824   15.5845
   -7.5000  -15.0000  -15.000014376.0762   15.6333
    0.0000  -15.0000  -15.000014961.6172   15.6081
    7.5000  -15.0000  -15.000014287.5332   15.5831
   -7.5000   -7.5000  -15.000015038.2754   15.6369
    0.0000   -7.5000  -15.000015673.8066   15.6158
    7.5000   -7.5000  -15.000014970.0752   15.5941
   -7.5000    0.0000  -15.000015534.0000   15.6292
    0.0000    0.0000  -15.000016183.7695   15.6181
    7.5000    0.0000  -15.000015473.4688   15.6081
   -7.5000    7.5000  -15.000014778.3721   15.6175
    0.0000    7.5000  -15.000015429.4854   15.6123
    7.5000    7.5000  -15.000014766.1396   15.6102
   -7.5000   15.0000  -15.000013885.0684   15.6121
    0.0000   15.0000  -15.000014506.2266   15.6025
    7.5000   15.0000  -15.000013943.2549   15.5975
   -7.5000   22.5000  -15.000012928.0762   15.6146
    0.0000   22.5000  -15.000013492.1992   15.5951
    7.5000   22.5000  -15.000012973.5186   15.5790
   -7.5000   30.0000  -15.000011838.3125   15.4309
    0.0000   30.0000  -15.000012379.9248   15.4061
    7.5000   30.0000  -15.000011895.6104   15.3815
   -7.5000   37.5000  -15.000011133.1572   15.4388
    0.0000   37.5000  -15.000011680.2861   15.4178
    7.5000   37.5000  -15.000011206.0908   15.3965
   -7.5000   45.0000  -15.000010027.7959   15.1021
    0.0000   45.0000  -15.000010533.6309   15.0915
    7.5000   45.0000  -15.000010082.5010   15.0818
   -7.5000  -45.0000   -7.500012069.2373   15.8208
    0.0000  -45.0000   -7.500012568.3711   15.8129
    7.5000  -45.0000   -7.500011955.7100   15.8010
   -7.5000  -37.5000   -7.500012636.3691   15.8009
    0.0000  -37.5000   -7.500013170.8076   15.7978
    7.5000  -37.5000   -7.500012551.8379   15.7935
   -7.5000  -30.0000   -7.500013662.7227   15.7910
    0.0000  -30.0000   -7.500014247.2646   15.7827
    7.5000  -30.0000   -7.500013552.3945   15.7759
   -7.5000  -22.5000   -7.500014543.8701   15.7901
    0.0000  -22.5000   -7.500015140.5830   15.7717
    7.5000  -22.5000   -7.500014413.6582   15.7538
   -7.5000  -15.0000   -7.500015265.4727   15.7935
    0.0000  -15.0000   -7.500015888.3613   15.7702
    7.5000  -15.0000   -7.500015156.5859   15.7438
   -7.5000   -7.5000   -7.500015969.4209   15.7962
    0.0000   -7.5000   -7.500016649.0566   15.7782
    7.5000   -7.5000   -7.500015897.2383   15.7553
   -7.5000    0.0000   -7.500016495.2559   15.7963
    0.0000    0.0000   -7.500017224.1367   15.7886
    7.5000    0.0000   -7.500016435.2422   15.7767
   -7.5000    7.5000   -7.500015666.8672   15.7943
    0.0000    7.5000   -7.500016378.1846   15.7913
    7.5000    7.5000   -7.500015666.0537   15.7871
   -7.5000   15.0000   -7.500014685.9971   15.7907
    0.0000   15.0000   -7.500015377.8984   15.7824
    7.5000   15.0000   -7.500014755.0742   15.7756
   -7.5000   22.5000   -7.500013689.0098   15.7828
    0.0000   22.5000   -7.500014318.0752   15.7644
    7.5000   22.5000   -7.500013739.6475   15.7465
   -7.5000   30.0000   -7.500012575.9033   15.5887
    0.0000   30.0000   -7.500013167.0264   15.5657
    7.5000   30.0000   -7.500012612.1914   15.5397
   -7.5000   37.5000   -7.500011845.5186   15.5956
    0.0000   37.5000   -7.500012419.7480   15.5778
    7.5000   37.5000   -7.500011877.9902   15.5551
   -7.5000   45.0000   -7.500010667.2754   15.2667
    0.0000   45.0000   -7.500011181.7275   15.2593
    7.5000   45.0000   -7.500010666.6562   15.2476
   -7.5000  -45.0000    0.000012734.5479   15.8425
    0.0000  -45.0000    0.000013300.7705   15.8365
    7.5000  -45.0000    0.000012588.5234   15.8250
   -7.5000  -37.5000    0.000013319.4385   15.8364
    0.0000  -37.5000    0.000013922.1406   15.8334
    7.5000  -37.5000    0.000013190.7510   15.8281
   -7.5000  -30.0000    0.000014419.2676   15.8323
    0.0000  -30.0000    0.000015103.1211   15.8252
    7.5000  -30.0000    0.000014262.6865   15.8184
   -7.5000  -22.5000    0.000015388.5420   15.8224
    0.0000  -22.5000    0.000016147.1133   15.8081
    7.5000  -22.5000    0.000015262.6055   15.7924
   -7.5000  -15.0000    0.000016163.6514   15.8123
    0.0000  -15.0000    0.000016981.7480   15.7951
    7.5000  -15.0000    0.000016110.7607   15.7728
   -7.5000   -7.5000    0.000016841.8613   15.8101
    0.0000   -7.5000    0.000017736.6836   15.7971
    7.5000   -7.5000    0.000016850.2852   15.7776
   -7.5000    0.0000    0.000017400.9570   15.8180
    0.0000    0.0000    0.000018308.4414   15.8121
    7.5000    0.0000    0.000017391.0215   15.8007
   -7.5000    7.5000    0.000016521.3984   15.8299
    0.0000    7.5000    0.000017359.0840   15.8270
    7.5000    7.5000    0.000016534.8086   15.8217
   -7.5000   15.0000    0.000015528.1260   15.8320
    0.0000   15.0000    0.000016285.4844   15.8249
    7.5000   15.0000    0.000015518.1230   15.8181
   -7.5000   22.5000    0.000014480.1846   15.8151
    0.0000   22.5000    0.000015159.0186   15.8008
    7.5000   22.5000    0.000014438.9297   15.7851
   -7.5000   30.0000    0.000013308.3398   15.6077
    0.0000   30.0000    0.000013941.6572   15.5907
    7.5000   30.0000    0.000013267.8096   15.5687
   -7.5000   37.5000    0.000012549.1973   15.6097
    0.0000   37.5000    0.000013136.3906   15.5968
    7.5000   37.5000    0.000012500.2324   15.5775
   -7.5000   45.0000    0.000011274.8164   15.2889
    0.0000   45.0000    0.000011775.3418   15.2832
    7.5000   45.0000    0.000011191.6670   15.2719
   -7.5000  -45.0000    7.500012370.1143   15.8584
    0.0000  -45.0000    7.500012967.7979   15.8515
    7.5000  -45.0000    7.500012251.8115   15.8424
   -7.5000  -37.5000    7.500012926.2139   15.8561
    0.0000  -37.5000    7.500013593.1992   15.8509
    7.5000  -37.5000    7.500012818.8906   15.8464
   -7.5000  -30.0000    7.500014032.3164   15.8570
    0.0000  -30.0000    7.500014833.1562   15.8487
    7.5000  -30.0000    7.500013875.6240   15.8437
   -7.5000  -22.5000    7.500015084.7715   15.8489
    0.0000  -22.5000    7.500016047.3545   15.8363
    7.5000  -22.5000    7.500014928.6406   15.8244
   -7.5000  -15.0000    7.500015916.9502   15.8357
    0.0000  -15.0000    7.500016927.5391   15.8223
    7.5000  -15.0000    7.500015808.7070   15.8051
   -7.5000   -7.5000    7.500016591.5352   15.8279
    0.0000   -7.5000    7.500017520.9844   15.8171
    7.5000   -7.5000    7.500016470.2754   15.8022
   -7.5000    0.0000    7.500017100.1387   15.8339
    0.0000    0.0000    7.500017969.5801   15.8271
    7.5000    0.0000    7.500016938.5684   15.8181
   -7.5000    7.5000    7.500016249.8340   15.8496
    0.0000    7.5000    7.500017009.0957   15.8444
    7.5000    7.5000    7.500016075.7568   15.8400
   -7.5000   15.0000    7.500015262.1045   15.8567
    0.0000   15.0000    7.500015951.0840   15.8485
    7.5000   15.0000    7.500015079.6006   15.8434
   -7.5000   22.5000    7.500014157.5576   15.8416
    0.0000   22.5000    7.500014795.1133   15.8290
    7.5000   22.5000    7.500013998.7373   15.8171
   -7.5000   30.0000    7.500012940.0615   15.6308
    0.0000   30.0000    7.500013555.3105   15.6175
    7.5000   30.0000    7.500012811.3740   15.6006
   -7.5000   37.5000    7.500012171.6592   15.6272
    0.0000   37.5000    7.500012760.7529   15.6165
    7.5000   37.5000    7.500012087.4229   15.6018
   -7.5000   45.0000    7.500010933.6719   15.3041
    0.0000   45.0000    7.500011432.2588   15.2975
    7.5000   45.0000    7.500010829.5693   15.2886
   -7.5000  -45.0000   15.000011876.8154   15.8931
    0.0000  -45.0000   15.000012512.3213   15.8832
    7.5000  -45.0000   15.000011749.8281   15.8763
   -7.5000  -37.5000   15.000012420.5088   15.8823
    0.0000  -37.5000   15.000013107.3965   15.8749
    7.5000  -37.5000   15.000012275.2686   15.8728
   -7.5000  -30.0000   15.000013475.5498   15.8835
    0.0000  -30.0000   15.000014249.6445   15.8734
    7.5000  -30.0000   15.000013255.1992   15.8699
   -7.5000  -22.5000   15.000014534.1064   15.8851
    0.0000  -22.5000   15.000015386.4463   15.8705
    7.5000  -22.5000   15.000014227.2451   15.8594
   -7.5000  -15.0000   15.000015394.6797   15.8807
    0.0000  -15.0000   15.000016211.9707   15.8645
    7.5000  -15.0000   15.000015010.9854   15.8479
   -7.5000   -7.5000   15.000016093.0254   15.8715
    0.0000   -7.5000   15.000016876.9375   15.8575
    7.5000   -7.5000   15.000015683.5996   15.8435
   -7.5000    0.0000   15.000016550.4961   15.8684
    0.0000    0.0000   15.000017380.3105   15.8586
    7.5000    0.0000   15.000016215.4238   15.8519
   -7.5000    7.5000   15.000015697.3857   15.8757
    0.0000    7.5000   15.000016463.6836   15.8685
    7.5000    7.5000   15.000015439.3115   15.8664
   -7.5000   15.0000   15.000014672.2920   15.8832
    0.0000   15.0000   15.000015375.6416   15.8731
    7.5000   15.0000   15.000014464.9170   15.8696
   -7.5000   22.5000   15.000013554.9434   15.8778
    0.0000   22.5000   15.000014212.8574   15.8632
    7.5000   22.5000   15.000013419.2363   15.8521
   -7.5000   30.0000   15.000012389.2217   15.6752
    0.0000   30.0000   15.000013025.4854   15.6592
    7.5000   30.0000   15.000012296.4111   15.6428
   -7.5000   37.5000   15.000011665.5410   15.6703
    0.0000   37.5000   15.000012277.5420   15.6564
    7.5000   37.5000   15.000011595.4824   15.6426
   -7.5000   45.0000   15.000010490.0820   15.3372
    0.0000   45.0000   15.000010994.0469   15.3278
    7.5000   45.0000   15.000010392.3154   15.3212
   -7.5000  -45.0000   22.500011249.7812   15.9406
    0.0000  -45.0000   22.500011789.6250   15.9279
    7.5000  -45.0000   22.500011095.0898   15.9204
   -7.5000  -37.5000   22.500011767.9160   15.9157
    0.0000  -37.5000   22.500012328.2607   15.9084
    7.5000  -37.5000   22.500011589.8242   15.9073
   -7.5000  -30.0000   22.500012724.4297   15.9095
    0.0000  -30.0000   22.500013362.5137   15.8993
    7.5000  -30.0000   22.500012519.2100   15.8958
   -7.5000  -22.5000   22.500013683.8369   15.9182
    0.0000  -22.5000   22.500014355.7246   15.9004
    7.5000  -22.5000   22.500013433.9395   15.8871
   -7.5000  -15.0000   22.500014471.2568   15.9270
    0.0000  -15.0000   22.500015115.0771   15.9047
    7.5000  -15.0000   22.500014161.4834   15.8839
   -7.5000   -7.5000   22.500015157.0361   15.9247
    0.0000   -7.5000   22.500015839.1338   15.9047
    7.5000   -7.5000   22.500014850.0967   15.8873
   -7.5000    0.0000   22.500015637.8477   15.9157
    0.0000    0.0000   22.500016416.4062   15.9033
    7.5000    0.0000   22.500015407.1758   15.8958
   -7.5000    7.5000   22.500014874.2139   15.9091
    0.0000    7.5000   22.500015648.1797   15.9019
    7.5000    7.5000   22.500014700.8213   15.9009
   -7.5000   15.0000   22.500013906.5283   15.9092
    0.0000   15.0000   22.500014597.5146   15.8990
    7.5000   15.0000   22.500013758.8740   15.8955
   -7.5000   22.5000   22.500012846.0527   15.9109
    0.0000   22.5000   22.500013478.4678   15.8930
    7.5000   22.5000   22.500012730.8105   15.8798
   -7.5000   30.0000   22.500011738.4062   15.7209
    0.0000   30.0000   22.500012342.5410   15.6989
    7.5000   30.0000   22.500011644.2480   15.6783
   -7.5000   37.5000   22.500011044.8203   15.7228
    0.0000   37.5000   22.500011621.6230   15.7032
    7.5000   37.5000   22.500010958.3066   15.6858
   -7.5000   45.0000   22.5000 9883.5117   15.3830
    0.0000   45.0000   22.500010395.5352   15.3711
    7.5000   45.0000   22.5000 9803.1074   15.3638
   -7.5000  -45.0000   30.000010420.9453   15.9946
    0.0000  -45.0000   30.000010880.4971   15.9833
    7.5000  -45.0000   30.000010304.7285   15.9733
   -7.5000  -37.5000   30.000010889.0566   15.9638
    0.0000  -37.5000   30.000011378.5605   15.9587
    7.5000  -37.5000   30.000010786.6582   15.9568
   -7.5000  -30.0000   30.000011781.3398   15.9514
    0.0000  -30.0000   30.000012348.1182   15.9419
    7.5000  -30.0000   30.000011697.7090   15.9372
   -7.5000  -22.5000   30.000012666.9736   15.9595
    0.0000  -22.5000   30.000013236.0703   15.9398
    7.5000  -22.5000   30.000012528.0254   15.9235
   -7.5000  -15.0000   30.000013379.3389   15.9734
    0.0000  -15.0000   30.000013942.0566   15.9478
    7.5000  -15.0000   30.000013186.7051   15.9224
   -7.5000   -7.5000   30.000014008.5283   15.9776
    0.0000   -7.5000   30.000014630.4980   15.9560
    7.5000   -7.5000   30.000013847.9102   15.9340
   -7.5000    0.0000   30.000014506.1592   15.9697
    0.0000    0.0000   30.000015186.2080   15.9584
    7.5000    0.0000   30.000014354.6484   15.9485
   -7.5000    7.5000   30.000013856.9443   15.9572
    0.0000    7.5000   30.000014514.2100   15.9521
    7.5000    7.5000   30.000013710.6768   15.9503
   -7.5000   15.0000   30.000012971.5098   15.9511
    0.0000   15.0000   30.000013572.3301   15.9416
    7.5000   15.0000   30.000012843.1162   15.9369
   -7.5000   22.5000   30.000011973.8945   15.9521
    0.0000   22.5000   30.000012531.6582   15.9324
    7.5000   22.5000   30.000011867.9023   15.9162
   -7.5000   30.0000   30.000010937.0205   15.7667
    0.0000   30.0000   30.000011469.5059   15.7414
    7.5000   30.0000   30.000010866.6973   15.7163
   -7.5000   37.5000   30.000010269.0381   15.7750
    0.0000   37.5000   30.000010772.1719   15.7537
    7.5000   37.5000   30.000010211.4004   15.7319
   -7.5000   45.0000   30.0000 9151.5186   15.4349
    0.0000   45.0000   30.0000 9584.2188   15.4242
    7.5000   45.0000   30.0000 9097.8809   15.4146
   -7.5000  -45.0000   37.5000 9979.5869   16.2430
    0.0000  -45.0000   37.500010382.2129   16.2351
    7.5000  -45.0000   37.5000 9901.3525   16.2231
   -7.5000  -37.5000   37.500010449.3047   16.2212
    0.0000  -37.5000   37.500010893.0820   16.2185
    7.5000  -37.5000   37.500010401.6289   16.2148
   -7.5000  -30.0000   37.500011326.6279   16.2100
    0.0000  -30.0000   37.500011836.4873   16.2018
    7.5000  -30.0000   37.500011295.9756   16.1955
   -7.5000  -22.5000   37.500012159.9180   16.2091
    0.0000  -22.5000   37.500012673.6504   16.1902
    7.5000  -22.5000   37.500012084.1475   16.1720
   -7.5000  -15.0000   37.500012837.3887   16.2134
    0.0000  -15.0000   37.500013349.0625   16.1892
    7.5000  -15.0000   37.500012721.2168   16.1618
   -7.5000   -7.5000   37.500013427.3311   16.2171
    0.0000   -7.5000   37.500014003.3848   16.1983
    7.5000   -7.5000   37.500013352.2764   16.1746
   -7.5000    0.0000   37.500013937.8682   16.2173
    0.0000    0.0000   37.500014544.2656   16.2095
    7.5000    0.0000   37.500013838.7266   16.1975
   -7.5000    7.5000   37.500013341.2295   16.2143
    0.0000    7.5000   37.500013922.6016   16.2117
    7.5000    7.5000   37.500013209.7119   16.2081
   -7.5000   15.0000   37.500012499.8496   16.2096
    0.0000   15.0000   37.500013026.1133   16.2015
    7.5000   15.0000   37.500012375.8887   16.1952
   -7.5000   22.5000   37.500011541.4756   16.2016
    0.0000   22.5000   37.500012054.4268   16.1827
    7.5000   22.5000   37.500011456.0889   16.1645
   -7.5000   30.0000   37.500010525.1230   16.0036
    0.0000   30.0000   37.500011006.7490   15.9797
    7.5000   30.0000   37.500010480.3975   15.9527
   -7.5000   37.5000   37.5000 9876.5469   16.0105
    0.0000   37.5000   37.500010330.6445   15.9919
    7.5000   37.5000   37.5000 9840.1543   15.9685
   -7.5000   45.0000   37.5000 8789.4990   15.6729
    0.0000   45.0000   37.5000 9175.7373   15.6655
    7.5000   45.0000   37.5000 8746.7725   15.6538
   -7.5000  -45.0000   45.0000 9104.5439   16.5123
    0.0000  -45.0000   45.0000 9470.1465   16.5076
    7.5000  -45.0000   45.0000 9087.6309   16.4965
   -7.5000  -37.5000   45.0000 9557.5986   16.5042
    0.0000  -37.5000   45.0000 9937.6641   16.5033
    7.5000  -37.5000   45.0000 9554.9307   16.4991
   -7.5000  -30.0000   45.000010373.5635   16.4985
    0.0000  -30.0000   45.000010809.4590   16.4933
    7.5000  -30.0000   45.000010382.4580   16.4875
   -7.5000  -22.5000   45.000011137.1982   16.4880
    0.0000  -22.5000   45.000011580.9619   16.4747
    7.5000  -22.5000   45.000011108.7295   16.4590
   -7.5000  -15.0000   45.000011744.0576   16.4784
    0.0000  -15.0000   45.000012211.9072   16.4615
    7.5000  -15.0000   45.000011696.3262   16.4382
   -7.5000   -7.5000   45.000012265.1699   16.4771
    0.0000   -7.5000   45.000012762.9912   16.4645
    7.5000   -7.5000   45.000012228.5410   16.4443
   -7.5000    0.0000   45.000012729.3545   16.4856
    0.0000    0.0000   45.000013245.5000   16.4809
    7.5000    0.0000   45.000012682.2061   16.4700
   -7.5000    7.5000   45.000012203.8018   16.4971
    0.0000    7.5000   45.000012704.6533   16.4962
    7.5000    7.5000   45.000012141.8340   16.4921
   -7.5000   15.0000   45.000011467.7461   16.4982
    0.0000   15.0000   45.000011931.9482   16.4930
    7.5000   15.0000   45.000011385.7969   16.4872
   -7.5000   22.5000   45.000010584.2500   16.4804
    0.0000   22.5000   45.000011057.7559   16.4671
    7.5000   22.5000   45.000010524.1367   16.4513
   -7.5000   30.0000   45.0000 9643.2061   16.2637
    0.0000   30.0000   45.000010086.4072   16.2470
    7.5000   30.0000   45.0000 9594.8066   16.2240
   -7.5000   37.5000   45.0000 9059.4951   16.2641
    0.0000   37.5000   45.0000 9470.8828   16.2517
    7.5000   37.5000   45.0000 9020.4453   16.2318
   -7.5000   45.0000   45.0000 8065.6440   15.9354
    0.0000   45.0000   45.0000 8420.0010   15.9310
    7.5000   45.0000   45.0000 8033.7402   15.9202

---------------------------------------------------------------------
imgreg_4dfp /opt/freesurfer/average/711-2C_as_mni_average_305 /opt/freesurfer/average/711-2B_as_mni_average_305_mask talsrcimg_g11 none talsrcimg_to_711-2C_as_mni_average_305_t4 4355
---------------------------------------------------------------------

freesurfer imgreg_4dfp.c
/opt/freesurfer/average/711-2C_as_mni_average_305.4dfp.img
       256       256       256         1
  1.000000  1.000000  1.000000
orientation T byte_order littleendian
Reading image: /opt/freesurfer/average/711-2C_as_mni_average_305.4dfp.img
dimensions:      256       256       256
mmppix:       1.0000   -1.0000   -1.0000
center:     128.0000 -129.0000 -129.0000
/opt/freesurfer/average/711-2B_as_mni_average_305_mask.4dfp.img
       256       256       256         1
  1.000000  1.000000  1.000000
orientation T byte_order littleendian
Reading mask: /opt/freesurfer/average/711-2B_as_mni_average_305_mask.4dfp.img (2306576 pixels)
talsrcimg_g11.4dfp.img
       256       256       256         1
  1.000000  1.000000  1.000000
orientation T byte_order littleendian
Reading image: talsrcimg_g11.4dfp.img
dimensions:      256       256       256
mmppix:       1.0000   -1.0000   -1.0000
center:     128.0000 -129.0000 -129.0000
rotation matrix determinant  1.000000
image alignment mode   4355 decimal     1103 hex
   -7.5000  -45.0000  -45.0000 2231.9070   14.9981
    0.0000  -45.0000  -45.0000 2229.2454   15.0282
    7.5000  -45.0000  -45.0000 2214.2598   15.1968
   -7.5000  -37.5000  -45.0000 2302.7983   14.0370
    0.0000  -37.5000  -45.0000 2301.2520   14.0677
    7.5000  -37.5000  -45.0000 2278.5825   14.2569
   -7.5000  -30.0000  -45.0000 2344.4426   13.3617
    0.0000  -30.0000  -45.0000 2341.2422   13.3953
    7.5000  -30.0000  -45.0000 2315.4395   13.5839
   -7.5000  -22.5000  -45.0000 2374.0605   12.9933
    0.0000  -22.5000  -45.0000 2369.4675   12.9954
    7.5000  -22.5000  -45.0000 2339.8862   13.2003
   -7.5000  -15.0000  -45.0000 2369.9990   12.8502
    0.0000  -15.0000  -45.0000 2370.9036   12.8354
    7.5000  -15.0000  -45.0000 2348.7473   13.0142
   -7.5000   -7.5000  -45.0000 2354.5330   12.9714
    0.0000   -7.5000  -45.0000 2360.3232   12.9535
    7.5000   -7.5000  -45.0000 2335.6372   13.1395
   -7.5000    0.0000  -45.0000 2312.3562   13.4181
    0.0000    0.0000  -45.0000 2322.2354   13.3872
    7.5000    0.0000  -45.0000 2293.8008   13.5561
   -7.5000    7.5000  -45.0000 2251.5767   14.1208
    0.0000    7.5000  -45.0000 2259.3735   14.0900
    7.5000    7.5000  -45.0000 2233.3467   14.2505
   -7.5000   15.0000  -45.0000 2171.3416   15.0905
    0.0000   15.0000  -45.0000 2176.3340   15.0501
    7.5000   15.0000  -45.0000 2156.0017   15.2250
   -7.5000   22.5000  -45.0000 2082.6089   16.5310
    0.0000   22.5000  -45.0000 2083.6919   16.4094
    7.5000   22.5000  -45.0000 2067.4368   16.6091
   -7.5000   30.0000  -45.0000 1969.2034   18.4198
    0.0000   30.0000  -45.0000 1980.8193   18.2800
    7.5000   30.0000  -45.0000 1961.7880   18.5344
   -7.5000   37.5000  -45.0000 1845.8739   21.1048
    0.0000   37.5000  -45.0000 1865.2908   20.9203
    7.5000   37.5000  -45.0000 1847.6790   21.2343
   -7.5000   45.0000  -45.0000 1721.9907   24.7046
    0.0000   45.0000  -45.0000 1734.8112   24.4528
    7.5000   45.0000  -45.0000 1728.1844   24.8116
   -7.5000  -45.0000  -37.5000 2316.1826   14.0271
    0.0000  -45.0000  -37.5000 2315.6243   14.0192
    7.5000  -45.0000  -37.5000 2294.6592   14.2078
   -7.5000  -37.5000  -37.5000 2394.4465   13.0819
    0.0000  -37.5000  -37.5000 2392.9097   13.0854
    7.5000  -37.5000  -37.5000 2366.0552   13.2678
   -7.5000  -30.0000  -37.5000 2443.1221   12.4769
    0.0000  -30.0000  -37.5000 2438.9443   12.4632
    7.5000  -30.0000  -37.5000 2407.7339   12.6528
   -7.5000  -22.5000  -37.5000 2473.6367   12.1208
    0.0000  -22.5000  -37.5000 2467.6780   12.0964
    7.5000  -22.5000  -37.5000 2439.6433   12.2725
   -7.5000  -15.0000  -37.5000 2473.3389   11.9845
    0.0000  -15.0000  -37.5000 2475.8523   11.9458
    7.5000  -15.0000  -37.5000 2446.1572   12.1195
   -7.5000   -7.5000  -37.5000 2457.0520   12.0681
    0.0000   -7.5000  -37.5000 2461.1213   12.0501
    7.5000   -7.5000  -37.5000 2433.9785   12.2118
   -7.5000    0.0000  -37.5000 2413.8035   12.4317
    0.0000    0.0000  -37.5000 2421.6343   12.4099
    7.5000    0.0000  -37.5000 2392.6177   12.5814
   -7.5000    7.5000  -37.5000 2347.9604   13.0711
    0.0000    7.5000  -37.5000 2355.6060   13.0521
    7.5000    7.5000  -37.5000 2326.1499   13.1880
   -7.5000   15.0000  -37.5000 2261.2559   13.9670
    0.0000   15.0000  -37.5000 2268.8474   13.9131
    7.5000   15.0000  -37.5000 2248.4568   14.0222
   -7.5000   22.5000  -37.5000 2165.8149   15.2299
    0.0000   22.5000  -37.5000 2168.4429   15.1514
    7.5000   22.5000  -37.5000 2152.8418   15.2361
   -7.5000   30.0000  -37.5000 2048.0747   16.9467
    0.0000   30.0000  -37.5000 2053.9407   16.8207
    7.5000   30.0000  -37.5000 2043.0013   16.9787
   -7.5000   37.5000  -37.5000 1923.6104   19.3480
    0.0000   37.5000  -37.5000 1938.0114   19.2114
    7.5000   37.5000  -37.5000 1917.9717   19.3701
   -7.5000   45.0000  -37.5000 1791.8005   22.5777
    0.0000   45.0000  -37.5000 1809.0403   22.4261
    7.5000   45.0000  -37.5000 1795.2251   22.6743
   -7.5000  -45.0000  -30.0000 2437.0212   13.6351
    0.0000  -45.0000  -30.0000 2434.1460   13.5770
    7.5000  -45.0000  -30.0000 2405.9724   13.7973
   -7.5000  -37.5000  -30.0000 2524.3215   12.6786
    0.0000  -37.5000  -30.0000 2519.7864   12.6196
    7.5000  -37.5000  -30.0000 2488.3840   12.8048
   -7.5000  -30.0000  -30.0000 2578.5166   12.0724
    0.0000  -30.0000  -30.0000 2577.0989   11.9953
    7.5000  -30.0000  -30.0000 2545.3572   12.1818
   -7.5000  -22.5000  -30.0000 2614.3000   11.7077
    0.0000  -22.5000  -30.0000 2616.4016   11.6548
    7.5000  -22.5000  -30.0000 2588.9741   11.8215
   -7.5000  -15.0000  -30.0000 2616.6145   11.5771
    0.0000  -15.0000  -30.0000 2619.9939   11.5270
    7.5000  -15.0000  -30.0000 2591.0869   11.6875
   -7.5000   -7.5000  -30.0000 2601.9822   11.6566
    0.0000   -7.5000  -30.0000 2606.6750   11.6112
    7.5000   -7.5000  -30.0000 2580.6816   11.7758
   -7.5000    0.0000  -30.0000 2555.1213   11.9912
    0.0000    0.0000  -30.0000 2565.3538   11.9396
    7.5000    0.0000  -30.0000 2537.2429   12.0768
   -7.5000    7.5000  -30.0000 2485.7373   12.5510
    0.0000    7.5000  -30.0000 2497.2715   12.5103
    7.5000    7.5000  -30.0000 2469.0647   12.6297
   -7.5000   15.0000  -30.0000 2390.6960   13.3834
    0.0000   15.0000  -30.0000 2404.9453   13.3117
    7.5000   15.0000  -30.0000 2387.4854   13.4028
   -7.5000   22.5000  -30.0000 2285.5505   14.5402
    0.0000   22.5000  -30.0000 2294.7434   14.4596
    7.5000   22.5000  -30.0000 2276.1580   14.5612
   -7.5000   30.0000  -30.0000 2157.7961   16.1593
    0.0000   30.0000  -30.0000 2170.7200   16.0443
    7.5000   30.0000  -30.0000 2158.4062   16.2115
   -7.5000   37.5000  -30.0000 2030.6864   18.3749
    0.0000   37.5000  -30.0000 2050.8013   18.2694
    7.5000   37.5000  -30.0000 2030.5782   18.4504
   -7.5000   45.0000  -30.0000 1889.3350   21.4077
    0.0000   45.0000  -30.0000 1908.3842   21.2517
    7.5000   45.0000  -30.0000 1892.6960   21.4565
   -7.5000  -45.0000  -22.5000 2518.5679   13.1500
    0.0000  -45.0000  -22.5000 2512.4019   13.0673
    7.5000  -45.0000  -22.5000 2481.9272   13.2722
   -7.5000  -37.5000  -22.5000 2615.0801   12.1693
    0.0000  -37.5000  -22.5000 2612.7937   12.0950
    7.5000  -37.5000  -22.5000 2578.9158   12.2678
   -7.5000  -30.0000  -22.5000 2679.4280   11.5616
    0.0000  -30.0000  -22.5000 2681.1775   11.4705
    7.5000  -30.0000  -22.5000 2651.1956   11.6272
   -7.5000  -22.5000  -22.5000 2722.6558   11.1920
    0.0000  -22.5000  -22.5000 2727.2471   11.1026
    7.5000  -22.5000  -22.5000 2697.7976   11.2396
   -7.5000  -15.0000  -22.5000 2730.1326   11.0687
    0.0000  -15.0000  -22.5000 2736.0073   10.9886
    7.5000  -15.0000  -22.5000 2710.6440   11.1088
   -7.5000   -7.5000  -22.5000 2714.8528   11.1745
    0.0000   -7.5000  -22.5000 2724.7454   11.0906
    7.5000   -7.5000  -22.5000 2694.9009   11.2341
   -7.5000    0.0000  -22.5000 2669.4446   11.4677
    0.0000    0.0000  -22.5000 2681.4080   11.3925
    7.5000    0.0000  -22.5000 2655.7346   11.5443
   -7.5000    7.5000  -22.5000 2597.1270   11.9628
    0.0000    7.5000  -22.5000 2610.6938   11.8902
    7.5000    7.5000  -22.5000 2586.0620   12.0292
   -7.5000   15.0000  -22.5000 2497.7427   12.7193
    0.0000   15.0000  -22.5000 2514.1987   12.6461
    7.5000   15.0000  -22.5000 2499.2629   12.7603
   -7.5000   22.5000  -22.5000 2381.1814   13.8119
    0.0000   22.5000  -22.5000 2398.2305   13.7162
    7.5000   22.5000  -22.5000 2383.3860   13.8434
   -7.5000   30.0000  -22.5000 2249.2092   15.3332
    0.0000   30.0000  -22.5000 2265.7141   15.2216
    7.5000   30.0000  -22.5000 2254.9534   15.3574
   -7.5000   37.5000  -22.5000 2109.9851   17.3952
    0.0000   37.5000  -22.5000 2131.4224   17.2663
    7.5000   37.5000  -22.5000 2121.0076   17.4787
   -7.5000   45.0000  -22.5000 1962.7645   20.2161
    0.0000   45.0000  -22.5000 1985.3427   20.0961
    7.5000   45.0000  -22.5000 1971.4709   20.2936
   -7.5000  -45.0000  -15.0000 2563.2278   12.6228
    0.0000  -45.0000  -15.0000 2558.6030   12.5826
    7.5000  -45.0000  -15.0000 2533.9768   12.7449
   -7.5000  -37.5000  -15.0000 2669.1890   11.6539
    0.0000  -37.5000  -15.0000 2670.6787   11.5973
    7.5000  -37.5000  -15.0000 2638.5156   11.7674
   -7.5000  -30.0000  -15.0000 2749.3684   11.0302
    0.0000  -30.0000  -15.0000 2751.8538   10.9318
    7.5000  -30.0000  -15.0000 2721.4709   11.1178
   -7.5000  -22.5000  -15.0000 2798.1245   10.6670
    0.0000  -22.5000  -15.0000 2805.1741   10.5634
    7.5000  -22.5000  -15.0000 2770.3328   10.7107
   -7.5000  -15.0000  -15.0000 2817.6006   10.5256
    0.0000  -15.0000  -15.0000 2821.6323   10.4349
    7.5000  -15.0000  -15.0000 2789.6221   10.5655
   -7.5000   -7.5000  -15.0000 2800.0789   10.6485
    0.0000   -7.5000  -15.0000 2812.9595   10.5545
    7.5000   -7.5000  -15.0000 2784.3643   10.6924
   -7.5000    0.0000  -15.0000 2754.0149   10.9491
    0.0000    0.0000  -15.0000 2768.7524   10.8591
    7.5000    0.0000  -15.0000 2741.6975   11.0024
   -7.5000    7.5000  -15.0000 2679.4072   11.4224
    0.0000    7.5000  -15.0000 2695.1208   11.3186
    7.5000    7.5000  -15.0000 2672.5552   11.4595
   -7.5000   15.0000  -15.0000 2573.7324   12.1232
    0.0000   15.0000  -15.0000 2590.1504   12.0237
    7.5000   15.0000  -15.0000 2575.0020   12.1585
   -7.5000   22.5000  -15.0000 2455.7893   13.1657
    0.0000   22.5000  -15.0000 2471.3201   13.0552
    7.5000   22.5000  -15.0000 2456.6406   13.1970
   -7.5000   30.0000  -15.0000 2316.1067   14.6126
    0.0000   30.0000  -15.0000 2336.4038   14.5094
    7.5000   30.0000  -15.0000 2321.7224   14.6098
   -7.5000   37.5000  -15.0000 2170.0188   16.5487
    0.0000   37.5000  -15.0000 2192.2612   16.4642
    7.5000   37.5000  -15.0000 2181.8523   16.6181
   -7.5000   45.0000  -15.0000 2011.3976   19.1905
    0.0000   45.0000  -15.0000 2037.5447   19.0971
    7.5000   45.0000  -15.0000 2025.0243   19.2666
   -7.5000  -45.0000   -7.5000 2586.9692   12.1747
    0.0000  -45.0000   -7.5000 2581.8523   12.1525
    7.5000  -45.0000   -7.5000 2560.4175   12.3269
   -7.5000  -37.5000   -7.5000 2700.4746   11.1967
    0.0000  -37.5000   -7.5000 2699.9109   11.1758
    7.5000  -37.5000   -7.5000 2672.5232   11.3548
   -7.5000  -30.0000   -7.5000 2793.2759   10.5612
    0.0000  -30.0000   -7.5000 2797.0847   10.5220
    7.5000  -30.0000   -7.5000 2763.8123   10.7065
   -7.5000  -22.5000   -7.5000 2853.4822   10.1956
    0.0000  -22.5000   -7.5000 2861.9443   10.1139
    7.5000  -22.5000   -7.5000 2823.4697   10.2947
   -7.5000  -15.0000   -7.5000 2880.6028   10.0179
    0.0000  -15.0000   -7.5000 2889.8994    9.9397
    7.5000  -15.0000   -7.5000 2851.6831   10.1177
   -7.5000   -7.5000   -7.5000 2867.3860   10.1393
    0.0000   -7.5000   -7.5000 2881.8081   10.0617
    7.5000   -7.5000   -7.5000 2854.5640   10.2077
   -7.5000    0.0000   -7.5000 2817.7720   10.4569
    0.0000    0.0000   -7.5000 2835.9126   10.3769
    7.5000    0.0000   -7.5000 2810.8999   10.5263
   -7.5000    7.5000   -7.5000 2738.2092   10.9093
    0.0000    7.5000   -7.5000 2756.1433   10.8422
    7.5000    7.5000   -7.5000 2736.2026   11.0006
   -7.5000   15.0000   -7.5000 2625.9160   11.5942
    0.0000   15.0000   -7.5000 2645.7117   11.5048
    7.5000   15.0000   -7.5000 2632.0703   11.6683
   -7.5000   22.5000   -7.5000 2506.0999   12.5677
    0.0000   22.5000   -7.5000 2521.3018   12.4961
    7.5000   22.5000   -7.5000 2508.6692   12.6710
   -7.5000   30.0000   -7.5000 2366.7388   13.9972
    0.0000   30.0000   -7.5000 2386.8521   13.9134
    7.5000   30.0000   -7.5000 2368.6899   14.0525
   -7.5000   37.5000   -7.5000 2219.4802   15.8768
    0.0000   37.5000   -7.5000 2238.7861   15.8033
    7.5000   37.5000   -7.5000 2221.3594   15.9504
   -7.5000   45.0000   -7.5000 2055.4666   18.3530
    0.0000   45.0000   -7.5000 2074.7170   18.2605
    7.5000   45.0000   -7.5000 2058.6389   18.3984
   -7.5000  -45.0000    0.0000 2589.5066   11.9092
    0.0000  -45.0000    0.0000 2590.0884   11.8888
    7.5000  -45.0000    0.0000 2563.7036   12.0829
   -7.5000  -37.5000    0.0000 2709.0491   10.9402
    0.0000  -37.5000    0.0000 2710.4258   10.9365
    7.5000  -37.5000    0.0000 2684.8472   11.1159
   -7.5000  -30.0000    0.0000 2814.4915   10.3151
    0.0000  -30.0000    0.0000 2818.5391   10.2985
    7.5000  -30.0000    0.0000 2787.2695   10.4608
   -7.5000  -22.5000    0.0000 2888.2444    9.9237
    0.0000  -22.5000    0.0000 2901.4219    9.8943
    7.5000  -22.5000    0.0000 2858.8721   10.0442
   -7.5000  -15.0000    0.0000 2926.5024    9.7131
    0.0000  -15.0000    0.0000 2942.6133    9.6791
    7.5000  -15.0000    0.0000 2899.0593    9.8696
   -7.5000   -7.5000    0.0000 2913.2104    9.7902
    0.0000   -7.5000    0.0000 2941.4194    9.7404
    7.5000   -7.5000    0.0000 2908.7500    9.9363
   -7.5000    0.0000    0.0000 2861.7708   10.1103
    0.0000    0.0000    0.0000 2888.8228   10.0756
    7.5000    0.0000    0.0000 2865.8110   10.2364
   -7.5000    7.5000    0.0000 2778.1895   10.5730
    0.0000    7.5000    0.0000 2803.5217   10.5402
    7.5000    7.5000    0.0000 2787.0867   10.7009
   -7.5000   15.0000    0.0000 2665.1589   11.2738
    0.0000   15.0000    0.0000 2687.8447   11.1995
    7.5000   15.0000    0.0000 2670.2578   11.3635
   -7.5000   22.5000    0.0000 2537.6313   12.2713
    0.0000   22.5000    0.0000 2557.6165   12.1798
    7.5000   22.5000    0.0000 2541.4187   12.3617
   -7.5000   30.0000    0.0000 2392.7048   13.6663
    0.0000   30.0000    0.0000 2416.2122   13.5556
    7.5000   30.0000    0.0000 2398.1099   13.7292
   -7.5000   37.5000    0.0000 2244.9810   15.4975
    0.0000   37.5000    0.0000 2265.0630   15.3895
    7.5000   37.5000    0.0000 2250.6089   15.5524
   -7.5000   45.0000    0.0000 2077.0076   17.8734
    0.0000   45.0000    0.0000 2093.7742   17.7234
    7.5000   45.0000    0.0000 2079.3818   17.8983
   -7.5000  -45.0000    7.5000 2570.0732   11.8751
    0.0000  -45.0000    7.5000 2573.8745   11.8881
    7.5000  -45.0000    7.5000 2551.7048   12.0707
   -7.5000  -37.5000    7.5000 2695.2573   10.9028
    0.0000  -37.5000    7.5000 2701.2283   10.9150
    7.5000  -37.5000    7.5000 2680.7205   11.0754
   -7.5000  -30.0000    7.5000 2805.3179   10.2606
    0.0000  -30.0000    7.5000 2814.7166   10.2657
    7.5000  -30.0000    7.5000 2791.0264   10.3978
   -7.5000  -22.5000    7.5000 2890.9233    9.8966
    0.0000  -22.5000    7.5000 2912.5918    9.9054
    7.5000  -22.5000    7.5000 2880.7329    9.9882
   -7.5000  -15.0000    7.5000 2940.3218    9.6848
    0.0000  -15.0000    7.5000 2974.1309    9.6879
    7.5000  -15.0000    7.5000 2934.9241    9.7870
   -7.5000   -7.5000    7.5000 2939.4316    9.7042
    0.0000   -7.5000    7.5000 2974.6516    9.6788
    7.5000   -7.5000    7.5000 2940.7195    9.8321
   -7.5000    0.0000    7.5000 2886.5703    9.9723
    0.0000    0.0000    7.5000 2919.0076    9.9126
    7.5000    0.0000    7.5000 2895.7573   10.0892
   -7.5000    7.5000    7.5000 2794.3960   10.4730
    0.0000    7.5000    7.5000 2820.5190   10.3894
    7.5000    7.5000    7.5000 2805.6787   10.5840
   -7.5000   15.0000    7.5000 2682.4722   11.1989
    0.0000   15.0000    7.5000 2701.6201   11.1025
    7.5000   15.0000    7.5000 2688.5681   11.2869
   -7.5000   22.5000    7.5000 2548.1035   12.1941
    0.0000   22.5000    7.5000 2568.1230   12.0614
    7.5000   22.5000    7.5000 2555.9136   12.2273
   -7.5000   30.0000    7.5000 2399.1357   13.5190
    0.0000   30.0000    7.5000 2423.0044   13.4013
    7.5000   30.0000    7.5000 2409.6855   13.5474
   -7.5000   37.5000    7.5000 2247.8315   15.2725
    0.0000   37.5000    7.5000 2269.9604   15.1859
    7.5000   37.5000    7.5000 2259.8704   15.3359
   -7.5000   45.0000    7.5000 2082.6567   17.6293
    0.0000   45.0000    7.5000 2101.7312   17.5074
    7.5000   45.0000    7.5000 2091.6445   17.6434
   -7.5000  -45.0000   15.0000 2531.4067   12.0634
    0.0000  -45.0000   15.0000 2536.1204   12.0902
    7.5000  -45.0000   15.0000 2526.8323   12.2252
   -7.5000  -37.5000   15.0000 2658.5962   11.0709
    0.0000  -37.5000   15.0000 2669.3618   11.0751
    7.5000  -37.5000   15.0000 2655.2053   11.1833
   -7.5000  -30.0000   15.0000 2776.4465   10.4070
    0.0000  -30.0000   15.0000 2783.5066   10.4148
    7.5000  -30.0000   15.0000 2772.1106   10.4822
   -7.5000  -22.5000   15.0000 2872.6196   10.0319
    0.0000  -22.5000   15.0000 2888.1404   10.0308
    7.5000  -22.5000   15.0000 2868.8362   10.0501
   -7.5000  -15.0000   15.0000 2923.1941    9.8308
    0.0000  -15.0000   15.0000 2956.7380    9.7931
    7.5000  -15.0000   15.0000 2926.4119    9.8372
   -7.5000   -7.5000   15.0000 2930.6870    9.8304
    0.0000   -7.5000   15.0000 2967.8689    9.7534
    7.5000   -7.5000   15.0000 2932.3687    9.8515
   -7.5000    0.0000   15.0000 2873.7905   10.0779
    0.0000    0.0000   15.0000 2913.1267   10.0040
    7.5000    0.0000   15.0000 2886.8767   10.1270
   -7.5000    7.5000   15.0000 2785.6467   10.5567
    0.0000    7.5000   15.0000 2813.7153   10.4865
    7.5000    7.5000   15.0000 2802.2463   10.6359
   -7.5000   15.0000   15.0000 2668.8030   11.2585
    0.0000   15.0000   15.0000 2688.0825   11.1913
    7.5000   15.0000   15.0000 2680.8467   11.3458
   -7.5000   22.5000   15.0000 2533.6187   12.2495
    0.0000   22.5000   15.0000 2557.4717   12.1282
    7.5000   22.5000   15.0000 2549.1987   12.2874
   -7.5000   30.0000   15.0000 2389.4048   13.5628
    0.0000   30.0000   15.0000 2416.7576   13.4288
    7.5000   30.0000   15.0000 2406.0762   13.5921
   -7.5000   37.5000   15.0000 2233.3401   15.2700
    0.0000   37.5000   15.0000 2257.3350   15.1671
    7.5000   37.5000   15.0000 2253.9211   15.3254
   -7.5000   45.0000   15.0000 2074.6899   17.5632
    0.0000   45.0000   15.0000 2090.4404   17.4632
    7.5000   45.0000   15.0000 2083.9475   17.5819
   -7.5000  -45.0000   22.5000 2484.6479   12.4791
    0.0000  -45.0000   22.5000 2488.9016   12.4677
    7.5000  -45.0000   22.5000 2490.0847   12.5649
   -7.5000  -37.5000   22.5000 2612.3806   11.4368
    0.0000  -37.5000   22.5000 2621.4766   11.4047
    7.5000  -37.5000   22.5000 2621.7373   11.4848
   -7.5000  -30.0000   22.5000 2729.3049   10.7130
    0.0000  -30.0000   22.5000 2736.0662   10.6792
    7.5000  -30.0000   22.5000 2736.8015   10.7365
   -7.5000  -22.5000   22.5000 2834.1877   10.3022
    0.0000  -22.5000   22.5000 2844.2781   10.2740
    7.5000  -22.5000   22.5000 2836.5142   10.3041
   -7.5000  -15.0000   22.5000 2888.9407   10.1030
    0.0000  -15.0000   22.5000 2913.3950   10.0228
    7.5000  -15.0000   22.5000 2892.7085   10.0784
   -7.5000   -7.5000   22.5000 2896.7395   10.1246
    0.0000   -7.5000   22.5000 2927.3513   10.0101
    7.5000   -7.5000   22.5000 2901.6604   10.1006
   -7.5000    0.0000   22.5000 2841.9678   10.3629
    0.0000    0.0000   22.5000 2875.4197   10.2864
    7.5000    0.0000   22.5000 2858.9121   10.4048
   -7.5000    7.5000   22.5000 2754.8376   10.8213
    0.0000    7.5000   22.5000 2785.1877   10.7592
    7.5000    7.5000   22.5000 2773.0610   10.9053
   -7.5000   15.0000   22.5000 2635.7188   11.5097
    0.0000   15.0000   22.5000 2653.5315   11.4616
    7.5000   15.0000   22.5000 2649.5288   11.6129
   -7.5000   22.5000   22.5000 2506.4614   12.4836
    0.0000   22.5000   22.5000 2524.7280   12.3990
    7.5000   22.5000   22.5000 2518.3381   12.5479
   -7.5000   30.0000   22.5000 2361.9177   13.7802
    0.0000   30.0000   22.5000 2382.2559   13.6965
    7.5000   30.0000   22.5000 2374.8110   13.8191
   -7.5000   37.5000   22.5000 2211.6484   15.4429
    0.0000   37.5000   22.5000 2228.9326   15.3582
    7.5000   37.5000   22.5000 2227.0015   15.4948
   -7.5000   45.0000   22.5000 2046.5236   17.6858
    0.0000   45.0000   22.5000 2062.4270   17.6129
    7.5000   45.0000   22.5000 2057.5911   17.7186
   -7.5000  -45.0000   30.0000 2439.8577   13.0625
    0.0000  -45.0000   30.0000 2446.5098   12.9784
    7.5000  -45.0000   30.0000 2450.1433   13.1072
   -7.5000  -37.5000   30.0000 2561.0830   11.9447
    0.0000  -37.5000   30.0000 2573.9800   11.8701
    7.5000  -37.5000   30.0000 2578.8635   11.9982
   -7.5000  -30.0000   30.0000 2678.4207   11.1899
    0.0000  -30.0000   30.0000 2688.3279   11.1192
    7.5000  -30.0000   30.0000 2692.8167   11.2255
   -7.5000  -22.5000   30.0000 2778.2915   10.7570
    0.0000  -22.5000   30.0000 2791.9927   10.6691
    7.5000  -22.5000   30.0000 2787.4084   10.7602
   -7.5000  -15.0000   30.0000 2827.2571   10.5287
    0.0000  -15.0000   30.0000 2853.9617   10.3915
    7.5000  -15.0000   30.0000 2837.5391   10.4898
   -7.5000   -7.5000   30.0000 2831.3152   10.5596
    0.0000   -7.5000   30.0000 2860.6968   10.4353
    7.5000   -7.5000   30.0000 2845.1643   10.5383
   -7.5000    0.0000   30.0000 2782.5991   10.7867
    0.0000    0.0000   30.0000 2812.0989   10.7118
    7.5000    0.0000   30.0000 2797.7561   10.8222
   -7.5000    7.5000   30.0000 2704.5835   11.2562
    0.0000    7.5000   30.0000 2730.8411   11.1756
    7.5000    7.5000   30.0000 2717.4736   11.3267
   -7.5000   15.0000   30.0000 2592.3196   11.9336
    0.0000   15.0000   30.0000 2610.8176   11.8324
    7.5000   15.0000   30.0000 2607.1565   11.9881
   -7.5000   22.5000   30.0000 2469.4988   12.8864
    0.0000   22.5000   30.0000 2480.9692   12.7834
    7.5000   22.5000   30.0000 2475.8103   12.9002
   -7.5000   30.0000   30.0000 2323.9475   14.1437
    0.0000   30.0000   30.0000 2344.3340   14.0424
    7.5000   30.0000   30.0000 2337.1616   14.1424
   -7.5000   37.5000   30.0000 2172.5068   15.7767
    0.0000   37.5000   30.0000 2186.7095   15.6979
    7.5000   37.5000   30.0000 2183.9038   15.7969
   -7.5000   45.0000   30.0000 2008.4674   17.9664
    0.0000   45.0000   30.0000 2020.2291   17.8358
    7.5000   45.0000   30.0000 2019.7950   17.9625
   -7.5000  -45.0000   37.5000 2394.6616   13.7665
    0.0000  -45.0000   37.5000 2401.4534   13.5929
    7.5000  -45.0000   37.5000 2402.9260   13.7915
   -7.5000  -37.5000   37.5000 2510.9814   12.6183
    0.0000  -37.5000   37.5000 2525.5342   12.4917
    7.5000  -37.5000   37.5000 2530.0393   12.6860
   -7.5000  -30.0000   37.5000 2624.3665   11.8702
    0.0000  -30.0000   37.5000 2636.7258   11.7470
    7.5000  -30.0000   37.5000 2640.6191   11.8928
   -7.5000  -22.5000   37.5000 2709.2583   11.3917
    0.0000  -22.5000   37.5000 2728.2944   11.2512
    7.5000  -22.5000   37.5000 2724.5618   11.3715
   -7.5000  -15.0000   37.5000 2752.6365   11.1223
    0.0000  -15.0000   37.5000 2777.0383   10.9458
    7.5000  -15.0000   37.5000 2768.7224   11.0745
   -7.5000   -7.5000   37.5000 2750.8022   11.1280
    0.0000   -7.5000   37.5000 2776.1768   11.0003
    7.5000   -7.5000   37.5000 2771.6040   11.1091
   -7.5000    0.0000   37.5000 2710.3403   11.3641
    0.0000    0.0000   37.5000 2731.2283   11.2830
    7.5000    0.0000   37.5000 2724.4690   11.4046
   -7.5000    7.5000   37.5000 2637.3230   11.8305
    0.0000    7.5000   37.5000 2657.7048   11.7443
    7.5000    7.5000   37.5000 2646.9678   11.8746
   -7.5000   15.0000   37.5000 2532.8354   12.5076
    0.0000   15.0000   37.5000 2546.7339   12.3794
    7.5000   15.0000   37.5000 2544.3909   12.5166
   -7.5000   22.5000   37.5000 2414.9004   13.4389
    0.0000   22.5000   37.5000 2430.5024   13.2904
    7.5000   22.5000   37.5000 2424.4338   13.4255
   -7.5000   30.0000   37.5000 2275.2019   14.6411
    0.0000   30.0000   37.5000 2293.1960   14.5232
    7.5000   30.0000   37.5000 2288.9963   14.6576
   -7.5000   37.5000   37.5000 2125.6924   16.2789
    0.0000   37.5000   37.5000 2140.8962   16.1865
    7.5000   37.5000   37.5000 2135.9434   16.3031
   -7.5000   45.0000   37.5000 1969.7148   18.4779
    0.0000   45.0000   37.5000 1978.4034   18.3474
    7.5000   45.0000   37.5000 1974.6372   18.4730
   -7.5000  -45.0000   45.0000 2336.7773   14.6593
    0.0000  -45.0000   45.0000 2349.4216   14.4279
    7.5000  -45.0000   45.0000 2350.8240   14.7026
   -7.5000  -37.5000   45.0000 2450.6709   13.4822
    0.0000  -37.5000   45.0000 2465.0945   13.2775
    7.5000  -37.5000   45.0000 2471.1328   13.5320
   -7.5000  -30.0000   45.0000 2552.4988   12.7031
    0.0000  -30.0000   45.0000 2570.3025   12.5160
    7.5000  -30.0000   45.0000 2572.7180   12.7217
   -7.5000  -22.5000   45.0000 2632.8455   12.1604
    0.0000  -22.5000   45.0000 2652.3965   11.9812
    7.5000  -22.5000   45.0000 2652.5576   12.1587
   -7.5000  -15.0000   45.0000 2668.9363   11.8718
    0.0000  -15.0000   45.0000 2692.2300   11.6823
    7.5000  -15.0000   45.0000 2687.7190   11.8381
   -7.5000   -7.5000   45.0000 2659.9976   11.8551
    0.0000   -7.5000   45.0000 2680.6548   11.7029
    7.5000   -7.5000   45.0000 2680.5786   11.8377
   -7.5000    0.0000   45.0000 2619.7085   12.0793
    0.0000    0.0000   45.0000 2636.5811   11.9577
    7.5000    0.0000   45.0000 2637.1523   12.1202
   -7.5000    7.5000   45.0000 2552.3704   12.5107
    0.0000    7.5000   45.0000 2570.4521   12.3981
    7.5000    7.5000   45.0000 2568.7817   12.5781
   -7.5000   15.0000   45.0000 2462.1938   13.1591
    0.0000   15.0000   45.0000 2473.7864   13.0291
    7.5000   15.0000   45.0000 2471.7034   13.1939
   -7.5000   22.5000   45.0000 2348.8716   14.0942
    0.0000   22.5000   45.0000 2369.0986   13.9599
    7.5000   22.5000   45.0000 2358.7520   14.0707
   -7.5000   30.0000   45.0000 2219.6196   15.3449
    0.0000   30.0000   45.0000 2237.8835   15.2228
    7.5000   30.0000   45.0000 2226.2820   15.3442
   -7.5000   37.5000   45.0000 2071.1448   17.0554
    0.0000   37.5000   45.0000 2083.3210   16.9392
    7.5000   37.5000   45.0000 2078.4905   17.0351
   -7.5000   45.0000   45.0000 1917.5559   19.2753
    0.0000   45.0000   45.0000 1925.6774   19.1871
    7.5000   45.0000   45.0000 1922.1493   19.3112

---------------------------------------------------------------------
imgreg_4dfp /opt/freesurfer/average/711-2C_as_mni_average_305 /opt/freesurfer/average/711-2B_as_mni_average_305_mask talsrcimg_g11 none talsrcimg_to_711-2C_as_mni_average_305_t4 1283
---------------------------------------------------------------------

freesurfer imgreg_4dfp.c
/opt/freesurfer/average/711-2C_as_mni_average_305.4dfp.img
       256       256       256         1
  1.000000  1.000000  1.000000
orientation T byte_order littleendian
Reading image: /opt/freesurfer/average/711-2C_as_mni_average_305.4dfp.img
dimensions:      256       256       256
mmppix:       1.0000   -1.0000   -1.0000
center:     128.0000 -129.0000 -129.0000
/opt/freesurfer/average/711-2B_as_mni_average_305_mask.4dfp.img
       256       256       256         1
  1.000000  1.000000  1.000000
orientation T byte_order littleendian
Reading mask: /opt/freesurfer/average/711-2B_as_mni_average_305_mask.4dfp.img (2306576 pixels)
talsrcimg_g11.4dfp.img
       256       256       256         1
  1.000000  1.000000  1.000000
orientation T byte_order littleendian
Reading image: talsrcimg_g11.4dfp.img
dimensions:      256       256       256
mmppix:       1.0000   -1.0000   -1.0000
center:     128.0000 -129.0000 -129.0000
rotation matrix determinant  1.000000
fimgreg.f
image alignment mode   1283 decimal      503 hex
parameters
    0.0000   -7.5000    7.5000    0.0000    0.0000    0.0000
eta,q 0.93230  9.69023
niter,ni,del,rscale     5    3   12.0000    1.2000
parameter  2  0.860048 ->  0.500000 qaram    1.1500
parameter  3 -0.648236 -> -0.500000 qaram    1.1500
parameter  4  1.345592 ->  0.500000 qaram    1.1500
parameter  5  1.935581 ->  0.500000 qaram    1.1500
parameter  6  0.834755 ->  0.500000 qaram    1.1500
parameters
   -0.3028  -10.9500   10.9500   -3.4500   -3.4500   -3.4500
eta,q 0.94702  9.57562
  0.0757  0.0651  0.0730  0.0574  0.0531  0.0531
  0.0723  0.0645  0.0707  0.0595  0.0541  0.0529
  0.0699  0.0659  0.0678  0.0612  0.0566  0.0533
  0.0685  0.0684  0.0649  0.0625  0.0600  0.0546
  0.0687  0.0710  0.0628  0.0647  0.0639  0.0571
  0.0725  0.0748  0.0625  0.0690  0.0679  0.0599
  0.0788  0.0800  0.0645  0.0734  0.0720  0.0622
niter,ni,del,rscale     7    3   12.0000    1.2000
parameter  4  1.493861 ->  0.500000 qaram    1.3225
parameters
    0.0148  -10.4986   11.3246   -7.4175   -6.2095   -5.6469
eta,q 0.95365  9.64119
  0.0682  0.0649  0.0627  0.0482  0.0495  0.0485
  0.0605  0.0577  0.0588  0.0475  0.0472  0.0467
  0.0555  0.0540  0.0550  0.0495  0.0465  0.0463
  0.0530  0.0529  0.0529  0.0529  0.0477  0.0465
  0.0542  0.0539  0.0540  0.0559  0.0509  0.0481
  0.0589  0.0565  0.0570  0.0583  0.0564  0.0517
  0.0652  0.0615  0.0613  0.0620  0.0629  0.0561
niter,ni,del,rscale     7    3   12.0000    1.2000
parameter  4  0.556824 ->  0.500000 qaram    1.5209
parameters
    0.5315   -9.7261   10.2719  -11.9801   -6.9866   -6.0179
eta,q 0.95697  9.72698
  0.0642  0.0619  0.0552  0.0459  0.0514  0.0492
  0.0554  0.0531  0.0492  0.0439  0.0471  0.0453
  0.0494  0.0480  0.0454  0.0430  0.0436  0.0434
  0.0463  0.0461  0.0463  0.0454  0.0435  0.0431
  0.0473  0.0475  0.0498  0.0501  0.0462  0.0443
  0.0523  0.0508  0.0553  0.0540  0.0502  0.0467
  0.0589  0.0551  0.0608  0.0572  0.0552  0.0502
niter,ni,del,rscale     7    3   12.0000    1.2000
parameters
    0.7510   -8.0601    8.8928  -13.9332   -7.0982   -5.4848
eta,q 0.96031  9.74397
  0.0622  0.0638  0.0502  0.0480  0.0505  0.0476
  0.0527  0.0547  0.0448  0.0424  0.0452  0.0432
  0.0458  0.0475  0.0413  0.0397  0.0410  0.0410
  0.0430  0.0430  0.0420  0.0410  0.0399  0.0398
  0.0453  0.0421  0.0463  0.0441  0.0420  0.0398
  0.0515  0.0452  0.0520  0.0504  0.0459  0.0418
  0.0593  0.0507  0.0591  0.0565  0.0508  0.0456
niter,ni,del,rscale     6    3   12.0000    1.2000
parameters
    0.8912   -7.4521    8.2501  -14.6792   -7.2930   -5.3484
eta,q 0.96140  9.74528
  0.0591  0.0573  0.0509  0.0504  0.0495  0.0462
  0.0491  0.0493  0.0454  0.0447  0.0443  0.0422
  0.0422  0.0437  0.0406  0.0396  0.0399  0.0400
  0.0397  0.0397  0.0394  0.0392  0.0387  0.0387
  0.0423  0.0405  0.0431  0.0422  0.0412  0.0390
  0.0486  0.0455  0.0488  0.0473  0.0453  0.0418
  0.0568  0.0527  0.0555  0.0544  0.0503  0.0459
niter,ni,del,rscale     5    3   12.0000    1.2000
parameters
    0.9769   -7.2652    8.0210  -15.0046   -7.4105   -5.3346
eta,q 0.96162  9.74710
  0.0580  0.0550  0.0522  0.0512  0.0495  0.0459
  0.0480  0.0478  0.0462  0.0459  0.0445  0.0420
  0.0411  0.0423  0.0410  0.0404  0.0400  0.0396
  0.0386  0.0386  0.0385  0.0385  0.0384  0.0384
  0.0414  0.0406  0.0415  0.0417  0.0409  0.0391
  0.0480  0.0463  0.0474  0.0463  0.0451  0.0420
  0.0563  0.0540  0.0541  0.0534  0.0500  0.0460
niter,ni,del,rscale     4    3   12.0000    1.2000
parameters
    1.0174   -7.1807    7.9377  -15.1471   -7.4608   -5.3325
eta,q 0.96167  9.74885
  0.0576  0.0545  0.0527  0.0516  0.0496  0.0459
  0.0477  0.0475  0.0465  0.0463  0.0447  0.0420
  0.0409  0.0420  0.0413  0.0409  0.0401  0.0396
  0.0384  0.0384  0.0384  0.0384  0.0383  0.0383
  0.0413  0.0408  0.0409  0.0414  0.0407  0.0391
  0.0480  0.0466  0.0469  0.0459  0.0449  0.0420
  0.0565  0.0544  0.0536  0.0530  0.0498  0.0460
niter,ni,del,rscale     3    3   12.0000    1.2000
parameters
    1.0354   -7.1402    7.9035  -15.2097   -7.4828   -5.3309
eta,q 0.96169  9.74971
  0.0575  0.0544  0.0529  0.0517  0.0497  0.0459
  0.0477  0.0474  0.0466  0.0466  0.0447  0.0420
  0.0408  0.0418  0.0414  0.0411  0.0402  0.0395
  0.0383  0.0383  0.0383  0.0383  0.0383  0.0383
  0.0413  0.0409  0.0407  0.0412  0.0406  0.0391
  0.0481  0.0467  0.0468  0.0457  0.0449  0.0420
  0.0566  0.0546  0.0535  0.0528  0.0497  0.0459
registration optimization eta report
parameter search radius
    6.0000    6.9000    6.9000    9.1253    6.9000    6.9000
100000*second partial in parameter space
       51.       32.       30.       16.       23.       16.
  0.0575  0.0544  0.0529  0.0517  0.0497  0.0459
  0.0477  0.0474  0.0466  0.0466  0.0447  0.0420
  0.0408  0.0418  0.0414  0.0411  0.0402  0.0395
  0.0383  0.0383  0.0383  0.0383  0.0383  0.0383
  0.0413  0.0409  0.0407  0.0412  0.0406  0.0391
  0.0481  0.0467  0.0468  0.0457  0.0449  0.0420
  0.0566  0.0546  0.0535  0.0528  0.0497  0.0459
    1.0354   -7.1402    7.9035  -15.2097   -7.4828   -5.3309
eta,q 0.96169  9.74971

---------------------------------------------------------------------
imgreg_4dfp /opt/freesurfer/average/711-2C_as_mni_average_305 /opt/freesurfer/average/711-2B_as_mni_average_305_mask talsrcimg_g11 none talsrcimg_to_711-2C_as_mni_average_305_t4 3335
---------------------------------------------------------------------

freesurfer imgreg_4dfp.c
/opt/freesurfer/average/711-2C_as_mni_average_305.4dfp.img
       256       256       256         1
  1.000000  1.000000  1.000000
orientation T byte_order littleendian
Reading image: /opt/freesurfer/average/711-2C_as_mni_average_305.4dfp.img
dimensions:      256       256       256
mmppix:       1.0000   -1.0000   -1.0000
center:     128.0000 -129.0000 -129.0000
/opt/freesurfer/average/711-2B_as_mni_average_305_mask.4dfp.img
       256       256       256         1
  1.000000  1.000000  1.000000
orientation T byte_order littleendian
Reading mask: /opt/freesurfer/average/711-2B_as_mni_average_305_mask.4dfp.img (2306576 pixels)
talsrcimg_g11.4dfp.img
       256       256       256         1
  1.000000  1.000000  1.000000
orientation T byte_order littleendian
Reading image: talsrcimg_g11.4dfp.img
dimensions:      256       256       256
mmppix:       1.0000   -1.0000   -1.0000
center:     128.0000 -129.0000 -129.0000
fimgreg.f
image alignment mode   3335 decimal      D07 hex
parameters
    1.0354   -7.1402    7.9035   -1.2804   -3.6027   -4.3246
    5.5635   14.9498   -9.2116   24.9543  -13.0229  -26.0119
eta,q 0.96162  9.76327
niter,ni,del,rscale     5    3    5.0000    1.2000
parameter  5  3.559058 ->  0.500000 qaram    1.1500
parameters
    0.8843   -7.0399    8.3514   -4.6588   -7.7427   -5.9385
    5.6274   15.2777   -7.2297   22.4018  -14.9192  -27.8596
eta,q 0.96878  9.44657
  0.0416  0.0407  0.0413  0.0386  0.0291  0.0351  0.0349  0.0385  0.0356  0.0330  0.0320  0.0320
  0.0397  0.0394  0.0399  0.0378  0.0315  0.0336  0.0334  0.0354  0.0340  0.0318  0.0315  0.0315
  0.0386  0.0387  0.0389  0.0376  0.0344  0.0322  0.0324  0.0331  0.0327  0.0314  0.0313  0.0312
  0.0384  0.0384  0.0383  0.0383  0.0375  0.0322  0.0321  0.0320  0.0320  0.0319  0.0314  0.0313
  0.0390  0.0385  0.0383  0.0400  0.0409  0.0337  0.0323  0.0326  0.0319  0.0332  0.0318  0.0317
  0.0403  0.0392  0.0388  0.0425  0.0447  0.0365  0.0333  0.0346  0.0322  0.0353  0.0324  0.0324
  0.0425  0.0403  0.0397  0.0456  0.0488  0.0398  0.0348  0.0375  0.0331  0.0382  0.0333  0.0333
niter,ni,del,rscale     5    3    5.0000    1.2000
parameter  5  1.768811 ->  0.500000 qaram    1.3225
parameters
    0.8651   -6.9813    8.0782   -4.1667  -12.5037   -6.3337
    4.8221   15.5308   -7.0225   22.8696  -15.3337  -30.2109
eta,q 0.97350  9.25525
  0.0349  0.0341  0.0330  0.0345  0.0248  0.0303  0.0291  0.0327  0.0293  0.0306  0.0278  0.0272
  0.0329  0.0326  0.0320  0.0331  0.0262  0.0290  0.0277  0.0298  0.0279  0.0286  0.0271  0.0267
  0.0316  0.0316  0.0313  0.0320  0.0283  0.0277  0.0269  0.0277  0.0270  0.0273  0.0267  0.0265
  0.0312  0.0312  0.0312  0.0312  0.0311  0.0267  0.0267  0.0267  0.0267  0.0267  0.0267  0.0267
  0.0317  0.0315  0.0317  0.0311  0.0346  0.0272  0.0273  0.0272  0.0270  0.0268  0.0269  0.0272
  0.0330  0.0324  0.0327  0.0321  0.0383  0.0290  0.0286  0.0292  0.0277  0.0279  0.0273  0.0279
  0.0351  0.0339  0.0341  0.0341  0.0425  0.0320  0.0304  0.0321  0.0290  0.0298  0.0281  0.0290
niter,ni,del,rscale     5    3    5.0000    1.2000
parameter  5  0.756907 ->  0.500000 qaram    1.5209
parameters
    0.8801   -6.8792    8.1253   -3.5487  -17.9789   -6.0175
    4.3611   15.6418   -6.8416   23.5084  -15.6396  -31.5376
eta,q 0.97636  9.03678
  0.0305  0.0301  0.0289  0.0299  0.0242  0.0281  0.0264  0.0296  0.0263  0.0279  0.0250  0.0248
  0.0283  0.0281  0.0276  0.0285  0.0238  0.0265  0.0249  0.0267  0.0249  0.0258  0.0243  0.0240
  0.0270  0.0269  0.0268  0.0274  0.0245  0.0251  0.0240  0.0246  0.0241  0.0244  0.0238  0.0237
  0.0265  0.0265  0.0265  0.0265  0.0264  0.0238  0.0238  0.0238  0.0237  0.0238  0.0237  0.0237
  0.0269  0.0268  0.0267  0.0264  0.0293  0.0240  0.0242  0.0244  0.0240  0.0240  0.0239  0.0242
  0.0283  0.0278  0.0275  0.0274  0.0331  0.0254  0.0254  0.0264  0.0248  0.0250  0.0245  0.0249
  0.0304  0.0294  0.0288  0.0294  0.0374  0.0281  0.0272  0.0293  0.0260  0.0267  0.0252  0.0259
niter,ni,del,rscale     5    3    5.0000    1.2000
parameters
    0.9011   -6.6519    8.2380   -3.1878  -20.0860   -5.9495
    4.1358   15.7046   -6.6856   23.9747  -15.8572  -32.1204
eta,q 0.97664  8.95914
  0.0277  0.0277  0.0263  0.0268  0.0273  0.0276  0.0262  0.0292  0.0259  0.0272  0.0248  0.0248
  0.0255  0.0256  0.0249  0.0255  0.0251  0.0260  0.0246  0.0263  0.0246  0.0253  0.0240  0.0240
  0.0241  0.0242  0.0240  0.0244  0.0237  0.0245  0.0237  0.0242  0.0237  0.0240  0.0235  0.0235
  0.0236  0.0236  0.0236  0.0236  0.0236  0.0234  0.0234  0.0234  0.0234  0.0234  0.0234  0.0234
  0.0241  0.0238  0.0238  0.0236  0.0250  0.0238  0.0238  0.0241  0.0237  0.0237  0.0236  0.0237
  0.0254  0.0248  0.0246  0.0246  0.0279  0.0253  0.0249  0.0261  0.0244  0.0247  0.0241  0.0244
  0.0275  0.0263  0.0258  0.0267  0.0322  0.0281  0.0266  0.0290  0.0257  0.0264  0.0249  0.0252
niter,ni,del,rscale     4    3    5.0000    1.2000
parameters
    0.9209   -6.4983    8.2342   -3.1263  -20.4819   -6.0280
    4.0288   15.7495   -6.6010   24.2582  -15.9801  -32.3365
eta,q 0.97663  8.94794
  0.0274  0.0270  0.0258  0.0264  0.0285  0.0275  0.0263  0.0291  0.0258  0.0270  0.0248  0.0249
  0.0252  0.0251  0.0245  0.0251  0.0261  0.0259  0.0247  0.0262  0.0245  0.0251  0.0240  0.0241
  0.0238  0.0238  0.0236  0.0240  0.0242  0.0244  0.0237  0.0242  0.0237  0.0239  0.0235  0.0235
  0.0234  0.0234  0.0234  0.0234  0.0234  0.0234  0.0234  0.0234  0.0234  0.0234  0.0234  0.0234
  0.0238  0.0236  0.0237  0.0235  0.0240  0.0238  0.0238  0.0240  0.0236  0.0237  0.0236  0.0236
  0.0251  0.0246  0.0245  0.0246  0.0262  0.0254  0.0248  0.0261  0.0244  0.0247  0.0241  0.0242
  0.0272  0.0261  0.0258  0.0267  0.0297  0.0283  0.0265  0.0290  0.0257  0.0265  0.0249  0.0251
niter,ni,del,rscale     3    3    5.0000    1.2000
parameters
    0.9298   -6.4314    8.1939   -3.1179  -20.5962   -6.1034
    3.9793   15.7731   -6.5436   24.3945  -16.0427  -32.4435
eta,q 0.97662  8.94460
  0.0274  0.0267  0.0257  0.0263  0.0287  0.0275  0.0263  0.0291  0.0257  0.0268  0.0249  0.0250
  0.0252  0.0249  0.0244  0.0251  0.0262  0.0259  0.0247  0.0262  0.0245  0.0250  0.0240  0.0241
  0.0238  0.0238  0.0236  0.0240  0.0243  0.0244  0.0237  0.0242  0.0237  0.0238  0.0235  0.0236
  0.0234  0.0234  0.0234  0.0234  0.0234  0.0234  0.0234  0.0234  0.0234  0.0234  0.0234  0.0234
  0.0238  0.0237  0.0237  0.0235  0.0239  0.0238  0.0237  0.0241  0.0236  0.0237  0.0236  0.0236
  0.0251  0.0247  0.0245  0.0247  0.0260  0.0254  0.0248  0.0261  0.0244  0.0248  0.0241  0.0242
  0.0273  0.0263  0.0258  0.0268  0.0293  0.0283  0.0264  0.0291  0.0257  0.0266  0.0249  0.0250
niter,ni,del,rscale     2    3    5.0000    1.2000
parameters
    0.9310   -6.3996    8.1642   -3.1151  -20.6428   -6.1492
    3.9549   15.7826   -6.5122   24.4686  -16.0764  -32.4917
eta,q 0.97661  8.94327
  0.0273  0.0266  0.0257  0.0263  0.0287  0.0276  0.0264  0.0290  0.0257  0.0268  0.0249  0.0250
  0.0251  0.0248  0.0245  0.0251  0.0263  0.0259  0.0247  0.0262  0.0245  0.0250  0.0241  0.0241
  0.0238  0.0237  0.0236  0.0240  0.0244  0.0244  0.0237  0.0242  0.0237  0.0238  0.0236  0.0236
  0.0234  0.0234  0.0234  0.0234  0.0234  0.0234  0.0234  0.0234  0.0234  0.0234  0.0234  0.0234
  0.0238  0.0238  0.0237  0.0235  0.0239  0.0238  0.0237  0.0241  0.0237  0.0237  0.0236  0.0236
  0.0252  0.0248  0.0245  0.0247  0.0259  0.0254  0.0248  0.0261  0.0244  0.0249  0.0241  0.0242
  0.0273  0.0264  0.0258  0.0268  0.0292  0.0283  0.0264  0.0291  0.0257  0.0267  0.0249  0.0250
niter,ni,del,rscale     1    3    5.0000    1.2000
parameters
    0.9298   -6.3815    8.1476   -3.1102  -20.6710   -6.1793
    3.9412   15.7877   -6.4887   24.5128  -16.1022  -32.5202
eta,q 0.97661  8.94245
  0.0273  0.0266  0.0257  0.0264  0.0287  0.0276  0.0264  0.0290  0.0257  0.0267  0.0249  0.0250
  0.0251  0.0248  0.0245  0.0251  0.0263  0.0259  0.0247  0.0262  0.0245  0.0250  0.0241  0.0241
  0.0238  0.0237  0.0237  0.0240  0.0244  0.0244  0.0237  0.0242  0.0237  0.0238  0.0236  0.0236
  0.0234  0.0234  0.0234  0.0234  0.0234  0.0234  0.0234  0.0234  0.0234  0.0234  0.0234  0.0234
  0.0239  0.0238  0.0237  0.0235  0.0239  0.0238  0.0237  0.0241  0.0237  0.0238  0.0236  0.0236
  0.0252  0.0248  0.0245  0.0247  0.0259  0.0254  0.0248  0.0261  0.0245  0.0249  0.0241  0.0242
  0.0273  0.0264  0.0258  0.0268  0.0292  0.0283  0.0264  0.0291  0.0257  0.0267  0.0249  0.0250
registration optimization eta report
parameter search radius
    2.4000    2.4000    2.4000    7.2000   10.9503    7.2000
    7.2000    7.2000    7.2000    7.2000    7.2000    7.2000
100000*second partial in parameter space
       68.       54.       41.        6.        5.        8.
        6.       11.        4.        6.        3.        3.
  0.0273  0.0266  0.0257  0.0264  0.0287  0.0276  0.0264  0.0290  0.0257  0.0267  0.0249  0.0250
  0.0251  0.0248  0.0245  0.0251  0.0263  0.0259  0.0247  0.0262  0.0245  0.0250  0.0241  0.0241
  0.0238  0.0237  0.0237  0.0240  0.0244  0.0244  0.0237  0.0242  0.0237  0.0238  0.0236  0.0236
  0.0234  0.0234  0.0234  0.0234  0.0234  0.0234  0.0234  0.0234  0.0234  0.0234  0.0234  0.0234
  0.0239  0.0238  0.0237  0.0235  0.0239  0.0238  0.0237  0.0241  0.0237  0.0238  0.0236  0.0236
  0.0252  0.0248  0.0245  0.0247  0.0259  0.0254  0.0248  0.0261  0.0245  0.0249  0.0241  0.0242
  0.0273  0.0264  0.0258  0.0268  0.0292  0.0283  0.0264  0.0291  0.0257  0.0267  0.0249  0.0250
    0.9298   -6.3815    8.1476   -3.1102  -20.6710   -6.1793
    3.9412   15.7877   -6.4887   24.5128  -16.1022  -32.5202
eta,q 0.97661  8.94245

---------------------------------------------------------------------
imgreg_4dfp /opt/freesurfer/average/711-2C_as_mni_average_305 /opt/freesurfer/average/711-2B_as_mni_average_305_mask talsrcimg_g11 none talsrcimg_to_711-2C_as_mni_average_305_t4 2311
---------------------------------------------------------------------

freesurfer imgreg_4dfp.c
/opt/freesurfer/average/711-2C_as_mni_average_305.4dfp.img
       256       256       256         1
  1.000000  1.000000  1.000000
orientation T byte_order littleendian
Reading image: /opt/freesurfer/average/711-2C_as_mni_average_305.4dfp.img
dimensions:      256       256       256
mmppix:       1.0000   -1.0000   -1.0000
center:     128.0000 -129.0000 -129.0000
/opt/freesurfer/average/711-2B_as_mni_average_305_mask.4dfp.img
       256       256       256         1
  1.000000  1.000000  1.000000
orientation T byte_order littleendian
Reading mask: /opt/freesurfer/average/711-2B_as_mni_average_305_mask.4dfp.img (2306576 pixels)
talsrcimg_g11.4dfp.img
       256       256       256         1
  1.000000  1.000000  1.000000
orientation T byte_order littleendian
Reading image: talsrcimg_g11.4dfp.img
dimensions:      256       256       256
mmppix:       1.0000   -1.0000   -1.0000
center:     128.0000 -129.0000 -129.0000
fimgreg.f
image alignment mode   2311 decimal      907 hex
parameters
    0.9298   -6.3815    8.1476   -3.1102  -20.6710   -6.1793
    3.9412   15.7877   -6.4887   24.5128  -16.1022  -32.5202
eta,q 0.97661  8.94245
niter,ni,del,rscale     5    3    5.0000    0.8000
parameters
    0.9202   -6.3988    8.1343   -2.6466  -20.0710   -5.8665
    3.8805   15.7939   -6.5398   24.4614  -15.9672  -32.3303
eta,q 0.97670  8.98751
  0.0252  0.0248  0.0245  0.0251  0.0249  0.0258  0.0246  0.0261  0.0244  0.0248  0.0241  0.0242
  0.0242  0.0240  0.0239  0.0244  0.0242  0.0248  0.0239  0.0246  0.0238  0.0240  0.0237  0.0237
  0.0236  0.0235  0.0235  0.0238  0.0236  0.0239  0.0235  0.0237  0.0234  0.0235  0.0234  0.0234
  0.0234  0.0234  0.0234  0.0234  0.0234  0.0233  0.0233  0.0233  0.0233  0.0233  0.0233  0.0233
  0.0236  0.0236  0.0235  0.0234  0.0234  0.0235  0.0235  0.0236  0.0234  0.0235  0.0234  0.0234
  0.0242  0.0241  0.0239  0.0238  0.0237  0.0242  0.0239  0.0246  0.0238  0.0240  0.0236  0.0236
  0.0252  0.0248  0.0245  0.0247  0.0243  0.0254  0.0247  0.0261  0.0244  0.0249  0.0240  0.0240
niter,ni,del,rscale     4    3    5.0000    0.7000
parameters
    0.9332   -6.4698    8.2216   -2.6206  -19.9881   -5.6837
    3.9250   15.7727   -6.6007   24.2920  -15.8663  -32.2188
eta,q 0.97672  8.99154
  0.0247  0.0243  0.0243  0.0245  0.0243  0.0253  0.0244  0.0255  0.0241  0.0244  0.0239  0.0239
  0.0239  0.0237  0.0238  0.0239  0.0238  0.0244  0.0238  0.0243  0.0237  0.0238  0.0236  0.0236
  0.0234  0.0234  0.0234  0.0235  0.0234  0.0236  0.0234  0.0235  0.0234  0.0234  0.0234  0.0234
  0.0233  0.0233  0.0233  0.0233  0.0233  0.0233  0.0233  0.0233  0.0233  0.0233  0.0233  0.0233
  0.0235  0.0235  0.0234  0.0234  0.0234  0.0235  0.0234  0.0235  0.0234  0.0235  0.0233  0.0233
  0.0239  0.0239  0.0236  0.0238  0.0237  0.0241  0.0237  0.0243  0.0237  0.0239  0.0235  0.0236
  0.0247  0.0245  0.0241  0.0246  0.0243  0.0251  0.0243  0.0255  0.0242  0.0246  0.0238  0.0239
niter,ni,del,rscale     3    3    5.0000    0.6000
parameters
    0.9356   -6.5155    8.2748   -2.5616  -19.9224   -5.5749
    3.9646   15.7632   -6.6589   24.1886  -15.7964  -32.1241
eta,q 0.97673  8.99572
  0.0243  0.0241  0.0240  0.0242  0.0240  0.0248  0.0241  0.0249  0.0239  0.0241  0.0237  0.0238
  0.0237  0.0236  0.0236  0.0238  0.0236  0.0241  0.0236  0.0240  0.0236  0.0237  0.0235  0.0235
  0.0234  0.0233  0.0234  0.0234  0.0234  0.0235  0.0234  0.0235  0.0233  0.0234  0.0233  0.0233
  0.0233  0.0233  0.0233  0.0233  0.0233  0.0233  0.0233  0.0233  0.0233  0.0233  0.0233  0.0233
  0.0234  0.0234  0.0233  0.0233  0.0233  0.0234  0.0234  0.0235  0.0234  0.0234  0.0233  0.0233
  0.0237  0.0237  0.0235  0.0237  0.0236  0.0239  0.0236  0.0240  0.0236  0.0237  0.0234  0.0235
  0.0243  0.0242  0.0239  0.0242  0.0240  0.0247  0.0241  0.0249  0.0239  0.0242  0.0237  0.0237
niter,ni,del,rscale     2    3    5.0000    0.5000
parameters
    0.9348   -6.5415    8.3106   -2.5113  -19.8704   -5.5173
    4.0061   15.7607   -6.6935   24.1155  -15.7475  -32.0757
eta,q 0.97673  8.99889
  0.0240  0.0238  0.0238  0.0240  0.0238  0.0244  0.0238  0.0244  0.0237  0.0239  0.0236  0.0236
  0.0236  0.0235  0.0235  0.0236  0.0235  0.0238  0.0235  0.0238  0.0235  0.0235  0.0234  0.0234
  0.0233  0.0233  0.0233  0.0234  0.0233  0.0234  0.0233  0.0234  0.0233  0.0233  0.0233  0.0233
  0.0233  0.0233  0.0233  0.0233  0.0233  0.0233  0.0233  0.0233  0.0233  0.0233  0.0233  0.0233
  0.0234  0.0234  0.0233  0.0233  0.0233  0.0234  0.0233  0.0234  0.0233  0.0234  0.0233  0.0233
  0.0236  0.0236  0.0234  0.0236  0.0235  0.0238  0.0235  0.0238  0.0235  0.0236  0.0234  0.0234
  0.0240  0.0239  0.0237  0.0240  0.0238  0.0243  0.0238  0.0244  0.0237  0.0240  0.0236  0.0236
niter,ni,del,rscale     1    3    5.0000    0.4000
parameters
    0.9343   -6.5607    8.3282   -2.4567  -19.8481   -5.5101
    4.0396   15.7619   -6.7205   24.0758  -15.7472  -32.0393
eta,q 0.97673  9.00072
  0.0237  0.0236  0.0236  0.0237  0.0236  0.0240  0.0236  0.0240  0.0236  0.0237  0.0235  0.0235
  0.0235  0.0234  0.0234  0.0235  0.0234  0.0236  0.0234  0.0236  0.0234  0.0235  0.0234  0.0234
  0.0233  0.0233  0.0233  0.0233  0.0233  0.0233  0.0233  0.0234  0.0233  0.0233  0.0233  0.0233
  0.0233  0.0233  0.0233  0.0233  0.0233  0.0233  0.0233  0.0233  0.0233  0.0233  0.0233  0.0233
  0.0233  0.0233  0.0233  0.0233  0.0233  0.0234  0.0233  0.0233  0.0233  0.0233  0.0233  0.0233
  0.0235  0.0235  0.0234  0.0234  0.0234  0.0236  0.0234  0.0236  0.0234  0.0235  0.0234  0.0234
  0.0237  0.0237  0.0235  0.0237  0.0236  0.0240  0.0236  0.0240  0.0236  0.0237  0.0235  0.0235
registration optimization eta report
parameter search radius
    0.8000    0.8000    0.8000    2.4000    2.4000    2.4000
    2.4000    2.4000    2.4000    2.4000    2.4000    2.4000
100000*second partial in parameter space
       72.       59.       45.        8.        6.       13.
        6.       13.        5.        7.        3.        4.
  0.0237  0.0236  0.0236  0.0237  0.0236  0.0240  0.0236  0.0240  0.0236  0.0237  0.0235  0.0235
  0.0235  0.0234  0.0234  0.0235  0.0234  0.0236  0.0234  0.0236  0.0234  0.0235  0.0234  0.0234
  0.0233  0.0233  0.0233  0.0233  0.0233  0.0233  0.0233  0.0234  0.0233  0.0233  0.0233  0.0233
  0.0233  0.0233  0.0233  0.0233  0.0233  0.0233  0.0233  0.0233  0.0233  0.0233  0.0233  0.0233
  0.0233  0.0233  0.0233  0.0233  0.0233  0.0234  0.0233  0.0233  0.0233  0.0233  0.0233  0.0233
  0.0235  0.0235  0.0234  0.0234  0.0234  0.0236  0.0234  0.0236  0.0234  0.0235  0.0234  0.0234
  0.0237  0.0237  0.0235  0.0237  0.0236  0.0240  0.0236  0.0240  0.0236  0.0237  0.0235  0.0235
    0.9343   -6.5607    8.3282   -2.4567  -19.8481   -5.5101
    4.0396   15.7619   -6.7205   24.0758  -15.7472  -32.0393
eta,q 0.97673  9.00072

---------------------------------------------------------------------
imgreg_4dfp /opt/freesurfer/average/711-2C_as_mni_average_305 /opt/freesurfer/average/711-2B_as_mni_average_305_mask talsrcimg_g11 none talsrcimg_to_711-2C_as_mni_average_305_t4 2311
---------------------------------------------------------------------

freesurfer imgreg_4dfp.c
/opt/freesurfer/average/711-2C_as_mni_average_305.4dfp.img
       256       256       256         1
  1.000000  1.000000  1.000000
orientation T byte_order littleendian
Reading image: /opt/freesurfer/average/711-2C_as_mni_average_305.4dfp.img
dimensions:      256       256       256
mmppix:       1.0000   -1.0000   -1.0000
center:     128.0000 -129.0000 -129.0000
/opt/freesurfer/average/711-2B_as_mni_average_305_mask.4dfp.img
       256       256       256         1
  1.000000  1.000000  1.000000
orientation T byte_order littleendian
Reading mask: /opt/freesurfer/average/711-2B_as_mni_average_305_mask.4dfp.img (2306576 pixels)
talsrcimg_g11.4dfp.img
       256       256       256         1
  1.000000  1.000000  1.000000
orientation T byte_order littleendian
Reading image: talsrcimg_g11.4dfp.img
dimensions:      256       256       256
mmppix:       1.0000   -1.0000   -1.0000
center:     128.0000 -129.0000 -129.0000
fimgreg.f
image alignment mode   2311 decimal      907 hex
parameters
    0.9343   -6.5607    8.3282   -2.4567  -19.8481   -5.5101
    4.0396   15.7619   -6.7205   24.0758  -15.7472  -32.0393
eta,q 0.97673  9.00071
niter,ni,del,rscale     5    3    5.0000    0.8000
parameters
    0.9422   -6.5533    8.3407   -2.7459  -19.9210   -5.5573
    4.0089   15.7500   -6.7008   24.0823  -15.7896  -32.0596
eta,q 0.97672  8.98935
  0.0251  0.0248  0.0244  0.0247  0.0245  0.0256  0.0247  0.0261  0.0244  0.0249  0.0240  0.0241
  0.0241  0.0239  0.0238  0.0240  0.0239  0.0246  0.0239  0.0246  0.0238  0.0240  0.0236  0.0236
  0.0235  0.0234  0.0234  0.0235  0.0234  0.0237  0.0234  0.0236  0.0234  0.0235  0.0234  0.0234
  0.0233  0.0233  0.0233  0.0233  0.0233  0.0233  0.0233  0.0233  0.0233  0.0233  0.0233  0.0233
  0.0235  0.0234  0.0234  0.0235  0.0234  0.0236  0.0234  0.0236  0.0234  0.0235  0.0234  0.0234
  0.0241  0.0239  0.0238  0.0241  0.0239  0.0244  0.0239  0.0246  0.0238  0.0240  0.0236  0.0237
  0.0251  0.0247  0.0244  0.0252  0.0247  0.0258  0.0247  0.0261  0.0244  0.0249  0.0240  0.0241
niter,ni,del,rscale     4    3    5.0000    0.7000
parameters
    0.9383   -6.5476    8.3160   -2.6568  -19.8990   -5.5305
    3.9978   15.7499   -6.6906   24.0937  -15.7811  -32.0674
eta,q 0.97672  8.99313
  0.0247  0.0244  0.0241  0.0245  0.0243  0.0252  0.0243  0.0255  0.0241  0.0245  0.0238  0.0239
  0.0239  0.0238  0.0236  0.0240  0.0238  0.0243  0.0238  0.0243  0.0237  0.0238  0.0235  0.0236
  0.0234  0.0234  0.0234  0.0235  0.0234  0.0236  0.0234  0.0235  0.0234  0.0234  0.0233  0.0233
  0.0233  0.0233  0.0233  0.0233  0.0233  0.0233  0.0233  0.0233  0.0233  0.0233  0.0233  0.0233
  0.0234  0.0234  0.0234  0.0234  0.0234  0.0235  0.0234  0.0235  0.0234  0.0234  0.0233  0.0234
  0.0239  0.0238  0.0237  0.0238  0.0237  0.0242  0.0238  0.0243  0.0237  0.0238  0.0235  0.0236
  0.0247  0.0244  0.0242  0.0245  0.0243  0.0252  0.0244  0.0255  0.0241  0.0245  0.0238  0.0239
niter,ni,del,rscale     3    3    5.0000    0.6000
parameters
    0.9352   -6.5552    8.3225   -2.5860  -19.8728   -5.4924
    3.9980   15.7506   -6.7077   24.0825  -15.7569  -32.0530
eta,q 0.97672  8.99656
  0.0243  0.0241  0.0239  0.0242  0.0240  0.0248  0.0241  0.0249  0.0239  0.0242  0.0237  0.0237
  0.0237  0.0236  0.0236  0.0238  0.0236  0.0240  0.0236  0.0240  0.0236  0.0237  0.0235  0.0235
  0.0234  0.0234  0.0233  0.0234  0.0234  0.0235  0.0234  0.0235  0.0233  0.0234  0.0233  0.0233
  0.0233  0.0233  0.0233  0.0233  0.0233  0.0233  0.0233  0.0233  0.0233  0.0233  0.0233  0.0233
  0.0234  0.0234  0.0233  0.0233  0.0233  0.0235  0.0233  0.0234  0.0234  0.0234  0.0233  0.0233
  0.0237  0.0237  0.0236  0.0236  0.0236  0.0240  0.0236  0.0240  0.0236  0.0237  0.0235  0.0235
  0.0243  0.0241  0.0239  0.0242  0.0240  0.0247  0.0241  0.0249  0.0239  0.0242  0.0237  0.0237
niter,ni,del,rscale     2    3    5.0000    0.5000
parameters
    0.9363   -6.5636    8.3341   -2.5189  -19.8530   -5.4776
    4.0247   15.7549   -6.7186   24.0613  -15.7353  -32.0211
eta,q 0.97673  8.99897
  0.0240  0.0239  0.0237  0.0240  0.0238  0.0244  0.0238  0.0244  0.0237  0.0239  0.0236  0.0236
  0.0236  0.0235  0.0235  0.0236  0.0235  0.0238  0.0235  0.0238  0.0235  0.0236  0.0234  0.0234
  0.0233  0.0233  0.0233  0.0234  0.0233  0.0234  0.0233  0.0234  0.0233  0.0233  0.0233  0.0233
  0.0233  0.0233  0.0233  0.0233  0.0233  0.0233  0.0233  0.0233  0.0233  0.0233  0.0233  0.0233
  0.0234  0.0233  0.0233  0.0233  0.0233  0.0234  0.0233  0.0234  0.0233  0.0233  0.0233  0.0233
  0.0236  0.0235  0.0235  0.0235  0.0235  0.0238  0.0235  0.0238  0.0235  0.0236  0.0234  0.0234
  0.0240  0.0239  0.0237  0.0239  0.0238  0.0244  0.0238  0.0244  0.0237  0.0239  0.0236  0.0236
niter,ni,del,rscale     1    3    5.0000    0.4000
parameters
    0.9343   -6.5721    8.3421   -2.4624  -19.8281   -5.4871
    4.0427   15.7653   -6.7282   24.0511  -15.7380  -32.0141
eta,q 0.97673  9.00138
  0.0237  0.0236  0.0236  0.0237  0.0236  0.0240  0.0236  0.0240  0.0236  0.0237  0.0235  0.0235
  0.0235  0.0234  0.0234  0.0235  0.0234  0.0236  0.0234  0.0236  0.0234  0.0235  0.0233  0.0234
  0.0233  0.0233  0.0233  0.0233  0.0233  0.0233  0.0233  0.0234  0.0233  0.0233  0.0233  0.0233
  0.0233  0.0233  0.0233  0.0233  0.0233  0.0233  0.0233  0.0233  0.0233  0.0233  0.0233  0.0233
  0.0233  0.0233  0.0233  0.0233  0.0233  0.0234  0.0233  0.0234  0.0233  0.0233  0.0233  0.0233
  0.0235  0.0235  0.0234  0.0234  0.0234  0.0236  0.0234  0.0236  0.0234  0.0235  0.0234  0.0234
  0.0237  0.0237  0.0236  0.0237  0.0236  0.0240  0.0236  0.0240  0.0236  0.0237  0.0235  0.0235
registration optimization eta report
parameter search radius
    0.8000    0.8000    0.8000    2.4000    2.4000    2.4000
    2.4000    2.4000    2.4000    2.4000    2.4000    2.4000
100000*second partial in parameter space
       72.       59.       45.        8.        6.       13.
        6.       13.        5.        7.        3.        4.
  0.0237  0.0236  0.0236  0.0237  0.0236  0.0240  0.0236  0.0240  0.0236  0.0237  0.0235  0.0235
  0.0235  0.0234  0.0234  0.0235  0.0234  0.0236  0.0234  0.0236  0.0234  0.0235  0.0233  0.0234
  0.0233  0.0233  0.0233  0.0233  0.0233  0.0233  0.0233  0.0234  0.0233  0.0233  0.0233  0.0233
  0.0233  0.0233  0.0233  0.0233  0.0233  0.0233  0.0233  0.0233  0.0233  0.0233  0.0233  0.0233
  0.0233  0.0233  0.0233  0.0233  0.0233  0.0234  0.0233  0.0234  0.0233  0.0233  0.0233  0.0233
  0.0235  0.0235  0.0234  0.0234  0.0234  0.0236  0.0234  0.0236  0.0234  0.0235  0.0234  0.0234
  0.0237  0.0237  0.0236  0.0237  0.0236  0.0240  0.0236  0.0240  0.0236  0.0237  0.0235  0.0235
    0.9343   -6.5721    8.3421   -2.4624  -19.8281   -5.4871
    4.0427   15.7653   -6.7282   24.0511  -15.7380  -32.0141
eta,q 0.97673  9.00138

---------------------------------------------------------------------
compute_vox2vox talsrcimg talsrcimg_to_711-2C_as_mni_average_305_t4 /opt/freesurfer/average/711-2C_as_mni_average_305
---------------------------------------------------------------------

freesurfer compute_vox2vox.c
Reading: talsrcimg.4dfp.ifh
Reading: talsrcimg_to_711-2C_as_mni_average_305_t4
Reading: /opt/freesurfer/average/711-2C_as_mni_average_305.4dfp.ifh
Writing: talsrcimg_to_711-2C_as_mni_average_305_t4_vox2vox.txt

start time Fri Mar 6 16:00:36 CET 2026
end		time Fri Mar 6 16:02:03 CET 2026

mpr2mni305 success

avi2talxfm orig_nu.mgz /opt/freesurfer/average/mni305.cor.mgz talsrcimg_to_711-2C_as_mni_average_305_t4_vox2vox.txt transforms/talairach.auto.xfm
avi2talxfm done
mv -f /out/sourcedata/freesurfer/sub-v1s10x0051131_ses-1/mri/talsrcimg_to_711-2C_as_mni_average_305_t4_vox2vox.txt /out/sourcedata/freesurfer/sub-v1s10x0051131_ses-1/mri/transforms/talsrcimg_to_711-2C_as_mni_average_305_t4_vox2vox.txt
lta_convert --src orig_nu.mgz --trg /opt/freesurfer/average/mni305.cor.mgz --inxfm transforms/talairach.auto.xfm --outlta transforms/talairach.auto.xfm.lta --subject fsaverage
7.3.2

--src: orig_nu.mgz src image (geometry).
--trg: /opt/freesurfer/average/mni305.cor.mgz trg image (geometry).
--inmni: transforms/talairach.auto.xfm input MNI/XFM transform.
--outlta: transforms/talairach.auto.xfm.lta output LTA.
--s: fsaverage subject name
 LTA read, type : 1
 0.99550  -0.13914  -0.10576   0.03165;
 0.17616   0.93584   0.36481   0.76786;
 0.03070  -0.29242   1.12900   6.42255;
 0.00000   0.00000   0.00000   1.00000;
setting subject to fsaverage
Writing  LTA to file transforms/talairach.auto.xfm.lta...
lta_convert successful.
 
 
Started at Fri Mar 6 16:00:36 CET 2026
Ended   at Fri Mar  6 16:02:03 CET 2026
talairach_avi done
