status file for recon-all
Fri Mar  6 10:21:32 CET 2026
#@# MotionCor Fri Mar  6 10:21:33 CET 2026
#@# Talairach Fri Mar  6 10:21:41 CET 2026
#@# Talairach Failure Detection Fri Mar  6 10:26:06 CET 2026
#@# Nu Intensity Correction Fri Mar  6 10:26:06 CET 2026
#@# Intensity Normalization Fri Mar  6 10:29:20 CET 2026
recon-all -s sub-v1s10x0051055_ses-1 finished without error at Fri Mar  6 10:30:43 CET 2026



#New# invocation of recon-all 



status file for recon-all
Fri Mar  6 10:37:31 CET 2026
#@# EM Registration Fri Mar  6 10:37:31 CET 2026
recon-all -s sub-v1s10x0051055_ses-1 finished without error at Fri Mar  6 10:39:23 CET 2026



#New# invocation of recon-all 



status file for recon-all
Fri Mar  6 10:39:25 CET 2026
#@# CA Normalize Fri Mar  6 10:39:25 CET 2026
#@# CA Reg Fri Mar  6 10:40:46 CET 2026
#@# SubCort Seg Fri Mar  6 11:20:19 CET 2026
#@# CC Seg Fri Mar  6 11:44:52 CET 2026
#@# Merge ASeg Fri Mar  6 11:45:33 CET 2026
#@# Intensity Normalization2 Fri Mar  6 11:45:33 CET 2026
#@# Mask BFS Fri Mar  6 11:47:41 CET 2026
#@# WM Segmentation Fri Mar  6 11:47:42 CET 2026
#@# Fill Fri Mar  6 11:49:29 CET 2026
recon-all -s sub-v1s10x0051055_ses-1 finished without error at Fri Mar  6 11:50:31 CET 2026



#New# invocation of recon-all 



status file for recon-all
Fri Mar  6 12:23:52 CET 2026
#@# white curv lh Fri Mar  6 12:23:52 CET 2026
#@# white area lh Fri Mar  6 12:23:52 CET 2026
#@# pial curv lh Fri Mar  6 12:23:52 CET 2026
#@# pial area lh Fri Mar  6 12:23:52 CET 2026
#@# thickness lh Fri Mar  6 12:23:52 CET 2026
#@# area and vertex vol lh Fri Mar  6 12:23:52 CET 2026
#@# white curv rh Fri Mar  6 12:23:52 CET 2026
#@# white area rh Fri Mar  6 12:23:52 CET 2026
#@# pial curv rh Fri Mar  6 12:23:52 CET 2026
#@# pial area rh Fri Mar  6 12:23:52 CET 2026
#@# thickness rh Fri Mar  6 12:23:52 CET 2026
#@# area and vertex vol rh Fri Mar  6 12:23:52 CET 2026
#@# Cortical ribbon mask Fri Mar  6 12:23:52 CET 2026
recon-all -s sub-v1s10x0051055_ses-1 finished without error at Fri Mar  6 12:27:48 CET 2026



#New# invocation of recon-all 



status file for recon-all
Fri Mar  6 12:32:52 CET 2026
#@# white curv lh Fri Mar  6 12:32:52 CET 2026
#@# white area lh Fri Mar  6 12:32:52 CET 2026
#@# pial curv lh Fri Mar  6 12:32:52 CET 2026
#@# pial area lh Fri Mar  6 12:32:52 CET 2026
#@# thickness lh Fri Mar  6 12:32:52 CET 2026
#@# area and vertex vol lh Fri Mar  6 12:32:52 CET 2026
#@# white curv rh Fri Mar  6 12:32:52 CET 2026
#@# white area rh Fri Mar  6 12:32:52 CET 2026
#@# pial curv rh Fri Mar  6 12:32:52 CET 2026
#@# pial area rh Fri Mar  6 12:32:52 CET 2026
#@# thickness rh Fri Mar  6 12:32:52 CET 2026
#@# area and vertex vol rh Fri Mar  6 12:32:52 CET 2026
#@# Curvature Stats lh Fri Mar  6 12:32:52 CET 2026
#@# Curvature Stats rh Fri Mar  6 12:32:54 CET 2026
#@# Relabel Hypointensities Fri Mar  6 12:32:56 CET 2026
#@# APas-to-ASeg Fri Mar  6 12:33:09 CET 2026
#@# AParc-to-ASeg aparc Fri Mar  6 12:33:15 CET 2026
#@# AParc-to-ASeg aparc.a2009s Fri Mar  6 12:33:42 CET 2026
#@# AParc-to-ASeg aparc.DKTatlas Fri Mar  6 12:34:12 CET 2026
#@# WMParc Fri Mar  6 12:34:40 CET 2026
#@# ASeg Stats Fri Mar  6 12:38:06 CET 2026
recon-all -s sub-v1s10x0051055_ses-1 finished without error at Fri Mar  6 12:38:36 CET 2026
