Log file for defect2seg
Tue Mar  3 01:07:55 CET 2026

setenv SUBJECTS_DIR /out/sourcedata/freesurfer
cd /out/sourcedata/freesurfer/sub-v1s15x0050202_ses-1/scripts
/opt/freesurfer/bin/defect2seg --s sub-v1s15x0050202_ses-1 --rh-only --cortex

freesurfer-linux-ubuntu22_x86_64-7.3.2-20220804-6354275
defect2seg 7.3.2
Linux calypso6 6.8.0-79-generic #79-Ubuntu SMP PREEMPT_DYNAMIC Tue Aug 12 14:42:46 UTC 2025 x86_64 x86_64 x86_64 GNU/Linux
pid 36712
mri_label2label --label-cortex /out/sourcedata/freesurfer/sub-v1s15x0050202_ses-1/surf/rh.orig.nofix /out/sourcedata/freesurfer/sub-v1s15x0050202_ses-1/mri/aseg.presurf.mgz 0 /out/sourcedata/freesurfer/sub-v1s15x0050202_ses-1/label/rh.nofix.cortex.label

 Generating cortex label... RemoveHipAmgy=0
 NucAccIsMedialWall=0
 mris->useRealRAS=0
14 non-cortical segments detected
only using segment with 7231 vertices
erasing segment 0 (vno[0] = 32841)
erasing segment 1 (vno[0] = 33696)
erasing segment 3 (vno[0] = 50833)
erasing segment 4 (vno[0] = 52106)
erasing segment 5 (vno[0] = 70015)
erasing segment 6 (vno[0] = 71127)
erasing segment 7 (vno[0] = 73367)
erasing segment 8 (vno[0] = 86169)
erasing segment 9 (vno[0] = 87266)
erasing segment 10 (vno[0] = 87962)
erasing segment 11 (vno[0] = 92705)
erasing segment 12 (vno[0] = 100075)
erasing segment 13 (vno[0] = 109166)
mri_label2vol --defects /out/sourcedata/freesurfer/sub-v1s15x0050202_ses-1/surf/rh.orig.nofix /out/sourcedata/freesurfer/sub-v1s15x0050202_ses-1/surf/rh.defect_labels /out/sourcedata/freesurfer/sub-v1s15x0050202_ses-1/mri/orig.mgz 2000 0 /out/sourcedata/freesurfer/sub-v1s15x0050202_ses-1/mri/rh.surface.defects.mgz /out/sourcedata/freesurfer/sub-v1s15x0050202_ses-1/label/rh.nofix.cortex.label
mri_label2vol supposed to be reproducible but seed not set
Contraining to label /out/sourcedata/freesurfer/sub-v1s15x0050202_ses-1/label/rh.nofix.cortex.label
Changing input type 0 to MRI_INT
Converting defects to volume: offset=2000, merge=0
Writing to /out/sourcedata/freesurfer/sub-v1s15x0050202_ses-1/mri/rh.surface.defects.mgz
mris_defects_pointset -s /out/sourcedata/freesurfer/sub-v1s15x0050202_ses-1/surf/rh.orig.nofix -d /out/sourcedata/freesurfer/sub-v1s15x0050202_ses-1/surf/rh.defect_labels -o /out/sourcedata/freesurfer/sub-v1s15x0050202_ses-1/surf/rh.defects.pointset --label /out/sourcedata/freesurfer/sub-v1s15x0050202_ses-1/label/rh.nofix.cortex.label
Reading in surface /out/sourcedata/freesurfer/sub-v1s15x0050202_ses-1/surf/rh.orig.nofix
Reading in defect segmentation /out/sourcedata/freesurfer/sub-v1s15x0050202_ses-1/surf/rh.defect_labels
Reading in label /out/sourcedata/freesurfer/sub-v1s15x0050202_ses-1/label/rh.nofix.cortex.label
#VMPC# mris_defects_pointset 2211648
mris_defects_pointset done
 
Started at Tue Mar 3 01:07:55 CET 2026 
Ended   at Tue Mar  3 01:08:11 CET 2026
Defect2seg-Run-Time-Sec 16
Defect2seg-Run-Time-Min 0.32
Defect2seg-Run-Time-Hours 0.00
 
defect2seg Done
