status file for recon-all
Mon Mar  2 22:59:42 CET 2026
#@# MotionCor Mon Mar  2 22:59:44 CET 2026
#@# Talairach Mon Mar  2 22:59:51 CET 2026
#@# Talairach Failure Detection Mon Mar  2 23:03:29 CET 2026
#@# Nu Intensity Correction Mon Mar  2 23:03:30 CET 2026
#@# Intensity Normalization Mon Mar  2 23:06:59 CET 2026
recon-all -s sub-v1s15x0050202_ses-1 finished without error at Mon Mar  2 23:08:21 CET 2026



#New# invocation of recon-all 



status file for recon-all
Mon Mar  2 23:17:56 CET 2026
#@# EM Registration Mon Mar  2 23:17:56 CET 2026
recon-all -s sub-v1s15x0050202_ses-1 finished without error at Mon Mar  2 23:19:56 CET 2026



#New# invocation of recon-all 



status file for recon-all
Mon Mar  2 23:20:01 CET 2026
#@# CA Normalize Mon Mar  2 23:20:01 CET 2026
#@# CA Reg Mon Mar  2 23:20:59 CET 2026
#@# SubCort Seg Tue Mar  3 00:05:23 CET 2026
#@# CC Seg Tue Mar  3 00:33:24 CET 2026
#@# Merge ASeg Tue Mar  3 00:33:58 CET 2026
#@# Intensity Normalization2 Tue Mar  3 00:33:58 CET 2026
#@# Mask BFS Tue Mar  3 00:36:07 CET 2026
#@# WM Segmentation Tue Mar  3 00:36:08 CET 2026
#@# Fill Tue Mar  3 00:38:07 CET 2026
recon-all -s sub-v1s15x0050202_ses-1 finished without error at Tue Mar  3 00:39:12 CET 2026



#New# invocation of recon-all 



status file for recon-all
Tue Mar  3 01:32:44 CET 2026
#@# white curv lh Tue Mar  3 01:32:44 CET 2026
#@# white area lh Tue Mar  3 01:32:44 CET 2026
#@# pial curv lh Tue Mar  3 01:32:44 CET 2026
#@# pial area lh Tue Mar  3 01:32:44 CET 2026
#@# thickness lh Tue Mar  3 01:32:44 CET 2026
#@# area and vertex vol lh Tue Mar  3 01:32:44 CET 2026
#@# white curv rh Tue Mar  3 01:32:44 CET 2026
#@# white area rh Tue Mar  3 01:32:44 CET 2026
#@# pial curv rh Tue Mar  3 01:32:44 CET 2026
#@# pial area rh Tue Mar  3 01:32:44 CET 2026
#@# thickness rh Tue Mar  3 01:32:45 CET 2026
#@# area and vertex vol rh Tue Mar  3 01:32:45 CET 2026
#@# Cortical ribbon mask Tue Mar  3 01:32:45 CET 2026
recon-all -s sub-v1s15x0050202_ses-1 finished without error at Tue Mar  3 01:39:21 CET 2026



#New# invocation of recon-all 



status file for recon-all
Tue Mar  3 01:47:27 CET 2026
#@# white curv lh Tue Mar  3 01:47:27 CET 2026
#@# white area lh Tue Mar  3 01:47:27 CET 2026
#@# pial curv lh Tue Mar  3 01:47:27 CET 2026
#@# pial area lh Tue Mar  3 01:47:27 CET 2026
#@# thickness lh Tue Mar  3 01:47:27 CET 2026
#@# area and vertex vol lh Tue Mar  3 01:47:27 CET 2026
#@# white curv rh Tue Mar  3 01:47:27 CET 2026
#@# white area rh Tue Mar  3 01:47:27 CET 2026
#@# pial curv rh Tue Mar  3 01:47:27 CET 2026
#@# pial area rh Tue Mar  3 01:47:27 CET 2026
#@# thickness rh Tue Mar  3 01:47:27 CET 2026
#@# area and vertex vol rh Tue Mar  3 01:47:27 CET 2026
#@# Curvature Stats lh Tue Mar  3 01:47:27 CET 2026
#@# Curvature Stats rh Tue Mar  3 01:47:30 CET 2026
#@# Relabel Hypointensities Tue Mar  3 01:47:32 CET 2026
#@# APas-to-ASeg Tue Mar  3 01:47:49 CET 2026
#@# AParc-to-ASeg aparc Tue Mar  3 01:47:58 CET 2026
#@# AParc-to-ASeg aparc.a2009s Tue Mar  3 01:48:43 CET 2026
#@# AParc-to-ASeg aparc.DKTatlas Tue Mar  3 01:49:28 CET 2026
#@# WMParc Tue Mar  3 01:50:13 CET 2026
#@# ASeg Stats Tue Mar  3 01:52:40 CET 2026
recon-all -s sub-v1s15x0050202_ses-1 finished without error at Tue Mar  3 01:53:09 CET 2026
