status file for recon-all
Sat Mar  7 05:50:16 CET 2026
#@# Tessellate lh Sat Mar  7 05:50:16 CET 2026
#@# Smooth1 lh Sat Mar  7 05:50:18 CET 2026
#@# Inflation1 lh Sat Mar  7 05:50:20 CET 2026
#@# QSphere lh Sat Mar  7 05:50:34 CET 2026
#@# Fix Topology lh Sat Mar  7 05:51:35 CET 2026
#@# Smooth2 lh Sat Mar  7 05:55:40 CET 2026
#@# Inflation2 lh Sat Mar  7 05:55:43 CET 2026
#@# Curv .H and .K lh Sat Mar  7 05:55:55 CET 2026
#@# Sphere lh Sat Mar  7 05:56:28 CET 2026
#@# Surf Reg lh Sat Mar  7 05:58:29 CET 2026
#@# Jacobian white lh Sat Mar  7 06:04:31 CET 2026
#@# AvgCurv lh Sat Mar  7 06:04:31 CET 2026
#@# Cortical Parc lh Sat Mar  7 06:04:32 CET 2026
#@# white curv lh Sat Mar  7 06:10:00 CET 2026
#@# white area lh Sat Mar  7 06:10:01 CET 2026
#@# pial curv lh Sat Mar  7 06:10:02 CET 2026
#@# pial area lh Sat Mar  7 06:10:03 CET 2026
#@# thickness lh Sat Mar  7 06:10:03 CET 2026
#@# area and vertex vol lh Sat Mar  7 06:10:22 CET 2026
#@# Curvature Stats lh Sat Mar  7 06:10:23 CET 2026
#@# Cortical Parc 2 lh Sat Mar  7 06:10:25 CET 2026
#@# Cortical Parc 3 lh Sat Mar  7 06:10:34 CET 2026
#@# WM/GM Contrast lh Sat Mar  7 06:10:41 CET 2026
recon-all -s sub-v1s18x0051278_ses-1 finished without error at Sat Mar  7 06:10:43 CET 2026



#New# invocation of recon-all 



status file for recon-all
Sat Mar  7 07:03:52 CET 2026
#@# white curv lh Sat Mar  7 07:03:52 CET 2026
#@# white area lh Sat Mar  7 07:03:52 CET 2026
#@# pial curv lh Sat Mar  7 07:03:52 CET 2026
#@# pial area lh Sat Mar  7 07:03:52 CET 2026
#@# thickness lh Sat Mar  7 07:03:52 CET 2026
#@# area and vertex vol lh Sat Mar  7 07:03:52 CET 2026
#@# Parcellation Stats lh Sat Mar  7 07:03:52 CET 2026
#@# Parcellation Stats 2 lh Sat Mar  7 07:04:08 CET 2026
#@# Parcellation Stats 3 lh Sat Mar  7 07:04:17 CET 2026
#@# BA_exvivo Labels lh Sat Mar  7 07:04:26 CET 2026
recon-all -s sub-v1s18x0051278_ses-1 finished without error at Sat Mar  7 07:06:56 CET 2026
