status file for recon-all
Fri Mar  6 11:02:29 CET 2026
#@# Tessellate lh Fri Mar  6 11:02:29 CET 2026
#@# Smooth1 lh Fri Mar  6 11:02:33 CET 2026
#@# Inflation1 lh Fri Mar  6 11:02:36 CET 2026
#@# QSphere lh Fri Mar  6 11:02:47 CET 2026
#@# Fix Topology lh Fri Mar  6 11:03:51 CET 2026
#@# Smooth2 lh Fri Mar  6 11:09:05 CET 2026
#@# Inflation2 lh Fri Mar  6 11:09:07 CET 2026
#@# Curv .H and .K lh Fri Mar  6 11:09:20 CET 2026
#@# Sphere lh Fri Mar  6 11:10:01 CET 2026
#@# Surf Reg lh Fri Mar  6 11:11:33 CET 2026
#@# Jacobian white lh Fri Mar  6 11:14:51 CET 2026
#@# AvgCurv lh Fri Mar  6 11:14:52 CET 2026
#@# Cortical Parc lh Fri Mar  6 11:14:53 CET 2026
#@# white curv lh Fri Mar  6 11:20:17 CET 2026
#@# white area lh Fri Mar  6 11:20:18 CET 2026
#@# pial curv lh Fri Mar  6 11:20:19 CET 2026
#@# pial area lh Fri Mar  6 11:20:21 CET 2026
#@# thickness lh Fri Mar  6 11:20:22 CET 2026
#@# area and vertex vol lh Fri Mar  6 11:20:47 CET 2026
#@# Curvature Stats lh Fri Mar  6 11:20:49 CET 2026
#@# Cortical Parc 2 lh Fri Mar  6 11:20:51 CET 2026
#@# Cortical Parc 3 lh Fri Mar  6 11:21:03 CET 2026
#@# WM/GM Contrast lh Fri Mar  6 11:21:12 CET 2026
recon-all -s sub-v1s10x0051032_ses-1 finished without error at Fri Mar  6 11:21:16 CET 2026



#New# invocation of recon-all 



status file for recon-all
Fri Mar  6 11:47:04 CET 2026
#@# white curv lh Fri Mar  6 11:47:04 CET 2026
#@# white area lh Fri Mar  6 11:47:04 CET 2026
#@# pial curv lh Fri Mar  6 11:47:04 CET 2026
#@# pial area lh Fri Mar  6 11:47:04 CET 2026
#@# thickness lh Fri Mar  6 11:47:04 CET 2026
#@# area and vertex vol lh Fri Mar  6 11:47:04 CET 2026
#@# Parcellation Stats lh Fri Mar  6 11:47:04 CET 2026
#@# Parcellation Stats 2 lh Fri Mar  6 11:47:20 CET 2026
#@# Parcellation Stats 3 lh Fri Mar  6 11:47:28 CET 2026
#@# BA_exvivo Labels lh Fri Mar  6 11:47:36 CET 2026
recon-all -s sub-v1s10x0051032_ses-1 finished without error at Fri Mar  6 11:50:15 CET 2026
