status file for recon-all
Wed Mar  4 08:36:13 CET 2026
#@# Tessellate lh Wed Mar  4 08:36:13 CET 2026
#@# Smooth1 lh Wed Mar  4 08:36:18 CET 2026
#@# Inflation1 lh Wed Mar  4 08:36:21 CET 2026
#@# QSphere lh Wed Mar  4 08:36:35 CET 2026
#@# Fix Topology lh Wed Mar  4 08:38:05 CET 2026
#@# Smooth2 lh Wed Mar  4 08:44:40 CET 2026
#@# Inflation2 lh Wed Mar  4 08:44:44 CET 2026
#@# Curv .H and .K lh Wed Mar  4 08:44:58 CET 2026
#@# Sphere lh Wed Mar  4 08:45:49 CET 2026
#@# Surf Reg lh Wed Mar  4 08:48:23 CET 2026
#@# Jacobian white lh Wed Mar  4 08:52:52 CET 2026
#@# AvgCurv lh Wed Mar  4 08:52:53 CET 2026
#@# Cortical Parc lh Wed Mar  4 08:52:54 CET 2026
#@# white curv lh Wed Mar  4 09:00:01 CET 2026
#@# white area lh Wed Mar  4 09:00:03 CET 2026
#@# pial curv lh Wed Mar  4 09:00:04 CET 2026
#@# pial area lh Wed Mar  4 09:00:06 CET 2026
#@# thickness lh Wed Mar  4 09:00:07 CET 2026
#@# area and vertex vol lh Wed Mar  4 09:00:44 CET 2026
#@# Curvature Stats lh Wed Mar  4 09:00:46 CET 2026
#@# Cortical Parc 2 lh Wed Mar  4 09:00:49 CET 2026
#@# Cortical Parc 3 lh Wed Mar  4 09:01:04 CET 2026
#@# WM/GM Contrast lh Wed Mar  4 09:01:15 CET 2026
recon-all -s sub-v1s3x0050799_ses-1 finished without error at Wed Mar  4 09:01:19 CET 2026



#New# invocation of recon-all 



status file for recon-all
Wed Mar  4 09:36:18 CET 2026
#@# white curv lh Wed Mar  4 09:36:18 CET 2026
#@# white area lh Wed Mar  4 09:36:18 CET 2026
#@# pial curv lh Wed Mar  4 09:36:18 CET 2026
#@# pial area lh Wed Mar  4 09:36:18 CET 2026
#@# thickness lh Wed Mar  4 09:36:18 CET 2026
#@# area and vertex vol lh Wed Mar  4 09:36:18 CET 2026
#@# Parcellation Stats lh Wed Mar  4 09:36:18 CET 2026
#@# Parcellation Stats 2 lh Wed Mar  4 09:36:48 CET 2026
#@# Parcellation Stats 3 lh Wed Mar  4 09:37:02 CET 2026
#@# BA_exvivo Labels lh Wed Mar  4 09:37:17 CET 2026
recon-all -s sub-v1s3x0050799_ses-1 finished without error at Wed Mar  4 09:41:07 CET 2026
