status file for recon-all
Fri Mar  6 18:06:41 CET 2026
#@# MotionCor Fri Mar  6 18:06:43 CET 2026
#@# Talairach Fri Mar  6 18:06:50 CET 2026
#@# Talairach Failure Detection Fri Mar  6 18:11:13 CET 2026
#@# Nu Intensity Correction Fri Mar  6 18:11:13 CET 2026
#@# Intensity Normalization Fri Mar  6 18:14:27 CET 2026
recon-all -s sub-v1s11x0050159_ses-1 finished without error at Fri Mar  6 18:15:50 CET 2026



#New# invocation of recon-all 



status file for recon-all
Fri Mar  6 18:22:15 CET 2026
#@# EM Registration Fri Mar  6 18:22:15 CET 2026
recon-all -s sub-v1s11x0050159_ses-1 finished without error at Fri Mar  6 18:23:36 CET 2026



#New# invocation of recon-all 



status file for recon-all
Fri Mar  6 18:23:37 CET 2026
#@# CA Normalize Fri Mar  6 18:23:37 CET 2026
#@# CA Reg Fri Mar  6 18:25:00 CET 2026
#@# SubCort Seg Fri Mar  6 19:06:45 CET 2026
#@# CC Seg Fri Mar  6 19:33:18 CET 2026
#@# Merge ASeg Fri Mar  6 19:33:53 CET 2026
#@# Intensity Normalization2 Fri Mar  6 19:33:53 CET 2026
#@# Mask BFS Fri Mar  6 19:36:02 CET 2026
#@# WM Segmentation Fri Mar  6 19:36:03 CET 2026
#@# Fill Fri Mar  6 19:37:55 CET 2026
recon-all -s sub-v1s11x0050159_ses-1 finished without error at Fri Mar  6 19:38:55 CET 2026



#New# invocation of recon-all 



status file for recon-all
Fri Mar  6 20:15:58 CET 2026
#@# white curv lh Fri Mar  6 20:15:58 CET 2026
#@# white area lh Fri Mar  6 20:15:58 CET 2026
#@# pial curv lh Fri Mar  6 20:15:58 CET 2026
#@# pial area lh Fri Mar  6 20:15:58 CET 2026
#@# thickness lh Fri Mar  6 20:15:58 CET 2026
#@# area and vertex vol lh Fri Mar  6 20:15:58 CET 2026
#@# white curv rh Fri Mar  6 20:15:58 CET 2026
#@# white area rh Fri Mar  6 20:15:58 CET 2026
#@# pial curv rh Fri Mar  6 20:15:58 CET 2026
#@# pial area rh Fri Mar  6 20:15:58 CET 2026
#@# thickness rh Fri Mar  6 20:15:58 CET 2026
#@# area and vertex vol rh Fri Mar  6 20:15:58 CET 2026
#@# Cortical ribbon mask Fri Mar  6 20:15:58 CET 2026
recon-all -s sub-v1s11x0050159_ses-1 finished without error at Fri Mar  6 20:20:36 CET 2026



#New# invocation of recon-all 



status file for recon-all
Fri Mar  6 20:26:34 CET 2026
#@# white curv lh Fri Mar  6 20:26:34 CET 2026
#@# white area lh Fri Mar  6 20:26:34 CET 2026
#@# pial curv lh Fri Mar  6 20:26:34 CET 2026
#@# pial area lh Fri Mar  6 20:26:34 CET 2026
#@# thickness lh Fri Mar  6 20:26:34 CET 2026
#@# area and vertex vol lh Fri Mar  6 20:26:34 CET 2026
#@# white curv rh Fri Mar  6 20:26:34 CET 2026
#@# white area rh Fri Mar  6 20:26:34 CET 2026
#@# pial curv rh Fri Mar  6 20:26:34 CET 2026
#@# pial area rh Fri Mar  6 20:26:34 CET 2026
#@# thickness rh Fri Mar  6 20:26:34 CET 2026
#@# area and vertex vol rh Fri Mar  6 20:26:34 CET 2026
#@# Curvature Stats lh Fri Mar  6 20:26:34 CET 2026
#@# Curvature Stats rh Fri Mar  6 20:26:36 CET 2026
#@# Relabel Hypointensities Fri Mar  6 20:26:39 CET 2026
#@# APas-to-ASeg Fri Mar  6 20:26:53 CET 2026
#@# AParc-to-ASeg aparc Fri Mar  6 20:27:00 CET 2026
#@# AParc-to-ASeg aparc.a2009s Fri Mar  6 20:27:32 CET 2026
#@# AParc-to-ASeg aparc.DKTatlas Fri Mar  6 20:28:06 CET 2026
#@# WMParc Fri Mar  6 20:28:37 CET 2026
#@# ASeg Stats Fri Mar  6 20:32:09 CET 2026
recon-all -s sub-v1s11x0050159_ses-1 finished without error at Fri Mar  6 20:32:40 CET 2026
