status file for recon-all
Sat Mar  7 08:29:52 CET 2026
#@# Tessellate lh Sat Mar  7 08:29:52 CET 2026
#@# Smooth1 lh Sat Mar  7 08:29:56 CET 2026
#@# Inflation1 lh Sat Mar  7 08:29:58 CET 2026
#@# QSphere lh Sat Mar  7 08:30:10 CET 2026
#@# Fix Topology lh Sat Mar  7 08:31:05 CET 2026
#@# Smooth2 lh Sat Mar  7 08:36:50 CET 2026
#@# Inflation2 lh Sat Mar  7 08:36:52 CET 2026
#@# Curv .H and .K lh Sat Mar  7 08:37:04 CET 2026
#@# Sphere lh Sat Mar  7 08:37:50 CET 2026
#@# Surf Reg lh Sat Mar  7 08:40:38 CET 2026
#@# Jacobian white lh Sat Mar  7 08:43:54 CET 2026
#@# AvgCurv lh Sat Mar  7 08:43:54 CET 2026
#@# Cortical Parc lh Sat Mar  7 08:43:55 CET 2026
#@# white curv lh Sat Mar  7 08:49:26 CET 2026
#@# white area lh Sat Mar  7 08:49:28 CET 2026
#@# pial curv lh Sat Mar  7 08:49:28 CET 2026
#@# pial area lh Sat Mar  7 08:49:30 CET 2026
#@# thickness lh Sat Mar  7 08:49:31 CET 2026
#@# area and vertex vol lh Sat Mar  7 08:49:57 CET 2026
#@# Curvature Stats lh Sat Mar  7 08:49:58 CET 2026
#@# Cortical Parc 2 lh Sat Mar  7 08:50:00 CET 2026
#@# Cortical Parc 3 lh Sat Mar  7 08:50:12 CET 2026
#@# WM/GM Contrast lh Sat Mar  7 08:50:21 CET 2026
recon-all -s sub-v1s1x0050661_ses-1 finished without error at Sat Mar  7 08:50:24 CET 2026



#New# invocation of recon-all 



status file for recon-all
Sat Mar  7 09:18:12 CET 2026
#@# white curv lh Sat Mar  7 09:18:12 CET 2026
#@# white area lh Sat Mar  7 09:18:12 CET 2026
#@# pial curv lh Sat Mar  7 09:18:12 CET 2026
#@# pial area lh Sat Mar  7 09:18:12 CET 2026
#@# thickness lh Sat Mar  7 09:18:12 CET 2026
#@# area and vertex vol lh Sat Mar  7 09:18:12 CET 2026
#@# Parcellation Stats lh Sat Mar  7 09:18:12 CET 2026
#@# Parcellation Stats 2 lh Sat Mar  7 09:18:27 CET 2026
#@# Parcellation Stats 3 lh Sat Mar  7 09:18:35 CET 2026
#@# BA_exvivo Labels lh Sat Mar  7 09:18:43 CET 2026
recon-all -s sub-v1s1x0050661_ses-1 finished without error at Sat Mar  7 09:20:56 CET 2026
