status file for recon-all
Fri Mar  6 22:29:56 CET 2026
#@# Tessellate rh Fri Mar  6 22:29:56 CET 2026
#@# Smooth1 rh Fri Mar  6 22:30:00 CET 2026
#@# Inflation1 rh Fri Mar  6 22:30:03 CET 2026
#@# QSphere rh Fri Mar  6 22:30:17 CET 2026
#@# Fix Topology rh Fri Mar  6 22:31:31 CET 2026
#@# Smooth2 rh Fri Mar  6 22:41:49 CET 2026
#@# Inflation2 rh Fri Mar  6 22:41:52 CET 2026
#@# Curv .H and .K rh Fri Mar  6 22:42:09 CET 2026
#@# Sphere rh Fri Mar  6 22:43:06 CET 2026
#@# Surf Reg rh Fri Mar  6 22:46:05 CET 2026
#@# Jacobian white rh Fri Mar  6 22:51:17 CET 2026
#@# AvgCurv rh Fri Mar  6 22:51:18 CET 2026
#@# Cortical Parc rh Fri Mar  6 22:51:18 CET 2026
#@# white curv rh Fri Mar  6 22:58:38 CET 2026
#@# white area rh Fri Mar  6 22:58:40 CET 2026
#@# pial curv rh Fri Mar  6 22:58:41 CET 2026
#@# pial area rh Fri Mar  6 22:58:44 CET 2026
#@# thickness rh Fri Mar  6 22:58:45 CET 2026
#@# area and vertex vol rh Fri Mar  6 22:59:17 CET 2026
#@# Curvature Stats rh Fri Mar  6 22:59:18 CET 2026
#@# Cortical Parc 2 rh Fri Mar  6 22:59:22 CET 2026
#@# Cortical Parc 3 rh Fri Mar  6 22:59:37 CET 2026
#@# WM/GM Contrast rh Fri Mar  6 22:59:48 CET 2026
recon-all -s sub-v1s12x0050118_ses-1 finished without error at Fri Mar  6 22:59:52 CET 2026



#New# invocation of recon-all 



status file for recon-all
Fri Mar  6 23:11:03 CET 2026
#@# white curv rh Fri Mar  6 23:11:03 CET 2026
#@# white area rh Fri Mar  6 23:11:03 CET 2026
#@# pial curv rh Fri Mar  6 23:11:03 CET 2026
#@# pial area rh Fri Mar  6 23:11:03 CET 2026
#@# thickness rh Fri Mar  6 23:11:03 CET 2026
#@# area and vertex vol rh Fri Mar  6 23:11:03 CET 2026
#@# Parcellation Stats rh Fri Mar  6 23:11:03 CET 2026
#@# Parcellation Stats 2 rh Fri Mar  6 23:11:24 CET 2026
#@# Parcellation Stats 3 rh Fri Mar  6 23:11:36 CET 2026
#@# BA_exvivo Labels rh Fri Mar  6 23:11:46 CET 2026
recon-all -s sub-v1s12x0050118_ses-1 finished without error at Fri Mar  6 23:14:37 CET 2026
