status file for recon-all
Fri Mar  6 22:03:54 CET 2026
#@# Tessellate lh Fri Mar  6 22:03:54 CET 2026
#@# Smooth1 lh Fri Mar  6 22:03:58 CET 2026
#@# Inflation1 lh Fri Mar  6 22:04:01 CET 2026
#@# QSphere lh Fri Mar  6 22:04:14 CET 2026
#@# Fix Topology lh Fri Mar  6 22:05:18 CET 2026
#@# Smooth2 lh Fri Mar  6 22:12:16 CET 2026
#@# Inflation2 lh Fri Mar  6 22:12:19 CET 2026
#@# Curv .H and .K lh Fri Mar  6 22:12:33 CET 2026
#@# Sphere lh Fri Mar  6 22:13:25 CET 2026
#@# Surf Reg lh Fri Mar  6 22:16:29 CET 2026
#@# Jacobian white lh Fri Mar  6 22:21:37 CET 2026
#@# AvgCurv lh Fri Mar  6 22:21:38 CET 2026
#@# Cortical Parc lh Fri Mar  6 22:21:39 CET 2026
#@# white curv lh Fri Mar  6 22:28:42 CET 2026
#@# white area lh Fri Mar  6 22:28:44 CET 2026
#@# pial curv lh Fri Mar  6 22:28:45 CET 2026
#@# pial area lh Fri Mar  6 22:28:46 CET 2026
#@# thickness lh Fri Mar  6 22:28:47 CET 2026
#@# area and vertex vol lh Fri Mar  6 22:29:20 CET 2026
#@# Curvature Stats lh Fri Mar  6 22:29:22 CET 2026
#@# Cortical Parc 2 lh Fri Mar  6 22:29:25 CET 2026
#@# Cortical Parc 3 lh Fri Mar  6 22:29:39 CET 2026
#@# WM/GM Contrast lh Fri Mar  6 22:29:49 CET 2026
recon-all -s sub-v1s12x0050118_ses-1 finished without error at Fri Mar  6 22:29:52 CET 2026



#New# invocation of recon-all 



status file for recon-all
Fri Mar  6 23:07:16 CET 2026
#@# white curv lh Fri Mar  6 23:07:17 CET 2026
#@# white area lh Fri Mar  6 23:07:17 CET 2026
#@# pial curv lh Fri Mar  6 23:07:17 CET 2026
#@# pial area lh Fri Mar  6 23:07:17 CET 2026
#@# thickness lh Fri Mar  6 23:07:17 CET 2026
#@# area and vertex vol lh Fri Mar  6 23:07:17 CET 2026
#@# Parcellation Stats lh Fri Mar  6 23:07:17 CET 2026
#@# Parcellation Stats 2 lh Fri Mar  6 23:07:38 CET 2026
#@# Parcellation Stats 3 lh Fri Mar  6 23:07:49 CET 2026
#@# BA_exvivo Labels lh Fri Mar  6 23:08:00 CET 2026
recon-all -s sub-v1s12x0050118_ses-1 finished without error at Fri Mar  6 23:11:01 CET 2026
