status file for recon-all
Wed Feb 25 01:03:58 CET 2026
#@# Tessellate lh Wed Feb 25 01:03:58 CET 2026
#@# Smooth1 lh Wed Feb 25 01:04:04 CET 2026
#@# Inflation1 lh Wed Feb 25 01:04:07 CET 2026
#@# QSphere lh Wed Feb 25 01:04:30 CET 2026
#@# Fix Topology lh Wed Feb 25 01:06:47 CET 2026
#@# Smooth2 lh Wed Feb 25 01:16:15 CET 2026
#@# Inflation2 lh Wed Feb 25 01:16:20 CET 2026
#@# Curv .H and .K lh Wed Feb 25 01:16:41 CET 2026
#@# Sphere lh Wed Feb 25 01:17:41 CET 2026
#@# Surf Reg lh Wed Feb 25 01:29:55 CET 2026
#@# Jacobian white lh Wed Feb 25 01:38:49 CET 2026
#@# AvgCurv lh Wed Feb 25 01:38:50 CET 2026
#@# Cortical Parc lh Wed Feb 25 01:38:52 CET 2026
#@# white curv lh Wed Feb 25 01:47:03 CET 2026
#@# white area lh Wed Feb 25 01:47:05 CET 2026
#@# pial curv lh Wed Feb 25 01:47:07 CET 2026
#@# pial area lh Wed Feb 25 01:47:09 CET 2026
#@# thickness lh Wed Feb 25 01:47:11 CET 2026
#@# area and vertex vol lh Wed Feb 25 01:47:57 CET 2026
#@# Curvature Stats lh Wed Feb 25 01:48:00 CET 2026
#@# Cortical Parc 2 lh Wed Feb 25 01:48:04 CET 2026
#@# Cortical Parc 3 lh Wed Feb 25 01:48:23 CET 2026
#@# WM/GM Contrast lh Wed Feb 25 01:48:38 CET 2026
recon-all -s sub-v1s0x0050659_ses-1 finished without error at Wed Feb 25 01:48:43 CET 2026



#New# invocation of recon-all 



status file for recon-all
Wed Feb 25 02:27:37 CET 2026
#@# white curv lh Wed Feb 25 02:27:37 CET 2026
#@# white area lh Wed Feb 25 02:27:38 CET 2026
#@# pial curv lh Wed Feb 25 02:27:38 CET 2026
#@# pial area lh Wed Feb 25 02:27:38 CET 2026
#@# thickness lh Wed Feb 25 02:27:38 CET 2026
#@# area and vertex vol lh Wed Feb 25 02:27:38 CET 2026
#@# Parcellation Stats lh Wed Feb 25 02:27:38 CET 2026
#@# Parcellation Stats 2 lh Wed Feb 25 02:28:17 CET 2026
#@# Parcellation Stats 3 lh Wed Feb 25 02:28:38 CET 2026
#@# BA_exvivo Labels lh Wed Feb 25 02:28:57 CET 2026
recon-all -s sub-v1s0x0050659_ses-1 finished without error at Wed Feb 25 02:33:41 CET 2026
