/out/sourcedata/freesurfer/sub-v1s11x0050162_ses-1/mri
/opt/freesurfer/bin/talairach_avi
--i orig_nu.mgz --xfm transforms/talairach.auto.xfm
talairach_avi 7.3.2
Linux dna018 5.14.0-427.37.1.el9_4.x86_64 #1 SMP PREEMPT_DYNAMIC Fri Sep 13 12:41:50 EDT 2024 x86_64 x86_64 x86_64 GNU/Linux
Fri Mar  6 18:24:13 CET 2026
mri_convert orig_nu.mgz talsrcimg.img 
reading from orig_nu.mgz...
TR=0.00, TE=0.00, TI=0.00, flip angle=0.00
i_ras = (-1, -2.09548e-09, 3.72529e-09)
j_ras = (0, -9.31323e-10, -1)
k_ras = (2.09548e-09, 1, 0)
writing to talsrcimg.img...
Analyze Output Matrix
-1.00000   0.00000   0.00000   120.93571;
-0.00000  -0.00000   1.00000  -128.62671;
 0.00000  -1.00000   0.00000   161.18741;
 0.00000   0.00000   0.00000   1.00000;
--------------------
INFO: set hdr.hist.orient to -1
mpr2mni305 talsrcimg
Fri Mar  6 18:24:14 CET 2026
/opt/freesurfer/bin/mpr2mni305 talsrcimg
mpr2mni305 7.3.2
target=711-2C_as_mni_average_305

---------------------------------------------------------------------
analyzeto4dfp talsrcimg -O0 -y
---------------------------------------------------------------------

freesurfer ifh2hdr.c
Fri Mar  6 18:24:14 2026
Writing: talsrcimg.4dfp.hdr
freesurfer analyzeto4dfp.c
Reading: talsrcimg.hdr
header size 348 bytes
hdr.dime.datatype	offset=70	value=2
hdr.dime.bitpix		offset=72	value=8
hdr.hist.orient		offset=252	value=-1
dimensionality     4
dimensions       256       256       256         1
Reading: talsrcimg.img
Writing: talsrcimg.4dfp.img
Writing: talsrcimg.4dfp.ifh
ifh2hdr talsrcimg -r0to198
ori=2

---------------------------------------------------------------------
gauss_4dfp talsrcimg 1.1
---------------------------------------------------------------------

freesurfer gauss_4dfp.c
Reading: talsrcimg.4dfp.img
Writing: talsrcimg_g11.4dfp.img
image dimensions 256 256 256 padded to 288 288 288
processing volume 1freesurfer ifh2hdr.c
Fri Mar  6 18:24:16 2026
Writing: talsrcimg_g11.4dfp.hdr

Writing: talsrcimg_g11.4dfp.ifh
including: talsrcimg.4dfp.img.rec in talsrcimg_g11.4dfp.img.rec

---------------------------------------------------------------------
imgreg_4dfp /opt/freesurfer/average/711-2C_as_mni_average_305 none talsrcimg_g11 none talsrcimg_to_711-2C_as_mni_average_305_t4 4355
---------------------------------------------------------------------

freesurfer imgreg_4dfp.c
/opt/freesurfer/average/711-2C_as_mni_average_305.4dfp.img
       256       256       256         1
  1.000000  1.000000  1.000000
orientation T byte_order littleendian
Reading image: /opt/freesurfer/average/711-2C_as_mni_average_305.4dfp.img
dimensions:      256       256       256
mmppix:       1.0000   -1.0000   -1.0000
center:     128.0000 -129.0000 -129.0000
talsrcimg_g11.4dfp.img
       256       256       256         1
  1.000000  1.000000  1.000000
orientation T byte_order littleendian
Reading image: talsrcimg_g11.4dfp.img
dimensions:      256       256       256
mmppix:       1.0000   -1.0000   -1.0000
center:     128.0000 -129.0000 -129.0000
t4_read: open error in t4_sub.f l:  41 t4_file(1:l)talsrcimg_to_711-2C_as_mni_average_305_t4 
t4_read: transform initialized to I4
rotation matrix determinant  1.000000
image alignment mode   4355 decimal     1103 hex
   -7.5000  -45.0000  -45.0000 7782.8540   19.6058
    0.0000  -45.0000  -45.0000 8176.4097   19.6143
    7.5000  -45.0000  -45.0000 7923.3384   19.6364
   -7.5000  -37.5000  -45.0000 8318.1592   19.5934
    0.0000  -37.5000  -45.0000 8744.2637   19.6063
    7.5000  -37.5000  -45.0000 8471.1289   19.6202
   -7.5000  -30.0000  -45.0000 9157.2666   19.6157
    0.0000  -30.0000  -45.0000 9622.9473   19.6258
    7.5000  -30.0000  -45.0000 9296.4326   19.6343
   -7.5000  -22.5000  -45.0000 9890.2969   19.6314
    0.0000  -22.5000  -45.000010342.6533   19.6349
    7.5000  -22.5000  -45.000010012.3584   19.6477
   -7.5000  -15.0000  -45.000010478.3291   19.6252
    0.0000  -15.0000  -45.000010971.6465   19.6246
    7.5000  -15.0000  -45.000010597.4658   19.6460
   -7.5000   -7.5000  -45.000011056.2109   19.6016
    0.0000   -7.5000  -45.000011582.3867   19.6032
    7.5000   -7.5000  -45.000011138.0713   19.6285
   -7.5000    0.0000  -45.000011565.0322   19.5849
    0.0000    0.0000  -45.000012103.5479   19.5933
    7.5000    0.0000  -45.000011660.6738   19.6154
   -7.5000    7.5000  -45.000011247.6758   19.5927
    0.0000    7.5000  -45.000011752.3311   19.6056
    7.5000    7.5000  -45.000011357.7812   19.6194
   -7.5000   15.0000  -45.000010865.2646   19.6157
    0.0000   15.0000  -45.000011313.2520   19.6258
    7.5000   15.0000  -45.000010915.5566   19.6343
   -7.5000   22.5000  -45.000010239.4629   19.6287
    0.0000   22.5000  -45.000010672.8516   19.6322
    7.5000   22.5000  -45.000010271.6875   19.6450
   -7.5000   30.0000  -45.0000 9390.7275   19.3636
    0.0000   30.0000  -45.0000 9805.0537   19.3631
    7.5000   30.0000  -45.0000 9401.1855   19.3842
   -7.5000   37.5000  -45.0000 8829.2148   19.3404
    0.0000   37.5000  -45.0000 9224.9561   19.3420
    7.5000   37.5000  -45.0000 8814.9395   19.3669
   -7.5000   45.0000  -45.0000 8024.6113   18.8333
    0.0000   45.0000  -45.0000 8407.1377   18.8413
    7.5000   45.0000  -45.0000 8030.0645   18.8625
   -7.5000  -45.0000  -37.5000 8347.6758   19.5026
    0.0000  -45.0000  -37.5000 8768.9873   19.5119
    7.5000  -45.0000  -37.5000 8477.1719   19.5317
   -7.5000  -37.5000  -37.5000 8931.9775   19.4927
    0.0000  -37.5000  -37.5000 9366.5449   19.5079
    7.5000  -37.5000  -37.5000 9032.8926   19.5228
   -7.5000  -30.0000  -37.5000 9795.2500   19.5196
    0.0000  -30.0000  -37.500010264.2646   19.5335
    7.5000  -30.0000  -37.5000 9887.9375   19.5422
   -7.5000  -22.5000  -37.500010559.0723   19.5382
    0.0000  -22.5000  -37.500011048.4600   19.5461
    7.5000  -22.5000  -37.500010632.5703   19.5541
   -7.5000  -15.0000  -37.500011150.7920   19.5305
    0.0000  -15.0000  -37.500011672.9785   19.5328
    7.5000  -15.0000  -37.500011229.0889   19.5455
   -7.5000   -7.5000  -37.500011755.0078   19.5019
    0.0000   -7.5000  -37.500012307.8057   19.5042
    7.5000   -7.5000  -37.500011812.5742   19.5225
   -7.5000    0.0000  -37.500012290.9551   19.4819
    0.0000    0.0000  -37.500012841.7803   19.4912
    7.5000    0.0000  -37.500012344.4619   19.5109
   -7.5000    7.5000  -37.500011970.7959   19.4920
    0.0000    7.5000  -37.500012478.7383   19.5072
    7.5000    7.5000  -37.500012019.5010   19.5221
   -7.5000   15.0000  -37.500011539.6562   19.5196
    0.0000   15.0000  -37.500012009.5254   19.5335
    7.5000   15.0000  -37.500011526.4307   19.5422
   -7.5000   22.5000  -37.500010835.6211   19.5355
    0.0000   22.5000  -37.500011293.3457   19.5435
    7.5000   22.5000  -37.500010825.2588   19.5514
   -7.5000   30.0000  -37.5000 9941.3867   19.2703
    0.0000   30.0000  -37.500010364.6377   19.2725
    7.5000   30.0000  -37.5000 9901.7510   19.2850
   -7.5000   37.5000  -37.5000 9302.4287   19.2420
    0.0000   37.5000  -37.5000 9712.4639   19.2443
    7.5000   37.5000  -37.5000 9269.5576   19.2623
   -7.5000   45.0000  -37.5000 8424.5605   18.7342
    0.0000   45.0000  -37.5000 8811.3652   18.7431
    7.5000   45.0000  -37.5000 8424.9131   18.7620
   -7.5000  -45.0000  -30.0000 9080.7822   20.2963
    0.0000  -45.0000  -30.0000 9524.6934   20.3045
    7.5000  -45.0000  -30.0000 9198.2637   20.3124
   -7.5000  -37.5000  -30.0000 9682.1992   20.2839
    0.0000  -37.5000  -30.000010137.2959   20.2975
    7.5000  -37.5000  -30.0000 9760.7197   20.3024
   -7.5000  -30.0000  -30.000010588.0176   20.2986
    0.0000  -30.0000  -30.000011094.3408   20.3134
    7.5000  -30.0000  -30.000010657.7314   20.3135
   -7.5000  -22.5000  -30.000011377.3008   20.3067
    0.0000  -22.5000  -30.000011930.2256   20.3186
    7.5000  -22.5000  -30.000011458.5430   20.3176
   -7.5000  -15.0000  -30.000012025.6631   20.3000
    0.0000  -15.0000  -30.000012597.8389   20.3064
    7.5000  -15.0000  -30.000012100.3057   20.3085
   -7.5000   -7.5000  -30.000012676.2139   20.2835
    0.0000   -7.5000  -30.000013239.8311   20.2872
    7.5000   -7.5000  -30.000012711.9111   20.2935
   -7.5000    0.0000  -30.000013256.0781   20.2747
    0.0000    0.0000  -30.000013828.5488   20.2829
    7.5000    0.0000  -30.000013276.8447   20.2907
   -7.5000    7.5000  -30.000012876.8174   20.2831
    0.0000    7.5000  -30.000013439.0342   20.2968
    7.5000    7.5000  -30.000012892.8203   20.3016
   -7.5000   15.0000  -30.000012363.3418   20.2986
    0.0000   15.0000  -30.000012898.6211   20.3134
    7.5000   15.0000  -30.000012342.5850   20.3135
   -7.5000   22.5000  -30.000011583.7441   20.3018
    0.0000   22.5000  -30.000012080.9004   20.3137
    7.5000   22.5000  -30.000011553.1777   20.3127
   -7.5000   30.0000  -30.000010620.4707   20.0314
    0.0000   30.0000  -30.000011068.1709   20.0377
    7.5000   30.0000  -30.000010556.8916   20.0398
   -7.5000   37.5000  -30.0000 9934.3115   20.0151
    0.0000   37.5000  -30.000010358.0664   20.0188
    7.5000   37.5000  -30.0000 9860.3232   20.0250
   -7.5000   45.0000  -30.0000 8992.7109   19.5109
    0.0000   45.0000  -30.0000 9384.2842   19.5188
    7.5000   45.0000  -30.0000 8959.3008   19.5263
   -7.5000  -45.0000  -22.5000 9761.5312   21.0114
    0.0000  -45.0000  -22.500010266.3242   21.0183
    7.5000  -45.0000  -22.5000 9892.0361   21.0160
   -7.5000  -37.5000  -22.500010369.4902   20.9944
    0.0000  -37.5000  -22.500010900.8047   21.0042
    7.5000  -37.5000  -22.500010465.2939   20.9962
   -7.5000  -30.0000  -22.500011322.5693   20.9903
    0.0000  -30.0000  -22.500011906.6689   21.0015
    7.5000  -30.0000  -22.500011427.2256   20.9909
   -7.5000  -22.5000  -22.500012140.2354   20.9827
    0.0000  -22.5000  -22.500012772.5850   20.9935
    7.5000  -22.5000  -22.500012266.8760   20.9880
   -7.5000  -15.0000  -22.500012879.5078   20.9779
    0.0000  -15.0000  -22.500013517.5654   20.9858
    7.5000  -15.0000  -22.500012957.6025   20.9871
   -7.5000   -7.5000  -22.500013588.1592   20.9811
    0.0000   -7.5000  -22.500014206.1445   20.9864
    7.5000   -7.5000  -22.500013589.5830   20.9883
   -7.5000    0.0000  -22.500014207.2451   20.9891
    0.0000    0.0000  -22.500014848.3555   20.9960
    7.5000    0.0000  -22.500014168.0850   20.9937
   -7.5000    7.5000  -22.500013772.2334   20.9936
    0.0000    7.5000  -22.500014404.6055   21.0034
    7.5000    7.5000  -22.500013751.6113   20.9954
   -7.5000   15.0000  -22.500013187.3779   20.9903
    0.0000   15.0000  -22.500013759.3418   21.0015
    7.5000   15.0000  -22.500013121.8447   20.9909
   -7.5000   22.5000  -22.500012343.9297   20.9762
    0.0000   22.5000  -22.500012882.3320   20.9870
    7.5000   22.5000  -22.500012277.3584   20.9816
   -7.5000   30.0000  -22.500011307.9541   20.7035
    0.0000   30.0000  -22.500011795.3457   20.7113
    7.5000   30.0000  -22.500011225.5830   20.7126
   -7.5000   37.5000  -22.500010570.2256   20.7067
    0.0000   37.5000  -22.500011006.9033   20.7119
    7.5000   37.5000  -22.500010463.7500   20.7138
   -7.5000   45.0000  -22.5000 9558.4521   20.2135
    0.0000   45.0000  -22.5000 9939.0986   20.2201
    7.5000   45.0000  -22.5000 9457.9346   20.2179
   -7.5000  -45.0000  -15.000010427.9922   21.5399
    0.0000  -45.0000  -15.000010962.4531   21.5457
    7.5000  -45.0000  -15.000010556.4004   21.5449
   -7.5000  -37.5000  -15.000011066.0977   21.5215
    0.0000  -37.5000  -15.000011645.4600   21.5287
    7.5000  -37.5000  -15.000011175.1660   21.5179
   -7.5000  -30.0000  -15.000012056.1445   21.5124
    0.0000  -30.0000  -15.000012682.6289   21.5195
    7.5000  -30.0000  -15.000012173.8105   21.5062
   -7.5000  -22.5000  -15.000012900.9678   21.4994
    0.0000  -22.5000  -15.000013566.4971   21.5056
    7.5000  -22.5000  -15.000013037.2656   21.5030
   -7.5000  -15.0000  -15.000013682.3232   21.4940
    0.0000  -15.0000  -15.000014356.3066   21.4988
    7.5000  -15.0000  -15.000013749.0762   21.5082
   -7.5000   -7.5000  -15.000014432.6328   21.5033
    0.0000   -7.5000  -15.000015109.1016   21.5077
    7.5000   -7.5000  -15.000014418.9307   21.5163
   -7.5000    0.0000  -15.000015105.4502   21.5170
    0.0000    0.0000  -15.000015788.8184   21.5228
    7.5000    0.0000  -15.000015028.7275   21.5220
   -7.5000    7.5000  -15.000014641.6455   21.5207
    0.0000    7.5000  -15.000015322.4443   21.5278
    7.5000    7.5000  -15.000014581.6328   21.5170
   -7.5000   15.0000  -15.000013977.9365   21.5124
    0.0000   15.0000  -15.000014611.6514   21.5195
    7.5000   15.0000  -15.000013905.5010   21.5062
   -7.5000   22.5000  -15.000013050.6377   21.4918
    0.0000   22.5000  -15.000013636.8438   21.4980
    7.5000   22.5000  -15.000012987.3369   21.4954
   -7.5000   30.0000  -15.000011941.2344   21.2158
    0.0000   30.0000  -15.000012464.6787   21.2206
    7.5000   30.0000  -15.000011841.2627   21.2299
   -7.5000   37.5000  -15.000011183.3838   21.2250
    0.0000   37.5000  -15.000011650.3398   21.2293
    7.5000   37.5000  -15.000011048.8496   21.2378
   -7.5000   45.0000  -15.000010084.5449   20.7345
    0.0000   45.0000  -15.000010486.3281   20.7400
    7.5000   45.0000  -15.0000 9955.0850   20.7392
   -7.5000  -45.0000   -7.500011143.7285   21.7997
    0.0000  -45.0000   -7.500011688.7979   21.8060
    7.5000  -45.0000   -7.500011238.1504   21.8182
   -7.5000  -37.5000   -7.500011791.8477   21.7831
    0.0000  -37.5000   -7.500012376.5703   21.7920
    7.5000  -37.5000   -7.500011904.7041   21.7932
   -7.5000  -30.0000   -7.500012836.8242   21.7885
    0.0000  -30.0000   -7.500013460.6797   21.7953
    7.5000  -30.0000   -7.500012972.5527   21.7926
   -7.5000  -22.5000   -7.500013719.7207   21.7882
    0.0000  -22.5000   -7.500014387.2549   21.7907
    7.5000  -22.5000   -7.500013887.0879   21.7980
   -7.5000  -15.0000   -7.500014504.4111   21.7817
    0.0000  -15.0000   -7.500015185.3594   21.7819
    7.5000  -15.0000   -7.500014584.3057   21.8017
   -7.5000   -7.5000   -7.500015319.5264   21.7763
    0.0000   -7.5000   -7.500015983.7959   21.7781
    7.5000   -7.5000   -7.500015295.3223   21.7989
   -7.5000    0.0000   -7.500016061.2520   21.7766
    0.0000    0.0000   -7.500016726.9512   21.7828
    7.5000    0.0000   -7.500015964.3154   21.7950
   -7.5000    7.5000   -7.500015573.4453   21.7823
    0.0000    7.5000   -7.500016224.3174   21.7912
    7.5000    7.5000   -7.500015481.6064   21.7923
   -7.5000   15.0000   -7.500014801.9326   21.7885
    0.0000   15.0000   -7.500015424.8994   21.7953
    7.5000   15.0000   -7.500014711.9971   21.7926
   -7.5000   22.5000   -7.500013770.6846   21.7781
    0.0000   22.5000   -7.500014368.8936   21.7806
    7.5000   22.5000   -7.500013691.6631   21.7879
   -7.5000   30.0000   -7.500012573.8018   21.4993
    0.0000   30.0000   -7.500013106.9531   21.4994
    7.5000   30.0000   -7.500012475.4277   21.5189
   -7.5000   37.5000   -7.500011808.4600   21.4939
    0.0000   37.5000   -7.500012277.5537   21.4956
    7.5000   37.5000   -7.500011678.3477   21.5162
   -7.5000   45.0000   -7.500010644.6855   20.9885
    0.0000   45.0000   -7.500011044.2891   20.9945
    7.5000   45.0000   -7.500010508.0918   21.0062
   -7.5000  -45.0000    0.000011756.3955   21.8268
    0.0000  -45.0000    0.000012305.4512   21.8357
    7.5000  -45.0000    0.000011854.9160   21.8600
   -7.5000  -37.5000    0.000012411.2324   21.8134
    0.0000  -37.5000    0.000013025.3838   21.8272
    7.5000  -37.5000    0.000012527.8311   21.8424
   -7.5000  -30.0000    0.000013500.5527   21.8380
    0.0000  -30.0000    0.000014146.6699   21.8487
    7.5000  -30.0000    0.000013660.2432   21.8579
   -7.5000  -22.5000    0.000014494.5791   21.8549
    0.0000  -22.5000    0.000015182.8682   21.8584
    7.5000  -22.5000    0.000014663.5479   21.8724
   -7.5000  -15.0000    0.000015355.0615   21.8477
    0.0000  -15.0000    0.000015987.8564   21.8467
    7.5000  -15.0000    0.000015363.9355   21.8702
   -7.5000   -7.5000    0.000016196.0195   21.8218
    0.0000   -7.5000    0.000016771.7324   21.8231
    7.5000   -7.5000    0.000016069.6309   21.8509
   -7.5000    0.0000    0.000016975.4297   21.8037
    0.0000    0.0000    0.000017556.2168   21.8126
    7.5000    0.0000    0.000016798.4082   21.8368
   -7.5000    7.5000    0.000016438.8438   21.8126
    0.0000    7.5000    0.000017029.2793   21.8264
    7.5000    7.5000    0.000016256.5078   21.8415
   -7.5000   15.0000    0.000015547.2451   21.8380
    0.0000   15.0000    0.000016126.6533   21.8487
    7.5000   15.0000    0.000015373.8965   21.8579
   -7.5000   22.5000    0.000014437.1914   21.8449
    0.0000   22.5000    0.000014967.1348   21.8484
    7.5000   22.5000    0.000014258.1074   21.8623
   -7.5000   30.0000    0.000013182.7041   21.5649
    0.0000   30.0000    0.000013641.1279   21.5639
    7.5000   30.0000    0.000012985.1484   21.5872
   -7.5000   37.5000    0.000012399.4873   21.5394
    0.0000   37.5000    0.000012837.3281   21.5407
    7.5000   37.5000    0.000012234.0732   21.5681
   -7.5000   45.0000    0.000011179.4795   21.0162
    0.0000   45.0000    0.000011577.7930   21.0248
    7.5000   45.0000    0.000011030.3691   21.0481
   -7.5000  -45.0000    7.500011445.3330   21.7993
    0.0000  -45.0000    7.500011985.1465   21.8095
    7.5000  -45.0000    7.500011530.0996   21.8314
   -7.5000  -37.5000    7.500012012.6787   21.7883
    0.0000  -37.5000    7.500012599.1777   21.8050
    7.5000  -37.5000    7.500012154.7480   21.8215
   -7.5000  -30.0000    7.500013053.9043   21.8183
    0.0000  -30.0000    7.500013696.5205   21.8336
    7.5000  -30.0000    7.500013270.6201   21.8431
   -7.5000  -22.5000    7.500014148.8291   21.8390
    0.0000  -22.5000    7.500014905.7441   21.8476
    7.5000  -22.5000    7.500014346.8564   21.8563
   -7.5000  -15.0000    7.500015051.9688   21.8304
    0.0000  -15.0000    7.500015679.3496   21.8328
    7.5000  -15.0000    7.500015084.2510   21.8468
   -7.5000   -7.5000    7.500015754.0566   21.7985
    0.0000   -7.5000    7.500016273.9541   21.8008
    7.5000   -7.5000    7.500015706.0186   21.8211
   -7.5000    0.0000    7.500016470.5488   21.7762
    0.0000    0.0000    7.500016969.9844   21.7864
    7.5000    0.0000    7.500016393.6934   21.8082
   -7.5000    7.5000    7.500015980.6279   21.7875
    0.0000    7.5000    7.500016497.3125   21.8042
    7.5000    7.5000    7.500015890.4043   21.8206
   -7.5000   15.0000    7.500015088.6104   21.8183
    0.0000   15.0000    7.500015625.8389   21.8336
    7.5000   15.0000    7.500014985.1816   21.8431
   -7.5000   22.5000    7.500013979.7871   21.8289
    0.0000   22.5000    7.500014496.6562   21.8376
    7.5000   22.5000    7.500013825.1328   21.8462
   -7.5000   30.0000    7.500012766.4023   21.5479
    0.0000   30.0000    7.500013230.0293   21.5502
    7.5000   30.0000    7.500012563.2715   21.5640
   -7.5000   37.5000    7.500012018.1504   21.5163
    0.0000   37.5000    7.500012487.3613   21.5187
    7.5000   37.5000    7.500011857.9316   21.5387
   -7.5000   45.0000    7.500010846.8896   20.9897
    0.0000   45.0000    7.500011297.7344   20.9996
    7.5000   45.0000    7.500010714.4355   21.0206
   -7.5000  -45.0000   15.000011034.0703   21.7991
    0.0000  -45.0000   15.000011570.4854   21.8079
    7.5000  -45.0000   15.000011133.5088   21.8164
   -7.5000  -37.5000   15.000011560.7178   21.7858
    0.0000  -37.5000   15.000012121.2637   21.8005
    7.5000  -37.5000   15.000011726.6016   21.8057
   -7.5000  -30.0000   15.000012570.2422   21.8017
    0.0000  -30.0000   15.000013145.6631   21.8176
    7.5000  -30.0000   15.000012787.3564   21.8177
   -7.5000  -22.5000   15.000013531.1465   21.8103
    0.0000  -22.5000   15.000014209.9287   21.8231
    7.5000  -22.5000   15.000013818.5947   21.8220
   -7.5000  -15.0000   15.000014349.9072   21.8030
    0.0000  -15.0000   15.000014986.0000   21.8099
    7.5000  -15.0000   15.000014610.2891   21.8121
   -7.5000   -7.5000   15.000015087.2178   21.7853
    0.0000   -7.5000   15.000015670.0537   21.7893
    7.5000   -7.5000   15.000015282.1250   21.7960
   -7.5000    0.0000   15.000015786.9453   21.7759
    0.0000    0.0000   15.000016391.1738   21.7847
    7.5000    0.0000   15.000015897.2041   21.7931
   -7.5000    7.5000   15.000015290.3877   21.7850
    0.0000    7.5000   15.000015945.6309   21.7997
    7.5000    7.5000   15.000015355.6172   21.8049
   -7.5000   15.0000   15.000014408.6533   21.8017
    0.0000   15.0000   15.000015078.9463   21.8176
    7.5000   15.0000   15.000014455.2910   21.8177
   -7.5000   22.5000   15.000013350.6104   21.8002
    0.0000   22.5000   15.000013961.6152   21.8130
    7.5000   22.5000   15.000013330.9258   21.8119
   -7.5000   30.0000   15.000012192.9463   21.5208
    0.0000   30.0000   15.000012703.2881   21.5276
    7.5000   30.0000   15.000012103.9824   21.5299
   -7.5000   37.5000   15.000011512.1826   21.5033
    0.0000   37.5000   15.000011982.4902   21.5073
    7.5000   37.5000   15.000011399.6533   21.5140
   -7.5000   45.0000   15.000010417.9199   20.9895
    0.0000   45.0000   15.000010836.4834   20.9979
    7.5000   45.0000   15.000010311.7178   21.0060
   -7.5000  -45.0000   22.500010495.4258   21.8472
    0.0000  -45.0000   22.500010995.9482   21.8546
    7.5000  -45.0000   22.500010619.8662   21.8523
   -7.5000  -37.5000   22.500011049.6963   21.8297
    0.0000  -37.5000   22.500011529.3955   21.8400
    7.5000  -37.5000   22.500011195.9414   21.8318
   -7.5000  -30.0000   22.500011990.2295   21.8254
    0.0000  -30.0000   22.500012546.7324   21.8373
    7.5000  -30.0000   22.500012201.2129   21.8263
   -7.5000  -22.5000   22.500012879.2861   21.8173
    0.0000  -22.5000   22.500013494.5049   21.8288
    7.5000  -22.5000   22.500013145.4150   21.8233
   -7.5000  -15.0000   22.500013691.5908   21.8122
    0.0000  -15.0000   22.500014313.9551   21.8207
    7.5000  -15.0000   22.500013922.9561   21.8222
   -7.5000   -7.5000   22.500014455.9531   21.8155
    0.0000   -7.5000   22.500015098.9492   21.8213
    7.5000   -7.5000   22.500014632.4092   21.8234
   -7.5000    0.0000   22.500015107.6006   21.8240
    0.0000    0.0000   22.500015804.6191   21.8313
    7.5000    0.0000   22.500015257.0557   21.8290
   -7.5000    7.5000   22.500014584.5596   21.8289
    0.0000    7.5000   22.500015262.1094   21.8391
    7.5000    7.5000   22.500014720.4473   21.8309
   -7.5000   15.0000   22.500013734.6670   21.8254
    0.0000   15.0000   22.500014358.5771   21.8373
    7.5000   15.0000   22.500013852.9971   21.8263
   -7.5000   22.5000   22.500012705.1104   21.8073
    0.0000   22.5000   22.500013257.0967   21.8188
    7.5000   22.5000   22.500012766.4326   21.8132
   -7.5000   30.0000   22.500011613.8154   21.5299
    0.0000   30.0000   22.500012074.3271   21.5383
    7.5000   30.0000   22.500011588.3105   21.5398
   -7.5000   37.5000   22.500010931.0049   21.5332
    0.0000   37.5000   22.500011365.0938   21.5389
    7.5000   37.5000   22.500010893.0479   21.5410
   -7.5000   45.0000   22.5000 9825.3877   21.0358
    0.0000   45.0000   22.500010238.1279   21.0429
    7.5000   45.0000   22.5000 9804.9795   21.0407
   -7.5000  -45.0000   30.0000 9857.4092   21.9307
    0.0000  -45.0000   30.000010352.7578   21.9369
    7.5000  -45.0000   30.0000 9958.3779   21.9363
   -7.5000  -37.5000   30.000010400.6641   21.9122
    0.0000  -37.5000   30.000010904.3047   21.9197
    7.5000  -37.5000   30.000010514.6660   21.9089
   -7.5000  -30.0000   30.000011302.0254   21.9031
    0.0000  -30.0000   30.000011880.4404   21.9105
    7.5000  -30.0000   30.000011450.9463   21.8971
   -7.5000  -22.5000   30.000012165.5244   21.8895
    0.0000  -22.5000   30.000012764.5107   21.8961
    7.5000  -22.5000   30.000012334.2988   21.8937
   -7.5000  -15.0000   30.000012891.5830   21.8837
    0.0000  -15.0000   30.000013496.3516   21.8890
    7.5000  -15.0000   30.000013030.9258   21.8988
   -7.5000   -7.5000   30.000013555.0928   21.8932
    0.0000   -7.5000   30.000014194.2275   21.8979
    7.5000   -7.5000   30.000013708.6738   21.9069
   -7.5000    0.0000   30.000014141.4424   21.9073
    0.0000    0.0000   30.000014805.3779   21.9135
    7.5000    0.0000   30.000014288.4766   21.9128
   -7.5000    7.5000   30.000013671.4111   21.9114
    0.0000    7.5000   30.000014321.4697   21.9189
    7.5000    7.5000   30.000013815.6133   21.9080
   -7.5000   15.0000   30.000012885.8623   21.9031
    0.0000   15.0000   30.000013490.0889   21.9105
    7.5000   15.0000   30.000013018.0674   21.8971
   -7.5000   22.5000   30.000011939.2998   21.8794
    0.0000   22.5000   30.000012476.3125   21.8860
    7.5000   22.5000   30.000012014.7148   21.8836
   -7.5000   30.0000   30.000010916.9150   21.6005
    0.0000   30.0000   30.000011374.8291   21.6057
    7.5000   30.0000   30.000010936.8555   21.6153
   -7.5000   37.5000   30.000010269.1934   21.6098
    0.0000   37.5000   30.000010691.4570   21.6145
    7.5000   37.5000   30.000010270.0830   21.6234
   -7.5000   45.0000   30.0000 9211.5020   21.1161
    0.0000   45.0000   30.0000 9603.9434   21.1221
    7.5000   45.0000   30.0000 9223.3037   21.1214
   -7.5000  -45.0000   37.5000 9543.3398   22.0737
    0.0000  -45.0000   37.5000 9988.1113   22.0801
    7.5000  -45.0000   37.5000 9594.4336   22.0930
   -7.5000  -37.5000   37.500010089.7207   22.0572
    0.0000  -37.5000   37.500010551.1680   22.0664
    7.5000  -37.5000   37.500010142.8828   22.0679
   -7.5000  -30.0000   37.500010945.8936   22.0629
    0.0000  -30.0000   37.500011468.5342   22.0699
    7.5000  -30.0000   37.500011049.5742   22.0675
   -7.5000  -22.5000   37.500011750.4170   22.0623
    0.0000  -22.5000   37.500012282.2041   22.0648
    7.5000  -22.5000   37.500011865.7422   22.0727
   -7.5000  -15.0000   37.500012464.2764   22.0552
    0.0000  -15.0000   37.500013012.9678   22.0553
    7.5000  -15.0000   37.500012553.7510   22.0760
   -7.5000   -7.5000   37.500013081.8457   22.0494
    0.0000   -7.5000   37.500013664.4941   22.0512
    7.5000   -7.5000   37.500013204.3447   22.0729
   -7.5000    0.0000   37.500013617.4316   22.0500
    0.0000    0.0000   37.500014230.8887   22.0564
    7.5000    0.0000   37.500013754.6250   22.0692
   -7.5000    7.5000   37.500013193.0068   22.0564
    0.0000    7.5000   37.500013796.0039   22.0655
    7.5000    7.5000   37.500013328.6406   22.0670
   -7.5000   15.0000   37.500012468.8535   22.0629
    0.0000   15.0000   37.500013044.8750   22.0699
    7.5000   15.0000   37.500012601.9717   22.0675
   -7.5000   22.5000   37.500011558.0010   22.0521
    0.0000   22.5000   37.500012093.9150   22.0547
    7.5000   22.5000   37.500011643.5703   22.0626
   -7.5000   30.0000   37.500010564.2773   21.7697
    0.0000   30.0000   37.500011037.0342   21.7699
    7.5000   30.0000   37.500010608.4229   21.7903
   -7.5000   37.5000   37.5000 9946.2119   21.7641
    0.0000   37.5000   37.500010372.5703   21.7659
    7.5000   37.5000   37.5000 9965.7793   21.7873
   -7.5000   45.0000   37.5000 8915.9336   21.2537
    0.0000   45.0000   37.5000 9307.9902   21.2599
    7.5000   45.0000   37.5000 8941.3604   21.2722
   -7.5000  -45.0000   45.0000 8746.1973   22.1910
    0.0000  -45.0000   45.0000 9146.3467   22.2001
    7.5000  -45.0000   45.0000 8777.2793   22.2266
   -7.5000  -37.5000   45.0000 9228.4238   22.1776
    0.0000  -37.5000   45.0000 9660.5869   22.1917
    7.5000  -37.5000   45.0000 9279.4180   22.2088
   -7.5000  -30.0000   45.000010036.8340   22.2039
    0.0000  -30.0000   45.000010501.7510   22.2144
    7.5000  -30.0000   45.000010101.9268   22.2251
   -7.5000  -22.5000   45.000010786.4834   22.2218
    0.0000  -22.5000   45.000011273.9043   22.2243
    7.5000  -22.5000   45.000010845.6465   22.2399
   -7.5000  -15.0000   45.000011424.5400   22.2138
    0.0000  -15.0000   45.000011931.9043   22.2116
    7.5000  -15.0000   45.000011497.6328   22.2370
   -7.5000   -7.5000   45.000011960.7715   22.1861
    0.0000   -7.5000   45.000012511.1777   22.1868
    7.5000   -7.5000   45.000012096.2627   22.2167
   -7.5000    0.0000   45.000012432.3379   22.1670
    0.0000    0.0000   45.000013035.0537   22.1760
    7.5000    0.0000   45.000012606.5820   22.2023
   -7.5000    7.5000   45.000012083.6953   22.1768
    0.0000    7.5000   45.000012653.1387   22.1909
    7.5000    7.5000   45.000012248.4141   22.2079
   -7.5000   15.0000   45.000011469.3252   22.2039
    0.0000   15.0000   45.000012007.2510   22.2144
    7.5000   15.0000   45.000011609.1328   22.2251
   -7.5000   22.5000   45.000010630.7783   22.2115
    0.0000   22.5000   45.000011120.4492   22.2140
    7.5000   22.5000   45.000010739.6309   22.2296
   -7.5000   30.0000   45.0000 9713.4590   21.9244
    0.0000   30.0000   45.000010152.1367   21.9222
    7.5000   30.0000   45.0000 9764.8154   21.9473
   -7.5000   37.5000   45.0000 9165.1113   21.8970
    0.0000   37.5000   45.0000 9569.4023   21.8978
    7.5000   37.5000   45.0000 9189.6133   21.9273
   -7.5000   45.0000   45.0000 8226.8750   21.3761
    0.0000   45.0000   45.0000 8591.2949   21.3848
    7.5000   45.0000   45.0000 8249.2695   21.4102

---------------------------------------------------------------------
imgreg_4dfp /opt/freesurfer/average/711-2C_as_mni_average_305 /opt/freesurfer/average/711-2B_as_mni_average_305_mask talsrcimg_g11 none talsrcimg_to_711-2C_as_mni_average_305_t4 4355
---------------------------------------------------------------------

freesurfer imgreg_4dfp.c
/opt/freesurfer/average/711-2C_as_mni_average_305.4dfp.img
       256       256       256         1
  1.000000  1.000000  1.000000
orientation T byte_order littleendian
Reading image: /opt/freesurfer/average/711-2C_as_mni_average_305.4dfp.img
dimensions:      256       256       256
mmppix:       1.0000   -1.0000   -1.0000
center:     128.0000 -129.0000 -129.0000
/opt/freesurfer/average/711-2B_as_mni_average_305_mask.4dfp.img
       256       256       256         1
  1.000000  1.000000  1.000000
orientation T byte_order littleendian
Reading mask: /opt/freesurfer/average/711-2B_as_mni_average_305_mask.4dfp.img (2306576 pixels)
talsrcimg_g11.4dfp.img
       256       256       256         1
  1.000000  1.000000  1.000000
orientation T byte_order littleendian
Reading image: talsrcimg_g11.4dfp.img
dimensions:      256       256       256
mmppix:       1.0000   -1.0000   -1.0000
center:     128.0000 -129.0000 -129.0000
rotation matrix determinant  1.000000
image alignment mode   4355 decimal     1103 hex
   -7.5000  -45.0000  -45.0000 2014.7109   22.3640
    0.0000  -45.0000  -45.0000 2042.0740   22.0203
    7.5000  -45.0000  -45.0000 2047.2399   22.0342
   -7.5000  -37.5000  -45.0000 2110.3276   20.6188
    0.0000  -37.5000  -45.0000 2136.1470   20.3363
    7.5000  -37.5000  -45.0000 2144.1016   20.3511
   -7.5000  -30.0000  -45.0000 2182.2795   19.4030
    0.0000  -30.0000  -45.0000 2204.5356   19.1460
    7.5000  -30.0000  -45.0000 2207.8154   19.1498
   -7.5000  -22.5000  -45.0000 2219.4988   18.5697
    0.0000  -22.5000  -45.0000 2235.9656   18.2894
    7.5000  -22.5000  -45.0000 2244.0830   18.3061
   -7.5000  -15.0000  -45.0000 2229.7361   18.1724
    0.0000  -15.0000  -45.0000 2246.6130   17.8251
    7.5000  -15.0000  -45.0000 2256.9021   17.8200
   -7.5000   -7.5000  -45.0000 2226.8452   18.1579
    0.0000   -7.5000  -45.0000 2248.0806   17.7643
    7.5000   -7.5000  -45.0000 2253.5701   17.7633
   -7.5000    0.0000  -45.0000 2207.0049   18.4563
    0.0000    0.0000  -45.0000 2236.2649   18.0530
    7.5000    0.0000  -45.0000 2242.9473   18.0297
   -7.5000    7.5000  -45.0000 2168.9980   19.2317
    0.0000    7.5000  -45.0000 2206.4919   18.7844
    7.5000    7.5000  -45.0000 2215.7966   18.7223
   -7.5000   15.0000  -45.0000 2121.2368   20.3484
    0.0000   15.0000  -45.0000 2157.4934   19.8631
    7.5000   15.0000  -45.0000 2166.5259   19.8077
   -7.5000   22.5000  -45.0000 2061.3132   21.8920
    0.0000   22.5000  -45.0000 2093.7053   21.3559
    7.5000   22.5000  -45.0000 2102.5417   21.2933
   -7.5000   30.0000  -45.0000 1974.8131   23.9418
    0.0000   30.0000  -45.0000 2007.1237   23.3615
    7.5000   30.0000  -45.0000 2015.4772   23.3262
   -7.5000   37.5000  -45.0000 1873.7823   26.6687
    0.0000   37.5000  -45.0000 1902.8110   25.9713
    7.5000   37.5000  -45.0000 1906.7944   25.9310
   -7.5000   45.0000  -45.0000 1765.6748   30.3681
    0.0000   45.0000  -45.0000 1794.8347   29.6887
    7.5000   45.0000  -45.0000 1797.2860   29.5439
   -7.5000  -45.0000  -37.5000 2106.3833   20.6369
    0.0000  -45.0000  -37.5000 2135.0388   20.3460
    7.5000  -45.0000  -37.5000 2142.1169   20.3213
   -7.5000  -37.5000  -37.5000 2208.7520   19.0122
    0.0000  -37.5000  -37.5000 2232.8362   18.7632
    7.5000  -37.5000  -37.5000 2238.0496   18.7570
   -7.5000  -30.0000  -37.5000 2278.4172   17.8574
    0.0000  -30.0000  -37.5000 2299.8511   17.6370
    7.5000  -30.0000  -37.5000 2305.4805   17.6354
   -7.5000  -22.5000  -37.5000 2320.9878   17.1048
    0.0000  -22.5000  -37.5000 2339.6543   16.8398
    7.5000  -22.5000  -37.5000 2343.0288   16.8452
   -7.5000  -15.0000  -37.5000 2332.1196   16.7436
    0.0000  -15.0000  -37.5000 2351.4282   16.4408
    7.5000  -15.0000  -37.5000 2355.5574   16.4361
   -7.5000   -7.5000  -37.5000 2330.4524   16.6937
    0.0000   -7.5000  -37.5000 2357.2720   16.3752
    7.5000   -7.5000  -37.5000 2357.8755   16.3814
   -7.5000    0.0000  -37.5000 2302.1460   16.9181
    0.0000    0.0000  -37.5000 2335.8225   16.5711
    7.5000    0.0000  -37.5000 2340.4480   16.5928
   -7.5000    7.5000  -37.5000 2270.4109   17.5777
    0.0000    7.5000  -37.5000 2307.7300   17.1920
    7.5000    7.5000  -37.5000 2316.9148   17.2272
   -7.5000   15.0000  -37.5000 2223.1980   18.6381
    0.0000   15.0000  -37.5000 2258.0786   18.2097
    7.5000   15.0000  -37.5000 2264.2354   18.2193
   -7.5000   22.5000  -37.5000 2151.0217   20.0996
    0.0000   22.5000  -37.5000 2185.1038   19.6353
    7.5000   22.5000  -37.5000 2194.9055   19.6147
   -7.5000   30.0000  -37.5000 2064.2805   21.9838
    0.0000   30.0000  -37.5000 2093.5762   21.4445
    7.5000   30.0000  -37.5000 2099.1667   21.4216
   -7.5000   37.5000  -37.5000 1956.7458   24.4933
    0.0000   37.5000  -37.5000 1985.2413   23.8965
    7.5000   37.5000  -37.5000 1988.0205   23.8078
   -7.5000   45.0000  -37.5000 1837.6635   27.7806
    0.0000   45.0000  -37.5000 1866.6071   27.1481
    7.5000   45.0000  -37.5000 1872.1716   27.1266
   -7.5000  -45.0000  -30.0000 2232.3274   19.7919
    0.0000  -45.0000  -30.0000 2258.4451   19.5052
    7.5000  -45.0000  -30.0000 2265.2544   19.4974
   -7.5000  -37.5000  -30.0000 2335.3870   18.2047
    0.0000  -37.5000  -30.0000 2360.1155   17.9324
    7.5000  -37.5000  -30.0000 2363.5115   17.9479
   -7.5000  -30.0000  -30.0000 2411.8923   17.0494
    0.0000  -30.0000  -30.0000 2435.4731   16.8086
    7.5000  -30.0000  -30.0000 2434.9739   16.8078
   -7.5000  -22.5000  -30.0000 2455.8552   16.3177
    0.0000  -22.5000  -30.0000 2483.0818   16.0669
    7.5000  -22.5000  -30.0000 2485.1106   16.0628
   -7.5000  -15.0000  -30.0000 2476.6650   15.9442
    0.0000  -15.0000  -30.0000 2500.5872   15.6756
    7.5000  -15.0000  -30.0000 2506.7837   15.6672
   -7.5000   -7.5000  -30.0000 2482.2744   15.9202
    0.0000   -7.5000  -30.0000 2506.4211   15.6221
    7.5000   -7.5000  -30.0000 2513.1423   15.6299
   -7.5000    0.0000  -30.0000 2458.9446   16.1574
    0.0000    0.0000  -30.0000 2490.5125   15.8518
    7.5000    0.0000  -30.0000 2497.7585   15.8962
   -7.5000    7.5000  -30.0000 2422.4109   16.7671
    0.0000    7.5000  -30.0000 2462.6560   16.4077
    7.5000    7.5000  -30.0000 2466.6416   16.4775
   -7.5000   15.0000  -30.0000 2368.8335   17.7598
    0.0000   15.0000  -30.0000 2408.3916   17.3536
    7.5000   15.0000  -30.0000 2410.6980   17.4007
   -7.5000   22.5000  -30.0000 2292.3123   19.1441
    0.0000   22.5000  -30.0000 2326.1187   18.7279
    7.5000   22.5000  -30.0000 2330.5754   18.7510
   -7.5000   30.0000  -30.0000 2194.7327   20.9157
    0.0000   30.0000  -30.0000 2225.0662   20.4770
    7.5000   30.0000  -30.0000 2226.7029   20.4900
   -7.5000   37.5000  -30.0000 2077.3987   23.2501
    0.0000   37.5000  -30.0000 2107.4380   22.7682
    7.5000   37.5000  -30.0000 2104.1785   22.7282
   -7.5000   45.0000  -30.0000 1947.8037   26.3969
    0.0000   45.0000  -30.0000 1979.2729   25.8681
    7.5000   45.0000  -30.0000 1980.7362   25.8476
   -7.5000  -45.0000  -22.5000 2319.9727   18.8109
    0.0000  -45.0000  -22.5000 2349.1177   18.5717
    7.5000  -45.0000  -22.5000 2355.3667   18.5609
   -7.5000  -37.5000  -22.5000 2426.4448   17.3094
    0.0000  -37.5000  -22.5000 2455.1084   17.0756
    7.5000  -37.5000  -22.5000 2455.3733   17.0663
   -7.5000  -30.0000  -22.5000 2509.4221   16.1675
    0.0000  -30.0000  -22.5000 2542.2378   15.9216
    7.5000  -30.0000  -22.5000 2540.7312   15.9119
   -7.5000  -22.5000  -22.5000 2563.5251   15.4259
    0.0000  -22.5000  -22.5000 2598.9070   15.1710
    7.5000  -22.5000  -22.5000 2602.0784   15.1844
   -7.5000  -15.0000  -22.5000 2601.3037   15.0683
    0.0000  -15.0000  -22.5000 2629.0381   14.8032
    7.5000  -15.0000  -22.5000 2634.5972   14.8099
   -7.5000   -7.5000  -22.5000 2612.3481   15.0304
    0.0000   -7.5000  -22.5000 2639.9468   14.7813
    7.5000   -7.5000  -22.5000 2644.8972   14.7805
   -7.5000    0.0000  -22.5000 2592.7048   15.2948
    0.0000    0.0000  -22.5000 2628.6282   15.0384
    7.5000    0.0000  -22.5000 2630.2510   15.0751
   -7.5000    7.5000  -22.5000 2552.2458   15.8783
    0.0000    7.5000  -22.5000 2595.8005   15.5848
    7.5000    7.5000  -22.5000 2594.2432   15.6472
   -7.5000   15.0000  -22.5000 2493.2837   16.8138
    0.0000   15.0000  -22.5000 2533.8687   16.4876
    7.5000   15.0000  -22.5000 2534.9673   16.5742
   -7.5000   22.5000  -22.5000 2409.4473   18.0901
    0.0000   22.5000  -22.5000 2443.3374   17.7142
    7.5000   22.5000  -22.5000 2448.5676   17.7913
   -7.5000   30.0000  -22.5000 2302.3533   19.7879
    0.0000   30.0000  -22.5000 2335.0950   19.3661
    7.5000   30.0000  -22.5000 2338.5251   19.4239
   -7.5000   37.5000  -22.5000 2173.4285   22.0368
    0.0000   37.5000  -22.5000 2202.1985   21.5427
    7.5000   37.5000  -22.5000 2200.9287   21.5620
   -7.5000   45.0000  -22.5000 2034.3052   25.0290
    0.0000   45.0000  -22.5000 2061.2166   24.4890
    7.5000   45.0000  -22.5000 2059.6343   24.4560
   -7.5000  -45.0000  -15.0000 2371.4749   17.9983
    0.0000  -45.0000  -15.0000 2397.1138   17.7272
    7.5000  -45.0000  -15.0000 2406.5435   17.7440
   -7.5000  -37.5000  -15.0000 2486.8179   16.5072
    0.0000  -37.5000  -15.0000 2517.2839   16.2511
    7.5000  -37.5000  -15.0000 2518.3557   16.2460
   -7.5000  -30.0000  -15.0000 2578.9387   15.3924
    0.0000  -30.0000  -15.0000 2614.5754   15.1510
    7.5000  -30.0000  -15.0000 2615.4602   15.1430
   -7.5000  -22.5000  -15.0000 2642.9495   14.6584
    0.0000  -22.5000  -15.0000 2681.6116   14.3710
    7.5000  -22.5000  -15.0000 2689.0969   14.3906
   -7.5000  -15.0000  -15.0000 2689.9309   14.2473
    0.0000  -15.0000  -15.0000 2725.4507   13.9953
    7.5000  -15.0000  -15.0000 2726.6431   14.0292
   -7.5000   -7.5000  -15.0000 2705.9304   14.2010
    0.0000   -7.5000  -15.0000 2743.9133   13.9534
    7.5000   -7.5000  -15.0000 2745.1128   13.9923
   -7.5000    0.0000  -15.0000 2695.2927   14.4393
    0.0000    0.0000  -15.0000 2735.1926   14.2240
    7.5000    0.0000  -15.0000 2731.5671   14.2687
   -7.5000    7.5000  -15.0000 2654.3416   15.0239
    0.0000    7.5000  -15.0000 2701.1702   14.7798
    7.5000    7.5000  -15.0000 2695.7283   14.8452
   -7.5000   15.0000  -15.0000 2586.3254   15.9149
    0.0000   15.0000  -15.0000 2628.3489   15.6334
    7.5000   15.0000  -15.0000 2625.4758   15.7321
   -7.5000   22.5000  -15.0000 2492.7498   17.1375
    0.0000   22.5000  -15.0000 2526.7092   16.7897
    7.5000   22.5000  -15.0000 2529.8911   16.8808
   -7.5000   30.0000  -15.0000 2378.4370   18.7562
    0.0000   30.0000  -15.0000 2409.0330   18.3415
    7.5000   30.0000  -15.0000 2408.8979   18.4094
   -7.5000   37.5000  -15.0000 2242.8613   20.9181
    0.0000   37.5000  -15.0000 2270.0635   20.4404
    7.5000   37.5000  -15.0000 2267.5276   20.4843
   -7.5000   45.0000  -15.0000 2097.5889   23.7677
    0.0000   45.0000  -15.0000 2118.1216   23.2339
    7.5000   45.0000  -15.0000 2116.3027   23.2416
   -7.5000  -45.0000   -7.5000 2406.0183   17.2879
    0.0000  -45.0000   -7.5000 2428.8184   16.9979
    7.5000  -45.0000   -7.5000 2434.5327   17.0886
   -7.5000  -37.5000   -7.5000 2525.4756   15.8105
    0.0000  -37.5000   -7.5000 2554.7944   15.5489
    7.5000  -37.5000   -7.5000 2560.3679   15.6196
   -7.5000  -30.0000   -7.5000 2626.8955   14.7294
    0.0000  -30.0000   -7.5000 2661.5164   14.4753
    7.5000  -30.0000   -7.5000 2669.2991   14.5547
   -7.5000  -22.5000   -7.5000 2707.1680   14.0242
    0.0000  -22.5000   -7.5000 2750.5818   13.7393
    7.5000  -22.5000   -7.5000 2755.5693   13.8033
   -7.5000  -15.0000   -7.5000 2758.1357   13.5841
    0.0000  -15.0000   -7.5000 2803.2678   13.3226
    7.5000  -15.0000   -7.5000 2804.8770   13.3772
   -7.5000   -7.5000   -7.5000 2789.8030   13.4927
    0.0000   -7.5000   -7.5000 2835.6279   13.2463
    7.5000   -7.5000   -7.5000 2828.2908   13.3150
   -7.5000    0.0000   -7.5000 2784.7185   13.7439
    0.0000    0.0000   -7.5000 2826.2290   13.4932
    7.5000    0.0000   -7.5000 2819.9836   13.5712
   -7.5000    7.5000   -7.5000 2737.3066   14.3286
    0.0000    7.5000   -7.5000 2779.8008   14.0615
    7.5000    7.5000   -7.5000 2774.0332   14.1592
   -7.5000   15.0000   -7.5000 2658.6409   15.1325
    0.0000   15.0000   -7.5000 2698.7864   14.8579
    7.5000   15.0000   -7.5000 2693.1487   14.9816
   -7.5000   22.5000   -7.5000 2552.5312   16.3024
    0.0000   22.5000   -7.5000 2589.7510   15.9859
    7.5000   22.5000   -7.5000 2586.2068   16.0919
   -7.5000   30.0000   -7.5000 2429.0046   17.9046
    0.0000   30.0000   -7.5000 2460.3254   17.5300
    7.5000   30.0000   -7.5000 2458.4368   17.6087
   -7.5000   37.5000   -7.5000 2292.3635   19.9849
    0.0000   37.5000   -7.5000 2318.2585   19.5315
    7.5000   37.5000   -7.5000 2317.5957   19.6084
   -7.5000   45.0000   -7.5000 2137.8257   22.6870
    0.0000   45.0000   -7.5000 2158.3147   22.1707
    7.5000   45.0000   -7.5000 2159.1282   22.2281
   -7.5000  -45.0000    0.0000 2423.1067   16.7738
    0.0000  -45.0000    0.0000 2447.7014   16.4948
    7.5000  -45.0000    0.0000 2452.5063   16.6680
   -7.5000  -37.5000    0.0000 2546.9270   15.3285
    0.0000  -37.5000    0.0000 2580.5193   15.0327
    7.5000  -37.5000    0.0000 2584.3943   15.2125
   -7.5000  -30.0000    0.0000 2657.6055   14.2902
    0.0000  -30.0000    0.0000 2693.2432   13.9965
    7.5000  -30.0000    0.0000 2700.5537   14.1507
   -7.5000  -22.5000    0.0000 2750.2100   13.6245
    0.0000  -22.5000    0.0000 2793.6741   13.3264
    7.5000  -22.5000    0.0000 2801.4875   13.4404
   -7.5000  -15.0000    0.0000 2816.3813   13.1763
    0.0000  -15.0000    0.0000 2866.0994   12.8624
    7.5000  -15.0000    0.0000 2868.3928   12.9498
   -7.5000   -7.5000    0.0000 2860.6309   13.0346
    0.0000   -7.5000    0.0000 2909.1562   12.7136
    7.5000   -7.5000    0.0000 2898.5435   12.8220
   -7.5000    0.0000    0.0000 2861.0002   13.2619
    0.0000    0.0000    0.0000 2901.3796   12.9632
    7.5000    0.0000    0.0000 2892.2693   13.0751
   -7.5000    7.5000    0.0000 2800.0378   13.8199
    0.0000    7.5000    0.0000 2840.5781   13.5380
    7.5000    7.5000    0.0000 2831.5696   13.6492
   -7.5000   15.0000    0.0000 2706.6511   14.6201
    0.0000   15.0000    0.0000 2742.7476   14.3217
    7.5000   15.0000    0.0000 2737.2720   14.4556
   -7.5000   22.5000    0.0000 2590.7988   15.8119
    0.0000   22.5000    0.0000 2623.9878   15.4356
    7.5000   22.5000    0.0000 2621.4792   15.5609
   -7.5000   30.0000    0.0000 2464.4277   17.3634
    0.0000   30.0000    0.0000 2492.6851   16.9195
    7.5000   30.0000    0.0000 2488.6875   17.0321
   -7.5000   37.5000    0.0000 2322.0732   19.3642
    0.0000   37.5000    0.0000 2348.3318   18.8702
    7.5000   37.5000    0.0000 2347.4121   18.9851
   -7.5000   45.0000    0.0000 2163.1208   21.9280
    0.0000   45.0000    0.0000 2187.2334   21.3757
    7.5000   45.0000    0.0000 2187.1743   21.4627
   -7.5000  -45.0000    7.5000 2429.4917   16.4974
    0.0000  -45.0000    7.5000 2453.4106   16.2274
    7.5000  -45.0000    7.5000 2456.8462   16.4526
   -7.5000  -37.5000    7.5000 2552.5513   15.0405
    0.0000  -37.5000    7.5000 2584.2732   14.7938
    7.5000  -37.5000    7.5000 2588.8074   14.9796
   -7.5000  -30.0000    7.5000 2671.5312   13.9916
    0.0000  -30.0000    7.5000 2705.5217   13.7195
    7.5000  -30.0000    7.5000 2713.8740   13.9281
   -7.5000  -22.5000    7.5000 2779.5698   13.3225
    0.0000  -22.5000    7.5000 2818.8113   13.0462
    7.5000  -22.5000    7.5000 2824.5879   13.2219
   -7.5000  -15.0000    7.5000 2862.5186   12.9284
    0.0000  -15.0000    7.5000 2908.3740   12.6481
    7.5000  -15.0000    7.5000 2912.7996   12.7574
   -7.5000   -7.5000    7.5000 2911.6846   12.7202
    0.0000   -7.5000    7.5000 2958.4380   12.3609
    7.5000   -7.5000    7.5000 2949.9194   12.5326
   -7.5000    0.0000    7.5000 2905.6165   12.9228
    0.0000    0.0000    7.5000 2942.5876   12.6224
    7.5000    0.0000    7.5000 2932.4473   12.8041
   -7.5000    7.5000    7.5000 2836.4819   13.5259
    0.0000    7.5000    7.5000 2873.8250   13.2712
    7.5000    7.5000    7.5000 2865.0928   13.4193
   -7.5000   15.0000    7.5000 2733.6250   14.3462
    0.0000   15.0000    7.5000 2772.1941   14.0416
    7.5000   15.0000    7.5000 2758.8010   14.1763
   -7.5000   22.5000    7.5000 2608.4929   15.4835
    0.0000   22.5000    7.5000 2646.2004   15.1464
    7.5000   22.5000    7.5000 2635.0889   15.2257
   -7.5000   30.0000    7.5000 2476.6060   17.0309
    0.0000   30.0000    7.5000 2509.3955   16.6447
    7.5000   30.0000    7.5000 2499.2344   16.6739
   -7.5000   37.5000    7.5000 2334.6040   18.9593
    0.0000   37.5000    7.5000 2362.7629   18.5480
    7.5000   37.5000    7.5000 2358.9268   18.5600
   -7.5000   45.0000    7.5000 2177.7927   21.4122
    0.0000   45.0000    7.5000 2201.7644   20.9453
    7.5000   45.0000    7.5000 2198.6921   20.9904
   -7.5000  -45.0000   15.0000 2424.1484   16.5492
    0.0000  -45.0000   15.0000 2447.6106   16.2948
    7.5000  -45.0000   15.0000 2445.4504   16.5263
   -7.5000  -37.5000   15.0000 2547.5308   15.0419
    0.0000  -37.5000   15.0000 2575.9746   14.8004
    7.5000  -37.5000   15.0000 2577.6697   15.0260
   -7.5000  -30.0000   15.0000 2670.1741   13.9501
    0.0000  -30.0000   15.0000 2702.3289   13.6820
    7.5000  -30.0000   15.0000 2705.3760   13.9336
   -7.5000  -22.5000   15.0000 2779.4775   13.2670
    0.0000  -22.5000   15.0000 2812.7478   12.9517
    7.5000  -22.5000   15.0000 2818.9758   13.2006
   -7.5000  -15.0000   15.0000 2867.3804   12.8251
    0.0000  -15.0000   15.0000 2903.0200   12.4991
    7.5000  -15.0000   15.0000 2911.2261   12.7266
   -7.5000   -7.5000   15.0000 2911.4993   12.6927
    0.0000   -7.5000   15.0000 2956.1985   12.3636
    7.5000   -7.5000   15.0000 2952.3560   12.5885
   -7.5000    0.0000   15.0000 2902.9460   12.8907
    0.0000    0.0000   15.0000 2946.8926   12.6282
    7.5000    0.0000   15.0000 2935.6643   12.8050
   -7.5000    7.5000   15.0000 2829.2263   13.4263
    0.0000    7.5000   15.0000 2876.8655   13.2149
    7.5000    7.5000   15.0000 2865.0364   13.2979
   -7.5000   15.0000   15.0000 2726.9880   14.2311
    0.0000   15.0000   15.0000 2769.5151   13.9737
    7.5000   15.0000   15.0000 2759.1096   14.0373
   -7.5000   22.5000   15.0000 2607.5261   15.4251
    0.0000   22.5000   15.0000 2643.1365   15.0879
    7.5000   22.5000   15.0000 2633.3364   15.1104
   -7.5000   30.0000   15.0000 2474.5747   16.9612
    0.0000   30.0000   15.0000 2503.5977   16.5737
    7.5000   30.0000   15.0000 2494.5493   16.5824
   -7.5000   37.5000   15.0000 2333.4805   18.8774
    0.0000   37.5000   15.0000 2356.9751   18.4129
    7.5000   37.5000   15.0000 2348.5012   18.4535
   -7.5000   45.0000   15.0000 2175.8877   21.2824
    0.0000   45.0000   15.0000 2196.0027   20.7490
    7.5000   45.0000   15.0000 2191.6692   20.8558
   -7.5000  -45.0000   22.5000 2413.4233   16.8216
    0.0000  -45.0000   22.5000 2426.5618   16.5353
    7.5000  -45.0000   22.5000 2424.4883   16.8347
   -7.5000  -37.5000   22.5000 2539.6738   15.3290
    0.0000  -37.5000   22.5000 2551.7664   15.0440
    7.5000  -37.5000   22.5000 2554.6562   15.3295
   -7.5000  -30.0000   22.5000 2656.7581   14.2596
    0.0000  -30.0000   22.5000 2682.2793   13.9411
    7.5000  -30.0000   22.5000 2681.0352   14.2204
   -7.5000  -22.5000   22.5000 2765.6760   13.5596
    0.0000  -22.5000   22.5000 2793.3486   13.2584
    7.5000  -22.5000   22.5000 2786.5408   13.4640
   -7.5000  -15.0000   22.5000 2845.2791   13.0966
    0.0000  -15.0000   22.5000 2880.5469   12.7809
    7.5000  -15.0000   22.5000 2869.9731   13.0120
   -7.5000   -7.5000   22.5000 2887.8298   12.9893
    0.0000   -7.5000   22.5000 2923.5950   12.7035
    7.5000   -7.5000   22.5000 2909.9275   12.8879
   -7.5000    0.0000   22.5000 2871.7998   13.2022
    0.0000    0.0000   22.5000 2906.0952   12.9590
    7.5000    0.0000   22.5000 2896.2461   13.0801
   -7.5000    7.5000   22.5000 2799.4463   13.6771
    0.0000    7.5000   22.5000 2836.2808   13.4432
    7.5000    7.5000   22.5000 2829.1274   13.5630
   -7.5000   15.0000   22.5000 2698.9221   14.4955
    0.0000   15.0000   22.5000 2735.8196   14.2120
    7.5000   15.0000   22.5000 2728.8567   14.3149
   -7.5000   22.5000   22.5000 2583.4358   15.6500
    0.0000   22.5000   22.5000 2616.2991   15.2680
    7.5000   22.5000   22.5000 2608.3652   15.3308
   -7.5000   30.0000   22.5000 2459.0725   17.1272
    0.0000   30.0000   22.5000 2485.1562   16.6808
    7.5000   30.0000   22.5000 2474.9924   16.7149
   -7.5000   37.5000   22.5000 2315.2104   18.9530
    0.0000   37.5000   22.5000 2336.4250   18.4526
    7.5000   37.5000   22.5000 2328.5957   18.5131
   -7.5000   45.0000   22.5000 2158.0120   21.3075
    0.0000   45.0000   22.5000 2179.7256   20.7990
    7.5000   45.0000   22.5000 2172.4805   20.8755
   -7.5000  -45.0000   30.0000 2387.3628   17.4649
    0.0000  -45.0000   30.0000 2399.6721   17.1967
    7.5000  -45.0000   30.0000 2383.9075   17.4725
   -7.5000  -37.5000   30.0000 2512.6396   15.9666
    0.0000  -37.5000   30.0000 2523.1472   15.7150
    7.5000  -37.5000   30.0000 2511.3218   15.9482
   -7.5000  -30.0000   30.0000 2625.3240   14.9240
    0.0000  -30.0000   30.0000 2644.1890   14.6413
    7.5000  -30.0000   30.0000 2631.1851   14.8358
   -7.5000  -22.5000   30.0000 2726.6482   14.1532
    0.0000  -22.5000   30.0000 2745.4314   13.8809
    7.5000  -22.5000   30.0000 2733.4995   14.0556
   -7.5000  -15.0000   30.0000 2793.1072   13.6729
    0.0000  -15.0000   30.0000 2821.5732   13.3425
    7.5000  -15.0000   30.0000 2802.8899   13.5733
   -7.5000   -7.5000   30.0000 2824.7834   13.5293
    0.0000   -7.5000   30.0000 2854.2825   13.2467
    7.5000   -7.5000   30.0000 2844.3330   13.3971
   -7.5000    0.0000   30.0000 2805.0703   13.7057
    0.0000    0.0000   30.0000 2834.0195   13.4446
    7.5000    0.0000   30.0000 2826.0676   13.5789
   -7.5000    7.5000   30.0000 2737.8540   14.2197
    0.0000    7.5000   30.0000 2769.8086   13.9547
    7.5000    7.5000   30.0000 2763.6743   14.0481
   -7.5000   15.0000   30.0000 2645.0796   14.9971
    0.0000   15.0000   30.0000 2676.6165   14.7202
    7.5000   15.0000   30.0000 2675.9011   14.7986
   -7.5000   22.5000   30.0000 2541.6497   16.1194
    0.0000   22.5000   30.0000 2567.9326   15.7745
    7.5000   22.5000   30.0000 2564.0654   15.8283
   -7.5000   30.0000   30.0000 2424.2075   17.5219
    0.0000   30.0000   30.0000 2444.2434   17.0797
    7.5000   30.0000   30.0000 2439.7466   17.1453
   -7.5000   37.5000   30.0000 2283.7471   19.3138
    0.0000   37.5000   30.0000 2301.8604   18.8075
    7.5000   37.5000   30.0000 2297.2927   18.9012
   -7.5000   45.0000   30.0000 2127.4668   21.6734
    0.0000   45.0000   30.0000 2146.0530   21.1424
    7.5000   45.0000   30.0000 2142.1960   21.2594
   -7.5000  -45.0000   37.5000 2349.2048   18.4215
    0.0000  -45.0000   37.5000 2357.1465   18.1691
    7.5000  -45.0000   37.5000 2336.4724   18.4089
   -7.5000  -37.5000   37.5000 2469.2107   16.9230
    0.0000  -37.5000   37.5000 2480.3308   16.6331
    7.5000  -37.5000   37.5000 2458.2559   16.8329
   -7.5000  -30.0000   37.5000 2572.5986   15.7727
    0.0000  -30.0000   37.5000 2591.2422   15.4803
    7.5000  -30.0000   37.5000 2570.9961   15.6529
   -7.5000  -22.5000   37.5000 2665.6545   14.9542
    0.0000  -22.5000   37.5000 2683.5134   14.6338
    7.5000  -22.5000   37.5000 2666.3218   14.8385
   -7.5000  -15.0000   37.5000 2725.6843   14.4717
    0.0000  -15.0000   37.5000 2744.5688   14.1354
    7.5000  -15.0000   37.5000 2726.8730   14.3224
   -7.5000   -7.5000   37.5000 2743.1462   14.3084
    0.0000   -7.5000   37.5000 2763.9482   13.9873
    7.5000   -7.5000   37.5000 2756.5298   14.1297
   -7.5000    0.0000   37.5000 2720.8740   14.4374
    0.0000    0.0000   37.5000 2743.4487   14.1534
    7.5000    0.0000   37.5000 2735.1787   14.2924
   -7.5000    7.5000   37.5000 2661.3794   14.9256
    0.0000    7.5000   37.5000 2685.4558   14.6576
    7.5000    7.5000   37.5000 2677.2332   14.7758
   -7.5000   15.0000   37.5000 2579.7520   15.6998
    0.0000   15.0000   37.5000 2603.1135   15.4085
    7.5000   15.0000   37.5000 2596.8569   15.4971
   -7.5000   22.5000   37.5000 2484.7734   16.7784
    0.0000   22.5000   37.5000 2506.9939   16.4823
    7.5000   22.5000   37.5000 2495.1516   16.5469
   -7.5000   30.0000   37.5000 2366.9478   18.1816
    0.0000   30.0000   37.5000 2387.2134   17.7938
    7.5000   30.0000   37.5000 2380.2085   17.8587
   -7.5000   37.5000   37.5000 2233.0671   19.9303
    0.0000   37.5000   37.5000 2250.2368   19.4879
    7.5000   37.5000   37.5000 2242.4873   19.5991
   -7.5000   45.0000   37.5000 2090.0432   22.2470
    0.0000   45.0000   37.5000 2103.3838   21.8016
    7.5000   45.0000   37.5000 2095.1038   21.9640
   -7.5000  -45.0000   45.0000 2300.8599   19.5916
    0.0000  -45.0000   45.0000 2305.5347   19.3279
    7.5000  -45.0000   45.0000 2281.3523   19.5425
   -7.5000  -37.5000   45.0000 2416.4517   17.9696
    0.0000  -37.5000   45.0000 2426.1843   17.7079
    7.5000  -37.5000   45.0000 2399.1829   17.9017
   -7.5000  -30.0000   45.0000 2516.1438   16.7926
    0.0000  -30.0000   45.0000 2527.2898   16.5078
    7.5000  -30.0000   45.0000 2501.9375   16.6788
   -7.5000  -22.5000   45.0000 2598.4517   15.9694
    0.0000  -22.5000   45.0000 2611.8018   15.6544
    7.5000  -22.5000   45.0000 2585.3755   15.8418
   -7.5000  -15.0000   45.0000 2644.1584   15.4688
    0.0000  -15.0000   45.0000 2657.2742   15.1415
    7.5000  -15.0000   45.0000 2641.6953   15.2965
   -7.5000   -7.5000   45.0000 2646.9897   15.2702
    0.0000   -7.5000   45.0000 2663.5786   14.9670
    7.5000   -7.5000   45.0000 2661.8533   15.1066
   -7.5000    0.0000   45.0000 2621.7358   15.3646
    0.0000    0.0000   45.0000 2644.5989   15.0724
    7.5000    0.0000   45.0000 2641.0864   15.2133
   -7.5000    7.5000   45.0000 2574.2122   15.8080
    0.0000    7.5000   45.0000 2592.0996   15.5467
    7.5000    7.5000   45.0000 2590.5542   15.6883
   -7.5000   15.0000   45.0000 2507.0896   16.5723
    0.0000   15.0000   45.0000 2523.4355   16.2821
    7.5000   15.0000   45.0000 2520.7783   16.4199
   -7.5000   22.5000   45.0000 2416.5361   17.6394
    0.0000   22.5000   45.0000 2433.1157   17.3197
    7.5000   22.5000   45.0000 2425.7024   17.4485
   -7.5000   30.0000   45.0000 2303.3269   19.0308
    0.0000   30.0000   45.0000 2317.6965   18.6917
    7.5000   30.0000   45.0000 2307.8911   18.7792
   -7.5000   37.5000   45.0000 2175.4448   20.8201
    0.0000   37.5000   45.0000 2189.5876   20.4378
    7.5000   37.5000   45.0000 2178.5432   20.5610
   -7.5000   45.0000   45.0000 2036.4750   23.1503
    0.0000   45.0000   45.0000 2046.9421   22.7574
    7.5000   45.0000   45.0000 2040.3920   22.9091

---------------------------------------------------------------------
imgreg_4dfp /opt/freesurfer/average/711-2C_as_mni_average_305 /opt/freesurfer/average/711-2B_as_mni_average_305_mask talsrcimg_g11 none talsrcimg_to_711-2C_as_mni_average_305_t4 1283
---------------------------------------------------------------------

freesurfer imgreg_4dfp.c
/opt/freesurfer/average/711-2C_as_mni_average_305.4dfp.img
       256       256       256         1
  1.000000  1.000000  1.000000
orientation T byte_order littleendian
Reading image: /opt/freesurfer/average/711-2C_as_mni_average_305.4dfp.img
dimensions:      256       256       256
mmppix:       1.0000   -1.0000   -1.0000
center:     128.0000 -129.0000 -129.0000
/opt/freesurfer/average/711-2B_as_mni_average_305_mask.4dfp.img
       256       256       256         1
  1.000000  1.000000  1.000000
orientation T byte_order littleendian
Reading mask: /opt/freesurfer/average/711-2B_as_mni_average_305_mask.4dfp.img (2306576 pixels)
talsrcimg_g11.4dfp.img
       256       256       256         1
  1.000000  1.000000  1.000000
orientation T byte_order littleendian
Reading image: talsrcimg_g11.4dfp.img
dimensions:      256       256       256
mmppix:       1.0000   -1.0000   -1.0000
center:     128.0000 -129.0000 -129.0000
rotation matrix determinant  1.000000
fimgreg.f
image alignment mode   1283 decimal      503 hex
parameters
    0.0000   -7.5000    7.5000    0.0000    0.0000    0.0000
eta,q 0.93024 12.33925
niter,ni,del,rscale     5    3   12.0000    1.2000
parameter  3 -0.526109 -> -0.500000 qaram    1.1500
parameter  5-12.510281 -> -0.500000 qaram    1.1500
parameters
    2.4919   -6.3630   10.9500    1.4255    3.4500   -2.2477
eta,q 0.93523 12.19671
  0.0844  0.0813  0.0796  0.0730  0.0742  0.0661
  0.0786  0.0766  0.0758  0.0714  0.0724  0.0655
  0.0750  0.0734  0.0726  0.0700  0.0709  0.0647
  0.0727  0.0705  0.0697  0.0691  0.0688  0.0652
  0.0712  0.0700  0.0689  0.0689  0.0666  0.0666
  0.0715  0.0727  0.0689  0.0693  0.0648  0.0683
  0.0736  0.0758  0.0699  0.0707  0.0638  0.0701
niter,ni,del,rscale     6    3   12.0000    1.2000
parameter  5 -1.288041 -> -0.500000 qaram    1.3225
parameters
    1.5005   -6.2686   10.8059    1.1474    7.4175   -1.8777
eta,q 0.93753 12.19701
  0.0695  0.0715  0.0709  0.0692  0.0723  0.0644
  0.0683  0.0666  0.0684  0.0664  0.0706  0.0632
  0.0665  0.0645  0.0662  0.0649  0.0684  0.0628
  0.0648  0.0651  0.0652  0.0652  0.0651  0.0625
  0.0675  0.0669  0.0665  0.0663  0.0629  0.0626
  0.0706  0.0678  0.0687  0.0674  0.0624  0.0632
  0.0738  0.0694  0.0713  0.0692  0.0625  0.0638
niter,ni,del,rscale     6    3   12.0000    1.2000
parameter  5 -0.553539 -> -0.500000 qaram    1.5209
parameter  6  0.804388 ->  0.500000 qaram    1.1500
parameters
    0.4063   -5.9890    9.9326   -1.7111   11.9801   -5.3277
eta,q 0.94238 12.29266
  0.0665  0.0691  0.0662  0.0630  0.0728  0.0586
  0.0653  0.0636  0.0650  0.0613  0.0686  0.0576
  0.0627  0.0616  0.0636  0.0613  0.0641  0.0582
  0.0625  0.0621  0.0623  0.0626  0.0611  0.0594
  0.0638  0.0635  0.0629  0.0639  0.0598  0.0604
  0.0670  0.0646  0.0660  0.0646  0.0595  0.0613
  0.0739  0.0661  0.0701  0.0658  0.0609  0.0628
niter,ni,del,rscale     7    3   12.0000    1.2000
parameters
   -1.4937   -4.3514    9.2316   -1.8721   12.0043   -4.8503
eta,q 0.94486 12.17458
  0.0628  0.0677  0.0616  0.0631  0.0668  0.0626
  0.0583  0.0647  0.0596  0.0606  0.0619  0.0602
  0.0564  0.0607  0.0566  0.0566  0.0576  0.0571
  0.0576  0.0563  0.0552  0.0553  0.0552  0.0551
  0.0630  0.0554  0.0569  0.0578  0.0565  0.0563
  0.0686  0.0578  0.0609  0.0612  0.0616  0.0588
  0.0749  0.0611  0.0656  0.0636  0.0671  0.0611
niter,ni,del,rscale     6    3   12.0000    1.2000
parameters
   -1.6189   -4.3476    9.2051   -1.9724   12.0512   -4.7092
eta,q 0.94488 12.17252
  0.0652  0.0648  0.0629  0.0630  0.0666  0.0621
  0.0609  0.0617  0.0603  0.0608  0.0620  0.0596
  0.0565  0.0571  0.0575  0.0567  0.0576  0.0566
  0.0551  0.0552  0.0552  0.0552  0.0551  0.0551
  0.0565  0.0574  0.0562  0.0577  0.0565  0.0567
  0.0610  0.0606  0.0594  0.0610  0.0615  0.0592
  0.0665  0.0655  0.0641  0.0634  0.0670  0.0616
niter,ni,del,rscale     5    3   12.0000    1.2000
parameters
   -1.6360   -4.3240    9.1898   -2.0218   12.0658   -4.6724
eta,q 0.94489 12.17369
  0.0656  0.0648  0.0630  0.0631  0.0665  0.0620
  0.0612  0.0618  0.0603  0.0609  0.0620  0.0595
  0.0566  0.0572  0.0575  0.0569  0.0576  0.0564
  0.0551  0.0551  0.0551  0.0551  0.0551  0.0551
  0.0564  0.0573  0.0562  0.0576  0.0566  0.0568
  0.0607  0.0605  0.0594  0.0608  0.0616  0.0594
  0.0662  0.0654  0.0641  0.0633  0.0670  0.0618
registration optimization eta report
parameter search radius
    6.0000    6.0000    6.9000    6.0000    9.1253    6.9000
100000*second partial in parameter space
       29.       26.       17.       20.       13.       13.
  0.0656  0.0648  0.0630  0.0631  0.0665  0.0620
  0.0612  0.0618  0.0603  0.0609  0.0620  0.0595
  0.0566  0.0572  0.0575  0.0569  0.0576  0.0564
  0.0551  0.0551  0.0551  0.0551  0.0551  0.0551
  0.0564  0.0573  0.0562  0.0576  0.0566  0.0568
  0.0607  0.0605  0.0594  0.0608  0.0616  0.0594
  0.0662  0.0654  0.0641  0.0633  0.0670  0.0618
   -1.6360   -4.3240    9.1898   -2.0218   12.0658   -4.6724
eta,q 0.94489 12.17369

---------------------------------------------------------------------
imgreg_4dfp /opt/freesurfer/average/711-2C_as_mni_average_305 /opt/freesurfer/average/711-2B_as_mni_average_305_mask talsrcimg_g11 none talsrcimg_to_711-2C_as_mni_average_305_t4 3335
---------------------------------------------------------------------

freesurfer imgreg_4dfp.c
/opt/freesurfer/average/711-2C_as_mni_average_305.4dfp.img
       256       256       256         1
  1.000000  1.000000  1.000000
orientation T byte_order littleendian
Reading image: /opt/freesurfer/average/711-2C_as_mni_average_305.4dfp.img
dimensions:      256       256       256
mmppix:       1.0000   -1.0000   -1.0000
center:     128.0000 -129.0000 -129.0000
/opt/freesurfer/average/711-2B_as_mni_average_305_mask.4dfp.img
       256       256       256         1
  1.000000  1.000000  1.000000
orientation T byte_order littleendian
Reading mask: /opt/freesurfer/average/711-2B_as_mni_average_305_mask.4dfp.img (2306576 pixels)
talsrcimg_g11.4dfp.img
       256       256       256         1
  1.000000  1.000000  1.000000
orientation T byte_order littleendian
Reading image: talsrcimg_g11.4dfp.img
dimensions:      256       256       256
mmppix:       1.0000   -1.0000   -1.0000
center:     128.0000 -129.0000 -129.0000
fimgreg.f
image alignment mode   3335 decimal      D07 hex
parameters
   -1.6360   -4.3240    9.1898   -2.5342   -0.4544   -2.2701
    8.8758  -20.5337   -7.9659    5.2179   20.9035   -3.4500
eta,q 0.94618 12.19873
niter,ni,del,rscale     5    3    5.0000    1.2000
parameter  4  2.380218 ->  0.500000 qaram    1.1500
parameter  5  4.768352 ->  0.500000 qaram    1.1500
parameter  6  1.248437 ->  0.500000 qaram    1.1500
parameter 10  0.565344 ->  0.500000 qaram    1.1500
parameters
   -1.4858   -4.2437    9.3924   -6.6742   -4.5944   -6.4101
    7.8296  -16.9829   -5.7955    1.0779   18.2299   -5.0908
eta,q 0.96510 11.65433
  0.0560  0.0557  0.0555  0.0453  0.0380  0.0368  0.0395  0.0455  0.0390  0.0363  0.0358  0.0358
  0.0549  0.0546  0.0546  0.0471  0.0414  0.0375  0.0385  0.0424  0.0379  0.0353  0.0352  0.0352
  0.0542  0.0540  0.0540  0.0501  0.0448  0.0395  0.0380  0.0398  0.0371  0.0354  0.0349  0.0349
  0.0538  0.0538  0.0538  0.0538  0.0478  0.0424  0.0380  0.0379  0.0367  0.0365  0.0352  0.0349
  0.0539  0.0541  0.0539  0.0579  0.0514  0.0461  0.0384  0.0368  0.0365  0.0383  0.0361  0.0353
  0.0545  0.0546  0.0543  0.0624  0.0558  0.0504  0.0394  0.0369  0.0367  0.0403  0.0374  0.0361
  0.0556  0.0553  0.0549  0.0669  0.0601  0.0555  0.0408  0.0382  0.0372  0.0429  0.0391  0.0372
niter,ni,del,rscale     7    3    5.0000    1.2000
parameter  4  0.677820 ->  0.500000 qaram    1.3225
parameter  5  1.785432 ->  0.500000 qaram    1.3225
parameters
   -1.9993   -3.7785    9.4984  -11.4352   -9.3554   -9.6683
    9.3071  -17.4977   -6.6712    4.3090   18.0538   -3.5348
eta,q 0.97249 11.24962
  0.0368  0.0373  0.0369  0.0328  0.0266  0.0289  0.0316  0.0317  0.0299  0.0349  0.0283  0.0293
  0.0354  0.0361  0.0357  0.0326  0.0278  0.0286  0.0302  0.0294  0.0290  0.0322  0.0279  0.0285
  0.0348  0.0352  0.0349  0.0330  0.0299  0.0286  0.0292  0.0284  0.0285  0.0300  0.0276  0.0279
  0.0349  0.0347  0.0347  0.0346  0.0326  0.0283  0.0286  0.0285  0.0284  0.0284  0.0276  0.0276
  0.0358  0.0347  0.0349  0.0380  0.0359  0.0295  0.0285  0.0292  0.0288  0.0276  0.0277  0.0275
  0.0374  0.0351  0.0355  0.0426  0.0395  0.0331  0.0290  0.0305  0.0296  0.0279  0.0279  0.0278
  0.0396  0.0359  0.0365  0.0477  0.0435  0.0382  0.0299  0.0323  0.0308  0.0294  0.0284  0.0283
niter,ni,del,rscale     7    3    5.0000    1.2000
parameter  3  0.599439 ->  0.500000 qaram    1.1500
parameter  5  0.649144 ->  0.500000 qaram    1.5209
parameters
   -1.8389   -3.8915    8.1184  -13.7236  -14.8306  -11.6236
    9.9914  -17.3076   -6.6672    4.5759   17.4900   -4.8050
eta,q 0.97452 10.75556
  0.0307  0.0297  0.0273  0.0291  0.0261  0.0271  0.0282  0.0294  0.0269  0.0289  0.0261  0.0262
  0.0291  0.0284  0.0270  0.0278  0.0255  0.0261  0.0269  0.0271  0.0261  0.0271  0.0257  0.0257
  0.0280  0.0276  0.0271  0.0271  0.0256  0.0256  0.0259  0.0258  0.0257  0.0260  0.0255  0.0255
  0.0275  0.0275  0.0275  0.0270  0.0270  0.0254  0.0255  0.0255  0.0255  0.0255  0.0255  0.0255
  0.0277  0.0279  0.0280  0.0279  0.0298  0.0259  0.0257  0.0260  0.0257  0.0257  0.0257  0.0257
  0.0285  0.0288  0.0288  0.0302  0.0335  0.0280  0.0263  0.0271  0.0261  0.0267  0.0259  0.0262
  0.0300  0.0301  0.0298  0.0344  0.0369  0.0311  0.0273  0.0287  0.0269  0.0286  0.0262  0.0270
niter,ni,del,rscale     7    3    5.0000    1.2000
parameters
   -1.5853   -3.4047    7.9973  -13.2492  -16.9518  -12.0426
   10.1681  -17.2025   -6.6787    5.7968   16.9907   -5.8594
eta,q 0.97466 10.64187
  0.0287  0.0283  0.0268  0.0285  0.0279  0.0277  0.0277  0.0291  0.0268  0.0287  0.0260  0.0261
  0.0271  0.0269  0.0260  0.0270  0.0266  0.0264  0.0265  0.0269  0.0260  0.0269  0.0256  0.0256
  0.0260  0.0259  0.0255  0.0259  0.0257  0.0256  0.0257  0.0257  0.0256  0.0259  0.0254  0.0254
  0.0255  0.0254  0.0254  0.0254  0.0253  0.0254  0.0254  0.0254  0.0255  0.0255  0.0254  0.0254
  0.0256  0.0254  0.0256  0.0253  0.0261  0.0254  0.0257  0.0260  0.0256  0.0254  0.0255  0.0256
  0.0263  0.0258  0.0262  0.0261  0.0284  0.0263  0.0264  0.0271  0.0261  0.0259  0.0258  0.0260
  0.0276  0.0266  0.0270  0.0283  0.0323  0.0286  0.0274  0.0286  0.0268  0.0272  0.0262  0.0267
niter,ni,del,rscale     6    3    5.0000    1.2000
parameters
   -1.5307   -2.8889    7.8332  -13.5243  -18.0113  -12.3627
   10.2830  -17.1289   -6.4520    7.3077   16.6597   -6.5016
eta,q 0.97472 10.55790
  0.0281  0.0279  0.0267  0.0279  0.0280  0.0277  0.0275  0.0288  0.0267  0.0284  0.0261  0.0262
  0.0266  0.0266  0.0258  0.0265  0.0267  0.0264  0.0264  0.0268  0.0260  0.0268  0.0256  0.0257
  0.0257  0.0258  0.0254  0.0257  0.0258  0.0256  0.0256  0.0256  0.0255  0.0258  0.0253  0.0253
  0.0253  0.0253  0.0253  0.0253  0.0253  0.0254  0.0254  0.0254  0.0254  0.0254  0.0253  0.0253
  0.0256  0.0253  0.0255  0.0254  0.0255  0.0254  0.0256  0.0259  0.0255  0.0253  0.0254  0.0255
  0.0264  0.0256  0.0261  0.0263  0.0270  0.0263  0.0263  0.0270  0.0259  0.0257  0.0257  0.0259
  0.0278  0.0264  0.0271  0.0287  0.0302  0.0285  0.0273  0.0284  0.0266  0.0268  0.0261  0.0265
niter,ni,del,rscale     5    3    5.0000    1.2000
parameters
   -1.4945   -2.3036    7.5002  -13.8110  -19.2393  -12.9903
   10.2807  -16.9480   -6.3247    9.1888   16.3476   -7.0340
eta,q 0.97489 10.45033
  0.0279  0.0278  0.0265  0.0276  0.0274  0.0275  0.0272  0.0287  0.0265  0.0283  0.0259  0.0260
  0.0265  0.0265  0.0257  0.0263  0.0262  0.0262  0.0261  0.0267  0.0258  0.0268  0.0254  0.0255
  0.0256  0.0257  0.0252  0.0255  0.0255  0.0255  0.0255  0.0255  0.0254  0.0258  0.0252  0.0252
  0.0253  0.0253  0.0252  0.0252  0.0252  0.0252  0.0252  0.0252  0.0253  0.0253  0.0251  0.0251
  0.0255  0.0252  0.0255  0.0253  0.0253  0.0254  0.0255  0.0257  0.0254  0.0251  0.0253  0.0253
  0.0264  0.0255  0.0262  0.0262  0.0267  0.0264  0.0262  0.0267  0.0258  0.0254  0.0256  0.0257
  0.0277  0.0261  0.0272  0.0284  0.0295  0.0288  0.0271  0.0281  0.0264  0.0264  0.0260  0.0263
niter,ni,del,rscale     4    3    5.0000    1.2000
parameters
   -1.3933   -1.4815    7.0221  -14.2763  -20.9977  -13.9506
   10.0662  -16.5288   -6.4419   11.3702   16.2699   -7.6067
eta,q 0.97528 10.29188
  0.0277  0.0278  0.0260  0.0271  0.0268  0.0269  0.0265  0.0283  0.0263  0.0284  0.0255  0.0255
  0.0263  0.0266  0.0253  0.0258  0.0256  0.0258  0.0256  0.0264  0.0255  0.0268  0.0251  0.0251
  0.0255  0.0257  0.0249  0.0251  0.0249  0.0250  0.0250  0.0252  0.0250  0.0255  0.0248  0.0248
  0.0251  0.0251  0.0249  0.0248  0.0249  0.0249  0.0249  0.0249  0.0249  0.0249  0.0247  0.0247
  0.0253  0.0249  0.0253  0.0250  0.0252  0.0251  0.0251  0.0252  0.0250  0.0247  0.0249  0.0249
  0.0261  0.0251  0.0261  0.0259  0.0265  0.0263  0.0258  0.0261  0.0256  0.0251  0.0251  0.0253
  0.0273  0.0256  0.0271  0.0279  0.0293  0.0287  0.0267  0.0274  0.0264  0.0260  0.0255  0.0258
niter,ni,del,rscale     3    3    5.0000    1.2000
parameters
   -1.1780   -0.6086    6.4494  -14.7268  -22.3037  -14.9321
    9.7472  -15.9588   -6.6668   12.9627   16.4539   -8.3344
eta,q 0.97568 10.16284
  0.0274  0.0277  0.0254  0.0266  0.0267  0.0262  0.0259  0.0279  0.0260  0.0281  0.0252  0.0251
  0.0260  0.0263  0.0247  0.0253  0.0253  0.0252  0.0251  0.0260  0.0251  0.0262  0.0247  0.0246
  0.0251  0.0253  0.0244  0.0245  0.0245  0.0246  0.0245  0.0248  0.0245  0.0249  0.0244  0.0244
  0.0247  0.0247  0.0244  0.0244  0.0244  0.0244  0.0244  0.0244  0.0244  0.0244  0.0243  0.0243
  0.0249  0.0245  0.0249  0.0246  0.0248  0.0246  0.0247  0.0246  0.0246  0.0244  0.0244  0.0245
  0.0255  0.0246  0.0257  0.0254  0.0259  0.0257  0.0253  0.0255  0.0252  0.0249  0.0247  0.0249
  0.0266  0.0252  0.0267  0.0272  0.0285  0.0280  0.0262  0.0268  0.0262  0.0259  0.0251  0.0255
niter,ni,del,rscale     2    3    5.0000    1.2000
parameters
   -0.9223   -0.0928    6.0071  -14.8594  -22.8291  -15.5663
    9.6327  -15.5589   -6.8172   13.8462   16.5199   -8.9881
eta,q 0.97581 10.11046
  0.0270  0.0269  0.0252  0.0265  0.0270  0.0261  0.0258  0.0276  0.0259  0.0275  0.0250  0.0250
  0.0256  0.0257  0.0246  0.0251  0.0254  0.0251  0.0249  0.0257  0.0250  0.0257  0.0246  0.0245
  0.0247  0.0248  0.0242  0.0243  0.0244  0.0244  0.0243  0.0246  0.0244  0.0246  0.0243  0.0243
  0.0243  0.0243  0.0242  0.0242  0.0242  0.0242  0.0242  0.0242  0.0242  0.0242  0.0242  0.0242
  0.0244  0.0242  0.0245  0.0243  0.0245  0.0243  0.0244  0.0245  0.0244  0.0244  0.0243  0.0244
  0.0250  0.0246  0.0252  0.0251  0.0255  0.0251  0.0250  0.0254  0.0251  0.0251  0.0246  0.0248
  0.0260  0.0254  0.0262  0.0267  0.0278  0.0273  0.0259  0.0267  0.0261  0.0262  0.0250  0.0254
niter,ni,del,rscale     1    3    5.0000    1.2000
parameters
   -0.7614    0.1649    5.7222  -14.8698  -23.0539  -15.9076
    9.6560  -15.3428   -6.8713   14.3482   16.5294   -9.4092
eta,q 0.97581 10.09157
  0.0267  0.0265  0.0253  0.0265  0.0271  0.0262  0.0259  0.0274  0.0260  0.0272  0.0250  0.0251
  0.0253  0.0253  0.0246  0.0251  0.0255  0.0251  0.0250  0.0255  0.0250  0.0255  0.0245  0.0246
  0.0245  0.0245  0.0242  0.0243  0.0245  0.0244  0.0244  0.0245  0.0244  0.0244  0.0243  0.0243
  0.0242  0.0242  0.0242  0.0242  0.0242  0.0242  0.0242  0.0242  0.0242  0.0242  0.0242  0.0242
  0.0244  0.0243  0.0244  0.0243  0.0245  0.0243  0.0244  0.0245  0.0244  0.0245  0.0243  0.0243
  0.0250  0.0248  0.0250  0.0250  0.0254  0.0249  0.0250  0.0255  0.0250  0.0252  0.0246  0.0247
  0.0261  0.0257  0.0260  0.0265  0.0276  0.0270  0.0258  0.0268  0.0260  0.0264  0.0249  0.0253
registration optimization eta report
parameter search radius
    2.4000    2.4000    2.7600    9.5220   10.9503    8.2800
    7.2000    7.2000    7.2000    8.2800    7.2000    7.2000
100000*second partial in parameter space
       38.       32.       20.        3.        3.        4.
        3.        6.        3.        4.        1.        2.
  0.0267  0.0265  0.0253  0.0265  0.0271  0.0262  0.0259  0.0274  0.0260  0.0272  0.0250  0.0251
  0.0253  0.0253  0.0246  0.0251  0.0255  0.0251  0.0250  0.0255  0.0250  0.0255  0.0245  0.0246
  0.0245  0.0245  0.0242  0.0243  0.0245  0.0244  0.0244  0.0245  0.0244  0.0244  0.0243  0.0243
  0.0242  0.0242  0.0242  0.0242  0.0242  0.0242  0.0242  0.0242  0.0242  0.0242  0.0242  0.0242
  0.0244  0.0243  0.0244  0.0243  0.0245  0.0243  0.0244  0.0245  0.0244  0.0245  0.0243  0.0243
  0.0250  0.0248  0.0250  0.0250  0.0254  0.0249  0.0250  0.0255  0.0250  0.0252  0.0246  0.0247
  0.0261  0.0257  0.0260  0.0265  0.0276  0.0270  0.0258  0.0268  0.0260  0.0264  0.0249  0.0253
   -0.7614    0.1649    5.7222  -14.8698  -23.0539  -15.9076
    9.6560  -15.3428   -6.8713   14.3482   16.5294   -9.4092
eta,q 0.97581 10.09157

---------------------------------------------------------------------
imgreg_4dfp /opt/freesurfer/average/711-2C_as_mni_average_305 /opt/freesurfer/average/711-2B_as_mni_average_305_mask talsrcimg_g11 none talsrcimg_to_711-2C_as_mni_average_305_t4 2311
---------------------------------------------------------------------

freesurfer imgreg_4dfp.c
/opt/freesurfer/average/711-2C_as_mni_average_305.4dfp.img
       256       256       256         1
  1.000000  1.000000  1.000000
orientation T byte_order littleendian
Reading image: /opt/freesurfer/average/711-2C_as_mni_average_305.4dfp.img
dimensions:      256       256       256
mmppix:       1.0000   -1.0000   -1.0000
center:     128.0000 -129.0000 -129.0000
/opt/freesurfer/average/711-2B_as_mni_average_305_mask.4dfp.img
       256       256       256         1
  1.000000  1.000000  1.000000
orientation T byte_order littleendian
Reading mask: /opt/freesurfer/average/711-2B_as_mni_average_305_mask.4dfp.img (2306576 pixels)
talsrcimg_g11.4dfp.img
       256       256       256         1
  1.000000  1.000000  1.000000
orientation T byte_order littleendian
Reading image: talsrcimg_g11.4dfp.img
dimensions:      256       256       256
mmppix:       1.0000   -1.0000   -1.0000
center:     128.0000 -129.0000 -129.0000
fimgreg.f
image alignment mode   2311 decimal      907 hex
parameters
   -0.7614    0.1649    5.7222  -14.8698  -23.0539  -15.9076
    9.6560  -15.3428   -6.8713   14.3482   16.5294   -9.4092
eta,q 0.97581 10.09158
niter,ni,del,rscale     5    3    5.0000    0.8000
parameters
   -0.6903    0.2992    5.5783  -14.9435  -22.8482  -15.0541
    9.6155  -15.5741   -6.9388   14.4344   16.4303   -9.6572
eta,q 0.97584 10.13930
  0.0252  0.0252  0.0246  0.0246  0.0248  0.0249  0.0250  0.0255  0.0250  0.0251  0.0245  0.0246
  0.0247  0.0247  0.0243  0.0243  0.0244  0.0246  0.0245  0.0247  0.0245  0.0245  0.0243  0.0243
  0.0243  0.0243  0.0242  0.0242  0.0242  0.0243  0.0243  0.0242  0.0242  0.0242  0.0242  0.0242
  0.0242  0.0242  0.0242  0.0242  0.0242  0.0242  0.0242  0.0242  0.0242  0.0242  0.0242  0.0242
  0.0243  0.0242  0.0243  0.0242  0.0242  0.0242  0.0243  0.0244  0.0243  0.0243  0.0242  0.0242
  0.0246  0.0245  0.0245  0.0244  0.0244  0.0243  0.0246  0.0249  0.0246  0.0246  0.0243  0.0244
  0.0251  0.0249  0.0248  0.0246  0.0247  0.0245  0.0250  0.0256  0.0250  0.0250  0.0245  0.0246
niter,ni,del,rscale     4    3    5.0000    0.7000
parameters
   -0.6634    0.2388    5.6775  -14.8670  -22.6935  -14.7736
    9.6044  -15.6354   -6.9339   14.3480   16.3911   -9.5873
eta,q 0.97586 10.16259
  0.0249  0.0247  0.0246  0.0245  0.0246  0.0247  0.0248  0.0253  0.0248  0.0248  0.0244  0.0245
  0.0245  0.0244  0.0244  0.0243  0.0243  0.0244  0.0244  0.0246  0.0244  0.0244  0.0243  0.0243
  0.0242  0.0242  0.0242  0.0242  0.0242  0.0242  0.0242  0.0242  0.0242  0.0242  0.0242  0.0242
  0.0242  0.0242  0.0242  0.0241  0.0242  0.0242  0.0241  0.0242  0.0241  0.0241  0.0241  0.0241
  0.0242  0.0242  0.0242  0.0242  0.0242  0.0242  0.0242  0.0243  0.0242  0.0243  0.0242  0.0242
  0.0245  0.0245  0.0243  0.0243  0.0243  0.0243  0.0244  0.0247  0.0244  0.0245  0.0243  0.0243
  0.0249  0.0248  0.0245  0.0245  0.0245  0.0246  0.0248  0.0253  0.0248  0.0248  0.0244  0.0245
niter,ni,del,rscale     3    3    5.0000    0.6000
parameters
   -0.6827    0.1806    5.7451  -14.9110  -22.6372  -14.5618
    9.5744  -15.7284   -6.9366   14.2261   16.3964   -9.5413
eta,q 0.97587 10.17109
  0.0247  0.0246  0.0245  0.0244  0.0244  0.0245  0.0246  0.0250  0.0246  0.0246  0.0243  0.0244
  0.0244  0.0243  0.0243  0.0242  0.0243  0.0243  0.0244  0.0245  0.0244  0.0243  0.0242  0.0242
  0.0242  0.0242  0.0242  0.0241  0.0242  0.0242  0.0242  0.0242  0.0242  0.0242  0.0242  0.0242
  0.0241  0.0241  0.0241  0.0241  0.0241  0.0241  0.0241  0.0241  0.0241  0.0241  0.0241  0.0241
  0.0242  0.0242  0.0242  0.0242  0.0242  0.0242  0.0242  0.0243  0.0242  0.0242  0.0242  0.0242
  0.0244  0.0244  0.0242  0.0242  0.0243  0.0242  0.0244  0.0246  0.0244  0.0244  0.0242  0.0242
  0.0247  0.0247  0.0244  0.0244  0.0244  0.0244  0.0246  0.0250  0.0246  0.0246  0.0243  0.0244
niter,ni,del,rscale     2    3    5.0000    0.5000
parameters
   -0.7068    0.1397    5.8012  -14.9810  -22.6055  -14.4069
    9.5556  -15.8124   -6.9462   14.1344   16.3807   -9.4764
eta,q 0.97587 10.17473
  0.0245  0.0244  0.0244  0.0243  0.0243  0.0244  0.0245  0.0247  0.0245  0.0245  0.0243  0.0243
  0.0243  0.0243  0.0242  0.0242  0.0242  0.0242  0.0243  0.0244  0.0243  0.0243  0.0242  0.0242
  0.0242  0.0242  0.0242  0.0241  0.0242  0.0242  0.0242  0.0242  0.0242  0.0242  0.0241  0.0241
  0.0241  0.0241  0.0241  0.0241  0.0241  0.0241  0.0241  0.0241  0.0241  0.0241  0.0241  0.0241
  0.0242  0.0242  0.0242  0.0242  0.0242  0.0241  0.0242  0.0242  0.0242  0.0242  0.0242  0.0241
  0.0243  0.0243  0.0242  0.0242  0.0242  0.0242  0.0243  0.0244  0.0243  0.0243  0.0242  0.0242
  0.0245  0.0245  0.0243  0.0243  0.0243  0.0243  0.0245  0.0247  0.0245  0.0245  0.0243  0.0243
niter,ni,del,rscale     1    3    5.0000    0.4000
parameters
   -0.7360    0.1023    5.8498  -15.0723  -22.5906  -14.3129
    9.5253  -15.8815   -6.9593   14.0196   16.4320   -9.4272
eta,q 0.97587 10.17369
  0.0244  0.0243  0.0243  0.0242  0.0243  0.0243  0.0243  0.0245  0.0243  0.0243  0.0242  0.0242
  0.0242  0.0242  0.0242  0.0241  0.0242  0.0242  0.0242  0.0243  0.0242  0.0242  0.0242  0.0242
  0.0242  0.0241  0.0241  0.0241  0.0241  0.0241  0.0241  0.0242  0.0241  0.0241  0.0241  0.0241
  0.0241  0.0241  0.0241  0.0241  0.0241  0.0241  0.0241  0.0241  0.0241  0.0241  0.0241  0.0241
  0.0242  0.0242  0.0241  0.0241  0.0241  0.0241  0.0242  0.0242  0.0241  0.0242  0.0241  0.0241
  0.0243  0.0242  0.0242  0.0242  0.0242  0.0242  0.0242  0.0243  0.0242  0.0242  0.0242  0.0242
  0.0244  0.0244  0.0242  0.0242  0.0243  0.0242  0.0243  0.0245  0.0243  0.0244  0.0242  0.0242
registration optimization eta report
parameter search radius
    0.8000    0.8000    0.8000    2.4000    2.4000    2.4000
    2.4000    2.4000    2.4000    2.4000    2.4000    2.4000
100000*second partial in parameter space
       39.       33.       19.        1.        2.        2.
        4.        7.        4.        4.        2.        2.
  0.0244  0.0243  0.0243  0.0242  0.0243  0.0243  0.0243  0.0245  0.0243  0.0243  0.0242  0.0242
  0.0242  0.0242  0.0242  0.0241  0.0242  0.0242  0.0242  0.0243  0.0242  0.0242  0.0242  0.0242
  0.0242  0.0241  0.0241  0.0241  0.0241  0.0241  0.0241  0.0242  0.0241  0.0241  0.0241  0.0241
  0.0241  0.0241  0.0241  0.0241  0.0241  0.0241  0.0241  0.0241  0.0241  0.0241  0.0241  0.0241
  0.0242  0.0242  0.0241  0.0241  0.0241  0.0241  0.0242  0.0242  0.0241  0.0242  0.0241  0.0241
  0.0243  0.0242  0.0242  0.0242  0.0242  0.0242  0.0242  0.0243  0.0242  0.0242  0.0242  0.0242
  0.0244  0.0244  0.0242  0.0242  0.0243  0.0242  0.0243  0.0245  0.0243  0.0244  0.0242  0.0242
   -0.7360    0.1023    5.8498  -15.0723  -22.5906  -14.3129
    9.5253  -15.8815   -6.9593   14.0196   16.4320   -9.4272
eta,q 0.97587 10.17369

---------------------------------------------------------------------
imgreg_4dfp /opt/freesurfer/average/711-2C_as_mni_average_305 /opt/freesurfer/average/711-2B_as_mni_average_305_mask talsrcimg_g11 none talsrcimg_to_711-2C_as_mni_average_305_t4 2311
---------------------------------------------------------------------

freesurfer imgreg_4dfp.c
/opt/freesurfer/average/711-2C_as_mni_average_305.4dfp.img
       256       256       256         1
  1.000000  1.000000  1.000000
orientation T byte_order littleendian
Reading image: /opt/freesurfer/average/711-2C_as_mni_average_305.4dfp.img
dimensions:      256       256       256
mmppix:       1.0000   -1.0000   -1.0000
center:     128.0000 -129.0000 -129.0000
/opt/freesurfer/average/711-2B_as_mni_average_305_mask.4dfp.img
       256       256       256         1
  1.000000  1.000000  1.000000
orientation T byte_order littleendian
Reading mask: /opt/freesurfer/average/711-2B_as_mni_average_305_mask.4dfp.img (2306576 pixels)
talsrcimg_g11.4dfp.img
       256       256       256         1
  1.000000  1.000000  1.000000
orientation T byte_order littleendian
Reading image: talsrcimg_g11.4dfp.img
dimensions:      256       256       256
mmppix:       1.0000   -1.0000   -1.0000
center:     128.0000 -129.0000 -129.0000
fimgreg.f
image alignment mode   2311 decimal      907 hex
parameters
   -0.7360    0.1023    5.8498  -15.0723  -22.5906  -14.3129
    9.5253  -15.8815   -6.9593   14.0196   16.4320   -9.4272
eta,q 0.97587 10.17369
niter,ni,del,rscale     5    3    5.0000    0.8000
parameters
   -0.7466    0.0787    5.8786  -14.8183  -22.5679  -14.7135
    9.6220  -15.6622   -6.9265   14.1090   16.3689   -9.3285
eta,q 0.97586 10.16971
  0.0251  0.0249  0.0247  0.0247  0.0247  0.0247  0.0250  0.0258  0.0250  0.0251  0.0245  0.0246
  0.0246  0.0245  0.0244  0.0243  0.0244  0.0244  0.0245  0.0248  0.0245  0.0245  0.0243  0.0243
  0.0242  0.0242  0.0242  0.0241  0.0242  0.0242  0.0242  0.0243  0.0242  0.0242  0.0242  0.0242
  0.0241  0.0241  0.0241  0.0241  0.0241  0.0241  0.0241  0.0241  0.0241  0.0241  0.0241  0.0241
  0.0242  0.0242  0.0242  0.0242  0.0242  0.0242  0.0242  0.0243  0.0242  0.0243  0.0242  0.0242
  0.0246  0.0245  0.0243  0.0243  0.0244  0.0244  0.0245  0.0248  0.0245  0.0245  0.0243  0.0243
  0.0251  0.0250  0.0246  0.0245  0.0246  0.0251  0.0249  0.0254  0.0249  0.0249  0.0245  0.0246
niter,ni,del,rscale     4    3    5.0000    0.7000
parameters
   -0.7264    0.1191    5.8097  -14.8494  -22.6058  -14.6595
    9.5656  -15.6990   -6.9166   14.1326   16.3558   -9.3915
eta,q 0.97586 10.16881
  0.0249  0.0248  0.0245  0.0245  0.0245  0.0246  0.0248  0.0253  0.0248  0.0248  0.0244  0.0245
  0.0245  0.0244  0.0243  0.0242  0.0243  0.0244  0.0244  0.0246  0.0244  0.0244  0.0243  0.0243
  0.0242  0.0242  0.0242  0.0241  0.0242  0.0242  0.0242  0.0242  0.0242  0.0242  0.0242  0.0242
  0.0241  0.0241  0.0241  0.0241  0.0241  0.0241  0.0241  0.0241  0.0241  0.0241  0.0241  0.0241
  0.0242  0.0242  0.0242  0.0242  0.0242  0.0242  0.0242  0.0243  0.0242  0.0242  0.0242  0.0242
  0.0245  0.0244  0.0243  0.0243  0.0243  0.0243  0.0244  0.0247  0.0244  0.0244  0.0243  0.0243
  0.0249  0.0247  0.0246  0.0245  0.0245  0.0246  0.0248  0.0252  0.0248  0.0248  0.0244  0.0245
niter,ni,del,rscale     3    3    5.0000    0.6000
parameters
   -0.7120    0.1291    5.8120  -14.8993  -22.6165  -14.5419
    9.5441  -15.7534   -6.9321   14.1032   16.4037   -9.4226
eta,q 0.97587 10.17127
  0.0247  0.0246  0.0244  0.0244  0.0244  0.0245  0.0246  0.0250  0.0246  0.0246  0.0244  0.0244
  0.0244  0.0244  0.0243  0.0242  0.0243  0.0243  0.0243  0.0245  0.0243  0.0243  0.0242  0.0242
  0.0242  0.0242  0.0242  0.0241  0.0242  0.0242  0.0242  0.0242  0.0242  0.0242  0.0242  0.0242
  0.0241  0.0241  0.0241  0.0241  0.0241  0.0241  0.0241  0.0241  0.0241  0.0241  0.0241  0.0241
  0.0242  0.0242  0.0242  0.0242  0.0242  0.0242  0.0242  0.0243  0.0242  0.0242  0.0242  0.0242
  0.0244  0.0243  0.0243  0.0242  0.0243  0.0242  0.0244  0.0246  0.0243  0.0244  0.0242  0.0242
  0.0247  0.0246  0.0244  0.0244  0.0244  0.0245  0.0246  0.0250  0.0246  0.0246  0.0243  0.0244
niter,ni,del,rscale     2    3    5.0000    0.5000
parameters
   -0.7236    0.1154    5.8352  -14.9883  -22.6279  -14.4141
    9.5373  -15.8224   -6.9585   14.0474   16.4052   -9.4465
eta,q 0.97588 10.17134
  0.0245  0.0245  0.0243  0.0243  0.0243  0.0244  0.0245  0.0247  0.0245  0.0245  0.0243  0.0243
  0.0243  0.0243  0.0242  0.0242  0.0242  0.0242  0.0243  0.0244  0.0243  0.0243  0.0242  0.0242
  0.0242  0.0242  0.0242  0.0241  0.0241  0.0242  0.0242  0.0242  0.0242  0.0242  0.0241  0.0241
  0.0241  0.0241  0.0241  0.0241  0.0241  0.0241  0.0241  0.0241  0.0241  0.0241  0.0241  0.0241
  0.0242  0.0242  0.0241  0.0242  0.0242  0.0241  0.0242  0.0242  0.0242  0.0242  0.0242  0.0241
  0.0243  0.0243  0.0242  0.0242  0.0242  0.0242  0.0243  0.0244  0.0243  0.0243  0.0242  0.0242
  0.0245  0.0245  0.0243  0.0243  0.0243  0.0243  0.0245  0.0247  0.0245  0.0245  0.0243  0.0243
niter,ni,del,rscale     1    3    5.0000    0.4000
parameters
   -0.7430    0.0956    5.8697  -15.0978  -22.6238  -14.3387
    9.5330  -15.8792   -6.9667   13.9810   16.4284   -9.4300
eta,q 0.97588 10.16866
  0.0244  0.0243  0.0243  0.0242  0.0243  0.0243  0.0243  0.0245  0.0243  0.0243  0.0242  0.0242
  0.0242  0.0242  0.0242  0.0241  0.0242  0.0242  0.0242  0.0243  0.0242  0.0242  0.0242  0.0242
  0.0241  0.0241  0.0241  0.0241  0.0241  0.0241  0.0241  0.0242  0.0241  0.0241  0.0241  0.0241
  0.0241  0.0241  0.0241  0.0241  0.0241  0.0241  0.0241  0.0241  0.0241  0.0241  0.0241  0.0241
  0.0242  0.0242  0.0241  0.0241  0.0241  0.0241  0.0242  0.0242  0.0241  0.0242  0.0241  0.0241
  0.0242  0.0242  0.0242  0.0242  0.0242  0.0242  0.0242  0.0243  0.0242  0.0242  0.0242  0.0242
  0.0244  0.0244  0.0242  0.0242  0.0243  0.0243  0.0243  0.0245  0.0243  0.0243  0.0242  0.0242
registration optimization eta report
parameter search radius
    0.8000    0.8000    0.8000    2.4000    2.4000    2.4000
    2.4000    2.4000    2.4000    2.4000    2.4000    2.4000
100000*second partial in parameter space
       39.       34.       19.        1.        2.        2.
        4.        7.        4.        4.        2.        2.
  0.0244  0.0243  0.0243  0.0242  0.0243  0.0243  0.0243  0.0245  0.0243  0.0243  0.0242  0.0242
  0.0242  0.0242  0.0242  0.0241  0.0242  0.0242  0.0242  0.0243  0.0242  0.0242  0.0242  0.0242
  0.0241  0.0241  0.0241  0.0241  0.0241  0.0241  0.0241  0.0242  0.0241  0.0241  0.0241  0.0241
  0.0241  0.0241  0.0241  0.0241  0.0241  0.0241  0.0241  0.0241  0.0241  0.0241  0.0241  0.0241
  0.0242  0.0242  0.0241  0.0241  0.0241  0.0241  0.0242  0.0242  0.0241  0.0242  0.0241  0.0241
  0.0242  0.0242  0.0242  0.0242  0.0242  0.0242  0.0242  0.0243  0.0242  0.0242  0.0242  0.0242
  0.0244  0.0244  0.0242  0.0242  0.0243  0.0243  0.0243  0.0245  0.0243  0.0243  0.0242  0.0242
   -0.7430    0.0956    5.8697  -15.0978  -22.6238  -14.3387
    9.5330  -15.8792   -6.9667   13.9810   16.4284   -9.4300
eta,q 0.97588 10.16866

---------------------------------------------------------------------
compute_vox2vox talsrcimg talsrcimg_to_711-2C_as_mni_average_305_t4 /opt/freesurfer/average/711-2C_as_mni_average_305
---------------------------------------------------------------------

freesurfer compute_vox2vox.c
Reading: talsrcimg.4dfp.ifh
Reading: talsrcimg_to_711-2C_as_mni_average_305_t4
Reading: /opt/freesurfer/average/711-2C_as_mni_average_305.4dfp.ifh
Writing: talsrcimg_to_711-2C_as_mni_average_305_t4_vox2vox.txt

start time Fri Mar 6 18:24:14 CET 2026
end		time Fri Mar 6 18:25:43 CET 2026

mpr2mni305 success

avi2talxfm orig_nu.mgz /opt/freesurfer/average/mni305.cor.mgz talsrcimg_to_711-2C_as_mni_average_305_t4_vox2vox.txt transforms/talairach.auto.xfm
avi2talxfm done
mv -f /out/sourcedata/freesurfer/sub-v1s11x0050162_ses-1/mri/talsrcimg_to_711-2C_as_mni_average_305_t4_vox2vox.txt /out/sourcedata/freesurfer/sub-v1s11x0050162_ses-1/mri/transforms/talsrcimg_to_711-2C_as_mni_average_305_t4_vox2vox.txt
lta_convert --src orig_nu.mgz --trg /opt/freesurfer/average/mni305.cor.mgz --inxfm transforms/talairach.auto.xfm --outlta transforms/talairach.auto.xfm.lta --subject fsaverage
7.3.2

--src: orig_nu.mgz src image (geometry).
--trg: /opt/freesurfer/average/mni305.cor.mgz trg image (geometry).
--inmni: transforms/talairach.auto.xfm input MNI/XFM transform.
--outlta: transforms/talairach.auto.xfm.lta output LTA.
--s: fsaverage subject name
 LTA read, type : 1
 1.12487   0.22663  -0.11097   12.30122;
-0.20059   1.10421   0.15929  -13.69826;
 0.13752  -0.17911   1.25362  -38.32016;
 0.00000   0.00000   0.00000   1.00000;
setting subject to fsaverage
Writing  LTA to file transforms/talairach.auto.xfm.lta...
lta_convert successful.
 
 
Started at Fri Mar 6 18:24:13 CET 2026
Ended   at Fri Mar  6 18:25:44 CET 2026
talairach_avi done
