status file for recon-all
Fri Mar  6 16:06:47 CET 2026
#@# MotionCor Fri Mar  6 16:06:48 CET 2026
#@# Talairach Fri Mar  6 16:06:57 CET 2026
#@# Talairach Failure Detection Fri Mar  6 16:11:18 CET 2026
#@# Nu Intensity Correction Fri Mar  6 16:11:18 CET 2026
#@# Intensity Normalization Fri Mar  6 16:14:31 CET 2026
recon-all -s sub-v1s10x0051147_ses-1 finished without error at Fri Mar  6 16:15:50 CET 2026



#New# invocation of recon-all 



status file for recon-all
Fri Mar  6 16:22:34 CET 2026
#@# EM Registration Fri Mar  6 16:22:34 CET 2026
recon-all -s sub-v1s10x0051147_ses-1 finished without error at Fri Mar  6 16:24:07 CET 2026



#New# invocation of recon-all 



status file for recon-all
Fri Mar  6 16:24:09 CET 2026
#@# CA Normalize Fri Mar  6 16:24:09 CET 2026
#@# CA Reg Fri Mar  6 16:25:29 CET 2026
#@# SubCort Seg Fri Mar  6 17:08:14 CET 2026
#@# CC Seg Fri Mar  6 17:36:30 CET 2026
#@# Merge ASeg Fri Mar  6 17:37:04 CET 2026
#@# Intensity Normalization2 Fri Mar  6 17:37:04 CET 2026
#@# Mask BFS Fri Mar  6 17:39:14 CET 2026
#@# WM Segmentation Fri Mar  6 17:39:15 CET 2026
#@# Fill Fri Mar  6 17:41:11 CET 2026
recon-all -s sub-v1s10x0051147_ses-1 finished without error at Fri Mar  6 17:42:12 CET 2026



#New# invocation of recon-all 



status file for recon-all
Fri Mar  6 18:22:19 CET 2026
#@# white curv lh Fri Mar  6 18:22:19 CET 2026
#@# white area lh Fri Mar  6 18:22:19 CET 2026
#@# pial curv lh Fri Mar  6 18:22:19 CET 2026
#@# pial area lh Fri Mar  6 18:22:19 CET 2026
#@# thickness lh Fri Mar  6 18:22:19 CET 2026
#@# area and vertex vol lh Fri Mar  6 18:22:19 CET 2026
#@# white curv rh Fri Mar  6 18:22:19 CET 2026
#@# white area rh Fri Mar  6 18:22:19 CET 2026
#@# pial curv rh Fri Mar  6 18:22:19 CET 2026
#@# pial area rh Fri Mar  6 18:22:19 CET 2026
#@# thickness rh Fri Mar  6 18:22:19 CET 2026
#@# area and vertex vol rh Fri Mar  6 18:22:19 CET 2026
#@# Cortical ribbon mask Fri Mar  6 18:22:19 CET 2026
recon-all -s sub-v1s10x0051147_ses-1 finished without error at Fri Mar  6 18:28:11 CET 2026



#New# invocation of recon-all 



status file for recon-all
Fri Mar  6 18:34:21 CET 2026
#@# white curv lh Fri Mar  6 18:34:21 CET 2026
#@# white area lh Fri Mar  6 18:34:21 CET 2026
#@# pial curv lh Fri Mar  6 18:34:21 CET 2026
#@# pial area lh Fri Mar  6 18:34:21 CET 2026
#@# thickness lh Fri Mar  6 18:34:21 CET 2026
#@# area and vertex vol lh Fri Mar  6 18:34:21 CET 2026
#@# white curv rh Fri Mar  6 18:34:21 CET 2026
#@# white area rh Fri Mar  6 18:34:21 CET 2026
#@# pial curv rh Fri Mar  6 18:34:21 CET 2026
#@# pial area rh Fri Mar  6 18:34:21 CET 2026
#@# thickness rh Fri Mar  6 18:34:21 CET 2026
#@# area and vertex vol rh Fri Mar  6 18:34:21 CET 2026
#@# Curvature Stats lh Fri Mar  6 18:34:21 CET 2026
#@# Curvature Stats rh Fri Mar  6 18:34:23 CET 2026
#@# Relabel Hypointensities Fri Mar  6 18:34:25 CET 2026
#@# APas-to-ASeg Fri Mar  6 18:34:40 CET 2026
#@# AParc-to-ASeg aparc Fri Mar  6 18:34:47 CET 2026
#@# AParc-to-ASeg aparc.a2009s Fri Mar  6 18:35:14 CET 2026
#@# AParc-to-ASeg aparc.DKTatlas Fri Mar  6 18:35:41 CET 2026
#@# WMParc Fri Mar  6 18:36:08 CET 2026
#@# ASeg Stats Fri Mar  6 18:39:39 CET 2026
recon-all -s sub-v1s10x0051147_ses-1 finished without error at Fri Mar  6 18:40:11 CET 2026
