status file for recon-all
Fri Mar  6 18:02:43 CET 2026
#@# Tessellate rh Fri Mar  6 18:02:43 CET 2026
#@# Smooth1 rh Fri Mar  6 18:02:46 CET 2026
#@# Inflation1 rh Fri Mar  6 18:02:49 CET 2026
#@# QSphere rh Fri Mar  6 18:02:59 CET 2026
#@# Fix Topology rh Fri Mar  6 18:03:57 CET 2026
#@# Smooth2 rh Fri Mar  6 18:09:47 CET 2026
#@# Inflation2 rh Fri Mar  6 18:09:50 CET 2026
#@# Curv .H and .K rh Fri Mar  6 18:10:01 CET 2026
#@# Sphere rh Fri Mar  6 18:10:46 CET 2026
#@# Surf Reg rh Fri Mar  6 18:12:19 CET 2026
#@# Jacobian white rh Fri Mar  6 18:15:19 CET 2026
#@# AvgCurv rh Fri Mar  6 18:15:20 CET 2026
#@# Cortical Parc rh Fri Mar  6 18:15:21 CET 2026
#@# white curv rh Fri Mar  6 18:21:12 CET 2026
#@# white area rh Fri Mar  6 18:21:14 CET 2026
#@# pial curv rh Fri Mar  6 18:21:15 CET 2026
#@# pial area rh Fri Mar  6 18:21:16 CET 2026
#@# thickness rh Fri Mar  6 18:21:17 CET 2026
#@# area and vertex vol rh Fri Mar  6 18:21:45 CET 2026
#@# Curvature Stats rh Fri Mar  6 18:21:47 CET 2026
#@# Cortical Parc 2 rh Fri Mar  6 18:21:49 CET 2026
#@# Cortical Parc 3 rh Fri Mar  6 18:22:01 CET 2026
#@# WM/GM Contrast rh Fri Mar  6 18:22:11 CET 2026
recon-all -s sub-v1s10x0051147_ses-1 finished without error at Fri Mar  6 18:22:15 CET 2026



#New# invocation of recon-all 



status file for recon-all
Fri Mar  6 18:31:15 CET 2026
#@# white curv rh Fri Mar  6 18:31:15 CET 2026
#@# white area rh Fri Mar  6 18:31:15 CET 2026
#@# pial curv rh Fri Mar  6 18:31:15 CET 2026
#@# pial area rh Fri Mar  6 18:31:15 CET 2026
#@# thickness rh Fri Mar  6 18:31:15 CET 2026
#@# area and vertex vol rh Fri Mar  6 18:31:15 CET 2026
#@# Parcellation Stats rh Fri Mar  6 18:31:15 CET 2026
#@# Parcellation Stats 2 rh Fri Mar  6 18:31:34 CET 2026
#@# Parcellation Stats 3 rh Fri Mar  6 18:31:43 CET 2026
#@# BA_exvivo Labels rh Fri Mar  6 18:31:53 CET 2026
recon-all -s sub-v1s10x0051147_ses-1 finished without error at Fri Mar  6 18:34:15 CET 2026
