/out/sourcedata/freesurfer/sub-v1s10x0051039_ses-1/mri
/opt/freesurfer/bin/talairach_avi
--i orig_nu.mgz --xfm transforms/talairach.auto.xfm
talairach_avi 7.3.2
Linux dna088 5.14.0-427.37.1.el9_4.x86_64 #1 SMP PREEMPT_DYNAMIC Fri Sep 13 12:41:50 EDT 2024 x86_64 x86_64 x86_64 GNU/Linux
Fri Mar  6 09:19:15 CET 2026
mri_convert orig_nu.mgz talsrcimg.img 
reading from orig_nu.mgz...
TR=0.00, TE=0.00, TI=0.00, flip angle=0.00
i_ras = (-1, 0, 0)
j_ras = (0, 0, -1)
k_ras = (0, 1, 0)
writing to talsrcimg.img...
Analyze Output Matrix
-1.00000   0.00000   0.00000   120.26753;
 0.00000   0.00000   1.00000  -128.00000;
 0.00000  -1.00000   0.00000   127.83133;
 0.00000   0.00000   0.00000   1.00000;
--------------------
INFO: set hdr.hist.orient to -1
mpr2mni305 talsrcimg
Fri Mar  6 09:19:15 CET 2026
/opt/freesurfer/bin/mpr2mni305 talsrcimg
mpr2mni305 7.3.2
target=711-2C_as_mni_average_305

---------------------------------------------------------------------
analyzeto4dfp talsrcimg -O0 -y
---------------------------------------------------------------------

freesurfer ifh2hdr.c
Fri Mar  6 09:19:15 2026
Writing: talsrcimg.4dfp.hdr
freesurfer analyzeto4dfp.c
Reading: talsrcimg.hdr
header size 348 bytes
hdr.dime.datatype	offset=70	value=2
hdr.dime.bitpix		offset=72	value=8
hdr.hist.orient		offset=252	value=-1
dimensionality     4
dimensions       256       256       256         1
Reading: talsrcimg.img
Writing: talsrcimg.4dfp.img
Writing: talsrcimg.4dfp.ifh
ifh2hdr talsrcimg -r0to209
ori=2

---------------------------------------------------------------------
gauss_4dfp talsrcimg 1.1
---------------------------------------------------------------------

freesurfer gauss_4dfp.c
Reading: talsrcimg.4dfp.img
Writing: talsrcimg_g11.4dfp.img
image dimensions 256 256 256 padded to 288 288 288
processing volume 1freesurfer ifh2hdr.c
Fri Mar  6 09:19:16 2026
Writing: talsrcimg_g11.4dfp.hdr

Writing: talsrcimg_g11.4dfp.ifh
including: talsrcimg.4dfp.img.rec in talsrcimg_g11.4dfp.img.rec

---------------------------------------------------------------------
imgreg_4dfp /opt/freesurfer/average/711-2C_as_mni_average_305 none talsrcimg_g11 none talsrcimg_to_711-2C_as_mni_average_305_t4 4355
---------------------------------------------------------------------

freesurfer imgreg_4dfp.c
/opt/freesurfer/average/711-2C_as_mni_average_305.4dfp.img
       256       256       256         1
  1.000000  1.000000  1.000000
orientation T byte_order littleendian
Reading image: /opt/freesurfer/average/711-2C_as_mni_average_305.4dfp.img
dimensions:      256       256       256
mmppix:       1.0000   -1.0000   -1.0000
center:     128.0000 -129.0000 -129.0000
talsrcimg_g11.4dfp.img
       256       256       256         1
  1.000000  1.000000  1.000000
orientation T byte_order littleendian
Reading image: talsrcimg_g11.4dfp.img
dimensions:      256       256       256
mmppix:       1.0000   -1.0000   -1.0000
center:     128.0000 -129.0000 -129.0000
t4_read: open error in t4_sub.f l:  41 t4_file(1:l)talsrcimg_to_711-2C_as_mni_average_305_t4 
t4_read: transform initialized to I4
rotation matrix determinant  1.000000
image alignment mode   4355 decimal     1103 hex
   -7.5000  -45.0000  -45.0000 7197.4624   21.7999
    0.0000  -45.0000  -45.0000 7448.0527   21.9143
    7.5000  -45.0000  -45.0000 7086.5981   21.9781
   -7.5000  -37.5000  -45.0000 7772.7554   21.7330
    0.0000  -37.5000  -45.0000 8056.4419   21.8401
    7.5000  -37.5000  -45.0000 7627.6362   21.9043
   -7.5000  -30.0000  -45.0000 8624.1973   21.6807
    0.0000  -30.0000  -45.0000 8949.8184   21.7814
    7.5000  -30.0000  -45.0000 8457.0195   21.8394
   -7.5000  -22.5000  -45.0000 9481.9023   21.6575
    0.0000  -22.5000  -45.0000 9830.8701   21.7590
    7.5000  -22.5000  -45.0000 9293.5283   21.8117
   -7.5000  -15.0000  -45.000010183.2803   21.6492
    0.0000  -15.0000  -45.000010554.8779   21.7557
    7.5000  -15.0000  -45.0000 9994.8379   21.8070
   -7.5000   -7.5000  -45.000010827.1006   21.6520
    0.0000   -7.5000  -45.000011220.6074   21.7637
    7.5000   -7.5000  -45.000010625.7666   21.8191
   -7.5000    0.0000  -45.000011385.9893   21.6625
    0.0000    0.0000  -45.000011806.9365   21.7749
    7.5000    0.0000  -45.000011173.0566   21.8373
   -7.5000    7.5000  -45.000011121.2871   21.6735
    0.0000    7.5000  -45.000011533.7305   21.7797
    7.5000    7.5000  -45.000010919.3457   21.8433
   -7.5000   15.0000  -45.000010733.4883   21.6711
    0.0000   15.0000  -45.000011109.0010   21.7717
    7.5000   15.0000  -45.000010546.6455   21.8297
   -7.5000   22.5000  -45.000010256.5596   21.6545
    0.0000   22.5000  -45.000010619.2031   21.7560
    7.5000   22.5000  -45.000010094.2607   21.8087
   -7.5000   30.0000  -45.0000 9784.7637   21.3607
    0.0000   30.0000  -45.000010121.1924   21.4657
    7.5000   30.0000  -45.0000 9607.4902   21.5164
   -7.5000   37.5000  -45.0000 9442.1035   21.3634
    0.0000   37.5000  -45.0000 9750.5020   21.4737
    7.5000   37.5000  -45.0000 9241.5234   21.5284
   -7.5000   45.0000  -45.0000 8629.1191   20.8311
    0.0000   45.0000  -45.0000 8889.8672   20.9391
    7.5000   45.0000  -45.0000 8435.1787   20.9992
   -7.5000  -45.0000  -37.5000 7680.7471   21.7295
    0.0000  -45.0000  -37.5000 7960.2744   21.8301
    7.5000  -45.0000  -37.5000 7569.8354   21.8972
   -7.5000  -37.5000  -37.5000 8302.8125   21.6762
    0.0000  -37.5000  -37.5000 8611.2725   21.7739
    7.5000  -37.5000  -37.5000 8166.7739   21.8366
   -7.5000  -30.0000  -37.5000 9199.1113   21.6309
    0.0000  -30.0000  -37.5000 9537.2793   21.7240
    7.5000  -30.0000  -37.5000 9047.3936   21.7774
   -7.5000  -22.5000  -37.500010102.7930   21.5998
    0.0000  -22.5000  -37.500010473.7559   21.6899
    7.5000  -22.5000  -37.5000 9915.4033   21.7400
   -7.5000  -15.0000  -37.500010867.8965   21.5776
    0.0000  -15.0000  -37.500011274.2295   21.6683
    7.5000  -15.0000  -37.500010681.8633   21.7216
   -7.5000   -7.5000  -37.500011507.1318   21.5762
    0.0000   -7.5000  -37.500011938.2178   21.6717
    7.5000   -7.5000  -37.500011333.8271   21.7319
   -7.5000    0.0000  -37.500012072.1572   21.5942
    0.0000    0.0000  -37.500012547.8623   21.6930
    7.5000    0.0000  -37.500011884.4385   21.7587
   -7.5000    7.5000  -37.500011774.6973   21.6174
    0.0000    7.5000  -37.500012248.6455   21.7143
    7.5000    7.5000  -37.500011597.1709   21.7764
   -7.5000   15.0000  -37.500011347.0879   21.6215
    0.0000   15.0000  -37.500011787.8174   21.7144
    7.5000   15.0000  -37.500011186.2734   21.7679
   -7.5000   22.5000  -37.500010808.5156   21.5968
    0.0000   22.5000  -37.500011227.3496   21.6869
    7.5000   22.5000  -37.500010655.8779   21.7370
   -7.5000   30.0000  -37.500010294.0156   21.2901
    0.0000   30.0000  -37.500010673.1045   21.3796
    7.5000   30.0000  -37.500010122.5449   21.4322
   -7.5000   37.5000  -37.5000 9959.8828   21.2887
    0.0000   37.5000  -37.500010313.5283   21.3829
    7.5000   37.5000  -37.5000 9745.1729   21.4423
   -7.5000   45.0000  -37.5000 9078.2197   20.7655
    0.0000   45.0000  -37.5000 9378.0889   20.8604
    7.5000   45.0000  -37.5000 8875.2402   20.9236
   -7.5000  -45.0000  -30.0000 8279.0029   22.6189
    0.0000  -45.0000  -30.0000 8596.0752   22.6971
    7.5000  -45.0000  -30.0000 8167.8867   22.7660
   -7.5000  -37.5000  -30.0000 8947.6416   22.5686
    0.0000  -37.5000  -30.0000 9266.0654   22.6480
    7.5000  -37.5000  -30.0000 8814.1113   22.7099
   -7.5000  -30.0000  -30.0000 9888.2607   22.5224
    0.0000  -30.0000  -30.000010229.3232   22.5988
    7.5000  -30.0000  -30.0000 9739.4570   22.6515
   -7.5000  -22.5000  -30.000010816.0898   22.4840
    0.0000  -22.5000  -30.000011211.1045   22.5545
    7.5000  -22.5000  -30.000010647.8643   22.6064
   -7.5000  -15.0000  -30.000011631.7490   22.4540
    0.0000  -15.0000  -30.000012070.3818   22.5216
    7.5000  -15.0000  -30.000011462.7568   22.5792
   -7.5000   -7.5000  -30.000012302.0811   22.4537
    0.0000   -7.5000  -30.000012780.5625   22.5251
    7.5000   -7.5000  -30.000012145.5361   22.5897
   -7.5000    0.0000  -30.000012909.1357   22.4791
    0.0000    0.0000  -30.000013434.1670   22.5557
    7.5000    0.0000  -30.000012738.9961   22.6231
   -7.5000    7.5000  -30.000012580.5234   22.5080
    0.0000    7.5000  -30.000013077.3760   22.5868
    7.5000    7.5000  -30.000012391.5352   22.6482
   -7.5000   15.0000  -30.000012107.6787   22.5126
    0.0000   15.0000  -30.000012601.4131   22.5890
    7.5000   15.0000  -30.000011933.8145   22.6417
   -7.5000   22.5000  -30.000011513.4404   22.4786
    0.0000   22.5000  -30.000011968.6836   22.5491
    7.5000   22.5000  -30.000011345.8564   22.6010
   -7.5000   30.0000  -30.000010927.8115   22.1569
    0.0000   30.0000  -30.000011349.2842   22.2236
    7.5000   30.0000  -30.000010760.0254   22.2804
   -7.5000   37.5000  -30.000010572.4053   22.1566
    0.0000   37.5000  -30.000010964.6934   22.2270
    7.5000   37.5000  -30.000010377.6572   22.2908
   -7.5000   45.0000  -30.0000 9640.1719   21.6322
    0.0000   45.0000  -30.0000 9960.8438   21.7059
    7.5000   45.0000  -30.0000 9429.2129   21.7708
   -7.5000  -45.0000  -22.5000 8886.1865   23.4213
    0.0000  -45.0000  -22.5000 9208.5449   23.4884
    7.5000  -45.0000  -22.5000 8766.0078   23.5550
   -7.5000  -37.5000  -22.5000 9594.5254   23.3589
    0.0000  -37.5000  -22.5000 9934.4248   23.4259
    7.5000  -37.5000  -22.5000 9453.4727   23.4890
   -7.5000  -30.0000  -22.500010579.2305   23.3022
    0.0000  -30.0000  -22.500010975.7910   23.3668
    7.5000  -30.0000  -22.500010427.5957   23.4252
   -7.5000  -22.5000  -22.500011530.3818   23.2638
    0.0000  -22.5000  -22.500011992.5967   23.3253
    7.5000  -22.5000  -22.500011363.3701   23.3840
   -7.5000  -15.0000  -22.500012370.8486   23.2413
    0.0000  -15.0000  -22.500012865.7109   23.3018
    7.5000  -15.0000  -22.500012220.4863   23.3636
   -7.5000   -7.5000  -22.500013065.2949   23.2490
    0.0000   -7.5000  -22.500013589.2891   23.3118
    7.5000   -7.5000  -22.500012916.6875   23.3760
   -7.5000    0.0000  -22.500013731.7061   23.2755
    0.0000    0.0000  -22.500014275.5566   23.3413
    7.5000    0.0000  -22.500013546.4873   23.4066
   -7.5000    7.5000  -22.500013382.7041   23.2963
    0.0000    7.5000  -22.500013913.0176   23.3628
    7.5000    7.5000  -22.500013165.6104   23.4254
   -7.5000   15.0000  -22.500012871.4795   23.2921
    0.0000   15.0000  -22.500013415.8291   23.3567
    7.5000   15.0000  -22.500012669.4922   23.4151
   -7.5000   22.5000  -22.500012240.8770   23.2566
    0.0000   22.5000  -22.500012724.8789   23.3181
    7.5000   22.5000  -22.500012041.7061   23.3768
   -7.5000   30.0000  -22.500011577.8154   22.9373
    0.0000   30.0000  -22.500011997.9775   22.9970
    7.5000   30.0000  -22.500011373.3945   23.0580
   -7.5000   37.5000  -22.500011205.6455   22.9449
    0.0000   37.5000  -22.500011594.6436   23.0069
    7.5000   37.5000  -22.500010973.4414   23.0702
   -7.5000   45.0000  -22.500010194.9365   22.4155
    0.0000   45.0000  -22.500010550.7773   22.4788
    7.5000   45.0000  -22.5000 9967.1699   22.5417
   -7.5000  -45.0000  -15.0000 9518.8555   24.0284
    0.0000  -45.0000  -15.0000 9858.1553   24.1096
    7.5000  -45.0000  -15.0000 9369.2119   24.1736
   -7.5000  -37.5000  -15.000010283.3857   23.9502
    0.0000  -37.5000  -15.000010659.4893   24.0261
    7.5000  -37.5000  -15.000010131.1904   24.0925
   -7.5000  -30.0000  -15.000011314.6680   23.8830
    0.0000  -30.0000  -15.000011758.4570   23.9547
    7.5000  -30.0000  -15.000011156.9443   24.0206
   -7.5000  -22.5000  -15.000012286.7764   23.8500
    0.0000  -22.5000  -15.000012754.7461   23.9235
    7.5000  -22.5000  -15.000012096.9727   23.9883
   -7.5000  -15.0000  -15.000013150.1592   23.8416
    0.0000  -15.0000  -15.000013624.8799   23.9191
    7.5000  -15.0000  -15.000012977.8271   23.9817
   -7.5000   -7.5000  -15.000013891.0166   23.8558
    0.0000   -7.5000  -15.000014387.1445   23.9361
    7.5000   -7.5000  -15.000013723.3369   23.9967
   -7.5000    0.0000  -15.000014554.1016   23.8770
    0.0000    0.0000  -15.000015072.8574   23.9569
    7.5000    0.0000  -15.000014375.7051   24.0195
   -7.5000    7.5000  -15.000014181.7959   23.8855
    0.0000    7.5000  -15.000014705.3184   23.9607
    7.5000    7.5000  -15.000013984.2979   24.0266
   -7.5000   15.0000  -15.000013660.0293   23.8727
    0.0000   15.0000  -15.000014202.5303   23.9443
    7.5000   15.0000  -15.000013460.1523   24.0102
   -7.5000   22.5000  -15.000012965.8604   23.8416
    0.0000   22.5000  -15.000013477.4854   23.9150
    7.5000   22.5000  -15.000012772.0098   23.9798
   -7.5000   30.0000  -15.000012243.3359   23.5330
    0.0000   30.0000  -15.000012685.1846   23.6096
    7.5000   30.0000  -15.000012006.6338   23.6713
   -7.5000   37.5000  -15.000011832.2568   23.5471
    0.0000   37.5000  -15.000012240.5078   23.6263
    7.5000   37.5000  -15.000011593.5488   23.6862
   -7.5000   45.0000  -15.000010752.1914   23.0086
    0.0000   45.0000  -15.000011131.5137   23.0856
    7.5000   45.0000  -15.000010529.5371   23.1460
   -7.5000  -45.0000   -7.500010187.7490   24.3337
    0.0000  -45.0000   -7.500010559.4316   24.4445
    7.5000  -45.0000   -7.500010019.1738   24.5106
   -7.5000  -37.5000   -7.500010983.9941   24.2508
    0.0000  -37.5000   -7.500011393.9492   24.3528
    7.5000  -37.5000   -7.500010806.0283   24.4229
   -7.5000  -30.0000   -7.500012048.7520   24.1848
    0.0000  -30.0000   -7.500012503.7471   24.2804
    7.5000  -30.0000   -7.500011865.9961   24.3484
   -7.5000  -22.5000   -7.500013040.2715   24.1594
    0.0000  -22.5000   -7.500013511.6914   24.2579
    7.5000  -22.5000   -7.500012852.6260   24.3215
   -7.5000  -15.0000   -7.500013942.3018   24.1572
    0.0000  -15.0000   -7.500014408.6914   24.2625
    7.5000  -15.0000   -7.500013758.4033   24.3216
   -7.5000   -7.5000   -7.500014689.7432   24.1674
    0.0000   -7.5000   -7.500015179.6670   24.2773
    7.5000   -7.5000   -7.500014522.3252   24.3362
   -7.5000    0.0000   -7.500015372.8633   24.1797
    0.0000    0.0000   -7.500015855.8525   24.2886
    7.5000    0.0000   -7.500015219.3799   24.3534
   -7.5000    7.5000   -7.500014986.1182   24.1846
    0.0000    7.5000   -7.500015493.0615   24.2857
    7.5000    7.5000   -7.500014804.7773   24.3551
   -7.5000   15.0000   -7.500014482.6133   24.1743
    0.0000   15.0000   -7.500014984.8359   24.2697
    7.5000   15.0000   -7.500014287.7900   24.3376
   -7.5000   22.5000   -7.500013754.7148   24.1483
    0.0000   22.5000   -7.500014238.1094   24.2467
    7.5000   22.5000   -7.500013573.1963   24.3102
   -7.5000   30.0000   -7.500012914.7549   23.8440
    0.0000   30.0000   -7.500013350.8467   23.9479
    7.5000   30.0000   -7.500012705.5361   24.0062
   -7.5000   37.5000   -7.500012444.9697   23.8540
    0.0000   37.5000   -7.500012855.7383   23.9625
    7.5000   37.5000   -7.500012222.7520   24.0206
   -7.5000   45.0000   -7.500011323.0732   23.3046
    0.0000   45.0000   -7.500011694.7998   23.4096
    7.5000   45.0000   -7.500011123.1367   23.4721
   -7.5000  -45.0000    0.000010756.3164   24.3647
    0.0000  -45.0000    0.000011155.5605   24.4917
    7.5000  -45.0000    0.000010590.1162   24.5633
   -7.5000  -37.5000    0.000011546.5566   24.2904
    0.0000  -37.5000    0.000011988.6377   24.4094
    7.5000  -37.5000    0.000011378.1162   24.4815
   -7.5000  -30.0000    0.000012644.4277   24.2326
    0.0000  -30.0000    0.000013099.4775   24.3449
    7.5000  -30.0000    0.000012475.4668   24.4099
   -7.5000  -22.5000    0.000013653.4229   24.2070
    0.0000  -22.5000    0.000014098.9756   24.3202
    7.5000  -22.5000    0.000013464.0557   24.3795
   -7.5000  -15.0000    0.000014594.7119   24.1975
    0.0000  -15.0000    0.000015048.3311   24.3161
    7.5000  -15.0000    0.000014411.2217   24.3739
   -7.5000   -7.5000    0.000015356.1396   24.1999
    0.0000   -7.5000    0.000015836.6270   24.3242
    7.5000   -7.5000    0.000015210.1465   24.3865
   -7.5000    0.0000    0.000016050.9043   24.2112
    0.0000    0.0000    0.000016531.3984   24.3360
    7.5000    0.0000    0.000015957.8252   24.4062
   -7.5000    7.5000    0.000015630.7891   24.2239
    0.0000    7.5000    0.000016098.5742   24.3420
    7.5000    7.5000    0.000015513.0352   24.4134
   -7.5000   15.0000    0.000015103.3203   24.2220
    0.0000   15.0000    0.000015534.6973   24.3340
    7.5000   15.0000    0.000014956.5166   24.3991
   -7.5000   22.5000    0.000014332.8926   24.1959
    0.0000   22.5000    0.000014753.6592   24.3090
    7.5000   22.5000    0.000014186.9521   24.3683
   -7.5000   30.0000    0.000013377.6777   23.8844
    0.0000   30.0000    0.000013769.0625   24.0014
    7.5000   30.0000    0.000013242.2041   24.0585
   -7.5000   37.5000    0.000012860.0039   23.8867
    0.0000   37.5000    0.000013223.1172   24.0094
    7.5000   37.5000    0.000012706.8604   24.0709
   -7.5000   45.0000    0.000011715.9775   23.3368
    0.0000   45.0000    0.000012065.1182   23.4571
    7.5000   45.0000    0.000011566.4180   23.5247
   -7.5000  -45.0000    7.500010486.1621   24.3158
    0.0000  -45.0000    7.500010873.5869   24.4284
    7.5000  -45.0000    7.500010329.4023   24.5034
   -7.5000  -37.5000    7.500011228.4873   24.2562
    0.0000  -37.5000    7.500011664.4023   24.3655
    7.5000  -37.5000    7.500011074.9902   24.4356
   -7.5000  -30.0000    7.500012271.1758   24.2056
    0.0000  -30.0000    7.500012716.0283   24.3096
    7.5000  -30.0000    7.500012113.5703   24.3695
   -7.5000  -22.5000    7.500013234.6055   24.1707
    0.0000  -22.5000    7.500013693.0176   24.2715
    7.5000  -22.5000    7.500013066.4287   24.3276
   -7.5000  -15.0000    7.500014131.7793   24.1458
    0.0000  -15.0000    7.500014601.6582   24.2473
    7.5000  -15.0000    7.500013948.7480   24.3070
   -7.5000   -7.5000    7.500014826.0557   24.1443
    0.0000   -7.5000    7.500015312.0654   24.2511
    7.5000   -7.5000    7.500014718.3564   24.3185
   -7.5000    0.0000    7.500015453.8154   24.1644
    0.0000    0.0000    7.500015976.2227   24.2750
    7.5000    0.0000    7.500015417.6064   24.3484
   -7.5000    7.5000    7.500015064.5820   24.1904
    0.0000    7.5000    7.500015553.9521   24.2988
    7.5000    7.5000    7.500015015.1904   24.3683
   -7.5000   15.0000    7.500014533.2236   24.1949
    0.0000   15.0000    7.500015001.4229   24.2989
    7.5000   15.0000    7.500014482.9033   24.3588
   -7.5000   22.5000    7.500013785.8652   24.1596
    0.0000   22.5000    7.500014212.2578   24.2603
    7.5000   22.5000    7.500013734.4404   24.3164
   -7.5000   30.0000    7.500012804.6260   23.8333
    0.0000   30.0000    7.500013181.1865   23.9335
    7.5000   30.0000    7.500012744.8584   23.9924
   -7.5000   37.5000    7.500012310.3428   23.8318
    0.0000   37.5000    7.500012640.1670   23.9372
    7.5000   37.5000    7.500012226.3584   24.0038
   -7.5000   45.0000    7.500011250.8018   23.2917
    0.0000   45.0000    7.500011541.6699   23.3983
    7.5000   45.0000    7.500011142.4521   23.4691
   -7.5000  -45.0000   15.000010092.4062   24.2890
    0.0000  -45.0000   15.000010464.0957   24.3730
    7.5000  -45.0000   15.0000 9921.3633   24.4469
   -7.5000  -37.5000   15.000010808.7119   24.2350
    0.0000  -37.5000   15.000011198.8154   24.3202
    7.5000  -37.5000   15.000010628.2217   24.3867
   -7.5000  -30.0000   15.000011785.2295   24.1853
    0.0000  -30.0000   15.000012194.4854   24.2674
    7.5000  -30.0000   15.000011612.2646   24.3240
   -7.5000  -22.5000   15.000012682.3154   24.1441
    0.0000  -22.5000   15.000013115.4473   24.2198
    7.5000  -22.5000   15.000012519.8457   24.2756
   -7.5000  -15.0000   15.000013490.2480   24.1119
    0.0000  -15.0000   15.000013969.8086   24.1845
    7.5000  -15.0000   15.000013346.7051   24.2463
   -7.5000   -7.5000   15.000014193.8721   24.1116
    0.0000   -7.5000   15.000014694.7188   24.1882
    7.5000   -7.5000   15.000014121.9277   24.2576
   -7.5000    0.0000   15.000014844.3730   24.1388
    0.0000    0.0000   15.000015408.8594   24.2211
    7.5000    0.0000   15.000014868.1289   24.2935
   -7.5000    7.5000   15.000014459.6035   24.1699
    0.0000    7.5000   15.000014986.8184   24.2545
    7.5000    7.5000   15.000014504.8857   24.3205
   -7.5000   15.0000   15.000013974.0967   24.1748
    0.0000   15.0000   15.000014482.9463   24.2568
    7.5000   15.0000   15.000013980.9102   24.3135
   -7.5000   22.5000   15.000013289.6748   24.1330
    0.0000   22.5000   15.000013756.2734   24.2087
    7.5000   22.5000   15.000013255.6592   24.2644
   -7.5000   30.0000   15.000012301.5479   23.7998
    0.0000   30.0000   15.000012691.7227   23.8715
    7.5000   30.0000   15.000012257.1797   23.9325
   -7.5000   37.5000   15.000011796.4229   23.7996
    0.0000   37.5000   15.000012114.8828   23.8752
    7.5000   37.5000   15.000011709.1357   23.9437
   -7.5000   45.0000   15.000010746.1270   23.2670
    0.0000   45.0000   15.000011029.2031   23.3464
    7.5000   45.0000   15.000010645.1260   23.4162
   -7.5000  -45.0000   22.5000 9592.0723   24.3271
    0.0000  -45.0000   22.5000 9938.8975   24.3967
    7.5000  -45.0000   22.5000 9425.2422   24.4658
   -7.5000  -37.5000   22.500010258.3281   24.2622
    0.0000  -37.5000   22.500010624.0088   24.3318
    7.5000  -37.5000   22.500010080.1582   24.3972
   -7.5000  -30.0000   22.500011198.9473   24.2032
    0.0000  -30.0000   22.500011597.6846   24.2703
    7.5000  -30.0000   22.500011031.8916   24.3309
   -7.5000  -22.5000   22.500012083.5420   24.1632
    0.0000  -22.5000   22.500012540.5635   24.2271
    7.5000  -22.5000   22.500011939.0840   24.2881
   -7.5000  -15.0000   22.500012856.6963   24.1399
    0.0000  -15.0000   22.500013333.9766   24.2028
    7.5000  -15.0000   22.500012722.7012   24.2669
   -7.5000   -7.5000   22.500013573.3115   24.1480
    0.0000   -7.5000   22.500014068.4893   24.2133
    7.5000   -7.5000   22.500013454.4316   24.2798
   -7.5000    0.0000   22.500014329.2861   24.1756
    0.0000    0.0000   22.500014865.4004   24.2439
    7.5000    0.0000   22.500014170.4697   24.3116
   -7.5000    7.5000   22.500013997.9805   24.1972
    0.0000    7.5000   22.500014479.9316   24.2662
    7.5000    7.5000   22.500013830.3867   24.3311
   -7.5000   15.0000   22.500013453.5098   24.1927
    0.0000   15.0000   22.500013925.1045   24.2598
    7.5000   15.0000   22.500013315.3643   24.3204
   -7.5000   22.5000   22.500012744.7891   24.1521
    0.0000   22.5000   22.500013208.2383   24.2160
    7.5000   22.5000   22.500012636.6123   24.2769
   -7.5000   30.0000   22.500011782.0195   23.8275
    0.0000   30.0000   22.500012199.6221   23.8895
    7.5000   30.0000   22.500011706.0332   23.9528
   -7.5000   37.5000   22.500011258.1240   23.8355
    0.0000   37.5000   22.500011616.1377   23.8999
    7.5000   37.5000   22.500011138.0820   23.9656
   -7.5000   45.0000   22.500010246.0381   23.3025
    0.0000   45.0000   22.500010552.5596   23.3683
    7.5000   45.0000   22.500010112.5244   23.4335
   -7.5000  -45.0000   30.0000 8949.6338   24.4614
    0.0000  -45.0000   30.0000 9281.3604   24.5446
    7.5000  -45.0000   30.0000 8815.9834   24.6096
   -7.5000  -37.5000   30.0000 9612.3955   24.3809
    0.0000  -37.5000   30.0000 9951.4570   24.4586
    7.5000  -37.5000   30.0000 9442.4668   24.5263
   -7.5000  -30.0000   30.000010521.1152   24.3121
    0.0000  -30.0000   30.000010926.4824   24.3858
    7.5000  -30.0000   30.000010355.7012   24.4530
   -7.5000  -22.5000   30.000011401.0801   24.2790
    0.0000  -22.5000   30.000011857.0820   24.3546
    7.5000  -22.5000   30.000011223.2920   24.4207
   -7.5000  -15.0000   30.000012216.5771   24.2709
    0.0000  -15.0000   30.000012664.5273   24.3506
    7.5000  -15.0000   30.000012007.2900   24.4143
   -7.5000   -7.5000   30.000012932.0996   24.2855
    0.0000   -7.5000   30.000013398.1387   24.3679
    7.5000   -7.5000   30.000012729.5811   24.4294
   -7.5000    0.0000   30.000013578.3730   24.3066
    0.0000    0.0000   30.000014052.1953   24.3884
    7.5000    0.0000   30.000013347.4502   24.4521
   -7.5000    7.5000   30.000013208.7432   24.3148
    0.0000    7.5000   30.000013654.9346   24.3918
    7.5000    7.5000   30.000012979.7686   24.4589
   -7.5000   15.0000   30.000012713.2998   24.3017
    0.0000   15.0000   30.000013138.3779   24.3751
    7.5000   15.0000   30.000012494.0088   24.4424
   -7.5000   22.5000   30.000012053.0234   24.2678
    0.0000   22.5000   30.000012460.6846   24.3433
    7.5000   22.5000   30.000011863.5029   24.4094
   -7.5000   30.0000   30.000011181.8525   23.9568
    0.0000   30.0000   30.000011542.2891   24.0355
    7.5000   30.0000   30.000011021.1895   24.0983
   -7.5000   37.5000   30.000010672.5586   23.9712
    0.0000   37.5000   30.000010967.8721   24.0525
    7.5000   37.5000   30.000010478.0088   24.1132
   -7.5000   45.0000   30.0000 9695.5059   23.4288
    0.0000   45.0000   30.0000 9967.9131   23.5076
    7.5000   45.0000   30.0000 9514.1875   23.5690
   -7.5000  -45.0000   37.5000 8569.0635   24.6216
    0.0000  -45.0000   37.5000 8900.2109   24.7353
    7.5000  -45.0000   37.5000 8466.9932   24.8023
   -7.5000  -37.5000   37.5000 9210.5195   24.5375
    0.0000  -37.5000   37.5000 9561.5293   24.6422
    7.5000  -37.5000   37.5000 9081.7324   24.7134
   -7.5000  -30.0000   37.500010138.8389   24.4719
    0.0000  -30.0000   37.500010542.3330   24.5699
    7.5000  -30.0000   37.5000 9982.3359   24.6390
   -7.5000  -22.5000   37.500011014.1201   24.4466
    0.0000  -22.5000   37.500011464.8496   24.5477
    7.5000  -22.5000   37.500010834.3398   24.6122
   -7.5000  -15.0000   37.500011820.1289   24.4438
    0.0000  -15.0000   37.500012279.6562   24.5519
    7.5000  -15.0000   37.500011611.2842   24.6117
   -7.5000   -7.5000   37.500012531.6943   24.4528
    0.0000   -7.5000   37.500013017.1660   24.5656
    7.5000   -7.5000   37.500012320.7773   24.6251
   -7.5000    0.0000   37.500013137.2256   24.4642
    0.0000    0.0000   37.500013625.3154   24.5760
    7.5000    0.0000   37.500012890.0918   24.6417
   -7.5000    7.5000   37.500012719.8721   24.4699
    0.0000    7.5000   37.500013191.5596   24.5737
    7.5000    7.5000   37.500012475.9023   24.6442
   -7.5000   15.0000   37.500012238.2021   24.4611
    0.0000   15.0000   37.500012672.0605   24.5590
    7.5000   15.0000   37.500012025.9092   24.6280
   -7.5000   22.5000   37.500011644.7119   24.4354
    0.0000   22.5000   37.500012043.9980   24.5364
    7.5000   22.5000   37.500011441.6123   24.6008
   -7.5000   30.0000   37.500010847.1367   24.1274
    0.0000   30.0000   37.500011210.5059   24.2341
    7.5000   30.0000   37.500010650.1787   24.2931
   -7.5000   37.5000   37.500010327.6797   24.1363
    0.0000   37.5000   37.500010630.7139   24.2477
    7.5000   37.5000   37.500010111.7773   24.3064
   -7.5000   45.0000   37.5000 9393.0928   23.5807
    0.0000   45.0000   37.5000 9663.3213   23.6884
    7.5000   45.0000   37.5000 9199.1182   23.7518
   -7.5000  -45.0000   45.0000 7806.5376   24.7641
    0.0000  -45.0000   45.0000 8103.2100   24.8974
    7.5000  -45.0000   45.0000 7725.1602   24.9722
   -7.5000  -37.5000   45.0000 8400.1660   24.6894
    0.0000  -37.5000   45.0000 8731.2891   24.8143
    7.5000  -37.5000   45.0000 8306.6816   24.8896
   -7.5000  -30.0000   45.0000 9264.2090   24.6331
    0.0000  -30.0000   45.0000 9622.3506   24.7509
    7.5000  -30.0000   45.0000 9142.1523   24.8188
   -7.5000  -22.5000   45.000010070.6875   24.6075
    0.0000  -22.5000   45.000010450.0664   24.7265
    7.5000  -22.5000   45.0000 9924.7012   24.7880
   -7.5000  -15.0000   45.000010832.6855   24.5955
    0.0000  -15.0000   45.000011238.9990   24.7202
    7.5000  -15.0000   45.000010663.9463   24.7801
   -7.5000   -7.5000   45.000011487.1914   24.5944
    0.0000   -7.5000   45.000011935.5791   24.7250
    7.5000   -7.5000   45.000011304.4014   24.7897
   -7.5000    0.0000   45.000012029.7002   24.6046
    0.0000    0.0000   45.000012483.0830   24.7355
    7.5000    0.0000   45.000011822.4219   24.8087
   -7.5000    7.5000   45.000011653.6611   24.6203
    0.0000    7.5000   45.000012084.3545   24.7442
    7.5000    7.5000   45.000011449.6562   24.8188
   -7.5000   15.0000   45.000011238.8828   24.6220
    0.0000   15.0000   45.000011628.4951   24.7397
    7.5000   15.0000   45.000011045.3926   24.8075
   -7.5000   22.5000   45.000010724.4121   24.5961
    0.0000   22.5000   45.000011083.5127   24.7150
    7.5000   22.5000   45.000010532.9326   24.7765
   -7.5000   30.0000   45.000010001.5176   24.2750
    0.0000   30.0000   45.000010336.0938   24.3982
    7.5000   30.0000   45.0000 9827.8232   24.4572
   -7.5000   37.5000   45.0000 9520.9111   24.2740
    0.0000   37.5000   45.0000 9812.7100   24.4028
    7.5000   37.5000   45.0000 9339.9795   24.4667
   -7.5000   45.0000   45.0000 8665.4922   23.7268
    0.0000   45.0000   45.0000 8923.0879   23.8530
    7.5000   45.0000   45.0000 8512.0273   23.9236

---------------------------------------------------------------------
imgreg_4dfp /opt/freesurfer/average/711-2C_as_mni_average_305 /opt/freesurfer/average/711-2B_as_mni_average_305_mask talsrcimg_g11 none talsrcimg_to_711-2C_as_mni_average_305_t4 4355
---------------------------------------------------------------------

freesurfer imgreg_4dfp.c
/opt/freesurfer/average/711-2C_as_mni_average_305.4dfp.img
       256       256       256         1
  1.000000  1.000000  1.000000
orientation T byte_order littleendian
Reading image: /opt/freesurfer/average/711-2C_as_mni_average_305.4dfp.img
dimensions:      256       256       256
mmppix:       1.0000   -1.0000   -1.0000
center:     128.0000 -129.0000 -129.0000
/opt/freesurfer/average/711-2B_as_mni_average_305_mask.4dfp.img
       256       256       256         1
  1.000000  1.000000  1.000000
orientation T byte_order littleendian
Reading mask: /opt/freesurfer/average/711-2B_as_mni_average_305_mask.4dfp.img (2306576 pixels)
talsrcimg_g11.4dfp.img
       256       256       256         1
  1.000000  1.000000  1.000000
orientation T byte_order littleendian
Reading image: talsrcimg_g11.4dfp.img
dimensions:      256       256       256
mmppix:       1.0000   -1.0000   -1.0000
center:     128.0000 -129.0000 -129.0000
rotation matrix determinant  1.000000
image alignment mode   4355 decimal     1103 hex
   -7.5000  -45.0000  -45.0000 1882.1095   25.8479
    0.0000  -45.0000  -45.0000 1875.6661   26.0451
    7.5000  -45.0000  -45.0000 1852.1027   26.6590
   -7.5000  -37.5000  -45.0000 1989.4764   23.2646
    0.0000  -37.5000  -45.0000 1984.0444   23.4291
    7.5000  -37.5000  -45.0000 1951.2466   23.9381
   -7.5000  -30.0000  -45.0000 2085.3176   21.3281
    0.0000  -30.0000  -45.0000 2082.6462   21.4508
    7.5000  -30.0000  -45.0000 2046.3799   21.8712
   -7.5000  -22.5000  -45.0000 2164.0500   19.8819
    0.0000  -22.5000  -45.0000 2161.0688   19.9785
    7.5000  -22.5000  -45.0000 2126.6936   20.3684
   -7.5000  -15.0000  -45.0000 2201.6628   18.9355
    0.0000  -15.0000  -45.0000 2197.7690   19.0100
    7.5000  -15.0000  -45.0000 2163.1611   19.3591
   -7.5000   -7.5000  -45.0000 2223.3359   18.3533
    0.0000   -7.5000  -45.0000 2217.5098   18.4636
    7.5000   -7.5000  -45.0000 2184.9910   18.8449
   -7.5000    0.0000  -45.0000 2226.1978   18.2432
    0.0000    0.0000  -45.0000 2221.5322   18.3087
    7.5000    0.0000  -45.0000 2186.6509   18.7024
   -7.5000    7.5000  -45.0000 2210.0325   18.5022
    0.0000    7.5000  -45.0000 2204.4890   18.5375
    7.5000    7.5000  -45.0000 2170.3147   18.9831
   -7.5000   15.0000  -45.0000 2176.0056   19.1735
    0.0000   15.0000  -45.0000 2168.6804   19.2191
    7.5000   15.0000  -45.0000 2135.0874   19.7141
   -7.5000   22.5000  -45.0000 2118.7600   20.2503
    0.0000   22.5000  -45.0000 2118.0564   20.3063
    7.5000   22.5000  -45.0000 2081.9839   20.8483
   -7.5000   30.0000  -45.0000 2046.9269   21.7718
    0.0000   30.0000  -45.0000 2046.8236   21.8548
    7.5000   30.0000  -45.0000 2005.2340   22.4739
   -7.5000   37.5000  -45.0000 1955.4989   23.8724
    0.0000   37.5000  -45.0000 1953.1525   24.0203
    7.5000   37.5000  -45.0000 1913.9839   24.6338
   -7.5000   45.0000  -45.0000 1845.0490   26.7095
    0.0000   45.0000  -45.0000 1841.3513   26.8365
    7.5000   45.0000  -45.0000 1810.4766   27.6201
   -7.5000  -45.0000  -37.5000 1957.6371   23.9081
    0.0000  -45.0000  -37.5000 1954.5665   24.0500
    7.5000  -45.0000  -37.5000 1924.1036   24.6254
   -7.5000  -37.5000  -37.5000 2077.3147   21.5364
    0.0000  -37.5000  -37.5000 2077.4116   21.6578
    7.5000  -37.5000  -37.5000 2037.6771   22.1507
   -7.5000  -30.0000  -37.5000 2175.0107   19.6814
    0.0000  -30.0000  -37.5000 2172.4604   19.7629
    7.5000  -30.0000  -37.5000 2140.5388   20.2180
   -7.5000  -22.5000  -37.5000 2261.9512   18.3105
    0.0000  -22.5000  -37.5000 2258.9587   18.3672
    7.5000  -22.5000  -37.5000 2220.7976   18.7371
   -7.5000  -15.0000  -37.5000 2305.6614   17.4199
    0.0000  -15.0000  -37.5000 2302.3755   17.4710
    7.5000  -15.0000  -37.5000 2267.4028   17.8141
   -7.5000   -7.5000  -37.5000 2325.3799   16.9209
    0.0000   -7.5000  -37.5000 2319.8738   16.9926
    7.5000   -7.5000  -37.5000 2290.6753   17.3233
   -7.5000    0.0000  -37.5000 2323.0356   16.8580
    0.0000    0.0000  -37.5000 2322.3894   16.8989
    7.5000    0.0000  -37.5000 2286.9988   17.2396
   -7.5000    7.5000  -37.5000 2304.7444   17.0870
    0.0000    7.5000  -37.5000 2304.5750   17.1283
    7.5000    7.5000  -37.5000 2270.6543   17.4830
   -7.5000   15.0000  -37.5000 2268.8164   17.6704
    0.0000   15.0000  -37.5000 2267.8855   17.6691
    7.5000   15.0000  -37.5000 2234.2820   18.0682
   -7.5000   22.5000  -37.5000 2213.4592   18.5830
    0.0000   22.5000  -37.5000 2216.0044   18.6024
    7.5000   22.5000  -37.5000 2175.7573   19.0458
   -7.5000   30.0000  -37.5000 2135.4663   19.9913
    0.0000   30.0000  -37.5000 2138.3247   20.0094
    7.5000   30.0000  -37.5000 2097.5645   20.5228
   -7.5000   37.5000  -37.5000 2037.7687   21.8640
    0.0000   37.5000  -37.5000 2039.1897   21.9086
    7.5000   37.5000  -37.5000 2000.9467   22.4762
   -7.5000   45.0000  -37.5000 1921.0071   24.4259
    0.0000   45.0000  -37.5000 1922.6498   24.4652
    7.5000   45.0000  -37.5000 1889.1467   25.0826
   -7.5000  -45.0000  -30.0000 2057.1021   23.0286
    0.0000  -45.0000  -30.0000 2058.3159   23.1423
    7.5000  -45.0000  -30.0000 2026.4506   23.7290
   -7.5000  -37.5000  -30.0000 2189.5662   20.7441
    0.0000  -37.5000  -30.0000 2188.2712   20.7707
    7.5000  -37.5000  -30.0000 2153.3459   21.2794
   -7.5000  -30.0000  -30.0000 2295.5986   18.8834
    0.0000  -30.0000  -30.0000 2294.0728   18.8974
    7.5000  -30.0000  -30.0000 2259.1682   19.3303
   -7.5000  -22.5000  -30.0000 2387.8933   17.5048
    0.0000  -22.5000  -30.0000 2385.7371   17.4966
    7.5000  -22.5000  -30.0000 2345.3008   17.8838
   -7.5000  -15.0000  -30.0000 2443.6272   16.6008
    0.0000  -15.0000  -30.0000 2442.0859   16.6212
    7.5000  -15.0000  -30.0000 2403.4736   16.9509
   -7.5000   -7.5000  -30.0000 2472.3909   16.1696
    0.0000   -7.5000  -30.0000 2473.7510   16.1975
    7.5000   -7.5000  -30.0000 2434.1086   16.5088
   -7.5000    0.0000  -30.0000 2476.8916   16.1006
    0.0000    0.0000  -30.0000 2481.5889   16.1127
    7.5000    0.0000  -30.0000 2436.9351   16.4139
   -7.5000    7.5000  -30.0000 2456.4226   16.3681
    0.0000    7.5000  -30.0000 2455.7229   16.3979
    7.5000    7.5000  -30.0000 2414.5791   16.6822
   -7.5000   15.0000  -30.0000 2413.8389   16.9436
    0.0000   15.0000  -30.0000 2415.8826   16.9408
    7.5000   15.0000  -30.0000 2374.0579   17.2641
   -7.5000   22.5000  -30.0000 2355.4871   17.8112
    0.0000   22.5000  -30.0000 2356.8174   17.7775
    7.5000   22.5000  -30.0000 2313.9460   18.1668
   -7.5000   30.0000  -30.0000 2265.6162   19.1103
    0.0000   30.0000  -30.0000 2271.6240   19.0862
    7.5000   30.0000  -30.0000 2229.0835   19.5314
   -7.5000   37.5000  -30.0000 2157.7603   20.8699
    0.0000   37.5000  -30.0000 2159.3943   20.8573
    7.5000   37.5000  -30.0000 2121.9124   21.3764
   -7.5000   45.0000  -30.0000 2033.2452   23.2594
    0.0000   45.0000  -30.0000 2032.6790   23.2424
    7.5000   45.0000  -30.0000 1999.5743   23.8333
   -7.5000  -45.0000  -22.5000 2134.7280   22.0645
    0.0000  -45.0000  -22.5000 2132.8989   22.0766
    7.5000  -45.0000  -22.5000 2102.3582   22.6219
   -7.5000  -37.5000  -22.5000 2273.6233   19.7877
    0.0000  -37.5000  -22.5000 2273.2117   19.7836
    7.5000  -37.5000  -22.5000 2236.9519   20.2819
   -7.5000  -30.0000  -22.5000 2387.6780   18.0362
    0.0000  -30.0000  -22.5000 2385.6633   17.9995
    7.5000  -30.0000  -22.5000 2349.3103   18.4446
   -7.5000  -22.5000  -22.5000 2486.4609   16.6907
    0.0000  -22.5000  -22.5000 2487.1379   16.6770
    7.5000  -22.5000  -22.5000 2445.1914   17.0203
   -7.5000  -15.0000  -22.5000 2557.2581   15.7833
    0.0000  -15.0000  -22.5000 2556.9802   15.8203
    7.5000  -15.0000  -22.5000 2519.1765   16.1090
   -7.5000   -7.5000  -22.5000 2592.8210   15.3301
    0.0000   -7.5000  -22.5000 2594.1167   15.3840
    7.5000   -7.5000  -22.5000 2551.3938   15.6533
   -7.5000    0.0000  -22.5000 2609.4419   15.2491
    0.0000    0.0000  -22.5000 2612.1680   15.2836
    7.5000    0.0000  -22.5000 2558.3635   15.5551
   -7.5000    7.5000  -22.5000 2589.7058   15.5435
    0.0000    7.5000  -22.5000 2595.1318   15.5383
    7.5000    7.5000  -22.5000 2537.3828   15.8113
   -7.5000   15.0000  -22.5000 2542.7603   16.1174
    0.0000   15.0000  -22.5000 2551.3748   16.0915
    7.5000   15.0000  -22.5000 2497.4890   16.3726
   -7.5000   22.5000  -22.5000 2477.8875   16.9841
    0.0000   22.5000  -22.5000 2480.9250   16.9619
    7.5000   22.5000  -22.5000 2430.0339   17.2881
   -7.5000   30.0000  -22.5000 2382.4707   18.2053
    0.0000   30.0000  -22.5000 2385.9563   18.1855
    7.5000   30.0000  -22.5000 2338.3372   18.5564
   -7.5000   37.5000  -22.5000 2263.7361   19.8379
    0.0000   37.5000  -22.5000 2264.5955   19.8155
    7.5000   37.5000  -22.5000 2222.6130   20.2467
   -7.5000   45.0000  -22.5000 2125.4905   22.1342
    0.0000   45.0000  -22.5000 2125.4675   22.1047
    7.5000   45.0000  -22.5000 2087.5039   22.5838
   -7.5000  -45.0000  -15.0000 2183.7959   21.1555
    0.0000  -45.0000  -15.0000 2183.3645   21.1598
    7.5000  -45.0000  -15.0000 2147.7715   21.6943
   -7.5000  -37.5000  -15.0000 2329.9231   18.9479
    0.0000  -37.5000  -15.0000 2326.6309   18.9251
    7.5000  -37.5000  -15.0000 2290.9387   19.3923
   -7.5000  -30.0000  -15.0000 2448.6868   17.2322
    0.0000  -30.0000  -15.0000 2450.2937   17.1991
    7.5000  -30.0000  -15.0000 2411.0994   17.6226
   -7.5000  -22.5000  -15.0000 2556.9841   15.9275
    0.0000  -22.5000  -15.0000 2555.1055   15.9178
    7.5000  -22.5000  -15.0000 2514.2983   16.3102
   -7.5000  -15.0000  -15.0000 2639.1997   15.0433
    0.0000  -15.0000  -15.0000 2635.8438   15.0665
    7.5000  -15.0000  -15.0000 2598.2385   15.4072
   -7.5000   -7.5000  -15.0000 2692.8672   14.5653
    0.0000   -7.5000  -15.0000 2690.3489   14.5826
    7.5000   -7.5000  -15.0000 2643.4436   14.9206
   -7.5000    0.0000  -15.0000 2709.6475   14.4845
    0.0000    0.0000  -15.0000 2711.0361   14.4898
    7.5000    0.0000  -15.0000 2653.7793   14.8186
   -7.5000    7.5000  -15.0000 2694.4270   14.7607
    0.0000    7.5000  -15.0000 2705.3916   14.7418
    7.5000    7.5000  -15.0000 2636.7754   15.0413
   -7.5000   15.0000  -15.0000 2651.4304   15.3312
    0.0000   15.0000  -15.0000 2660.9763   15.3109
    7.5000   15.0000  -15.0000 2593.8721   15.5945
   -7.5000   22.5000  -15.0000 2571.3032   16.1671
    0.0000   22.5000  -15.0000 2581.3281   16.1775
    7.5000   22.5000  -15.0000 2519.2969   16.4675
   -7.5000   30.0000  -15.0000 2465.5725   17.2967
    0.0000   30.0000  -15.0000 2470.9341   17.3165
    7.5000   30.0000  -15.0000 2414.4924   17.6824
   -7.5000   37.5000  -15.0000 2342.7407   18.8958
    0.0000   37.5000  -15.0000 2344.8208   18.9112
    7.5000   37.5000  -15.0000 2295.9314   19.3036
   -7.5000   45.0000  -15.0000 2195.0452   21.0652
    0.0000   45.0000  -15.0000 2195.0784   21.0692
    7.5000   45.0000  -15.0000 2155.7524   21.4850
   -7.5000  -45.0000   -7.5000 2213.1660   20.3660
    0.0000  -45.0000   -7.5000 2208.8630   20.4088
    7.5000  -45.0000   -7.5000 2178.1472   20.9427
   -7.5000  -37.5000   -7.5000 2364.8372   18.1974
    0.0000  -37.5000   -7.5000 2360.0068   18.2390
    7.5000  -37.5000   -7.5000 2322.9751   18.7119
   -7.5000  -30.0000   -7.5000 2489.9927   16.5375
    0.0000  -30.0000   -7.5000 2489.4490   16.5054
    7.5000  -30.0000   -7.5000 2447.3230   16.9747
   -7.5000  -22.5000   -7.5000 2604.2598   15.2585
    0.0000  -22.5000   -7.5000 2603.6702   15.2166
    7.5000  -22.5000   -7.5000 2561.0613   15.6557
   -7.5000  -15.0000   -7.5000 2703.0745   14.4070
    0.0000  -15.0000   -7.5000 2701.0413   14.3430
    7.5000  -15.0000   -7.5000 2656.8877   14.7636
   -7.5000   -7.5000   -7.5000 2771.5422   13.8924
    0.0000   -7.5000   -7.5000 2769.8604   13.8581
    7.5000   -7.5000   -7.5000 2714.3198   14.2661
   -7.5000    0.0000   -7.5000 2795.9353   13.7820
    0.0000    0.0000   -7.5000 2796.9331   13.7661
    7.5000    0.0000   -7.5000 2738.8574   14.1535
   -7.5000    7.5000   -7.5000 2786.5410   14.0502
    0.0000    7.5000   -7.5000 2798.8481   14.0203
    7.5000    7.5000   -7.5000 2726.0828   14.3594
   -7.5000   15.0000   -7.5000 2735.9348   14.6095
    0.0000   15.0000   -7.5000 2746.6392   14.6072
    7.5000   15.0000   -7.5000 2674.5391   14.8977
   -7.5000   22.5000   -7.5000 2647.8291   15.3820
    0.0000   22.5000   -7.5000 2656.0312   15.4021
    7.5000   22.5000   -7.5000 2594.8711   15.6962
   -7.5000   30.0000   -7.5000 2530.5725   16.4632
    0.0000   30.0000   -7.5000 2537.8752   16.4885
    7.5000   30.0000   -7.5000 2481.4048   16.8282
   -7.5000   37.5000   -7.5000 2391.8650   18.0030
    0.0000   37.5000   -7.5000 2396.4624   18.0538
    7.5000   37.5000   -7.5000 2346.8271   18.4518
   -7.5000   45.0000   -7.5000 2245.4358   20.1212
    0.0000   45.0000   -7.5000 2244.9001   20.1443
    7.5000   45.0000   -7.5000 2204.2737   20.5817
   -7.5000  -45.0000    0.0000 2221.5029   19.8713
    0.0000  -45.0000    0.0000 2222.2354   19.8946
    7.5000  -45.0000    0.0000 2192.2373   20.4489
   -7.5000  -37.5000    0.0000 2370.4968   17.7084
    0.0000  -37.5000    0.0000 2374.7991   17.7298
    7.5000  -37.5000    0.0000 2334.1042   18.2237
   -7.5000  -30.0000    0.0000 2505.3081   16.0370
    0.0000  -30.0000    0.0000 2505.9839   16.0225
    7.5000  -30.0000    0.0000 2465.0171   16.5242
   -7.5000  -22.5000    0.0000 2628.7642   14.7834
    0.0000  -22.5000    0.0000 2625.1133   14.7329
    7.5000  -22.5000    0.0000 2583.4446   15.2071
   -7.5000  -15.0000    0.0000 2740.7144   13.9170
    0.0000  -15.0000    0.0000 2739.5945   13.8672
    7.5000  -15.0000    0.0000 2692.3745   14.3275
   -7.5000   -7.5000    0.0000 2831.5811   13.4142
    0.0000   -7.5000    0.0000 2832.5522   13.3565
    7.5000   -7.5000    0.0000 2767.4385   13.8022
   -7.5000    0.0000    0.0000 2875.0042   13.2689
    0.0000    0.0000    0.0000 2882.1328   13.2148
    7.5000    0.0000    0.0000 2808.5881   13.6561
   -7.5000    7.5000    0.0000 2864.2561   13.4856
    0.0000    7.5000    0.0000 2878.4041   13.4442
    7.5000    7.5000    0.0000 2800.1438   13.8431
   -7.5000   15.0000    0.0000 2803.7571   14.0363
    0.0000   15.0000    0.0000 2813.4570   14.0022
    7.5000   15.0000    0.0000 2743.0129   14.3748
   -7.5000   22.5000    0.0000 2698.6702   14.8046
    0.0000   22.5000    0.0000 2706.6401   14.8025
    7.5000   22.5000    0.0000 2645.0615   15.1513
   -7.5000   30.0000    0.0000 2570.6577   15.8776
    0.0000   30.0000    0.0000 2577.0522   15.8808
    7.5000   30.0000    0.0000 2522.2495   16.2739
   -7.5000   37.5000    0.0000 2424.3992   17.3705
    0.0000   37.5000    0.0000 2428.2722   17.3862
    7.5000   37.5000    0.0000 2377.9011   17.8082
   -7.5000   45.0000    0.0000 2274.9944   19.4041
    0.0000   45.0000    0.0000 2279.3716   19.4321
    7.5000   45.0000    0.0000 2231.7678   19.8943
   -7.5000  -45.0000    7.5000 2221.4072   19.7020
    0.0000  -45.0000    7.5000 2226.4180   19.7413
    7.5000  -45.0000    7.5000 2194.6724   20.3047
   -7.5000  -37.5000    7.5000 2366.0288   17.4959
    0.0000  -37.5000    7.5000 2373.6023   17.5482
    7.5000  -37.5000    7.5000 2335.7600   18.0559
   -7.5000  -30.0000    7.5000 2501.8201   15.8096
    0.0000  -30.0000    7.5000 2503.4182   15.8322
    7.5000  -30.0000    7.5000 2463.2737   16.3087
   -7.5000  -22.5000    7.5000 2634.1343   14.5257
    0.0000  -22.5000    7.5000 2635.7646   14.5191
    7.5000  -22.5000    7.5000 2588.9453   14.9775
   -7.5000  -15.0000    7.5000 2757.1975   13.6378
    0.0000  -15.0000    7.5000 2759.5469   13.6134
    7.5000  -15.0000    7.5000 2705.8853   14.0714
   -7.5000   -7.5000    7.5000 2860.1951   13.1430
    0.0000   -7.5000    7.5000 2865.8608   13.1125
    7.5000   -7.5000    7.5000 2795.3813   13.5486
   -7.5000    0.0000    7.5000 2921.8562   12.9146
    0.0000    0.0000    7.5000 2929.6401   12.9122
    7.5000    0.0000    7.5000 2847.0156   13.3757
   -7.5000    7.5000    7.5000 2913.6785   13.1095
    0.0000    7.5000    7.5000 2921.7703   13.0756
    7.5000    7.5000    7.5000 2843.5928   13.5510
   -7.5000   15.0000    7.5000 2838.4087   13.6426
    0.0000   15.0000    7.5000 2849.3889   13.6333
    7.5000   15.0000    7.5000 2778.7866   14.0556
   -7.5000   22.5000    7.5000 2723.4324   14.4456
    0.0000   22.5000    7.5000 2732.5291   14.4469
    7.5000   22.5000    7.5000 2669.3342   14.8433
   -7.5000   30.0000    7.5000 2585.2720   15.4904
    0.0000   30.0000    7.5000 2589.1772   15.5285
    7.5000   30.0000    7.5000 2536.0349   15.9021
   -7.5000   37.5000    7.5000 2437.0117   16.9881
    0.0000   37.5000    7.5000 2438.0630   17.0272
    7.5000   37.5000    7.5000 2394.6919   17.4514
   -7.5000   45.0000    7.5000 2285.3093   18.9709
    0.0000   45.0000    7.5000 2288.8513   19.0270
    7.5000   45.0000    7.5000 2244.6711   19.5080
   -7.5000  -45.0000   15.0000 2207.5964   19.8442
    0.0000  -45.0000   15.0000 2217.6001   19.8655
    7.5000  -45.0000   15.0000 2184.8308   20.4149
   -7.5000  -37.5000   15.0000 2350.1440   17.5988
    0.0000  -37.5000   15.0000 2356.5383   17.6009
    7.5000  -37.5000   15.0000 2320.1052   18.1066
   -7.5000  -30.0000   15.0000 2480.2432   15.8542
    0.0000  -30.0000   15.0000 2483.9480   15.8763
    7.5000  -30.0000   15.0000 2444.8823   16.3502
   -7.5000  -22.5000   15.0000 2614.4919   14.5412
    0.0000  -22.5000   15.0000 2618.1516   14.5292
    7.5000  -22.5000   15.0000 2569.4456   15.0066
   -7.5000  -15.0000   15.0000 2735.5745   13.6336
    0.0000  -15.0000   15.0000 2745.6392   13.6183
    7.5000  -15.0000   15.0000 2685.0100   14.0913
   -7.5000   -7.5000   15.0000 2845.5120   13.0856
    0.0000   -7.5000   15.0000 2856.2170   13.0980
    7.5000   -7.5000   15.0000 2786.3618   13.5612
   -7.5000    0.0000   15.0000 2907.8049   12.9323
    0.0000    0.0000   15.0000 2921.9263   12.9257
    7.5000    0.0000   15.0000 2843.4900   13.4209
   -7.5000    7.5000   15.0000 2913.7197   13.1043
    0.0000    7.5000   15.0000 2918.4990   13.1219
    7.5000    7.5000   15.0000 2843.2910   13.5962
   -7.5000   15.0000   15.0000 2838.9851   13.5961
    0.0000   15.0000   15.0000 2848.9089   13.6045
    7.5000   15.0000   15.0000 2774.8940   14.0504
   -7.5000   22.5000   15.0000 2723.9885   14.3325
    0.0000   22.5000   15.0000 2735.8196   14.3220
    7.5000   22.5000   15.0000 2667.7256   14.7611
   -7.5000   30.0000   15.0000 2573.9797   15.3990
    0.0000   30.0000   15.0000 2580.3228   15.3867
    7.5000   30.0000   15.0000 2528.7627   15.8326
   -7.5000   37.5000   15.0000 2430.2700   16.8871
    0.0000   37.5000   15.0000 2431.6956   16.8758
    7.5000   37.5000   15.0000 2392.0642   17.3203
   -7.5000   45.0000   15.0000 2273.3076   18.8326
    0.0000   45.0000   15.0000 2278.6094   18.8368
    7.5000   45.0000   15.0000 2240.9597   19.3093
   -7.5000  -45.0000   22.5000 2185.0010   20.3347
    0.0000  -45.0000   22.5000 2195.7227   20.2961
    7.5000  -45.0000   22.5000 2163.8596   20.8259
   -7.5000  -37.5000   22.5000 2324.0894   17.9430
    0.0000  -37.5000   22.5000 2334.0256   17.9288
    7.5000  -37.5000   22.5000 2297.3997   18.4335
   -7.5000  -30.0000   22.5000 2453.1260   16.1838
    0.0000  -30.0000   22.5000 2462.4231   16.1869
    7.5000  -30.0000   22.5000 2422.9929   16.6369
   -7.5000  -22.5000   22.5000 2583.1050   14.8661
    0.0000  -22.5000   22.5000 2597.9502   14.8642
    7.5000  -22.5000   22.5000 2549.9314   15.3280
   -7.5000  -15.0000   22.5000 2699.7607   13.9780
    0.0000  -15.0000   22.5000 2715.7515   13.9911
    7.5000  -15.0000   22.5000 2658.5359   14.4173
   -7.5000   -7.5000   22.5000 2798.8884   13.4686
    0.0000   -7.5000   22.5000 2812.7791   13.4693
    7.5000   -7.5000   22.5000 2747.9668   13.9084
   -7.5000    0.0000   22.5000 2851.5852   13.3509
    0.0000    0.0000   22.5000 2868.9417   13.3490
    7.5000    0.0000   22.5000 2802.1821   13.7587
   -7.5000    7.5000   22.5000 2856.4485   13.5020
    0.0000    7.5000   22.5000 2864.5127   13.4872
    7.5000    7.5000   22.5000 2805.4707   13.8879
   -7.5000   15.0000   22.5000 2786.6182   13.9084
    0.0000   15.0000   22.5000 2796.6331   13.9038
    7.5000   15.0000   22.5000 2739.4893   14.3075
   -7.5000   22.5000   22.5000 2686.8691   14.5887
    0.0000   22.5000   22.5000 2698.9268   14.5897
    7.5000   22.5000   22.5000 2642.2290   15.0331
   -7.5000   30.0000   22.5000 2548.2932   15.5957
    0.0000   30.0000   22.5000 2557.6621   15.5934
    7.5000   30.0000   22.5000 2513.3933   16.0576
   -7.5000   37.5000   22.5000 2410.1890   17.0326
    0.0000   37.5000   22.5000 2417.5872   17.0397
    7.5000   37.5000   22.5000 2381.0696   17.4933
   -7.5000   45.0000   22.5000 2253.9062   18.9436
    0.0000   45.0000   22.5000 2262.1387   18.9659
    7.5000   45.0000   22.5000 2228.1548   19.4534
   -7.5000  -45.0000   30.0000 2149.2332   21.1009
    0.0000  -45.0000   30.0000 2161.5647   21.0427
    7.5000  -45.0000   30.0000 2133.9575   21.5500
   -7.5000  -37.5000   30.0000 2290.1892   18.7120
    0.0000  -37.5000   30.0000 2300.8774   18.6554
    7.5000  -37.5000   30.0000 2267.6243   19.1435
   -7.5000  -30.0000   30.0000 2417.0186   16.9075
    0.0000  -30.0000   30.0000 2433.6531   16.8964
    7.5000  -30.0000   30.0000 2389.0403   17.3626
   -7.5000  -22.5000   30.0000 2534.8894   15.6100
    0.0000  -22.5000   30.0000 2555.9011   15.6433
    7.5000  -22.5000   30.0000 2503.4175   16.0336
   -7.5000  -15.0000   30.0000 2642.6555   14.7372
    0.0000  -15.0000   30.0000 2661.2961   14.7559
    7.5000  -15.0000   30.0000 2607.5391   15.1369
   -7.5000   -7.5000   30.0000 2727.5857   14.1821
    0.0000   -7.5000   30.0000 2744.0037   14.2076
    7.5000   -7.5000   30.0000 2689.5435   14.5834
   -7.5000    0.0000   30.0000 2766.2200   14.0080
    0.0000    0.0000   30.0000 2782.7334   14.0028
    7.5000    0.0000   30.0000 2726.6956   14.3719
   -7.5000    7.5000   30.0000 2765.9600   14.0983
    0.0000    7.5000   30.0000 2779.4487   14.0988
    7.5000    7.5000   30.0000 2727.6213   14.4510
   -7.5000   15.0000   30.0000 2699.0417   14.4965
    0.0000   15.0000   30.0000 2714.5623   14.4927
    7.5000   15.0000   30.0000 2666.2380   14.8739
   -7.5000   22.5000   30.0000 2609.4321   15.1880
    0.0000   22.5000   30.0000 2627.0063   15.1644
    7.5000   22.5000   30.0000 2578.0171   15.5996
   -7.5000   30.0000   30.0000 2486.1670   16.2231
    0.0000   30.0000   30.0000 2498.3931   16.2086
    7.5000   30.0000   30.0000 2455.5508   16.6613
   -7.5000   37.5000   30.0000 2364.6875   17.5887
    0.0000   37.5000   30.0000 2370.4961   17.6043
    7.5000   37.5000   30.0000 2332.4399   18.0842
   -7.5000   45.0000   30.0000 2216.9478   19.3979
    0.0000   45.0000   30.0000 2221.9336   19.4352
    7.5000   45.0000   30.0000 2191.7061   19.9805
   -7.5000  -45.0000   37.5000 2099.5364   22.3298
    0.0000  -45.0000   37.5000 2113.8987   22.2327
    7.5000  -45.0000   37.5000 2087.7610   22.7310
   -7.5000  -37.5000   37.5000 2236.2876   19.8372
    0.0000  -37.5000   37.5000 2251.4717   19.7906
    7.5000  -37.5000   37.5000 2219.0647   20.2497
   -7.5000  -30.0000   37.5000 2358.3899   18.0399
    0.0000  -30.0000   37.5000 2378.6787   18.0244
    7.5000  -30.0000   37.5000 2336.6433   18.4271
   -7.5000  -22.5000   37.5000 2471.9915   16.6634
    0.0000  -22.5000   37.5000 2495.3364   16.6930
    7.5000  -22.5000   37.5000 2446.4565   17.0765
   -7.5000  -15.0000   37.5000 2571.8611   15.7239
    0.0000  -15.0000   37.5000 2593.1890   15.7570
    7.5000  -15.0000   37.5000 2541.1050   16.1159
   -7.5000   -7.5000   37.5000 2645.6382   15.1394
    0.0000   -7.5000   37.5000 2663.4919   15.2002
    7.5000   -7.5000   37.5000 2614.2656   15.5216
   -7.5000    0.0000   37.5000 2673.3757   14.9221
    0.0000    0.0000   37.5000 2691.3394   14.9554
    7.5000    0.0000   37.5000 2645.0818   15.2601
   -7.5000    7.5000   37.5000 2658.7876   14.9739
    0.0000    7.5000   37.5000 2676.5271   14.9974
    7.5000    7.5000   37.5000 2631.6462   15.2889
   -7.5000   15.0000   37.5000 2600.6667   15.3279
    0.0000   15.0000   37.5000 2612.8904   15.3453
    7.5000   15.0000   37.5000 2578.3574   15.6609
   -7.5000   22.5000   37.5000 2519.8293   16.0112
    0.0000   22.5000   37.5000 2528.6162   15.9893
    7.5000   22.5000   37.5000 2495.5266   16.3602
   -7.5000   30.0000   37.5000 2416.3174   17.0371
    0.0000   30.0000   37.5000 2425.5664   17.0386
    7.5000   30.0000   37.5000 2389.1062   17.3985
   -7.5000   37.5000   37.5000 2294.1758   18.4395
    0.0000   37.5000   37.5000 2298.9731   18.4589
    7.5000   37.5000   37.5000 2270.4353   18.8251
   -7.5000   45.0000   37.5000 2162.4102   20.2241
    0.0000   45.0000   37.5000 2166.1445   20.2434
    7.5000   45.0000   37.5000 2142.8936   20.6856
   -7.5000  -45.0000   45.0000 2037.1589   23.9293
    0.0000  -45.0000   45.0000 2046.9274   23.8307
    7.5000  -45.0000   45.0000 2027.5649   24.3314
   -7.5000  -37.5000   45.0000 2167.9500   21.3077
    0.0000  -37.5000   45.0000 2182.3501   21.2900
    7.5000  -37.5000   45.0000 2158.7856   21.7088
   -7.5000  -30.0000   45.0000 2289.8252   19.3984
    0.0000  -30.0000   45.0000 2306.9485   19.4009
    7.5000  -30.0000   45.0000 2272.6726   19.7579
   -7.5000  -22.5000   45.0000 2399.1743   17.9466
    0.0000  -22.5000   45.0000 2412.9209   17.9633
    7.5000  -22.5000   45.0000 2376.8623   18.3099
   -7.5000  -15.0000   45.0000 2488.9971   16.9503
    0.0000  -15.0000   45.0000 2504.4614   16.9815
    7.5000  -15.0000   45.0000 2465.3640   17.2981
   -7.5000   -7.5000   45.0000 2549.3723   16.3375
    0.0000   -7.5000   45.0000 2564.8059   16.3801
    7.5000   -7.5000   45.0000 2526.5889   16.6567
   -7.5000    0.0000   45.0000 2569.7458   16.0551
    0.0000    0.0000   45.0000 2583.4548   16.0630
    7.5000    0.0000   45.0000 2545.9109   16.3427
   -7.5000    7.5000   45.0000 2549.8259   16.0676
    0.0000    7.5000   45.0000 2562.0061   16.0867
    7.5000    7.5000   45.0000 2528.1475   16.3493
   -7.5000   15.0000   45.0000 2499.4080   16.3997
    0.0000   15.0000   45.0000 2508.1765   16.3882
    7.5000   15.0000   45.0000 2477.9243   16.6892
   -7.5000   22.5000   45.0000 2426.3464   17.0695
    0.0000   22.5000   45.0000 2433.7964   17.0543
    7.5000   22.5000   45.0000 2405.8008   17.3709
   -7.5000   30.0000   45.0000 2334.9712   18.0393
    0.0000   30.0000   45.0000 2342.9700   18.0209
    7.5000   30.0000   45.0000 2314.3979   18.3258
   -7.5000   37.5000   45.0000 2224.7583   19.4487
    0.0000   37.5000   45.0000 2232.4487   19.4182
    7.5000   37.5000   45.0000 2203.6619   19.7827
   -7.5000   45.0000   45.0000 2098.9246   21.2241
    0.0000   45.0000   45.0000 2106.2881   21.1931
    7.5000   45.0000   45.0000 2084.5317   21.5938

---------------------------------------------------------------------
imgreg_4dfp /opt/freesurfer/average/711-2C_as_mni_average_305 /opt/freesurfer/average/711-2B_as_mni_average_305_mask talsrcimg_g11 none talsrcimg_to_711-2C_as_mni_average_305_t4 1283
---------------------------------------------------------------------

freesurfer imgreg_4dfp.c
/opt/freesurfer/average/711-2C_as_mni_average_305.4dfp.img
       256       256       256         1
  1.000000  1.000000  1.000000
orientation T byte_order littleendian
Reading image: /opt/freesurfer/average/711-2C_as_mni_average_305.4dfp.img
dimensions:      256       256       256
mmppix:       1.0000   -1.0000   -1.0000
center:     128.0000 -129.0000 -129.0000
/opt/freesurfer/average/711-2B_as_mni_average_305_mask.4dfp.img
       256       256       256         1
  1.000000  1.000000  1.000000
orientation T byte_order littleendian
Reading mask: /opt/freesurfer/average/711-2B_as_mni_average_305_mask.4dfp.img (2306576 pixels)
talsrcimg_g11.4dfp.img
       256       256       256         1
  1.000000  1.000000  1.000000
orientation T byte_order littleendian
Reading image: talsrcimg_g11.4dfp.img
dimensions:      256       256       256
mmppix:       1.0000   -1.0000   -1.0000
center:     128.0000 -129.0000 -129.0000
rotation matrix determinant  1.000000
fimgreg.f
image alignment mode   1283 decimal      503 hex
parameters
    0.0000    0.0000    7.5000    0.0000    0.0000    0.0000
eta,q 0.91965 12.83757
niter,ni,del,rscale     5    3   12.0000    1.2000
parameters
   -2.4733    2.7824    8.6657   -2.2604   -2.0052    0.5169
eta,q 0.93113 12.71204
  0.0781  0.0931  0.0822  0.0712  0.0709  0.0735
  0.0754  0.0851  0.0755  0.0696  0.0697  0.0712
  0.0735  0.0784  0.0714  0.0692  0.0689  0.0697
  0.0748  0.0734  0.0696  0.0697  0.0691  0.0689
  0.0815  0.0702  0.0702  0.0718  0.0711  0.0690
  0.0912  0.0704  0.0726  0.0744  0.0737  0.0701
  0.1011  0.0747  0.0743  0.0772  0.0754  0.0723
niter,ni,del,rscale     4    3   12.0000    1.2000
parameters
   -2.5458    3.1500    8.6145   -2.6114   -2.0723    0.3883
eta,q 0.93102 12.70518
  0.0782  0.0822  0.0750  0.0724  0.0727  0.0725
  0.0728  0.0755  0.0706  0.0709  0.0709  0.0705
  0.0705  0.0712  0.0692  0.0696  0.0698  0.0694
  0.0689  0.0689  0.0688  0.0688  0.0690  0.0690
  0.0690  0.0702  0.0700  0.0688  0.0690  0.0692
  0.0726  0.0740  0.0723  0.0710  0.0707  0.0705
  0.0796  0.0791  0.0739  0.0743  0.0734  0.0730
niter,ni,del,rscale     3    3   12.0000    1.2000
parameters
   -2.5570    3.2816    8.5253   -2.7655   -1.9533    0.4167
eta,q 0.93098 12.70013
  0.0783  0.0811  0.0748  0.0725  0.0730  0.0726
  0.0726  0.0747  0.0704  0.0711  0.0711  0.0706
  0.0703  0.0707  0.0692  0.0698  0.0699  0.0695
  0.0690  0.0690  0.0690  0.0690  0.0690  0.0690
  0.0691  0.0708  0.0699  0.0687  0.0689  0.0691
  0.0723  0.0746  0.0722  0.0706  0.0705  0.0703
  0.0790  0.0796  0.0739  0.0740  0.0732  0.0728
niter,ni,del,rscale     2    3   12.0000    1.2000
parameters
   -2.6001    3.3454    8.4506   -2.8413   -1.8695    0.4278
eta,q 0.93094 12.69610
  0.0781  0.0807  0.0749  0.0726  0.0730  0.0726
  0.0726  0.0743  0.0703  0.0712  0.0711  0.0705
  0.0703  0.0705  0.0691  0.0699  0.0699  0.0695
  0.0690  0.0690  0.0690  0.0690  0.0691  0.0691
  0.0691  0.0709  0.0699  0.0687  0.0689  0.0691
  0.0723  0.0747  0.0721  0.0704  0.0705  0.0704
  0.0791  0.0797  0.0738  0.0738  0.0733  0.0728
niter,ni,del,rscale     1    3   12.0000    1.2000
parameters
   -2.6264    3.3802    8.4060   -2.8871   -1.8183    0.4354
eta,q 0.93093 12.69372
  0.0781  0.0806  0.0750  0.0726  0.0730  0.0725
  0.0727  0.0742  0.0702  0.0712  0.0711  0.0705
  0.0704  0.0704  0.0691  0.0699  0.0699  0.0695
  0.0691  0.0691  0.0691  0.0691  0.0691  0.0691
  0.0691  0.0709  0.0699  0.0687  0.0690  0.0692
  0.0722  0.0747  0.0721  0.0703  0.0706  0.0704
  0.0791  0.0797  0.0737  0.0738  0.0734  0.0727
registration optimization eta report
parameter search radius
    6.0000    6.0000    6.0000    6.0000    6.0000    6.0000
100000*second partial in parameter space
       27.       30.       15.       12.       12.       10.
  0.0781  0.0806  0.0750  0.0726  0.0730  0.0725
  0.0727  0.0742  0.0702  0.0712  0.0711  0.0705
  0.0704  0.0704  0.0691  0.0699  0.0699  0.0695
  0.0691  0.0691  0.0691  0.0691  0.0691  0.0691
  0.0691  0.0709  0.0699  0.0687  0.0690  0.0692
  0.0722  0.0747  0.0721  0.0703  0.0706  0.0704
  0.0791  0.0797  0.0737  0.0738  0.0734  0.0727
   -2.6264    3.3802    8.4060   -2.8871   -1.8183    0.4354
eta,q 0.93093 12.69372

---------------------------------------------------------------------
imgreg_4dfp /opt/freesurfer/average/711-2C_as_mni_average_305 /opt/freesurfer/average/711-2B_as_mni_average_305_mask talsrcimg_g11 none talsrcimg_to_711-2C_as_mni_average_305_t4 3335
---------------------------------------------------------------------

freesurfer imgreg_4dfp.c
/opt/freesurfer/average/711-2C_as_mni_average_305.4dfp.img
       256       256       256         1
  1.000000  1.000000  1.000000
orientation T byte_order littleendian
Reading image: /opt/freesurfer/average/711-2C_as_mni_average_305.4dfp.img
dimensions:      256       256       256
mmppix:       1.0000   -1.0000   -1.0000
center:     128.0000 -129.0000 -129.0000
/opt/freesurfer/average/711-2B_as_mni_average_305_mask.4dfp.img
       256       256       256         1
  1.000000  1.000000  1.000000
orientation T byte_order littleendian
Reading mask: /opt/freesurfer/average/711-2B_as_mni_average_305_mask.4dfp.img (2306576 pixels)
talsrcimg_g11.4dfp.img
       256       256       256         1
  1.000000  1.000000  1.000000
orientation T byte_order littleendian
Reading image: talsrcimg_g11.4dfp.img
dimensions:      256       256       256
mmppix:       1.0000   -1.0000   -1.0000
center:     128.0000 -129.0000 -129.0000
fimgreg.f
image alignment mode   3335 decimal      D07 hex
parameters
   -2.6264    3.3802    8.4060   -0.0532   -0.1310   -0.1772
   -0.9188    3.1306    0.7596    5.0607   -3.1730   -5.0342
eta,q 0.92874 12.78686
niter,ni,del,rscale     5    3    5.0000    1.2000
parameter  3 -0.648744 -> -0.500000 qaram    1.1500
parameter  4  3.462545 ->  0.500000 qaram    1.1500
parameter  5  3.205101 ->  0.500000 qaram    1.1500
parameter  6  2.579053 ->  0.500000 qaram    1.1500
parameter 11 -0.809601 -> -0.500000 qaram    1.1500
parameter 12  0.670168 ->  0.500000 qaram    1.1500
parameters
   -2.6299    3.9876    9.7860   -4.1932   -4.2710   -4.3172
   -1.3317    2.7559    0.5247    4.8520    0.9670   -9.1742
eta,q 0.94937 11.72945
  0.0729  0.0733  0.0731  0.0606  0.0535  0.0476  0.0535  0.0545  0.0529  0.0541  0.0529  0.0509
  0.0720  0.0724  0.0723  0.0633  0.0564  0.0505  0.0523  0.0525  0.0521  0.0525  0.0522  0.0506
  0.0715  0.0717  0.0716  0.0667  0.0599  0.0541  0.0516  0.0516  0.0516  0.0516  0.0517  0.0507
  0.0713  0.0713  0.0711  0.0706  0.0642  0.0573  0.0515  0.0515  0.0514  0.0514  0.0514  0.0511
  0.0713  0.0711  0.0708  0.0747  0.0689  0.0611  0.0518  0.0519  0.0517  0.0519  0.0512  0.0515
  0.0719  0.0713  0.0706  0.0790  0.0738  0.0661  0.0527  0.0531  0.0522  0.0529  0.0510  0.0520
  0.0730  0.0720  0.0708  0.0839  0.0789  0.0716  0.0540  0.0550  0.0531  0.0542  0.0510  0.0527
niter,ni,del,rscale     7    3    5.0000    1.2000
parameter  4  1.568896 ->  0.500000 qaram    1.3225
parameter  5  1.662262 ->  0.500000 qaram    1.3225
parameter  6  0.998286 ->  0.500000 qaram    1.3225
parameter 10 -0.573156 -> -0.500000 qaram    1.1500
parameters
   -2.4019    5.1801    8.7103   -8.9542   -9.0320   -9.0782
   -1.5527    1.9244    0.7495    8.9920    1.3119   -8.8311
eta,q 0.96617 11.05448
  0.0535  0.0546  0.0506  0.0427  0.0367  0.0349  0.0373  0.0386  0.0361  0.0395  0.0360  0.0354
  0.0520  0.0529  0.0501  0.0441  0.0386  0.0347  0.0359  0.0363  0.0354  0.0376  0.0349  0.0346
  0.0510  0.0516  0.0499  0.0465  0.0413  0.0360  0.0351  0.0350  0.0349  0.0360  0.0341  0.0341
  0.0506  0.0506  0.0501  0.0499  0.0446  0.0393  0.0348  0.0348  0.0347  0.0347  0.0338  0.0338
  0.0508  0.0502  0.0509  0.0542  0.0489  0.0439  0.0352  0.0359  0.0348  0.0340  0.0340  0.0340
  0.0514  0.0502  0.0519  0.0591  0.0540  0.0488  0.0361  0.0380  0.0353  0.0339  0.0346  0.0344
  0.0526  0.0507  0.0532  0.0641  0.0596  0.0538  0.0376  0.0405  0.0360  0.0345  0.0356  0.0352
niter,ni,del,rscale     7    3    5.0000    1.2000
parameter  2 -1.128520 -> -0.500000 qaram    1.1500
parameter  5  1.206755 ->  0.500000 qaram    1.5209
parameters
   -2.0658    6.5601    7.4669  -12.8620  -14.5071  -13.0402
   -0.6707    2.1316    0.8427   12.8692    1.7374  -11.8664
eta,q 0.97438 10.60076
  0.0379  0.0390  0.0325  0.0328  0.0254  0.0280  0.0299  0.0310  0.0286  0.0328  0.0272  0.0263
  0.0360  0.0370  0.0317  0.0313  0.0263  0.0273  0.0284  0.0288  0.0277  0.0303  0.0265  0.0257
  0.0346  0.0352  0.0316  0.0307  0.0280  0.0267  0.0274  0.0274  0.0270  0.0283  0.0261  0.0256
  0.0338  0.0337  0.0321  0.0316  0.0307  0.0267  0.0269  0.0268  0.0268  0.0268  0.0259  0.0259
  0.0338  0.0327  0.0333  0.0343  0.0341  0.0298  0.0269  0.0271  0.0270  0.0260  0.0260  0.0264
  0.0346  0.0320  0.0349  0.0386  0.0385  0.0343  0.0276  0.0284  0.0276  0.0260  0.0263  0.0272
  0.0362  0.0317  0.0368  0.0440  0.0435  0.0401  0.0288  0.0307  0.0285  0.0272  0.0270  0.0282
niter,ni,del,rscale     7    3    5.0000    1.2000
parameter  2 -0.712597 -> -0.500000 qaram    1.3225
parameter  5  0.504691 ->  0.500000 qaram    1.7490
parameter 12  0.599535 ->  0.500000 qaram    1.3225
parameters
   -2.1194    8.1471    6.8341  -12.3437  -20.8036  -13.2410
   -0.7390    2.1881    0.4690   14.5064    1.6983  -16.6274
eta,q 0.97820 10.32583
  0.0287  0.0331  0.0250  0.0290  0.0236  0.0268  0.0251  0.0269  0.0244  0.0276  0.0236  0.0223
  0.0270  0.0301  0.0242  0.0270  0.0225  0.0249  0.0237  0.0246  0.0233  0.0250  0.0230  0.0218
  0.0260  0.0276  0.0239  0.0252  0.0226  0.0235  0.0228  0.0231  0.0226  0.0232  0.0226  0.0219
  0.0256  0.0256  0.0240  0.0239  0.0238  0.0224  0.0225  0.0225  0.0225  0.0225  0.0224  0.0224
  0.0260  0.0244  0.0245  0.0237  0.0263  0.0218  0.0228  0.0229  0.0228  0.0225  0.0225  0.0233
  0.0272  0.0240  0.0254  0.0254  0.0303  0.0242  0.0237  0.0244  0.0236  0.0232  0.0230  0.0243
  0.0290  0.0244  0.0268  0.0289  0.0357  0.0285  0.0252  0.0269  0.0248  0.0246  0.0237  0.0255
niter,ni,del,rscale     7    3    5.0000    1.2000
parameters
   -2.1461    8.6331    6.5224  -12.2128  -21.1072  -13.0974
   -0.7996    2.1698    0.4942   15.7969    1.6112  -16.8926
eta,q 0.97842 10.34554
  0.0252  0.0276  0.0234  0.0266  0.0278  0.0267  0.0244  0.0261  0.0237  0.0262  0.0231  0.0239
  0.0233  0.0247  0.0223  0.0245  0.0248  0.0246  0.0229  0.0237  0.0226  0.0238  0.0223  0.0226
  0.0222  0.0227  0.0218  0.0229  0.0226  0.0230  0.0220  0.0222  0.0219  0.0223  0.0218  0.0218
  0.0218  0.0218  0.0217  0.0217  0.0217  0.0217  0.0216  0.0216  0.0216  0.0216  0.0216  0.0216
  0.0222  0.0219  0.0222  0.0217  0.0223  0.0211  0.0220  0.0221  0.0219  0.0217  0.0218  0.0220
  0.0234  0.0230  0.0230  0.0236  0.0246  0.0233  0.0230  0.0237  0.0226  0.0224  0.0223  0.0229
  0.0254  0.0248  0.0243  0.0271  0.0290  0.0276  0.0245  0.0262  0.0237  0.0240  0.0232  0.0241
niter,ni,del,rscale     6    3    5.0000    1.2000
parameters
   -2.1605    8.8561    6.4297  -12.1983  -21.3577  -13.1682
   -0.7906    2.1290    0.5594   16.2120    1.6193  -17.1492
eta,q 0.97839 10.33958
  0.0250  0.0263  0.0236  0.0264  0.0275  0.0265  0.0244  0.0260  0.0237  0.0252  0.0232  0.0239
  0.0232  0.0238  0.0224  0.0244  0.0246  0.0245  0.0229  0.0237  0.0226  0.0232  0.0224  0.0227
  0.0220  0.0222  0.0217  0.0227  0.0225  0.0230  0.0220  0.0222  0.0219  0.0220  0.0218  0.0218
  0.0216  0.0216  0.0216  0.0216  0.0216  0.0216  0.0216  0.0216  0.0216  0.0216  0.0216  0.0216
  0.0220  0.0219  0.0219  0.0217  0.0221  0.0210  0.0220  0.0221  0.0219  0.0219  0.0218  0.0220
  0.0232  0.0231  0.0227  0.0236  0.0243  0.0236  0.0229  0.0237  0.0225  0.0228  0.0223  0.0229
  0.0251  0.0251  0.0238  0.0272  0.0286  0.0280  0.0244  0.0262  0.0236  0.0245  0.0232  0.0241
niter,ni,del,rscale     5    3    5.0000    1.2000
parameters
   -2.1706    8.9498    6.3607  -12.2066  -21.4848  -13.2326
   -0.7993    2.1104    0.5569   16.4179    1.6409  -17.3005
eta,q 0.97835 10.33466
  0.0250  0.0259  0.0237  0.0264  0.0275  0.0266  0.0244  0.0261  0.0237  0.0250  0.0232  0.0240
  0.0232  0.0235  0.0225  0.0244  0.0247  0.0245  0.0230  0.0237  0.0226  0.0231  0.0224  0.0227
  0.0220  0.0221  0.0218  0.0228  0.0226  0.0230  0.0220  0.0222  0.0219  0.0220  0.0219  0.0219
  0.0216  0.0216  0.0216  0.0216  0.0216  0.0216  0.0217  0.0216  0.0217  0.0217  0.0217  0.0217
  0.0220  0.0221  0.0219  0.0217  0.0220  0.0211  0.0220  0.0222  0.0219  0.0220  0.0218  0.0220
  0.0232  0.0233  0.0227  0.0237  0.0242  0.0236  0.0230  0.0237  0.0226  0.0229  0.0224  0.0229
  0.0251  0.0253  0.0238  0.0273  0.0284  0.0281  0.0244  0.0262  0.0236  0.0246  0.0232  0.0241
niter,ni,del,rscale     4    3    5.0000    1.2000
parameters
   -2.1751    9.0019    6.3136  -12.2136  -21.5566  -13.2786
   -0.7950    2.1027    0.5535   16.5412    1.6567  -17.3892
eta,q 0.97832 10.33144
  0.0251  0.0258  0.0237  0.0264  0.0276  0.0266  0.0245  0.0261  0.0237  0.0249  0.0232  0.0240
  0.0232  0.0235  0.0225  0.0244  0.0247  0.0246  0.0230  0.0238  0.0226  0.0231  0.0224  0.0228
  0.0221  0.0221  0.0218  0.0228  0.0226  0.0230  0.0220  0.0223  0.0219  0.0220  0.0219  0.0219
  0.0217  0.0217  0.0217  0.0217  0.0217  0.0217  0.0217  0.0217  0.0217  0.0217  0.0217  0.0217
  0.0221  0.0221  0.0220  0.0218  0.0221  0.0211  0.0220  0.0222  0.0219  0.0220  0.0218  0.0220
  0.0232  0.0234  0.0227  0.0237  0.0242  0.0236  0.0230  0.0237  0.0226  0.0230  0.0224  0.0229
  0.0251  0.0254  0.0238  0.0273  0.0283  0.0280  0.0245  0.0262  0.0237  0.0247  0.0233  0.0241
niter,ni,del,rscale     3    3    5.0000    1.2000
parameters
   -2.1766    9.0337    6.2871  -12.2184  -21.6000  -13.3023
   -0.7940    2.0999    0.5461   16.6183    1.6577  -17.4438
eta,q 0.97831 10.32973
  0.0251  0.0257  0.0238  0.0265  0.0276  0.0266  0.0245  0.0261  0.0237  0.0249  0.0232  0.0241
  0.0233  0.0235  0.0226  0.0245  0.0248  0.0246  0.0230  0.0238  0.0226  0.0230  0.0224  0.0228
  0.0221  0.0221  0.0219  0.0228  0.0226  0.0231  0.0220  0.0223  0.0219  0.0220  0.0219  0.0220
  0.0217  0.0217  0.0217  0.0217  0.0217  0.0217  0.0217  0.0217  0.0217  0.0217  0.0217  0.0217
  0.0221  0.0222  0.0220  0.0218  0.0221  0.0211  0.0220  0.0222  0.0220  0.0220  0.0218  0.0220
  0.0232  0.0235  0.0227  0.0237  0.0242  0.0236  0.0230  0.0237  0.0226  0.0230  0.0224  0.0229
  0.0251  0.0254  0.0238  0.0273  0.0283  0.0280  0.0245  0.0262  0.0237  0.0247  0.0233  0.0240
registration optimization eta report
parameter search radius
    2.4000    3.1740    2.7600    9.5220   12.5928    9.5220
    7.2000    7.2000    7.2000    8.2800    8.2800    9.5220
100000*second partial in parameter space
       59.       39.       28.        6.        4.        6.
        5.        9.        4.        5.        2.        3.
  0.0251  0.0257  0.0238  0.0265  0.0276  0.0266  0.0245  0.0261  0.0237  0.0249  0.0232  0.0241
  0.0233  0.0235  0.0226  0.0245  0.0248  0.0246  0.0230  0.0238  0.0226  0.0230  0.0224  0.0228
  0.0221  0.0221  0.0219  0.0228  0.0226  0.0231  0.0220  0.0223  0.0219  0.0220  0.0219  0.0220
  0.0217  0.0217  0.0217  0.0217  0.0217  0.0217  0.0217  0.0217  0.0217  0.0217  0.0217  0.0217
  0.0221  0.0222  0.0220  0.0218  0.0221  0.0211  0.0220  0.0222  0.0220  0.0220  0.0218  0.0220
  0.0232  0.0235  0.0227  0.0237  0.0242  0.0236  0.0230  0.0237  0.0226  0.0230  0.0224  0.0229
  0.0251  0.0254  0.0238  0.0273  0.0283  0.0280  0.0245  0.0262  0.0237  0.0247  0.0233  0.0240
   -2.1766    9.0337    6.2871  -12.2184  -21.6000  -13.3023
   -0.7940    2.0999    0.5461   16.6183    1.6577  -17.4438
eta,q 0.97831 10.32973

---------------------------------------------------------------------
imgreg_4dfp /opt/freesurfer/average/711-2C_as_mni_average_305 /opt/freesurfer/average/711-2B_as_mni_average_305_mask talsrcimg_g11 none talsrcimg_to_711-2C_as_mni_average_305_t4 2311
---------------------------------------------------------------------

freesurfer imgreg_4dfp.c
/opt/freesurfer/average/711-2C_as_mni_average_305.4dfp.img
       256       256       256         1
  1.000000  1.000000  1.000000
orientation T byte_order littleendian
Reading image: /opt/freesurfer/average/711-2C_as_mni_average_305.4dfp.img
dimensions:      256       256       256
mmppix:       1.0000   -1.0000   -1.0000
center:     128.0000 -129.0000 -129.0000
/opt/freesurfer/average/711-2B_as_mni_average_305_mask.4dfp.img
       256       256       256         1
  1.000000  1.000000  1.000000
orientation T byte_order littleendian
Reading mask: /opt/freesurfer/average/711-2B_as_mni_average_305_mask.4dfp.img (2306576 pixels)
talsrcimg_g11.4dfp.img
       256       256       256         1
  1.000000  1.000000  1.000000
orientation T byte_order littleendian
Reading image: talsrcimg_g11.4dfp.img
dimensions:      256       256       256
mmppix:       1.0000   -1.0000   -1.0000
center:     128.0000 -129.0000 -129.0000
fimgreg.f
image alignment mode   2311 decimal      907 hex
parameters
   -2.1766    9.0337    6.2871  -12.2184  -21.6000  -13.3023
   -0.7940    2.0999    0.5461   16.6183    1.6577  -17.4438
eta,q 0.97831 10.32972
niter,ni,del,rscale     5    3    5.0000    0.8000
parameters
   -2.1702    8.9894    6.2257  -11.1376  -20.6696  -11.4564
   -0.8301    1.9655    0.4966   16.3324    1.4117  -17.5014
eta,q 0.97904 10.48642
  0.0233  0.0227  0.0224  0.0236  0.0228  0.0237  0.0223  0.0235  0.0219  0.0220  0.0216  0.0216
  0.0224  0.0221  0.0220  0.0228  0.0222  0.0229  0.0216  0.0221  0.0214  0.0214  0.0212  0.0212
  0.0219  0.0218  0.0218  0.0222  0.0218  0.0222  0.0211  0.0212  0.0211  0.0211  0.0210  0.0210
  0.0217  0.0217  0.0217  0.0217  0.0215  0.0215  0.0210  0.0210  0.0210  0.0210  0.0210  0.0210
  0.0219  0.0218  0.0218  0.0215  0.0215  0.0210  0.0211  0.0213  0.0211  0.0211  0.0211  0.0210
  0.0224  0.0222  0.0221  0.0218  0.0217  0.0211  0.0216  0.0223  0.0214  0.0215  0.0213  0.0213
  0.0233  0.0228  0.0225  0.0226  0.0221  0.0220  0.0224  0.0237  0.0219  0.0223  0.0218  0.0216
niter,ni,del,rscale     4    3    5.0000    0.7000
parameters
   -2.1934    8.8798    6.6196  -11.3744  -20.5383  -11.3510
   -0.8469    1.9904    0.5209   16.2157    1.3084  -16.9228
eta,q 0.97914 10.48096
  0.0223  0.0217  0.0221  0.0221  0.0216  0.0227  0.0219  0.0229  0.0216  0.0217  0.0214  0.0216
  0.0215  0.0212  0.0216  0.0215  0.0213  0.0220  0.0214  0.0218  0.0212  0.0212  0.0211  0.0212
  0.0211  0.0210  0.0212  0.0210  0.0210  0.0214  0.0210  0.0211  0.0210  0.0210  0.0209  0.0210
  0.0210  0.0210  0.0210  0.0209  0.0209  0.0209  0.0209  0.0209  0.0209  0.0209  0.0209  0.0209
  0.0211  0.0211  0.0209  0.0211  0.0209  0.0209  0.0210  0.0211  0.0210  0.0210  0.0209  0.0209
  0.0216  0.0214  0.0210  0.0216  0.0212  0.0215  0.0214  0.0218  0.0212  0.0213  0.0211  0.0210
  0.0224  0.0219  0.0213  0.0225  0.0216  0.0229  0.0220  0.0229  0.0216  0.0218  0.0215  0.0213
niter,ni,del,rscale     3    3    5.0000    0.6000
parameters
   -2.1880    8.8310    6.7053  -11.2976  -20.4564  -11.1398
   -0.8545    2.0066    0.5248   16.0869    1.3194  -16.7619
eta,q 0.97919 10.49131
  0.0219  0.0214  0.0215  0.0219  0.0214  0.0223  0.0216  0.0224  0.0214  0.0214  0.0212  0.0212
  0.0213  0.0211  0.0212  0.0214  0.0211  0.0218  0.0212  0.0215  0.0211  0.0211  0.0210  0.0210
  0.0210  0.0209  0.0209  0.0210  0.0209  0.0212  0.0209  0.0210  0.0209  0.0209  0.0209  0.0209
  0.0209  0.0209  0.0209  0.0209  0.0209  0.0208  0.0208  0.0208  0.0208  0.0208  0.0208  0.0208
  0.0210  0.0209  0.0209  0.0209  0.0209  0.0208  0.0209  0.0210  0.0209  0.0209  0.0209  0.0208
  0.0213  0.0212  0.0211  0.0213  0.0211  0.0213  0.0212  0.0215  0.0211  0.0211  0.0210  0.0210
  0.0218  0.0215  0.0213  0.0219  0.0214  0.0223  0.0216  0.0224  0.0214  0.0216  0.0212  0.0212
niter,ni,del,rscale     2    3    5.0000    0.5000
parameters
   -2.1850    8.8044    6.7755  -11.2815  -20.4087  -10.9358
   -0.8534    2.0064    0.5211   16.0388    1.3011  -16.6184
eta,q 0.97922 10.49867
  0.0215  0.0212  0.0213  0.0215  0.0212  0.0220  0.0213  0.0219  0.0212  0.0212  0.0211  0.0211
  0.0211  0.0210  0.0210  0.0212  0.0210  0.0215  0.0210  0.0213  0.0209  0.0210  0.0209  0.0209
  0.0209  0.0208  0.0209  0.0209  0.0209  0.0211  0.0208  0.0209  0.0208  0.0208  0.0208  0.0208
  0.0208  0.0208  0.0208  0.0208  0.0208  0.0208  0.0208  0.0208  0.0208  0.0208  0.0208  0.0208
  0.0209  0.0209  0.0208  0.0209  0.0208  0.0208  0.0208  0.0209  0.0208  0.0208  0.0208  0.0208
  0.0211  0.0210  0.0210  0.0211  0.0210  0.0211  0.0210  0.0213  0.0210  0.0210  0.0209  0.0209
  0.0215  0.0213  0.0212  0.0216  0.0212  0.0219  0.0213  0.0219  0.0212  0.0213  0.0211  0.0210
niter,ni,del,rscale     1    3    5.0000    0.4000
parameters
   -2.1836    8.7887    6.8355  -11.2805  -20.3645  -10.7783
   -0.8396    2.0081    0.5199   15.9977    1.3067  -16.5086
eta,q 0.97923 10.50432
  0.0212  0.0211  0.0211  0.0213  0.0210  0.0216  0.0211  0.0215  0.0210  0.0211  0.0210  0.0210
  0.0210  0.0209  0.0209  0.0210  0.0209  0.0212  0.0209  0.0211  0.0209  0.0209  0.0209  0.0209
  0.0208  0.0208  0.0208  0.0208  0.0208  0.0210  0.0208  0.0208  0.0208  0.0208  0.0208  0.0208
  0.0208  0.0208  0.0208  0.0208  0.0208  0.0208  0.0208  0.0208  0.0208  0.0208  0.0208  0.0208
  0.0208  0.0208  0.0208  0.0208  0.0208  0.0208  0.0208  0.0208  0.0208  0.0208  0.0208  0.0208
  0.0210  0.0209  0.0209  0.0210  0.0209  0.0210  0.0209  0.0211  0.0209  0.0209  0.0208  0.0208
  0.0212  0.0211  0.0210  0.0213  0.0210  0.0215  0.0211  0.0215  0.0210  0.0211  0.0210  0.0209
registration optimization eta report
parameter search radius
    0.8000    0.8000    0.8000    2.4000    2.4000    2.4000
    2.4000    2.4000    2.4000    2.4000    2.4000    2.4000
100000*second partial in parameter space
       71.       46.       41.        8.        4.       13.
        6.       13.        4.        5.        3.        3.
  0.0212  0.0211  0.0211  0.0213  0.0210  0.0216  0.0211  0.0215  0.0210  0.0211  0.0210  0.0210
  0.0210  0.0209  0.0209  0.0210  0.0209  0.0212  0.0209  0.0211  0.0209  0.0209  0.0209  0.0209
  0.0208  0.0208  0.0208  0.0208  0.0208  0.0210  0.0208  0.0208  0.0208  0.0208  0.0208  0.0208
  0.0208  0.0208  0.0208  0.0208  0.0208  0.0208  0.0208  0.0208  0.0208  0.0208  0.0208  0.0208
  0.0208  0.0208  0.0208  0.0208  0.0208  0.0208  0.0208  0.0208  0.0208  0.0208  0.0208  0.0208
  0.0210  0.0209  0.0209  0.0210  0.0209  0.0210  0.0209  0.0211  0.0209  0.0209  0.0208  0.0208
  0.0212  0.0211  0.0210  0.0213  0.0210  0.0215  0.0211  0.0215  0.0210  0.0211  0.0210  0.0209
   -2.1836    8.7887    6.8355  -11.2805  -20.3645  -10.7783
   -0.8396    2.0081    0.5199   15.9977    1.3067  -16.5086
eta,q 0.97923 10.50432

---------------------------------------------------------------------
imgreg_4dfp /opt/freesurfer/average/711-2C_as_mni_average_305 /opt/freesurfer/average/711-2B_as_mni_average_305_mask talsrcimg_g11 none talsrcimg_to_711-2C_as_mni_average_305_t4 2311
---------------------------------------------------------------------

freesurfer imgreg_4dfp.c
/opt/freesurfer/average/711-2C_as_mni_average_305.4dfp.img
       256       256       256         1
  1.000000  1.000000  1.000000
orientation T byte_order littleendian
Reading image: /opt/freesurfer/average/711-2C_as_mni_average_305.4dfp.img
dimensions:      256       256       256
mmppix:       1.0000   -1.0000   -1.0000
center:     128.0000 -129.0000 -129.0000
/opt/freesurfer/average/711-2B_as_mni_average_305_mask.4dfp.img
       256       256       256         1
  1.000000  1.000000  1.000000
orientation T byte_order littleendian
Reading mask: /opt/freesurfer/average/711-2B_as_mni_average_305_mask.4dfp.img (2306576 pixels)
talsrcimg_g11.4dfp.img
       256       256       256         1
  1.000000  1.000000  1.000000
orientation T byte_order littleendian
Reading image: talsrcimg_g11.4dfp.img
dimensions:      256       256       256
mmppix:       1.0000   -1.0000   -1.0000
center:     128.0000 -129.0000 -129.0000
fimgreg.f
image alignment mode   2311 decimal      907 hex
parameters
   -2.1836    8.7887    6.8355  -11.2805  -20.3645  -10.7783
   -0.8396    2.0081    0.5199   15.9977    1.3067  -16.5086
eta,q 0.97923 10.50432
niter,ni,del,rscale     5    3    5.0000    0.8000
parameters
   -2.1886    8.7932    6.8778  -11.5505  -20.5037  -11.2812
   -0.8426    2.0221    0.5421   15.9651    1.3020  -16.4928
eta,q 0.97915 10.47098
  0.0225  0.0219  0.0219  0.0223  0.0217  0.0227  0.0222  0.0235  0.0218  0.0221  0.0216  0.0216
  0.0216  0.0213  0.0213  0.0215  0.0212  0.0220  0.0215  0.0221  0.0213  0.0214  0.0212  0.0212
  0.0210  0.0209  0.0209  0.0210  0.0209  0.0212  0.0210  0.0212  0.0210  0.0210  0.0209  0.0209
  0.0208  0.0208  0.0208  0.0208  0.0208  0.0208  0.0209  0.0209  0.0209  0.0209  0.0209  0.0209
  0.0210  0.0209  0.0209  0.0210  0.0209  0.0211  0.0210  0.0212  0.0210  0.0210  0.0209  0.0209
  0.0216  0.0213  0.0212  0.0217  0.0212  0.0223  0.0215  0.0220  0.0213  0.0214  0.0212  0.0212
  0.0226  0.0219  0.0218  0.0229  0.0218  0.0243  0.0222  0.0234  0.0218  0.0221  0.0216  0.0215
niter,ni,del,rscale     4    3    5.0000    0.7000
parameters
   -2.1856    8.7768    6.7741  -11.3632  -20.4364  -11.2729
   -0.8501    2.0200    0.5404   15.9552    1.3262  -16.6057
eta,q 0.97917 10.48225
  0.0222  0.0217  0.0215  0.0223  0.0216  0.0226  0.0219  0.0229  0.0216  0.0218  0.0214  0.0213
  0.0215  0.0212  0.0211  0.0216  0.0212  0.0219  0.0213  0.0218  0.0212  0.0212  0.0211  0.0211
  0.0210  0.0209  0.0209  0.0211  0.0209  0.0213  0.0210  0.0211  0.0209  0.0209  0.0209  0.0209
  0.0209  0.0209  0.0209  0.0208  0.0208  0.0208  0.0208  0.0208  0.0208  0.0208  0.0208  0.0208
  0.0210  0.0210  0.0210  0.0209  0.0209  0.0208  0.0210  0.0211  0.0209  0.0209  0.0209  0.0209
  0.0215  0.0213  0.0213  0.0213  0.0211  0.0216  0.0213  0.0218  0.0212  0.0212  0.0211  0.0211
  0.0222  0.0217  0.0217  0.0221  0.0216  0.0230  0.0219  0.0229  0.0216  0.0218  0.0214  0.0214
niter,ni,del,rscale     3    3    5.0000    0.6000
parameters
   -2.1804    8.7766    6.7604  -11.2992  -20.4139  -11.1124
   -0.8497    2.0145    0.5230   15.9766    1.3266  -16.6193
eta,q 0.97919 10.49110
  0.0218  0.0215  0.0214  0.0219  0.0214  0.0223  0.0216  0.0224  0.0213  0.0215  0.0212  0.0212
  0.0213  0.0211  0.0211  0.0214  0.0211  0.0217  0.0212  0.0215  0.0210  0.0211  0.0210  0.0210
  0.0210  0.0209  0.0209  0.0210  0.0209  0.0212  0.0209  0.0210  0.0209  0.0209  0.0209  0.0209
  0.0208  0.0208  0.0208  0.0208  0.0208  0.0208  0.0208  0.0208  0.0208  0.0208  0.0208  0.0208
  0.0209  0.0209  0.0209  0.0209  0.0209  0.0208  0.0209  0.0210  0.0209  0.0209  0.0209  0.0208
  0.0213  0.0211  0.0211  0.0213  0.0211  0.0213  0.0212  0.0215  0.0210  0.0211  0.0210  0.0210
  0.0218  0.0215  0.0214  0.0219  0.0214  0.0223  0.0216  0.0224  0.0214  0.0215  0.0212  0.0212
niter,ni,del,rscale     2    3    5.0000    0.5000
parameters
   -2.1799    8.7780    6.7957  -11.2812  -20.3813  -10.9269
   -0.8421    2.0133    0.5255   15.9809    1.3008  -16.5735
eta,q 0.97922 10.49905
  0.0215  0.0213  0.0212  0.0215  0.0212  0.0220  0.0213  0.0219  0.0212  0.0212  0.0211  0.0211
  0.0211  0.0210  0.0210  0.0212  0.0210  0.0215  0.0210  0.0213  0.0210  0.0210  0.0209  0.0209
  0.0209  0.0208  0.0209  0.0209  0.0209  0.0211  0.0208  0.0209  0.0208  0.0208  0.0208  0.0208
  0.0208  0.0208  0.0208  0.0208  0.0208  0.0208  0.0208  0.0208  0.0208  0.0208  0.0208  0.0208
  0.0209  0.0209  0.0208  0.0209  0.0208  0.0208  0.0208  0.0209  0.0208  0.0208  0.0208  0.0208
  0.0211  0.0210  0.0210  0.0211  0.0210  0.0211  0.0210  0.0213  0.0210  0.0210  0.0209  0.0209
  0.0215  0.0213  0.0212  0.0215  0.0212  0.0219  0.0213  0.0219  0.0212  0.0213  0.0211  0.0210
niter,ni,del,rscale     1    3    5.0000    0.4000
parameters
   -2.1830    8.7787    6.8425  -11.2785  -20.3651  -10.7735
   -0.8358    2.0067    0.5158   15.9789    1.3026  -16.4943
eta,q 0.97923 10.50395
  0.0212  0.0211  0.0211  0.0213  0.0210  0.0216  0.0211  0.0215  0.0210  0.0211  0.0210  0.0210
  0.0210  0.0209  0.0209  0.0210  0.0209  0.0212  0.0209  0.0211  0.0209  0.0209  0.0209  0.0209
  0.0208  0.0208  0.0208  0.0208  0.0208  0.0209  0.0208  0.0208  0.0208  0.0208  0.0208  0.0208
  0.0208  0.0208  0.0208  0.0208  0.0208  0.0208  0.0208  0.0208  0.0208  0.0208  0.0208  0.0208
  0.0208  0.0208  0.0208  0.0208  0.0208  0.0208  0.0208  0.0208  0.0208  0.0208  0.0208  0.0208
  0.0210  0.0209  0.0209  0.0210  0.0209  0.0210  0.0209  0.0211  0.0209  0.0209  0.0208  0.0208
  0.0212  0.0211  0.0210  0.0213  0.0210  0.0215  0.0211  0.0215  0.0210  0.0211  0.0210  0.0209
registration optimization eta report
parameter search radius
    0.8000    0.8000    0.8000    2.4000    2.4000    2.4000
    2.4000    2.4000    2.4000    2.4000    2.4000    2.4000
100000*second partial in parameter space
       71.       45.       41.        8.        4.       13.
        6.       13.        4.        5.        3.        3.
  0.0212  0.0211  0.0211  0.0213  0.0210  0.0216  0.0211  0.0215  0.0210  0.0211  0.0210  0.0210
  0.0210  0.0209  0.0209  0.0210  0.0209  0.0212  0.0209  0.0211  0.0209  0.0209  0.0209  0.0209
  0.0208  0.0208  0.0208  0.0208  0.0208  0.0209  0.0208  0.0208  0.0208  0.0208  0.0208  0.0208
  0.0208  0.0208  0.0208  0.0208  0.0208  0.0208  0.0208  0.0208  0.0208  0.0208  0.0208  0.0208
  0.0208  0.0208  0.0208  0.0208  0.0208  0.0208  0.0208  0.0208  0.0208  0.0208  0.0208  0.0208
  0.0210  0.0209  0.0209  0.0210  0.0209  0.0210  0.0209  0.0211  0.0209  0.0209  0.0208  0.0208
  0.0212  0.0211  0.0210  0.0213  0.0210  0.0215  0.0211  0.0215  0.0210  0.0211  0.0210  0.0209
   -2.1830    8.7787    6.8425  -11.2785  -20.3651  -10.7735
   -0.8358    2.0067    0.5158   15.9789    1.3026  -16.4943
eta,q 0.97923 10.50395

---------------------------------------------------------------------
compute_vox2vox talsrcimg talsrcimg_to_711-2C_as_mni_average_305_t4 /opt/freesurfer/average/711-2C_as_mni_average_305
---------------------------------------------------------------------

freesurfer compute_vox2vox.c
Reading: talsrcimg.4dfp.ifh
Reading: talsrcimg_to_711-2C_as_mni_average_305_t4
Reading: /opt/freesurfer/average/711-2C_as_mni_average_305.4dfp.ifh
Writing: talsrcimg_to_711-2C_as_mni_average_305_t4_vox2vox.txt

start time Fri Mar 6 09:19:15 CET 2026
end		time Fri Mar 6 09:19:28 CET 2026

mpr2mni305 success

avi2talxfm orig_nu.mgz /opt/freesurfer/average/mni305.cor.mgz talsrcimg_to_711-2C_as_mni_average_305_t4_vox2vox.txt transforms/talairach.auto.xfm
avi2talxfm done
mv -f /out/sourcedata/freesurfer/sub-v1s10x0051039_ses-1/mri/talsrcimg_to_711-2C_as_mni_average_305_t4_vox2vox.txt /out/sourcedata/freesurfer/sub-v1s10x0051039_ses-1/mri/transforms/talsrcimg_to_711-2C_as_mni_average_305_t4_vox2vox.txt
lta_convert --src orig_nu.mgz --trg /opt/freesurfer/average/mni305.cor.mgz --inxfm transforms/talairach.auto.xfm --outlta transforms/talairach.auto.xfm.lta --subject fsaverage
7.3.2

--src: orig_nu.mgz src image (geometry).
--trg: /opt/freesurfer/average/mni305.cor.mgz trg image (geometry).
--inmni: transforms/talairach.auto.xfm input MNI/XFM transform.
--outlta: transforms/talairach.auto.xfm.lta output LTA.
--s: fsaverage subject name
 LTA read, type : 1
 1.12748  -0.02649   0.00635   12.43988;
-0.01717   1.08106   0.22373  -10.28728;
-0.00386  -0.21675   1.21080  -7.77324;
 0.00000   0.00000   0.00000   1.00000;
setting subject to fsaverage
Writing  LTA to file transforms/talairach.auto.xfm.lta...
lta_convert successful.
 
 
Started at Fri Mar 6 09:19:15 CET 2026
Ended   at Fri Mar  6 09:19:29 CET 2026
talairach_avi done
