status file for recon-all
Sat Mar  7 04:12:32 CET 2026
#@# MotionCor Sat Mar  7 04:12:34 CET 2026
#@# Talairach Sat Mar  7 04:12:42 CET 2026
#@# Talairach Failure Detection Sat Mar  7 04:17:05 CET 2026
#@# Nu Intensity Correction Sat Mar  7 04:17:05 CET 2026
#@# Intensity Normalization Sat Mar  7 04:20:22 CET 2026
recon-all -s sub-v1s18x0051276_ses-1 finished without error at Sat Mar  7 04:21:51 CET 2026



#New# invocation of recon-all 



status file for recon-all
Sat Mar  7 04:29:13 CET 2026
#@# EM Registration Sat Mar  7 04:29:13 CET 2026
recon-all -s sub-v1s18x0051276_ses-1 finished without error at Sat Mar  7 04:31:27 CET 2026



#New# invocation of recon-all 



status file for recon-all
Sat Mar  7 04:31:29 CET 2026
#@# CA Normalize Sat Mar  7 04:31:29 CET 2026
#@# CA Reg Sat Mar  7 04:32:51 CET 2026
#@# SubCort Seg Sat Mar  7 05:21:51 CET 2026
#@# CC Seg Sat Mar  7 05:51:37 CET 2026
#@# Merge ASeg Sat Mar  7 05:52:18 CET 2026
#@# Intensity Normalization2 Sat Mar  7 05:52:18 CET 2026
#@# Mask BFS Sat Mar  7 05:54:32 CET 2026
#@# WM Segmentation Sat Mar  7 05:54:33 CET 2026
#@# Fill Sat Mar  7 05:56:35 CET 2026
recon-all -s sub-v1s18x0051276_ses-1 finished without error at Sat Mar  7 05:57:36 CET 2026



#New# invocation of recon-all 



status file for recon-all
Sat Mar  7 06:51:04 CET 2026
#@# white curv lh Sat Mar  7 06:51:04 CET 2026
#@# white area lh Sat Mar  7 06:51:04 CET 2026
#@# pial curv lh Sat Mar  7 06:51:04 CET 2026
#@# pial area lh Sat Mar  7 06:51:04 CET 2026
#@# thickness lh Sat Mar  7 06:51:04 CET 2026
#@# area and vertex vol lh Sat Mar  7 06:51:04 CET 2026
#@# white curv rh Sat Mar  7 06:51:04 CET 2026
#@# white area rh Sat Mar  7 06:51:05 CET 2026
#@# pial curv rh Sat Mar  7 06:51:05 CET 2026
#@# pial area rh Sat Mar  7 06:51:05 CET 2026
#@# thickness rh Sat Mar  7 06:51:05 CET 2026
#@# area and vertex vol rh Sat Mar  7 06:51:05 CET 2026
#@# Cortical ribbon mask Sat Mar  7 06:51:05 CET 2026
recon-all -s sub-v1s18x0051276_ses-1 finished without error at Sat Mar  7 06:59:04 CET 2026



#New# invocation of recon-all 



status file for recon-all
Sat Mar  7 07:06:32 CET 2026
#@# white curv lh Sat Mar  7 07:06:32 CET 2026
#@# white area lh Sat Mar  7 07:06:32 CET 2026
#@# pial curv lh Sat Mar  7 07:06:32 CET 2026
#@# pial area lh Sat Mar  7 07:06:32 CET 2026
#@# thickness lh Sat Mar  7 07:06:32 CET 2026
#@# area and vertex vol lh Sat Mar  7 07:06:32 CET 2026
#@# white curv rh Sat Mar  7 07:06:32 CET 2026
#@# white area rh Sat Mar  7 07:06:32 CET 2026
#@# pial curv rh Sat Mar  7 07:06:32 CET 2026
#@# pial area rh Sat Mar  7 07:06:32 CET 2026
#@# thickness rh Sat Mar  7 07:06:32 CET 2026
#@# area and vertex vol rh Sat Mar  7 07:06:32 CET 2026
#@# Curvature Stats lh Sat Mar  7 07:06:32 CET 2026
#@# Curvature Stats rh Sat Mar  7 07:06:35 CET 2026
#@# Relabel Hypointensities Sat Mar  7 07:06:37 CET 2026
#@# APas-to-ASeg Sat Mar  7 07:06:53 CET 2026
#@# AParc-to-ASeg aparc Sat Mar  7 07:07:02 CET 2026
#@# AParc-to-ASeg aparc.a2009s Sat Mar  7 07:07:58 CET 2026
#@# AParc-to-ASeg aparc.DKTatlas Sat Mar  7 07:08:48 CET 2026
#@# WMParc Sat Mar  7 07:09:38 CET 2026
#@# ASeg Stats Sat Mar  7 07:13:05 CET 2026
recon-all -s sub-v1s18x0051276_ses-1 finished without error at Sat Mar  7 07:13:54 CET 2026
