/out/sourcedata/freesurfer/sub-v1s18x0051278_ses-1/mri
/opt/freesurfer/bin/talairach_avi
--i orig_nu.mgz --xfm transforms/talairach.auto.xfm
talairach_avi 7.3.2
Linux dna068 5.14.0-427.37.1.el9_4.x86_64 #1 SMP PREEMPT_DYNAMIC Fri Sep 13 12:41:50 EDT 2024 x86_64 x86_64 x86_64 GNU/Linux
Sat Mar  7 04:18:55 CET 2026
mri_convert orig_nu.mgz talsrcimg.img 
reading from orig_nu.mgz...
TR=0.00, TE=0.00, TI=0.00, flip angle=0.00
i_ras = (-1, 0, 0)
j_ras = (0, 0, -1)
k_ras = (0, 1, 0)
writing to talsrcimg.img...
Analyze Output Matrix
-1.00000   0.00000   0.00000   133.83713;
 0.00000   0.00000   1.00000  -123.76801;
 0.00000  -1.00000   0.00000   117.28813;
 0.00000   0.00000   0.00000   1.00000;
--------------------
INFO: set hdr.hist.orient to -1
mpr2mni305 talsrcimg
Sat Mar  7 04:18:56 CET 2026
/opt/freesurfer/bin/mpr2mni305 talsrcimg
mpr2mni305 7.3.2
target=711-2C_as_mni_average_305

---------------------------------------------------------------------
analyzeto4dfp talsrcimg -O0 -y
---------------------------------------------------------------------

freesurfer ifh2hdr.c
Sat Mar  7 04:18:56 2026
Writing: talsrcimg.4dfp.hdr
freesurfer analyzeto4dfp.c
Reading: talsrcimg.hdr
header size 348 bytes
hdr.dime.datatype	offset=70	value=2
hdr.dime.bitpix		offset=72	value=8
hdr.hist.orient		offset=252	value=-1
dimensionality     4
dimensions       256       256       256         1
Reading: talsrcimg.img
Writing: talsrcimg.4dfp.img
Writing: talsrcimg.4dfp.ifh
ifh2hdr talsrcimg -r0to242
ori=2

---------------------------------------------------------------------
gauss_4dfp talsrcimg 1.1
---------------------------------------------------------------------

freesurfer gauss_4dfp.c
Reading: talsrcimg.4dfp.img
Writing: talsrcimg_g11.4dfp.img
image dimensions 256 256 256 padded to 288 288 288
processing volume 1freesurfer ifh2hdr.c
Sat Mar  7 04:18:57 2026
Writing: talsrcimg_g11.4dfp.hdr

Writing: talsrcimg_g11.4dfp.ifh
including: talsrcimg.4dfp.img.rec in talsrcimg_g11.4dfp.img.rec

---------------------------------------------------------------------
imgreg_4dfp /opt/freesurfer/average/711-2C_as_mni_average_305 none talsrcimg_g11 none talsrcimg_to_711-2C_as_mni_average_305_t4 4355
---------------------------------------------------------------------

freesurfer imgreg_4dfp.c
/opt/freesurfer/average/711-2C_as_mni_average_305.4dfp.img
       256       256       256         1
  1.000000  1.000000  1.000000
orientation T byte_order littleendian
Reading image: /opt/freesurfer/average/711-2C_as_mni_average_305.4dfp.img
dimensions:      256       256       256
mmppix:       1.0000   -1.0000   -1.0000
center:     128.0000 -129.0000 -129.0000
talsrcimg_g11.4dfp.img
       256       256       256         1
  1.000000  1.000000  1.000000
orientation T byte_order littleendian
Reading image: talsrcimg_g11.4dfp.img
dimensions:      256       256       256
mmppix:       1.0000   -1.0000   -1.0000
center:     128.0000 -129.0000 -129.0000
t4_read: open error in t4_sub.f l:  41 t4_file(1:l)talsrcimg_to_711-2C_as_mni_average_305_t4 
t4_read: transform initialized to I4
rotation matrix determinant  1.000000
image alignment mode   4355 decimal     1103 hex
   -7.5000  -45.0000  -45.0000 6271.9771   18.9682
    0.0000  -45.0000  -45.0000 6476.1035   18.9468
    7.5000  -45.0000  -45.0000 6229.4316   18.9322
   -7.5000  -37.5000  -45.0000 6813.7207   18.5824
    0.0000  -37.5000  -45.0000 7048.9014   18.5562
    7.5000  -37.5000  -45.0000 6798.1626   18.5352
   -7.5000  -30.0000  -45.0000 7686.2007   18.4071
    0.0000  -30.0000  -45.0000 7991.1338   18.3824
    7.5000  -30.0000  -45.0000 7688.6191   18.3578
   -7.5000  -22.5000  -45.0000 8640.1689   18.3028
    0.0000  -22.5000  -45.0000 8986.4092   18.2868
    7.5000  -22.5000  -45.0000 8614.4512   18.2669
   -7.5000  -15.0000  -45.0000 9590.8311   18.2557
    0.0000  -15.0000  -45.0000 9964.0889   18.2471
    7.5000  -15.0000  -45.0000 9533.6260   18.2337
   -7.5000   -7.5000  -45.000010425.9922   18.2372
    0.0000   -7.5000  -45.000010850.5469   18.2265
    7.5000   -7.5000  -45.000010385.4102   18.2168
   -7.5000    0.0000  -45.000011134.8643   18.2279
    0.0000    0.0000  -45.000011617.1348   18.2097
    7.5000    0.0000  -45.000011086.5234   18.1984
   -7.5000    7.5000  -45.000011058.4209   18.2097
    0.0000    7.5000  -45.000011517.4668   18.1859
    7.5000    7.5000  -45.000010989.7148   18.1676
   -7.5000   15.0000  -45.000010853.7822   18.1988
    0.0000   15.0000  -45.000011323.9336   18.1757
    7.5000   15.0000  -45.000010793.8945   18.1530
   -7.5000   22.5000  -45.000010571.7510   18.2087
    0.0000   22.5000  -45.000011042.1084   18.1936
    7.5000   22.5000  -45.000010549.6006   18.1746
   -7.5000   30.0000  -45.000010192.9395   17.9870
    0.0000   30.0000  -45.000010667.5830   17.9789
    7.5000   30.0000  -45.000010185.3906   17.9659
   -7.5000   37.5000  -45.000010097.1846   17.9925
    0.0000   37.5000  -45.000010564.7627   17.9820
    7.5000   37.5000  -45.000010098.6318   17.9724
   -7.5000   45.0000  -45.0000 9438.4912   17.5283
    0.0000   45.0000  -45.0000 9873.4102   17.5108
    7.5000   45.0000  -45.0000 9436.5166   17.5000
   -7.5000  -45.0000  -37.5000 6651.2539   18.9003
    0.0000  -45.0000  -37.5000 6901.0908   18.8708
    7.5000  -45.0000  -37.5000 6652.2471   18.8515
   -7.5000  -37.5000  -37.5000 7239.1040   18.5278
    0.0000  -37.5000  -37.5000 7510.1245   18.4962
    7.5000  -37.5000  -37.5000 7231.2275   18.4688
   -7.5000  -30.0000  -37.5000 8200.7959   18.3550
    0.0000  -30.0000  -37.5000 8531.0439   18.3276
    7.5000  -30.0000  -37.5000 8158.2773   18.2974
   -7.5000  -22.5000  -37.5000 9225.1328   18.2391
    0.0000  -22.5000  -37.5000 9603.4775   18.2206
    7.5000  -22.5000  -37.5000 9159.4395   18.1980
   -7.5000  -15.0000  -37.500010220.3252   18.1797
    0.0000  -15.0000  -37.500010632.8154   18.1668
    7.5000  -15.0000  -37.500010145.1865   18.1533
   -7.5000   -7.5000  -37.500011113.5645   18.1632
    0.0000   -7.5000  -37.500011540.5156   18.1457
    7.5000   -7.5000  -37.500011026.3027   18.1347
   -7.5000    0.0000  -37.500011852.0791   18.1651
    0.0000    0.0000  -37.500012347.9932   18.1394
    7.5000    0.0000  -37.500011763.1025   18.1238
   -7.5000    7.5000  -37.500011761.9551   18.1576
    0.0000    7.5000  -37.500012244.6787   18.1286
    7.5000    7.5000  -37.500011657.9990   18.1041
   -7.5000   15.0000  -37.500011544.5605   18.1483
    0.0000   15.0000  -37.500012044.2969   18.1225
    7.5000   15.0000  -37.500011458.9482   18.0943
   -7.5000   22.5000  -37.500011218.6543   18.1458
    0.0000   22.5000  -37.500011716.8076   18.1281
    7.5000   22.5000  -37.500011164.5957   18.1065
   -7.5000   30.0000  -37.500010792.7070   17.9121
    0.0000   30.0000  -37.500011278.9551   17.8999
    7.5000   30.0000  -37.500010747.9053   17.8867
   -7.5000   37.5000  -37.500010699.9697   17.9195
    0.0000   37.5000  -37.500011172.7686   17.9023
    7.5000   37.5000  -37.500010644.5430   17.8914
   -7.5000   45.0000  -37.500010025.1865   17.4680
    0.0000   45.0000  -37.500010466.0430   17.4432
    7.5000   45.0000  -37.5000 9968.9473   17.4282
   -7.5000  -45.0000  -30.0000 7144.7837   19.6932
    0.0000  -45.0000  -30.0000 7418.1709   19.6565
    7.5000  -45.0000  -30.0000 7155.9097   19.6338
   -7.5000  -37.5000  -30.0000 7816.4609   19.3155
    0.0000  -37.5000  -30.0000 8124.6177   19.2790
    7.5000  -37.5000  -30.0000 7815.1030   19.2477
   -7.5000  -30.0000  -30.0000 8887.4580   19.1438
    0.0000  -30.0000  -30.0000 9239.8496   19.1081
    7.5000  -30.0000  -30.0000 8826.1045   19.0725
   -7.5000  -22.5000  -30.0000 9979.4258   19.0191
    0.0000  -22.5000  -30.000010366.7812   18.9862
    7.5000  -22.5000  -30.0000 9882.9414   18.9568
   -7.5000  -15.0000  -30.000011029.0928   18.9463
    0.0000  -15.0000  -30.000011452.4268   18.9166
    7.5000  -15.0000  -30.000010927.1768   18.8964
   -7.5000   -7.5000  -30.000011996.8027   18.9231
    0.0000   -7.5000  -30.000012472.5225   18.8930
    7.5000   -7.5000  -30.000011873.4355   18.8774
   -7.5000    0.0000  -30.000012831.9248   18.9275
    0.0000    0.0000  -30.000013353.0928   18.8950
    7.5000    0.0000  -30.000012676.3926   18.8763
   -7.5000    7.5000  -30.000012707.9707   18.9296
    0.0000    7.5000  -30.000013233.2441   18.8959
    7.5000    7.5000  -30.000012546.4961   18.8676
   -7.5000   15.0000  -30.000012443.7900   18.9284
    0.0000   15.0000  -30.000012990.3428   18.8945
    7.5000   15.0000  -30.000012340.2646   18.8611
   -7.5000   22.5000  -30.000012081.2090   18.9200
    0.0000   22.5000  -30.000012593.9834   18.8883
    7.5000   22.5000  -30.000011986.2832   18.8599
   -7.5000   30.0000  -30.000011612.4199   18.6695
    0.0000   30.0000  -30.000012090.2617   18.6407
    7.5000   30.0000  -30.000011508.6260   18.6210
   -7.5000   37.5000  -30.000011505.5557   18.6710
    0.0000   37.5000  -30.000011975.1895   18.6414
    7.5000   37.5000  -30.000011378.3389   18.6260
   -7.5000   45.0000  -30.000010769.9805   18.2144
    0.0000   45.0000  -30.000011225.7461   18.1832
    7.5000   45.0000  -30.000010667.6543   18.1652
   -7.5000  -45.0000  -22.5000 7684.4775   20.3433
    0.0000  -45.0000  -22.5000 7990.1919   20.3083
    7.5000  -45.0000  -22.5000 7693.5874   20.2858
   -7.5000  -37.5000  -22.5000 8447.4951   19.9532
    0.0000  -37.5000  -22.5000 8786.4668   19.9181
    7.5000  -37.5000  -22.5000 8399.5312   19.8875
   -7.5000  -30.0000  -22.5000 9623.8770   19.7825
    0.0000  -30.0000  -22.5000 9975.2666   19.7417
    7.5000  -30.0000  -22.5000 9490.3506   19.7041
   -7.5000  -22.5000  -22.500010793.5537   19.6625
    0.0000  -22.5000  -22.500011174.9473   19.6175
    7.5000  -22.5000  -22.500010627.7627   19.5821
   -7.5000  -15.0000  -22.500011913.3652   19.5898
    0.0000  -15.0000  -22.500012316.5957   19.5468
    7.5000  -15.0000  -22.500011719.6338   19.5190
   -7.5000   -7.5000  -22.500012945.3496   19.5579
    0.0000   -7.5000  -22.500013392.7500   19.5218
    7.5000   -7.5000  -22.500012694.6631   19.5023
   -7.5000    0.0000  -22.500013816.9785   19.5535
    0.0000    0.0000  -22.500014302.0879   19.5227
    7.5000    0.0000  -22.500013565.6328   19.5043
   -7.5000    7.5000  -22.500013674.0557   19.5549
    0.0000    7.5000  -22.500014175.3701   19.5226
    7.5000    7.5000  -22.500013444.9492   19.4951
   -7.5000   15.0000  -22.500013420.3135   19.5601
    0.0000   15.0000  -22.500013938.4033   19.5212
    7.5000   15.0000  -22.500013223.1377   19.4859
   -7.5000   22.5000  -22.500013048.6045   19.5590
    0.0000   22.5000  -22.500013542.6758   19.5153
    7.5000   22.5000  -22.500012832.3623   19.4811
   -7.5000   30.0000  -22.500012498.9609   19.3068
    0.0000   30.0000  -22.500012951.9033   19.2650
    7.5000   30.0000  -22.500012287.3076   19.2379
   -7.5000   37.5000  -22.500012294.3174   19.3003
    0.0000   37.5000  -22.500012776.9258   19.2648
    7.5000   37.5000  -22.500012114.1367   19.2455
   -7.5000   45.0000  -22.500011496.6152   18.8310
    0.0000   45.0000  -22.500011984.4766   18.8013
    7.5000   45.0000  -22.500011384.8203   18.7836
   -7.5000  -45.0000  -15.0000 8248.7305   20.7975
    0.0000  -45.0000  -15.0000 8579.4580   20.7698
    7.5000  -45.0000  -15.0000 8230.3145   20.7502
   -7.5000  -37.5000  -15.0000 9097.6963   20.3923
    0.0000  -37.5000  -15.0000 9442.2168   20.3622
    7.5000  -37.5000  -15.0000 9020.1973   20.3354
   -7.5000  -30.0000  -15.000010365.0928   20.2176
    0.0000  -30.0000  -15.000010730.9287   20.1790
    7.5000  -30.0000  -15.000010197.6426   20.1439
   -7.5000  -22.5000  -15.000011622.3486   20.1047
    0.0000  -22.5000  -15.000012030.6582   20.0616
    7.5000  -22.5000  -15.000011394.6045   20.0261
   -7.5000  -15.0000  -15.000012813.5254   20.0399
    0.0000  -15.0000  -15.000013225.2178   20.0000
    7.5000  -15.0000  -15.000012504.2432   19.9702
   -7.5000   -7.5000  -15.000013873.2256   20.0048
    0.0000   -7.5000  -15.000014315.2812   19.9743
    7.5000   -7.5000  -15.000013508.9229   19.9544
   -7.5000    0.0000  -15.000014800.1416   19.9915
    0.0000    0.0000  -15.000015271.2061   19.9674
    7.5000    0.0000  -15.000014428.5332   19.9517
   -7.5000    7.5000  -15.000014634.3340   19.9857
    0.0000    7.5000  -15.000015124.3076   19.9581
    7.5000    7.5000  -15.000014309.6680   19.9344
   -7.5000   15.0000  -15.000014396.9639   19.9903
    0.0000   15.0000  -15.000014891.1514   19.9537
    7.5000   15.0000  -15.000014049.8623   19.9209
   -7.5000   22.5000  -15.000014002.2520   19.9980
    0.0000   22.5000  -15.000014477.0566   19.9562
    7.5000   22.5000  -15.000013663.5020   19.9218
   -7.5000   30.0000  -15.000013334.3008   19.7534
    0.0000   30.0000  -15.000013810.6289   19.7145
    7.5000   30.0000  -15.000013063.2598   19.6854
   -7.5000   37.5000  -15.000013061.2588   19.7441
    0.0000   37.5000  -15.000013557.9473   19.7141
    7.5000   37.5000  -15.000012852.3379   19.6945
   -7.5000   45.0000  -15.000012239.6387   19.2644
    0.0000   45.0000  -15.000012755.5830   19.2412
    7.5000   45.0000  -15.000012102.0664   19.2261
   -7.5000  -45.0000   -7.5000 8893.9404   21.0333
    0.0000  -45.0000   -7.5000 9224.9268   21.0114
    7.5000  -45.0000   -7.5000 8806.8594   20.9938
   -7.5000  -37.5000   -7.5000 9784.2178   20.6131
    0.0000  -37.5000   -7.500010145.8252   20.5859
    7.5000  -37.5000   -7.5000 9644.7090   20.5621
   -7.5000  -30.0000   -7.500011116.0898   20.4285
    0.0000  -30.0000   -7.500011521.6709   20.3968
    7.5000  -30.0000   -7.500010910.8662   20.3663
   -7.5000  -22.5000   -7.500012465.1045   20.3190
    0.0000  -22.5000   -7.500012901.8623   20.2899
    7.5000  -22.5000   -7.500012194.0244   20.2599
   -7.5000  -15.0000   -7.500013735.8545   20.2643
    0.0000  -15.0000   -7.500014194.2490   20.2417
    7.5000  -15.0000   -7.500013397.0811   20.2173
   -7.5000   -7.5000   -7.500014852.2607   20.2347
    0.0000   -7.5000   -7.500015342.9111   20.2166
    7.5000   -7.5000   -7.500014438.0479   20.1999
   -7.5000    0.0000   -7.500015827.6553   20.2182
    0.0000    0.0000   -7.500016328.2051   20.1996
    7.5000    0.0000   -7.500015368.2842   20.1858
   -7.5000    7.5000   -7.500015616.9385   20.2022
    0.0000    7.5000   -7.500016138.5947   20.1776
    7.5000    7.5000   -7.500015211.8535   20.1566
   -7.5000   15.0000   -7.500015359.1084   20.1988
    0.0000   15.0000   -7.500015885.2803   20.1689
    7.5000   15.0000   -7.500014924.7441   20.1405
   -7.5000   22.5000   -7.500014948.6123   20.2087
    0.0000   22.5000   -7.500015480.4785   20.1808
    7.5000   22.5000   -7.500014530.1943   20.1520
   -7.5000   30.0000   -7.500014245.3457   19.9737
    0.0000   30.0000   -7.500014762.2432   19.9520
    7.5000   30.0000   -7.500013894.9795   19.9281
   -7.5000   37.5000   -7.500013942.5488   19.9704
    0.0000   37.5000   -7.500014476.2900   19.9527
    7.5000   37.5000   -7.500013661.4707   19.9362
   -7.5000   45.0000   -7.500013051.3242   19.4865
    0.0000   45.0000   -7.500013559.1582   19.4686
    7.5000   45.0000   -7.500012817.3604   19.4553
   -7.5000  -45.0000    0.0000 9463.6279   21.1025
    0.0000  -45.0000    0.0000 9778.7764   21.0779
    7.5000  -45.0000    0.0000 9320.8955   21.0586
   -7.5000  -37.5000    0.000010382.2451   20.6763
    0.0000  -37.5000    0.000010746.1992   20.6465
    7.5000  -37.5000    0.000010188.7686   20.6199
   -7.5000  -30.0000    0.000011760.2148   20.4828
    0.0000  -30.0000    0.000012187.8457   20.4547
    7.5000  -30.0000    0.000011534.8252   20.4241
   -7.5000  -22.5000    0.000013151.7256   20.3673
    0.0000  -22.5000    0.000013645.3242   20.3489
    7.5000  -22.5000    0.000012892.7285   20.3238
   -7.5000  -15.0000    0.000014504.2051   20.3146
    0.0000  -15.0000    0.000015039.7080   20.3044
    7.5000  -15.0000    0.000014187.6436   20.2869
   -7.5000   -7.5000    0.000015754.9443   20.2938
    0.0000   -7.5000    0.000016319.4453   20.2811
    7.5000   -7.5000    0.000015347.8613   20.2677
   -7.5000    0.0000    0.000016783.1211   20.2836
    0.0000    0.0000    0.000017378.5293   20.2625
    7.5000    0.0000    0.000016343.9600   20.2471
   -7.5000    7.5000    0.000016525.2930   20.2639
    0.0000    7.5000    0.000017174.9961   20.2368
    7.5000    7.5000    0.000016152.2773   20.2132
   -7.5000   15.0000    0.000016297.0986   20.2523
    0.0000   15.0000    0.000016915.0625   20.2260
    7.5000   15.0000    0.000015877.1367   20.1976
   -7.5000   22.5000    0.000015880.3418   20.2565
    0.0000   22.5000    0.000016470.3203   20.2392
    7.5000   22.5000    0.000015453.9043   20.2152
   -7.5000   30.0000    0.000015102.0918   20.0235
    0.0000   30.0000    0.000015670.6680   20.0139
    7.5000   30.0000    0.000014730.2607   19.9969
   -7.5000   37.5000    0.000014785.8848   20.0292
    0.0000   37.5000    0.000015339.0420   20.0169
    7.5000   37.5000    0.000014424.2969   20.0036
   -7.5000   45.0000    0.000013848.0000   19.5510
    0.0000   45.0000    0.000014355.8477   19.5307
    7.5000   45.0000    0.000013485.1963   19.5159
   -7.5000  -45.0000    7.5000 9224.4922   21.1391
    0.0000  -45.0000    7.5000 9558.9961   21.1052
    7.5000  -45.0000    7.5000 9119.6523   21.0826
   -7.5000  -37.5000    7.500010128.7119   20.7226
    0.0000  -37.5000    7.500010504.0303   20.6864
    7.5000  -37.5000    7.5000 9986.0498   20.6549
   -7.5000  -30.0000    7.500011473.5898   20.5295
    0.0000  -30.0000    7.500011920.2627   20.4980
    7.5000  -30.0000    7.500011302.0732   20.4634
   -7.5000  -22.5000    7.500012808.6982   20.4001
    0.0000  -22.5000    7.500013330.3408   20.3785
    7.5000  -22.5000    7.500012611.5615   20.3524
   -7.5000  -15.0000    7.500014134.0098   20.3337
    0.0000  -15.0000    7.500014714.8369   20.3184
    7.5000  -15.0000    7.500013908.0654   20.3024
   -7.5000   -7.5000    7.500015476.4082   20.3153
    0.0000   -7.5000    7.500016127.8623   20.2948
    7.5000   -7.5000    7.500015118.2617   20.2815
   -7.5000    0.0000    7.500016617.7227   20.3173
    0.0000    0.0000    7.500017331.8184   20.2876
    7.5000    0.0000    7.500016140.9492   20.2692
   -7.5000    7.5000    7.500016239.6045   20.3087
    0.0000    7.5000    7.500016862.3730   20.2755
    7.5000    7.5000    7.500015886.6748   20.2472
   -7.5000   15.0000    7.500015889.1025   20.2984
    0.0000   15.0000    7.500016435.7461   20.2687
    7.5000   15.0000    7.500015611.5127   20.2364
   -7.5000   22.5000    7.500015455.0352   20.2891
    0.0000   22.5000    7.500015987.5068   20.2686
    7.5000   22.5000    7.500015158.7832   20.2436
   -7.5000   30.0000    7.500014726.2783   20.0423
    0.0000   30.0000    7.500015253.8604   20.0277
    7.5000   30.0000    7.500014426.4180   20.0121
   -7.5000   37.5000    7.500014425.9785   20.0505
    0.0000   37.5000    7.500014931.6318   20.0303
    7.5000   37.5000    7.500014092.0947   20.0172
   -7.5000   45.0000    7.500013496.5371   19.5836
    0.0000   45.0000    7.500013966.6143   19.5549
    7.5000   45.0000    7.500013141.2021   19.5372
   -7.5000  -45.0000   15.0000 8909.5869   21.1473
    0.0000  -45.0000   15.0000 9256.5527   21.1078
    7.5000  -45.0000   15.0000 8814.2129   21.0834
   -7.5000  -37.5000   15.0000 9762.1211   20.7417
    0.0000  -37.5000   15.000010159.3330   20.7025
    7.5000  -37.5000   15.0000 9651.7891   20.6689
   -7.5000  -30.0000   15.000011023.1045   20.5573
    0.0000  -30.0000   15.000011504.4668   20.5189
    7.5000  -30.0000   15.000010920.2471   20.4808
   -7.5000  -22.5000   15.000012280.3496   20.4234
    0.0000  -22.5000   15.000012829.3828   20.3881
    7.5000  -22.5000   15.000012152.6562   20.3565
   -7.5000  -15.0000   15.000013493.9658   20.3453
    0.0000  -15.0000   15.000014120.3955   20.3133
    7.5000  -15.0000   15.000013409.1611   20.2916
   -7.5000   -7.5000   15.000014784.4404   20.3203
    0.0000   -7.5000   15.000015535.1270   20.2880
    7.5000   -7.5000   15.000014613.6123   20.2712
   -7.5000    0.0000   15.000015972.5029   20.3251
    0.0000    0.0000   15.000016716.2168   20.2902
    7.5000    0.0000   15.000015642.3037   20.2701
   -7.5000    7.5000   15.000015534.4102   20.3273
    0.0000    7.5000   15.000016130.0703   20.2911
    7.5000    7.5000   15.000015367.3525   20.2608
   -7.5000   15.0000   15.000015164.3086   20.3259
    0.0000   15.0000   15.000015679.1338   20.2896
    7.5000   15.0000   15.000015058.4180   20.2537
   -7.5000   22.5000   15.000014826.4863   20.3125
    0.0000   22.5000   15.000015275.9648   20.2784
    7.5000   22.5000   15.000014603.9473   20.2480
   -7.5000   30.0000   15.000014191.8955   20.0539
    0.0000   30.0000   15.000014668.1846   20.0229
    7.5000   30.0000   15.000013939.1973   20.0018
   -7.5000   37.5000   15.000013926.4414   20.0555
    0.0000   37.5000   15.000014358.8389   20.0237
    7.5000   37.5000   15.000013579.1475   20.0071
   -7.5000   45.0000   15.000013022.1152   19.5910
    0.0000   45.0000   15.000013441.8193   19.5574
    7.5000   45.0000   15.000012673.5693   19.5380
   -7.5000  -45.0000   22.5000 8488.2334   21.1366
    0.0000  -45.0000   22.5000 8834.9092   21.1001
    7.5000  -45.0000   22.5000 8398.6592   21.0764
   -7.5000  -37.5000   22.5000 9317.8301   20.7310
    0.0000  -37.5000   22.5000 9709.8594   20.6944
    7.5000  -37.5000   22.5000 9219.1748   20.6624
   -7.5000  -30.0000   22.500010507.5371   20.5536
    0.0000  -30.0000   22.500010974.8145   20.5110
    7.5000  -30.0000   22.500010437.5010   20.4717
   -7.5000  -22.5000   22.500011663.6836   20.4287
    0.0000  -22.5000   22.500012176.6533   20.3818
    7.5000  -22.5000   22.500011600.4248   20.3448
   -7.5000  -15.0000   22.500012770.1045   20.3530
    0.0000  -15.0000   22.500013372.4590   20.3082
    7.5000  -15.0000   22.500012781.2422   20.2791
   -7.5000   -7.5000   22.500013912.2441   20.3199
    0.0000   -7.5000   22.500014598.9922   20.2822
    7.5000   -7.5000   22.500013892.3232   20.2617
   -7.5000    0.0000   22.500014986.7197   20.3154
    0.0000    0.0000   22.500015689.4912   20.2832
    7.5000    0.0000   22.500014856.9766   20.2638
   -7.5000    7.5000   22.500014803.7422   20.3168
    0.0000    7.5000   22.500015502.9346   20.2831
    7.5000    7.5000   22.500014680.0488   20.2543
   -7.5000   15.0000   22.500014652.8340   20.3222
    0.0000   15.0000   22.500015316.5117   20.2818
    7.5000   15.0000   22.500014431.9805   20.2448
   -7.5000   22.5000   22.500014341.1377   20.3180
    0.0000   22.5000   22.500014920.5176   20.2724
    7.5000   22.5000   22.500013977.4854   20.2366
   -7.5000   30.0000   22.500013678.5332   20.0618
    0.0000   30.0000   22.500014225.3164   20.0182
    7.5000   30.0000   22.500013312.4785   19.9898
   -7.5000   37.5000   22.500013329.0928   20.0551
    0.0000   37.5000   22.500013799.3760   20.0180
    7.5000   37.5000   22.500012958.8340   19.9977
   -7.5000   45.0000   22.500012391.6357   19.5817
    0.0000   45.0000   22.500012835.3643   19.5507
    7.5000   45.0000   22.500012075.3027   19.5320
   -7.5000  -45.0000   30.0000 7953.6484   21.2049
    0.0000  -45.0000   30.0000 8290.4688   21.1766
    7.5000  -45.0000   30.0000 7888.2563   21.1561
   -7.5000  -37.5000   30.0000 8719.1426   20.7896
    0.0000  -37.5000   30.0000 9117.5693   20.7589
    7.5000  -37.5000   30.0000 8667.3828   20.7311
   -7.5000  -30.0000   30.0000 9808.1484   20.6102
    0.0000  -30.0000   30.000010265.8555   20.5707
    7.5000  -30.0000   30.0000 9804.2832   20.5346
   -7.5000  -22.5000   30.000010894.3037   20.4943
    0.0000  -22.5000   30.000011387.8076   20.4502
    7.5000  -22.5000   30.000010901.0977   20.4137
   -7.5000  -15.0000   30.000011937.3438   20.4281
    0.0000  -15.0000   30.000012531.8994   20.3872
    7.5000  -15.0000   30.000011981.7021   20.3564
   -7.5000   -7.5000   30.000013037.4951   20.3923
    0.0000   -7.5000   30.000013661.8184   20.3611
    7.5000   -7.5000   30.000013016.3330   20.3405
   -7.5000    0.0000   30.000014064.1201   20.3789
    0.0000    0.0000   30.000014644.8750   20.3543
    7.5000    0.0000   30.000013942.0947   20.3380
   -7.5000    7.5000   30.000014015.4131   20.3727
    0.0000    7.5000   30.000014526.6436   20.3446
    7.5000    7.5000   30.000013817.7939   20.3200
   -7.5000   15.0000   30.000013874.0146   20.3772
    0.0000   15.0000   30.000014351.1826   20.3398
    7.5000   15.0000   30.000013600.7314   20.3059
   -7.5000   22.5000   30.000013536.6221   20.3828
    0.0000   22.5000   30.000013989.9102   20.3401
    7.5000   22.5000   30.000013206.6885   20.3047
   -7.5000   30.0000   30.000012900.8223   20.1358
    0.0000   30.0000   30.000013345.4385   20.0961
    7.5000   30.0000   30.000012581.8633   20.0660
   -7.5000   37.5000   30.000012535.8037   20.1266
    0.0000   37.5000   30.000012976.3047   20.0959
    7.5000   37.5000   30.000012246.8760   20.0755
   -7.5000   45.0000   30.000011645.4023   19.6429
    0.0000   45.0000   30.000012071.8633   19.6192
    7.5000   45.0000   30.000011377.7500   19.6035
   -7.5000  -45.0000   37.5000 7656.2378   21.3580
    0.0000  -45.0000   37.5000 8007.1074   21.3355
    7.5000  -45.0000   37.5000 7618.7407   21.3170
   -7.5000  -37.5000   37.5000 8399.7852   20.9305
    0.0000  -37.5000   37.5000 8782.6973   20.9025
    7.5000  -37.5000   37.5000 8352.1172   20.8777
   -7.5000  -30.0000   37.5000 9468.7998   20.7400
    0.0000  -30.0000   37.5000 9878.8232   20.7074
    7.5000  -30.0000   37.5000 9430.1035   20.6758
   -7.5000  -22.5000   37.500010559.8486   20.6270
    0.0000  -22.5000   37.500011042.9238   20.5972
    7.5000  -22.5000   37.500010507.4727   20.5663
   -7.5000  -15.0000   37.500011647.3164   20.5711
    0.0000  -15.0000   37.500012189.4082   20.5479
    7.5000  -15.0000   37.500011604.5215   20.5226
   -7.5000   -7.5000   37.500012691.8281   20.5413
    0.0000   -7.5000   37.500013234.5557   20.5227
    7.5000   -7.5000   37.500012598.5391   20.5052
   -7.5000    0.0000   37.500013630.3408   20.5247
    0.0000    0.0000   37.500014104.8760   20.5055
    7.5000    0.0000   37.500013488.4307   20.4911
   -7.5000    7.5000   37.500013486.2197   20.5078
    0.0000    7.5000   37.500013954.4775   20.4825
    7.5000    7.5000   37.500013339.1211   20.4607
   -7.5000   15.0000   37.500013234.3350   20.5037
    0.0000   15.0000   37.500013744.0684   20.4730
    7.5000   15.0000   37.500013103.4805   20.4437
   -7.5000   22.5000   37.500012874.3438   20.5138
    0.0000   22.5000   37.500013360.9072   20.4851
    7.5000   22.5000   37.500012752.3984   20.4554
   -7.5000   30.0000   37.500012311.8877   20.2763
    0.0000   30.0000   37.500012779.0225   20.2540
    7.5000   30.0000   37.500012172.7383   20.2292
   -7.5000   37.5000   37.500012028.7744   20.2735
    0.0000   37.5000   37.500012504.9990   20.2553
    7.5000   37.5000   37.500011880.3955   20.2380
   -7.5000   45.0000   37.500011231.8584   19.7834
    0.0000   45.0000   37.500011671.6738   19.7649
    7.5000   45.0000   37.500011057.2490   19.7510
   -7.5000  -45.0000   45.0000 7046.2549   21.6102
    0.0000  -45.0000   45.0000 7365.2607   21.5841
    7.5000  -45.0000   45.0000 6996.5527   21.5641
   -7.5000  -37.5000   45.0000 7749.5591   21.1723
    0.0000  -37.5000   45.0000 8086.6001   21.1406
    7.5000  -37.5000   45.0000 7675.9243   21.1129
   -7.5000  -30.0000   45.0000 8754.8457   20.9682
    0.0000  -30.0000   45.0000 9124.9922   20.9385
    7.5000  -30.0000   45.0000 8664.5215   20.9065
   -7.5000  -22.5000   45.0000 9793.9189   20.8468
    0.0000  -22.5000   45.000010196.1553   20.8273
    7.5000  -22.5000   45.0000 9695.2666   20.8010
   -7.5000  -15.0000   45.000010769.8984   20.7918
    0.0000  -15.0000   45.000011219.3184   20.7807
    7.5000  -15.0000   45.000010681.2139   20.7624
   -7.5000   -7.5000   45.000011674.4619   20.7698
    0.0000   -7.5000   45.000012138.4727   20.7561
    7.5000   -7.5000   45.000011581.0508   20.7422
   -7.5000    0.0000   45.000012488.6826   20.7586
    0.0000    0.0000   45.000012950.0225   20.7361
    7.5000    0.0000   45.000012378.3896   20.7203
   -7.5000    7.5000   45.000012322.4668   20.7374
    0.0000    7.5000   45.000012812.7832   20.7087
    7.5000    7.5000   45.000012264.9355   20.6843
   -7.5000   15.0000   45.000012051.7764   20.7251
    0.0000   15.0000   45.000012569.1572   20.6973
    7.5000   15.0000   45.000012052.6201   20.6677
   -7.5000   22.5000   45.000011737.1602   20.7303
    0.0000   22.5000   45.000012220.4932   20.7118
    7.5000   22.5000   45.000011730.7227   20.6867
   -7.5000   30.0000   45.000011268.6562   20.4912
    0.0000   30.0000   45.000011740.2344   20.4808
    7.5000   30.0000   45.000011230.7852   20.4630
   -7.5000   37.5000   45.000011042.7910   20.4972
    0.0000   37.5000   45.000011515.6982   20.4838
    7.5000   37.5000   45.000010991.5215   20.4700
   -7.5000   45.0000   45.000010312.3086   20.0179
    0.0000   45.0000   45.000010735.2461   19.9962
    7.5000   45.0000   45.000010218.7666   19.9810

---------------------------------------------------------------------
imgreg_4dfp /opt/freesurfer/average/711-2C_as_mni_average_305 /opt/freesurfer/average/711-2B_as_mni_average_305_mask talsrcimg_g11 none talsrcimg_to_711-2C_as_mni_average_305_t4 4355
---------------------------------------------------------------------

freesurfer imgreg_4dfp.c
/opt/freesurfer/average/711-2C_as_mni_average_305.4dfp.img
       256       256       256         1
  1.000000  1.000000  1.000000
orientation T byte_order littleendian
Reading image: /opt/freesurfer/average/711-2C_as_mni_average_305.4dfp.img
dimensions:      256       256       256
mmppix:       1.0000   -1.0000   -1.0000
center:     128.0000 -129.0000 -129.0000
/opt/freesurfer/average/711-2B_as_mni_average_305_mask.4dfp.img
       256       256       256         1
  1.000000  1.000000  1.000000
orientation T byte_order littleendian
Reading mask: /opt/freesurfer/average/711-2B_as_mni_average_305_mask.4dfp.img (2306576 pixels)
talsrcimg_g11.4dfp.img
       256       256       256         1
  1.000000  1.000000  1.000000
orientation T byte_order littleendian
Reading image: talsrcimg_g11.4dfp.img
dimensions:      256       256       256
mmppix:       1.0000   -1.0000   -1.0000
center:     128.0000 -129.0000 -129.0000
rotation matrix determinant  1.000000
image alignment mode   4355 decimal     1103 hex
   -7.5000  -45.0000  -45.0000 1808.2448   31.6308
    0.0000  -45.0000  -45.0000 1806.2921   31.2880
    7.5000  -45.0000  -45.0000 1810.1835   31.7229
   -7.5000  -37.5000  -45.0000 1916.5996   27.8378
    0.0000  -37.5000  -45.0000 1916.9648   27.5582
    7.5000  -37.5000  -45.0000 1926.9392   27.9785
   -7.5000  -30.0000  -45.0000 2023.7493   24.9302
    0.0000  -30.0000  -45.0000 2030.7440   24.7902
    7.5000  -30.0000  -45.0000 2031.7568   25.0667
   -7.5000  -22.5000  -45.0000 2121.0334   22.7448
    0.0000  -22.5000  -45.0000 2129.9495   22.6551
    7.5000  -22.5000  -45.0000 2123.6572   22.8584
   -7.5000  -15.0000  -45.0000 2197.2026   21.0802
    0.0000  -15.0000  -45.0000 2201.3831   21.0379
    7.5000  -15.0000  -45.0000 2193.2043   21.1992
   -7.5000   -7.5000  -45.0000 2243.5625   19.9453
    0.0000   -7.5000  -45.0000 2250.9844   19.9241
    7.5000   -7.5000  -45.0000 2235.4783   20.0820
   -7.5000    0.0000  -45.0000 2271.3132   19.2190
    0.0000    0.0000  -45.0000 2277.8582   19.2021
    7.5000    0.0000  -45.0000 2262.4575   19.4217
   -7.5000    7.5000  -45.0000 2285.4653   18.9654
    0.0000    7.5000  -45.0000 2291.0432   18.9284
    7.5000    7.5000  -45.0000 2276.4407   19.1516
   -7.5000   15.0000  -45.0000 2279.2380   18.9328
    0.0000   15.0000  -45.0000 2289.7334   18.9141
    7.5000   15.0000  -45.0000 2271.0688   19.1626
   -7.5000   22.5000  -45.0000 2267.4316   19.3560
    0.0000   22.5000  -45.0000 2276.6592   19.3489
    7.5000   22.5000  -45.0000 2256.5027   19.5943
   -7.5000   30.0000  -45.0000 2234.2258   20.1540
    0.0000   30.0000  -45.0000 2243.6980   20.0955
    7.5000   30.0000  -45.0000 2226.5325   20.3168
   -7.5000   37.5000  -45.0000 2181.9407   21.1624
    0.0000   37.5000  -45.0000 2191.1204   21.1029
    7.5000   37.5000  -45.0000 2177.1357   21.3345
   -7.5000   45.0000  -45.0000 2103.2122   22.4863
    0.0000   45.0000  -45.0000 2110.7849   22.4085
    7.5000   45.0000  -45.0000 2097.2812   22.7109
   -7.5000  -45.0000  -37.5000 1878.2982   29.3999
    0.0000  -45.0000  -37.5000 1880.2427   29.1369
    7.5000  -45.0000  -37.5000 1887.5439   29.4593
   -7.5000  -37.5000  -37.5000 1999.0734   25.8781
    0.0000  -37.5000  -37.5000 1998.2063   25.7062
    7.5000  -37.5000  -37.5000 1999.3051   25.9596
   -7.5000  -30.0000  -37.5000 2113.7671   23.2243
    0.0000  -30.0000  -37.5000 2115.9082   23.1294
    7.5000  -30.0000  -37.5000 2106.1804   23.2368
   -7.5000  -22.5000  -37.5000 2216.0696   21.1334
    0.0000  -22.5000  -37.5000 2219.8662   21.0228
    7.5000  -22.5000  -37.5000 2207.3716   21.0827
   -7.5000  -15.0000  -37.5000 2291.6614   19.5497
    0.0000  -15.0000  -37.5000 2298.6946   19.4648
    7.5000  -15.0000  -37.5000 2285.4624   19.4986
   -7.5000   -7.5000  -37.5000 2341.8364   18.4231
    0.0000   -7.5000  -37.5000 2341.8906   18.3811
    7.5000   -7.5000  -37.5000 2330.8311   18.4971
   -7.5000    0.0000  -37.5000 2369.2964   17.7893
    0.0000    0.0000  -37.5000 2373.9475   17.7582
    7.5000    0.0000  -37.5000 2357.3186   17.9162
   -7.5000    7.5000  -37.5000 2381.9673   17.5785
    0.0000    7.5000  -37.5000 2392.0181   17.5602
    7.5000    7.5000  -37.5000 2373.9268   17.7413
   -7.5000   15.0000  -37.5000 2380.4924   17.5532
    0.0000   15.0000  -37.5000 2391.7893   17.5439
    7.5000   15.0000  -37.5000 2370.3210   17.7238
   -7.5000   22.5000  -37.5000 2367.5017   17.8822
    0.0000   22.5000  -37.5000 2377.5801   17.8503
    7.5000   22.5000  -37.5000 2358.1001   18.0360
   -7.5000   30.0000  -37.5000 2333.0198   18.4936
    0.0000   30.0000  -37.5000 2342.4529   18.4749
    7.5000   30.0000  -37.5000 2322.2244   18.6030
   -7.5000   37.5000  -37.5000 2281.0479   19.4136
    0.0000   37.5000  -37.5000 2291.1621   19.3877
    7.5000   37.5000  -37.5000 2271.1541   19.5411
   -7.5000   45.0000  -37.5000 2203.6633   20.7239
    0.0000   45.0000  -37.5000 2210.5120   20.6777
    7.5000   45.0000  -37.5000 2193.0750   20.9077
   -7.5000  -45.0000  -30.0000 1970.2954   28.4986
    0.0000  -45.0000  -30.0000 1975.4583   28.3260
    7.5000  -45.0000  -30.0000 1977.9061   28.5202
   -7.5000  -37.5000  -30.0000 2105.1399   25.1185
    0.0000  -37.5000  -30.0000 2106.0071   24.9618
    7.5000  -37.5000  -30.0000 2102.8296   25.0801
   -7.5000  -30.0000  -30.0000 2231.7856   22.5279
    0.0000  -30.0000  -30.0000 2233.0259   22.4007
    7.5000  -30.0000  -30.0000 2215.3457   22.3731
   -7.5000  -22.5000  -30.0000 2337.7698   20.3856
    0.0000  -22.5000  -30.0000 2340.8428   20.2325
    7.5000  -22.5000  -30.0000 2320.4658   20.2283
   -7.5000  -15.0000  -30.0000 2419.7832   18.7335
    0.0000  -15.0000  -30.0000 2420.1660   18.5945
    7.5000  -15.0000  -30.0000 2407.0027   18.6412
   -7.5000   -7.5000  -30.0000 2477.3579   17.6676
    0.0000   -7.5000  -30.0000 2480.5774   17.5996
    7.5000   -7.5000  -30.0000 2463.5991   17.6552
   -7.5000    0.0000  -30.0000 2509.7827   17.0694
    0.0000    0.0000  -30.0000 2519.1726   17.0370
    7.5000    0.0000  -30.0000 2496.8184   17.1316
   -7.5000    7.5000  -30.0000 2531.4172   16.8829
    0.0000    7.5000  -30.0000 2538.2188   16.8126
    7.5000    7.5000  -30.0000 2514.2600   16.9356
   -7.5000   15.0000  -30.0000 2521.1157   16.8291
    0.0000   15.0000  -30.0000 2536.0515   16.7741
    7.5000   15.0000  -30.0000 2512.5166   16.8988
   -7.5000   22.5000  -30.0000 2506.4629   17.0728
    0.0000   22.5000  -30.0000 2519.8035   17.0178
    7.5000   22.5000  -30.0000 2497.4331   17.1713
   -7.5000   30.0000  -30.0000 2473.0630   17.6451
    0.0000   30.0000  -30.0000 2488.2124   17.5954
    7.5000   30.0000  -30.0000 2466.1458   17.7647
   -7.5000   37.5000  -30.0000 2422.0857   18.5541
    0.0000   37.5000  -30.0000 2433.0740   18.4697
    7.5000   37.5000  -30.0000 2411.4458   18.6540
   -7.5000   45.0000  -30.0000 2336.3865   19.8094
    0.0000   45.0000  -30.0000 2343.5325   19.7297
    7.5000   45.0000  -30.0000 2322.2588   19.9053
   -7.5000  -45.0000  -22.5000 2036.9762   27.3268
    0.0000  -45.0000  -22.5000 2040.8595   27.0956
    7.5000  -45.0000  -22.5000 2047.0790   27.2711
   -7.5000  -37.5000  -22.5000 2180.7625   24.1530
    0.0000  -37.5000  -22.5000 2187.1912   23.9577
    7.5000  -37.5000  -22.5000 2176.8071   23.9245
   -7.5000  -30.0000  -22.5000 2317.3162   21.6317
    0.0000  -30.0000  -22.5000 2319.7166   21.4505
    7.5000  -30.0000  -22.5000 2294.9460   21.3180
   -7.5000  -22.5000  -22.5000 2432.4771   19.5381
    0.0000  -22.5000  -22.5000 2432.2869   19.3224
    7.5000  -22.5000  -22.5000 2409.3105   19.2438
   -7.5000  -15.0000  -22.5000 2520.3428   17.8638
    0.0000  -15.0000  -22.5000 2521.1162   17.6850
    7.5000  -15.0000  -22.5000 2496.6626   17.6566
   -7.5000   -7.5000  -22.5000 2591.0752   16.7748
    0.0000   -7.5000  -22.5000 2591.7339   16.6084
    7.5000   -7.5000  -22.5000 2565.0583   16.6305
   -7.5000    0.0000  -22.5000 2620.6511   16.1783
    0.0000    0.0000  -22.5000 2628.7803   16.0357
    7.5000    0.0000  -22.5000 2607.3628   16.1160
   -7.5000    7.5000  -22.5000 2644.4160   15.9099
    0.0000    7.5000  -22.5000 2655.7217   15.8045
    7.5000    7.5000  -22.5000 2635.1899   15.8944
   -7.5000   15.0000  -22.5000 2644.6025   15.9250
    0.0000   15.0000  -22.5000 2662.8323   15.8355
    7.5000   15.0000  -22.5000 2640.8303   15.9575
   -7.5000   22.5000  -22.5000 2639.7935   16.2422
    0.0000   22.5000  -22.5000 2651.5618   16.1188
    7.5000   22.5000  -22.5000 2628.2915   16.2601
   -7.5000   30.0000  -22.5000 2601.7151   16.7576
    0.0000   30.0000  -22.5000 2615.3154   16.6508
    7.5000   30.0000  -22.5000 2587.9536   16.7897
   -7.5000   37.5000  -22.5000 2540.0132   17.5794
    0.0000   37.5000  -22.5000 2555.7043   17.4980
    7.5000   37.5000  -22.5000 2528.2329   17.6347
   -7.5000   45.0000  -22.5000 2449.9570   18.7193
    0.0000   45.0000  -22.5000 2461.9365   18.6851
    7.5000   45.0000  -22.5000 2434.9612   18.8248
   -7.5000  -45.0000  -15.0000 2075.7173   26.2570
    0.0000  -45.0000  -15.0000 2084.7886   26.0871
    7.5000  -45.0000  -15.0000 2081.4226   26.1604
   -7.5000  -37.5000  -15.0000 2225.4363   23.1729
    0.0000  -37.5000  -15.0000 2234.6814   22.9573
    7.5000  -37.5000  -15.0000 2223.7588   22.9506
   -7.5000  -30.0000  -15.0000 2366.5596   20.6808
    0.0000  -30.0000  -15.0000 2371.6819   20.4421
    7.5000  -30.0000  -15.0000 2349.6008   20.3743
   -7.5000  -22.5000  -15.0000 2490.5022   18.6183
    0.0000  -22.5000  -15.0000 2492.8008   18.4113
    7.5000  -22.5000  -15.0000 2466.0701   18.3844
   -7.5000  -15.0000  -15.0000 2590.6953   17.0498
    0.0000  -15.0000  -15.0000 2590.0193   16.8619
    7.5000  -15.0000  -15.0000 2559.0854   16.8552
   -7.5000   -7.5000  -15.0000 2664.0491   15.8952
    0.0000   -7.5000  -15.0000 2666.2551   15.7522
    7.5000   -7.5000  -15.0000 2640.8821   15.7560
   -7.5000    0.0000  -15.0000 2705.6797   15.2429
    0.0000    0.0000  -15.0000 2712.7029   15.1181
    7.5000    0.0000  -15.0000 2692.8711   15.1816
   -7.5000    7.5000  -15.0000 2738.8357   14.9494
    0.0000    7.5000  -15.0000 2748.0159   14.8479
    7.5000    7.5000  -15.0000 2731.7971   14.9318
   -7.5000   15.0000  -15.0000 2749.5103   15.0282
    0.0000   15.0000  -15.0000 2764.5083   14.9121
    7.5000   15.0000  -15.0000 2738.2937   14.9999
   -7.5000   22.5000  -15.0000 2740.9993   15.3654
    0.0000   22.5000  -15.0000 2755.2483   15.2914
    7.5000   22.5000  -15.0000 2725.5845   15.3670
   -7.5000   30.0000  -15.0000 2694.9849   15.8843
    0.0000   30.0000  -15.0000 2711.2683   15.7987
    7.5000   30.0000  -15.0000 2687.4966   15.9296
   -7.5000   37.5000  -15.0000 2626.3621   16.6445
    0.0000   37.5000  -15.0000 2641.5095   16.5606
    7.5000   37.5000  -15.0000 2619.5496   16.7313
   -7.5000   45.0000  -15.0000 2532.8147   17.7071
    0.0000   45.0000  -15.0000 2549.2253   17.6501
    7.5000   45.0000  -15.0000 2524.8638   17.8433
   -7.5000  -45.0000   -7.5000 2105.1858   25.4004
    0.0000  -45.0000   -7.5000 2113.6094   25.3166
    7.5000  -45.0000   -7.5000 2101.9526   25.3549
   -7.5000  -37.5000   -7.5000 2254.0261   22.2489
    0.0000  -37.5000   -7.5000 2263.1863   22.1134
    7.5000  -37.5000   -7.5000 2247.0671   22.1701
   -7.5000  -30.0000   -7.5000 2393.0945   19.7899
    0.0000  -30.0000   -7.5000 2400.3535   19.6317
    7.5000  -30.0000   -7.5000 2376.3464   19.6439
   -7.5000  -22.5000   -7.5000 2518.0837   17.8290
    0.0000  -22.5000   -7.5000 2526.9827   17.6751
    7.5000  -22.5000   -7.5000 2500.2219   17.7099
   -7.5000  -15.0000   -7.5000 2629.0249   16.3003
    0.0000  -15.0000   -7.5000 2631.2227   16.1517
    7.5000  -15.0000   -7.5000 2610.5730   16.2077
   -7.5000   -7.5000   -7.5000 2717.7297   15.2059
    0.0000   -7.5000   -7.5000 2727.0991   15.0823
    7.5000   -7.5000   -7.5000 2703.4277   15.1235
   -7.5000    0.0000   -7.5000 2775.1531   14.4719
    0.0000    0.0000   -7.5000 2783.3352   14.3568
    7.5000    0.0000   -7.5000 2763.3662   14.4365
   -7.5000    7.5000   -7.5000 2811.9319   14.1093
    0.0000    7.5000   -7.5000 2822.8972   14.0542
    7.5000    7.5000   -7.5000 2806.4226   14.1315
   -7.5000   15.0000   -7.5000 2827.7363   14.1922
    0.0000   15.0000   -7.5000 2841.9231   14.1425
    7.5000   15.0000   -7.5000 2816.4695   14.2192
   -7.5000   22.5000   -7.5000 2819.0200   14.5691
    0.0000   22.5000   -7.5000 2834.7808   14.5268
    7.5000   22.5000   -7.5000 2805.2324   14.6168
   -7.5000   30.0000   -7.5000 2769.0930   15.1128
    0.0000   30.0000   -7.5000 2787.5918   15.0443
    7.5000   30.0000   -7.5000 2762.9346   15.1924
   -7.5000   37.5000   -7.5000 2695.7925   15.8341
    0.0000   37.5000   -7.5000 2712.0071   15.7625
    7.5000   37.5000   -7.5000 2695.7566   15.9592
   -7.5000   45.0000   -7.5000 2598.2275   16.8804
    0.0000   45.0000   -7.5000 2612.8215   16.7799
    7.5000   45.0000   -7.5000 2592.5977   16.9943
   -7.5000  -45.0000    0.0000 2122.0579   24.9588
    0.0000  -45.0000    0.0000 2124.3105   24.8089
    7.5000  -45.0000    0.0000 2120.3113   25.0247
   -7.5000  -37.5000    0.0000 2264.4778   21.7522
    0.0000  -37.5000    0.0000 2268.7000   21.6212
    7.5000  -37.5000    0.0000 2254.2520   21.7075
   -7.5000  -30.0000    0.0000 2395.8850   19.2509
    0.0000  -30.0000    0.0000 2404.4802   19.1612
    7.5000  -30.0000    0.0000 2389.8916   19.2384
   -7.5000  -22.5000    0.0000 2525.0024   17.2869
    0.0000  -22.5000    0.0000 2535.9070   17.1952
    7.5000  -22.5000    0.0000 2519.5332   17.3082
   -7.5000  -15.0000    0.0000 2641.1025   15.7851
    0.0000  -15.0000    0.0000 2654.9268   15.6934
    7.5000  -15.0000    0.0000 2637.5774   15.8129
   -7.5000   -7.5000    0.0000 2744.4780   14.7213
    0.0000   -7.5000    0.0000 2764.1980   14.6213
    7.5000   -7.5000    0.0000 2744.4963   14.7346
   -7.5000    0.0000    0.0000 2818.7983   13.9482
    0.0000    0.0000    0.0000 2840.7090   13.8583
    7.5000    0.0000    0.0000 2812.9607   13.9967
   -7.5000    7.5000    0.0000 2868.3682   13.4902
    0.0000    7.5000    0.0000 2884.2712   13.4670
    7.5000    7.5000    0.0000 2862.7593   13.6312
   -7.5000   15.0000    0.0000 2890.7202   13.5690
    0.0000   15.0000    0.0000 2905.2517   13.5486
    7.5000   15.0000    0.0000 2880.9119   13.7118
   -7.5000   22.5000    0.0000 2879.7126   13.9498
    0.0000   22.5000    0.0000 2900.9995   13.9124
    7.5000   22.5000    0.0000 2871.8845   14.0813
   -7.5000   30.0000    0.0000 2824.0505   14.4943
    0.0000   30.0000    0.0000 2842.0769   14.4358
    7.5000   30.0000    0.0000 2822.3452   14.6423
   -7.5000   37.5000    0.0000 2742.7676   15.2504
    0.0000   37.5000    0.0000 2758.3589   15.1559
    7.5000   37.5000    0.0000 2744.2769   15.4203
   -7.5000   45.0000    0.0000 2638.6892   16.3315
    0.0000   45.0000    0.0000 2655.8608   16.2291
    7.5000   45.0000    0.0000 2637.3823   16.5302
   -7.5000  -45.0000    7.5000 2119.5303   24.7187
    0.0000  -45.0000    7.5000 2127.6594   24.6591
    7.5000  -45.0000    7.5000 2126.5610   24.9079
   -7.5000  -37.5000    7.5000 2253.3667   21.5447
    0.0000  -37.5000    7.5000 2265.4773   21.4302
    7.5000  -37.5000    7.5000 2259.6675   21.7060
   -7.5000  -30.0000    7.5000 2391.2849   19.0242
    0.0000  -30.0000    7.5000 2401.8511   18.9313
    7.5000  -30.0000    7.5000 2396.5264   19.2347
   -7.5000  -22.5000    7.5000 2522.9568   17.0716
    0.0000  -22.5000    7.5000 2534.4856   16.9547
    7.5000  -22.5000    7.5000 2524.0947   17.2232
   -7.5000  -15.0000    7.5000 2638.4617   15.5600
    0.0000  -15.0000    7.5000 2653.8899   15.4414
    7.5000  -15.0000    7.5000 2645.6045   15.7035
   -7.5000   -7.5000    7.5000 2752.8132   14.4760
    0.0000   -7.5000    7.5000 2773.3569   14.3577
    7.5000   -7.5000    7.5000 2758.2373   14.5847
   -7.5000    0.0000    7.5000 2851.0645   13.7284
    0.0000    0.0000    7.5000 2877.4441   13.6238
    7.5000    0.0000    7.5000 2845.3452   13.7836
   -7.5000    7.5000    7.5000 2909.1506   13.1381
    0.0000    7.5000    7.5000 2932.3186   13.0758
    7.5000    7.5000    7.5000 2899.1821   13.3405
   -7.5000   15.0000    7.5000 2939.1521   13.1241
    0.0000   15.0000    7.5000 2955.1743   13.0432
    7.5000   15.0000    7.5000 2920.7971   13.3232
   -7.5000   22.5000    7.5000 2920.3237   13.4886
    0.0000   22.5000    7.5000 2941.8054   13.3421
    7.5000   22.5000    7.5000 2908.5767   13.6798
   -7.5000   30.0000    7.5000 2855.3118   14.1103
    0.0000   30.0000    7.5000 2874.2922   13.9683
    7.5000   30.0000    7.5000 2853.6152   14.3118
   -7.5000   37.5000    7.5000 2778.2498   14.9384
    0.0000   37.5000    7.5000 2791.5710   14.8294
    7.5000   37.5000    7.5000 2776.2444   15.1572
   -7.5000   45.0000    7.5000 2673.8896   16.0372
    0.0000   45.0000    7.5000 2681.9377   15.9311
    7.5000   45.0000    7.5000 2665.7693   16.2317
   -7.5000  -45.0000   15.0000 2099.0835   24.7659
    0.0000  -45.0000   15.0000 2117.2900   24.6870
    7.5000  -45.0000   15.0000 2118.6064   25.1781
   -7.5000  -37.5000   15.0000 2231.2185   21.5047
    0.0000  -37.5000   15.0000 2245.7100   21.4610
    7.5000  -37.5000   15.0000 2248.4866   21.8863
   -7.5000  -30.0000   15.0000 2363.4380   18.9481
    0.0000  -30.0000   15.0000 2377.4509   18.9307
    7.5000  -30.0000   15.0000 2376.2812   19.3264
   -7.5000  -22.5000   15.0000 2493.6296   16.9495
    0.0000  -22.5000   15.0000 2510.9556   16.9161
    7.5000  -22.5000   15.0000 2503.1187   17.2773
   -7.5000  -15.0000   15.0000 2612.1707   15.4646
    0.0000  -15.0000   15.0000 2635.3103   15.3907
    7.5000  -15.0000   15.0000 2628.6292   15.7178
   -7.5000   -7.5000   15.0000 2727.6096   14.3732
    0.0000   -7.5000   15.0000 2753.7571   14.2842
    7.5000   -7.5000   15.0000 2748.3003   14.5738
   -7.5000    0.0000   15.0000 2842.1418   13.6565
    0.0000    0.0000   15.0000 2864.3225   13.5382
    7.5000    0.0000   15.0000 2846.3679   13.7623
   -7.5000    7.5000   15.0000 2913.8000   13.0143
    0.0000    7.5000   15.0000 2941.7563   12.9329
    7.5000    7.5000   15.0000 2902.2004   13.2304
   -7.5000   15.0000   15.0000 2943.5503   12.8451
    0.0000   15.0000   15.0000 2958.4692   12.6849
    7.5000   15.0000   15.0000 2927.8284   13.1830
   -7.5000   22.5000   15.0000 2934.0181   13.2582
    0.0000   22.5000   15.0000 2944.9094   13.1197
    7.5000   22.5000   15.0000 2913.5964   13.5107
   -7.5000   30.0000   15.0000 2864.8250   13.9764
    0.0000   30.0000   15.0000 2884.4678   13.8820
    7.5000   30.0000   15.0000 2858.5234   14.1471
   -7.5000   37.5000   15.0000 2778.2097   14.8676
    0.0000   37.5000   15.0000 2789.8242   14.7706
    7.5000   37.5000   15.0000 2773.1938   15.0036
   -7.5000   45.0000   15.0000 2672.8594   15.9766
    0.0000   45.0000   15.0000 2682.9688   15.8721
    7.5000   45.0000   15.0000 2669.3489   16.1035
   -7.5000  -45.0000   22.5000 2077.3904   25.1108
    0.0000  -45.0000   22.5000 2091.8550   25.1973
    7.5000  -45.0000   22.5000 2095.3391   25.6407
   -7.5000  -37.5000   22.5000 2210.6021   21.8031
    0.0000  -37.5000   22.5000 2220.1885   21.8103
    7.5000  -37.5000   22.5000 2222.1462   22.3022
   -7.5000  -30.0000   22.5000 2336.2937   19.1773
    0.0000  -30.0000   22.5000 2352.5476   19.1790
    7.5000  -30.0000   22.5000 2351.1887   19.6851
   -7.5000  -22.5000   22.5000 2460.2830   17.1027
    0.0000  -22.5000   22.5000 2474.2444   17.0600
    7.5000  -22.5000   22.5000 2474.3660   17.5146
   -7.5000  -15.0000   22.5000 2573.4116   15.5652
    0.0000  -15.0000   22.5000 2598.6934   15.4960
    7.5000  -15.0000   22.5000 2600.1533   15.9269
   -7.5000   -7.5000   22.5000 2688.3953   14.4510
    0.0000   -7.5000   22.5000 2713.4534   14.3759
    7.5000   -7.5000   22.5000 2721.3218   14.7645
   -7.5000    0.0000   22.5000 2796.9165   13.7568
    0.0000    0.0000   22.5000 2827.3171   13.6581
    7.5000    0.0000   22.5000 2822.5696   13.9728
   -7.5000    7.5000   22.5000 2884.9802   13.2545
    0.0000    7.5000   22.5000 2915.3110   13.1758
    7.5000    7.5000   22.5000 2889.2043   13.4901
   -7.5000   15.0000   22.5000 2938.1692   13.2030
    0.0000   15.0000   22.5000 2960.9692   13.1618
    7.5000   15.0000   22.5000 2919.2473   13.4200
   -7.5000   22.5000   22.5000 2928.3809   13.4938
    0.0000   22.5000   22.5000 2950.7778   13.4701
    7.5000   22.5000   22.5000 2900.3435   13.6188
   -7.5000   30.0000   22.5000 2856.1189   14.0606
    0.0000   30.0000   22.5000 2883.5886   14.0280
    7.5000   30.0000   22.5000 2842.8616   14.1697
   -7.5000   37.5000   22.5000 2762.3042   14.9289
    0.0000   37.5000   22.5000 2775.8159   14.8689
    7.5000   37.5000   22.5000 2758.7126   15.0245
   -7.5000   45.0000   22.5000 2656.3975   16.0283
    0.0000   45.0000   22.5000 2666.9026   15.9632
    7.5000   45.0000   22.5000 2653.1643   16.1453
   -7.5000  -45.0000   30.0000 2038.5436   25.9342
    0.0000  -45.0000   30.0000 2050.3738   25.9869
    7.5000  -45.0000   30.0000 2053.9329   26.5937
   -7.5000  -37.5000   30.0000 2177.8464   22.4084
    0.0000  -37.5000   30.0000 2187.0435   22.3980
    7.5000  -37.5000   30.0000 2185.5842   22.9736
   -7.5000  -30.0000   30.0000 2300.1877   19.6502
    0.0000  -30.0000   30.0000 2315.1582   19.6236
    7.5000  -30.0000   30.0000 2318.5361   20.2132
   -7.5000  -22.5000   30.0000 2419.1318   17.5893
    0.0000  -22.5000   30.0000 2432.4365   17.5245
    7.5000  -22.5000   30.0000 2442.3884   18.0341
   -7.5000  -15.0000   30.0000 2526.6482   16.0575
    0.0000  -15.0000   30.0000 2548.0474   15.9794
    7.5000  -15.0000   30.0000 2560.0784   16.4453
   -7.5000   -7.5000   30.0000 2643.1943   14.9940
    0.0000   -7.5000   30.0000 2666.0552   14.9373
    7.5000   -7.5000   30.0000 2674.3428   15.2955
   -7.5000    0.0000   30.0000 2753.1313   14.3104
    0.0000    0.0000   30.0000 2772.3796   14.1966
    7.5000    0.0000   30.0000 2770.9685   14.5198
   -7.5000    7.5000   30.0000 2838.7227   13.8571
    0.0000    7.5000   30.0000 2849.0818   13.7016
    7.5000    7.5000   30.0000 2837.9216   14.0270
   -7.5000   15.0000   30.0000 2884.0901   13.8085
    0.0000   15.0000   30.0000 2897.0632   13.6818
    7.5000   15.0000   30.0000 2872.0671   13.8905
   -7.5000   22.5000   30.0000 2874.5955   14.0644
    0.0000   22.5000   30.0000 2892.1011   13.9498
    7.5000   22.5000   30.0000 2857.9250   14.1224
   -7.5000   30.0000   30.0000 2817.2568   14.5796
    0.0000   30.0000   30.0000 2837.1445   14.5031
    7.5000   30.0000   30.0000 2801.1135   14.6581
   -7.5000   37.5000   30.0000 2727.1357   15.3532
    0.0000   37.5000   30.0000 2741.5581   15.2897
    7.5000   37.5000   30.0000 2715.9226   15.4634
   -7.5000   45.0000   30.0000 2623.4653   16.3981
    0.0000   45.0000   30.0000 2634.9268   16.3256
    7.5000   45.0000   30.0000 2612.4158   16.5184
   -7.5000  -45.0000   37.5000 1990.0477   26.9007
    0.0000  -45.0000   37.5000 2005.1553   26.9776
    7.5000  -45.0000   37.5000 2007.5897   27.6358
   -7.5000  -37.5000   37.5000 2131.2224   23.2363
    0.0000  -37.5000   37.5000 2145.6538   23.2693
    7.5000  -37.5000   37.5000 2145.8271   23.8530
   -7.5000  -30.0000   37.5000 2262.0657   20.5098
    0.0000  -30.0000   37.5000 2269.0195   20.4611
    7.5000  -30.0000   37.5000 2271.8828   21.0111
   -7.5000  -22.5000   37.5000 2387.6917   18.5133
    0.0000  -22.5000   37.5000 2396.8801   18.4408
    7.5000  -22.5000   37.5000 2394.6013   18.8701
   -7.5000  -15.0000   37.5000 2497.5725   16.9985
    0.0000  -15.0000   37.5000 2512.5007   16.9610
    7.5000  -15.0000   37.5000 2510.1467   17.2817
   -7.5000   -7.5000   37.5000 2606.2930   15.8701
    0.0000   -7.5000   37.5000 2617.7039   15.7881
    7.5000   -7.5000   37.5000 2621.3381   16.1152
   -7.5000    0.0000   37.5000 2700.7776   15.0909
    0.0000    0.0000   37.5000 2709.7681   14.9100
    7.5000    0.0000   37.5000 2707.6494   15.2784
   -7.5000    7.5000   37.5000 2776.6074   14.5796
    0.0000    7.5000   37.5000 2779.2202   14.4520
    7.5000    7.5000   37.5000 2772.3560   14.7493
   -7.5000   15.0000   37.5000 2804.9719   14.4957
    0.0000   15.0000   37.5000 2816.3420   14.3751
    7.5000   15.0000   37.5000 2802.1504   14.6231
   -7.5000   22.5000   37.5000 2796.2776   14.7203
    0.0000   22.5000   37.5000 2806.1489   14.6016
    7.5000   22.5000   37.5000 2789.5562   14.8322
   -7.5000   30.0000   37.5000 2749.5874   15.2153
    0.0000   30.0000   37.5000 2758.1418   15.1061
    7.5000   30.0000   37.5000 2736.8425   15.3498
   -7.5000   37.5000   37.5000 2672.8059   15.9993
    0.0000   37.5000   37.5000 2684.5996   15.9165
    7.5000   37.5000   37.5000 2659.0989   16.1578
   -7.5000   45.0000   37.5000 2578.5713   17.0349
    0.0000   45.0000   37.5000 2586.6716   16.9703
    7.5000   45.0000   37.5000 2562.4397   17.2031
   -7.5000  -45.0000   45.0000 1934.0737   28.3704
    0.0000  -45.0000   45.0000 1947.5228   28.4738
    7.5000  -45.0000   45.0000 1945.7919   29.0992
   -7.5000  -37.5000   45.0000 2083.7153   24.5223
    0.0000  -37.5000   45.0000 2092.0166   24.5517
    7.5000  -37.5000   45.0000 2085.9448   25.0698
   -7.5000  -30.0000   45.0000 2216.6565   21.7728
    0.0000  -30.0000   45.0000 2216.2253   21.7088
    7.5000  -30.0000   45.0000 2209.0127   22.1331
   -7.5000  -22.5000   45.0000 2339.5637   19.7378
    0.0000  -22.5000   45.0000 2344.9963   19.6282
    7.5000  -22.5000   45.0000 2333.0896   19.9955
   -7.5000  -15.0000   45.0000 2448.4385   18.1398
    0.0000  -15.0000   45.0000 2456.9231   18.0310
    7.5000  -15.0000   45.0000 2445.0459   18.3659
   -7.5000   -7.5000   45.0000 2545.2815   16.8773
    0.0000   -7.5000   45.0000 2555.8477   16.7581
    7.5000   -7.5000   45.0000 2549.4910   17.0966
   -7.5000    0.0000   45.0000 2631.8591   16.0319
    0.0000    0.0000   45.0000 2641.3481   15.8796
    7.5000    0.0000   45.0000 2629.8809   16.2467
   -7.5000    7.5000   45.0000 2693.7703   15.4959
    0.0000    7.5000   45.0000 2700.4778   15.4114
    7.5000    7.5000   45.0000 2692.0488   15.7038
   -7.5000   15.0000   45.0000 2709.1956   15.3521
    0.0000   15.0000   45.0000 2724.4790   15.2558
    7.5000   15.0000   45.0000 2716.2217   15.5179
   -7.5000   22.5000   45.0000 2701.9885   15.5659
    0.0000   22.5000   45.0000 2710.1118   15.4704
    7.5000   22.5000   45.0000 2701.6208   15.7104
   -7.5000   30.0000   45.0000 2659.7046   16.0395
    0.0000   30.0000   45.0000 2671.1611   15.9649
    7.5000   30.0000   45.0000 2655.6160   16.2119
   -7.5000   37.5000   45.0000 2595.8279   16.7923
    0.0000   37.5000   45.0000 2609.4111   16.7095
    7.5000   37.5000   45.0000 2590.3020   16.9958
   -7.5000   45.0000   45.0000 2509.6736   17.8267
    0.0000   45.0000   45.0000 2515.4521   17.7731
    7.5000   45.0000   45.0000 2497.2085   18.0267

---------------------------------------------------------------------
imgreg_4dfp /opt/freesurfer/average/711-2C_as_mni_average_305 /opt/freesurfer/average/711-2B_as_mni_average_305_mask talsrcimg_g11 none talsrcimg_to_711-2C_as_mni_average_305_t4 1283
---------------------------------------------------------------------

freesurfer imgreg_4dfp.c
/opt/freesurfer/average/711-2C_as_mni_average_305.4dfp.img
       256       256       256         1
  1.000000  1.000000  1.000000
orientation T byte_order littleendian
Reading image: /opt/freesurfer/average/711-2C_as_mni_average_305.4dfp.img
dimensions:      256       256       256
mmppix:       1.0000   -1.0000   -1.0000
center:     128.0000 -129.0000 -129.0000
/opt/freesurfer/average/711-2B_as_mni_average_305_mask.4dfp.img
       256       256       256         1
  1.000000  1.000000  1.000000
orientation T byte_order littleendian
Reading mask: /opt/freesurfer/average/711-2B_as_mni_average_305_mask.4dfp.img (2306576 pixels)
talsrcimg_g11.4dfp.img
       256       256       256         1
  1.000000  1.000000  1.000000
orientation T byte_order littleendian
Reading image: talsrcimg_g11.4dfp.img
dimensions:      256       256       256
mmppix:       1.0000   -1.0000   -1.0000
center:     128.0000 -129.0000 -129.0000
rotation matrix determinant  1.000000
fimgreg.f
image alignment mode   1283 decimal      503 hex
parameters
    0.0000   15.0000   22.5000    0.0000    0.0000    0.0000
eta,q 0.92897 13.18189
niter,ni,del,rscale     5    3   12.0000    1.2000
parameter  4  1.365143 ->  0.500000 qaram    1.1500
parameter  6  0.742158 ->  0.500000 qaram    1.1500
parameters
   -1.5083   16.8685   19.8061   -3.4500   -2.2882   -3.4500
eta,q 0.93876 12.90686
  0.0778  0.0818  0.0702  0.0637  0.0662  0.0615
  0.0713  0.0781  0.0682  0.0639  0.0639  0.0612
  0.0703  0.0745  0.0666  0.0650  0.0631  0.0616
  0.0738  0.0705  0.0690  0.0668  0.0642  0.0630
  0.0762  0.0691  0.0734  0.0685  0.0670  0.0661
  0.0787  0.0709  0.0781  0.0707  0.0711  0.0698
  0.0804  0.0743  0.0843  0.0732  0.0749  0.0732
niter,ni,del,rscale     6    3   12.0000    1.2000
parameter  4  0.959593 ->  0.500000 qaram    1.3225
parameters
   -1.0357   17.8073   19.1212   -7.4175   -2.4259   -5.6206
eta,q 0.94064 12.84774
  0.0772  0.0699  0.0668  0.0591  0.0659  0.0612
  0.0702  0.0662  0.0655  0.0593  0.0629  0.0595
  0.0653  0.0633  0.0640  0.0603  0.0606  0.0593
  0.0612  0.0612  0.0610  0.0617  0.0595  0.0595
  0.0635  0.0611  0.0631  0.0629  0.0603  0.0607
  0.0687  0.0624  0.0668  0.0652  0.0629  0.0634
  0.0726  0.0665  0.0711  0.0687  0.0669  0.0665
niter,ni,del,rscale     6    3   12.0000    1.2000
parameters
   -0.7846   19.7510   18.1110   -9.9421   -2.7038   -5.5385
eta,q 0.94299 12.87699
  0.0738  0.0712  0.0632  0.0612  0.0626  0.0618
  0.0670  0.0656  0.0614  0.0575  0.0599  0.0596
  0.0627  0.0621  0.0597  0.0570  0.0578  0.0579
  0.0594  0.0593  0.0583  0.0587  0.0570  0.0570
  0.0610  0.0582  0.0605  0.0608  0.0579  0.0571
  0.0663  0.0587  0.0637  0.0640  0.0601  0.0587
  0.0715  0.0622  0.0690  0.0687  0.0643  0.0622
niter,ni,del,rscale     5    3   12.0000    1.2000
parameters
   -0.5161   20.7654   17.6057  -10.6382   -2.6630   -5.8096
eta,q 0.94278 12.89506
  0.0715  0.0695  0.0624  0.0634  0.0633  0.0615
  0.0646  0.0636  0.0618  0.0597  0.0604  0.0595
  0.0602  0.0591  0.0592  0.0570  0.0581  0.0580
  0.0570  0.0570  0.0571  0.0574  0.0572  0.0572
  0.0586  0.0575  0.0578  0.0587  0.0578  0.0575
  0.0635  0.0594  0.0616  0.0612  0.0598  0.0595
  0.0692  0.0632  0.0667  0.0659  0.0636  0.0629
niter,ni,del,rscale     4    3   12.0000    1.2000
parameters
   -0.5360   21.1005   17.3100  -10.9787   -2.4427   -5.9900
eta,q 0.94250 12.88394
  0.0700  0.0676  0.0620  0.0638  0.0639  0.0620
  0.0632  0.0621  0.0624  0.0606  0.0611  0.0599
  0.0594  0.0581  0.0596  0.0575  0.0585  0.0584
  0.0572  0.0572  0.0573  0.0576  0.0575  0.0575
  0.0593  0.0582  0.0574  0.0585  0.0580  0.0578
  0.0639  0.0612  0.0608  0.0607  0.0598  0.0598
  0.0698  0.0650  0.0657  0.0653  0.0635  0.0631
niter,ni,del,rscale     3    3   12.0000    1.2000
parameters
   -0.6460   21.2497   17.0736  -11.1970   -2.2202   -6.0860
eta,q 0.94230 12.86586
  0.0697  0.0672  0.0615  0.0639  0.0642  0.0624
  0.0629  0.0619  0.0625  0.0611  0.0614  0.0603
  0.0592  0.0582  0.0600  0.0580  0.0587  0.0587
  0.0575  0.0575  0.0575  0.0577  0.0577  0.0577
  0.0597  0.0585  0.0572  0.0586  0.0581  0.0579
  0.0642  0.0619  0.0604  0.0605  0.0600  0.0600
  0.0700  0.0657  0.0653  0.0652  0.0638  0.0634
niter,ni,del,rscale     2    3   12.0000    1.2000
parameters
   -0.7465   21.3348   16.8739  -11.3282   -2.0572   -6.1350
eta,q 0.94206 12.84752
  0.0698  0.0671  0.0612  0.0641  0.0643  0.0629
  0.0629  0.0621  0.0627  0.0614  0.0615  0.0606
  0.0593  0.0584  0.0604  0.0583  0.0588  0.0590
  0.0577  0.0577  0.0577  0.0580  0.0579  0.0579
  0.0598  0.0586  0.0572  0.0588  0.0583  0.0581
  0.0643  0.0622  0.0601  0.0606  0.0602  0.0602
  0.0699  0.0661  0.0649  0.0651  0.0643  0.0636
niter,ni,del,rscale     1    3   12.0000    1.2000
parameters
   -0.8224   21.3906   16.7559  -11.4065   -1.9531   -6.1640
eta,q 0.94194 12.83627
  0.0699  0.0672  0.0609  0.0642  0.0644  0.0631
  0.0630  0.0623  0.0627  0.0616  0.0616  0.0608
  0.0594  0.0586  0.0608  0.0586  0.0589  0.0592
  0.0579  0.0580  0.0580  0.0581  0.0581  0.0580
  0.0599  0.0588  0.0572  0.0589  0.0584  0.0582
  0.0643  0.0625  0.0599  0.0606  0.0604  0.0604
  0.0698  0.0664  0.0646  0.0652  0.0647  0.0638
registration optimization eta report
parameter search radius
    6.0000    6.0000    6.0000    7.9350    6.0000    6.9000
100000*second partial in parameter space
       32.       25.       12.       11.       18.       11.
  0.0699  0.0672  0.0609  0.0642  0.0644  0.0631
  0.0630  0.0623  0.0627  0.0616  0.0616  0.0608
  0.0594  0.0586  0.0608  0.0586  0.0589  0.0592
  0.0579  0.0580  0.0580  0.0581  0.0581  0.0580
  0.0599  0.0588  0.0572  0.0589  0.0584  0.0582
  0.0643  0.0625  0.0599  0.0606  0.0604  0.0604
  0.0698  0.0664  0.0646  0.0652  0.0647  0.0638
   -0.8224   21.3906   16.7559  -11.4065   -1.9531   -6.1640
eta,q 0.94194 12.83627

---------------------------------------------------------------------
imgreg_4dfp /opt/freesurfer/average/711-2C_as_mni_average_305 /opt/freesurfer/average/711-2B_as_mni_average_305_mask talsrcimg_g11 none talsrcimg_to_711-2C_as_mni_average_305_t4 3335
---------------------------------------------------------------------

freesurfer imgreg_4dfp.c
/opt/freesurfer/average/711-2C_as_mni_average_305.4dfp.img
       256       256       256         1
  1.000000  1.000000  1.000000
orientation T byte_order littleendian
Reading image: /opt/freesurfer/average/711-2C_as_mni_average_305.4dfp.img
dimensions:      256       256       256
mmppix:       1.0000   -1.0000   -1.0000
center:     128.0000 -129.0000 -129.0000
/opt/freesurfer/average/711-2B_as_mni_average_305_mask.4dfp.img
       256       256       256         1
  1.000000  1.000000  1.000000
orientation T byte_order littleendian
Reading mask: /opt/freesurfer/average/711-2B_as_mni_average_305_mask.4dfp.img (2306576 pixels)
talsrcimg_g11.4dfp.img
       256       256       256         1
  1.000000  1.000000  1.000000
orientation T byte_order littleendian
Reading image: talsrcimg_g11.4dfp.img
dimensions:      256       256       256
mmppix:       1.0000   -1.0000   -1.0000
center:     128.0000 -129.0000 -129.0000
fimgreg.f
image alignment mode   3335 decimal      D07 hex
parameters
   -0.8224   21.3906   16.7559   -0.6359   -2.4695   -2.0321
    9.8553    5.4450  -10.7312   19.3038   -3.4081  -19.7654
eta,q 0.94263 12.93725
niter,ni,del,rscale     5    3    5.0000    1.2000
parameter  4  1.544031 ->  0.500000 qaram    1.1500
parameter  5  2.392471 ->  0.500000 qaram    1.1500
parameter  6  0.883295 ->  0.500000 qaram    1.1500
parameter  9 -0.613660 -> -0.500000 qaram    1.1500
parameter 12 -2.050750 -> -0.500000 qaram    1.1500
parameters
   -0.6543   21.4452   17.6950   -4.7759   -6.6095   -6.1721
    8.9159    5.9352   -6.5912   17.8604   -3.5666  -15.6254
eta,q 0.95638 12.69617
  0.0603  0.0588  0.0589  0.0504  0.0451  0.0453  0.0475  0.0506  0.0496  0.0471  0.0460  0.0494
  0.0588  0.0581  0.0587  0.0511  0.0469  0.0459  0.0466  0.0483  0.0481  0.0462  0.0457  0.0480
  0.0577  0.0576  0.0580  0.0531  0.0490  0.0463  0.0462  0.0469  0.0469  0.0455  0.0455  0.0467
  0.0574  0.0574  0.0574  0.0570  0.0515  0.0474  0.0461  0.0461  0.0460  0.0453  0.0454  0.0454
  0.0576  0.0575  0.0570  0.0620  0.0544  0.0516  0.0464  0.0460  0.0454  0.0460  0.0453  0.0442
  0.0584  0.0579  0.0572  0.0667  0.0576  0.0554  0.0473  0.0472  0.0453  0.0476  0.0456  0.0434
  0.0595  0.0588  0.0578  0.0708  0.0613  0.0585  0.0485  0.0499  0.0456  0.0497  0.0463  0.0429
niter,ni,del,rscale     7    3    5.0000    1.2000
parameter  2  1.113294 ->  0.500000 qaram    1.1500
parameter  3  3.123036 ->  0.500000 qaram    1.1500
parameter  5  2.305762 ->  0.500000 qaram    1.3225
parameter  6  0.875826 ->  0.500000 qaram    1.3225
parameter 10  1.090298 ->  0.500000 qaram    1.1500
parameter 11  0.672001 ->  0.500000 qaram    1.1500
parameters
   -0.9735   20.0652   16.3150   -8.4977  -11.3705  -10.9331
    6.9394    4.8112   -7.7364   13.7204   -7.7066  -16.4714
eta,q 0.96738 12.16479
  0.0456  0.0417  0.0381  0.0395  0.0335  0.0336  0.0355  0.0362  0.0361  0.0327  0.0328  0.0336
  0.0442  0.0418  0.0388  0.0389  0.0352  0.0344  0.0349  0.0351  0.0351  0.0329  0.0326  0.0330
  0.0436  0.0425  0.0402  0.0386  0.0371  0.0352  0.0346  0.0346  0.0345  0.0335  0.0327  0.0327
  0.0436  0.0435  0.0420  0.0392  0.0387  0.0358  0.0347  0.0346  0.0345  0.0345  0.0330  0.0326
  0.0442  0.0449  0.0438  0.0413  0.0411  0.0387  0.0352  0.0351  0.0350  0.0356  0.0335  0.0329
  0.0453  0.0466  0.0456  0.0458  0.0439  0.0425  0.0361  0.0360  0.0360  0.0372  0.0342  0.0334
  0.0468  0.0484  0.0474  0.0515  0.0471  0.0458  0.0372  0.0379  0.0372  0.0392  0.0349  0.0341
niter,ni,del,rscale     7    3    5.0000    1.2000
parameter  2  1.765949 ->  0.500000 qaram    1.3225
parameter  3  1.841638 ->  0.500000 qaram    1.3225
parameter  5  0.696263 ->  0.500000 qaram    1.5209
parameters
   -1.3253   18.4782   14.7280   -7.4513  -16.8456  -11.8660
    7.6064    5.4194   -8.2841   13.7572   -7.3554  -17.6690
eta,q 0.97707 12.15444
  0.0343  0.0283  0.0248  0.0293  0.0244  0.0279  0.0255  0.0268  0.0254  0.0273  0.0244  0.0241
  0.0332  0.0291  0.0257  0.0279  0.0231  0.0258  0.0243  0.0248  0.0240  0.0250  0.0237  0.0233
  0.0327  0.0306  0.0272  0.0268  0.0232  0.0239  0.0235  0.0236  0.0232  0.0235  0.0232  0.0230
  0.0326  0.0326  0.0295  0.0260  0.0258  0.0229  0.0230  0.0230  0.0230  0.0230  0.0230  0.0230
  0.0331  0.0348  0.0322  0.0255  0.0288  0.0238  0.0231  0.0232  0.0234  0.0234  0.0231  0.0233
  0.0342  0.0373  0.0350  0.0259  0.0318  0.0260  0.0237  0.0241  0.0245  0.0249  0.0235  0.0240
  0.0358  0.0402  0.0378  0.0286  0.0354  0.0320  0.0248  0.0257  0.0261  0.0273  0.0242  0.0250
niter,ni,del,rscale     7    3    5.0000    1.2000
parameter  3  0.697919 ->  0.500000 qaram    1.5209
parameters
   -1.1686   17.9761   12.9029   -4.9231  -17.0275  -12.4059
    7.6807    5.7445   -8.3689   14.9440   -6.9544  -18.4843
eta,q 0.97921 12.27507
  0.0258  0.0264  0.0215  0.0258  0.0277  0.0262  0.0234  0.0255  0.0241  0.0262  0.0225  0.0220
  0.0243  0.0242  0.0215  0.0241  0.0247  0.0240  0.0221  0.0229  0.0223  0.0235  0.0215  0.0212
  0.0233  0.0229  0.0219  0.0227  0.0222  0.0222  0.0213  0.0214  0.0212  0.0218  0.0209  0.0208
  0.0229  0.0229  0.0228  0.0216  0.0206  0.0207  0.0209  0.0209  0.0209  0.0209  0.0208  0.0208
  0.0231  0.0241  0.0243  0.0206  0.0216  0.0197  0.0212  0.0211  0.0213  0.0209  0.0210  0.0211
  0.0238  0.0263  0.0268  0.0206  0.0251  0.0230  0.0220  0.0223  0.0225  0.0218  0.0214  0.0217
  0.0252  0.0296  0.0298  0.0231  0.0285  0.0305  0.0233  0.0248  0.0242  0.0239  0.0221  0.0225
niter,ni,del,rscale     7    3    5.0000    1.2000
parameters
   -1.3085   18.0238   11.9348   -5.2446  -16.8886  -12.9349
    7.8902    5.8152   -8.2560   15.3061   -6.3250  -19.0410
eta,q 0.97915 12.26219
  0.0235  0.0261  0.0223  0.0244  0.0280  0.0262  0.0234  0.0251  0.0242  0.0254  0.0223  0.0223
  0.0219  0.0233  0.0210  0.0230  0.0250  0.0240  0.0221  0.0226  0.0224  0.0230  0.0215  0.0213
  0.0210  0.0215  0.0205  0.0217  0.0224  0.0223  0.0213  0.0213  0.0213  0.0214  0.0210  0.0209
  0.0208  0.0208  0.0208  0.0205  0.0206  0.0206  0.0209  0.0209  0.0209  0.0209  0.0209  0.0209
  0.0212  0.0213  0.0217  0.0201  0.0213  0.0196  0.0211  0.0211  0.0212  0.0211  0.0209  0.0212
  0.0223  0.0230  0.0233  0.0223  0.0247  0.0227  0.0218  0.0223  0.0223  0.0224  0.0212  0.0218
  0.0242  0.0258  0.0259  0.0265  0.0280  0.0308  0.0232  0.0251  0.0240  0.0248  0.0219  0.0225
niter,ni,del,rscale     6    3    5.0000    1.2000
parameters
   -1.2911   18.0273   11.8182   -5.2219  -16.8828  -13.0582
    7.8980    5.7366   -8.2797   15.4307   -6.2519  -19.1245
eta,q 0.97909 12.26043
  0.0237  0.0261  0.0237  0.0247  0.0281  0.0267  0.0232  0.0249  0.0241  0.0252  0.0221  0.0225
  0.0221  0.0233  0.0220  0.0233  0.0251  0.0244  0.0220  0.0226  0.0224  0.0228  0.0214  0.0215
  0.0212  0.0215  0.0211  0.0220  0.0225  0.0226  0.0212  0.0214  0.0213  0.0214  0.0210  0.0210
  0.0209  0.0209  0.0209  0.0208  0.0208  0.0208  0.0209  0.0209  0.0209  0.0209  0.0209  0.0209
  0.0211  0.0215  0.0213  0.0203  0.0217  0.0196  0.0211  0.0211  0.0213  0.0213  0.0210  0.0212
  0.0221  0.0232  0.0223  0.0220  0.0250  0.0219  0.0219  0.0225  0.0224  0.0226  0.0213  0.0217
  0.0237  0.0261  0.0240  0.0260  0.0284  0.0299  0.0233  0.0254  0.0241  0.0250  0.0221  0.0225
niter,ni,del,rscale     5    3    5.0000    1.2000
parameters
   -1.2925   18.0416   11.7923   -5.2059  -16.8932  -13.0817
    7.8942    5.7364   -8.2808   15.4613   -6.2563  -19.1503
eta,q 0.97909 12.26029
  0.0237  0.0261  0.0239  0.0247  0.0281  0.0267  0.0233  0.0250  0.0241  0.0251  0.0221  0.0226
  0.0222  0.0234  0.0221  0.0233  0.0251  0.0245  0.0220  0.0227  0.0224  0.0227  0.0214  0.0215
  0.0212  0.0215  0.0212  0.0221  0.0226  0.0226  0.0212  0.0214  0.0213  0.0214  0.0210  0.0210
  0.0209  0.0209  0.0209  0.0209  0.0209  0.0209  0.0209  0.0209  0.0209  0.0209  0.0209  0.0209
  0.0212  0.0215  0.0213  0.0204  0.0217  0.0196  0.0211  0.0211  0.0213  0.0213  0.0210  0.0212
  0.0221  0.0233  0.0223  0.0221  0.0251  0.0217  0.0220  0.0224  0.0224  0.0226  0.0214  0.0217
  0.0238  0.0261  0.0239  0.0261  0.0285  0.0297  0.0233  0.0253  0.0241  0.0251  0.0221  0.0224
registration optimization eta report
parameter search radius
    2.4000    3.1740    3.6501    8.2800   10.9503    9.5220
    7.2000    7.2000    8.2800    8.2800    8.2800    8.2800
100000*second partial in parameter space
       50.       51.       23.        7.        6.        9.
        5.        8.        5.        6.        2.        2.
  0.0237  0.0261  0.0239  0.0247  0.0281  0.0267  0.0233  0.0250  0.0241  0.0251  0.0221  0.0226
  0.0222  0.0234  0.0221  0.0233  0.0251  0.0245  0.0220  0.0227  0.0224  0.0227  0.0214  0.0215
  0.0212  0.0215  0.0212  0.0221  0.0226  0.0226  0.0212  0.0214  0.0213  0.0214  0.0210  0.0210
  0.0209  0.0209  0.0209  0.0209  0.0209  0.0209  0.0209  0.0209  0.0209  0.0209  0.0209  0.0209
  0.0212  0.0215  0.0213  0.0204  0.0217  0.0196  0.0211  0.0211  0.0213  0.0213  0.0210  0.0212
  0.0221  0.0233  0.0223  0.0221  0.0251  0.0217  0.0220  0.0224  0.0224  0.0226  0.0214  0.0217
  0.0238  0.0261  0.0239  0.0261  0.0285  0.0297  0.0233  0.0253  0.0241  0.0251  0.0221  0.0224
   -1.2925   18.0416   11.7923   -5.2059  -16.8932  -13.0817
    7.8942    5.7364   -8.2808   15.4613   -6.2563  -19.1503
eta,q 0.97909 12.26029

---------------------------------------------------------------------
imgreg_4dfp /opt/freesurfer/average/711-2C_as_mni_average_305 /opt/freesurfer/average/711-2B_as_mni_average_305_mask talsrcimg_g11 none talsrcimg_to_711-2C_as_mni_average_305_t4 2311
---------------------------------------------------------------------

freesurfer imgreg_4dfp.c
/opt/freesurfer/average/711-2C_as_mni_average_305.4dfp.img
       256       256       256         1
  1.000000  1.000000  1.000000
orientation T byte_order littleendian
Reading image: /opt/freesurfer/average/711-2C_as_mni_average_305.4dfp.img
dimensions:      256       256       256
mmppix:       1.0000   -1.0000   -1.0000
center:     128.0000 -129.0000 -129.0000
/opt/freesurfer/average/711-2B_as_mni_average_305_mask.4dfp.img
       256       256       256         1
  1.000000  1.000000  1.000000
orientation T byte_order littleendian
Reading mask: /opt/freesurfer/average/711-2B_as_mni_average_305_mask.4dfp.img (2306576 pixels)
talsrcimg_g11.4dfp.img
       256       256       256         1
  1.000000  1.000000  1.000000
orientation T byte_order littleendian
Reading image: talsrcimg_g11.4dfp.img
dimensions:      256       256       256
mmppix:       1.0000   -1.0000   -1.0000
center:     128.0000 -129.0000 -129.0000
fimgreg.f
image alignment mode   2311 decimal      907 hex
parameters
   -1.2925   18.0416   11.7923   -5.2059  -16.8932  -13.0817
    7.8942    5.7364   -8.2808   15.4613   -6.2563  -19.1503
eta,q 0.97909 12.26029
niter,ni,del,rscale     5    3    5.0000    0.8000
parameter  6 -0.569324 -> -0.500000 qaram    1.1500
parameters
   -1.2825   18.0504   11.6987   -3.3496  -16.6059  -10.3217
    7.6127    5.5832   -8.0947   15.0603   -6.5617  -19.5643
eta,q 0.98066 12.38097
  0.0222  0.0223  0.0214  0.0230  0.0227  0.0231  0.0207  0.0230  0.0210  0.0213  0.0205  0.0201
  0.0215  0.0215  0.0211  0.0223  0.0217  0.0222  0.0199  0.0211  0.0201  0.0202  0.0198  0.0196
  0.0211  0.0211  0.0210  0.0216  0.0209  0.0213  0.0195  0.0198  0.0196  0.0195  0.0194  0.0194
  0.0209  0.0209  0.0209  0.0209  0.0204  0.0203  0.0194  0.0194  0.0194  0.0194  0.0193  0.0193
  0.0210  0.0211  0.0210  0.0204  0.0204  0.0195  0.0196  0.0199  0.0195  0.0198  0.0196  0.0195
  0.0214  0.0215  0.0212  0.0205  0.0211  0.0194  0.0201  0.0213  0.0199  0.0207  0.0200  0.0199
  0.0221  0.0223  0.0215  0.0214  0.0225  0.0204  0.0211  0.0236  0.0207  0.0221  0.0208  0.0204
niter,ni,del,rscale     5    3    5.0000    0.8000
parameters
   -1.4138   18.0112   12.2602   -4.2982  -16.7934  -10.9613
    7.8431    5.6426   -8.3091   15.5395   -6.6655  -19.3370
eta,q 0.98054 12.36310
  0.0210  0.0209  0.0214  0.0209  0.0214  0.0223  0.0209  0.0223  0.0207  0.0217  0.0203  0.0203
  0.0200  0.0200  0.0204  0.0201  0.0204  0.0212  0.0202  0.0208  0.0200  0.0206  0.0199  0.0198
  0.0195  0.0195  0.0197  0.0194  0.0197  0.0201  0.0197  0.0199  0.0196  0.0199  0.0196  0.0196
  0.0193  0.0193  0.0193  0.0192  0.0193  0.0193  0.0195  0.0195  0.0195  0.0195  0.0195  0.0195
  0.0197  0.0195  0.0192  0.0197  0.0195  0.0194  0.0196  0.0197  0.0197  0.0195  0.0196  0.0195
  0.0205  0.0201  0.0193  0.0213  0.0205  0.0214  0.0200  0.0206  0.0201  0.0200  0.0199  0.0198
  0.0217  0.0211  0.0197  0.0238  0.0221  0.0259  0.0207  0.0223  0.0209  0.0211  0.0204  0.0201
niter,ni,del,rscale     4    3    5.0000    0.7000
parameters
   -1.3932   18.0337   12.0983   -4.0745  -16.6277  -10.9160
    7.8741    5.7246   -8.2703   15.4981   -6.7195  -19.3739
eta,q 0.98065 12.37318
  0.0208  0.0207  0.0201  0.0213  0.0213  0.0221  0.0204  0.0218  0.0204  0.0209  0.0201  0.0200
  0.0201  0.0200  0.0197  0.0206  0.0205  0.0212  0.0198  0.0206  0.0198  0.0201  0.0197  0.0196
  0.0196  0.0196  0.0195  0.0199  0.0198  0.0202  0.0195  0.0197  0.0195  0.0196  0.0194  0.0194
  0.0195  0.0195  0.0195  0.0194  0.0194  0.0194  0.0194  0.0194  0.0194  0.0194  0.0194  0.0194
  0.0196  0.0196  0.0196  0.0193  0.0194  0.0192  0.0194  0.0195  0.0195  0.0195  0.0195  0.0194
  0.0200  0.0200  0.0199  0.0199  0.0201  0.0203  0.0198  0.0203  0.0198  0.0201  0.0197  0.0196
  0.0207  0.0206  0.0204  0.0213  0.0212  0.0229  0.0204  0.0217  0.0204  0.0210  0.0202  0.0200
niter,ni,del,rscale     3    3    5.0000    0.6000
parameters
   -1.3947   18.0192   12.1174   -3.9361  -16.5541  -10.6368
    7.8441    5.7423   -8.2348   15.4296   -6.7593  -19.3961
eta,q 0.98076 12.38258
  0.0204  0.0202  0.0200  0.0208  0.0208  0.0217  0.0200  0.0211  0.0200  0.0204  0.0199  0.0197
  0.0198  0.0197  0.0196  0.0202  0.0201  0.0209  0.0196  0.0202  0.0196  0.0198  0.0195  0.0195
  0.0195  0.0194  0.0194  0.0197  0.0196  0.0200  0.0193  0.0195  0.0193  0.0194  0.0193  0.0193
  0.0194  0.0194  0.0194  0.0194  0.0193  0.0193  0.0192  0.0192  0.0192  0.0192  0.0192  0.0192
  0.0195  0.0195  0.0194  0.0193  0.0194  0.0192  0.0193  0.0194  0.0193  0.0194  0.0193  0.0193
  0.0198  0.0198  0.0196  0.0198  0.0199  0.0199  0.0196  0.0201  0.0196  0.0198  0.0195  0.0195
  0.0204  0.0203  0.0199  0.0209  0.0208  0.0216  0.0200  0.0212  0.0200  0.0205  0.0199  0.0197
niter,ni,del,rscale     2    3    5.0000    0.5000
parameters
   -1.3954   18.0131   12.1896   -3.8643  -16.5238  -10.3755
    7.8322    5.7656   -8.2130   15.3679   -6.7947  -19.3846
eta,q 0.98083 12.38868
  0.0200  0.0199  0.0197  0.0203  0.0203  0.0211  0.0197  0.0206  0.0197  0.0200  0.0196  0.0195
  0.0196  0.0195  0.0195  0.0199  0.0198  0.0204  0.0194  0.0198  0.0194  0.0196  0.0194  0.0193
  0.0193  0.0193  0.0193  0.0195  0.0194  0.0197  0.0192  0.0194  0.0192  0.0193  0.0192  0.0192
  0.0192  0.0192  0.0192  0.0192  0.0192  0.0192  0.0192  0.0192  0.0192  0.0192  0.0192  0.0192
  0.0193  0.0193  0.0193  0.0192  0.0193  0.0192  0.0192  0.0193  0.0192  0.0193  0.0192  0.0192
  0.0196  0.0195  0.0194  0.0196  0.0197  0.0197  0.0194  0.0198  0.0194  0.0196  0.0194  0.0193
  0.0200  0.0199  0.0196  0.0204  0.0203  0.0209  0.0197  0.0206  0.0197  0.0201  0.0197  0.0195
niter,ni,del,rscale     1    3    5.0000    0.4000
parameters
   -1.3882   18.0137   12.2632   -3.8107  -16.4985  -10.1635
    7.8215    5.7867   -8.1981   15.3178   -6.8040  -19.3515
eta,q 0.98088 12.39290
  0.0197  0.0196  0.0195  0.0199  0.0198  0.0205  0.0195  0.0201  0.0195  0.0197  0.0194  0.0194
  0.0194  0.0194  0.0193  0.0196  0.0195  0.0200  0.0193  0.0196  0.0193  0.0194  0.0193  0.0192
  0.0192  0.0192  0.0192  0.0193  0.0193  0.0195  0.0192  0.0193  0.0192  0.0192  0.0192  0.0191
  0.0192  0.0192  0.0192  0.0192  0.0192  0.0192  0.0191  0.0191  0.0191  0.0191  0.0191  0.0191
  0.0192  0.0192  0.0192  0.0192  0.0192  0.0191  0.0192  0.0192  0.0192  0.0192  0.0192  0.0191
  0.0194  0.0194  0.0193  0.0194  0.0194  0.0195  0.0193  0.0195  0.0193  0.0194  0.0193  0.0192
  0.0196  0.0196  0.0194  0.0200  0.0199  0.0203  0.0195  0.0201  0.0195  0.0197  0.0194  0.0193
registration optimization eta report
parameter search radius
    0.8000    0.8000    0.8000    2.4000    2.4000    2.7600
    2.4000    2.4000    2.4000    2.4000    2.4000    2.4000
100000*second partial in parameter space
       75.       65.       47.       13.       12.       17.
        6.       16.        6.       10.        6.        4.
  0.0197  0.0196  0.0195  0.0199  0.0198  0.0205  0.0195  0.0201  0.0195  0.0197  0.0194  0.0194
  0.0194  0.0194  0.0193  0.0196  0.0195  0.0200  0.0193  0.0196  0.0193  0.0194  0.0193  0.0192
  0.0192  0.0192  0.0192  0.0193  0.0193  0.0195  0.0192  0.0193  0.0192  0.0192  0.0192  0.0191
  0.0192  0.0192  0.0192  0.0192  0.0192  0.0192  0.0191  0.0191  0.0191  0.0191  0.0191  0.0191
  0.0192  0.0192  0.0192  0.0192  0.0192  0.0191  0.0192  0.0192  0.0192  0.0192  0.0192  0.0191
  0.0194  0.0194  0.0193  0.0194  0.0194  0.0195  0.0193  0.0195  0.0193  0.0194  0.0193  0.0192
  0.0196  0.0196  0.0194  0.0200  0.0199  0.0203  0.0195  0.0201  0.0195  0.0197  0.0194  0.0193
   -1.3882   18.0137   12.2632   -3.8107  -16.4985  -10.1635
    7.8215    5.7867   -8.1981   15.3178   -6.8040  -19.3515
eta,q 0.98088 12.39290

---------------------------------------------------------------------
imgreg_4dfp /opt/freesurfer/average/711-2C_as_mni_average_305 /opt/freesurfer/average/711-2B_as_mni_average_305_mask talsrcimg_g11 none talsrcimg_to_711-2C_as_mni_average_305_t4 2311
---------------------------------------------------------------------

freesurfer imgreg_4dfp.c
/opt/freesurfer/average/711-2C_as_mni_average_305.4dfp.img
       256       256       256         1
  1.000000  1.000000  1.000000
orientation T byte_order littleendian
Reading image: /opt/freesurfer/average/711-2C_as_mni_average_305.4dfp.img
dimensions:      256       256       256
mmppix:       1.0000   -1.0000   -1.0000
center:     128.0000 -129.0000 -129.0000
/opt/freesurfer/average/711-2B_as_mni_average_305_mask.4dfp.img
       256       256       256         1
  1.000000  1.000000  1.000000
orientation T byte_order littleendian
Reading mask: /opt/freesurfer/average/711-2B_as_mni_average_305_mask.4dfp.img (2306576 pixels)
talsrcimg_g11.4dfp.img
       256       256       256         1
  1.000000  1.000000  1.000000
orientation T byte_order littleendian
Reading image: talsrcimg_g11.4dfp.img
dimensions:      256       256       256
mmppix:       1.0000   -1.0000   -1.0000
center:     128.0000 -129.0000 -129.0000
fimgreg.f
image alignment mode   2311 decimal      907 hex
parameters
   -1.3882   18.0137   12.2632   -3.8107  -16.4985  -10.1635
    7.8215    5.7867   -8.1981   15.3178   -6.8040  -19.3515
eta,q 0.98088 12.39290
niter,ni,del,rscale     5    3    5.0000    0.8000
parameters
   -1.3878   18.0087   12.3201   -4.4862  -16.7739  -10.6360
    7.9028    5.6931   -8.2682   15.3985   -6.7456  -19.2942
eta,q 0.98062 12.36376
  0.0211  0.0208  0.0205  0.0210  0.0213  0.0218  0.0207  0.0221  0.0206  0.0214  0.0203  0.0202
  0.0200  0.0199  0.0197  0.0202  0.0203  0.0209  0.0200  0.0207  0.0199  0.0204  0.0198  0.0197
  0.0193  0.0193  0.0193  0.0195  0.0196  0.0199  0.0196  0.0198  0.0195  0.0197  0.0195  0.0195
  0.0191  0.0191  0.0191  0.0191  0.0192  0.0192  0.0194  0.0194  0.0194  0.0194  0.0194  0.0194
  0.0193  0.0193  0.0192  0.0195  0.0195  0.0194  0.0195  0.0196  0.0195  0.0195  0.0195  0.0195
  0.0200  0.0199  0.0196  0.0208  0.0205  0.0209  0.0199  0.0207  0.0200  0.0202  0.0198  0.0197
  0.0211  0.0208  0.0203  0.0232  0.0221  0.0243  0.0206  0.0225  0.0207  0.0214  0.0203  0.0201
niter,ni,del,rscale     4    3    5.0000    0.7000
parameters
   -1.3810   18.0176   12.1742   -4.1709  -16.6591  -10.5586
    7.8687    5.7127   -8.2437   15.3656   -6.7482  -19.3775
eta,q 0.98073 12.37516
  0.0207  0.0206  0.0200  0.0213  0.0212  0.0216  0.0203  0.0217  0.0203  0.0209  0.0201  0.0199
  0.0200  0.0199  0.0196  0.0206  0.0203  0.0208  0.0197  0.0205  0.0197  0.0200  0.0196  0.0195
  0.0195  0.0195  0.0194  0.0199  0.0197  0.0199  0.0194  0.0196  0.0194  0.0195  0.0194  0.0193
  0.0194  0.0194  0.0194  0.0194  0.0193  0.0193  0.0193  0.0193  0.0193  0.0193  0.0193  0.0193
  0.0195  0.0195  0.0195  0.0192  0.0194  0.0192  0.0194  0.0195  0.0194  0.0194  0.0194  0.0194
  0.0199  0.0199  0.0199  0.0198  0.0200  0.0201  0.0197  0.0203  0.0197  0.0200  0.0196  0.0196
  0.0207  0.0206  0.0203  0.0211  0.0212  0.0221  0.0203  0.0218  0.0203  0.0210  0.0201  0.0199
niter,ni,del,rscale     3    3    5.0000    0.6000
parameters
   -1.3868   18.0148   12.1971   -4.0342  -16.6025  -10.3496
    7.8482    5.7282   -8.2282   15.3420   -6.7722  -19.4060
eta,q 0.98081 12.38317
  0.0203  0.0202  0.0199  0.0207  0.0207  0.0212  0.0199  0.0211  0.0200  0.0204  0.0198  0.0197
  0.0197  0.0197  0.0196  0.0201  0.0200  0.0205  0.0195  0.0201  0.0195  0.0198  0.0195  0.0194
  0.0194  0.0194  0.0193  0.0196  0.0195  0.0197  0.0193  0.0195  0.0193  0.0193  0.0193  0.0192
  0.0193  0.0193  0.0193  0.0193  0.0192  0.0192  0.0192  0.0192  0.0192  0.0192  0.0192  0.0192
  0.0194  0.0194  0.0193  0.0192  0.0193  0.0192  0.0193  0.0194  0.0193  0.0193  0.0193  0.0192
  0.0197  0.0197  0.0195  0.0197  0.0198  0.0198  0.0195  0.0200  0.0195  0.0197  0.0195  0.0194
  0.0203  0.0202  0.0199  0.0208  0.0207  0.0212  0.0200  0.0212  0.0200  0.0205  0.0199  0.0197
niter,ni,del,rscale     2    3    5.0000    0.5000
parameters
   -1.3875   18.0164   12.2573   -3.9424  -16.5629  -10.1685
    7.8387    5.7540   -8.2192   15.3073   -6.7836  -19.3823
eta,q 0.98087 12.38859
  0.0199  0.0198  0.0197  0.0203  0.0202  0.0207  0.0197  0.0206  0.0197  0.0200  0.0196  0.0195
  0.0195  0.0195  0.0194  0.0198  0.0197  0.0201  0.0194  0.0198  0.0194  0.0195  0.0194  0.0193
  0.0193  0.0193  0.0193  0.0194  0.0194  0.0195  0.0192  0.0193  0.0192  0.0192  0.0192  0.0192
  0.0192  0.0192  0.0192  0.0192  0.0192  0.0192  0.0191  0.0191  0.0191  0.0191  0.0191  0.0191
  0.0193  0.0193  0.0192  0.0192  0.0192  0.0192  0.0192  0.0193  0.0192  0.0192  0.0192  0.0192
  0.0195  0.0195  0.0194  0.0196  0.0196  0.0196  0.0194  0.0197  0.0194  0.0195  0.0194  0.0193
  0.0199  0.0198  0.0196  0.0203  0.0203  0.0206  0.0197  0.0206  0.0197  0.0201  0.0196  0.0195
niter,ni,del,rscale     1    3    5.0000    0.4000
parameters
   -1.3840   18.0138   12.3133   -3.8711  -16.5240  -10.0214
    7.8322    5.7696   -8.2158   15.2676   -6.8032  -19.3696
eta,q 0.98090 12.39247
  0.0196  0.0195  0.0195  0.0199  0.0198  0.0202  0.0194  0.0200  0.0195  0.0197  0.0194  0.0193
  0.0194  0.0193  0.0193  0.0195  0.0195  0.0197  0.0193  0.0196  0.0193  0.0194  0.0193  0.0192
  0.0192  0.0192  0.0192  0.0193  0.0192  0.0194  0.0191  0.0192  0.0191  0.0192  0.0191  0.0191
  0.0191  0.0191  0.0191  0.0191  0.0191  0.0191  0.0191  0.0191  0.0191  0.0191  0.0191  0.0191
  0.0192  0.0192  0.0192  0.0191  0.0192  0.0191  0.0191  0.0192  0.0191  0.0192  0.0191  0.0191
  0.0193  0.0193  0.0192  0.0194  0.0194  0.0194  0.0193  0.0195  0.0193  0.0194  0.0193  0.0192
  0.0196  0.0196  0.0194  0.0199  0.0198  0.0201  0.0195  0.0201  0.0195  0.0197  0.0194  0.0193
registration optimization eta report
parameter search radius
    0.8000    0.8000    0.8000    2.4000    2.4000    2.4000
    2.4000    2.4000    2.4000    2.4000    2.4000    2.4000
100000*second partial in parameter space
       75.       65.       48.       13.       12.       18.
        6.       16.        6.       10.        6.        4.
  0.0196  0.0195  0.0195  0.0199  0.0198  0.0202  0.0194  0.0200  0.0195  0.0197  0.0194  0.0193
  0.0194  0.0193  0.0193  0.0195  0.0195  0.0197  0.0193  0.0196  0.0193  0.0194  0.0193  0.0192
  0.0192  0.0192  0.0192  0.0193  0.0192  0.0194  0.0191  0.0192  0.0191  0.0192  0.0191  0.0191
  0.0191  0.0191  0.0191  0.0191  0.0191  0.0191  0.0191  0.0191  0.0191  0.0191  0.0191  0.0191
  0.0192  0.0192  0.0192  0.0191  0.0192  0.0191  0.0191  0.0192  0.0191  0.0192  0.0191  0.0191
  0.0193  0.0193  0.0192  0.0194  0.0194  0.0194  0.0193  0.0195  0.0193  0.0194  0.0193  0.0192
  0.0196  0.0196  0.0194  0.0199  0.0198  0.0201  0.0195  0.0201  0.0195  0.0197  0.0194  0.0193
   -1.3840   18.0138   12.3133   -3.8711  -16.5240  -10.0214
    7.8322    5.7696   -8.2158   15.2676   -6.8032  -19.3696
eta,q 0.98090 12.39247

---------------------------------------------------------------------
compute_vox2vox talsrcimg talsrcimg_to_711-2C_as_mni_average_305_t4 /opt/freesurfer/average/711-2C_as_mni_average_305
---------------------------------------------------------------------

freesurfer compute_vox2vox.c
Reading: talsrcimg.4dfp.ifh
Reading: talsrcimg_to_711-2C_as_mni_average_305_t4
Reading: /opt/freesurfer/average/711-2C_as_mni_average_305.4dfp.ifh
Writing: talsrcimg_to_711-2C_as_mni_average_305_t4_vox2vox.txt

start time Sat Mar 7 04:18:56 CET 2026
end		time Sat Mar 7 04:19:10 CET 2026

mpr2mni305 success

avi2talxfm orig_nu.mgz /opt/freesurfer/average/mni305.cor.mgz talsrcimg_to_711-2C_as_mni_average_305_t4_vox2vox.txt transforms/talairach.auto.xfm
avi2talxfm done
mv -f /out/sourcedata/freesurfer/sub-v1s18x0051278_ses-1/mri/talsrcimg_to_711-2C_as_mni_average_305_t4_vox2vox.txt /out/sourcedata/freesurfer/sub-v1s18x0051278_ses-1/mri/transforms/talsrcimg_to_711-2C_as_mni_average_305_t4_vox2vox.txt
lta_convert --src orig_nu.mgz --trg /opt/freesurfer/average/mni305.cor.mgz --inxfm transforms/talairach.auto.xfm --outlta transforms/talairach.auto.xfm.lta --subject fsaverage
7.3.2

--src: orig_nu.mgz src image (geometry).
--trg: /opt/freesurfer/average/mni305.cor.mgz trg image (geometry).
--inmni: transforms/talairach.auto.xfm input MNI/XFM transform.
--outlta: transforms/talairach.auto.xfm.lta output LTA.
--s: fsaverage subject name
 LTA read, type : 1
 1.02771  -0.04766  -0.10748  -2.08287;
 0.09571   1.06484   0.23810  -20.44904;
 0.08364  -0.19945   1.14382  -4.19719;
 0.00000   0.00000   0.00000   1.00000;
setting subject to fsaverage
Writing  LTA to file transforms/talairach.auto.xfm.lta...
lta_convert successful.
 
 
Started at Sat Mar 7 04:18:55 CET 2026
Ended   at Sat Mar  7 04:19:10 CET 2026
talairach_avi done
