/out/sourcedata/freesurfer/sub-v1s1x0050648_ses-1/mri
/opt/freesurfer/bin/talairach_avi
--i orig_nu.mgz --xfm transforms/talairach.auto.xfm
talairach_avi 7.3.2
Linux dna080 5.14.0-427.37.1.el9_4.x86_64 #1 SMP PREEMPT_DYNAMIC Fri Sep 13 12:41:50 EDT 2024 x86_64 x86_64 x86_64 GNU/Linux
Sat Mar  7 06:01:21 CET 2026
mri_convert orig_nu.mgz talsrcimg.img 
reading from orig_nu.mgz...
TR=0.00, TE=0.00, TI=0.00, flip angle=0.00
i_ras = (-1, 0, 0)
j_ras = (0, 0, -1)
k_ras = (0, 1, 0)
writing to talsrcimg.img...
Analyze Output Matrix
-1.00000   0.00000   0.00000   134.00000;
 0.00000   0.00000   1.00000  -143.00000;
 0.00000  -1.00000   0.00000   133.00000;
 0.00000   0.00000   0.00000   1.00000;
--------------------
INFO: set hdr.hist.orient to -1
mpr2mni305 talsrcimg
Sat Mar  7 06:01:21 CET 2026
/opt/freesurfer/bin/mpr2mni305 talsrcimg
mpr2mni305 7.3.2
target=711-2C_as_mni_average_305

---------------------------------------------------------------------
analyzeto4dfp talsrcimg -O0 -y
---------------------------------------------------------------------

freesurfer ifh2hdr.c
Sat Mar  7 06:01:22 2026
Writing: talsrcimg.4dfp.hdr
freesurfer analyzeto4dfp.c
Reading: talsrcimg.hdr
header size 348 bytes
hdr.dime.datatype	offset=70	value=2
hdr.dime.bitpix		offset=72	value=8
hdr.hist.orient		offset=252	value=-1
dimensionality     4
dimensions       256       256       256         1
Reading: talsrcimg.img
Writing: talsrcimg.4dfp.img
Writing: talsrcimg.4dfp.ifh
ifh2hdr talsrcimg -r0to241
ori=2

---------------------------------------------------------------------
gauss_4dfp talsrcimg 1.1
---------------------------------------------------------------------

freesurfer gauss_4dfp.c
Reading: talsrcimg.4dfp.img
Writing: talsrcimg_g11.4dfp.img
image dimensions 256 256 256 padded to 288 288 288
processing volume 1freesurfer ifh2hdr.c
Sat Mar  7 06:01:23 2026
Writing: talsrcimg_g11.4dfp.hdr

Writing: talsrcimg_g11.4dfp.ifh
including: talsrcimg.4dfp.img.rec in talsrcimg_g11.4dfp.img.rec

---------------------------------------------------------------------
imgreg_4dfp /opt/freesurfer/average/711-2C_as_mni_average_305 none talsrcimg_g11 none talsrcimg_to_711-2C_as_mni_average_305_t4 4355
---------------------------------------------------------------------

freesurfer imgreg_4dfp.c
/opt/freesurfer/average/711-2C_as_mni_average_305.4dfp.img
       256       256       256         1
  1.000000  1.000000  1.000000
orientation T byte_order littleendian
Reading image: /opt/freesurfer/average/711-2C_as_mni_average_305.4dfp.img
dimensions:      256       256       256
mmppix:       1.0000   -1.0000   -1.0000
center:     128.0000 -129.0000 -129.0000
talsrcimg_g11.4dfp.img
       256       256       256         1
  1.000000  1.000000  1.000000
orientation T byte_order littleendian
Reading image: talsrcimg_g11.4dfp.img
dimensions:      256       256       256
mmppix:       1.0000   -1.0000   -1.0000
center:     128.0000 -129.0000 -129.0000
t4_read: open error in t4_sub.f l:  41 t4_file(1:l)talsrcimg_to_711-2C_as_mni_average_305_t4 
t4_read: transform initialized to I4
rotation matrix determinant  1.000000
image alignment mode   4355 decimal     1103 hex
   -7.5000  -45.0000  -45.0000 6314.4580   15.5591
    0.0000  -45.0000  -45.0000 6628.3003   15.5859
    7.5000  -45.0000  -45.0000 6336.4624   15.5544
   -7.5000  -37.5000  -45.0000 6884.2446   15.2889
    0.0000  -37.5000  -45.0000 7213.4399   15.3156
    7.5000  -37.5000  -45.0000 6894.2666   15.2914
   -7.5000  -30.0000  -45.0000 7730.1641   15.1809
    0.0000  -30.0000  -45.0000 8094.3896   15.2080
    7.5000  -30.0000  -45.0000 7737.8096   15.1867
   -7.5000  -22.5000  -45.0000 8591.0664   15.1932
    0.0000  -22.5000  -45.0000 8987.1631   15.2205
    7.5000  -22.5000  -45.0000 8584.8418   15.1947
   -7.5000  -15.0000  -45.0000 9464.5684   15.2203
    0.0000  -15.0000  -45.0000 9873.7217   15.2471
    7.5000  -15.0000  -45.0000 9446.3467   15.2150
   -7.5000   -7.5000  -45.000010283.2510   15.2354
    0.0000   -7.5000  -45.000010690.9033   15.2619
    7.5000   -7.5000  -45.000010274.9629   15.2280
   -7.5000    0.0000  -45.000010958.8301   15.2251
    0.0000    0.0000  -45.000011393.0996   15.2514
    7.5000    0.0000  -45.000010938.4004   15.2212
   -7.5000    7.5000  -45.000010821.5576   15.1978
    0.0000    7.5000  -45.000011264.6045   15.2242
    7.5000    7.5000  -45.000010775.0127   15.2002
   -7.5000   15.0000  -45.000010650.7217   15.1809
    0.0000   15.0000  -45.000011107.2803   15.2080
    7.5000   15.0000  -45.000010606.8428   15.1867
   -7.5000   22.5000  -45.000010347.8066   15.1911
    0.0000   22.5000  -45.000010772.5684   15.2184
    7.5000   22.5000  -45.000010313.7666   15.1927
   -7.5000   30.0000  -45.0000 9895.5283   15.0174
    0.0000   30.0000  -45.000010262.2578   15.0439
    7.5000   30.0000  -45.0000 9846.9766   15.0123
   -7.5000   37.5000  -45.0000 9843.7803   15.0324
    0.0000   37.5000  -45.000010153.9082   15.0585
    7.5000   37.5000  -45.0000 9754.3564   15.0250
   -7.5000   45.0000  -45.0000 9279.8438   14.6408
    0.0000   45.0000  -45.0000 9549.8965   14.6660
    7.5000   45.0000  -45.0000 9179.3047   14.6370
   -7.5000  -45.0000  -37.5000 6708.3281   15.4678
    0.0000  -45.0000  -37.5000 7028.9092   15.4947
    7.5000  -45.0000  -37.5000 6730.7427   15.4617
   -7.5000  -37.5000  -37.5000 7334.0459   15.2049
    0.0000  -37.5000  -37.5000 7669.1392   15.2396
    7.5000  -37.5000  -37.5000 7338.0894   15.2151
   -7.5000  -30.0000  -37.5000 8252.8887   15.1068
    0.0000  -30.0000  -37.5000 8620.8057   15.1464
    7.5000  -30.0000  -37.5000 8236.5225   15.1249
   -7.5000  -22.5000  -37.5000 9194.3662   15.1217
    0.0000  -22.5000  -37.5000 9588.0684   15.1583
    7.5000  -22.5000  -37.5000 9158.4287   15.1315
   -7.5000  -15.0000  -37.500010103.4424   15.1436
    0.0000  -15.0000  -37.500010525.0723   15.1727
    7.5000  -15.0000  -37.500010050.3594   15.1386
   -7.5000   -7.5000  -37.500010998.6094   15.1517
    0.0000   -7.5000  -37.500011434.7461   15.1761
    7.5000   -7.5000  -37.500010931.8789   15.1399
   -7.5000    0.0000  -37.500011682.6562   15.1387
    0.0000    0.0000  -37.500012174.2627   15.1652
    7.5000    0.0000  -37.500011607.4844   15.1335
   -7.5000    7.5000  -37.500011520.6318   15.1156
    0.0000    7.5000  -37.500012042.2510   15.1499
    7.5000    7.5000  -37.500011428.2646   15.1257
   -7.5000   15.0000  -37.500011281.4043   15.1067
    0.0000   15.0000  -37.500011784.7822   15.1464
    7.5000   15.0000  -37.500011207.6172   15.1249
   -7.5000   22.5000  -37.500010960.3398   15.1197
    0.0000   22.5000  -37.500011388.7705   15.1562
    7.5000   22.5000  -37.500010877.2451   15.1294
   -7.5000   30.0000  -37.500010472.4189   14.9418
    0.0000   30.0000  -37.500010846.3555   14.9705
    7.5000   30.0000  -37.500010382.4639   14.9369
   -7.5000   37.5000  -37.500010412.5381   14.9498
    0.0000   37.5000  -37.500010745.7148   14.9739
    7.5000   37.5000  -37.500010289.8750   14.9381
   -7.5000   45.0000  -37.5000 9805.5020   14.5576
    0.0000   45.0000  -37.500010109.7744   14.5831
    7.5000   45.0000  -37.5000 9673.8037   14.5527
   -7.5000  -45.0000  -30.0000 7278.4927   16.0785
    0.0000  -45.0000  -30.0000 7601.2427   16.1113
    7.5000  -45.0000  -30.0000 7290.3286   16.0839
   -7.5000  -37.5000  -30.0000 7950.5674   15.8173
    0.0000  -37.5000  -30.0000 8288.4443   15.8649
    7.5000  -37.5000  -30.0000 7939.5977   15.8452
   -7.5000  -30.0000  -30.0000 8954.3320   15.7225
    0.0000  -30.0000  -30.0000 9326.3545   15.7781
    7.5000  -30.0000  -30.0000 8927.8682   15.7614
   -7.5000  -22.5000  -30.0000 9959.9209   15.7324
    0.0000  -22.5000  -30.000010354.1963   15.7808
    7.5000  -22.5000  -30.0000 9918.8545   15.7599
   -7.5000  -15.0000  -30.000010943.4014   15.7435
    0.0000  -15.0000  -30.000011371.0674   15.7779
    7.5000  -15.0000  -30.000010855.6396   15.7507
   -7.5000   -7.5000  -30.000011915.8848   15.7468
    0.0000   -7.5000  -30.000012401.8643   15.7735
    7.5000   -7.5000  -30.000011795.2734   15.7438
   -7.5000    0.0000  -30.000012637.1094   15.7383
    0.0000    0.0000  -30.000013196.8125   15.7705
    7.5000    0.0000  -30.000012515.9346   15.7442
   -7.5000    7.5000  -30.000012450.6748   15.7251
    0.0000    7.5000  -30.000013034.7666   15.7722
    7.5000    7.5000  -30.000012308.8721   15.7527
   -7.5000   15.0000  -30.000012141.1729   15.7224
    0.0000   15.0000  -30.000012707.3965   15.7780
    7.5000   15.0000  -30.000012029.3418   15.7614
   -7.5000   22.5000  -30.000011765.2344   15.7286
    0.0000   22.5000  -30.000012280.4385   15.7771
    7.5000   22.5000  -30.000011655.6982   15.7561
   -7.5000   30.0000  -30.000011226.6982   15.5352
    0.0000   30.0000  -30.000011683.4287   15.5691
    7.5000   30.0000  -30.000011112.9639   15.5423
   -7.5000   37.5000  -30.000011130.8457   15.5385
    0.0000   37.5000  -30.000011535.8809   15.5648
    7.5000   37.5000  -30.000010991.2617   15.5355
   -7.5000   45.0000  -30.000010483.7158   15.1453
    0.0000   45.0000  -30.000010847.2949   15.1764
    7.5000   45.0000  -30.000010343.9912   15.1511
   -7.5000  -45.0000  -22.5000 7854.9614   16.6075
    0.0000  -45.0000  -22.5000 8178.1958   16.6452
    7.5000  -45.0000  -22.5000 7857.0718   16.6264
   -7.5000  -37.5000  -22.5000 8602.9316   16.3471
    0.0000  -37.5000  -22.5000 8949.2070   16.3980
    7.5000  -37.5000  -22.5000 8577.3135   16.3838
   -7.5000  -30.0000  -22.5000 9704.6338   16.2471
    0.0000  -30.0000  -22.500010074.0811   16.3049
    7.5000  -30.0000  -22.5000 9658.8184   16.2928
   -7.5000  -22.5000  -22.500010768.3818   16.2462
    0.0000  -22.5000  -22.500011169.7119   16.2973
    7.5000  -22.5000  -22.500010701.1523   16.2832
   -7.5000  -15.0000  -22.500011802.5557   16.2494
    0.0000  -15.0000  -22.500012240.0742   16.2874
    7.5000  -15.0000  -22.500011698.5938   16.2702
   -7.5000   -7.5000  -22.500012826.1143   16.2552
    0.0000   -7.5000  -22.500013335.1201   16.2865
    7.5000   -7.5000  -22.500012699.6953   16.2673
   -7.5000    0.0000  -22.500013609.9463   16.2564
    0.0000    0.0000  -22.500014184.1709   16.2934
    7.5000    0.0000  -22.500013450.4775   16.2752
   -7.5000    7.5000  -22.500013386.1709   16.2513
    0.0000    7.5000  -22.500014007.8174   16.3017
    7.5000    7.5000  -22.500013227.6582   16.2877
   -7.5000   15.0000  -22.500013016.9912   16.2470
    0.0000   15.0000  -22.500013614.7178   16.3049
    7.5000   15.0000  -22.500012877.3252   16.2928
   -7.5000   22.5000  -22.500012595.7529   16.2412
    0.0000   22.5000  -22.500013161.2070   16.2923
    7.5000   22.5000  -22.500012472.9580   16.2782
   -7.5000   30.0000  -22.500012013.5732   16.0368
    0.0000   30.0000  -22.500012535.7051   16.0743
    7.5000   30.0000  -22.500011889.6562   16.0574
   -7.5000   37.5000  -22.500011836.6777   16.0426
    0.0000   37.5000  -22.500012319.0234   16.0735
    7.5000   37.5000  -22.500011703.6035   16.0545
   -7.5000   45.0000  -22.500011164.8408   15.6557
    0.0000   45.0000  -22.500011616.2578   15.6913
    7.5000   45.0000  -22.500011026.1201   15.6738
   -7.5000  -45.0000  -15.0000 8416.4971   17.0184
    0.0000  -45.0000  -15.0000 8778.7910   17.0563
    7.5000  -45.0000  -15.0000 8425.8838   17.0406
   -7.5000  -37.5000  -15.0000 9231.3906   16.7488
    0.0000  -37.5000  -15.0000 9607.7803   16.7923
    7.5000  -37.5000  -15.0000 9212.7373   16.7791
   -7.5000  -30.0000  -15.000010405.2197   16.6385
    0.0000  -30.0000  -15.000010818.7676   16.6854
    7.5000  -30.0000  -15.000010353.6729   16.6735
   -7.5000  -22.5000  -15.000011543.6260   16.6341
    0.0000  -22.5000  -15.000012003.7568   16.6781
    7.5000  -22.5000  -15.000011476.0576   16.6653
   -7.5000  -15.0000  -15.000012613.4404   16.6408
    0.0000  -15.0000  -15.000013117.6777   16.6783
    7.5000  -15.0000  -15.000012519.8242   16.6646
   -7.5000   -7.5000  -15.000013678.6367   16.6529
    0.0000   -7.5000  -15.000014258.3691   16.6872
    7.5000   -7.5000  -15.000013545.9404   16.6723
   -7.5000    0.0000  -15.000014509.2559   16.6574
    0.0000    0.0000  -15.000015145.1748   16.6944
    7.5000    0.0000  -15.000014346.4678   16.6792
   -7.5000    7.5000  -15.000014217.1455   16.6496
    0.0000    7.5000  -15.000014902.7832   16.6926
    7.5000    7.5000  -15.000014075.2422   16.6796
   -7.5000   15.0000  -15.000013808.0371   16.6385
    0.0000   15.0000  -15.000014454.4902   16.6854
    7.5000   15.0000  -15.000013700.5010   16.6735
   -7.5000   22.5000  -15.000013404.1201   16.6283
    0.0000   22.5000  -15.000014075.3994   16.6722
    7.5000   22.5000  -15.000013279.2119   16.6594
   -7.5000   30.0000  -15.000012805.7090   16.4254
    0.0000   30.0000  -15.000013410.8584   16.4624
    7.5000   30.0000  -15.000012683.6270   16.4489
   -7.5000   37.5000  -15.000012537.9492   16.4374
    0.0000   37.5000  -15.000013083.3838   16.4713
    7.5000   37.5000  -15.000012406.9170   16.4565
   -7.5000   45.0000  -15.000011795.9873   16.0516
    0.0000   45.0000  -15.000012274.9863   16.0872
    7.5000   45.0000  -15.000011641.1787   16.0726
   -7.5000  -45.0000   -7.5000 9007.7295   17.2583
    0.0000  -45.0000   -7.5000 9408.1104   17.2921
    7.5000  -45.0000   -7.5000 9014.2041   17.2692
   -7.5000  -37.5000   -7.5000 9853.5391   16.9694
    0.0000  -37.5000   -7.500010264.0566   17.0027
    7.5000  -37.5000   -7.5000 9831.2725   16.9840
   -7.5000  -30.0000   -7.500011079.0557   16.8499
    0.0000  -30.0000   -7.500011535.1436   16.8829
    7.5000  -30.0000   -7.500011043.5400   16.8657
   -7.5000  -22.5000   -7.500012307.0537   16.8541
    0.0000  -22.5000   -7.500012824.9189   16.8870
    7.5000  -22.5000   -7.500012250.5352   16.8670
   -7.5000  -15.0000   -7.500013427.0293   16.8757
    0.0000  -15.0000   -7.500014014.0879   16.9080
    7.5000  -15.0000   -7.500013358.6846   16.8849
   -7.5000   -7.5000   -7.500014536.2549   16.8935
    0.0000   -7.5000   -7.500015201.4551   16.9259
    7.5000   -7.5000   -7.500014410.1992   16.9021
   -7.5000    0.0000   -7.500015433.9463   16.8904
    0.0000    0.0000   -7.500016171.6436   16.9234
    7.5000    0.0000   -7.500015243.4043   16.9013
   -7.5000    7.5000   -7.500015043.7578   16.8684
    0.0000    7.5000   -7.500015761.3037   16.9013
    7.5000    7.5000   -7.500014922.8379   16.8828
   -7.5000   15.0000   -7.500014567.4971   16.8499
    0.0000   15.0000   -7.500015281.8770   16.8829
    7.5000   15.0000   -7.500014511.3623   16.8657
   -7.5000   22.5000   -7.500014211.5049   16.8463
    0.0000   22.5000   -7.500014922.2686   16.8792
    7.5000   22.5000   -7.500014126.3701   16.8592
   -7.5000   30.0000   -7.500013574.8809   16.6569
    0.0000   30.0000   -7.500014236.7266   16.6887
    7.5000   30.0000   -7.500013483.1240   16.6659
   -7.5000   37.5000   -7.500013247.1836   16.6744
    0.0000   37.5000   -7.500013876.7119   16.7064
    7.5000   37.5000   -7.500013155.1807   16.6829
   -7.5000   45.0000   -7.500012455.1719   16.2791
    0.0000   45.0000   -7.500012987.1611   16.3110
    7.5000   45.0000   -7.500012295.5391   16.2896
   -7.5000  -45.0000    0.0000 9490.6826   17.3231
    0.0000  -45.0000    0.0000 9910.4863   17.3527
    7.5000  -45.0000    0.0000 9492.3770   17.3186
   -7.5000  -37.5000    0.000010375.9756   17.0231
    0.0000  -37.5000    0.000010808.1035   17.0529
    7.5000  -37.5000    0.000010354.6611   17.0266
   -7.5000  -30.0000    0.000011694.7891   16.9034
    0.0000  -30.0000    0.000012164.4854   16.9336
    7.5000  -30.0000    0.000011645.9932   16.9098
   -7.5000  -22.5000    0.000013000.7910   16.9175
    0.0000  -22.5000    0.000013521.4297   16.9475
    7.5000  -22.5000    0.000012923.8848   16.9185
   -7.5000  -15.0000    0.000014186.2100   16.9480
    0.0000  -15.0000    0.000014765.3135   16.9774
    7.5000  -15.0000    0.000014100.4473   16.9415
   -7.5000   -7.5000    0.000015327.5947   16.9650
    0.0000   -7.5000    0.000016026.4346   16.9941
    7.5000   -7.5000    0.000015216.7109   16.9566
   -7.5000    0.0000    0.000016391.6426   16.9531
    0.0000    0.0000    0.000017152.3340   16.9822
    7.5000    0.0000    0.000016183.1387   16.9493
   -7.5000    7.5000    0.000015895.1367   16.9221
    0.0000    7.5000    0.000016558.8887   16.9516
    7.5000    7.5000    0.000015829.2617   16.9255
   -7.5000   15.0000    0.000015287.4131   16.9034
    0.0000   15.0000    0.000015926.3184   16.9335
    7.5000   15.0000    0.000015328.8633   16.9098
   -7.5000   22.5000    0.000014914.8086   16.9097
    0.0000   22.5000    0.000015571.5537   16.9397
    7.5000   22.5000    0.000014901.3984   16.9107
   -7.5000   30.0000    0.000014295.3135   16.7287
    0.0000   30.0000    0.000014932.2480   16.7577
    7.5000   30.0000    0.000014262.7822   16.7223
   -7.5000   37.5000    0.000013938.9463   16.7454
    0.0000   37.5000    0.000014538.6885   16.7741
    7.5000   37.5000    0.000013890.0137   16.7372
   -7.5000   45.0000    0.000013082.2393   16.3408
    0.0000   45.0000    0.000013593.7266   16.3689
    7.5000   45.0000    0.000012938.1250   16.3372
   -7.5000  -45.0000    7.5000 9311.1855   17.3078
    0.0000  -45.0000    7.5000 9688.5771   17.3379
    7.5000  -45.0000    7.5000 9287.1035   17.3010
   -7.5000  -37.5000    7.500010177.6934   17.0137
    0.0000  -37.5000    7.500010561.4707   17.0526
    7.5000  -37.5000    7.500010140.2578   17.0252
   -7.5000  -30.0000    7.500011405.0146   16.9040
    0.0000  -30.0000    7.500011825.5020   16.9484
    7.5000  -30.0000    7.500011360.3428   16.9244
   -7.5000  -22.5000    7.500012633.5713   16.9208
    0.0000  -22.5000    7.500013101.4336   16.9617
    7.5000  -22.5000    7.500012556.3291   16.9318
   -7.5000  -15.0000    7.500013761.5361   16.9453
    0.0000  -15.0000    7.500014291.4463   16.9779
    7.5000  -15.0000    7.500013680.0537   16.9397
   -7.5000   -7.5000    7.500014987.9131   16.9542
    0.0000   -7.5000    7.500015662.5439   16.9816
    7.5000   -7.5000    7.500014858.7393   16.9411
   -7.5000    0.0000    7.500016191.8691   16.9396
    0.0000    0.0000    7.500016799.6855   16.9693
    7.5000    0.0000    7.500015973.0137   16.9338
   -7.5000    7.5000    7.500015613.0986   16.9138
    0.0000    7.5000    7.500016076.8789   16.9522
    7.5000    7.5000    7.500015672.5723   16.9251
   -7.5000   15.0000    7.500014946.4922   16.9040
    0.0000   15.0000    7.500015368.2402   16.9484
    7.5000   15.0000    7.500015133.0488   16.9243
   -7.5000   22.5000    7.500014619.2412   16.9130
    0.0000   22.5000    7.500015081.4043   16.9539
    7.5000   22.5000    7.500014733.5801   16.9240
   -7.5000   30.0000    7.500014088.6494   16.7260
    0.0000   30.0000    7.500014568.0508   16.7582
    7.5000   30.0000    7.500014108.1797   16.7205
   -7.5000   37.5000    7.500013736.3623   16.7348
    0.0000   37.5000    7.500014226.4482   16.7618
    7.5000   37.5000    7.500013694.5195   16.7218
   -7.5000   45.0000    7.500012789.6045   16.3278
    0.0000   45.0000    7.500013243.6309   16.3564
    7.5000   45.0000    7.500012644.5889   16.3223
   -7.5000  -45.0000   15.0000 8949.1152   17.2657
    0.0000  -45.0000   15.0000 9320.6748   17.3008
    7.5000  -45.0000   15.0000 8916.5195   17.2715
   -7.5000  -37.5000   15.0000 9785.3721   16.9852
    0.0000  -37.5000   15.000010168.6982   17.0363
    7.5000  -37.5000   15.0000 9763.0684   17.0152
   -7.5000  -30.0000   15.000010977.2725   16.8833
    0.0000  -30.0000   15.000011388.8232   16.9430
    7.5000  -30.0000   15.000010949.2080   16.9251
   -7.5000  -22.5000   15.000012150.2344   16.8940
    0.0000  -22.5000   15.000012591.5479   16.9460
    7.5000  -22.5000   15.000012098.4854   16.9236
   -7.5000  -15.0000   15.000013239.9082   16.9059
    0.0000  -15.0000   15.000013703.2617   16.9428
    7.5000  -15.0000   15.000013189.4580   16.9137
   -7.5000   -7.5000   15.000014369.4277   16.9095
    0.0000   -7.5000   15.000014921.4102   16.9382
    7.5000   -7.5000   15.000014343.9854   16.9062
   -7.5000    0.0000   15.000015374.8369   16.9003
    0.0000    0.0000   15.000015841.2021   16.9350
    7.5000    0.0000   15.000015376.1992   16.9067
   -7.5000    7.5000   15.000015071.0762   16.8861
    0.0000    7.5000   15.000015436.8691   16.9367
    7.5000    7.5000   15.000015135.4092   16.9158
   -7.5000   15.0000   15.000014689.0537   16.8833
    0.0000   15.0000   15.000015084.6689   16.9430
    7.5000   15.0000   15.000014787.5459   16.9251
   -7.5000   22.5000   15.000014390.2549   16.8862
    0.0000   22.5000   15.000014800.6328   16.9382
    7.5000   22.5000   15.000014390.9580   16.9158
   -7.5000   30.0000   15.000013791.9004   16.6871
    0.0000   30.0000   15.000014193.7646   16.7236
    7.5000   30.0000   15.000013706.1943   16.6948
   -7.5000   37.5000   15.000013291.6523   16.6907
    0.0000   37.5000   15.000013732.9258   16.7189
    7.5000   37.5000   15.000013182.8877   16.6874
   -7.5000   45.0000   15.000012256.3877   16.2900
    0.0000   45.0000   15.000012685.8145   16.3234
    7.5000   45.0000   15.000012094.8164   16.2961
   -7.5000  -45.0000   22.5000 8490.3984   17.2399
    0.0000  -45.0000   22.5000 8846.7441   17.2791
    7.5000  -45.0000   22.5000 8486.5762   17.2596
   -7.5000  -37.5000   22.5000 9279.5488   16.9696
    0.0000  -37.5000   22.5000 9643.8652   17.0224
    7.5000  -37.5000   22.5000 9284.3281   17.0077
   -7.5000  -30.0000   22.500010395.1113   16.8658
    0.0000  -30.0000   22.500010782.9980   16.9258
    7.5000  -30.0000   22.500010384.7744   16.9133
   -7.5000  -22.5000   22.500011483.3350   16.8649
    0.0000  -22.5000   22.500011890.5811   16.9179
    7.5000  -22.5000   22.500011469.9824   16.9033
   -7.5000  -15.0000   22.500012514.4336   16.8682
    0.0000  -15.0000   22.500012997.2305   16.9076
    7.5000  -15.0000   22.500012523.2930   16.8898
   -7.5000   -7.5000   22.500013584.3145   16.8742
    0.0000   -7.5000   22.500014156.2812   16.9067
    7.5000   -7.5000   22.500013623.1211   16.8868
   -7.5000    0.0000   22.500014528.5098   16.8754
    0.0000    0.0000   22.500015083.1318   16.9138
    7.5000    0.0000   22.500014547.7158   16.8950
   -7.5000    7.5000   22.500014328.3896   16.8702
    0.0000    7.5000   22.500014892.5352   16.9225
    7.5000    7.5000   22.500014278.7168   16.9079
   -7.5000   15.0000   22.500014061.2891   16.8657
    0.0000   15.0000   22.500014670.6396   16.9257
    7.5000   15.0000   22.500013952.3682   16.9132
   -7.5000   22.5000   22.500013745.4258   16.8571
    0.0000   22.5000   22.500014347.6436   16.9101
    7.5000   22.5000   22.500013612.7773   16.8955
   -7.5000   30.0000   22.500013098.9756   16.6498
    0.0000   30.0000   22.500013645.2998   16.6888
    7.5000   30.0000   22.500012986.4229   16.6712
   -7.5000   37.5000   22.500012592.5156   16.6558
    0.0000   37.5000   22.500013096.7031   16.6879
    7.5000   37.5000   22.500012512.3340   16.6682
   -7.5000   45.0000   22.500011569.5371   16.2660
    0.0000   45.0000   22.500011986.3945   16.3030
    7.5000   45.0000   22.500011446.6836   16.2848
   -7.5000  -45.0000   30.0000 7901.8306   17.2520
    0.0000  -45.0000   30.0000 8238.2803   17.2904
    7.5000  -45.0000   30.0000 7905.3931   17.2745
   -7.5000  -37.5000   30.0000 8651.4180   16.9787
    0.0000  -37.5000   30.0000 8997.7637   17.0227
    7.5000  -37.5000   30.0000 8640.0820   17.0094
   -7.5000  -30.0000   30.0000 9689.6709   16.8669
    0.0000  -30.0000   30.000010091.0449   16.9144
    7.5000  -30.0000   30.0000 9688.8057   16.9024
   -7.5000  -22.5000   30.000010715.5234   16.8625
    0.0000  -22.5000   30.000011200.1631   16.9071
    7.5000  -22.5000   30.000010698.0332   16.8940
   -7.5000  -15.0000   30.000011712.4834   16.8692
    0.0000  -15.0000   30.000012274.7402   16.9072
    7.5000  -15.0000   30.000011688.8252   16.8933
   -7.5000   -7.5000   30.000012722.9980   16.8815
    0.0000   -7.5000   30.000013325.3467   16.9163
    7.5000   -7.5000   30.000012713.5596   16.9011
   -7.5000    0.0000   30.000013525.7988   16.8860
    0.0000    0.0000   30.000014073.6406   16.9235
    7.5000    0.0000   30.000013490.9229   16.9082
   -7.5000    7.5000   30.000013271.5225   16.8782
    0.0000    7.5000   30.000013798.0908   16.9218
    7.5000    7.5000   30.000013194.5469   16.9086
   -7.5000   15.0000   30.000012960.1982   16.8669
    0.0000   15.0000   30.000013474.0410   16.9144
    7.5000   15.0000   30.000012891.7842   16.9024
   -7.5000   22.5000   30.000012615.4600   16.8547
    0.0000   22.5000   30.000013103.0078   16.8993
    7.5000   22.5000   30.000012558.5996   16.8863
   -7.5000   30.0000   30.000012091.8477   16.6509
    0.0000   30.0000   30.000012594.0400   16.6884
    7.5000   30.0000   30.000012056.6221   16.6747
   -7.5000   37.5000   30.000011699.9482   16.6630
    0.0000   37.5000   30.000012212.7324   16.6974
    7.5000   37.5000   30.000011677.5820   16.6824
   -7.5000   45.0000   30.000010750.4082   16.2762
    0.0000   45.0000   30.000011222.0352   16.3123
    7.5000   45.0000   30.000010673.3154   16.2975
   -7.5000  -45.0000   37.5000 7598.0649   17.4312
    0.0000  -45.0000   37.5000 7952.6577   17.4653
    7.5000  -45.0000   37.5000 7595.4346   17.4419
   -7.5000  -37.5000   37.5000 8319.7852   17.1376
    0.0000  -37.5000   37.5000 8692.5342   17.1713
    7.5000  -37.5000   37.5000 8295.1934   17.1523
   -7.5000  -30.0000   37.5000 9354.7471   17.0160
    0.0000  -30.0000   37.5000 9772.2744   17.0495
    7.5000  -30.0000   37.5000 9319.7090   17.0320
   -7.5000  -22.5000   37.500010386.2705   17.0202
    0.0000  -22.5000   37.500010849.7871   17.0535
    7.5000  -22.5000   37.500010335.3818   17.0332
   -7.5000  -15.0000   37.500011331.1348   17.0421
    0.0000  -15.0000   37.500011839.9131   17.0746
    7.5000  -15.0000   37.500011290.6641   17.0511
   -7.5000   -7.5000   37.500012234.2139   17.0602
    0.0000   -7.5000   37.500012766.6953   17.0929
    7.5000   -7.5000   37.500012216.6660   17.0685
   -7.5000    0.0000   37.500012964.1035   17.0571
    0.0000    0.0000   37.500013480.9346   17.0904
    7.5000    0.0000   37.500012940.6592   17.0679
   -7.5000    7.5000   37.500012695.9014   17.0348
    0.0000    7.5000   37.500013180.1904   17.0681
    7.5000    7.5000   37.500012657.1260   17.0494
   -7.5000   15.0000   37.500012379.1543   17.0160
    0.0000   15.0000   37.500012838.2031   17.0495
    7.5000   15.0000   37.500012333.0020   17.0320
   -7.5000   22.5000   37.500012030.0898   17.0124
    0.0000   22.5000   37.500012445.5781   17.0456
    7.5000   22.5000   37.500011988.7061   17.0253
   -7.5000   30.0000   37.500011586.9492   16.8216
    0.0000   30.0000   37.500012001.3857   16.8536
    7.5000   30.0000   37.500011552.3525   16.8304
   -7.5000   37.5000   37.500011318.0283   16.8394
    0.0000   37.5000   37.500011756.9492   16.8716
    7.5000   37.5000   37.500011282.6309   16.8476
   -7.5000   45.0000   37.500010399.6035   16.4411
    0.0000   45.0000   37.500010810.0264   16.4732
    7.5000   45.0000   37.500010345.3203   16.4515
   -7.5000  -45.0000   45.0000 6971.2573   17.5969
    0.0000  -45.0000   45.0000 7272.6128   17.6275
    7.5000  -45.0000   45.0000 6979.4448   17.5918
   -7.5000  -37.5000   45.0000 7615.5425   17.2863
    0.0000  -37.5000   45.0000 7944.6421   17.3170
    7.5000  -37.5000   45.0000 7620.0894   17.2897
   -7.5000  -30.0000   45.0000 8561.0488   17.1614
    0.0000  -30.0000   45.0000 8939.6992   17.1933
    7.5000  -30.0000   45.0000 8547.3076   17.1696
   -7.5000  -22.5000   45.0000 9481.3750   17.1758
    0.0000  -22.5000   45.0000 9912.0459   17.2085
    7.5000  -22.5000   45.0000 9445.0420   17.1801
   -7.5000  -15.0000   45.000010337.8701   17.2079
    0.0000  -15.0000   45.000010824.9570   17.2399
    7.5000  -15.0000   45.000010309.8848   17.2043
   -7.5000   -7.5000   45.000011151.1074   17.2260
    0.0000   -7.5000   45.000011669.2012   17.2568
    7.5000   -7.5000   45.000011126.7070   17.2187
   -7.5000    0.0000   45.000011848.7754   17.2139
    0.0000    0.0000   45.000012371.2021   17.2439
    7.5000    0.0000   45.000011810.7598   17.2096
   -7.5000    7.5000   45.000011630.9590   17.1815
    0.0000    7.5000   45.000012104.1582   17.2118
    7.5000    7.5000   45.000011577.0840   17.1847
   -7.5000   15.0000   45.000011304.4629   17.1614
    0.0000   15.0000   45.000011761.9219   17.1932
    7.5000   15.0000   45.000011258.5586   17.1696
   -7.5000   22.5000   45.000010941.6553   17.1678
    0.0000   22.5000   45.000011355.3418   17.2006
    7.5000   22.5000   45.000010910.0117   17.1722
   -7.5000   30.0000   45.000010569.6836   16.9837
    0.0000   30.0000   45.000010968.4043   17.0153
    7.5000   30.0000   45.000010537.7920   16.9802
   -7.5000   37.5000   45.000010386.6719   17.0016
    0.0000   37.5000   45.000010810.1455   17.0320
    7.5000   37.5000   45.000010359.1436   16.9943
   -7.5000   45.0000   45.0000 9526.3584   16.5997
    0.0000   45.0000   45.0000 9908.2520   16.6286
    7.5000   45.0000   45.0000 9499.1318   16.5956

---------------------------------------------------------------------
imgreg_4dfp /opt/freesurfer/average/711-2C_as_mni_average_305 /opt/freesurfer/average/711-2B_as_mni_average_305_mask talsrcimg_g11 none talsrcimg_to_711-2C_as_mni_average_305_t4 4355
---------------------------------------------------------------------

freesurfer imgreg_4dfp.c
/opt/freesurfer/average/711-2C_as_mni_average_305.4dfp.img
       256       256       256         1
  1.000000  1.000000  1.000000
orientation T byte_order littleendian
Reading image: /opt/freesurfer/average/711-2C_as_mni_average_305.4dfp.img
dimensions:      256       256       256
mmppix:       1.0000   -1.0000   -1.0000
center:     128.0000 -129.0000 -129.0000
/opt/freesurfer/average/711-2B_as_mni_average_305_mask.4dfp.img
       256       256       256         1
  1.000000  1.000000  1.000000
orientation T byte_order littleendian
Reading mask: /opt/freesurfer/average/711-2B_as_mni_average_305_mask.4dfp.img (2306576 pixels)
talsrcimg_g11.4dfp.img
       256       256       256         1
  1.000000  1.000000  1.000000
orientation T byte_order littleendian
Reading image: talsrcimg_g11.4dfp.img
dimensions:      256       256       256
mmppix:       1.0000   -1.0000   -1.0000
center:     128.0000 -129.0000 -129.0000
rotation matrix determinant  1.000000
image alignment mode   4355 decimal     1103 hex
   -7.5000  -45.0000  -45.0000 1761.7712   22.5900
    0.0000  -45.0000  -45.0000 1772.2303   22.4747
    7.5000  -45.0000  -45.0000 1762.8849   22.6423
   -7.5000  -37.5000  -45.0000 1883.9692   20.0397
    0.0000  -37.5000  -45.0000 1896.3879   19.7619
    7.5000  -37.5000  -45.0000 1881.4911   19.9744
   -7.5000  -30.0000  -45.0000 1989.0894   18.0023
    0.0000  -30.0000  -45.0000 2004.1129   17.7367
    7.5000  -30.0000  -45.0000 1985.9241   17.9691
   -7.5000  -22.5000  -45.0000 2083.4004   16.5060
    0.0000  -22.5000  -45.0000 2097.9939   16.2717
    7.5000  -22.5000  -45.0000 2082.2231   16.5134
   -7.5000  -15.0000  -45.0000 2163.3633   15.5095
    0.0000  -15.0000  -45.0000 2174.4495   15.3089
    7.5000  -15.0000  -45.0000 2164.6428   15.5201
   -7.5000   -7.5000  -45.0000 2210.5798   14.7775
    0.0000   -7.5000  -45.0000 2215.6687   14.5958
    7.5000   -7.5000  -45.0000 2213.5791   14.7969
   -7.5000    0.0000  -45.0000 2232.5090   14.2922
    0.0000    0.0000  -45.0000 2237.0962   14.0922
    7.5000    0.0000  -45.0000 2234.0286   14.3340
   -7.5000    7.5000  -45.0000 2244.3943   14.0939
    0.0000    7.5000  -45.0000 2250.5430   13.8794
    7.5000    7.5000  -45.0000 2244.9314   14.1968
   -7.5000   15.0000  -45.0000 2238.8857   14.2810
    0.0000   15.0000  -45.0000 2247.5269   14.0653
    7.5000   15.0000  -45.0000 2235.9736   14.4000
   -7.5000   22.5000  -45.0000 2226.0015   14.6014
    0.0000   22.5000  -45.0000 2233.4895   14.3897
    7.5000   22.5000  -45.0000 2220.8848   14.7373
   -7.5000   30.0000  -45.0000 2189.0942   15.2602
    0.0000   30.0000  -45.0000 2199.3516   14.9798
    7.5000   30.0000  -45.0000 2183.1084   15.3506
   -7.5000   37.5000  -45.0000 2137.5181   16.1650
    0.0000   37.5000  -45.0000 2148.3577   15.8735
    7.5000   37.5000  -45.0000 2134.2625   16.2458
   -7.5000   45.0000  -45.0000 2068.9529   17.4115
    0.0000   45.0000  -45.0000 2080.5408   17.1343
    7.5000   45.0000  -45.0000 2063.4026   17.5560
   -7.5000  -45.0000  -37.5000 1827.3557   21.0196
    0.0000  -45.0000  -37.5000 1835.2599   20.8323
    7.5000  -45.0000  -37.5000 1823.1709   21.0978
   -7.5000  -37.5000  -37.5000 1960.7196   18.5883
    0.0000  -37.5000  -37.5000 1971.4570   18.3588
    7.5000  -37.5000  -37.5000 1952.8986   18.6300
   -7.5000  -30.0000  -37.5000 2076.7563   16.6948
    0.0000  -30.0000  -37.5000 2086.3613   16.4885
    7.5000  -30.0000  -37.5000 2067.4907   16.7165
   -7.5000  -22.5000  -37.5000 2182.6016   15.3103
    0.0000  -22.5000  -37.5000 2189.2979   15.1234
    7.5000  -22.5000  -37.5000 2175.7385   15.3305
   -7.5000  -15.0000  -37.5000 2266.6467   14.2913
    0.0000  -15.0000  -37.5000 2272.9055   14.1459
    7.5000  -15.0000  -37.5000 2257.6880   14.3294
   -7.5000   -7.5000  -37.5000 2322.1387   13.5935
    0.0000   -7.5000  -37.5000 2327.4924   13.4805
    7.5000   -7.5000  -37.5000 2312.1846   13.6304
   -7.5000    0.0000  -37.5000 2340.1963   13.1231
    0.0000    0.0000  -37.5000 2349.4424   13.0015
    7.5000    0.0000  -37.5000 2333.4084   13.1737
   -7.5000    7.5000  -37.5000 2350.5862   12.9536
    0.0000    7.5000  -37.5000 2361.4355   12.8233
    7.5000    7.5000  -37.5000 2342.4011   13.0499
   -7.5000   15.0000  -37.5000 2341.6533   13.0408
    0.0000   15.0000  -37.5000 2354.5823   12.9097
    7.5000   15.0000  -37.5000 2333.1826   13.1677
   -7.5000   22.5000  -37.5000 2328.0320   13.3458
    0.0000   22.5000  -37.5000 2334.9314   13.1897
    7.5000   22.5000  -37.5000 2317.4436   13.4808
   -7.5000   30.0000  -37.5000 2293.7949   13.9604
    0.0000   30.0000  -37.5000 2302.7708   13.7441
    7.5000   30.0000  -37.5000 2283.9771   14.0509
   -7.5000   37.5000  -37.5000 2246.0793   14.8371
    0.0000   37.5000  -37.5000 2252.2251   14.5716
    7.5000   37.5000  -37.5000 2239.4736   14.9344
   -7.5000   45.0000  -37.5000 2167.9653   16.0272
    0.0000   45.0000  -37.5000 2175.1292   15.7758
    7.5000   45.0000  -37.5000 2156.1067   16.1625
   -7.5000  -45.0000  -30.0000 1931.3768   20.2156
    0.0000  -45.0000  -30.0000 1935.6689   20.0968
    7.5000  -45.0000  -30.0000 1926.6248   20.2816
   -7.5000  -37.5000  -30.0000 2071.6636   17.8587
    0.0000  -37.5000  -30.0000 2077.5295   17.7170
    7.5000  -37.5000  -30.0000 2063.0518   17.9037
   -7.5000  -30.0000  -30.0000 2203.7175   16.0893
    0.0000  -30.0000  -30.0000 2208.7214   15.9445
    7.5000  -30.0000  -30.0000 2191.1128   16.1263
   -7.5000  -22.5000  -30.0000 2308.7783   14.6806
    0.0000  -22.5000  -30.0000 2313.8738   14.5715
    7.5000  -22.5000  -30.0000 2301.7832   14.7437
   -7.5000  -15.0000  -30.0000 2401.4900   13.6087
    0.0000  -15.0000  -30.0000 2405.4219   13.5277
    7.5000  -15.0000  -30.0000 2386.9966   13.6647
   -7.5000   -7.5000  -30.0000 2468.3604   12.8978
    0.0000   -7.5000  -30.0000 2474.3723   12.8314
    7.5000   -7.5000  -30.0000 2448.4016   12.9584
   -7.5000    0.0000  -30.0000 2490.7893   12.4569
    0.0000    0.0000  -30.0000 2504.4856   12.4212
    7.5000    0.0000  -30.0000 2475.1313   12.5262
   -7.5000    7.5000  -30.0000 2506.1868   12.2811
    0.0000    7.5000  -30.0000 2521.5000   12.2261
    7.5000    7.5000  -30.0000 2491.3831   12.3711
   -7.5000   15.0000  -30.0000 2500.8813   12.3813
    0.0000   15.0000  -30.0000 2516.3652   12.3166
    7.5000   15.0000  -30.0000 2488.3657   12.5127
   -7.5000   22.5000  -30.0000 2480.5122   12.6843
    0.0000   22.5000  -30.0000 2495.1511   12.5843
    7.5000   22.5000  -30.0000 2466.8635   12.8419
   -7.5000   30.0000  -30.0000 2443.1116   13.2631
    0.0000   30.0000  -30.0000 2456.4951   13.1214
    7.5000   30.0000  -30.0000 2428.6814   13.3695
   -7.5000   37.5000  -30.0000 2391.4133   14.0973
    0.0000   37.5000  -30.0000 2402.9307   13.9330
    7.5000   37.5000  -30.0000 2377.1831   14.2180
   -7.5000   45.0000  -30.0000 2310.1768   15.2580
    0.0000   45.0000  -30.0000 2316.0044   15.0801
    7.5000   45.0000  -30.0000 2293.1775   15.4342
   -7.5000  -45.0000  -22.5000 2006.9663   19.3781
    0.0000  -45.0000  -22.5000 2012.4910   19.1577
    7.5000  -45.0000  -22.5000 1999.9998   19.4596
   -7.5000  -37.5000  -22.5000 2161.1455   17.1259
    0.0000  -37.5000  -22.5000 2167.8889   16.9305
    7.5000  -37.5000  -22.5000 2150.4194   17.1755
   -7.5000  -30.0000  -22.5000 2301.5632   15.3584
    0.0000  -30.0000  -22.5000 2306.6624   15.2347
    7.5000  -30.0000  -22.5000 2288.8594   15.3991
   -7.5000  -22.5000  -22.5000 2410.9797   13.9516
    0.0000  -22.5000  -22.5000 2419.5945   13.8679
    7.5000  -22.5000  -22.5000 2400.5918   14.0060
   -7.5000  -15.0000  -22.5000 2503.3872   12.9083
    0.0000  -15.0000  -22.5000 2511.0181   12.8355
    7.5000  -15.0000  -22.5000 2489.8843   12.9459
   -7.5000   -7.5000  -22.5000 2576.4619   12.1492
    0.0000   -7.5000  -22.5000 2586.9968   12.0956
    7.5000   -7.5000  -22.5000 2562.3657   12.1894
   -7.5000    0.0000  -22.5000 2611.7510   11.7169
    0.0000    0.0000  -22.5000 2623.7627   11.6635
    7.5000    0.0000  -22.5000 2594.1755   11.7701
   -7.5000    7.5000  -22.5000 2642.2793   11.5449
    0.0000    7.5000  -22.5000 2653.9539   11.5288
    7.5000    7.5000  -22.5000 2623.6062   11.6409
   -7.5000   15.0000  -22.5000 2641.2205   11.6187
    0.0000   15.0000  -22.5000 2656.9932   11.6207
    7.5000   15.0000  -22.5000 2625.2471   11.7481
   -7.5000   22.5000  -22.5000 2613.8010   11.9560
    0.0000   22.5000  -22.5000 2630.7612   11.9111
    7.5000   22.5000  -22.5000 2598.9893   12.0977
   -7.5000   30.0000  -22.5000 2571.2061   12.5255
    0.0000   30.0000  -22.5000 2590.1162   12.4571
    7.5000   30.0000  -22.5000 2557.9634   12.6654
   -7.5000   37.5000  -22.5000 2507.5527   13.3199
    0.0000   37.5000  -22.5000 2525.5432   13.2425
    7.5000   37.5000  -22.5000 2496.4688   13.4674
   -7.5000   45.0000  -22.5000 2424.2764   14.4209
    0.0000   45.0000  -22.5000 2438.3179   14.3010
    7.5000   45.0000  -22.5000 2408.3621   14.6125
   -7.5000  -45.0000  -15.0000 2054.8638   18.7096
    0.0000  -45.0000  -15.0000 2064.2209   18.4446
    7.5000  -45.0000  -15.0000 2050.5413   18.7392
   -7.5000  -37.5000  -15.0000 2214.1682   16.5083
    0.0000  -37.5000  -15.0000 2228.6243   16.2731
    7.5000  -37.5000  -15.0000 2209.8657   16.5259
   -7.5000  -30.0000  -15.0000 2352.5125   14.7405
    0.0000  -30.0000  -15.0000 2368.4177   14.5681
    7.5000  -30.0000  -15.0000 2345.8750   14.7811
   -7.5000  -22.5000  -15.0000 2468.4985   13.3301
    0.0000  -22.5000  -15.0000 2487.8176   13.2080
    7.5000  -22.5000  -15.0000 2462.5806   13.3879
   -7.5000  -15.0000  -15.0000 2564.5801   12.2381
    0.0000  -15.0000  -15.0000 2582.6421   12.1578
    7.5000  -15.0000  -15.0000 2557.8894   12.2825
   -7.5000   -7.5000  -15.0000 2650.7944   11.4916
    0.0000   -7.5000  -15.0000 2669.1768   11.4550
    7.5000   -7.5000  -15.0000 2643.5527   11.5291
   -7.5000    0.0000  -15.0000 2695.7556   11.0499
    0.0000    0.0000  -15.0000 2714.4521   11.0058
    7.5000    0.0000  -15.0000 2688.7432   11.1003
   -7.5000    7.5000  -15.0000 2728.0178   10.8182
    0.0000    7.5000  -15.0000 2753.3071   10.8375
    7.5000    7.5000  -15.0000 2715.5586   10.9048
   -7.5000   15.0000  -15.0000 2737.1282   10.8527
    0.0000   15.0000  -15.0000 2762.1653   10.8702
    7.5000   15.0000  -15.0000 2726.7974   11.0005
   -7.5000   22.5000  -15.0000 2714.7197   11.2661
    0.0000   22.5000  -15.0000 2744.0959   11.2529
    7.5000   22.5000  -15.0000 2704.1931   11.3877
   -7.5000   30.0000  -15.0000 2665.1309   11.8656
    0.0000   30.0000  -15.0000 2693.5422   11.8206
    7.5000   30.0000  -15.0000 2657.8838   11.9791
   -7.5000   37.5000  -15.0000 2595.0918   12.6535
    0.0000   37.5000  -15.0000 2620.7922   12.5649
    7.5000   37.5000  -15.0000 2587.9480   12.7957
   -7.5000   45.0000  -15.0000 2499.2048   13.6912
    0.0000   45.0000  -15.0000 2518.4016   13.5892
    7.5000   45.0000  -15.0000 2490.0815   13.8403
   -7.5000  -45.0000   -7.5000 2092.0083   18.1804
    0.0000  -45.0000   -7.5000 2110.0623   17.9329
    7.5000  -45.0000   -7.5000 2088.5625   18.2010
   -7.5000  -37.5000   -7.5000 2245.3098   16.0028
    0.0000  -37.5000   -7.5000 2265.7156   15.7684
    7.5000  -37.5000   -7.5000 2243.1084   16.0237
   -7.5000  -30.0000   -7.5000 2370.6716   14.2352
    0.0000  -30.0000   -7.5000 2394.7979   14.0457
    7.5000  -30.0000   -7.5000 2375.3562   14.2650
   -7.5000  -22.5000   -7.5000 2492.8115   12.8457
    0.0000  -22.5000   -7.5000 2518.7878   12.7027
    7.5000  -22.5000   -7.5000 2497.8901   12.8941
   -7.5000  -15.0000   -7.5000 2599.9055   11.7591
    0.0000  -15.0000   -7.5000 2628.8677   11.6731
    7.5000  -15.0000   -7.5000 2604.3208   11.8369
   -7.5000   -7.5000   -7.5000 2697.2546   10.9925
    0.0000   -7.5000   -7.5000 2722.6667   10.9433
    7.5000   -7.5000   -7.5000 2697.1094   11.0612
   -7.5000    0.0000   -7.5000 2757.7109   10.5104
    0.0000    0.0000   -7.5000 2787.7151   10.4571
    7.5000    0.0000   -7.5000 2755.4128   10.5557
   -7.5000    7.5000   -7.5000 2793.2981   10.1954
    0.0000    7.5000   -7.5000 2825.7644   10.1933
    7.5000    7.5000   -7.5000 2786.7883   10.3113
   -7.5000   15.0000   -7.5000 2811.3394   10.1779
    0.0000   15.0000   -7.5000 2847.4248   10.1642
    7.5000   15.0000   -7.5000 2805.7407   10.3491
   -7.5000   22.5000   -7.5000 2797.9709   10.6529
    0.0000   22.5000   -7.5000 2834.1897   10.6288
    7.5000   22.5000   -7.5000 2790.4211   10.7790
   -7.5000   30.0000   -7.5000 2742.4783   11.2918
    0.0000   30.0000   -7.5000 2773.5112   11.2457
    7.5000   30.0000   -7.5000 2738.5652   11.3944
   -7.5000   37.5000   -7.5000 2657.3823   12.0828
    0.0000   37.5000   -7.5000 2686.0449   12.0042
    7.5000   37.5000   -7.5000 2656.6204   12.1949
   -7.5000   45.0000   -7.5000 2553.3667   13.1179
    0.0000   45.0000   -7.5000 2575.5723   13.0412
    7.5000   45.0000   -7.5000 2544.3652   13.2552
   -7.5000  -45.0000    0.0000 2107.6868   17.8104
    0.0000  -45.0000    0.0000 2126.0537   17.5855
    7.5000  -45.0000    0.0000 2107.0073   17.8659
   -7.5000  -37.5000    0.0000 2253.2666   15.6449
    0.0000  -37.5000    0.0000 2274.8066   15.4387
    7.5000  -37.5000    0.0000 2253.5032   15.7043
   -7.5000  -30.0000    0.0000 2383.0330   13.9196
    0.0000  -30.0000    0.0000 2408.5654   13.7317
    7.5000  -30.0000    0.0000 2387.2808   13.9779
   -7.5000  -22.5000    0.0000 2508.4609   12.5711
    0.0000  -22.5000    0.0000 2534.2014   12.4159
    7.5000  -22.5000    0.0000 2514.7061   12.6302
   -7.5000  -15.0000    0.0000 2620.5659   11.5091
    0.0000  -15.0000    0.0000 2647.1094   11.3862
    7.5000  -15.0000    0.0000 2626.9170   11.5839
   -7.5000   -7.5000    0.0000 2722.2856   10.7080
    0.0000   -7.5000    0.0000 2749.2349   10.6295
    7.5000   -7.5000    0.0000 2728.5833   10.7935
   -7.5000    0.0000    0.0000 2799.8352   10.1942
    0.0000    0.0000    0.0000 2830.8523   10.0972
    7.5000    0.0000    0.0000 2803.7173   10.2529
   -7.5000    7.5000    0.0000 2847.0315    9.8117
    0.0000    7.5000    0.0000 2884.1155    9.7416
    7.5000    7.5000    0.0000 2844.2065    9.9670
   -7.5000   15.0000    0.0000 2872.7590    9.7374
    0.0000   15.0000    0.0000 2907.8259    9.6590
    7.5000   15.0000    0.0000 2871.4382    9.9350
   -7.5000   22.5000    0.0000 2855.0713   10.2151
    0.0000   22.5000    0.0000 2889.7253   10.1333
    7.5000   22.5000    0.0000 2847.5203   10.3676
   -7.5000   30.0000    0.0000 2794.5632   10.9025
    0.0000   30.0000    0.0000 2824.1201   10.8106
    7.5000   30.0000    0.0000 2787.9866   11.0217
   -7.5000   37.5000    0.0000 2704.7100   11.7211
    0.0000   37.5000    0.0000 2725.0662   11.6244
    7.5000   37.5000    0.0000 2701.9807   11.8545
   -7.5000   45.0000    0.0000 2587.0774   12.7642
    0.0000   45.0000    0.0000 2607.5947   12.6601
    7.5000   45.0000    0.0000 2584.7583   12.9403
   -7.5000  -45.0000    7.5000 2116.4194   17.7120
    0.0000  -45.0000    7.5000 2137.0378   17.4318
    7.5000  -45.0000    7.5000 2117.0979   17.8059
   -7.5000  -37.5000    7.5000 2263.7961   15.5397
    0.0000  -37.5000    7.5000 2281.8298   15.2610
    7.5000  -37.5000    7.5000 2263.5332   15.6074
   -7.5000  -30.0000    7.5000 2389.3728   13.7768
    0.0000  -30.0000    7.5000 2406.2915   13.5267
    7.5000  -30.0000    7.5000 2394.9194   13.8553
   -7.5000  -22.5000    7.5000 2516.2009   12.4185
    0.0000  -22.5000    7.5000 2534.2441   12.2106
    7.5000  -22.5000    7.5000 2519.7021   12.4923
   -7.5000  -15.0000    7.5000 2628.4915   11.3613
    0.0000  -15.0000    7.5000 2647.4495   11.2154
    7.5000  -15.0000    7.5000 2630.9922   11.4519
   -7.5000   -7.5000    7.5000 2735.0356   10.5624
    0.0000   -7.5000    7.5000 2754.5481   10.4344
    7.5000   -7.5000    7.5000 2737.7527   10.6672
   -7.5000    0.0000    7.5000 2826.6541   10.0572
    0.0000    0.0000    7.5000 2850.2095    9.8982
    7.5000    0.0000    7.5000 2826.2810   10.1236
   -7.5000    7.5000    7.5000 2888.8997    9.6799
    0.0000    7.5000    7.5000 2917.6543    9.5001
    7.5000    7.5000    7.5000 2888.1680    9.8134
   -7.5000   15.0000    7.5000 2920.7151    9.5316
    0.0000   15.0000    7.5000 2940.1169    9.3534
    7.5000   15.0000    7.5000 2916.3740    9.8132
   -7.5000   22.5000    7.5000 2899.4343   10.0398
    0.0000   22.5000    7.5000 2922.0264    9.8795
    7.5000   22.5000    7.5000 2893.5940   10.2677
   -7.5000   30.0000    7.5000 2825.1001   10.7582
    0.0000   30.0000    7.5000 2841.3264   10.6293
    7.5000   30.0000    7.5000 2815.4080   10.9240
   -7.5000   37.5000    7.5000 2737.1860   11.5486
    0.0000   37.5000    7.5000 2745.0591   11.4149
    7.5000   37.5000    7.5000 2727.8501   11.6753
   -7.5000   45.0000    7.5000 2615.9001   12.5756
    0.0000   45.0000    7.5000 2626.4670   12.4278
    7.5000   45.0000    7.5000 2609.3459   12.7049
   -7.5000  -45.0000   15.0000 2110.3037   17.8226
    0.0000  -45.0000   15.0000 2128.9646   17.4695
    7.5000  -45.0000   15.0000 2110.3264   17.8395
   -7.5000  -37.5000   15.0000 2255.2754   15.6304
    0.0000  -37.5000   15.0000 2274.6775   15.3024
    7.5000  -37.5000   15.0000 2257.6890   15.6778
   -7.5000  -30.0000   15.0000 2378.8882   13.8345
    0.0000  -30.0000   15.0000 2400.3538   13.5517
    7.5000  -30.0000   15.0000 2384.6345   13.9327
   -7.5000  -22.5000   15.0000 2503.7524   12.4596
    0.0000  -22.5000   15.0000 2520.3860   12.2217
    7.5000  -22.5000   15.0000 2507.6455   12.5628
   -7.5000  -15.0000   15.0000 2615.2424   11.3975
    0.0000  -15.0000   15.0000 2624.9646   11.1993
    7.5000  -15.0000   15.0000 2617.0725   11.5097
   -7.5000   -7.5000   15.0000 2723.5178   10.5967
    0.0000   -7.5000   15.0000 2737.0696   10.4011
    7.5000   -7.5000   15.0000 2728.4299   10.7039
   -7.5000    0.0000   15.0000 2816.5269   10.0584
    0.0000    0.0000   15.0000 2832.5762    9.8343
    7.5000    0.0000   15.0000 2823.8518   10.1520
   -7.5000    7.5000   15.0000 2896.0034    9.7037
    0.0000    7.5000   15.0000 2906.2148    9.4639
    7.5000    7.5000   15.0000 2894.5330    9.8739
   -7.5000   15.0000   15.0000 2935.5247    9.7350
    0.0000   15.0000   15.0000 2949.7041    9.5513
    7.5000   15.0000   15.0000 2929.5994    9.9226
   -7.5000   22.5000   15.0000 2914.6382   10.1008
    0.0000   22.5000   15.0000 2932.4028    9.9856
    7.5000   22.5000   15.0000 2905.1296   10.2865
   -7.5000   30.0000   15.0000 2831.6616   10.7176
    0.0000   30.0000   15.0000 2846.8579   10.6076
    7.5000   30.0000   15.0000 2822.9160   10.8475
   -7.5000   37.5000   15.0000 2729.0129   11.4992
    0.0000   37.5000   15.0000 2743.6514   11.3774
    7.5000   37.5000   15.0000 2722.6001   11.6086
   -7.5000   45.0000   15.0000 2610.4749   12.5340
    0.0000   45.0000   15.0000 2625.7456   12.4389
    7.5000   45.0000   15.0000 2601.4795   12.6742
   -7.5000  -45.0000   22.5000 2086.4573   18.1867
    0.0000  -45.0000   22.5000 2101.6665   17.7988
    7.5000  -45.0000   22.5000 2089.1257   18.2718
   -7.5000  -37.5000   22.5000 2239.2573   15.8928
    0.0000  -37.5000   22.5000 2256.5049   15.5216
    7.5000  -37.5000   22.5000 2246.3218   15.9996
   -7.5000  -30.0000   22.5000 2366.8630   14.0612
    0.0000  -30.0000   22.5000 2383.1326   13.7251
    7.5000  -30.0000   22.5000 2375.2112   14.1731
   -7.5000  -22.5000   22.5000 2485.7651   12.6899
    0.0000  -22.5000   22.5000 2496.3245   12.4069
    7.5000  -22.5000   22.5000 2491.2192   12.8099
   -7.5000  -15.0000   22.5000 2590.9270   11.6690
    0.0000  -15.0000   22.5000 2599.0039   11.4512
    7.5000  -15.0000   22.5000 2594.0317   11.8081
   -7.5000   -7.5000   22.5000 2700.8777   10.9231
    0.0000   -7.5000   22.5000 2712.7185   10.7593
    7.5000   -7.5000   22.5000 2701.9978   11.0360
   -7.5000    0.0000   22.5000 2792.0684   10.4012
    0.0000    0.0000   22.5000 2813.8499   10.2222
    7.5000    0.0000   22.5000 2792.7715   10.5293
   -7.5000    7.5000   22.5000 2868.9561   10.0325
    0.0000    7.5000   22.5000 2895.0969    9.9064
    7.5000    7.5000   22.5000 2863.9924   10.1775
   -7.5000   15.0000   22.5000 2906.0415   10.0959
    0.0000   15.0000   22.5000 2933.9670   10.0259
    7.5000   15.0000   22.5000 2895.8872   10.1799
   -7.5000   22.5000   22.5000 2880.9468   10.3951
    0.0000   22.5000   22.5000 2916.5798   10.3537
    7.5000   22.5000   22.5000 2872.1638   10.4632
   -7.5000   30.0000   22.5000 2802.9070   10.9444
    0.0000   30.0000   22.5000 2832.4373   10.9040
    7.5000   30.0000   22.5000 2796.9441   11.0428
   -7.5000   37.5000   22.5000 2699.0044   11.7319
    0.0000   37.5000   22.5000 2717.2039   11.6627
    7.5000   37.5000   22.5000 2693.7969   11.8448
   -7.5000   45.0000   22.5000 2583.9050   12.7601
    0.0000   45.0000   22.5000 2597.1350   12.6632
    7.5000   45.0000   22.5000 2576.0955   12.8791
   -7.5000  -45.0000   30.0000 2045.5201   18.7568
    0.0000  -45.0000   30.0000 2058.8899   18.3218
    7.5000  -45.0000   30.0000 2054.1223   18.8629
   -7.5000  -37.5000   30.0000 2206.1128   16.4093
    0.0000  -37.5000   30.0000 2219.4172   16.0238
    7.5000  -37.5000   30.0000 2214.4556   16.5225
   -7.5000  -30.0000   30.0000 2337.5505   14.5728
    0.0000  -30.0000   30.0000 2353.3831   14.2907
    7.5000  -30.0000   30.0000 2344.9351   14.7028
   -7.5000  -22.5000   30.0000 2455.2729   13.1988
    0.0000  -22.5000   30.0000 2469.7241   13.0342
    7.5000  -22.5000   30.0000 2455.2991   13.3455
   -7.5000  -15.0000   30.0000 2557.0435   12.2356
    0.0000  -15.0000   30.0000 2572.0044   12.1300
    7.5000  -15.0000   30.0000 2551.8608   12.3635
   -7.5000   -7.5000   30.0000 2666.6377   11.5039
    0.0000   -7.5000   30.0000 2681.7947   11.3828
    7.5000   -7.5000   30.0000 2661.5510   11.6029
   -7.5000    0.0000   30.0000 2749.7952   10.8926
    0.0000    0.0000   30.0000 2768.5049   10.7081
    7.5000    0.0000   30.0000 2743.8843   10.9941
   -7.5000    7.5000   30.0000 2814.3215   10.5446
    0.0000    7.5000   30.0000 2834.0803   10.4064
    7.5000    7.5000   30.0000 2805.9822   10.6235
   -7.5000   15.0000   30.0000 2834.2488   10.5710
    0.0000   15.0000   30.0000 2859.7495   10.4669
    7.5000   15.0000   30.0000 2829.8108   10.6311
   -7.5000   22.5000   30.0000 2812.4265   10.8121
    0.0000   22.5000   30.0000 2835.7434   10.7359
    7.5000   22.5000   30.0000 2804.6709   10.8725
   -7.5000   30.0000   30.0000 2746.5642   11.3647
    0.0000   30.0000   30.0000 2774.8196   11.2934
    7.5000   30.0000   30.0000 2739.7632   11.4319
   -7.5000   37.5000   30.0000 2647.8882   12.1741
    0.0000   37.5000   30.0000 2674.9851   12.1307
    7.5000   37.5000   30.0000 2641.9451   12.2492
   -7.5000   45.0000   30.0000 2532.8223   13.1957
    0.0000   45.0000   30.0000 2554.4675   13.1602
    7.5000   45.0000   30.0000 2525.7407   13.2900
   -7.5000  -45.0000   37.5000 2003.7803   19.5416
    0.0000  -45.0000   37.5000 2012.9358   19.2766
    7.5000  -45.0000   37.5000 2010.9026   19.6937
   -7.5000  -37.5000   37.5000 2166.9587   17.1609
    0.0000  -37.5000   37.5000 2178.5486   16.9240
    7.5000  -37.5000   37.5000 2170.0090   17.2495
   -7.5000  -30.0000   37.5000 2304.2615   15.3286
    0.0000  -30.0000   37.5000 2318.7354   15.1680
    7.5000  -30.0000   37.5000 2305.4141   15.4500
   -7.5000  -22.5000   37.5000 2420.9006   13.9756
    0.0000  -22.5000   37.5000 2439.0779   13.8730
    7.5000  -22.5000   37.5000 2416.8394   14.1230
   -7.5000  -15.0000   37.5000 2516.1274   12.9608
    0.0000  -15.0000   37.5000 2538.9587   12.8727
    7.5000  -15.0000   37.5000 2508.0364   13.0892
   -7.5000   -7.5000   37.5000 2615.4883   12.1378
    0.0000   -7.5000   37.5000 2642.4617   12.0244
    7.5000   -7.5000   37.5000 2610.0532   12.2518
   -7.5000    0.0000   37.5000 2695.0007   11.4829
    0.0000    0.0000   37.5000 2719.1919   11.3491
    7.5000    0.0000   37.5000 2682.6807   11.5742
   -7.5000    7.5000   37.5000 2740.7910   11.1667
    0.0000    7.5000   37.5000 2757.9666   11.0326
    7.5000    7.5000   37.5000 2728.8999   11.2273
   -7.5000   15.0000   37.5000 2743.4172   11.1791
    0.0000   15.0000   37.5000 2767.3682   11.0498
    7.5000   15.0000   37.5000 2733.5847   11.2288
   -7.5000   22.5000   37.5000 2720.9617   11.3880
    0.0000   22.5000   37.5000 2739.7192   11.2728
    7.5000   22.5000   37.5000 2710.4751   11.4514
   -7.5000   30.0000   37.5000 2660.4851   11.9394
    0.0000   30.0000   37.5000 2681.5544   11.8213
    7.5000   30.0000   37.5000 2649.5642   11.9949
   -7.5000   37.5000   37.5000 2576.8872   12.7519
    0.0000   37.5000   37.5000 2599.5361   12.6636
    7.5000   37.5000   37.5000 2567.2275   12.8137
   -7.5000   45.0000   37.5000 2470.0691   13.7758
    0.0000   45.0000   37.5000 2491.5669   13.7216
    7.5000   45.0000   37.5000 2464.9917   13.8681
   -7.5000  -45.0000   45.0000 1957.9138   20.7039
    0.0000  -45.0000   45.0000 1963.7406   20.4901
    7.5000  -45.0000   45.0000 1961.2836   20.8535
   -7.5000  -37.5000   45.0000 2118.8901   18.1299
    0.0000  -37.5000   45.0000 2130.4124   17.9565
    7.5000  -37.5000   45.0000 2120.2485   18.2355
   -7.5000  -30.0000   45.0000 2252.9683   16.2100
    0.0000  -30.0000   45.0000 2268.8042   16.1129
    7.5000  -30.0000   45.0000 2253.3110   16.3557
   -7.5000  -22.5000   45.0000 2362.5549   14.8252
    0.0000  -22.5000   45.0000 2385.5422   14.7711
    7.5000  -22.5000   45.0000 2356.6357   14.9776
   -7.5000  -15.0000   45.0000 2456.5139   13.7742
    0.0000  -15.0000   45.0000 2484.5498   13.7196
    7.5000  -15.0000   45.0000 2447.7144   13.9100
   -7.5000   -7.5000   45.0000 2547.4932   12.9071
    0.0000   -7.5000   45.0000 2579.1211   12.8043
    7.5000   -7.5000   45.0000 2538.4385   13.0181
   -7.5000    0.0000   45.0000 2617.1091   12.2432
    0.0000    0.0000   45.0000 2642.8503   12.1504
    7.5000    0.0000   45.0000 2602.0586   12.3147
   -7.5000    7.5000   45.0000 2651.3206   11.9510
    0.0000    7.5000   45.0000 2673.3904   11.8358
    7.5000    7.5000   45.0000 2639.1924   11.9933
   -7.5000   15.0000   45.0000 2643.7456   11.9183
    0.0000   15.0000   45.0000 2670.8215   11.8263
    7.5000   15.0000   45.0000 2636.4756   11.9670
   -7.5000   22.5000   45.0000 2617.7078   12.0995
    0.0000   22.5000   45.0000 2634.9526   12.0003
    7.5000   22.5000   45.0000 2611.7542   12.1629
   -7.5000   30.0000   45.0000 2563.0818   12.6674
    0.0000   30.0000   45.0000 2576.3059   12.5615
    7.5000   30.0000   45.0000 2553.6262   12.7295
   -7.5000   37.5000   45.0000 2490.0161   13.4501
    0.0000   37.5000   45.0000 2512.6057   13.3606
    7.5000   37.5000   45.0000 2480.6343   13.5182
   -7.5000   45.0000   45.0000 2392.3372   14.4541
    0.0000   45.0000   45.0000 2409.8235   14.3758
    7.5000   45.0000   45.0000 2381.8088   14.5722

---------------------------------------------------------------------
imgreg_4dfp /opt/freesurfer/average/711-2C_as_mni_average_305 /opt/freesurfer/average/711-2B_as_mni_average_305_mask talsrcimg_g11 none talsrcimg_to_711-2C_as_mni_average_305_t4 1283
---------------------------------------------------------------------

freesurfer imgreg_4dfp.c
/opt/freesurfer/average/711-2C_as_mni_average_305.4dfp.img
       256       256       256         1
  1.000000  1.000000  1.000000
orientation T byte_order littleendian
Reading image: /opt/freesurfer/average/711-2C_as_mni_average_305.4dfp.img
dimensions:      256       256       256
mmppix:       1.0000   -1.0000   -1.0000
center:     128.0000 -129.0000 -129.0000
/opt/freesurfer/average/711-2B_as_mni_average_305_mask.4dfp.img
       256       256       256         1
  1.000000  1.000000  1.000000
orientation T byte_order littleendian
Reading mask: /opt/freesurfer/average/711-2B_as_mni_average_305_mask.4dfp.img (2306576 pixels)
talsrcimg_g11.4dfp.img
       256       256       256         1
  1.000000  1.000000  1.000000
orientation T byte_order littleendian
Reading image: talsrcimg_g11.4dfp.img
dimensions:      256       256       256
mmppix:       1.0000   -1.0000   -1.0000
center:     128.0000 -129.0000 -129.0000
rotation matrix determinant  1.000000
fimgreg.f
image alignment mode   1283 decimal      503 hex
parameters
    0.0000   15.0000   15.0000    0.0000    0.0000    0.0000
eta,q 0.92504  9.48586
niter,ni,del,rscale     5    3   12.0000    1.2000
parameter  1-11.181204 -> -0.500000 qaram    1.1500
parameter  3  0.524152 ->  0.500000 qaram    1.1500
parameter  5 -0.517248 -> -0.500000 qaram    1.1500
parameter  6 -0.798710 -> -0.500000 qaram    1.1500
parameters
    3.4500   15.2034   11.5500   -1.1133    3.4500    3.4500
eta,q 0.92514  9.37749
  0.0802  0.0854  0.0766  0.0772  0.0801  0.0783
  0.0805  0.0812  0.0764  0.0752  0.0797  0.0774
  0.0808  0.0784  0.0764  0.0756  0.0780  0.0763
  0.0794  0.0770  0.0768  0.0760  0.0758  0.0752
  0.0780  0.0786  0.0778  0.0769  0.0750  0.0748
  0.0778  0.0812  0.0788  0.0767  0.0754  0.0748
  0.0788  0.0838  0.0813  0.0767  0.0766  0.0747
niter,ni,del,rscale     7    3   12.0000    1.2000
parameters
    2.1416   15.3846   12.1260   -3.7558    5.3796    2.6880
eta,q 0.92750  9.38635
  0.0832  0.0794  0.0810  0.0744  0.0792  0.0761
  0.0795  0.0753  0.0790  0.0730  0.0792  0.0737
  0.0748  0.0737  0.0761  0.0733  0.0764  0.0723
  0.0749  0.0742  0.0742  0.0740  0.0731  0.0728
  0.0781  0.0745  0.0742  0.0745  0.0730  0.0739
  0.0851  0.0755  0.0766  0.0747  0.0747  0.0753
  0.0956  0.0781  0.0801  0.0748  0.0764  0.0771
niter,ni,del,rscale     6    3   12.0000    1.2000
parameters
    0.7507   16.5478   12.0367   -3.4877    6.1283    1.1556
eta,q 0.92798  9.39053
  0.0807  0.0830  0.0811  0.0779  0.0798  0.0738
  0.0776  0.0778  0.0791  0.0740  0.0780  0.0723
  0.0726  0.0734  0.0734  0.0714  0.0745  0.0722
  0.0725  0.0717  0.0717  0.0717  0.0718  0.0719
  0.0769  0.0719  0.0734  0.0726  0.0733  0.0727
  0.0834  0.0736  0.0778  0.0743  0.0756  0.0745
  0.0926  0.0766  0.0828  0.0758  0.0777  0.0762
niter,ni,del,rscale     5    3   12.0000    1.2000
parameters
   -0.3855   17.0623   11.9068   -3.2617    6.8435    0.2328
eta,q 0.92793  9.41230
  0.0792  0.0810  0.0817  0.0786  0.0802  0.0747
  0.0772  0.0758  0.0791  0.0744  0.0783  0.0720
  0.0739  0.0728  0.0734  0.0719  0.0752  0.0717
  0.0720  0.0724  0.0724  0.0723  0.0724  0.0722
  0.0746  0.0730  0.0744  0.0733  0.0732  0.0726
  0.0798  0.0751  0.0787  0.0750  0.0761  0.0739
  0.0889  0.0776  0.0828  0.0765  0.0783  0.0760
niter,ni,del,rscale     4    3   12.0000    1.2000
parameters
   -0.8452   17.4195   11.7219   -3.0528    7.1434    0.0901
eta,q 0.92784  9.42801
  0.0804  0.0800  0.0821  0.0789  0.0808  0.0762
  0.0784  0.0748  0.0796  0.0741  0.0778  0.0729
  0.0748  0.0727  0.0738  0.0721  0.0746  0.0716
  0.0721  0.0722  0.0722  0.0722  0.0722  0.0722
  0.0740  0.0728  0.0743  0.0731  0.0740  0.0727
  0.0773  0.0748  0.0792  0.0749  0.0771  0.0737
  0.0856  0.0775  0.0840  0.0768  0.0795  0.0758
niter,ni,del,rscale     3    3   12.0000    1.2000
parameters
   -0.9312   17.3703   11.6395   -2.9485    7.2417    0.1006
eta,q 0.92777  9.42343
  0.0813  0.0788  0.0824  0.0787  0.0806  0.0765
  0.0795  0.0741  0.0802  0.0740  0.0774  0.0731
  0.0758  0.0727  0.0744  0.0721  0.0743  0.0717
  0.0722  0.0722  0.0722  0.0722  0.0722  0.0722
  0.0739  0.0731  0.0739  0.0733  0.0745  0.0728
  0.0769  0.0753  0.0788  0.0750  0.0775  0.0737
  0.0844  0.0782  0.0842  0.0770  0.0798  0.0757
niter,ni,del,rscale     2    3   12.0000    1.2000
parameters
   -0.9164   17.3078   11.6178   -2.8983    7.2665    0.1172
eta,q 0.92775  9.41909
  0.0816  0.0788  0.0825  0.0786  0.0804  0.0765
  0.0798  0.0742  0.0804  0.0739  0.0773  0.0731
  0.0761  0.0728  0.0746  0.0721  0.0741  0.0717
  0.0722  0.0722  0.0722  0.0722  0.0722  0.0723
  0.0739  0.0730  0.0738  0.0733  0.0747  0.0728
  0.0768  0.0754  0.0785  0.0751  0.0777  0.0737
  0.0842  0.0783  0.0842  0.0771  0.0799  0.0757
niter,ni,del,rscale     1    3   12.0000    1.2000
parameters
   -0.9034   17.2781   11.6153   -2.8767    7.2764    0.1265
eta,q 0.92774  9.41713
  0.0816  0.0788  0.0825  0.0786  0.0804  0.0765
  0.0799  0.0743  0.0805  0.0738  0.0773  0.0731
  0.0761  0.0729  0.0747  0.0721  0.0741  0.0717
  0.0723  0.0722  0.0723  0.0723  0.0723  0.0723
  0.0739  0.0730  0.0737  0.0733  0.0747  0.0728
  0.0769  0.0754  0.0784  0.0751  0.0777  0.0737
  0.0843  0.0783  0.0842  0.0771  0.0799  0.0757
registration optimization eta report
parameter search radius
    6.9000    6.0000    6.9000    6.0000    6.9000    6.9000
100000*second partial in parameter space
       20.       18.       22.       16.       15.        9.
  0.0816  0.0788  0.0825  0.0786  0.0804  0.0765
  0.0799  0.0743  0.0805  0.0738  0.0773  0.0731
  0.0761  0.0729  0.0747  0.0721  0.0741  0.0717
  0.0723  0.0722  0.0723  0.0723  0.0723  0.0723
  0.0739  0.0730  0.0737  0.0733  0.0747  0.0728
  0.0769  0.0754  0.0784  0.0751  0.0777  0.0737
  0.0843  0.0783  0.0842  0.0771  0.0799  0.0757
   -0.9034   17.2781   11.6153   -2.8767    7.2764    0.1265
eta,q 0.92774  9.41713

---------------------------------------------------------------------
imgreg_4dfp /opt/freesurfer/average/711-2C_as_mni_average_305 /opt/freesurfer/average/711-2B_as_mni_average_305_mask talsrcimg_g11 none talsrcimg_to_711-2C_as_mni_average_305_t4 3335
---------------------------------------------------------------------

freesurfer imgreg_4dfp.c
/opt/freesurfer/average/711-2C_as_mni_average_305.4dfp.img
       256       256       256         1
  1.000000  1.000000  1.000000
orientation T byte_order littleendian
Reading image: /opt/freesurfer/average/711-2C_as_mni_average_305.4dfp.img
dimensions:      256       256       256
mmppix:       1.0000   -1.0000   -1.0000
center:     128.0000 -129.0000 -129.0000
/opt/freesurfer/average/711-2B_as_mni_average_305_mask.4dfp.img
       256       256       256         1
  1.000000  1.000000  1.000000
orientation T byte_order littleendian
Reading mask: /opt/freesurfer/average/711-2B_as_mni_average_305_mask.4dfp.img (2306576 pixels)
talsrcimg_g11.4dfp.img
       256       256       256         1
  1.000000  1.000000  1.000000
orientation T byte_order littleendian
Reading image: talsrcimg_g11.4dfp.img
dimensions:      256       256       256
mmppix:       1.0000   -1.0000   -1.0000
center:     128.0000 -129.0000 -129.0000
fimgreg.f
image alignment mode   3335 decimal      D07 hex
parameters
   -0.9034   17.2781   11.6153   -0.8056   -0.1249   -0.9303
    0.4152  -12.6607    0.2189    4.9908   12.6656   -4.9783
eta,q 0.92658  9.47701
niter,ni,del,rscale     5    3    5.0000    1.2000
parameter  2 -0.727841 -> -0.500000 qaram    1.1500
parameter  3 -0.855368 -> -0.500000 qaram    1.1500
parameter  4 13.776366 ->  0.500000 qaram    1.1500
parameter  5  1.984026 ->  0.500000 qaram    1.1500
parameter  6  2.152487 ->  0.500000 qaram    1.1500
parameter  7 -0.553319 -> -0.500000 qaram    1.1500
parameter  8 -1.909813 -> -0.500000 qaram    1.1500
parameter 11  0.570806 ->  0.500000 qaram    1.1500
parameter 12  1.396782 ->  0.500000 qaram    1.1500
parameters
   -0.9234   18.6581   12.9953   -4.9456   -4.2649   -5.0703
    4.5552   -8.5207   -0.1932    3.1442    8.5256   -9.1183
eta,q 0.94821  9.30380
  0.0740  0.0760  0.0751  0.0610  0.0591  0.0536  0.0580  0.0635  0.0539  0.0541  0.0529  0.0513
  0.0735  0.0750  0.0743  0.0641  0.0610  0.0559  0.0574  0.0611  0.0535  0.0535  0.0528  0.0517
  0.0734  0.0741  0.0735  0.0683  0.0629  0.0585  0.0570  0.0586  0.0532  0.0532  0.0528  0.0522
  0.0734  0.0734  0.0728  0.0722  0.0652  0.0616  0.0566  0.0562  0.0531  0.0531  0.0531  0.0528
  0.0736  0.0730  0.0724  0.0757  0.0683  0.0659  0.0563  0.0542  0.0532  0.0535  0.0537  0.0535
  0.0737  0.0728  0.0722  0.0797  0.0717  0.0705  0.0563  0.0528  0.0535  0.0549  0.0546  0.0544
  0.0739  0.0730  0.0723  0.0840  0.0755  0.0750  0.0565  0.0521  0.0543  0.0574  0.0559  0.0557
niter,ni,del,rscale     7    3    5.0000    1.2000
parameter  2  0.827873 ->  0.500000 qaram    1.3225
parameter  3  0.739331 ->  0.500000 qaram    1.3225
parameter  4  4.588141 ->  0.500000 qaram    1.3225
parameter  5  1.769671 ->  0.500000 qaram    1.3225
parameter  6  0.702331 ->  0.500000 qaram    1.3225
parameter  8 -0.622684 -> -0.500000 qaram    1.3225
parameter 11  0.514187 ->  0.500000 qaram    1.3225
parameter 12  1.097655 ->  0.500000 qaram    1.3225
parameters
   -1.6889   17.0711   11.4083   -9.7066   -9.0259   -9.8313
    0.8691   -3.7597   -1.1266    4.6237    3.7646  -13.8793
eta,q 0.97059  9.11581
  0.0521  0.0509  0.0503  0.0376  0.0348  0.0337  0.0347  0.0456  0.0325  0.0339  0.0310  0.0292
  0.0518  0.0509  0.0500  0.0396  0.0361  0.0341  0.0337  0.0413  0.0317  0.0327  0.0307  0.0293
  0.0517  0.0512  0.0503  0.0438  0.0380  0.0351  0.0336  0.0370  0.0312  0.0317  0.0307  0.0298
  0.0518  0.0517  0.0510  0.0500  0.0405  0.0366  0.0343  0.0335  0.0312  0.0312  0.0311  0.0306
  0.0521  0.0525  0.0520  0.0554  0.0431  0.0397  0.0357  0.0316  0.0315  0.0311  0.0319  0.0317
  0.0527  0.0535  0.0534  0.0599  0.0464  0.0453  0.0377  0.0313  0.0323  0.0313  0.0332  0.0331
  0.0539  0.0548  0.0549  0.0649  0.0503  0.0523  0.0402  0.0327  0.0334  0.0324  0.0348  0.0346
niter,ni,del,rscale     7    3    5.0000    1.2000
parameter  4  0.574394 ->  0.500000 qaram    1.5209
parameter 12  0.574615 ->  0.500000 qaram    1.5209
parameters
   -1.3604   17.4957   10.5579  -15.1817  -12.8590  -12.1549
    0.4637   -1.7222   -0.4446    5.2155    1.0078  -19.3544
eta,q 0.97455  8.84133
  0.0348  0.0340  0.0303  0.0288  0.0289  0.0277  0.0289  0.0339  0.0282  0.0287  0.0265  0.0258
  0.0323  0.0316  0.0295  0.0280  0.0275  0.0266  0.0277  0.0300  0.0271  0.0272  0.0262  0.0255
  0.0304  0.0300  0.0292  0.0273  0.0269  0.0263  0.0268  0.0277  0.0264  0.0265  0.0261  0.0256
  0.0294  0.0293  0.0293  0.0291  0.0277  0.0269  0.0264  0.0264  0.0262  0.0262  0.0261  0.0261
  0.0295  0.0294  0.0299  0.0344  0.0298  0.0273  0.0267  0.0262  0.0262  0.0261  0.0264  0.0269
  0.0306  0.0303  0.0312  0.0410  0.0326  0.0274  0.0279  0.0270  0.0267  0.0268  0.0268  0.0282
  0.0326  0.0320  0.0330  0.0465  0.0357  0.0308  0.0297  0.0294  0.0276  0.0279  0.0276  0.0297
niter,ni,del,rscale     7    3    5.0000    1.2000
parameters
   -0.6312   18.6734   10.1218  -17.2376  -13.0680  -11.3410
   -0.0453   -0.8743    0.0046    6.5077   -1.9204  -21.3617
eta,q 0.97541  8.81438
  0.0291  0.0318  0.0261  0.0274  0.0298  0.0282  0.0274  0.0318  0.0272  0.0286  0.0252  0.0268
  0.0274  0.0290  0.0249  0.0262  0.0277  0.0265  0.0263  0.0278  0.0261  0.0269  0.0249  0.0252
  0.0262  0.0268  0.0243  0.0252  0.0258  0.0252  0.0254  0.0255  0.0254  0.0256  0.0248  0.0246
  0.0255  0.0252  0.0243  0.0242  0.0248  0.0248  0.0249  0.0250  0.0250  0.0250  0.0249  0.0248
  0.0252  0.0243  0.0249  0.0244  0.0256  0.0255  0.0252  0.0254  0.0251  0.0250  0.0252  0.0256
  0.0254  0.0247  0.0259  0.0278  0.0278  0.0257  0.0265  0.0268  0.0257  0.0256  0.0256  0.0269
  0.0264  0.0264  0.0272  0.0347  0.0304  0.0272  0.0285  0.0293  0.0268  0.0267  0.0263  0.0286
niter,ni,del,rscale     6    3    5.0000    1.2000
parameters
   -0.4423   18.8592   10.1482  -17.6572  -13.1577  -10.9171
   -0.0803   -0.5093    0.3846    6.9052   -1.9503  -21.6015
eta,q 0.97524  8.81773
  0.0275  0.0296  0.0270  0.0282  0.0298  0.0279  0.0278  0.0316  0.0271  0.0280  0.0261  0.0280
  0.0261  0.0272  0.0256  0.0268  0.0277  0.0262  0.0264  0.0275  0.0260  0.0263  0.0252  0.0260
  0.0251  0.0254  0.0248  0.0256  0.0257  0.0250  0.0253  0.0252  0.0252  0.0251  0.0248  0.0249
  0.0246  0.0246  0.0245  0.0245  0.0246  0.0247  0.0247  0.0247  0.0248  0.0247  0.0248  0.0248
  0.0247  0.0249  0.0249  0.0238  0.0253  0.0252  0.0250  0.0257  0.0249  0.0251  0.0250  0.0254
  0.0254  0.0263  0.0257  0.0255  0.0275  0.0255  0.0262  0.0275  0.0256  0.0260  0.0254  0.0265
  0.0268  0.0287  0.0268  0.0310  0.0303  0.0275  0.0282  0.0300  0.0268  0.0273  0.0259  0.0280
niter,ni,del,rscale     5    3    5.0000    1.2000
parameters
   -0.4205   18.9093   10.2264  -17.5768  -13.2422  -10.6732
   -0.1039   -0.4410    0.4289    7.0627   -1.8850  -21.6521
eta,q 0.97521  8.83253
  0.0273  0.0294  0.0271  0.0285  0.0299  0.0277  0.0279  0.0312  0.0270  0.0279  0.0261  0.0282
  0.0260  0.0270  0.0258  0.0271  0.0278  0.0260  0.0265  0.0273  0.0259  0.0262  0.0253  0.0262
  0.0251  0.0254  0.0250  0.0259  0.0258  0.0249  0.0254  0.0251  0.0251  0.0250  0.0249  0.0250
  0.0248  0.0248  0.0247  0.0247  0.0247  0.0247  0.0248  0.0248  0.0248  0.0248  0.0248  0.0248
  0.0250  0.0252  0.0250  0.0238  0.0254  0.0251  0.0250  0.0259  0.0250  0.0252  0.0250  0.0253
  0.0258  0.0267  0.0257  0.0252  0.0276  0.0254  0.0262  0.0277  0.0257  0.0261  0.0254  0.0265
  0.0273  0.0292  0.0268  0.0303  0.0304  0.0276  0.0282  0.0303  0.0270  0.0275  0.0259  0.0279
niter,ni,del,rscale     4    3    5.0000    1.2000
parameters
   -0.4078   18.9250   10.2840  -17.5456  -13.2915  -10.5858
   -0.0988   -0.4320    0.4364    7.1064   -1.8586  -21.6393
eta,q 0.97521  8.83705
  0.0273  0.0293  0.0270  0.0286  0.0300  0.0276  0.0279  0.0311  0.0269  0.0278  0.0261  0.0282
  0.0260  0.0270  0.0258  0.0271  0.0278  0.0260  0.0265  0.0272  0.0259  0.0261  0.0253  0.0262
  0.0251  0.0254  0.0251  0.0259  0.0259  0.0249  0.0254  0.0250  0.0251  0.0250  0.0249  0.0250
  0.0248  0.0248  0.0248  0.0248  0.0248  0.0248  0.0248  0.0248  0.0248  0.0248  0.0248  0.0248
  0.0250  0.0253  0.0250  0.0238  0.0254  0.0251  0.0250  0.0259  0.0250  0.0252  0.0250  0.0253
  0.0259  0.0268  0.0258  0.0253  0.0276  0.0254  0.0262  0.0277  0.0258  0.0261  0.0254  0.0264
  0.0274  0.0293  0.0268  0.0304  0.0305  0.0278  0.0282  0.0304  0.0271  0.0275  0.0259  0.0279
niter,ni,del,rscale     3    3    5.0000    1.2000
parameters
   -0.4027   18.9313   10.3100  -17.5282  -13.3118  -10.5594
   -0.0966   -0.4324    0.4396    7.1180   -1.8620  -21.6318
eta,q 0.97521  8.83857
  0.0273  0.0293  0.0270  0.0286  0.0300  0.0276  0.0279  0.0311  0.0269  0.0277  0.0261  0.0282
  0.0260  0.0270  0.0258  0.0272  0.0279  0.0259  0.0266  0.0272  0.0259  0.0260  0.0253  0.0262
  0.0251  0.0254  0.0250  0.0260  0.0259  0.0249  0.0254  0.0251  0.0251  0.0250  0.0249  0.0250
  0.0248  0.0248  0.0248  0.0248  0.0248  0.0248  0.0248  0.0248  0.0248  0.0248  0.0248  0.0248
  0.0250  0.0253  0.0251  0.0238  0.0254  0.0250  0.0250  0.0259  0.0250  0.0252  0.0250  0.0253
  0.0259  0.0268  0.0258  0.0253  0.0276  0.0253  0.0263  0.0277  0.0258  0.0261  0.0254  0.0264
  0.0274  0.0293  0.0269  0.0305  0.0304  0.0279  0.0282  0.0304  0.0271  0.0276  0.0259  0.0279
registration optimization eta report
parameter search radius
    2.4000    3.1740    3.1740   10.9503    9.5220    9.5220
    8.2800    9.5220    7.2000    7.2000    9.5220   10.9503
100000*second partial in parameter space
       45.       45.       21.        4.        6.        3.
        5.        7.        4.        6.        1.        3.
  0.0273  0.0293  0.0270  0.0286  0.0300  0.0276  0.0279  0.0311  0.0269  0.0277  0.0261  0.0282
  0.0260  0.0270  0.0258  0.0272  0.0279  0.0259  0.0266  0.0272  0.0259  0.0260  0.0253  0.0262
  0.0251  0.0254  0.0250  0.0260  0.0259  0.0249  0.0254  0.0251  0.0251  0.0250  0.0249  0.0250
  0.0248  0.0248  0.0248  0.0248  0.0248  0.0248  0.0248  0.0248  0.0248  0.0248  0.0248  0.0248
  0.0250  0.0253  0.0251  0.0238  0.0254  0.0250  0.0250  0.0259  0.0250  0.0252  0.0250  0.0253
  0.0259  0.0268  0.0258  0.0253  0.0276  0.0253  0.0263  0.0277  0.0258  0.0261  0.0254  0.0264
  0.0274  0.0293  0.0269  0.0305  0.0304  0.0279  0.0282  0.0304  0.0271  0.0276  0.0259  0.0279
   -0.4027   18.9313   10.3100  -17.5282  -13.3118  -10.5594
   -0.0966   -0.4324    0.4396    7.1180   -1.8620  -21.6318
eta,q 0.97521  8.83857

---------------------------------------------------------------------
imgreg_4dfp /opt/freesurfer/average/711-2C_as_mni_average_305 /opt/freesurfer/average/711-2B_as_mni_average_305_mask talsrcimg_g11 none talsrcimg_to_711-2C_as_mni_average_305_t4 2311
---------------------------------------------------------------------

freesurfer imgreg_4dfp.c
/opt/freesurfer/average/711-2C_as_mni_average_305.4dfp.img
       256       256       256         1
  1.000000  1.000000  1.000000
orientation T byte_order littleendian
Reading image: /opt/freesurfer/average/711-2C_as_mni_average_305.4dfp.img
dimensions:      256       256       256
mmppix:       1.0000   -1.0000   -1.0000
center:     128.0000 -129.0000 -129.0000
/opt/freesurfer/average/711-2B_as_mni_average_305_mask.4dfp.img
       256       256       256         1
  1.000000  1.000000  1.000000
orientation T byte_order littleendian
Reading mask: /opt/freesurfer/average/711-2B_as_mni_average_305_mask.4dfp.img (2306576 pixels)
talsrcimg_g11.4dfp.img
       256       256       256         1
  1.000000  1.000000  1.000000
orientation T byte_order littleendian
Reading image: talsrcimg_g11.4dfp.img
dimensions:      256       256       256
mmppix:       1.0000   -1.0000   -1.0000
center:     128.0000 -129.0000 -129.0000
fimgreg.f
image alignment mode   2311 decimal      907 hex
parameters
   -0.4027   18.9313   10.3100  -17.5282  -13.3118  -10.5594
   -0.0966   -0.4324    0.4396    7.1180   -1.8620  -21.6318
eta,q 0.97521  8.83857
niter,ni,del,rscale     5    3    5.0000    0.8000
parameter  4 -1.550867 -> -0.500000 qaram    1.1500
parameters
   -0.3388   18.9738   10.2969  -14.7682  -13.3656   -9.9437
   -0.7676   -0.2503    0.1033    7.5790   -0.6484  -22.3357
eta,q 0.97597  8.99417
  0.0260  0.0261  0.0254  0.0263  0.0259  0.0247  0.0251  0.0263  0.0250  0.0257  0.0247  0.0246
  0.0254  0.0254  0.0250  0.0258  0.0249  0.0242  0.0245  0.0250  0.0245  0.0247  0.0244  0.0242
  0.0250  0.0249  0.0249  0.0253  0.0242  0.0240  0.0241  0.0243  0.0242  0.0242  0.0242  0.0240
  0.0248  0.0248  0.0248  0.0248  0.0240  0.0240  0.0241  0.0241  0.0241  0.0241  0.0241  0.0241
  0.0249  0.0249  0.0249  0.0243  0.0243  0.0242  0.0244  0.0243  0.0242  0.0242  0.0241  0.0242
  0.0252  0.0253  0.0251  0.0239  0.0250  0.0242  0.0250  0.0249  0.0247  0.0245  0.0241  0.0245
  0.0259  0.0260  0.0254  0.0240  0.0261  0.0243  0.0259  0.0259  0.0254  0.0250  0.0243  0.0249
niter,ni,del,rscale     5    3    5.0000    0.8000
parameter  6 -0.547945 -> -0.500000 qaram    1.1500
parameters
   -0.5148   19.0685   10.3526  -14.3075  -13.1831   -7.1837
   -1.1412   -0.0688   -0.3711    9.3734   -0.5374  -22.0937
eta,q 0.97648  9.16778
  0.0251  0.0254  0.0246  0.0260  0.0260  0.0245  0.0251  0.0267  0.0247  0.0262  0.0243  0.0246
  0.0245  0.0247  0.0243  0.0254  0.0250  0.0241  0.0243  0.0252  0.0241  0.0250  0.0239  0.0240
  0.0241  0.0242  0.0241  0.0248  0.0242  0.0239  0.0238  0.0241  0.0238  0.0242  0.0236  0.0236
  0.0240  0.0240  0.0240  0.0240  0.0239  0.0238  0.0237  0.0237  0.0237  0.0237  0.0235  0.0235
  0.0243  0.0241  0.0241  0.0237  0.0240  0.0238  0.0240  0.0239  0.0239  0.0235  0.0236  0.0237
  0.0249  0.0245  0.0242  0.0243  0.0247  0.0237  0.0246  0.0248  0.0244  0.0236  0.0238  0.0239
  0.0259  0.0251  0.0245  0.0260  0.0258  0.0238  0.0256  0.0264  0.0252  0.0240  0.0242  0.0244
niter,ni,del,rscale     5    3    5.0000    0.8000
parameters
   -0.6865   19.1872   10.3765  -14.1935  -13.1264   -7.8540
   -0.4569   -0.3888   -0.5433    9.1465   -0.2166  -22.1376
eta,q 0.97637  9.14292
  0.0249  0.0250  0.0243  0.0263  0.0256  0.0244  0.0257  0.0259  0.0247  0.0248  0.0243  0.0245
  0.0241  0.0243  0.0238  0.0254  0.0247  0.0242  0.0247  0.0246  0.0241  0.0241  0.0240  0.0240
  0.0236  0.0238  0.0236  0.0245  0.0239  0.0240  0.0240  0.0238  0.0238  0.0237  0.0237  0.0237
  0.0235  0.0235  0.0235  0.0235  0.0235  0.0235  0.0237  0.0237  0.0236  0.0236  0.0236  0.0236
  0.0238  0.0236  0.0236  0.0233  0.0236  0.0231  0.0237  0.0241  0.0238  0.0238  0.0237  0.0238
  0.0246  0.0239  0.0238  0.0244  0.0244  0.0241  0.0241  0.0250  0.0242  0.0243  0.0238  0.0241
  0.0257  0.0247  0.0242  0.0270  0.0257  0.0263  0.0248  0.0266  0.0249  0.0250  0.0242  0.0245
niter,ni,del,rscale     4    3    5.0000    0.7000
parameters
   -0.7484   19.1754   10.3794  -13.8525  -13.1656   -7.6309
   -0.5577   -0.4356   -0.6361    9.2805   -0.2111  -22.0826
eta,q 0.97654  9.16364
  0.0248  0.0246  0.0241  0.0260  0.0252  0.0242  0.0247  0.0256  0.0243  0.0245  0.0240  0.0242
  0.0242  0.0241  0.0238  0.0252  0.0244  0.0240  0.0240  0.0244  0.0238  0.0239  0.0237  0.0238
  0.0238  0.0238  0.0237  0.0244  0.0238  0.0238  0.0236  0.0237  0.0235  0.0236  0.0235  0.0235
  0.0236  0.0236  0.0236  0.0236  0.0235  0.0235  0.0235  0.0235  0.0235  0.0235  0.0235  0.0235
  0.0238  0.0237  0.0237  0.0234  0.0237  0.0231  0.0236  0.0237  0.0236  0.0235  0.0235  0.0236
  0.0243  0.0241  0.0238  0.0242  0.0243  0.0233  0.0241  0.0245  0.0239  0.0238  0.0237  0.0238
  0.0251  0.0247  0.0240  0.0260  0.0253  0.0246  0.0248  0.0257  0.0244  0.0244  0.0240  0.0241
niter,ni,del,rscale     3    3    5.0000    0.6000
parameters
   -0.7945   19.1942   10.3946  -13.5755  -13.1644   -7.0550
   -0.6481   -0.4251   -0.7548    9.6141   -0.2454  -22.0203
eta,q 0.97681  9.19526
  0.0244  0.0242  0.0238  0.0255  0.0247  0.0240  0.0242  0.0250  0.0239  0.0242  0.0237  0.0238
  0.0239  0.0238  0.0236  0.0248  0.0241  0.0239  0.0236  0.0241  0.0235  0.0236  0.0234  0.0234
  0.0236  0.0236  0.0235  0.0241  0.0236  0.0237  0.0233  0.0234  0.0233  0.0233  0.0232  0.0232
  0.0235  0.0235  0.0235  0.0235  0.0234  0.0234  0.0232  0.0232  0.0232  0.0232  0.0232  0.0232
  0.0236  0.0235  0.0235  0.0233  0.0235  0.0230  0.0233  0.0234  0.0233  0.0232  0.0232  0.0233
  0.0240  0.0238  0.0236  0.0240  0.0240  0.0231  0.0237  0.0240  0.0235  0.0234  0.0234  0.0235
  0.0246  0.0242  0.0238  0.0255  0.0248  0.0241  0.0243  0.0251  0.0240  0.0239  0.0237  0.0237
niter,ni,del,rscale     2    3    5.0000    0.5000
parameters
   -0.8383   19.1936   10.4141  -13.3968  -13.1652   -6.5850
   -0.6179   -0.4206   -0.8480    9.8087   -0.2633  -21.9437
eta,q 0.97701  9.21408
  0.0239  0.0237  0.0235  0.0249  0.0241  0.0239  0.0238  0.0244  0.0235  0.0237  0.0234  0.0235
  0.0235  0.0234  0.0233  0.0242  0.0236  0.0238  0.0233  0.0237  0.0232  0.0233  0.0232  0.0232
  0.0233  0.0233  0.0232  0.0236  0.0233  0.0235  0.0231  0.0232  0.0230  0.0231  0.0230  0.0230
  0.0232  0.0232  0.0232  0.0232  0.0231  0.0231  0.0230  0.0230  0.0230  0.0230  0.0230  0.0230
  0.0233  0.0232  0.0232  0.0232  0.0232  0.0229  0.0231  0.0231  0.0231  0.0230  0.0230  0.0230
  0.0236  0.0234  0.0233  0.0237  0.0236  0.0231  0.0233  0.0237  0.0233  0.0232  0.0232  0.0232
  0.0241  0.0237  0.0235  0.0249  0.0242  0.0239  0.0237  0.0245  0.0235  0.0236  0.0234  0.0234
niter,ni,del,rscale     1    3    5.0000    0.4000
parameters
   -0.8689   19.1646   10.4734  -13.2731  -13.1869   -6.1686
   -0.5645   -0.4104   -0.8996    9.8693   -0.2357  -21.8911
eta,q 0.97713  9.22507
  0.0235  0.0233  0.0233  0.0243  0.0236  0.0238  0.0234  0.0239  0.0232  0.0233  0.0231  0.0232
  0.0232  0.0231  0.0231  0.0237  0.0233  0.0236  0.0231  0.0233  0.0230  0.0231  0.0230  0.0230
  0.0230  0.0230  0.0230  0.0233  0.0231  0.0233  0.0229  0.0230  0.0229  0.0229  0.0229  0.0229
  0.0230  0.0230  0.0230  0.0230  0.0230  0.0230  0.0229  0.0229  0.0229  0.0229  0.0229  0.0229
  0.0231  0.0230  0.0230  0.0230  0.0230  0.0228  0.0229  0.0230  0.0229  0.0229  0.0229  0.0229
  0.0233  0.0232  0.0231  0.0234  0.0233  0.0230  0.0231  0.0233  0.0230  0.0230  0.0230  0.0230
  0.0236  0.0234  0.0232  0.0242  0.0237  0.0236  0.0233  0.0239  0.0232  0.0233  0.0231  0.0232
registration optimization eta report
parameter search radius
    0.8000    0.8000    0.8000    2.7600    2.4000    2.7600
    2.4000    2.4000    2.4000    2.4000    2.4000    2.4000
100000*second partial in parameter space
       87.       58.       39.       16.       12.       10.
        9.       18.        6.        8.        5.        6.
  0.0235  0.0233  0.0233  0.0243  0.0236  0.0238  0.0234  0.0239  0.0232  0.0233  0.0231  0.0232
  0.0232  0.0231  0.0231  0.0237  0.0233  0.0236  0.0231  0.0233  0.0230  0.0231  0.0230  0.0230
  0.0230  0.0230  0.0230  0.0233  0.0231  0.0233  0.0229  0.0230  0.0229  0.0229  0.0229  0.0229
  0.0230  0.0230  0.0230  0.0230  0.0230  0.0230  0.0229  0.0229  0.0229  0.0229  0.0229  0.0229
  0.0231  0.0230  0.0230  0.0230  0.0230  0.0228  0.0229  0.0230  0.0229  0.0229  0.0229  0.0229
  0.0233  0.0232  0.0231  0.0234  0.0233  0.0230  0.0231  0.0233  0.0230  0.0230  0.0230  0.0230
  0.0236  0.0234  0.0232  0.0242  0.0237  0.0236  0.0233  0.0239  0.0232  0.0233  0.0231  0.0232
   -0.8689   19.1646   10.4734  -13.2731  -13.1869   -6.1686
   -0.5645   -0.4104   -0.8996    9.8693   -0.2357  -21.8911
eta,q 0.97713  9.22507

---------------------------------------------------------------------
imgreg_4dfp /opt/freesurfer/average/711-2C_as_mni_average_305 /opt/freesurfer/average/711-2B_as_mni_average_305_mask talsrcimg_g11 none talsrcimg_to_711-2C_as_mni_average_305_t4 2311
---------------------------------------------------------------------

freesurfer imgreg_4dfp.c
/opt/freesurfer/average/711-2C_as_mni_average_305.4dfp.img
       256       256       256         1
  1.000000  1.000000  1.000000
orientation T byte_order littleendian
Reading image: /opt/freesurfer/average/711-2C_as_mni_average_305.4dfp.img
dimensions:      256       256       256
mmppix:       1.0000   -1.0000   -1.0000
center:     128.0000 -129.0000 -129.0000
/opt/freesurfer/average/711-2B_as_mni_average_305_mask.4dfp.img
       256       256       256         1
  1.000000  1.000000  1.000000
orientation T byte_order littleendian
Reading mask: /opt/freesurfer/average/711-2B_as_mni_average_305_mask.4dfp.img (2306576 pixels)
talsrcimg_g11.4dfp.img
       256       256       256         1
  1.000000  1.000000  1.000000
orientation T byte_order littleendian
Reading image: talsrcimg_g11.4dfp.img
dimensions:      256       256       256
mmppix:       1.0000   -1.0000   -1.0000
center:     128.0000 -129.0000 -129.0000
fimgreg.f
image alignment mode   2311 decimal      907 hex
parameters
   -0.8689   19.1646   10.4734  -13.2731  -13.1869   -6.1686
   -0.5645   -0.4104   -0.8996    9.8693   -0.2357  -21.8911
eta,q 0.97713  9.22507
niter,ni,del,rscale     5    3    5.0000    0.8000
parameters
   -0.8795   19.0696   10.5694  -13.8742  -13.2826   -6.9157
   -0.2172   -0.6156   -0.7304    9.4711   -0.2212  -21.7480
eta,q 0.97675  9.18524
  0.0252  0.0242  0.0242  0.0252  0.0251  0.0243  0.0251  0.0260  0.0246  0.0245  0.0241  0.0243
  0.0239  0.0235  0.0235  0.0243  0.0241  0.0240  0.0242  0.0245  0.0239  0.0237  0.0236  0.0237
  0.0231  0.0230  0.0230  0.0234  0.0234  0.0236  0.0235  0.0235  0.0234  0.0233  0.0233  0.0233
  0.0229  0.0229  0.0229  0.0229  0.0230  0.0230  0.0233  0.0233  0.0233  0.0233  0.0233  0.0233
  0.0232  0.0231  0.0230  0.0233  0.0232  0.0230  0.0234  0.0237  0.0233  0.0235  0.0233  0.0234
  0.0239  0.0236  0.0233  0.0249  0.0241  0.0243  0.0238  0.0248  0.0237  0.0240  0.0236  0.0237
  0.0252  0.0246  0.0239  0.0276  0.0254  0.0266  0.0247  0.0266  0.0244  0.0249  0.0241  0.0241
niter,ni,del,rscale     4    3    5.0000    0.7000
parameters
   -0.8566   19.1528   10.4964  -13.6604  -13.2964   -7.0150
   -0.4818   -0.5618   -0.7198    9.4502   -0.2244  -21.8631
eta,q 0.97679  9.18760
  0.0248  0.0244  0.0238  0.0254  0.0249  0.0240  0.0244  0.0257  0.0242  0.0243  0.0238  0.0240
  0.0239  0.0238  0.0234  0.0246  0.0241  0.0239  0.0237  0.0244  0.0236  0.0237  0.0235  0.0235
  0.0234  0.0234  0.0233  0.0239  0.0235  0.0236  0.0233  0.0235  0.0233  0.0233  0.0233  0.0232
  0.0233  0.0233  0.0232  0.0232  0.0232  0.0232  0.0232  0.0232  0.0232  0.0232  0.0232  0.0232
  0.0234  0.0233  0.0234  0.0231  0.0234  0.0229  0.0234  0.0234  0.0233  0.0233  0.0233  0.0233
  0.0239  0.0236  0.0236  0.0239  0.0240  0.0234  0.0239  0.0242  0.0236  0.0237  0.0235  0.0236
  0.0247  0.0242  0.0239  0.0255  0.0250  0.0248  0.0247  0.0256  0.0242  0.0243  0.0239  0.0240
niter,ni,del,rscale     3    3    5.0000    0.6000
parameters
   -0.8598   19.1817   10.4790  -13.4292  -13.2646   -6.6845
   -0.5987   -0.4886   -0.7935    9.6560   -0.2504  -21.8726
eta,q 0.97697  9.20597
  0.0243  0.0240  0.0237  0.0250  0.0245  0.0239  0.0240  0.0251  0.0237  0.0240  0.0236  0.0237
  0.0237  0.0236  0.0234  0.0243  0.0239  0.0238  0.0235  0.0240  0.0233  0.0235  0.0233  0.0233
  0.0233  0.0233  0.0232  0.0237  0.0234  0.0235  0.0231  0.0233  0.0231  0.0232  0.0231  0.0231
  0.0232  0.0232  0.0232  0.0232  0.0232  0.0232  0.0230  0.0230  0.0230  0.0230  0.0230  0.0230
  0.0233  0.0233  0.0233  0.0231  0.0233  0.0229  0.0232  0.0232  0.0231  0.0231  0.0231  0.0231
  0.0237  0.0235  0.0234  0.0237  0.0237  0.0231  0.0236  0.0239  0.0234  0.0233  0.0233  0.0233
  0.0243  0.0240  0.0237  0.0249  0.0245  0.0241  0.0241  0.0250  0.0238  0.0238  0.0236  0.0236
niter,ni,del,rscale     2    3    5.0000    0.5000
parameters
   -0.8729   19.1721   10.4864  -13.3003  -13.2367   -6.2993
   -0.5887   -0.4482   -0.8667    9.7757   -0.2318  -21.8499
eta,q 0.97710  9.21953
  0.0239  0.0236  0.0234  0.0245  0.0240  0.0238  0.0237  0.0245  0.0234  0.0236  0.0233  0.0234
  0.0234  0.0233  0.0232  0.0239  0.0235  0.0237  0.0233  0.0236  0.0231  0.0232  0.0231  0.0231
  0.0231  0.0231  0.0231  0.0234  0.0232  0.0234  0.0230  0.0231  0.0230  0.0230  0.0230  0.0229
  0.0230  0.0230  0.0230  0.0230  0.0230  0.0230  0.0229  0.0229  0.0229  0.0229  0.0229  0.0229
  0.0231  0.0231  0.0231  0.0231  0.0231  0.0228  0.0230  0.0230  0.0230  0.0229  0.0229  0.0230
  0.0234  0.0233  0.0232  0.0235  0.0235  0.0231  0.0232  0.0236  0.0232  0.0232  0.0231  0.0231
  0.0239  0.0236  0.0234  0.0244  0.0240  0.0238  0.0237  0.0244  0.0235  0.0235  0.0233  0.0234
niter,ni,del,rscale     1    3    5.0000    0.4000
parameters
   -0.8885   19.1403   10.5376  -13.2371  -13.2405   -6.0027
   -0.5302   -0.4310   -0.9149    9.8156   -0.2406  -21.8145
eta,q 0.97716  9.22662
  0.0235  0.0232  0.0232  0.0239  0.0236  0.0237  0.0234  0.0239  0.0232  0.0233  0.0231  0.0232
  0.0231  0.0230  0.0231  0.0235  0.0232  0.0234  0.0231  0.0233  0.0230  0.0230  0.0230  0.0230
  0.0230  0.0229  0.0229  0.0231  0.0230  0.0231  0.0229  0.0230  0.0229  0.0229  0.0229  0.0229
  0.0229  0.0229  0.0229  0.0229  0.0229  0.0229  0.0228  0.0228  0.0228  0.0228  0.0228  0.0228
  0.0230  0.0229  0.0229  0.0229  0.0230  0.0228  0.0229  0.0229  0.0229  0.0229  0.0229  0.0229
  0.0232  0.0231  0.0230  0.0233  0.0232  0.0230  0.0230  0.0233  0.0230  0.0230  0.0230  0.0230
  0.0235  0.0233  0.0231  0.0239  0.0236  0.0235  0.0233  0.0239  0.0232  0.0233  0.0231  0.0231
registration optimization eta report
parameter search radius
    0.8000    0.8000    0.8000    2.4000    2.4000    2.4000
    2.4000    2.4000    2.4000    2.4000    2.4000    2.4000
100000*second partial in parameter space
       90.       59.       44.       18.       12.       12.
        9.       18.        6.        8.        5.        6.
  0.0235  0.0232  0.0232  0.0239  0.0236  0.0237  0.0234  0.0239  0.0232  0.0233  0.0231  0.0232
  0.0231  0.0230  0.0231  0.0235  0.0232  0.0234  0.0231  0.0233  0.0230  0.0230  0.0230  0.0230
  0.0230  0.0229  0.0229  0.0231  0.0230  0.0231  0.0229  0.0230  0.0229  0.0229  0.0229  0.0229
  0.0229  0.0229  0.0229  0.0229  0.0229  0.0229  0.0228  0.0228  0.0228  0.0228  0.0228  0.0228
  0.0230  0.0229  0.0229  0.0229  0.0230  0.0228  0.0229  0.0229  0.0229  0.0229  0.0229  0.0229
  0.0232  0.0231  0.0230  0.0233  0.0232  0.0230  0.0230  0.0233  0.0230  0.0230  0.0230  0.0230
  0.0235  0.0233  0.0231  0.0239  0.0236  0.0235  0.0233  0.0239  0.0232  0.0233  0.0231  0.0231
   -0.8885   19.1403   10.5376  -13.2371  -13.2405   -6.0027
   -0.5302   -0.4310   -0.9149    9.8156   -0.2406  -21.8145
eta,q 0.97716  9.22662

---------------------------------------------------------------------
compute_vox2vox talsrcimg talsrcimg_to_711-2C_as_mni_average_305_t4 /opt/freesurfer/average/711-2C_as_mni_average_305
---------------------------------------------------------------------

freesurfer compute_vox2vox.c
Reading: talsrcimg.4dfp.ifh
Reading: talsrcimg_to_711-2C_as_mni_average_305_t4
Reading: /opt/freesurfer/average/711-2C_as_mni_average_305.4dfp.ifh
Writing: talsrcimg_to_711-2C_as_mni_average_305_t4_vox2vox.txt

start time Sat Mar 7 06:01:21 CET 2026
end		time Sat Mar 7 06:01:36 CET 2026

mpr2mni305 success

avi2talxfm orig_nu.mgz /opt/freesurfer/average/mni305.cor.mgz talsrcimg_to_711-2C_as_mni_average_305_t4_vox2vox.txt transforms/talairach.auto.xfm
avi2talxfm done
mv -f /out/sourcedata/freesurfer/sub-v1s1x0050648_ses-1/mri/talsrcimg_to_711-2C_as_mni_average_305_t4_vox2vox.txt /out/sourcedata/freesurfer/sub-v1s1x0050648_ses-1/mri/transforms/talsrcimg_to_711-2C_as_mni_average_305_t4_vox2vox.txt
lta_convert --src orig_nu.mgz --trg /opt/freesurfer/average/mni305.cor.mgz --inxfm transforms/talairach.auto.xfm --outlta transforms/talairach.auto.xfm.lta --subject fsaverage
7.3.2

--src: orig_nu.mgz src image (geometry).
--trg: /opt/freesurfer/average/mni305.cor.mgz trg image (geometry).
--inmni: transforms/talairach.auto.xfm input MNI/XFM transform.
--outlta: transforms/talairach.auto.xfm.lta output LTA.
--s: fsaverage subject name
 LTA read, type : 1
 1.15267   0.00443   0.00816  -4.90817;
 0.00562   1.03666   0.26069  -2.42955;
 0.01152  -0.11724   1.12320  -26.56183;
 0.00000   0.00000   0.00000   1.00000;
setting subject to fsaverage
Writing  LTA to file transforms/talairach.auto.xfm.lta...
lta_convert successful.
 
 
Started at Sat Mar 7 06:01:21 CET 2026
Ended   at Sat Mar  7 06:01:36 CET 2026
talairach_avi done
