/out/sourcedata/freesurfer/sub-v1s11x0050155_ses-1/mri
/opt/freesurfer/bin/mri_nu_correct.mni
--i orig.mgz --o nu.mgz --uchar transforms/talairach.xfm --n 2 --ants-n4
nIters 2
mri_nu_correct.mni 7.3.2
Linux dna043 5.14.0-427.37.1.el9_4.x86_64 #1 SMP PREEMPT_DYNAMIC Fri Sep 13 12:41:50 EDT 2024 x86_64 x86_64 x86_64 GNU/Linux
Fri Mar  6 17:37:04 CET 2026
tmpdir is ./tmp.mri_nu_correct.mni.2782549
cd /out/sourcedata/freesurfer/sub-v1s11x0050155_ses-1/mri
AntsN4BiasFieldCorrectionFs -i orig.mgz -o ./tmp.mri_nu_correct.mni.2782549/nu0.mgz --dtype uchar
AntsN4BiasFieldCorrectionFs done
mri_binarize --i ./tmp.mri_nu_correct.mni.2782549/nu0.mgz --min -1 --o ./tmp.mri_nu_correct.mni.2782549/ones.mgz

7.3.2
cwd /out/sourcedata/freesurfer/sub-v1s11x0050155_ses-1/mri
cmdline mri_binarize --i ./tmp.mri_nu_correct.mni.2782549/nu0.mgz --min -1 --o ./tmp.mri_nu_correct.mni.2782549/ones.mgz 
sysname  Linux
hostname dna043
machine  x86_64
user     oesteban

input      ./tmp.mri_nu_correct.mni.2782549/nu0.mgz
frame      0
nErode3d   0
nErode2d   0
output     ./tmp.mri_nu_correct.mni.2782549/ones.mgz
Binarizing based on threshold
min        -1
max        +infinity
binval        1
binvalnot     0
fstart = 0, fend = 0, nframes = 1
Starting parallel 1
Found 16777216 values in range
Counting number of voxels in first frame
Found 16777215 voxels in final mask
Writing output to ./tmp.mri_nu_correct.mni.2782549/ones.mgz
Count: 16777215 16777215.000000 16777216 99.999994
mri_binarize done
mri_segstats --id 1 --seg ./tmp.mri_nu_correct.mni.2782549/ones.mgz --i orig.mgz --sum ./tmp.mri_nu_correct.mni.2782549/sum.junk --avgwf ./tmp.mri_nu_correct.mni.2782549/input.mean.dat

7.3.2
cwd 
cmdline mri_segstats --id 1 --seg ./tmp.mri_nu_correct.mni.2782549/ones.mgz --i orig.mgz --sum ./tmp.mri_nu_correct.mni.2782549/sum.junk --avgwf ./tmp.mri_nu_correct.mni.2782549/input.mean.dat 
sysname  Linux
hostname dna043
machine  x86_64
user     oesteban
whitesurfname  white
UseRobust  0
Loading ./tmp.mri_nu_correct.mni.2782549/ones.mgz
Loading orig.mgz
Voxel Volume is 1 mm^3
Generating list of segmentation ids
Found   1 segmentations
Computing statistics for each segmentation

Reporting on   1 segmentations
Using PrintSegStat
Computing spatial average of each frame

Writing to ./tmp.mri_nu_correct.mni.2782549/input.mean.dat
mri_segstats done
mri_segstats --id 1 --seg ./tmp.mri_nu_correct.mni.2782549/ones.mgz --i ./tmp.mri_nu_correct.mni.2782549/nu0.mgz --sum ./tmp.mri_nu_correct.mni.2782549/sum.junk --avgwf ./tmp.mri_nu_correct.mni.2782549/output.mean.dat

7.3.2
cwd 
cmdline mri_segstats --id 1 --seg ./tmp.mri_nu_correct.mni.2782549/ones.mgz --i ./tmp.mri_nu_correct.mni.2782549/nu0.mgz --sum ./tmp.mri_nu_correct.mni.2782549/sum.junk --avgwf ./tmp.mri_nu_correct.mni.2782549/output.mean.dat 
sysname  Linux
hostname dna043
machine  x86_64
user     oesteban
whitesurfname  white
UseRobust  0
Loading ./tmp.mri_nu_correct.mni.2782549/ones.mgz
Loading ./tmp.mri_nu_correct.mni.2782549/nu0.mgz
Voxel Volume is 1 mm^3
Generating list of segmentation ids
Found   1 segmentations
Computing statistics for each segmentation

Reporting on   1 segmentations
Using PrintSegStat
Computing spatial average of each frame

Writing to ./tmp.mri_nu_correct.mni.2782549/output.mean.dat
mri_segstats done
mris_calc -o ./tmp.mri_nu_correct.mni.2782549/nu0.mgz ./tmp.mri_nu_correct.mni.2782549/nu0.mgz mul 1.15011549582153560989
mri_convert ./tmp.mri_nu_correct.mni.2782549/nu0.mgz nu.mgz --like orig.mgz
mri_convert ./tmp.mri_nu_correct.mni.2782549/nu0.mgz nu.mgz --like orig.mgz 
reading from ./tmp.mri_nu_correct.mni.2782549/nu0.mgz...
TR=0.00, TE=0.00, TI=0.00, flip angle=0.00
i_ras = (-1, 0, 0)
j_ras = (0, 0, -1)
k_ras = (0, 1, 0)
INFO: transform src into the like-volume: orig.mgz
writing to nu.mgz...
mri_make_uchar nu.mgz transforms/talairach.xfm nu.mgz
type change took 0 minutes and 6 seconds.
FIRST_PERCENTILE 0.010000
WM_PERCENTILE    0.900000
MAX_R 50.000000
i1 = 10, i2 = 77
#mri_make_uchar# mapping 26 197 to  3 110  :  b -13.4873 m 0.627547 : thresh 21.4921 maxsat 427.836 : nzero 13325001 nsat 0
 
 
Fri Mar  6 17:40:19 CET 2026
mri_nu_correct.mni done
