status file for recon-all
Fri Mar  6 16:16:44 CET 2026
#@# Tessellate rh Fri Mar  6 16:16:44 CET 2026
#@# Smooth1 rh Fri Mar  6 16:16:48 CET 2026
#@# Inflation1 rh Fri Mar  6 16:16:51 CET 2026
#@# QSphere rh Fri Mar  6 16:17:04 CET 2026
#@# Fix Topology rh Fri Mar  6 16:18:15 CET 2026
#@# Smooth2 rh Fri Mar  6 16:26:41 CET 2026
#@# Inflation2 rh Fri Mar  6 16:26:44 CET 2026
#@# Curv .H and .K rh Fri Mar  6 16:26:59 CET 2026
#@# Sphere rh Fri Mar  6 16:27:45 CET 2026
#@# Surf Reg rh Fri Mar  6 16:32:02 CET 2026
#@# Jacobian white rh Fri Mar  6 16:37:00 CET 2026
#@# AvgCurv rh Fri Mar  6 16:37:01 CET 2026
#@# Cortical Parc rh Fri Mar  6 16:37:02 CET 2026
#@# white curv rh Fri Mar  6 16:43:19 CET 2026
#@# white area rh Fri Mar  6 16:43:20 CET 2026
#@# pial curv rh Fri Mar  6 16:43:21 CET 2026
#@# pial area rh Fri Mar  6 16:43:23 CET 2026
#@# thickness rh Fri Mar  6 16:43:24 CET 2026
#@# area and vertex vol rh Fri Mar  6 16:43:53 CET 2026
#@# Curvature Stats rh Fri Mar  6 16:43:54 CET 2026
#@# Cortical Parc 2 rh Fri Mar  6 16:43:57 CET 2026
#@# Cortical Parc 3 rh Fri Mar  6 16:44:10 CET 2026
#@# WM/GM Contrast rh Fri Mar  6 16:44:20 CET 2026
recon-all -s sub-v1s10x0051101_ses-1 finished without error at Fri Mar  6 16:44:24 CET 2026



#New# invocation of recon-all 



status file for recon-all
Fri Mar  6 16:52:46 CET 2026
#@# white curv rh Fri Mar  6 16:52:46 CET 2026
#@# white area rh Fri Mar  6 16:52:46 CET 2026
#@# pial curv rh Fri Mar  6 16:52:46 CET 2026
#@# pial area rh Fri Mar  6 16:52:46 CET 2026
#@# thickness rh Fri Mar  6 16:52:46 CET 2026
#@# area and vertex vol rh Fri Mar  6 16:52:46 CET 2026
#@# Parcellation Stats rh Fri Mar  6 16:52:46 CET 2026
#@# Parcellation Stats 2 rh Fri Mar  6 16:53:05 CET 2026
#@# Parcellation Stats 3 rh Fri Mar  6 16:53:14 CET 2026
#@# BA_exvivo Labels rh Fri Mar  6 16:53:24 CET 2026
recon-all -s sub-v1s10x0051101_ses-1 finished without error at Fri Mar  6 16:55:59 CET 2026
