/out/sourcedata/freesurfer/sub-v1s11x0050166_ses-1/mri
/opt/freesurfer/bin/talairach_avi
--i orig_nu.mgz --xfm transforms/talairach.auto.xfm
talairach_avi 7.3.2
Linux dna028 5.14.0-427.37.1.el9_4.x86_64 #1 SMP PREEMPT_DYNAMIC Fri Sep 13 12:41:50 EDT 2024 x86_64 x86_64 x86_64 GNU/Linux
Fri Mar  6 18:40:09 CET 2026
mri_convert orig_nu.mgz talsrcimg.img 
reading from orig_nu.mgz...
TR=0.00, TE=0.00, TI=0.00, flip angle=0.00
i_ras = (-1, 0, 0)
j_ras = (0, 0, -1)
k_ras = (0, 1, 0)
writing to talsrcimg.img...
Analyze Output Matrix
-1.00000   0.00000   0.00000   123.41143;
 0.00000   0.00000   1.00000  -127.01288;
 0.00000  -1.00000   0.00000   158.85461;
 0.00000   0.00000   0.00000   1.00000;
--------------------
INFO: set hdr.hist.orient to -1
mpr2mni305 talsrcimg
Fri Mar  6 18:40:10 CET 2026
/opt/freesurfer/bin/mpr2mni305 talsrcimg
mpr2mni305 7.3.2
target=711-2C_as_mni_average_305

---------------------------------------------------------------------
analyzeto4dfp talsrcimg -O0 -y
---------------------------------------------------------------------

freesurfer ifh2hdr.c
Fri Mar  6 18:40:10 2026
Writing: talsrcimg.4dfp.hdr
freesurfer analyzeto4dfp.c
Reading: talsrcimg.hdr
header size 348 bytes
hdr.dime.datatype	offset=70	value=2
hdr.dime.bitpix		offset=72	value=8
hdr.hist.orient		offset=252	value=-1
dimensionality     4
dimensions       256       256       256         1
Reading: talsrcimg.img
Writing: talsrcimg.4dfp.img
Writing: talsrcimg.4dfp.ifh
ifh2hdr talsrcimg -r0to208
ori=2

---------------------------------------------------------------------
gauss_4dfp talsrcimg 1.1
---------------------------------------------------------------------

freesurfer gauss_4dfp.c
Reading: talsrcimg.4dfp.img
Writing: talsrcimg_g11.4dfp.img
image dimensions 256 256 256 padded to 288 288 288
processing volume 1freesurfer ifh2hdr.c
Fri Mar  6 18:40:12 2026
Writing: talsrcimg_g11.4dfp.hdr

Writing: talsrcimg_g11.4dfp.ifh
including: talsrcimg.4dfp.img.rec in talsrcimg_g11.4dfp.img.rec

---------------------------------------------------------------------
imgreg_4dfp /opt/freesurfer/average/711-2C_as_mni_average_305 none talsrcimg_g11 none talsrcimg_to_711-2C_as_mni_average_305_t4 4355
---------------------------------------------------------------------

freesurfer imgreg_4dfp.c
/opt/freesurfer/average/711-2C_as_mni_average_305.4dfp.img
       256       256       256         1
  1.000000  1.000000  1.000000
orientation T byte_order littleendian
Reading image: /opt/freesurfer/average/711-2C_as_mni_average_305.4dfp.img
dimensions:      256       256       256
mmppix:       1.0000   -1.0000   -1.0000
center:     128.0000 -129.0000 -129.0000
talsrcimg_g11.4dfp.img
       256       256       256         1
  1.000000  1.000000  1.000000
orientation T byte_order littleendian
Reading image: talsrcimg_g11.4dfp.img
dimensions:      256       256       256
mmppix:       1.0000   -1.0000   -1.0000
center:     128.0000 -129.0000 -129.0000
t4_read: open error in t4_sub.f l:  41 t4_file(1:l)talsrcimg_to_711-2C_as_mni_average_305_t4 
t4_read: transform initialized to I4
rotation matrix determinant  1.000000
image alignment mode   4355 decimal     1103 hex
   -7.5000  -45.0000  -45.0000 9531.4619   17.0871
    0.0000  -45.0000  -45.000010047.2871   17.1127
    7.5000  -45.0000  -45.0000 9692.1836   17.1054
   -7.5000  -37.5000  -45.0000 9799.6924   17.0992
    0.0000  -37.5000  -45.000010342.0059   17.1234
    7.5000  -37.5000  -45.0000 9946.5430   17.1154
   -7.5000  -30.0000  -45.000010398.0869   17.0981
    0.0000  -30.0000  -45.000010962.8633   17.1197
    7.5000  -30.0000  -45.000010546.1475   17.1110
   -7.5000  -22.5000  -45.000010960.9062   17.0806
    0.0000  -22.5000  -45.000011556.6104   17.1019
    7.5000  -22.5000  -45.000011106.6025   17.0928
   -7.5000  -15.0000  -45.000011384.5342   17.0639
    0.0000  -15.0000  -45.000011988.2900   17.0885
    7.5000  -15.0000  -45.000011512.0010   17.0810
   -7.5000   -7.5000  -45.000011776.0635   17.0679
    0.0000   -7.5000  -45.000012375.3750   17.0943
    7.5000   -7.5000  -45.000011899.1035   17.0878
   -7.5000    0.0000  -45.000012040.1533   17.0858
    0.0000    0.0000  -45.000012640.1865   17.1113
    7.5000    0.0000  -45.000012157.7148   17.1040
   -7.5000    7.5000  -45.000011246.2988   17.0992
    0.0000    7.5000  -45.000011818.7803   17.1234
    7.5000    7.5000  -45.000011354.4297   17.1154
   -7.5000   15.0000  -45.000010265.7422   17.0981
    0.0000   15.0000  -45.000010772.9932   17.1197
    7.5000   15.0000  -45.000010346.6973   17.1110
   -7.5000   22.5000  -45.0000 9311.0791   17.0782
    0.0000   22.5000  -45.0000 9768.0742   17.0995
    7.5000   22.5000  -45.0000 9378.5137   17.0905
   -7.5000   30.0000  -45.0000 8392.2158   16.8433
    0.0000   30.0000  -45.0000 8783.0117   16.8677
    7.5000   30.0000  -45.0000 8425.5391   16.8605
   -7.5000   37.5000  -45.0000 7747.3003   16.9575
    0.0000   37.5000  -45.0000 8089.9136   16.9837
    7.5000   37.5000  -45.0000 7766.9141   16.9777
   -7.5000   45.0000  -45.0000 6821.6421   16.7957
    0.0000   45.0000  -45.0000 7127.2104   16.8245
    7.5000   45.0000  -45.0000 6831.3457   16.8194
   -7.5000  -45.0000  -37.500010048.4883   17.1091
    0.0000  -45.0000  -37.500010610.0986   17.1417
    7.5000  -45.0000  -37.500010226.3975   17.1397
   -7.5000  -37.5000  -37.500010333.3164   17.1283
    0.0000  -37.5000  -37.500010887.3926   17.1595
    7.5000  -37.5000  -37.500010487.6572   17.1564
   -7.5000  -30.0000  -37.500010962.6016   17.1260
    0.0000  -30.0000  -37.500011554.7607   17.1563
    7.5000  -30.0000  -37.500011123.5518   17.1544
   -7.5000  -22.5000  -37.500011533.7861   17.1014
    0.0000  -22.5000  -37.500012165.5879   17.1328
    7.5000  -22.5000  -37.500011696.0469   17.1321
   -7.5000  -15.0000  -37.500011948.8721   17.0783
    0.0000  -15.0000  -37.500012606.9912   17.1127
    7.5000  -15.0000  -37.500012108.7451   17.1131
   -7.5000   -7.5000  -37.500012327.3223   17.0822
    0.0000   -7.5000  -37.500012981.6309   17.1170
    7.5000   -7.5000  -37.500012471.2148   17.1173
   -7.5000    0.0000  -37.500012593.2598   17.1077
    0.0000    0.0000  -37.500013261.6377   17.1404
    7.5000    0.0000  -37.500012718.4980   17.1383
   -7.5000    7.5000  -37.500011764.6494   17.1283
    0.0000    7.5000  -37.500012364.2432   17.1595
    7.5000    7.5000  -37.500011864.2139   17.1564
   -7.5000   15.0000  -37.500010709.0918   17.1260
    0.0000   15.0000  -37.500011254.3701   17.1563
    7.5000   15.0000  -37.500010802.4414   17.1544
   -7.5000   22.5000  -37.5000 9672.3535   17.0990
    0.0000   22.5000  -37.500010176.8828   17.1305
    7.5000   22.5000  -37.5000 9749.0635   17.1298
   -7.5000   30.0000  -37.5000 8711.6602   16.8573
    0.0000   30.0000  -37.5000 9124.2803   16.8915
    7.5000   30.0000  -37.5000 8760.5371   16.8921
   -7.5000   37.5000  -37.5000 8054.5610   16.9751
    0.0000   37.5000  -37.5000 8412.1396   17.0104
    7.5000   37.5000  -37.5000 8070.0518   17.0121
   -7.5000   45.0000  -37.5000 7084.9927   16.8243
    0.0000   45.0000  -37.5000 7396.2451   16.8603
    7.5000   45.0000  -37.5000 7094.6538   16.8604
   -7.5000  -45.0000  -30.000010680.4326   17.8373
    0.0000  -45.0000  -30.000011292.9502   17.8787
    7.5000  -45.0000  -30.000010867.3262   17.8826
   -7.5000  -37.5000  -30.000010964.8867   17.8557
    0.0000  -37.5000  -30.000011570.2881   17.8952
    7.5000  -37.5000  -30.000011141.1953   17.8983
   -7.5000  -30.0000  -30.000011652.9717   17.8492
    0.0000  -30.0000  -30.000012300.7148   17.8869
    7.5000  -30.0000  -30.000011813.2676   17.8931
   -7.5000  -22.5000  -30.000012263.0176   17.8222
    0.0000  -22.5000  -30.000012941.4736   17.8612
    7.5000  -22.5000  -30.000012442.4521   17.8693
   -7.5000  -15.0000  -30.000012685.8516   17.8003
    0.0000  -15.0000  -30.000013386.2021   17.8423
    7.5000  -15.0000  -30.000012883.5791   17.8505
   -7.5000   -7.5000  -30.000013022.9092   17.8076
    0.0000   -7.5000  -30.000013740.2275   17.8501
    7.5000   -7.5000  -30.000013212.9531   17.8572
   -7.5000    0.0000  -30.000013272.5576   17.8359
    0.0000    0.0000  -30.000013980.2881   17.8773
    7.5000    0.0000  -30.000013421.0957   17.8812
   -7.5000    7.5000  -30.000012405.1191   17.8557
    0.0000    7.5000  -30.000013056.2383   17.8952
    7.5000    7.5000  -30.000012526.8213   17.8983
   -7.5000   15.0000  -30.000011305.9736   17.8492
    0.0000   15.0000  -30.000011883.0459   17.8869
    7.5000   15.0000  -30.000011408.3994   17.8931
   -7.5000   22.5000  -30.000010210.5244   17.8179
    0.0000   22.5000  -30.000010710.9092   17.8569
    7.5000   22.5000  -30.000010276.0254   17.8650
   -7.5000   30.0000  -30.0000 9169.4307   17.5715
    0.0000   30.0000  -30.0000 9610.0293   17.6132
    7.5000   30.0000  -30.0000 9213.1260   17.6215
   -7.5000   37.5000  -30.0000 8459.9111   17.7024
    0.0000   37.5000  -30.0000 8843.9727   17.7459
    7.5000   37.5000  -30.0000 8476.9668   17.7543
   -7.5000   45.0000  -30.0000 7435.4922   17.5584
    0.0000   45.0000  -30.0000 7774.3013   17.6024
    7.5000   45.0000  -30.0000 7441.4536   17.6077
   -7.5000  -45.0000  -22.500011297.4121   18.4310
    0.0000  -45.0000  -22.500011920.2090   18.4734
    7.5000  -45.0000  -22.500011480.0020   18.4780
   -7.5000  -37.5000  -22.500011581.5117   18.4385
    0.0000  -37.5000  -22.500012199.5918   18.4789
    7.5000  -37.5000  -22.500011729.4736   18.4838
   -7.5000  -30.0000  -22.500012289.4258   18.4278
    0.0000  -30.0000  -22.500012958.4512   18.4639
    7.5000  -30.0000  -22.500012427.6201   18.4713
   -7.5000  -22.5000  -22.500012944.9648   18.4070
    0.0000  -22.5000  -22.500013644.2236   18.4427
    7.5000  -22.5000  -22.500013102.5146   18.4513
   -7.5000  -15.0000  -22.500013388.6250   18.3955
    0.0000  -15.0000  -22.500014139.2217   18.4344
    7.5000  -15.0000  -22.500013576.3965   18.4425
   -7.5000   -7.5000  -22.500013679.4619   18.4073
    0.0000   -7.5000  -22.500014437.5400   18.4487
    7.5000   -7.5000  -22.500013861.3135   18.4552
   -7.5000    0.0000  -22.500013918.5908   18.4295
    0.0000    0.0000  -22.500014645.6396   18.4720
    7.5000    0.0000  -22.500014042.0752   18.4765
   -7.5000    7.5000  -22.500012992.1914   18.4385
    0.0000    7.5000  -22.500013677.2656   18.4789
    7.5000    7.5000  -22.500013110.3857   18.4838
   -7.5000   15.0000  -22.500011850.8936   18.4278
    0.0000   15.0000  -22.500012465.4600   18.4639
    7.5000   15.0000  -22.500011962.7666   18.4713
   -7.5000   22.5000  -22.500010683.9492   18.4014
    0.0000   22.5000  -22.500011213.3691   18.4370
    7.5000   22.5000  -22.500010781.6670   18.4456
   -7.5000   30.0000  -22.5000 9584.5137   18.1618
    0.0000   30.0000  -22.500010036.9033   18.2004
    7.5000   30.0000  -22.5000 9644.2637   18.2086
   -7.5000   37.5000  -22.5000 8823.4854   18.3026
    0.0000   37.5000  -22.5000 9229.5508   18.3443
    7.5000   37.5000  -22.5000 8861.1357   18.3513
   -7.5000   45.0000  -22.5000 7748.9717   18.1532
    0.0000   45.0000  -22.5000 8093.0474   18.1972
    7.5000   45.0000  -22.5000 7765.3662   18.2024
   -7.5000  -45.0000  -15.000011912.6865   18.8445
    0.0000  -45.0000  -15.000012535.8047   18.8806
    7.5000  -45.0000  -15.000012058.5752   18.8802
   -7.5000  -37.5000  -15.000012175.8984   18.8432
    0.0000  -37.5000  -15.000012786.8838   18.8776
    7.5000  -37.5000  -15.000012283.5264   18.8778
   -7.5000  -30.0000  -15.000012904.5664   18.8327
    0.0000  -30.0000  -15.000013565.7305   18.8611
    7.5000  -30.0000  -15.000012998.4443   18.8617
   -7.5000  -22.5000  -15.000013585.3301   18.8196
    0.0000  -22.5000  -15.000014315.0732   18.8458
    7.5000  -22.5000  -15.000013717.3584   18.8466
   -7.5000  -15.0000  -15.000014070.5107   18.8162
    0.0000  -15.0000  -15.000014848.0605   18.8458
    7.5000  -15.0000  -15.000014227.0664   18.8470
   -7.5000   -7.5000  -15.000014335.7002   18.8291
    0.0000   -7.5000  -15.000015142.6182   18.8627
    7.5000   -7.5000  -15.000014516.5508   18.8631
   -7.5000    0.0000  -15.000014518.9883   18.8429
    0.0000    0.0000  -15.000015332.7754   18.8791
    7.5000    0.0000  -15.000014684.7559   18.8787
   -7.5000    7.5000  -15.000013535.4111   18.8432
    0.0000    7.5000  -15.000014271.5303   18.8776
    7.5000    7.5000  -15.000013662.2559   18.8778
   -7.5000   15.0000  -15.000012350.8994   18.8327
    0.0000   15.0000  -15.000013014.4531   18.8611
    7.5000   15.0000  -15.000012458.9893   18.8617
   -7.5000   22.5000  -15.000011126.5488   18.8129
    0.0000   22.5000  -15.000011700.2246   18.8391
    7.5000   22.5000  -15.000011236.1035   18.8399
   -7.5000   30.0000  -15.0000 9953.6338   18.5798
    0.0000   30.0000  -15.000010447.1738   18.6093
    7.5000   30.0000  -15.000010037.9922   18.6107
   -7.5000   37.5000  -15.0000 9158.4424   18.7211
    0.0000   37.5000  -15.0000 9583.5186   18.7542
    7.5000   37.5000  -15.0000 9209.0762   18.7541
   -7.5000   45.0000  -15.0000 8023.5391   18.5635
    0.0000   45.0000  -15.0000 8375.9990   18.6009
    7.5000   45.0000  -15.0000 8039.4956   18.6011
   -7.5000  -45.0000   -7.500012579.1992   19.0597
    0.0000  -45.0000   -7.500013167.4043   19.0888
    7.5000  -45.0000   -7.500012674.6748   19.0820
   -7.5000  -37.5000   -7.500012814.3154   19.0624
    0.0000  -37.5000   -7.500013396.6084   19.0897
    7.5000  -37.5000   -7.500012874.9424   19.0827
   -7.5000  -30.0000   -7.500013581.2607   19.0572
    0.0000  -30.0000   -7.500014203.1924   19.0792
    7.5000  -30.0000   -7.500013607.6641   19.0711
   -7.5000  -22.5000   -7.500014311.5654   19.0444
    0.0000  -22.5000   -7.500015011.1299   19.0644
    7.5000  -22.5000   -7.500014383.2920   19.0556
   -7.5000  -15.0000   -7.500014852.0469   19.0367
    0.0000  -15.0000   -7.500015607.6992   19.0604
    7.5000  -15.0000   -7.500014949.5469   19.0532
   -7.5000   -7.5000   -7.500015122.9717   19.0453
    0.0000   -7.5000   -7.500015922.5791   19.0728
    7.5000   -7.5000   -7.500015261.5684   19.0663
   -7.5000    0.0000   -7.500015219.0479   19.0582
    0.0000    0.0000   -7.500016070.6787   19.0873
    7.5000    0.0000   -7.500015379.5850   19.0804
   -7.5000    7.5000   -7.500014145.3037   19.0624
    0.0000    7.5000   -7.500014919.6016   19.0897
    7.5000    7.5000   -7.500014280.6367   19.0827
   -7.5000   15.0000   -7.500012898.9307   19.0572
    0.0000   15.0000   -7.500013560.3164   19.0792
    7.5000   15.0000   -7.500012989.7959   19.0711
   -7.5000   22.5000   -7.500011623.0293   19.0356
    0.0000   22.5000   -7.500012202.5312   19.0556
    7.5000   22.5000   -7.500011701.8955   19.0468
   -7.5000   30.0000   -7.500010382.7275   18.7973
    0.0000   30.0000   -7.500010885.2373   18.8209
    7.5000   30.0000   -7.500010443.0166   18.8140
   -7.5000   37.5000   -7.5000 9528.6484   18.9306
    0.0000   37.5000   -7.5000 9965.7041   18.9573
    7.5000   37.5000   -7.5000 9570.7705   18.9503
   -7.5000   45.0000   -7.5000 8322.3770   18.7745
    0.0000   45.0000   -7.5000 8673.0068   18.8059
    7.5000   45.0000   -7.5000 8334.9160   18.8006
   -7.5000  -45.0000    0.000013171.6494   19.1192
    0.0000  -45.0000    0.000013744.8770   19.1478
    7.5000  -45.0000    0.000013195.6846   19.1396
   -7.5000  -37.5000    0.000013382.3955   19.1327
    0.0000  -37.5000    0.000013926.4980   19.1597
    7.5000  -37.5000    0.000013386.6699   19.1507
   -7.5000  -30.0000    0.000014115.7969   19.1313
    0.0000  -30.0000    0.000014683.8555   19.1556
    7.5000  -30.0000    0.000014102.2725   19.1458
   -7.5000  -22.5000    0.000014886.9072   19.1117
    0.0000  -22.5000    0.000015534.3633   19.1356
    7.5000  -22.5000    0.000014904.1562   19.1254
   -7.5000  -15.0000    0.000015413.3291   19.0931
    0.0000  -15.0000    0.000016116.1777   19.1207
    7.5000  -15.0000    0.000015462.6807   19.1122
   -7.5000   -7.5000    0.000015711.6689   19.0977
    0.0000   -7.5000    0.000016416.9180   19.1272
    7.5000   -7.5000    0.000015782.7754   19.1200
   -7.5000    0.0000    0.000015760.4004   19.1176
    0.0000    0.0000    0.000016465.8359   19.1463
    7.5000    0.0000    0.000015837.7676   19.1381
   -7.5000    7.5000    0.000014664.4961   19.1327
    0.0000    7.5000    0.000015310.7627   19.1597
    7.5000    7.5000    0.000014696.7490   19.1507
   -7.5000   15.0000    0.000013364.0576   19.1313
    0.0000   15.0000    0.000013941.6875   19.1556
    7.5000   15.0000    0.000013388.4561   19.1458
   -7.5000   22.5000    0.000012024.6660   19.1029
    0.0000   22.5000    0.000012537.8311   19.1268
    7.5000   22.5000    0.000012062.8604   19.1166
   -7.5000   30.0000    0.000010734.0400   18.8536
    0.0000   30.0000    0.000011204.4580   18.8810
    7.5000   30.0000    0.000010779.3867   18.8729
   -7.5000   37.5000    0.0000 9854.4307   18.9815
    0.0000   37.5000    0.000010271.8037   19.0109
    7.5000   37.5000    0.0000 9875.4307   19.0042
   -7.5000   45.0000    0.0000 8590.6270   18.8374
    0.0000   45.0000    0.0000 8933.0840   18.8696
    7.5000   45.0000    0.0000 8572.4678   18.8639
   -7.5000  -45.0000    7.500012730.2725   19.1455
    0.0000  -45.0000    7.500013290.7676   19.1821
    7.5000  -45.0000    7.500012752.3682   19.1797
   -7.5000  -37.5000    7.500012931.3096   19.1670
    0.0000  -37.5000    7.500013449.2959   19.2020
    7.5000  -37.5000    7.500012925.0117   19.1984
   -7.5000  -30.0000    7.500013615.8457   19.1645
    0.0000  -30.0000    7.500014121.7734   19.1983
    7.5000  -30.0000    7.500013590.7734   19.1962
   -7.5000  -22.5000    7.500014346.1602   19.1369
    0.0000  -22.5000    7.500014902.7148   19.1721
    7.5000  -22.5000    7.500014365.9990   19.1713
   -7.5000  -15.0000    7.500014892.5547   19.1111
    0.0000  -15.0000    7.500015455.5020   19.1496
    7.5000  -15.0000    7.500014927.9541   19.1500
   -7.5000   -7.5000    7.500015182.1465   19.1155
    0.0000   -7.5000    7.500015772.9717   19.1543
    7.5000   -7.5000    7.500015203.5723   19.1547
   -7.5000    0.0000    7.500015209.7637   19.1440
    0.0000    0.0000    7.500015780.8291   19.1806
    7.5000    0.0000    7.500015188.0801   19.1782
   -7.5000    7.5000    7.500014097.9736   19.1670
    0.0000    7.5000    7.500014630.0498   19.2020
    7.5000    7.5000    7.500014041.4980   19.1984
   -7.5000   15.0000    7.500012864.0303   19.1645
    0.0000   15.0000    7.500013343.7959   19.1983
    7.5000   15.0000    7.500012800.5488   19.1962
   -7.5000   22.5000    7.500011567.2051   19.1281
    0.0000   22.5000    7.500012003.7783   19.1633
    7.5000   22.5000    7.500011525.4258   19.1625
   -7.5000   30.0000    7.500010315.6445   18.8711
    0.0000   30.0000    7.500010740.7520   18.9094
    7.5000   30.0000    7.500010286.6055   18.9100
   -7.5000   37.5000    7.5000 9438.4795   19.0030
    0.0000   37.5000    7.5000 9810.4834   19.0425
    7.5000   37.5000    7.5000 9408.9453   19.0444
   -7.5000   45.0000    7.5000 8243.7891   18.8712
    0.0000   45.0000    7.5000 8549.9990   18.9116
    7.5000   45.0000    7.5000 8193.5605   18.9117
   -7.5000  -45.0000   15.000012170.2109   19.1661
    0.0000  -45.0000   15.000012679.9561   19.2107
    7.5000  -45.0000   15.000012210.6855   19.2149
   -7.5000  -37.5000   15.000012396.7490   19.1858
    0.0000  -37.5000   15.000012854.5918   19.2283
    7.5000  -37.5000   15.000012392.7773   19.2317
   -7.5000  -30.0000   15.000013073.0146   19.1789
    0.0000  -30.0000   15.000013553.7686   19.2194
    7.5000  -30.0000   15.000013054.0225   19.2262
   -7.5000  -22.5000   15.000013815.8184   19.1499
    0.0000  -22.5000   15.000014356.7305   19.1918
    7.5000  -22.5000   15.000013811.9971   19.2006
   -7.5000  -15.0000   15.000014331.2891   19.1264
    0.0000  -15.0000   15.000014871.5615   19.1716
    7.5000  -15.0000   15.000014321.2021   19.1804
   -7.5000   -7.5000   15.000014625.6553   19.1342
    0.0000   -7.5000   15.000015165.3535   19.1800
    7.5000   -7.5000   15.000014585.5332   19.1876
   -7.5000    0.0000   15.000014642.0859   19.1646
    0.0000    0.0000   15.000015170.7510   19.2092
    7.5000    0.0000   15.000014581.1846   19.2134
   -7.5000    7.5000   15.000013522.4629   19.1858
    0.0000    7.5000   15.000013994.1875   19.2283
    7.5000    7.5000   15.000013415.6826   19.2317
   -7.5000   15.0000   15.000012330.9121   19.1789
    0.0000   15.0000   15.000012772.1348   19.2194
    7.5000   15.0000   15.000012237.0537   19.2262
   -7.5000   22.5000   15.000011082.7188   19.1410
    0.0000   22.5000   15.000011476.2852   19.1830
    7.5000   22.5000   15.000011002.5625   19.1917
   -7.5000   30.0000   15.0000 9863.8057   18.8861
    0.0000   30.0000   15.000010233.2734   18.9310
    7.5000   30.0000   15.0000 9790.2861   18.9399
   -7.5000   37.5000   15.0000 9002.6279   19.0268
    0.0000   37.5000   15.0000 9327.1406   19.0736
    7.5000   37.5000   15.0000 8932.4639   19.0827
   -7.5000   45.0000   15.0000 7838.7783   18.8972
    0.0000   45.0000   15.0000 8117.8701   18.9446
    7.5000   45.0000   15.0000 7768.3521   18.9505
   -7.5000  -45.0000   22.500011506.5029   19.1987
    0.0000  -45.0000   22.500012035.4893   19.2432
    7.5000  -45.0000   22.500011574.8730   19.2481
   -7.5000  -37.5000   22.500011775.2148   19.2065
    0.0000  -37.5000   22.500012246.4961   19.2488
    7.5000  -37.5000   22.500011778.3086   19.2540
   -7.5000  -30.0000   22.500012462.8564   19.1953
    0.0000  -30.0000   22.500012966.9717   19.2332
    7.5000  -30.0000   22.500012465.0322   19.2410
   -7.5000  -22.5000   22.500013183.6953   19.1737
    0.0000  -22.5000   22.500013708.0205   19.2111
    7.5000  -22.5000   22.500013168.6230   19.2202
   -7.5000  -15.0000   22.500013698.3467   19.1617
    0.0000  -15.0000   22.500014228.8125   19.2024
    7.5000  -15.0000   22.500013656.9414   19.2110
   -7.5000   -7.5000   22.500013995.0850   19.1740
    0.0000   -7.5000   22.500014524.1934   19.2174
    7.5000   -7.5000   22.500013948.5068   19.2243
   -7.5000    0.0000   22.500014016.8145   19.1972
    0.0000    0.0000   22.500014531.6982   19.2417
    7.5000    0.0000   22.500013947.5752   19.2465
   -7.5000    7.5000   22.500012877.3213   19.2065
    0.0000    7.5000   22.500013333.1016   19.2488
    7.5000    7.5000   22.500012769.3115   19.2540
   -7.5000   15.0000   22.500011706.3477   19.1953
    0.0000   15.0000   22.500012157.3818   19.2332
    7.5000   15.0000   22.500011629.8887   19.2410
   -7.5000   22.5000   22.500010511.0488   19.1649
    0.0000   22.5000   22.500010915.9287   19.2022
    7.5000   22.5000   22.500010442.0547   19.2113
   -7.5000   30.0000   22.5000 9329.5176   18.9209
    0.0000   30.0000   22.5000 9702.1582   18.9613
    7.5000   30.0000   22.5000 9265.3047   18.9701
   -7.5000   37.5000   22.5000 8490.5576   19.0681
    0.0000   37.5000   22.5000 8813.3389   19.1118
    7.5000   37.5000   22.5000 8421.8574   19.1192
   -7.5000   45.0000   22.5000 7386.3857   18.9272
    0.0000   45.0000   22.5000 7663.3413   18.9734
    7.5000   45.0000   22.5000 7321.4478   18.9790
   -7.5000  -45.0000   30.000010713.9883   19.2519
    0.0000  -45.0000   30.000011234.4727   19.2893
    7.5000  -45.0000   30.000010808.6797   19.2890
   -7.5000  -37.5000   30.000011004.8799   19.2506
    0.0000  -37.5000   30.000011500.1396   19.2862
    7.5000  -37.5000   30.000011058.6953   19.2864
   -7.5000  -30.0000   30.000011683.4805   19.2399
    0.0000  -30.0000   30.000012207.2500   19.2693
    7.5000  -30.0000   30.000011720.3740   19.2700
   -7.5000  -22.5000   30.000012366.7236   19.2265
    0.0000  -22.5000   30.000012905.3906   19.2536
    7.5000  -22.5000   30.000012354.0381   19.2546
   -7.5000  -15.0000   30.000012839.4355   19.2230
    0.0000  -15.0000   30.000013377.8750   19.2537
    7.5000  -15.0000   30.000012816.9756   19.2550
   -7.5000   -7.5000   30.000013135.9268   19.2362
    0.0000   -7.5000   30.000013660.9482   19.2710
    7.5000   -7.5000   30.000013107.8213   19.2716
   -7.5000    0.0000   30.000013166.2949   19.2503
    0.0000    0.0000   30.000013693.2520   19.2878
    7.5000    0.0000   30.000013121.6621   19.2875
   -7.5000    7.5000   30.000012068.5908   19.2506
    0.0000    7.5000   30.000012531.2041   19.2862
    7.5000    7.5000   30.000012008.4941   19.2864
   -7.5000   15.0000   30.000010960.6582   19.2399
    0.0000   15.0000   30.000011401.1465   19.2693
    7.5000   15.0000   30.000010909.2070   19.2700
   -7.5000   22.5000   30.0000 9841.3535   19.2176
    0.0000   22.5000   30.000010252.4883   19.2448
    7.5000   22.5000   30.0000 9805.2832   19.2457
   -7.5000   30.0000   30.0000 8718.6855   18.9816
    0.0000   30.0000   30.0000 9102.0000   19.0122
    7.5000   30.0000   30.0000 8693.4189   19.0137
   -7.5000   37.5000   30.0000 7924.2061   19.1269
    0.0000   37.5000   30.0000 8256.8838   19.1613
    7.5000   37.5000   30.0000 7896.7993   19.1613
   -7.5000   45.0000   30.0000 6892.6157   18.9731
    0.0000   45.0000   30.0000 7179.8325   19.0119
    7.5000   45.0000   30.0000 6864.5796   19.0122
   -7.5000  -45.0000   37.500010279.8418   19.4130
    0.0000  -45.0000   37.500010818.6240   19.4430
    7.5000  -45.0000   37.500010406.2246   19.4363
   -7.5000  -37.5000   37.500010563.6982   19.4156
    0.0000  -37.5000   37.500011099.3877   19.4438
    7.5000  -37.5000   37.500010676.1738   19.4369
   -7.5000  -30.0000   37.500011227.0674   19.4099
    0.0000  -30.0000   37.500011779.4414   19.4326
    7.5000  -30.0000   37.500011302.2344   19.4246
   -7.5000  -22.5000   37.500011863.6602   19.3966
    0.0000  -22.5000   37.500012420.5342   19.4172
    7.5000  -22.5000   37.500011887.0664   19.4086
   -7.5000  -15.0000   37.500012331.6348   19.3888
    0.0000  -15.0000   37.500012884.6504   19.4133
    7.5000  -15.0000   37.500012342.7207   19.4063
   -7.5000   -7.5000   37.500012637.5957   19.3980
    0.0000   -7.5000   37.500013180.5449   19.4264
    7.5000   -7.5000   37.500012637.5459   19.4200
   -7.5000    0.0000   37.500012693.4062   19.4114
    0.0000    0.0000   37.500013251.6113   19.4415
    7.5000    0.0000   37.500012711.4209   19.4347
   -7.5000    7.5000   37.500011648.4795   19.4156
    0.0000    7.5000   37.500012135.2812   19.4438
    7.5000    7.5000   37.500011651.5244   19.4369
   -7.5000   15.0000   37.500010567.7646   19.4099
    0.0000   15.0000   37.500011032.1104   19.4326
    7.5000   15.0000   37.500010572.1465   19.4246
   -7.5000   22.5000   37.5000 9501.9473   19.3876
    0.0000   22.5000   37.5000 9933.6113   19.4082
    7.5000   22.5000   37.5000 9510.9346   19.3996
   -7.5000   30.0000   37.5000 8422.4111   19.1456
    0.0000   30.0000   37.5000 8800.2959   19.1700
    7.5000   30.0000   37.5000 8420.3018   19.1634
   -7.5000   37.5000   37.5000 7653.9941   19.2838
    0.0000   37.5000   37.5000 7989.9141   19.3114
    7.5000   37.5000   37.5000 7654.8657   19.3046
   -7.5000   45.0000   37.5000 6676.3076   19.1295
    0.0000   45.0000   37.5000 6957.8906   19.1619
    7.5000   45.0000   37.5000 6658.8975   19.1567
   -7.5000  -45.0000   45.0000 9358.2988   19.6067
    0.0000  -45.0000   45.0000 9894.7236   19.6366
    7.5000  -45.0000   45.0000 9529.6240   19.6284
   -7.5000  -37.5000   45.0000 9633.8008   19.6198
    0.0000  -37.5000   45.000010163.5918   19.6483
    7.5000  -37.5000   45.0000 9773.6895   19.6393
   -7.5000  -30.0000   45.000010229.7051   19.6180
    0.0000  -30.0000   45.000010767.0361   19.6440
    7.5000  -30.0000   45.000010355.4297   19.6343
   -7.5000  -22.5000   45.000010793.3477   19.5982
    0.0000  -22.5000   45.000011335.4551   19.6241
    7.5000  -22.5000   45.000010876.5293   19.6142
   -7.5000  -15.0000   45.000011231.0703   19.5796
    0.0000  -15.0000   45.000011778.3477   19.6094
    7.5000  -15.0000   45.000011288.6650   19.6012
   -7.5000   -7.5000   45.000011529.2314   19.5846
    0.0000   -7.5000   45.000012081.0049   19.6160
    7.5000   -7.5000   45.000011589.1992   19.6089
   -7.5000    0.0000   45.000011615.1582   19.6050
    0.0000    0.0000   45.000012162.7783   19.6350
    7.5000    0.0000   45.000011671.1699   19.6268
   -7.5000    7.5000   45.000010673.3516   19.6198
    0.0000    7.5000   45.000011182.2314   19.6483
    7.5000    7.5000   45.000010732.5771   19.6393
   -7.5000   15.0000   45.0000 9694.2695   19.6180
    0.0000   15.0000   45.000010158.3906   19.6440
    7.5000   15.0000   45.0000 9744.0000   19.6343
   -7.5000   22.5000   45.0000 8734.5439   19.5891
    0.0000   22.5000   45.0000 9162.1758   19.6150
    7.5000   22.5000   45.0000 8771.1035   19.6051
   -7.5000   30.0000   45.0000 7760.5083   19.3315
    0.0000   30.0000   45.0000 8119.6660   19.3612
    7.5000   30.0000   45.0000 7780.4663   19.3533
   -7.5000   37.5000   45.0000 7067.8462   19.4587
    0.0000   37.5000   45.0000 7380.6328   19.4899
    7.5000   37.5000   45.0000 7074.1636   19.4834
   -7.5000   45.0000   45.0000 6175.4624   19.3192
    0.0000   45.0000   45.0000 6431.4175   19.3529
    7.5000   45.0000   45.0000 6162.4844   19.3473

---------------------------------------------------------------------
imgreg_4dfp /opt/freesurfer/average/711-2C_as_mni_average_305 /opt/freesurfer/average/711-2B_as_mni_average_305_mask talsrcimg_g11 none talsrcimg_to_711-2C_as_mni_average_305_t4 4355
---------------------------------------------------------------------

freesurfer imgreg_4dfp.c
/opt/freesurfer/average/711-2C_as_mni_average_305.4dfp.img
       256       256       256         1
  1.000000  1.000000  1.000000
orientation T byte_order littleendian
Reading image: /opt/freesurfer/average/711-2C_as_mni_average_305.4dfp.img
dimensions:      256       256       256
mmppix:       1.0000   -1.0000   -1.0000
center:     128.0000 -129.0000 -129.0000
/opt/freesurfer/average/711-2B_as_mni_average_305_mask.4dfp.img
       256       256       256         1
  1.000000  1.000000  1.000000
orientation T byte_order littleendian
Reading mask: /opt/freesurfer/average/711-2B_as_mni_average_305_mask.4dfp.img (2306576 pixels)
talsrcimg_g11.4dfp.img
       256       256       256         1
  1.000000  1.000000  1.000000
orientation T byte_order littleendian
Reading image: talsrcimg_g11.4dfp.img
dimensions:      256       256       256
mmppix:       1.0000   -1.0000   -1.0000
center:     128.0000 -129.0000 -129.0000
rotation matrix determinant  1.000000
image alignment mode   4355 decimal     1103 hex
   -7.5000  -45.0000  -45.0000 2269.2568   14.8975
    0.0000  -45.0000  -45.0000 2290.5686   14.6566
    7.5000  -45.0000  -45.0000 2288.5000   14.6760
   -7.5000  -37.5000  -45.0000 2289.3420   14.5141
    0.0000  -37.5000  -45.0000 2314.5325   14.2574
    7.5000  -37.5000  -45.0000 2307.5601   14.2626
   -7.5000  -30.0000  -45.0000 2291.1052   14.4515
    0.0000  -30.0000  -45.0000 2314.3799   14.1669
    7.5000  -30.0000  -45.0000 2303.3259   14.1814
   -7.5000  -22.5000  -45.0000 2282.5410   14.6273
    0.0000  -22.5000  -45.0000 2307.1321   14.3159
    7.5000  -22.5000  -45.0000 2293.2502   14.3339
   -7.5000  -15.0000  -45.0000 2251.9714   15.0883
    0.0000  -15.0000  -45.0000 2280.2974   14.7790
    7.5000  -15.0000  -45.0000 2268.0232   14.7983
   -7.5000   -7.5000  -45.0000 2204.5906   15.8165
    0.0000   -7.5000  -45.0000 2232.6060   15.5162
    7.5000   -7.5000  -45.0000 2220.9521   15.5638
   -7.5000    0.0000  -45.0000 2135.5161   16.8410
    0.0000    0.0000  -45.0000 2164.4097   16.5404
    7.5000    0.0000  -45.0000 2154.6777   16.6156
   -7.5000    7.5000  -45.0000 2050.9065   18.2284
    0.0000    7.5000  -45.0000 2079.0740   17.8854
    7.5000    7.5000  -45.0000 2066.3284   17.9810
   -7.5000   15.0000  -45.0000 1950.5846   20.0823
    0.0000   15.0000  -45.0000 1977.1167   19.6923
    7.5000   15.0000  -45.0000 1963.9891   19.7573
   -7.5000   22.5000  -45.0000 1845.9973   22.5787
    0.0000   22.5000  -45.0000 1871.1235   22.1798
    7.5000   22.5000  -45.0000 1854.6908   22.2270
   -7.5000   30.0000  -45.0000 1725.8595   25.9697
    0.0000   30.0000  -45.0000 1745.0748   25.5658
    7.5000   30.0000  -45.0000 1734.2158   25.6225
   -7.5000   37.5000  -45.0000 1593.4204   30.6881
    0.0000   37.5000  -45.0000 1613.8868   30.2198
    7.5000   37.5000  -45.0000 1606.1085   30.2930
   -7.5000   45.0000  -45.0000 1452.8536   37.3211
    0.0000   45.0000  -45.0000 1470.8002   36.7666
    7.5000   45.0000  -45.0000 1465.1384   36.8801
   -7.5000  -45.0000  -37.5000 2363.0151   13.8044
    0.0000  -45.0000  -37.5000 2389.0405   13.5783
    7.5000  -45.0000  -37.5000 2385.5413   13.5811
   -7.5000  -37.5000  -37.5000 2389.9619   13.4639
    0.0000  -37.5000  -37.5000 2411.2451   13.2310
    7.5000  -37.5000  -37.5000 2407.0896   13.2180
   -7.5000  -30.0000  -37.5000 2390.5442   13.4138
    0.0000  -30.0000  -37.5000 2416.0869   13.1621
    7.5000  -30.0000  -37.5000 2407.2451   13.1492
   -7.5000  -22.5000  -37.5000 2375.6270   13.5597
    0.0000  -22.5000  -37.5000 2406.5757   13.2904
    7.5000  -22.5000  -37.5000 2395.8948   13.2992
   -7.5000  -15.0000  -37.5000 2348.7710   13.9536
    0.0000  -15.0000  -37.5000 2380.5847   13.6871
    7.5000  -15.0000  -37.5000 2366.6340   13.6970
   -7.5000   -7.5000  -37.5000 2300.7100   14.5916
    0.0000   -7.5000  -37.5000 2332.4705   14.3293
    7.5000   -7.5000  -37.5000 2320.3533   14.3823
   -7.5000    0.0000  -37.5000 2227.6536   15.5503
    0.0000    0.0000  -37.5000 2261.7141   15.2781
    7.5000    0.0000  -37.5000 2249.8823   15.3376
   -7.5000    7.5000  -37.5000 2137.1221   16.8110
    0.0000    7.5000  -37.5000 2167.3914   16.5222
    7.5000    7.5000  -37.5000 2153.7971   16.5969
   -7.5000   15.0000  -37.5000 2028.6670   18.5150
    0.0000   15.0000  -37.5000 2055.8525   18.1654
    7.5000   15.0000  -37.5000 2043.0294   18.2160
   -7.5000   22.5000  -37.5000 1913.9297   20.7505
    0.0000   22.5000  -37.5000 1941.1909   20.3967
    7.5000   22.5000  -37.5000 1926.1445   20.4412
   -7.5000   30.0000  -37.5000 1795.2782   23.8233
    0.0000   30.0000  -37.5000 1817.5229   23.4775
    7.5000   30.0000  -37.5000 1804.6490   23.5028
   -7.5000   37.5000  -37.5000 1659.9604   28.0295
    0.0000   37.5000  -37.5000 1679.9623   27.6538
    7.5000   37.5000  -37.5000 1668.7758   27.6752
   -7.5000   45.0000  -37.5000 1510.8887   33.8434
    0.0000   45.0000  -37.5000 1532.5468   33.4165
    7.5000   45.0000  -37.5000 1527.7771   33.4729
   -7.5000  -45.0000  -30.0000 2498.9158   13.2487
    0.0000  -45.0000  -30.0000 2528.8379   13.0468
    7.5000  -45.0000  -30.0000 2520.3818   13.0501
   -7.5000  -37.5000  -30.0000 2531.4043   12.9372
    0.0000  -37.5000  -30.0000 2561.2759   12.7150
    7.5000  -37.5000  -30.0000 2551.7861   12.7013
   -7.5000  -30.0000  -30.0000 2537.7346   12.8846
    0.0000  -30.0000  -30.0000 2573.1873   12.6579
    7.5000  -30.0000  -30.0000 2560.7300   12.6463
   -7.5000  -22.5000  -30.0000 2524.7634   13.0493
    0.0000  -22.5000  -30.0000 2561.8296   12.8212
    7.5000  -22.5000  -30.0000 2551.9602   12.8052
   -7.5000  -15.0000  -30.0000 2498.4185   13.4180
    0.0000  -15.0000  -30.0000 2531.6855   13.1845
    7.5000  -15.0000  -30.0000 2521.4043   13.1979
   -7.5000   -7.5000  -30.0000 2444.3252   14.0168
    0.0000   -7.5000  -30.0000 2480.8560   13.7883
    7.5000   -7.5000  -30.0000 2468.4602   13.8177
   -7.5000    0.0000  -30.0000 2368.1313   14.9254
    0.0000    0.0000  -30.0000 2402.8645   14.6701
    7.5000    0.0000  -30.0000 2387.6326   14.7263
   -7.5000    7.5000  -30.0000 2268.5691   16.1311
    0.0000    7.5000  -30.0000 2298.5945   15.8598
    7.5000    7.5000  -30.0000 2285.3699   15.9100
   -7.5000   15.0000  -30.0000 2150.9126   17.7592
    0.0000   15.0000  -30.0000 2176.4875   17.4412
    7.5000   15.0000  -30.0000 2167.5256   17.4785
   -7.5000   22.5000  -30.0000 2028.1646   19.8871
    0.0000   22.5000  -30.0000 2048.0938   19.5739
    7.5000   22.5000  -30.0000 2039.0342   19.6162
   -7.5000   30.0000  -30.0000 1896.5050   22.7343
    0.0000   30.0000  -30.0000 1918.0624   22.3965
    7.5000   30.0000  -30.0000 1904.7711   22.4707
   -7.5000   37.5000  -30.0000 1755.2576   26.7184
    0.0000   37.5000  -30.0000 1777.7870   26.3411
    7.5000   37.5000  -30.0000 1761.6692   26.3721
   -7.5000   45.0000  -30.0000 1601.1970   32.0971
    0.0000   45.0000  -30.0000 1623.5626   31.5834
    7.5000   45.0000  -30.0000 1612.5995   31.6964
   -7.5000  -45.0000  -22.5000 2605.7393   12.6606
    0.0000  -45.0000  -22.5000 2634.0667   12.4756
    7.5000  -45.0000  -22.5000 2626.6133   12.4885
   -7.5000  -37.5000  -22.5000 2649.4590   12.3181
    0.0000  -37.5000  -22.5000 2679.7615   12.1050
    7.5000  -37.5000  -22.5000 2665.5857   12.1077
   -7.5000  -30.0000  -22.5000 2663.7996   12.2715
    0.0000  -30.0000  -22.5000 2704.3838   12.0512
    7.5000  -30.0000  -22.5000 2685.0869   12.0295
   -7.5000  -22.5000  -22.5000 2655.1631   12.4518
    0.0000  -22.5000  -22.5000 2697.1257   12.2182
    7.5000  -22.5000  -22.5000 2681.6387   12.2017
   -7.5000  -15.0000  -22.5000 2624.8215   12.8351
    0.0000  -15.0000  -22.5000 2664.8945   12.6237
    7.5000  -15.0000  -22.5000 2651.7732   12.6188
   -7.5000   -7.5000  -22.5000 2566.2156   13.4176
    0.0000   -7.5000  -22.5000 2607.7556   13.2162
    7.5000   -7.5000  -22.5000 2593.0183   13.2213
   -7.5000    0.0000  -22.5000 2483.1968   14.2610
    0.0000    0.0000  -22.5000 2519.1777   14.0359
    7.5000    0.0000  -22.5000 2501.6882   14.0723
   -7.5000    7.5000  -22.5000 2373.3586   15.4021
    0.0000    7.5000  -22.5000 2404.1101   15.1571
    7.5000    7.5000  -22.5000 2391.2808   15.1761
   -7.5000   15.0000  -22.5000 2247.9482   16.9090
    0.0000   15.0000  -22.5000 2274.8044   16.6346
    7.5000   15.0000  -22.5000 2263.9045   16.6719
   -7.5000   22.5000  -22.5000 2114.1753   18.9441
    0.0000   22.5000  -22.5000 2133.8003   18.6485
    7.5000   22.5000  -22.5000 2124.8333   18.6998
   -7.5000   30.0000  -22.5000 1978.1903   21.6353
    0.0000   30.0000  -22.5000 1996.0038   21.3386
    7.5000   30.0000  -22.5000 1985.4094   21.3876
   -7.5000   37.5000  -22.5000 1826.6085   25.2907
    0.0000   37.5000  -22.5000 1852.1013   24.9532
    7.5000   37.5000  -22.5000 1838.5308   25.0122
   -7.5000   45.0000  -22.5000 1668.1245   30.2639
    0.0000   45.0000  -22.5000 1689.8290   29.8512
    7.5000   45.0000  -22.5000 1679.9009   29.9039
   -7.5000  -45.0000  -15.0000 2680.0327   12.1895
    0.0000  -45.0000  -15.0000 2709.7485   11.9730
    7.5000  -45.0000  -15.0000 2698.3071   11.9780
   -7.5000  -37.5000  -15.0000 2736.2952   11.7865
    0.0000  -37.5000  -15.0000 2770.2363   11.5478
    7.5000  -37.5000  -15.0000 2754.9829   11.5543
   -7.5000  -30.0000  -15.0000 2757.7388   11.7223
    0.0000  -30.0000  -15.0000 2802.9097   11.4869
    7.5000  -30.0000  -15.0000 2781.4839   11.4706
   -7.5000  -22.5000  -15.0000 2752.4463   11.9165
    0.0000  -22.5000  -15.0000 2804.6538   11.6751
    7.5000  -22.5000  -15.0000 2787.5908   11.6531
   -7.5000  -15.0000  -15.0000 2721.8059   12.3032
    0.0000  -15.0000  -15.0000 2772.8586   12.1017
    7.5000  -15.0000  -15.0000 2756.0984   12.0844
   -7.5000   -7.5000  -15.0000 2657.5144   12.8797
    0.0000   -7.5000  -15.0000 2706.1650   12.6907
    7.5000   -7.5000  -15.0000 2691.0962   12.6779
   -7.5000    0.0000  -15.0000 2563.8770   13.6702
    0.0000    0.0000  -15.0000 2607.2607   13.4510
    7.5000    0.0000  -15.0000 2589.4858   13.4748
   -7.5000    7.5000  -15.0000 2447.0486   14.7518
    0.0000    7.5000  -15.0000 2481.0125   14.4996
    7.5000    7.5000  -15.0000 2466.3081   14.5270
   -7.5000   15.0000  -15.0000 2313.9163   16.1920
    0.0000   15.0000  -15.0000 2347.0588   15.9402
    7.5000   15.0000  -15.0000 2329.5273   15.9521
   -7.5000   22.5000  -15.0000 2170.6899   18.1344
    0.0000   22.5000  -15.0000 2199.0737   17.8508
    7.5000   22.5000  -15.0000 2184.5559   17.8686
   -7.5000   30.0000  -15.0000 2025.7065   20.6782
    0.0000   30.0000  -15.0000 2050.6902   20.3592
    7.5000   30.0000  -15.0000 2041.0364   20.4185
   -7.5000   37.5000  -15.0000 1870.7072   24.0826
    0.0000   37.5000  -15.0000 1896.4169   23.7033
    7.5000   37.5000  -15.0000 1885.4553   23.8284
   -7.5000   45.0000  -15.0000 1709.9115   28.6835
    0.0000   45.0000  -15.0000 1731.2845   28.2589
    7.5000   45.0000  -15.0000 1723.5377   28.3790
   -7.5000  -45.0000   -7.5000 2723.2058   11.8465
    0.0000  -45.0000   -7.5000 2757.5581   11.5493
    7.5000  -45.0000   -7.5000 2743.0557   11.5677
   -7.5000  -37.5000   -7.5000 2793.4849   11.3728
    0.0000  -37.5000   -7.5000 2837.6375   11.0961
    7.5000  -37.5000   -7.5000 2818.0508   11.1085
   -7.5000  -30.0000   -7.5000 2829.8638   11.2683
    0.0000  -30.0000   -7.5000 2881.2725   11.0017
    7.5000  -30.0000   -7.5000 2859.0276   10.9986
   -7.5000  -22.5000   -7.5000 2826.8276   11.4638
    0.0000  -22.5000   -7.5000 2886.9067   11.2210
    7.5000  -22.5000   -7.5000 2870.3547   11.2031
   -7.5000  -15.0000   -7.5000 2793.1753   11.8480
    0.0000  -15.0000   -7.5000 2855.0510   11.6377
    7.5000  -15.0000   -7.5000 2835.0381   11.6351
   -7.5000   -7.5000   -7.5000 2721.3721   12.4174
    0.0000   -7.5000   -7.5000 2777.0706   12.2059
    7.5000   -7.5000   -7.5000 2757.9451   12.2165
   -7.5000    0.0000   -7.5000 2617.1372   13.1804
    0.0000    0.0000   -7.5000 2666.5232   12.9641
    7.5000    0.0000   -7.5000 2645.8518   12.9752
   -7.5000    7.5000   -7.5000 2493.2117   14.2174
    0.0000    7.5000   -7.5000 2533.5925   13.9753
    7.5000    7.5000   -7.5000 2514.5388   13.9867
   -7.5000   15.0000   -7.5000 2356.0813   15.6100
    0.0000   15.0000   -7.5000 2389.2529   15.3501
    7.5000   15.0000   -7.5000 2371.1860   15.3661
   -7.5000   22.5000   -7.5000 2210.4062   17.4713
    0.0000   22.5000   -7.5000 2241.3845   17.1984
    7.5000   22.5000   -7.5000 2225.4731   17.2166
   -7.5000   30.0000   -7.5000 2058.4553   19.8576
    0.0000   30.0000   -7.5000 2084.1218   19.5924
    7.5000   30.0000   -7.5000 2071.5305   19.6549
   -7.5000   37.5000   -7.5000 1896.9700   23.0542
    0.0000   37.5000   -7.5000 1923.6110   22.7080
    7.5000   37.5000   -7.5000 1915.3431   22.7942
   -7.5000   45.0000   -7.5000 1730.3682   27.2761
    0.0000   45.0000   -7.5000 1749.9935   26.8851
    7.5000   45.0000   -7.5000 1747.8188   27.0800
   -7.5000  -45.0000    0.0000 2734.9395   11.6540
    0.0000  -45.0000    0.0000 2777.2241   11.3313
    7.5000  -45.0000    0.0000 2760.2886   11.3403
   -7.5000  -37.5000    0.0000 2817.2075   11.1577
    0.0000  -37.5000    0.0000 2869.7419   10.8563
    7.5000  -37.5000    0.0000 2851.3257   10.8646
   -7.5000  -30.0000    0.0000 2865.1086   10.9963
    0.0000  -30.0000    0.0000 2934.9827   10.6931
    7.5000  -30.0000    0.0000 2908.8521   10.7204
   -7.5000  -22.5000    0.0000 2876.4524   11.1279
    0.0000  -22.5000    0.0000 2948.5952   10.8662
    7.5000  -22.5000    0.0000 2928.7466   10.8689
   -7.5000  -15.0000    0.0000 2834.8604   11.4966
    0.0000  -15.0000    0.0000 2901.6150   11.2600
    7.5000  -15.0000    0.0000 2881.5181   11.2612
   -7.5000   -7.5000    0.0000 2757.5898   12.0698
    0.0000   -7.5000    0.0000 2807.8313   11.8539
    7.5000   -7.5000    0.0000 2793.5452   11.8615
   -7.5000    0.0000    0.0000 2646.6958   12.8478
    0.0000    0.0000    0.0000 2688.6628   12.6222
    7.5000    0.0000    0.0000 2673.5659   12.6447
   -7.5000    7.5000    0.0000 2519.5288   13.8885
    0.0000    7.5000    0.0000 2556.6074   13.6278
    7.5000    7.5000    0.0000 2538.6160   13.6623
   -7.5000   15.0000    0.0000 2375.5662   15.2522
    0.0000   15.0000    0.0000 2409.1006   14.9569
    7.5000   15.0000    0.0000 2392.5981   15.0104
   -7.5000   22.5000    0.0000 2225.2847   17.0153
    0.0000   22.5000    0.0000 2254.7385   16.7125
    7.5000   22.5000    0.0000 2239.9285   16.7850
   -7.5000   30.0000    0.0000 2072.1714   19.3084
    0.0000   30.0000    0.0000 2098.8643   19.0325
    7.5000   30.0000    0.0000 2086.3220   19.1213
   -7.5000   37.5000    0.0000 1914.8748   22.3233
    0.0000   37.5000    0.0000 1939.0667   22.0264
    7.5000   37.5000    0.0000 1928.5513   22.1258
   -7.5000   45.0000    0.0000 1743.1511   26.3027
    0.0000   45.0000    0.0000 1766.5959   25.9589
    7.5000   45.0000    0.0000 1757.2072   26.1344
   -7.5000  -45.0000    7.5000 2723.7510   11.6416
    0.0000  -45.0000    7.5000 2771.7725   11.3042
    7.5000  -45.0000    7.5000 2757.0967   11.3406
   -7.5000  -37.5000    7.5000 2817.0007   11.1177
    0.0000  -37.5000    7.5000 2875.6104   10.8061
    7.5000  -37.5000    7.5000 2858.3271   10.8324
   -7.5000  -30.0000    7.5000 2872.2297   10.9071
    0.0000  -30.0000    7.5000 2948.1299   10.5850
    7.5000  -30.0000    7.5000 2926.4829   10.6144
   -7.5000  -22.5000    7.5000 2889.5842   10.9871
    0.0000  -22.5000    7.5000 2965.3301   10.6991
    7.5000  -22.5000    7.5000 2948.1008   10.7433
   -7.5000  -15.0000    7.5000 2849.0334   11.3517
    0.0000  -15.0000    7.5000 2908.9192   11.1043
    7.5000  -15.0000    7.5000 2896.4895   11.1411
   -7.5000   -7.5000    7.5000 2765.4595   11.9231
    0.0000   -7.5000    7.5000 2814.8911   11.6823
    7.5000   -7.5000    7.5000 2798.7117   11.7261
   -7.5000    0.0000    7.5000 2649.7693   12.7305
    0.0000    0.0000    7.5000 2690.2083   12.4887
    7.5000    0.0000    7.5000 2674.9854   12.5219
   -7.5000    7.5000    7.5000 2517.4744   13.7815
    0.0000    7.5000    7.5000 2552.6443   13.5304
    7.5000    7.5000    7.5000 2537.3438   13.5523
   -7.5000   15.0000    7.5000 2376.0464   15.1026
    0.0000   15.0000    7.5000 2405.1873   14.8398
    7.5000   15.0000    7.5000 2393.3918   14.8750
   -7.5000   22.5000    7.5000 2227.3538   16.7903
    0.0000   22.5000    7.5000 2253.2029   16.5438
    7.5000   22.5000    7.5000 2243.6646   16.5737
   -7.5000   30.0000    7.5000 2072.8928   18.9759
    0.0000   30.0000    7.5000 2097.7764   18.7320
    7.5000   30.0000    7.5000 2086.1143   18.7820
   -7.5000   37.5000    7.5000 1913.0557   21.9048
    0.0000   37.5000    7.5000 1936.5358   21.5974
    7.5000   37.5000    7.5000 1928.1827   21.7053
   -7.5000   45.0000    7.5000 1745.0306   25.8347
    0.0000   45.0000    7.5000 1767.9999   25.4861
    7.5000   45.0000    7.5000 1759.1017   25.6595
   -7.5000  -45.0000   15.0000 2689.2544   11.8454
    0.0000  -45.0000   15.0000 2737.8057   11.4771
    7.5000  -45.0000   15.0000 2725.8867   11.5407
   -7.5000  -37.5000   15.0000 2785.4036   11.2819
    0.0000  -37.5000   15.0000 2840.4590   10.9419
    7.5000  -37.5000   15.0000 2828.3813   11.0017
   -7.5000  -30.0000   15.0000 2841.8374   11.0363
    0.0000  -30.0000   15.0000 2910.0781   10.6931
    7.5000  -30.0000   15.0000 2895.7368   10.7404
   -7.5000  -22.5000   15.0000 2857.9358   11.1232
    0.0000  -22.5000   15.0000 2927.5876   10.8362
    7.5000  -22.5000   15.0000 2917.4019   10.8589
   -7.5000  -15.0000   15.0000 2818.6743   11.4210
    0.0000  -15.0000   15.0000 2878.0874   11.1789
    7.5000  -15.0000   15.0000 2869.2009   11.1935
   -7.5000   -7.5000   15.0000 2738.7026   11.9825
    0.0000   -7.5000   15.0000 2786.1323   11.7322
    7.5000   -7.5000   15.0000 2775.7549   11.7523
   -7.5000    0.0000   15.0000 2627.1460   12.8110
    0.0000    0.0000   15.0000 2665.5857   12.5307
    7.5000    0.0000   15.0000 2658.2915   12.5520
   -7.5000    7.5000   15.0000 2498.3374   13.8991
    0.0000    7.5000   15.0000 2530.5747   13.6151
    7.5000    7.5000   15.0000 2521.3235   13.6312
   -7.5000   15.0000   15.0000 2358.1606   15.2082
    0.0000   15.0000   15.0000 2386.2068   14.9142
    7.5000   15.0000   15.0000 2376.5835   14.9685
   -7.5000   22.5000   15.0000 2210.0740   16.9015
    0.0000   22.5000   15.0000 2234.6350   16.6020
    7.5000   22.5000   15.0000 2224.1196   16.6615
   -7.5000   30.0000   15.0000 2055.3186   19.0668
    0.0000   30.0000   15.0000 2078.8972   18.7622
    7.5000   30.0000   15.0000 2070.4724   18.8310
   -7.5000   37.5000   15.0000 1899.2058   21.9103
    0.0000   37.5000   15.0000 1919.9161   21.6030
    7.5000   37.5000   15.0000 1915.0758   21.6850
   -7.5000   45.0000   15.0000 1734.5211   25.6955
    0.0000   45.0000   15.0000 1754.5066   25.3378
    7.5000   45.0000   15.0000 1747.8365   25.4963
   -7.5000  -45.0000   22.5000 2644.3665   12.2650
    0.0000  -45.0000   22.5000 2689.4849   11.8988
    7.5000  -45.0000   22.5000 2682.9648   11.9498
   -7.5000  -37.5000   22.5000 2729.6663   11.6863
    0.0000  -37.5000   22.5000 2776.8618   11.3332
    7.5000  -37.5000   22.5000 2769.6931   11.3776
   -7.5000  -30.0000   22.5000 2781.8293   11.4276
    0.0000  -30.0000   22.5000 2838.5476   11.0923
    7.5000  -30.0000   22.5000 2830.7842   11.1262
   -7.5000  -22.5000   22.5000 2797.2786   11.5055
    0.0000  -22.5000   22.5000 2854.0383   11.2021
    7.5000  -22.5000   22.5000 2844.6414   11.2187
   -7.5000  -15.0000   22.5000 2760.9937   11.8024
    0.0000  -15.0000   22.5000 2809.3452   11.5147
    7.5000  -15.0000   22.5000 2802.2554   11.5270
   -7.5000   -7.5000   22.5000 2683.1648   12.3685
    0.0000   -7.5000   22.5000 2724.3176   12.0760
    7.5000   -7.5000   22.5000 2719.9382   12.0917
   -7.5000    0.0000   22.5000 2582.0698   13.1849
    0.0000    0.0000   22.5000 2616.4614   12.8766
    7.5000    0.0000   22.5000 2611.9294   12.8738
   -7.5000    7.5000   22.5000 2462.2546   14.2204
    0.0000    7.5000   22.5000 2490.2566   13.9115
    7.5000    7.5000   22.5000 2483.2524   13.9189
   -7.5000   15.0000   22.5000 2323.3887   15.5261
    0.0000   15.0000   22.5000 2350.4805   15.2143
    7.5000   15.0000   22.5000 2346.7539   15.2303
   -7.5000   22.5000   22.5000 2180.1331   17.2003
    0.0000   22.5000   22.5000 2203.6135   16.8971
    7.5000   22.5000   22.5000 2197.3047   16.8981
   -7.5000   30.0000   22.5000 2031.5649   19.3536
    0.0000   30.0000   22.5000 2051.0107   19.0625
    7.5000   30.0000   22.5000 2044.0841   19.0913
   -7.5000   37.5000   22.5000 1875.5079   22.1843
    0.0000   37.5000   22.5000 1892.5292   21.8276
    7.5000   37.5000   22.5000 1884.7059   21.9093
   -7.5000   45.0000   22.5000 1711.5477   25.9191
    0.0000   45.0000   22.5000 1727.3602   25.5564
    7.5000   45.0000   22.5000 1721.0397   25.6598
   -7.5000  -45.0000   30.0000 2577.6184   12.9113
    0.0000  -45.0000   30.0000 2620.5630   12.5453
    7.5000  -45.0000   30.0000 2618.8938   12.5648
   -7.5000  -37.5000   30.0000 2655.2090   12.3389
    0.0000  -37.5000   30.0000 2699.9055   11.9864
    7.5000  -37.5000   30.0000 2696.4634   11.9951
   -7.5000  -30.0000   30.0000 2702.5654   12.0858
    0.0000  -30.0000   30.0000 2747.8066   11.7537
    7.5000  -30.0000   30.0000 2742.6208   11.7471
   -7.5000  -22.5000   30.0000 2713.2698   12.1256
    0.0000  -22.5000   30.0000 2756.1904   11.8253
    7.5000  -22.5000   30.0000 2744.8821   11.7975
   -7.5000  -15.0000   30.0000 2677.5110   12.4084
    0.0000  -15.0000   30.0000 2714.3372   12.1346
    7.5000  -15.0000   30.0000 2707.0742   12.1207
   -7.5000   -7.5000   30.0000 2607.8425   12.9652
    0.0000   -7.5000   30.0000 2641.0659   12.6836
    7.5000   -7.5000   30.0000 2638.7324   12.6615
   -7.5000    0.0000   30.0000 2514.9033   13.7566
    0.0000    0.0000   30.0000 2547.1184   13.4546
    7.5000    0.0000   30.0000 2540.9048   13.4278
   -7.5000    7.5000   30.0000 2406.9587   14.7645
    0.0000    7.5000   30.0000 2431.8066   14.4527
    7.5000    7.5000   30.0000 2425.7898   14.4386
   -7.5000   15.0000   30.0000 2276.3936   16.0467
    0.0000   15.0000   30.0000 2299.0063   15.7290
    7.5000   15.0000   30.0000 2296.2480   15.7079
   -7.5000   22.5000   30.0000 2138.9058   17.7352
    0.0000   22.5000   30.0000 2159.3459   17.4034
    7.5000   22.5000   30.0000 2153.4639   17.3868
   -7.5000   30.0000   30.0000 1993.4939   19.8893
    0.0000   30.0000   30.0000 2013.3711   19.5615
    7.5000   30.0000   30.0000 2006.1965   19.5683
   -7.5000   37.5000   30.0000 1839.9072   22.7350
    0.0000   37.5000   30.0000 1855.4751   22.3550
    7.5000   37.5000   30.0000 1850.8601   22.4148
   -7.5000   45.0000   30.0000 1680.6028   26.5100
    0.0000   45.0000   30.0000 1696.1989   26.1342
    7.5000   45.0000   30.0000 1691.8546   26.2048
   -7.5000  -45.0000   37.5000 2500.2471   13.8108
    0.0000  -45.0000   37.5000 2542.4478   13.4684
    7.5000  -45.0000   37.5000 2542.7129   13.4498
   -7.5000  -37.5000   37.5000 2570.4202   13.2147
    0.0000  -37.5000   37.5000 2613.7595   12.9016
    7.5000  -37.5000   37.5000 2612.6018   12.8786
   -7.5000  -30.0000   37.5000 2610.9341   12.9418
    0.0000  -30.0000   37.5000 2647.4880   12.6343
    7.5000  -30.0000   37.5000 2642.5688   12.5979
   -7.5000  -22.5000   37.5000 2618.2168   12.9380
    0.0000  -22.5000   37.5000 2651.2891   12.6480
    7.5000  -22.5000   37.5000 2641.8220   12.5808
   -7.5000  -15.0000   37.5000 2581.9624   13.2320
    0.0000  -15.0000   37.5000 2610.4158   12.9319
    7.5000  -15.0000   37.5000 2603.4294   12.8898
   -7.5000   -7.5000   37.5000 2522.2461   13.7690
    0.0000   -7.5000   37.5000 2545.8591   13.4821
    7.5000   -7.5000   37.5000 2541.6724   13.4310
   -7.5000    0.0000   37.5000 2439.1619   14.5265
    0.0000    0.0000   37.5000 2466.6438   14.2498
    7.5000    0.0000   37.5000 2462.0369   14.1922
   -7.5000    7.5000   37.5000 2344.8115   15.5125
    0.0000    7.5000   37.5000 2362.6394   15.2374
    7.5000    7.5000   37.5000 2359.6292   15.1935
   -7.5000   15.0000   37.5000 2220.2544   16.7915
    0.0000   15.0000   37.5000 2240.3215   16.5017
    7.5000   15.0000   37.5000 2235.3662   16.4603
   -7.5000   22.5000   37.5000 2090.6816   18.4751
    0.0000   22.5000   37.5000 2112.1624   18.1706
    7.5000   22.5000   37.5000 2105.1062   18.1275
   -7.5000   30.0000   37.5000 1950.5679   20.6650
    0.0000   30.0000   37.5000 1968.6521   20.3309
    7.5000   30.0000   37.5000 1960.0271   20.3232
   -7.5000   37.5000   37.5000 1799.4363   23.5329
    0.0000   37.5000   37.5000 1814.3472   23.1995
    7.5000   37.5000   37.5000 1810.3367   23.1806
   -7.5000   45.0000   37.5000 1645.5662   27.5116
    0.0000   45.0000   37.5000 1658.7096   27.0501
    7.5000   45.0000   37.5000 1656.0647   27.0931
   -7.5000  -45.0000   45.0000 2408.2886   14.9903
    0.0000  -45.0000   45.0000 2452.2109   14.6804
    7.5000  -45.0000   45.0000 2451.6951   14.6532
   -7.5000  -37.5000   45.0000 2475.3230   14.3601
    0.0000  -37.5000   45.0000 2515.0867   14.0651
    7.5000  -37.5000   45.0000 2510.5847   14.0385
   -7.5000  -30.0000   45.0000 2505.5862   14.0095
    0.0000  -30.0000   45.0000 2539.2427   13.7376
    7.5000  -30.0000   45.0000 2535.8066   13.7131
   -7.5000  -22.5000   45.0000 2511.9695   13.9379
    0.0000  -22.5000   45.0000 2541.8831   13.6761
    7.5000  -22.5000   45.0000 2532.4204   13.6299
   -7.5000  -15.0000   45.0000 2478.5859   14.2129
    0.0000  -15.0000   45.0000 2502.9949   13.9268
    7.5000  -15.0000   45.0000 2493.9312   13.8796
   -7.5000   -7.5000   45.0000 2426.7351   14.7532
    0.0000   -7.5000   45.0000 2449.3369   14.4847
    7.5000   -7.5000   45.0000 2441.8835   14.4184
   -7.5000    0.0000   45.0000 2354.6958   15.4902
    0.0000    0.0000   45.0000 2376.5603   15.2245
    7.5000    0.0000   45.0000 2371.7161   15.1659
   -7.5000    7.5000   45.0000 2263.4163   16.4725
    0.0000    7.5000   45.0000 2288.0000   16.2081
    7.5000    7.5000   45.0000 2282.8772   16.1338
   -7.5000   15.0000   45.0000 2150.7688   17.7465
    0.0000   15.0000   45.0000 2173.7864   17.4633
    7.5000   15.0000   45.0000 2167.4167   17.4184
   -7.5000   22.5000   45.0000 2031.4230   19.4538
    0.0000   22.5000   45.0000 2053.5857   19.1510
    7.5000   22.5000   45.0000 2043.9091   19.1275
   -7.5000   30.0000   45.0000 1895.9135   21.6780
    0.0000   30.0000   45.0000 1914.6288   21.3751
    7.5000   30.0000   45.0000 1908.2979   21.3482
   -7.5000   37.5000   45.0000 1755.6935   24.6873
    0.0000   37.5000   45.0000 1767.4327   24.3412
    7.5000   37.5000   45.0000 1760.3271   24.3310
   -7.5000   45.0000   45.0000 1607.3711   28.8332
    0.0000   45.0000   45.0000 1617.7727   28.4422
    7.5000   45.0000   45.0000 1611.3414   28.4693

---------------------------------------------------------------------
imgreg_4dfp /opt/freesurfer/average/711-2C_as_mni_average_305 /opt/freesurfer/average/711-2B_as_mni_average_305_mask talsrcimg_g11 none talsrcimg_to_711-2C_as_mni_average_305_t4 1283
---------------------------------------------------------------------

freesurfer imgreg_4dfp.c
/opt/freesurfer/average/711-2C_as_mni_average_305.4dfp.img
       256       256       256         1
  1.000000  1.000000  1.000000
orientation T byte_order littleendian
Reading image: /opt/freesurfer/average/711-2C_as_mni_average_305.4dfp.img
dimensions:      256       256       256
mmppix:       1.0000   -1.0000   -1.0000
center:     128.0000 -129.0000 -129.0000
/opt/freesurfer/average/711-2B_as_mni_average_305_mask.4dfp.img
       256       256       256         1
  1.000000  1.000000  1.000000
orientation T byte_order littleendian
Reading mask: /opt/freesurfer/average/711-2B_as_mni_average_305_mask.4dfp.img (2306576 pixels)
talsrcimg_g11.4dfp.img
       256       256       256         1
  1.000000  1.000000  1.000000
orientation T byte_order littleendian
Reading image: talsrcimg_g11.4dfp.img
dimensions:      256       256       256
mmppix:       1.0000   -1.0000   -1.0000
center:     128.0000 -129.0000 -129.0000
rotation matrix determinant  1.000000
fimgreg.f
image alignment mode   1283 decimal      503 hex
parameters
    0.0000  -22.5000    7.5000    0.0000    0.0000    0.0000
eta,q 0.93172 10.64940
niter,ni,del,rscale     5    3   12.0000    1.2000
parameter  4  1.819539 ->  0.500000 qaram    1.1500
parameter  6 -1.043342 -> -0.500000 qaram    1.1500
parameters
    2.1128  -24.4678    5.2716   -3.4500   -0.1250    3.4500
eta,q 0.93871 10.43625
  0.0860  0.0721  0.0685  0.0618  0.0681  0.0703
  0.0774  0.0688  0.0670  0.0632  0.0655  0.0678
  0.0723  0.0675  0.0667  0.0649  0.0638  0.0656
  0.0696  0.0684  0.0675  0.0667  0.0636  0.0636
  0.0685  0.0721  0.0688  0.0690  0.0645  0.0620
  0.0691  0.0776  0.0716  0.0718  0.0662  0.0611
  0.0719  0.0837  0.0758  0.0753  0.0679  0.0613
niter,ni,del,rscale     6    3   12.0000    1.2000
parameter  4  1.145852 ->  0.500000 qaram    1.3225
parameters
    2.7772  -23.6516    5.1823   -7.4175   -1.6607    4.8158
eta,q 0.94178 10.40263
  0.0744  0.0727  0.0664  0.0569  0.0605  0.0638
  0.0679  0.0675  0.0621  0.0582  0.0588  0.0610
  0.0633  0.0637  0.0606  0.0591  0.0581  0.0589
  0.0613  0.0612  0.0605  0.0605  0.0585  0.0581
  0.0618  0.0604  0.0617  0.0624  0.0598  0.0585
  0.0643  0.0631  0.0636  0.0653  0.0618  0.0592
  0.0699  0.0686  0.0655  0.0692  0.0638  0.0603
niter,ni,del,rscale     6    3   12.0000    1.2000
parameter  4  0.611673 ->  0.500000 qaram    1.5209
parameters
    3.2525  -21.9961    5.1610  -11.9801   -1.4850    4.8264
eta,q 0.94702 10.37308
  0.0707  0.0706  0.0628  0.0555  0.0603  0.0598
  0.0644  0.0648  0.0585  0.0528  0.0573  0.0566
  0.0603  0.0609  0.0565  0.0545  0.0544  0.0542
  0.0582  0.0580  0.0568  0.0568  0.0530  0.0530
  0.0582  0.0568  0.0585  0.0584  0.0542  0.0538
  0.0615  0.0580  0.0599  0.0619  0.0569  0.0564
  0.0678  0.0621  0.0614  0.0670  0.0595  0.0600
niter,ni,del,rscale     6    3   12.0000    1.2000
parameters
    3.0620  -20.5771    4.5005  -13.1226   -1.3057    4.8806
eta,q 0.94878 10.38270
  0.0665  0.0690  0.0593  0.0596  0.0583  0.0586
  0.0606  0.0625  0.0552  0.0560  0.0553  0.0553
  0.0557  0.0565  0.0532  0.0507  0.0525  0.0525
  0.0530  0.0531  0.0524  0.0524  0.0512  0.0512
  0.0547  0.0524  0.0545  0.0559  0.0523  0.0521
  0.0612  0.0546  0.0584  0.0583  0.0548  0.0548
  0.0693  0.0595  0.0622  0.0634  0.0575  0.0587
niter,ni,del,rscale     5    3   12.0000    1.2000
parameters
    2.9230  -20.1519    4.1969  -13.8292   -1.1222    4.9526
eta,q 0.94937 10.38798
  0.0650  0.0650  0.0599  0.0598  0.0575  0.0582
  0.0588  0.0588  0.0550  0.0565  0.0545  0.0548
  0.0538  0.0534  0.0522  0.0506  0.0517  0.0519
  0.0512  0.0513  0.0512  0.0512  0.0506  0.0506
  0.0528  0.0521  0.0531  0.0551  0.0516  0.0516
  0.0591  0.0561  0.0569  0.0577  0.0540  0.0543
  0.0673  0.0620  0.0612  0.0621  0.0567  0.0582
niter,ni,del,rscale     4    3   12.0000    1.2000
parameters
    2.8312  -19.8771    3.9922  -14.2835   -0.9675    5.0089
eta,q 0.94970 10.39406
  0.0647  0.0642  0.0600  0.0601  0.0570  0.0580
  0.0584  0.0583  0.0547  0.0568  0.0540  0.0545
  0.0532  0.0526  0.0515  0.0508  0.0513  0.0516
  0.0506  0.0507  0.0507  0.0506  0.0503  0.0503
  0.0521  0.0518  0.0525  0.0545  0.0514  0.0513
  0.0583  0.0562  0.0562  0.0575  0.0536  0.0541
  0.0665  0.0623  0.0607  0.0613  0.0562  0.0580
niter,ni,del,rscale     3    3   12.0000    1.2000
parameters
    2.7615  -19.6993    3.8556  -14.5774   -0.8549    5.0393
eta,q 0.94990 10.39727
  0.0646  0.0638  0.0601  0.0603  0.0567  0.0579
  0.0581  0.0580  0.0545  0.0570  0.0536  0.0543
  0.0529  0.0522  0.0511  0.0510  0.0510  0.0513
  0.0503  0.0503  0.0503  0.0503  0.0501  0.0501
  0.0517  0.0518  0.0522  0.0541  0.0513  0.0512
  0.0579  0.0564  0.0558  0.0575  0.0535  0.0541
  0.0662  0.0626  0.0603  0.0609  0.0560  0.0579
niter,ni,del,rscale     2    3   12.0000    1.2000
parameters
    2.7144  -19.5840    3.7636  -14.7791   -0.7750    5.0632
eta,q 0.95003 10.39923
  0.0645  0.0635  0.0603  0.0604  0.0565  0.0579
  0.0581  0.0578  0.0544  0.0572  0.0534  0.0542
  0.0528  0.0519  0.0508  0.0512  0.0508  0.0512
  0.0501  0.0501  0.0501  0.0501  0.0500  0.0500
  0.0515  0.0518  0.0519  0.0538  0.0512  0.0511
  0.0576  0.0565  0.0556  0.0574  0.0533  0.0540
  0.0660  0.0629  0.0601  0.0607  0.0560  0.0578
niter,ni,del,rscale     1    3   12.0000    1.2000
parameters
    2.6800  -19.5056    3.7005  -14.9237   -0.7149    5.0768
eta,q 0.95009 10.40079
  0.0646  0.0634  0.0604  0.0605  0.0564  0.0578
  0.0581  0.0577  0.0544  0.0574  0.0533  0.0541
  0.0527  0.0517  0.0507  0.0514  0.0507  0.0511
  0.0500  0.0500  0.0500  0.0500  0.0499  0.0499
  0.0513  0.0519  0.0518  0.0536  0.0511  0.0511
  0.0575  0.0566  0.0554  0.0574  0.0532  0.0540
  0.0660  0.0630  0.0600  0.0607  0.0559  0.0578
registration optimization eta report
parameter search radius
    6.0000    6.0000    6.0000    9.1253    6.0000    6.9000
100000*second partial in parameter space
       42.       36.       28.       12.       17.       16.
  0.0646  0.0634  0.0604  0.0605  0.0564  0.0578
  0.0581  0.0577  0.0544  0.0574  0.0533  0.0541
  0.0527  0.0517  0.0507  0.0514  0.0507  0.0511
  0.0500  0.0500  0.0500  0.0500  0.0499  0.0499
  0.0513  0.0519  0.0518  0.0536  0.0511  0.0511
  0.0575  0.0566  0.0554  0.0574  0.0532  0.0540
  0.0660  0.0630  0.0600  0.0607  0.0559  0.0578
    2.6800  -19.5056    3.7005  -14.9237   -0.7149    5.0768
eta,q 0.95009 10.40079

---------------------------------------------------------------------
imgreg_4dfp /opt/freesurfer/average/711-2C_as_mni_average_305 /opt/freesurfer/average/711-2B_as_mni_average_305_mask talsrcimg_g11 none talsrcimg_to_711-2C_as_mni_average_305_t4 3335
---------------------------------------------------------------------

freesurfer imgreg_4dfp.c
/opt/freesurfer/average/711-2C_as_mni_average_305.4dfp.img
       256       256       256         1
  1.000000  1.000000  1.000000
orientation T byte_order littleendian
Reading image: /opt/freesurfer/average/711-2C_as_mni_average_305.4dfp.img
dimensions:      256       256       256
mmppix:       1.0000   -1.0000   -1.0000
center:     128.0000 -129.0000 -129.0000
/opt/freesurfer/average/711-2B_as_mni_average_305_mask.4dfp.img
       256       256       256         1
  1.000000  1.000000  1.000000
orientation T byte_order littleendian
Reading mask: /opt/freesurfer/average/711-2B_as_mni_average_305_mask.4dfp.img (2306576 pixels)
talsrcimg_g11.4dfp.img
       256       256       256         1
  1.000000  1.000000  1.000000
orientation T byte_order littleendian
Reading image: talsrcimg_g11.4dfp.img
dimensions:      256       256       256
mmppix:       1.0000   -1.0000   -1.0000
center:     128.0000 -129.0000 -129.0000
fimgreg.f
image alignment mode   3335 decimal      D07 hex
parameters
    2.6800  -19.5056    3.7005   -0.4000   -3.7805   -3.3805
   -8.8706   -1.0780    8.8483   25.7589   -1.2477  -25.7512
eta,q 0.94817 10.53506
niter,ni,del,rscale     5    3    5.0000    1.2000
parameter  4  2.313900 ->  0.500000 qaram    1.1500
parameter  5  2.585978 ->  0.500000 qaram    1.1500
parameter  6  1.663591 ->  0.500000 qaram    1.1500
parameter 10  1.152556 ->  0.500000 qaram    1.1500
parameters
    2.2926  -19.0786    3.8388   -4.5400   -7.9205   -7.5205
   -7.9981    0.2761    6.9383   21.6189    0.5496  -24.9342
eta,q 0.96868  9.62671
  0.0535  0.0535  0.0533  0.0427  0.0375  0.0317  0.0372  0.0401  0.0349  0.0311  0.0339  0.0335
  0.0524  0.0525  0.0525  0.0447  0.0394  0.0336  0.0358  0.0373  0.0342  0.0312  0.0327  0.0323
  0.0518  0.0520  0.0520  0.0478  0.0422  0.0364  0.0348  0.0353  0.0340  0.0322  0.0319  0.0316
  0.0518  0.0518  0.0518  0.0518  0.0455  0.0400  0.0343  0.0342  0.0341  0.0339  0.0314  0.0313
  0.0524  0.0518  0.0519  0.0562  0.0487  0.0447  0.0343  0.0342  0.0346  0.0363  0.0313  0.0314
  0.0534  0.0520  0.0523  0.0609  0.0524  0.0500  0.0349  0.0351  0.0354  0.0388  0.0316  0.0319
  0.0550  0.0525  0.0530  0.0658  0.0569  0.0557  0.0361  0.0369  0.0367  0.0416  0.0323  0.0326
niter,ni,del,rscale     7    3    5.0000    1.2000
parameter  4  0.800024 ->  0.500000 qaram    1.3225
parameter  5  0.873686 ->  0.500000 qaram    1.3225
parameter  6  0.572933 ->  0.500000 qaram    1.3225
parameters
    2.5712  -18.2445    3.1110   -9.3010  -12.6815  -12.2815
   -7.0567   -0.3306    7.8851   21.1463   -0.5095  -25.7533
eta,q 0.97664  9.02863
  0.0354  0.0351  0.0319  0.0278  0.0251  0.0242  0.0264  0.0270  0.0260  0.0268  0.0242  0.0244
  0.0333  0.0333  0.0311  0.0278  0.0250  0.0236  0.0251  0.0250  0.0248  0.0251  0.0237  0.0238
  0.0320  0.0320  0.0308  0.0287  0.0259  0.0235  0.0241  0.0237  0.0239  0.0239  0.0234  0.0234
  0.0313  0.0313  0.0310  0.0308  0.0280  0.0251  0.0235  0.0235  0.0235  0.0234  0.0234  0.0234
  0.0314  0.0310  0.0317  0.0344  0.0306  0.0287  0.0236  0.0242  0.0235  0.0240  0.0236  0.0236
  0.0323  0.0312  0.0328  0.0392  0.0342  0.0337  0.0242  0.0259  0.0240  0.0254  0.0241  0.0242
  0.0339  0.0320  0.0342  0.0445  0.0385  0.0398  0.0253  0.0284  0.0250  0.0278  0.0248  0.0250
niter,ni,del,rscale     7    3    5.0000    1.2000
parameter  3  0.545815 ->  0.500000 qaram    1.1500
parameters
    2.4386  -17.7998    1.7310  -10.9335  -14.4724  -14.9168
   -7.5116   -0.4408    7.9844   21.8909   -0.3039  -27.8815
eta,q 0.97710  8.81573
  0.0262  0.0269  0.0232  0.0259  0.0259  0.0250  0.0250  0.0266  0.0249  0.0265  0.0238  0.0235
  0.0245  0.0252  0.0228  0.0243  0.0242  0.0237  0.0239  0.0247  0.0239  0.0247  0.0234  0.0231
  0.0236  0.0240  0.0229  0.0232  0.0231  0.0231  0.0232  0.0235  0.0233  0.0236  0.0231  0.0229
  0.0234  0.0233  0.0233  0.0228  0.0229  0.0229  0.0230  0.0230  0.0230  0.0230  0.0230  0.0230
  0.0238  0.0233  0.0240  0.0236  0.0241  0.0239  0.0234  0.0235  0.0232  0.0231  0.0231  0.0233
  0.0250  0.0239  0.0249  0.0260  0.0265  0.0274  0.0243  0.0248  0.0238  0.0239  0.0233  0.0240
  0.0268  0.0250  0.0262  0.0304  0.0297  0.0331  0.0256  0.0268  0.0248  0.0255  0.0237  0.0248
niter,ni,del,rscale     7    3    5.0000    1.2000
parameters
    2.4480  -17.5677    1.0593  -10.6590  -15.0949  -15.9316
   -7.5571   -0.5617    8.1220   22.7536   -0.2729  -28.6966
eta,q 0.97721  8.77992
  0.0258  0.0257  0.0237  0.0266  0.0265  0.0260  0.0250  0.0263  0.0247  0.0261  0.0236  0.0236
  0.0242  0.0243  0.0230  0.0250  0.0247  0.0243  0.0239  0.0244  0.0237  0.0243  0.0232  0.0231
  0.0233  0.0233  0.0228  0.0236  0.0233  0.0232  0.0231  0.0232  0.0231  0.0233  0.0229  0.0228
  0.0229  0.0229  0.0229  0.0228  0.0227  0.0228  0.0229  0.0229  0.0228  0.0228  0.0228  0.0228
  0.0232  0.0230  0.0233  0.0227  0.0233  0.0228  0.0231  0.0233  0.0230  0.0229  0.0229  0.0230
  0.0242  0.0237  0.0241  0.0239  0.0252  0.0247  0.0239  0.0246  0.0236  0.0236  0.0231  0.0234
  0.0258  0.0248  0.0252  0.0269  0.0279  0.0291  0.0251  0.0265  0.0246  0.0250  0.0236  0.0241
niter,ni,del,rscale     6    3    5.0000    1.2000
parameters
    2.3920  -17.3567    0.7608  -10.6003  -15.5197  -16.3253
   -7.5274   -0.6912    8.2175   23.4062   -0.2145  -29.0375
eta,q 0.97723  8.76259
  0.0255  0.0254  0.0240  0.0264  0.0265  0.0263  0.0250  0.0262  0.0246  0.0257  0.0235  0.0237
  0.0240  0.0241  0.0232  0.0248  0.0248  0.0246  0.0239  0.0244  0.0237  0.0241  0.0231  0.0232
  0.0231  0.0232  0.0228  0.0235  0.0234  0.0233  0.0231  0.0232  0.0230  0.0232  0.0229  0.0229
  0.0228  0.0228  0.0228  0.0227  0.0227  0.0228  0.0228  0.0228  0.0228  0.0228  0.0228  0.0228
  0.0232  0.0229  0.0231  0.0228  0.0232  0.0226  0.0231  0.0233  0.0230  0.0229  0.0228  0.0229
  0.0242  0.0236  0.0237  0.0240  0.0249  0.0241  0.0238  0.0245  0.0236  0.0236  0.0231  0.0233
  0.0258  0.0246  0.0247  0.0270  0.0276  0.0280  0.0250  0.0264  0.0245  0.0249  0.0235  0.0239
niter,ni,del,rscale     5    3    5.0000    1.2000
parameters
    2.3442  -17.1832    0.5800  -10.5689  -15.8435  -16.6186
   -7.4771   -0.8020    8.2465   23.9036   -0.1556  -29.2125
eta,q 0.97721  8.74823
  0.0255  0.0253  0.0242  0.0264  0.0265  0.0263  0.0250  0.0261  0.0246  0.0255  0.0235  0.0238
  0.0240  0.0240  0.0233  0.0248  0.0248  0.0246  0.0239  0.0243  0.0236  0.0240  0.0231  0.0232
  0.0231  0.0231  0.0229  0.0235  0.0234  0.0233  0.0231  0.0232  0.0230  0.0232  0.0229  0.0229
  0.0228  0.0228  0.0228  0.0228  0.0228  0.0228  0.0228  0.0228  0.0228  0.0228  0.0228  0.0228
  0.0231  0.0229  0.0230  0.0228  0.0232  0.0226  0.0230  0.0233  0.0230  0.0229  0.0229  0.0229
  0.0241  0.0236  0.0236  0.0240  0.0248  0.0240  0.0238  0.0244  0.0236  0.0236  0.0231  0.0233
  0.0257  0.0247  0.0246  0.0270  0.0275  0.0278  0.0249  0.0264  0.0246  0.0249  0.0235  0.0239
niter,ni,del,rscale     4    3    5.0000    1.2000
parameters
    2.3076  -17.0358    0.4327  -10.5604  -16.1158  -16.9008
   -7.4294   -0.8921    8.2286   24.3334   -0.1041  -29.2956
eta,q 0.97719  8.73306
  0.0255  0.0252  0.0242  0.0263  0.0265  0.0262  0.0250  0.0261  0.0245  0.0253  0.0235  0.0238
  0.0240  0.0239  0.0234  0.0248  0.0248  0.0246  0.0239  0.0244  0.0236  0.0240  0.0231  0.0233
  0.0231  0.0231  0.0229  0.0235  0.0235  0.0234  0.0231  0.0232  0.0230  0.0232  0.0229  0.0229
  0.0228  0.0228  0.0228  0.0228  0.0228  0.0228  0.0228  0.0228  0.0228  0.0228  0.0228  0.0228
  0.0231  0.0230  0.0230  0.0228  0.0232  0.0226  0.0231  0.0233  0.0230  0.0229  0.0229  0.0229
  0.0241  0.0236  0.0236  0.0241  0.0248  0.0240  0.0238  0.0244  0.0236  0.0236  0.0231  0.0233
  0.0257  0.0247  0.0245  0.0270  0.0274  0.0277  0.0249  0.0263  0.0246  0.0249  0.0235  0.0239
niter,ni,del,rscale     3    3    5.0000    1.2000
parameters
    2.2735  -16.8996    0.2963  -10.5502  -16.3788  -17.1866
   -7.3725   -0.9744    8.2107   24.7448   -0.0418  -29.3512
eta,q 0.97717  8.71754
  0.0255  0.0252  0.0242  0.0263  0.0265  0.0262  0.0250  0.0261  0.0246  0.0253  0.0235  0.0238
  0.0240  0.0239  0.0234  0.0248  0.0248  0.0246  0.0239  0.0244  0.0236  0.0239  0.0232  0.0233
  0.0231  0.0231  0.0229  0.0236  0.0235  0.0234  0.0231  0.0232  0.0231  0.0232  0.0229  0.0229
  0.0228  0.0228  0.0228  0.0228  0.0228  0.0228  0.0229  0.0229  0.0229  0.0229  0.0228  0.0228
  0.0231  0.0230  0.0230  0.0228  0.0232  0.0227  0.0231  0.0233  0.0231  0.0229  0.0229  0.0230
  0.0241  0.0236  0.0236  0.0241  0.0248  0.0240  0.0238  0.0244  0.0236  0.0236  0.0231  0.0233
  0.0257  0.0247  0.0245  0.0270  0.0273  0.0276  0.0249  0.0263  0.0246  0.0249  0.0235  0.0239
niter,ni,del,rscale     2    3    5.0000    1.2000
parameters
    2.2440  -16.7609    0.1509  -10.5477  -16.6570  -17.5089
   -7.3293   -1.0509    8.1792   25.1956    0.0478  -29.3485
eta,q 0.97715  8.69955
  0.0255  0.0252  0.0242  0.0263  0.0264  0.0261  0.0249  0.0261  0.0246  0.0252  0.0236  0.0238
  0.0240  0.0239  0.0234  0.0248  0.0248  0.0246  0.0239  0.0244  0.0237  0.0240  0.0232  0.0233
  0.0231  0.0231  0.0230  0.0236  0.0235  0.0234  0.0232  0.0232  0.0231  0.0232  0.0230  0.0230
  0.0228  0.0228  0.0228  0.0228  0.0228  0.0229  0.0229  0.0229  0.0229  0.0229  0.0229  0.0229
  0.0232  0.0230  0.0231  0.0229  0.0232  0.0227  0.0231  0.0233  0.0231  0.0229  0.0229  0.0230
  0.0241  0.0236  0.0237  0.0241  0.0248  0.0240  0.0238  0.0244  0.0237  0.0235  0.0232  0.0233
  0.0256  0.0247  0.0246  0.0270  0.0273  0.0275  0.0249  0.0263  0.0246  0.0249  0.0235  0.0239
niter,ni,del,rscale     1    3    5.0000    1.2000
parameters
    2.2140  -16.6055   -0.0169  -10.5485  -16.9771  -17.8944
   -7.2701   -1.1365    8.1293   25.7078    0.1220  -29.3475
eta,q 0.97712  8.67817
  0.0255  0.0252  0.0242  0.0263  0.0263  0.0260  0.0250  0.0261  0.0246  0.0252  0.0236  0.0238
  0.0240  0.0239  0.0234  0.0248  0.0247  0.0245  0.0239  0.0244  0.0237  0.0240  0.0232  0.0233
  0.0232  0.0232  0.0230  0.0236  0.0235  0.0234  0.0232  0.0233  0.0231  0.0233  0.0230  0.0230
  0.0229  0.0229  0.0228  0.0228  0.0228  0.0229  0.0229  0.0229  0.0229  0.0229  0.0229  0.0229
  0.0232  0.0230  0.0231  0.0229  0.0232  0.0228  0.0231  0.0233  0.0231  0.0229  0.0229  0.0230
  0.0241  0.0236  0.0237  0.0241  0.0248  0.0241  0.0238  0.0244  0.0237  0.0235  0.0232  0.0233
  0.0256  0.0246  0.0246  0.0270  0.0273  0.0275  0.0249  0.0263  0.0246  0.0248  0.0236  0.0239
registration optimization eta report
parameter search radius
    2.4000    2.4000    2.7600    9.5220    9.5220    9.5220
    7.2000    7.2000    7.2000    8.2800    7.2000    7.2000
100000*second partial in parameter space
       47.       35.       21.        4.        4.        4.
        4.        6.        3.        3.        1.        2.
  0.0255  0.0252  0.0242  0.0263  0.0263  0.0260  0.0250  0.0261  0.0246  0.0252  0.0236  0.0238
  0.0240  0.0239  0.0234  0.0248  0.0247  0.0245  0.0239  0.0244  0.0237  0.0240  0.0232  0.0233
  0.0232  0.0232  0.0230  0.0236  0.0235  0.0234  0.0232  0.0233  0.0231  0.0233  0.0230  0.0230
  0.0229  0.0229  0.0228  0.0228  0.0228  0.0229  0.0229  0.0229  0.0229  0.0229  0.0229  0.0229
  0.0232  0.0230  0.0231  0.0229  0.0232  0.0228  0.0231  0.0233  0.0231  0.0229  0.0229  0.0230
  0.0241  0.0236  0.0237  0.0241  0.0248  0.0241  0.0238  0.0244  0.0237  0.0235  0.0232  0.0233
  0.0256  0.0246  0.0246  0.0270  0.0273  0.0275  0.0249  0.0263  0.0246  0.0248  0.0236  0.0239
    2.2140  -16.6055   -0.0169  -10.5485  -16.9771  -17.8944
   -7.2701   -1.1365    8.1293   25.7078    0.1220  -29.3475
eta,q 0.97712  8.67817

---------------------------------------------------------------------
imgreg_4dfp /opt/freesurfer/average/711-2C_as_mni_average_305 /opt/freesurfer/average/711-2B_as_mni_average_305_mask talsrcimg_g11 none talsrcimg_to_711-2C_as_mni_average_305_t4 2311
---------------------------------------------------------------------

freesurfer imgreg_4dfp.c
/opt/freesurfer/average/711-2C_as_mni_average_305.4dfp.img
       256       256       256         1
  1.000000  1.000000  1.000000
orientation T byte_order littleendian
Reading image: /opt/freesurfer/average/711-2C_as_mni_average_305.4dfp.img
dimensions:      256       256       256
mmppix:       1.0000   -1.0000   -1.0000
center:     128.0000 -129.0000 -129.0000
/opt/freesurfer/average/711-2B_as_mni_average_305_mask.4dfp.img
       256       256       256         1
  1.000000  1.000000  1.000000
orientation T byte_order littleendian
Reading mask: /opt/freesurfer/average/711-2B_as_mni_average_305_mask.4dfp.img (2306576 pixels)
talsrcimg_g11.4dfp.img
       256       256       256         1
  1.000000  1.000000  1.000000
orientation T byte_order littleendian
Reading image: talsrcimg_g11.4dfp.img
dimensions:      256       256       256
mmppix:       1.0000   -1.0000   -1.0000
center:     128.0000 -129.0000 -129.0000
fimgreg.f
image alignment mode   2311 decimal      907 hex
parameters
    2.2140  -16.6055   -0.0169  -10.5485  -16.9771  -17.8944
   -7.2701   -1.1365    8.1293   25.7078    0.1220  -29.3475
eta,q 0.97712  8.67817
niter,ni,del,rscale     5    3    5.0000    0.8000
parameters
    2.1860  -16.4331   -0.1943   -9.3517  -16.6799  -16.5580
   -6.9448   -1.0456    8.2683   26.5441    0.6672  -29.7998
eta,q 0.97742  8.81374
  0.0240  0.0240  0.0233  0.0241  0.0240  0.0238  0.0238  0.0244  0.0235  0.0236  0.0230  0.0230
  0.0234  0.0234  0.0230  0.0236  0.0234  0.0233  0.0232  0.0235  0.0231  0.0232  0.0228  0.0228
  0.0230  0.0230  0.0229  0.0232  0.0230  0.0229  0.0228  0.0229  0.0228  0.0229  0.0227  0.0226
  0.0229  0.0229  0.0229  0.0229  0.0228  0.0227  0.0226  0.0226  0.0226  0.0226  0.0226  0.0226
  0.0230  0.0229  0.0230  0.0228  0.0228  0.0226  0.0227  0.0228  0.0227  0.0226  0.0226  0.0227
  0.0234  0.0232  0.0232  0.0229  0.0231  0.0227  0.0230  0.0234  0.0230  0.0227  0.0227  0.0229
  0.0241  0.0236  0.0235  0.0233  0.0238  0.0231  0.0235  0.0243  0.0234  0.0232  0.0229  0.0232
niter,ni,del,rscale     4    3    5.0000    0.7000
parameters
    2.1394  -16.4439   -0.1220   -9.3417  -16.6812  -16.5397
   -6.9196   -1.1596    8.1718   26.6274    0.7258  -29.8087
eta,q 0.97743  8.81556
  0.0235  0.0233  0.0231  0.0234  0.0235  0.0232  0.0234  0.0238  0.0232  0.0232  0.0229  0.0230
  0.0230  0.0229  0.0228  0.0230  0.0231  0.0229  0.0229  0.0231  0.0229  0.0229  0.0227  0.0228
  0.0227  0.0227  0.0226  0.0227  0.0227  0.0227  0.0227  0.0227  0.0226  0.0227  0.0226  0.0226
  0.0226  0.0226  0.0226  0.0226  0.0226  0.0226  0.0226  0.0226  0.0226  0.0226  0.0226  0.0226
  0.0227  0.0227  0.0226  0.0226  0.0226  0.0225  0.0227  0.0228  0.0227  0.0226  0.0226  0.0226
  0.0231  0.0229  0.0228  0.0229  0.0230  0.0228  0.0229  0.0232  0.0229  0.0228  0.0227  0.0227
  0.0236  0.0233  0.0230  0.0235  0.0236  0.0234  0.0233  0.0240  0.0233  0.0232  0.0229  0.0230
niter,ni,del,rscale     3    3    5.0000    0.6000
parameters
    2.1226  -16.4309   -0.1275   -9.2586  -16.6481  -16.3826
   -6.8362   -1.1545    8.1568   26.7417    0.8089  -29.8525
eta,q 0.97745  8.82896
  0.0233  0.0231  0.0229  0.0232  0.0233  0.0230  0.0232  0.0236  0.0230  0.0231  0.0228  0.0228
  0.0229  0.0228  0.0227  0.0229  0.0229  0.0228  0.0228  0.0230  0.0228  0.0228  0.0227  0.0227
  0.0226  0.0226  0.0226  0.0227  0.0227  0.0227  0.0226  0.0227  0.0226  0.0226  0.0226  0.0226
  0.0226  0.0226  0.0226  0.0226  0.0226  0.0226  0.0226  0.0226  0.0226  0.0226  0.0225  0.0226
  0.0227  0.0226  0.0226  0.0226  0.0226  0.0225  0.0226  0.0227  0.0226  0.0226  0.0226  0.0226
  0.0229  0.0228  0.0227  0.0228  0.0229  0.0227  0.0228  0.0230  0.0228  0.0227  0.0226  0.0227
  0.0233  0.0231  0.0229  0.0232  0.0233  0.0231  0.0231  0.0236  0.0230  0.0231  0.0228  0.0229
niter,ni,del,rscale     2    3    5.0000    0.5000
parameters
    2.1167  -16.4249   -0.1039   -9.1834  -16.6124  -16.1471
   -6.8035   -1.1457    8.1444   26.7978    0.8792  -29.9136
eta,q 0.97747  8.84509
  0.0231  0.0230  0.0228  0.0230  0.0231  0.0229  0.0229  0.0233  0.0229  0.0229  0.0227  0.0227
  0.0228  0.0227  0.0227  0.0228  0.0228  0.0228  0.0227  0.0229  0.0227  0.0227  0.0226  0.0226
  0.0226  0.0226  0.0226  0.0226  0.0226  0.0226  0.0226  0.0226  0.0226  0.0226  0.0226  0.0226
  0.0226  0.0226  0.0226  0.0225  0.0225  0.0225  0.0225  0.0225  0.0225  0.0225  0.0225  0.0225
  0.0226  0.0226  0.0226  0.0226  0.0226  0.0225  0.0226  0.0226  0.0226  0.0225  0.0225  0.0226
  0.0228  0.0227  0.0226  0.0227  0.0228  0.0226  0.0227  0.0229  0.0227  0.0227  0.0226  0.0226
  0.0231  0.0229  0.0228  0.0230  0.0231  0.0229  0.0229  0.0233  0.0229  0.0229  0.0227  0.0227
niter,ni,del,rscale     1    3    5.0000    0.4000
parameters
    2.1111  -16.4250   -0.0579   -9.1310  -16.5620  -15.8576
   -6.7731   -1.1406    8.1330   26.7821    0.9113  -29.9812
eta,q 0.97749  8.86231
  0.0229  0.0228  0.0227  0.0228  0.0229  0.0228  0.0228  0.0230  0.0227  0.0228  0.0226  0.0226
  0.0227  0.0226  0.0226  0.0227  0.0227  0.0227  0.0226  0.0227  0.0226  0.0226  0.0226  0.0226
  0.0226  0.0226  0.0226  0.0226  0.0226  0.0226  0.0225  0.0226  0.0225  0.0225  0.0225  0.0225
  0.0225  0.0225  0.0225  0.0225  0.0225  0.0225  0.0225  0.0225  0.0225  0.0225  0.0225  0.0225
  0.0226  0.0226  0.0225  0.0225  0.0226  0.0225  0.0225  0.0226  0.0225  0.0225  0.0225  0.0225
  0.0227  0.0226  0.0226  0.0226  0.0227  0.0226  0.0226  0.0227  0.0226  0.0226  0.0226  0.0226
  0.0229  0.0228  0.0227  0.0228  0.0229  0.0227  0.0228  0.0230  0.0227  0.0228  0.0226  0.0227
registration optimization eta report
parameter search radius
    0.8000    0.8000    0.8000    2.4000    2.4000    2.4000
    2.4000    2.4000    2.4000    2.4000    2.4000    2.4000
100000*second partial in parameter space
       53.       40.       25.        5.        6.        4.
        4.        8.        4.        4.        2.        2.
  0.0229  0.0228  0.0227  0.0228  0.0229  0.0228  0.0228  0.0230  0.0227  0.0228  0.0226  0.0226
  0.0227  0.0226  0.0226  0.0227  0.0227  0.0227  0.0226  0.0227  0.0226  0.0226  0.0226  0.0226
  0.0226  0.0226  0.0226  0.0226  0.0226  0.0226  0.0225  0.0226  0.0225  0.0225  0.0225  0.0225
  0.0225  0.0225  0.0225  0.0225  0.0225  0.0225  0.0225  0.0225  0.0225  0.0225  0.0225  0.0225
  0.0226  0.0226  0.0225  0.0225  0.0226  0.0225  0.0225  0.0226  0.0225  0.0225  0.0225  0.0225
  0.0227  0.0226  0.0226  0.0226  0.0227  0.0226  0.0226  0.0227  0.0226  0.0226  0.0226  0.0226
  0.0229  0.0228  0.0227  0.0228  0.0229  0.0227  0.0228  0.0230  0.0227  0.0228  0.0226  0.0227
    2.1111  -16.4250   -0.0579   -9.1310  -16.5620  -15.8576
   -6.7731   -1.1406    8.1330   26.7821    0.9113  -29.9812
eta,q 0.97749  8.86231

---------------------------------------------------------------------
imgreg_4dfp /opt/freesurfer/average/711-2C_as_mni_average_305 /opt/freesurfer/average/711-2B_as_mni_average_305_mask talsrcimg_g11 none talsrcimg_to_711-2C_as_mni_average_305_t4 2311
---------------------------------------------------------------------

freesurfer imgreg_4dfp.c
/opt/freesurfer/average/711-2C_as_mni_average_305.4dfp.img
       256       256       256         1
  1.000000  1.000000  1.000000
orientation T byte_order littleendian
Reading image: /opt/freesurfer/average/711-2C_as_mni_average_305.4dfp.img
dimensions:      256       256       256
mmppix:       1.0000   -1.0000   -1.0000
center:     128.0000 -129.0000 -129.0000
/opt/freesurfer/average/711-2B_as_mni_average_305_mask.4dfp.img
       256       256       256         1
  1.000000  1.000000  1.000000
orientation T byte_order littleendian
Reading mask: /opt/freesurfer/average/711-2B_as_mni_average_305_mask.4dfp.img (2306576 pixels)
talsrcimg_g11.4dfp.img
       256       256       256         1
  1.000000  1.000000  1.000000
orientation T byte_order littleendian
Reading image: talsrcimg_g11.4dfp.img
dimensions:      256       256       256
mmppix:       1.0000   -1.0000   -1.0000
center:     128.0000 -129.0000 -129.0000
fimgreg.f
image alignment mode   2311 decimal      907 hex
parameters
    2.1111  -16.4250   -0.0579   -9.1310  -16.5620  -15.8576
   -6.7731   -1.1406    8.1330   26.7821    0.9113  -29.9812
eta,q 0.97749  8.86231
niter,ni,del,rscale     5    3    5.0000    0.8000
parameters
    2.1039  -16.4424    0.0345   -9.4730  -16.7585  -16.5145
   -6.8518   -1.2375    8.0793   26.5206    0.6661  -29.7602
eta,q 0.97741  8.80577
  0.0238  0.0235  0.0232  0.0235  0.0237  0.0233  0.0235  0.0242  0.0234  0.0233  0.0229  0.0231
  0.0231  0.0230  0.0228  0.0230  0.0231  0.0229  0.0230  0.0233  0.0229  0.0230  0.0227  0.0229
  0.0227  0.0226  0.0226  0.0227  0.0227  0.0227  0.0227  0.0228  0.0227  0.0227  0.0226  0.0227
  0.0225  0.0225  0.0225  0.0225  0.0225  0.0225  0.0226  0.0226  0.0226  0.0226  0.0226  0.0226
  0.0227  0.0226  0.0226  0.0226  0.0227  0.0226  0.0227  0.0228  0.0227  0.0226  0.0226  0.0226
  0.0231  0.0230  0.0228  0.0231  0.0232  0.0231  0.0230  0.0234  0.0230  0.0230  0.0228  0.0228
  0.0239  0.0235  0.0231  0.0239  0.0240  0.0242  0.0236  0.0244  0.0234  0.0236  0.0230  0.0230
niter,ni,del,rscale     4    3    5.0000    0.7000
parameters
    2.1156  -16.4552   -0.0940   -9.3415  -16.6683  -16.5364
   -6.8202   -1.1710    8.1426   26.5919    0.7403  -29.7767
eta,q 0.97743  8.81499
  0.0236  0.0233  0.0230  0.0234  0.0236  0.0232  0.0234  0.0240  0.0232  0.0232  0.0229  0.0230
  0.0230  0.0229  0.0227  0.0230  0.0231  0.0229  0.0229  0.0232  0.0229  0.0229  0.0227  0.0227
  0.0227  0.0227  0.0226  0.0227  0.0228  0.0227  0.0227  0.0227  0.0227  0.0227  0.0226  0.0226
  0.0226  0.0226  0.0226  0.0226  0.0226  0.0226  0.0226  0.0226  0.0226  0.0226  0.0226  0.0226
  0.0227  0.0227  0.0227  0.0226  0.0226  0.0225  0.0227  0.0227  0.0226  0.0226  0.0226  0.0226
  0.0230  0.0229  0.0229  0.0229  0.0230  0.0228  0.0229  0.0231  0.0229  0.0228  0.0227  0.0227
  0.0236  0.0233  0.0231  0.0234  0.0236  0.0234  0.0233  0.0239  0.0232  0.0232  0.0229  0.0230
niter,ni,del,rscale     3    3    5.0000    0.6000
parameters
    2.1131  -16.4436   -0.1165   -9.2528  -16.6247  -16.3565
   -6.8120   -1.1631    8.1454   26.7009    0.8084  -29.8501
eta,q 0.97745  8.83055
  0.0233  0.0231  0.0229  0.0232  0.0233  0.0231  0.0231  0.0236  0.0230  0.0231  0.0228  0.0228
  0.0229  0.0228  0.0227  0.0229  0.0229  0.0228  0.0228  0.0230  0.0228  0.0228  0.0226  0.0227
  0.0227  0.0226  0.0226  0.0227  0.0227  0.0227  0.0226  0.0227  0.0226  0.0226  0.0226  0.0226
  0.0226  0.0226  0.0226  0.0226  0.0226  0.0226  0.0226  0.0226  0.0226  0.0226  0.0226  0.0226
  0.0227  0.0226  0.0226  0.0226  0.0226  0.0225  0.0226  0.0227  0.0226  0.0226  0.0226  0.0226
  0.0229  0.0228  0.0227  0.0228  0.0229  0.0227  0.0228  0.0230  0.0228  0.0227  0.0226  0.0227
  0.0233  0.0231  0.0229  0.0232  0.0233  0.0231  0.0231  0.0236  0.0230  0.0231  0.0228  0.0229
niter,ni,del,rscale     2    3    5.0000    0.5000
parameters
    2.1117  -16.4351   -0.0959   -9.1848  -16.5979  -16.1302
   -6.7945   -1.1480    8.1409   26.7639    0.8649  -29.9182
eta,q 0.97747  8.84588
  0.0231  0.0229  0.0228  0.0230  0.0231  0.0229  0.0229  0.0233  0.0229  0.0229  0.0227  0.0227
  0.0228  0.0227  0.0227  0.0228  0.0228  0.0228  0.0227  0.0229  0.0227  0.0227  0.0226  0.0226
  0.0226  0.0226  0.0226  0.0226  0.0226  0.0226  0.0226  0.0226  0.0226  0.0226  0.0226  0.0226
  0.0226  0.0226  0.0226  0.0225  0.0226  0.0225  0.0225  0.0225  0.0225  0.0225  0.0225  0.0225
  0.0226  0.0226  0.0226  0.0226  0.0226  0.0225  0.0226  0.0226  0.0226  0.0226  0.0225  0.0226
  0.0228  0.0227  0.0227  0.0227  0.0228  0.0226  0.0227  0.0229  0.0227  0.0227  0.0226  0.0226
  0.0231  0.0229  0.0228  0.0230  0.0231  0.0229  0.0229  0.0233  0.0229  0.0229  0.0227  0.0228
niter,ni,del,rscale     1    3    5.0000    0.4000
parameters
    2.1122  -16.4351   -0.0528   -9.1135  -16.5436  -15.8440
   -6.7754   -1.1355    8.1291   26.7552    0.9458  -29.9834
eta,q 0.97749  8.86397
  0.0229  0.0228  0.0227  0.0228  0.0229  0.0228  0.0228  0.0230  0.0227  0.0228  0.0226  0.0226
  0.0227  0.0226  0.0226  0.0227  0.0227  0.0227  0.0226  0.0227  0.0226  0.0226  0.0226  0.0226
  0.0226  0.0226  0.0226  0.0226  0.0226  0.0226  0.0225  0.0226  0.0225  0.0225  0.0225  0.0225
  0.0225  0.0225  0.0225  0.0225  0.0225  0.0225  0.0225  0.0225  0.0225  0.0225  0.0225  0.0225
  0.0226  0.0226  0.0225  0.0225  0.0226  0.0225  0.0225  0.0226  0.0225  0.0225  0.0225  0.0225
  0.0227  0.0226  0.0226  0.0226  0.0227  0.0226  0.0226  0.0227  0.0226  0.0226  0.0226  0.0226
  0.0229  0.0228  0.0227  0.0228  0.0229  0.0227  0.0228  0.0230  0.0227  0.0228  0.0226  0.0227
registration optimization eta report
parameter search radius
    0.8000    0.8000    0.8000    2.4000    2.4000    2.4000
    2.4000    2.4000    2.4000    2.4000    2.4000    2.4000
100000*second partial in parameter space
       53.       40.       25.        5.        6.        4.
        4.        8.        4.        4.        2.        2.
  0.0229  0.0228  0.0227  0.0228  0.0229  0.0228  0.0228  0.0230  0.0227  0.0228  0.0226  0.0226
  0.0227  0.0226  0.0226  0.0227  0.0227  0.0227  0.0226  0.0227  0.0226  0.0226  0.0226  0.0226
  0.0226  0.0226  0.0226  0.0226  0.0226  0.0226  0.0225  0.0226  0.0225  0.0225  0.0225  0.0225
  0.0225  0.0225  0.0225  0.0225  0.0225  0.0225  0.0225  0.0225  0.0225  0.0225  0.0225  0.0225
  0.0226  0.0226  0.0225  0.0225  0.0226  0.0225  0.0225  0.0226  0.0225  0.0225  0.0225  0.0225
  0.0227  0.0226  0.0226  0.0226  0.0227  0.0226  0.0226  0.0227  0.0226  0.0226  0.0226  0.0226
  0.0229  0.0228  0.0227  0.0228  0.0229  0.0227  0.0228  0.0230  0.0227  0.0228  0.0226  0.0227
    2.1122  -16.4351   -0.0528   -9.1135  -16.5436  -15.8440
   -6.7754   -1.1355    8.1291   26.7552    0.9458  -29.9834
eta,q 0.97749  8.86397

---------------------------------------------------------------------
compute_vox2vox talsrcimg talsrcimg_to_711-2C_as_mni_average_305_t4 /opt/freesurfer/average/711-2C_as_mni_average_305
---------------------------------------------------------------------

freesurfer compute_vox2vox.c
Reading: talsrcimg.4dfp.ifh
Reading: talsrcimg_to_711-2C_as_mni_average_305_t4
Reading: /opt/freesurfer/average/711-2C_as_mni_average_305.4dfp.ifh
Writing: talsrcimg_to_711-2C_as_mni_average_305_t4_vox2vox.txt

start time Fri Mar 6 18:40:10 CET 2026
end		time Fri Mar 6 18:41:37 CET 2026

mpr2mni305 success

avi2talxfm orig_nu.mgz /opt/freesurfer/average/mni305.cor.mgz talsrcimg_to_711-2C_as_mni_average_305_t4_vox2vox.txt transforms/talairach.auto.xfm
avi2talxfm done
mv -f /out/sourcedata/freesurfer/sub-v1s11x0050166_ses-1/mri/talsrcimg_to_711-2C_as_mni_average_305_t4_vox2vox.txt /out/sourcedata/freesurfer/sub-v1s11x0050166_ses-1/mri/transforms/talsrcimg_to_711-2C_as_mni_average_305_t4_vox2vox.txt
lta_convert --src orig_nu.mgz --trg /opt/freesurfer/average/mni305.cor.mgz --inxfm transforms/talairach.auto.xfm --outlta transforms/talairach.auto.xfm.lta --subject fsaverage
7.3.2

--src: orig_nu.mgz src image (geometry).
--trg: /opt/freesurfer/average/mni305.cor.mgz trg image (geometry).
--inmni: transforms/talairach.auto.xfm input MNI/XFM transform.
--outlta: transforms/talairach.auto.xfm.lta output LTA.
--s: fsaverage subject name
 LTA read, type : 1
 1.09285  -0.01208   0.08438   2.67807;
-0.04506   1.06696   0.37967  -7.24844;
-0.09200  -0.34088   1.06829  -14.33731;
 0.00000   0.00000   0.00000   1.00000;
setting subject to fsaverage
Writing  LTA to file transforms/talairach.auto.xfm.lta...
lta_convert successful.
 
 
Started at Fri Mar 6 18:40:09 CET 2026
Ended   at Fri Mar  6 18:41:37 CET 2026
talairach_avi done
