Log file for defect2seg
Mon Mar  2 15:09:18 CET 2026

setenv SUBJECTS_DIR /out/sourcedata/freesurfer
cd /out/sourcedata/freesurfer/sub-v1s10x0050970_ses-1/scripts
/opt/freesurfer/bin/defect2seg --s sub-v1s10x0050970_ses-1 --rh-only --cortex

freesurfer-linux-ubuntu22_x86_64-7.3.2-20220804-6354275
defect2seg 7.3.2
Linux calypso3 6.8.0-79-generic #79-Ubuntu SMP PREEMPT_DYNAMIC Tue Aug 12 14:42:46 UTC 2025 x86_64 x86_64 x86_64 GNU/Linux
pid 4040840
mri_label2label --label-cortex /out/sourcedata/freesurfer/sub-v1s10x0050970_ses-1/surf/rh.orig.nofix /out/sourcedata/freesurfer/sub-v1s10x0050970_ses-1/mri/aseg.presurf.mgz 0 /out/sourcedata/freesurfer/sub-v1s10x0050970_ses-1/label/rh.nofix.cortex.label

 Generating cortex label... RemoveHipAmgy=0
 NucAccIsMedialWall=0
 mris->useRealRAS=0
24 non-cortical segments detected
only using segment with 7593 vertices
erasing segment 0 (vno[0] = 23492)
erasing segment 1 (vno[0] = 25831)
erasing segment 2 (vno[0] = 32623)
erasing segment 3 (vno[0] = 34932)
erasing segment 5 (vno[0] = 56417)
erasing segment 6 (vno[0] = 69860)
erasing segment 7 (vno[0] = 73946)
erasing segment 8 (vno[0] = 80959)
erasing segment 9 (vno[0] = 85836)
erasing segment 10 (vno[0] = 88324)
erasing segment 11 (vno[0] = 88711)
erasing segment 12 (vno[0] = 92344)
erasing segment 13 (vno[0] = 94325)
erasing segment 14 (vno[0] = 97709)
erasing segment 15 (vno[0] = 100138)
erasing segment 16 (vno[0] = 100163)
erasing segment 17 (vno[0] = 101239)
erasing segment 18 (vno[0] = 102332)
erasing segment 19 (vno[0] = 104532)
erasing segment 20 (vno[0] = 106792)
erasing segment 21 (vno[0] = 106817)
erasing segment 22 (vno[0] = 119292)
erasing segment 23 (vno[0] = 120091)
mri_label2vol --defects /out/sourcedata/freesurfer/sub-v1s10x0050970_ses-1/surf/rh.orig.nofix /out/sourcedata/freesurfer/sub-v1s10x0050970_ses-1/surf/rh.defect_labels /out/sourcedata/freesurfer/sub-v1s10x0050970_ses-1/mri/orig.mgz 2000 0 /out/sourcedata/freesurfer/sub-v1s10x0050970_ses-1/mri/rh.surface.defects.mgz /out/sourcedata/freesurfer/sub-v1s10x0050970_ses-1/label/rh.nofix.cortex.label
mri_label2vol supposed to be reproducible but seed not set
Contraining to label /out/sourcedata/freesurfer/sub-v1s10x0050970_ses-1/label/rh.nofix.cortex.label
Changing input type 0 to MRI_INT
Converting defects to volume: offset=2000, merge=0
Writing to /out/sourcedata/freesurfer/sub-v1s10x0050970_ses-1/mri/rh.surface.defects.mgz
mris_defects_pointset -s /out/sourcedata/freesurfer/sub-v1s10x0050970_ses-1/surf/rh.orig.nofix -d /out/sourcedata/freesurfer/sub-v1s10x0050970_ses-1/surf/rh.defect_labels -o /out/sourcedata/freesurfer/sub-v1s10x0050970_ses-1/surf/rh.defects.pointset --label /out/sourcedata/freesurfer/sub-v1s10x0050970_ses-1/label/rh.nofix.cortex.label
Reading in surface /out/sourcedata/freesurfer/sub-v1s10x0050970_ses-1/surf/rh.orig.nofix
Reading in defect segmentation /out/sourcedata/freesurfer/sub-v1s10x0050970_ses-1/surf/rh.defect_labels
Reading in label /out/sourcedata/freesurfer/sub-v1s10x0050970_ses-1/label/rh.nofix.cortex.label
#VMPC# mris_defects_pointset 2226188
mris_defects_pointset done
 
Started at Mon Mar 2 15:09:18 CET 2026 
Ended   at Mon Mar  2 15:09:36 CET 2026
Defect2seg-Run-Time-Sec 18
Defect2seg-Run-Time-Min 0.36
Defect2seg-Run-Time-Hours 0.00
 
defect2seg Done
