status file for recon-all
Mon Mar  2 15:04:57 CET 2026
#@# Tessellate rh Mon Mar  2 15:04:57 CET 2026
#@# Smooth1 rh Mon Mar  2 15:05:03 CET 2026
#@# Inflation1 rh Mon Mar  2 15:05:06 CET 2026
#@# QSphere rh Mon Mar  2 15:05:23 CET 2026
#@# Fix Topology rh Mon Mar  2 15:06:58 CET 2026
#@# Smooth2 rh Mon Mar  2 15:14:52 CET 2026
#@# Inflation2 rh Mon Mar  2 15:14:55 CET 2026
#@# Curv .H and .K rh Mon Mar  2 15:15:10 CET 2026
#@# Sphere rh Mon Mar  2 15:15:59 CET 2026
#@# Surf Reg rh Mon Mar  2 15:21:30 CET 2026
#@# Jacobian white rh Mon Mar  2 15:29:54 CET 2026
#@# AvgCurv rh Mon Mar  2 15:29:55 CET 2026
#@# Cortical Parc rh Mon Mar  2 15:29:56 CET 2026
#@# white curv rh Mon Mar  2 15:36:43 CET 2026
#@# white area rh Mon Mar  2 15:36:45 CET 2026
#@# pial curv rh Mon Mar  2 15:36:45 CET 2026
#@# pial area rh Mon Mar  2 15:36:48 CET 2026
#@# thickness rh Mon Mar  2 15:36:48 CET 2026
#@# area and vertex vol rh Mon Mar  2 15:37:23 CET 2026
#@# Curvature Stats rh Mon Mar  2 15:37:25 CET 2026
#@# Cortical Parc 2 rh Mon Mar  2 15:37:29 CET 2026
#@# Cortical Parc 3 rh Mon Mar  2 15:37:44 CET 2026
#@# WM/GM Contrast rh Mon Mar  2 15:37:56 CET 2026
recon-all -s sub-v1s10x0050970_ses-1 finished without error at Mon Mar  2 15:37:59 CET 2026



#New# invocation of recon-all 



status file for recon-all
Mon Mar  2 15:49:17 CET 2026
#@# white curv rh Mon Mar  2 15:49:18 CET 2026
#@# white area rh Mon Mar  2 15:49:18 CET 2026
#@# pial curv rh Mon Mar  2 15:49:18 CET 2026
#@# pial area rh Mon Mar  2 15:49:18 CET 2026
#@# thickness rh Mon Mar  2 15:49:18 CET 2026
#@# area and vertex vol rh Mon Mar  2 15:49:18 CET 2026
#@# Parcellation Stats rh Mon Mar  2 15:49:18 CET 2026
#@# Parcellation Stats 2 rh Mon Mar  2 15:49:48 CET 2026
#@# Parcellation Stats 3 rh Mon Mar  2 15:50:04 CET 2026
#@# BA_exvivo Labels rh Mon Mar  2 15:50:20 CET 2026
recon-all -s sub-v1s10x0050970_ses-1 finished without error at Mon Mar  2 15:53:58 CET 2026
