status file for recon-all
Sat Mar  7 07:52:39 CET 2026
#@# Tessellate lh Sat Mar  7 07:52:39 CET 2026
#@# Smooth1 lh Sat Mar  7 07:52:41 CET 2026
#@# Inflation1 lh Sat Mar  7 07:52:44 CET 2026
#@# QSphere lh Sat Mar  7 07:53:02 CET 2026
#@# Fix Topology lh Sat Mar  7 07:56:08 CET 2026
#@# Smooth2 lh Sat Mar  7 08:06:50 CET 2026
#@# Inflation2 lh Sat Mar  7 08:06:53 CET 2026
#@# Curv .H and .K lh Sat Mar  7 08:07:13 CET 2026
#@# Sphere lh Sat Mar  7 08:07:49 CET 2026
#@# Surf Reg lh Sat Mar  7 08:16:26 CET 2026
#@# Jacobian white lh Sat Mar  7 08:24:49 CET 2026
#@# AvgCurv lh Sat Mar  7 08:24:50 CET 2026
#@# Cortical Parc lh Sat Mar  7 08:24:51 CET 2026
#@# white curv lh Sat Mar  7 08:29:35 CET 2026
#@# white area lh Sat Mar  7 08:29:37 CET 2026
#@# pial curv lh Sat Mar  7 08:29:38 CET 2026
#@# pial area lh Sat Mar  7 08:29:39 CET 2026
#@# thickness lh Sat Mar  7 08:29:40 CET 2026
#@# area and vertex vol lh Sat Mar  7 08:29:58 CET 2026
#@# Curvature Stats lh Sat Mar  7 08:30:00 CET 2026
#@# Cortical Parc 2 lh Sat Mar  7 08:30:02 CET 2026
#@# Cortical Parc 3 lh Sat Mar  7 08:30:12 CET 2026
#@# WM/GM Contrast lh Sat Mar  7 08:30:20 CET 2026
recon-all -s sub-v1s1x0050648_ses-1 finished without error at Sat Mar  7 08:30:22 CET 2026



#New# invocation of recon-all 



status file for recon-all
Sat Mar  7 09:20:27 CET 2026
#@# white curv lh Sat Mar  7 09:20:27 CET 2026
#@# white area lh Sat Mar  7 09:20:27 CET 2026
#@# pial curv lh Sat Mar  7 09:20:27 CET 2026
#@# pial area lh Sat Mar  7 09:20:27 CET 2026
#@# thickness lh Sat Mar  7 09:20:27 CET 2026
#@# area and vertex vol lh Sat Mar  7 09:20:27 CET 2026
#@# Parcellation Stats lh Sat Mar  7 09:20:27 CET 2026
#@# Parcellation Stats 2 lh Sat Mar  7 09:20:42 CET 2026
#@# Parcellation Stats 3 lh Sat Mar  7 09:20:49 CET 2026
#@# BA_exvivo Labels lh Sat Mar  7 09:20:57 CET 2026
recon-all -s sub-v1s1x0050648_ses-1 finished without error at Sat Mar  7 09:23:10 CET 2026
