status file for recon-all
Fri Mar  6 00:30:28 CET 2026
#@# MotionCor Fri Mar  6 00:30:30 CET 2026
#@# Talairach Fri Mar  6 00:30:39 CET 2026
#@# Talairach Failure Detection Fri Mar  6 00:35:06 CET 2026
#@# Nu Intensity Correction Fri Mar  6 00:35:06 CET 2026
#@# Intensity Normalization Fri Mar  6 00:38:21 CET 2026
recon-all -s sub-v1s10x0050979_ses-1 finished without error at Fri Mar  6 00:39:42 CET 2026



#New# invocation of recon-all 



status file for recon-all
Fri Mar  6 00:47:06 CET 2026
#@# EM Registration Fri Mar  6 00:47:06 CET 2026
recon-all -s sub-v1s10x0050979_ses-1 finished without error at Fri Mar  6 00:54:53 CET 2026



#New# invocation of recon-all 



status file for recon-all
Fri Mar  6 00:54:58 CET 2026
#@# CA Normalize Fri Mar  6 00:54:58 CET 2026
#@# CA Reg Fri Mar  6 00:56:19 CET 2026
#@# SubCort Seg Fri Mar  6 01:56:07 CET 2026
#@# CC Seg Fri Mar  6 02:24:38 CET 2026
#@# Merge ASeg Fri Mar  6 02:25:29 CET 2026
#@# Intensity Normalization2 Fri Mar  6 02:25:29 CET 2026
#@# Mask BFS Fri Mar  6 02:27:41 CET 2026
#@# WM Segmentation Fri Mar  6 02:27:41 CET 2026
#@# Fill Fri Mar  6 02:29:39 CET 2026
recon-all -s sub-v1s10x0050979_ses-1 finished without error at Fri Mar  6 02:30:41 CET 2026



#New# invocation of recon-all 



status file for recon-all
Fri Mar  6 03:27:11 CET 2026
#@# white curv lh Fri Mar  6 03:27:11 CET 2026
#@# white area lh Fri Mar  6 03:27:11 CET 2026
#@# pial curv lh Fri Mar  6 03:27:11 CET 2026
#@# pial area lh Fri Mar  6 03:27:11 CET 2026
#@# thickness lh Fri Mar  6 03:27:11 CET 2026
#@# area and vertex vol lh Fri Mar  6 03:27:11 CET 2026
#@# white curv rh Fri Mar  6 03:27:11 CET 2026
#@# white area rh Fri Mar  6 03:27:11 CET 2026
#@# pial curv rh Fri Mar  6 03:27:11 CET 2026
#@# pial area rh Fri Mar  6 03:27:11 CET 2026
#@# thickness rh Fri Mar  6 03:27:11 CET 2026
#@# area and vertex vol rh Fri Mar  6 03:27:11 CET 2026
#@# Cortical ribbon mask Fri Mar  6 03:27:11 CET 2026
recon-all -s sub-v1s10x0050979_ses-1 finished without error at Fri Mar  6 03:34:24 CET 2026



#New# invocation of recon-all 



status file for recon-all
Fri Mar  6 03:41:51 CET 2026
#@# white curv lh Fri Mar  6 03:41:51 CET 2026
#@# white area lh Fri Mar  6 03:41:51 CET 2026
#@# pial curv lh Fri Mar  6 03:41:51 CET 2026
#@# pial area lh Fri Mar  6 03:41:51 CET 2026
#@# thickness lh Fri Mar  6 03:41:51 CET 2026
#@# area and vertex vol lh Fri Mar  6 03:41:51 CET 2026
#@# white curv rh Fri Mar  6 03:41:51 CET 2026
#@# white area rh Fri Mar  6 03:41:51 CET 2026
#@# pial curv rh Fri Mar  6 03:41:51 CET 2026
#@# pial area rh Fri Mar  6 03:41:51 CET 2026
#@# thickness rh Fri Mar  6 03:41:51 CET 2026
#@# area and vertex vol rh Fri Mar  6 03:41:51 CET 2026
#@# Curvature Stats lh Fri Mar  6 03:41:51 CET 2026
#@# Curvature Stats rh Fri Mar  6 03:41:54 CET 2026
#@# Relabel Hypointensities Fri Mar  6 03:41:56 CET 2026
#@# APas-to-ASeg Fri Mar  6 03:42:13 CET 2026
#@# AParc-to-ASeg aparc Fri Mar  6 03:42:22 CET 2026
#@# AParc-to-ASeg aparc.a2009s Fri Mar  6 03:43:22 CET 2026
#@# AParc-to-ASeg aparc.DKTatlas Fri Mar  6 03:44:18 CET 2026
#@# WMParc Fri Mar  6 03:45:08 CET 2026
#@# ASeg Stats Fri Mar  6 03:49:54 CET 2026
recon-all -s sub-v1s10x0050979_ses-1 finished without error at Fri Mar  6 03:51:03 CET 2026
