status file for recon-all
Fri Mar  6 08:29:12 CET 2026
#@# MotionCor Fri Mar  6 08:29:13 CET 2026
#@# Talairach Fri Mar  6 08:29:23 CET 2026
#@# Talairach Failure Detection Fri Mar  6 08:33:48 CET 2026
#@# Nu Intensity Correction Fri Mar  6 08:33:48 CET 2026
#@# Intensity Normalization Fri Mar  6 08:37:03 CET 2026
recon-all -s sub-v1s10x0051029_ses-1 finished without error at Fri Mar  6 08:38:31 CET 2026



#New# invocation of recon-all 



status file for recon-all
Fri Mar  6 08:45:49 CET 2026
#@# EM Registration Fri Mar  6 08:45:49 CET 2026
recon-all -s sub-v1s10x0051029_ses-1 finished without error at Fri Mar  6 08:48:06 CET 2026



#New# invocation of recon-all 



status file for recon-all
Fri Mar  6 08:48:08 CET 2026
#@# CA Normalize Fri Mar  6 08:48:08 CET 2026
#@# CA Reg Fri Mar  6 08:49:30 CET 2026
#@# SubCort Seg Fri Mar  6 09:43:38 CET 2026
#@# CC Seg Fri Mar  6 10:11:41 CET 2026
#@# Merge ASeg Fri Mar  6 10:12:12 CET 2026
#@# Intensity Normalization2 Fri Mar  6 10:12:12 CET 2026
#@# Mask BFS Fri Mar  6 10:14:23 CET 2026
#@# WM Segmentation Fri Mar  6 10:14:24 CET 2026
#@# Fill Fri Mar  6 10:16:22 CET 2026
recon-all -s sub-v1s10x0051029_ses-1 finished without error at Fri Mar  6 10:17:23 CET 2026



#New# invocation of recon-all 



status file for recon-all
Fri Mar  6 11:09:56 CET 2026
#@# white curv lh Fri Mar  6 11:09:56 CET 2026
#@# white area lh Fri Mar  6 11:09:56 CET 2026
#@# pial curv lh Fri Mar  6 11:09:56 CET 2026
#@# pial area lh Fri Mar  6 11:09:56 CET 2026
#@# thickness lh Fri Mar  6 11:09:56 CET 2026
#@# area and vertex vol lh Fri Mar  6 11:09:56 CET 2026
#@# white curv rh Fri Mar  6 11:09:56 CET 2026
#@# white area rh Fri Mar  6 11:09:56 CET 2026
#@# pial curv rh Fri Mar  6 11:09:56 CET 2026
#@# pial area rh Fri Mar  6 11:09:56 CET 2026
#@# thickness rh Fri Mar  6 11:09:56 CET 2026
#@# area and vertex vol rh Fri Mar  6 11:09:56 CET 2026
#@# Cortical ribbon mask Fri Mar  6 11:09:56 CET 2026
recon-all -s sub-v1s10x0051029_ses-1 finished without error at Fri Mar  6 11:15:28 CET 2026



#New# invocation of recon-all 



status file for recon-all
Fri Mar  6 11:22:36 CET 2026
#@# white curv lh Fri Mar  6 11:22:36 CET 2026
#@# white area lh Fri Mar  6 11:22:37 CET 2026
#@# pial curv lh Fri Mar  6 11:22:37 CET 2026
#@# pial area lh Fri Mar  6 11:22:37 CET 2026
#@# thickness lh Fri Mar  6 11:22:37 CET 2026
#@# area and vertex vol lh Fri Mar  6 11:22:37 CET 2026
#@# white curv rh Fri Mar  6 11:22:37 CET 2026
#@# white area rh Fri Mar  6 11:22:37 CET 2026
#@# pial curv rh Fri Mar  6 11:22:37 CET 2026
#@# pial area rh Fri Mar  6 11:22:37 CET 2026
#@# thickness rh Fri Mar  6 11:22:37 CET 2026
#@# area and vertex vol rh Fri Mar  6 11:22:37 CET 2026
#@# Curvature Stats lh Fri Mar  6 11:22:37 CET 2026
#@# Curvature Stats rh Fri Mar  6 11:22:39 CET 2026
#@# Relabel Hypointensities Fri Mar  6 11:22:42 CET 2026
#@# APas-to-ASeg Fri Mar  6 11:22:57 CET 2026
#@# AParc-to-ASeg aparc Fri Mar  6 11:23:06 CET 2026
#@# AParc-to-ASeg aparc.a2009s Fri Mar  6 11:23:47 CET 2026
#@# AParc-to-ASeg aparc.DKTatlas Fri Mar  6 11:24:27 CET 2026
#@# WMParc Fri Mar  6 11:25:08 CET 2026
#@# ASeg Stats Fri Mar  6 11:29:20 CET 2026
recon-all -s sub-v1s10x0051029_ses-1 finished without error at Fri Mar  6 11:30:01 CET 2026
