status file for recon-all
Sat Mar  7 00:47:31 CET 2026
#@# Tessellate lh Sat Mar  7 00:47:31 CET 2026
#@# Smooth1 lh Sat Mar  7 00:47:35 CET 2026
#@# Inflation1 lh Sat Mar  7 00:47:38 CET 2026
#@# QSphere lh Sat Mar  7 00:47:51 CET 2026
#@# Fix Topology lh Sat Mar  7 00:48:50 CET 2026
#@# Smooth2 lh Sat Mar  7 00:56:04 CET 2026
#@# Inflation2 lh Sat Mar  7 00:56:07 CET 2026
#@# Curv .H and .K lh Sat Mar  7 00:56:22 CET 2026
#@# Sphere lh Sat Mar  7 00:57:12 CET 2026
#@# Surf Reg lh Sat Mar  7 01:00:13 CET 2026
#@# Jacobian white lh Sat Mar  7 01:03:59 CET 2026
#@# AvgCurv lh Sat Mar  7 01:03:59 CET 2026
#@# Cortical Parc lh Sat Mar  7 01:04:00 CET 2026
#@# white curv lh Sat Mar  7 01:10:19 CET 2026
#@# white area lh Sat Mar  7 01:10:21 CET 2026
#@# pial curv lh Sat Mar  7 01:10:22 CET 2026
#@# pial area lh Sat Mar  7 01:10:24 CET 2026
#@# thickness lh Sat Mar  7 01:10:24 CET 2026
#@# area and vertex vol lh Sat Mar  7 01:10:56 CET 2026
#@# Curvature Stats lh Sat Mar  7 01:10:57 CET 2026
#@# Cortical Parc 2 lh Sat Mar  7 01:11:00 CET 2026
#@# Cortical Parc 3 lh Sat Mar  7 01:11:14 CET 2026
#@# WM/GM Contrast lh Sat Mar  7 01:11:24 CET 2026
recon-all -s sub-v1s17x0051135_ses-1 finished without error at Sat Mar  7 01:11:28 CET 2026



#New# invocation of recon-all 



status file for recon-all
Sat Mar  7 01:37:59 CET 2026
#@# white curv lh Sat Mar  7 01:37:59 CET 2026
#@# white area lh Sat Mar  7 01:38:00 CET 2026
#@# pial curv lh Sat Mar  7 01:38:00 CET 2026
#@# pial area lh Sat Mar  7 01:38:00 CET 2026
#@# thickness lh Sat Mar  7 01:38:00 CET 2026
#@# area and vertex vol lh Sat Mar  7 01:38:00 CET 2026
#@# Parcellation Stats lh Sat Mar  7 01:38:00 CET 2026
#@# Parcellation Stats 2 lh Sat Mar  7 01:38:20 CET 2026
#@# Parcellation Stats 3 lh Sat Mar  7 01:38:31 CET 2026
#@# BA_exvivo Labels lh Sat Mar  7 01:38:41 CET 2026
recon-all -s sub-v1s17x0051135_ses-1 finished without error at Sat Mar  7 01:41:16 CET 2026
