status file for recon-all
Fri Mar  6 22:08:06 CET 2026
#@# Tessellate lh Fri Mar  6 22:08:06 CET 2026
#@# Smooth1 lh Fri Mar  6 22:08:09 CET 2026
#@# Inflation1 lh Fri Mar  6 22:08:11 CET 2026
#@# QSphere lh Fri Mar  6 22:08:24 CET 2026
#@# Fix Topology lh Fri Mar  6 22:09:28 CET 2026
#@# Smooth2 lh Fri Mar  6 22:14:54 CET 2026
#@# Inflation2 lh Fri Mar  6 22:14:56 CET 2026
#@# Curv .H and .K lh Fri Mar  6 22:15:09 CET 2026
#@# Sphere lh Fri Mar  6 22:15:45 CET 2026
#@# Surf Reg lh Fri Mar  6 22:17:52 CET 2026
#@# Jacobian white lh Fri Mar  6 22:21:00 CET 2026
#@# AvgCurv lh Fri Mar  6 22:21:00 CET 2026
#@# Cortical Parc lh Fri Mar  6 22:21:01 CET 2026
#@# white curv lh Fri Mar  6 22:26:22 CET 2026
#@# white area lh Fri Mar  6 22:26:23 CET 2026
#@# pial curv lh Fri Mar  6 22:26:24 CET 2026
#@# pial area lh Fri Mar  6 22:26:25 CET 2026
#@# thickness lh Fri Mar  6 22:26:26 CET 2026
#@# area and vertex vol lh Fri Mar  6 22:26:45 CET 2026
#@# Curvature Stats lh Fri Mar  6 22:26:46 CET 2026
#@# Cortical Parc 2 lh Fri Mar  6 22:26:47 CET 2026
#@# Cortical Parc 3 lh Fri Mar  6 22:26:57 CET 2026
#@# WM/GM Contrast lh Fri Mar  6 22:27:05 CET 2026
recon-all -s sub-v1s12x0050128_ses-1 finished without error at Fri Mar  6 22:27:07 CET 2026



#New# invocation of recon-all 



status file for recon-all
Fri Mar  6 22:49:15 CET 2026
#@# white curv lh Fri Mar  6 22:49:15 CET 2026
#@# white area lh Fri Mar  6 22:49:15 CET 2026
#@# pial curv lh Fri Mar  6 22:49:15 CET 2026
#@# pial area lh Fri Mar  6 22:49:15 CET 2026
#@# thickness lh Fri Mar  6 22:49:15 CET 2026
#@# area and vertex vol lh Fri Mar  6 22:49:15 CET 2026
#@# Parcellation Stats lh Fri Mar  6 22:49:15 CET 2026
#@# Parcellation Stats 2 lh Fri Mar  6 22:49:29 CET 2026
#@# Parcellation Stats 3 lh Fri Mar  6 22:49:36 CET 2026
#@# BA_exvivo Labels lh Fri Mar  6 22:49:46 CET 2026
recon-all -s sub-v1s12x0050128_ses-1 finished without error at Fri Mar  6 22:51:48 CET 2026
