status file for recon-all
Sat Mar  7 03:25:59 CET 2026
#@# Tessellate rh Sat Mar  7 03:25:59 CET 2026
#@# Smooth1 rh Sat Mar  7 03:26:03 CET 2026
#@# Inflation1 rh Sat Mar  7 03:26:06 CET 2026
#@# QSphere rh Sat Mar  7 03:26:21 CET 2026
#@# Fix Topology rh Sat Mar  7 03:27:46 CET 2026
#@# Smooth2 rh Sat Mar  7 03:34:15 CET 2026
#@# Inflation2 rh Sat Mar  7 03:34:18 CET 2026
#@# Curv .H and .K rh Sat Mar  7 03:34:34 CET 2026
#@# Sphere rh Sat Mar  7 03:35:25 CET 2026
#@# Surf Reg rh Sat Mar  7 03:38:14 CET 2026
#@# Jacobian white rh Sat Mar  7 03:43:07 CET 2026
#@# AvgCurv rh Sat Mar  7 03:43:08 CET 2026
#@# Cortical Parc rh Sat Mar  7 03:43:09 CET 2026
#@# white curv rh Sat Mar  7 03:50:40 CET 2026
#@# white area rh Sat Mar  7 03:50:42 CET 2026
#@# pial curv rh Sat Mar  7 03:50:43 CET 2026
#@# pial area rh Sat Mar  7 03:50:45 CET 2026
#@# thickness rh Sat Mar  7 03:50:46 CET 2026
#@# area and vertex vol rh Sat Mar  7 03:51:19 CET 2026
#@# Curvature Stats rh Sat Mar  7 03:51:21 CET 2026
#@# Cortical Parc 2 rh Sat Mar  7 03:51:24 CET 2026
#@# Cortical Parc 3 rh Sat Mar  7 03:51:39 CET 2026
#@# WM/GM Contrast rh Sat Mar  7 03:51:51 CET 2026
recon-all -s sub-v1s18x0051231_ses-1 finished without error at Sat Mar  7 03:51:54 CET 2026



#New# invocation of recon-all 



status file for recon-all
Sat Mar  7 04:00:19 CET 2026
#@# white curv rh Sat Mar  7 04:00:19 CET 2026
#@# white area rh Sat Mar  7 04:00:19 CET 2026
#@# pial curv rh Sat Mar  7 04:00:19 CET 2026
#@# pial area rh Sat Mar  7 04:00:19 CET 2026
#@# thickness rh Sat Mar  7 04:00:19 CET 2026
#@# area and vertex vol rh Sat Mar  7 04:00:19 CET 2026
#@# Parcellation Stats rh Sat Mar  7 04:00:19 CET 2026
#@# Parcellation Stats 2 rh Sat Mar  7 04:00:41 CET 2026
#@# Parcellation Stats 3 rh Sat Mar  7 04:00:52 CET 2026
#@# BA_exvivo Labels rh Sat Mar  7 04:01:03 CET 2026
recon-all -s sub-v1s18x0051231_ses-1 finished without error at Sat Mar  7 04:04:02 CET 2026
