/out/sourcedata/freesurfer/sub-v1s10x0051045_ses-1/mri
/opt/freesurfer/bin/talairach_avi
--i orig_nu.mgz --xfm transforms/talairach.auto.xfm
talairach_avi 7.3.2
Linux dna010 5.14.0-427.37.1.el9_4.x86_64 #1 SMP PREEMPT_DYNAMIC Fri Sep 13 12:41:50 EDT 2024 x86_64 x86_64 x86_64 GNU/Linux
Fri Mar  6 09:20:20 CET 2026
mri_convert orig_nu.mgz talsrcimg.img 
reading from orig_nu.mgz...
TR=0.00, TE=0.00, TI=0.00, flip angle=0.00
i_ras = (-1, 0, 0)
j_ras = (0, 0, -1)
k_ras = (0, 1, 0)
writing to talsrcimg.img...
Analyze Output Matrix
-1.00000   0.00000   0.00000   134.00247;
 0.00000   0.00000   1.00000  -133.78314;
 0.00000  -1.00000   0.00000   118.43375;
 0.00000   0.00000   0.00000   1.00000;
--------------------
INFO: set hdr.hist.orient to -1
mpr2mni305 talsrcimg
Fri Mar  6 09:20:20 CET 2026
/opt/freesurfer/bin/mpr2mni305 talsrcimg
mpr2mni305 7.3.2
target=711-2C_as_mni_average_305

---------------------------------------------------------------------
analyzeto4dfp talsrcimg -O0 -y
---------------------------------------------------------------------

freesurfer ifh2hdr.c
Fri Mar  6 09:20:21 2026
Writing: talsrcimg.4dfp.hdr
freesurfer analyzeto4dfp.c
Reading: talsrcimg.hdr
header size 348 bytes
hdr.dime.datatype	offset=70	value=2
hdr.dime.bitpix		offset=72	value=8
hdr.hist.orient		offset=252	value=-1
dimensionality     4
dimensions       256       256       256         1
Reading: talsrcimg.img
Writing: talsrcimg.4dfp.img
Writing: talsrcimg.4dfp.ifh
ifh2hdr talsrcimg -r0to222
ori=2

---------------------------------------------------------------------
gauss_4dfp talsrcimg 1.1
---------------------------------------------------------------------

freesurfer gauss_4dfp.c
Reading: talsrcimg.4dfp.img
Writing: talsrcimg_g11.4dfp.img
image dimensions 256 256 256 padded to 288 288 288
processing volume 1freesurfer ifh2hdr.c
Fri Mar  6 09:20:22 2026
Writing: talsrcimg_g11.4dfp.hdr

Writing: talsrcimg_g11.4dfp.ifh
including: talsrcimg.4dfp.img.rec in talsrcimg_g11.4dfp.img.rec

---------------------------------------------------------------------
imgreg_4dfp /opt/freesurfer/average/711-2C_as_mni_average_305 none talsrcimg_g11 none talsrcimg_to_711-2C_as_mni_average_305_t4 4355
---------------------------------------------------------------------

freesurfer imgreg_4dfp.c
/opt/freesurfer/average/711-2C_as_mni_average_305.4dfp.img
       256       256       256         1
  1.000000  1.000000  1.000000
orientation T byte_order littleendian
Reading image: /opt/freesurfer/average/711-2C_as_mni_average_305.4dfp.img
dimensions:      256       256       256
mmppix:       1.0000   -1.0000   -1.0000
center:     128.0000 -129.0000 -129.0000
talsrcimg_g11.4dfp.img
       256       256       256         1
  1.000000  1.000000  1.000000
orientation T byte_order littleendian
Reading image: talsrcimg_g11.4dfp.img
dimensions:      256       256       256
mmppix:       1.0000   -1.0000   -1.0000
center:     128.0000 -129.0000 -129.0000
t4_read: open error in t4_sub.f l:  41 t4_file(1:l)talsrcimg_to_711-2C_as_mni_average_305_t4 
t4_read: transform initialized to I4
rotation matrix determinant  1.000000
image alignment mode   4355 decimal     1103 hex
   -7.5000  -45.0000  -45.0000 8335.4697   17.3820
    0.0000  -45.0000  -45.0000 8670.7627   17.3729
    7.5000  -45.0000  -45.0000 8312.6338   17.3438
   -7.5000  -37.5000  -45.0000 8838.9971   17.3714
    0.0000  -37.5000  -45.0000 9221.9688   17.3753
    7.5000  -37.5000  -45.0000 8824.1299   17.3488
   -7.5000  -30.0000  -45.0000 9602.2285   17.4005
    0.0000  -30.0000  -45.000010024.4932   17.4064
    7.5000  -30.0000  -45.0000 9595.5420   17.3832
   -7.5000  -22.5000  -45.000010285.6406   17.4309
    0.0000  -22.5000  -45.000010775.7637   17.4235
    7.5000  -22.5000  -45.000010280.9307   17.4008
   -7.5000  -15.0000  -45.000010927.5859   17.4343
    0.0000  -15.0000  -45.000011461.1602   17.4130
    7.5000  -15.0000  -45.000010891.1084   17.3880
   -7.5000   -7.5000  -45.000011517.3770   17.4058
    0.0000   -7.5000  -45.000012055.1279   17.3848
    7.5000   -7.5000  -45.000011472.8809   17.3569
   -7.5000    0.0000  -45.000011967.8750   17.3732
    0.0000    0.0000  -45.000012510.1514   17.3642
    7.5000    0.0000  -45.000011934.5449   17.3354
   -7.5000    7.5000  -45.000011539.5840   17.3713
    0.0000    7.5000  -45.000012065.6797   17.3753
    7.5000    7.5000  -45.000011493.4746   17.3487
   -7.5000   15.0000  -45.000011049.0791   17.4005
    0.0000   15.0000  -45.000011558.5625   17.4064
    7.5000   15.0000  -45.000010988.5537   17.3832
   -7.5000   22.5000  -45.000010413.5176   17.4285
    0.0000   22.5000  -45.000010872.3027   17.4211
    7.5000   22.5000  -45.000010318.0166   17.3984
   -7.5000   30.0000  -45.0000 9660.8975   17.2020
    0.0000   30.0000  -45.000010060.2402   17.1809
    7.5000   30.0000  -45.0000 9553.6621   17.1563
   -7.5000   37.5000  -45.0000 9229.4268   17.1738
    0.0000   37.5000  -45.0000 9590.6494   17.1532
    7.5000   37.5000  -45.0000 9105.3428   17.1256
   -7.5000   45.0000  -45.0000 8401.3467   16.7077
    0.0000   45.0000  -45.0000 8704.8838   16.6990
    7.5000   45.0000  -45.0000 8275.4805   16.6713
   -7.5000  -45.0000  -37.5000 8846.6650   17.3619
    0.0000  -45.0000  -37.5000 9244.5957   17.3484
    7.5000  -45.0000  -37.5000 8818.9473   17.3274
   -7.5000  -37.5000  -37.5000 9365.7344   17.3613
    0.0000  -37.5000  -37.5000 9813.3740   17.3614
    7.5000  -37.5000  -37.5000 9321.3916   17.3398
   -7.5000  -30.0000  -37.500010167.3008   17.4056
    0.0000  -30.0000  -37.500010652.4004   17.4086
    7.5000  -30.0000  -37.500010117.5420   17.3861
   -7.5000  -22.5000  -37.500010874.7588   17.4406
    0.0000  -22.5000  -37.500011428.8164   17.4310
    7.5000  -22.5000  -37.500010828.4619   17.4087
   -7.5000  -15.0000  -37.500011532.0547   17.4346
    0.0000  -15.0000  -37.500012130.9160   17.4109
    7.5000  -15.0000  -37.500011467.5361   17.3894
   -7.5000   -7.5000  -37.500012147.5068   17.3916
    0.0000   -7.5000  -37.500012754.9424   17.3668
    7.5000   -7.5000  -37.500012076.1094   17.3460
   -7.5000    0.0000  -37.500012608.2041   17.3533
    0.0000    0.0000  -37.500013216.6465   17.3398
    7.5000    0.0000  -37.500012526.1689   17.3190
   -7.5000    7.5000  -37.500012131.8682   17.3612
    0.0000    7.5000  -37.500012718.7656   17.3614
    7.5000    7.5000  -37.500012036.6221   17.3398
   -7.5000   15.0000  -37.500011570.6172   17.4056
    0.0000   15.0000  -37.500012134.4570   17.4086
    7.5000   15.0000  -37.500011473.7656   17.3861
   -7.5000   22.5000  -37.500010881.0879   17.4382
    0.0000   22.5000  -37.500011398.0635   17.4286
    7.5000   22.5000  -37.500010764.7949   17.4064
   -7.5000   30.0000  -37.500010064.8428   17.2023
    0.0000   30.0000  -37.500010527.4824   17.1788
    7.5000   30.0000  -37.5000 9946.4697   17.1577
   -7.5000   37.5000  -37.5000 9588.8262   17.1599
    0.0000   37.5000  -37.500010010.3320   17.1353
    7.5000   37.5000  -37.5000 9473.7607   17.1149
   -7.5000   45.0000  -37.5000 8701.1104   16.6886
    0.0000   45.0000  -37.5000 9055.5137   16.6756
    7.5000   45.0000  -37.5000 8593.2744   16.6557
   -7.5000  -45.0000  -30.0000 9520.8604   18.0949
    0.0000  -45.0000  -30.0000 9977.5400   18.0795
    7.5000  -45.0000  -30.0000 9473.2979   18.0627
   -7.5000  -37.5000  -30.000010049.5801   18.0930
    0.0000  -37.5000  -30.000010570.3623   18.0903
    7.5000  -37.5000  -30.000010005.6465   18.0693
   -7.5000  -30.0000  -30.000010889.6934   18.1445
    0.0000  -30.0000  -30.000011457.0020   18.1440
    7.5000  -30.0000  -30.000010849.0596   18.1185
   -7.5000  -22.5000  -30.000011622.5928   18.1882
    0.0000  -22.5000  -30.000012263.9775   18.1758
    7.5000  -22.5000  -30.000011585.4658   18.1510
   -7.5000  -15.0000  -30.000012330.7939   18.1845
    0.0000  -15.0000  -30.000012996.4307   18.1587
    7.5000  -15.0000  -30.000012258.8359   18.1380
   -7.5000   -7.5000  -30.000012988.6416   18.1336
    0.0000   -7.5000  -30.000013663.0732   18.1070
    7.5000   -7.5000  -30.000012900.4424   18.0901
   -7.5000    0.0000  -30.000013466.1816   18.0859
    0.0000    0.0000  -30.000014164.7549   18.0705
    7.5000    0.0000  -30.000013379.5117   18.0539
   -7.5000    7.5000  -30.000012915.7422   18.0930
    0.0000    7.5000  -30.000013585.2393   18.0903
    7.5000    7.5000  -30.000012813.9141   18.0693
   -7.5000   15.0000  -30.000012290.0205   18.1445
    0.0000   15.0000  -30.000012919.8525   18.1440
    7.5000   15.0000  -30.000012170.4453   18.1185
   -7.5000   22.5000  -30.000011542.3584   18.1838
    0.0000   22.5000  -30.000012141.0283   18.1715
    7.5000   22.5000  -30.000011422.9209   18.1467
   -7.5000   30.0000  -30.000010656.3291   17.9439
    0.0000   30.0000  -30.000011174.0771   17.9184
    7.5000   30.0000  -30.000010543.3340   17.8980
   -7.5000   37.5000  -30.000010135.6582   17.8937
    0.0000   37.5000  -30.000010607.4600   17.8674
    7.5000   37.5000  -30.000010013.2754   17.8507
   -7.5000   45.0000  -30.0000 9178.5781   17.4059
    0.0000   45.0000  -30.0000 9584.8857   17.3911
    7.5000   45.0000  -30.0000 9069.4434   17.3751
   -7.5000  -45.0000  -22.500010164.9170   18.7356
    0.0000  -45.0000  -22.500010684.5830   18.7237
    7.5000  -45.0000  -22.500010132.0938   18.7004
   -7.5000  -37.5000  -22.500010705.4980   18.7196
    0.0000  -37.5000  -22.500011286.6318   18.7182
    7.5000  -37.5000  -22.500010699.0811   18.6907
   -7.5000  -30.0000  -22.500011583.5723   18.7601
    0.0000  -30.0000  -22.500012229.4648   18.7592
    7.5000  -30.0000  -22.500011579.3662   18.7285
   -7.5000  -22.5000  -22.500012367.4648   18.8081
    0.0000  -22.5000  -22.500013052.6602   18.7957
    7.5000  -22.5000  -22.500012344.8750   18.7668
   -7.5000  -15.0000  -22.500013083.9482   18.8186
    0.0000  -15.0000  -22.500013794.6396   18.7946
    7.5000  -15.0000  -22.500013046.3018   18.7698
   -7.5000   -7.5000  -22.500013771.8037   18.7770
    0.0000   -7.5000  -22.500014513.7637   18.7540
    7.5000   -7.5000  -22.500013719.8115   18.7318
   -7.5000    0.0000  -22.500014291.4844   18.7261
    0.0000    0.0000  -22.500015072.4941   18.7142
    7.5000    0.0000  -22.500014220.2002   18.6910
   -7.5000    7.5000  -22.500013694.6260   18.7195
    0.0000    7.5000  -22.500014416.9736   18.7181
    7.5000    7.5000  -22.500013609.4688   18.6906
   -7.5000   15.0000  -22.500012986.5449   18.7601
    0.0000   15.0000  -22.500013668.0508   18.7592
    7.5000   15.0000  -22.500012891.1123   18.7285
   -7.5000   22.5000  -22.500012167.0713   18.8023
    0.0000   22.5000  -22.500012824.1523   18.7899
    7.5000   22.5000  -22.500012076.4678   18.7610
   -7.5000   30.0000  -22.500011249.1475   18.5724
    0.0000   30.0000  -22.500011835.5469   18.5487
    7.5000   30.0000  -22.500011155.3701   18.5242
   -7.5000   37.5000  -22.500010681.5459   18.5314
    0.0000   37.5000  -22.500011230.6406   18.5087
    7.5000   37.5000  -22.500010578.7480   18.4868
   -7.5000   45.0000  -22.5000 9634.3037   18.0353
    0.0000   45.0000  -22.500010093.3799   18.0239
    7.5000   45.0000  -22.5000 9560.6201   18.0016
   -7.5000  -45.0000  -15.000010773.8760   19.1975
    0.0000  -45.0000  -15.000011328.3936   19.1912
    7.5000  -45.0000  -15.000010770.2852   19.1574
   -7.5000  -37.5000  -15.000011366.2422   19.1691
    0.0000  -37.5000  -15.000011953.8281   19.1730
    7.5000  -37.5000  -15.000011372.2061   19.1381
   -7.5000  -30.0000  -15.000012310.7754   19.1945
    0.0000  -30.0000  -15.000012958.7383   19.1981
    7.5000  -30.0000  -15.000012319.9932   19.1644
   -7.5000  -22.5000  -15.000013091.5781   19.2399
    0.0000  -22.5000  -15.000013797.1621   19.2310
    7.5000  -22.5000  -15.000013117.2812   19.2002
   -7.5000  -15.0000  -15.000013837.7500   19.2619
    0.0000  -15.0000  -15.000014550.9590   19.2413
    7.5000  -15.0000  -15.000013823.7695   19.2119
   -7.5000   -7.5000  -15.000014549.5518   19.2348
    0.0000   -7.5000  -15.000015318.8965   19.2166
    7.5000   -7.5000  -15.000014512.0283   19.1856
   -7.5000    0.0000  -15.000015081.6045   19.1875
    0.0000    0.0000  -15.000015910.5586   19.1813
    7.5000    0.0000  -15.000015044.4014   19.1477
   -7.5000    7.5000  -15.000014434.1123   19.1690
    0.0000    7.5000  -15.000015216.4756   19.1730
    7.5000    7.5000  -15.000014410.4697   19.1380
   -7.5000   15.0000  -15.000013656.6035   19.1945
    0.0000   15.0000  -15.000014391.5908   19.1981
    7.5000   15.0000  -15.000013627.4951   19.1644
   -7.5000   22.5000  -15.000012804.0049   19.2331
    0.0000   22.5000  -15.000013493.6211   19.2242
    7.5000   22.5000  -15.000012751.3018   19.1934
   -7.5000   30.0000  -15.000011853.7324   19.0126
    0.0000   30.0000  -15.000012490.5342   18.9923
    7.5000   30.0000  -15.000011789.5459   18.9632
   -7.5000   37.5000  -15.000011222.6230   18.9858
    0.0000   37.5000  -15.000011811.0439   18.9679
    7.5000   37.5000  -15.000011168.2080   18.9373
   -7.5000   45.0000  -15.000010115.9365   18.4908
    0.0000   45.0000  -15.000010630.1631   18.4848
    7.5000   45.0000  -15.000010061.4814   18.4524
   -7.5000  -45.0000   -7.500011410.2188   19.4158
    0.0000  -45.0000   -7.500011976.4258   19.4104
    7.5000  -45.0000   -7.500011413.0312   19.3731
   -7.5000  -37.5000   -7.500012052.1816   19.3909
    0.0000  -37.5000   -7.500012636.9336   19.3976
    7.5000  -37.5000   -7.500012049.4697   19.3626
   -7.5000  -30.0000   -7.500013081.3936   19.4136
    0.0000  -30.0000   -7.500013794.0078   19.4208
    7.5000  -30.0000   -7.500013091.9932   19.3900
   -7.5000  -22.5000   -7.500013921.7002   19.4518
    0.0000  -22.5000   -7.500014722.9170   19.4446
    7.5000  -22.5000   -7.500013978.2002   19.4162
   -7.5000  -15.0000   -7.500014683.7715   19.4692
    0.0000  -15.0000   -7.500015430.9629   19.4483
    7.5000  -15.0000   -7.500014683.6641   19.4180
   -7.5000   -7.5000   -7.500015408.9082   19.4459
    0.0000   -7.5000   -7.500016169.3535   19.4272
    7.5000   -7.5000   -7.500015401.9121   19.3925
   -7.5000    0.0000   -7.500015968.9795   19.4058
    0.0000    0.0000   -7.500016785.7441   19.4004
    7.5000    0.0000   -7.500015991.9092   19.3634
   -7.5000    7.5000   -7.500015242.9980   19.3909
    0.0000    7.5000   -7.500016076.1035   19.3976
    7.5000    7.5000   -7.500015297.7666   19.3626
   -7.5000   15.0000   -7.500014381.8789   19.4136
    0.0000   15.0000   -7.500015195.1279   19.4208
    7.5000   15.0000   -7.500014453.9141   19.3900
   -7.5000   22.5000   -7.500013506.8086   19.4428
    0.0000   22.5000   -7.500014257.4473   19.4356
    7.5000   22.5000   -7.500013523.7236   19.4072
   -7.5000   30.0000   -7.500012523.0293   19.2167
    0.0000   30.0000   -7.500013198.0947   19.1961
    7.5000   30.0000   -7.500012517.7764   19.1662
   -7.5000   37.5000   -7.500011848.7930   19.1937
    0.0000   37.5000   -7.500012470.4707   19.1752
    7.5000   37.5000   -7.500011795.0107   19.1410
   -7.5000   45.0000   -7.500010665.3203   18.7047
    0.0000   45.0000   -7.500011220.3271   18.6995
    7.5000   45.0000   -7.500010581.9873   18.6639
   -7.5000  -45.0000    0.000011948.3867   19.4402
    0.0000  -45.0000    0.000012512.7783   19.4299
    7.5000  -45.0000    0.000011953.1826   19.3974
   -7.5000  -37.5000    0.000012645.9238   19.4287
    0.0000  -37.5000    0.000013295.5244   19.4330
    7.5000  -37.5000    0.000012636.2344   19.4033
   -7.5000  -30.0000    0.000013832.0049   19.4622
    0.0000  -30.0000    0.000014723.4238   19.4686
    7.5000  -30.0000    0.000013821.7139   19.4425
   -7.5000  -22.5000    0.000014858.8516   19.4964
    0.0000  -22.5000    0.000015704.5830   19.4879
    7.5000  -22.5000    0.000014851.8301   19.4624
   -7.5000  -15.0000    0.000015525.5430   19.4998
    0.0000  -15.0000    0.000016158.3799   19.4758
    7.5000  -15.0000    0.000015520.2256   19.4477
   -7.5000   -7.5000    0.000016130.4346   19.4672
    0.0000   -7.5000    0.000016735.3672   19.4436
    7.5000   -7.5000    0.000016182.4531   19.4123
   -7.5000    0.0000    0.000016700.6465   19.4304
    0.0000    0.0000    0.000017412.2402   19.4201
    7.5000    0.0000    0.000016816.0234   19.3879
   -7.5000    7.5000    0.000015978.1152   19.4287
    0.0000    7.5000    0.000016767.5176   19.4330
    7.5000    7.5000    0.000016109.4189   19.4033
   -7.5000   15.0000    0.000015115.6816   19.4622
    0.0000   15.0000    0.000015903.7891   19.4686
    7.5000   15.0000    0.000015204.4375   19.4425
   -7.5000   22.5000    0.000014192.2578   19.4874
    0.0000   22.5000    0.000014941.4199   19.4790
    7.5000   22.5000    0.000014192.3652   19.4534
   -7.5000   30.0000    0.000013160.0576   19.2475
    0.0000   30.0000    0.000013854.1436   19.2238
    7.5000   30.0000    0.000013097.8604   19.1960
   -7.5000   37.5000    0.000012446.9199   19.2153
    0.0000   37.5000    0.000013068.5342   19.1920
    7.5000   37.5000    0.000012305.5264   19.1611
   -7.5000   45.0000    0.000011186.4639   18.7300
    0.0000   45.0000    0.000011722.3594   18.7202
    7.5000   45.0000    0.000011010.3994   18.6891
   -7.5000  -45.0000    7.500011596.5068   19.4284
    0.0000  -45.0000    7.500012092.7568   19.4132
    7.5000  -45.0000    7.500011560.5830   19.3898
   -7.5000  -37.5000    7.500012257.0625   19.4277
    0.0000  -37.5000    7.500012881.0527   19.4278
    7.5000  -37.5000    7.500012252.5371   19.4036
   -7.5000  -30.0000    7.500013439.5391   19.4772
    0.0000  -30.0000    7.500014230.4346   19.4807
    7.5000  -30.0000    7.500013468.0850   19.4555
   -7.5000  -22.5000    7.500014428.3984   19.5164
    0.0000  -22.5000    7.500015050.2705   19.5058
    7.5000  -22.5000    7.500014403.2607   19.4808
   -7.5000  -15.0000    7.500015049.9561   19.5098
    0.0000  -15.0000    7.500015506.1074   19.4832
    7.5000  -15.0000    7.500015041.6074   19.4592
   -7.5000   -7.5000    7.500015627.1445   19.4617
    0.0000   -7.5000    7.500016109.1182   19.4338
    7.5000   -7.5000    7.500015701.0703   19.4106
   -7.5000    0.0000    7.500016212.9336   19.4188
    0.0000    0.0000    7.500016789.9238   19.4036
    7.5000    0.0000    7.500016260.4609   19.3804
   -7.5000    7.5000    7.500015599.0205   19.4276
    0.0000    7.5000    7.500016213.1992   19.4278
    7.5000    7.5000    7.500015540.0850   19.4036
   -7.5000   15.0000    7.500014756.1201   19.4772
    0.0000   15.0000    7.500015370.4912   19.4807
    7.5000   15.0000    7.500014606.2568   19.4555
   -7.5000   22.5000    7.500013825.8242   19.5074
    0.0000   22.5000    7.500014450.6123   19.4968
    7.5000   22.5000    7.500013627.8945   19.4719
   -7.5000   30.0000    7.500012807.0801   19.2573
    0.0000   30.0000    7.500013386.5752   19.2311
    7.5000   30.0000    7.500012587.9619   19.2074
   -7.5000   37.5000    7.500012078.7412   19.2098
    0.0000   37.5000    7.500012644.5957   19.1823
    7.5000   37.5000    7.500011844.1553   19.1594
   -7.5000   45.0000    7.500010820.2891   18.7190
    0.0000   45.0000    7.500011339.1055   18.7043
    7.5000   45.0000    7.500010589.5449   18.6820
   -7.5000  -45.0000   15.000011053.3320   19.4612
    0.0000  -45.0000   15.000011544.4121   19.4448
    7.5000  -45.0000   15.000011034.6973   19.4267
   -7.5000  -37.5000   15.000011713.2861   19.4588
    0.0000  -37.5000   15.000012269.6895   19.4560
    7.5000  -37.5000   15.000011710.4385   19.4334
   -7.5000  -30.0000   15.000012793.9561   19.5136
    0.0000  -30.0000   15.000013371.2227   19.5132
    7.5000  -30.0000   15.000012804.2510   19.4858
   -7.5000  -22.5000   15.000013718.1660   19.5602
    0.0000  -22.5000   15.000014226.1514   19.5473
    7.5000  -22.5000   15.000013616.0156   19.5205
   -7.5000  -15.0000   15.000014516.6162   19.5566
    0.0000  -15.0000   15.000015016.7266   19.5291
    7.5000  -15.0000   15.000014293.2861   19.5068
   -7.5000   -7.5000   15.000015277.0566   19.5025
    0.0000   -7.5000   15.000015853.0723   19.4741
    7.5000   -7.5000   15.000014983.0225   19.4559
   -7.5000    0.0000   15.000015859.4736   19.4515
    0.0000    0.0000   15.000016465.1504   19.4351
    7.5000    0.0000   15.000015497.6230   19.4172
   -7.5000    7.5000   15.000015143.5391   19.4587
    0.0000    7.5000   15.000015737.9531   19.4559
    7.5000    7.5000   15.000014785.9297   19.4333
   -7.5000   15.0000   15.000014197.2666   19.5136
    0.0000   15.0000   15.000014805.2422   19.5132
    7.5000   15.0000   15.000013901.8008   19.4858
   -7.5000   22.5000   15.000013234.1406   19.5512
    0.0000   22.5000   15.000013837.1289   19.5382
    7.5000   22.5000   15.000012984.2041   19.5115
   -7.5000   30.0000   15.000012216.7354   19.3035
    0.0000   30.0000   15.000012770.2598   19.2764
    7.5000   30.0000   15.000012009.9297   19.2544
   -7.5000   37.5000   15.000011500.0049   19.2501
    0.0000   37.5000   15.000012010.4463   19.2220
    7.5000   37.5000   15.000011315.1680   19.2041
   -7.5000   45.0000   15.000010311.2598   18.7504
    0.0000   45.0000   15.000010740.5635   18.7346
    7.5000   45.0000   15.000010123.7920   18.7174
   -7.5000  -45.0000   22.500010416.0410   19.5220
    0.0000  -45.0000   22.500010883.2910   19.5101
    7.5000  -45.0000   22.500010381.5898   19.4859
   -7.5000  -37.5000   22.500011035.0430   19.5045
    0.0000  -37.5000   22.500011563.9072   19.5036
    7.5000  -37.5000   22.500011002.5635   19.4751
   -7.5000  -30.0000   22.500012037.1152   19.5462
    0.0000  -30.0000   22.500012528.3896   19.5459
    7.5000  -30.0000   22.500011942.3301   19.5140
   -7.5000  -22.5000   22.500012870.8701   19.5963
    0.0000  -22.5000   22.500013336.4238   19.5842
    7.5000  -22.5000   22.500012698.5254   19.5541
   -7.5000  -15.0000   22.500013574.7959   19.6080
    0.0000  -15.0000   22.500014132.9600   19.5837
    7.5000  -15.0000   22.500013414.1514   19.5579
   -7.5000   -7.5000   22.500014266.2637   19.5653
    0.0000   -7.5000   22.500014893.2529   19.5419
    7.5000   -7.5000   22.500014119.1533   19.5189
   -7.5000    0.0000   22.500014849.7852   19.5120
    0.0000    0.0000   22.500015485.8770   19.5001
    7.5000    0.0000   22.500014648.9531   19.4762
   -7.5000    7.5000   22.500014242.5107   19.5045
    0.0000    7.5000   22.500014881.7949   19.5036
    7.5000    7.5000   22.500014039.2939   19.4750
   -7.5000   15.0000   22.500013383.3223   19.5462
    0.0000   15.0000   22.500014018.9258   19.5459
    7.5000   15.0000   22.500013202.0068   19.5140
   -7.5000   22.5000   22.500012480.0029   19.5873
    0.0000   22.5000   22.500013081.7158   19.5752
    7.5000   22.5000   22.500012311.9473   19.5451
   -7.5000   30.0000   22.500011510.0166   19.3542
    0.0000   30.0000   22.500012036.7100   19.3302
    7.5000   30.0000   22.500011346.8271   19.3048
   -7.5000   37.5000   22.500010798.7393   19.3121
    0.0000   37.5000   22.500011280.6475   19.2890
    7.5000   37.5000   22.500010675.3154   19.2663
   -7.5000   45.0000   22.5000 9653.5176   18.8086
    0.0000   45.0000   22.500010063.3574   18.7971
    7.5000   45.0000   22.5000 9551.2393   18.7740
   -7.5000  -45.0000   30.0000 9618.4160   19.5886
    0.0000  -45.0000   30.000010099.1221   19.5833
    7.5000  -45.0000   30.0000 9585.2627   19.5489
   -7.5000  -37.5000   30.000010160.3613   19.5584
    0.0000  -37.5000   30.000010684.8320   19.5636
    7.5000  -37.5000   30.000010150.4102   19.5281
   -7.5000  -30.0000   30.000011040.2471   19.5839
    0.0000  -30.0000   30.000011518.1611   19.5890
    7.5000  -30.0000   30.000010992.4414   19.5548
   -7.5000  -22.5000   30.000011812.6338   19.6310
    0.0000  -22.5000   30.000012296.0293   19.6234
    7.5000  -22.5000   30.000011723.0605   19.5923
   -7.5000  -15.0000   30.000012492.7002   19.6545
    0.0000  -15.0000   30.000013032.7314   19.6350
    7.5000  -15.0000   30.000012422.1836   19.6051
   -7.5000   -7.5000   30.000013115.7051   19.6273
    0.0000   -7.5000   30.000013674.4727   19.6099
    7.5000   -7.5000   30.000013051.8779   19.5785
   -7.5000    0.0000   30.000013617.4746   19.5784
    0.0000    0.0000   30.000014191.2051   19.5730
    7.5000    0.0000   30.000013559.6855   19.5389
   -7.5000    7.5000   30.000013083.8477   19.5584
    0.0000    7.5000   30.000013652.2451   19.5635
    7.5000    7.5000   30.000013016.4570   19.5280
   -7.5000   15.0000   30.000012369.1660   19.5839
    0.0000   15.0000   30.000012928.8594   19.5890
    7.5000   15.0000   30.000012302.5566   19.5548
   -7.5000   22.5000   30.000011573.8447   19.6219
    0.0000   22.5000   30.000012070.2197   19.6143
    7.5000   22.5000   30.000011504.2451   19.5832
   -7.5000   30.0000   30.000010680.8555   19.4002
    0.0000   30.0000   30.000011118.9902   19.3809
    7.5000   30.0000   30.000010583.5000   19.3514
   -7.5000   37.5000   30.000010022.7676   19.3733
    0.0000   37.5000   30.000010435.9717   19.3562
    7.5000   37.5000   30.0000 9925.0918   19.3251
   -7.5000   45.0000   30.0000 8950.7051   18.8724
    0.0000   45.0000   30.0000 9302.6816   18.8673
    7.5000   45.0000   30.0000 8861.6289   18.8344
   -7.5000  -45.0000   37.5000 9182.5332   19.8457
    0.0000  -45.0000   37.5000 9642.5146   19.8419
    7.5000  -45.0000   37.5000 9194.9219   19.8038
   -7.5000  -37.5000   37.5000 9683.7461   19.8188
    0.0000  -37.5000   37.500010188.1562   19.8276
    7.5000  -37.5000   37.5000 9709.1348   19.7919
   -7.5000  -30.0000   37.500010531.2178   19.8414
    0.0000  -30.0000   37.500011035.3857   19.8509
    7.5000  -30.0000   37.500010516.9473   19.8197
   -7.5000  -22.5000   37.500011306.1729   19.8810
    0.0000  -22.5000   37.500011794.8711   19.8759
    7.5000  -22.5000   37.500011264.5713   19.8474
   -7.5000  -15.0000   37.500011967.2842   19.9001
    0.0000  -15.0000   37.500012486.9512   19.8809
    7.5000  -15.0000   37.500011921.3623   19.8503
   -7.5000   -7.5000   37.500012540.8750   19.8769
    0.0000   -7.5000   37.500013067.2842   19.8596
    7.5000   -7.5000   37.500012497.1855   19.8245
   -7.5000    0.0000   37.500013040.8594   19.8352
    0.0000    0.0000   37.500013568.9092   19.8314
    7.5000    0.0000   37.500013002.0342   19.7937
   -7.5000    7.5000   37.500012550.5801   19.8187
    0.0000    7.5000   37.500013089.2588   19.8275
    7.5000    7.5000   37.500012495.4111   19.7918
   -7.5000   15.0000   37.500011892.5908   19.8414
    0.0000   15.0000   37.500012407.9717   19.8509
    7.5000   15.0000   37.500011838.1846   19.8197
   -7.5000   22.5000   37.500011109.7422   19.8719
    0.0000   22.5000   37.500011582.4072   19.8668
    7.5000   22.5000   37.500011049.0605   19.8382
   -7.5000   30.0000   37.500010247.2266   19.6426
    0.0000   30.0000   37.500010661.1377   19.6236
    7.5000   30.0000   37.500010160.5254   19.5934
   -7.5000   37.5000   37.5000 9638.7207   19.6196
    0.0000   37.5000   37.500010023.3057   19.6026
    7.5000   37.5000   37.5000 9557.0684   19.5679
   -7.5000   45.0000   37.5000 8605.7520   19.1201
    0.0000   45.0000   37.5000 8911.6309   19.1165
    7.5000   45.0000   37.5000 8538.2002   19.0801
   -7.5000  -45.0000   45.0000 8360.4355   20.1230
    0.0000  -45.0000   45.0000 8780.3008   20.1149
    7.5000  -45.0000   45.0000 8383.1504   20.0809
   -7.5000  -37.5000   45.0000 8817.4941   20.1116
    0.0000  -37.5000   45.0000 9285.3975   20.1194
    7.5000  -37.5000   45.0000 8843.4873   20.0885
   -7.5000  -30.0000   45.0000 9600.9287   20.1484
    0.0000  -30.0000   45.000010081.8955   20.1590
    7.5000  -30.0000   45.0000 9596.1826   20.1320
   -7.5000  -22.5000   45.000010308.4678   20.1850
    0.0000  -22.5000   45.000010794.9209   20.1798
    7.5000  -22.5000   45.000010288.5146   20.1535
   -7.5000  -15.0000   45.000010922.1738   20.1878
    0.0000  -15.0000   45.000011429.2764   20.1657
    7.5000  -15.0000   45.000010885.0342   20.1365
   -7.5000   -7.5000   45.000011455.4287   20.1520
    0.0000   -7.5000   45.000011951.9033   20.1300
    7.5000   -7.5000   45.000011398.5742   20.0972
   -7.5000    0.0000   45.000011912.3828   20.1125
    0.0000    0.0000   45.000012422.3066   20.1044
    7.5000    0.0000   45.000011872.5498   20.0706
   -7.5000    7.5000   45.000011481.4746   20.1116
    0.0000    7.5000   45.000011981.9561   20.1193
    7.5000    7.5000   45.000011445.8828   20.0885
   -7.5000   15.0000   45.000010900.4434   20.1484
    0.0000   15.0000   45.000011381.3271   20.1590
    7.5000   15.0000   45.000010851.4248   20.1320
   -7.5000   22.5000   45.000010135.6533   20.1756
    0.0000   22.5000   45.000010579.8584   20.1705
    7.5000   22.5000   45.000010092.5889   20.1442
   -7.5000   30.0000   45.0000 9348.6230   19.9248
    0.0000   30.0000   45.0000 9732.9248   19.9030
    7.5000   30.0000   45.0000 9289.0029   19.8742
   -7.5000   37.5000   45.0000 8812.4854   19.8894
    0.0000   37.5000   45.0000 9155.7764   19.8677
    7.5000   37.5000   45.0000 8756.3154   19.8353
   -7.5000   45.0000   45.0000 7872.8257   19.3964
    0.0000   45.0000   45.0000 8169.3633   19.3886
    7.5000   45.0000   45.0000 7829.0361   19.3561

---------------------------------------------------------------------
imgreg_4dfp /opt/freesurfer/average/711-2C_as_mni_average_305 /opt/freesurfer/average/711-2B_as_mni_average_305_mask talsrcimg_g11 none talsrcimg_to_711-2C_as_mni_average_305_t4 4355
---------------------------------------------------------------------

freesurfer imgreg_4dfp.c
/opt/freesurfer/average/711-2C_as_mni_average_305.4dfp.img
       256       256       256         1
  1.000000  1.000000  1.000000
orientation T byte_order littleendian
Reading image: /opt/freesurfer/average/711-2C_as_mni_average_305.4dfp.img
dimensions:      256       256       256
mmppix:       1.0000   -1.0000   -1.0000
center:     128.0000 -129.0000 -129.0000
/opt/freesurfer/average/711-2B_as_mni_average_305_mask.4dfp.img
       256       256       256         1
  1.000000  1.000000  1.000000
orientation T byte_order littleendian
Reading mask: /opt/freesurfer/average/711-2B_as_mni_average_305_mask.4dfp.img (2306576 pixels)
talsrcimg_g11.4dfp.img
       256       256       256         1
  1.000000  1.000000  1.000000
orientation T byte_order littleendian
Reading image: talsrcimg_g11.4dfp.img
dimensions:      256       256       256
mmppix:       1.0000   -1.0000   -1.0000
center:     128.0000 -129.0000 -129.0000
rotation matrix determinant  1.000000
image alignment mode   4355 decimal     1103 hex
   -7.5000  -45.0000  -45.0000 2106.0852   18.0629
    0.0000  -45.0000  -45.0000 2114.7930   18.0032
    7.5000  -45.0000  -45.0000 2101.1355   18.2442
   -7.5000  -37.5000  -45.0000 2196.5786   16.5702
    0.0000  -37.5000  -45.0000 2206.4858   16.5629
    7.5000  -37.5000  -45.0000 2192.7402   16.7269
   -7.5000  -30.0000  -45.0000 2262.0679   15.5315
    0.0000  -30.0000  -45.0000 2272.2932   15.5219
    7.5000  -30.0000  -45.0000 2255.8826   15.6600
   -7.5000  -22.5000  -45.0000 2309.0457   14.8218
    0.0000  -22.5000  -45.0000 2322.5693   14.7781
    7.5000  -22.5000  -45.0000 2303.3325   14.9120
   -7.5000  -15.0000  -45.0000 2334.9666   14.4966
    0.0000  -15.0000  -45.0000 2351.1262   14.4417
    7.5000  -15.0000  -45.0000 2326.9275   14.5288
   -7.5000   -7.5000  -45.0000 2337.6138   14.4598
    0.0000   -7.5000  -45.0000 2350.0771   14.3917
    7.5000   -7.5000  -45.0000 2328.4009   14.4926
   -7.5000    0.0000  -45.0000 2306.8801   14.7431
    0.0000    0.0000  -45.0000 2324.9578   14.6830
    7.5000    0.0000  -45.0000 2300.2622   14.7800
   -7.5000    7.5000  -45.0000 2255.4771   15.2997
    0.0000    7.5000  -45.0000 2275.6279   15.2711
    7.5000    7.5000  -45.0000 2247.5132   15.3663
   -7.5000   15.0000  -45.0000 2183.6750   16.2149
    0.0000   15.0000  -45.0000 2200.9595   16.1701
    7.5000   15.0000  -45.0000 2176.6252   16.2936
   -7.5000   22.5000  -45.0000 2092.0127   17.6202
    0.0000   22.5000  -45.0000 2107.4351   17.5189
    7.5000   22.5000  -45.0000 2086.7527   17.7062
   -7.5000   30.0000  -45.0000 1982.5924   19.5519
    0.0000   30.0000  -45.0000 1993.8867   19.3743
    7.5000   30.0000  -45.0000 1978.3174   19.6090
   -7.5000   37.5000  -45.0000 1866.0356   22.1571
    0.0000   37.5000  -45.0000 1876.4008   21.9520
    7.5000   37.5000  -45.0000 1858.6035   22.1487
   -7.5000   45.0000  -45.0000 1739.3005   25.6539
    0.0000   45.0000  -45.0000 1739.8589   25.3746
    7.5000   45.0000  -45.0000 1725.5663   25.6723
   -7.5000  -45.0000  -37.5000 2185.4548   16.8215
    0.0000  -45.0000  -37.5000 2199.5757   16.8220
    7.5000  -45.0000  -37.5000 2178.5051   16.9485
   -7.5000  -37.5000  -37.5000 2283.7048   15.3948
    0.0000  -37.5000  -37.5000 2294.0459   15.4316
    7.5000  -37.5000  -37.5000 2272.2334   15.5137
   -7.5000  -30.0000  -37.5000 2354.3306   14.4251
    0.0000  -30.0000  -37.5000 2364.6228   14.4750
    7.5000  -30.0000  -37.5000 2337.6245   14.5421
   -7.5000  -22.5000  -37.5000 2404.9436   13.7879
    0.0000  -22.5000  -37.5000 2421.2954   13.8197
    7.5000  -22.5000  -37.5000 2389.9194   13.8912
   -7.5000  -15.0000  -37.5000 2435.9443   13.4733
    0.0000  -15.0000  -37.5000 2457.0754   13.4562
    7.5000  -15.0000  -37.5000 2424.4851   13.5287
   -7.5000   -7.5000  -37.5000 2439.9463   13.4242
    0.0000   -7.5000  -37.5000 2460.9971   13.3902
    7.5000   -7.5000  -37.5000 2427.1594   13.4546
   -7.5000    0.0000  -37.5000 2407.9312   13.6758
    0.0000    0.0000  -37.5000 2430.3420   13.6198
    7.5000    0.0000  -37.5000 2398.5481   13.7185
   -7.5000    7.5000  -37.5000 2352.0815   14.1808
    0.0000    7.5000  -37.5000 2375.1897   14.1572
    7.5000    7.5000  -37.5000 2342.3188   14.2445
   -7.5000   15.0000  -37.5000 2270.9678   15.0245
    0.0000   15.0000  -37.5000 2293.6516   14.9796
    7.5000   15.0000  -37.5000 2265.3560   15.1108
   -7.5000   22.5000  -37.5000 2175.3652   16.2970
    0.0000   22.5000  -37.5000 2191.4409   16.2466
    7.5000   22.5000  -37.5000 2169.8687   16.3815
   -7.5000   30.0000  -37.5000 2059.9812   18.0346
    0.0000   30.0000  -37.5000 2074.1201   17.9424
    7.5000   30.0000  -37.5000 2052.7065   18.1032
   -7.5000   37.5000  -37.5000 1941.6116   20.3595
    0.0000   37.5000  -37.5000 1957.5048   20.2597
    7.5000   37.5000  -37.5000 1935.5773   20.4077
   -7.5000   45.0000  -37.5000 1802.1624   23.5073
    0.0000   45.0000  -37.5000 1807.5391   23.3581
    7.5000   45.0000  -37.5000 1793.8512   23.5546
   -7.5000  -45.0000  -30.0000 2297.1462   16.3044
    0.0000  -45.0000  -30.0000 2311.9709   16.3208
    7.5000  -45.0000  -30.0000 2288.2966   16.3764
   -7.5000  -37.5000  -30.0000 2400.1355   14.8662
    0.0000  -37.5000  -30.0000 2417.2253   14.9282
    7.5000  -37.5000  -30.0000 2388.0549   14.9443
   -7.5000  -30.0000  -30.0000 2482.0417   13.9128
    0.0000  -30.0000  -30.0000 2497.2629   13.9659
    7.5000  -30.0000  -30.0000 2466.1946   14.0105
   -7.5000  -22.5000  -30.0000 2541.5295   13.2925
    0.0000  -22.5000  -30.0000 2561.9585   13.3508
    7.5000  -22.5000  -30.0000 2526.8628   13.3969
   -7.5000  -15.0000  -30.0000 2578.6433   13.0156
    0.0000  -15.0000  -30.0000 2600.9390   13.0232
    7.5000  -15.0000  -30.0000 2563.8372   13.0748
   -7.5000   -7.5000  -30.0000 2584.8955   12.9996
    0.0000   -7.5000  -30.0000 2607.9263   12.9719
    7.5000   -7.5000  -30.0000 2572.4565   13.0295
   -7.5000    0.0000  -30.0000 2553.7451   13.2174
    0.0000    0.0000  -30.0000 2577.5842   13.1730
    7.5000    0.0000  -30.0000 2545.1021   13.2433
   -7.5000    7.5000  -30.0000 2493.1228   13.6711
    0.0000    7.5000  -30.0000 2518.5774   13.6454
    7.5000    7.5000  -30.0000 2482.6812   13.7163
   -7.5000   15.0000  -30.0000 2406.0308   14.4617
    0.0000   15.0000  -30.0000 2430.5261   14.4219
    7.5000   15.0000  -30.0000 2394.3938   14.5240
   -7.5000   22.5000  -30.0000 2300.2334   15.6489
    0.0000   22.5000  -30.0000 2322.0864   15.5994
    7.5000   22.5000  -30.0000 2289.6150   15.7039
   -7.5000   30.0000  -30.0000 2173.0574   17.2899
    0.0000   30.0000  -30.0000 2186.4119   17.2196
    7.5000   30.0000  -30.0000 2164.7585   17.3175
   -7.5000   37.5000  -30.0000 2042.5186   19.4606
    0.0000   37.5000  -30.0000 2061.8096   19.4107
    7.5000   37.5000  -30.0000 2033.9659   19.5548
   -7.5000   45.0000  -30.0000 1899.3135   22.4152
    0.0000   45.0000  -30.0000 1911.3412   22.3477
    7.5000   45.0000  -30.0000 1888.5385   22.5049
   -7.5000  -45.0000  -22.5000 2378.4265   15.6484
    0.0000  -45.0000  -22.5000 2391.8203   15.6829
    7.5000  -45.0000  -22.5000 2369.1853   15.7258
   -7.5000  -37.5000  -22.5000 2487.5457   14.2776
    0.0000  -37.5000  -22.5000 2504.9397   14.3299
    7.5000  -37.5000  -22.5000 2480.6582   14.3610
   -7.5000  -30.0000  -22.5000 2581.1506   13.3418
    0.0000  -30.0000  -22.5000 2603.5288   13.3778
    7.5000  -30.0000  -22.5000 2573.3616   13.4094
   -7.5000  -22.5000  -22.5000 2652.8750   12.7502
    0.0000  -22.5000  -22.5000 2675.9714   12.7853
    7.5000  -22.5000  -22.5000 2638.0059   12.8180
   -7.5000  -15.0000  -22.5000 2694.1099   12.4798
    0.0000  -15.0000  -22.5000 2718.3398   12.4757
    7.5000  -15.0000  -22.5000 2681.5645   12.5177
   -7.5000   -7.5000  -22.5000 2702.6150   12.4867
    0.0000   -7.5000  -22.5000 2729.4260   12.4582
    7.5000   -7.5000  -22.5000 2694.7991   12.5070
   -7.5000    0.0000  -22.5000 2669.9182   12.6933
    0.0000    0.0000  -22.5000 2697.7991   12.6768
    7.5000    0.0000  -22.5000 2663.0312   12.7084
   -7.5000    7.5000  -22.5000 2607.4900   13.1069
    0.0000    7.5000  -22.5000 2633.0991   13.0861
    7.5000    7.5000  -22.5000 2599.9856   13.1514
   -7.5000   15.0000  -22.5000 2510.1416   13.8413
    0.0000   15.0000  -22.5000 2537.5637   13.7931
    7.5000   15.0000  -22.5000 2505.2847   13.8946
   -7.5000   22.5000  -22.5000 2393.5898   14.9478
    0.0000   22.5000  -22.5000 2420.1880   14.9154
    7.5000   22.5000  -22.5000 2392.1001   15.0270
   -7.5000   30.0000  -22.5000 2263.3726   16.5012
    0.0000   30.0000  -22.5000 2282.5327   16.4498
    7.5000   30.0000  -22.5000 2258.7273   16.5985
   -7.5000   37.5000  -22.5000 2122.3811   18.5886
    0.0000   37.5000  -22.5000 2138.3267   18.5159
    7.5000   37.5000  -22.5000 2115.6685   18.6593
   -7.5000   45.0000  -22.5000 1964.4017   21.3490
    0.0000   45.0000  -22.5000 1976.4528   21.2700
    7.5000   45.0000  -22.5000 1961.0875   21.4122
   -7.5000  -45.0000  -15.0000 2421.7317   15.1005
    0.0000  -45.0000  -15.0000 2441.4846   15.1353
    7.5000  -45.0000  -15.0000 2416.1372   15.1769
   -7.5000  -37.5000  -15.0000 2541.8655   13.7730
    0.0000  -37.5000  -15.0000 2561.9673   13.7705
    7.5000  -37.5000  -15.0000 2539.1323   13.8469
   -7.5000  -30.0000  -15.0000 2648.7400   12.8764
    0.0000  -30.0000  -15.0000 2670.5767   12.8578
    7.5000  -30.0000  -15.0000 2644.2759   12.9249
   -7.5000  -22.5000  -15.0000 2730.0027   12.2469
    0.0000  -22.5000  -15.0000 2757.0891   12.2264
    7.5000  -22.5000  -15.0000 2720.3059   12.2990
   -7.5000  -15.0000  -15.0000 2782.8853   11.9541
    0.0000  -15.0000  -15.0000 2807.5256   11.9134
    7.5000  -15.0000  -15.0000 2767.8787   11.9923
   -7.5000   -7.5000  -15.0000 2790.3474   11.9681
    0.0000   -7.5000  -15.0000 2819.4160   11.9463
    7.5000   -7.5000  -15.0000 2783.0786   11.9785
   -7.5000    0.0000  -15.0000 2749.1262   12.1833
    0.0000    0.0000  -15.0000 2786.4487   12.1702
    7.5000    0.0000  -15.0000 2748.7769   12.1970
   -7.5000    7.5000  -15.0000 2684.8850   12.5889
    0.0000    7.5000  -15.0000 2715.9153   12.5575
    7.5000    7.5000  -15.0000 2687.5842   12.6356
   -7.5000   15.0000  -15.0000 2587.6226   13.2547
    0.0000   15.0000  -15.0000 2613.7468   13.2056
    7.5000   15.0000  -15.0000 2590.8694   13.3186
   -7.5000   22.5000  -15.0000 2464.3918   14.3450
    0.0000   22.5000  -15.0000 2489.4448   14.2907
    7.5000   22.5000  -15.0000 2464.3450   14.4225
   -7.5000   30.0000  -15.0000 2325.0608   15.8732
    0.0000   30.0000  -15.0000 2342.9976   15.7938
    7.5000   30.0000  -15.0000 2322.1821   15.9485
   -7.5000   37.5000  -15.0000 2175.2705   17.8650
    0.0000   37.5000  -15.0000 2188.1755   17.7941
    7.5000   37.5000  -15.0000 2172.0874   17.9209
   -7.5000   45.0000  -15.0000 2006.3026   20.4891
    0.0000   45.0000  -15.0000 2020.8057   20.3446
    7.5000   45.0000  -15.0000 2005.4139   20.5152
   -7.5000  -45.0000   -7.5000 2448.9326   14.6890
    0.0000  -45.0000   -7.5000 2467.1912   14.6726
    7.5000  -45.0000   -7.5000 2442.0002   14.7479
   -7.5000  -37.5000   -7.5000 2579.3796   13.3922
    0.0000  -37.5000   -7.5000 2596.3953   13.3390
    7.5000  -37.5000   -7.5000 2573.9800   13.4310
   -7.5000  -30.0000   -7.5000 2694.6082   12.5125
    0.0000  -30.0000   -7.5000 2718.0085   12.4797
    7.5000  -30.0000   -7.5000 2689.3562   12.5472
   -7.5000  -22.5000   -7.5000 2784.7283   11.8629
    0.0000  -22.5000   -7.5000 2818.3335   11.8103
    7.5000  -22.5000   -7.5000 2777.9219   11.9314
   -7.5000  -15.0000   -7.5000 2846.3494   11.5102
    0.0000  -15.0000   -7.5000 2874.3191   11.4249
    7.5000  -15.0000   -7.5000 2830.5405   11.5888
   -7.5000   -7.5000   -7.5000 2857.4226   11.4942
    0.0000   -7.5000   -7.5000 2883.9497   11.4293
    7.5000   -7.5000   -7.5000 2846.9702   11.5406
   -7.5000    0.0000   -7.5000 2814.5776   11.7178
    0.0000    0.0000   -7.5000 2841.5764   11.6695
    7.5000    0.0000   -7.5000 2813.7302   11.7615
   -7.5000    7.5000   -7.5000 2738.6980   12.1246
    0.0000    7.5000   -7.5000 2769.4966   12.0749
    7.5000    7.5000   -7.5000 2744.7090   12.2009
   -7.5000   15.0000   -7.5000 2634.5205   12.7850
    0.0000   15.0000   -7.5000 2661.3550   12.7133
    7.5000   15.0000   -7.5000 2643.6287   12.8803
   -7.5000   22.5000   -7.5000 2514.4045   13.8225
    0.0000   22.5000   -7.5000 2535.4348   13.7579
    7.5000   22.5000   -7.5000 2512.7722   13.9371
   -7.5000   30.0000   -7.5000 2370.5166   15.2770
    0.0000   30.0000   -7.5000 2386.1309   15.2178
    7.5000   30.0000   -7.5000 2367.0496   15.3888
   -7.5000   37.5000   -7.5000 2212.4458   17.2175
    0.0000   37.5000   -7.5000 2226.6443   17.1364
    7.5000   37.5000   -7.5000 2204.5979   17.2807
   -7.5000   45.0000   -7.5000 2032.8105   19.6977
    0.0000   45.0000   -7.5000 2050.1814   19.5915
    7.5000   45.0000   -7.5000 2027.2600   19.7616
   -7.5000  -45.0000    0.0000 2455.7390   14.4984
    0.0000  -45.0000    0.0000 2474.3965   14.3751
    7.5000  -45.0000    0.0000 2454.8723   14.5419
   -7.5000  -37.5000    0.0000 2591.8757   13.2027
    0.0000  -37.5000    0.0000 2613.8914   13.0855
    7.5000  -37.5000    0.0000 2591.4866   13.2427
   -7.5000  -30.0000    0.0000 2719.7292   12.3392
    0.0000  -30.0000    0.0000 2747.2383   12.2430
    7.5000  -30.0000    0.0000 2717.3821   12.3563
   -7.5000  -22.5000    0.0000 2821.7964   11.7080
    0.0000  -22.5000    0.0000 2862.8018   11.6179
    7.5000  -22.5000    0.0000 2817.8091   11.7613
   -7.5000  -15.0000    0.0000 2883.8657   11.2616
    0.0000  -15.0000    0.0000 2913.3098   11.1005
    7.5000  -15.0000    0.0000 2867.3247   11.3833
   -7.5000   -7.5000    0.0000 2891.7058   11.1689
    0.0000   -7.5000    0.0000 2912.3601   10.9769
    7.5000   -7.5000    0.0000 2876.8962   11.2958
   -7.5000    0.0000    0.0000 2845.9106   11.4078
    0.0000    0.0000    0.0000 2866.5044   11.2380
    7.5000    0.0000    0.0000 2842.6479   11.5254
   -7.5000    7.5000    0.0000 2766.1501   11.8488
    0.0000    7.5000    0.0000 2791.2988   11.7419
    7.5000    7.5000    0.0000 2770.8428   11.9999
   -7.5000   15.0000    0.0000 2665.8501   12.5166
    0.0000   15.0000    0.0000 2683.6509   12.4441
    7.5000   15.0000    0.0000 2667.9954   12.6567
   -7.5000   22.5000    0.0000 2540.3108   13.5227
    0.0000   22.5000    0.0000 2560.6748   13.4525
    7.5000   22.5000    0.0000 2537.5754   13.6493
   -7.5000   30.0000    0.0000 2390.8506   14.9317
    0.0000   30.0000    0.0000 2414.2278   14.8624
    7.5000   30.0000    0.0000 2389.0386   15.0375
   -7.5000   37.5000    0.0000 2229.0667   16.7791
    0.0000   37.5000    0.0000 2247.2766   16.7301
    7.5000   37.5000    0.0000 2223.5654   16.8772
   -7.5000   45.0000    0.0000 2047.8123   19.1486
    0.0000   45.0000    0.0000 2066.3674   19.0629
    7.5000   45.0000    0.0000 2042.7980   19.2276
   -7.5000  -45.0000    7.5000 2449.8828   14.5188
    0.0000  -45.0000    7.5000 2465.6016   14.2808
    7.5000  -45.0000    7.5000 2447.9937   14.5130
   -7.5000  -37.5000    7.5000 2591.0337   13.2200
    0.0000  -37.5000    7.5000 2610.5588   13.0022
    7.5000  -37.5000    7.5000 2588.2627   13.2319
   -7.5000  -30.0000    7.5000 2722.1421   12.3359
    0.0000  -30.0000    7.5000 2749.7288   12.1641
    7.5000  -30.0000    7.5000 2720.8359   12.3888
   -7.5000  -22.5000    7.5000 2828.0295   11.7137
    0.0000  -22.5000    7.5000 2864.6355   11.5182
    7.5000  -22.5000    7.5000 2825.5811   11.7779
   -7.5000  -15.0000    7.5000 2886.2659   11.2712
    0.0000  -15.0000    7.5000 2910.3416   10.9496
    7.5000  -15.0000    7.5000 2877.2214   11.3445
   -7.5000   -7.5000    7.5000 2891.5610   11.0906
    0.0000   -7.5000    7.5000 2911.8181   10.8062
    7.5000   -7.5000    7.5000 2890.4368   11.1946
   -7.5000    0.0000    7.5000 2853.5042   11.2663
    0.0000    0.0000    7.5000 2871.8638   11.0878
    7.5000    0.0000    7.5000 2850.9749   11.3763
   -7.5000    7.5000    7.5000 2779.2285   11.7697
    0.0000    7.5000    7.5000 2795.4583   11.6385
    7.5000    7.5000    7.5000 2776.2346   11.8463
   -7.5000   15.0000    7.5000 2666.0417   12.5167
    0.0000   15.0000    7.5000 2680.1531   12.4164
    7.5000   15.0000    7.5000 2661.0881   12.5502
   -7.5000   22.5000    7.5000 2536.3435   13.5281
    0.0000   22.5000    7.5000 2560.1804   13.4334
    7.5000   22.5000    7.5000 2535.4497   13.5407
   -7.5000   30.0000    7.5000 2388.7627   14.8927
    0.0000   30.0000    7.5000 2411.6013   14.8183
    7.5000   30.0000    7.5000 2385.1008   14.8797
   -7.5000   37.5000    7.5000 2229.8843   16.6223
    0.0000   37.5000    7.5000 2252.1296   16.6131
    7.5000   37.5000    7.5000 2224.2935   16.6342
   -7.5000   45.0000    7.5000 2051.5247   18.9420
    0.0000   45.0000    7.5000 2071.8352   18.9182
    7.5000   45.0000    7.5000 2043.6832   18.9716
   -7.5000  -45.0000   15.0000 2425.8816   14.7373
    0.0000  -45.0000   15.0000 2443.6824   14.4552
    7.5000  -45.0000   15.0000 2423.1284   14.7285
   -7.5000  -37.5000   15.0000 2566.4607   13.4212
    0.0000  -37.5000   15.0000 2588.1091   13.1593
    7.5000  -37.5000   15.0000 2566.6941   13.4527
   -7.5000  -30.0000   15.0000 2694.7678   12.5524
    0.0000  -30.0000   15.0000 2725.7256   12.3065
    7.5000  -30.0000   15.0000 2696.4377   12.5897
   -7.5000  -22.5000   15.0000 2801.3074   11.9385
    0.0000  -22.5000   15.0000 2834.5662   11.6198
    7.5000  -22.5000   15.0000 2798.6763   11.9445
   -7.5000  -15.0000   15.0000 2864.4346   11.5431
    0.0000  -15.0000   15.0000 2889.9185   11.2257
    7.5000  -15.0000   15.0000 2857.6885   11.4925
   -7.5000   -7.5000   15.0000 2877.9602   11.4054
    0.0000   -7.5000   15.0000 2908.7649   11.1975
    7.5000   -7.5000   15.0000 2876.6541   11.3531
   -7.5000    0.0000   15.0000 2838.0537   11.5416
    0.0000    0.0000   15.0000 2869.1094   11.4064
    7.5000    0.0000   15.0000 2834.7324   11.5053
   -7.5000    7.5000   15.0000 2758.8420   11.9465
    0.0000    7.5000   15.0000 2785.5149   11.8548
    7.5000    7.5000   15.0000 2755.9236   11.9319
   -7.5000   15.0000   15.0000 2641.0513   12.6510
    0.0000   15.0000   15.0000 2663.3887   12.6010
    7.5000   15.0000   15.0000 2640.7971   12.6512
   -7.5000   22.5000   15.0000 2515.0654   13.6343
    0.0000   22.5000   15.0000 2537.4771   13.6128
    7.5000   22.5000   15.0000 2515.5574   13.6363
   -7.5000   30.0000   15.0000 2364.4106   14.9971
    0.0000   30.0000   15.0000 2387.0122   14.9775
    7.5000   30.0000   15.0000 2363.3171   14.9935
   -7.5000   37.5000   15.0000 2203.4514   16.7372
    0.0000   37.5000   15.0000 2223.1992   16.7131
    7.5000   37.5000   15.0000 2198.5173   16.7562
   -7.5000   45.0000   15.0000 2033.1095   19.0685
    0.0000   45.0000   15.0000 2049.5762   19.0182
    7.5000   45.0000   15.0000 2026.8844   19.0940
   -7.5000  -45.0000   22.5000 2390.1350   15.3046
    0.0000  -45.0000   22.5000 2408.9800   15.0177
    7.5000  -45.0000   22.5000 2391.1099   15.2716
   -7.5000  -37.5000   22.5000 2524.2576   13.9673
    0.0000  -37.5000   22.5000 2548.9314   13.7276
    7.5000  -37.5000   22.5000 2526.9609   13.9472
   -7.5000  -30.0000   22.5000 2648.9041   13.0647
    0.0000  -30.0000   22.5000 2680.1836   12.8108
    7.5000  -30.0000   22.5000 2650.7227   13.0042
   -7.5000  -22.5000   22.5000 2752.7283   12.3695
    0.0000  -22.5000   22.5000 2784.6741   12.0705
    7.5000  -22.5000   22.5000 2750.0149   12.2879
   -7.5000  -15.0000   22.5000 2814.3018   11.9453
    0.0000  -15.0000   22.5000 2848.2903   11.7363
    7.5000  -15.0000   22.5000 2814.9172   11.8830
   -7.5000   -7.5000   22.5000 2829.9634   11.8319
    0.0000   -7.5000   22.5000 2865.5967   11.6846
    7.5000   -7.5000   22.5000 2835.6816   11.7883
   -7.5000    0.0000   22.5000 2789.1018   11.9989
    0.0000    0.0000   22.5000 2818.1450   11.8839
    7.5000    0.0000   22.5000 2788.7109   11.9601
   -7.5000    7.5000   22.5000 2712.3579   12.4126
    0.0000    7.5000   22.5000 2741.0229   12.3487
    7.5000    7.5000   22.5000 2712.1111   12.3720
   -7.5000   15.0000   22.5000 2595.3831   13.1030
    0.0000   15.0000   22.5000 2626.8130   13.0600
    7.5000   15.0000   22.5000 2598.3625   13.0543
   -7.5000   22.5000   22.5000 2474.1990   14.0794
    0.0000   22.5000   22.5000 2499.9973   14.0289
    7.5000   22.5000   22.5000 2476.0913   14.0407
   -7.5000   30.0000   22.5000 2327.5774   15.4090
    0.0000   30.0000   22.5000 2348.3103   15.3659
    7.5000   30.0000   22.5000 2327.4353   15.3603
   -7.5000   37.5000   22.5000 2163.9924   17.1174
    0.0000   37.5000   22.5000 2186.1462   17.0841
    7.5000   37.5000   22.5000 2170.7844   17.0763
   -7.5000   45.0000   22.5000 1998.3489   19.3671
    0.0000   45.0000   22.5000 2021.2295   19.2460
    7.5000   45.0000   22.5000 2001.7106   19.3251
   -7.5000  -45.0000   30.0000 2342.9246   16.0245
    0.0000  -45.0000   30.0000 2365.2234   15.7999
    7.5000  -45.0000   30.0000 2345.7227   15.9607
   -7.5000  -37.5000   30.0000 2472.4761   14.6344
    0.0000  -37.5000   30.0000 2501.1167   14.4118
    7.5000  -37.5000   30.0000 2478.3389   14.5563
   -7.5000  -30.0000   30.0000 2588.9758   13.6429
    0.0000  -30.0000   30.0000 2619.8076   13.3592
    7.5000  -30.0000   30.0000 2596.8650   13.5734
   -7.5000  -22.5000   30.0000 2689.6816   12.9141
    0.0000  -22.5000   30.0000 2724.1077   12.6755
    7.5000  -22.5000   30.0000 2691.0007   12.8498
   -7.5000  -15.0000   30.0000 2746.4780   12.5376
    0.0000  -15.0000   30.0000 2777.5967   12.3674
    7.5000  -15.0000   30.0000 2751.8210   12.4861
   -7.5000   -7.5000   30.0000 2752.7080   12.4526
    0.0000   -7.5000   30.0000 2779.7537   12.2965
    7.5000   -7.5000   30.0000 2759.7769   12.4070
   -7.5000    0.0000   30.0000 2711.7339   12.5819
    0.0000    0.0000   30.0000 2738.9167   12.4442
    7.5000    0.0000   30.0000 2717.3196   12.5440
   -7.5000    7.5000   30.0000 2638.4644   12.9594
    0.0000    7.5000   30.0000 2666.6741   12.8525
    7.5000    7.5000   30.0000 2641.3962   12.9406
   -7.5000   15.0000   30.0000 2535.4309   13.6187
    0.0000   15.0000   30.0000 2565.3647   13.5532
    7.5000   15.0000   30.0000 2540.5859   13.6201
   -7.5000   22.5000   30.0000 2418.9690   14.6163
    0.0000   22.5000   30.0000 2441.3491   14.5602
    7.5000   22.5000   30.0000 2426.1208   14.5913
   -7.5000   30.0000   30.0000 2272.2231   15.9676
    0.0000   30.0000   30.0000 2293.3918   15.9048
    7.5000   30.0000   30.0000 2273.2603   15.9369
   -7.5000   37.5000   30.0000 2113.4661   17.6962
    0.0000   37.5000   30.0000 2136.7412   17.6447
    7.5000   37.5000   30.0000 2113.9060   17.6866
   -7.5000   45.0000   30.0000 1956.7461   19.9601
    0.0000   45.0000   30.0000 1973.8148   19.7849
    7.5000   45.0000   30.0000 1957.4561   19.9087
   -7.5000  -45.0000   37.5000 2293.6003   16.8339
    0.0000  -45.0000   37.5000 2316.7673   16.6210
    7.5000  -45.0000   37.5000 2297.7075   16.7871
   -7.5000  -37.5000   37.5000 2414.9456   15.3871
    0.0000  -37.5000   37.5000 2447.4746   15.1609
    7.5000  -37.5000   37.5000 2424.5491   15.3421
   -7.5000  -30.0000   37.5000 2526.3748   14.3768
    0.0000  -30.0000   37.5000 2564.0254   14.1241
    7.5000  -30.0000   37.5000 2535.3362   14.3138
   -7.5000  -22.5000   37.5000 2622.4841   13.6625
    0.0000  -22.5000   37.5000 2653.0051   13.4509
    7.5000  -22.5000   37.5000 2626.6477   13.6179
   -7.5000  -15.0000   37.5000 2665.8315   13.3200
    0.0000  -15.0000   37.5000 2695.2988   13.1221
    7.5000  -15.0000   37.5000 2671.3850   13.2512
   -7.5000   -7.5000   37.5000 2659.9683   13.1926
    0.0000   -7.5000   37.5000 2685.1677   13.0271
    7.5000   -7.5000   37.5000 2669.2207   13.1405
   -7.5000    0.0000   37.5000 2620.5156   13.3014
    0.0000    0.0000   37.5000 2644.8245   13.1511
    7.5000    0.0000   37.5000 2630.7466   13.2565
   -7.5000    7.5000   37.5000 2554.5632   13.6780
    0.0000    7.5000   37.5000 2583.1912   13.5415
    7.5000    7.5000   37.5000 2560.4961   13.6533
   -7.5000   15.0000   37.5000 2463.8442   14.3358
    0.0000   15.0000   37.5000 2492.0781   14.2223
    7.5000   15.0000   37.5000 2469.8237   14.3287
   -7.5000   22.5000   37.5000 2353.1379   15.3154
    0.0000   22.5000   37.5000 2374.9910   15.2360
    7.5000   22.5000   37.5000 2356.9460   15.2974
   -7.5000   30.0000   37.5000 2210.7009   16.6789
    0.0000   30.0000   37.5000 2228.2048   16.5905
    7.5000   30.0000   37.5000 2209.3367   16.6306
   -7.5000   37.5000   37.5000 2062.9019   18.4894
    0.0000   37.5000   37.5000 2076.3198   18.3966
    7.5000   37.5000   37.5000 2062.0737   18.4079
   -7.5000   45.0000   37.5000 1912.5055   20.7901
    0.0000   45.0000   37.5000 1918.3829   20.6072
    7.5000   45.0000   37.5000 1914.7671   20.7342
   -7.5000  -45.0000   45.0000 2231.3008   17.8988
    0.0000  -45.0000   45.0000 2260.1641   17.6715
    7.5000  -45.0000   45.0000 2237.9429   17.8254
   -7.5000  -37.5000   45.0000 2344.4509   16.3828
    0.0000  -37.5000   45.0000 2381.5098   16.1678
    7.5000  -37.5000   45.0000 2356.2659   16.3389
   -7.5000  -30.0000   45.0000 2451.0647   15.3276
    0.0000  -30.0000   45.0000 2487.6597   15.1529
    7.5000  -30.0000   45.0000 2461.4819   15.2836
   -7.5000  -22.5000   45.0000 2533.9055   14.6285
    0.0000  -22.5000   45.0000 2564.5708   14.4580
    7.5000  -22.5000   45.0000 2538.4297   14.5718
   -7.5000  -15.0000   45.0000 2568.1333   14.2705
    0.0000  -15.0000   45.0000 2600.4666   14.1065
    7.5000  -15.0000   45.0000 2575.1475   14.1787
   -7.5000   -7.5000   45.0000 2562.9128   14.0942
    0.0000   -7.5000   45.0000 2587.5747   13.9636
    7.5000   -7.5000   45.0000 2570.1421   14.0173
   -7.5000    0.0000   45.0000 2522.0442   14.1852
    0.0000    0.0000   45.0000 2550.5188   14.0610
    7.5000    0.0000   45.0000 2534.7100   14.1308
   -7.5000    7.5000   45.0000 2462.4458   14.5565
    0.0000    7.5000   45.0000 2489.7153   14.4588
    7.5000    7.5000   45.0000 2472.2502   14.5369
   -7.5000   15.0000   45.0000 2379.2185   15.2089
    0.0000   15.0000   45.0000 2408.3232   15.0912
    7.5000   15.0000   45.0000 2382.9460   15.1855
   -7.5000   22.5000   45.0000 2269.6494   16.1683
    0.0000   22.5000   45.0000 2292.7307   16.0739
    7.5000   22.5000   45.0000 2272.4595   16.1462
   -7.5000   30.0000   45.0000 2137.9795   17.5389
    0.0000   30.0000   45.0000 2154.0420   17.4492
    7.5000   30.0000   45.0000 2139.5066   17.4887
   -7.5000   37.5000   45.0000 1997.4456   19.4640
    0.0000   37.5000   45.0000 2009.2705   19.3289
    7.5000   37.5000   45.0000 1999.5001   19.3887
   -7.5000   45.0000   45.0000 1853.4960   21.9000
    0.0000   45.0000   45.0000 1864.9910   21.7225
    7.5000   45.0000   45.0000 1858.5116   21.8231

---------------------------------------------------------------------
imgreg_4dfp /opt/freesurfer/average/711-2C_as_mni_average_305 /opt/freesurfer/average/711-2B_as_mni_average_305_mask talsrcimg_g11 none talsrcimg_to_711-2C_as_mni_average_305_t4 1283
---------------------------------------------------------------------

freesurfer imgreg_4dfp.c
/opt/freesurfer/average/711-2C_as_mni_average_305.4dfp.img
       256       256       256         1
  1.000000  1.000000  1.000000
orientation T byte_order littleendian
Reading image: /opt/freesurfer/average/711-2C_as_mni_average_305.4dfp.img
dimensions:      256       256       256
mmppix:       1.0000   -1.0000   -1.0000
center:     128.0000 -129.0000 -129.0000
/opt/freesurfer/average/711-2B_as_mni_average_305_mask.4dfp.img
       256       256       256         1
  1.000000  1.000000  1.000000
orientation T byte_order littleendian
Reading mask: /opt/freesurfer/average/711-2B_as_mni_average_305_mask.4dfp.img (2306576 pixels)
talsrcimg_g11.4dfp.img
       256       256       256         1
  1.000000  1.000000  1.000000
orientation T byte_order littleendian
Reading image: talsrcimg_g11.4dfp.img
dimensions:      256       256       256
mmppix:       1.0000   -1.0000   -1.0000
center:     128.0000 -129.0000 -129.0000
rotation matrix determinant  1.000000
fimgreg.f
image alignment mode   1283 decimal      503 hex
parameters
    0.0000  -15.0000    0.0000    0.0000    0.0000    0.0000
eta,q 0.91476 11.06741
niter,ni,del,rscale     5    3   12.0000    1.2000
parameter  4  2.111764 ->  0.500000 qaram    1.1500
parameters
   -0.8501  -12.0996    1.1809   -3.4500   -0.0349   -0.2765
eta,q 0.91978 10.81045
  0.0907  0.0972  0.0909  0.0790  0.0843  0.0830
  0.0865  0.0905  0.0872  0.0800  0.0824  0.0812
  0.0840  0.0860  0.0843  0.0812  0.0807  0.0801
  0.0846  0.0838  0.0827  0.0818  0.0803  0.0803
  0.0869  0.0829  0.0821  0.0821  0.0812  0.0809
  0.0900  0.0829  0.0842  0.0838  0.0829  0.0818
  0.0943  0.0834  0.0863  0.0858  0.0840  0.0830
niter,ni,del,rscale     5    3   12.0000    1.2000
parameter  4 20.057850 ->  0.500000 qaram    1.3225
parameters
   -0.8074  -11.9410    2.2637   -7.4175    0.7909    0.5573
eta,q 0.92212 10.89891
  0.0879  0.0858  0.0889  0.0767  0.0820  0.0827
  0.0836  0.0804  0.0858  0.0775  0.0804  0.0800
  0.0801  0.0793  0.0831  0.0784  0.0783  0.0786
  0.0802  0.0802  0.0803  0.0802  0.0778  0.0780
  0.0821  0.0811  0.0811  0.0817  0.0785  0.0779
  0.0838  0.0824  0.0835  0.0821  0.0792  0.0786
  0.0868  0.0832  0.0846  0.0837  0.0801  0.0806
niter,ni,del,rscale     5    3   12.0000    1.2000
parameter  4  2.034504 ->  0.500000 qaram    1.5209
parameters
   -1.0685  -10.8243    3.4871  -11.9801    0.8812   -0.0786
eta,q 0.92453 10.95693
  0.0863  0.0880  0.0864  0.0755  0.0817  0.0789
  0.0818  0.0816  0.0828  0.0755  0.0790  0.0771
  0.0784  0.0783  0.0799  0.0765  0.0766  0.0757
  0.0779  0.0778  0.0781  0.0784  0.0756  0.0756
  0.0795  0.0785  0.0789  0.0807  0.0764  0.0767
  0.0833  0.0797  0.0800  0.0824  0.0788  0.0783
  0.0873  0.0812  0.0816  0.0836  0.0814  0.0803
niter,ni,del,rscale     5    3   12.0000    1.2000
parameters
   -1.1661   -9.4794    4.1965  -14.4579    1.0065    0.2428
eta,q 0.92513 10.92796
  0.0870  0.0839  0.0818  0.0789  0.0813  0.0799
  0.0813  0.0792  0.0797  0.0761  0.0785  0.0778
  0.0770  0.0768  0.0770  0.0750  0.0759  0.0760
  0.0755  0.0755  0.0756  0.0756  0.0749  0.0749
  0.0772  0.0759  0.0759  0.0779  0.0758  0.0754
  0.0822  0.0768  0.0776  0.0816  0.0781  0.0770
  0.0874  0.0782  0.0798  0.0837  0.0808  0.0792
niter,ni,del,rscale     4    3   12.0000    1.2000
parameters
   -0.8595   -8.2893    4.7706  -14.2410    1.3014    0.8241
eta,q 0.92526 10.88147
  0.0878  0.0828  0.0810  0.0837  0.0814  0.0797
  0.0827  0.0782  0.0785  0.0781  0.0786  0.0775
  0.0779  0.0763  0.0759  0.0761  0.0760  0.0758
  0.0749  0.0747  0.0748  0.0749  0.0749  0.0748
  0.0752  0.0754  0.0756  0.0760  0.0756  0.0750
  0.0801  0.0769  0.0774  0.0785  0.0779  0.0762
  0.0866  0.0776  0.0789  0.0823  0.0803  0.0783
niter,ni,del,rscale     3    3   12.0000    1.2000
parameters
   -0.5166   -7.8074    5.1242  -14.0644    1.6641    1.2133
eta,q 0.92532 10.86760
  0.0872  0.0806  0.0801  0.0831  0.0817  0.0792
  0.0828  0.0778  0.0778  0.0777  0.0786  0.0770
  0.0782  0.0753  0.0756  0.0759  0.0758  0.0755
  0.0747  0.0744  0.0747  0.0747  0.0747  0.0747
  0.0747  0.0760  0.0757  0.0758  0.0757  0.0749
  0.0797  0.0768  0.0773  0.0783  0.0776  0.0761
  0.0863  0.0786  0.0788  0.0818  0.0801  0.0784
niter,ni,del,rscale     2    3   12.0000    1.2000
parameters
   -0.3183   -7.4816    5.2367  -13.9738    1.8936    1.4066
eta,q 0.92524 10.86048
  0.0870  0.0806  0.0793  0.0826  0.0815  0.0788
  0.0826  0.0777  0.0773  0.0773  0.0782  0.0768
  0.0777  0.0749  0.0755  0.0757  0.0755  0.0755
  0.0747  0.0745  0.0747  0.0748  0.0748  0.0748
  0.0750  0.0759  0.0758  0.0756  0.0757  0.0749
  0.0805  0.0766  0.0773  0.0781  0.0777  0.0763
  0.0869  0.0792  0.0788  0.0816  0.0803  0.0786
niter,ni,del,rscale     1    3   12.0000    1.2000
parameters
   -0.2363   -7.3606    5.2985  -13.9287    2.0021    1.4898
eta,q 0.92520 10.85875
  0.0867  0.0804  0.0790  0.0824  0.0813  0.0786
  0.0820  0.0775  0.0772  0.0772  0.0779  0.0767
  0.0774  0.0748  0.0755  0.0756  0.0754  0.0755
  0.0748  0.0747  0.0748  0.0748  0.0748  0.0748
  0.0753  0.0760  0.0758  0.0756  0.0758  0.0749
  0.0810  0.0768  0.0771  0.0782  0.0778  0.0764
  0.0871  0.0798  0.0787  0.0815  0.0805  0.0787
registration optimization eta report
parameter search radius
    6.0000    6.0000    6.0000    9.1253    6.0000    6.0000
100000*second partial in parameter space
       33.       15.       11.        9.       17.       11.
  0.0867  0.0804  0.0790  0.0824  0.0813  0.0786
  0.0820  0.0775  0.0772  0.0772  0.0779  0.0767
  0.0774  0.0748  0.0755  0.0756  0.0754  0.0755
  0.0748  0.0747  0.0748  0.0748  0.0748  0.0748
  0.0753  0.0760  0.0758  0.0756  0.0758  0.0749
  0.0810  0.0768  0.0771  0.0782  0.0778  0.0764
  0.0871  0.0798  0.0787  0.0815  0.0805  0.0787
   -0.2363   -7.3606    5.2985  -13.9287    2.0021    1.4898
eta,q 0.92520 10.85875

---------------------------------------------------------------------
imgreg_4dfp /opt/freesurfer/average/711-2C_as_mni_average_305 /opt/freesurfer/average/711-2B_as_mni_average_305_mask talsrcimg_g11 none talsrcimg_to_711-2C_as_mni_average_305_t4 3335
---------------------------------------------------------------------

freesurfer imgreg_4dfp.c
/opt/freesurfer/average/711-2C_as_mni_average_305.4dfp.img
       256       256       256         1
  1.000000  1.000000  1.000000
orientation T byte_order littleendian
Reading image: /opt/freesurfer/average/711-2C_as_mni_average_305.4dfp.img
dimensions:      256       256       256
mmppix:       1.0000   -1.0000   -1.0000
center:     128.0000 -129.0000 -129.0000
/opt/freesurfer/average/711-2B_as_mni_average_305_mask.4dfp.img
       256       256       256         1
  1.000000  1.000000  1.000000
orientation T byte_order littleendian
Reading mask: /opt/freesurfer/average/711-2B_as_mni_average_305_mask.4dfp.img (2306576 pixels)
talsrcimg_g11.4dfp.img
       256       256       256         1
  1.000000  1.000000  1.000000
orientation T byte_order littleendian
Reading image: talsrcimg_g11.4dfp.img
dimensions:      256       256       256
mmppix:       1.0000   -1.0000   -1.0000
center:     128.0000 -129.0000 -129.0000
fimgreg.f
image alignment mode   3335 decimal      D07 hex
parameters
   -0.2363   -7.3606    5.2985   -0.0948   -2.9513   -2.9997
   -1.6828   -4.0157    2.5983   23.9752    3.4937  -24.0568
eta,q 0.92566 10.88507
niter,ni,del,rscale     5    3    5.0000    1.2000
parameter  4 13.445199 ->  0.500000 qaram    1.1500
parameter  5  3.420814 ->  0.500000 qaram    1.1500
parameter  6  3.281963 ->  0.500000 qaram    1.1500
parameter  9  0.522976 ->  0.500000 qaram    1.1500
parameter 10  1.539069 ->  0.500000 qaram    1.1500
parameters
   -0.1203   -7.0897    5.5431   -4.2348   -7.0913   -7.1397
   -3.0244   -0.9705   -1.5417   19.8352    2.0540  -27.3058
eta,q 0.94652 10.42463
  0.0753  0.0759  0.0752  0.0650  0.0604  0.0548  0.0587  0.0630  0.0570  0.0526  0.0545  0.0540
  0.0749  0.0751  0.0748  0.0675  0.0629  0.0568  0.0580  0.0607  0.0567  0.0535  0.0541  0.0536
  0.0745  0.0746  0.0744  0.0706  0.0655  0.0603  0.0576  0.0589  0.0567  0.0548  0.0538  0.0535
  0.0743  0.0743  0.0743  0.0743  0.0683  0.0636  0.0576  0.0576  0.0570  0.0567  0.0538  0.0538
  0.0743  0.0744  0.0743  0.0777  0.0714  0.0674  0.0581  0.0570  0.0576  0.0590  0.0541  0.0544
  0.0746  0.0747  0.0746  0.0807  0.0750  0.0717  0.0588  0.0572  0.0584  0.0617  0.0546  0.0551
  0.0753  0.0753  0.0749  0.0840  0.0789  0.0757  0.0599  0.0581  0.0595  0.0647  0.0554  0.0559
niter,ni,del,rscale     7    3    5.0000    1.2000
parameter  4  1.623494 ->  0.500000 qaram    1.3225
parameter  5  3.139780 ->  0.500000 qaram    1.3225
parameter  6  0.691470 ->  0.500000 qaram    1.3225
parameter  7 -0.642726 -> -0.500000 qaram    1.1500
parameters
   -0.8476   -8.2820    5.0207   -8.9958  -11.8523  -11.9007
    1.1156    0.3131    0.3816   16.7619    3.5967  -29.5795
eta,q 0.96193 10.18344
  0.0545  0.0533  0.0541  0.0465  0.0390  0.0401  0.0445  0.0456  0.0427  0.0394  0.0395  0.0387
  0.0536  0.0529  0.0533  0.0472  0.0412  0.0400  0.0427  0.0428  0.0409  0.0385  0.0388  0.0382
  0.0532  0.0529  0.0528  0.0492  0.0442  0.0401  0.0411  0.0403  0.0396  0.0382  0.0384  0.0381
  0.0535  0.0532  0.0529  0.0528  0.0476  0.0420  0.0399  0.0390  0.0388  0.0386  0.0382  0.0382
  0.0543  0.0538  0.0535  0.0573  0.0512  0.0464  0.0392  0.0389  0.0386  0.0397  0.0382  0.0386
  0.0558  0.0545  0.0545  0.0617  0.0550  0.0515  0.0390  0.0401  0.0391  0.0420  0.0384  0.0392
  0.0577  0.0555  0.0560  0.0654  0.0593  0.0569  0.0394  0.0424  0.0403  0.0455  0.0387  0.0400
niter,ni,del,rscale     7    3    5.0000    1.2000
parameter  3  0.720925 ->  0.500000 qaram    1.1500
parameter  5  0.923571 ->  0.500000 qaram    1.5209
parameters
   -0.6776   -7.7602    3.6407  -12.4644  -17.3274  -14.8944
    0.4663   -0.1629    0.5707   17.1690    5.9171  -32.9492
eta,q 0.96536  9.65077
  0.0417  0.0409  0.0375  0.0388  0.0347  0.0359  0.0372  0.0377  0.0367  0.0379  0.0352  0.0348
  0.0399  0.0395  0.0373  0.0380  0.0347  0.0350  0.0359  0.0360  0.0357  0.0364  0.0350  0.0347
  0.0386  0.0385  0.0375  0.0375  0.0355  0.0349  0.0350  0.0351  0.0350  0.0353  0.0349  0.0346
  0.0381  0.0380  0.0380  0.0374  0.0375  0.0348  0.0349  0.0349  0.0348  0.0348  0.0348  0.0348
  0.0382  0.0380  0.0386  0.0392  0.0408  0.0353  0.0354  0.0353  0.0350  0.0350  0.0348  0.0351
  0.0392  0.0384  0.0395  0.0433  0.0442  0.0381  0.0365  0.0366  0.0356  0.0359  0.0348  0.0356
  0.0409  0.0391  0.0405  0.0485  0.0481  0.0426  0.0379  0.0385  0.0365  0.0375  0.0349  0.0362
niter,ni,del,rscale     7    3    5.0000    1.2000
parameter 12  0.616566 ->  0.500000 qaram    1.1500
parameters
   -0.5525   -7.5360    2.4881  -12.0043  -21.1523  -15.9797
   -0.0070   -0.3291    0.8973   18.7683    3.8511  -37.0892
eta,q 0.96611  9.50121
  0.0375  0.0368  0.0348  0.0373  0.0357  0.0365  0.0363  0.0373  0.0358  0.0377  0.0341  0.0340
  0.0360  0.0356  0.0345  0.0360  0.0347  0.0351  0.0352  0.0355  0.0350  0.0362  0.0341  0.0339
  0.0350  0.0349  0.0345  0.0351  0.0343  0.0343  0.0344  0.0346  0.0345  0.0350  0.0341  0.0339
  0.0346  0.0346  0.0346  0.0345  0.0344  0.0343  0.0343  0.0343  0.0343  0.0343  0.0341  0.0341
  0.0349  0.0348  0.0350  0.0340  0.0358  0.0339  0.0347  0.0346  0.0344  0.0341  0.0341  0.0344
  0.0356  0.0352  0.0356  0.0348  0.0390  0.0355  0.0356  0.0357  0.0349  0.0347  0.0342  0.0348
  0.0370  0.0361  0.0365  0.0376  0.0427  0.0392  0.0367  0.0377  0.0356  0.0360  0.0344  0.0353
niter,ni,del,rscale     7    3    5.0000    1.2000
parameters
   -0.4812   -7.4149    1.8731  -11.7597  -21.9969  -16.7340
    0.3634   -0.2102    1.1342   19.1699    2.0608  -36.9342
eta,q 0.96615  9.43904
  0.0365  0.0357  0.0345  0.0367  0.0370  0.0369  0.0364  0.0377  0.0356  0.0370  0.0341  0.0352
  0.0351  0.0346  0.0340  0.0354  0.0354  0.0353  0.0352  0.0354  0.0347  0.0354  0.0338  0.0342
  0.0342  0.0341  0.0338  0.0345  0.0343  0.0343  0.0343  0.0341  0.0341  0.0344  0.0338  0.0338
  0.0339  0.0339  0.0339  0.0338  0.0338  0.0338  0.0339  0.0339  0.0339  0.0339  0.0339  0.0338
  0.0341  0.0341  0.0342  0.0334  0.0339  0.0336  0.0341  0.0344  0.0341  0.0341  0.0340  0.0340
  0.0349  0.0345  0.0347  0.0345  0.0357  0.0356  0.0349  0.0354  0.0346  0.0349  0.0341  0.0344
  0.0363  0.0353  0.0355  0.0372  0.0390  0.0391  0.0361  0.0372  0.0354  0.0365  0.0343  0.0349
niter,ni,del,rscale     6    3    5.0000    1.2000
parameters
   -0.4949   -7.3709    1.8953  -11.9594  -22.0597  -16.8533
    0.5611   -0.1263    1.1895   19.0914    2.1129  -36.8675
eta,q 0.96608  9.41799
  0.0363  0.0356  0.0352  0.0365  0.0374  0.0374  0.0364  0.0378  0.0355  0.0367  0.0344  0.0352
  0.0350  0.0345  0.0344  0.0353  0.0358  0.0357  0.0352  0.0354  0.0346  0.0352  0.0340  0.0343
  0.0342  0.0340  0.0340  0.0345  0.0345  0.0345  0.0343  0.0341  0.0341  0.0343  0.0339  0.0339
  0.0338  0.0338  0.0338  0.0338  0.0339  0.0339  0.0339  0.0339  0.0339  0.0339  0.0339  0.0339
  0.0341  0.0340  0.0340  0.0336  0.0339  0.0336  0.0341  0.0345  0.0341  0.0342  0.0340  0.0341
  0.0350  0.0346  0.0344  0.0348  0.0352  0.0351  0.0349  0.0356  0.0346  0.0352  0.0341  0.0345
  0.0365  0.0353  0.0351  0.0375  0.0382  0.0383  0.0362  0.0373  0.0355  0.0369  0.0342  0.0349
niter,ni,del,rscale     5    3    5.0000    1.2000
parameters
   -0.4886   -7.3788    1.8940  -11.9230  -22.0505  -16.8305
    0.5694   -0.1274    1.1961   19.0808    2.1417  -36.8762
eta,q 0.96609  9.42113
  0.0364  0.0355  0.0352  0.0366  0.0375  0.0374  0.0363  0.0377  0.0355  0.0367  0.0343  0.0352
  0.0351  0.0346  0.0344  0.0353  0.0358  0.0357  0.0351  0.0354  0.0346  0.0352  0.0340  0.0342
  0.0342  0.0340  0.0340  0.0346  0.0346  0.0345  0.0342  0.0341  0.0341  0.0343  0.0339  0.0339
  0.0339  0.0339  0.0339  0.0339  0.0339  0.0339  0.0339  0.0339  0.0339  0.0339  0.0339  0.0339
  0.0342  0.0342  0.0341  0.0336  0.0339  0.0336  0.0342  0.0345  0.0341  0.0342  0.0340  0.0341
  0.0350  0.0347  0.0345  0.0347  0.0351  0.0350  0.0350  0.0356  0.0346  0.0351  0.0341  0.0345
  0.0364  0.0354  0.0351  0.0373  0.0381  0.0382  0.0364  0.0374  0.0355  0.0369  0.0342  0.0350
registration optimization eta report
parameter search radius
    2.4000    2.4000    2.7600    9.5220   10.9503    9.5220
    8.2800    7.2000    8.2800    8.2800    7.2000    8.2800
100000*second partial in parameter space
       43.       27.       16.        3.        3.        4.
        3.        7.        2.        4.        1.        2.
  0.0364  0.0355  0.0352  0.0366  0.0375  0.0374  0.0363  0.0377  0.0355  0.0367  0.0343  0.0352
  0.0351  0.0346  0.0344  0.0353  0.0358  0.0357  0.0351  0.0354  0.0346  0.0352  0.0340  0.0342
  0.0342  0.0340  0.0340  0.0346  0.0346  0.0345  0.0342  0.0341  0.0341  0.0343  0.0339  0.0339
  0.0339  0.0339  0.0339  0.0339  0.0339  0.0339  0.0339  0.0339  0.0339  0.0339  0.0339  0.0339
  0.0342  0.0342  0.0341  0.0336  0.0339  0.0336  0.0342  0.0345  0.0341  0.0342  0.0340  0.0341
  0.0350  0.0347  0.0345  0.0347  0.0351  0.0350  0.0350  0.0356  0.0346  0.0351  0.0341  0.0345
  0.0364  0.0354  0.0351  0.0373  0.0381  0.0382  0.0364  0.0374  0.0355  0.0369  0.0342  0.0350
   -0.4886   -7.3788    1.8940  -11.9230  -22.0505  -16.8305
    0.5694   -0.1274    1.1961   19.0808    2.1417  -36.8762
eta,q 0.96609  9.42113

---------------------------------------------------------------------
imgreg_4dfp /opt/freesurfer/average/711-2C_as_mni_average_305 /opt/freesurfer/average/711-2B_as_mni_average_305_mask talsrcimg_g11 none talsrcimg_to_711-2C_as_mni_average_305_t4 2311
---------------------------------------------------------------------

freesurfer imgreg_4dfp.c
/opt/freesurfer/average/711-2C_as_mni_average_305.4dfp.img
       256       256       256         1
  1.000000  1.000000  1.000000
orientation T byte_order littleendian
Reading image: /opt/freesurfer/average/711-2C_as_mni_average_305.4dfp.img
dimensions:      256       256       256
mmppix:       1.0000   -1.0000   -1.0000
center:     128.0000 -129.0000 -129.0000
/opt/freesurfer/average/711-2B_as_mni_average_305_mask.4dfp.img
       256       256       256         1
  1.000000  1.000000  1.000000
orientation T byte_order littleendian
Reading mask: /opt/freesurfer/average/711-2B_as_mni_average_305_mask.4dfp.img (2306576 pixels)
talsrcimg_g11.4dfp.img
       256       256       256         1
  1.000000  1.000000  1.000000
orientation T byte_order littleendian
Reading image: talsrcimg_g11.4dfp.img
dimensions:      256       256       256
mmppix:       1.0000   -1.0000   -1.0000
center:     128.0000 -129.0000 -129.0000
fimgreg.f
image alignment mode   2311 decimal      907 hex
parameters
   -0.4886   -7.3788    1.8940  -11.9230  -22.0505  -16.8305
    0.5694   -0.1274    1.1961   19.0808    2.1417  -36.8762
eta,q 0.96609  9.42112
niter,ni,del,rscale     5    3    5.0000    0.8000
parameter  4 -0.519530 -> -0.500000 qaram    1.1500
parameters
   -0.4575   -7.4502    1.8524   -9.1630  -20.4668  -15.9003
    0.4253    0.3649    1.5311   18.9167    3.5681  -37.5980
eta,q 0.96676  9.66223
  0.0351  0.0346  0.0343  0.0349  0.0346  0.0349  0.0344  0.0363  0.0341  0.0344  0.0342  0.0338
  0.0344  0.0342  0.0341  0.0346  0.0341  0.0343  0.0338  0.0348  0.0337  0.0338  0.0338  0.0334
  0.0341  0.0340  0.0339  0.0342  0.0338  0.0337  0.0335  0.0338  0.0334  0.0334  0.0335  0.0332
  0.0339  0.0339  0.0339  0.0339  0.0335  0.0334  0.0333  0.0333  0.0333  0.0333  0.0333  0.0333
  0.0340  0.0340  0.0340  0.0336  0.0334  0.0333  0.0334  0.0335  0.0334  0.0334  0.0333  0.0335
  0.0344  0.0343  0.0341  0.0336  0.0335  0.0335  0.0339  0.0342  0.0335  0.0339  0.0334  0.0337
  0.0350  0.0347  0.0343  0.0340  0.0338  0.0342  0.0345  0.0353  0.0339  0.0346  0.0335  0.0340
niter,ni,del,rscale     5    3    5.0000    0.8000
parameters
   -0.5286   -7.3365    1.7974  -10.0153  -20.6941  -15.5121
    0.5783    0.0931    1.2141   19.3216    4.0485  -37.6590
eta,q 0.96680  9.64353
  0.0346  0.0342  0.0338  0.0345  0.0341  0.0346  0.0344  0.0354  0.0338  0.0346  0.0338  0.0340
  0.0339  0.0337  0.0335  0.0340  0.0337  0.0341  0.0338  0.0341  0.0334  0.0339  0.0335  0.0335
  0.0334  0.0334  0.0333  0.0335  0.0334  0.0337  0.0334  0.0334  0.0333  0.0334  0.0333  0.0332
  0.0332  0.0332  0.0332  0.0332  0.0333  0.0333  0.0332  0.0332  0.0332  0.0332  0.0332  0.0332
  0.0334  0.0333  0.0333  0.0335  0.0333  0.0331  0.0333  0.0337  0.0333  0.0333  0.0332  0.0334
  0.0340  0.0335  0.0336  0.0345  0.0337  0.0335  0.0336  0.0345  0.0335  0.0336  0.0334  0.0336
  0.0349  0.0339  0.0339  0.0361  0.0344  0.0345  0.0343  0.0358  0.0339  0.0342  0.0336  0.0339
niter,ni,del,rscale     4    3    5.0000    0.7000
parameters
   -0.5347   -7.3999    1.7258  -10.0795  -20.5354  -15.4070
    0.5874    0.0405    1.1185   19.3734    4.1691  -37.7055
eta,q 0.96682  9.65464
  0.0343  0.0337  0.0336  0.0344  0.0339  0.0342  0.0340  0.0350  0.0337  0.0342  0.0336  0.0338
  0.0337  0.0334  0.0334  0.0340  0.0335  0.0338  0.0336  0.0340  0.0334  0.0336  0.0334  0.0334
  0.0333  0.0333  0.0332  0.0335  0.0333  0.0335  0.0333  0.0333  0.0332  0.0333  0.0332  0.0332
  0.0332  0.0332  0.0332  0.0332  0.0332  0.0332  0.0332  0.0332  0.0332  0.0332  0.0332  0.0332
  0.0333  0.0333  0.0333  0.0332  0.0332  0.0331  0.0333  0.0334  0.0332  0.0333  0.0332  0.0333
  0.0337  0.0335  0.0335  0.0338  0.0334  0.0335  0.0335  0.0341  0.0334  0.0336  0.0333  0.0335
  0.0344  0.0338  0.0337  0.0348  0.0339  0.0344  0.0340  0.0351  0.0337  0.0341  0.0335  0.0337
niter,ni,del,rscale     3    3    5.0000    0.6000
parameters
   -0.5445   -7.4263    1.7100   -9.9106  -20.4298  -15.2573
    0.5823    0.0576    1.0985   19.4090    4.3032  -37.6999
eta,q 0.96687  9.67243
  0.0340  0.0336  0.0335  0.0342  0.0336  0.0340  0.0338  0.0346  0.0335  0.0339  0.0335  0.0336
  0.0336  0.0334  0.0333  0.0339  0.0334  0.0337  0.0334  0.0338  0.0333  0.0335  0.0333  0.0333
  0.0333  0.0332  0.0332  0.0335  0.0332  0.0334  0.0332  0.0333  0.0332  0.0332  0.0332  0.0331
  0.0332  0.0332  0.0332  0.0332  0.0332  0.0332  0.0331  0.0331  0.0331  0.0331  0.0331  0.0331
  0.0333  0.0332  0.0332  0.0332  0.0332  0.0331  0.0332  0.0333  0.0332  0.0332  0.0332  0.0332
  0.0336  0.0334  0.0334  0.0335  0.0333  0.0334  0.0334  0.0338  0.0333  0.0334  0.0333  0.0334
  0.0341  0.0336  0.0335  0.0343  0.0336  0.0341  0.0338  0.0346  0.0335  0.0338  0.0334  0.0336
niter,ni,del,rscale     2    3    5.0000    0.5000
parameters
   -0.5499   -7.4390    1.7206   -9.7419  -20.3550  -15.0458
    0.5782    0.0752    1.0655   19.4328    4.4400  -37.6409
eta,q 0.96692  9.68947
  0.0337  0.0334  0.0334  0.0340  0.0335  0.0338  0.0335  0.0342  0.0333  0.0336  0.0334  0.0335
  0.0334  0.0333  0.0333  0.0337  0.0333  0.0335  0.0333  0.0336  0.0332  0.0333  0.0332  0.0332
  0.0332  0.0332  0.0332  0.0333  0.0332  0.0333  0.0331  0.0332  0.0331  0.0331  0.0331  0.0331
  0.0331  0.0331  0.0331  0.0331  0.0331  0.0331  0.0331  0.0331  0.0331  0.0331  0.0331  0.0331
  0.0332  0.0332  0.0332  0.0331  0.0331  0.0331  0.0331  0.0332  0.0331  0.0331  0.0331  0.0331
  0.0334  0.0333  0.0333  0.0334  0.0332  0.0333  0.0333  0.0336  0.0332  0.0333  0.0332  0.0333
  0.0338  0.0335  0.0334  0.0340  0.0335  0.0338  0.0335  0.0342  0.0333  0.0336  0.0333  0.0334
niter,ni,del,rscale     1    3    5.0000    0.4000
parameters
   -0.5568   -7.4488    1.7610   -9.6094  -20.2473  -14.8093
    0.5970    0.0822    1.0572   19.4483    4.5469  -37.5375
eta,q 0.96695  9.70716
  0.0335  0.0333  0.0333  0.0337  0.0333  0.0336  0.0333  0.0338  0.0332  0.0334  0.0332  0.0333
  0.0333  0.0332  0.0332  0.0334  0.0332  0.0334  0.0332  0.0334  0.0331  0.0332  0.0331  0.0332
  0.0331  0.0331  0.0331  0.0332  0.0331  0.0332  0.0331  0.0331  0.0331  0.0331  0.0331  0.0331
  0.0331  0.0331  0.0331  0.0331  0.0331  0.0331  0.0330  0.0330  0.0331  0.0330  0.0331  0.0331
  0.0331  0.0331  0.0331  0.0331  0.0331  0.0330  0.0331  0.0331  0.0331  0.0331  0.0331  0.0331
  0.0333  0.0332  0.0332  0.0333  0.0331  0.0332  0.0332  0.0334  0.0331  0.0332  0.0331  0.0332
  0.0335  0.0333  0.0333  0.0337  0.0333  0.0335  0.0333  0.0338  0.0332  0.0334  0.0332  0.0333
registration optimization eta report
parameter search radius
    0.8000    0.8000    0.8000    2.7600    2.4000    2.4000
    2.4000    2.4000    2.4000    2.4000    2.4000    2.4000
100000*second partial in parameter space
       64.       32.       30.        8.        4.        8.
        5.       13.        3.        6.        3.        4.
  0.0335  0.0333  0.0333  0.0337  0.0333  0.0336  0.0333  0.0338  0.0332  0.0334  0.0332  0.0333
  0.0333  0.0332  0.0332  0.0334  0.0332  0.0334  0.0332  0.0334  0.0331  0.0332  0.0331  0.0332
  0.0331  0.0331  0.0331  0.0332  0.0331  0.0332  0.0331  0.0331  0.0331  0.0331  0.0331  0.0331
  0.0331  0.0331  0.0331  0.0331  0.0331  0.0331  0.0330  0.0330  0.0331  0.0330  0.0331  0.0331
  0.0331  0.0331  0.0331  0.0331  0.0331  0.0330  0.0331  0.0331  0.0331  0.0331  0.0331  0.0331
  0.0333  0.0332  0.0332  0.0333  0.0331  0.0332  0.0332  0.0334  0.0331  0.0332  0.0331  0.0332
  0.0335  0.0333  0.0333  0.0337  0.0333  0.0335  0.0333  0.0338  0.0332  0.0334  0.0332  0.0333
   -0.5568   -7.4488    1.7610   -9.6094  -20.2473  -14.8093
    0.5970    0.0822    1.0572   19.4483    4.5469  -37.5375
eta,q 0.96695  9.70716

---------------------------------------------------------------------
imgreg_4dfp /opt/freesurfer/average/711-2C_as_mni_average_305 /opt/freesurfer/average/711-2B_as_mni_average_305_mask talsrcimg_g11 none talsrcimg_to_711-2C_as_mni_average_305_t4 2311
---------------------------------------------------------------------

freesurfer imgreg_4dfp.c
/opt/freesurfer/average/711-2C_as_mni_average_305.4dfp.img
       256       256       256         1
  1.000000  1.000000  1.000000
orientation T byte_order littleendian
Reading image: /opt/freesurfer/average/711-2C_as_mni_average_305.4dfp.img
dimensions:      256       256       256
mmppix:       1.0000   -1.0000   -1.0000
center:     128.0000 -129.0000 -129.0000
/opt/freesurfer/average/711-2B_as_mni_average_305_mask.4dfp.img
       256       256       256         1
  1.000000  1.000000  1.000000
orientation T byte_order littleendian
Reading mask: /opt/freesurfer/average/711-2B_as_mni_average_305_mask.4dfp.img (2306576 pixels)
talsrcimg_g11.4dfp.img
       256       256       256         1
  1.000000  1.000000  1.000000
orientation T byte_order littleendian
Reading image: talsrcimg_g11.4dfp.img
dimensions:      256       256       256
mmppix:       1.0000   -1.0000   -1.0000
center:     128.0000 -129.0000 -129.0000
fimgreg.f
image alignment mode   2311 decimal      907 hex
parameters
   -0.5568   -7.4488    1.7610   -9.6094  -20.2473  -14.8093
    0.5970    0.0822    1.0572   19.4483    4.5469  -37.5375
eta,q 0.96695  9.70716
niter,ni,del,rscale     5    3    5.0000    0.8000
parameters
   -0.5900   -7.4341    1.9194  -10.0965  -20.7241  -15.2890
    0.6977   -0.0486    1.0937   19.3005    4.1625  -37.5391
eta,q 0.96682  9.64848
  0.0346  0.0339  0.0340  0.0342  0.0338  0.0342  0.0343  0.0355  0.0338  0.0343  0.0336  0.0339
  0.0338  0.0334  0.0335  0.0338  0.0334  0.0338  0.0337  0.0341  0.0335  0.0337  0.0333  0.0334
  0.0332  0.0331  0.0332  0.0333  0.0332  0.0335  0.0334  0.0334  0.0333  0.0333  0.0332  0.0332
  0.0330  0.0331  0.0330  0.0331  0.0331  0.0331  0.0332  0.0332  0.0332  0.0332  0.0332  0.0332
  0.0332  0.0331  0.0331  0.0332  0.0332  0.0331  0.0333  0.0336  0.0333  0.0334  0.0333  0.0333
  0.0338  0.0334  0.0333  0.0340  0.0336  0.0339  0.0336  0.0344  0.0335  0.0338  0.0334  0.0335
  0.0347  0.0339  0.0337  0.0352  0.0344  0.0353  0.0342  0.0356  0.0338  0.0345  0.0337  0.0338
niter,ni,del,rscale     4    3    5.0000    0.7000
parameters
   -0.5502   -7.4079    1.7662   -9.9356  -20.5504  -15.4019
    0.6101    0.0250    1.1305   19.3006    4.1809  -37.6635
eta,q 0.96684  9.65783
  0.0344  0.0338  0.0336  0.0343  0.0338  0.0341  0.0340  0.0352  0.0337  0.0341  0.0336  0.0338
  0.0338  0.0335  0.0333  0.0339  0.0335  0.0338  0.0335  0.0341  0.0334  0.0336  0.0333  0.0334
  0.0334  0.0333  0.0332  0.0335  0.0333  0.0334  0.0333  0.0334  0.0332  0.0333  0.0332  0.0332
  0.0332  0.0332  0.0332  0.0332  0.0331  0.0331  0.0332  0.0332  0.0332  0.0332  0.0332  0.0332
  0.0333  0.0333  0.0333  0.0331  0.0331  0.0331  0.0333  0.0334  0.0332  0.0333  0.0332  0.0333
  0.0336  0.0334  0.0335  0.0335  0.0333  0.0336  0.0336  0.0340  0.0334  0.0336  0.0333  0.0335
  0.0343  0.0338  0.0337  0.0343  0.0338  0.0346  0.0340  0.0350  0.0336  0.0341  0.0335  0.0337
niter,ni,del,rscale     3    3    5.0000    0.6000
parameters
   -0.5513   -7.4208    1.7266   -9.7326  -20.4510  -15.2879
    0.5871    0.0599    1.1081   19.3539    4.3122  -37.7083
eta,q 0.96688  9.67543
  0.0340  0.0336  0.0335  0.0341  0.0336  0.0340  0.0337  0.0347  0.0335  0.0339  0.0335  0.0336
  0.0336  0.0333  0.0333  0.0337  0.0334  0.0337  0.0334  0.0338  0.0333  0.0335  0.0333  0.0333
  0.0333  0.0332  0.0332  0.0334  0.0332  0.0334  0.0332  0.0333  0.0332  0.0332  0.0332  0.0331
  0.0332  0.0332  0.0332  0.0332  0.0331  0.0331  0.0331  0.0331  0.0331  0.0331  0.0331  0.0331
  0.0333  0.0332  0.0332  0.0331  0.0331  0.0331  0.0332  0.0333  0.0332  0.0332  0.0332  0.0332
  0.0335  0.0334  0.0334  0.0334  0.0333  0.0334  0.0334  0.0338  0.0333  0.0334  0.0333  0.0334
  0.0340  0.0336  0.0335  0.0340  0.0336  0.0341  0.0338  0.0346  0.0335  0.0338  0.0334  0.0336
niter,ni,del,rscale     2    3    5.0000    0.5000
parameters
   -0.5551   -7.4226    1.7401   -9.6077  -20.3621  -15.0738
    0.5894    0.0772    1.0975   19.4090    4.4461  -37.6504
eta,q 0.96692  9.69252
  0.0337  0.0334  0.0334  0.0338  0.0335  0.0338  0.0335  0.0342  0.0333  0.0336  0.0334  0.0335
  0.0334  0.0333  0.0332  0.0335  0.0333  0.0335  0.0333  0.0336  0.0332  0.0333  0.0332  0.0332
  0.0332  0.0331  0.0331  0.0333  0.0332  0.0333  0.0331  0.0332  0.0331  0.0331  0.0331  0.0331
  0.0331  0.0331  0.0331  0.0331  0.0331  0.0331  0.0331  0.0331  0.0331  0.0331  0.0331  0.0331
  0.0332  0.0332  0.0332  0.0331  0.0331  0.0330  0.0331  0.0332  0.0331  0.0331  0.0331  0.0331
  0.0334  0.0333  0.0332  0.0334  0.0332  0.0333  0.0333  0.0336  0.0332  0.0333  0.0332  0.0333
  0.0337  0.0334  0.0334  0.0338  0.0335  0.0338  0.0335  0.0342  0.0333  0.0336  0.0333  0.0334
niter,ni,del,rscale     1    3    5.0000    0.4000
parameters
   -0.5604   -7.4359    1.7661   -9.5248  -20.2746  -14.8365
    0.6018    0.0822    1.0630   19.4336    4.5480  -37.5375
eta,q 0.96695  9.70741
  0.0335  0.0333  0.0333  0.0336  0.0333  0.0336  0.0333  0.0338  0.0332  0.0334  0.0332  0.0333
  0.0333  0.0332  0.0332  0.0334  0.0332  0.0334  0.0332  0.0334  0.0331  0.0332  0.0331  0.0332
  0.0331  0.0331  0.0331  0.0332  0.0331  0.0332  0.0331  0.0331  0.0331  0.0331  0.0331  0.0331
  0.0331  0.0331  0.0331  0.0331  0.0331  0.0331  0.0331  0.0331  0.0330  0.0330  0.0330  0.0331
  0.0331  0.0331  0.0331  0.0331  0.0331  0.0330  0.0331  0.0331  0.0331  0.0331  0.0331  0.0331
  0.0333  0.0332  0.0332  0.0333  0.0332  0.0332  0.0332  0.0334  0.0331  0.0332  0.0331  0.0332
  0.0335  0.0333  0.0333  0.0336  0.0333  0.0335  0.0333  0.0338  0.0332  0.0334  0.0332  0.0333
registration optimization eta report
parameter search radius
    0.8000    0.8000    0.8000    2.4000    2.4000    2.4000
    2.4000    2.4000    2.4000    2.4000    2.4000    2.4000
100000*second partial in parameter space
       64.       31.       31.        8.        4.        8.
        5.       13.        3.        6.        3.        4.
  0.0335  0.0333  0.0333  0.0336  0.0333  0.0336  0.0333  0.0338  0.0332  0.0334  0.0332  0.0333
  0.0333  0.0332  0.0332  0.0334  0.0332  0.0334  0.0332  0.0334  0.0331  0.0332  0.0331  0.0332
  0.0331  0.0331  0.0331  0.0332  0.0331  0.0332  0.0331  0.0331  0.0331  0.0331  0.0331  0.0331
  0.0331  0.0331  0.0331  0.0331  0.0331  0.0331  0.0331  0.0331  0.0330  0.0330  0.0330  0.0331
  0.0331  0.0331  0.0331  0.0331  0.0331  0.0330  0.0331  0.0331  0.0331  0.0331  0.0331  0.0331
  0.0333  0.0332  0.0332  0.0333  0.0332  0.0332  0.0332  0.0334  0.0331  0.0332  0.0331  0.0332
  0.0335  0.0333  0.0333  0.0336  0.0333  0.0335  0.0333  0.0338  0.0332  0.0334  0.0332  0.0333
   -0.5604   -7.4359    1.7661   -9.5248  -20.2746  -14.8365
    0.6018    0.0822    1.0630   19.4336    4.5480  -37.5375
eta,q 0.96695  9.70741

---------------------------------------------------------------------
compute_vox2vox talsrcimg talsrcimg_to_711-2C_as_mni_average_305_t4 /opt/freesurfer/average/711-2C_as_mni_average_305
---------------------------------------------------------------------

freesurfer compute_vox2vox.c
Reading: talsrcimg.4dfp.ifh
Reading: talsrcimg_to_711-2C_as_mni_average_305_t4
Reading: /opt/freesurfer/average/711-2C_as_mni_average_305.4dfp.ifh
Writing: talsrcimg_to_711-2C_as_mni_average_305_t4_vox2vox.txt

start time Fri Mar 6 09:20:21 CET 2026
end		time Fri Mar 6 09:21:47 CET 2026

mpr2mni305 success

avi2talxfm orig_nu.mgz /opt/freesurfer/average/mni305.cor.mgz talsrcimg_to_711-2C_as_mni_average_305_t4_vox2vox.txt transforms/talairach.auto.xfm
avi2talxfm done
mv -f /out/sourcedata/freesurfer/sub-v1s10x0051045_ses-1/mri/talsrcimg_to_711-2C_as_mni_average_305_t4_vox2vox.txt /out/sourcedata/freesurfer/sub-v1s10x0051045_ses-1/mri/transforms/talsrcimg_to_711-2C_as_mni_average_305_t4_vox2vox.txt
lta_convert --src orig_nu.mgz --trg /opt/freesurfer/average/mni305.cor.mgz --inxfm transforms/talairach.auto.xfm --outlta transforms/talairach.auto.xfm.lta --subject fsaverage
7.3.2

--src: orig_nu.mgz src image (geometry).
--trg: /opt/freesurfer/average/mni305.cor.mgz trg image (geometry).
--inmni: transforms/talairach.auto.xfm input MNI/XFM transform.
--outlta: transforms/talairach.auto.xfm.lta output LTA.
--s: fsaverage subject name
 LTA read, type : 1
 1.10533   0.00076  -0.00799  -5.05077;
-0.05917   1.06025   0.49965   12.51669;
-0.00032  -0.25845   1.13262   19.35274;
 0.00000   0.00000   0.00000   1.00000;
setting subject to fsaverage
Writing  LTA to file transforms/talairach.auto.xfm.lta...
lta_convert successful.
 
 
Started at Fri Mar 6 09:20:20 CET 2026
Ended   at Fri Mar  6 09:21:47 CET 2026
talairach_avi done
