/out/sourcedata/freesurfer/sub-v1s18x0051262_ses-1/mri
/opt/freesurfer/bin/talairach_avi
--i orig_nu.mgz --xfm transforms/talairach.auto.xfm
talairach_avi 7.3.2
Linux dna042 5.14.0-427.37.1.el9_4.x86_64 #1 SMP PREEMPT_DYNAMIC Fri Sep 13 12:41:50 EDT 2024 x86_64 x86_64 x86_64 GNU/Linux
Sat Mar  7 03:24:56 CET 2026
mri_convert orig_nu.mgz talsrcimg.img 
reading from orig_nu.mgz...
TR=0.00, TE=0.00, TI=0.00, flip angle=0.00
i_ras = (-1, 0, 0)
j_ras = (0, 0, -1)
k_ras = (0, 1, 0)
writing to talsrcimg.img...
Analyze Output Matrix
-1.00000   0.00000   0.00000   135.07547;
 0.00000   0.00000   1.00000  -123.16270;
 0.00000  -1.00000   0.00000   136.03613;
 0.00000   0.00000   0.00000   1.00000;
--------------------
INFO: set hdr.hist.orient to -1
mpr2mni305 talsrcimg
Sat Mar  7 03:24:57 CET 2026
/opt/freesurfer/bin/mpr2mni305 talsrcimg
mpr2mni305 7.3.2
target=711-2C_as_mni_average_305

---------------------------------------------------------------------
analyzeto4dfp talsrcimg -O0 -y
---------------------------------------------------------------------

freesurfer ifh2hdr.c
Sat Mar  7 03:24:57 2026
Writing: talsrcimg.4dfp.hdr
freesurfer analyzeto4dfp.c
Reading: talsrcimg.hdr
header size 348 bytes
hdr.dime.datatype	offset=70	value=2
hdr.dime.bitpix		offset=72	value=8
hdr.hist.orient		offset=252	value=-1
dimensionality     4
dimensions       256       256       256         1
Reading: talsrcimg.img
Writing: talsrcimg.4dfp.img
Writing: talsrcimg.4dfp.ifh
ifh2hdr talsrcimg -r0to215
ori=2

---------------------------------------------------------------------
gauss_4dfp talsrcimg 1.1
---------------------------------------------------------------------

freesurfer gauss_4dfp.c
Reading: talsrcimg.4dfp.img
Writing: talsrcimg_g11.4dfp.img
image dimensions 256 256 256 padded to 288 288 288
processing volume 1freesurfer ifh2hdr.c
Sat Mar  7 03:24:59 2026
Writing: talsrcimg_g11.4dfp.hdr

Writing: talsrcimg_g11.4dfp.ifh
including: talsrcimg.4dfp.img.rec in talsrcimg_g11.4dfp.img.rec

---------------------------------------------------------------------
imgreg_4dfp /opt/freesurfer/average/711-2C_as_mni_average_305 none talsrcimg_g11 none talsrcimg_to_711-2C_as_mni_average_305_t4 4355
---------------------------------------------------------------------

freesurfer imgreg_4dfp.c
/opt/freesurfer/average/711-2C_as_mni_average_305.4dfp.img
       256       256       256         1
  1.000000  1.000000  1.000000
orientation T byte_order littleendian
Reading image: /opt/freesurfer/average/711-2C_as_mni_average_305.4dfp.img
dimensions:      256       256       256
mmppix:       1.0000   -1.0000   -1.0000
center:     128.0000 -129.0000 -129.0000
talsrcimg_g11.4dfp.img
       256       256       256         1
  1.000000  1.000000  1.000000
orientation T byte_order littleendian
Reading image: talsrcimg_g11.4dfp.img
dimensions:      256       256       256
mmppix:       1.0000   -1.0000   -1.0000
center:     128.0000 -129.0000 -129.0000
t4_read: open error in t4_sub.f l:  41 t4_file(1:l)talsrcimg_to_711-2C_as_mni_average_305_t4 
t4_read: transform initialized to I4
rotation matrix determinant  1.000000
image alignment mode   4355 decimal     1103 hex
   -7.5000  -45.0000  -45.0000 7235.5693   19.8885
    0.0000  -45.0000  -45.0000 7547.2930   19.8777
    7.5000  -45.0000  -45.0000 7270.0259   19.9024
   -7.5000  -37.5000  -45.0000 7735.5181   19.8278
    0.0000  -37.5000  -45.0000 8076.6265   19.8246
    7.5000  -37.5000  -45.0000 7777.2109   19.8458
   -7.5000  -30.0000  -45.0000 8505.5469   19.8252
    0.0000  -30.0000  -45.0000 8883.3340   19.8291
    7.5000  -30.0000  -45.0000 8538.4766   19.8470
   -7.5000  -22.5000  -45.0000 9258.2529   19.8300
    0.0000  -22.5000  -45.0000 9672.6543   19.8340
    7.5000  -22.5000  -45.0000 9269.0996   19.8512
   -7.5000  -15.0000  -45.0000 9955.6738   19.8361
    0.0000  -15.0000  -45.000010382.4893   19.8333
    7.5000  -15.0000  -45.0000 9958.0693   19.8524
   -7.5000   -7.5000  -45.000010613.5889   19.8381
    0.0000   -7.5000  -45.000011084.0059   19.8275
    7.5000   -7.5000  -45.000010621.8906   19.8507
   -7.5000    0.0000  -45.000011182.4473   19.8344
    0.0000    0.0000  -45.000011639.8281   19.8234
    7.5000    0.0000  -45.000011192.7949   19.8480
   -7.5000    7.5000  -45.000010849.4492   19.8276
    0.0000    7.5000  -45.000011276.1768   19.8244
    7.5000    7.5000  -45.000010839.4072   19.8456
   -7.5000   15.0000  -45.000010452.1016   19.8252
    0.0000   15.0000  -45.000010827.9941   19.8291
    7.5000   15.0000  -45.000010410.2910   19.8470
   -7.5000   22.5000  -45.0000 9700.7441   19.8273
    0.0000   22.5000  -45.000010015.9111   19.8312
    7.5000   22.5000  -45.0000 9652.1670   19.8485
   -7.5000   30.0000  -45.0000 8939.2500   19.5718
    0.0000   30.0000  -45.0000 9210.7764   19.5690
    7.5000   30.0000  -45.0000 8900.4570   19.5879
   -7.5000   37.5000  -45.0000 8570.7021   19.5737
    0.0000   37.5000  -45.0000 8808.5898   19.5633
    7.5000   37.5000  -45.0000 8501.5586   19.5861
   -7.5000   45.0000  -45.0000 7865.2988   19.0732
    0.0000   45.0000  -45.0000 8110.5576   19.0626
    7.5000   45.0000  -45.0000 7805.8081   19.0862
   -7.5000  -45.0000  -37.5000 7704.1611   19.5818
    0.0000  -45.0000  -37.5000 8040.7246   19.5899
    7.5000  -45.0000  -37.5000 7727.0854   19.6232
   -7.5000  -37.5000  -37.5000 8260.6924   19.5243
    0.0000  -37.5000  -37.5000 8640.8242   19.5336
    7.5000  -37.5000  -37.5000 8298.9678   19.5624
   -7.5000  -30.0000  -37.5000 9088.6895   19.5359
    0.0000  -30.0000  -37.5000 9502.1807   19.5432
    7.5000  -30.0000  -37.5000 9114.5820   19.5642
   -7.5000  -22.5000  -37.5000 9854.0469   19.5521
    0.0000  -22.5000  -37.500010313.8330   19.5572
    7.5000  -22.5000  -37.5000 9890.7031   19.5741
   -7.5000  -15.0000  -37.500010558.7705   19.5566
    0.0000  -15.0000  -37.500011082.9883   19.5608
    7.5000  -15.0000  -37.500010599.9639   19.5804
   -7.5000   -7.5000  -37.500011253.7910   19.5455
    0.0000   -7.5000  -37.500011821.5840   19.5506
    7.5000   -7.5000  -37.500011274.4912   19.5784
   -7.5000    0.0000  -37.500011853.3799   19.5294
    0.0000    0.0000  -37.500012394.0400   19.5372
    7.5000    0.0000  -37.500011829.4570   19.5703
   -7.5000    7.5000  -37.500011496.5391   19.5241
    0.0000    7.5000  -37.500011982.7168   19.5335
    7.5000    7.5000  -37.500011424.7588   19.5622
   -7.5000   15.0000  -37.500011056.6709   19.5359
    0.0000   15.0000  -37.500011509.1172   19.5432
    7.5000   15.0000  -37.500010994.2598   19.5642
   -7.5000   22.5000  -37.500010269.7002   19.5494
    0.0000   22.5000  -37.500010664.3467   19.5545
    7.5000   22.5000  -37.500010203.3750   19.5715
   -7.5000   30.0000  -37.5000 9441.4072   19.2960
    0.0000   30.0000  -37.5000 9789.3184   19.3002
    7.5000   30.0000  -37.5000 9369.2275   19.3195
   -7.5000   37.5000  -37.5000 8989.9609   19.2851
    0.0000   37.5000  -37.5000 9326.9307   19.2900
    7.5000   37.5000  -37.5000 8914.4795   19.3175
   -7.5000   45.0000  -37.5000 8224.4658   18.7798
    0.0000   45.0000  -37.5000 8534.1641   18.7874
    7.5000   45.0000  -37.5000 8157.0742   18.8192
   -7.5000  -45.0000  -30.0000 8333.3174   20.2275
    0.0000  -45.0000  -30.0000 8714.0654   20.2482
    7.5000  -45.0000  -30.0000 8352.5508   20.2920
   -7.5000  -37.5000  -30.0000 8938.7266   20.1593
    0.0000  -37.5000  -30.0000 9367.7725   20.1765
    7.5000  -37.5000  -30.0000 8948.7139   20.2154
   -7.5000  -30.0000  -30.0000 9831.4395   20.1804
    0.0000  -30.0000  -30.000010299.7676   20.1923
    7.5000  -30.0000  -30.0000 9804.2266   20.2194
   -7.5000  -22.5000  -30.000010671.1484   20.2164
    0.0000  -22.5000  -30.000011215.3262   20.2282
    7.5000  -22.5000  -30.000010658.6631   20.2478
   -7.5000  -15.0000  -30.000011397.6523   20.2308
    0.0000  -15.0000  -30.000012051.4150   20.2471
    7.5000  -15.0000  -30.000011390.6396   20.2693
   -7.5000   -7.5000  -30.000012095.5303   20.2095
    0.0000   -7.5000  -30.000012753.4355   20.2291
    7.5000   -7.5000  -30.000012050.1484   20.2636
   -7.5000    0.0000  -30.000012722.6816   20.1739
    0.0000    0.0000  -30.000013341.8643   20.1943
    7.5000    0.0000  -30.000012635.1025   20.2378
   -7.5000    7.5000  -30.000012360.2930   20.1591
    0.0000    7.5000  -30.000012929.0771   20.1763
    7.5000    7.5000  -30.000012242.1494   20.2152
   -7.5000   15.0000  -30.000011879.4326   20.1804
    0.0000   15.0000  -30.000012413.3643   20.1923
    7.5000   15.0000  -30.000011765.2139   20.2194
   -7.5000   22.5000  -30.000011006.0166   20.2116
    0.0000   22.5000  -30.000011510.4297   20.2234
    7.5000   22.5000  -30.000010908.1055   20.2429
   -7.5000   30.0000  -30.000010068.8906   19.9631
    0.0000   30.0000  -30.000010542.0557   19.9792
    7.5000   30.0000  -30.0000 9986.3330   20.0011
   -7.5000   37.5000  -30.0000 9537.0537   19.9421
    0.0000   37.5000  -30.0000 9995.5723   19.9614
    7.5000   37.5000  -30.0000 9484.7090   19.9955
   -7.5000   45.0000  -30.0000 8710.1436   19.4138
    0.0000   45.0000  -30.0000 9100.0225   19.4335
    7.5000   45.0000  -30.0000 8651.0137   19.4753
   -7.5000  -45.0000  -22.5000 9032.5078   20.9381
    0.0000  -45.0000  -22.5000 9432.2266   20.9543
    7.5000  -45.0000  -22.5000 9024.9609   21.0004
   -7.5000  -37.5000  -22.5000 9668.7490   20.8579
    0.0000  -37.5000  -22.500010141.0635   20.8709
    7.5000  -37.5000  -22.5000 9648.5342   20.9110
   -7.5000  -30.0000  -22.500010629.2344   20.8760
    0.0000  -30.0000  -22.500011173.7627   20.8890
    7.5000  -30.0000  -22.500010569.7217   20.9175
   -7.5000  -22.5000  -22.500011558.4277   20.9212
    0.0000  -22.5000  -22.500012157.9355   20.9391
    7.5000  -22.5000  -22.500011496.0879   20.9615
   -7.5000  -15.0000  -22.500012337.3174   20.9472
    0.0000  -15.0000  -22.500013069.3350   20.9699
    7.5000  -15.0000  -22.500012268.3154   20.9963
   -7.5000   -7.5000  -22.500013055.8047   20.9268
    0.0000   -7.5000  -22.500013793.5186   20.9474
    7.5000   -7.5000  -22.500012946.0840   20.9858
   -7.5000    0.0000  -22.500013694.0332   20.8826
    0.0000    0.0000  -22.500014426.8516   20.8984
    7.5000    0.0000  -22.500013558.8066   20.9443
   -7.5000    7.5000  -22.500013243.8662   20.8578
    0.0000    7.5000  -22.500013950.8779   20.8707
    7.5000    7.5000  -22.500013105.7666   20.9108
   -7.5000   15.0000  -22.500012722.5674   20.8760
    0.0000   15.0000  -22.500013380.7598   20.8890
    7.5000   15.0000  -22.500012573.4512   20.9175
   -7.5000   22.5000  -22.500011785.9160   20.9148
    0.0000   22.5000  -22.500012421.6875   20.9326
    7.5000   22.5000  -22.500011664.8037   20.9551
   -7.5000   30.0000  -22.500010765.6758   20.6732
    0.0000   30.0000  -22.500011340.4971   20.6956
    7.5000   30.0000  -22.500010668.6660   20.7216
   -7.5000   37.5000  -22.500010190.0840   20.6531
    0.0000   37.5000  -22.500010736.3330   20.6734
    7.5000   37.5000  -22.500010099.6660   20.7113
   -7.5000   45.0000  -22.5000 9271.4707   20.1110
    0.0000   45.0000  -22.5000 9754.6748   20.1262
    7.5000   45.0000  -22.5000 9199.8398   20.1704
   -7.5000  -45.0000  -15.0000 9752.7441   21.4531
    0.0000  -45.0000  -15.000010189.7207   21.4534
    7.5000  -45.0000  -15.0000 9735.8604   21.4909
   -7.5000  -37.5000  -15.000010436.3945   21.3675
    0.0000  -37.5000  -15.000010943.5039   21.3692
    7.5000  -37.5000  -15.000010406.6074   21.3995
   -7.5000  -30.0000  -15.000011463.1758   21.3713
    0.0000  -30.0000  -15.000012057.2129   21.3814
    7.5000  -30.0000  -15.000011422.4736   21.4039
   -7.5000  -22.5000  -15.000012450.3740   21.4081
    0.0000  -22.5000  -15.000013132.1914   21.4263
    7.5000  -22.5000  -15.000012384.4121   21.4478
   -7.5000  -15.0000  -15.000013294.5059   21.4392
    0.0000  -15.0000  -15.000014084.9834   21.4576
    7.5000  -15.0000  -15.000013174.1357   21.4845
   -7.5000   -7.5000  -15.000014055.1973   21.4311
    0.0000   -7.5000  -15.000014799.7793   21.4399
    7.5000   -7.5000  -15.000013864.5068   21.4749
   -7.5000    0.0000  -15.000014695.1768   21.3961
    0.0000    0.0000  -15.000015454.7139   21.3963
    7.5000    0.0000  -15.000014509.1143   21.4336
   -7.5000    7.5000  -15.000014163.0898   21.3673
    0.0000    7.5000  -15.000014918.6436   21.3691
    7.5000    7.5000  -15.000014013.6035   21.3993
   -7.5000   15.0000  -15.000013569.0303   21.3713
    0.0000   15.0000  -15.000014279.2842   21.3814
    7.5000   15.0000  -15.000013403.5938   21.4039
   -7.5000   22.5000  -15.000012600.7607   21.4006
    0.0000   22.5000  -15.000013284.9160   21.4187
    7.5000   22.5000  -15.000012451.0459   21.4402
   -7.5000   30.0000  -15.000011540.9873   21.1617
    0.0000   30.0000  -15.000012193.3848   21.1799
    7.5000   30.0000  -15.000011407.7715   21.2065
   -7.5000   37.5000  -15.000010886.7412   21.1537
    0.0000   37.5000  -15.000011479.1875   21.1624
    7.5000   37.5000  -15.000010758.6221   21.1970
   -7.5000   45.0000  -15.0000 9866.7227   20.6180
    0.0000   45.0000  -15.000010382.9502   20.6181
    7.5000   45.0000  -15.0000 9745.6338   20.6541
   -7.5000  -45.0000   -7.500010517.2725   21.6803
    0.0000  -45.0000   -7.500010971.6162   21.6683
    7.5000  -45.0000   -7.500010467.1660   21.6944
   -7.5000  -37.5000   -7.500011261.1670   21.6019
    0.0000  -37.5000   -7.500011778.1846   21.5971
    7.5000  -37.5000   -7.500011207.6953   21.6178
   -7.5000  -30.0000   -7.500012395.6553   21.5966
    0.0000  -30.0000   -7.500013010.2061   21.6036
    7.5000  -30.0000   -7.500012348.6982   21.6207
   -7.5000  -22.5000   -7.500013434.6729   21.6155
    0.0000  -22.5000   -7.500014188.7988   21.6278
    7.5000  -22.5000   -7.500013358.3916   21.6460
   -7.5000  -15.0000   -7.500014314.3369   21.6376
    0.0000  -15.0000   -7.500015092.9502   21.6442
    7.5000  -15.0000   -7.500014125.5322   21.6662
   -7.5000   -7.5000   -7.500015095.6182   21.6397
    0.0000   -7.5000   -7.500015829.2070   21.6335
    7.5000   -7.5000   -7.500014867.3135   21.6599
   -7.5000    0.0000   -7.500015763.1797   21.6228
    0.0000    0.0000   -7.500016590.6816   21.6106
    7.5000    0.0000   -7.500015574.8828   21.6366
   -7.5000    7.5000   -7.500015201.0293   21.6017
    0.0000    7.5000   -7.500015989.7354   21.5969
    7.5000    7.5000   -7.500015036.1973   21.6176
   -7.5000   15.0000   -7.500014540.3496   21.5966
    0.0000   15.0000   -7.500015260.4199   21.6036
    7.5000   15.0000   -7.500014337.2246   21.6207
   -7.5000   22.5000   -7.500013505.4502   21.6055
    0.0000   22.5000   -7.500014187.9814   21.6178
    7.5000   22.5000   -7.500013305.3789   21.6360
   -7.5000   30.0000   -7.500012364.7998   21.3570
    0.0000   30.0000   -7.500013057.3799   21.3635
    7.5000   30.0000   -7.500012213.0293   21.3853
   -7.5000   37.5000   -7.500011687.9004   21.3591
    0.0000   37.5000   -7.500012319.5664   21.3530
    7.5000   37.5000   -7.500011500.8125   21.3790
   -7.5000   45.0000   -7.500010526.7285   20.8403
    0.0000   45.0000   -7.500011068.2275   20.8286
    7.5000   45.0000   -7.500010370.0791   20.8536
   -7.5000  -45.0000    0.000011164.6689   21.6923
    0.0000  -45.0000    0.000011643.8311   21.6845
    7.5000  -45.0000    0.000011134.9746   21.7098
   -7.5000  -37.5000    0.000011996.7588   21.6274
    0.0000  -37.5000    0.000012543.2969   21.6274
    7.5000  -37.5000    0.000011968.5840   21.6486
   -7.5000  -30.0000    0.000013277.0137   21.6269
    0.0000  -30.0000    0.000013976.8691   21.6340
    7.5000  -30.0000    0.000013252.9551   21.6515
   -7.5000  -22.5000    0.000014390.9814   21.6346
    0.0000  -22.5000    0.000015258.3164   21.6418
    7.5000  -22.5000    0.000014287.9287   21.6588
   -7.5000  -15.0000    0.000015258.1592   21.6417
    0.0000  -15.0000    0.000015988.2764   21.6421
    7.5000  -15.0000    0.000015014.4824   21.6614
   -7.5000   -7.5000    0.000016003.3926   21.6415
    0.0000   -7.5000    0.000016714.5078   21.6339
    7.5000   -7.5000    0.000015768.0771   21.6577
   -7.5000    0.0000    0.000016784.4004   21.6348
    0.0000    0.0000    0.000017588.7148   21.6268
    7.5000    0.0000    0.000016595.6738   21.6519
   -7.5000    7.5000    0.000016174.9932   21.6272
    0.0000    7.5000    0.000016984.1582   21.6272
    7.5000    7.5000    0.000015998.8994   21.6484
   -7.5000   15.0000    0.000015433.4004   21.6269
    0.0000   15.0000    0.000016171.2920   21.6340
    7.5000   15.0000    0.000015206.4463   21.6515
   -7.5000   22.5000    0.000014351.2012   21.6246
    0.0000   22.5000    0.000015028.4629   21.6318
    7.5000   22.5000    0.000014116.2900   21.6488
   -7.5000   30.0000    0.000013166.6738   21.3616
    0.0000   30.0000    0.000013834.5303   21.3620
    7.5000   30.0000    0.000012954.8887   21.3811
   -7.5000   37.5000    0.000012466.5938   21.3614
    0.0000   37.5000    0.000013090.2285   21.3540
    7.5000   37.5000    0.000012250.9512   21.3774
   -7.5000   45.0000    0.000011213.3340   20.8534
    0.0000   45.0000    0.000011761.6201   20.8457
    7.5000   45.0000    0.000011034.5547   20.8700
   -7.5000  -45.0000    7.500010968.1055   21.6859
    0.0000  -45.0000    7.500011436.3447   21.6973
    7.5000  -45.0000    7.500010925.3525   21.7340
   -7.5000  -37.5000    7.500011846.0703   21.6238
    0.0000  -37.5000    7.500012367.8711   21.6365
    7.5000  -37.5000    7.500011811.9004   21.6682
   -7.5000  -30.0000    7.500013244.2109   21.6374
    0.0000  -30.0000    7.500013978.9863   21.6479
    7.5000  -30.0000    7.500013165.0205   21.6709
   -7.5000  -22.5000    7.500014495.5635   21.6548
    0.0000  -22.5000    7.500015375.7588   21.6631
    7.5000  -22.5000    7.500014312.6299   21.6816
   -7.5000  -15.0000    7.500015181.0811   21.6585
    0.0000  -15.0000    7.500015812.2148   21.6661
    7.5000  -15.0000    7.500014949.9629   21.6874
   -7.5000   -7.5000    7.500015767.0166   21.6459
    0.0000   -7.5000    7.500016318.6035   21.6541
    7.5000   -7.5000    7.500015581.6719   21.6846
   -7.5000    0.0000    7.500016566.4648   21.6285
    0.0000    0.0000    7.500017201.2070   21.6395
    7.5000    0.0000    7.500016377.5137   21.6760
   -7.5000    7.5000    7.500016010.7324   21.6236
    0.0000    7.5000    7.500016663.8105   21.6363
    7.5000    7.5000    7.500015844.5000   21.6680
   -7.5000   15.0000    7.500015245.2910   21.6374
    0.0000   15.0000    7.500015854.9482   21.6479
    7.5000   15.0000    7.500015051.9990   21.6709
   -7.5000   22.5000    7.500014205.5068   21.6448
    0.0000   22.5000    7.500014800.5020   21.6531
    7.5000   22.5000    7.500013998.8496   21.6716
   -7.5000   30.0000    7.500013081.3389   21.3782
    0.0000   30.0000    7.500013679.9531   21.3857
    7.5000   30.0000    7.500012866.5449   21.4067
   -7.5000   37.5000    7.500012407.7383   21.3657
    0.0000   37.5000    7.500012978.2246   21.3738
    7.5000   37.5000    7.500012165.5439   21.4040
   -7.5000   45.0000    7.500011148.1914   20.8473
    0.0000   45.0000    7.500011684.0205   20.8580
    7.5000   45.0000    7.500010935.2021   20.8932
   -7.5000  -45.0000   15.000010534.0527   21.7058
    0.0000  -45.0000   15.000011002.3018   21.7292
    7.5000  -45.0000   15.000010493.5898   21.7767
   -7.5000  -37.5000   15.000011396.9893   21.6336
    0.0000  -37.5000   15.000011924.3564   21.6531
    7.5000  -37.5000   15.000011331.5273   21.6953
   -7.5000  -30.0000   15.000012907.7793   21.6569
    0.0000  -30.0000   15.000013750.3711   21.6707
    7.5000  -30.0000   15.000012725.0156   21.7002
   -7.5000  -22.5000   15.000014404.5146   21.6952
    0.0000  -22.5000   15.000015199.3115   21.7088
    7.5000  -22.5000   15.000014084.0967   21.7303
   -7.5000  -15.0000   15.000015105.4365   21.7097
    0.0000  -15.0000   15.000015523.8262   21.7282
    7.5000  -15.0000   15.000014857.6738   21.7526
   -7.5000   -7.5000   15.000015621.4287   21.6863
    0.0000   -7.5000   15.000015853.6318   21.7084
    7.5000   -7.5000   15.000015448.2725   21.7460
   -7.5000    0.0000   15.000016333.1465   21.6483
    0.0000    0.0000   15.000016621.7188   21.6713
    7.5000    0.0000   15.000016164.7930   21.7185
   -7.5000    7.5000   15.000015786.7529   21.6334
    0.0000    7.5000   15.000016201.4453   21.6529
    7.5000    7.5000   15.000015626.0020   21.6951
   -7.5000   15.0000   15.000015023.6494   21.6569
    0.0000   15.0000   15.000015505.6807   21.6707
    7.5000   15.0000   15.000014772.1816   21.7002
   -7.5000   22.5000   15.000013959.4336   21.6852
    0.0000   22.5000   15.000014545.7490   21.6988
    7.5000   22.5000   15.000013679.9414   21.7203
   -7.5000   30.0000   15.000012787.5771   21.4288
    0.0000   30.0000   15.000013410.9453   21.4470
    7.5000   30.0000   15.000012497.1631   21.4711
   -7.5000   37.5000   15.000012083.2109   21.4056
    0.0000   37.5000   15.000012669.0352   21.4275
    7.5000   37.5000   15.000011812.1455   21.4646
   -7.5000   45.0000   15.000010857.9170   20.8665
    0.0000   45.0000   15.000011401.1211   20.8887
    7.5000   45.0000   15.000010627.5186   20.9341
   -7.5000  -45.0000   22.500010049.9971   21.7369
    0.0000  -45.0000   22.500010473.5674   21.7537
    7.5000  -45.0000   22.500010026.6934   21.8017
   -7.5000  -37.5000   22.500010846.3340   21.6536
    0.0000  -37.5000   22.500011340.6143   21.6672
    7.5000  -37.5000   22.500010778.7363   21.7088
   -7.5000  -30.0000   22.500012180.2344   21.6723
    0.0000  -30.0000   22.500012840.4541   21.6859
    7.5000  -30.0000   22.500012080.7070   21.7156
   -7.5000  -22.5000   22.500013423.7666   21.7193
    0.0000  -22.5000   22.500014037.6094   21.7379
    7.5000  -22.5000   22.500013314.6963   21.7612
   -7.5000  -15.0000   22.500014428.9658   21.7463
    0.0000  -15.0000   22.500014852.2617   21.7699
    7.5000  -15.0000   22.500014236.6162   21.7973
   -7.5000   -7.5000   22.500015324.5039   21.7251
    0.0000   -7.5000   22.500015675.7852   21.7466
    7.5000   -7.5000   22.500015078.7148   21.7865
   -7.5000    0.0000   22.500016062.6104   21.6792
    0.0000    0.0000   22.500016467.4688   21.6957
    7.5000    0.0000   22.500015766.7461   21.7434
   -7.5000    7.5000   22.500015382.2393   21.6534
    0.0000    7.5000   22.500015836.9404   21.6670
    7.5000    7.5000   22.500015071.5400   21.7086
   -7.5000   15.0000   22.500014449.7939   21.6723
    0.0000   15.0000   22.500014941.5645   21.6859
    7.5000   15.0000   22.500014117.9922   21.7156
   -7.5000   22.5000   22.500013353.7451   21.7093
    0.0000   22.5000   22.500013890.6914   21.7279
    7.5000   22.5000   22.500013049.8984   21.7512
   -7.5000   30.0000   22.500012243.8271   21.4649
    0.0000   30.0000   22.500012792.4629   21.4882
    7.5000   30.0000   22.500011968.8232   21.5152
   -7.5000   37.5000   22.500011555.5928   21.4440
    0.0000   37.5000   22.500012105.5059   21.4651
    7.5000   37.5000   22.500011305.8809   21.5045
   -7.5000   45.0000   22.500010393.7148   20.8963
    0.0000   45.0000   22.500010963.0488   20.9122
    7.5000   45.0000   22.500010192.4863   20.9582
   -7.5000  -45.0000   30.0000 9427.9287   21.7923
    0.0000  -45.0000   30.0000 9813.9717   21.7935
    7.5000  -45.0000   30.0000 9412.5459   21.8322
   -7.5000  -37.5000   30.000010106.4141   21.7053
    0.0000  -37.5000   30.000010617.4736   21.7079
    7.5000  -37.5000   30.000010100.8408   21.7392
   -7.5000  -30.0000   30.000011217.4609   21.7092
    0.0000  -30.0000   30.000011827.0508   21.7203
    7.5000  -30.0000   30.000011246.8906   21.7437
   -7.5000  -22.5000   30.000012295.0420   21.7466
    0.0000  -22.5000   30.000012888.1621   21.7659
    7.5000  -22.5000   30.000012297.3408   21.7883
   -7.5000  -15.0000   30.000013310.9189   21.7781
    0.0000  -15.0000   30.000013907.8594   21.7977
    7.5000  -15.0000   30.000013178.4971   21.8256
   -7.5000   -7.5000   30.000014355.9932   21.7699
    0.0000   -7.5000   30.000014969.4268   21.7797
    7.5000   -7.5000   30.000014059.8789   21.8158
   -7.5000    0.0000   30.000015159.3975   21.7343
    0.0000    0.0000   30.000015812.8799   21.7353
    7.5000    0.0000   30.000014790.3486   21.7738
   -7.5000    7.5000   30.000014455.5703   21.7051
    0.0000    7.5000   30.000015060.5850   21.7077
    7.5000    7.5000   30.000014118.5166   21.7390
   -7.5000   15.0000   30.000013476.1768   21.7092
    0.0000   15.0000   30.000014053.0195   21.7203
    7.5000   15.0000   30.000013178.0039   21.7437
   -7.5000   22.5000   30.000012433.9346   21.7366
    0.0000   22.5000   30.000012987.1270   21.7559
    7.5000   22.5000   30.000012183.9268   21.7783
   -7.5000   30.0000   30.000011421.6602   21.4962
    0.0000   30.0000   30.000011949.1709   21.5156
    7.5000   30.0000   30.000011223.3096   21.5431
   -7.5000   37.5000   30.000010793.8223   21.4881
    0.0000   37.5000   30.000011281.2432   21.4978
    7.5000   37.5000   30.000010604.5654   21.5335
   -7.5000   45.0000   30.0000 9771.0801   20.9494
    0.0000   45.0000   30.000010220.0635   20.9503
    7.5000   45.0000   30.0000 9585.7373   20.9874
   -7.5000  -45.0000   37.5000 9126.9355   21.8926
    0.0000  -45.0000   37.5000 9599.7930   21.8817
    7.5000  -45.0000   37.5000 9090.8633   21.9095
   -7.5000  -37.5000   37.5000 9784.8457   21.8129
    0.0000  -37.5000   37.500010334.0576   21.8093
    7.5000  -37.5000   37.5000 9760.8867   21.8317
   -7.5000  -30.0000   37.500010819.5986   21.8070
    0.0000  -30.0000   37.500011375.6152   21.8154
    7.5000  -30.0000   37.500010795.9082   21.8340
   -7.5000  -22.5000   37.500011764.4414   21.8255
    0.0000  -22.5000   37.500012259.1963   21.8393
    7.5000  -22.5000   37.500011698.4473   21.8590
   -7.5000  -15.0000   37.500012639.9102   21.8477
    0.0000  -15.0000   37.500013129.8359   21.8557
    7.5000  -15.0000   37.500012497.3193   21.8793
   -7.5000   -7.5000   37.500013556.6211   21.8505
    0.0000   -7.5000   37.500014081.5039   21.8455
    7.5000   -7.5000   37.500013369.8447   21.8736
   -7.5000    0.0000   37.500014336.8115   21.8340
    0.0000    0.0000   37.500014860.5879   21.8230
    7.5000    0.0000   37.500014122.8184   21.8507
   -7.5000    7.5000   37.500013752.3232   21.8127
    0.0000    7.5000   37.500014276.0000   21.8091
    7.5000    7.5000   37.500013539.0449   21.8315
   -7.5000   15.0000   37.500012860.3193   21.8070
    0.0000   15.0000   37.500013377.5928   21.8154
    7.5000   15.0000   37.500012644.7471   21.8340
   -7.5000   22.5000   37.500011923.7578   21.8154
    0.0000   22.5000   37.500012419.1191   21.8292
    7.5000   22.5000   37.500011713.4512   21.8489
   -7.5000   30.0000   37.500010946.9395   21.5649
    0.0000   30.0000   37.500011414.2139   21.5728
    7.5000   30.0000   37.500010785.7686   21.5961
   -7.5000   37.5000   37.500010347.9834   21.5677
    0.0000   37.5000   37.500010800.4990   21.5628
    7.5000   37.5000   37.500010186.0410   21.5905
   -7.5000   45.0000   37.5000 9349.4014   21.0455
    0.0000   45.0000   37.5000 9777.4121   21.0348
    7.5000   45.0000   37.5000 9225.4658   21.0616
   -7.5000  -45.0000   45.0000 8540.0723   22.1595
    0.0000  -45.0000   45.0000 8991.7461   22.1526
    7.5000  -45.0000   45.0000 8487.7266   22.1806
   -7.5000  -37.5000   45.0000 9107.5078   22.0924
    0.0000  -37.5000   45.0000 9587.5771   22.0935
    7.5000  -37.5000   45.0000 9074.8486   22.1173
   -7.5000  -30.0000   45.0000 9970.3955   22.0910
    0.0000  -30.0000   45.000010447.7539   22.0996
    7.5000  -30.0000   45.0000 9935.4482   22.1193
   -7.5000  -22.5000   45.000010767.9658   22.0967
    0.0000  -22.5000   45.000011221.4893   22.1055
    7.5000  -22.5000   45.000010729.3730   22.1245
   -7.5000  -15.0000   45.000011508.4902   22.1027
    0.0000  -15.0000   45.000011977.8955   22.1045
    7.5000  -15.0000   45.000011454.8018   22.1258
   -7.5000   -7.5000   45.000012297.1650   22.1037
    0.0000   -7.5000   45.000012773.6289   22.0972
    7.5000   -7.5000   45.000012215.7305   22.1234
   -7.5000    0.0000   45.000013010.8037   22.0991
    0.0000    0.0000   45.000013504.4727   22.0919
    7.5000    0.0000   45.000012929.4971   22.1198
   -7.5000    7.5000   45.000012578.8896   22.0922
    0.0000    7.5000   45.000013079.5459   22.0933
    7.5000    7.5000   45.000012478.9688   22.1172
   -7.5000   15.0000   45.000011823.9629   22.0910
    0.0000   15.0000   45.000012319.3564   22.0996
    7.5000   15.0000   45.000011704.9385   22.1193
   -7.5000   22.5000   45.000010982.1396   22.0865
    0.0000   22.5000   45.000011450.3242   22.0953
    7.5000   22.5000   45.000010852.7979   22.1143
   -7.5000   30.0000   45.000010074.2002   21.8148
    0.0000   30.0000   45.000010502.6553   21.8165
    7.5000   30.0000   45.0000 9935.0547   21.8376
   -7.5000   37.5000   45.0000 9510.6992   21.8158
    0.0000   37.5000   45.0000 9908.7461   21.8093
    7.5000   37.5000   45.0000 9366.6494   21.8352
   -7.5000   45.0000   45.0000 8596.4814   21.3106
    0.0000   45.0000   45.0000 8946.1973   21.3037
    7.5000   45.0000   45.0000 8494.9951   21.3306

---------------------------------------------------------------------
imgreg_4dfp /opt/freesurfer/average/711-2C_as_mni_average_305 /opt/freesurfer/average/711-2B_as_mni_average_305_mask talsrcimg_g11 none talsrcimg_to_711-2C_as_mni_average_305_t4 4355
---------------------------------------------------------------------

freesurfer imgreg_4dfp.c
/opt/freesurfer/average/711-2C_as_mni_average_305.4dfp.img
       256       256       256         1
  1.000000  1.000000  1.000000
orientation T byte_order littleendian
Reading image: /opt/freesurfer/average/711-2C_as_mni_average_305.4dfp.img
dimensions:      256       256       256
mmppix:       1.0000   -1.0000   -1.0000
center:     128.0000 -129.0000 -129.0000
/opt/freesurfer/average/711-2B_as_mni_average_305_mask.4dfp.img
       256       256       256         1
  1.000000  1.000000  1.000000
orientation T byte_order littleendian
Reading mask: /opt/freesurfer/average/711-2B_as_mni_average_305_mask.4dfp.img (2306576 pixels)
talsrcimg_g11.4dfp.img
       256       256       256         1
  1.000000  1.000000  1.000000
orientation T byte_order littleendian
Reading image: talsrcimg_g11.4dfp.img
dimensions:      256       256       256
mmppix:       1.0000   -1.0000   -1.0000
center:     128.0000 -129.0000 -129.0000
rotation matrix determinant  1.000000
image alignment mode   4355 decimal     1103 hex
   -7.5000  -45.0000  -45.0000 2010.7052   26.5574
    0.0000  -45.0000  -45.0000 2019.0509   26.2219
    7.5000  -45.0000  -45.0000 2014.1934   26.4241
   -7.5000  -37.5000  -45.0000 2083.9043   24.7105
    0.0000  -37.5000  -45.0000 2090.7590   24.4208
    7.5000  -37.5000  -45.0000 2087.5471   24.5414
   -7.5000  -30.0000  -45.0000 2129.1885   23.3323
    0.0000  -30.0000  -45.0000 2140.5920   23.0174
    7.5000  -30.0000  -45.0000 2129.5247   23.1209
   -7.5000  -22.5000  -45.0000 2157.2292   22.3107
    0.0000  -22.5000  -45.0000 2165.0291   21.9044
    7.5000  -22.5000  -45.0000 2157.2917   22.0801
   -7.5000  -15.0000  -45.0000 2172.9993   21.6991
    0.0000  -15.0000  -45.0000 2177.6873   21.2253
    7.5000  -15.0000  -45.0000 2168.5786   21.4276
   -7.5000   -7.5000  -45.0000 2169.7551   21.5275
    0.0000   -7.5000  -45.0000 2181.3860   21.0995
    7.5000   -7.5000  -45.0000 2166.3718   21.2665
   -7.5000    0.0000  -45.0000 2157.1035   21.6717
    0.0000    0.0000  -45.0000 2161.4553   21.2219
    7.5000    0.0000  -45.0000 2156.6599   21.3930
   -7.5000    7.5000  -45.0000 2127.2898   22.1698
    0.0000    7.5000  -45.0000 2136.0049   21.6835
    7.5000    7.5000  -45.0000 2131.5403   21.8701
   -7.5000   15.0000  -45.0000 2092.5801   22.8919
    0.0000   15.0000  -45.0000 2101.5061   22.4178
    7.5000   15.0000  -45.0000 2089.9919   22.5794
   -7.5000   22.5000  -45.0000 2041.4501   23.9717
    0.0000   22.5000  -45.0000 2048.7188   23.4469
    7.5000   22.5000  -45.0000 2036.2094   23.7126
   -7.5000   30.0000  -45.0000 1969.4417   25.5554
    0.0000   30.0000  -45.0000 1975.6865   24.9929
    7.5000   30.0000  -45.0000 1969.0128   25.3457
   -7.5000   37.5000  -45.0000 1885.6010   27.7867
    0.0000   37.5000  -45.0000 1893.1976   27.1762
    7.5000   37.5000  -45.0000 1888.7706   27.5617
   -7.5000   45.0000  -45.0000 1779.7329   30.6719
    0.0000   45.0000  -45.0000 1795.9143   30.0581
    7.5000   45.0000  -45.0000 1786.1704   30.4196
   -7.5000  -45.0000  -37.5000 2103.1553   24.5988
    0.0000  -45.0000  -37.5000 2115.0156   24.3145
    7.5000  -45.0000  -37.5000 2110.0488   24.4993
   -7.5000  -37.5000  -37.5000 2182.7654   22.8945
    0.0000  -37.5000  -37.5000 2196.0864   22.7255
    7.5000  -37.5000  -37.5000 2196.1965   22.8110
   -7.5000  -30.0000  -37.5000 2225.2986   21.5704
    0.0000  -30.0000  -37.5000 2240.1470   21.3984
    7.5000  -30.0000  -37.5000 2240.5112   21.4726
   -7.5000  -22.5000  -37.5000 2249.9087   20.6334
    0.0000  -22.5000  -37.5000 2259.4932   20.4223
    7.5000  -22.5000  -37.5000 2259.3518   20.4897
   -7.5000  -15.0000  -37.5000 2262.3037   20.0342
    0.0000  -15.0000  -37.5000 2274.4009   19.8074
    7.5000  -15.0000  -37.5000 2272.1770   19.9145
   -7.5000   -7.5000  -37.5000 2266.8369   19.8443
    0.0000   -7.5000  -37.5000 2287.7795   19.6347
    7.5000   -7.5000  -37.5000 2271.0886   19.6780
   -7.5000    0.0000  -37.5000 2259.5081   19.8788
    0.0000    0.0000  -37.5000 2271.7954   19.5702
    7.5000    0.0000  -37.5000 2256.9287   19.6531
   -7.5000    7.5000  -37.5000 2239.0374   20.2547
    0.0000    7.5000  -37.5000 2254.4624   19.9034
    7.5000    7.5000  -37.5000 2235.5122   19.9481
   -7.5000   15.0000  -37.5000 2206.3826   20.9705
    0.0000   15.0000  -37.5000 2221.4094   20.6311
    7.5000   15.0000  -37.5000 2207.0947   20.6737
   -7.5000   22.5000  -37.5000 2157.2854   22.0814
    0.0000   22.5000  -37.5000 2171.2056   21.7514
    7.5000   22.5000  -37.5000 2159.3489   21.9061
   -7.5000   30.0000  -37.5000 2080.2158   23.6623
    0.0000   30.0000  -37.5000 2087.1973   23.2075
    7.5000   30.0000  -37.5000 2081.4712   23.4869
   -7.5000   37.5000  -37.5000 1983.8898   25.7912
    0.0000   37.5000  -37.5000 1990.1360   25.2008
    7.5000   37.5000  -37.5000 1981.7592   25.5176
   -7.5000   45.0000  -37.5000 1873.6969   28.5322
    0.0000   45.0000  -37.5000 1879.5018   27.8821
    7.5000   45.0000  -37.5000 1870.2860   28.2355
   -7.5000  -45.0000  -30.0000 2231.6716   23.6544
    0.0000  -45.0000  -30.0000 2248.9180   23.4810
    7.5000  -45.0000  -30.0000 2243.4082   23.5555
   -7.5000  -37.5000  -30.0000 2318.5652   21.8316
    0.0000  -37.5000  -30.0000 2335.5698   21.7466
    7.5000  -37.5000  -30.0000 2328.6248   21.8208
   -7.5000  -30.0000  -30.0000 2367.4875   20.6633
    0.0000  -30.0000  -30.0000 2381.6897   20.5873
    7.5000  -30.0000  -30.0000 2369.4985   20.5814
   -7.5000  -22.5000  -30.0000 2387.9915   19.7283
    0.0000  -22.5000  -30.0000 2410.3750   19.6933
    7.5000  -22.5000  -30.0000 2395.1794   19.6585
   -7.5000  -15.0000  -30.0000 2397.7192   19.1283
    0.0000  -15.0000  -30.0000 2424.6248   19.0568
    7.5000  -15.0000  -30.0000 2403.1912   19.0448
   -7.5000   -7.5000  -30.0000 2402.1191   18.8613
    0.0000   -7.5000  -30.0000 2428.9038   18.7598
    7.5000   -7.5000  -30.0000 2402.8057   18.7271
   -7.5000    0.0000  -30.0000 2394.4893   18.8130
    0.0000    0.0000  -30.0000 2415.3057   18.6412
    7.5000    0.0000  -30.0000 2392.2688   18.6422
   -7.5000    7.5000  -30.0000 2386.0383   19.1835
    0.0000    7.5000  -30.0000 2409.9717   18.9815
    7.5000    7.5000  -30.0000 2384.8389   18.9764
   -7.5000   15.0000  -30.0000 2353.8586   19.9751
    0.0000   15.0000  -30.0000 2374.7437   19.7617
    7.5000   15.0000  -30.0000 2358.1238   19.7778
   -7.5000   22.5000  -30.0000 2296.5122   21.1575
    0.0000   22.5000  -30.0000 2318.3535   20.9467
    7.5000   22.5000  -30.0000 2301.4641   21.0053
   -7.5000   30.0000  -30.0000 2213.7583   22.7871
    0.0000   30.0000  -30.0000 2229.2219   22.4679
    7.5000   30.0000  -30.0000 2213.2834   22.6081
   -7.5000   37.5000  -30.0000 2106.2468   24.7856
    0.0000   37.5000  -30.0000 2122.5144   24.4276
    7.5000   37.5000  -30.0000 2106.3223   24.6042
   -7.5000   45.0000  -30.0000 1981.4329   27.3950
    0.0000   45.0000  -30.0000 1993.2567   26.9734
    7.5000   45.0000  -30.0000 1980.4349   27.2341
   -7.5000  -45.0000  -22.5000 2341.1641   22.6209
    0.0000  -45.0000  -22.5000 2353.5654   22.5446
    7.5000  -45.0000  -22.5000 2346.1851   22.5206
   -7.5000  -37.5000  -22.5000 2418.6997   20.7491
    0.0000  -37.5000  -22.5000 2441.7969   20.7154
    7.5000  -37.5000  -22.5000 2422.6055   20.6798
   -7.5000  -30.0000  -22.5000 2470.8967   19.5051
    0.0000  -30.0000  -22.5000 2491.4575   19.4630
    7.5000  -30.0000  -22.5000 2470.3713   19.4274
   -7.5000  -22.5000  -22.5000 2507.3682   18.6418
    0.0000  -22.5000  -22.5000 2527.7170   18.6505
    7.5000  -22.5000  -22.5000 2503.6990   18.5942
   -7.5000  -15.0000  -22.5000 2516.9248   18.0278
    0.0000  -15.0000  -22.5000 2545.8928   18.0601
    7.5000  -15.0000  -22.5000 2513.9915   17.9532
   -7.5000   -7.5000  -22.5000 2526.9583   17.7696
    0.0000   -7.5000  -22.5000 2553.0737   17.7737
    7.5000   -7.5000  -22.5000 2524.4263   17.6899
   -7.5000    0.0000  -22.5000 2520.0662   17.7520
    0.0000    0.0000  -22.5000 2546.3977   17.6518
    7.5000    0.0000  -22.5000 2517.8345   17.6218
   -7.5000    7.5000  -22.5000 2505.5039   18.1185
    0.0000    7.5000  -22.5000 2538.1902   18.0084
    7.5000    7.5000  -22.5000 2503.6594   17.9775
   -7.5000   15.0000  -22.5000 2470.8760   18.8860
    0.0000   15.0000  -22.5000 2498.9751   18.8200
    7.5000   15.0000  -22.5000 2467.7708   18.7945
   -7.5000   22.5000  -22.5000 2409.2622   20.0652
    0.0000   22.5000  -22.5000 2438.9846   19.9895
    7.5000   22.5000  -22.5000 2408.1406   19.9812
   -7.5000   30.0000  -22.5000 2315.4070   21.6157
    0.0000   30.0000  -22.5000 2336.1130   21.4599
    7.5000   30.0000  -22.5000 2313.8870   21.4837
   -7.5000   37.5000  -22.5000 2203.4297   23.5639
    0.0000   37.5000  -22.5000 2219.3081   23.3203
    7.5000   37.5000  -22.5000 2198.3416   23.4164
   -7.5000   45.0000  -22.5000 2074.3872   26.0679
    0.0000   45.0000  -22.5000 2089.8396   25.7258
    7.5000   45.0000  -22.5000 2072.6609   25.9670
   -7.5000  -45.0000  -15.0000 2406.3071   21.5440
    0.0000  -45.0000  -15.0000 2419.3232   21.4826
    7.5000  -45.0000  -15.0000 2401.0505   21.4145
   -7.5000  -37.5000  -15.0000 2495.8022   19.7811
    0.0000  -37.5000  -15.0000 2518.0044   19.7512
    7.5000  -37.5000  -15.0000 2493.7954   19.6548
   -7.5000  -30.0000  -15.0000 2540.1631   18.4719
    0.0000  -30.0000  -15.0000 2560.8674   18.4314
    7.5000  -30.0000  -15.0000 2538.1116   18.3458
   -7.5000  -22.5000  -15.0000 2585.4517   17.5878
    0.0000  -22.5000  -15.0000 2607.3386   17.5665
    7.5000  -22.5000  -15.0000 2578.0571   17.4800
   -7.5000  -15.0000  -15.0000 2607.8130   16.9594
    0.0000  -15.0000  -15.0000 2635.7292   16.9971
    7.5000  -15.0000  -15.0000 2597.4375   16.8903
   -7.5000   -7.5000  -15.0000 2619.6694   16.6874
    0.0000   -7.5000  -15.0000 2640.7236   16.7030
    7.5000   -7.5000  -15.0000 2609.3091   16.6078
   -7.5000    0.0000  -15.0000 2610.9373   16.7356
    0.0000    0.0000  -15.0000 2637.2134   16.6615
    7.5000    0.0000  -15.0000 2603.6848   16.6290
   -7.5000    7.5000  -15.0000 2595.3547   17.1358
    0.0000    7.5000  -15.0000 2624.9751   17.0674
    7.5000    7.5000  -15.0000 2593.4258   17.0394
   -7.5000   15.0000  -15.0000 2552.4192   17.8740
    0.0000   15.0000  -15.0000 2580.2344   17.8486
    7.5000   15.0000  -15.0000 2546.0090   17.7955
   -7.5000   22.5000  -15.0000 2488.4275   19.0014
    0.0000   22.5000  -15.0000 2516.0459   18.9437
    7.5000   22.5000  -15.0000 2481.1953   18.9032
   -7.5000   30.0000  -15.0000 2395.3901   20.5036
    0.0000   30.0000  -15.0000 2418.8311   20.3877
    7.5000   30.0000  -15.0000 2388.3274   20.3896
   -7.5000   37.5000  -15.0000 2268.5571   22.3624
    0.0000   37.5000  -15.0000 2282.8552   22.1936
    7.5000   37.5000  -15.0000 2263.4463   22.2706
   -7.5000   45.0000  -15.0000 2127.3301   24.7388
    0.0000   45.0000  -15.0000 2132.7798   24.4911
    7.5000   45.0000  -15.0000 2123.7546   24.6073
   -7.5000  -45.0000   -7.5000 2453.8535   20.6118
    0.0000  -45.0000   -7.5000 2467.7556   20.4765
    7.5000  -45.0000   -7.5000 2448.0093   20.4821
   -7.5000  -37.5000   -7.5000 2550.3970   18.8592
    0.0000  -37.5000   -7.5000 2570.4194   18.7527
    7.5000  -37.5000   -7.5000 2542.2014   18.7223
   -7.5000  -30.0000   -7.5000 2611.4988   17.5823
    0.0000  -30.0000   -7.5000 2630.0754   17.5423
    7.5000  -30.0000   -7.5000 2604.0698   17.4509
   -7.5000  -22.5000   -7.5000 2653.0918   16.6047
    0.0000  -22.5000   -7.5000 2668.9729   16.5776
    7.5000  -22.5000   -7.5000 2640.9543   16.5234
   -7.5000  -15.0000   -7.5000 2674.9602   15.9261
    0.0000  -15.0000   -7.5000 2701.0903   15.9615
    7.5000  -15.0000   -7.5000 2658.0369   15.8542
   -7.5000   -7.5000   -7.5000 2689.8091   15.6548
    0.0000   -7.5000   -7.5000 2708.0261   15.5957
    7.5000   -7.5000   -7.5000 2677.5156   15.6004
   -7.5000    0.0000   -7.5000 2683.9941   15.7827
    0.0000    0.0000   -7.5000 2710.8228   15.6949
    7.5000    0.0000   -7.5000 2681.3113   15.6997
   -7.5000    7.5000   -7.5000 2668.9592   16.2293
    0.0000    7.5000   -7.5000 2696.7859   16.1494
    7.5000    7.5000   -7.5000 2666.0269   16.1705
   -7.5000   15.0000   -7.5000 2623.3779   16.9852
    0.0000   15.0000   -7.5000 2647.2427   16.8923
    7.5000   15.0000   -7.5000 2619.0679   16.9249
   -7.5000   22.5000   -7.5000 2557.4490   18.0397
    0.0000   22.5000   -7.5000 2576.9355   17.9617
    7.5000   22.5000   -7.5000 2548.3552   17.9574
   -7.5000   30.0000   -7.5000 2451.2544   19.5045
    0.0000   30.0000   -7.5000 2477.1672   19.4320
    7.5000   30.0000   -7.5000 2444.0264   19.4165
   -7.5000   37.5000   -7.5000 2324.4402   21.3661
    0.0000   37.5000   -7.5000 2340.8394   21.2511
    7.5000   37.5000   -7.5000 2311.5386   21.2167
   -7.5000   45.0000   -7.5000 2167.5981   23.6734
    0.0000   45.0000   -7.5000 2176.9956   23.4890
    7.5000   45.0000   -7.5000 2160.6436   23.4750
   -7.5000  -45.0000    0.0000 2478.8306   20.0064
    0.0000  -45.0000    0.0000 2493.9583   19.8474
    7.5000  -45.0000    0.0000 2483.4673   19.9413
   -7.5000  -37.5000    0.0000 2585.7476   18.2400
    0.0000  -37.5000    0.0000 2608.3555   18.1227
    7.5000  -37.5000    0.0000 2588.6055   18.1917
   -7.5000  -30.0000    0.0000 2660.3215   16.9403
    0.0000  -30.0000    0.0000 2682.1265   16.8502
    7.5000  -30.0000    0.0000 2662.1189   16.8590
   -7.5000  -22.5000    0.0000 2701.7000   15.9344
    0.0000  -22.5000    0.0000 2729.4141   15.9018
    7.5000  -22.5000    0.0000 2697.0176   15.8636
   -7.5000  -15.0000    0.0000 2721.3188   15.1533
    0.0000  -15.0000    0.0000 2743.1025   15.0962
    7.5000  -15.0000    0.0000 2702.6389   15.1119
   -7.5000   -7.5000    0.0000 2738.9065   14.8260
    0.0000   -7.5000    0.0000 2752.4912   14.6824
    7.5000   -7.5000    0.0000 2727.8247   14.8086
   -7.5000    0.0000    0.0000 2741.6284   15.0369
    0.0000    0.0000    0.0000 2765.9841   14.9056
    7.5000    0.0000    0.0000 2744.5654   14.9910
   -7.5000    7.5000    0.0000 2723.6042   15.5264
    0.0000    7.5000    0.0000 2749.6995   15.4045
    7.5000    7.5000    0.0000 2730.4531   15.4974
   -7.5000   15.0000    0.0000 2670.1936   16.2945
    0.0000   15.0000    0.0000 2693.2927   16.1711
    7.5000   15.0000    0.0000 2672.3577   16.2411
   -7.5000   22.5000    0.0000 2599.7742   17.4280
    0.0000   22.5000    0.0000 2612.6277   17.3195
    7.5000   22.5000    0.0000 2594.4390   17.3638
   -7.5000   30.0000    0.0000 2491.2676   18.9082
    0.0000   30.0000    0.0000 2508.2876   18.7720
    7.5000   30.0000    0.0000 2483.5029   18.8135
   -7.5000   37.5000    0.0000 2366.6672   20.7101
    0.0000   37.5000    0.0000 2379.4104   20.5631
    7.5000   37.5000    0.0000 2358.6057   20.6098
   -7.5000   45.0000    0.0000 2202.4851   22.9823
    0.0000   45.0000    0.0000 2213.7183   22.7997
    7.5000   45.0000    0.0000 2199.5034   22.8561
   -7.5000  -45.0000    7.5000 2511.4189   19.7544
    0.0000  -45.0000    7.5000 2532.2695   19.5364
    7.5000  -45.0000    7.5000 2510.9053   19.7273
   -7.5000  -37.5000    7.5000 2620.4443   18.0569
    0.0000  -37.5000    7.5000 2643.4016   17.8304
    7.5000  -37.5000    7.5000 2625.0947   17.9810
   -7.5000  -30.0000    7.5000 2706.3140   16.7425
    0.0000  -30.0000    7.5000 2729.3967   16.5660
    7.5000  -30.0000    7.5000 2707.4910   16.6315
   -7.5000  -22.5000    7.5000 2764.8096   15.7433
    0.0000  -22.5000    7.5000 2795.0679   15.6300
    7.5000  -22.5000    7.5000 2761.4482   15.5935
   -7.5000  -15.0000    7.5000 2769.8450   14.7897
    0.0000  -15.0000    7.5000 2789.2341   14.5527
    7.5000  -15.0000    7.5000 2763.1973   14.7894
   -7.5000   -7.5000    7.5000 2779.0337   14.3092
    0.0000   -7.5000    7.5000 2786.8679   14.0048
    7.5000   -7.5000    7.5000 2772.8994   14.3436
   -7.5000    0.0000    7.5000 2782.8896   14.5225
    0.0000    0.0000    7.5000 2792.2009   14.2738
    7.5000    0.0000    7.5000 2783.6812   14.5318
   -7.5000    7.5000    7.5000 2764.1465   15.0989
    0.0000    7.5000    7.5000 2778.0403   14.8361
    7.5000    7.5000    7.5000 2775.3877   15.1001
   -7.5000   15.0000    7.5000 2717.0654   16.0110
    0.0000   15.0000    7.5000 2727.4241   15.7580
    7.5000   15.0000    7.5000 2727.9456   16.0071
   -7.5000   22.5000    7.5000 2639.7717   17.2419
    0.0000   22.5000    7.5000 2650.9646   16.9985
    7.5000   22.5000    7.5000 2646.0261   17.2236
   -7.5000   30.0000    7.5000 2534.7405   18.7071
    0.0000   30.0000    7.5000 2548.3594   18.4989
    7.5000   30.0000    7.5000 2530.1301   18.6752
   -7.5000   37.5000    7.5000 2401.8779   20.4833
    0.0000   37.5000    7.5000 2414.5818   20.2684
    7.5000   37.5000    7.5000 2394.5083   20.4316
   -7.5000   45.0000    7.5000 2233.8083   22.6401
    0.0000   45.0000    7.5000 2250.3740   22.4034
    7.5000   45.0000    7.5000 2230.0874   22.5809
   -7.5000  -45.0000   15.0000 2512.8315   19.6527
    0.0000  -45.0000   15.0000 2524.6094   19.3833
    7.5000  -45.0000   15.0000 2509.6401   19.6119
   -7.5000  -37.5000   15.0000 2630.3301   17.9694
    0.0000  -37.5000   15.0000 2647.0510   17.7206
    7.5000  -37.5000   15.0000 2623.9529   17.8925
   -7.5000  -30.0000   15.0000 2728.4116   16.7049
    0.0000  -30.0000   15.0000 2748.6062   16.4672
    7.5000  -30.0000   15.0000 2715.1882   16.5808
   -7.5000  -22.5000   15.0000 2807.8606   15.8144
    0.0000  -22.5000   15.0000 2832.7920   15.6151
    7.5000  -22.5000   15.0000 2787.4858   15.5733
   -7.5000  -15.0000   15.0000 2841.3398   14.9264
    0.0000  -15.0000   15.0000 2843.7456   14.4723
    7.5000  -15.0000   15.0000 2812.2180   14.7869
   -7.5000   -7.5000   15.0000 2828.9763   14.2353
    0.0000   -7.5000   15.0000 2802.3235   13.6667
    7.5000   -7.5000   15.0000 2820.9402   14.3512
   -7.5000    0.0000   15.0000 2811.8210   14.4643
    0.0000    0.0000   15.0000 2786.0229   13.9724
    7.5000    0.0000   15.0000 2807.1504   14.5729
   -7.5000    7.5000   15.0000 2786.6211   15.1285
    0.0000    7.5000   15.0000 2773.4265   14.7181
    7.5000    7.5000   15.0000 2790.0979   15.1311
   -7.5000   15.0000   15.0000 2742.3757   16.0646
    0.0000   15.0000   15.0000 2737.4985   15.7229
    7.5000   15.0000   15.0000 2736.9636   15.9872
   -7.5000   22.5000   15.0000 2661.5449   17.2770
    0.0000   22.5000   15.0000 2672.3093   17.0366
    7.5000   22.5000   15.0000 2655.0144   17.1589
   -7.5000   30.0000   15.0000 2549.1309   18.7699
    0.0000   30.0000   15.0000 2569.2251   18.5637
    7.5000   30.0000   15.0000 2537.8149   18.6251
   -7.5000   37.5000   15.0000 2416.6743   20.5092
    0.0000   37.5000   15.0000 2422.7124   20.3407
    7.5000   37.5000   15.0000 2408.0818   20.3878
   -7.5000   45.0000   15.0000 2252.2192   22.6468
    0.0000   45.0000   15.0000 2259.2551   22.4015
    7.5000   45.0000   15.0000 2246.0918   22.5278
   -7.5000  -45.0000   22.5000 2504.3562   19.8123
    0.0000  -45.0000   22.5000 2508.7300   19.4815
    7.5000  -45.0000   22.5000 2502.1914   19.8190
   -7.5000  -37.5000   22.5000 2624.2617   18.0728
    0.0000  -37.5000   22.5000 2623.7180   17.7200
    7.5000  -37.5000   22.5000 2617.5173   18.0300
   -7.5000  -30.0000   22.5000 2726.9517   16.7894
    0.0000  -30.0000   22.5000 2727.5969   16.4351
    7.5000  -30.0000   22.5000 2711.7590   16.6864
   -7.5000  -22.5000   22.5000 2809.3372   15.8504
    0.0000  -22.5000   22.5000 2810.7383   15.4842
    7.5000  -22.5000   22.5000 2789.9832   15.7243
   -7.5000  -15.0000   22.5000 2857.0151   15.0631
    0.0000  -15.0000   22.5000 2848.3245   14.6009
    7.5000  -15.0000   22.5000 2827.4143   15.0969
   -7.5000   -7.5000   22.5000 2884.9705   14.7874
    0.0000   -7.5000   22.5000 2872.6169   14.3466
    7.5000   -7.5000   22.5000 2852.3284   14.8132
   -7.5000    0.0000   22.5000 2831.3850   14.9067
    0.0000    0.0000   22.5000 2826.0110   14.5509
    7.5000    0.0000   22.5000 2824.3083   14.9651
   -7.5000    7.5000   22.5000 2786.4307   15.3989
    0.0000    7.5000   22.5000 2775.2397   15.0362
    7.5000    7.5000   22.5000 2782.2559   15.3470
   -7.5000   15.0000   22.5000 2737.0818   16.2390
    0.0000   15.0000   22.5000 2723.8613   15.8913
    7.5000   15.0000   22.5000 2725.1765   16.0852
   -7.5000   22.5000   22.5000 2658.5872   17.4307
    0.0000   22.5000   22.5000 2658.1743   17.1535
    7.5000   22.5000   22.5000 2640.8289   17.2418
   -7.5000   30.0000   22.5000 2550.9932   18.9241
    0.0000   30.0000   22.5000 2557.1562   18.7372
    7.5000   30.0000   22.5000 2534.7437   18.7798
   -7.5000   37.5000   22.5000 2413.4165   20.7424
    0.0000   37.5000   22.5000 2421.2290   20.6285
    7.5000   37.5000   22.5000 2403.5842   20.5974
   -7.5000   45.0000   22.5000 2245.3845   22.8401
    0.0000   45.0000   22.5000 2268.3145   22.7942
    7.5000   45.0000   22.5000 2237.0398   22.7535
   -7.5000  -45.0000   30.0000 2485.2678   20.2145
    0.0000  -45.0000   30.0000 2485.4463   19.7858
    7.5000  -45.0000   30.0000 2485.5200   20.2257
   -7.5000  -37.5000   30.0000 2606.9519   18.5235
    0.0000  -37.5000   30.0000 2605.1948   18.1364
    7.5000  -37.5000   30.0000 2602.5171   18.4967
   -7.5000  -30.0000   30.0000 2705.4309   17.1961
    0.0000  -30.0000   30.0000 2718.4084   16.9426
    7.5000  -30.0000   30.0000 2697.8132   17.1764
   -7.5000  -22.5000   30.0000 2791.1719   16.2658
    0.0000  -22.5000   30.0000 2804.8108   15.9282
    7.5000  -22.5000   30.0000 2782.8149   16.3468
   -7.5000  -15.0000   30.0000 2846.0337   15.6024
    0.0000  -15.0000   30.0000 2857.0378   15.3269
    7.5000  -15.0000   30.0000 2820.2986   15.6880
   -7.5000   -7.5000   30.0000 2890.3965   15.5251
    0.0000   -7.5000   30.0000 2897.0173   15.2925
    7.5000   -7.5000   30.0000 2847.6038   15.4525
   -7.5000    0.0000   30.0000 2847.0857   15.7245
    0.0000    0.0000   30.0000 2860.3523   15.5500
    7.5000    0.0000   30.0000 2816.5906   15.6377
   -7.5000    7.5000   30.0000 2779.0452   16.1205
    0.0000    7.5000   30.0000 2791.4062   15.9889
    7.5000    7.5000   30.0000 2766.6343   16.0175
   -7.5000   15.0000   30.0000 2706.8135   16.8386
    0.0000   15.0000   30.0000 2716.7957   16.6861
    7.5000   15.0000   30.0000 2693.7073   16.7061
   -7.5000   22.5000   30.0000 2623.7087   17.9091
    0.0000   22.5000   30.0000 2633.7971   17.7608
    7.5000   22.5000   30.0000 2608.5349   17.7431
   -7.5000   30.0000   30.0000 2517.6594   19.2963
    0.0000   30.0000   30.0000 2530.5593   19.1932
    7.5000   30.0000   30.0000 2507.1189   19.1492
   -7.5000   37.5000   30.0000 2377.4377   21.0673
    0.0000   37.5000   30.0000 2388.9224   20.9489
    7.5000   37.5000   30.0000 2371.4473   20.9027
   -7.5000   45.0000   30.0000 2230.1802   23.2847
    0.0000   45.0000   30.0000 2243.6724   23.1062
    7.5000   45.0000   30.0000 2222.5571   23.0919
   -7.5000  -45.0000   37.5000 2469.4343   20.9256
    0.0000  -45.0000   37.5000 2482.2144   20.7099
    7.5000  -45.0000   37.5000 2459.8787   21.0049
   -7.5000  -37.5000   37.5000 2590.6790   19.2683
    0.0000  -37.5000   37.5000 2605.9673   19.1146
    7.5000  -37.5000   37.5000 2578.4949   19.3308
   -7.5000  -30.0000   37.5000 2691.0898   17.9608
    0.0000  -30.0000   37.5000 2703.4189   17.7138
    7.5000  -30.0000   37.5000 2676.2441   18.0163
   -7.5000  -22.5000   37.5000 2769.9871   16.9285
    0.0000  -22.5000   37.5000 2776.4683   16.5425
    7.5000  -22.5000   37.5000 2754.8838   17.0201
   -7.5000  -15.0000   37.5000 2824.8462   16.3188
    0.0000  -15.0000   37.5000 2827.4463   16.0319
    7.5000  -15.0000   37.5000 2797.6477   16.3311
   -7.5000   -7.5000   37.5000 2860.3137   16.2590
    0.0000   -7.5000   37.5000 2863.9421   15.9810
    7.5000   -7.5000   37.5000 2827.3826   16.1912
   -7.5000    0.0000   37.5000 2828.6079   16.4551
    0.0000    0.0000   37.5000 2833.2395   16.2129
    7.5000    0.0000   37.5000 2801.5862   16.3897
   -7.5000    7.5000   37.5000 2759.4241   16.9729
    0.0000    7.5000   37.5000 2772.1206   16.7316
    7.5000    7.5000   37.5000 2745.8955   16.8670
   -7.5000   15.0000   37.5000 2675.6636   17.7192
    0.0000   15.0000   37.5000 2697.4280   17.5791
    7.5000   15.0000   37.5000 2667.9121   17.6079
   -7.5000   22.5000   37.5000 2587.0920   18.7962
    0.0000   22.5000   37.5000 2607.0159   18.6910
    7.5000   22.5000   37.5000 2573.6555   18.5928
   -7.5000   30.0000   37.5000 2471.5271   20.0790
    0.0000   30.0000   37.5000 2483.9307   19.9635
    7.5000   30.0000   37.5000 2462.7117   19.8718
   -7.5000   37.5000   37.5000 2341.6531   21.7367
    0.0000   37.5000   37.5000 2356.8555   21.6322
    7.5000   37.5000   37.5000 2325.8770   21.4975
   -7.5000   45.0000   37.5000 2196.9697   23.9359
    0.0000   45.0000   37.5000 2217.5359   23.7992
    7.5000   45.0000   37.5000 2190.7256   23.7077
   -7.5000  -45.0000   45.0000 2452.6787   22.0229
    0.0000  -45.0000   45.0000 2462.2993   21.8709
    7.5000  -45.0000   45.0000 2431.0935   22.0604
   -7.5000  -37.5000   45.0000 2557.2070   20.2342
    0.0000  -37.5000   45.0000 2569.8958   20.0285
    7.5000  -37.5000   45.0000 2540.3728   20.2790
   -7.5000  -30.0000   45.0000 2648.2400   18.7676
    0.0000  -30.0000   45.0000 2660.5496   18.4449
    7.5000  -30.0000   45.0000 2631.1985   18.8480
   -7.5000  -22.5000   45.0000 2723.7668   17.7058
    0.0000  -22.5000   45.0000 2729.6467   17.3916
    7.5000  -22.5000   45.0000 2703.7996   17.7730
   -7.5000  -15.0000   45.0000 2770.3672   17.1572
    0.0000  -15.0000   45.0000 2771.3733   16.8617
    7.5000  -15.0000   45.0000 2749.9404   17.1641
   -7.5000   -7.5000   45.0000 2794.7124   17.0967
    0.0000   -7.5000   45.0000 2795.3291   16.8022
    7.5000   -7.5000   45.0000 2770.6499   17.0628
   -7.5000    0.0000   45.0000 2766.4043   17.3130
    0.0000    0.0000   45.0000 2767.6121   17.0156
    7.5000    0.0000   45.0000 2748.2417   17.2848
   -7.5000    7.5000   45.0000 2706.4224   17.8058
    0.0000    7.5000   45.0000 2718.2834   17.5346
    7.5000    7.5000   45.0000 2692.1990   17.7279
   -7.5000   15.0000   45.0000 2629.1292   18.6478
    0.0000   15.0000   45.0000 2646.2129   18.4252
    7.5000   15.0000   45.0000 2619.0466   18.5121
   -7.5000   22.5000   45.0000 2538.7075   19.7704
    0.0000   22.5000   45.0000 2562.3281   19.6539
    7.5000   22.5000   45.0000 2531.0791   19.6038
   -7.5000   30.0000   45.0000 2414.5039   21.1259
    0.0000   30.0000   45.0000 2432.9858   20.9991
    7.5000   30.0000   45.0000 2403.7847   20.9006
   -7.5000   37.5000   45.0000 2286.8506   22.7199
    0.0000   37.5000   45.0000 2303.6667   22.6115
    7.5000   37.5000   45.0000 2270.9819   22.5381
   -7.5000   45.0000   45.0000 2154.0159   24.9219
    0.0000   45.0000   45.0000 2168.9539   24.7504
    7.5000   45.0000   45.0000 2145.7629   24.7145

---------------------------------------------------------------------
imgreg_4dfp /opt/freesurfer/average/711-2C_as_mni_average_305 /opt/freesurfer/average/711-2B_as_mni_average_305_mask talsrcimg_g11 none talsrcimg_to_711-2C_as_mni_average_305_t4 1283
---------------------------------------------------------------------

freesurfer imgreg_4dfp.c
/opt/freesurfer/average/711-2C_as_mni_average_305.4dfp.img
       256       256       256         1
  1.000000  1.000000  1.000000
orientation T byte_order littleendian
Reading image: /opt/freesurfer/average/711-2C_as_mni_average_305.4dfp.img
dimensions:      256       256       256
mmppix:       1.0000   -1.0000   -1.0000
center:     128.0000 -129.0000 -129.0000
/opt/freesurfer/average/711-2B_as_mni_average_305_mask.4dfp.img
       256       256       256         1
  1.000000  1.000000  1.000000
orientation T byte_order littleendian
Reading mask: /opt/freesurfer/average/711-2B_as_mni_average_305_mask.4dfp.img (2306576 pixels)
talsrcimg_g11.4dfp.img
       256       256       256         1
  1.000000  1.000000  1.000000
orientation T byte_order littleendian
Reading image: talsrcimg_g11.4dfp.img
dimensions:      256       256       256
mmppix:       1.0000   -1.0000   -1.0000
center:     128.0000 -129.0000 -129.0000
rotation matrix determinant  1.000000
fimgreg.f
image alignment mode   1283 decimal      503 hex
parameters
    0.0000   -7.5000   30.0000    0.0000    0.0000    0.0000
eta,q 0.90897 15.26844
niter,ni,del,rscale     5    3   12.0000    1.2000
parameter  1  0.873953 ->  0.500000 qaram    1.1500
parameters
   -3.4500   -7.2225   28.2656   -0.6511    2.5123   -2.8016
eta,q 0.91260 15.10581
  0.0927  0.1046  0.0930  0.0987  0.0958  0.0885
  0.0915  0.0985  0.0919  0.0941  0.0930  0.0874
  0.0932  0.0930  0.0907  0.0907  0.0921  0.0875
  0.0956  0.0909  0.0911  0.0903  0.0901  0.0880
  0.0948  0.0925  0.0929  0.0933  0.0882  0.0898
  0.0944  0.0972  0.0949  0.0979  0.0887  0.0920
  0.0999  0.1021  0.0985  0.1017  0.0909  0.0947
niter,ni,del,rscale     5    3   12.0000    1.2000
parameters
   -3.7148   -6.4526   28.3498   -0.9541    2.7735   -3.2896
eta,q 0.91323 15.15138
  0.0948  0.1024  0.0963  0.0942  0.0910  0.0900
  0.0882  0.0964  0.0919  0.0895  0.0886  0.0881
  0.0854  0.0900  0.0886  0.0868  0.0869  0.0869
  0.0874  0.0869  0.0868  0.0869  0.0867  0.0868
  0.0900  0.0879  0.0886  0.0889  0.0878  0.0873
  0.0901  0.0916  0.0919  0.0916  0.0888  0.0887
  0.0937  0.0965  0.0956  0.0945  0.0896  0.0914
niter,ni,del,rscale     4    3   12.0000    1.2000
parameters
   -3.6711   -6.1328   28.4001   -0.9830    2.9065   -3.3781
eta,q 0.91314 15.16779
  0.0956  0.1008  0.0964  0.0943  0.0905  0.0908
  0.0887  0.0943  0.0919  0.0897  0.0882  0.0886
  0.0856  0.0886  0.0885  0.0871  0.0868  0.0873
  0.0868  0.0868  0.0868  0.0868  0.0868  0.0869
  0.0894  0.0888  0.0888  0.0884  0.0879  0.0875
  0.0894  0.0928  0.0921  0.0906  0.0886  0.0885
  0.0935  0.0977  0.0957  0.0934  0.0894  0.0911
niter,ni,del,rscale     3    3   12.0000    1.2000
parameters
   -3.6645   -6.0076   28.4127   -1.0049    2.9621   -3.4026
eta,q 0.91307 15.17313
  0.0956  0.1001  0.0965  0.0941  0.0904  0.0909
  0.0889  0.0934  0.0919  0.0896  0.0881  0.0887
  0.0857  0.0881  0.0884  0.0871  0.0868  0.0874
  0.0869  0.0869  0.0869  0.0869  0.0869  0.0869
  0.0893  0.0892  0.0890  0.0884  0.0880  0.0875
  0.0893  0.0933  0.0923  0.0904  0.0887  0.0886
  0.0941  0.0982  0.0960  0.0933  0.0894  0.0911
niter,ni,del,rscale     2    3   12.0000    1.2000
parameters
   -3.6759   -5.9600   28.4132   -1.0222    2.9838   -3.4203
eta,q 0.91306 15.17527
  0.0957  0.0997  0.0966  0.0941  0.0903  0.0910
  0.0890  0.0931  0.0919  0.0896  0.0880  0.0887
  0.0858  0.0879  0.0884  0.0872  0.0868  0.0874
  0.0869  0.0869  0.0869  0.0869  0.0869  0.0869
  0.0893  0.0893  0.0891  0.0884  0.0880  0.0876
  0.0893  0.0935  0.0924  0.0904  0.0887  0.0886
  0.0944  0.0984  0.0960  0.0933  0.0894  0.0910
registration optimization eta report
parameter search radius
    6.9000    6.0000    6.0000    6.0000    6.0000    6.0000
100000*second partial in parameter space
       17.       33.       25.       19.        8.       11.
  0.0957  0.0997  0.0966  0.0941  0.0903  0.0910
  0.0890  0.0931  0.0919  0.0896  0.0880  0.0887
  0.0858  0.0879  0.0884  0.0872  0.0868  0.0874
  0.0869  0.0869  0.0869  0.0869  0.0869  0.0869
  0.0893  0.0893  0.0891  0.0884  0.0880  0.0876
  0.0893  0.0935  0.0924  0.0904  0.0887  0.0886
  0.0944  0.0984  0.0960  0.0933  0.0894  0.0910
   -3.6759   -5.9600   28.4132   -1.0222    2.9838   -3.4203
eta,q 0.91306 15.17527

---------------------------------------------------------------------
imgreg_4dfp /opt/freesurfer/average/711-2C_as_mni_average_305 /opt/freesurfer/average/711-2B_as_mni_average_305_mask talsrcimg_g11 none talsrcimg_to_711-2C_as_mni_average_305_t4 3335
---------------------------------------------------------------------

freesurfer imgreg_4dfp.c
/opt/freesurfer/average/711-2C_as_mni_average_305.4dfp.img
       256       256       256         1
  1.000000  1.000000  1.000000
orientation T byte_order littleendian
Reading image: /opt/freesurfer/average/711-2C_as_mni_average_305.4dfp.img
dimensions:      256       256       256
mmppix:       1.0000   -1.0000   -1.0000
center:     128.0000 -129.0000 -129.0000
/opt/freesurfer/average/711-2B_as_mni_average_305_mask.4dfp.img
       256       256       256         1
  1.000000  1.000000  1.000000
orientation T byte_order littleendian
Reading mask: /opt/freesurfer/average/711-2B_as_mni_average_305_mask.4dfp.img (2306576 pixels)
talsrcimg_g11.4dfp.img
       256       256       256         1
  1.000000  1.000000  1.000000
orientation T byte_order littleendian
Reading image: talsrcimg_g11.4dfp.img
dimensions:      256       256       256
mmppix:       1.0000   -1.0000   -1.0000
center:     128.0000 -129.0000 -129.0000
fimgreg.f
image alignment mode   3335 decimal      D07 hex
parameters
   -3.6759   -5.9600   28.4132   -0.3135   -0.1996   -0.1515
    6.0578   -5.0888   -5.9580    2.0913    5.2054   -1.7816
eta,q 0.91286 15.17838
niter,ni,del,rscale     5    3    5.0000    1.2000
parameter  4-17.172293 ->  0.500000 qaram    1.1500
parameter  5  2.249950 ->  0.500000 qaram    1.1500
parameter  7  0.939665 ->  0.500000 qaram    1.1500
parameter 10 -0.642925 -> -0.500000 qaram    1.1500
parameter 12 -1.225356 -> -0.500000 qaram    1.1500
parameters
   -3.4092   -5.7514   27.9415   -4.4535   -4.3396   -2.8595
    1.9178   -4.9783   -4.7188    6.2313    1.8325    2.3584
eta,q 0.93088 15.17524
  0.0889  0.0895  0.0876  0.0708  0.0707  0.0731  0.0718  0.0776  0.0735  0.0782  0.0706  0.0743
  0.0880  0.0885  0.0872  0.0753  0.0728  0.0733  0.0718  0.0741  0.0728  0.0756  0.0704  0.0728
  0.0874  0.0876  0.0871  0.0811  0.0749  0.0733  0.0724  0.0722  0.0723  0.0735  0.0703  0.0714
  0.0871  0.0871  0.0871  0.0871  0.0769  0.0734  0.0733  0.0719  0.0719  0.0719  0.0705  0.0703
  0.0872  0.0872  0.0873  0.0927  0.0801  0.0735  0.0747  0.0726  0.0719  0.0708  0.0708  0.0695
  0.0876  0.0878  0.0877  0.0979  0.0836  0.0754  0.0764  0.0742  0.0722  0.0706  0.0712  0.0690
  0.0883  0.0889  0.0884  0.1022  0.0872  0.0819  0.0784  0.0769  0.0727  0.0712  0.0718  0.0687
niter,ni,del,rscale     7    3    5.0000    1.2000
parameter  3  2.622368 ->  0.500000 qaram    1.1500
parameter  4  1.820217 ->  0.500000 qaram    1.3225
parameter  5  1.329931 ->  0.500000 qaram    1.3225
parameter 11  0.855641 ->  0.500000 qaram    1.1500
parameters
   -3.1382   -5.8780   26.5615   -9.2145   -9.1006   -4.8322
    0.7677   -5.6252   -4.6674    4.7944   -2.3075   -1.1111
eta,q 0.94315 14.86740
  0.0726  0.0706  0.0667  0.0569  0.0563  0.0576  0.0593  0.0608  0.0584  0.0593  0.0569  0.0569
  0.0710  0.0696  0.0673  0.0589  0.0570  0.0576  0.0581  0.0583  0.0578  0.0580  0.0568  0.0569
  0.0698  0.0691  0.0681  0.0620  0.0580  0.0574  0.0575  0.0573  0.0574  0.0573  0.0569  0.0568
  0.0691  0.0690  0.0690  0.0676  0.0596  0.0573  0.0574  0.0574  0.0573  0.0573  0.0572  0.0568
  0.0692  0.0694  0.0701  0.0751  0.0622  0.0572  0.0579  0.0581  0.0574  0.0580  0.0575  0.0570
  0.0700  0.0700  0.0712  0.0819  0.0648  0.0580  0.0591  0.0596  0.0578  0.0594  0.0579  0.0574
  0.0715  0.0708  0.0725  0.0877  0.0675  0.0612  0.0608  0.0619  0.0584  0.0614  0.0582  0.0581
niter,ni,del,rscale     7    3    5.0000    1.2000
parameter  2  1.397541 ->  0.500000 qaram    1.1500
parameter  3-18.483822 ->  0.500000 qaram    1.3225
parameter  4  0.745545 ->  0.500000 qaram    1.5209
parameter  5  1.817829 ->  0.500000 qaram    1.5209
parameter  6  1.382021 ->  0.500000 qaram    1.1500
parameter  9 -0.595422 -> -0.500000 qaram    1.1500
parameter 10  4.636486 ->  0.500000 qaram    1.3225
parameter 11 -1.108392 -> -0.500000 qaram    1.3225
parameter 12  1.758472 ->  0.500000 qaram    1.3225
parameters
   -3.0255   -7.2580   24.9745  -14.6897  -14.5757   -8.9722
    3.3099   -5.0780   -0.5274    0.0334    2.4535   -5.8721
eta,q 0.96864 14.76053
  0.0599  0.0550  0.0488  0.0469  0.0418  0.0413  0.0461  0.0446  0.0444  0.0340  0.0398  0.0301
  0.0583  0.0554  0.0509  0.0475  0.0429  0.0418  0.0443  0.0432  0.0433  0.0356  0.0385  0.0310
  0.0573  0.0560  0.0532  0.0489  0.0450  0.0425  0.0429  0.0422  0.0424  0.0382  0.0373  0.0326
  0.0568  0.0568  0.0555  0.0516  0.0477  0.0434  0.0420  0.0417  0.0417  0.0411  0.0363  0.0350
  0.0570  0.0579  0.0577  0.0568  0.0503  0.0443  0.0417  0.0418  0.0413  0.0440  0.0354  0.0381
  0.0579  0.0592  0.0598  0.0661  0.0536  0.0452  0.0420  0.0426  0.0412  0.0469  0.0350  0.0413
  0.0594  0.0607  0.0619  0.0752  0.0577  0.0475  0.0431  0.0440  0.0415  0.0499  0.0350  0.0443
niter,ni,del,rscale     7    3    5.0000    1.2000
parameter  2  0.551691 ->  0.500000 qaram    1.3225
parameter  3  1.481286 ->  0.500000 qaram    1.5209
parameters
   -2.0572   -8.8450   23.1494  -16.9148  -16.0212   -6.6147
    2.0810   -5.4202   -2.1453   -1.9197    4.2533   -7.6857
eta,q 0.97462 14.73382
  0.0380  0.0302  0.0238  0.0300  0.0336  0.0308  0.0286  0.0297  0.0275  0.0286  0.0277  0.0264
  0.0351  0.0294  0.0252  0.0277  0.0304  0.0290  0.0268  0.0276  0.0262  0.0267  0.0266  0.0258
  0.0328  0.0295  0.0270  0.0262  0.0277  0.0276  0.0259  0.0261  0.0256  0.0256  0.0258  0.0255
  0.0314  0.0307  0.0293  0.0257  0.0259  0.0264  0.0258  0.0257  0.0257  0.0256  0.0254  0.0254
  0.0307  0.0332  0.0322  0.0265  0.0269  0.0258  0.0266  0.0264  0.0264  0.0268  0.0254  0.0257
  0.0310  0.0369  0.0359  0.0304  0.0330  0.0265  0.0284  0.0281  0.0278  0.0293  0.0257  0.0265
  0.0321  0.0415  0.0403  0.0406  0.0419  0.0278  0.0309  0.0306  0.0297  0.0334  0.0265  0.0281
niter,ni,del,rscale     7    3    5.0000    1.2000
parameter  3  0.941904 ->  0.500000 qaram    1.7490
parameters
   -1.9823   -7.8769   21.0506  -16.0681  -16.4930   -6.5298
    2.4027   -5.4780   -2.5361   -0.3172    4.3600  -10.7584
eta,q 0.97779 14.77631
  0.0289  0.0321  0.0219  0.0289  0.0320  0.0268  0.0267  0.0266  0.0251  0.0290  0.0239  0.0230
  0.0270  0.0292  0.0222  0.0261  0.0284  0.0249  0.0245  0.0243  0.0236  0.0255  0.0231  0.0224
  0.0258  0.0269  0.0232  0.0239  0.0250  0.0235  0.0231  0.0230  0.0227  0.0234  0.0226  0.0222
  0.0254  0.0254  0.0248  0.0224  0.0222  0.0225  0.0225  0.0225  0.0225  0.0225  0.0224  0.0224
  0.0257  0.0248  0.0272  0.0219  0.0217  0.0219  0.0228  0.0230  0.0229  0.0226  0.0225  0.0230
  0.0268  0.0254  0.0304  0.0227  0.0268  0.0230  0.0240  0.0245  0.0240  0.0235  0.0230  0.0239
  0.0285  0.0272  0.0343  0.0287  0.0376  0.0283  0.0262  0.0267  0.0256  0.0256  0.0239  0.0253
niter,ni,del,rscale     7    3    5.0000    1.2000
parameters
   -1.8434   -7.4108   19.2666  -16.0848  -16.4689   -7.5408
    2.6194   -5.1942   -2.5304    1.4250    4.6732  -12.2613
eta,q 0.97845 14.78532
  0.0261  0.0275  0.0226  0.0280  0.0318  0.0259  0.0255  0.0266  0.0243  0.0288  0.0232  0.0230
  0.0241  0.0249  0.0215  0.0251  0.0280  0.0239  0.0235  0.0236  0.0228  0.0245  0.0224  0.0220
  0.0227  0.0231  0.0213  0.0228  0.0244  0.0223  0.0221  0.0221  0.0219  0.0223  0.0218  0.0216
  0.0222  0.0222  0.0221  0.0213  0.0213  0.0213  0.0216  0.0216  0.0216  0.0216  0.0216  0.0216
  0.0225  0.0222  0.0237  0.0206  0.0198  0.0207  0.0219  0.0220  0.0219  0.0219  0.0218  0.0221
  0.0235  0.0231  0.0262  0.0220  0.0239  0.0238  0.0231  0.0235  0.0228  0.0228  0.0222  0.0229
  0.0253  0.0252  0.0299  0.0309  0.0359  0.0331  0.0252  0.0256  0.0243  0.0244  0.0230  0.0240
niter,ni,del,rscale     6    3    5.0000    1.2000
parameters
   -1.7605   -7.0571   19.0428  -15.8675  -16.3848   -7.6677
    2.6788   -5.1328   -2.6682    2.3865    4.7953  -12.8372
eta,q 0.97857 14.81328
  0.0252  0.0261  0.0252  0.0281  0.0318  0.0264  0.0252  0.0260  0.0239  0.0275  0.0230  0.0234
  0.0233  0.0239  0.0230  0.0253  0.0281  0.0243  0.0232  0.0231  0.0225  0.0235  0.0222  0.0221
  0.0220  0.0223  0.0218  0.0230  0.0245  0.0226  0.0219  0.0218  0.0216  0.0217  0.0216  0.0215
  0.0215  0.0215  0.0215  0.0214  0.0214  0.0213  0.0214  0.0214  0.0214  0.0214  0.0215  0.0215
  0.0219  0.0216  0.0222  0.0208  0.0199  0.0204  0.0217  0.0219  0.0217  0.0219  0.0217  0.0219
  0.0230  0.0226  0.0237  0.0219  0.0238  0.0220  0.0230  0.0234  0.0226  0.0230  0.0221  0.0226
  0.0247  0.0246  0.0260  0.0301  0.0356  0.0294  0.0252  0.0254  0.0241  0.0248  0.0229  0.0237
niter,ni,del,rscale     5    3    5.0000    1.2000
parameters
   -1.7358   -6.9364   18.8726  -15.8890  -16.3412   -7.7346
    2.7469   -5.1054   -2.7423    2.8007    4.9046  -13.0509
eta,q 0.97855 14.82027
  0.0249  0.0254  0.0252  0.0280  0.0316  0.0265  0.0252  0.0258  0.0239  0.0267  0.0230  0.0236
  0.0230  0.0234  0.0230  0.0252  0.0280  0.0244  0.0232  0.0230  0.0225  0.0230  0.0222  0.0222
  0.0218  0.0220  0.0218  0.0230  0.0245  0.0227  0.0219  0.0218  0.0217  0.0215  0.0216  0.0216
  0.0214  0.0214  0.0214  0.0214  0.0214  0.0214  0.0214  0.0214  0.0214  0.0214  0.0215  0.0215
  0.0218  0.0216  0.0220  0.0208  0.0199  0.0204  0.0218  0.0220  0.0217  0.0220  0.0217  0.0218
  0.0229  0.0228  0.0235  0.0222  0.0238  0.0219  0.0230  0.0234  0.0225  0.0232  0.0221  0.0225
  0.0247  0.0250  0.0258  0.0309  0.0356  0.0293  0.0251  0.0254  0.0240  0.0252  0.0229  0.0236
niter,ni,del,rscale     4    3    5.0000    1.2000
parameters
   -1.7309   -6.8695   18.7980  -15.8730  -16.3527   -7.7710
    2.7862   -5.0999   -2.8048    2.9736    4.9829  -13.1366
eta,q 0.97852 14.82273
  0.0248  0.0253  0.0254  0.0280  0.0316  0.0265  0.0252  0.0258  0.0239  0.0263  0.0230  0.0237
  0.0230  0.0233  0.0231  0.0252  0.0280  0.0245  0.0232  0.0230  0.0225  0.0229  0.0222  0.0223
  0.0218  0.0220  0.0219  0.0230  0.0245  0.0227  0.0219  0.0218  0.0217  0.0215  0.0217  0.0216
  0.0215  0.0214  0.0214  0.0214  0.0214  0.0214  0.0215  0.0215  0.0215  0.0215  0.0215  0.0215
  0.0218  0.0217  0.0220  0.0208  0.0200  0.0204  0.0219  0.0220  0.0217  0.0221  0.0217  0.0218
  0.0230  0.0229  0.0234  0.0221  0.0240  0.0219  0.0231  0.0235  0.0226  0.0233  0.0222  0.0225
  0.0248  0.0251  0.0256  0.0308  0.0358  0.0292  0.0252  0.0254  0.0240  0.0253  0.0229  0.0236
niter,ni,del,rscale     3    3    5.0000    1.2000
parameters
   -1.7295   -6.8308   18.7620  -15.8695  -16.3719   -7.7928
    2.8103   -5.1000   -2.8424    3.0571    5.0300  -13.1865
eta,q 0.97850 14.82273
  0.0248  0.0252  0.0255  0.0281  0.0315  0.0266  0.0252  0.0258  0.0239  0.0262  0.0230  0.0237
  0.0230  0.0233  0.0232  0.0252  0.0280  0.0245  0.0232  0.0230  0.0226  0.0228  0.0222  0.0223
  0.0219  0.0220  0.0219  0.0230  0.0245  0.0228  0.0220  0.0218  0.0218  0.0215  0.0217  0.0216
  0.0215  0.0215  0.0215  0.0215  0.0215  0.0215  0.0215  0.0215  0.0215  0.0215  0.0215  0.0215
  0.0219  0.0217  0.0220  0.0208  0.0200  0.0204  0.0219  0.0221  0.0218  0.0222  0.0217  0.0219
  0.0230  0.0229  0.0234  0.0222  0.0240  0.0219  0.0231  0.0235  0.0226  0.0234  0.0222  0.0225
  0.0248  0.0252  0.0256  0.0308  0.0358  0.0292  0.0252  0.0254  0.0240  0.0254  0.0229  0.0236
niter,ni,del,rscale     2    3    5.0000    1.2000
parameters
   -1.7292   -6.8077   18.7445  -15.8645  -16.3868   -7.8064
    2.8251   -5.0995   -2.8684    3.1027    5.0519  -13.2240
eta,q 0.97848 14.82249
  0.0248  0.0252  0.0256  0.0281  0.0315  0.0266  0.0252  0.0258  0.0239  0.0261  0.0230  0.0238
  0.0230  0.0232  0.0232  0.0253  0.0280  0.0245  0.0232  0.0230  0.0226  0.0228  0.0222  0.0223
  0.0219  0.0220  0.0220  0.0231  0.0245  0.0228  0.0220  0.0218  0.0218  0.0215  0.0217  0.0217
  0.0215  0.0215  0.0215  0.0215  0.0215  0.0215  0.0215  0.0215  0.0215  0.0215  0.0215  0.0215
  0.0219  0.0218  0.0220  0.0208  0.0200  0.0204  0.0219  0.0221  0.0218  0.0222  0.0217  0.0219
  0.0230  0.0230  0.0234  0.0222  0.0240  0.0219  0.0232  0.0235  0.0226  0.0234  0.0222  0.0225
  0.0248  0.0253  0.0256  0.0308  0.0358  0.0292  0.0252  0.0254  0.0240  0.0254  0.0230  0.0236
registration optimization eta report
parameter search radius
    2.4000    3.1740    4.1976   10.9503   10.9503    8.2800
    8.2800    7.2000    8.2800    9.5220    9.5220    9.5220
100000*second partial in parameter space
       57.       37.       23.        7.       10.       10.
        5.        8.        4.        5.        2.        2.
  0.0248  0.0252  0.0256  0.0281  0.0315  0.0266  0.0252  0.0258  0.0239  0.0261  0.0230  0.0238
  0.0230  0.0232  0.0232  0.0253  0.0280  0.0245  0.0232  0.0230  0.0226  0.0228  0.0222  0.0223
  0.0219  0.0220  0.0220  0.0231  0.0245  0.0228  0.0220  0.0218  0.0218  0.0215  0.0217  0.0217
  0.0215  0.0215  0.0215  0.0215  0.0215  0.0215  0.0215  0.0215  0.0215  0.0215  0.0215  0.0215
  0.0219  0.0218  0.0220  0.0208  0.0200  0.0204  0.0219  0.0221  0.0218  0.0222  0.0217  0.0219
  0.0230  0.0230  0.0234  0.0222  0.0240  0.0219  0.0232  0.0235  0.0226  0.0234  0.0222  0.0225
  0.0248  0.0253  0.0256  0.0308  0.0358  0.0292  0.0252  0.0254  0.0240  0.0254  0.0230  0.0236
   -1.7292   -6.8077   18.7445  -15.8645  -16.3868   -7.8064
    2.8251   -5.0995   -2.8684    3.1027    5.0519  -13.2240
eta,q 0.97848 14.82249

---------------------------------------------------------------------
imgreg_4dfp /opt/freesurfer/average/711-2C_as_mni_average_305 /opt/freesurfer/average/711-2B_as_mni_average_305_mask talsrcimg_g11 none talsrcimg_to_711-2C_as_mni_average_305_t4 2311
---------------------------------------------------------------------

freesurfer imgreg_4dfp.c
/opt/freesurfer/average/711-2C_as_mni_average_305.4dfp.img
       256       256       256         1
  1.000000  1.000000  1.000000
orientation T byte_order littleendian
Reading image: /opt/freesurfer/average/711-2C_as_mni_average_305.4dfp.img
dimensions:      256       256       256
mmppix:       1.0000   -1.0000   -1.0000
center:     128.0000 -129.0000 -129.0000
/opt/freesurfer/average/711-2B_as_mni_average_305_mask.4dfp.img
       256       256       256         1
  1.000000  1.000000  1.000000
orientation T byte_order littleendian
Reading mask: /opt/freesurfer/average/711-2B_as_mni_average_305_mask.4dfp.img (2306576 pixels)
talsrcimg_g11.4dfp.img
       256       256       256         1
  1.000000  1.000000  1.000000
orientation T byte_order littleendian
Reading image: talsrcimg_g11.4dfp.img
dimensions:      256       256       256
mmppix:       1.0000   -1.0000   -1.0000
center:     128.0000 -129.0000 -129.0000
fimgreg.f
image alignment mode   2311 decimal      907 hex
parameters
   -1.7292   -6.8077   18.7445  -15.8645  -16.3868   -7.8064
    2.8251   -5.0995   -2.8684    3.1027    5.0519  -13.2240
eta,q 0.97848 14.82249
niter,ni,del,rscale     5    3    5.0000    0.8000
parameter  4 -0.916307 -> -0.500000 qaram    1.1500
parameter  5 -0.581637 -> -0.500000 qaram    1.1500
parameters
   -1.7366   -6.6787   18.7276  -13.1045  -13.6268   -5.9758
    2.5466   -4.5716   -2.5713    4.2397    5.2762  -13.4685
eta,q 0.98081 15.13242
  0.0230  0.0226  0.0221  0.0237  0.0249  0.0224  0.0212  0.0232  0.0210  0.0223  0.0198  0.0202
  0.0222  0.0220  0.0218  0.0228  0.0234  0.0214  0.0201  0.0206  0.0201  0.0207  0.0195  0.0196
  0.0217  0.0217  0.0216  0.0221  0.0221  0.0206  0.0194  0.0194  0.0195  0.0197  0.0193  0.0193
  0.0215  0.0215  0.0215  0.0215  0.0209  0.0199  0.0192  0.0192  0.0193  0.0193  0.0192  0.0192
  0.0217  0.0216  0.0216  0.0211  0.0201  0.0193  0.0195  0.0196  0.0194  0.0192  0.0192  0.0194
  0.0222  0.0218  0.0218  0.0209  0.0199  0.0190  0.0203  0.0202  0.0198  0.0195  0.0194  0.0198
  0.0230  0.0223  0.0221  0.0209  0.0208  0.0205  0.0218  0.0213  0.0206  0.0203  0.0197  0.0204
niter,ni,del,rscale     6    3    5.0000    0.9000
parameters
   -1.7242   -7.4990   18.2646  -13.9428  -13.8227   -6.7171
    2.9125   -4.8496   -2.4575    3.4424    5.4920  -12.4173
eta,q 0.98087 15.08664
  0.0214  0.0193  0.0194  0.0208  0.0237  0.0218  0.0216  0.0220  0.0207  0.0206  0.0198  0.0207
  0.0202  0.0189  0.0188  0.0198  0.0217  0.0207  0.0204  0.0199  0.0199  0.0196  0.0194  0.0199
  0.0195  0.0188  0.0187  0.0190  0.0200  0.0198  0.0196  0.0192  0.0194  0.0192  0.0192  0.0194
  0.0192  0.0192  0.0188  0.0187  0.0188  0.0189  0.0193  0.0192  0.0192  0.0192  0.0192  0.0192
  0.0194  0.0201  0.0191  0.0187  0.0187  0.0188  0.0194  0.0198  0.0193  0.0196  0.0192  0.0192
  0.0201  0.0215  0.0197  0.0199  0.0208  0.0211  0.0200  0.0207  0.0198  0.0204  0.0194  0.0194
  0.0214  0.0235  0.0204  0.0240  0.0260  0.0265  0.0211  0.0222  0.0206  0.0219  0.0197  0.0198
niter,ni,del,rscale     5    3    5.0000    0.8000
parameters
   -1.7564   -7.5300   18.2411  -13.4696  -13.5847   -6.4547
    2.7931   -4.8579   -2.4356    3.2889    5.5015  -12.2238
eta,q 0.98118 15.12104
  0.0207  0.0205  0.0199  0.0212  0.0234  0.0216  0.0205  0.0215  0.0201  0.0205  0.0193  0.0198
  0.0198  0.0197  0.0194  0.0202  0.0217  0.0206  0.0196  0.0196  0.0194  0.0195  0.0190  0.0193
  0.0193  0.0193  0.0192  0.0196  0.0202  0.0198  0.0190  0.0188  0.0190  0.0190  0.0189  0.0189
  0.0191  0.0191  0.0191  0.0191  0.0191  0.0190  0.0188  0.0188  0.0188  0.0188  0.0188  0.0188
  0.0193  0.0193  0.0192  0.0190  0.0188  0.0183  0.0190  0.0192  0.0189  0.0190  0.0189  0.0189
  0.0199  0.0198  0.0195  0.0193  0.0201  0.0191  0.0196  0.0199  0.0194  0.0196  0.0190  0.0192
  0.0209  0.0206  0.0198  0.0209  0.0237  0.0221  0.0208  0.0211  0.0201  0.0207  0.0193  0.0197
niter,ni,del,rscale     4    3    5.0000    0.7000
parameters
   -1.7564   -7.6346   18.2025  -13.3276  -13.3006   -6.2265
    2.7760   -4.8807   -2.4048    3.2799    5.6224  -12.1735
eta,q 0.98143 15.14225
  0.0201  0.0198  0.0194  0.0203  0.0224  0.0210  0.0200  0.0207  0.0196  0.0201  0.0190  0.0194
  0.0194  0.0192  0.0190  0.0196  0.0209  0.0202  0.0192  0.0192  0.0191  0.0192  0.0188  0.0189
  0.0190  0.0189  0.0188  0.0191  0.0197  0.0194  0.0188  0.0186  0.0187  0.0187  0.0186  0.0187
  0.0188  0.0188  0.0188  0.0188  0.0188  0.0187  0.0186  0.0186  0.0186  0.0186  0.0186  0.0186
  0.0190  0.0190  0.0189  0.0187  0.0186  0.0182  0.0187  0.0189  0.0187  0.0187  0.0186  0.0187
  0.0194  0.0194  0.0191  0.0191  0.0196  0.0189  0.0192  0.0195  0.0190  0.0192  0.0187  0.0189
  0.0201  0.0202  0.0194  0.0205  0.0223  0.0213  0.0201  0.0204  0.0196  0.0201  0.0190  0.0193
niter,ni,del,rscale     3    3    5.0000    0.6000
parameters
   -1.7718   -7.7146   18.1873  -13.1413  -13.0793   -5.9803
    2.7694   -4.9125   -2.3837    3.2895    5.7723  -12.1393
eta,q 0.98163 15.16244
  0.0195  0.0194  0.0191  0.0197  0.0214  0.0204  0.0194  0.0200  0.0192  0.0196  0.0188  0.0190
  0.0190  0.0189  0.0188  0.0192  0.0202  0.0198  0.0189  0.0189  0.0187  0.0189  0.0185  0.0186
  0.0187  0.0187  0.0186  0.0188  0.0192  0.0191  0.0185  0.0184  0.0185  0.0185  0.0184  0.0184
  0.0186  0.0186  0.0186  0.0186  0.0186  0.0185  0.0184  0.0184  0.0184  0.0184  0.0184  0.0184
  0.0187  0.0187  0.0186  0.0185  0.0184  0.0181  0.0185  0.0186  0.0184  0.0185  0.0184  0.0184
  0.0190  0.0190  0.0188  0.0188  0.0193  0.0187  0.0188  0.0191  0.0187  0.0189  0.0185  0.0187
  0.0196  0.0196  0.0191  0.0197  0.0213  0.0206  0.0195  0.0198  0.0192  0.0196  0.0187  0.0190
niter,ni,del,rscale     2    3    5.0000    0.5000
parameters
   -1.7926   -7.7747   18.1970  -12.9853  -12.9033   -5.7277
    2.7732   -4.9483   -2.3896    3.2802    5.9045  -12.1255
eta,q 0.98178 15.17769
  0.0190  0.0189  0.0188  0.0191  0.0204  0.0199  0.0190  0.0193  0.0188  0.0191  0.0185  0.0187
  0.0187  0.0186  0.0185  0.0188  0.0195  0.0194  0.0186  0.0186  0.0185  0.0186  0.0183  0.0184
  0.0184  0.0184  0.0184  0.0185  0.0188  0.0188  0.0183  0.0183  0.0183  0.0183  0.0182  0.0183
  0.0184  0.0184  0.0184  0.0184  0.0184  0.0183  0.0182  0.0182  0.0182  0.0182  0.0182  0.0182
  0.0185  0.0185  0.0184  0.0184  0.0183  0.0181  0.0183  0.0184  0.0183  0.0183  0.0182  0.0183
  0.0187  0.0187  0.0186  0.0185  0.0189  0.0185  0.0186  0.0187  0.0185  0.0186  0.0183  0.0184
  0.0191  0.0191  0.0188  0.0191  0.0204  0.0199  0.0190  0.0193  0.0188  0.0191  0.0185  0.0187
niter,ni,del,rscale     1    3    5.0000    0.4000
parameters
   -1.8159   -7.8258   18.2362  -12.8764  -12.7561   -5.4741
    2.7874   -4.9872   -2.3934    3.2510    5.9841  -12.0987
eta,q 0.98189 15.18820
  0.0186  0.0186  0.0185  0.0187  0.0196  0.0194  0.0186  0.0188  0.0185  0.0187  0.0183  0.0184
  0.0184  0.0184  0.0184  0.0185  0.0190  0.0190  0.0183  0.0184  0.0183  0.0184  0.0182  0.0183
  0.0183  0.0183  0.0183  0.0183  0.0185  0.0186  0.0182  0.0182  0.0182  0.0182  0.0181  0.0181
  0.0182  0.0182  0.0182  0.0182  0.0182  0.0182  0.0181  0.0181  0.0181  0.0181  0.0181  0.0181
  0.0183  0.0183  0.0182  0.0182  0.0182  0.0180  0.0182  0.0182  0.0181  0.0182  0.0181  0.0181
  0.0184  0.0184  0.0183  0.0183  0.0186  0.0184  0.0183  0.0185  0.0183  0.0184  0.0182  0.0182
  0.0187  0.0187  0.0185  0.0187  0.0195  0.0193  0.0186  0.0188  0.0185  0.0188  0.0183  0.0184
registration optimization eta report
parameter search radius
    0.8000    0.8000    0.8000    2.7600    2.7600    2.4000
    2.4000    2.4000    2.4000    2.4000    2.4000    2.4000
100000*second partial in parameter space
       71.       69.       45.        6.       18.       20.
        9.       12.        6.       11.        3.        6.
  0.0186  0.0186  0.0185  0.0187  0.0196  0.0194  0.0186  0.0188  0.0185  0.0187  0.0183  0.0184
  0.0184  0.0184  0.0184  0.0185  0.0190  0.0190  0.0183  0.0184  0.0183  0.0184  0.0182  0.0183
  0.0183  0.0183  0.0183  0.0183  0.0185  0.0186  0.0182  0.0182  0.0182  0.0182  0.0181  0.0181
  0.0182  0.0182  0.0182  0.0182  0.0182  0.0182  0.0181  0.0181  0.0181  0.0181  0.0181  0.0181
  0.0183  0.0183  0.0182  0.0182  0.0182  0.0180  0.0182  0.0182  0.0181  0.0182  0.0181  0.0181
  0.0184  0.0184  0.0183  0.0183  0.0186  0.0184  0.0183  0.0185  0.0183  0.0184  0.0182  0.0182
  0.0187  0.0187  0.0185  0.0187  0.0195  0.0193  0.0186  0.0188  0.0185  0.0188  0.0183  0.0184
   -1.8159   -7.8258   18.2362  -12.8764  -12.7561   -5.4741
    2.7874   -4.9872   -2.3934    3.2510    5.9841  -12.0987
eta,q 0.98189 15.18820

---------------------------------------------------------------------
imgreg_4dfp /opt/freesurfer/average/711-2C_as_mni_average_305 /opt/freesurfer/average/711-2B_as_mni_average_305_mask talsrcimg_g11 none talsrcimg_to_711-2C_as_mni_average_305_t4 2311
---------------------------------------------------------------------

freesurfer imgreg_4dfp.c
/opt/freesurfer/average/711-2C_as_mni_average_305.4dfp.img
       256       256       256         1
  1.000000  1.000000  1.000000
orientation T byte_order littleendian
Reading image: /opt/freesurfer/average/711-2C_as_mni_average_305.4dfp.img
dimensions:      256       256       256
mmppix:       1.0000   -1.0000   -1.0000
center:     128.0000 -129.0000 -129.0000
/opt/freesurfer/average/711-2B_as_mni_average_305_mask.4dfp.img
       256       256       256         1
  1.000000  1.000000  1.000000
orientation T byte_order littleendian
Reading mask: /opt/freesurfer/average/711-2B_as_mni_average_305_mask.4dfp.img (2306576 pixels)
talsrcimg_g11.4dfp.img
       256       256       256         1
  1.000000  1.000000  1.000000
orientation T byte_order littleendian
Reading image: talsrcimg_g11.4dfp.img
dimensions:      256       256       256
mmppix:       1.0000   -1.0000   -1.0000
center:     128.0000 -129.0000 -129.0000
fimgreg.f
image alignment mode   2311 decimal      907 hex
parameters
   -1.8159   -7.8258   18.2362  -12.8764  -12.7561   -5.4741
    2.7874   -4.9872   -2.3934    3.2510    5.9841  -12.0987
eta,q 0.98189 15.18820
niter,ni,del,rscale     5    3    5.0000    0.8000
parameters
   -1.8699   -7.9188   18.4214  -13.6216  -13.1571   -6.2304
    2.8548   -5.0296   -2.4733    2.8646    5.4967  -11.7866
eta,q 0.98139 15.13158
  0.0199  0.0197  0.0198  0.0193  0.0213  0.0208  0.0204  0.0211  0.0199  0.0202  0.0190  0.0197
  0.0189  0.0188  0.0188  0.0187  0.0199  0.0199  0.0195  0.0194  0.0192  0.0192  0.0187  0.0191
  0.0183  0.0183  0.0183  0.0183  0.0188  0.0191  0.0189  0.0187  0.0188  0.0187  0.0186  0.0187
  0.0181  0.0181  0.0181  0.0181  0.0182  0.0183  0.0186  0.0186  0.0186  0.0186  0.0186  0.0186
  0.0183  0.0183  0.0182  0.0182  0.0184  0.0184  0.0188  0.0190  0.0187  0.0189  0.0187  0.0187
  0.0190  0.0190  0.0185  0.0190  0.0201  0.0206  0.0193  0.0197  0.0192  0.0196  0.0189  0.0189
  0.0202  0.0202  0.0191  0.0212  0.0235  0.0252  0.0204  0.0210  0.0200  0.0209  0.0192  0.0194
niter,ni,del,rscale     4    3    5.0000    0.7000
parameters
   -1.7782   -7.8212   18.2671  -13.2596  -13.0437   -6.2362
    2.7533   -4.8984   -2.3927    2.9834    5.5025  -11.9396
eta,q 0.98149 15.14934
  0.0201  0.0200  0.0191  0.0198  0.0213  0.0207  0.0199  0.0208  0.0196  0.0201  0.0189  0.0192
  0.0193  0.0193  0.0187  0.0192  0.0202  0.0199  0.0191  0.0192  0.0190  0.0192  0.0187  0.0188
  0.0188  0.0188  0.0186  0.0188  0.0192  0.0192  0.0187  0.0186  0.0187  0.0187  0.0185  0.0186
  0.0186  0.0186  0.0186  0.0186  0.0185  0.0185  0.0185  0.0185  0.0185  0.0185  0.0185  0.0185
  0.0187  0.0187  0.0187  0.0185  0.0185  0.0181  0.0187  0.0188  0.0186  0.0186  0.0186  0.0186
  0.0191  0.0190  0.0190  0.0187  0.0194  0.0191  0.0192  0.0193  0.0189  0.0191  0.0187  0.0189
  0.0198  0.0197  0.0193  0.0196  0.0216  0.0217  0.0201  0.0203  0.0196  0.0200  0.0189  0.0193
niter,ni,del,rscale     3    3    5.0000    0.6000
parameters
   -1.7740   -7.8261   18.2001  -13.0717  -12.8683   -6.0071
    2.7364   -4.8809   -2.3638    3.1328    5.7076  -12.0472
eta,q 0.98166 15.16891
  0.0195  0.0194  0.0190  0.0193  0.0207  0.0204  0.0194  0.0200  0.0192  0.0197  0.0187  0.0189
  0.0190  0.0189  0.0187  0.0189  0.0198  0.0197  0.0188  0.0189  0.0187  0.0189  0.0185  0.0186
  0.0186  0.0186  0.0185  0.0187  0.0190  0.0191  0.0185  0.0184  0.0184  0.0185  0.0184  0.0184
  0.0185  0.0185  0.0185  0.0185  0.0185  0.0184  0.0183  0.0183  0.0183  0.0183  0.0183  0.0183
  0.0186  0.0186  0.0186  0.0185  0.0184  0.0181  0.0185  0.0186  0.0184  0.0184  0.0184  0.0184
  0.0189  0.0189  0.0188  0.0187  0.0191  0.0187  0.0188  0.0190  0.0187  0.0188  0.0185  0.0187
  0.0195  0.0195  0.0190  0.0193  0.0207  0.0206  0.0195  0.0198  0.0192  0.0195  0.0186  0.0190
niter,ni,del,rscale     2    3    5.0000    0.5000
parameters
   -1.7956   -7.8518   18.1908  -12.9278  -12.7329   -5.7556
    2.7546   -4.9260   -2.3704    3.2029    5.8863  -12.0908
eta,q 0.98180 15.18336
  0.0190  0.0190  0.0187  0.0189  0.0199  0.0199  0.0190  0.0193  0.0188  0.0192  0.0185  0.0187
  0.0186  0.0186  0.0185  0.0186  0.0192  0.0194  0.0186  0.0186  0.0185  0.0186  0.0183  0.0184
  0.0184  0.0184  0.0184  0.0184  0.0187  0.0188  0.0183  0.0182  0.0183  0.0183  0.0182  0.0182
  0.0183  0.0183  0.0183  0.0183  0.0183  0.0183  0.0182  0.0182  0.0182  0.0182  0.0182  0.0182
  0.0184  0.0184  0.0184  0.0183  0.0183  0.0181  0.0183  0.0184  0.0183  0.0183  0.0182  0.0183
  0.0187  0.0187  0.0185  0.0185  0.0188  0.0185  0.0185  0.0187  0.0185  0.0186  0.0183  0.0184
  0.0191  0.0191  0.0187  0.0189  0.0199  0.0199  0.0190  0.0193  0.0188  0.0191  0.0184  0.0187
niter,ni,del,rscale     1    3    5.0000    0.4000
parameters
   -1.8178   -7.8811   18.2273  -12.8524  -12.6271   -5.4950
    2.7648   -4.9825   -2.3780    3.1993    5.9976  -12.0890
eta,q 0.98190 15.19166
  0.0186  0.0186  0.0185  0.0186  0.0193  0.0194  0.0186  0.0188  0.0185  0.0187  0.0183  0.0184
  0.0184  0.0184  0.0183  0.0184  0.0188  0.0190  0.0183  0.0183  0.0183  0.0184  0.0182  0.0182
  0.0183  0.0182  0.0182  0.0183  0.0184  0.0186  0.0182  0.0181  0.0181  0.0182  0.0181  0.0181
  0.0182  0.0182  0.0182  0.0182  0.0182  0.0182  0.0181  0.0181  0.0181  0.0181  0.0181  0.0181
  0.0183  0.0183  0.0182  0.0182  0.0182  0.0180  0.0182  0.0182  0.0181  0.0182  0.0181  0.0181
  0.0184  0.0184  0.0183  0.0183  0.0185  0.0183  0.0183  0.0185  0.0183  0.0184  0.0182  0.0182
  0.0187  0.0187  0.0185  0.0186  0.0192  0.0192  0.0186  0.0188  0.0185  0.0187  0.0183  0.0184
registration optimization eta report
parameter search radius
    0.8000    0.8000    0.8000    2.4000    2.4000    2.4000
    2.4000    2.4000    2.4000    2.4000    2.4000    2.4000
100000*second partial in parameter space
       72.       71.       46.        6.       18.       20.
        9.       12.        7.       11.        3.        6.
  0.0186  0.0186  0.0185  0.0186  0.0193  0.0194  0.0186  0.0188  0.0185  0.0187  0.0183  0.0184
  0.0184  0.0184  0.0183  0.0184  0.0188  0.0190  0.0183  0.0183  0.0183  0.0184  0.0182  0.0182
  0.0183  0.0182  0.0182  0.0183  0.0184  0.0186  0.0182  0.0181  0.0181  0.0182  0.0181  0.0181
  0.0182  0.0182  0.0182  0.0182  0.0182  0.0182  0.0181  0.0181  0.0181  0.0181  0.0181  0.0181
  0.0183  0.0183  0.0182  0.0182  0.0182  0.0180  0.0182  0.0182  0.0181  0.0182  0.0181  0.0181
  0.0184  0.0184  0.0183  0.0183  0.0185  0.0183  0.0183  0.0185  0.0183  0.0184  0.0182  0.0182
  0.0187  0.0187  0.0185  0.0186  0.0192  0.0192  0.0186  0.0188  0.0185  0.0187  0.0183  0.0184
   -1.8178   -7.8811   18.2273  -12.8524  -12.6271   -5.4950
    2.7648   -4.9825   -2.3780    3.1993    5.9976  -12.0890
eta,q 0.98190 15.19166

---------------------------------------------------------------------
compute_vox2vox talsrcimg talsrcimg_to_711-2C_as_mni_average_305_t4 /opt/freesurfer/average/711-2C_as_mni_average_305
---------------------------------------------------------------------

freesurfer compute_vox2vox.c
Reading: talsrcimg.4dfp.ifh
Reading: talsrcimg_to_711-2C_as_mni_average_305_t4
Reading: /opt/freesurfer/average/711-2C_as_mni_average_305.4dfp.ifh
Writing: talsrcimg_to_711-2C_as_mni_average_305_t4_vox2vox.txt

start time Sat Mar 7 03:24:57 CET 2026
end		time Sat Mar 7 03:26:23 CET 2026

mpr2mni305 success

avi2talxfm orig_nu.mgz /opt/freesurfer/average/mni305.cor.mgz talsrcimg_to_711-2C_as_mni_average_305_t4_vox2vox.txt transforms/talairach.auto.xfm
avi2talxfm done
mv -f /out/sourcedata/freesurfer/sub-v1s18x0051262_ses-1/mri/talsrcimg_to_711-2C_as_mni_average_305_t4_vox2vox.txt /out/sourcedata/freesurfer/sub-v1s18x0051262_ses-1/mri/transforms/talsrcimg_to_711-2C_as_mni_average_305_t4_vox2vox.txt
lta_convert --src orig_nu.mgz --trg /opt/freesurfer/average/mni305.cor.mgz --inxfm transforms/talairach.auto.xfm --outlta transforms/talairach.auto.xfm.lta --subject fsaverage
7.3.2

--src: orig_nu.mgz src image (geometry).
--trg: /opt/freesurfer/average/mni305.cor.mgz trg image (geometry).
--inmni: transforms/talairach.auto.xfm input MNI/XFM transform.
--outlta: transforms/talairach.auto.xfm.lta output LTA.
--s: fsaverage subject name
 LTA read, type : 1
 1.14251   0.06117  -0.02769  -6.29872;
-0.06821   1.04956   0.14738  -24.79278;
 0.03359  -0.03677   1.13837   1.66681;
 0.00000   0.00000   0.00000   1.00000;
setting subject to fsaverage
Writing  LTA to file transforms/talairach.auto.xfm.lta...
lta_convert successful.
 
 
Started at Sat Mar 7 03:24:56 CET 2026
Ended   at Sat Mar  7 03:26:24 CET 2026
talairach_avi done
