status file for recon-all
Fri Mar  6 10:42:17 CET 2026
#@# Tessellate rh Fri Mar  6 10:42:17 CET 2026
#@# Smooth1 rh Fri Mar  6 10:42:19 CET 2026
#@# Inflation1 rh Fri Mar  6 10:42:21 CET 2026
#@# QSphere rh Fri Mar  6 10:42:32 CET 2026
#@# Fix Topology rh Fri Mar  6 10:43:39 CET 2026
#@# Smooth2 rh Fri Mar  6 10:47:32 CET 2026
#@# Inflation2 rh Fri Mar  6 10:47:33 CET 2026
#@# Curv .H and .K rh Fri Mar  6 10:47:45 CET 2026
#@# Sphere rh Fri Mar  6 10:48:18 CET 2026
#@# Surf Reg rh Fri Mar  6 10:50:36 CET 2026
#@# Jacobian white rh Fri Mar  6 10:52:48 CET 2026
#@# AvgCurv rh Fri Mar  6 10:52:49 CET 2026
#@# Cortical Parc rh Fri Mar  6 10:52:50 CET 2026
#@# white curv rh Fri Mar  6 10:57:06 CET 2026
#@# white area rh Fri Mar  6 10:57:07 CET 2026
#@# pial curv rh Fri Mar  6 10:57:08 CET 2026
#@# pial area rh Fri Mar  6 10:57:09 CET 2026
#@# thickness rh Fri Mar  6 10:57:09 CET 2026
#@# area and vertex vol rh Fri Mar  6 10:57:26 CET 2026
#@# Curvature Stats rh Fri Mar  6 10:57:27 CET 2026
#@# Cortical Parc 2 rh Fri Mar  6 10:57:28 CET 2026
#@# Cortical Parc 3 rh Fri Mar  6 10:57:37 CET 2026
#@# WM/GM Contrast rh Fri Mar  6 10:57:43 CET 2026
recon-all -s sub-v1s10x0051033_ses-1 finished without error at Fri Mar  6 10:57:46 CET 2026



#New# invocation of recon-all 



status file for recon-all
Fri Mar  6 11:02:11 CET 2026
#@# white curv rh Fri Mar  6 11:02:11 CET 2026
#@# white area rh Fri Mar  6 11:02:11 CET 2026
#@# pial curv rh Fri Mar  6 11:02:11 CET 2026
#@# pial area rh Fri Mar  6 11:02:11 CET 2026
#@# thickness rh Fri Mar  6 11:02:11 CET 2026
#@# area and vertex vol rh Fri Mar  6 11:02:11 CET 2026
#@# Parcellation Stats rh Fri Mar  6 11:02:11 CET 2026
#@# Parcellation Stats 2 rh Fri Mar  6 11:02:23 CET 2026
#@# Parcellation Stats 3 rh Fri Mar  6 11:02:29 CET 2026
#@# BA_exvivo Labels rh Fri Mar  6 11:02:35 CET 2026
recon-all -s sub-v1s10x0051033_ses-1 finished without error at Fri Mar  6 11:04:12 CET 2026
