Log file for defect2seg
Sat Mar  7 02:21:17 CET 2026

setenv SUBJECTS_DIR /out/sourcedata/freesurfer
cd /out/sourcedata/freesurfer/sub-v1s18x0051220_ses-1/scripts
/opt/freesurfer/bin/defect2seg --s sub-v1s18x0051220_ses-1 --rh-only --cortex

freesurfer-linux-ubuntu22_x86_64-7.3.2-20220804-6354275
defect2seg 7.3.2
Linux dna047 5.14.0-427.37.1.el9_4.x86_64 #1 SMP PREEMPT_DYNAMIC Fri Sep 13 12:41:50 EDT 2024 x86_64 x86_64 x86_64 GNU/Linux
pid 1512989
mri_label2label --label-cortex /out/sourcedata/freesurfer/sub-v1s18x0051220_ses-1/surf/rh.orig.nofix /out/sourcedata/freesurfer/sub-v1s18x0051220_ses-1/mri/aseg.presurf.mgz 0 /out/sourcedata/freesurfer/sub-v1s18x0051220_ses-1/label/rh.nofix.cortex.label

 Generating cortex label... RemoveHipAmgy=0
 NucAccIsMedialWall=0
 mris->useRealRAS=0
30 non-cortical segments detected
only using segment with 6628 vertices
erasing segment 1 (vno[0] = 35728)
erasing segment 2 (vno[0] = 38592)
erasing segment 3 (vno[0] = 40636)
erasing segment 4 (vno[0] = 54894)
erasing segment 5 (vno[0] = 54906)
erasing segment 6 (vno[0] = 58175)
erasing segment 7 (vno[0] = 58204)
erasing segment 8 (vno[0] = 58298)
erasing segment 9 (vno[0] = 60614)
erasing segment 10 (vno[0] = 60627)
erasing segment 11 (vno[0] = 66224)
erasing segment 12 (vno[0] = 67112)
erasing segment 13 (vno[0] = 67120)
erasing segment 14 (vno[0] = 68328)
erasing segment 15 (vno[0] = 74040)
erasing segment 16 (vno[0] = 76412)
erasing segment 17 (vno[0] = 76430)
erasing segment 18 (vno[0] = 76464)
erasing segment 19 (vno[0] = 76483)
erasing segment 20 (vno[0] = 76514)
erasing segment 21 (vno[0] = 77592)
erasing segment 22 (vno[0] = 78498)
erasing segment 23 (vno[0] = 78528)
erasing segment 24 (vno[0] = 79478)
erasing segment 25 (vno[0] = 79519)
erasing segment 26 (vno[0] = 80544)
erasing segment 27 (vno[0] = 82507)
erasing segment 28 (vno[0] = 94694)
erasing segment 29 (vno[0] = 96157)
mri_label2vol --defects /out/sourcedata/freesurfer/sub-v1s18x0051220_ses-1/surf/rh.orig.nofix /out/sourcedata/freesurfer/sub-v1s18x0051220_ses-1/surf/rh.defect_labels /out/sourcedata/freesurfer/sub-v1s18x0051220_ses-1/mri/orig.mgz 2000 0 /out/sourcedata/freesurfer/sub-v1s18x0051220_ses-1/mri/rh.surface.defects.mgz /out/sourcedata/freesurfer/sub-v1s18x0051220_ses-1/label/rh.nofix.cortex.label
mri_label2vol supposed to be reproducible but seed not set
Contraining to label /out/sourcedata/freesurfer/sub-v1s18x0051220_ses-1/label/rh.nofix.cortex.label
Changing input type 0 to MRI_INT
Converting defects to volume: offset=2000, merge=0
Writing to /out/sourcedata/freesurfer/sub-v1s18x0051220_ses-1/mri/rh.surface.defects.mgz
mris_defects_pointset -s /out/sourcedata/freesurfer/sub-v1s18x0051220_ses-1/surf/rh.orig.nofix -d /out/sourcedata/freesurfer/sub-v1s18x0051220_ses-1/surf/rh.defect_labels -o /out/sourcedata/freesurfer/sub-v1s18x0051220_ses-1/surf/rh.defects.pointset --label /out/sourcedata/freesurfer/sub-v1s18x0051220_ses-1/label/rh.nofix.cortex.label
Reading in surface /out/sourcedata/freesurfer/sub-v1s18x0051220_ses-1/surf/rh.orig.nofix
Reading in defect segmentation /out/sourcedata/freesurfer/sub-v1s18x0051220_ses-1/surf/rh.defect_labels
Reading in label /out/sourcedata/freesurfer/sub-v1s18x0051220_ses-1/label/rh.nofix.cortex.label
#VMPC# mris_defects_pointset 2165800
mris_defects_pointset done
 
Started at Sat Mar 7 02:21:17 CET 2026 
Ended   at Sat Mar  7 02:21:31 CET 2026
Defect2seg-Run-Time-Sec 14
Defect2seg-Run-Time-Min 0.28
Defect2seg-Run-Time-Hours 0.00
 
defect2seg Done
