/out/sourcedata/freesurfer/sub-v1s18x0051279_ses-1/mri
/opt/freesurfer/bin/talairach_avi
--i orig_nu.mgz --xfm transforms/talairach.auto.xfm
talairach_avi 7.3.2
Linux dna018 5.14.0-427.37.1.el9_4.x86_64 #1 SMP PREEMPT_DYNAMIC Fri Sep 13 12:41:50 EDT 2024 x86_64 x86_64 x86_64 GNU/Linux
Sat Mar  7 04:26:32 CET 2026
mri_convert orig_nu.mgz talsrcimg.img 
reading from orig_nu.mgz...
TR=0.00, TE=0.00, TI=0.00, flip angle=0.00
i_ras = (-1, 0, -3.72529e-09)
j_ras = (0, 0, -1)
k_ras = (0, 1, 0)
writing to talsrcimg.img...
Analyze Output Matrix
-1.00000   0.00000   0.00000   127.82012;
 0.00000   0.00000   1.00000  -121.95204;
-0.00000  -1.00000   0.00000   125.74007;
 0.00000   0.00000   0.00000   1.00000;
--------------------
INFO: set hdr.hist.orient to -1
mpr2mni305 talsrcimg
Sat Mar  7 04:26:33 CET 2026
/opt/freesurfer/bin/mpr2mni305 talsrcimg
mpr2mni305 7.3.2
target=711-2C_as_mni_average_305

---------------------------------------------------------------------
analyzeto4dfp talsrcimg -O0 -y
---------------------------------------------------------------------

freesurfer ifh2hdr.c
Sat Mar  7 04:26:33 2026
Writing: talsrcimg.4dfp.hdr
freesurfer analyzeto4dfp.c
Reading: talsrcimg.hdr
header size 348 bytes
hdr.dime.datatype	offset=70	value=2
hdr.dime.bitpix		offset=72	value=8
hdr.hist.orient		offset=252	value=-1
dimensionality     4
dimensions       256       256       256         1
Reading: talsrcimg.img
Writing: talsrcimg.4dfp.img
Writing: talsrcimg.4dfp.ifh
ifh2hdr talsrcimg -r0to234
ori=2

---------------------------------------------------------------------
gauss_4dfp talsrcimg 1.1
---------------------------------------------------------------------

freesurfer gauss_4dfp.c
Reading: talsrcimg.4dfp.img
Writing: talsrcimg_g11.4dfp.img
image dimensions 256 256 256 padded to 288 288 288
processing volume 1freesurfer ifh2hdr.c
Sat Mar  7 04:26:35 2026
Writing: talsrcimg_g11.4dfp.hdr

Writing: talsrcimg_g11.4dfp.ifh
including: talsrcimg.4dfp.img.rec in talsrcimg_g11.4dfp.img.rec

---------------------------------------------------------------------
imgreg_4dfp /opt/freesurfer/average/711-2C_as_mni_average_305 none talsrcimg_g11 none talsrcimg_to_711-2C_as_mni_average_305_t4 4355
---------------------------------------------------------------------

freesurfer imgreg_4dfp.c
/opt/freesurfer/average/711-2C_as_mni_average_305.4dfp.img
       256       256       256         1
  1.000000  1.000000  1.000000
orientation T byte_order littleendian
Reading image: /opt/freesurfer/average/711-2C_as_mni_average_305.4dfp.img
dimensions:      256       256       256
mmppix:       1.0000   -1.0000   -1.0000
center:     128.0000 -129.0000 -129.0000
talsrcimg_g11.4dfp.img
       256       256       256         1
  1.000000  1.000000  1.000000
orientation T byte_order littleendian
Reading image: talsrcimg_g11.4dfp.img
dimensions:      256       256       256
mmppix:       1.0000   -1.0000   -1.0000
center:     128.0000 -129.0000 -129.0000
t4_read: open error in t4_sub.f l:  41 t4_file(1:l)talsrcimg_to_711-2C_as_mni_average_305_t4 
t4_read: transform initialized to I4
rotation matrix determinant  1.000000
image alignment mode   4355 decimal     1103 hex
   -7.5000  -45.0000  -45.0000 5278.7988   19.2129
    0.0000  -45.0000  -45.0000 5499.6895   19.1221
    7.5000  -45.0000  -45.0000 5269.5649   19.1014
   -7.5000  -37.5000  -45.0000 5786.7915   18.6840
    0.0000  -37.5000  -45.0000 6026.8970   18.6033
    7.5000  -37.5000  -45.0000 5794.9258   18.5835
   -7.5000  -30.0000  -45.0000 6547.7422   18.2712
    0.0000  -30.0000  -45.0000 6799.8232   18.2007
    7.5000  -30.0000  -45.0000 6553.2788   18.1781
   -7.5000  -22.5000  -45.0000 7360.7935   18.0903
    0.0000  -22.5000  -45.0000 7635.0117   18.0232
    7.5000  -22.5000  -45.0000 7359.3472   17.9966
   -7.5000  -15.0000  -45.0000 8224.9473   17.9572
    0.0000  -15.0000  -45.0000 8528.4707   17.8852
    7.5000  -15.0000  -45.0000 8195.7832   17.8574
   -7.5000   -7.5000  -45.0000 9088.5166   17.8879
    0.0000   -7.5000  -45.0000 9423.7598   17.8099
    7.5000   -7.5000  -45.0000 9053.1504   17.7866
   -7.5000    0.0000  -45.0000 9871.6201   17.8654
    0.0000    0.0000  -45.000010264.2998   17.7870
    7.5000    0.0000  -45.0000 9865.0615   17.7694
   -7.5000    7.5000  -45.0000 9891.7217   17.8787
    0.0000    7.5000  -45.000010308.9336   17.8044
    7.5000    7.5000  -45.0000 9860.5225   17.7872
   -7.5000   15.0000  -45.0000 9778.7793   17.9080
    0.0000   15.0000  -45.000010191.0547   17.8402
    7.5000   15.0000  -45.0000 9775.1621   17.8189
   -7.5000   22.5000  -45.0000 9597.8379   17.9211
    0.0000   22.5000  -45.000010009.6758   17.8553
    7.5000   22.5000  -45.0000 9605.2334   17.8294
   -7.5000   30.0000  -45.0000 9392.6943   17.6770
    0.0000   30.0000  -45.0000 9775.7812   17.6062
    7.5000   30.0000  -45.0000 9404.5889   17.5790
   -7.5000   37.5000  -45.0000 9479.4258   17.6483
    0.0000   37.5000  -45.0000 9860.0137   17.5714
    7.5000   37.5000  -45.0000 9462.2432   17.5485
   -7.5000   45.0000  -45.0000 9010.7793   17.1797
    0.0000   45.0000  -45.0000 9364.8672   17.1043
    7.5000   45.0000  -45.0000 9012.6836   17.0874
   -7.5000  -45.0000  -37.5000 5661.6704   18.8789
    0.0000  -45.0000  -37.5000 5882.1069   18.7881
    7.5000  -45.0000  -37.5000 5641.8394   18.7774
   -7.5000  -37.5000  -37.5000 6196.1309   18.3545
    0.0000  -37.5000  -37.5000 6435.2441   18.2715
    7.5000  -37.5000  -37.5000 6191.3115   18.2587
   -7.5000  -30.0000  -37.5000 7002.2412   17.9421
    0.0000  -30.0000  -37.5000 7262.2358   17.8648
    7.5000  -30.0000  -37.5000 6987.3335   17.8493
   -7.5000  -22.5000  -37.5000 7867.2173   17.7595
    0.0000  -22.5000  -37.5000 8179.5269   17.6833
    7.5000  -22.5000  -37.5000 7846.8413   17.6671
   -7.5000  -15.0000  -37.5000 8805.7520   17.6314
    0.0000  -15.0000  -37.5000 9152.4971   17.5515
    7.5000  -15.0000  -37.5000 8752.3789   17.5366
   -7.5000   -7.5000  -37.5000 9761.5078   17.5695
    0.0000   -7.5000  -37.500010132.8828   17.4880
    7.5000   -7.5000  -37.5000 9687.9336   17.4761
   -7.5000    0.0000  -37.500010587.5859   17.5502
    0.0000    0.0000  -37.500011007.2246   17.4716
    7.5000    0.0000  -37.500010530.1680   17.4625
   -7.5000    7.5000  -37.500010571.6260   17.5581
    0.0000    7.5000  -37.500011004.6719   17.4819
    7.5000    7.5000  -37.500010529.8291   17.4709
   -7.5000   15.0000  -37.500010432.9229   17.5796
    0.0000   15.0000  -37.500010851.2334   17.5052
    7.5000   15.0000  -37.500010376.3232   17.4906
   -7.5000   22.5000  -37.500010234.1104   17.5907
    0.0000   22.5000  -37.500010657.2646   17.5157
    7.5000   22.5000  -37.500010178.7188   17.5000
   -7.5000   30.0000  -37.5000 9999.5850   17.3555
    0.0000   30.0000  -37.500010405.9189   17.2769
    7.5000   30.0000  -37.5000 9952.9629   17.2624
   -7.5000   37.5000  -37.500010060.0459   17.3342
    0.0000   37.5000  -37.500010465.4336   17.2538
    7.5000   37.5000  -37.500010008.2256   17.2422
   -7.5000   45.0000  -37.5000 9571.6504   16.8766
    0.0000   45.0000  -37.5000 9944.7832   16.8010
    7.5000   45.0000  -37.5000 9530.2842   16.7923
   -7.5000  -45.0000  -30.0000 6117.6685   19.3454
    0.0000  -45.0000  -30.0000 6357.9473   19.2527
    7.5000  -45.0000  -30.0000 6103.0493   19.2453
   -7.5000  -37.5000  -30.0000 6688.2817   18.8105
    0.0000  -37.5000  -30.0000 6950.0586   18.7279
    7.5000  -37.5000  -30.0000 6690.5713   18.7190
   -7.5000  -30.0000  -30.0000 7588.5405   18.3858
    0.0000  -30.0000  -30.0000 7859.4062   18.3069
    7.5000  -30.0000  -30.0000 7555.9883   18.2968
   -7.5000  -22.5000  -30.0000 8569.6533   18.1940
    0.0000  -22.5000  -30.0000 8896.0723   18.1126
    7.5000  -22.5000  -30.0000 8506.4160   18.1028
   -7.5000  -15.0000  -30.0000 9590.0498   18.0620
    0.0000  -15.0000  -30.0000 9964.7979   17.9749
    7.5000  -15.0000  -30.0000 9518.3252   17.9661
   -7.5000   -7.5000  -30.000010636.7461   18.0028
    0.0000   -7.5000  -30.000011047.1230   17.9158
    7.5000   -7.5000  -30.000010516.5664   17.9082
   -7.5000    0.0000  -30.000011519.9043   17.9874
    0.0000    0.0000  -30.000011973.0801   17.9070
    7.5000    0.0000  -30.000011403.1445   17.9010
   -7.5000    7.5000  -30.000011458.0293   17.9953
    0.0000    7.5000  -30.000011929.4346   17.9194
    7.5000    7.5000  -30.000011354.1768   17.9121
   -7.5000   15.0000  -30.000011283.0488   18.0141
    0.0000   15.0000  -30.000011736.6543   17.9383
    7.5000   15.0000  -30.000011160.4756   17.9289
   -7.5000   22.5000  -30.000011038.2061   18.0203
    0.0000   22.5000  -30.000011485.5693   17.9402
    7.5000   22.5000  -30.000010945.2920   17.9308
   -7.5000   30.0000  -30.000010789.1309   17.7818
    0.0000   30.0000  -30.000011236.9941   17.6961
    7.5000   30.0000  -30.000010702.5811   17.6875
   -7.5000   37.5000  -30.000010873.4785   17.7634
    0.0000   37.5000  -30.000011304.1650   17.6776
    7.5000   37.5000  -30.000010745.1973   17.6702
   -7.5000   45.0000  -30.000010334.1875   17.3098
    0.0000   45.0000  -30.000010718.6895   17.2323
    7.5000   45.0000  -30.000010201.5664   17.2266
   -7.5000  -45.0000  -22.5000 6615.5977   19.8172
    0.0000  -45.0000  -22.5000 6868.5698   19.7255
    7.5000  -45.0000  -22.5000 6611.1562   19.7110
   -7.5000  -37.5000  -22.5000 7261.2217   19.2723
    0.0000  -37.5000  -22.5000 7525.8638   19.1937
    7.5000  -37.5000  -22.5000 7259.7773   19.1816
   -7.5000  -30.0000  -22.5000 8252.9473   18.8393
    0.0000  -30.0000  -22.5000 8546.7559   18.7666
    7.5000  -30.0000  -22.5000 8198.6055   18.7545
   -7.5000  -22.5000  -22.5000 9347.5186   18.6452
    0.0000  -22.5000  -22.5000 9703.5137   18.5692
    7.5000  -22.5000  -22.5000 9263.5361   18.5548
   -7.5000  -15.0000  -22.500010470.8926   18.5108
    0.0000  -15.0000  -22.500010860.6523   18.4268
    7.5000  -15.0000  -22.500010344.9844   18.4105
   -7.5000   -7.5000  -22.500011574.5928   18.4499
    0.0000   -7.5000  -22.500011997.3643   18.3640
    7.5000   -7.5000  -22.500011409.0420   18.3483
   -7.5000    0.0000  -22.500012493.2432   18.4336
    0.0000    0.0000  -22.500012975.4072   18.3542
    7.5000    0.0000  -22.500012304.0234   18.3422
   -7.5000    7.5000  -22.500012394.5137   18.4411
    0.0000    7.5000  -22.500012887.4512   18.3687
    7.5000    7.5000  -22.500012247.7930   18.3587
   -7.5000   15.0000  -22.500012185.4863   18.4611
    0.0000   15.0000  -22.500012661.4912   18.3912
    7.5000   15.0000  -22.500012033.0547   18.3799
   -7.5000   22.5000  -22.500011959.6592   18.4675
    0.0000   22.5000  -22.500012431.1367   18.3928
    7.5000   22.5000  -22.500011795.3057   18.3786
   -7.5000   30.0000  -22.500011689.7158   18.2268
    0.0000   30.0000  -22.500012157.3535   18.1442
    7.5000   30.0000  -22.500011480.4141   18.1281
   -7.5000   37.5000  -22.500011751.1777   18.2074
    0.0000   37.5000  -22.500012215.2432   18.1226
    7.5000   37.5000  -22.500011521.9326   18.1072
   -7.5000   45.0000  -22.500011114.5205   17.7525
    0.0000   45.0000  -22.500011555.6709   17.6760
    7.5000   45.0000  -22.500010909.2012   17.6644
   -7.5000  -45.0000  -15.0000 7150.1885   20.2666
    0.0000  -45.0000  -15.0000 7391.1475   20.1762
    7.5000  -45.0000  -15.0000 7100.3066   20.1528
   -7.5000  -37.5000  -15.0000 7877.1582   19.7150
    0.0000  -37.5000  -15.0000 8134.0474   19.6393
    7.5000  -37.5000  -15.0000 7805.6895   19.6217
   -7.5000  -30.0000  -15.0000 8959.2617   19.2778
    0.0000  -30.0000  -15.0000 9277.0361   19.2116
    7.5000  -30.0000  -15.0000 8860.1104   19.1935
   -7.5000  -22.5000  -15.000010168.9404   19.0804
    0.0000  -22.5000  -15.000010514.9150   19.0127
    7.5000  -22.5000  -15.000010010.6201   18.9883
   -7.5000  -15.0000  -15.000011372.9727   18.9397
    0.0000  -15.0000  -15.000011754.4951   18.8633
    7.5000  -15.0000  -15.000011172.2363   18.8341
   -7.5000   -7.5000  -15.000012510.5596   18.8723
    0.0000   -7.5000  -15.000012983.0400   18.7904
    7.5000   -7.5000  -15.000012314.1855   18.7633
   -7.5000    0.0000  -15.000013471.1475   18.8534
    0.0000    0.0000  -15.000014028.5537   18.7753
    7.5000    0.0000  -15.000013287.1855   18.7553
   -7.5000    7.5000  -15.000013399.7207   18.8646
    0.0000    7.5000  -15.000013933.8955   18.7949
    7.5000    7.5000  -15.000013204.0635   18.7798
   -7.5000   15.0000  -15.000013203.7002   18.8906
    0.0000   15.0000  -15.000013687.7793   18.8270
    7.5000   15.0000  -15.000012954.9170   18.8099
   -7.5000   22.5000  -15.000012968.4922   18.8977
    0.0000   22.5000  -15.000013432.9824   18.8313
    7.5000   22.5000  -15.000012671.3066   18.8074
   -7.5000   30.0000  -15.000012639.3701   18.6517
    0.0000   30.0000  -15.000013106.0684   18.5765
    7.5000   30.0000  -15.000012347.3770   18.5478
   -7.5000   37.5000  -15.000012646.9170   18.6269
    0.0000   37.5000  -15.000013149.0635   18.5460
    7.5000   37.5000  -15.000012352.9121   18.5193
   -7.5000   45.0000  -15.000011945.7441   18.1678
    0.0000   45.0000  -15.000012424.8643   18.0925
    7.5000   45.0000  -15.000011682.4414   18.0732
   -7.5000  -45.0000   -7.5000 7750.3198   20.5350
    0.0000  -45.0000   -7.5000 7982.3584   20.4413
    7.5000  -45.0000   -7.5000 7665.8564   20.4145
   -7.5000  -37.5000   -7.5000 8550.7656   19.9779
    0.0000  -37.5000   -7.5000 8825.3965   19.8980
    7.5000  -37.5000   -7.5000 8466.3721   19.8765
   -7.5000  -30.0000   -7.5000 9732.9326   19.5393
    0.0000  -30.0000   -7.500010060.1309   19.4712
    7.5000  -30.0000   -7.5000 9608.9395   19.4481
   -7.5000  -22.5000   -7.500011032.5781   19.3408
    0.0000  -22.5000   -7.500011404.4658   19.2746
    7.5000  -22.5000   -7.500010840.0693   19.2442
   -7.5000  -15.0000   -7.500012308.4297   19.1967
    0.0000  -15.0000   -7.500012736.2363   19.1229
    7.5000  -15.0000   -7.500012086.3154   19.0880
   -7.5000   -7.5000   -7.500013501.0020   19.1234
    0.0000   -7.5000   -7.500014030.8477   19.0422
    7.5000   -7.5000   -7.500013285.2939   19.0108
   -7.5000    0.0000   -7.500014537.4512   19.1012
    0.0000    0.0000   -7.500015163.7754   19.0203
    7.5000    0.0000   -7.500014351.6748   18.9972
   -7.5000    7.5000   -7.500014482.8652   19.1155
    0.0000    7.5000   -7.500015087.8867   19.0419
    7.5000    7.5000   -7.500014267.9854   19.0229
   -7.5000   15.0000   -7.500014300.1094   19.1465
    0.0000   15.0000   -7.500014844.8975   19.0810
    7.5000   15.0000   -7.500014005.9248   19.0591
   -7.5000   22.5000   -7.500014040.3916   19.1534
    0.0000   22.5000   -7.500014556.1758   19.0884
    7.5000   22.5000   -7.500013665.0723   19.0588
   -7.5000   30.0000   -7.500013712.7822   18.9040
    0.0000   30.0000   -7.500014217.2979   18.8314
    7.5000   30.0000   -7.500013326.5332   18.7971
   -7.5000   37.5000   -7.500013727.2637   18.8742
    0.0000   37.5000   -7.500014244.6973   18.7940
    7.5000   37.5000   -7.500013320.1211   18.7631
   -7.5000   45.0000   -7.500012947.5957   18.4099
    0.0000   45.0000   -7.500013428.1836   18.3320
    7.5000   45.0000   -7.500012596.6309   18.3097
   -7.5000  -45.0000    0.0000 8281.4932   20.6131
    0.0000  -45.0000    0.0000 8558.3213   20.5153
    7.5000  -45.0000    0.0000 8206.3604   20.4939
   -7.5000  -37.5000    0.0000 9160.2402   20.0488
    0.0000  -37.5000    0.0000 9495.5664   19.9611
    7.5000  -37.5000    0.0000 9080.8428   19.9410
   -7.5000  -30.0000    0.000010435.1104   19.6077
    0.0000  -30.0000    0.000010811.7588   19.5304
    7.5000  -30.0000    0.000010302.8564   19.5073
   -7.5000  -22.5000    0.000011799.0605   19.4108
    0.0000  -22.5000    0.000012226.7988   19.3373
    7.5000  -22.5000    0.000011621.8359   19.3098
   -7.5000  -15.0000    0.000013139.9043   19.2698
    0.0000  -15.0000    0.000013631.4209   19.1917
    7.5000  -15.0000    0.000012941.3691   19.1626
   -7.5000   -7.5000    0.000014454.7529   19.1966
    0.0000   -7.5000    0.000015020.2637   19.1127
    7.5000   -7.5000    0.000014227.0078   19.0881
   -7.5000    0.0000    0.000015578.3105   19.1715
    0.0000    0.0000    0.000016248.3975   19.0871
    7.5000    0.0000    0.000015356.8574   19.0685
   -7.5000    7.5000    0.000015523.3428   19.1833
    0.0000    7.5000    0.000016153.7803   19.1027
    7.5000    7.5000    0.000015255.0537   19.0847
   -7.5000   15.0000    0.000015332.2236   19.2135
    0.0000   15.0000    0.000015908.4316   19.1391
    7.5000   15.0000    0.000014930.2285   19.1172
   -7.5000   22.5000    0.000015076.3477   19.2227
    0.0000   22.5000    0.000015616.1396   19.1505
    7.5000   22.5000    0.000014604.8301   19.1236
   -7.5000   30.0000    0.000014749.5488   18.9765
    0.0000   30.0000    0.000015305.7324   18.8997
    7.5000   30.0000    0.000014277.5068   18.8712
   -7.5000   37.5000    0.000014751.0303   18.9470
    0.0000   37.5000    0.000015273.4668   18.8641
    7.5000   37.5000    0.000014268.0830   18.8399
   -7.5000   45.0000    0.000013907.1162   18.4791
    0.0000   45.0000    0.000014381.5205   18.3977
    7.5000   45.0000    0.000013449.9385   18.3798
   -7.5000  -45.0000    7.5000 8213.3398   20.6202
    0.0000  -45.0000    7.5000 8530.8154   20.5211
    7.5000  -45.0000    7.5000 8166.6909   20.5086
   -7.5000  -37.5000    7.5000 9097.9893   20.0504
    0.0000  -37.5000    7.5000 9445.8340   19.9596
    7.5000  -37.5000    7.5000 9000.7666   19.9446
   -7.5000  -30.0000    7.500010331.4814   19.6028
    0.0000  -30.0000    7.500010728.6602   19.5178
    7.5000  -30.0000    7.500010207.9824   19.4998
   -7.5000  -22.5000    7.500011664.0312   19.4041
    0.0000  -22.5000    7.500012111.2773   19.3205
    7.5000  -22.5000    7.500011510.2646   19.3018
   -7.5000  -15.0000    7.500012997.3535   19.2666
    0.0000  -15.0000    7.500013532.5674   19.1792
    7.5000  -15.0000    7.500012824.2832   19.1621
   -7.5000   -7.5000    7.500014291.4082   19.1997
    0.0000   -7.5000    7.500014891.9326   19.1108
    7.5000   -7.5000    7.500014131.6738   19.0971
   -7.5000    0.0000    7.500015468.3564   19.1776
    0.0000    0.0000    7.500016137.6396   19.0918
    7.5000    0.0000    7.500015311.5752   19.0811
   -7.5000    7.5000    7.500015478.2305   19.1854
    0.0000    7.5000    7.500016081.1240   19.1020
    7.5000    7.5000    7.500015198.8037   19.0889
   -7.5000   15.0000    7.500015246.9805   19.2091
    0.0000   15.0000    7.500015756.1816   19.1273
    7.5000   15.0000    7.500014846.9639   19.1104
   -7.5000   22.5000    7.500014998.3486   19.2161
    0.0000   22.5000    7.500015495.1553   19.1337
    7.5000   22.5000    7.500014539.4268   19.1156
   -7.5000   30.0000    7.500014654.3906   18.9735
    0.0000   30.0000    7.500015148.5371   18.8875
    7.5000   30.0000    7.500014175.0781   18.8707
   -7.5000   37.5000    7.500014612.3203   18.9500
    0.0000   37.5000    7.500015098.8750   18.8623
    7.5000   37.5000    7.500014134.6484   18.8488
   -7.5000   45.0000    7.500013731.1465   18.4850
    0.0000   45.0000    7.500014199.1475   18.4023
    7.5000   45.0000    7.500013291.7051   18.3920
   -7.5000  -45.0000   15.0000 8023.6553   20.5958
    0.0000  -45.0000   15.0000 8365.7207   20.4974
    7.5000  -45.0000   15.0000 7965.2271   20.4873
   -7.5000  -37.5000   15.0000 8896.9980   20.0259
    0.0000  -37.5000   15.0000 9245.9629   19.9381
    7.5000  -37.5000   15.0000 8780.0098   19.9264
   -7.5000  -30.0000   15.000010082.6689   19.5739
    0.0000  -30.0000   15.000010485.9883   19.4899
    7.5000  -30.0000   15.0000 9971.7969   19.4768
   -7.5000  -22.5000   15.000011355.4160   19.3722
    0.0000  -22.5000   15.000011805.3271   19.2855
    7.5000  -22.5000   15.000011235.1895   19.2728
   -7.5000  -15.0000   15.000012624.9531   19.2350
    0.0000  -15.0000   15.000013160.4033   19.1423
    7.5000  -15.0000   15.000012488.8877   19.1309
   -7.5000   -7.5000   15.000013849.9619   19.1735
    0.0000   -7.5000   15.000014495.4980   19.0811
    7.5000   -7.5000   15.000013762.1406   19.0711
   -7.5000    0.0000   15.000015141.7480   19.1564
    0.0000    0.0000   15.000015852.3760   19.0710
    7.5000    0.0000   15.000014997.5684   19.0628
   -7.5000    7.5000   15.000015364.0479   19.1626
    0.0000    7.5000   15.000015998.8174   19.0818
    7.5000    7.5000   15.000015053.8125   19.0720
   -7.5000   15.0000   15.000015078.7949   19.1812
    0.0000   15.0000   15.000015536.3594   19.1004
    7.5000   15.0000   15.000014697.1201   19.0882
   -7.5000   22.5000   15.000014713.7666   19.1846
    0.0000   22.5000   15.000015134.7217   19.0993
    7.5000   22.5000   15.000014331.5430   19.0870
   -7.5000   30.0000   15.000014349.5664   18.9425
    0.0000   30.0000   15.000014780.2939   18.8513
    7.5000   30.0000   15.000013961.0967   18.8401
   -7.5000   37.5000   15.000014303.8994   18.9241
    0.0000   37.5000   15.000014755.8086   18.8329
    7.5000   37.5000   15.000013878.6895   18.8231
   -7.5000   45.0000   15.000013476.2041   18.4646
    0.0000   45.0000   15.000013899.0020   18.3822
    7.5000   45.0000   15.000012999.8438   18.3743
   -7.5000  -45.0000   22.5000 7720.4541   20.5572
    0.0000  -45.0000   22.5000 8018.6304   20.4623
    7.5000  -45.0000   22.5000 7592.8091   20.4465
   -7.5000  -37.5000   22.5000 8552.2754   19.9919
    0.0000  -37.5000   22.5000 8878.0010   19.9106
    7.5000  -37.5000   22.5000 8407.7402   19.8972
   -7.5000  -30.0000   22.5000 9700.8447   19.5426
    0.0000  -30.0000   22.500010102.4170   19.4673
    7.5000  -30.0000   22.5000 9576.0986   19.4538
   -7.5000  -22.5000   22.500010933.5762   19.3414
    0.0000  -22.5000   22.500011407.4932   19.2627
    7.5000  -22.5000   22.500010815.0664   19.2467
   -7.5000  -15.0000   22.500012134.4717   19.2025
    0.0000  -15.0000   22.500012686.6641   19.1155
    7.5000  -15.0000   22.500012034.9014   19.0976
   -7.5000   -7.5000   22.500013311.4590   19.1398
    0.0000   -7.5000   22.500013932.8174   19.0508
    7.5000   -7.5000   22.500013294.9561   19.0338
   -7.5000    0.0000   22.500014652.6416   19.1229
    0.0000    0.0000   22.500015423.2920   19.0407
    7.5000    0.0000   22.500014517.0635   19.0275
   -7.5000    7.5000   22.500015042.6514   19.1301
    0.0000    7.5000   22.500015764.2549   19.0553
    7.5000    7.5000   22.500014713.8574   19.0442
   -7.5000   15.0000   22.500014773.2920   19.1505
    0.0000   15.0000   22.500015300.9160   19.0782
    7.5000   15.0000   22.500014535.3359   19.0656
   -7.5000   22.5000   22.500014400.6934   19.1542
    0.0000   22.5000   22.500014798.8457   19.0769
    7.5000   22.5000   22.500014173.6309   19.0612
   -7.5000   30.0000   22.500014066.6650   18.9106
    0.0000   30.0000   22.500014438.8047   18.8249
    7.5000   30.0000   22.500013715.7090   18.8074
   -7.5000   37.5000   22.500013966.7998   18.8908
    0.0000   37.5000   22.500014357.8105   18.8030
    7.5000   37.5000   22.500013526.1729   18.7863
   -7.5000   45.0000   22.500013118.8613   18.4323
    0.0000   45.0000   22.500013468.3496   18.3530
    7.5000   45.0000   22.500012608.4355   18.3404
   -7.5000  -45.0000   30.0000 7319.7944   20.5720
    0.0000  -45.0000   30.0000 7589.0410   20.4800
    7.5000  -45.0000   30.0000 7156.2163   20.4562
   -7.5000  -37.5000   30.0000 8145.6182   20.0116
    0.0000  -37.5000   30.0000 8469.6318   19.9346
    7.5000  -37.5000   30.0000 7994.9395   19.9167
   -7.5000  -30.0000   30.0000 9242.0391   19.5673
    0.0000  -30.0000   30.0000 9616.8760   19.5000
    7.5000  -30.0000   30.0000 9105.4258   19.4815
   -7.5000  -22.5000   30.000010389.7227   19.3667
    0.0000  -22.5000   30.000010837.0020   19.2979
    7.5000  -22.5000   30.000010287.1465   19.2730
   -7.5000  -15.0000   30.000011508.0342   19.2238
    0.0000  -15.0000   30.000012023.7305   19.1460
    7.5000  -15.0000   30.000011428.4990   19.1163
   -7.5000   -7.5000   30.000012664.3994   19.1553
    0.0000   -7.5000   30.000013261.3799   19.0719
    7.5000   -7.5000   30.000012611.7412   19.0443
   -7.5000    0.0000   30.000013872.2520   19.1360
    0.0000    0.0000   30.000014661.1016   19.0566
    7.5000    0.0000   30.000013723.9648   19.0362
   -7.5000    7.5000   30.000013990.1074   19.1474
    0.0000    7.5000   30.000014771.5195   19.0765
    7.5000    7.5000   30.000013799.2812   19.0610
   -7.5000   15.0000   30.000013835.9443   19.1739
    0.0000   15.0000   30.000014504.1074   19.1092
    7.5000   15.0000   30.000013654.1543   19.0917
   -7.5000   22.5000   30.000013655.3271   19.1790
    0.0000   22.5000   30.000014208.2607   19.1115
    7.5000   22.5000   30.000013361.7666   19.0871
   -7.5000   30.0000   30.000013345.7393   18.9313
    0.0000   30.0000   30.000013787.1074   18.8548
    7.5000   30.0000   30.000012936.1719   18.8256
   -7.5000   37.5000   30.000013187.8496   18.9061
    0.0000   37.5000   30.000013580.8984   18.8238
    7.5000   37.5000   30.000012779.9746   18.7967
   -7.5000   45.0000   30.000012317.2119   18.4449
    0.0000   45.0000   30.000012697.4229   18.3683
    7.5000   45.0000   30.000011942.7998   18.3487
   -7.5000  -45.0000   37.5000 7183.6055   20.7027
    0.0000  -45.0000   37.5000 7444.7168   20.6078
    7.5000  -45.0000   37.5000 7045.9048   20.5803
   -7.5000  -37.5000   37.5000 7973.1055   20.1413
    0.0000  -37.5000   37.5000 8296.5596   20.0602
    7.5000  -37.5000   37.5000 7858.4233   20.0380
   -7.5000  -30.0000   37.5000 9038.9697   19.6990
    0.0000  -30.0000   37.5000 9416.6895   19.6299
    7.5000  -30.0000   37.5000 8924.6934   19.6060
   -7.5000  -22.5000   37.500010171.7510   19.4989
    0.0000  -22.5000   37.500010631.0635   19.4317
    7.5000  -22.5000   37.500010063.6641   19.4006
   -7.5000  -15.0000   37.500011324.6582   19.3532
    0.0000  -15.0000   37.500011798.0850   19.2782
    7.5000  -15.0000   37.500011173.2061   19.2425
   -7.5000   -7.5000   37.500012539.7656   19.2786
    0.0000   -7.5000   37.500013086.0361   19.1960
    7.5000   -7.5000   37.500012326.6650   19.1640
   -7.5000    0.0000   37.500013684.2197   19.2559
    0.0000    0.0000   37.500014338.5869   19.1738
    7.5000    0.0000   37.500013416.6074   19.1500
   -7.5000    7.5000   37.500013654.0840   19.2706
    0.0000    7.5000   37.500014227.3330   19.1959
    7.5000    7.5000   37.500013473.5479   19.1762
   -7.5000   15.0000   37.500013409.9766   19.3024
    0.0000   15.0000   37.500013955.9307   19.2359
    7.5000   15.0000   37.500013254.7891   19.2133
   -7.5000   22.5000   37.500013218.7617   19.3095
    0.0000   22.5000   37.500013727.3965   19.2436
    7.5000   22.5000   37.500012993.0254   19.2132
   -7.5000   30.0000   37.500012915.5908   19.0584
    0.0000   30.0000   37.500013394.5977   18.9847
    7.5000   30.0000   37.500012655.6777   18.9496
   -7.5000   37.5000   37.500012791.3984   19.0278
    0.0000   37.5000   37.500013255.0293   18.9464
    7.5000   37.5000   37.500012523.1035   18.9148
   -7.5000   45.0000   37.500011986.9824   18.5604
    0.0000   45.0000   37.500012421.1699   18.4813
    7.5000   45.0000   37.500011706.1494   18.4584
   -7.5000  -45.0000   45.0000 6688.7275   20.8068
    0.0000  -45.0000   45.0000 6910.7021   20.7069
    7.5000  -45.0000   45.0000 6522.8760   20.6846
   -7.5000  -37.5000   45.0000 7416.5342   20.2383
    0.0000  -37.5000   45.0000 7682.1177   20.1487
    7.5000  -37.5000   45.0000 7256.3975   20.1274
   -7.5000  -30.0000   45.0000 8430.6348   19.7936
    0.0000  -30.0000   45.0000 8739.8271   19.7145
    7.5000  -30.0000   45.0000 8273.0645   19.6901
   -7.5000  -22.5000   45.0000 9528.8008   19.5967
    0.0000  -22.5000   45.0000 9880.3516   19.5214
    7.5000  -22.5000   45.0000 9366.1416   19.4925
   -7.5000  -15.0000   45.000010620.8203   19.4549
    0.0000  -15.0000   45.000010996.0430   19.3749
    7.5000  -15.0000   45.000010430.4570   19.3447
   -7.5000   -7.5000   45.000011694.4238   19.3794
    0.0000   -7.5000   45.000012156.0264   19.2934
    7.5000   -7.5000   45.000011480.0605   19.2677
   -7.5000    0.0000   45.000012608.9248   19.3538
    0.0000    0.0000   45.000013159.6504   19.2670
    7.5000    0.0000   45.000012489.7295   19.2474
   -7.5000    7.5000   45.000012511.4531   19.3665
    0.0000    7.5000   45.000013010.7510   19.2836
    7.5000    7.5000   45.000012465.4209   19.2646
   -7.5000   15.0000   45.000012304.2959   19.3980
    0.0000   15.0000   45.000012828.0186   19.3216
    7.5000   15.0000   45.000012273.2490   19.2986
   -7.5000   22.5000   45.000012131.7920   19.4073
    0.0000   22.5000   45.000012666.5371   19.3333
    7.5000   22.5000   45.000012056.7480   19.3052
   -7.5000   30.0000   45.000011869.5098   19.1565
    0.0000   30.0000   45.000012368.9385   19.0778
    7.5000   30.0000   45.000011771.7197   19.0481
   -7.5000   37.5000   45.000011819.0791   19.1257
    0.0000   37.5000   45.000012284.5752   19.0408
    7.5000   37.5000   45.000011673.0781   19.0155
   -7.5000   45.0000   45.000011107.8945   18.6633
    0.0000   45.0000   45.000011531.6113   18.5796
    7.5000   45.0000   45.000010921.4492   18.5607

---------------------------------------------------------------------
imgreg_4dfp /opt/freesurfer/average/711-2C_as_mni_average_305 /opt/freesurfer/average/711-2B_as_mni_average_305_mask talsrcimg_g11 none talsrcimg_to_711-2C_as_mni_average_305_t4 4355
---------------------------------------------------------------------

freesurfer imgreg_4dfp.c
/opt/freesurfer/average/711-2C_as_mni_average_305.4dfp.img
       256       256       256         1
  1.000000  1.000000  1.000000
orientation T byte_order littleendian
Reading image: /opt/freesurfer/average/711-2C_as_mni_average_305.4dfp.img
dimensions:      256       256       256
mmppix:       1.0000   -1.0000   -1.0000
center:     128.0000 -129.0000 -129.0000
/opt/freesurfer/average/711-2B_as_mni_average_305_mask.4dfp.img
       256       256       256         1
  1.000000  1.000000  1.000000
orientation T byte_order littleendian
Reading mask: /opt/freesurfer/average/711-2B_as_mni_average_305_mask.4dfp.img (2306576 pixels)
talsrcimg_g11.4dfp.img
       256       256       256         1
  1.000000  1.000000  1.000000
orientation T byte_order littleendian
Reading image: talsrcimg_g11.4dfp.img
dimensions:      256       256       256
mmppix:       1.0000   -1.0000   -1.0000
center:     128.0000 -129.0000 -129.0000
rotation matrix determinant  1.000000
image alignment mode   4355 decimal     1103 hex
   -7.5000  -45.0000  -45.0000 1613.3835   37.1538
    0.0000  -45.0000  -45.0000 1626.2294   37.1137
    7.5000  -45.0000  -45.0000 1619.0078   37.6030
   -7.5000  -37.5000  -45.0000 1726.3242   32.4964
    0.0000  -37.5000  -45.0000 1735.7445   32.4005
    7.5000  -37.5000  -45.0000 1731.2489   32.7750
   -7.5000  -30.0000  -45.0000 1836.6614   28.8667
    0.0000  -30.0000  -45.0000 1839.8530   28.7245
    7.5000  -30.0000  -45.0000 1844.9675   29.0363
   -7.5000  -22.5000  -45.0000 1926.9965   25.8988
    0.0000  -22.5000  -45.0000 1931.3625   25.7579
    7.5000  -22.5000  -45.0000 1935.3252   26.0751
   -7.5000  -15.0000  -45.0000 2012.8724   23.6006
    0.0000  -15.0000  -45.0000 2021.2333   23.5228
    7.5000  -15.0000  -45.0000 2017.8661   23.8027
   -7.5000   -7.5000  -45.0000 2083.6660   21.9561
    0.0000   -7.5000  -45.0000 2090.2766   21.8997
    7.5000   -7.5000  -45.0000 2080.7927   22.1483
   -7.5000    0.0000  -45.0000 2135.3721   20.7091
    0.0000    0.0000  -45.0000 2140.7273   20.6572
    7.5000    0.0000  -45.0000 2127.5659   20.9859
   -7.5000    7.5000  -45.0000 2167.4001   19.9424
    0.0000    7.5000  -45.0000 2172.1416   19.7793
    7.5000    7.5000  -45.0000 2153.1929   20.1308
   -7.5000   15.0000  -45.0000 2167.1665   19.5900
    0.0000   15.0000  -45.0000 2178.5396   19.4496
    7.5000   15.0000  -45.0000 2165.8140   19.7589
   -7.5000   22.5000  -45.0000 2158.9368   19.6090
    0.0000   22.5000  -45.0000 2172.9109   19.4633
    7.5000   22.5000  -45.0000 2169.2095   19.8102
   -7.5000   30.0000  -45.0000 2148.5825   20.0836
    0.0000   30.0000  -45.0000 2162.5818   19.9255
    7.5000   30.0000  -45.0000 2151.3174   20.1770
   -7.5000   37.5000  -45.0000 2126.0017   20.8613
    0.0000   37.5000  -45.0000 2136.7217   20.6001
    7.5000   37.5000  -45.0000 2125.3311   20.9138
   -7.5000   45.0000  -45.0000 2076.4326   21.8613
    0.0000   45.0000  -45.0000 2085.5168   21.6025
    7.5000   45.0000  -45.0000 2077.0820   21.9228
   -7.5000  -45.0000  -37.5000 1687.4678   34.2248
    0.0000  -45.0000  -37.5000 1690.2520   34.2195
    7.5000  -45.0000  -37.5000 1684.6195   34.4825
   -7.5000  -37.5000  -37.5000 1808.2347   29.8342
    0.0000  -37.5000  -37.5000 1809.6769   29.6453
    7.5000  -37.5000  -37.5000 1807.8473   30.0190
   -7.5000  -30.0000  -37.5000 1919.8033   26.4754
    0.0000  -30.0000  -37.5000 1924.1892   26.2211
    7.5000  -30.0000  -37.5000 1920.1368   26.6040
   -7.5000  -22.5000  -37.5000 2012.4600   23.7782
    0.0000  -22.5000  -37.5000 2025.4242   23.5806
    7.5000  -22.5000  -37.5000 2014.0308   23.8867
   -7.5000  -15.0000  -37.5000 2111.1887   21.7855
    0.0000  -15.0000  -37.5000 2124.5552   21.6222
    7.5000  -15.0000  -37.5000 2106.6052   21.8699
   -7.5000   -7.5000  -37.5000 2191.5488   20.2504
    0.0000   -7.5000  -37.5000 2200.9199   20.1679
    7.5000   -7.5000  -37.5000 2184.6572   20.3840
   -7.5000    0.0000  -37.5000 2239.8845   19.0824
    0.0000    0.0000  -37.5000 2247.3987   19.0396
    7.5000    0.0000  -37.5000 2228.8877   19.2167
   -7.5000    7.5000  -37.5000 2261.8169   18.3186
    0.0000    7.5000  -37.5000 2264.6038   18.2656
    7.5000    7.5000  -37.5000 2261.6335   18.4513
   -7.5000   15.0000  -37.5000 2265.7788   18.0154
    0.0000   15.0000  -37.5000 2273.7939   17.9173
    7.5000   15.0000  -37.5000 2268.7634   18.1347
   -7.5000   22.5000  -37.5000 2268.0974   18.0252
    0.0000   22.5000  -37.5000 2279.4585   17.9625
    7.5000   22.5000  -37.5000 2269.5354   18.1466
   -7.5000   30.0000  -37.5000 2256.8440   18.4105
    0.0000   30.0000  -37.5000 2267.0574   18.2266
    7.5000   30.0000  -37.5000 2253.5081   18.4383
   -7.5000   37.5000  -37.5000 2223.9365   18.9986
    0.0000   37.5000  -37.5000 2235.7344   18.7765
    7.5000   37.5000  -37.5000 2222.3811   19.0233
   -7.5000   45.0000  -37.5000 2177.0203   19.8650
    0.0000   45.0000  -37.5000 2193.4133   19.6656
    7.5000   45.0000  -37.5000 2179.2949   19.9047
   -7.5000  -45.0000  -30.0000 1776.6407   32.7986
    0.0000  -45.0000  -30.0000 1779.4727   32.5676
    7.5000  -45.0000  -30.0000 1776.0325   32.9640
   -7.5000  -37.5000  -30.0000 1903.1455   28.5403
    0.0000  -37.5000  -30.0000 1903.9465   28.3065
    7.5000  -37.5000  -30.0000 1903.2662   28.6707
   -7.5000  -30.0000  -30.0000 2026.4388   25.2712
    0.0000  -30.0000  -30.0000 2028.8136   25.0511
    7.5000  -30.0000  -30.0000 2022.7833   25.3239
   -7.5000  -22.5000  -30.0000 2138.4438   22.6558
    0.0000  -22.5000  -30.0000 2147.7632   22.4855
    7.5000  -22.5000  -30.0000 2131.9702   22.6992
   -7.5000  -15.0000  -30.0000 2247.4792   20.7114
    0.0000  -15.0000  -30.0000 2254.8079   20.5353
    7.5000  -15.0000  -30.0000 2238.6924   20.7639
   -7.5000   -7.5000  -30.0000 2336.5085   19.2698
    0.0000   -7.5000  -30.0000 2343.3958   19.1803
    7.5000   -7.5000  -30.0000 2318.5076   19.3378
   -7.5000    0.0000  -30.0000 2379.7852   18.1704
    0.0000    0.0000  -30.0000 2388.1836   18.1104
    7.5000    0.0000  -30.0000 2370.0437   18.2376
   -7.5000    7.5000  -30.0000 2403.6162   17.4277
    0.0000    7.5000  -30.0000 2409.8157   17.4029
    7.5000    7.5000  -30.0000 2396.6421   17.5196
   -7.5000   15.0000  -30.0000 2411.8074   17.0887
    0.0000   15.0000  -30.0000 2417.3953   17.0353
    7.5000   15.0000  -30.0000 2402.9036   17.1603
   -7.5000   22.5000  -30.0000 2406.9871   17.0432
    0.0000   22.5000  -30.0000 2419.2576   17.0001
    7.5000   22.5000  -30.0000 2403.7788   17.1259
   -7.5000   30.0000  -30.0000 2399.8101   17.3420
    0.0000   30.0000  -30.0000 2410.8103   17.1998
    7.5000   30.0000  -30.0000 2393.0737   17.3938
   -7.5000   37.5000  -30.0000 2373.5356   17.9019
    0.0000   37.5000  -30.0000 2382.4390   17.7800
    7.5000   37.5000  -30.0000 2368.9954   17.9645
   -7.5000   45.0000  -30.0000 2324.1384   18.7976
    0.0000   45.0000  -30.0000 2337.6597   18.6503
    7.5000   45.0000  -30.0000 2322.3757   18.8477
   -7.5000  -45.0000  -22.5000 1848.0376   31.1602
    0.0000  -45.0000  -22.5000 1846.8612   30.9090
    7.5000  -45.0000  -22.5000 1846.4290   31.1565
   -7.5000  -37.5000  -22.5000 1983.2817   27.0358
    0.0000  -37.5000  -22.5000 1985.7610   26.8359
    7.5000  -37.5000  -22.5000 1986.8037   27.1363
   -7.5000  -30.0000  -22.5000 2119.0354   23.9921
    0.0000  -30.0000  -22.5000 2121.3953   23.7697
    7.5000  -30.0000  -22.5000 2111.8389   23.9786
   -7.5000  -22.5000  -22.5000 2240.2114   21.5326
    0.0000  -22.5000  -22.5000 2246.8333   21.3839
    7.5000  -22.5000  -22.5000 2232.9065   21.5196
   -7.5000  -15.0000  -22.5000 2353.2322   19.5688
    0.0000  -15.0000  -22.5000 2357.9143   19.4606
    7.5000  -15.0000  -22.5000 2339.5190   19.5977
   -7.5000   -7.5000  -22.5000 2446.3823   18.1124
    0.0000   -7.5000  -22.5000 2447.3518   18.0486
    7.5000   -7.5000  -22.5000 2427.9780   18.1947
   -7.5000    0.0000  -22.5000 2496.5261   17.0700
    0.0000    0.0000  -22.5000 2499.0845   17.0252
    7.5000    0.0000  -22.5000 2476.7397   17.1374
   -7.5000    7.5000  -22.5000 2521.3425   16.3904
    0.0000    7.5000  -22.5000 2527.9966   16.3887
    7.5000    7.5000  -22.5000 2506.2771   16.4874
   -7.5000   15.0000  -22.5000 2531.4246   16.0265
    0.0000   15.0000  -22.5000 2536.3118   16.0118
    7.5000   15.0000  -22.5000 2521.6436   16.1140
   -7.5000   22.5000  -22.5000 2536.7532   15.9944
    0.0000   22.5000  -22.5000 2550.2058   15.9829
    7.5000   22.5000  -22.5000 2531.8381   16.0967
   -7.5000   30.0000  -22.5000 2531.7812   16.2279
    0.0000   30.0000  -22.5000 2544.8093   16.1856
    7.5000   30.0000  -22.5000 2524.1797   16.3466
   -7.5000   37.5000  -22.5000 2504.1580   16.7988
    0.0000   37.5000  -22.5000 2518.6479   16.7478
    7.5000   37.5000  -22.5000 2496.8235   16.8801
   -7.5000   45.0000  -22.5000 2445.3254   17.6643
    0.0000   45.0000  -22.5000 2461.3962   17.5946
    7.5000   45.0000  -22.5000 2440.0559   17.7305
   -7.5000  -45.0000  -15.0000 1887.8174   29.7583
    0.0000  -45.0000  -15.0000 1892.0510   29.4529
    7.5000  -45.0000  -15.0000 1891.8508   29.8430
   -7.5000  -37.5000  -15.0000 2032.5020   25.8263
    0.0000  -37.5000  -15.0000 2038.9226   25.5314
    7.5000  -37.5000  -15.0000 2033.4108   25.8326
   -7.5000  -30.0000  -15.0000 2174.1143   22.8808
    0.0000  -30.0000  -15.0000 2180.8245   22.5732
    7.5000  -30.0000  -15.0000 2167.9878   22.7711
   -7.5000  -22.5000  -15.0000 2306.9897   20.3968
    0.0000  -22.5000  -15.0000 2310.3630   20.2766
    7.5000  -22.5000  -15.0000 2293.7756   20.4071
   -7.5000  -15.0000  -15.0000 2426.7908   18.5343
    0.0000  -15.0000  -15.0000 2426.9143   18.4578
    7.5000  -15.0000  -15.0000 2408.5786   18.5957
   -7.5000   -7.5000  -15.0000 2516.4155   17.0783
    0.0000   -7.5000  -15.0000 2517.0271   17.0414
    7.5000   -7.5000  -15.0000 2501.1624   17.1222
   -7.5000    0.0000  -15.0000 2571.3547   16.0253
    0.0000    0.0000  -15.0000 2576.7129   16.0190
    7.5000    0.0000  -15.0000 2560.0203   16.1064
   -7.5000    7.5000  -15.0000 2610.7942   15.4028
    0.0000    7.5000  -15.0000 2618.5181   15.4014
    7.5000    7.5000  -15.0000 2600.9287   15.5136
   -7.5000   15.0000  -15.0000 2634.3140   15.0395
    0.0000   15.0000  -15.0000 2633.0564   15.0294
    7.5000   15.0000  -15.0000 2622.1423   15.1368
   -7.5000   22.5000  -15.0000 2645.6030   15.0300
    0.0000   22.5000  -15.0000 2654.7109   15.0337
    7.5000   22.5000  -15.0000 2634.9395   15.1076
   -7.5000   30.0000  -15.0000 2636.0828   15.2898
    0.0000   30.0000  -15.0000 2645.0852   15.2787
    7.5000   30.0000  -15.0000 2621.3247   15.3538
   -7.5000   37.5000  -15.0000 2604.9749   15.8246
    0.0000   37.5000  -15.0000 2618.6836   15.8423
    7.5000   37.5000  -15.0000 2589.3606   15.9289
   -7.5000   45.0000  -15.0000 2542.7307   16.6090
    0.0000   45.0000  -15.0000 2559.9639   16.6223
    7.5000   45.0000  -15.0000 2532.3289   16.7336
   -7.5000  -45.0000   -7.5000 1923.0626   28.5918
    0.0000  -45.0000   -7.5000 1928.8423   28.3532
    7.5000  -45.0000   -7.5000 1929.2185   28.7554
   -7.5000  -37.5000   -7.5000 2074.8779   24.7260
    0.0000  -37.5000   -7.5000 2082.5740   24.5294
    7.5000  -37.5000   -7.5000 2080.9475   24.8878
   -7.5000  -30.0000   -7.5000 2224.2437   21.7767
    0.0000  -30.0000   -7.5000 2230.4019   21.6304
    7.5000  -30.0000   -7.5000 2222.4814   21.8722
   -7.5000  -22.5000   -7.5000 2356.8276   19.3977
    0.0000  -22.5000   -7.5000 2363.1233   19.3231
    7.5000  -22.5000   -7.5000 2346.0940   19.4901
   -7.5000  -15.0000   -7.5000 2474.6648   17.5672
    0.0000  -15.0000   -7.5000 2479.9841   17.4846
    7.5000  -15.0000   -7.5000 2463.5837   17.6629
   -7.5000   -7.5000   -7.5000 2566.0610   16.1274
    0.0000   -7.5000   -7.5000 2577.2495   16.1225
    7.5000   -7.5000   -7.5000 2559.9956   16.2199
   -7.5000    0.0000   -7.5000 2633.4397   15.1403
    0.0000    0.0000   -7.5000 2647.9414   15.1539
    7.5000    0.0000   -7.5000 2632.7976   15.1992
   -7.5000    7.5000   -7.5000 2688.3613   14.4923
    0.0000    7.5000   -7.5000 2701.4194   14.4877
    7.5000    7.5000   -7.5000 2683.0471   14.5835
   -7.5000   15.0000   -7.5000 2719.4500   14.1558
    0.0000   15.0000   -7.5000 2724.7966   14.1681
    7.5000   15.0000   -7.5000 2708.5930   14.2475
   -7.5000   22.5000   -7.5000 2735.6003   14.1265
    0.0000   22.5000   -7.5000 2741.6807   14.1754
    7.5000   22.5000   -7.5000 2721.9561   14.2338
   -7.5000   30.0000   -7.5000 2724.9458   14.4335
    0.0000   30.0000   -7.5000 2740.3630   14.4600
    7.5000   30.0000   -7.5000 2713.5725   14.5242
   -7.5000   37.5000   -7.5000 2694.6636   14.9573
    0.0000   37.5000   -7.5000 2708.5735   14.9698
    7.5000   37.5000   -7.5000 2676.9973   15.0648
   -7.5000   45.0000   -7.5000 2624.9092   15.7068
    0.0000   45.0000   -7.5000 2641.4290   15.7403
    7.5000   45.0000   -7.5000 2614.1365   15.8711
   -7.5000  -45.0000    0.0000 1949.2670   27.6171
    0.0000  -45.0000    0.0000 1960.2848   27.5093
    7.5000  -45.0000    0.0000 1953.9064   28.0365
   -7.5000  -37.5000    0.0000 2105.7810   23.8309
    0.0000  -37.5000    0.0000 2118.8735   23.7922
    7.5000  -37.5000    0.0000 2111.8152   24.2302
   -7.5000  -30.0000    0.0000 2251.9917   20.9191
    0.0000  -30.0000    0.0000 2263.6379   20.8936
    7.5000  -30.0000    0.0000 2252.4236   21.1689
   -7.5000  -22.5000    0.0000 2379.2637   18.6075
    0.0000  -22.5000    0.0000 2387.8948   18.5725
    7.5000  -22.5000    0.0000 2380.7649   18.8096
   -7.5000  -15.0000    0.0000 2498.2961   16.8238
    0.0000  -15.0000    0.0000 2513.0703   16.7973
    7.5000  -15.0000    0.0000 2501.5439   16.9925
   -7.5000   -7.5000    0.0000 2604.5056   15.4377
    0.0000   -7.5000    0.0000 2622.3379   15.4096
    7.5000   -7.5000    0.0000 2606.6602   15.6026
   -7.5000    0.0000    0.0000 2682.9749   14.4194
    0.0000    0.0000    0.0000 2705.7869   14.3852
    7.5000    0.0000    0.0000 2683.2693   14.5519
   -7.5000    7.5000    0.0000 2748.4299   13.7881
    0.0000    7.5000    0.0000 2763.1482   13.7484
    7.5000    7.5000    0.0000 2739.9937   13.8797
   -7.5000   15.0000    0.0000 2786.8799   13.3919
    0.0000   15.0000    0.0000 2796.1694   13.4114
    7.5000   15.0000    0.0000 2769.2632   13.5365
   -7.5000   22.5000    0.0000 2805.8784   13.3748
    0.0000   22.5000    0.0000 2818.6777   13.4461
    7.5000   22.5000    0.0000 2786.5217   13.5267
   -7.5000   30.0000    0.0000 2796.4094   13.7346
    0.0000   30.0000    0.0000 2816.8113   13.7559
    7.5000   30.0000    0.0000 2785.3386   13.8504
   -7.5000   37.5000    0.0000 2763.0498   14.2400
    0.0000   37.5000    0.0000 2773.9265   14.2485
    7.5000   37.5000    0.0000 2747.2468   14.3823
   -7.5000   45.0000    0.0000 2687.8965   14.9932
    0.0000   45.0000    0.0000 2701.1670   14.9964
    7.5000   45.0000    0.0000 2678.1045   15.1460
   -7.5000  -45.0000    7.5000 1969.9886   27.0162
    0.0000  -45.0000    7.5000 1984.2670   27.0370
    7.5000  -45.0000    7.5000 1981.9443   27.6920
   -7.5000  -37.5000    7.5000 2119.7439   23.2231
    0.0000  -37.5000    7.5000 2137.5928   23.3047
    7.5000  -37.5000    7.5000 2128.2837   23.7697
   -7.5000  -30.0000    7.5000 2260.2739   20.3173
    0.0000  -30.0000    7.5000 2275.3809   20.3587
    7.5000  -30.0000    7.5000 2265.1223   20.7305
   -7.5000  -22.5000    7.5000 2390.9758   18.0133
    0.0000  -22.5000    7.5000 2403.2141   18.0758
    7.5000  -22.5000    7.5000 2391.7668   18.3871
   -7.5000  -15.0000    7.5000 2517.1599   16.2690
    0.0000  -15.0000    7.5000 2534.0146   16.2562
    7.5000  -15.0000    7.5000 2517.1304   16.5322
   -7.5000   -7.5000    7.5000 2631.9888   14.9047
    0.0000   -7.5000    7.5000 2652.5847   14.9085
    7.5000   -7.5000    7.5000 2633.7678   15.1709
   -7.5000    0.0000    7.5000 2722.0264   13.9273
    0.0000    0.0000    7.5000 2745.5249   13.8808
    7.5000    0.0000    7.5000 2724.8484   14.1555
   -7.5000    7.5000    7.5000 2799.1418   13.2606
    0.0000    7.5000    7.5000 2821.8079   13.2261
    7.5000    7.5000    7.5000 2792.6182   13.4592
   -7.5000   15.0000    7.5000 2847.1460   12.7975
    0.0000   15.0000    7.5000 2860.1931   12.7808
    7.5000   15.0000    7.5000 2823.8542   13.0317
   -7.5000   22.5000    7.5000 2873.0698   12.8012
    0.0000   22.5000    7.5000 2883.5789   12.8342
    7.5000   22.5000    7.5000 2850.1931   13.0123
   -7.5000   30.0000    7.5000 2854.0964   13.1635
    0.0000   30.0000    7.5000 2870.7830   13.1529
    7.5000   30.0000    7.5000 2838.3860   13.3251
   -7.5000   37.5000    7.5000 2808.4751   13.6714
    0.0000   37.5000    7.5000 2824.1633   13.6536
    7.5000   37.5000    7.5000 2799.3938   13.8880
   -7.5000   45.0000    7.5000 2731.8362   14.4494
    0.0000   45.0000    7.5000 2750.7505   14.4318
    7.5000   45.0000    7.5000 2726.6375   14.6631
   -7.5000  -45.0000   15.0000 1966.4122   26.8358
    0.0000  -45.0000   15.0000 1990.4203   27.0711
    7.5000  -45.0000   15.0000 1983.7740   27.7167
   -7.5000  -37.5000   15.0000 2119.3279   23.0576
    0.0000  -37.5000   15.0000 2140.1323   23.2390
    7.5000  -37.5000   15.0000 2130.6155   23.7648
   -7.5000  -30.0000   15.0000 2255.5615   20.0424
    0.0000  -30.0000   15.0000 2273.7605   20.1632
    7.5000  -30.0000   15.0000 2267.6147   20.6405
   -7.5000  -22.5000   15.0000 2384.9609   17.7087
    0.0000  -22.5000   15.0000 2398.1919   17.7646
    7.5000  -22.5000   15.0000 2390.5244   18.2274
   -7.5000  -15.0000   15.0000 2512.6433   15.9325
    0.0000  -15.0000   15.0000 2531.7600   15.9272
    7.5000  -15.0000   15.0000 2516.4055   16.3501
   -7.5000   -7.5000   15.0000 2634.6685   14.5859
    0.0000   -7.5000   15.0000 2656.8611   14.5473
    7.5000   -7.5000   15.0000 2637.2144   14.9290
   -7.5000    0.0000   15.0000 2736.7925   13.6291
    0.0000    0.0000   15.0000 2761.2622   13.5734
    7.5000    0.0000   15.0000 2740.0991   13.9065
   -7.5000    7.5000   15.0000 2833.8770   13.0172
    0.0000    7.5000   15.0000 2855.7524   12.9707
    7.5000    7.5000   15.0000 2826.8655   13.2674
   -7.5000   15.0000   15.0000 2890.8730   12.4871
    0.0000   15.0000   15.0000 2907.4465   12.4205
    7.5000   15.0000   15.0000 2867.9475   12.8606
   -7.5000   22.5000   15.0000 2916.5125   12.4210
    0.0000   22.5000   15.0000 2924.5935   12.3334
    7.5000   22.5000   15.0000 2889.7061   12.7558
   -7.5000   30.0000   15.0000 2887.7139   12.8280
    0.0000   30.0000   15.0000 2897.0522   12.7696
    7.5000   30.0000   15.0000 2880.8325   13.0924
   -7.5000   37.5000   15.0000 2840.7273   13.3743
    0.0000   37.5000   15.0000 2853.6633   13.3176
    7.5000   37.5000   15.0000 2834.6558   13.6348
   -7.5000   45.0000   15.0000 2757.7710   14.1713
    0.0000   45.0000   15.0000 2772.9460   14.1133
    7.5000   45.0000   15.0000 2747.6924   14.3818
   -7.5000  -45.0000   22.5000 1959.1299   27.0832
    0.0000  -45.0000   22.5000 1983.2316   27.3018
    7.5000  -45.0000   22.5000 1975.6821   27.9221
   -7.5000  -37.5000   22.5000 2112.9236   23.1389
    0.0000  -37.5000   22.5000 2132.5779   23.3356
    7.5000  -37.5000   22.5000 2121.0540   23.8635
   -7.5000  -30.0000   22.5000 2244.8726   20.0624
    0.0000  -30.0000   22.5000 2265.1956   20.2470
    7.5000  -30.0000   22.5000 2258.4133   20.7851
   -7.5000  -22.5000   22.5000 2368.8970   17.6820
    0.0000  -22.5000   22.5000 2393.3867   17.8675
    7.5000  -22.5000   22.5000 2383.4170   18.3671
   -7.5000  -15.0000   22.5000 2498.5039   15.8701
    0.0000  -15.0000   22.5000 2527.0103   15.9734
    7.5000  -15.0000   22.5000 2510.6182   16.4597
   -7.5000   -7.5000   22.5000 2623.9421   14.4746
    0.0000   -7.5000   22.5000 2649.5830   14.5032
    7.5000   -7.5000   22.5000 2635.9678   14.9752
   -7.5000    0.0000   22.5000 2738.6123   13.4895
    0.0000    0.0000   22.5000 2761.2888   13.4882
    7.5000    0.0000   22.5000 2748.6064   13.9532
   -7.5000    7.5000   22.5000 2843.0186   12.9245
    0.0000    7.5000   22.5000 2870.6934   12.9163
    7.5000    7.5000   22.5000 2848.8367   13.3130
   -7.5000   15.0000   22.5000 2920.8750   12.5914
    0.0000   15.0000   22.5000 2943.7297   12.5719
    7.5000   15.0000   22.5000 2898.2083   12.9284
   -7.5000   22.5000   22.5000 2950.7544   12.4599
    0.0000   22.5000   22.5000 2954.3015   12.3617
    7.5000   22.5000   22.5000 2924.2974   12.8871
   -7.5000   30.0000   22.5000 2921.6545   12.7688
    0.0000   30.0000   22.5000 2915.6924   12.6763
    7.5000   30.0000   22.5000 2897.4746   13.1198
   -7.5000   37.5000   22.5000 2857.1096   13.3157
    0.0000   37.5000   22.5000 2860.3252   13.1951
    7.5000   37.5000   22.5000 2842.4685   13.5367
   -7.5000   45.0000   22.5000 2770.7551   14.0973
    0.0000   45.0000   22.5000 2775.0798   13.9602
    7.5000   45.0000   22.5000 2755.3101   14.2473
   -7.5000  -45.0000   30.0000 1937.5038   27.5733
    0.0000  -45.0000   30.0000 1959.6932   27.7839
    7.5000  -45.0000   30.0000 1948.5494   28.3568
   -7.5000  -37.5000   30.0000 2096.3577   23.5692
    0.0000  -37.5000   30.0000 2115.6470   23.8135
    7.5000  -37.5000   30.0000 2101.1479   24.3122
   -7.5000  -30.0000   30.0000 2230.9297   20.3040
    0.0000  -30.0000   30.0000 2251.3848   20.5636
    7.5000  -30.0000   30.0000 2236.4163   21.1596
   -7.5000  -22.5000   30.0000 2354.2246   17.8178
    0.0000  -22.5000   30.0000 2379.5586   18.0570
    7.5000  -22.5000   30.0000 2370.8042   18.6271
   -7.5000  -15.0000   30.0000 2478.5784   15.9936
    0.0000  -15.0000   30.0000 2506.2334   16.1381
    7.5000  -15.0000   30.0000 2493.2991   16.6738
   -7.5000   -7.5000   30.0000 2597.3347   14.5967
    0.0000   -7.5000   30.0000 2631.7280   14.7165
    7.5000   -7.5000   30.0000 2624.4504   15.2360
   -7.5000    0.0000   30.0000 2712.7825   13.6527
    0.0000    0.0000   30.0000 2749.5808   13.7546
    7.5000    0.0000   30.0000 2737.7593   14.1932
   -7.5000    7.5000   30.0000 2825.7979   13.0914
    0.0000    7.5000   30.0000 2860.0234   13.1760
    7.5000    7.5000   30.0000 2824.7991   13.4680
   -7.5000   15.0000   30.0000 2891.9055   12.6709
    0.0000   15.0000   30.0000 2912.9175   12.7445
    7.5000   15.0000   30.0000 2877.3662   13.1123
   -7.5000   22.5000   30.0000 2917.0073   12.7059
    0.0000   22.5000   30.0000 2931.7107   12.7020
    7.5000   22.5000   30.0000 2895.7288   13.0566
   -7.5000   30.0000   30.0000 2894.0627   13.0002
    0.0000   30.0000   30.0000 2904.8804   12.9997
    7.5000   30.0000   30.0000 2867.7053   13.2282
   -7.5000   37.5000   30.0000 2835.4795   13.4750
    0.0000   37.5000   30.0000 2843.3064   13.4495
    7.5000   37.5000   30.0000 2820.1265   13.6976
   -7.5000   45.0000   30.0000 2751.7251   14.2025
    0.0000   45.0000   30.0000 2756.0928   14.1265
    7.5000   45.0000   30.0000 2739.4600   14.3643
   -7.5000  -45.0000   37.5000 1911.8469   28.3357
    0.0000  -45.0000   37.5000 1935.1599   28.4972
    7.5000  -45.0000   37.5000 1927.8579   29.3061
   -7.5000  -37.5000   37.5000 2064.4758   23.9883
    0.0000  -37.5000   37.5000 2089.4551   24.1832
    7.5000  -37.5000   37.5000 2080.8525   24.9652
   -7.5000  -30.0000   37.5000 2204.5945   20.7263
    0.0000  -30.0000   37.5000 2222.1077   20.8887
    7.5000  -30.0000   37.5000 2214.4094   21.5932
   -7.5000  -22.5000   37.5000 2337.0718   18.2967
    0.0000  -22.5000   37.5000 2357.8352   18.4691
    7.5000  -22.5000   37.5000 2345.8616   19.0543
   -7.5000  -15.0000   37.5000 2468.0310   16.4889
    0.0000  -15.0000   37.5000 2485.1184   16.6254
    7.5000  -15.0000   37.5000 2467.4089   17.1223
   -7.5000   -7.5000   37.5000 2598.5981   15.1915
    0.0000   -7.5000   37.5000 2620.9775   15.2773
    7.5000   -7.5000   37.5000 2596.5168   15.7076
   -7.5000    0.0000   37.5000 2714.5627   14.2426
    0.0000    0.0000   37.5000 2735.5603   14.2964
    7.5000    0.0000   37.5000 2705.6187   14.6095
   -7.5000    7.5000   37.5000 2799.4072   13.5188
    0.0000    7.5000   37.5000 2829.5095   13.5055
    7.5000    7.5000   37.5000 2790.7012   13.9086
   -7.5000   15.0000   37.5000 2855.2195   13.0481
    0.0000   15.0000   37.5000 2877.5107   12.9693
    7.5000   15.0000   37.5000 2843.8354   13.4591
   -7.5000   22.5000   37.5000 2885.1970   13.1252
    0.0000   22.5000   37.5000 2905.2034   13.0245
    7.5000   22.5000   37.5000 2861.4473   13.3586
   -7.5000   30.0000   37.5000 2861.3303   13.4113
    0.0000   30.0000   37.5000 2876.8218   13.3544
    7.5000   30.0000   37.5000 2839.4504   13.5780
   -7.5000   37.5000   37.5000 2803.6052   13.9013
    0.0000   37.5000   37.5000 2817.4434   13.8799
    7.5000   37.5000   37.5000 2784.8730   14.0566
   -7.5000   45.0000   37.5000 2721.5693   14.6010
    0.0000   45.0000   37.5000 2732.5005   14.6021
    7.5000   45.0000   37.5000 2703.3770   14.7329
   -7.5000  -45.0000   45.0000 1878.4999   29.2608
    0.0000  -45.0000   45.0000 1901.0536   29.2899
    7.5000  -45.0000   45.0000 1891.4619   30.1105
   -7.5000  -37.5000   45.0000 2034.5667   24.8542
    0.0000  -37.5000   45.0000 2051.8315   24.9043
    7.5000  -37.5000   45.0000 2046.0864   25.7033
   -7.5000  -30.0000   45.0000 2180.8308   21.5700
    0.0000  -30.0000   45.0000 2190.6082   21.6189
    7.5000  -30.0000   45.0000 2183.0352   22.3598
   -7.5000  -22.5000   45.0000 2326.5898   19.1323
    0.0000  -22.5000   45.0000 2331.6040   19.2028
    7.5000  -22.5000   45.0000 2313.6458   19.8497
   -7.5000  -15.0000   45.0000 2459.2021   17.3214
    0.0000  -15.0000   45.0000 2461.1997   17.3440
    7.5000  -15.0000   45.0000 2441.2598   17.9071
   -7.5000   -7.5000   45.0000 2580.9771   15.9504
    0.0000   -7.5000   45.0000 2590.1328   15.9482
    7.5000   -7.5000   45.0000 2560.5378   16.3981
   -7.5000    0.0000   45.0000 2680.4446   14.8282
    0.0000    0.0000   45.0000 2694.4905   14.8413
    7.5000    0.0000   45.0000 2668.6855   15.2836
   -7.5000    7.5000   45.0000 2755.6267   13.9708
    0.0000    7.5000   45.0000 2774.6401   13.9308
    7.5000    7.5000   45.0000 2745.9529   14.5237
   -7.5000   15.0000   45.0000 2809.2729   13.5597
    0.0000   15.0000   45.0000 2825.5620   13.5151
    7.5000   15.0000   45.0000 2796.2483   13.9919
   -7.5000   22.5000   45.0000 2837.2502   13.6446
    0.0000   22.5000   45.0000 2849.8457   13.5841
    7.5000   22.5000   45.0000 2815.8315   13.9289
   -7.5000   30.0000   45.0000 2810.3303   13.9597
    0.0000   30.0000   45.0000 2822.3071   13.8989
    7.5000   30.0000   45.0000 2796.5081   14.1702
   -7.5000   37.5000   45.0000 2750.8030   14.4690
    0.0000   37.5000   45.0000 2761.2112   14.4060
    7.5000   37.5000   45.0000 2737.1555   14.6383
   -7.5000   45.0000   45.0000 2672.9780   15.1717
    0.0000   45.0000   45.0000 2687.6531   15.1307
    7.5000   45.0000   45.0000 2657.2820   15.3047

---------------------------------------------------------------------
imgreg_4dfp /opt/freesurfer/average/711-2C_as_mni_average_305 /opt/freesurfer/average/711-2B_as_mni_average_305_mask talsrcimg_g11 none talsrcimg_to_711-2C_as_mni_average_305_t4 1283
---------------------------------------------------------------------

freesurfer imgreg_4dfp.c
/opt/freesurfer/average/711-2C_as_mni_average_305.4dfp.img
       256       256       256         1
  1.000000  1.000000  1.000000
orientation T byte_order littleendian
Reading image: /opt/freesurfer/average/711-2C_as_mni_average_305.4dfp.img
dimensions:      256       256       256
mmppix:       1.0000   -1.0000   -1.0000
center:     128.0000 -129.0000 -129.0000
/opt/freesurfer/average/711-2B_as_mni_average_305_mask.4dfp.img
       256       256       256         1
  1.000000  1.000000  1.000000
orientation T byte_order littleendian
Reading mask: /opt/freesurfer/average/711-2B_as_mni_average_305_mask.4dfp.img (2306576 pixels)
talsrcimg_g11.4dfp.img
       256       256       256         1
  1.000000  1.000000  1.000000
orientation T byte_order littleendian
Reading image: talsrcimg_g11.4dfp.img
dimensions:      256       256       256
mmppix:       1.0000   -1.0000   -1.0000
center:     128.0000 -129.0000 -129.0000
rotation matrix determinant  1.000000
fimgreg.f
image alignment mode   1283 decimal      503 hex
parameters
    0.0000   22.5000   22.5000    0.0000    0.0000    0.0000
eta,q 0.92796 12.38772
niter,ni,del,rscale     5    3   12.0000    1.2000
parameter  5 -1.994833 -> -0.500000 qaram    1.1500
parameters
   -0.0448   19.7679   24.1321    0.3669    3.4500   -2.9305
eta,q 0.93519 12.52705
  0.0775  0.0731  0.0809  0.0742  0.0756  0.0657
  0.0756  0.0698  0.0795  0.0707  0.0736  0.0652
  0.0744  0.0706  0.0757  0.0683  0.0716  0.0648
  0.0736  0.0735  0.0698  0.0687  0.0688  0.0656
  0.0742  0.0742  0.0686  0.0699  0.0663  0.0669
  0.0747  0.0786  0.0709  0.0710  0.0655  0.0687
  0.0783  0.0849  0.0760  0.0718  0.0649  0.0708
niter,ni,del,rscale     5    3   12.0000    1.2000
parameter  5 -0.504110 -> -0.500000 qaram    1.3225
parameters
   -2.6144   19.5193   23.7517    0.2602    7.4175   -4.9996
eta,q 0.94063 12.43469
  0.0675  0.0719  0.0741  0.0688  0.0730  0.0604
  0.0628  0.0666  0.0703  0.0632  0.0684  0.0595
  0.0609  0.0612  0.0631  0.0596  0.0636  0.0594
  0.0648  0.0610  0.0606  0.0603  0.0602  0.0593
  0.0707  0.0661  0.0658  0.0631  0.0595  0.0604
  0.0757  0.0691  0.0711  0.0652  0.0593  0.0631
  0.0814  0.0711  0.0783  0.0671  0.0608  0.0663
niter,ni,del,rscale     5    3   12.0000    1.2000
parameters
   -3.3711   20.1251   22.9200   -0.6808    6.5950   -5.3277
eta,q 0.94132 12.31395
  0.0704  0.0751  0.0697  0.0663  0.0666  0.0633
  0.0641  0.0687  0.0651  0.0599  0.0617  0.0604
  0.0607  0.0626  0.0611  0.0577  0.0593  0.0589
  0.0594  0.0597  0.0596  0.0594  0.0584  0.0587
  0.0617  0.0616  0.0650  0.0625  0.0587  0.0595
  0.0700  0.0657  0.0703  0.0659  0.0640  0.0611
  0.0774  0.0698  0.0745  0.0687  0.0729  0.0644
niter,ni,del,rscale     4    3   12.0000    1.2000
parameters
   -3.3875   20.5081   23.0715   -0.8695    6.5177   -5.4162
eta,q 0.94150 12.30258
  0.0733  0.0750  0.0718  0.0692  0.0681  0.0639
  0.0650  0.0688  0.0669  0.0622  0.0628  0.0607
  0.0604  0.0617  0.0627  0.0578  0.0595  0.0589
  0.0587  0.0587  0.0588  0.0587  0.0585  0.0585
  0.0595  0.0618  0.0612  0.0617  0.0583  0.0592
  0.0654  0.0662  0.0664  0.0651  0.0615  0.0610
  0.0737  0.0713  0.0708  0.0679  0.0700  0.0641
niter,ni,del,rscale     3    3   12.0000    1.2000
parameters
   -3.4236   20.6683   23.1970   -0.9233    6.5075   -5.4972
eta,q 0.94146 12.29795
  0.0728  0.0744  0.0715  0.0698  0.0683  0.0640
  0.0644  0.0678  0.0667  0.0627  0.0630  0.0608
  0.0599  0.0607  0.0624  0.0580  0.0596  0.0590
  0.0585  0.0585  0.0587  0.0586  0.0585  0.0585
  0.0597  0.0624  0.0614  0.0615  0.0585  0.0593
  0.0650  0.0667  0.0662  0.0649  0.0613  0.0611
  0.0730  0.0722  0.0707  0.0677  0.0698  0.0642
niter,ni,del,rscale     2    3   12.0000    1.2000
parameters
   -3.4554   20.7435   23.2683   -0.9432    6.4996   -5.5459
eta,q 0.94142 12.29559
  0.0725  0.0742  0.0713  0.0699  0.0683  0.0642
  0.0642  0.0673  0.0666  0.0628  0.0630  0.0609
  0.0597  0.0604  0.0622  0.0581  0.0596  0.0591
  0.0585  0.0585  0.0586  0.0586  0.0586  0.0586
  0.0599  0.0626  0.0617  0.0615  0.0586  0.0593
  0.0648  0.0669  0.0663  0.0649  0.0614  0.0611
  0.0725  0.0726  0.0709  0.0676  0.0698  0.0642
niter,ni,del,rscale     1    3   12.0000    1.2000
parameters
   -3.4752   20.7792   23.3058   -0.9518    6.4946   -5.5677
eta,q 0.94140 12.29427
  0.0725  0.0741  0.0712  0.0700  0.0684  0.0643
  0.0642  0.0670  0.0665  0.0629  0.0630  0.0609
  0.0597  0.0602  0.0621  0.0581  0.0596  0.0591
  0.0586  0.0586  0.0586  0.0586  0.0586  0.0586
  0.0600  0.0627  0.0618  0.0615  0.0587  0.0593
  0.0647  0.0670  0.0663  0.0649  0.0614  0.0612
  0.0723  0.0727  0.0710  0.0676  0.0699  0.0642
registration optimization eta report
parameter search radius
    6.0000    6.0000    6.0000    6.0000    7.9350    6.0000
100000*second partial in parameter space
       39.       39.       31.       28.       17.       16.
  0.0725  0.0741  0.0712  0.0700  0.0684  0.0643
  0.0642  0.0670  0.0665  0.0629  0.0630  0.0609
  0.0597  0.0602  0.0621  0.0581  0.0596  0.0591
  0.0586  0.0586  0.0586  0.0586  0.0586  0.0586
  0.0600  0.0627  0.0618  0.0615  0.0587  0.0593
  0.0647  0.0670  0.0663  0.0649  0.0614  0.0612
  0.0723  0.0727  0.0710  0.0676  0.0699  0.0642
   -3.4752   20.7792   23.3058   -0.9518    6.4946   -5.5677
eta,q 0.94140 12.29427

---------------------------------------------------------------------
imgreg_4dfp /opt/freesurfer/average/711-2C_as_mni_average_305 /opt/freesurfer/average/711-2B_as_mni_average_305_mask talsrcimg_g11 none talsrcimg_to_711-2C_as_mni_average_305_t4 3335
---------------------------------------------------------------------

freesurfer imgreg_4dfp.c
/opt/freesurfer/average/711-2C_as_mni_average_305.4dfp.img
       256       256       256         1
  1.000000  1.000000  1.000000
orientation T byte_order littleendian
Reading image: /opt/freesurfer/average/711-2C_as_mni_average_305.4dfp.img
dimensions:      256       256       256
mmppix:       1.0000   -1.0000   -1.0000
center:     128.0000 -129.0000 -129.0000
/opt/freesurfer/average/711-2B_as_mni_average_305_mask.4dfp.img
       256       256       256         1
  1.000000  1.000000  1.000000
orientation T byte_order littleendian
Reading mask: /opt/freesurfer/average/711-2B_as_mni_average_305_mask.4dfp.img (2306576 pixels)
talsrcimg_g11.4dfp.img
       256       256       256         1
  1.000000  1.000000  1.000000
orientation T byte_order littleendian
Reading image: talsrcimg_g11.4dfp.img
dimensions:      256       256       256
mmppix:       1.0000   -1.0000   -1.0000
center:     128.0000 -129.0000 -129.0000
fimgreg.f
image alignment mode   3335 decimal      D07 hex
parameters
   -3.4752   20.7792   23.3058   -1.1105   -0.5037   -0.6555
    9.8879  -11.0949   -9.6400    2.7506   11.3110   -1.6505
eta,q 0.93952 12.37885
niter,ni,del,rscale     5    3    5.0000    1.2000
parameter  4  3.059746 ->  0.500000 qaram    1.1500
parameter  5 -7.567459 ->  0.500000 qaram    1.1500
parameter  6  0.919769 ->  0.500000 qaram    1.1500
parameter  8 -0.653301 -> -0.500000 qaram    1.1500
parameters
   -2.7322   21.1665   22.7197   -5.2505   -4.6437   -4.7955
    7.2288   -6.9549   -8.0277    1.4476    9.9369   -3.3481
eta,q 0.96594 12.46351
  0.0643  0.0615  0.0615  0.0483  0.0367  0.0371  0.0386  0.0481  0.0389  0.0386  0.0363  0.0357
  0.0627  0.0610  0.0603  0.0508  0.0415  0.0376  0.0377  0.0442  0.0370  0.0361  0.0351  0.0346
  0.0613  0.0605  0.0599  0.0546  0.0468  0.0389  0.0374  0.0406  0.0354  0.0345  0.0344  0.0341
  0.0605  0.0602  0.0601  0.0599  0.0517  0.0430  0.0378  0.0374  0.0345  0.0344  0.0343  0.0342
  0.0602  0.0600  0.0608  0.0656  0.0565  0.0504  0.0389  0.0351  0.0344  0.0359  0.0350  0.0350
  0.0605  0.0603  0.0621  0.0712  0.0609  0.0597  0.0405  0.0346  0.0350  0.0392  0.0366  0.0364
  0.0615  0.0610  0.0639  0.0762  0.0648  0.0664  0.0424  0.0364  0.0363  0.0434  0.0390  0.0382
niter,ni,del,rscale     7    3    5.0000    1.2000
parameter  1  0.615511 ->  0.500000 qaram    1.1500
parameter  4  0.725794 ->  0.500000 qaram    1.3225
parameter  5  1.097978 ->  0.500000 qaram    1.3225
parameters
   -4.1122   20.4324   22.4138  -10.0115   -9.4047   -6.2744
    9.0876   -7.2727   -8.4440    1.2178   11.1591   -3.5120
eta,q 0.97635 12.30705
  0.0332  0.0336  0.0337  0.0287  0.0235  0.0271  0.0290  0.0310  0.0263  0.0277  0.0251  0.0250
  0.0323  0.0323  0.0324  0.0283  0.0232  0.0256  0.0268  0.0266  0.0248  0.0254  0.0245  0.0243
  0.0326  0.0318  0.0318  0.0288  0.0248  0.0245  0.0251  0.0243  0.0240  0.0242  0.0241  0.0238
  0.0341  0.0322  0.0318  0.0317  0.0283  0.0235  0.0241  0.0238  0.0238  0.0237  0.0237  0.0237
  0.0366  0.0334  0.0323  0.0373  0.0333  0.0231  0.0238  0.0247  0.0242  0.0243  0.0236  0.0238
  0.0399  0.0352  0.0334  0.0443  0.0380  0.0268  0.0244  0.0275  0.0253  0.0258  0.0239  0.0244
  0.0439  0.0373  0.0349  0.0513  0.0428  0.0364  0.0258  0.0322  0.0270  0.0283  0.0245  0.0252
niter,ni,del,rscale     7    3    5.0000    1.2000
parameter  3  0.620007 ->  0.500000 qaram    1.1500
parameters
   -4.2908   21.0752   21.0338  -12.2329  -12.1709   -6.9741
    9.6808   -7.8782   -8.5392    1.2319   11.0378   -4.9833
eta,q 0.97691 12.03375
  0.0280  0.0291  0.0231  0.0261  0.0265  0.0265  0.0264  0.0286  0.0254  0.0263  0.0240  0.0238
  0.0255  0.0266  0.0227  0.0245  0.0245  0.0249  0.0248  0.0250  0.0242  0.0245  0.0236  0.0233
  0.0240  0.0247  0.0228  0.0234  0.0231  0.0238  0.0237  0.0235  0.0234  0.0235  0.0233  0.0231
  0.0237  0.0236  0.0234  0.0227  0.0231  0.0230  0.0232  0.0231  0.0231  0.0231  0.0231  0.0231
  0.0244  0.0234  0.0242  0.0237  0.0257  0.0224  0.0233  0.0239  0.0234  0.0235  0.0232  0.0235
  0.0264  0.0239  0.0252  0.0282  0.0303  0.0242  0.0242  0.0262  0.0243  0.0245  0.0235  0.0240
  0.0294  0.0253  0.0265  0.0348  0.0350  0.0306  0.0256  0.0306  0.0256  0.0262  0.0242  0.0247
niter,ni,del,rscale     7    3    5.0000    1.2000
parameters
   -4.3460   21.7192   20.9426  -12.1318  -13.0378   -6.7434
    9.8621   -7.9425   -8.5116    2.0565   10.7943   -5.7868
eta,q 0.97709 12.01651
  0.0271  0.0277  0.0245  0.0270  0.0280  0.0266  0.0258  0.0291  0.0253  0.0264  0.0238  0.0238
  0.0248  0.0256  0.0236  0.0252  0.0258  0.0249  0.0243  0.0252  0.0240  0.0244  0.0233  0.0232
  0.0235  0.0240  0.0230  0.0238  0.0239  0.0236  0.0233  0.0234  0.0232  0.0233  0.0230  0.0229
  0.0231  0.0231  0.0228  0.0228  0.0228  0.0230  0.0229  0.0229  0.0229  0.0229  0.0229  0.0229
  0.0236  0.0228  0.0231  0.0222  0.0236  0.0222  0.0232  0.0234  0.0232  0.0231  0.0230  0.0231
  0.0251  0.0233  0.0238  0.0237  0.0269  0.0229  0.0241  0.0254  0.0240  0.0237  0.0233  0.0236
  0.0274  0.0245  0.0248  0.0282  0.0312  0.0277  0.0256  0.0293  0.0252  0.0249  0.0240  0.0243
niter,ni,del,rscale     6    3    5.0000    1.2000
parameters
   -4.3533   21.9867   20.8914  -12.1518  -13.3421   -6.7766
   10.0044   -7.9097   -8.3581    2.5001   10.6147   -6.1681
eta,q 0.97702 11.99966
  0.0270  0.0264  0.0246  0.0269  0.0284  0.0265  0.0258  0.0292  0.0252  0.0258  0.0238  0.0240
  0.0247  0.0246  0.0236  0.0251  0.0262  0.0248  0.0243  0.0252  0.0240  0.0241  0.0234  0.0234
  0.0233  0.0235  0.0230  0.0238  0.0242  0.0236  0.0234  0.0234  0.0233  0.0232  0.0231  0.0230
  0.0229  0.0229  0.0229  0.0229  0.0229  0.0230  0.0230  0.0230  0.0230  0.0230  0.0230  0.0230
  0.0234  0.0230  0.0231  0.0223  0.0231  0.0222  0.0232  0.0234  0.0232  0.0232  0.0231  0.0232
  0.0247  0.0238  0.0238  0.0239  0.0259  0.0230  0.0241  0.0253  0.0239  0.0238  0.0233  0.0236
  0.0270  0.0251  0.0247  0.0283  0.0302  0.0283  0.0256  0.0290  0.0251  0.0250  0.0240  0.0242
niter,ni,del,rscale     5    3    5.0000    1.2000
parameters
   -4.3594   22.1222   20.8502  -12.2083  -13.4793   -6.7844
   10.0741   -7.8996   -8.2389    2.7503   10.5194   -6.3650
eta,q 0.97696 11.98965
  0.0270  0.0260  0.0247  0.0269  0.0285  0.0266  0.0258  0.0291  0.0252  0.0256  0.0239  0.0242
  0.0247  0.0244  0.0237  0.0252  0.0263  0.0248  0.0244  0.0252  0.0240  0.0240  0.0234  0.0235
  0.0234  0.0234  0.0231  0.0239  0.0244  0.0236  0.0234  0.0235  0.0233  0.0232  0.0231  0.0231
  0.0230  0.0230  0.0230  0.0230  0.0230  0.0230  0.0230  0.0230  0.0230  0.0230  0.0230  0.0230
  0.0235  0.0232  0.0232  0.0224  0.0230  0.0222  0.0233  0.0235  0.0232  0.0233  0.0231  0.0232
  0.0248  0.0240  0.0239  0.0240  0.0256  0.0231  0.0242  0.0253  0.0239  0.0239  0.0234  0.0236
  0.0270  0.0254  0.0248  0.0283  0.0300  0.0282  0.0257  0.0290  0.0251  0.0251  0.0240  0.0242
niter,ni,del,rscale     4    3    5.0000    1.2000
parameters
   -4.3625   22.1947   20.8262  -12.2446  -13.5551   -6.7931
   10.1082   -7.8908   -8.1734    2.8894   10.4817   -6.4567
eta,q 0.97692 11.98357
  0.0270  0.0259  0.0248  0.0270  0.0285  0.0266  0.0258  0.0291  0.0252  0.0255  0.0239  0.0242
  0.0248  0.0243  0.0238  0.0252  0.0264  0.0248  0.0244  0.0252  0.0240  0.0239  0.0235  0.0235
  0.0235  0.0234  0.0232  0.0239  0.0245  0.0237  0.0234  0.0235  0.0233  0.0232  0.0232  0.0231
  0.0230  0.0230  0.0230  0.0230  0.0230  0.0231  0.0231  0.0231  0.0231  0.0231  0.0231  0.0231
  0.0235  0.0233  0.0233  0.0225  0.0230  0.0223  0.0234  0.0235  0.0233  0.0233  0.0231  0.0232
  0.0248  0.0241  0.0239  0.0241  0.0255  0.0231  0.0243  0.0254  0.0240  0.0239  0.0234  0.0236
  0.0270  0.0255  0.0248  0.0283  0.0299  0.0282  0.0258  0.0290  0.0251  0.0251  0.0240  0.0242
niter,ni,del,rscale     3    3    5.0000    1.2000
parameters
   -4.3636   22.2371   20.8124  -12.2676  -13.5987   -6.7988
   10.1234   -7.8889   -8.1397    2.9663   10.4560   -6.5211
eta,q 0.97690 11.97993
  0.0271  0.0258  0.0249  0.0270  0.0286  0.0266  0.0258  0.0291  0.0251  0.0254  0.0239  0.0243
  0.0248  0.0243  0.0238  0.0252  0.0264  0.0249  0.0244  0.0253  0.0240  0.0239  0.0235  0.0235
  0.0235  0.0234  0.0233  0.0240  0.0245  0.0237  0.0235  0.0235  0.0233  0.0232  0.0232  0.0232
  0.0231  0.0231  0.0231  0.0231  0.0231  0.0231  0.0231  0.0231  0.0231  0.0231  0.0231  0.0231
  0.0235  0.0233  0.0233  0.0225  0.0230  0.0223  0.0234  0.0236  0.0233  0.0234  0.0232  0.0233
  0.0249  0.0242  0.0239  0.0241  0.0255  0.0231  0.0243  0.0254  0.0240  0.0240  0.0234  0.0236
  0.0271  0.0256  0.0248  0.0283  0.0298  0.0283  0.0258  0.0290  0.0251  0.0252  0.0240  0.0242
niter,ni,del,rscale     2    3    5.0000    1.2000
parameters
   -4.3636   22.2617   20.8039  -12.2775  -13.6276   -6.8027
   10.1326   -7.8852   -8.1145    3.0139   10.4359   -6.5514
eta,q 0.97689 11.97764
  0.0271  0.0258  0.0249  0.0270  0.0286  0.0266  0.0258  0.0291  0.0251  0.0254  0.0240  0.0243
  0.0249  0.0243  0.0239  0.0252  0.0264  0.0249  0.0244  0.0253  0.0240  0.0239  0.0235  0.0236
  0.0235  0.0234  0.0233  0.0240  0.0245  0.0237  0.0235  0.0235  0.0233  0.0232  0.0232  0.0232
  0.0231  0.0231  0.0231  0.0231  0.0231  0.0231  0.0231  0.0231  0.0231  0.0231  0.0231  0.0231
  0.0236  0.0234  0.0233  0.0226  0.0230  0.0223  0.0234  0.0236  0.0233  0.0234  0.0232  0.0233
  0.0249  0.0242  0.0240  0.0241  0.0255  0.0231  0.0243  0.0254  0.0240  0.0240  0.0234  0.0236
  0.0271  0.0256  0.0249  0.0283  0.0298  0.0283  0.0258  0.0290  0.0251  0.0252  0.0240  0.0242
niter,ni,del,rscale     1    3    5.0000    1.2000
parameters
   -4.3655   22.2787   20.7996  -12.2870  -13.6489   -6.8026
   10.1414   -7.8857   -8.1055    3.0363   10.4286   -6.5716
eta,q 0.97688 11.97606
  0.0271  0.0257  0.0249  0.0270  0.0286  0.0266  0.0258  0.0291  0.0251  0.0254  0.0240  0.0243
  0.0249  0.0243  0.0239  0.0252  0.0264  0.0249  0.0244  0.0253  0.0240  0.0239  0.0235  0.0236
  0.0235  0.0234  0.0233  0.0240  0.0245  0.0237  0.0235  0.0235  0.0233  0.0232  0.0232  0.0232
  0.0231  0.0231  0.0231  0.0231  0.0231  0.0231  0.0231  0.0231  0.0231  0.0231  0.0231  0.0231
  0.0236  0.0234  0.0233  0.0226  0.0230  0.0223  0.0234  0.0236  0.0233  0.0234  0.0232  0.0233
  0.0249  0.0242  0.0240  0.0241  0.0255  0.0231  0.0243  0.0254  0.0240  0.0240  0.0235  0.0236
  0.0271  0.0257  0.0249  0.0283  0.0298  0.0283  0.0258  0.0290  0.0251  0.0252  0.0240  0.0243
registration optimization eta report
parameter search radius
    2.7600    2.4000    2.7600    9.5220    9.5220    8.2800
    7.2000    8.2800    7.2000    7.2000    7.2000    7.2000
100000*second partial in parameter space
       52.       45.       23.        5.        7.        7.
        5.        9.        4.        4.        2.        2.
  0.0271  0.0257  0.0249  0.0270  0.0286  0.0266  0.0258  0.0291  0.0251  0.0254  0.0240  0.0243
  0.0249  0.0243  0.0239  0.0252  0.0264  0.0249  0.0244  0.0253  0.0240  0.0239  0.0235  0.0236
  0.0235  0.0234  0.0233  0.0240  0.0245  0.0237  0.0235  0.0235  0.0233  0.0232  0.0232  0.0232
  0.0231  0.0231  0.0231  0.0231  0.0231  0.0231  0.0231  0.0231  0.0231  0.0231  0.0231  0.0231
  0.0236  0.0234  0.0233  0.0226  0.0230  0.0223  0.0234  0.0236  0.0233  0.0234  0.0232  0.0233
  0.0249  0.0242  0.0240  0.0241  0.0255  0.0231  0.0243  0.0254  0.0240  0.0240  0.0235  0.0236
  0.0271  0.0257  0.0249  0.0283  0.0298  0.0283  0.0258  0.0290  0.0251  0.0252  0.0240  0.0243
   -4.3655   22.2787   20.7996  -12.2870  -13.6489   -6.8026
   10.1414   -7.8857   -8.1055    3.0363   10.4286   -6.5716
eta,q 0.97688 11.97606

---------------------------------------------------------------------
imgreg_4dfp /opt/freesurfer/average/711-2C_as_mni_average_305 /opt/freesurfer/average/711-2B_as_mni_average_305_mask talsrcimg_g11 none talsrcimg_to_711-2C_as_mni_average_305_t4 2311
---------------------------------------------------------------------

freesurfer imgreg_4dfp.c
/opt/freesurfer/average/711-2C_as_mni_average_305.4dfp.img
       256       256       256         1
  1.000000  1.000000  1.000000
orientation T byte_order littleendian
Reading image: /opt/freesurfer/average/711-2C_as_mni_average_305.4dfp.img
dimensions:      256       256       256
mmppix:       1.0000   -1.0000   -1.0000
center:     128.0000 -129.0000 -129.0000
/opt/freesurfer/average/711-2B_as_mni_average_305_mask.4dfp.img
       256       256       256         1
  1.000000  1.000000  1.000000
orientation T byte_order littleendian
Reading mask: /opt/freesurfer/average/711-2B_as_mni_average_305_mask.4dfp.img (2306576 pixels)
talsrcimg_g11.4dfp.img
       256       256       256         1
  1.000000  1.000000  1.000000
orientation T byte_order littleendian
Reading image: talsrcimg_g11.4dfp.img
dimensions:      256       256       256
mmppix:       1.0000   -1.0000   -1.0000
center:     128.0000 -129.0000 -129.0000
fimgreg.f
image alignment mode   2311 decimal      907 hex
parameters
   -4.3655   22.2787   20.7996  -12.2870  -13.6489   -6.8026
   10.1414   -7.8857   -8.1055    3.0363   10.4286   -6.5716
eta,q 0.97688 11.97607
niter,ni,del,rscale     5    3    5.0000    0.8000
parameter  4 -0.650557 -> -0.500000 qaram    1.1500
parameters
   -4.3764   22.2838   20.7559   -9.5270  -12.4635   -5.3713
    9.7668   -7.9287   -8.0804    3.2282   10.2663   -6.4518
eta,q 0.97807 12.24761
  0.0244  0.0243  0.0237  0.0246  0.0251  0.0241  0.0234  0.0255  0.0231  0.0234  0.0229  0.0227
  0.0237  0.0236  0.0234  0.0240  0.0241  0.0233  0.0226  0.0235  0.0224  0.0225  0.0224  0.0222
  0.0233  0.0233  0.0232  0.0236  0.0233  0.0228  0.0220  0.0222  0.0220  0.0220  0.0220  0.0220
  0.0231  0.0231  0.0231  0.0231  0.0226  0.0223  0.0219  0.0219  0.0219  0.0219  0.0219  0.0219
  0.0233  0.0232  0.0232  0.0228  0.0223  0.0219  0.0222  0.0224  0.0221  0.0221  0.0220  0.0220
  0.0237  0.0236  0.0234  0.0226  0.0226  0.0218  0.0229  0.0236  0.0224  0.0224  0.0224  0.0222
  0.0245  0.0243  0.0238  0.0230  0.0237  0.0230  0.0240  0.0256  0.0231  0.0231  0.0230  0.0226
niter,ni,del,rscale     5    3    5.0000    0.8000
parameters
   -4.3207   21.9338   20.9272  -10.6348  -12.1372   -5.2066
    9.8416   -7.8861   -8.1866    2.7094   10.4391   -6.0302
eta,q 0.97816 12.22535
  0.0240  0.0227  0.0230  0.0234  0.0243  0.0235  0.0235  0.0250  0.0230  0.0229  0.0227  0.0226
  0.0229  0.0221  0.0223  0.0227  0.0233  0.0229  0.0226  0.0232  0.0223  0.0222  0.0223  0.0222
  0.0222  0.0219  0.0220  0.0222  0.0225  0.0225  0.0221  0.0221  0.0220  0.0219  0.0220  0.0219
  0.0219  0.0219  0.0219  0.0219  0.0220  0.0219  0.0219  0.0219  0.0219  0.0219  0.0218  0.0218
  0.0221  0.0223  0.0219  0.0223  0.0220  0.0215  0.0220  0.0222  0.0220  0.0221  0.0219  0.0219
  0.0227  0.0230  0.0222  0.0239  0.0226  0.0221  0.0225  0.0232  0.0224  0.0226  0.0221  0.0221
  0.0238  0.0239  0.0225  0.0263  0.0240  0.0240  0.0234  0.0248  0.0230  0.0235  0.0226  0.0224
niter,ni,del,rscale     4    3    5.0000    0.7000
parameters
   -4.2717   21.8145   20.8065  -10.6716  -11.9519   -5.0963
    9.7877   -7.9348   -8.2867    2.5305   10.4539   -6.0059
eta,q 0.97825 12.23305
  0.0233  0.0228  0.0224  0.0235  0.0237  0.0231  0.0230  0.0242  0.0226  0.0228  0.0224  0.0223
  0.0225  0.0222  0.0220  0.0228  0.0229  0.0227  0.0223  0.0227  0.0221  0.0221  0.0221  0.0220
  0.0220  0.0219  0.0218  0.0223  0.0222  0.0223  0.0219  0.0220  0.0218  0.0218  0.0218  0.0218
  0.0218  0.0218  0.0218  0.0218  0.0218  0.0218  0.0218  0.0218  0.0218  0.0218  0.0218  0.0218
  0.0220  0.0220  0.0220  0.0218  0.0219  0.0215  0.0219  0.0221  0.0219  0.0219  0.0218  0.0218
  0.0224  0.0225  0.0222  0.0224  0.0224  0.0220  0.0223  0.0229  0.0222  0.0223  0.0220  0.0220
  0.0231  0.0231  0.0225  0.0240  0.0236  0.0236  0.0231  0.0242  0.0227  0.0230  0.0224  0.0222
niter,ni,del,rscale     3    3    5.0000    0.6000
parameters
   -4.2527   21.7724   20.8010  -10.4602  -11.8544   -4.8533
    9.7457   -7.9528   -8.3036    2.4824   10.4060   -6.0030
eta,q 0.97837 12.25437
  0.0228  0.0225  0.0222  0.0232  0.0231  0.0229  0.0226  0.0237  0.0223  0.0225  0.0221  0.0220
  0.0222  0.0221  0.0219  0.0226  0.0225  0.0225  0.0221  0.0225  0.0219  0.0220  0.0219  0.0218
  0.0219  0.0218  0.0218  0.0221  0.0220  0.0221  0.0217  0.0218  0.0217  0.0217  0.0217  0.0216
  0.0218  0.0218  0.0218  0.0218  0.0217  0.0217  0.0216  0.0216  0.0216  0.0216  0.0216  0.0216
  0.0218  0.0219  0.0218  0.0217  0.0218  0.0215  0.0217  0.0219  0.0217  0.0218  0.0217  0.0217
  0.0222  0.0222  0.0220  0.0221  0.0222  0.0219  0.0221  0.0226  0.0220  0.0221  0.0219  0.0218
  0.0228  0.0227  0.0222  0.0232  0.0231  0.0230  0.0226  0.0236  0.0223  0.0225  0.0222  0.0220
niter,ni,del,rscale     2    3    5.0000    0.5000
parameters
   -4.2368   21.7423   20.8714  -10.2796  -11.7923   -4.5212
    9.6897   -7.9704   -8.3053    2.4484   10.3890   -5.9478
eta,q 0.97850 12.27664
  0.0224  0.0222  0.0221  0.0227  0.0226  0.0226  0.0222  0.0231  0.0220  0.0222  0.0219  0.0218
  0.0220  0.0219  0.0218  0.0223  0.0221  0.0223  0.0218  0.0222  0.0217  0.0218  0.0217  0.0216
  0.0217  0.0217  0.0217  0.0219  0.0218  0.0219  0.0216  0.0216  0.0216  0.0216  0.0216  0.0215
  0.0216  0.0216  0.0216  0.0216  0.0216  0.0216  0.0215  0.0215  0.0215  0.0215  0.0215  0.0215
  0.0217  0.0217  0.0217  0.0216  0.0217  0.0214  0.0216  0.0217  0.0216  0.0216  0.0215  0.0215
  0.0219  0.0219  0.0218  0.0219  0.0220  0.0217  0.0218  0.0222  0.0217  0.0218  0.0217  0.0216
  0.0224  0.0223  0.0219  0.0227  0.0226  0.0225  0.0222  0.0230  0.0220  0.0222  0.0219  0.0218
niter,ni,del,rscale     1    3    5.0000    0.4000
parameters
   -4.2221   21.7124   21.0034  -10.1280  -11.7514   -4.1386
    9.6199   -7.9922   -8.2998    2.3932   10.3967   -5.8727
eta,q 0.97860 12.29847
  0.0220  0.0219  0.0219  0.0223  0.0222  0.0223  0.0218  0.0225  0.0217  0.0219  0.0217  0.0216
  0.0217  0.0217  0.0217  0.0220  0.0218  0.0220  0.0216  0.0218  0.0215  0.0216  0.0215  0.0215
  0.0216  0.0215  0.0215  0.0217  0.0216  0.0217  0.0214  0.0215  0.0214  0.0214  0.0214  0.0214
  0.0215  0.0215  0.0215  0.0215  0.0215  0.0215  0.0214  0.0214  0.0214  0.0214  0.0214  0.0214
  0.0215  0.0216  0.0215  0.0215  0.0215  0.0214  0.0215  0.0215  0.0214  0.0215  0.0214  0.0214
  0.0217  0.0217  0.0216  0.0217  0.0218  0.0215  0.0216  0.0219  0.0215  0.0216  0.0215  0.0215
  0.0220  0.0219  0.0217  0.0223  0.0222  0.0221  0.0219  0.0225  0.0217  0.0219  0.0217  0.0216
registration optimization eta report
parameter search radius
    0.8000    0.8000    0.8000    2.7600    2.4000    2.4000
    2.4000    2.4000    2.4000    2.4000    2.4000    2.4000
100000*second partial in parameter space
       79.       63.       41.       10.       12.       12.
        8.       19.        6.        8.        5.        4.
  0.0220  0.0219  0.0219  0.0223  0.0222  0.0223  0.0218  0.0225  0.0217  0.0219  0.0217  0.0216
  0.0217  0.0217  0.0217  0.0220  0.0218  0.0220  0.0216  0.0218  0.0215  0.0216  0.0215  0.0215
  0.0216  0.0215  0.0215  0.0217  0.0216  0.0217  0.0214  0.0215  0.0214  0.0214  0.0214  0.0214
  0.0215  0.0215  0.0215  0.0215  0.0215  0.0215  0.0214  0.0214  0.0214  0.0214  0.0214  0.0214
  0.0215  0.0216  0.0215  0.0215  0.0215  0.0214  0.0215  0.0215  0.0214  0.0215  0.0214  0.0214
  0.0217  0.0217  0.0216  0.0217  0.0218  0.0215  0.0216  0.0219  0.0215  0.0216  0.0215  0.0215
  0.0220  0.0219  0.0217  0.0223  0.0222  0.0221  0.0219  0.0225  0.0217  0.0219  0.0217  0.0216
   -4.2221   21.7124   21.0034  -10.1280  -11.7514   -4.1386
    9.6199   -7.9922   -8.2998    2.3932   10.3967   -5.8727
eta,q 0.97860 12.29847

---------------------------------------------------------------------
imgreg_4dfp /opt/freesurfer/average/711-2C_as_mni_average_305 /opt/freesurfer/average/711-2B_as_mni_average_305_mask talsrcimg_g11 none talsrcimg_to_711-2C_as_mni_average_305_t4 2311
---------------------------------------------------------------------

freesurfer imgreg_4dfp.c
/opt/freesurfer/average/711-2C_as_mni_average_305.4dfp.img
       256       256       256         1
  1.000000  1.000000  1.000000
orientation T byte_order littleendian
Reading image: /opt/freesurfer/average/711-2C_as_mni_average_305.4dfp.img
dimensions:      256       256       256
mmppix:       1.0000   -1.0000   -1.0000
center:     128.0000 -129.0000 -129.0000
/opt/freesurfer/average/711-2B_as_mni_average_305_mask.4dfp.img
       256       256       256         1
  1.000000  1.000000  1.000000
orientation T byte_order littleendian
Reading mask: /opt/freesurfer/average/711-2B_as_mni_average_305_mask.4dfp.img (2306576 pixels)
talsrcimg_g11.4dfp.img
       256       256       256         1
  1.000000  1.000000  1.000000
orientation T byte_order littleendian
Reading image: talsrcimg_g11.4dfp.img
dimensions:      256       256       256
mmppix:       1.0000   -1.0000   -1.0000
center:     128.0000 -129.0000 -129.0000
fimgreg.f
image alignment mode   2311 decimal      907 hex
parameters
   -4.2221   21.7124   21.0034  -10.1280  -11.7514   -4.1386
    9.6199   -7.9922   -8.2998    2.3932   10.3967   -5.8727
eta,q 0.97860 12.29848
niter,ni,del,rscale     5    3    5.0000    0.8000
parameters
   -4.2413   21.6813   21.3081  -10.6508  -12.1522   -4.7703
    9.7018   -7.8342   -8.3366    2.3063   10.5954   -5.4128
eta,q 0.97827 12.24735
  0.0234  0.0230  0.0230  0.0230  0.0234  0.0230  0.0234  0.0250  0.0230  0.0232  0.0225  0.0225
  0.0223  0.0221  0.0221  0.0223  0.0225  0.0226  0.0225  0.0232  0.0223  0.0223  0.0221  0.0220
  0.0216  0.0216  0.0216  0.0218  0.0218  0.0221  0.0220  0.0221  0.0219  0.0218  0.0219  0.0218
  0.0214  0.0214  0.0214  0.0214  0.0215  0.0215  0.0217  0.0217  0.0217  0.0217  0.0217  0.0217
  0.0216  0.0216  0.0214  0.0216  0.0217  0.0214  0.0219  0.0220  0.0219  0.0220  0.0218  0.0218
  0.0223  0.0222  0.0217  0.0226  0.0228  0.0226  0.0224  0.0229  0.0223  0.0224  0.0220  0.0219
  0.0236  0.0231  0.0220  0.0245  0.0246  0.0256  0.0233  0.0246  0.0230  0.0232  0.0225  0.0222
niter,ni,del,rscale     4    3    5.0000    0.7000
parameters
   -4.2393   21.7199   21.0075  -10.4072  -12.0034   -4.9697
    9.7045   -7.9082   -8.3672    2.2545   10.5380   -5.7187
eta,q 0.97833 12.24869
  0.0231  0.0229  0.0221  0.0231  0.0235  0.0230  0.0230  0.0242  0.0226  0.0228  0.0223  0.0221
  0.0223  0.0223  0.0218  0.0226  0.0227  0.0225  0.0223  0.0227  0.0221  0.0221  0.0220  0.0218
  0.0219  0.0219  0.0217  0.0221  0.0220  0.0221  0.0218  0.0219  0.0218  0.0218  0.0218  0.0217
  0.0217  0.0217  0.0217  0.0217  0.0216  0.0216  0.0217  0.0217  0.0217  0.0217  0.0217  0.0217
  0.0219  0.0218  0.0219  0.0216  0.0217  0.0214  0.0218  0.0220  0.0218  0.0218  0.0217  0.0218
  0.0223  0.0222  0.0222  0.0220  0.0223  0.0222  0.0223  0.0229  0.0221  0.0222  0.0220  0.0219
  0.0231  0.0228  0.0225  0.0231  0.0235  0.0240  0.0230  0.0243  0.0227  0.0229  0.0224  0.0222
niter,ni,del,rscale     3    3    5.0000    0.6000
parameters
   -4.2375   21.7148   20.9190  -10.2264  -11.8891   -4.8035
    9.6872   -7.9356   -8.3405    2.3250   10.4716   -5.8202
eta,q 0.97842 12.26549
  0.0227  0.0225  0.0221  0.0228  0.0231  0.0228  0.0226  0.0237  0.0223  0.0226  0.0221  0.0220
  0.0222  0.0221  0.0218  0.0224  0.0224  0.0224  0.0220  0.0224  0.0219  0.0220  0.0218  0.0217
  0.0218  0.0218  0.0217  0.0220  0.0219  0.0220  0.0217  0.0218  0.0217  0.0217  0.0216  0.0216
  0.0217  0.0217  0.0217  0.0217  0.0216  0.0216  0.0216  0.0216  0.0216  0.0216  0.0216  0.0216
  0.0218  0.0218  0.0218  0.0216  0.0217  0.0214  0.0217  0.0219  0.0217  0.0217  0.0216  0.0216
  0.0221  0.0221  0.0219  0.0220  0.0222  0.0218  0.0220  0.0225  0.0219  0.0220  0.0218  0.0218
  0.0227  0.0226  0.0222  0.0228  0.0230  0.0230  0.0226  0.0237  0.0223  0.0225  0.0222  0.0220
niter,ni,del,rscale     2    3    5.0000    0.5000
parameters
   -4.2300   21.7075   20.9576  -10.0984  -11.8124   -4.4813
    9.6473   -7.9627   -8.3187    2.3479   10.4316   -5.8360
eta,q 0.97853 12.28518
  0.0224  0.0222  0.0220  0.0225  0.0226  0.0225  0.0222  0.0231  0.0220  0.0222  0.0219  0.0218
  0.0219  0.0219  0.0217  0.0221  0.0221  0.0222  0.0218  0.0221  0.0217  0.0218  0.0217  0.0216
  0.0217  0.0216  0.0216  0.0218  0.0218  0.0219  0.0215  0.0216  0.0215  0.0215  0.0215  0.0215
  0.0216  0.0216  0.0216  0.0216  0.0216  0.0216  0.0215  0.0215  0.0215  0.0215  0.0215  0.0215
  0.0217  0.0217  0.0216  0.0216  0.0216  0.0214  0.0216  0.0217  0.0215  0.0216  0.0215  0.0215
  0.0219  0.0219  0.0217  0.0219  0.0220  0.0216  0.0218  0.0222  0.0217  0.0218  0.0217  0.0216
  0.0223  0.0222  0.0219  0.0225  0.0226  0.0225  0.0222  0.0231  0.0220  0.0221  0.0219  0.0218
niter,ni,del,rscale     1    3    5.0000    0.4000
parameters
   -4.2202   21.6931   21.0754  -10.0037  -11.7794   -4.0874
    9.5919   -7.9885   -8.3046    2.3356   10.4124   -5.7885
eta,q 0.97863 12.30481
  0.0220  0.0219  0.0218  0.0221  0.0221  0.0223  0.0218  0.0225  0.0217  0.0219  0.0217  0.0216
  0.0217  0.0216  0.0216  0.0218  0.0218  0.0220  0.0216  0.0218  0.0215  0.0216  0.0215  0.0215
  0.0215  0.0215  0.0215  0.0216  0.0216  0.0217  0.0214  0.0215  0.0214  0.0214  0.0214  0.0214
  0.0215  0.0215  0.0215  0.0215  0.0215  0.0215  0.0214  0.0214  0.0214  0.0214  0.0214  0.0214
  0.0215  0.0215  0.0215  0.0215  0.0215  0.0213  0.0214  0.0215  0.0214  0.0214  0.0214  0.0214
  0.0217  0.0217  0.0215  0.0217  0.0217  0.0215  0.0216  0.0219  0.0215  0.0216  0.0215  0.0215
  0.0220  0.0219  0.0216  0.0221  0.0222  0.0220  0.0219  0.0225  0.0217  0.0218  0.0217  0.0216
registration optimization eta report
parameter search radius
    0.8000    0.8000    0.8000    2.4000    2.4000    2.4000
    2.4000    2.4000    2.4000    2.4000    2.4000    2.4000
100000*second partial in parameter space
       80.       64.       40.       11.       12.       12.
        8.       19.        6.        8.        5.        4.
  0.0220  0.0219  0.0218  0.0221  0.0221  0.0223  0.0218  0.0225  0.0217  0.0219  0.0217  0.0216
  0.0217  0.0216  0.0216  0.0218  0.0218  0.0220  0.0216  0.0218  0.0215  0.0216  0.0215  0.0215
  0.0215  0.0215  0.0215  0.0216  0.0216  0.0217  0.0214  0.0215  0.0214  0.0214  0.0214  0.0214
  0.0215  0.0215  0.0215  0.0215  0.0215  0.0215  0.0214  0.0214  0.0214  0.0214  0.0214  0.0214
  0.0215  0.0215  0.0215  0.0215  0.0215  0.0213  0.0214  0.0215  0.0214  0.0214  0.0214  0.0214
  0.0217  0.0217  0.0215  0.0217  0.0217  0.0215  0.0216  0.0219  0.0215  0.0216  0.0215  0.0215
  0.0220  0.0219  0.0216  0.0221  0.0222  0.0220  0.0219  0.0225  0.0217  0.0218  0.0217  0.0216
   -4.2202   21.6931   21.0754  -10.0037  -11.7794   -4.0874
    9.5919   -7.9885   -8.3046    2.3356   10.4124   -5.7885
eta,q 0.97863 12.30481

---------------------------------------------------------------------
compute_vox2vox talsrcimg talsrcimg_to_711-2C_as_mni_average_305_t4 /opt/freesurfer/average/711-2C_as_mni_average_305
---------------------------------------------------------------------

freesurfer compute_vox2vox.c
Reading: talsrcimg.4dfp.ifh
Reading: talsrcimg_to_711-2C_as_mni_average_305_t4
Reading: /opt/freesurfer/average/711-2C_as_mni_average_305.4dfp.ifh
Writing: talsrcimg_to_711-2C_as_mni_average_305_t4_vox2vox.txt

start time Sat Mar 7 04:26:33 CET 2026
end		time Sat Mar 7 04:28:08 CET 2026

mpr2mni305 success

avi2talxfm orig_nu.mgz /opt/freesurfer/average/mni305.cor.mgz talsrcimg_to_711-2C_as_mni_average_305_t4_vox2vox.txt transforms/talairach.auto.xfm
avi2talxfm done
mv -f /out/sourcedata/freesurfer/sub-v1s18x0051279_ses-1/mri/talsrcimg_to_711-2C_as_mni_average_305_t4_vox2vox.txt /out/sourcedata/freesurfer/sub-v1s18x0051279_ses-1/mri/transforms/talsrcimg_to_711-2C_as_mni_average_305_t4_vox2vox.txt
lta_convert --src orig_nu.mgz --trg /opt/freesurfer/average/mni305.cor.mgz --inxfm transforms/talairach.auto.xfm --outlta transforms/talairach.auto.xfm.lta --subject fsaverage
7.3.2

--src: orig_nu.mgz src image (geometry).
--trg: /opt/freesurfer/average/mni305.cor.mgz trg image (geometry).
--inmni: transforms/talairach.auto.xfm input MNI/XFM transform.
--outlta: transforms/talairach.auto.xfm.lta output LTA.
--s: fsaverage subject name
 LTA read, type : 1
 1.08997   0.09352  -0.11237   5.42073;
-0.11196   1.03135   0.07984  -31.04994;
 0.10557  -0.01850   1.12083  -19.58861;
 0.00000   0.00000   0.00000   1.00000;
setting subject to fsaverage
Writing  LTA to file transforms/talairach.auto.xfm.lta...
lta_convert successful.
 
 
Started at Sat Mar 7 04:26:32 CET 2026
Ended   at Sat Mar  7 04:28:08 CET 2026
talairach_avi done
