status file for recon-all
Thu Feb 26 09:40:26 CET 2026
#@# MotionCor Thu Feb 26 09:40:28 CET 2026
#@# Talairach Thu Feb 26 09:40:36 CET 2026
#@# Talairach Failure Detection Thu Feb 26 09:44:16 CET 2026
#@# Nu Intensity Correction Thu Feb 26 09:44:16 CET 2026
#@# Intensity Normalization Thu Feb 26 09:47:51 CET 2026
recon-all -s sub-v1s10x0050988_ses-1 finished without error at Thu Feb 26 09:49:09 CET 2026



#New# invocation of recon-all 



status file for recon-all
Thu Feb 26 09:58:46 CET 2026
#@# EM Registration Thu Feb 26 09:58:47 CET 2026
recon-all -s sub-v1s10x0050988_ses-1 finished without error at Thu Feb 26 10:01:25 CET 2026



#New# invocation of recon-all 



status file for recon-all
Thu Feb 26 10:01:31 CET 2026
#@# CA Normalize Thu Feb 26 10:01:31 CET 2026
#@# CA Reg Thu Feb 26 10:02:25 CET 2026
#@# SubCort Seg Thu Feb 26 10:44:13 CET 2026
#@# CC Seg Thu Feb 26 11:13:40 CET 2026
#@# Merge ASeg Thu Feb 26 11:14:17 CET 2026
#@# Intensity Normalization2 Thu Feb 26 11:14:17 CET 2026
#@# Mask BFS Thu Feb 26 11:16:19 CET 2026
#@# WM Segmentation Thu Feb 26 11:16:19 CET 2026
#@# Fill Thu Feb 26 11:18:21 CET 2026
recon-all -s sub-v1s10x0050988_ses-1 finished without error at Thu Feb 26 11:19:25 CET 2026



#New# invocation of recon-all 



status file for recon-all
Thu Feb 26 12:30:03 CET 2026
#@# white curv lh Thu Feb 26 12:30:03 CET 2026
#@# white area lh Thu Feb 26 12:30:03 CET 2026
#@# pial curv lh Thu Feb 26 12:30:03 CET 2026
#@# pial area lh Thu Feb 26 12:30:03 CET 2026
#@# thickness lh Thu Feb 26 12:30:03 CET 2026
#@# area and vertex vol lh Thu Feb 26 12:30:03 CET 2026
#@# white curv rh Thu Feb 26 12:30:03 CET 2026
#@# white area rh Thu Feb 26 12:30:03 CET 2026
#@# pial curv rh Thu Feb 26 12:30:03 CET 2026
#@# pial area rh Thu Feb 26 12:30:03 CET 2026
#@# thickness rh Thu Feb 26 12:30:03 CET 2026
#@# area and vertex vol rh Thu Feb 26 12:30:03 CET 2026
#@# Cortical ribbon mask Thu Feb 26 12:30:03 CET 2026
recon-all -s sub-v1s10x0050988_ses-1 finished without error at Thu Feb 26 12:35:41 CET 2026



#New# invocation of recon-all 



status file for recon-all
Thu Feb 26 12:44:15 CET 2026
#@# white curv lh Thu Feb 26 12:44:15 CET 2026
#@# white area lh Thu Feb 26 12:44:15 CET 2026
#@# pial curv lh Thu Feb 26 12:44:15 CET 2026
#@# pial area lh Thu Feb 26 12:44:16 CET 2026
#@# thickness lh Thu Feb 26 12:44:16 CET 2026
#@# area and vertex vol lh Thu Feb 26 12:44:16 CET 2026
#@# white curv rh Thu Feb 26 12:44:16 CET 2026
#@# white area rh Thu Feb 26 12:44:16 CET 2026
#@# pial curv rh Thu Feb 26 12:44:16 CET 2026
#@# pial area rh Thu Feb 26 12:44:16 CET 2026
#@# thickness rh Thu Feb 26 12:44:16 CET 2026
#@# area and vertex vol rh Thu Feb 26 12:44:16 CET 2026
#@# Curvature Stats lh Thu Feb 26 12:44:16 CET 2026
#@# Curvature Stats rh Thu Feb 26 12:44:18 CET 2026
#@# Relabel Hypointensities Thu Feb 26 12:44:21 CET 2026
#@# APas-to-ASeg Thu Feb 26 12:44:38 CET 2026
#@# AParc-to-ASeg aparc Thu Feb 26 12:44:47 CET 2026
#@# AParc-to-ASeg aparc.a2009s Thu Feb 26 12:45:35 CET 2026
#@# AParc-to-ASeg aparc.DKTatlas Thu Feb 26 12:46:22 CET 2026
#@# WMParc Thu Feb 26 12:47:10 CET 2026
#@# ASeg Stats Thu Feb 26 12:49:40 CET 2026
recon-all -s sub-v1s10x0050988_ses-1 finished without error at Thu Feb 26 12:50:08 CET 2026
