status file for recon-all
Sat Mar  7 08:31:51 CET 2026
#@# Tessellate lh Sat Mar  7 08:31:51 CET 2026
#@# Smooth1 lh Sat Mar  7 08:31:54 CET 2026
#@# Inflation1 lh Sat Mar  7 08:31:56 CET 2026
#@# QSphere lh Sat Mar  7 08:32:11 CET 2026
#@# Fix Topology lh Sat Mar  7 08:33:13 CET 2026
#@# Smooth2 lh Sat Mar  7 08:41:17 CET 2026
#@# Inflation2 lh Sat Mar  7 08:41:19 CET 2026
#@# Curv .H and .K lh Sat Mar  7 08:41:33 CET 2026
#@# Sphere lh Sat Mar  7 08:42:16 CET 2026
#@# Surf Reg lh Sat Mar  7 08:48:14 CET 2026
#@# Jacobian white lh Sat Mar  7 08:54:34 CET 2026
#@# AvgCurv lh Sat Mar  7 08:54:34 CET 2026
#@# Cortical Parc lh Sat Mar  7 08:54:35 CET 2026
#@# white curv lh Sat Mar  7 09:00:57 CET 2026
#@# white area lh Sat Mar  7 09:00:59 CET 2026
#@# pial curv lh Sat Mar  7 09:01:00 CET 2026
#@# pial area lh Sat Mar  7 09:01:02 CET 2026
#@# thickness lh Sat Mar  7 09:01:03 CET 2026
#@# area and vertex vol lh Sat Mar  7 09:01:25 CET 2026
#@# Curvature Stats lh Sat Mar  7 09:01:27 CET 2026
#@# Cortical Parc 2 lh Sat Mar  7 09:01:29 CET 2026
#@# Cortical Parc 3 lh Sat Mar  7 09:01:40 CET 2026
#@# WM/GM Contrast lh Sat Mar  7 09:01:49 CET 2026
recon-all -s sub-v1s20x0050274_ses-1 finished without error at Sat Mar  7 09:01:52 CET 2026



#New# invocation of recon-all 



status file for recon-all
Sat Mar  7 10:16:24 CET 2026
#@# white curv lh Sat Mar  7 10:16:24 CET 2026
#@# white area lh Sat Mar  7 10:16:24 CET 2026
#@# pial curv lh Sat Mar  7 10:16:24 CET 2026
#@# pial area lh Sat Mar  7 10:16:24 CET 2026
#@# thickness lh Sat Mar  7 10:16:24 CET 2026
#@# area and vertex vol lh Sat Mar  7 10:16:24 CET 2026
#@# Parcellation Stats lh Sat Mar  7 10:16:24 CET 2026
#@# Parcellation Stats 2 lh Sat Mar  7 10:16:43 CET 2026
#@# Parcellation Stats 3 lh Sat Mar  7 10:16:52 CET 2026
#@# BA_exvivo Labels lh Sat Mar  7 10:17:01 CET 2026
recon-all -s sub-v1s20x0050274_ses-1 finished without error at Sat Mar  7 10:19:24 CET 2026
