status file for recon-all
Fri Mar  6 23:36:06 CET 2026
#@# MotionCor Fri Mar  6 23:36:08 CET 2026
#@# Talairach Fri Mar  6 23:36:15 CET 2026
#@# Talairach Failure Detection Fri Mar  6 23:40:40 CET 2026
#@# Nu Intensity Correction Fri Mar  6 23:40:40 CET 2026
#@# Intensity Normalization Fri Mar  6 23:43:57 CET 2026
recon-all -s sub-v1s18x0051201_ses-1 finished without error at Fri Mar  6 23:45:22 CET 2026



#New# invocation of recon-all 



status file for recon-all
Fri Mar  6 23:52:44 CET 2026
#@# EM Registration Fri Mar  6 23:52:45 CET 2026
recon-all -s sub-v1s18x0051201_ses-1 finished without error at Fri Mar  6 23:54:52 CET 2026



#New# invocation of recon-all 



status file for recon-all
Fri Mar  6 23:54:56 CET 2026
#@# CA Normalize Fri Mar  6 23:54:56 CET 2026
#@# CA Reg Fri Mar  6 23:56:16 CET 2026
#@# SubCort Seg Sat Mar  7 00:45:38 CET 2026
#@# CC Seg Sat Mar  7 01:14:24 CET 2026
#@# Merge ASeg Sat Mar  7 01:15:03 CET 2026
#@# Intensity Normalization2 Sat Mar  7 01:15:03 CET 2026
#@# Mask BFS Sat Mar  7 01:17:10 CET 2026
#@# WM Segmentation Sat Mar  7 01:17:11 CET 2026
#@# Fill Sat Mar  7 01:19:01 CET 2026
recon-all -s sub-v1s18x0051201_ses-1 finished without error at Sat Mar  7 01:20:01 CET 2026



#New# invocation of recon-all 



status file for recon-all
Sat Mar  7 02:05:47 CET 2026
#@# white curv lh Sat Mar  7 02:05:47 CET 2026
#@# white area lh Sat Mar  7 02:05:47 CET 2026
#@# pial curv lh Sat Mar  7 02:05:47 CET 2026
#@# pial area lh Sat Mar  7 02:05:47 CET 2026
#@# thickness lh Sat Mar  7 02:05:47 CET 2026
#@# area and vertex vol lh Sat Mar  7 02:05:47 CET 2026
#@# white curv rh Sat Mar  7 02:05:47 CET 2026
#@# white area rh Sat Mar  7 02:05:47 CET 2026
#@# pial curv rh Sat Mar  7 02:05:47 CET 2026
#@# pial area rh Sat Mar  7 02:05:47 CET 2026
#@# thickness rh Sat Mar  7 02:05:47 CET 2026
#@# area and vertex vol rh Sat Mar  7 02:05:47 CET 2026
#@# Cortical ribbon mask Sat Mar  7 02:05:47 CET 2026
recon-all -s sub-v1s18x0051201_ses-1 finished without error at Sat Mar  7 02:10:58 CET 2026



#New# invocation of recon-all 



status file for recon-all
Sat Mar  7 02:17:15 CET 2026
#@# white curv lh Sat Mar  7 02:17:15 CET 2026
#@# white area lh Sat Mar  7 02:17:15 CET 2026
#@# pial curv lh Sat Mar  7 02:17:15 CET 2026
#@# pial area lh Sat Mar  7 02:17:15 CET 2026
#@# thickness lh Sat Mar  7 02:17:15 CET 2026
#@# area and vertex vol lh Sat Mar  7 02:17:15 CET 2026
#@# white curv rh Sat Mar  7 02:17:15 CET 2026
#@# white area rh Sat Mar  7 02:17:15 CET 2026
#@# pial curv rh Sat Mar  7 02:17:15 CET 2026
#@# pial area rh Sat Mar  7 02:17:15 CET 2026
#@# thickness rh Sat Mar  7 02:17:15 CET 2026
#@# area and vertex vol rh Sat Mar  7 02:17:15 CET 2026
#@# Curvature Stats lh Sat Mar  7 02:17:15 CET 2026
#@# Curvature Stats rh Sat Mar  7 02:17:17 CET 2026
#@# Relabel Hypointensities Sat Mar  7 02:17:20 CET 2026
#@# APas-to-ASeg Sat Mar  7 02:17:34 CET 2026
#@# AParc-to-ASeg aparc Sat Mar  7 02:17:43 CET 2026
#@# AParc-to-ASeg aparc.a2009s Sat Mar  7 02:18:28 CET 2026
#@# AParc-to-ASeg aparc.DKTatlas Sat Mar  7 02:19:11 CET 2026
#@# WMParc Sat Mar  7 02:19:54 CET 2026
#@# ASeg Stats Sat Mar  7 02:24:03 CET 2026
recon-all -s sub-v1s18x0051201_ses-1 finished without error at Sat Mar  7 02:24:43 CET 2026
