/out/sourcedata/freesurfer/sub-v1s10x0051015_ses-1/mri
/opt/freesurfer/bin/talairach_avi
--i orig_nu.mgz --xfm transforms/talairach.auto.xfm
talairach_avi 7.3.2
Linux dna021 5.14.0-427.37.1.el9_4.x86_64 #1 SMP PREEMPT_DYNAMIC Fri Sep 13 12:41:50 EDT 2024 x86_64 x86_64 x86_64 GNU/Linux
Fri Mar  6 06:59:55 CET 2026
mri_convert orig_nu.mgz talsrcimg.img 
reading from orig_nu.mgz...
TR=0.00, TE=0.00, TI=0.00, flip angle=0.00
i_ras = (-1, 0, 0)
j_ras = (0, 0, -1)
k_ras = (0, 1, 0)
writing to talsrcimg.img...
Analyze Output Matrix
-1.00000   0.00000   0.00000   125.32777;
 0.00000   0.00000   1.00000  -128.00000;
 0.00000  -1.00000   0.00000   116.26506;
 0.00000   0.00000   0.00000   1.00000;
--------------------
INFO: set hdr.hist.orient to -1
mpr2mni305 talsrcimg
Fri Mar  6 06:59:56 CET 2026
/opt/freesurfer/bin/mpr2mni305 talsrcimg
mpr2mni305 7.3.2
target=711-2C_as_mni_average_305

---------------------------------------------------------------------
analyzeto4dfp talsrcimg -O0 -y
---------------------------------------------------------------------

freesurfer ifh2hdr.c
Fri Mar  6 06:59:56 2026
Writing: talsrcimg.4dfp.hdr
freesurfer analyzeto4dfp.c
Reading: talsrcimg.hdr
header size 348 bytes
hdr.dime.datatype	offset=70	value=2
hdr.dime.bitpix		offset=72	value=8
hdr.hist.orient		offset=252	value=-1
dimensionality     4
dimensions       256       256       256         1
Reading: talsrcimg.img
Writing: talsrcimg.4dfp.img
Writing: talsrcimg.4dfp.ifh
ifh2hdr talsrcimg -r0to221
ori=2

---------------------------------------------------------------------
gauss_4dfp talsrcimg 1.1
---------------------------------------------------------------------

freesurfer gauss_4dfp.c
Reading: talsrcimg.4dfp.img
Writing: talsrcimg_g11.4dfp.img
image dimensions 256 256 256 padded to 288 288 288
processing volume 1freesurfer ifh2hdr.c
Fri Mar  6 06:59:58 2026
Writing: talsrcimg_g11.4dfp.hdr

Writing: talsrcimg_g11.4dfp.ifh
including: talsrcimg.4dfp.img.rec in talsrcimg_g11.4dfp.img.rec

---------------------------------------------------------------------
imgreg_4dfp /opt/freesurfer/average/711-2C_as_mni_average_305 none talsrcimg_g11 none talsrcimg_to_711-2C_as_mni_average_305_t4 4355
---------------------------------------------------------------------

freesurfer imgreg_4dfp.c
/opt/freesurfer/average/711-2C_as_mni_average_305.4dfp.img
       256       256       256         1
  1.000000  1.000000  1.000000
orientation T byte_order littleendian
Reading image: /opt/freesurfer/average/711-2C_as_mni_average_305.4dfp.img
dimensions:      256       256       256
mmppix:       1.0000   -1.0000   -1.0000
center:     128.0000 -129.0000 -129.0000
talsrcimg_g11.4dfp.img
       256       256       256         1
  1.000000  1.000000  1.000000
orientation T byte_order littleendian
Reading image: talsrcimg_g11.4dfp.img
dimensions:      256       256       256
mmppix:       1.0000   -1.0000   -1.0000
center:     128.0000 -129.0000 -129.0000
t4_read: open error in t4_sub.f l:  41 t4_file(1:l)talsrcimg_to_711-2C_as_mni_average_305_t4 
t4_read: transform initialized to I4
rotation matrix determinant  1.000000
image alignment mode   4355 decimal     1103 hex
   -7.5000  -45.0000  -45.0000 7565.9121   16.0270
    0.0000  -45.0000  -45.0000 7886.8330   16.0346
    7.5000  -45.0000  -45.0000 7506.0698   16.0531
   -7.5000  -37.5000  -45.0000 7947.2856   16.0058
    0.0000  -37.5000  -45.0000 8299.9785   16.0176
    7.5000  -37.5000  -45.0000 7895.7339   16.0352
   -7.5000  -30.0000  -45.0000 8568.2559   15.9848
    0.0000  -30.0000  -45.0000 8973.9727   16.0024
    7.5000  -30.0000  -45.0000 8524.8086   16.0224
   -7.5000  -22.5000  -45.0000 9155.5234   15.9878
    0.0000  -22.5000  -45.0000 9576.5781   16.0053
    7.5000  -22.5000  -45.0000 9110.8193   16.0303
   -7.5000  -15.0000  -45.0000 9672.0186   16.0083
    0.0000  -15.0000  -45.000010113.7217   16.0209
    7.5000  -15.0000  -45.0000 9601.1631   16.0478
   -7.5000   -7.5000  -45.000010102.8779   16.0266
    0.0000   -7.5000  -45.000010564.5352   16.0347
    7.5000   -7.5000  -45.000010046.6582   16.0577
   -7.5000    0.0000  -45.000010422.2695   16.0270
    0.0000    0.0000  -45.000010884.4268   16.0345
    7.5000    0.0000  -45.000010375.3125   16.0531
   -7.5000    7.5000  -45.000010020.9287   16.0058
    0.0000    7.5000  -45.000010474.5391   16.0176
    7.5000    7.5000  -45.0000 9972.6885   16.0352
   -7.5000   15.0000  -45.0000 9540.1475   15.9848
    0.0000   15.0000  -45.0000 9986.7539   16.0024
    7.5000   15.0000  -45.0000 9486.2803   16.0224
   -7.5000   22.5000  -45.0000 8900.8330   15.9856
    0.0000   22.5000  -45.0000 9316.8018   16.0031
    7.5000   22.5000  -45.0000 8838.4600   16.0281
   -7.5000   30.0000  -45.0000 8254.0488   15.7950
    0.0000   30.0000  -45.0000 8634.8125   15.8074
    7.5000   30.0000  -45.0000 8183.1265   15.8339
   -7.5000   37.5000  -45.0000 7860.2832   15.8130
    0.0000   37.5000  -45.0000 8224.2305   15.8210
    7.5000   37.5000  -45.0000 7799.6235   15.8437
   -7.5000   45.0000  -45.0000 7145.6655   15.4164
    0.0000   45.0000  -45.0000 7446.1880   15.4237
    7.5000   45.0000  -45.0000 7053.2583   15.4415
   -7.5000  -45.0000  -37.5000 8113.5840   15.7853
    0.0000  -45.0000  -37.5000 8470.7725   15.7924
    7.5000  -45.0000  -37.5000 8038.0605   15.8103
   -7.5000  -37.5000  -37.5000 8508.2930   15.7739
    0.0000  -37.5000  -37.5000 8890.6465   15.7865
    7.5000  -37.5000  -37.5000 8448.0469   15.8011
   -7.5000  -30.0000  -37.5000 9127.6396   15.7562
    0.0000  -30.0000  -37.5000 9560.7139   15.7763
    7.5000  -30.0000  -37.5000 9076.7412   15.7931
   -7.5000  -22.5000  -37.5000 9720.6377   15.7513
    0.0000  -22.5000  -37.500010164.9844   15.7727
    7.5000  -22.5000  -37.5000 9665.6855   15.7964
   -7.5000  -15.0000  -37.500010279.1016   15.7622
    0.0000  -15.0000  -37.500010759.4600   15.7780
    7.5000  -15.0000  -37.500010206.2480   15.8055
   -7.5000   -7.5000  -37.500010756.5498   15.7785
    0.0000   -7.5000  -37.500011250.7207   15.7875
    7.5000   -7.5000  -37.500010691.9697   15.8112
   -7.5000    0.0000  -37.500011108.5254   15.7853
    0.0000    0.0000  -37.500011623.2461   15.7923
    7.5000    0.0000  -37.500011041.6328   15.8102
   -7.5000    7.5000  -37.500010663.7344   15.7739
    0.0000    7.5000  -37.500011181.1221   15.7865
    7.5000    7.5000  -37.500010613.0576   15.8011
   -7.5000   15.0000  -37.500010151.2764   15.7562
    0.0000   15.0000  -37.500010641.2725   15.7763
    7.5000   15.0000  -37.500010097.1201   15.7931
   -7.5000   22.5000  -37.5000 9453.0693   15.7491
    0.0000   22.5000  -37.5000 9894.9512   15.7705
    7.5000   22.5000  -37.5000 9384.8867   15.7942
   -7.5000   30.0000  -37.5000 8731.5713   15.5522
    0.0000   30.0000  -37.5000 9132.4834   15.5677
    7.5000   30.0000  -37.5000 8666.0078   15.5949
   -7.5000   37.5000  -37.5000 8303.4209   15.5682
    0.0000   37.5000  -37.5000 8664.4717   15.5771
    7.5000   37.5000  -37.5000 8230.8994   15.6005
   -7.5000   45.0000  -37.5000 7520.5264   15.1835
    0.0000   45.0000  -37.5000 7831.9604   15.1903
    7.5000   45.0000  -37.5000 7427.0015   15.2075
   -7.5000  -45.0000  -30.0000 8831.0312   16.3205
    0.0000  -45.0000  -30.0000 9226.5781   16.3220
    7.5000  -45.0000  -30.0000 8759.2627   16.3345
   -7.5000  -37.5000  -30.0000 9251.3682   16.3123
    0.0000  -37.5000  -30.0000 9665.3789   16.3196
    7.5000  -37.5000  -30.0000 9173.1660   16.3268
   -7.5000  -30.0000  -30.0000 9911.6455   16.2935
    0.0000  -30.0000  -30.000010370.7314   16.3105
    7.5000  -30.0000  -30.0000 9839.9277   16.3198
   -7.5000  -22.5000  -30.000010533.4297   16.2847
    0.0000  -22.5000  -30.000011018.9043   16.3050
    7.5000  -22.5000  -30.000010456.3564   16.3231
   -7.5000  -15.0000  -30.000011115.0020   16.2933
    0.0000  -15.0000  -30.000011619.4707   16.3080
    7.5000  -15.0000  -30.000011028.9492   16.3319
   -7.5000   -7.5000  -30.000011603.9395   16.3103
    0.0000   -7.5000  -30.000012150.4346   16.3159
    7.5000   -7.5000  -30.000011525.9473   16.3363
   -7.5000    0.0000  -30.000011984.7471   16.3205
    0.0000    0.0000  -30.000012536.2051   16.3220
    7.5000    0.0000  -30.000011906.0566   16.3345
   -7.5000    7.5000  -30.000011500.0449   16.3123
    0.0000    7.5000  -30.000012042.0322   16.3196
    7.5000    7.5000  -30.000011440.8193   16.3268
   -7.5000   15.0000  -30.000010918.0146   16.2935
    0.0000   15.0000  -30.000011446.2207   16.3105
    7.5000   15.0000  -30.000010858.6543   16.3198
   -7.5000   22.5000  -30.000010146.4023   16.2808
    0.0000   22.5000  -30.000010620.2793   16.3011
    7.5000   22.5000  -30.000010072.9434   16.3191
   -7.5000   30.0000  -30.0000 9349.7861   16.0777
    0.0000   30.0000  -30.0000 9782.9893   16.0922
    7.5000   30.0000  -30.0000 9276.6670   16.1158
   -7.5000   37.5000  -30.0000 8904.1260   16.0945
    0.0000   37.5000  -30.0000 9286.2529   16.1001
    7.5000   37.5000  -30.0000 8819.8643   16.1201
   -7.5000   45.0000  -30.0000 8061.6533   15.7098
    0.0000   45.0000  -30.0000 8369.3154   15.7113
    7.5000   45.0000  -30.0000 7944.7915   15.7233
   -7.5000  -45.0000  -22.5000 9554.1279   16.8363
    0.0000  -45.0000  -22.5000 9979.7969   16.8386
    7.5000  -45.0000  -22.5000 9476.8281   16.8504
   -7.5000  -37.5000  -22.500010004.6182   16.8209
    0.0000  -37.5000  -22.500010448.2256   16.8277
    7.5000  -37.5000  -22.5000 9918.4238   16.8349
   -7.5000  -30.0000  -22.500010739.4912   16.8042
    0.0000  -30.0000  -22.500011207.2168   16.8191
    7.5000  -30.0000  -22.500010645.7617   16.8277
   -7.5000  -22.5000  -22.500011396.3877   16.8065
    0.0000  -22.5000  -22.500011904.1816   16.8239
    7.5000  -22.5000  -22.500011288.6084   16.8391
   -7.5000  -15.0000  -22.500011989.0195   16.8241
    0.0000  -15.0000  -22.500012520.1689   16.8370
    7.5000  -15.0000  -22.500011869.9990   16.8570
   -7.5000   -7.5000  -22.500012509.1953   16.8371
    0.0000   -7.5000  -22.500013067.2539   16.8432
    7.5000   -7.5000  -22.500012393.0820   16.8611
   -7.5000    0.0000  -22.500012911.9062   16.8363
    0.0000    0.0000  -22.500013481.5225   16.8386
    7.5000    0.0000  -22.500012812.9062   16.8504
   -7.5000    7.5000  -22.500012378.6377   16.8209
    0.0000    7.5000  -22.500012923.0898   16.8277
    7.5000    7.5000  -22.500012283.0068   16.8349
   -7.5000   15.0000  -22.500011718.3750   16.8042
    0.0000   15.0000  -22.500012259.7148   16.8191
    7.5000   15.0000  -22.500011629.0234   16.8277
   -7.5000   22.5000  -22.500010870.2139   16.8013
    0.0000   22.5000  -22.500011354.9541   16.8187
    7.5000   22.5000  -22.500010786.8818   16.8339
   -7.5000   30.0000  -22.5000 9974.5957   16.6040
    0.0000   30.0000  -22.500010444.2783   16.6167
    7.5000   30.0000  -22.5000 9900.2383   16.6366
   -7.5000   37.5000  -22.5000 9469.9697   16.6169
    0.0000   37.5000  -22.5000 9898.8789   16.6228
    7.5000   37.5000  -22.5000 9406.5107   16.6406
   -7.5000   45.0000  -22.5000 8566.0488   16.2189
    0.0000   45.0000  -22.5000 8895.0469   16.2212
    7.5000   45.0000  -22.5000 8462.0547   16.2325
   -7.5000  -45.0000  -15.000010326.6787   17.2357
    0.0000  -45.0000  -15.000010763.9014   17.2417
    7.5000  -45.0000  -15.000010239.5186   17.2554
   -7.5000  -37.5000  -15.000010797.1387   17.2114
    0.0000  -37.5000  -15.000011258.6729   17.2215
    7.5000  -37.5000  -15.000010702.0547   17.2333
   -7.5000  -30.0000  -15.000011576.9590   17.1966
    0.0000  -30.0000  -15.000012079.7197   17.2125
    7.5000  -30.0000  -15.000011475.8965   17.2258
   -7.5000  -22.5000  -15.000012275.8896   17.2108
    0.0000  -22.5000  -15.000012841.4463   17.2267
    7.5000  -22.5000  -15.000012160.6689   17.2435
   -7.5000  -15.0000  -15.000012914.1523   17.2376
    0.0000  -15.0000  -15.000013513.3711   17.2489
    7.5000  -15.0000  -15.000012785.2520   17.2683
   -7.5000   -7.5000  -15.000013478.7812   17.2476
    0.0000   -7.5000  -15.000014104.4033   17.2551
    7.5000   -7.5000  -15.000013360.9219   17.2726
   -7.5000    0.0000  -15.000013877.0635   17.2357
    0.0000    0.0000  -15.000014540.2705   17.2416
    7.5000    0.0000  -15.000013774.4326   17.2554
   -7.5000    7.5000  -15.000013278.3779   17.2114
    0.0000    7.5000  -15.000013895.0293   17.2215
    7.5000    7.5000  -15.000013177.1758   17.2333
   -7.5000   15.0000  -15.000012544.9268   17.1966
    0.0000   15.0000  -15.000013132.1748   17.2125
    7.5000   15.0000  -15.000012456.3369   17.2258
   -7.5000   22.5000  -15.000011622.7803   17.2047
    0.0000   22.5000  -15.000012159.4922   17.2206
    7.5000   22.5000  -15.000011545.6943   17.2374
   -7.5000   30.0000  -15.000010649.0957   17.0145
    0.0000   30.0000  -15.000011149.7285   17.0257
    7.5000   30.0000  -15.000010598.3457   17.0448
   -7.5000   37.5000  -15.000010092.0762   17.0244
    0.0000   37.5000  -15.000010553.4141   17.0317
    7.5000   37.5000  -15.000010036.0078   17.0491
   -7.5000   45.0000  -15.0000 9095.5342   16.6140
    0.0000   45.0000  -15.0000 9469.8008   16.6199
    7.5000   45.0000  -15.0000 9016.1572   16.6331
   -7.5000  -45.0000   -7.500011181.2881   17.4214
    0.0000  -45.0000   -7.500011670.1807   17.4307
    7.5000  -45.0000   -7.500011080.0781   17.4489
   -7.5000  -37.5000   -7.500011655.9893   17.3929
    0.0000  -37.5000   -7.500012169.1855   17.4073
    7.5000  -37.5000   -7.500011542.5801   17.4256
   -7.5000  -30.0000   -7.500012471.5596   17.3758
    0.0000  -30.0000   -7.500013031.4912   17.3951
    7.5000  -30.0000   -7.500012374.0312   17.4155
   -7.5000  -22.5000   -7.500013246.3672   17.3916
    0.0000  -22.5000   -7.500013840.8477   17.4085
    7.5000  -22.5000   -7.500013111.6260   17.4316
   -7.5000  -15.0000   -7.500013946.9268   17.4213
    0.0000  -15.0000   -7.500014584.1836   17.4323
    7.5000  -15.0000   -7.500013781.5410   17.4561
   -7.5000   -7.5000   -7.500014558.8604   17.4340
    0.0000   -7.5000   -7.500015239.2109   17.4424
    7.5000   -7.5000   -7.500014402.0547   17.4633
   -7.5000    0.0000   -7.500014958.3662   17.4214
    0.0000    0.0000   -7.500015671.9541   17.4307
    7.5000    0.0000   -7.500014817.1006   17.4489
   -7.5000    7.5000   -7.500014248.6865   17.3929
    0.0000    7.5000   -7.500014908.7666   17.4073
    7.5000    7.5000   -7.500014131.1826   17.4256
   -7.5000   15.0000   -7.500013431.1621   17.3758
    0.0000   15.0000   -7.500014063.9863   17.3951
    7.5000   15.0000   -7.500013333.8662   17.4155
   -7.5000   22.5000   -7.500012449.4971   17.3835
    0.0000   22.5000   -7.500013055.7197   17.4005
    7.5000   22.5000   -7.500012361.4395   17.4235
   -7.5000   30.0000   -7.500011397.9824   17.1953
    0.0000   30.0000   -7.500011943.6680   17.2063
    7.5000   30.0000   -7.500011357.1348   17.2297
   -7.5000   37.5000   -7.500010783.8838   17.2079
    0.0000   37.5000   -7.500011292.6318   17.2162
    7.5000   37.5000   -7.500010722.8018   17.2369
   -7.5000   45.0000   -7.5000 9711.6289   16.7961
    0.0000   45.0000   -7.500010110.3965   16.8052
    7.5000   45.0000   -7.5000 9625.2227   16.8227
   -7.5000  -45.0000    0.000011994.3896   17.4378
    0.0000  -45.0000    0.000012544.5889   17.4470
    7.5000  -45.0000    0.000011872.7041   17.4676
   -7.5000  -37.5000    0.000012495.5625   17.4143
    0.0000  -37.5000    0.000013079.6270   17.4291
    7.5000  -37.5000    0.000012372.9404   17.4495
   -7.5000  -30.0000    0.000013362.9512   17.3942
    0.0000  -30.0000    0.000013964.7422   17.4149
    7.5000  -30.0000    0.000013226.8242   17.4379
   -7.5000  -22.5000    0.000014153.2070   17.4007
    0.0000  -22.5000    0.000014774.0039   17.4198
    7.5000  -22.5000    0.000013989.9268   17.4469
   -7.5000  -15.0000    0.000014903.6240   17.4240
    0.0000  -15.0000    0.000015584.4854   17.4367
    7.5000  -15.0000    0.000014710.0107   17.4649
   -7.5000   -7.5000    0.000015564.0195   17.4411
    0.0000   -7.5000    0.000016274.0371   17.4495
    7.5000   -7.5000    0.000015355.9072   17.4738
   -7.5000    0.0000    0.000015987.5312   17.4378
    0.0000    0.0000    0.000016739.1738   17.4469
    7.5000    0.0000    0.000015805.0088   17.4675
   -7.5000    7.5000    0.000015156.8799   17.4143
    0.0000    7.5000    0.000015870.5479   17.4291
    7.5000    7.5000    0.000015014.6230   17.4495
   -7.5000   15.0000    0.000014264.6006   17.3942
    0.0000   15.0000    0.000014932.7256   17.4149
    7.5000   15.0000    0.000014124.1729   17.4379
   -7.5000   22.5000    0.000013233.2734   17.3927
    0.0000   22.5000    0.000013886.1260   17.4118
    7.5000   22.5000    0.000013112.1699   17.4389
   -7.5000   30.0000    0.000012170.5254   17.1985
    0.0000   30.0000    0.000012758.1006   17.2110
    7.5000   30.0000    0.000012064.0176   17.2389
   -7.5000   37.5000    0.000011503.4531   17.2154
    0.0000   37.5000    0.000012075.3105   17.2237
    7.5000   37.5000    0.000011419.7188   17.2476
   -7.5000   45.0000    0.000010329.8652   16.8128
    0.0000   45.0000    0.000010785.8467   16.8217
    7.5000   45.0000    0.000010221.8027   16.8415
   -7.5000  -45.0000    7.500011872.9453   17.4354
    0.0000  -45.0000    7.500012428.8203   17.4405
    7.5000  -45.0000    7.500011743.6094   17.4582
   -7.5000  -37.5000    7.500012391.2725   17.4209
    0.0000  -37.5000    7.500012981.2461   17.4325
    7.5000  -37.5000    7.500012246.4336   17.4473
   -7.5000  -30.0000    7.500013289.5098   17.3994
    0.0000  -30.0000    7.500013882.7920   17.4197
    7.5000  -30.0000    7.500013131.7178   17.4375
   -7.5000  -22.5000    7.500014018.8184   17.3941
    0.0000  -22.5000    7.500014653.4219   17.4159
    7.5000  -22.5000    7.500013854.4414   17.4411
   -7.5000  -15.0000    7.500014755.9258   17.4079
    0.0000  -15.0000    7.500015401.1299   17.4232
    7.5000  -15.0000    7.500014562.0986   17.4521
   -7.5000   -7.5000    7.500015396.9697   17.4277
    0.0000   -7.5000    7.500016094.6660   17.4351
    7.5000   -7.5000    7.500015170.5684   17.4592
   -7.5000    0.0000    7.500015812.0146   17.4353
    0.0000    0.0000    7.500016510.8496   17.4405
    7.5000    0.0000    7.500015598.2119   17.4582
   -7.5000    7.5000    7.500014988.2734   17.4209
    0.0000    7.5000    7.500015685.2080   17.4325
    7.5000    7.5000    7.500014787.5635   17.4473
   -7.5000   15.0000    7.500014073.0605   17.3994
    0.0000   15.0000    7.500014718.2920   17.4197
    7.5000   15.0000    7.500013883.6885   17.4375
   -7.5000   22.5000    7.500013095.9766   17.3861
    0.0000   22.5000    7.500013712.7021   17.4079
    7.5000   22.5000    7.500012926.4463   17.4331
   -7.5000   30.0000    7.500012069.1631   17.1826
    0.0000   30.0000    7.500012625.7432   17.1977
    7.5000   30.0000    7.500011908.0918   17.2262
   -7.5000   37.5000    7.500011440.4717   17.2021
    0.0000   37.5000    7.500011968.4629   17.2094
    7.5000   37.5000    7.500011284.0166   17.2333
   -7.5000   45.0000    7.500010238.1641   16.8101
    0.0000   45.0000    7.500010679.1299   16.8151
    7.5000   45.0000    7.500010066.4707   16.8321
   -7.5000  -45.0000   15.000011559.5508   17.4476
    0.0000  -45.0000   15.000012108.9521   17.4492
    7.5000  -45.0000   15.000011439.9102   17.4627
   -7.5000  -37.5000   15.000012059.4258   17.4373
    0.0000  -37.5000   15.000012653.3721   17.4451
    7.5000  -37.5000   15.000011928.6816   17.4534
   -7.5000  -30.0000   15.000013062.7432   17.4170
    0.0000  -30.0000   15.000013704.6357   17.4351
    7.5000  -30.0000   15.000012883.4268   17.4458
   -7.5000  -22.5000   15.000013902.0352   17.4092
    0.0000  -22.5000   15.000014579.1953   17.4307
    7.5000  -22.5000   15.000013684.8789   17.4505
   -7.5000  -15.0000   15.000014618.1895   17.4201
    0.0000  -15.0000   15.000015245.1904   17.4356
    7.5000  -15.0000   15.000014346.5117   17.4611
   -7.5000   -7.5000   15.000015170.6426   17.4382
    0.0000   -7.5000   15.000015801.1641   17.4442
    7.5000   -7.5000   15.000014855.7148   17.4659
   -7.5000    0.0000   15.000015540.5977   17.4475
    0.0000    0.0000   15.000016189.8721   17.4491
    7.5000    0.0000   15.000015221.2002   17.4627
   -7.5000    7.5000   15.000014708.2900   17.4373
    0.0000    7.5000   15.000015364.5342   17.4451
    7.5000    7.5000   15.000014425.0986   17.4534
   -7.5000   15.0000   15.000013781.8369   17.4170
    0.0000   15.0000   15.000014394.6055   17.4351
    7.5000   15.0000   15.000013521.8770   17.4458
   -7.5000   22.5000   15.000012807.4961   17.4012
    0.0000   22.5000   15.000013381.3223   17.4227
    7.5000   22.5000   15.000012578.5439   17.4425
   -7.5000   30.0000   15.000011785.3867   17.1946
    0.0000   30.0000   15.000012315.9932   17.2100
    7.5000   30.0000   15.000011586.3711   17.2352
   -7.5000   37.5000   15.000011142.7529   17.2125
    0.0000   37.5000   15.000011665.4873   17.2184
    7.5000   37.5000   15.000010959.9619   17.2398
   -7.5000   45.0000   15.0000 9959.2793   16.8219
    0.0000   45.0000   15.000010410.1572   16.8234
    7.5000   45.0000   15.0000 9766.3574   16.8365
   -7.5000  -45.0000   22.500011149.8770   17.4715
    0.0000  -45.0000   22.500011656.4170   17.4739
    7.5000  -45.0000   22.500011024.9150   17.4861
   -7.5000  -37.5000   22.500011600.7686   17.4560
    0.0000  -37.5000   22.500012175.0771   17.4630
    7.5000  -37.5000   22.500011472.5654   17.4705
   -7.5000  -30.0000   22.500012605.3730   17.4394
    0.0000  -30.0000   22.500013276.9922   17.4548
    7.5000  -30.0000   22.500012400.6387   17.4637
   -7.5000  -22.5000   22.500013486.4131   17.4419
    0.0000  -22.5000   22.500014170.1182   17.4599
    7.5000  -22.5000   22.500013226.6436   17.4757
   -7.5000  -15.0000   22.500014181.2930   17.4597
    0.0000  -15.0000   22.500014859.2402   17.4731
    7.5000  -15.0000   22.500013878.2002   17.4939
   -7.5000   -7.5000   22.500014685.4932   17.4726
    0.0000   -7.5000   22.500015347.1123   17.4788
    7.5000   -7.5000   22.500014371.6699   17.4975
   -7.5000    0.0000   22.500015059.9180   17.4714
    0.0000    0.0000   22.500015734.0381   17.4738
    7.5000    0.0000   22.500014734.6709   17.4860
   -7.5000    7.5000   22.500014205.4102   17.4560
    0.0000    7.5000   22.500014836.8516   17.4630
    7.5000    7.5000   22.500013931.9170   17.4705
   -7.5000   15.0000   22.500013280.5703   17.4394
    0.0000   15.0000   22.500013852.4512   17.4548
    7.5000   15.0000   22.500013040.5186   17.4637
   -7.5000   22.5000   22.500012330.5439   17.4339
    0.0000   22.5000   22.500012844.3477   17.4519
    7.5000   22.5000   22.500012108.5215   17.4677
   -7.5000   30.0000   22.500011353.5586   17.2337
    0.0000   30.0000   22.500011811.8438   17.2469
    7.5000   30.0000   22.500011158.4072   17.2675
   -7.5000   37.5000   22.500010721.6914   17.2464
    0.0000   37.5000   22.500011168.3926   17.2526
    7.5000   37.5000   22.500010558.3418   17.2710
   -7.5000   45.0000   22.5000 9589.9912   16.8453
    0.0000   45.0000   22.5000 9975.8965   16.8477
    7.5000   45.0000   22.5000 9411.0977   16.8595
   -7.5000  -45.0000   30.000010610.5391   17.5207
    0.0000  -45.0000   30.000011105.4502   17.5274
    7.5000  -45.0000   30.000010512.7520   17.5417
   -7.5000  -37.5000   30.000011054.6982   17.4960
    0.0000  -37.5000   30.000011579.6182   17.5068
    7.5000  -37.5000   30.000010962.9746   17.5190
   -7.5000  -30.0000   30.000011935.6133   17.4804
    0.0000  -30.0000   30.000012478.4434   17.4972
    7.5000  -30.0000   30.000011818.8486   17.5108
   -7.5000  -22.5000   30.000012674.5742   17.4942
    0.0000  -22.5000   30.000013196.8184   17.5110
    7.5000  -22.5000   30.000012533.1543   17.5283
   -7.5000  -15.0000   30.000013377.0576   17.5214
    0.0000  -15.0000   30.000013891.7822   17.5335
    7.5000  -15.0000   30.000013193.6309   17.5534
   -7.5000   -7.5000   30.000013945.9229   17.5322
    0.0000   -7.5000   30.000014506.6855   17.5403
    7.5000   -7.5000   30.000013724.9180   17.5584
   -7.5000    0.0000   30.000014349.2383   17.5207
    0.0000    0.0000   30.000014933.7070   17.5274
    7.5000    0.0000   30.000014091.1484   17.5416
   -7.5000    7.5000   30.000013539.1162   17.4960
    0.0000    7.5000   30.000014075.8633   17.5068
    7.5000    7.5000   30.000013310.9727   17.5190
   -7.5000   15.0000   30.000012638.2324   17.4804
    0.0000   15.0000   30.000013140.3086   17.4972
    7.5000   15.0000   30.000012433.7617   17.5108
   -7.5000   22.5000   30.000011733.0156   17.4862
    0.0000   22.5000   30.000012200.9941   17.5029
    7.5000   22.5000   30.000011539.0400   17.5202
   -7.5000   30.0000   30.000010778.9883   17.2946
    0.0000   30.0000   30.000011211.3105   17.3065
    7.5000   30.0000   30.000010629.3838   17.3262
   -7.5000   37.5000   30.000010165.0068   17.3053
    0.0000   37.5000   30.000010602.1104   17.3133
    7.5000   37.5000   30.000010044.8984   17.3312
   -7.5000   45.0000   30.0000 9072.3301   16.8932
    0.0000   45.0000   30.0000 9433.7705   16.8998
    7.5000   45.0000   30.0000 8937.5986   16.9135
   -7.5000  -45.0000   37.500010328.4756   17.5791
    0.0000  -45.0000   37.500010803.4697   17.5906
    7.5000  -45.0000   37.500010296.3867   17.6092
   -7.5000  -37.5000   37.500010765.8975   17.5500
    0.0000  -37.5000   37.500011284.5078   17.5664
    7.5000  -37.5000   37.500010735.6143   17.5851
   -7.5000  -30.0000   37.500011619.8477   17.5314
    0.0000  -30.0000   37.500012135.9629   17.5528
    7.5000  -30.0000   37.500011567.6133   17.5736
   -7.5000  -22.5000   37.500012346.8838   17.5463
    0.0000  -22.5000   37.500012886.6836   17.5654
    7.5000  -22.5000   37.500012279.0557   17.5891
   -7.5000  -15.0000   37.500013047.0811   17.5766
    0.0000  -15.0000   37.500013603.0664   17.5897
    7.5000  -15.0000   37.500012941.7178   17.6141
   -7.5000   -7.5000   37.500013633.1768   17.5908
    0.0000   -7.5000   37.500014197.9463   17.6012
    7.5000   -7.5000   37.500013476.8281   17.6228
   -7.5000    0.0000   37.500014038.8242   17.5791
    0.0000    0.0000   37.500014639.0146   17.5905
    7.5000    0.0000   37.500013859.9941   17.6091
   -7.5000    7.5000   37.500013280.1240   17.5500
    0.0000    7.5000   37.500013827.8447   17.5664
    7.5000    7.5000   37.500013116.7139   17.5851
   -7.5000   15.0000   37.500012385.2617   17.5314
    0.0000   15.0000   37.500012888.0000   17.5528
    7.5000   15.0000   37.500012235.8955   17.5736
   -7.5000   22.5000   37.500011487.4629   17.5383
    0.0000   22.5000   37.500011954.5186   17.5573
    7.5000   22.5000   37.500011342.2422   17.5809
   -7.5000   30.0000   37.500010540.9629   17.3491
    0.0000   30.0000   37.500010976.7588   17.3621
    7.5000   30.0000   37.500010423.2578   17.3862
   -7.5000   37.5000   37.5000 9915.0752   17.3631
    0.0000   37.5000   37.500010347.2695   17.3734
    7.5000   37.5000   37.5000 9812.8838   17.3947
   -7.5000   45.0000   37.5000 8823.6299   16.9495
    0.0000   45.0000   37.5000 9164.2812   16.9606
    7.5000   45.0000   37.5000 8723.2539   16.9785
   -7.5000  -45.0000   45.0000 9581.4561   17.6447
    0.0000  -45.0000   45.000010032.3301   17.6572
    7.5000  -45.0000   45.0000 9546.4844   17.6793
   -7.5000  -37.5000   45.000010012.2393   17.6188
    0.0000  -37.5000   45.000010485.8525   17.6370
    7.5000  -37.5000   45.0000 9984.2051   17.6589
   -7.5000  -30.0000   45.000010812.3955   17.5958
    0.0000  -30.0000   45.000011267.5713   17.6197
    7.5000  -30.0000   45.000010767.5518   17.6442
   -7.5000  -22.5000   45.000011500.9414   17.6017
    0.0000  -22.5000   45.000011983.3369   17.6239
    7.5000  -22.5000   45.000011436.6279   17.6526
   -7.5000  -15.0000   45.000012130.1289   17.6269
    0.0000  -15.0000   45.000012646.4395   17.6427
    7.5000  -15.0000   45.000012035.4883   17.6726
   -7.5000   -7.5000   45.000012674.0029   17.6469
    0.0000   -7.5000   45.000013183.7754   17.6586
    7.5000   -7.5000   45.000012559.4238   17.6844
   -7.5000    0.0000   45.000013080.6309   17.6446
    0.0000    0.0000   45.000013596.3828   17.6571
    7.5000    0.0000   45.000012927.6836   17.6792
   -7.5000    7.5000   45.000012412.1191   17.6188
    0.0000    7.5000   45.000012911.6992   17.6370
    7.5000    7.5000   45.000012273.6582   17.6589
   -7.5000   15.0000   45.000011572.8721   17.5958
    0.0000   15.0000   45.000012054.5361   17.6197
    7.5000   15.0000   45.000011457.6865   17.6442
   -7.5000   22.5000   45.000010731.9023   17.5935
    0.0000   22.5000   45.000011179.0732   17.6157
    7.5000   22.5000   45.000010600.7480   17.6444
   -7.5000   30.0000   45.0000 9817.2842   17.3972
    0.0000   30.0000   45.000010234.5684   17.4128
    7.5000   30.0000   45.0000 9696.4746   17.4423
   -7.5000   37.5000   45.0000 9207.7480   17.4170
    0.0000   37.5000   45.0000 9600.8164   17.4285
    7.5000   37.5000   45.0000 9099.8398   17.4540
   -7.5000   45.0000   45.0000 8171.8037   17.0183
    0.0000   45.0000   45.0000 8482.5723   17.0304
    7.5000   45.0000   45.0000 8080.4468   17.0517

---------------------------------------------------------------------
imgreg_4dfp /opt/freesurfer/average/711-2C_as_mni_average_305 /opt/freesurfer/average/711-2B_as_mni_average_305_mask talsrcimg_g11 none talsrcimg_to_711-2C_as_mni_average_305_t4 4355
---------------------------------------------------------------------

freesurfer imgreg_4dfp.c
/opt/freesurfer/average/711-2C_as_mni_average_305.4dfp.img
       256       256       256         1
  1.000000  1.000000  1.000000
orientation T byte_order littleendian
Reading image: /opt/freesurfer/average/711-2C_as_mni_average_305.4dfp.img
dimensions:      256       256       256
mmppix:       1.0000   -1.0000   -1.0000
center:     128.0000 -129.0000 -129.0000
/opt/freesurfer/average/711-2B_as_mni_average_305_mask.4dfp.img
       256       256       256         1
  1.000000  1.000000  1.000000
orientation T byte_order littleendian
Reading mask: /opt/freesurfer/average/711-2B_as_mni_average_305_mask.4dfp.img (2306576 pixels)
talsrcimg_g11.4dfp.img
       256       256       256         1
  1.000000  1.000000  1.000000
orientation T byte_order littleendian
Reading image: talsrcimg_g11.4dfp.img
dimensions:      256       256       256
mmppix:       1.0000   -1.0000   -1.0000
center:     128.0000 -129.0000 -129.0000
rotation matrix determinant  1.000000
image alignment mode   4355 decimal     1103 hex
   -7.5000  -45.0000  -45.0000 1992.2654   17.8787
    0.0000  -45.0000  -45.0000 2000.4319   17.8977
    7.5000  -45.0000  -45.0000 1981.9344   18.1158
   -7.5000  -37.5000  -45.0000 2061.5132   16.5319
    0.0000  -37.5000  -45.0000 2068.7051   16.5882
    7.5000  -37.5000  -45.0000 2051.2039   16.7814
   -7.5000  -30.0000  -45.0000 2112.3171   15.7188
    0.0000  -30.0000  -45.0000 2121.6895   15.7114
    7.5000  -30.0000  -45.0000 2101.1167   15.9226
   -7.5000  -22.5000  -45.0000 2139.2505   15.2596
    0.0000  -22.5000  -45.0000 2152.9221   15.2638
    7.5000  -22.5000  -45.0000 2129.4595   15.4580
   -7.5000  -15.0000  -45.0000 2139.0205   15.1619
    0.0000  -15.0000  -45.0000 2149.3083   15.1553
    7.5000  -15.0000  -45.0000 2122.9856   15.3903
   -7.5000   -7.5000  -45.0000 2112.4966   15.4027
    0.0000   -7.5000  -45.0000 2127.3887   15.3960
    7.5000   -7.5000  -45.0000 2100.2529   15.6136
   -7.5000    0.0000  -45.0000 2060.4761   15.9572
    0.0000    0.0000  -45.0000 2073.2297   15.9202
    7.5000    0.0000  -45.0000 2050.7607   16.1654
   -7.5000    7.5000  -45.0000 1993.6511   16.8040
    0.0000    7.5000  -45.0000 2008.2042   16.7798
    7.5000    7.5000  -45.0000 1983.3716   17.0155
   -7.5000   15.0000  -45.0000 1913.8615   18.0856
    0.0000   15.0000  -45.0000 1926.9412   18.0706
    7.5000   15.0000  -45.0000 1901.1554   18.3867
   -7.5000   22.5000  -45.0000 1814.4786   19.9782
    0.0000   22.5000  -45.0000 1824.6565   19.9592
    7.5000   22.5000  -45.0000 1800.1572   20.3936
   -7.5000   30.0000  -45.0000 1703.0691   22.9192
    0.0000   30.0000  -45.0000 1714.9299   22.8623
    7.5000   30.0000  -45.0000 1688.5494   23.3378
   -7.5000   37.5000  -45.0000 1579.9680   26.9709
    0.0000   37.5000  -45.0000 1590.3330   26.8856
    7.5000   37.5000  -45.0000 1572.4906   27.3851
   -7.5000   45.0000  -45.0000 1454.9343   32.8731
    0.0000   45.0000  -45.0000 1471.1737   32.8376
    7.5000   45.0000  -45.0000 1445.6931   33.6180
   -7.5000  -45.0000  -37.5000 2092.9824   16.3660
    0.0000  -45.0000  -37.5000 2096.7354   16.4063
    7.5000  -45.0000  -37.5000 2075.6985   16.5747
   -7.5000  -37.5000  -37.5000 2167.4094   15.1471
    0.0000  -37.5000  -37.5000 2172.3525   15.1936
    7.5000  -37.5000  -37.5000 2150.5793   15.3660
   -7.5000  -30.0000  -37.5000 2213.3391   14.3792
    0.0000  -30.0000  -37.5000 2222.8003   14.4136
    7.5000  -30.0000  -37.5000 2198.8843   14.5635
   -7.5000  -22.5000  -37.5000 2238.3711   13.9926
    0.0000  -22.5000  -37.5000 2249.2686   13.9662
    7.5000  -22.5000  -37.5000 2227.5374   14.1329
   -7.5000  -15.0000  -37.5000 2243.6187   13.8667
    0.0000  -15.0000  -37.5000 2254.5068   13.8706
    7.5000  -15.0000  -37.5000 2227.4058   14.0421
   -7.5000   -7.5000  -37.5000 2223.3765   14.1038
    0.0000   -7.5000  -37.5000 2239.1296   14.0941
    7.5000   -7.5000  -37.5000 2208.7244   14.2704
   -7.5000    0.0000  -37.5000 2168.2803   14.6140
    0.0000    0.0000  -37.5000 2181.7578   14.6000
    7.5000    0.0000  -37.5000 2154.4341   14.7983
   -7.5000    7.5000  -37.5000 2094.8210   15.3536
    0.0000    7.5000  -37.5000 2110.9348   15.3340
    7.5000    7.5000  -37.5000 2082.8132   15.5452
   -7.5000   15.0000  -37.5000 2009.8746   16.4853
    0.0000   15.0000  -37.5000 2021.6969   16.4616
    7.5000   15.0000  -37.5000 1996.6926   16.6928
   -7.5000   22.5000  -37.5000 1906.5137   18.1295
    0.0000   22.5000  -37.5000 1914.9921   18.1227
    7.5000   22.5000  -37.5000 1890.5809   18.4222
   -7.5000   30.0000  -37.5000 1790.3229   20.6835
    0.0000   30.0000  -37.5000 1798.9166   20.6523
    7.5000   30.0000  -37.5000 1775.9448   21.0528
   -7.5000   37.5000  -37.5000 1656.9955   24.2794
    0.0000   37.5000  -37.5000 1661.3837   24.2396
    7.5000   37.5000  -37.5000 1651.0933   24.6019
   -7.5000   45.0000  -37.5000 1518.3397   29.3620
    0.0000   45.0000  -37.5000 1527.8896   29.2185
    7.5000   45.0000  -37.5000 1508.2651   29.7875
   -7.5000  -45.0000  -30.0000 2229.9402   15.6143
    0.0000  -45.0000  -30.0000 2234.0361   15.6387
    7.5000  -45.0000  -30.0000 2212.0183   15.8011
   -7.5000  -37.5000  -30.0000 2307.4663   14.4994
    0.0000  -37.5000  -30.0000 2316.1667   14.5150
    7.5000  -37.5000  -30.0000 2286.6511   14.6647
   -7.5000  -30.0000  -30.0000 2354.6487   13.7696
    0.0000  -30.0000  -30.0000 2368.4819   13.7559
    7.5000  -30.0000  -30.0000 2339.4375   13.9132
   -7.5000  -22.5000  -30.0000 2382.2112   13.3872
    0.0000  -22.5000  -30.0000 2398.5815   13.3664
    7.5000  -22.5000  -30.0000 2366.0940   13.5215
   -7.5000  -15.0000  -30.0000 2388.1848   13.2728
    0.0000  -15.0000  -30.0000 2399.9658   13.2612
    7.5000  -15.0000  -30.0000 2371.6770   13.4133
   -7.5000   -7.5000  -30.0000 2360.4343   13.4704
    0.0000   -7.5000  -30.0000 2378.5825   13.4515
    7.5000   -7.5000  -30.0000 2345.8965   13.6163
   -7.5000    0.0000  -30.0000 2304.7488   13.9155
    0.0000    0.0000  -30.0000 2320.7400   13.9107
    7.5000    0.0000  -30.0000 2291.2312   14.0713
   -7.5000    7.5000  -30.0000 2232.6250   14.6045
    0.0000    7.5000  -30.0000 2247.7747   14.5908
    7.5000    7.5000  -30.0000 2218.7668   14.7750
   -7.5000   15.0000  -30.0000 2138.6570   15.6198
    0.0000   15.0000  -30.0000 2152.2598   15.6139
    7.5000   15.0000  -30.0000 2123.2139   15.8135
   -7.5000   22.5000  -30.0000 2028.1630   17.1794
    0.0000   22.5000  -30.0000 2036.0854   17.1306
    7.5000   22.5000  -30.0000 2010.0686   17.3725
   -7.5000   30.0000  -30.0000 1904.9376   19.5005
    0.0000   30.0000  -30.0000 1916.1637   19.4166
    7.5000   30.0000  -30.0000 1887.5797   19.7006
   -7.5000   37.5000  -30.0000 1763.7045   22.7218
    0.0000   37.5000  -30.0000 1773.1750   22.7014
    7.5000   37.5000  -30.0000 1749.4578   22.9966
   -7.5000   45.0000  -30.0000 1614.6304   27.3177
    0.0000   45.0000  -30.0000 1624.1310   27.2634
    7.5000   45.0000  -30.0000 1602.6633   27.7137
   -7.5000  -45.0000  -22.5000 2329.9756   14.8448
    0.0000  -45.0000  -22.5000 2338.7019   14.8484
    7.5000  -45.0000  -22.5000 2311.2139   14.9873
   -7.5000  -37.5000  -22.5000 2421.5486   13.7902
    0.0000  -37.5000  -22.5000 2431.9434   13.7637
    7.5000  -37.5000  -22.5000 2398.4082   13.9052
   -7.5000  -30.0000  -22.5000 2473.7095   13.1071
    0.0000  -30.0000  -22.5000 2486.1389   13.0803
    7.5000  -30.0000  -22.5000 2453.0491   13.2192
   -7.5000  -22.5000  -22.5000 2498.7949   12.7585
    0.0000  -22.5000  -22.5000 2514.1377   12.7182
    7.5000  -22.5000  -22.5000 2484.8855   12.8755
   -7.5000  -15.0000  -22.5000 2502.7812   12.6419
    0.0000  -15.0000  -22.5000 2518.0020   12.6431
    7.5000  -15.0000  -22.5000 2486.2832   12.7691
   -7.5000   -7.5000  -22.5000 2475.0933   12.8074
    0.0000   -7.5000  -22.5000 2492.8469   12.7755
    7.5000   -7.5000  -22.5000 2462.3428   12.9202
   -7.5000    0.0000  -22.5000 2424.5081   13.1799
    0.0000    0.0000  -22.5000 2438.6646   13.1538
    7.5000    0.0000  -22.5000 2409.7295   13.2999
   -7.5000    7.5000  -22.5000 2346.9844   13.7994
    0.0000    7.5000  -22.5000 2358.3647   13.7820
    7.5000    7.5000  -22.5000 2331.3289   13.9350
   -7.5000   15.0000  -22.5000 2245.0913   14.7367
    0.0000   15.0000  -22.5000 2258.1921   14.7278
    7.5000   15.0000  -22.5000 2226.8931   14.8743
   -7.5000   22.5000  -22.5000 2128.6309   16.1379
    0.0000   22.5000  -22.5000 2133.2202   16.0985
    7.5000   22.5000  -22.5000 2107.9280   16.2998
   -7.5000   30.0000  -22.5000 1995.3334   18.2360
    0.0000   30.0000  -22.5000 2004.4996   18.1618
    7.5000   30.0000  -22.5000 1973.7465   18.3922
   -7.5000   37.5000  -22.5000 1847.9119   21.1522
    0.0000   37.5000  -22.5000 1856.7797   21.1269
    7.5000   37.5000  -22.5000 1831.2925   21.3899
   -7.5000   45.0000  -22.5000 1692.9711   25.3735
    0.0000   45.0000  -22.5000 1699.3202   25.3037
    7.5000   45.0000  -22.5000 1676.1954   25.6608
   -7.5000  -45.0000  -15.0000 2396.1807   14.0927
    0.0000  -45.0000  -15.0000 2406.3337   14.0508
    7.5000  -45.0000  -15.0000 2376.7888   14.2095
   -7.5000  -37.5000  -15.0000 2496.6729   13.0677
    0.0000  -37.5000  -15.0000 2507.7988   13.0079
    7.5000  -37.5000  -15.0000 2479.1421   13.1576
   -7.5000  -30.0000  -15.0000 2558.8010   12.4191
    0.0000  -30.0000  -15.0000 2574.8484   12.3551
    7.5000  -30.0000  -15.0000 2544.6731   12.5149
   -7.5000  -22.5000  -15.0000 2592.1106   12.0755
    0.0000  -22.5000  -15.0000 2612.8220   12.0502
    7.5000  -22.5000  -15.0000 2577.2744   12.1782
   -7.5000  -15.0000  -15.0000 2597.0227   11.9825
    0.0000  -15.0000  -15.0000 2617.7656   11.9925
    7.5000  -15.0000  -15.0000 2581.6138   12.1075
   -7.5000   -7.5000  -15.0000 2575.3403   12.1313
    0.0000   -7.5000  -15.0000 2594.0593   12.1073
    7.5000   -7.5000  -15.0000 2560.9441   12.2389
   -7.5000    0.0000  -15.0000 2518.2275   12.4663
    0.0000    0.0000  -15.0000 2540.5840   12.4269
    7.5000    0.0000  -15.0000 2503.8977   12.5702
   -7.5000    7.5000  -15.0000 2437.0288   13.0324
    0.0000    7.5000  -15.0000 2454.1045   13.0105
    7.5000    7.5000  -15.0000 2422.9531   13.1334
   -7.5000   15.0000  -15.0000 2327.8948   13.8788
    0.0000   15.0000  -15.0000 2342.4583   13.8485
    7.5000   15.0000  -15.0000 2313.8708   14.0059
   -7.5000   22.5000  -15.0000 2204.9814   15.1771
    0.0000   22.5000  -15.0000 2213.3467   15.1410
    7.5000   22.5000  -15.0000 2189.4153   15.3212
   -7.5000   30.0000  -15.0000 2061.0088   17.0860
    0.0000   30.0000  -15.0000 2069.6401   17.0500
    7.5000   30.0000  -15.0000 2045.7800   17.2358
   -7.5000   37.5000  -15.0000 1911.8405   19.7142
    0.0000   37.5000  -15.0000 1917.5093   19.7470
    7.5000   37.5000  -15.0000 1893.5521   19.9722
   -7.5000   45.0000  -15.0000 1746.9598   23.5027
    0.0000   45.0000  -15.0000 1755.6063   23.4778
    7.5000   45.0000  -15.0000 1732.0199   23.7920
   -7.5000  -45.0000   -7.5000 2445.1621   13.3409
    0.0000  -45.0000   -7.5000 2456.1804   13.2856
    7.5000  -45.0000   -7.5000 2428.4622   13.4589
   -7.5000  -37.5000   -7.5000 2555.1987   12.3282
    0.0000  -37.5000   -7.5000 2571.7871   12.2806
    7.5000  -37.5000   -7.5000 2540.2241   12.4278
   -7.5000  -30.0000   -7.5000 2623.2585   11.7010
    0.0000  -30.0000   -7.5000 2646.6953   11.6418
    7.5000  -30.0000   -7.5000 2614.8320   11.7821
   -7.5000  -22.5000   -7.5000 2672.9070   11.3740
    0.0000  -22.5000   -7.5000 2692.1504   11.3470
    7.5000  -22.5000   -7.5000 2658.0168   11.4698
   -7.5000  -15.0000   -7.5000 2685.9548   11.3049
    0.0000  -15.0000   -7.5000 2705.4792   11.2839
    7.5000  -15.0000   -7.5000 2667.2715   11.3991
   -7.5000   -7.5000   -7.5000 2665.3357   11.4528
    0.0000   -7.5000   -7.5000 2686.9609   11.4181
    7.5000   -7.5000   -7.5000 2648.7417   11.5415
   -7.5000    0.0000   -7.5000 2601.9426   11.7688
    0.0000    0.0000   -7.5000 2623.1802   11.7229
    7.5000    0.0000   -7.5000 2586.6021   11.8516
   -7.5000    7.5000   -7.5000 2517.5774   12.2751
    0.0000    7.5000   -7.5000 2534.1167   12.2454
    7.5000    7.5000   -7.5000 2503.2419   12.3776
   -7.5000   15.0000   -7.5000 2399.3630   13.0716
    0.0000   15.0000   -7.5000 2416.0825   13.0309
    7.5000   15.0000   -7.5000 2387.5430   13.1926
   -7.5000   22.5000   -7.5000 2268.2544   14.2885
    0.0000   22.5000   -7.5000 2285.7368   14.2360
    7.5000   22.5000   -7.5000 2255.7305   14.4158
   -7.5000   30.0000   -7.5000 2118.6384   16.0263
    0.0000   30.0000   -7.5000 2129.3955   16.0127
    7.5000   30.0000   -7.5000 2107.6692   16.1953
   -7.5000   37.5000   -7.5000 1960.1666   18.4790
    0.0000   37.5000   -7.5000 1971.2748   18.4392
    7.5000   37.5000   -7.5000 1945.4646   18.6935
   -7.5000   45.0000   -7.5000 1794.4952   21.8987
    0.0000   45.0000   -7.5000 1799.2609   21.8475
    7.5000   45.0000   -7.5000 1780.1433   22.1620
   -7.5000  -45.0000    0.0000 2477.5264   12.7142
    0.0000  -45.0000    0.0000 2494.4634   12.6660
    7.5000  -45.0000    0.0000 2464.0237   12.8509
   -7.5000  -37.5000    0.0000 2598.0127   11.7415
    0.0000  -37.5000    0.0000 2618.3242   11.6910
    7.5000  -37.5000    0.0000 2584.2661   11.8401
   -7.5000  -30.0000    0.0000 2683.3359   11.0999
    0.0000  -30.0000    0.0000 2712.5898   11.0474
    7.5000  -30.0000    0.0000 2671.5393   11.2053
   -7.5000  -22.5000    0.0000 2742.8689   10.7596
    0.0000  -22.5000    0.0000 2766.3289   10.7162
    7.5000  -22.5000    0.0000 2724.6013   10.8631
   -7.5000  -15.0000    0.0000 2762.8145   10.7065
    0.0000  -15.0000    0.0000 2787.5264   10.6625
    7.5000  -15.0000    0.0000 2742.9050   10.7994
   -7.5000   -7.5000    0.0000 2742.4307   10.8749
    0.0000   -7.5000    0.0000 2766.2246   10.8325
    7.5000   -7.5000    0.0000 2720.5706   10.9622
   -7.5000    0.0000    0.0000 2673.7112   11.1824
    0.0000    0.0000    0.0000 2697.2896   11.1294
    7.5000    0.0000    0.0000 2657.9097   11.2682
   -7.5000    7.5000    0.0000 2578.6531   11.6607
    0.0000    7.5000    0.0000 2599.2610   11.6264
    7.5000    7.5000    0.0000 2565.7285   11.7889
   -7.5000   15.0000    0.0000 2458.5688   12.3929
    0.0000   15.0000    0.0000 2474.9980   12.3580
    7.5000   15.0000    0.0000 2440.8574   12.5560
   -7.5000   22.5000    0.0000 2319.1865   13.5640
    0.0000   22.5000    0.0000 2338.2080   13.5388
    7.5000   22.5000    0.0000 2304.0557   13.7265
   -7.5000   30.0000    0.0000 2168.3577   15.2316
    0.0000   30.0000    0.0000 2182.6172   15.1953
    7.5000   30.0000    0.0000 2153.4626   15.4151
   -7.5000   37.5000    0.0000 2004.8445   17.5077
    0.0000   37.5000    0.0000 2017.2368   17.4813
    7.5000   37.5000    0.0000 1990.6465   17.7614
   -7.5000   45.0000    0.0000 1829.3292   20.6645
    0.0000   45.0000    0.0000 1837.8307   20.6376
    7.5000   45.0000    0.0000 1817.0458   20.9392
   -7.5000  -45.0000    7.5000 2491.3042   12.3110
    0.0000  -45.0000    7.5000 2507.6147   12.2450
    7.5000  -45.0000    7.5000 2476.5100   12.4415
   -7.5000  -37.5000    7.5000 2626.7319   11.3594
    0.0000  -37.5000    7.5000 2645.8379   11.2760
    7.5000  -37.5000    7.5000 2612.3188   11.4387
   -7.5000  -30.0000    7.5000 2734.2986   10.7245
    0.0000  -30.0000    7.5000 2763.6050   10.6606
    7.5000  -30.0000    7.5000 2717.8821   10.8149
   -7.5000  -22.5000    7.5000 2808.9045   10.3316
    0.0000  -22.5000    7.5000 2845.5195   10.2462
    7.5000  -22.5000    7.5000 2784.9968   10.4546
   -7.5000  -15.0000    7.5000 2837.4419   10.2590
    0.0000  -15.0000    7.5000 2866.1826   10.1886
    7.5000  -15.0000    7.5000 2810.6692   10.3740
   -7.5000   -7.5000    7.5000 2809.6951   10.4464
    0.0000   -7.5000    7.5000 2839.2910   10.3730
    7.5000   -7.5000    7.5000 2782.0173   10.5459
   -7.5000    0.0000    7.5000 2733.9890   10.7511
    0.0000    0.0000    7.5000 2757.1384   10.6934
    7.5000    0.0000    7.5000 2713.4458   10.8518
   -7.5000    7.5000    7.5000 2630.9700   11.2358
    0.0000    7.5000    7.5000 2658.0059   11.1779
    7.5000    7.5000    7.5000 2615.1528   11.3527
   -7.5000   15.0000    7.5000 2497.4746   11.9728
    0.0000   15.0000    7.5000 2519.7913   11.9206
    7.5000   15.0000    7.5000 2483.3787   12.1167
   -7.5000   22.5000    7.5000 2358.5742   13.1287
    0.0000   22.5000    7.5000 2378.9553   13.0859
    7.5000   22.5000    7.5000 2342.0801   13.2797
   -7.5000   30.0000    7.5000 2205.5869   14.7247
    0.0000   30.0000    7.5000 2221.3638   14.6858
    7.5000   30.0000    7.5000 2188.6475   14.9067
   -7.5000   37.5000    7.5000 2039.3862   16.9009
    0.0000   37.5000    7.5000 2050.6318   16.8617
    7.5000   37.5000    7.5000 2023.0541   17.1052
   -7.5000   45.0000    7.5000 1856.3038   19.8675
    0.0000   45.0000    7.5000 1872.1523   19.7769
    7.5000   45.0000    7.5000 1844.4506   20.0750
   -7.5000  -45.0000   15.0000 2487.2778   12.0797
    0.0000  -45.0000   15.0000 2503.2412   12.0343
    7.5000  -45.0000   15.0000 2469.2744   12.2363
   -7.5000  -37.5000   15.0000 2631.4146   11.1274
    0.0000  -37.5000   15.0000 2650.9719   11.0493
    7.5000  -37.5000   15.0000 2615.7656   11.2430
   -7.5000  -30.0000   15.0000 2758.8704   10.5348
    0.0000  -30.0000   15.0000 2790.8062   10.4755
    7.5000  -30.0000   15.0000 2740.4482   10.6276
   -7.5000  -22.5000   15.0000 2852.5010   10.1834
    0.0000  -22.5000   15.0000 2899.2144   10.1163
    7.5000  -22.5000   15.0000 2826.8049   10.2811
   -7.5000  -15.0000   15.0000 2892.7092   10.0596
    0.0000  -15.0000   15.0000 2933.5515    9.9767
    7.5000  -15.0000   15.0000 2859.8391   10.1795
   -7.5000   -7.5000   15.0000 2859.1311   10.1917
    0.0000   -7.5000   15.0000 2892.8193   10.1152
    7.5000   -7.5000   15.0000 2827.4949   10.2846
   -7.5000    0.0000   15.0000 2770.4851   10.5040
    0.0000    0.0000   15.0000 2800.1929   10.4215
    7.5000    0.0000   15.0000 2747.2046   10.5893
   -7.5000    7.5000   15.0000 2661.8562   10.9941
    0.0000    7.5000   15.0000 2686.3706   10.9450
    7.5000    7.5000   15.0000 2644.9453   11.0935
   -7.5000   15.0000   15.0000 2518.6948   11.7625
    0.0000   15.0000   15.0000 2539.0789   11.7258
    7.5000   15.0000   15.0000 2504.8455   11.8747
   -7.5000   22.5000   15.0000 2374.3672   12.8923
    0.0000   22.5000   15.0000 2388.5486   12.8831
    7.5000   22.5000   15.0000 2359.8132   13.0089
   -7.5000   30.0000   15.0000 2214.3330   14.4223
    0.0000   30.0000   15.0000 2226.9854   14.4310
    7.5000   30.0000   15.0000 2202.7761   14.5627
   -7.5000   37.5000   15.0000 2049.9939   16.5440
    0.0000   37.5000   15.0000 2063.4272   16.5500
    7.5000   37.5000   15.0000 2036.7676   16.7191
   -7.5000   45.0000   15.0000 1870.6289   19.3918
    0.0000   45.0000   15.0000 1886.7428   19.3661
    7.5000   45.0000   15.0000 1856.5492   19.5949
   -7.5000  -45.0000   22.5000 2474.7544   12.0674
    0.0000  -45.0000   22.5000 2488.7190   12.0119
    7.5000  -45.0000   22.5000 2458.7937   12.2529
   -7.5000  -37.5000   22.5000 2624.4121   11.0742
    0.0000  -37.5000   22.5000 2640.0786   11.0247
    7.5000  -37.5000   22.5000 2605.9417   11.2400
   -7.5000  -30.0000   22.5000 2760.5662   10.4954
    0.0000  -30.0000   22.5000 2789.6035   10.4469
    7.5000  -30.0000   22.5000 2737.2869   10.6182
   -7.5000  -22.5000   22.5000 2865.6792   10.1575
    0.0000  -22.5000   22.5000 2908.5337   10.1147
    7.5000  -22.5000   22.5000 2836.4031   10.2650
   -7.5000  -15.0000   22.5000 2911.5227   10.0508
    0.0000  -15.0000   22.5000 2956.4626    9.9774
    7.5000  -15.0000   22.5000 2878.0271   10.1422
   -7.5000   -7.5000   22.5000 2878.4907   10.1424
    0.0000   -7.5000   22.5000 2910.9917   10.0572
    7.5000   -7.5000   22.5000 2848.7966   10.2364
   -7.5000    0.0000   22.5000 2791.9966   10.4264
    0.0000    0.0000   22.5000 2819.0083   10.3613
    7.5000    0.0000   22.5000 2764.7266   10.5269
   -7.5000    7.5000   22.5000 2667.1421   10.9272
    0.0000    7.5000   22.5000 2688.6956   10.8940
    7.5000    7.5000   22.5000 2651.5422   11.0267
   -7.5000   15.0000   22.5000 2522.9038   11.6881
    0.0000   15.0000   22.5000 2540.5374   11.6465
    7.5000   15.0000   22.5000 2514.2053   11.7849
   -7.5000   22.5000   22.5000 2379.9810   12.7844
    0.0000   22.5000   22.5000 2394.1265   12.7588
    7.5000   22.5000   22.5000 2366.0813   12.9157
   -7.5000   30.0000   22.5000 2216.2871   14.3328
    0.0000   30.0000   22.5000 2227.4050   14.2964
    7.5000   30.0000   22.5000 2203.8750   14.4742
   -7.5000   37.5000   22.5000 2044.9520   16.4061
    0.0000   37.5000   22.5000 2057.7458   16.3888
    7.5000   37.5000   22.5000 2034.9734   16.6009
   -7.5000   45.0000   22.5000 1868.8942   19.1425
    0.0000   45.0000   22.5000 1883.8590   19.1055
    7.5000   45.0000   22.5000 1856.6278   19.3679
   -7.5000  -45.0000   30.0000 2450.1477   12.2421
    0.0000  -45.0000   30.0000 2466.4968   12.1458
    7.5000  -45.0000   30.0000 2435.3992   12.4272
   -7.5000  -37.5000   30.0000 2599.3477   11.2354
    0.0000  -37.5000   30.0000 2620.5991   11.1269
    7.5000  -37.5000   30.0000 2586.1096   11.3945
   -7.5000  -30.0000   30.0000 2735.9668   10.6112
    0.0000  -30.0000   30.0000 2766.8105   10.5143
    7.5000  -30.0000   30.0000 2720.3682   10.7554
   -7.5000  -22.5000   30.0000 2847.3240   10.2038
    0.0000  -22.5000   30.0000 2883.9705   10.1015
    7.5000  -22.5000   30.0000 2819.5649   10.3513
   -7.5000  -15.0000   30.0000 2895.5469   10.0998
    0.0000  -15.0000   30.0000 2928.0596    9.9658
    7.5000  -15.0000   30.0000 2863.2612   10.2276
   -7.5000   -7.5000   30.0000 2864.5039   10.2172
    0.0000   -7.5000   30.0000 2892.1824   10.1094
    7.5000   -7.5000   30.0000 2835.8357   10.3274
   -7.5000    0.0000   30.0000 2775.0898   10.5353
    0.0000    0.0000   30.0000 2802.7607   10.4360
    7.5000    0.0000   30.0000 2752.6467   10.6266
   -7.5000    7.5000   30.0000 2642.7244   11.0586
    0.0000    7.5000   30.0000 2661.4873   10.9915
    7.5000    7.5000   30.0000 2634.1711   11.1477
   -7.5000   15.0000   30.0000 2507.3213   11.7976
    0.0000   15.0000   30.0000 2520.0593   11.7536
    7.5000   15.0000   30.0000 2497.7500   11.8927
   -7.5000   22.5000   30.0000 2365.2952   12.8638
    0.0000   22.5000   30.0000 2375.5635   12.8541
    7.5000   22.5000   30.0000 2354.3364   12.9760
   -7.5000   30.0000   30.0000 2203.4744   14.3568
    0.0000   30.0000   30.0000 2212.3997   14.3385
    7.5000   30.0000   30.0000 2194.3616   14.4938
   -7.5000   37.5000   30.0000 2029.9308   16.3616
    0.0000   37.5000   30.0000 2043.9077   16.3548
    7.5000   37.5000   30.0000 2023.2311   16.5452
   -7.5000   45.0000   30.0000 1852.6001   19.0615
    0.0000   45.0000   30.0000 1866.9977   19.0069
    7.5000   45.0000   30.0000 1845.8488   19.2636
   -7.5000  -45.0000   37.5000 2425.4343   12.5560
    0.0000  -45.0000   37.5000 2442.9380   12.4439
    7.5000  -45.0000   37.5000 2411.9548   12.7993
   -7.5000  -37.5000   37.5000 2570.0955   11.5404
    0.0000  -37.5000   37.5000 2593.2039   11.4273
    7.5000  -37.5000   37.5000 2557.4075   11.7520
   -7.5000  -30.0000   37.5000 2701.1399   10.9140
    0.0000  -30.0000   37.5000 2732.2681   10.8056
    7.5000  -30.0000   37.5000 2686.5896   11.0716
   -7.5000  -22.5000   37.5000 2801.3191   10.4995
    0.0000  -22.5000   37.5000 2838.1570   10.3759
    7.5000  -22.5000   37.5000 2782.8909   10.6625
   -7.5000  -15.0000   37.5000 2847.5967   10.3879
    0.0000  -15.0000   37.5000 2876.3997   10.2843
    7.5000  -15.0000   37.5000 2825.8284   10.5172
   -7.5000   -7.5000   37.5000 2821.5735   10.4896
    0.0000   -7.5000   37.5000 2842.8884   10.4107
    7.5000   -7.5000   37.5000 2797.6536   10.5961
   -7.5000    0.0000   37.5000 2734.8684   10.8066
    0.0000    0.0000   37.5000 2760.3025   10.7238
    7.5000    0.0000   37.5000 2716.3411   10.9094
   -7.5000    7.5000   37.5000 2609.7380   11.3085
    0.0000    7.5000   37.5000 2628.4968   11.2445
    7.5000    7.5000   37.5000 2600.5066   11.4070
   -7.5000   15.0000   37.5000 2473.1526   12.0675
    0.0000   15.0000   37.5000 2487.8447   11.9970
    7.5000   15.0000   37.5000 2468.3672   12.1511
   -7.5000   22.5000   37.5000 2333.2959   13.0957
    0.0000   22.5000   37.5000 2346.4165   13.0650
    7.5000   22.5000   37.5000 2324.6860   13.2114
   -7.5000   30.0000   37.5000 2175.3066   14.5616
    0.0000   30.0000   37.5000 2188.6255   14.5272
    7.5000   30.0000   37.5000 2167.3513   14.6960
   -7.5000   37.5000   37.5000 1999.8221   16.5398
    0.0000   37.5000   37.5000 2018.0546   16.4934
    7.5000   37.5000   37.5000 1995.9705   16.6715
   -7.5000   45.0000   37.5000 1830.0908   19.2066
    0.0000   45.0000   37.5000 1845.0691   19.0726
    7.5000   45.0000   37.5000 1827.3817   19.3308
   -7.5000  -45.0000   45.0000 2394.8574   13.0963
    0.0000  -45.0000   45.0000 2414.3076   12.9927
    7.5000  -45.0000   45.0000 2377.5486   13.3460
   -7.5000  -37.5000   45.0000 2533.9006   12.0912
    0.0000  -37.5000   45.0000 2553.7878   11.9867
    7.5000  -37.5000   45.0000 2519.0815   12.2904
   -7.5000  -30.0000   45.0000 2653.4756   11.4225
    0.0000  -30.0000   45.0000 2679.4497   11.3188
    7.5000  -30.0000   45.0000 2639.8792   11.5824
   -7.5000  -22.5000   45.0000 2739.0461   11.0127
    0.0000  -22.5000   45.0000 2765.9465   10.8863
    7.5000  -22.5000   45.0000 2724.2344   11.1694
   -7.5000  -15.0000   45.0000 2770.0337   10.8821
    0.0000  -15.0000   45.0000 2795.7502   10.7912
    7.5000  -15.0000   45.0000 2754.9243   11.0111
   -7.5000   -7.5000   45.0000 2744.8445   10.9844
    0.0000   -7.5000   45.0000 2764.7397   10.8895
    7.5000   -7.5000   45.0000 2732.7356   11.0698
   -7.5000    0.0000   45.0000 2670.1646   11.2836
    0.0000    0.0000   45.0000 2686.7532   11.2029
    7.5000    0.0000   45.0000 2653.8811   11.3705
   -7.5000    7.5000   45.0000 2561.4734   11.7442
    0.0000    7.5000   45.0000 2578.0818   11.6924
    7.5000    7.5000   45.0000 2548.8330   11.8408
   -7.5000   15.0000   45.0000 2431.5376   12.4743
    0.0000   15.0000   45.0000 2447.9033   12.4455
    7.5000   15.0000   45.0000 2425.5452   12.5937
   -7.5000   22.5000   45.0000 2295.0254   13.5082
    0.0000   22.5000   45.0000 2310.6794   13.4646
    7.5000   22.5000   45.0000 2287.2170   13.6202
   -7.5000   30.0000   45.0000 2133.1255   14.9609
    0.0000   30.0000   45.0000 2149.3640   14.8868
    7.5000   30.0000   45.0000 2129.9922   15.0547
   -7.5000   37.5000   45.0000 1963.8185   16.8611
    0.0000   37.5000   45.0000 1982.9082   16.7999
    7.5000   37.5000   45.0000 1959.6044   16.9893
   -7.5000   45.0000   45.0000 1799.3683   19.4532
    0.0000   45.0000   45.0000 1816.4998   19.3420
    7.5000   45.0000   45.0000 1792.3549   19.6291

---------------------------------------------------------------------
imgreg_4dfp /opt/freesurfer/average/711-2C_as_mni_average_305 /opt/freesurfer/average/711-2B_as_mni_average_305_mask talsrcimg_g11 none talsrcimg_to_711-2C_as_mni_average_305_t4 1283
---------------------------------------------------------------------

freesurfer imgreg_4dfp.c
/opt/freesurfer/average/711-2C_as_mni_average_305.4dfp.img
       256       256       256         1
  1.000000  1.000000  1.000000
orientation T byte_order littleendian
Reading image: /opt/freesurfer/average/711-2C_as_mni_average_305.4dfp.img
dimensions:      256       256       256
mmppix:       1.0000   -1.0000   -1.0000
center:     128.0000 -129.0000 -129.0000
/opt/freesurfer/average/711-2B_as_mni_average_305_mask.4dfp.img
       256       256       256         1
  1.000000  1.000000  1.000000
orientation T byte_order littleendian
Reading mask: /opt/freesurfer/average/711-2B_as_mni_average_305_mask.4dfp.img (2306576 pixels)
talsrcimg_g11.4dfp.img
       256       256       256         1
  1.000000  1.000000  1.000000
orientation T byte_order littleendian
Reading image: talsrcimg_g11.4dfp.img
dimensions:      256       256       256
mmppix:       1.0000   -1.0000   -1.0000
center:     128.0000 -129.0000 -129.0000
rotation matrix determinant  1.000000
fimgreg.f
image alignment mode   1283 decimal      503 hex
parameters
    0.0000  -15.0000   22.5000    0.0000    0.0000    0.0000
eta,q 0.92812  9.93443
niter,ni,del,rscale     5    3   12.0000    1.2000
parameter  4  1.076707 ->  0.500000 qaram    1.1500
parameters
   -0.8292  -15.5412   22.0529   -3.4500   -0.1657    0.5455
eta,q 0.93521  9.83719
  0.0801  0.0808  0.0730  0.0657  0.0719  0.0715
  0.0742  0.0720  0.0700  0.0650  0.0678  0.0684
  0.0705  0.0683  0.0688  0.0660  0.0656  0.0663
  0.0705  0.0700  0.0689  0.0691  0.0650  0.0650
  0.0732  0.0735  0.0693  0.0726  0.0662  0.0651
  0.0791  0.0774  0.0708  0.0757  0.0685  0.0669
  0.0873  0.0821  0.0746  0.0790  0.0725  0.0697
niter,ni,del,rscale     5    3   12.0000    1.2000
parameter  4  0.605259 ->  0.500000 qaram    1.3225
parameters
   -0.8782  -14.2334   21.2912   -7.4175   -0.2376    0.0432
eta,q 0.93655  9.90048
  0.0811  0.0834  0.0697  0.0642  0.0721  0.0675
  0.0742  0.0754  0.0675  0.0635  0.0676  0.0653
  0.0676  0.0686  0.0655  0.0634  0.0646  0.0639
  0.0648  0.0648  0.0643  0.0645  0.0634  0.0634
  0.0667  0.0646  0.0657  0.0686  0.0646  0.0643
  0.0732  0.0670  0.0690  0.0736  0.0679  0.0663
  0.0829  0.0727  0.0746  0.0773  0.0725  0.0691
niter,ni,del,rscale     5    3   12.0000    1.2000
parameters
   -1.0078  -12.9009   19.6154   -9.7450    0.0812   -0.3245
eta,q 0.93842  9.93794
  0.0803  0.0792  0.0666  0.0655  0.0717  0.0657
  0.0731  0.0714  0.0631  0.0623  0.0664  0.0636
  0.0665  0.0664  0.0616  0.0615  0.0627  0.0622
  0.0634  0.0635  0.0626  0.0616  0.0615  0.0616
  0.0656  0.0626  0.0657  0.0645  0.0623  0.0621
  0.0729  0.0648  0.0697  0.0694  0.0651  0.0642
  0.0831  0.0697  0.0741  0.0755  0.0697  0.0672
niter,ni,del,rscale     4    3   12.0000    1.2000
parameters
   -1.0585  -12.1570   19.3280  -10.2610    0.1884   -0.3172
eta,q 0.93878  9.94939
  0.0805  0.0745  0.0707  0.0688  0.0706  0.0664
  0.0714  0.0679  0.0647  0.0645  0.0654  0.0640
  0.0644  0.0636  0.0617  0.0618  0.0621  0.0621
  0.0616  0.0616  0.0612  0.0611  0.0612  0.0612
  0.0637  0.0613  0.0633  0.0617  0.0620  0.0616
  0.0713  0.0638  0.0672  0.0657  0.0650  0.0637
  0.0819  0.0697  0.0714  0.0719  0.0699  0.0667
niter,ni,del,rscale     3    3   12.0000    1.2000
parameters
   -1.1044  -12.0236   19.3229  -10.3560    0.2264   -0.3385
eta,q 0.93879  9.95243
  0.0802  0.0721  0.0717  0.0697  0.0703  0.0664
  0.0710  0.0662  0.0654  0.0650  0.0652  0.0640
  0.0640  0.0625  0.0619  0.0622  0.0620  0.0621
  0.0612  0.0612  0.0612  0.0612  0.0612  0.0612
  0.0632  0.0617  0.0629  0.0613  0.0621  0.0617
  0.0707  0.0652  0.0664  0.0649  0.0651  0.0637
  0.0815  0.0715  0.0707  0.0708  0.0700  0.0668
niter,ni,del,rscale     2    3   12.0000    1.2000
parameters
   -1.1271  -11.9956   19.3303  -10.3767    0.2480   -0.3568
eta,q 0.93878  9.95321
  0.0803  0.0717  0.0718  0.0699  0.0702  0.0664
  0.0710  0.0659  0.0654  0.0651  0.0652  0.0640
  0.0640  0.0624  0.0619  0.0623  0.0620  0.0621
  0.0612  0.0612  0.0612  0.0612  0.0612  0.0612
  0.0631  0.0619  0.0629  0.0613  0.0621  0.0617
  0.0705  0.0655  0.0664  0.0647  0.0651  0.0637
  0.0814  0.0718  0.0707  0.0707  0.0701  0.0668
registration optimization eta report
parameter search radius
    6.0000    6.0000    6.0000    7.9350    6.0000    6.0000
100000*second partial in parameter space
       54.       30.       28.       15.       25.       15.
  0.0803  0.0717  0.0718  0.0699  0.0702  0.0664
  0.0710  0.0659  0.0654  0.0651  0.0652  0.0640
  0.0640  0.0624  0.0619  0.0623  0.0620  0.0621
  0.0612  0.0612  0.0612  0.0612  0.0612  0.0612
  0.0631  0.0619  0.0629  0.0613  0.0621  0.0617
  0.0705  0.0655  0.0664  0.0647  0.0651  0.0637
  0.0814  0.0718  0.0707  0.0707  0.0701  0.0668
   -1.1271  -11.9956   19.3303  -10.3767    0.2480   -0.3568
eta,q 0.93878  9.95321

---------------------------------------------------------------------
imgreg_4dfp /opt/freesurfer/average/711-2C_as_mni_average_305 /opt/freesurfer/average/711-2B_as_mni_average_305_mask talsrcimg_g11 none talsrcimg_to_711-2C_as_mni_average_305_t4 3335
---------------------------------------------------------------------

freesurfer imgreg_4dfp.c
/opt/freesurfer/average/711-2C_as_mni_average_305.4dfp.img
       256       256       256         1
  1.000000  1.000000  1.000000
orientation T byte_order littleendian
Reading image: /opt/freesurfer/average/711-2C_as_mni_average_305.4dfp.img
dimensions:      256       256       256
mmppix:       1.0000   -1.0000   -1.0000
center:     128.0000 -129.0000 -129.0000
/opt/freesurfer/average/711-2B_as_mni_average_305_mask.4dfp.img
       256       256       256         1
  1.000000  1.000000  1.000000
orientation T byte_order littleendian
Reading mask: /opt/freesurfer/average/711-2B_as_mni_average_305_mask.4dfp.img (2306576 pixels)
talsrcimg_g11.4dfp.img
       256       256       256         1
  1.000000  1.000000  1.000000
orientation T byte_order littleendian
Reading image: talsrcimg_g11.4dfp.img
dimensions:      256       256       256
mmppix:       1.0000   -1.0000   -1.0000
center:     128.0000 -129.0000 -129.0000
fimgreg.f
image alignment mode   3335 decimal      D07 hex
parameters
   -1.1271  -11.9956   19.3303   -0.0029   -1.6379   -1.6364
    0.6905   -0.3137   -0.6227   18.0142    0.4329  -18.0117
eta,q 0.93935 10.03737
niter,ni,del,rscale     5    3    5.0000    1.2000
parameter  4  1.089592 ->  0.500000 qaram    1.1500
parameter  5  4.751063 ->  0.500000 qaram    1.1500
parameter 12  0.633424 ->  0.500000 qaram    1.1500
parameters
   -1.3640  -11.5976   20.1046   -4.1429   -5.7779   -3.4283
    1.4652   -0.0664    0.2938   14.8569   -0.5519  -22.1517
eta,q 0.95165  9.47140
  0.0635  0.0635  0.0634  0.0567  0.0448  0.0510  0.0527  0.0544  0.0527  0.0500  0.0494  0.0486
  0.0618  0.0620  0.0621  0.0572  0.0485  0.0501  0.0511  0.0519  0.0511  0.0490  0.0490  0.0484
  0.0609  0.0611  0.0612  0.0584  0.0528  0.0496  0.0500  0.0502  0.0500  0.0488  0.0488  0.0484
  0.0607  0.0606  0.0606  0.0604  0.0575  0.0496  0.0495  0.0495  0.0495  0.0494  0.0488  0.0488
  0.0613  0.0607  0.0604  0.0633  0.0624  0.0502  0.0496  0.0499  0.0495  0.0511  0.0490  0.0493
  0.0627  0.0611  0.0606  0.0669  0.0674  0.0517  0.0503  0.0514  0.0502  0.0535  0.0493  0.0500
  0.0649  0.0620  0.0612  0.0708  0.0731  0.0545  0.0516  0.0539  0.0514  0.0567  0.0499  0.0508
niter,ni,del,rscale     7    3    5.0000    1.2000
parameter  5  2.413068 ->  0.500000 qaram    1.3225
parameters
   -1.4666  -11.4051   20.7041   -8.1890  -10.5389   -3.2105
    1.7863   -0.2634    0.2110   14.9716   -0.7315  -22.2127
eta,q 0.95961  9.01706
  0.0517  0.0515  0.0506  0.0482  0.0368  0.0427  0.0434  0.0447  0.0432  0.0445  0.0413  0.0419
  0.0497  0.0498  0.0495  0.0477  0.0395  0.0415  0.0418  0.0423  0.0417  0.0424  0.0408  0.0411
  0.0486  0.0488  0.0488  0.0476  0.0432  0.0406  0.0408  0.0408  0.0407  0.0410  0.0405  0.0406
  0.0483  0.0483  0.0483  0.0482  0.0476  0.0404  0.0404  0.0404  0.0404  0.0404  0.0404  0.0404
  0.0489  0.0486  0.0482  0.0499  0.0527  0.0407  0.0406  0.0410  0.0408  0.0407  0.0405  0.0406
  0.0502  0.0493  0.0485  0.0527  0.0582  0.0412  0.0415  0.0427  0.0418  0.0421  0.0408  0.0412
  0.0523  0.0506  0.0491  0.0565  0.0642  0.0425  0.0429  0.0451  0.0433  0.0444  0.0414  0.0419
niter,ni,del,rscale     7    3    5.0000    1.2000
parameter  5  1.287702 ->  0.500000 qaram    1.5209
parameters
   -1.3353  -11.0485   21.0746   -8.2265  -16.0140   -2.6048
    1.9427   -0.3000    0.2350   15.5069   -1.1344  -22.4057
eta,q 0.96496  8.74294
  0.0442  0.0445  0.0422  0.0430  0.0332  0.0378  0.0378  0.0396  0.0377  0.0397  0.0358  0.0365
  0.0422  0.0424  0.0413  0.0416  0.0345  0.0365  0.0364  0.0372  0.0363  0.0375  0.0354  0.0357
  0.0409  0.0410  0.0407  0.0407  0.0369  0.0355  0.0354  0.0356  0.0354  0.0359  0.0351  0.0352
  0.0404  0.0404  0.0403  0.0403  0.0403  0.0351  0.0351  0.0351  0.0351  0.0351  0.0350  0.0350
  0.0406  0.0404  0.0403  0.0403  0.0449  0.0353  0.0353  0.0357  0.0354  0.0352  0.0352  0.0352
  0.0416  0.0412  0.0407  0.0413  0.0505  0.0358  0.0362  0.0373  0.0363  0.0364  0.0355  0.0358
  0.0435  0.0426  0.0414  0.0434  0.0567  0.0371  0.0376  0.0397  0.0377  0.0387  0.0361  0.0366
niter,ni,del,rscale     7    3    5.0000    1.2000
parameter  5  0.628074 ->  0.500000 qaram    1.7490
parameters
   -1.3189  -10.9221   21.4341   -7.7304  -22.3105   -1.9285
    1.7242   -0.2811    0.1482   15.6997   -1.1935  -21.7351
eta,q 0.96740  8.41131
  0.0386  0.0386  0.0369  0.0378  0.0332  0.0355  0.0349  0.0371  0.0349  0.0367  0.0334  0.0340
  0.0367  0.0367  0.0360  0.0363  0.0326  0.0341  0.0336  0.0348  0.0336  0.0346  0.0330  0.0333
  0.0355  0.0355  0.0354  0.0354  0.0331  0.0330  0.0329  0.0332  0.0329  0.0332  0.0327  0.0328
  0.0350  0.0350  0.0350  0.0350  0.0349  0.0326  0.0326  0.0326  0.0326  0.0326  0.0326  0.0326
  0.0354  0.0353  0.0350  0.0350  0.0381  0.0328  0.0330  0.0332  0.0329  0.0329  0.0327  0.0327
  0.0365  0.0363  0.0354  0.0357  0.0428  0.0334  0.0339  0.0347  0.0337  0.0342  0.0330  0.0331
  0.0385  0.0379  0.0361  0.0374  0.0489  0.0346  0.0352  0.0371  0.0350  0.0364  0.0335  0.0336
niter,ni,del,rscale     7    3    5.0000    1.2000
parameters
   -1.3431  -10.6433   21.6150   -8.1547  -24.4640   -1.8037
    1.5452   -0.2312    0.0052   15.6328   -0.9910  -21.1057
eta,q 0.96743  8.26118
  0.0358  0.0363  0.0341  0.0346  0.0366  0.0352  0.0348  0.0370  0.0347  0.0362  0.0334  0.0338
  0.0341  0.0343  0.0334  0.0334  0.0343  0.0338  0.0336  0.0347  0.0335  0.0342  0.0330  0.0332
  0.0330  0.0331  0.0329  0.0328  0.0329  0.0329  0.0328  0.0331  0.0328  0.0330  0.0327  0.0328
  0.0326  0.0326  0.0326  0.0326  0.0326  0.0326  0.0326  0.0326  0.0326  0.0326  0.0326  0.0326
  0.0330  0.0328  0.0326  0.0328  0.0338  0.0329  0.0329  0.0331  0.0329  0.0330  0.0326  0.0326
  0.0341  0.0335  0.0330  0.0336  0.0367  0.0337  0.0338  0.0346  0.0336  0.0343  0.0329  0.0330
  0.0361  0.0348  0.0338  0.0353  0.0415  0.0350  0.0351  0.0369  0.0348  0.0364  0.0333  0.0335
niter,ni,del,rscale     6    3    5.0000    1.2000
parameters
   -1.3546  -10.4106   21.6181   -8.4060  -24.9374   -1.8770
    1.5166   -0.2087   -0.0564   15.6561   -0.9515  -20.9062
eta,q 0.96740  8.21841
  0.0357  0.0358  0.0338  0.0346  0.0376  0.0351  0.0349  0.0370  0.0347  0.0362  0.0334  0.0337
  0.0340  0.0340  0.0332  0.0334  0.0351  0.0338  0.0336  0.0347  0.0335  0.0343  0.0329  0.0331
  0.0329  0.0330  0.0327  0.0327  0.0334  0.0328  0.0328  0.0331  0.0328  0.0330  0.0327  0.0327
  0.0326  0.0326  0.0326  0.0326  0.0326  0.0326  0.0326  0.0326  0.0326  0.0326  0.0326  0.0326
  0.0329  0.0327  0.0327  0.0327  0.0331  0.0330  0.0329  0.0331  0.0329  0.0330  0.0327  0.0327
  0.0340  0.0335  0.0331  0.0335  0.0352  0.0338  0.0337  0.0347  0.0336  0.0342  0.0329  0.0331
  0.0358  0.0346  0.0339  0.0349  0.0390  0.0352  0.0349  0.0369  0.0347  0.0362  0.0334  0.0335
niter,ni,del,rscale     5    3    5.0000    1.2000
parameters
   -1.3523  -10.3352   21.6058   -8.4558  -25.0521   -1.9084
    1.5185   -0.1968   -0.0694   15.6717   -0.9510  -20.8661
eta,q 0.96739  8.20850
  0.0357  0.0353  0.0338  0.0347  0.0378  0.0351  0.0350  0.0369  0.0347  0.0361  0.0333  0.0336
  0.0340  0.0338  0.0332  0.0335  0.0353  0.0338  0.0337  0.0347  0.0335  0.0342  0.0330  0.0331
  0.0330  0.0329  0.0328  0.0328  0.0335  0.0329  0.0329  0.0331  0.0328  0.0330  0.0327  0.0327
  0.0326  0.0326  0.0326  0.0326  0.0326  0.0326  0.0326  0.0326  0.0326  0.0326  0.0326  0.0326
  0.0329  0.0329  0.0327  0.0328  0.0330  0.0330  0.0329  0.0332  0.0329  0.0330  0.0327  0.0327
  0.0340  0.0337  0.0331  0.0334  0.0350  0.0338  0.0337  0.0347  0.0336  0.0342  0.0329  0.0331
  0.0357  0.0349  0.0339  0.0348  0.0385  0.0352  0.0349  0.0369  0.0346  0.0362  0.0334  0.0336
niter,ni,del,rscale     4    3    5.0000    1.2000
parameters
   -1.3511  -10.3137   21.5999   -8.4651  -25.0789   -1.9204
    1.5160   -0.1946   -0.0654   15.6809   -0.9621  -20.8494
eta,q 0.96738  8.20614
  0.0357  0.0352  0.0338  0.0347  0.0379  0.0351  0.0350  0.0369  0.0347  0.0361  0.0333  0.0336
  0.0340  0.0337  0.0332  0.0335  0.0354  0.0338  0.0337  0.0347  0.0335  0.0342  0.0329  0.0331
  0.0330  0.0329  0.0328  0.0328  0.0335  0.0329  0.0329  0.0331  0.0328  0.0330  0.0327  0.0327
  0.0326  0.0326  0.0326  0.0326  0.0326  0.0326  0.0326  0.0326  0.0326  0.0326  0.0326  0.0326
  0.0329  0.0329  0.0327  0.0328  0.0330  0.0330  0.0329  0.0332  0.0329  0.0330  0.0327  0.0327
  0.0340  0.0337  0.0331  0.0334  0.0349  0.0338  0.0337  0.0347  0.0336  0.0342  0.0329  0.0331
  0.0357  0.0350  0.0339  0.0348  0.0384  0.0352  0.0349  0.0369  0.0346  0.0362  0.0334  0.0336
registration optimization eta report
parameter search radius
    2.4000    2.4000    2.4000    8.2800   12.5928    7.2000
    7.2000    7.2000    7.2000    7.2000    7.2000    8.2800
100000*second partial in parameter space
       53.       43.       21.        3.        3.        5.
        5.        8.        4.        7.        1.        1.
  0.0357  0.0352  0.0338  0.0347  0.0379  0.0351  0.0350  0.0369  0.0347  0.0361  0.0333  0.0336
  0.0340  0.0337  0.0332  0.0335  0.0354  0.0338  0.0337  0.0347  0.0335  0.0342  0.0329  0.0331
  0.0330  0.0329  0.0328  0.0328  0.0335  0.0329  0.0329  0.0331  0.0328  0.0330  0.0327  0.0327
  0.0326  0.0326  0.0326  0.0326  0.0326  0.0326  0.0326  0.0326  0.0326  0.0326  0.0326  0.0326
  0.0329  0.0329  0.0327  0.0328  0.0330  0.0330  0.0329  0.0332  0.0329  0.0330  0.0327  0.0327
  0.0340  0.0337  0.0331  0.0334  0.0349  0.0338  0.0337  0.0347  0.0336  0.0342  0.0329  0.0331
  0.0357  0.0350  0.0339  0.0348  0.0384  0.0352  0.0349  0.0369  0.0346  0.0362  0.0334  0.0336
   -1.3511  -10.3137   21.5999   -8.4651  -25.0789   -1.9204
    1.5160   -0.1946   -0.0654   15.6809   -0.9621  -20.8494
eta,q 0.96738  8.20614

---------------------------------------------------------------------
imgreg_4dfp /opt/freesurfer/average/711-2C_as_mni_average_305 /opt/freesurfer/average/711-2B_as_mni_average_305_mask talsrcimg_g11 none talsrcimg_to_711-2C_as_mni_average_305_t4 2311
---------------------------------------------------------------------

freesurfer imgreg_4dfp.c
/opt/freesurfer/average/711-2C_as_mni_average_305.4dfp.img
       256       256       256         1
  1.000000  1.000000  1.000000
orientation T byte_order littleendian
Reading image: /opt/freesurfer/average/711-2C_as_mni_average_305.4dfp.img
dimensions:      256       256       256
mmppix:       1.0000   -1.0000   -1.0000
center:     128.0000 -129.0000 -129.0000
/opt/freesurfer/average/711-2B_as_mni_average_305_mask.4dfp.img
       256       256       256         1
  1.000000  1.000000  1.000000
orientation T byte_order littleendian
Reading mask: /opt/freesurfer/average/711-2B_as_mni_average_305_mask.4dfp.img (2306576 pixels)
talsrcimg_g11.4dfp.img
       256       256       256         1
  1.000000  1.000000  1.000000
orientation T byte_order littleendian
Reading image: talsrcimg_g11.4dfp.img
dimensions:      256       256       256
mmppix:       1.0000   -1.0000   -1.0000
center:     128.0000 -129.0000 -129.0000
fimgreg.f
image alignment mode   2311 decimal      907 hex
parameters
   -1.3511  -10.3137   21.5999   -8.4651  -25.0789   -1.9204
    1.5160   -0.1946   -0.0654   15.6809   -0.9621  -20.8494
eta,q 0.96738  8.20615
niter,ni,del,rscale     5    3    5.0000    0.8000
parameters
   -1.3322  -10.3525   21.6700   -8.3230  -24.1089   -1.9438
    1.5307   -0.2230   -0.0797   15.7259   -0.7966  -21.2387
eta,q 0.96745  8.27164
  0.0340  0.0337  0.0332  0.0333  0.0337  0.0338  0.0336  0.0346  0.0335  0.0342  0.0329  0.0329
  0.0332  0.0331  0.0329  0.0329  0.0332  0.0331  0.0330  0.0335  0.0330  0.0333  0.0327  0.0327
  0.0328  0.0327  0.0327  0.0327  0.0328  0.0327  0.0327  0.0328  0.0327  0.0328  0.0326  0.0326
  0.0326  0.0326  0.0326  0.0326  0.0326  0.0326  0.0326  0.0326  0.0326  0.0326  0.0326  0.0325
  0.0327  0.0328  0.0326  0.0326  0.0326  0.0327  0.0327  0.0328  0.0327  0.0327  0.0326  0.0326
  0.0332  0.0331  0.0328  0.0328  0.0327  0.0332  0.0330  0.0335  0.0330  0.0333  0.0327  0.0328
  0.0340  0.0338  0.0331  0.0332  0.0331  0.0337  0.0336  0.0347  0.0335  0.0342  0.0329  0.0330
niter,ni,del,rscale     4    3    5.0000    0.7000
parameters
   -1.3249  -10.4922   21.7155   -8.1530  -23.8054   -1.9470
    1.5344   -0.2636   -0.0808   15.7234   -0.7768  -21.3680
eta,q 0.96748  8.29762
  0.0336  0.0333  0.0330  0.0330  0.0333  0.0335  0.0334  0.0341  0.0333  0.0338  0.0328  0.0328
  0.0330  0.0328  0.0328  0.0328  0.0329  0.0329  0.0329  0.0332  0.0329  0.0331  0.0327  0.0327
  0.0327  0.0326  0.0326  0.0326  0.0327  0.0326  0.0326  0.0327  0.0326  0.0327  0.0326  0.0326
  0.0325  0.0326  0.0325  0.0325  0.0325  0.0325  0.0325  0.0325  0.0325  0.0325  0.0325  0.0325
  0.0327  0.0327  0.0326  0.0326  0.0326  0.0327  0.0326  0.0327  0.0326  0.0327  0.0325  0.0326
  0.0330  0.0331  0.0327  0.0327  0.0328  0.0330  0.0329  0.0333  0.0329  0.0331  0.0326  0.0327
  0.0336  0.0336  0.0330  0.0330  0.0331  0.0335  0.0334  0.0342  0.0333  0.0338  0.0328  0.0328
niter,ni,del,rscale     3    3    5.0000    0.6000
parameters
   -1.3209  -10.5369   21.7324   -8.0536  -23.6777   -1.9905
    1.5463   -0.2740   -0.0717   15.7298   -0.7476  -21.4207
eta,q 0.96748  8.30839
  0.0333  0.0331  0.0329  0.0329  0.0331  0.0332  0.0331  0.0337  0.0331  0.0335  0.0327  0.0327
  0.0329  0.0328  0.0327  0.0327  0.0328  0.0328  0.0328  0.0331  0.0328  0.0330  0.0326  0.0326
  0.0326  0.0326  0.0326  0.0326  0.0326  0.0326  0.0326  0.0326  0.0326  0.0326  0.0326  0.0326
  0.0325  0.0325  0.0325  0.0325  0.0325  0.0325  0.0325  0.0325  0.0325  0.0325  0.0325  0.0325
  0.0326  0.0326  0.0326  0.0325  0.0326  0.0326  0.0326  0.0327  0.0326  0.0326  0.0325  0.0325
  0.0329  0.0329  0.0327  0.0326  0.0327  0.0329  0.0328  0.0331  0.0328  0.0329  0.0326  0.0326
  0.0333  0.0332  0.0329  0.0329  0.0330  0.0333  0.0331  0.0337  0.0331  0.0335  0.0327  0.0328
niter,ni,del,rscale     2    3    5.0000    0.5000
parameters
   -1.3154  -10.5549   21.7431   -7.9587  -23.5954   -2.0106
    1.5652   -0.2902   -0.0631   15.7350   -0.6992  -21.3607
eta,q 0.96748  8.31625
  0.0331  0.0330  0.0327  0.0328  0.0329  0.0330  0.0329  0.0334  0.0329  0.0332  0.0327  0.0327
  0.0328  0.0327  0.0326  0.0326  0.0327  0.0327  0.0327  0.0329  0.0327  0.0328  0.0326  0.0326
  0.0326  0.0326  0.0326  0.0326  0.0326  0.0326  0.0326  0.0326  0.0326  0.0326  0.0325  0.0325
  0.0325  0.0325  0.0325  0.0325  0.0325  0.0325  0.0325  0.0325  0.0325  0.0325  0.0325  0.0325
  0.0326  0.0326  0.0325  0.0325  0.0325  0.0326  0.0326  0.0326  0.0326  0.0326  0.0325  0.0325
  0.0328  0.0327  0.0326  0.0326  0.0327  0.0328  0.0327  0.0329  0.0327  0.0328  0.0326  0.0326
  0.0331  0.0330  0.0327  0.0327  0.0329  0.0330  0.0329  0.0334  0.0329  0.0332  0.0327  0.0327
niter,ni,del,rscale     1    3    5.0000    0.4000
parameters
   -1.3078  -10.5715   21.7432   -7.8599  -23.5196   -2.0342
    1.5740   -0.2977   -0.0630   15.7179   -0.6478  -21.3383
eta,q 0.96748  8.32386
  0.0329  0.0328  0.0327  0.0327  0.0328  0.0329  0.0328  0.0331  0.0328  0.0329  0.0326  0.0326
  0.0327  0.0326  0.0326  0.0326  0.0326  0.0327  0.0326  0.0328  0.0326  0.0327  0.0326  0.0326
  0.0326  0.0325  0.0325  0.0325  0.0325  0.0325  0.0325  0.0326  0.0325  0.0326  0.0325  0.0325
  0.0325  0.0325  0.0325  0.0325  0.0325  0.0325  0.0325  0.0325  0.0325  0.0325  0.0325  0.0325
  0.0326  0.0326  0.0325  0.0325  0.0325  0.0326  0.0325  0.0326  0.0325  0.0326  0.0325  0.0325
  0.0327  0.0327  0.0326  0.0326  0.0326  0.0327  0.0326  0.0328  0.0326  0.0327  0.0326  0.0326
  0.0329  0.0328  0.0327  0.0327  0.0327  0.0329  0.0328  0.0331  0.0328  0.0329  0.0326  0.0326
registration optimization eta report
parameter search radius
    0.8000    0.8000    0.8000    2.4000    2.4000    2.4000
    2.4000    2.4000    2.4000    2.4000    2.4000    2.4000
100000*second partial in parameter space
       56.       47.       23.        3.        4.        6.
        5.       10.        4.        7.        2.        2.
  0.0329  0.0328  0.0327  0.0327  0.0328  0.0329  0.0328  0.0331  0.0328  0.0329  0.0326  0.0326
  0.0327  0.0326  0.0326  0.0326  0.0326  0.0327  0.0326  0.0328  0.0326  0.0327  0.0326  0.0326
  0.0326  0.0325  0.0325  0.0325  0.0325  0.0325  0.0325  0.0326  0.0325  0.0326  0.0325  0.0325
  0.0325  0.0325  0.0325  0.0325  0.0325  0.0325  0.0325  0.0325  0.0325  0.0325  0.0325  0.0325
  0.0326  0.0326  0.0325  0.0325  0.0325  0.0326  0.0325  0.0326  0.0325  0.0326  0.0325  0.0325
  0.0327  0.0327  0.0326  0.0326  0.0326  0.0327  0.0326  0.0328  0.0326  0.0327  0.0326  0.0326
  0.0329  0.0328  0.0327  0.0327  0.0327  0.0329  0.0328  0.0331  0.0328  0.0329  0.0326  0.0326
   -1.3078  -10.5715   21.7432   -7.8599  -23.5196   -2.0342
    1.5740   -0.2977   -0.0630   15.7179   -0.6478  -21.3383
eta,q 0.96748  8.32386

---------------------------------------------------------------------
imgreg_4dfp /opt/freesurfer/average/711-2C_as_mni_average_305 /opt/freesurfer/average/711-2B_as_mni_average_305_mask talsrcimg_g11 none talsrcimg_to_711-2C_as_mni_average_305_t4 2311
---------------------------------------------------------------------

freesurfer imgreg_4dfp.c
/opt/freesurfer/average/711-2C_as_mni_average_305.4dfp.img
       256       256       256         1
  1.000000  1.000000  1.000000
orientation T byte_order littleendian
Reading image: /opt/freesurfer/average/711-2C_as_mni_average_305.4dfp.img
dimensions:      256       256       256
mmppix:       1.0000   -1.0000   -1.0000
center:     128.0000 -129.0000 -129.0000
/opt/freesurfer/average/711-2B_as_mni_average_305_mask.4dfp.img
       256       256       256         1
  1.000000  1.000000  1.000000
orientation T byte_order littleendian
Reading mask: /opt/freesurfer/average/711-2B_as_mni_average_305_mask.4dfp.img (2306576 pixels)
talsrcimg_g11.4dfp.img
       256       256       256         1
  1.000000  1.000000  1.000000
orientation T byte_order littleendian
Reading image: talsrcimg_g11.4dfp.img
dimensions:      256       256       256
mmppix:       1.0000   -1.0000   -1.0000
center:     128.0000 -129.0000 -129.0000
fimgreg.f
image alignment mode   2311 decimal      907 hex
parameters
   -1.3078  -10.5715   21.7432   -7.8599  -23.5196   -2.0342
    1.5740   -0.2977   -0.0630   15.7179   -0.6478  -21.3383
eta,q 0.96749  8.32385
niter,ni,del,rscale     5    3    5.0000    0.8000
parameters
   -1.3326  -10.5526   21.6832   -8.0951  -23.7471   -1.8907
    1.5439   -0.2771   -0.0878   15.7076   -0.8346  -21.3997
eta,q 0.96747  8.30612
  0.0339  0.0338  0.0331  0.0331  0.0333  0.0338  0.0336  0.0347  0.0335  0.0342  0.0328  0.0329
  0.0331  0.0331  0.0328  0.0328  0.0329  0.0331  0.0330  0.0335  0.0330  0.0333  0.0327  0.0327
  0.0327  0.0326  0.0326  0.0326  0.0326  0.0327  0.0326  0.0328  0.0326  0.0327  0.0326  0.0326
  0.0325  0.0325  0.0325  0.0325  0.0325  0.0325  0.0325  0.0325  0.0325  0.0325  0.0325  0.0325
  0.0327  0.0327  0.0326  0.0326  0.0326  0.0327  0.0326  0.0328  0.0326  0.0327  0.0326  0.0326
  0.0332  0.0331  0.0328  0.0328  0.0330  0.0331  0.0330  0.0335  0.0330  0.0333  0.0327  0.0327
  0.0340  0.0337  0.0332  0.0333  0.0335  0.0336  0.0336  0.0346  0.0335  0.0342  0.0329  0.0329
niter,ni,del,rscale     4    3    5.0000    0.7000
parameters
   -1.3235  -10.5419   21.7143   -8.0688  -23.7143   -1.9338
    1.5439   -0.2704   -0.0626   15.7245   -0.8216  -21.4063
eta,q 0.96748  8.30767
  0.0336  0.0335  0.0330  0.0330  0.0332  0.0335  0.0334  0.0342  0.0333  0.0338  0.0328  0.0328
  0.0330  0.0329  0.0327  0.0327  0.0329  0.0329  0.0329  0.0333  0.0329  0.0331  0.0327  0.0327
  0.0327  0.0326  0.0326  0.0326  0.0326  0.0326  0.0326  0.0327  0.0326  0.0327  0.0326  0.0326
  0.0325  0.0325  0.0325  0.0325  0.0325  0.0325  0.0325  0.0325  0.0325  0.0325  0.0325  0.0325
  0.0326  0.0326  0.0326  0.0325  0.0326  0.0327  0.0326  0.0327  0.0326  0.0327  0.0325  0.0325
  0.0330  0.0329  0.0327  0.0327  0.0328  0.0330  0.0329  0.0333  0.0329  0.0331  0.0326  0.0326
  0.0336  0.0334  0.0330  0.0330  0.0332  0.0335  0.0334  0.0342  0.0333  0.0338  0.0328  0.0328
niter,ni,del,rscale     3    3    5.0000    0.6000
parameters
   -1.3182  -10.5477   21.7268   -8.0155  -23.6515   -1.9779
    1.5509   -0.2717   -0.0592   15.7320   -0.7657  -21.4240
eta,q 0.96748  8.31224
  0.0333  0.0332  0.0328  0.0329  0.0330  0.0332  0.0331  0.0337  0.0331  0.0335  0.0327  0.0327
  0.0329  0.0328  0.0327  0.0327  0.0328  0.0328  0.0328  0.0331  0.0328  0.0330  0.0326  0.0326
  0.0326  0.0326  0.0326  0.0326  0.0326  0.0326  0.0326  0.0327  0.0326  0.0326  0.0326  0.0326
  0.0325  0.0325  0.0325  0.0325  0.0325  0.0325  0.0325  0.0325  0.0325  0.0325  0.0325  0.0325
  0.0326  0.0326  0.0325  0.0325  0.0326  0.0326  0.0326  0.0327  0.0326  0.0326  0.0325  0.0325
  0.0329  0.0328  0.0327  0.0326  0.0327  0.0329  0.0328  0.0331  0.0328  0.0329  0.0326  0.0326
  0.0333  0.0332  0.0329  0.0329  0.0330  0.0333  0.0331  0.0337  0.0331  0.0335  0.0327  0.0327
niter,ni,del,rscale     2    3    5.0000    0.5000
parameters
   -1.3131  -10.5622   21.7372   -7.9551  -23.5824   -2.0041
    1.5690   -0.2864   -0.0613   15.7338   -0.7105  -21.3880
eta,q 0.96748  8.31769
  0.0331  0.0330  0.0327  0.0328  0.0329  0.0330  0.0329  0.0334  0.0329  0.0332  0.0327  0.0327
  0.0328  0.0327  0.0326  0.0326  0.0327  0.0327  0.0327  0.0329  0.0327  0.0328  0.0326  0.0326
  0.0326  0.0326  0.0326  0.0326  0.0326  0.0326  0.0326  0.0326  0.0326  0.0326  0.0325  0.0325
  0.0325  0.0325  0.0325  0.0325  0.0325  0.0325  0.0325  0.0325  0.0325  0.0325  0.0325  0.0325
  0.0326  0.0326  0.0325  0.0325  0.0326  0.0326  0.0326  0.0326  0.0326  0.0326  0.0325  0.0325
  0.0328  0.0327  0.0326  0.0326  0.0327  0.0328  0.0327  0.0329  0.0327  0.0328  0.0326  0.0326
  0.0331  0.0330  0.0327  0.0328  0.0329  0.0330  0.0329  0.0334  0.0329  0.0332  0.0327  0.0327
niter,ni,del,rscale     1    3    5.0000    0.4000
parameters
   -1.3107  -10.5707   21.7478   -7.8696  -23.5177   -2.0400
    1.5760   -0.3006   -0.0523   15.7269   -0.6886  -21.3538
eta,q 0.96749  8.32354
  0.0329  0.0328  0.0327  0.0327  0.0328  0.0328  0.0328  0.0331  0.0328  0.0329  0.0326  0.0326
  0.0327  0.0326  0.0326  0.0326  0.0326  0.0327  0.0326  0.0328  0.0326  0.0327  0.0326  0.0326
  0.0326  0.0325  0.0325  0.0325  0.0325  0.0325  0.0325  0.0326  0.0325  0.0326  0.0325  0.0325
  0.0325  0.0325  0.0325  0.0325  0.0325  0.0325  0.0325  0.0325  0.0325  0.0325  0.0325  0.0325
  0.0326  0.0326  0.0325  0.0325  0.0325  0.0326  0.0325  0.0326  0.0325  0.0326  0.0325  0.0325
  0.0327  0.0327  0.0326  0.0326  0.0326  0.0327  0.0326  0.0328  0.0326  0.0327  0.0326  0.0326
  0.0329  0.0328  0.0327  0.0327  0.0327  0.0329  0.0328  0.0331  0.0328  0.0329  0.0326  0.0326
registration optimization eta report
parameter search radius
    0.8000    0.8000    0.8000    2.4000    2.4000    2.4000
    2.4000    2.4000    2.4000    2.4000    2.4000    2.4000
100000*second partial in parameter space
       57.       47.       23.        3.        4.        6.
        5.       10.        4.        7.        2.        2.
  0.0329  0.0328  0.0327  0.0327  0.0328  0.0328  0.0328  0.0331  0.0328  0.0329  0.0326  0.0326
  0.0327  0.0326  0.0326  0.0326  0.0326  0.0327  0.0326  0.0328  0.0326  0.0327  0.0326  0.0326
  0.0326  0.0325  0.0325  0.0325  0.0325  0.0325  0.0325  0.0326  0.0325  0.0326  0.0325  0.0325
  0.0325  0.0325  0.0325  0.0325  0.0325  0.0325  0.0325  0.0325  0.0325  0.0325  0.0325  0.0325
  0.0326  0.0326  0.0325  0.0325  0.0325  0.0326  0.0325  0.0326  0.0325  0.0326  0.0325  0.0325
  0.0327  0.0327  0.0326  0.0326  0.0326  0.0327  0.0326  0.0328  0.0326  0.0327  0.0326  0.0326
  0.0329  0.0328  0.0327  0.0327  0.0327  0.0329  0.0328  0.0331  0.0328  0.0329  0.0326  0.0326
   -1.3107  -10.5707   21.7478   -7.8696  -23.5177   -2.0400
    1.5760   -0.3006   -0.0523   15.7269   -0.6886  -21.3538
eta,q 0.96749  8.32354

---------------------------------------------------------------------
compute_vox2vox talsrcimg talsrcimg_to_711-2C_as_mni_average_305_t4 /opt/freesurfer/average/711-2C_as_mni_average_305
---------------------------------------------------------------------

freesurfer compute_vox2vox.c
Reading: talsrcimg.4dfp.ifh
Reading: talsrcimg_to_711-2C_as_mni_average_305_t4
Reading: /opt/freesurfer/average/711-2C_as_mni_average_305.4dfp.ifh
Writing: talsrcimg_to_711-2C_as_mni_average_305_t4_vox2vox.txt

start time Fri Mar 6 06:59:56 CET 2026
end		time Fri Mar 6 07:01:22 CET 2026

mpr2mni305 success

avi2talxfm orig_nu.mgz /opt/freesurfer/average/mni305.cor.mgz talsrcimg_to_711-2C_as_mni_average_305_t4_vox2vox.txt transforms/talairach.auto.xfm
avi2talxfm done
mv -f /out/sourcedata/freesurfer/sub-v1s10x0051015_ses-1/mri/talsrcimg_to_711-2C_as_mni_average_305_t4_vox2vox.txt /out/sourcedata/freesurfer/sub-v1s10x0051015_ses-1/mri/transforms/talsrcimg_to_711-2C_as_mni_average_305_t4_vox2vox.txt
lta_convert --src orig_nu.mgz --trg /opt/freesurfer/average/mni305.cor.mgz --inxfm transforms/talairach.auto.xfm --outlta transforms/talairach.auto.xfm.lta --subject fsaverage
7.3.2

--src: orig_nu.mgz src image (geometry).
--trg: /opt/freesurfer/average/mni305.cor.mgz trg image (geometry).
--inmni: transforms/talairach.auto.xfm input MNI/XFM transform.
--outlta: transforms/talairach.auto.xfm.lta output LTA.
--s: fsaverage subject name
 LTA read, type : 1
 1.08546   0.00662  -0.02052   4.78644;
 0.00746   0.97708   0.27264  -15.85787;
-0.00079  -0.20091   1.25142   33.53046;
 0.00000   0.00000   0.00000   1.00000;
setting subject to fsaverage
Writing  LTA to file transforms/talairach.auto.xfm.lta...
lta_convert successful.
 
 
Started at Fri Mar 6 06:59:55 CET 2026
Ended   at Fri Mar  6 07:01:22 CET 2026
talairach_avi done
