status file for recon-all
Fri Mar  6 10:21:41 CET 2026
#@# Tessellate rh Fri Mar  6 10:21:41 CET 2026
#@# Smooth1 rh Fri Mar  6 10:21:43 CET 2026
#@# Inflation1 rh Fri Mar  6 10:21:45 CET 2026
#@# QSphere rh Fri Mar  6 10:21:59 CET 2026
#@# Fix Topology rh Fri Mar  6 10:22:56 CET 2026
#@# Smooth2 rh Fri Mar  6 10:28:37 CET 2026
#@# Inflation2 rh Fri Mar  6 10:28:40 CET 2026
#@# Curv .H and .K rh Fri Mar  6 10:28:54 CET 2026
#@# Sphere rh Fri Mar  6 10:29:34 CET 2026
#@# Surf Reg rh Fri Mar  6 10:32:46 CET 2026
#@# Jacobian white rh Fri Mar  6 10:36:52 CET 2026
#@# AvgCurv rh Fri Mar  6 10:36:53 CET 2026
#@# Cortical Parc rh Fri Mar  6 10:36:54 CET 2026
#@# white curv rh Fri Mar  6 10:42:51 CET 2026
#@# white area rh Fri Mar  6 10:42:52 CET 2026
#@# pial curv rh Fri Mar  6 10:42:53 CET 2026
#@# pial area rh Fri Mar  6 10:42:54 CET 2026
#@# thickness rh Fri Mar  6 10:42:55 CET 2026
#@# area and vertex vol rh Fri Mar  6 10:43:18 CET 2026
#@# Curvature Stats rh Fri Mar  6 10:43:19 CET 2026
#@# Cortical Parc 2 rh Fri Mar  6 10:43:21 CET 2026
#@# Cortical Parc 3 rh Fri Mar  6 10:43:31 CET 2026
#@# WM/GM Contrast rh Fri Mar  6 10:43:39 CET 2026
recon-all -s sub-v1s10x0051027_ses-1 finished without error at Fri Mar  6 10:43:42 CET 2026



#New# invocation of recon-all 



status file for recon-all
Fri Mar  6 10:50:55 CET 2026
#@# white curv rh Fri Mar  6 10:50:55 CET 2026
#@# white area rh Fri Mar  6 10:50:55 CET 2026
#@# pial curv rh Fri Mar  6 10:50:55 CET 2026
#@# pial area rh Fri Mar  6 10:50:55 CET 2026
#@# thickness rh Fri Mar  6 10:50:55 CET 2026
#@# area and vertex vol rh Fri Mar  6 10:50:55 CET 2026
#@# Parcellation Stats rh Fri Mar  6 10:50:55 CET 2026
#@# Parcellation Stats 2 rh Fri Mar  6 10:51:12 CET 2026
#@# Parcellation Stats 3 rh Fri Mar  6 10:51:21 CET 2026
#@# BA_exvivo Labels rh Fri Mar  6 10:51:29 CET 2026
recon-all -s sub-v1s10x0051027_ses-1 finished without error at Fri Mar  6 10:53:38 CET 2026
