status file for recon-all
Fri Mar  6 20:18:17 CET 2026
#@# Tessellate lh Fri Mar  6 20:18:17 CET 2026
#@# Smooth1 lh Fri Mar  6 20:18:21 CET 2026
#@# Inflation1 lh Fri Mar  6 20:18:23 CET 2026
#@# QSphere lh Fri Mar  6 20:18:35 CET 2026
#@# Fix Topology lh Fri Mar  6 20:19:30 CET 2026
#@# Smooth2 lh Fri Mar  6 20:24:30 CET 2026
#@# Inflation2 lh Fri Mar  6 20:24:32 CET 2026
#@# Curv .H and .K lh Fri Mar  6 20:24:44 CET 2026
#@# Sphere lh Fri Mar  6 20:25:25 CET 2026
#@# Surf Reg lh Fri Mar  6 20:28:39 CET 2026
#@# Jacobian white lh Fri Mar  6 20:31:41 CET 2026
#@# AvgCurv lh Fri Mar  6 20:31:42 CET 2026
#@# Cortical Parc lh Fri Mar  6 20:31:43 CET 2026
#@# white curv lh Fri Mar  6 20:37:15 CET 2026
#@# white area lh Fri Mar  6 20:37:17 CET 2026
#@# pial curv lh Fri Mar  6 20:37:17 CET 2026
#@# pial area lh Fri Mar  6 20:37:19 CET 2026
#@# thickness lh Fri Mar  6 20:37:20 CET 2026
#@# area and vertex vol lh Fri Mar  6 20:37:45 CET 2026
#@# Curvature Stats lh Fri Mar  6 20:37:46 CET 2026
#@# Cortical Parc 2 lh Fri Mar  6 20:37:48 CET 2026
#@# Cortical Parc 3 lh Fri Mar  6 20:38:01 CET 2026
#@# WM/GM Contrast lh Fri Mar  6 20:38:10 CET 2026
recon-all -s sub-v1s11x0050166_ses-1 finished without error at Fri Mar  6 20:38:12 CET 2026



#New# invocation of recon-all 



status file for recon-all
Fri Mar  6 21:02:23 CET 2026
#@# white curv lh Fri Mar  6 21:02:23 CET 2026
#@# white area lh Fri Mar  6 21:02:23 CET 2026
#@# pial curv lh Fri Mar  6 21:02:23 CET 2026
#@# pial area lh Fri Mar  6 21:02:23 CET 2026
#@# thickness lh Fri Mar  6 21:02:24 CET 2026
#@# area and vertex vol lh Fri Mar  6 21:02:24 CET 2026
#@# Parcellation Stats lh Fri Mar  6 21:02:24 CET 2026
#@# Parcellation Stats 2 lh Fri Mar  6 21:02:39 CET 2026
#@# Parcellation Stats 3 lh Fri Mar  6 21:02:47 CET 2026
#@# BA_exvivo Labels lh Fri Mar  6 21:02:55 CET 2026
recon-all -s sub-v1s11x0050166_ses-1 finished without error at Fri Mar  6 21:05:16 CET 2026
