status file for recon-all
Sat Mar  7 11:03:31 CET 2026
#@# Tessellate rh Sat Mar  7 11:03:31 CET 2026
#@# Smooth1 rh Sat Mar  7 11:03:35 CET 2026
#@# Inflation1 rh Sat Mar  7 11:03:37 CET 2026
#@# QSphere rh Sat Mar  7 11:03:50 CET 2026
#@# Fix Topology rh Sat Mar  7 11:04:49 CET 2026
#@# Smooth2 rh Sat Mar  7 11:11:44 CET 2026
#@# Inflation2 rh Sat Mar  7 11:11:47 CET 2026
#@# Curv .H and .K rh Sat Mar  7 11:12:01 CET 2026
#@# Sphere rh Sat Mar  7 11:12:45 CET 2026
#@# Surf Reg rh Sat Mar  7 11:16:26 CET 2026
#@# Jacobian white rh Sat Mar  7 11:20:16 CET 2026
#@# AvgCurv rh Sat Mar  7 11:20:17 CET 2026
#@# Cortical Parc rh Sat Mar  7 11:20:18 CET 2026
#@# white curv rh Sat Mar  7 11:26:48 CET 2026
#@# white area rh Sat Mar  7 11:26:50 CET 2026
#@# pial curv rh Sat Mar  7 11:26:51 CET 2026
#@# pial area rh Sat Mar  7 11:26:52 CET 2026
#@# thickness rh Sat Mar  7 11:26:53 CET 2026
#@# area and vertex vol rh Sat Mar  7 11:27:22 CET 2026
#@# Curvature Stats rh Sat Mar  7 11:27:24 CET 2026
#@# Cortical Parc 2 rh Sat Mar  7 11:27:26 CET 2026
#@# Cortical Parc 3 rh Sat Mar  7 11:27:39 CET 2026
#@# WM/GM Contrast rh Sat Mar  7 11:27:49 CET 2026
recon-all -s sub-v1s20x0050298_ses-1 finished without error at Sat Mar  7 11:27:53 CET 2026



#New# invocation of recon-all 



status file for recon-all
Sat Mar  7 11:35:34 CET 2026
#@# white curv rh Sat Mar  7 11:35:34 CET 2026
#@# white area rh Sat Mar  7 11:35:34 CET 2026
#@# pial curv rh Sat Mar  7 11:35:34 CET 2026
#@# pial area rh Sat Mar  7 11:35:34 CET 2026
#@# thickness rh Sat Mar  7 11:35:34 CET 2026
#@# area and vertex vol rh Sat Mar  7 11:35:34 CET 2026
#@# Parcellation Stats rh Sat Mar  7 11:35:34 CET 2026
#@# Parcellation Stats 2 rh Sat Mar  7 11:35:51 CET 2026
#@# Parcellation Stats 3 rh Sat Mar  7 11:36:00 CET 2026
#@# BA_exvivo Labels rh Sat Mar  7 11:36:08 CET 2026
recon-all -s sub-v1s20x0050298_ses-1 finished without error at Sat Mar  7 11:38:43 CET 2026
