status file for recon-all
Sat Mar  7 10:36:19 CET 2026
#@# Tessellate lh Sat Mar  7 10:36:19 CET 2026
#@# Smooth1 lh Sat Mar  7 10:36:23 CET 2026
#@# Inflation1 lh Sat Mar  7 10:36:26 CET 2026
#@# QSphere lh Sat Mar  7 10:36:40 CET 2026
#@# Fix Topology lh Sat Mar  7 10:37:43 CET 2026
#@# Smooth2 lh Sat Mar  7 10:43:53 CET 2026
#@# Inflation2 lh Sat Mar  7 10:43:56 CET 2026
#@# Curv .H and .K lh Sat Mar  7 10:44:10 CET 2026
#@# Sphere lh Sat Mar  7 10:44:54 CET 2026
#@# Surf Reg lh Sat Mar  7 10:50:33 CET 2026
#@# Jacobian white lh Sat Mar  7 10:56:08 CET 2026
#@# AvgCurv lh Sat Mar  7 10:56:09 CET 2026
#@# Cortical Parc lh Sat Mar  7 10:56:10 CET 2026
#@# white curv lh Sat Mar  7 11:02:26 CET 2026
#@# white area lh Sat Mar  7 11:02:28 CET 2026
#@# pial curv lh Sat Mar  7 11:02:28 CET 2026
#@# pial area lh Sat Mar  7 11:02:30 CET 2026
#@# thickness lh Sat Mar  7 11:02:30 CET 2026
#@# area and vertex vol lh Sat Mar  7 11:02:58 CET 2026
#@# Curvature Stats lh Sat Mar  7 11:02:59 CET 2026
#@# Cortical Parc 2 lh Sat Mar  7 11:03:01 CET 2026
#@# Cortical Parc 3 lh Sat Mar  7 11:03:14 CET 2026
#@# WM/GM Contrast lh Sat Mar  7 11:03:24 CET 2026
recon-all -s sub-v1s20x0050298_ses-1 finished without error at Sat Mar  7 11:03:27 CET 2026



#New# invocation of recon-all 



status file for recon-all
Sat Mar  7 11:32:25 CET 2026
#@# white curv lh Sat Mar  7 11:32:25 CET 2026
#@# white area lh Sat Mar  7 11:32:25 CET 2026
#@# pial curv lh Sat Mar  7 11:32:25 CET 2026
#@# pial area lh Sat Mar  7 11:32:26 CET 2026
#@# thickness lh Sat Mar  7 11:32:26 CET 2026
#@# area and vertex vol lh Sat Mar  7 11:32:26 CET 2026
#@# Parcellation Stats lh Sat Mar  7 11:32:26 CET 2026
#@# Parcellation Stats 2 lh Sat Mar  7 11:32:43 CET 2026
#@# Parcellation Stats 3 lh Sat Mar  7 11:32:51 CET 2026
#@# BA_exvivo Labels lh Sat Mar  7 11:32:59 CET 2026
recon-all -s sub-v1s20x0050298_ses-1 finished without error at Sat Mar  7 11:35:31 CET 2026
