status file for recon-all
Fri Mar  6 00:00:50 CET 2026
#@# MotionCor Fri Mar  6 00:00:52 CET 2026
#@# Talairach Fri Mar  6 00:01:00 CET 2026
#@# Talairach Failure Detection Fri Mar  6 00:05:23 CET 2026
#@# Nu Intensity Correction Fri Mar  6 00:05:23 CET 2026
#@# Intensity Normalization Fri Mar  6 00:08:37 CET 2026
recon-all -s sub-v1s10x0050974_ses-1 finished without error at Fri Mar  6 00:10:05 CET 2026



#New# invocation of recon-all 



status file for recon-all
Fri Mar  6 00:17:31 CET 2026
#@# EM Registration Fri Mar  6 00:17:31 CET 2026
recon-all -s sub-v1s10x0050974_ses-1 finished without error at Fri Mar  6 00:23:12 CET 2026



#New# invocation of recon-all 



status file for recon-all
Fri Mar  6 00:23:14 CET 2026
#@# CA Normalize Fri Mar  6 00:23:14 CET 2026
#@# CA Reg Fri Mar  6 00:24:36 CET 2026
#@# SubCort Seg Fri Mar  6 01:15:36 CET 2026
#@# CC Seg Fri Mar  6 01:42:12 CET 2026
#@# Merge ASeg Fri Mar  6 01:42:53 CET 2026
#@# Intensity Normalization2 Fri Mar  6 01:42:53 CET 2026
#@# Mask BFS Fri Mar  6 01:45:02 CET 2026
#@# WM Segmentation Fri Mar  6 01:45:03 CET 2026
#@# Fill Fri Mar  6 01:46:57 CET 2026
recon-all -s sub-v1s10x0050974_ses-1 finished without error at Fri Mar  6 01:47:57 CET 2026



#New# invocation of recon-all 



status file for recon-all
Fri Mar  6 03:10:08 CET 2026
#@# white curv lh Fri Mar  6 03:10:08 CET 2026
#@# white area lh Fri Mar  6 03:10:08 CET 2026
#@# pial curv lh Fri Mar  6 03:10:08 CET 2026
#@# pial area lh Fri Mar  6 03:10:08 CET 2026
#@# thickness lh Fri Mar  6 03:10:08 CET 2026
#@# area and vertex vol lh Fri Mar  6 03:10:08 CET 2026
#@# white curv rh Fri Mar  6 03:10:08 CET 2026
#@# white area rh Fri Mar  6 03:10:08 CET 2026
#@# pial curv rh Fri Mar  6 03:10:08 CET 2026
#@# pial area rh Fri Mar  6 03:10:08 CET 2026
#@# thickness rh Fri Mar  6 03:10:08 CET 2026
#@# area and vertex vol rh Fri Mar  6 03:10:09 CET 2026
#@# Cortical ribbon mask Fri Mar  6 03:10:09 CET 2026
recon-all -s sub-v1s10x0050974_ses-1 finished without error at Fri Mar  6 03:16:01 CET 2026



#New# invocation of recon-all 



status file for recon-all
Fri Mar  6 03:23:04 CET 2026
#@# white curv lh Fri Mar  6 03:23:04 CET 2026
#@# white area lh Fri Mar  6 03:23:04 CET 2026
#@# pial curv lh Fri Mar  6 03:23:04 CET 2026
#@# pial area lh Fri Mar  6 03:23:04 CET 2026
#@# thickness lh Fri Mar  6 03:23:04 CET 2026
#@# area and vertex vol lh Fri Mar  6 03:23:04 CET 2026
#@# white curv rh Fri Mar  6 03:23:04 CET 2026
#@# white area rh Fri Mar  6 03:23:04 CET 2026
#@# pial curv rh Fri Mar  6 03:23:04 CET 2026
#@# pial area rh Fri Mar  6 03:23:04 CET 2026
#@# thickness rh Fri Mar  6 03:23:04 CET 2026
#@# area and vertex vol rh Fri Mar  6 03:23:04 CET 2026
#@# Curvature Stats lh Fri Mar  6 03:23:04 CET 2026
#@# Curvature Stats rh Fri Mar  6 03:23:07 CET 2026
#@# Relabel Hypointensities Fri Mar  6 03:23:09 CET 2026
#@# APas-to-ASeg Fri Mar  6 03:23:24 CET 2026
#@# AParc-to-ASeg aparc Fri Mar  6 03:23:33 CET 2026
#@# AParc-to-ASeg aparc.a2009s Fri Mar  6 03:24:18 CET 2026
#@# AParc-to-ASeg aparc.DKTatlas Fri Mar  6 03:25:06 CET 2026
#@# WMParc Fri Mar  6 03:25:57 CET 2026
#@# ASeg Stats Fri Mar  6 03:29:52 CET 2026
recon-all -s sub-v1s10x0050974_ses-1 finished without error at Fri Mar  6 03:30:32 CET 2026
