status file for recon-all
Sat Mar  7 04:56:39 CET 2026
#@# MotionCor Sat Mar  7 04:56:41 CET 2026
#@# Talairach Sat Mar  7 04:56:48 CET 2026
#@# Talairach Failure Detection Sat Mar  7 05:01:12 CET 2026
#@# Nu Intensity Correction Sat Mar  7 05:01:12 CET 2026
#@# Intensity Normalization Sat Mar  7 05:04:27 CET 2026
recon-all -s sub-v1s19x0051302_ses-1 finished without error at Sat Mar  7 05:06:02 CET 2026



#New# invocation of recon-all 



status file for recon-all
Sat Mar  7 05:13:41 CET 2026
#@# EM Registration Sat Mar  7 05:13:41 CET 2026
recon-all -s sub-v1s19x0051302_ses-1 finished without error at Sat Mar  7 05:19:11 CET 2026



#New# invocation of recon-all 



status file for recon-all
Sat Mar  7 05:19:14 CET 2026
#@# CA Normalize Sat Mar  7 05:19:14 CET 2026
#@# CA Reg Sat Mar  7 05:20:32 CET 2026
#@# SubCort Seg Sat Mar  7 06:43:29 CET 2026
#@# CC Seg Sat Mar  7 07:12:42 CET 2026
#@# Merge ASeg Sat Mar  7 07:13:15 CET 2026
#@# Intensity Normalization2 Sat Mar  7 07:13:15 CET 2026
#@# Mask BFS Sat Mar  7 07:16:00 CET 2026
#@# WM Segmentation Sat Mar  7 07:16:01 CET 2026
#@# Fill Sat Mar  7 07:17:53 CET 2026
recon-all -s sub-v1s19x0051302_ses-1 finished without error at Sat Mar  7 07:18:56 CET 2026



#New# invocation of recon-all 



status file for recon-all
Sat Mar  7 08:56:48 CET 2026
#@# white curv lh Sat Mar  7 08:56:48 CET 2026
#@# white area lh Sat Mar  7 08:56:48 CET 2026
#@# pial curv lh Sat Mar  7 08:56:48 CET 2026
#@# pial area lh Sat Mar  7 08:56:48 CET 2026
#@# thickness lh Sat Mar  7 08:56:48 CET 2026
#@# area and vertex vol lh Sat Mar  7 08:56:48 CET 2026
#@# white curv rh Sat Mar  7 08:56:48 CET 2026
#@# white area rh Sat Mar  7 08:56:48 CET 2026
#@# pial curv rh Sat Mar  7 08:56:48 CET 2026
#@# pial area rh Sat Mar  7 08:56:48 CET 2026
#@# thickness rh Sat Mar  7 08:56:48 CET 2026
#@# area and vertex vol rh Sat Mar  7 08:56:48 CET 2026
#@# Cortical ribbon mask Sat Mar  7 08:56:48 CET 2026
recon-all -s sub-v1s19x0051302_ses-1 finished without error at Sat Mar  7 09:04:02 CET 2026



#New# invocation of recon-all 



status file for recon-all
Sat Mar  7 09:11:37 CET 2026
#@# white curv lh Sat Mar  7 09:11:37 CET 2026
#@# white area lh Sat Mar  7 09:11:37 CET 2026
#@# pial curv lh Sat Mar  7 09:11:37 CET 2026
#@# pial area lh Sat Mar  7 09:11:37 CET 2026
#@# thickness lh Sat Mar  7 09:11:37 CET 2026
#@# area and vertex vol lh Sat Mar  7 09:11:37 CET 2026
#@# white curv rh Sat Mar  7 09:11:37 CET 2026
#@# white area rh Sat Mar  7 09:11:37 CET 2026
#@# pial curv rh Sat Mar  7 09:11:37 CET 2026
#@# pial area rh Sat Mar  7 09:11:37 CET 2026
#@# thickness rh Sat Mar  7 09:11:38 CET 2026
#@# area and vertex vol rh Sat Mar  7 09:11:38 CET 2026
#@# Curvature Stats lh Sat Mar  7 09:11:38 CET 2026
#@# Curvature Stats rh Sat Mar  7 09:11:41 CET 2026
#@# Relabel Hypointensities Sat Mar  7 09:11:43 CET 2026
#@# APas-to-ASeg Sat Mar  7 09:12:00 CET 2026
#@# AParc-to-ASeg aparc Sat Mar  7 09:12:10 CET 2026
#@# AParc-to-ASeg aparc.a2009s Sat Mar  7 09:12:55 CET 2026
#@# AParc-to-ASeg aparc.DKTatlas Sat Mar  7 09:13:43 CET 2026
#@# WMParc Sat Mar  7 09:14:34 CET 2026
#@# ASeg Stats Sat Mar  7 09:18:22 CET 2026
recon-all -s sub-v1s19x0051302_ses-1 finished without error at Sat Mar  7 09:19:04 CET 2026
