status file for recon-all
Sat Mar  7 09:59:40 CET 2026
#@# Tessellate lh Sat Mar  7 09:59:40 CET 2026
#@# Smooth1 lh Sat Mar  7 09:59:43 CET 2026
#@# Inflation1 lh Sat Mar  7 09:59:46 CET 2026
#@# QSphere lh Sat Mar  7 09:59:58 CET 2026
#@# Fix Topology lh Sat Mar  7 10:00:55 CET 2026
#@# Smooth2 lh Sat Mar  7 10:08:09 CET 2026
#@# Inflation2 lh Sat Mar  7 10:08:12 CET 2026
#@# Curv .H and .K lh Sat Mar  7 10:08:26 CET 2026
#@# Sphere lh Sat Mar  7 10:09:11 CET 2026
#@# Surf Reg lh Sat Mar  7 10:15:33 CET 2026
#@# Jacobian white lh Sat Mar  7 10:21:36 CET 2026
#@# AvgCurv lh Sat Mar  7 10:21:37 CET 2026
#@# Cortical Parc lh Sat Mar  7 10:21:38 CET 2026
#@# white curv lh Sat Mar  7 10:29:56 CET 2026
#@# white area lh Sat Mar  7 10:29:57 CET 2026
#@# pial curv lh Sat Mar  7 10:29:58 CET 2026
#@# pial area lh Sat Mar  7 10:30:00 CET 2026
#@# thickness lh Sat Mar  7 10:30:01 CET 2026
#@# area and vertex vol lh Sat Mar  7 10:30:28 CET 2026
#@# Curvature Stats lh Sat Mar  7 10:30:30 CET 2026
#@# Cortical Parc 2 lh Sat Mar  7 10:30:32 CET 2026
#@# Cortical Parc 3 lh Sat Mar  7 10:30:45 CET 2026
#@# WM/GM Contrast lh Sat Mar  7 10:30:56 CET 2026
recon-all -s sub-v1s20x0050292_ses-1 finished without error at Sat Mar  7 10:30:59 CET 2026



#New# invocation of recon-all 



status file for recon-all
Sat Mar  7 10:58:14 CET 2026
#@# white curv lh Sat Mar  7 10:58:14 CET 2026
#@# white area lh Sat Mar  7 10:58:14 CET 2026
#@# pial curv lh Sat Mar  7 10:58:14 CET 2026
#@# pial area lh Sat Mar  7 10:58:14 CET 2026
#@# thickness lh Sat Mar  7 10:58:14 CET 2026
#@# area and vertex vol lh Sat Mar  7 10:58:14 CET 2026
#@# Parcellation Stats lh Sat Mar  7 10:58:14 CET 2026
#@# Parcellation Stats 2 lh Sat Mar  7 10:58:33 CET 2026
#@# Parcellation Stats 3 lh Sat Mar  7 10:58:42 CET 2026
#@# BA_exvivo Labels lh Sat Mar  7 10:58:51 CET 2026
recon-all -s sub-v1s20x0050292_ses-1 finished without error at Sat Mar  7 11:01:31 CET 2026
