status file for recon-all
Fri Mar  6 23:21:25 CET 2026
#@# Tessellate lh Fri Mar  6 23:21:25 CET 2026
#@# Smooth1 lh Fri Mar  6 23:21:29 CET 2026
#@# Inflation1 lh Fri Mar  6 23:21:32 CET 2026
#@# QSphere lh Fri Mar  6 23:21:46 CET 2026
#@# Fix Topology lh Fri Mar  6 23:23:12 CET 2026
#@# Smooth2 lh Fri Mar  6 23:33:06 CET 2026
#@# Inflation2 lh Fri Mar  6 23:33:09 CET 2026
#@# Curv .H and .K lh Fri Mar  6 23:33:25 CET 2026
#@# Sphere lh Fri Mar  6 23:34:13 CET 2026
#@# Surf Reg lh Fri Mar  6 23:40:14 CET 2026
#@# Jacobian white lh Fri Mar  6 23:45:44 CET 2026
#@# AvgCurv lh Fri Mar  6 23:45:45 CET 2026
#@# Cortical Parc lh Fri Mar  6 23:45:46 CET 2026
#@# white curv lh Fri Mar  6 23:52:28 CET 2026
#@# white area lh Fri Mar  6 23:52:30 CET 2026
#@# pial curv lh Fri Mar  6 23:52:31 CET 2026
#@# pial area lh Fri Mar  6 23:52:33 CET 2026
#@# thickness lh Fri Mar  6 23:52:34 CET 2026
#@# area and vertex vol lh Fri Mar  6 23:53:03 CET 2026
#@# Curvature Stats lh Fri Mar  6 23:53:05 CET 2026
#@# Cortical Parc 2 lh Fri Mar  6 23:53:08 CET 2026
#@# Cortical Parc 3 lh Fri Mar  6 23:53:21 CET 2026
#@# WM/GM Contrast lh Fri Mar  6 23:53:32 CET 2026
recon-all -s sub-v1s12x0050135_ses-1 finished without error at Fri Mar  6 23:53:35 CET 2026



#New# invocation of recon-all 



status file for recon-all
Sat Mar  7 00:25:59 CET 2026
#@# white curv lh Sat Mar  7 00:25:59 CET 2026
#@# white area lh Sat Mar  7 00:25:59 CET 2026
#@# pial curv lh Sat Mar  7 00:25:59 CET 2026
#@# pial area lh Sat Mar  7 00:25:59 CET 2026
#@# thickness lh Sat Mar  7 00:25:59 CET 2026
#@# area and vertex vol lh Sat Mar  7 00:25:59 CET 2026
#@# Parcellation Stats lh Sat Mar  7 00:25:59 CET 2026
#@# Parcellation Stats 2 lh Sat Mar  7 00:26:20 CET 2026
#@# Parcellation Stats 3 lh Sat Mar  7 00:26:29 CET 2026
#@# BA_exvivo Labels lh Sat Mar  7 00:26:39 CET 2026
recon-all -s sub-v1s12x0050135_ses-1 finished without error at Sat Mar  7 00:29:31 CET 2026
