status file for recon-all
Fri Mar  6 09:25:27 CET 2026
#@# Tessellate rh Fri Mar  6 09:25:27 CET 2026
#@# Smooth1 rh Fri Mar  6 09:25:30 CET 2026
#@# Inflation1 rh Fri Mar  6 09:25:33 CET 2026
#@# QSphere rh Fri Mar  6 09:25:49 CET 2026
#@# Fix Topology rh Fri Mar  6 09:27:27 CET 2026
#@# Smooth2 rh Fri Mar  6 09:35:10 CET 2026
#@# Inflation2 rh Fri Mar  6 09:35:13 CET 2026
#@# Curv .H and .K rh Fri Mar  6 09:35:36 CET 2026
#@# Sphere rh Fri Mar  6 09:36:27 CET 2026
#@# Surf Reg rh Fri Mar  6 09:43:51 CET 2026
#@# Jacobian white rh Fri Mar  6 09:51:16 CET 2026
#@# AvgCurv rh Fri Mar  6 09:51:17 CET 2026
#@# Cortical Parc rh Fri Mar  6 09:51:18 CET 2026
#@# white curv rh Fri Mar  6 09:58:30 CET 2026
#@# white area rh Fri Mar  6 09:58:32 CET 2026
#@# pial curv rh Fri Mar  6 09:58:33 CET 2026
#@# pial area rh Fri Mar  6 09:58:35 CET 2026
#@# thickness rh Fri Mar  6 09:58:36 CET 2026
#@# area and vertex vol rh Fri Mar  6 09:59:07 CET 2026
#@# Curvature Stats rh Fri Mar  6 09:59:09 CET 2026
#@# Cortical Parc 2 rh Fri Mar  6 09:59:11 CET 2026
#@# Cortical Parc 3 rh Fri Mar  6 09:59:26 CET 2026
#@# WM/GM Contrast rh Fri Mar  6 09:59:37 CET 2026
recon-all -s sub-v1s10x0051016_ses-1 finished without error at Fri Mar  6 09:59:41 CET 2026



#New# invocation of recon-all 



status file for recon-all
Fri Mar  6 10:07:53 CET 2026
#@# white curv rh Fri Mar  6 10:07:53 CET 2026
#@# white area rh Fri Mar  6 10:07:53 CET 2026
#@# pial curv rh Fri Mar  6 10:07:53 CET 2026
#@# pial area rh Fri Mar  6 10:07:53 CET 2026
#@# thickness rh Fri Mar  6 10:07:53 CET 2026
#@# area and vertex vol rh Fri Mar  6 10:07:53 CET 2026
#@# Parcellation Stats rh Fri Mar  6 10:07:53 CET 2026
#@# Parcellation Stats 2 rh Fri Mar  6 10:08:18 CET 2026
#@# Parcellation Stats 3 rh Fri Mar  6 10:08:28 CET 2026
#@# BA_exvivo Labels rh Fri Mar  6 10:08:39 CET 2026
recon-all -s sub-v1s10x0051016_ses-1 finished without error at Fri Mar  6 10:11:37 CET 2026
