/out/sourcedata/freesurfer/sub-v1s10x0050968_ses-1/mri
/opt/freesurfer/bin/talairach_avi
--i orig_nu.mgz --xfm transforms/talairach.auto.xfm
talairach_avi 7.3.2
Linux calypso1 6.8.0-79-generic #79-Ubuntu SMP PREEMPT_DYNAMIC Tue Aug 12 14:42:46 UTC 2025 x86_64 x86_64 x86_64 GNU/Linux
Mon Mar  2 12:37:14 CET 2026
mri_convert orig_nu.mgz talsrcimg.img 
reading from orig_nu.mgz...
TR=0.00, TE=0.00, TI=0.00, flip angle=0.00
i_ras = (-1, 0, 0)
j_ras = (0, 0, -1)
k_ras = (0, 1, 0)
writing to talsrcimg.img...
Analyze Output Matrix
-1.00000   0.00000   0.00000   132.55667;
 0.00000   0.00000   1.00000  -130.16867;
 0.00000  -1.00000   0.00000   128.55421;
 0.00000   0.00000   0.00000   1.00000;
--------------------
INFO: set hdr.hist.orient to -1
mpr2mni305 talsrcimg
Mon Mar  2 12:37:15 CET 2026
/opt/freesurfer/bin/mpr2mni305 talsrcimg
mpr2mni305 7.3.2
target=711-2C_as_mni_average_305

---------------------------------------------------------------------
analyzeto4dfp talsrcimg -O0 -y
---------------------------------------------------------------------

freesurfer ifh2hdr.c
Mon Mar  2 12:37:15 2026
Writing: talsrcimg.4dfp.hdr
freesurfer analyzeto4dfp.c
Reading: talsrcimg.hdr
header size 348 bytes
hdr.dime.datatype	offset=70	value=2
hdr.dime.bitpix		offset=72	value=8
hdr.hist.orient		offset=252	value=-1
dimensionality     4
dimensions       256       256       256         1
Reading: talsrcimg.img
Writing: talsrcimg.4dfp.img
Writing: talsrcimg.4dfp.ifh
ifh2hdr talsrcimg -r0to195
ori=2

---------------------------------------------------------------------
gauss_4dfp talsrcimg 1.1
---------------------------------------------------------------------

freesurfer gauss_4dfp.c
Reading: talsrcimg.4dfp.img
Writing: talsrcimg_g11.4dfp.img
image dimensions 256 256 256 padded to 288 288 288
processing volume 1freesurfer ifh2hdr.c
Mon Mar  2 12:37:20 2026
Writing: talsrcimg_g11.4dfp.hdr

Writing: talsrcimg_g11.4dfp.ifh
including: talsrcimg.4dfp.img.rec in talsrcimg_g11.4dfp.img.rec

---------------------------------------------------------------------
imgreg_4dfp /opt/freesurfer/average/711-2C_as_mni_average_305 none talsrcimg_g11 none talsrcimg_to_711-2C_as_mni_average_305_t4 4355
---------------------------------------------------------------------

freesurfer imgreg_4dfp.c
/opt/freesurfer/average/711-2C_as_mni_average_305.4dfp.img
       256       256       256         1
  1.000000  1.000000  1.000000
orientation T byte_order littleendian
Reading image: /opt/freesurfer/average/711-2C_as_mni_average_305.4dfp.img
dimensions:      256       256       256
mmppix:       1.0000   -1.0000   -1.0000
center:     128.0000 -129.0000 -129.0000
talsrcimg_g11.4dfp.img
       256       256       256         1
  1.000000  1.000000  1.000000
orientation T byte_order littleendian
Reading image: talsrcimg_g11.4dfp.img
dimensions:      256       256       256
mmppix:       1.0000   -1.0000   -1.0000
center:     128.0000 -129.0000 -129.0000
t4_read: open error in t4_sub.f l:  41 t4_file(1:l)talsrcimg_to_711-2C_as_mni_average_305_t4 
t4_read: transform initialized to I4
rotation matrix determinant  1.000000
image alignment mode   4355 decimal     1103 hex
   -7.5000  -45.0000  -45.0000 8485.7129   21.0771
    0.0000  -45.0000  -45.0000 8899.0967   21.0776
    7.5000  -45.0000  -45.0000 8515.7529   21.1418
   -7.5000  -37.5000  -45.0000 9006.3604   21.0223
    0.0000  -37.5000  -45.0000 9453.0977   21.0143
    7.5000  -37.5000  -45.0000 9043.4600   21.0759
   -7.5000  -30.0000  -45.0000 9761.7607   21.0065
    0.0000  -30.0000  -45.000010270.4746   20.9995
    7.5000  -30.0000  -45.0000 9802.5400   21.0648
   -7.5000  -22.5000  -45.000010463.1689   21.0060
    0.0000  -22.5000  -45.000011024.8076   21.0097
    7.5000  -22.5000  -45.000010502.0791   21.0813
   -7.5000  -15.0000  -45.000011094.6035   21.0202
    0.0000  -15.0000  -45.000011683.0205   21.0318
    7.5000  -15.0000  -45.000011118.3623   21.1050
   -7.5000   -7.5000  -45.000011697.4785   21.0347
    0.0000   -7.5000  -45.000012280.3916   21.0440
    7.5000   -7.5000  -45.000011692.8623   21.1131
   -7.5000    0.0000  -45.000012180.3926   21.0345
    0.0000    0.0000  -45.000012761.9619   21.0349
    7.5000    0.0000  -45.000012173.0059   21.0984
   -7.5000    7.5000  -45.000011754.4170   21.0204
    0.0000    7.5000  -45.000012313.9561   21.0123
    7.5000    7.5000  -45.000011726.0371   21.0739
   -7.5000   15.0000  -45.000011223.8613   21.0065
    0.0000   15.0000  -45.000011770.3242   20.9995
    7.5000   15.0000  -45.000011197.1494   21.0648
   -7.5000   22.5000  -45.000010539.1309   21.0031
    0.0000   22.5000  -45.000011036.0537   21.0068
    7.5000   22.5000  -45.000010476.5498   21.0784
   -7.5000   30.0000  -45.0000 9703.3467   20.7401
    0.0000   30.0000  -45.000010165.8594   20.7515
    7.5000   30.0000  -45.0000 9654.6279   20.8237
   -7.5000   37.5000  -45.0000 9231.4600   20.7544
    0.0000   37.5000  -45.0000 9670.9082   20.7636
    7.5000   37.5000  -45.0000 9169.0039   20.8317
   -7.5000   45.0000  -45.0000 8441.0537   20.2297
    0.0000   45.0000  -45.0000 8822.2295   20.2300
    7.5000   45.0000  -45.0000 8352.8232   20.2911
   -7.5000  -45.0000  -37.5000 9007.4316   21.0820
    0.0000  -45.0000  -37.5000 9470.5352   21.0969
    7.5000  -45.0000  -37.5000 9054.1260   21.1579
   -7.5000  -37.5000  -37.5000 9545.4189   21.0263
    0.0000  -37.5000  -37.500010048.9092   21.0274
    7.5000  -37.5000  -37.5000 9598.1182   21.0848
   -7.5000  -30.0000  -37.500010353.3828   21.0043
    0.0000  -30.0000  -37.500010913.4668   21.0015
    7.5000  -30.0000  -37.500010385.2236   21.0604
   -7.5000  -22.5000  -37.500011087.2285   20.9965
    0.0000  -22.5000  -37.500011691.9824   21.0052
    7.5000  -22.5000  -37.500011100.6484   21.0699
   -7.5000  -15.0000  -37.500011739.0400   21.0098
    0.0000  -15.0000  -37.500012374.5186   21.0310
    7.5000  -15.0000  -37.500011744.5586   21.0986
   -7.5000   -7.5000  -37.500012371.3633   21.0320
    0.0000   -7.5000  -37.500013000.0557   21.0554
    7.5000   -7.5000  -37.500012365.6025   21.1204
   -7.5000    0.0000  -37.500012847.0322   21.0389
    0.0000    0.0000  -37.500013475.2080   21.0535
    7.5000    0.0000  -37.500012856.1934   21.1139
   -7.5000    7.5000  -37.500012380.0420   21.0244
    0.0000    7.5000  -37.500012987.6631   21.0255
    7.5000    7.5000  -37.500012368.6543   21.0827
   -7.5000   15.0000  -37.500011808.3701   21.0043
    0.0000   15.0000  -37.500012405.3203   21.0015
    7.5000   15.0000  -37.500011788.5225   21.0604
   -7.5000   22.5000  -37.500011050.1309   20.9936
    0.0000   22.5000  -37.500011610.1240   21.0023
    7.5000   22.5000  -37.500011003.6445   21.0670
   -7.5000   30.0000  -37.500010157.2812   20.7298
    0.0000   30.0000  -37.500010664.7314   20.7508
    7.5000   30.0000  -37.500010098.4209   20.8175
   -7.5000   37.5000  -37.5000 9635.6777   20.7518
    0.0000   37.5000  -37.500010107.9863   20.7748
    7.5000   37.5000  -37.5000 9588.4248   20.8389
   -7.5000   45.0000  -37.5000 8808.5518   20.2338
    0.0000   45.0000  -37.5000 9225.6846   20.2479
    7.5000   45.0000  -37.5000 8739.9111   20.3060
   -7.5000  -45.0000  -30.0000 9693.0459   21.9918
    0.0000  -45.0000  -30.000010209.9053   22.0097
    7.5000  -45.0000  -30.0000 9746.8770   22.0722
   -7.5000  -37.5000  -30.000010264.5654   21.9387
    0.0000  -37.5000  -30.000010825.2461   21.9435
    7.5000  -37.5000  -30.000010312.8223   22.0021
   -7.5000  -30.0000  -30.000011122.0410   21.9179
    0.0000  -30.0000  -30.000011731.8232   21.9142
    7.5000  -30.0000  -30.000011151.5908   21.9708
   -7.5000  -22.5000  -30.000011906.6582   21.9051
    0.0000  -22.5000  -30.000012542.5176   21.9079
    7.5000  -22.5000  -30.000011911.3916   21.9674
   -7.5000  -15.0000  -30.000012590.7461   21.9137
    0.0000  -15.0000  -30.000013264.2197   21.9284
    7.5000  -15.0000  -30.000012598.5068   21.9914
   -7.5000   -7.5000  -30.000013246.3242   21.9367
    0.0000   -7.5000  -30.000013955.5195   21.9577
    7.5000   -7.5000  -30.000013251.2109   22.0211
   -7.5000    0.0000  -30.000013742.2637   21.9469
    0.0000    0.0000  -30.000014458.3252   21.9644
    7.5000    0.0000  -30.000013748.8311   22.0262
   -7.5000    7.5000  -30.000013209.5332   21.9367
    0.0000    7.5000  -30.000013886.9834   21.9415
    7.5000    7.5000  -30.000013198.3281   22.0000
   -7.5000   15.0000  -30.000012571.8848   21.9179
    0.0000   15.0000  -30.000013228.7539   21.9142
    7.5000   15.0000  -30.000012551.3838   21.9708
   -7.5000   22.5000  -30.000011763.5303   21.8999
    0.0000   22.5000  -30.000012369.5146   21.9027
    7.5000   22.5000  -30.000011746.6240   21.9621
   -7.5000   30.0000  -30.000010803.8760   21.6237
    0.0000   30.0000  -30.000011347.1064   21.6382
    7.5000   30.0000  -30.000010761.4492   21.7004
   -7.5000   37.5000  -30.000010236.6699   21.6464
    0.0000   37.5000  -30.000010735.5508   21.6671
    7.5000   37.5000  -30.000010190.3896   21.7297
   -7.5000   45.0000  -30.0000 9331.5967   21.1221
    0.0000   45.0000  -30.0000 9772.7734   21.1391
    7.5000   45.0000  -30.0000 9249.6504   21.1985
   -7.5000  -45.0000  -22.500010395.2744   22.7354
    0.0000  -45.0000  -22.500010934.4609   22.7385
    7.5000  -45.0000  -22.500010427.6426   22.8037
   -7.5000  -37.5000  -22.500010984.9854   22.6877
    0.0000  -37.5000  -22.500011577.6709   22.6854
    7.5000  -37.5000  -22.500011008.2266   22.7482
   -7.5000  -30.0000  -22.500011881.6768   22.6762
    0.0000  -30.0000  -22.500012506.6846   22.6668
    7.5000  -30.0000  -22.500011891.0732   22.7270
   -7.5000  -22.5000  -22.500012688.9980   22.6666
    0.0000  -22.5000  -22.500013335.4980   22.6567
    7.5000  -22.5000  -22.500012666.5400   22.7177
   -7.5000  -15.0000  -22.500013422.3398   22.6700
    0.0000  -15.0000  -22.500014119.8633   22.6654
    7.5000  -15.0000  -22.500013383.1621   22.7283
   -7.5000   -7.5000  -22.500014124.3584   22.6837
    0.0000   -7.5000  -22.500014892.8701   22.6845
    7.5000   -7.5000  -22.500014093.7588   22.7485
   -7.5000    0.0000  -22.500014667.5820   22.6896
    0.0000    0.0000  -22.500015461.6895   22.6923
    7.5000    0.0000  -22.500014628.6611   22.7569
   -7.5000    7.5000  -22.500014060.4951   22.6856
    0.0000    7.5000  -22.500014815.6328   22.6832
    7.5000    7.5000  -22.500014023.4521   22.7460
   -7.5000   15.0000  -22.500013332.2373   22.6762
    0.0000   15.0000  -22.500014026.0664   22.6668
    7.5000   15.0000  -22.500013302.7139   22.7270
   -7.5000   22.5000  -22.500012450.4814   22.6597
    0.0000   22.5000  -22.500013094.6270   22.6497
    7.5000   22.5000  -22.500012415.1865   22.7107
   -7.5000   30.0000  -22.500011409.9619   22.3735
    0.0000   30.0000  -22.500011987.7031   22.3689
    7.5000   30.0000  -22.500011359.6357   22.4310
   -7.5000   37.5000  -22.500010862.0781   22.3870
    0.0000   37.5000  -22.500011378.1660   22.3878
    7.5000   37.5000  -22.500010775.5049   22.4509
   -7.5000   45.0000  -22.5000 9868.1943   21.8530
    0.0000   45.0000  -22.500010328.3311   21.8556
    7.5000   45.0000  -22.5000 9772.4785   21.9178
   -7.5000  -45.0000  -15.000011048.0146   23.2477
    0.0000  -45.0000  -15.000011619.6592   23.2340
    7.5000  -45.0000  -15.000011087.1084   23.3025
   -7.5000  -37.5000  -15.000011672.4346   23.1993
    0.0000  -37.5000  -15.000012276.1191   23.1869
    7.5000  -37.5000  -15.000011680.0244   23.2550
   -7.5000  -30.0000  -15.000012623.4072   23.1936
    0.0000  -30.0000  -15.000013260.5537   23.1791
    7.5000  -30.0000  -15.000012623.1670   23.2474
   -7.5000  -22.5000  -15.000013461.4189   23.1914
    0.0000  -22.5000  -15.000014117.2012   23.1747
    7.5000  -22.5000  -15.000013413.5869   23.2438
   -7.5000  -15.0000  -15.000014219.1865   23.1964
    0.0000  -15.0000  -15.000014950.3408   23.1792
    7.5000  -15.0000  -15.000014135.2109   23.2481
   -7.5000   -7.5000  -15.000014975.4717   23.2029
    0.0000   -7.5000  -15.000015793.0400   23.1864
    7.5000   -7.5000  -15.000014897.8799   23.2543
   -7.5000    0.0000  -15.000015538.7314   23.2014
    0.0000    0.0000  -15.000016412.5059   23.1875
    7.5000    0.0000  -15.000015448.9551   23.2554
   -7.5000    7.5000  -15.000014863.5000   23.1972
    0.0000    7.5000  -15.000015689.1973   23.1847
    7.5000    7.5000  -15.000014791.9551   23.2527
   -7.5000   15.0000  -15.000014077.0801   23.1936
    0.0000   15.0000  -15.000014839.4561   23.1791
    7.5000   15.0000  -15.000014007.1006   23.2474
   -7.5000   22.5000  -15.000013141.3662   23.1832
    0.0000   22.5000  -15.000013838.2969   23.1665
    7.5000   22.5000  -15.000013075.3359   23.2356
   -7.5000   30.0000  -15.000012056.7100   22.8962
    0.0000   30.0000  -15.000012697.4463   22.8792
    7.5000   30.0000  -15.000011987.1738   22.9472
   -7.5000   37.5000  -15.000011470.4932   22.9027
    0.0000   37.5000  -15.000012027.8174   22.8863
    7.5000   37.5000  -15.000011347.6689   22.9534
   -7.5000   45.0000  -15.000010395.9033   22.3595
    0.0000   45.0000  -15.000010890.6221   22.3461
    7.5000   45.0000  -15.000010288.7861   22.4115
   -7.5000  -45.0000   -7.500011726.2578   23.4958
    0.0000  -45.0000   -7.500012297.2422   23.4813
    7.5000  -45.0000   -7.500011728.3574   23.5530
   -7.5000  -37.5000   -7.500012375.7715   23.4405
    0.0000  -37.5000   -7.500013007.9092   23.4247
    7.5000  -37.5000   -7.500012380.9541   23.4954
   -7.5000  -30.0000   -7.500013430.3936   23.4302
    0.0000  -30.0000   -7.500014105.2715   23.4164
    7.5000  -30.0000   -7.500013424.4102   23.4903
   -7.5000  -22.5000   -7.500014370.5605   23.4319
    0.0000  -22.5000   -7.500015057.9766   23.4223
    7.5000  -22.5000   -7.500014288.4238   23.5002
   -7.5000  -15.0000   -7.500015180.8467   23.4439
    0.0000  -15.0000   -7.500015919.7920   23.4357
    7.5000  -15.0000   -7.500014995.3545   23.5137
   -7.5000   -7.5000   -7.500015946.7900   23.4528
    0.0000   -7.5000   -7.500016757.0684   23.4416
    7.5000   -7.5000   -7.500015753.7949   23.5160
   -7.5000    0.0000   -7.500016535.5156   23.4491
    0.0000    0.0000   -7.500017403.3066   23.4343
    7.5000    0.0000   -7.500016355.2227   23.5054
   -7.5000    7.5000   -7.500015778.2354   23.4383
    0.0000    7.5000   -7.500016612.3750   23.4225
    7.5000    7.5000   -7.500015643.6104   23.4931
   -7.5000   15.0000   -7.500014908.9473   23.4302
    0.0000   15.0000   -7.500015687.5537   23.4164
    7.5000   15.0000   -7.500014758.3135   23.4903
   -7.5000   22.5000   -7.500013926.9141   23.4211
    0.0000   22.5000   -7.500014636.2568   23.4114
    7.5000   22.5000   -7.500013782.4375   23.4894
   -7.5000   30.0000   -7.500012780.5918   23.1399
    0.0000   30.0000   -7.500013423.2705   23.1318
    7.5000   30.0000   -7.500012662.4580   23.2087
   -7.5000   37.5000   -7.500012130.5449   23.1487
    0.0000   37.5000   -7.500012699.6953   23.1376
    7.5000   37.5000   -7.500011972.5107   23.2111
   -7.5000   45.0000   -7.500010997.8838   22.6028
    0.0000   45.0000   -7.500011510.2803   22.5886
    7.5000   45.0000   -7.500010834.1270   22.6571
   -7.5000  -45.0000    0.000012315.7061   23.5508
    0.0000  -45.0000    0.000012879.2725   23.5507
    7.5000  -45.0000    0.000012291.6416   23.6220
   -7.5000  -37.5000    0.000012948.9736   23.4891
    0.0000  -37.5000    0.000013576.0322   23.4795
    7.5000  -37.5000    0.000012944.9277   23.5479
   -7.5000  -30.0000    0.000014117.6064   23.4706
    0.0000  -30.0000    0.000014843.1621   23.4622
    7.5000  -30.0000    0.000014133.0244   23.5349
   -7.5000  -22.5000    0.000015266.2920   23.4700
    0.0000  -22.5000    0.000016065.3174   23.4736
    7.5000  -22.5000    0.000015166.1553   23.5533
   -7.5000  -15.0000    0.000016119.6357   23.4865
    0.0000  -15.0000    0.000016820.7188   23.4988
    7.5000  -15.0000    0.000015870.1650   23.5802
   -7.5000   -7.5000    0.000016834.3535   23.5034
    0.0000   -7.5000    0.000017485.7598   23.5131
    7.5000   -7.5000    0.000016563.5215   23.5898
   -7.5000    0.0000    0.000017399.0918   23.5033
    0.0000    0.0000    0.000018072.3691   23.5030
    7.5000    0.0000    0.000017157.0781   23.5736
   -7.5000    7.5000    0.000016635.9277   23.4869
    0.0000    7.5000    0.000017298.9316   23.4773
    7.5000    7.5000    0.000016406.9258   23.5456
   -7.5000   15.0000    0.000015703.4346   23.4706
    0.0000   15.0000    0.000016389.6055   23.4622
    7.5000   15.0000    0.000015493.1426   23.5349
   -7.5000   22.5000    0.000014658.1777   23.4592
    0.0000   22.5000    0.000015347.9355   23.4628
    7.5000   22.5000    0.000014443.8711   23.5424
   -7.5000   30.0000    0.000013434.1729   23.1825
    0.0000   30.0000    0.000014111.3789   23.1947
    7.5000   30.0000    0.000013271.6221   23.2750
   -7.5000   37.5000    0.000012709.4434   23.1992
    0.0000   37.5000    0.000013343.7363   23.2088
    7.5000   37.5000    0.000012541.6074   23.2845
   -7.5000   45.0000    0.000011523.4238   22.6572
    0.0000   45.0000    0.000012088.8213   22.6569
    7.5000   45.0000    0.000011323.7236   22.7250
   -7.5000  -45.0000    7.500011916.2314   23.5888
    0.0000  -45.0000    7.500012455.2871   23.6054
    7.5000  -45.0000    7.500011920.6045   23.6737
   -7.5000  -37.5000    7.500012536.5977   23.5261
    0.0000  -37.5000    7.500013077.3252   23.5273
    7.5000  -37.5000    7.500012527.8721   23.5914
   -7.5000  -30.0000    7.500013655.6768   23.5015
    0.0000  -30.0000    7.500014298.5205   23.4983
    7.5000  -30.0000    7.500013675.7920   23.5641
   -7.5000  -22.5000    7.500014735.8301   23.4932
    0.0000  -22.5000    7.500015470.6484   23.5029
    7.5000  -22.5000    7.500014745.1846   23.5752
   -7.5000  -15.0000    7.500015555.1357   23.5084
    0.0000  -15.0000    7.500016183.9609   23.5321
    7.5000  -15.0000    7.500015521.8896   23.6077
   -7.5000   -7.5000    7.500016299.3984   23.5333
    0.0000   -7.5000    7.500016840.3711   23.5593
    7.5000   -7.5000    7.500016193.3721   23.6320
   -7.5000    0.0000    7.500016878.5977   23.5405
    0.0000    0.0000    7.500017430.6074   23.5568
    7.5000    0.0000    7.500016703.2832   23.6244
   -7.5000    7.5000    7.500016156.6104   23.5240
    0.0000    7.5000    7.500016760.1172   23.5251
    7.5000    7.5000    7.500015951.9219   23.5892
   -7.5000   15.0000    7.500015191.9971   23.5015
    0.0000   15.0000    7.500015839.2715   23.4983
    7.5000   15.0000    7.500014991.8828   23.5641
   -7.5000   22.5000    7.500014138.1865   23.4824
    0.0000   22.5000    7.500014801.1533   23.4920
    7.5000   22.5000    7.500013939.3125   23.5643
   -7.5000   30.0000    7.500012972.8760   23.2042
    0.0000   30.0000    7.500013602.6406   23.2276
    7.5000   30.0000    7.500012798.5078   23.3022
   -7.5000   37.5000    7.500012285.6855   23.2288
    0.0000   37.5000    7.500012868.0293   23.2544
    7.5000   37.5000    7.500012119.6738   23.3261
   -7.5000   45.0000    7.500011067.0967   22.6931
    0.0000   45.0000    7.500011616.0850   22.7089
    7.5000   45.0000    7.500010920.3545   22.7740
   -7.5000  -45.0000   15.000011351.6807   23.6638
    0.0000  -45.0000   15.000011858.7275   23.6826
    7.5000  -45.0000   15.000011392.8359   23.7492
   -7.5000  -37.5000   15.000011958.4629   23.6078
    0.0000  -37.5000   15.000012458.9834   23.6125
    7.5000  -37.5000   15.000012002.3086   23.6750
   -7.5000  -30.0000   15.000012999.7441   23.5860
    0.0000  -30.0000   15.000013561.4463   23.5818
    7.5000  -30.0000   15.000013054.0283   23.6421
   -7.5000  -22.5000   15.000013952.0635   23.5719
    0.0000  -22.5000   15.000014606.1631   23.5746
    7.5000  -22.5000   15.000014033.8877   23.6380
   -7.5000  -15.0000   15.000014781.5479   23.5800
    0.0000  -15.0000   15.000015479.0352   23.5955
    7.5000  -15.0000   15.000014876.8926   23.6627
   -7.5000   -7.5000   15.000015611.9551   23.6040
    0.0000   -7.5000   15.000016399.5000   23.6262
    7.5000   -7.5000   15.000015670.8721   23.6938
   -7.5000    0.0000   15.000016222.3721   23.6153
    0.0000    0.0000   15.000017054.7539   23.6338
    7.5000    0.0000   15.000016216.6396   23.6997
   -7.5000    7.5000   15.000015484.7568   23.6056
    0.0000    7.5000   15.000016280.7314   23.6103
    7.5000    7.5000   15.000015408.7607   23.6727
   -7.5000   15.0000   15.000014479.7139   23.5860
    0.0000   15.0000   15.000015203.1699   23.5818
    7.5000   15.0000   15.000014370.0781   23.6421
   -7.5000   22.5000   15.000013455.4385   23.5610
    0.0000   22.5000   15.000014077.5605   23.5637
    7.5000   22.5000   15.000013316.2275   23.6271
   -7.5000   30.0000   15.000012342.2373   23.2748
    0.0000   30.0000   15.000012887.9629   23.2901
    7.5000   30.0000   15.000012221.3936   23.3564
   -7.5000   37.5000   15.000011693.0928   23.2985
    0.0000   37.5000   15.000012192.1553   23.3205
    7.5000   37.5000   15.000011582.8203   23.3872
   -7.5000   45.0000   15.000010533.8506   22.7648
    0.0000   45.0000   15.000010991.0479   22.7826
    7.5000   45.0000   15.000010427.0029   22.8460
   -7.5000  -45.0000   22.500010686.9639   23.7321
    0.0000  -45.0000   22.500011218.9590   23.7346
    7.5000  -45.0000   22.500010755.6543   23.8014
   -7.5000  -37.5000   22.500011285.0205   23.6840
    0.0000  -37.5000   22.500011870.0576   23.6809
    7.5000  -37.5000   22.500011380.1807   23.7451
   -7.5000  -30.0000   22.500012259.0615   23.6727
    0.0000  -30.0000   22.500012898.0889   23.6621
    7.5000  -30.0000   22.500012348.3857   23.7236
   -7.5000  -22.5000   22.500013139.1270   23.6611
    0.0000  -22.5000   22.500013807.5596   23.6502
    7.5000  -22.5000   22.500013224.6699   23.7124
   -7.5000  -15.0000   22.500013908.5195   23.6625
    0.0000  -15.0000   22.500014598.8857   23.6571
    7.5000  -15.0000   22.500013983.7129   23.7216
   -7.5000   -7.5000   22.500014680.8887   23.6764
    0.0000   -7.5000   22.500015404.6670   23.6766
    7.5000   -7.5000   22.500014720.6172   23.7422
   -7.5000    0.0000   22.500015285.7549   23.6840
    0.0000    0.0000   22.500016006.4902   23.6862
    7.5000    0.0000   22.500015283.8496   23.7523
   -7.5000    7.5000   22.500014635.9004   23.6818
    0.0000    7.5000   22.500015331.6914   23.6787
    7.5000    7.5000   22.500014615.3867   23.7428
   -7.5000   15.0000   22.500013721.1357   23.6727
    0.0000   15.0000   22.500014361.4961   23.6621
    7.5000   15.0000   22.500013701.5879   23.7236
   -7.5000   22.5000   22.500012730.4863   23.6502
    0.0000   22.5000   22.500013315.4092   23.6393
    7.5000   22.5000   22.500012704.9756   23.7015
   -7.5000   30.0000   22.500011639.3223   23.3562
    0.0000   30.0000   22.500012180.1484   23.3510
    7.5000   30.0000   22.500011621.4609   23.4146
   -7.5000   37.5000   22.500010993.2666   23.3699
    0.0000   37.5000   22.500011488.5107   23.3702
    7.5000   37.5000   22.500010957.7920   23.4349
   -7.5000   45.0000   22.5000 9866.9209   22.8305
    0.0000   45.0000   22.500010320.6846   22.8326
    7.5000   45.0000   22.5000 9840.2139   22.8964
   -7.5000  -45.0000   30.0000 9927.2520   23.8144
    0.0000  -45.0000   30.000010473.8145   23.7990
    7.5000  -45.0000   30.0000 9972.3848   23.8666
   -7.5000  -37.5000   30.000010473.3721   23.7660
    0.0000  -37.5000   30.000011016.3945   23.7519
    7.5000  -37.5000   30.000010526.7471   23.8190
   -7.5000  -30.0000   30.000011364.8389   23.7599
    0.0000  -30.0000   30.000011923.3145   23.7439
    7.5000  -30.0000   30.000011413.7197   23.8112
   -7.5000  -22.5000   30.000012199.6436   23.7556
    0.0000  -22.5000   30.000012761.8311   23.7374
    7.5000  -22.5000   30.000012238.8428   23.8056
   -7.5000  -15.0000   30.000012919.9023   23.7590
    0.0000  -15.0000   30.000013486.4814   23.7402
    7.5000  -15.0000   30.000012954.3066   23.8082
   -7.5000   -7.5000   30.000013607.3906   23.7662
    0.0000   -7.5000   30.000014195.2959   23.7479
    7.5000   -7.5000   30.000013642.9814   23.8149
   -7.5000    0.0000   30.000014154.3369   23.7665
    0.0000    0.0000   30.000014761.1885   23.7508
    7.5000    0.0000   30.000014174.4229   23.8178
   -7.5000    7.5000   30.000013580.9912   23.7637
    0.0000    7.5000   30.000014181.2471   23.7497
    7.5000    7.5000   30.000013573.9268   23.8167
   -7.5000   15.0000   30.000012760.2510   23.7599
    0.0000   15.0000   30.000013341.5781   23.7439
    7.5000   15.0000   30.000012758.6338   23.8112
   -7.5000   22.5000   30.000011853.6230   23.7447
    0.0000   22.5000   30.000012382.2930   23.7264
    7.5000   22.5000   30.000011837.9688   23.7946
   -7.5000   30.0000   30.000010832.9082   23.4516
    0.0000   30.0000   30.000011322.4453   23.4329
    7.5000   30.0000   30.000010835.7510   23.5001
   -7.5000   37.5000   30.000010193.5000   23.4586
    0.0000   37.5000   30.000010647.2100   23.4405
    7.5000   37.5000   30.000010173.6133   23.5067
   -7.5000   45.0000   30.0000 9127.3730   22.9101
    0.0000   45.0000   30.0000 9555.0430   22.8950
    7.5000   45.0000   30.0000 9109.0654   22.9596
   -7.5000  -45.0000   37.5000 9535.4492   24.1665
    0.0000  -45.0000   37.500010017.1758   24.1495
    7.5000  -45.0000   37.5000 9541.7686   24.2196
   -7.5000  -37.5000   37.500010040.4150   24.1091
    0.0000  -37.5000   37.500010563.2725   24.0912
    7.5000  -37.5000   37.500010072.4834   24.1605
   -7.5000  -30.0000   37.500010895.0830   24.0982
    0.0000  -30.0000   37.500011454.7227   24.0827
    7.5000  -30.0000   37.500010933.9971   24.1557
   -7.5000  -22.5000   37.500011724.6748   24.0992
    0.0000  -22.5000   37.500012279.4346   24.0879
    7.5000  -22.5000   37.500011751.9258   24.1651
   -7.5000  -15.0000   37.500012418.6787   24.1110
    0.0000  -15.0000   37.500012968.5811   24.1009
    7.5000  -15.0000   37.500012440.8086   24.1779
   -7.5000   -7.5000   37.500013036.1240   24.1203
    0.0000   -7.5000   37.500013615.5566   24.1066
    7.5000   -7.5000   37.500013068.9004   24.1797
   -7.5000    0.0000   37.500013569.8164   24.1172
    0.0000    0.0000   37.500014156.8760   24.0999
    7.5000    0.0000   37.500013600.9883   24.1694
   -7.5000    7.5000   37.500013020.7852   24.1068
    0.0000    7.5000   37.500013600.1895   24.0889
    7.5000    7.5000   37.500013036.3408   24.1581
   -7.5000   15.0000   37.500012273.4775   24.0982
    0.0000   15.0000   37.500012851.2686   24.0827
    7.5000   15.0000   37.500012284.0654   24.1557
   -7.5000   22.5000   37.500011400.5684   24.0881
    0.0000   22.5000   37.500011927.7705   24.0768
    7.5000   22.5000   37.500011387.1855   24.1540
   -7.5000   30.0000   37.500010421.9072   23.7989
    0.0000   30.0000   37.500010902.2139   23.7889
    7.5000   30.0000   37.500010404.6865   23.8649
   -7.5000   37.5000   37.5000 9806.8281   23.8081
    0.0000   37.5000   37.500010266.3164   23.7947
    7.5000   37.5000   37.5000 9770.6396   23.8668
   -7.5000   45.0000   37.5000 8772.1494   23.2486
    0.0000   45.0000   37.5000 9167.5674   23.2320
    7.5000   45.0000   37.5000 8730.3701   23.2989
   -7.5000  -45.0000   45.0000 8700.8584   24.6214
    0.0000  -45.0000   45.0000 9161.8115   24.6194
    7.5000  -45.0000   45.0000 8707.3076   24.6892
   -7.5000  -37.5000   45.0000 9183.0400   24.5567
    0.0000  -37.5000   45.0000 9672.1758   24.5441
    7.5000  -37.5000   45.0000 9191.8545   24.6102
   -7.5000  -30.0000   45.0000 9988.3086   24.5403
    0.0000  -30.0000   45.000010520.9785   24.5289
    7.5000  -30.0000   45.000010009.6133   24.5993
   -7.5000  -22.5000   45.000010744.6885   24.5401
    0.0000  -22.5000   45.000011279.2607   24.5421
    7.5000  -22.5000   45.000010765.6729   24.6203
   -7.5000  -15.0000   45.000011385.5234   24.5551
    0.0000  -15.0000   45.000011922.9873   24.5671
    7.5000  -15.0000   45.000011403.2754   24.6478
   -7.5000   -7.5000   45.000011948.0967   24.5700
    0.0000   -7.5000   45.000012483.3174   24.5791
    7.5000   -7.5000   45.000011958.0391   24.6551
   -7.5000    0.0000   45.000012431.3379   24.5692
    0.0000    0.0000   45.000012971.0352   24.5669
    7.5000    0.0000   45.000012454.0273   24.6360
   -7.5000    7.5000   45.000011952.0020   24.5543
    0.0000    7.5000   45.000012487.1006   24.5417
    7.5000    7.5000   45.000011972.0576   24.6078
   -7.5000   15.0000   45.000011265.3057   24.5403
    0.0000   15.0000   45.000011814.2656   24.5289
    7.5000   15.0000   45.000011288.3047   24.5993
   -7.5000   22.5000   45.000010459.9717   24.5287
    0.0000   22.5000   45.000010964.1992   24.5307
    7.5000   22.5000   45.000010455.9922   24.6089
   -7.5000   30.0000   45.0000 9557.7793   24.2352
    0.0000   30.0000   45.000010024.7266   24.2470
    7.5000   30.0000   45.0000 9553.4082   24.3267
   -7.5000   37.5000   45.0000 9002.5176   24.2500
    0.0000   37.5000   45.0000 9428.9648   24.2589
    7.5000   37.5000   45.0000 8982.1240   24.3339
   -7.5000   45.0000   45.0000 8063.0894   23.6931
    0.0000   45.0000   45.0000 8429.8477   23.6909
    7.5000   45.0000   45.0000 8030.3101   23.7576

---------------------------------------------------------------------
imgreg_4dfp /opt/freesurfer/average/711-2C_as_mni_average_305 /opt/freesurfer/average/711-2B_as_mni_average_305_mask talsrcimg_g11 none talsrcimg_to_711-2C_as_mni_average_305_t4 4355
---------------------------------------------------------------------

freesurfer imgreg_4dfp.c
/opt/freesurfer/average/711-2C_as_mni_average_305.4dfp.img
       256       256       256         1
  1.000000  1.000000  1.000000
orientation T byte_order littleendian
Reading image: /opt/freesurfer/average/711-2C_as_mni_average_305.4dfp.img
dimensions:      256       256       256
mmppix:       1.0000   -1.0000   -1.0000
center:     128.0000 -129.0000 -129.0000
/opt/freesurfer/average/711-2B_as_mni_average_305_mask.4dfp.img
       256       256       256         1
  1.000000  1.000000  1.000000
orientation T byte_order littleendian
Reading mask: /opt/freesurfer/average/711-2B_as_mni_average_305_mask.4dfp.img (2306576 pixels)
talsrcimg_g11.4dfp.img
       256       256       256         1
  1.000000  1.000000  1.000000
orientation T byte_order littleendian
Reading image: talsrcimg_g11.4dfp.img
dimensions:      256       256       256
mmppix:       1.0000   -1.0000   -1.0000
center:     128.0000 -129.0000 -129.0000
rotation matrix determinant  1.000000
image alignment mode   4355 decimal     1103 hex
   -7.5000  -45.0000  -45.0000 2158.9226   22.7318
    0.0000  -45.0000  -45.0000 2171.9307   22.6490
    7.5000  -45.0000  -45.0000 2165.4211   22.6801
   -7.5000  -37.5000  -45.0000 2247.2385   20.9782
    0.0000  -37.5000  -45.0000 2259.6887   20.8757
    7.5000  -37.5000  -45.0000 2257.0547   20.9351
   -7.5000  -30.0000  -45.0000 2297.0564   19.7508
    0.0000  -30.0000  -45.0000 2320.9160   19.6428
    7.5000  -30.0000  -45.0000 2309.8521   19.7008
   -7.5000  -22.5000  -45.0000 2334.9521   18.9531
    0.0000  -22.5000  -45.0000 2361.1348   18.8289
    7.5000  -22.5000  -45.0000 2344.4827   18.8836
   -7.5000  -15.0000  -45.0000 2348.2090   18.5913
    0.0000  -15.0000  -45.0000 2374.9678   18.4385
    7.5000  -15.0000  -45.0000 2361.0779   18.5050
   -7.5000   -7.5000  -45.0000 2351.3271   18.5693
    0.0000   -7.5000  -45.0000 2374.3027   18.4018
    7.5000   -7.5000  -45.0000 2360.4626   18.4946
   -7.5000    0.0000  -45.0000 2330.8723   19.0733
    0.0000    0.0000  -45.0000 2356.2244   18.8622
    7.5000    0.0000  -45.0000 2340.9429   18.9058
   -7.5000    7.5000  -45.0000 2286.0696   19.8984
    0.0000    7.5000  -45.0000 2309.7832   19.6873
    7.5000    7.5000  -45.0000 2295.3184   19.7362
   -7.5000   15.0000  -45.0000 2219.2542   21.0480
    0.0000   15.0000  -45.0000 2244.0037   20.8534
    7.5000   15.0000  -45.0000 2234.3286   20.9078
   -7.5000   22.5000  -45.0000 2139.7971   22.6806
    0.0000   22.5000  -45.0000 2160.2852   22.4286
    7.5000   22.5000  -45.0000 2146.9382   22.5456
   -7.5000   30.0000  -45.0000 2037.3475   25.0143
    0.0000   30.0000  -45.0000 2054.4856   24.7224
    7.5000   30.0000  -45.0000 2041.9230   24.8502
   -7.5000   37.5000  -45.0000 1926.7987   28.2137
    0.0000   37.5000  -45.0000 1944.3090   27.8601
    7.5000   37.5000  -45.0000 1929.5631   27.9254
   -7.5000   45.0000  -45.0000 1802.8385   32.4756
    0.0000   45.0000  -45.0000 1817.5697   32.0196
    7.5000   45.0000  -45.0000 1803.7236   32.0958
   -7.5000  -45.0000  -37.5000 2236.1785   21.2326
    0.0000  -45.0000  -37.5000 2253.9861   21.1903
    7.5000  -45.0000  -37.5000 2250.2832   21.2240
   -7.5000  -37.5000  -37.5000 2329.1753   19.5416
    0.0000  -37.5000  -37.5000 2346.6948   19.4940
    7.5000  -37.5000  -37.5000 2342.0166   19.4816
   -7.5000  -30.0000  -37.5000 2390.0977   18.3619
    0.0000  -30.0000  -37.5000 2414.2021   18.2997
    7.5000  -30.0000  -37.5000 2401.6570   18.3138
   -7.5000  -22.5000  -37.5000 2430.1658   17.6172
    0.0000  -22.5000  -37.5000 2456.3652   17.5541
    7.5000  -22.5000  -37.5000 2439.4543   17.6002
   -7.5000  -15.0000  -37.5000 2444.1221   17.3176
    0.0000  -15.0000  -37.5000 2473.1333   17.2112
    7.5000  -15.0000  -37.5000 2459.0361   17.2691
   -7.5000   -7.5000  -37.5000 2450.7617   17.2995
    0.0000   -7.5000  -37.5000 2475.3892   17.1725
    7.5000   -7.5000  -37.5000 2465.3945   17.2565
   -7.5000    0.0000  -37.5000 2425.6819   17.7286
    0.0000    0.0000  -37.5000 2448.7686   17.5430
    7.5000    0.0000  -37.5000 2442.2434   17.6306
   -7.5000    7.5000  -37.5000 2379.4324   18.4430
    0.0000    7.5000  -37.5000 2407.6616   18.2819
    7.5000    7.5000  -37.5000 2396.8281   18.3291
   -7.5000   15.0000  -37.5000 2311.5916   19.5103
    0.0000   15.0000  -37.5000 2338.6541   19.3556
    7.5000   15.0000  -37.5000 2328.3594   19.3773
   -7.5000   22.5000  -37.5000 2224.2126   20.9705
    0.0000   22.5000  -37.5000 2244.4812   20.8137
    7.5000   22.5000  -37.5000 2233.0586   20.8617
   -7.5000   30.0000  -37.5000 2114.5867   23.0646
    0.0000   30.0000  -37.5000 2133.2214   22.8680
    7.5000   30.0000  -37.5000 2119.8494   22.9863
   -7.5000   37.5000  -37.5000 1998.4741   25.9532
    0.0000   37.5000  -37.5000 2016.6924   25.6952
    7.5000   37.5000  -37.5000 2003.0066   25.7740
   -7.5000   45.0000  -37.5000 1869.5336   29.7843
    0.0000   45.0000  -37.5000 1889.8043   29.5069
    7.5000   45.0000  -37.5000 1873.9482   29.6189
   -7.5000  -45.0000  -30.0000 2347.2397   20.5862
    0.0000  -45.0000  -30.0000 2368.0801   20.5505
    7.5000  -45.0000  -30.0000 2361.7332   20.5122
   -7.5000  -37.5000  -30.0000 2447.2952   18.9155
    0.0000  -37.5000  -30.0000 2469.1619   18.8551
    7.5000  -37.5000  -30.0000 2459.8230   18.8497
   -7.5000  -30.0000  -30.0000 2517.8918   17.7442
    0.0000  -30.0000  -30.0000 2545.2556   17.6453
    7.5000  -30.0000  -30.0000 2530.8025   17.6281
   -7.5000  -22.5000  -30.0000 2569.6887   17.0152
    0.0000  -22.5000  -30.0000 2596.3362   16.8896
    7.5000  -22.5000  -30.0000 2581.4353   16.9337
   -7.5000  -15.0000  -30.0000 2591.7383   16.7102
    0.0000  -15.0000  -30.0000 2617.4065   16.5882
    7.5000  -15.0000  -30.0000 2606.3718   16.6642
   -7.5000   -7.5000  -30.0000 2595.2668   16.7493
    0.0000   -7.5000  -30.0000 2622.7288   16.6266
    7.5000   -7.5000  -30.0000 2609.9797   16.7112
   -7.5000    0.0000  -30.0000 2565.7344   17.1121
    0.0000    0.0000  -30.0000 2595.5457   16.9722
    7.5000    0.0000  -30.0000 2586.4165   17.0804
   -7.5000    7.5000  -30.0000 2518.8093   17.7512
    0.0000    7.5000  -30.0000 2547.3442   17.6329
    7.5000    7.5000  -30.0000 2535.5715   17.7349
   -7.5000   15.0000  -30.0000 2444.6484   18.7647
    0.0000   15.0000  -30.0000 2471.9927   18.6315
    7.5000   15.0000  -30.0000 2458.1963   18.7132
   -7.5000   22.5000  -30.0000 2347.2683   20.1647
    0.0000   22.5000  -30.0000 2368.5400   20.0173
    7.5000   22.5000  -30.0000 2360.5964   20.0989
   -7.5000   30.0000  -30.0000 2230.9573   22.1334
    0.0000   30.0000  -30.0000 2250.1780   21.9582
    7.5000   30.0000  -30.0000 2242.7534   22.0361
   -7.5000   37.5000  -30.0000 2100.3552   24.8432
    0.0000   37.5000  -30.0000 2120.2505   24.6496
    7.5000   37.5000  -30.0000 2109.4812   24.7168
   -7.5000   45.0000  -30.0000 1969.3943   28.5544
    0.0000   45.0000  -30.0000 1990.9507   28.3585
    7.5000   45.0000  -30.0000 1970.7714   28.3914
   -7.5000  -45.0000  -22.5000 2430.7844   19.8012
    0.0000  -45.0000  -22.5000 2449.5669   19.6662
    7.5000  -45.0000  -22.5000 2442.8003   19.6603
   -7.5000  -37.5000  -22.5000 2537.5435   18.1557
    0.0000  -37.5000  -22.5000 2561.6921   18.0416
    7.5000  -37.5000  -22.5000 2548.5059   18.0394
   -7.5000  -30.0000  -22.5000 2618.3677   16.9883
    0.0000  -30.0000  -22.5000 2640.6431   16.8701
    7.5000  -30.0000  -22.5000 2630.0051   16.8604
   -7.5000  -22.5000  -22.5000 2674.3599   16.2872
    0.0000  -22.5000  -22.5000 2697.3499   16.1486
    7.5000  -22.5000  -22.5000 2687.2178   16.1558
   -7.5000  -15.0000  -22.5000 2709.8438   15.9434
    0.0000  -15.0000  -22.5000 2733.0754   15.8196
    7.5000  -15.0000  -22.5000 2719.6274   15.8693
   -7.5000   -7.5000  -22.5000 2714.3733   16.0188
    0.0000   -7.5000  -22.5000 2745.2974   15.8977
    7.5000   -7.5000  -22.5000 2728.8823   15.9850
   -7.5000    0.0000  -22.5000 2689.6663   16.3605
    0.0000    0.0000  -22.5000 2723.7861   16.2544
    7.5000    0.0000  -22.5000 2705.6562   16.3610
   -7.5000    7.5000  -22.5000 2640.2288   16.9888
    0.0000    7.5000  -22.5000 2670.1790   16.8546
    7.5000    7.5000  -22.5000 2655.3406   16.9783
   -7.5000   15.0000  -22.5000 2555.0249   17.9821
    0.0000   15.0000  -22.5000 2582.5137   17.8397
    7.5000   15.0000  -22.5000 2569.4771   17.9354
   -7.5000   22.5000  -22.5000 2446.3318   19.2821
    0.0000   22.5000  -22.5000 2470.7600   19.1257
    7.5000   22.5000  -22.5000 2461.6331   19.2130
   -7.5000   30.0000  -22.5000 2319.2258   21.1429
    0.0000   30.0000  -22.5000 2342.3723   20.9454
    7.5000   30.0000  -22.5000 2331.9167   21.0169
   -7.5000   37.5000  -22.5000 2189.2727   23.6552
    0.0000   37.5000  -22.5000 2202.0701   23.4887
    7.5000   37.5000  -22.5000 2188.8757   23.5299
   -7.5000   45.0000  -22.5000 2044.2281   27.1347
    0.0000   45.0000  -22.5000 2060.5588   26.9129
    7.5000   45.0000  -22.5000 2043.2598   26.9634
   -7.5000  -45.0000  -15.0000 2474.0369   19.0781
    0.0000  -45.0000  -15.0000 2499.6221   18.8733
    7.5000  -45.0000  -15.0000 2489.3479   18.8964
   -7.5000  -37.5000  -15.0000 2589.1243   17.4632
    0.0000  -37.5000  -15.0000 2615.6628   17.2533
    7.5000  -37.5000  -15.0000 2600.8088   17.3004
   -7.5000  -30.0000  -15.0000 2681.6667   16.3015
    0.0000  -30.0000  -15.0000 2706.1846   16.1274
    7.5000  -30.0000  -15.0000 2695.5698   16.1865
   -7.5000  -22.5000  -15.0000 2748.9727   15.5886
    0.0000  -22.5000  -15.0000 2775.0566   15.4285
    7.5000  -22.5000  -15.0000 2765.2034   15.4582
   -7.5000  -15.0000  -15.0000 2793.9150   15.2002
    0.0000  -15.0000  -15.0000 2825.4058   15.0664
    7.5000  -15.0000  -15.0000 2803.7788   15.0874
   -7.5000   -7.5000  -15.0000 2803.4626   15.2665
    0.0000   -7.5000  -15.0000 2838.7769   15.1530
    7.5000   -7.5000  -15.0000 2817.6853   15.2055
   -7.5000    0.0000  -15.0000 2778.9194   15.6491
    0.0000    0.0000  -15.0000 2818.8403   15.5247
    7.5000    0.0000  -15.0000 2794.0134   15.5872
   -7.5000    7.5000  -15.0000 2723.5964   16.2603
    0.0000    7.5000  -15.0000 2754.5791   16.1095
    7.5000    7.5000  -15.0000 2737.3796   16.2201
   -7.5000   15.0000  -15.0000 2634.2915   17.1754
    0.0000   15.0000  -15.0000 2663.4954   17.0063
    7.5000   15.0000  -15.0000 2648.3848   17.1159
   -7.5000   22.5000  -15.0000 2518.0134   18.4541
    0.0000   22.5000  -15.0000 2545.6775   18.2800
    7.5000   22.5000  -15.0000 2530.2532   18.3996
   -7.5000   30.0000  -15.0000 2383.6697   20.2492
    0.0000   30.0000  -15.0000 2410.3408   20.0617
    7.5000   30.0000  -15.0000 2396.0447   20.1453
   -7.5000   37.5000  -15.0000 2243.9116   22.6880
    0.0000   37.5000  -15.0000 2260.9224   22.4588
    7.5000   37.5000  -15.0000 2247.6799   22.5381
   -7.5000   45.0000  -15.0000 2084.7927   25.9033
    0.0000   45.0000  -15.0000 2105.6331   25.6760
    7.5000   45.0000  -15.0000 2093.6675   25.7129
   -7.5000  -45.0000   -7.5000 2499.0735   18.4778
    0.0000  -45.0000   -7.5000 2521.3198   18.2106
    7.5000  -45.0000   -7.5000 2510.0295   18.3007
   -7.5000  -37.5000   -7.5000 2621.2417   16.8658
    0.0000  -37.5000   -7.5000 2649.0371   16.6298
    7.5000  -37.5000   -7.5000 2636.4846   16.7260
   -7.5000  -30.0000   -7.5000 2729.0032   15.7423
    0.0000  -30.0000   -7.5000 2757.5596   15.5327
    7.5000  -30.0000   -7.5000 2745.4443   15.6174
   -7.5000  -22.5000   -7.5000 2807.8752   15.0319
    0.0000  -22.5000   -7.5000 2844.4541   14.8611
    7.5000  -22.5000   -7.5000 2824.2119   14.9361
   -7.5000  -15.0000   -7.5000 2865.2449   14.6279
    0.0000  -15.0000   -7.5000 2905.0999   14.4205
    7.5000  -15.0000   -7.5000 2872.3965   14.5119
   -7.5000   -7.5000   -7.5000 2880.2678   14.6624
    0.0000   -7.5000   -7.5000 2917.1111   14.4802
    7.5000   -7.5000   -7.5000 2886.8169   14.5517
   -7.5000    0.0000   -7.5000 2851.6218   15.0039
    0.0000    0.0000   -7.5000 2888.6548   14.8351
    7.5000    0.0000   -7.5000 2858.2046   14.9001
   -7.5000    7.5000   -7.5000 2782.3740   15.5904
    0.0000    7.5000   -7.5000 2815.5046   15.4108
    7.5000    7.5000   -7.5000 2796.3408   15.5066
   -7.5000   15.0000   -7.5000 2684.4814   16.4944
    0.0000   15.0000   -7.5000 2715.6533   16.2667
    7.5000   15.0000   -7.5000 2697.7947   16.4187
   -7.5000   22.5000   -7.5000 2562.3472   17.7726
    0.0000   22.5000   -7.5000 2589.3484   17.5214
    7.5000   22.5000   -7.5000 2571.4192   17.6898
   -7.5000   30.0000   -7.5000 2427.9702   19.5390
    0.0000   30.0000   -7.5000 2455.7500   19.2868
    7.5000   30.0000   -7.5000 2439.4541   19.4076
   -7.5000   37.5000   -7.5000 2281.8835   21.8388
    0.0000   37.5000   -7.5000 2301.2332   21.5815
    7.5000   37.5000   -7.5000 2287.1484   21.6983
   -7.5000   45.0000   -7.5000 2118.9287   24.8928
    0.0000   45.0000   -7.5000 2137.6011   24.6152
    7.5000   45.0000   -7.5000 2125.4373   24.6873
   -7.5000  -45.0000    0.0000 2507.6851   18.1566
    0.0000  -45.0000    0.0000 2521.0916   17.8252
    7.5000  -45.0000    0.0000 2516.2322   18.0143
   -7.5000  -37.5000    0.0000 2633.4456   16.5260
    0.0000  -37.5000    0.0000 2656.4644   16.2486
    7.5000  -37.5000    0.0000 2647.2024   16.4161
   -7.5000  -30.0000    0.0000 2756.0637   15.4010
    0.0000  -30.0000    0.0000 2781.4448   15.1706
    7.5000  -30.0000    0.0000 2772.8164   15.3079
   -7.5000  -22.5000    0.0000 2851.1765   14.7053
    0.0000  -22.5000    0.0000 2893.1746   14.5139
    7.5000  -22.5000    0.0000 2871.2988   14.6297
   -7.5000  -15.0000    0.0000 2910.9182   14.2909
    0.0000  -15.0000    0.0000 2963.9753   14.0369
    7.5000  -15.0000    0.0000 2923.6365   14.1997
   -7.5000   -7.5000    0.0000 2927.4922   14.2382
    0.0000   -7.5000    0.0000 2972.3633   13.9840
    7.5000   -7.5000    0.0000 2928.8110   14.1350
   -7.5000    0.0000    0.0000 2888.5237   14.5605
    0.0000    0.0000    0.0000 2921.7227   14.2969
    7.5000    0.0000    0.0000 2889.9646   14.4682
   -7.5000    7.5000    0.0000 2815.7793   15.2020
    0.0000    7.5000    0.0000 2845.3530   14.8935
    7.5000    7.5000    0.0000 2823.0122   15.1015
   -7.5000   15.0000    0.0000 2711.2139   16.0948
    0.0000   15.0000    0.0000 2740.5996   15.8246
    7.5000   15.0000    0.0000 2727.1653   16.0200
   -7.5000   22.5000    0.0000 2585.8970   17.3496
    0.0000   22.5000    0.0000 2616.0620   17.0857
    7.5000   22.5000    0.0000 2593.1804   17.2902
   -7.5000   30.0000    0.0000 2447.0537   19.0708
    0.0000   30.0000    0.0000 2478.4888   18.8567
    7.5000   30.0000    0.0000 2456.0256   18.9871
   -7.5000   37.5000    0.0000 2296.4397   21.3677
    0.0000   37.5000    0.0000 2318.4998   21.1842
    7.5000   37.5000    0.0000 2303.7761   21.2283
   -7.5000   45.0000    0.0000 2136.7549   24.3823
    0.0000   45.0000    0.0000 2156.2563   24.1621
    7.5000   45.0000    0.0000 2141.6985   24.1420
   -7.5000  -45.0000    7.5000 2496.7642   18.0845
    0.0000  -45.0000    7.5000 2513.6184   17.7265
    7.5000  -45.0000    7.5000 2505.6121   18.0318
   -7.5000  -37.5000    7.5000 2628.7615   16.4601
    0.0000  -37.5000    7.5000 2649.5820   16.1222
    7.5000  -37.5000    7.5000 2641.0671   16.3891
   -7.5000  -30.0000    7.5000 2755.8845   15.3139
    0.0000  -30.0000    7.5000 2781.1575   14.9997
    7.5000  -30.0000    7.5000 2769.9189   15.2553
   -7.5000  -22.5000    7.5000 2861.6538   14.6234
    0.0000  -22.5000    7.5000 2902.3911   14.3547
    7.5000  -22.5000    7.5000 2875.4438   14.5750
   -7.5000  -15.0000    7.5000 2926.9778   14.1903
    0.0000  -15.0000    7.5000 2980.1072   13.8904
    7.5000  -15.0000    7.5000 2938.4233   14.1405
   -7.5000   -7.5000    7.5000 2942.0549   14.0984
    0.0000   -7.5000    7.5000 2990.3220   13.7573
    7.5000   -7.5000    7.5000 2949.2993   14.0645
   -7.5000    0.0000    7.5000 2898.6528   14.3895
    0.0000    0.0000    7.5000 2936.1345   14.0859
    7.5000    0.0000    7.5000 2904.8140   14.3468
   -7.5000    7.5000    7.5000 2822.3440   15.0100
    0.0000    7.5000    7.5000 2853.7532   14.7429
    7.5000    7.5000    7.5000 2830.2185   14.9331
   -7.5000   15.0000    7.5000 2710.1587   15.9263
    0.0000   15.0000    7.5000 2737.7087   15.7038
    7.5000   15.0000    7.5000 2722.0364   15.8115
   -7.5000   22.5000    7.5000 2580.1128   17.2203
    0.0000   22.5000    7.5000 2610.0959   16.9917
    7.5000   22.5000    7.5000 2591.6035   17.0906
   -7.5000   30.0000    7.5000 2444.0920   18.9073
    0.0000   30.0000    7.5000 2471.1909   18.7260
    7.5000   30.0000    7.5000 2453.6616   18.8064
   -7.5000   37.5000    7.5000 2300.9246   21.1913
    0.0000   37.5000    7.5000 2317.7654   21.0191
    7.5000   37.5000    7.5000 2305.1416   21.0544
   -7.5000   45.0000    7.5000 2134.5671   24.1476
    0.0000   45.0000    7.5000 2154.6826   23.9844
    7.5000   45.0000    7.5000 2141.6636   23.9329
   -7.5000  -45.0000   15.0000 2473.7620   18.2548
    0.0000  -45.0000   15.0000 2488.1660   17.8364
    7.5000  -45.0000   15.0000 2478.8906   18.2378
   -7.5000  -37.5000   15.0000 2607.5593   16.6458
    0.0000  -37.5000   15.0000 2627.9919   16.2443
    7.5000  -37.5000   15.0000 2613.4553   16.6071
   -7.5000  -30.0000   15.0000 2730.4995   15.5432
    0.0000  -30.0000   15.0000 2758.1567   15.1431
    7.5000  -30.0000   15.0000 2739.4536   15.4995
   -7.5000  -22.5000   15.0000 2835.3655   14.8452
    0.0000  -22.5000   15.0000 2880.7249   14.5169
    7.5000  -22.5000   15.0000 2845.3564   14.8017
   -7.5000  -15.0000   15.0000 2905.8459   14.3730
    0.0000  -15.0000   15.0000 2960.7456   14.0783
    7.5000  -15.0000   15.0000 2911.7112   14.3879
   -7.5000   -7.5000   15.0000 2932.9929   14.3105
    0.0000   -7.5000   15.0000 2987.1677   14.0724
    7.5000   -7.5000   15.0000 2934.9534   14.3137
   -7.5000    0.0000   15.0000 2893.9031   14.5928
    0.0000    0.0000   15.0000 2935.3411   14.4324
    7.5000    0.0000   15.0000 2896.5693   14.5735
   -7.5000    7.5000   15.0000 2808.5354   15.1542
    0.0000    7.5000   15.0000 2843.4641   14.9979
    7.5000    7.5000   15.0000 2811.8425   15.1022
   -7.5000   15.0000   15.0000 2685.7271   16.0848
    0.0000   15.0000   15.0000 2712.6543   15.8721
    7.5000   15.0000   15.0000 2695.2180   15.9362
   -7.5000   22.5000   15.0000 2564.9766   17.3316
    0.0000   22.5000   15.0000 2582.4143   17.0946
    7.5000   22.5000   15.0000 2572.9429   17.1405
   -7.5000   30.0000   15.0000 2429.6345   18.9673
    0.0000   30.0000   15.0000 2448.6296   18.7500
    7.5000   30.0000   15.0000 2436.8464   18.8077
   -7.5000   37.5000   15.0000 2280.1294   21.1834
    0.0000   37.5000   15.0000 2299.8848   20.9800
    7.5000   37.5000   15.0000 2286.4026   21.0313
   -7.5000   45.0000   15.0000 2115.1233   24.2044
    0.0000   45.0000   15.0000 2135.5312   23.9754
    7.5000   45.0000   15.0000 2121.9358   23.9979
   -7.5000  -45.0000   22.5000 2441.5237   18.7466
    0.0000  -45.0000   22.5000 2460.0898   18.3649
    7.5000  -45.0000   22.5000 2444.0039   18.8031
   -7.5000  -37.5000   22.5000 2576.3813   17.1414
    0.0000  -37.5000   22.5000 2598.0908   16.8229
    7.5000  -37.5000   22.5000 2578.8789   17.2010
   -7.5000  -30.0000   22.5000 2692.4175   16.0337
    0.0000  -30.0000   22.5000 2716.7258   15.7262
    7.5000  -30.0000   22.5000 2695.6807   16.0562
   -7.5000  -22.5000   22.5000 2795.3923   15.2557
    0.0000  -22.5000   22.5000 2825.8491   14.9687
    7.5000  -22.5000   22.5000 2798.2866   15.2585
   -7.5000  -15.0000   22.5000 2864.5073   14.7806
    0.0000  -15.0000   22.5000 2901.8713   14.4953
    7.5000  -15.0000   22.5000 2866.8975   14.8015
   -7.5000   -7.5000   22.5000 2892.7612   14.7251
    0.0000   -7.5000   22.5000 2932.1519   14.4749
    7.5000   -7.5000   22.5000 2892.0813   14.7165
   -7.5000    0.0000   22.5000 2853.6716   15.0046
    0.0000    0.0000   22.5000 2885.4014   14.7832
    7.5000    0.0000   22.5000 2852.0559   14.9826
   -7.5000    7.5000   22.5000 2770.7622   15.6101
    0.0000    7.5000   22.5000 2800.5552   15.3929
    7.5000    7.5000   22.5000 2769.2793   15.5628
   -7.5000   15.0000   22.5000 2656.9690   16.5468
    0.0000   15.0000   22.5000 2677.5825   16.3348
    7.5000   15.0000   22.5000 2659.2690   16.4471
   -7.5000   22.5000   22.5000 2534.1560   17.7698
    0.0000   22.5000   22.5000 2548.2708   17.5636
    7.5000   22.5000   22.5000 2539.6946   17.6550
   -7.5000   30.0000   22.5000 2396.9915   19.4146
    0.0000   30.0000   22.5000 2413.6892   19.2178
    7.5000   30.0000   22.5000 2405.7913   19.2976
   -7.5000   37.5000   22.5000 2247.2600   21.5946
    0.0000   37.5000   22.5000 2267.2537   21.3963
    7.5000   37.5000   22.5000 2256.9072   21.4148
   -7.5000   45.0000   22.5000 2081.3853   24.4975
    0.0000   45.0000   22.5000 2100.5166   24.2842
    7.5000   45.0000   22.5000 2091.4192   24.2644
   -7.5000  -45.0000   30.0000 2403.4338   19.5334
    0.0000  -45.0000   30.0000 2419.8906   19.2555
    7.5000  -45.0000   30.0000 2400.3865   19.6413
   -7.5000  -37.5000   30.0000 2526.2925   17.8875
    0.0000  -37.5000   30.0000 2546.0120   17.5939
    7.5000  -37.5000   30.0000 2527.9609   17.9743
   -7.5000  -30.0000   30.0000 2643.3042   16.7192
    0.0000  -30.0000   30.0000 2661.8440   16.3929
    7.5000  -30.0000   30.0000 2644.0159   16.7593
   -7.5000  -22.5000   30.0000 2740.8464   15.9217
    0.0000  -22.5000   30.0000 2765.9688   15.6015
    7.5000  -22.5000   30.0000 2740.0823   15.9479
   -7.5000  -15.0000   30.0000 2800.1816   15.4463
    0.0000  -15.0000   30.0000 2824.8167   15.1660
    7.5000  -15.0000   30.0000 2797.7356   15.4757
   -7.5000   -7.5000   30.0000 2817.5476   15.3941
    0.0000   -7.5000   30.0000 2843.6245   15.1308
    7.5000   -7.5000   30.0000 2819.2314   15.3900
   -7.5000    0.0000   30.0000 2778.3335   15.6487
    0.0000    0.0000   30.0000 2802.6958   15.4064
    7.5000    0.0000   30.0000 2776.6636   15.6408
   -7.5000    7.5000   30.0000 2705.8298   16.2512
    0.0000    7.5000   30.0000 2728.2441   16.0260
    7.5000    7.5000   30.0000 2698.8054   16.2159
   -7.5000   15.0000   30.0000 2599.8752   17.1532
    0.0000   15.0000   30.0000 2621.4526   16.9304
    7.5000   15.0000   30.0000 2597.8201   17.1061
   -7.5000   22.5000   30.0000 2484.5559   18.3961
    0.0000   22.5000   30.0000 2501.6355   18.1878
    7.5000   22.5000   30.0000 2488.5615   18.3563
   -7.5000   30.0000   30.0000 2350.6899   20.0628
    0.0000   30.0000   30.0000 2366.8689   19.8875
    7.5000   30.0000   30.0000 2356.0898   20.0127
   -7.5000   37.5000   30.0000 2200.1465   22.2185
    0.0000   37.5000   30.0000 2215.6597   22.0485
    7.5000   37.5000   30.0000 2202.4941   22.1426
   -7.5000   45.0000   30.0000 2040.0728   25.0762
    0.0000   45.0000   30.0000 2062.2837   24.8714
    7.5000   45.0000   30.0000 2045.6846   24.9680
   -7.5000  -45.0000   37.5000 2356.8770   20.5953
    0.0000  -45.0000   37.5000 2374.5774   20.3505
    7.5000  -45.0000   37.5000 2353.5037   20.6942
   -7.5000  -37.5000   37.5000 2473.9729   18.8719
    0.0000  -37.5000   37.5000 2498.3962   18.6110
    7.5000  -37.5000   37.5000 2473.6655   18.9650
   -7.5000  -30.0000   37.5000 2581.5000   17.6223
    0.0000  -30.0000   37.5000 2609.6079   17.3620
    7.5000  -30.0000   37.5000 2582.9829   17.7031
   -7.5000  -22.5000   37.5000 2676.2268   16.8400
    0.0000  -22.5000   37.5000 2701.5007   16.5350
    7.5000  -22.5000   37.5000 2672.6001   16.8816
   -7.5000  -15.0000   37.5000 2727.4551   16.3627
    0.0000  -15.0000   37.5000 2745.7996   16.1081
    7.5000  -15.0000   37.5000 2719.7600   16.4029
   -7.5000   -7.5000   37.5000 2727.0835   16.2827
    0.0000   -7.5000   37.5000 2750.5232   16.0458
    7.5000   -7.5000   37.5000 2727.3035   16.2927
   -7.5000    0.0000   37.5000 2688.3601   16.5208
    0.0000    0.0000   37.5000 2711.2334   16.2931
    7.5000    0.0000   37.5000 2691.8481   16.5163
   -7.5000    7.5000   37.5000 2619.1155   17.0886
    0.0000    7.5000   37.5000 2643.0981   16.8700
    7.5000    7.5000   37.5000 2619.2507   17.0685
   -7.5000   15.0000   37.5000 2531.4424   17.9740
    0.0000   15.0000   37.5000 2556.1995   17.7443
    7.5000   15.0000   37.5000 2529.2195   17.9539
   -7.5000   22.5000   37.5000 2426.1274   19.2259
    0.0000   22.5000   37.5000 2441.9043   19.0366
    7.5000   22.5000   37.5000 2422.0852   19.2234
   -7.5000   30.0000   37.5000 2292.2583   20.9352
    0.0000   30.0000   37.5000 2309.8130   20.7285
    7.5000   30.0000   37.5000 2293.7383   20.8523
   -7.5000   37.5000   37.5000 2145.1296   23.1503
    0.0000   37.5000   37.5000 2165.1863   23.0040
    7.5000   37.5000   37.5000 2148.2461   23.0695
   -7.5000   45.0000   37.5000 1995.3347   26.0230
    0.0000   45.0000   37.5000 2008.0168   25.7990
    7.5000   45.0000   37.5000 1998.6499   25.8991
   -7.5000  -45.0000   45.0000 2297.8521   21.9445
    0.0000  -45.0000   45.0000 2317.6531   21.7629
    7.5000  -45.0000   45.0000 2290.9500   22.0409
   -7.5000  -37.5000   45.0000 2407.6509   20.1519
    0.0000  -37.5000   45.0000 2431.6909   19.9631
    7.5000  -37.5000   45.0000 2400.8372   20.2568
   -7.5000  -30.0000   45.0000 2512.6450   18.8731
    0.0000  -30.0000   45.0000 2539.4656   18.6387
    7.5000  -30.0000   45.0000 2506.6809   18.9598
   -7.5000  -22.5000   45.0000 2593.5391   18.0169
    0.0000  -22.5000   45.0000 2619.8000   17.8022
    7.5000  -22.5000   45.0000 2587.7629   18.0927
   -7.5000  -15.0000   45.0000 2633.2629   17.5479
    0.0000  -15.0000   45.0000 2654.8997   17.3556
    7.5000  -15.0000   45.0000 2627.4177   17.5978
   -7.5000   -7.5000   45.0000 2630.5630   17.4330
    0.0000   -7.5000   45.0000 2650.2856   17.2245
    7.5000   -7.5000   45.0000 2626.5952   17.4424
   -7.5000    0.0000   45.0000 2593.1555   17.6462
    0.0000    0.0000   45.0000 2609.5720   17.4316
    7.5000    0.0000   45.0000 2591.6533   17.6522
   -7.5000    7.5000   45.0000 2531.9666   18.1728
    0.0000    7.5000   45.0000 2552.4709   17.9566
    7.5000    7.5000   45.0000 2531.8274   18.1654
   -7.5000   15.0000   45.0000 2448.0544   18.9882
    0.0000   15.0000   45.0000 2471.9414   18.7722
    7.5000   15.0000   45.0000 2448.4160   18.9626
   -7.5000   22.5000   45.0000 2352.5166   20.2376
    0.0000   22.5000   45.0000 2368.3728   20.0739
    7.5000   22.5000   45.0000 2347.4683   20.2550
   -7.5000   30.0000   45.0000 2222.8853   21.9376
    0.0000   30.0000   45.0000 2241.1963   21.7669
    7.5000   30.0000   45.0000 2224.1709   21.9222
   -7.5000   37.5000   45.0000 2083.5811   24.2568
    0.0000   37.5000   45.0000 2101.2407   24.1294
    7.5000   37.5000   45.0000 2086.3379   24.1931
   -7.5000   45.0000   45.0000 1943.1339   27.3557
    0.0000   45.0000   45.0000 1956.0359   27.1084
    7.5000   45.0000   45.0000 1942.1924   27.2069

---------------------------------------------------------------------
imgreg_4dfp /opt/freesurfer/average/711-2C_as_mni_average_305 /opt/freesurfer/average/711-2B_as_mni_average_305_mask talsrcimg_g11 none talsrcimg_to_711-2C_as_mni_average_305_t4 1283
---------------------------------------------------------------------

freesurfer imgreg_4dfp.c
/opt/freesurfer/average/711-2C_as_mni_average_305.4dfp.img
       256       256       256         1
  1.000000  1.000000  1.000000
orientation T byte_order littleendian
Reading image: /opt/freesurfer/average/711-2C_as_mni_average_305.4dfp.img
dimensions:      256       256       256
mmppix:       1.0000   -1.0000   -1.0000
center:     128.0000 -129.0000 -129.0000
/opt/freesurfer/average/711-2B_as_mni_average_305_mask.4dfp.img
       256       256       256         1
  1.000000  1.000000  1.000000
orientation T byte_order littleendian
Reading mask: /opt/freesurfer/average/711-2B_as_mni_average_305_mask.4dfp.img (2306576 pixels)
talsrcimg_g11.4dfp.img
       256       256       256         1
  1.000000  1.000000  1.000000
orientation T byte_order littleendian
Reading image: talsrcimg_g11.4dfp.img
dimensions:      256       256       256
mmppix:       1.0000   -1.0000   -1.0000
center:     128.0000 -129.0000 -129.0000
rotation matrix determinant  1.000000
fimgreg.f
image alignment mode   1283 decimal      503 hex
parameters
    0.0000   -7.5000    7.5000    0.0000    0.0000    0.0000
eta,q 0.93891 13.75919
niter,ni,del,rscale     5    3   12.0000    1.2000
parameter  2  0.896519 ->  0.500000 qaram    1.1500
parameter  4  0.572267 ->  0.500000 qaram    1.1500
parameters
    0.4410  -10.9500    8.7311   -3.4500    1.1225    1.2510
eta,q 0.94290 13.71141
  0.0729  0.0574  0.0659  0.0580  0.0632  0.0610
  0.0675  0.0572  0.0624  0.0574  0.0611  0.0596
  0.0636  0.0593  0.0587  0.0582  0.0594  0.0581
  0.0622  0.0616  0.0579  0.0587  0.0577  0.0573
  0.0621  0.0653  0.0590  0.0592  0.0573  0.0571
  0.0649  0.0707  0.0595  0.0607  0.0584  0.0575
  0.0707  0.0768  0.0610  0.0636  0.0608  0.0591
niter,ni,del,rscale     6    3   12.0000    1.2000
parameter  4  0.522430 ->  0.500000 qaram    1.3225
parameters
    0.1708   -9.4217    7.5761   -7.4175    1.7787    0.1402
eta,q 0.94517 13.59783
  0.0673  0.0749  0.0592  0.0576  0.0601  0.0573
  0.0629  0.0646  0.0572  0.0550  0.0578  0.0563
  0.0593  0.0585  0.0571  0.0552  0.0564  0.0552
  0.0571  0.0572  0.0574  0.0572  0.0549  0.0547
  0.0583  0.0578  0.0580  0.0590  0.0550  0.0555
  0.0629  0.0595  0.0587  0.0600  0.0563  0.0580
  0.0710  0.0624  0.0616  0.0616  0.0586  0.0612
niter,ni,del,rscale     6    3   12.0000    1.2000
parameters
   -0.3975   -7.5086    7.0936   -9.2576    2.6508   -0.7237
eta,q 0.94741 13.61724
  0.0641  0.0713  0.0569  0.0574  0.0603  0.0557
  0.0591  0.0640  0.0542  0.0549  0.0568  0.0544
  0.0562  0.0586  0.0529  0.0525  0.0538  0.0531
  0.0548  0.0551  0.0541  0.0536  0.0524  0.0524
  0.0565  0.0542  0.0551  0.0561  0.0528  0.0532
  0.0619  0.0564  0.0550  0.0593  0.0543  0.0557
  0.0689  0.0599  0.0571  0.0621  0.0569  0.0591
niter,ni,del,rscale     5    3   12.0000    1.2000
parameters
   -0.8795   -6.4004    7.2339  -10.2649    2.8486   -1.3080
eta,q 0.94761 13.66531
  0.0648  0.0671  0.0574  0.0587  0.0588  0.0557
  0.0582  0.0617  0.0543  0.0553  0.0550  0.0543
  0.0538  0.0566  0.0519  0.0527  0.0526  0.0530
  0.0526  0.0527  0.0525  0.0526  0.0522  0.0523
  0.0542  0.0534  0.0541  0.0553  0.0531  0.0530
  0.0612  0.0561  0.0538  0.0581  0.0549  0.0550
  0.0702  0.0611  0.0564  0.0617  0.0575  0.0579
niter,ni,del,rscale     4    3   12.0000    1.2000
parameters
   -0.8769   -5.7807    7.1813  -10.8396    2.8013   -1.4770
eta,q 0.94784 13.68553
  0.0667  0.0657  0.0570  0.0596  0.0581  0.0561
  0.0595  0.0609  0.0538  0.0559  0.0544  0.0544
  0.0543  0.0555  0.0514  0.0529  0.0523  0.0530
  0.0524  0.0524  0.0523  0.0523  0.0521  0.0521
  0.0531  0.0535  0.0536  0.0546  0.0529  0.0526
  0.0585  0.0569  0.0534  0.0577  0.0549  0.0544
  0.0678  0.0627  0.0567  0.0614  0.0579  0.0570
niter,ni,del,rscale     3    3   12.0000    1.2000
parameters
   -0.8067   -5.5049    7.1473  -11.1352    2.7645   -1.5213
eta,q 0.94795 13.69113
  0.0668  0.0650  0.0569  0.0601  0.0581  0.0564
  0.0596  0.0601  0.0537  0.0565  0.0544  0.0544
  0.0542  0.0547  0.0513  0.0532  0.0523  0.0529
  0.0522  0.0521  0.0521  0.0521  0.0521  0.0520
  0.0528  0.0536  0.0533  0.0542  0.0528  0.0526
  0.0580  0.0576  0.0532  0.0574  0.0548  0.0542
  0.0672  0.0640  0.0567  0.0610  0.0579  0.0568
niter,ni,del,rscale     2    3   12.0000    1.2000
parameters
   -0.7767   -5.3824    7.1165  -11.2614    2.7621   -1.5351
eta,q 0.94800 13.69318
  0.0667  0.0646  0.0569  0.0604  0.0582  0.0565
  0.0594  0.0597  0.0537  0.0567  0.0545  0.0544
  0.0540  0.0544  0.0512  0.0534  0.0523  0.0528
  0.0520  0.0520  0.0521  0.0520  0.0520  0.0520
  0.0528  0.0538  0.0533  0.0539  0.0528  0.0525
  0.0582  0.0581  0.0532  0.0572  0.0548  0.0542
  0.0674  0.0646  0.0567  0.0607  0.0578  0.0568
niter,ni,del,rscale     1    3   12.0000    1.2000
parameters
   -0.7734   -5.3384    7.1001  -11.3051    2.7670   -1.5385
eta,q 0.94800 13.69391
  0.0666  0.0645  0.0569  0.0606  0.0582  0.0565
  0.0594  0.0594  0.0536  0.0569  0.0545  0.0544
  0.0539  0.0542  0.0512  0.0534  0.0523  0.0528
  0.0520  0.0520  0.0520  0.0520  0.0520  0.0520
  0.0529  0.0539  0.0532  0.0538  0.0527  0.0525
  0.0583  0.0583  0.0531  0.0570  0.0547  0.0542
  0.0676  0.0649  0.0567  0.0606  0.0578  0.0567
registration optimization eta report
parameter search radius
    6.0000    6.9000    6.0000    7.9350    6.0000    6.0000
100000*second partial in parameter space
       42.       26.       14.       13.       17.       12.
  0.0666  0.0645  0.0569  0.0606  0.0582  0.0565
  0.0594  0.0594  0.0536  0.0569  0.0545  0.0544
  0.0539  0.0542  0.0512  0.0534  0.0523  0.0528
  0.0520  0.0520  0.0520  0.0520  0.0520  0.0520
  0.0529  0.0539  0.0532  0.0538  0.0527  0.0525
  0.0583  0.0583  0.0531  0.0570  0.0547  0.0542
  0.0676  0.0649  0.0567  0.0606  0.0578  0.0567
   -0.7734   -5.3384    7.1001  -11.3051    2.7670   -1.5385
eta,q 0.94800 13.69391

---------------------------------------------------------------------
imgreg_4dfp /opt/freesurfer/average/711-2C_as_mni_average_305 /opt/freesurfer/average/711-2B_as_mni_average_305_mask talsrcimg_g11 none talsrcimg_to_711-2C_as_mni_average_305_t4 3335
---------------------------------------------------------------------

freesurfer imgreg_4dfp.c
/opt/freesurfer/average/711-2C_as_mni_average_305.4dfp.img
       256       256       256         1
  1.000000  1.000000  1.000000
orientation T byte_order littleendian
Reading image: /opt/freesurfer/average/711-2C_as_mni_average_305.4dfp.img
dimensions:      256       256       256
mmppix:       1.0000   -1.0000   -1.0000
center:     128.0000 -129.0000 -129.0000
/opt/freesurfer/average/711-2B_as_mni_average_305_mask.4dfp.img
       256       256       256         1
  1.000000  1.000000  1.000000
orientation T byte_order littleendian
Reading mask: /opt/freesurfer/average/711-2B_as_mni_average_305_mask.4dfp.img (2306576 pixels)
talsrcimg_g11.4dfp.img
       256       256       256         1
  1.000000  1.000000  1.000000
orientation T byte_order littleendian
Reading image: talsrcimg_g11.4dfp.img
dimensions:      256       256       256
mmppix:       1.0000   -1.0000   -1.0000
center:     128.0000 -129.0000 -129.0000
fimgreg.f
image alignment mode   3335 decimal      D07 hex
parameters
   -0.7734   -5.3384    7.1001   -0.1526   -2.0010   -2.0546
    3.5787   -4.2057   -2.6817   19.7234    4.8274  -19.5805
eta,q 0.94951 13.87001
niter,ni,del,rscale     5    3    5.0000    1.2000
parameter  4  1.440114 ->  0.500000 qaram    1.1500
parameter  5  3.797474 ->  0.500000 qaram    1.1500
parameter  6  2.051471 ->  0.500000 qaram    1.1500
parameter 10  0.766163 ->  0.500000 qaram    1.1500
parameter 11  0.693387 ->  0.500000 qaram    1.1500
parameter 12  0.954567 ->  0.500000 qaram    1.1500
parameters
   -0.8460   -5.2684    6.7055   -4.2926   -6.1410   -6.1946
    1.9053   -4.3148   -0.6464   15.5834    0.6874  -23.7205
eta,q 0.96770 13.25692
  0.0531  0.0521  0.0511  0.0454  0.0379  0.0346  0.0374  0.0409  0.0390  0.0341  0.0335  0.0323
  0.0517  0.0512  0.0509  0.0462  0.0405  0.0355  0.0364  0.0383  0.0376  0.0339  0.0333  0.0322
  0.0508  0.0507  0.0506  0.0479  0.0434  0.0381  0.0359  0.0364  0.0365  0.0345  0.0335  0.0326
  0.0505  0.0505  0.0505  0.0505  0.0465  0.0413  0.0360  0.0359  0.0359  0.0357  0.0340  0.0333
  0.0508  0.0506  0.0507  0.0540  0.0499  0.0444  0.0368  0.0367  0.0357  0.0376  0.0349  0.0343
  0.0519  0.0511  0.0512  0.0578  0.0537  0.0482  0.0380  0.0386  0.0360  0.0401  0.0361  0.0354
  0.0535  0.0519  0.0520  0.0616  0.0578  0.0520  0.0395  0.0411  0.0368  0.0434  0.0375  0.0367
niter,ni,del,rscale     7    3    5.0000    1.2000
parameter  3  0.500926 ->  0.500000 qaram    1.1500
parameter  5  1.691530 ->  0.500000 qaram    1.3225
parameters
   -0.7373   -5.9917    5.3255   -7.5216  -10.9020   -9.4235
    1.6809   -3.5623    0.0552   15.8372    0.2515  -26.6430
eta,q 0.97410 12.81935
  0.0365  0.0332  0.0322  0.0325  0.0247  0.0278  0.0288  0.0312  0.0289  0.0304  0.0273  0.0268
  0.0344  0.0324  0.0315  0.0316  0.0258  0.0271  0.0274  0.0288  0.0276  0.0284  0.0267  0.0261
  0.0329  0.0321  0.0314  0.0310  0.0280  0.0262  0.0265  0.0271  0.0266  0.0270  0.0263  0.0259
  0.0323  0.0323  0.0321  0.0314  0.0311  0.0263  0.0263  0.0263  0.0262  0.0262  0.0262  0.0262
  0.0326  0.0330  0.0333  0.0333  0.0347  0.0289  0.0267  0.0264  0.0263  0.0263  0.0263  0.0269
  0.0339  0.0342  0.0351  0.0366  0.0386  0.0335  0.0277  0.0275  0.0270  0.0277  0.0268  0.0279
  0.0359  0.0358  0.0372  0.0410  0.0430  0.0384  0.0291  0.0296  0.0281  0.0303  0.0277  0.0293
niter,ni,del,rscale     7    3    5.0000    1.2000
parameter  5  0.619989 ->  0.500000 qaram    1.5209
parameters
   -0.5788   -5.7353    4.9507   -6.6698  -16.3771  -10.3437
    1.6177   -3.4283    0.0916   17.0266    0.1414  -28.3278
eta,q 0.97611 12.53019
  0.0296  0.0294  0.0276  0.0292  0.0246  0.0267  0.0266  0.0283  0.0261  0.0287  0.0252  0.0250
  0.0277  0.0276  0.0265  0.0278  0.0239  0.0255  0.0253  0.0261  0.0250  0.0266  0.0245  0.0243
  0.0264  0.0264  0.0259  0.0267  0.0241  0.0247  0.0244  0.0247  0.0243  0.0250  0.0241  0.0239
  0.0259  0.0259  0.0259  0.0258  0.0256  0.0238  0.0241  0.0241  0.0241  0.0241  0.0240  0.0240
  0.0261  0.0260  0.0264  0.0254  0.0285  0.0237  0.0245  0.0244  0.0243  0.0240  0.0241  0.0244
  0.0271  0.0268  0.0273  0.0263  0.0324  0.0258  0.0254  0.0258  0.0250  0.0249  0.0245  0.0252
  0.0288  0.0282  0.0287  0.0286  0.0367  0.0300  0.0266  0.0281  0.0261  0.0269  0.0253  0.0263
niter,ni,del,rscale     7    3    5.0000    1.2000
parameters
   -0.5022   -5.5052    5.0299   -6.1632  -17.9419  -10.3521
    1.6836   -3.3998    0.0300   17.5293   -0.1075  -28.8530
eta,q 0.97617 12.46898
  0.0274  0.0272  0.0260  0.0269  0.0276  0.0272  0.0263  0.0282  0.0257  0.0279  0.0250  0.0252
  0.0256  0.0254  0.0249  0.0257  0.0257  0.0258  0.0250  0.0259  0.0247  0.0260  0.0244  0.0244
  0.0244  0.0243  0.0242  0.0247  0.0243  0.0248  0.0242  0.0244  0.0241  0.0246  0.0240  0.0240
  0.0239  0.0239  0.0239  0.0239  0.0238  0.0239  0.0239  0.0239  0.0239  0.0239  0.0238  0.0238
  0.0242  0.0241  0.0241  0.0237  0.0246  0.0233  0.0242  0.0243  0.0241  0.0240  0.0240  0.0241
  0.0253  0.0248  0.0247  0.0246  0.0273  0.0245  0.0250  0.0257  0.0248  0.0251  0.0244  0.0247
  0.0270  0.0261  0.0258  0.0268  0.0315  0.0286  0.0262  0.0282  0.0258  0.0273  0.0252  0.0256
niter,ni,del,rscale     6    3    5.0000    1.2000
parameters
   -0.4927   -5.4443    5.0771   -6.1392  -18.1865  -10.3248
    1.7245   -3.3794    0.0151   17.6453   -0.1960  -28.9280
eta,q 0.97615 12.45842
  0.0272  0.0266  0.0259  0.0267  0.0285  0.0273  0.0263  0.0282  0.0257  0.0276  0.0250  0.0253
  0.0254  0.0250  0.0248  0.0255  0.0263  0.0259  0.0250  0.0259  0.0247  0.0257  0.0244  0.0245
  0.0243  0.0241  0.0241  0.0246  0.0248  0.0248  0.0242  0.0244  0.0241  0.0244  0.0240  0.0241
  0.0238  0.0238  0.0238  0.0238  0.0238  0.0239  0.0239  0.0239  0.0239  0.0239  0.0238  0.0238
  0.0242  0.0242  0.0240  0.0238  0.0240  0.0233  0.0242  0.0243  0.0241  0.0241  0.0240  0.0240
  0.0254  0.0250  0.0247  0.0249  0.0260  0.0246  0.0250  0.0258  0.0247  0.0254  0.0244  0.0246
  0.0272  0.0262  0.0258  0.0273  0.0297  0.0287  0.0262  0.0283  0.0257  0.0276  0.0252  0.0254
niter,ni,del,rscale     5    3    5.0000    1.2000
parameters
   -0.4905   -5.4297    5.0875   -6.1296  -18.2156  -10.3258
    1.7349   -3.3674    0.0216   17.6624   -0.2157  -28.9293
eta,q 0.97615 12.45729
  0.0272  0.0264  0.0258  0.0267  0.0286  0.0273  0.0263  0.0282  0.0257  0.0275  0.0251  0.0253
  0.0254  0.0249  0.0247  0.0255  0.0264  0.0259  0.0250  0.0259  0.0247  0.0257  0.0244  0.0246
  0.0243  0.0241  0.0241  0.0246  0.0248  0.0248  0.0241  0.0244  0.0241  0.0244  0.0240  0.0241
  0.0239  0.0239  0.0238  0.0238  0.0238  0.0239  0.0239  0.0239  0.0239  0.0239  0.0239  0.0238
  0.0242  0.0242  0.0241  0.0238  0.0240  0.0233  0.0242  0.0243  0.0241  0.0241  0.0240  0.0240
  0.0254  0.0250  0.0247  0.0249  0.0258  0.0246  0.0250  0.0258  0.0247  0.0254  0.0244  0.0245
  0.0272  0.0262  0.0258  0.0273  0.0294  0.0287  0.0262  0.0283  0.0257  0.0277  0.0251  0.0254
registration optimization eta report
parameter search radius
    2.4000    2.4000    2.7600    8.2800   10.9503    8.2800
    7.2000    7.2000    7.2000    8.2800    8.2800    8.2800
100000*second partial in parameter space
       58.       43.       26.        5.        4.        6.
        5.        9.        4.        5.        2.        2.
  0.0272  0.0264  0.0258  0.0267  0.0286  0.0273  0.0263  0.0282  0.0257  0.0275  0.0251  0.0253
  0.0254  0.0249  0.0247  0.0255  0.0264  0.0259  0.0250  0.0259  0.0247  0.0257  0.0244  0.0246
  0.0243  0.0241  0.0241  0.0246  0.0248  0.0248  0.0241  0.0244  0.0241  0.0244  0.0240  0.0241
  0.0239  0.0239  0.0238  0.0238  0.0238  0.0239  0.0239  0.0239  0.0239  0.0239  0.0239  0.0238
  0.0242  0.0242  0.0241  0.0238  0.0240  0.0233  0.0242  0.0243  0.0241  0.0241  0.0240  0.0240
  0.0254  0.0250  0.0247  0.0249  0.0258  0.0246  0.0250  0.0258  0.0247  0.0254  0.0244  0.0245
  0.0272  0.0262  0.0258  0.0273  0.0294  0.0287  0.0262  0.0283  0.0257  0.0277  0.0251  0.0254
   -0.4905   -5.4297    5.0875   -6.1296  -18.2156  -10.3258
    1.7349   -3.3674    0.0216   17.6624   -0.2157  -28.9293
eta,q 0.97615 12.45729

---------------------------------------------------------------------
imgreg_4dfp /opt/freesurfer/average/711-2C_as_mni_average_305 /opt/freesurfer/average/711-2B_as_mni_average_305_mask talsrcimg_g11 none talsrcimg_to_711-2C_as_mni_average_305_t4 2311
---------------------------------------------------------------------

freesurfer imgreg_4dfp.c
/opt/freesurfer/average/711-2C_as_mni_average_305.4dfp.img
       256       256       256         1
  1.000000  1.000000  1.000000
orientation T byte_order littleendian
Reading image: /opt/freesurfer/average/711-2C_as_mni_average_305.4dfp.img
dimensions:      256       256       256
mmppix:       1.0000   -1.0000   -1.0000
center:     128.0000 -129.0000 -129.0000
/opt/freesurfer/average/711-2B_as_mni_average_305_mask.4dfp.img
       256       256       256         1
  1.000000  1.000000  1.000000
orientation T byte_order littleendian
Reading mask: /opt/freesurfer/average/711-2B_as_mni_average_305_mask.4dfp.img (2306576 pixels)
talsrcimg_g11.4dfp.img
       256       256       256         1
  1.000000  1.000000  1.000000
orientation T byte_order littleendian
Reading image: talsrcimg_g11.4dfp.img
dimensions:      256       256       256
mmppix:       1.0000   -1.0000   -1.0000
center:     128.0000 -129.0000 -129.0000
fimgreg.f
image alignment mode   2311 decimal      907 hex
parameters
   -0.4905   -5.4297    5.0875   -6.1296  -18.2155  -10.3258
    1.7349   -3.3674    0.0216   17.6624   -0.2157  -28.9293
eta,q 0.97615 12.45728
niter,ni,del,rscale     5    3    5.0000    0.8000
parameters
   -0.4822   -5.4971    5.0912   -5.0304  -16.9638   -8.3327
    1.8753   -3.5087    0.0931   17.4625   -0.6001  -28.9481
eta,q 0.97692 12.66145
  0.0254  0.0249  0.0245  0.0253  0.0252  0.0255  0.0244  0.0257  0.0241  0.0245  0.0237  0.0236
  0.0246  0.0243  0.0242  0.0247  0.0245  0.0248  0.0237  0.0242  0.0235  0.0237  0.0233  0.0233
  0.0240  0.0239  0.0239  0.0243  0.0240  0.0242  0.0233  0.0233  0.0232  0.0232  0.0231  0.0231
  0.0239  0.0238  0.0238  0.0238  0.0237  0.0236  0.0231  0.0231  0.0231  0.0231  0.0231  0.0231
  0.0240  0.0240  0.0239  0.0237  0.0236  0.0231  0.0232  0.0235  0.0232  0.0233  0.0232  0.0231
  0.0245  0.0244  0.0241  0.0239  0.0238  0.0232  0.0236  0.0244  0.0235  0.0239  0.0234  0.0233
  0.0254  0.0250  0.0245  0.0245  0.0242  0.0240  0.0243  0.0260  0.0240  0.0248  0.0239  0.0236
niter,ni,del,rscale     4    3    5.0000    0.7000
parameters
   -0.4806   -5.4238    5.2047   -5.3377  -16.8899   -8.5683
    1.8311   -3.4304    0.1457   17.6557   -0.6052  -28.7628
eta,q 0.97688 12.65034
  0.0245  0.0241  0.0239  0.0241  0.0239  0.0245  0.0241  0.0252  0.0239  0.0244  0.0236  0.0236
  0.0237  0.0236  0.0235  0.0236  0.0235  0.0240  0.0235  0.0241  0.0235  0.0237  0.0233  0.0233
  0.0232  0.0232  0.0232  0.0232  0.0232  0.0235  0.0232  0.0234  0.0232  0.0233  0.0232  0.0232
  0.0231  0.0231  0.0231  0.0231  0.0231  0.0231  0.0231  0.0231  0.0231  0.0231  0.0231  0.0231
  0.0232  0.0232  0.0231  0.0233  0.0231  0.0231  0.0232  0.0233  0.0232  0.0232  0.0232  0.0231
  0.0237  0.0234  0.0233  0.0238  0.0234  0.0238  0.0236  0.0240  0.0234  0.0236  0.0233  0.0233
  0.0245  0.0239  0.0237  0.0246  0.0240  0.0253  0.0241  0.0250  0.0238  0.0242  0.0236  0.0235
niter,ni,del,rscale     3    3    5.0000    0.6000
parameters
   -0.4647   -5.4398    5.1843   -5.2318  -16.8219   -8.3951
    1.8297   -3.4323    0.1569   17.6003   -0.6167  -28.7747
eta,q 0.97692 12.66323
  0.0241  0.0238  0.0236  0.0240  0.0237  0.0243  0.0238  0.0246  0.0236  0.0239  0.0234  0.0234
  0.0236  0.0234  0.0233  0.0236  0.0234  0.0239  0.0234  0.0238  0.0233  0.0235  0.0232  0.0232
  0.0232  0.0232  0.0232  0.0233  0.0232  0.0234  0.0232  0.0232  0.0231  0.0232  0.0231  0.0231
  0.0231  0.0231  0.0231  0.0231  0.0231  0.0231  0.0231  0.0231  0.0231  0.0231  0.0231  0.0231
  0.0232  0.0232  0.0232  0.0232  0.0231  0.0231  0.0232  0.0233  0.0231  0.0232  0.0231  0.0231
  0.0235  0.0234  0.0234  0.0235  0.0233  0.0234  0.0234  0.0238  0.0233  0.0235  0.0232  0.0232
  0.0241  0.0238  0.0236  0.0240  0.0237  0.0244  0.0238  0.0246  0.0236  0.0240  0.0235  0.0234
niter,ni,del,rscale     2    3    5.0000    0.5000
parameters
   -0.4676   -5.4364    5.2051   -5.1887  -16.7522   -8.1803
    1.8264   -3.4592    0.1530   17.5660   -0.6149  -28.7821
eta,q 0.97695 12.67526
  0.0238  0.0236  0.0235  0.0237  0.0235  0.0240  0.0236  0.0241  0.0234  0.0237  0.0233  0.0233
  0.0234  0.0233  0.0233  0.0234  0.0233  0.0237  0.0233  0.0235  0.0232  0.0233  0.0232  0.0232
  0.0232  0.0231  0.0231  0.0232  0.0231  0.0233  0.0231  0.0232  0.0231  0.0231  0.0231  0.0231
  0.0231  0.0231  0.0231  0.0231  0.0231  0.0231  0.0231  0.0231  0.0231  0.0231  0.0231  0.0231
  0.0232  0.0231  0.0231  0.0231  0.0231  0.0231  0.0231  0.0232  0.0231  0.0231  0.0231  0.0231
  0.0234  0.0233  0.0232  0.0234  0.0232  0.0233  0.0233  0.0236  0.0232  0.0233  0.0232  0.0231
  0.0238  0.0236  0.0234  0.0238  0.0235  0.0239  0.0236  0.0242  0.0234  0.0237  0.0233  0.0233
niter,ni,del,rscale     1    3    5.0000    0.4000
parameters
   -0.4734   -5.4241    5.2388   -5.1778  -16.6957   -8.0027
    1.8260   -3.4956    0.1549   17.5350   -0.6033  -28.7468
eta,q 0.97696 12.68361
  0.0235  0.0234  0.0233  0.0235  0.0233  0.0237  0.0234  0.0237  0.0233  0.0234  0.0232  0.0232
  0.0233  0.0232  0.0232  0.0233  0.0232  0.0234  0.0232  0.0233  0.0231  0.0232  0.0231  0.0231
  0.0231  0.0231  0.0231  0.0231  0.0231  0.0232  0.0231  0.0231  0.0231  0.0231  0.0231  0.0231
  0.0231  0.0231  0.0231  0.0231  0.0231  0.0230  0.0230  0.0230  0.0230  0.0230  0.0230  0.0230
  0.0231  0.0231  0.0231  0.0231  0.0231  0.0231  0.0231  0.0231  0.0231  0.0231  0.0231  0.0230
  0.0233  0.0232  0.0231  0.0233  0.0232  0.0232  0.0232  0.0234  0.0231  0.0232  0.0231  0.0231
  0.0235  0.0233  0.0233  0.0235  0.0233  0.0236  0.0234  0.0238  0.0233  0.0235  0.0232  0.0232
registration optimization eta report
parameter search radius
    0.8000    0.8000    0.8000    2.4000    2.4000    2.4000
    2.4000    2.4000    2.4000    2.4000    2.4000    2.4000
100000*second partial in parameter space
       72.       49.       38.        8.        5.       11.
        6.       13.        4.        7.        3.        2.
  0.0235  0.0234  0.0233  0.0235  0.0233  0.0237  0.0234  0.0237  0.0233  0.0234  0.0232  0.0232
  0.0233  0.0232  0.0232  0.0233  0.0232  0.0234  0.0232  0.0233  0.0231  0.0232  0.0231  0.0231
  0.0231  0.0231  0.0231  0.0231  0.0231  0.0232  0.0231  0.0231  0.0231  0.0231  0.0231  0.0231
  0.0231  0.0231  0.0231  0.0231  0.0231  0.0230  0.0230  0.0230  0.0230  0.0230  0.0230  0.0230
  0.0231  0.0231  0.0231  0.0231  0.0231  0.0231  0.0231  0.0231  0.0231  0.0231  0.0231  0.0230
  0.0233  0.0232  0.0231  0.0233  0.0232  0.0232  0.0232  0.0234  0.0231  0.0232  0.0231  0.0231
  0.0235  0.0233  0.0233  0.0235  0.0233  0.0236  0.0234  0.0238  0.0233  0.0235  0.0232  0.0232
   -0.4734   -5.4241    5.2388   -5.1778  -16.6957   -8.0027
    1.8260   -3.4956    0.1549   17.5350   -0.6033  -28.7468
eta,q 0.97696 12.68361

---------------------------------------------------------------------
imgreg_4dfp /opt/freesurfer/average/711-2C_as_mni_average_305 /opt/freesurfer/average/711-2B_as_mni_average_305_mask talsrcimg_g11 none talsrcimg_to_711-2C_as_mni_average_305_t4 2311
---------------------------------------------------------------------

freesurfer imgreg_4dfp.c
/opt/freesurfer/average/711-2C_as_mni_average_305.4dfp.img
       256       256       256         1
  1.000000  1.000000  1.000000
orientation T byte_order littleendian
Reading image: /opt/freesurfer/average/711-2C_as_mni_average_305.4dfp.img
dimensions:      256       256       256
mmppix:       1.0000   -1.0000   -1.0000
center:     128.0000 -129.0000 -129.0000
/opt/freesurfer/average/711-2B_as_mni_average_305_mask.4dfp.img
       256       256       256         1
  1.000000  1.000000  1.000000
orientation T byte_order littleendian
Reading mask: /opt/freesurfer/average/711-2B_as_mni_average_305_mask.4dfp.img (2306576 pixels)
talsrcimg_g11.4dfp.img
       256       256       256         1
  1.000000  1.000000  1.000000
orientation T byte_order littleendian
Reading image: talsrcimg_g11.4dfp.img
dimensions:      256       256       256
mmppix:       1.0000   -1.0000   -1.0000
center:     128.0000 -129.0000 -129.0000
fimgreg.f
image alignment mode   2311 decimal      907 hex
parameters
   -0.4734   -5.4241    5.2388   -5.1778  -16.6957   -8.0027
    1.8260   -3.4956    0.1549   17.5350   -0.6033  -28.7468
eta,q 0.97696 12.68362
niter,ni,del,rscale     5    3    5.0000    0.8000
parameters
   -0.4776   -5.3937    5.2748   -5.5747  -16.9959   -8.6919
    1.7921   -3.4278    0.1423   17.7010   -0.5913  -28.6649
eta,q 0.97683 12.62934
  0.0248  0.0243  0.0241  0.0243  0.0240  0.0246  0.0244  0.0257  0.0241  0.0247  0.0237  0.0237
  0.0239  0.0236  0.0235  0.0237  0.0235  0.0240  0.0237  0.0244  0.0236  0.0240  0.0234  0.0234
  0.0232  0.0232  0.0232  0.0233  0.0232  0.0234  0.0233  0.0235  0.0233  0.0234  0.0232  0.0232
  0.0230  0.0230  0.0230  0.0230  0.0231  0.0231  0.0232  0.0232  0.0232  0.0232  0.0232  0.0232
  0.0233  0.0232  0.0231  0.0233  0.0232  0.0233  0.0233  0.0234  0.0233  0.0233  0.0232  0.0232
  0.0239  0.0236  0.0235  0.0239  0.0236  0.0244  0.0237  0.0242  0.0236  0.0237  0.0234  0.0234
  0.0248  0.0242  0.0240  0.0250  0.0244  0.0267  0.0244  0.0256  0.0241  0.0246  0.0238  0.0237
niter,ni,del,rscale     4    3    5.0000    0.7000
parameters
   -0.4620   -5.4486    5.1832   -5.3117  -16.8984   -8.6290
    1.8206   -3.4154    0.1512   17.6328   -0.5809  -28.7442
eta,q 0.97688 12.64823
  0.0245  0.0240  0.0238  0.0243  0.0240  0.0246  0.0241  0.0251  0.0238  0.0242  0.0236  0.0235
  0.0238  0.0235  0.0234  0.0238  0.0236  0.0241  0.0236  0.0240  0.0234  0.0237  0.0233  0.0233
  0.0233  0.0232  0.0232  0.0234  0.0233  0.0235  0.0232  0.0233  0.0232  0.0233  0.0232  0.0232
  0.0232  0.0232  0.0232  0.0232  0.0231  0.0231  0.0231  0.0231  0.0231  0.0231  0.0231  0.0231
  0.0233  0.0233  0.0233  0.0232  0.0232  0.0231  0.0232  0.0234  0.0232  0.0232  0.0232  0.0232
  0.0237  0.0236  0.0235  0.0235  0.0234  0.0236  0.0235  0.0240  0.0234  0.0237  0.0233  0.0233
  0.0245  0.0242  0.0239  0.0242  0.0240  0.0249  0.0241  0.0251  0.0238  0.0244  0.0236  0.0236
niter,ni,del,rscale     3    3    5.0000    0.6000
parameters
   -0.4651   -5.4462    5.1714   -5.2144  -16.8204   -8.4002
    1.8332   -3.4370    0.1492   17.5896   -0.5971  -28.7847
eta,q 0.97692 12.66370
  0.0241  0.0238  0.0236  0.0240  0.0238  0.0243  0.0238  0.0246  0.0236  0.0239  0.0234  0.0234
  0.0236  0.0234  0.0233  0.0236  0.0234  0.0239  0.0234  0.0238  0.0233  0.0235  0.0232  0.0232
  0.0232  0.0232  0.0232  0.0233  0.0232  0.0235  0.0232  0.0232  0.0231  0.0232  0.0231  0.0231
  0.0231  0.0231  0.0231  0.0231  0.0231  0.0231  0.0231  0.0231  0.0231  0.0231  0.0231  0.0231
  0.0232  0.0232  0.0232  0.0232  0.0232  0.0231  0.0232  0.0233  0.0231  0.0232  0.0231  0.0231
  0.0236  0.0234  0.0234  0.0235  0.0234  0.0234  0.0234  0.0238  0.0233  0.0235  0.0232  0.0232
  0.0241  0.0238  0.0236  0.0240  0.0238  0.0243  0.0238  0.0246  0.0236  0.0240  0.0235  0.0234
niter,ni,del,rscale     2    3    5.0000    0.5000
parameters
   -0.4697   -5.4359    5.2012   -5.1826  -16.7595   -8.1851
    1.8215   -3.4637    0.1520   17.5653   -0.6172  -28.7958
eta,q 0.97695 12.67498
  0.0238  0.0236  0.0235  0.0237  0.0235  0.0240  0.0236  0.0241  0.0234  0.0237  0.0233  0.0233
  0.0234  0.0233  0.0233  0.0234  0.0233  0.0237  0.0233  0.0235  0.0232  0.0233  0.0232  0.0232
  0.0232  0.0231  0.0231  0.0232  0.0231  0.0233  0.0231  0.0232  0.0231  0.0231  0.0231  0.0231
  0.0231  0.0231  0.0231  0.0231  0.0231  0.0231  0.0231  0.0231  0.0231  0.0231  0.0231  0.0231
  0.0232  0.0231  0.0231  0.0231  0.0231  0.0231  0.0231  0.0232  0.0231  0.0231  0.0231  0.0231
  0.0234  0.0233  0.0232  0.0234  0.0232  0.0233  0.0233  0.0236  0.0232  0.0233  0.0232  0.0232
  0.0238  0.0236  0.0234  0.0238  0.0235  0.0239  0.0236  0.0242  0.0234  0.0237  0.0233  0.0233
niter,ni,del,rscale     1    3    5.0000    0.4000
parameters
   -0.4733   -5.4241    5.2369   -5.1868  -16.7048   -7.9993
    1.8275   -3.4967    0.1462   17.5405   -0.6100  -28.7614
eta,q 0.97696 12.68297
  0.0235  0.0234  0.0233  0.0235  0.0233  0.0237  0.0234  0.0237  0.0233  0.0234  0.0232  0.0232
  0.0233  0.0232  0.0232  0.0233  0.0232  0.0234  0.0232  0.0233  0.0231  0.0232  0.0231  0.0231
  0.0231  0.0231  0.0231  0.0231  0.0231  0.0232  0.0231  0.0231  0.0231  0.0231  0.0231  0.0231
  0.0231  0.0231  0.0231  0.0231  0.0231  0.0231  0.0230  0.0230  0.0230  0.0230  0.0230  0.0230
  0.0231  0.0231  0.0231  0.0231  0.0231  0.0231  0.0231  0.0231  0.0231  0.0231  0.0231  0.0230
  0.0233  0.0232  0.0231  0.0233  0.0232  0.0232  0.0232  0.0234  0.0231  0.0232  0.0231  0.0231
  0.0235  0.0234  0.0233  0.0235  0.0233  0.0236  0.0234  0.0238  0.0233  0.0235  0.0232  0.0232
registration optimization eta report
parameter search radius
    0.8000    0.8000    0.8000    2.4000    2.4000    2.4000
    2.4000    2.4000    2.4000    2.4000    2.4000    2.4000
100000*second partial in parameter space
       72.       49.       38.        8.        5.       11.
        6.       13.        4.        7.        3.        2.
  0.0235  0.0234  0.0233  0.0235  0.0233  0.0237  0.0234  0.0237  0.0233  0.0234  0.0232  0.0232
  0.0233  0.0232  0.0232  0.0233  0.0232  0.0234  0.0232  0.0233  0.0231  0.0232  0.0231  0.0231
  0.0231  0.0231  0.0231  0.0231  0.0231  0.0232  0.0231  0.0231  0.0231  0.0231  0.0231  0.0231
  0.0231  0.0231  0.0231  0.0231  0.0231  0.0231  0.0230  0.0230  0.0230  0.0230  0.0230  0.0230
  0.0231  0.0231  0.0231  0.0231  0.0231  0.0231  0.0231  0.0231  0.0231  0.0231  0.0231  0.0230
  0.0233  0.0232  0.0231  0.0233  0.0232  0.0232  0.0232  0.0234  0.0231  0.0232  0.0231  0.0231
  0.0235  0.0234  0.0233  0.0235  0.0233  0.0236  0.0234  0.0238  0.0233  0.0235  0.0232  0.0232
   -0.4733   -5.4241    5.2369   -5.1868  -16.7048   -7.9993
    1.8275   -3.4967    0.1462   17.5405   -0.6100  -28.7614
eta,q 0.97696 12.68297

---------------------------------------------------------------------
compute_vox2vox talsrcimg talsrcimg_to_711-2C_as_mni_average_305_t4 /opt/freesurfer/average/711-2C_as_mni_average_305
---------------------------------------------------------------------

freesurfer compute_vox2vox.c
Reading: talsrcimg.4dfp.ifh
Reading: talsrcimg_to_711-2C_as_mni_average_305_t4
Reading: /opt/freesurfer/average/711-2C_as_mni_average_305.4dfp.ifh
Writing: talsrcimg_to_711-2C_as_mni_average_305_t4_vox2vox.txt

start time Mon Mar 2 12:37:15 CET 2026
end		time Mon Mar 2 12:37:35 CET 2026

mpr2mni305 success

avi2talxfm orig_nu.mgz /opt/freesurfer/average/mni305.cor.mgz talsrcimg_to_711-2C_as_mni_average_305_t4_vox2vox.txt transforms/talairach.auto.xfm
avi2talxfm done
mv -f /out/sourcedata/freesurfer/sub-v1s10x0050968_ses-1/mri/talsrcimg_to_711-2C_as_mni_average_305_t4_vox2vox.txt /out/sourcedata/freesurfer/sub-v1s10x0050968_ses-1/mri/transforms/talsrcimg_to_711-2C_as_mni_average_305_t4_vox2vox.txt
lta_convert --src orig_nu.mgz --trg /opt/freesurfer/average/mni305.cor.mgz --inxfm transforms/talairach.auto.xfm --outlta transforms/talairach.auto.xfm.lta --subject fsaverage
7.3.2

--src: orig_nu.mgz src image (geometry).
--trg: /opt/freesurfer/average/mni305.cor.mgz trg image (geometry).
--inmni: transforms/talairach.auto.xfm input MNI/XFM transform.
--outlta: transforms/talairach.auto.xfm.lta output LTA.
--s: fsaverage subject name
 LTA read, type : 1
 1.05499   0.04176  -0.00873  -3.43228;
 0.00602   1.02005   0.35209  -2.08158;
-0.00312  -0.21488   1.12642   7.28084;
 0.00000   0.00000   0.00000   1.00000;
setting subject to fsaverage
Writing  LTA to file transforms/talairach.auto.xfm.lta...
lta_convert successful.
 
 
Started at Mon Mar 2 12:37:14 CET 2026
Ended   at Mon Mar  2 12:37:36 CET 2026
talairach_avi done
