status file for recon-all
Tue Mar  3 14:14:50 CET 2026
#@# MotionCor Tue Mar  3 14:14:52 CET 2026
#@# Talairach Tue Mar  3 14:14:59 CET 2026
#@# Talairach Failure Detection Tue Mar  3 14:18:09 CET 2026
#@# Nu Intensity Correction Tue Mar  3 14:18:10 CET 2026
#@# Intensity Normalization Tue Mar  3 14:21:19 CET 2026
recon-all -s sub-v1s20x0050331_ses-1 finished without error at Tue Mar  3 14:22:32 CET 2026



#New# invocation of recon-all 



status file for recon-all
Tue Mar  3 14:31:32 CET 2026
#@# EM Registration Tue Mar  3 14:31:32 CET 2026
recon-all -s sub-v1s20x0050331_ses-1 finished without error at Tue Mar  3 14:34:08 CET 2026



#New# invocation of recon-all 



status file for recon-all
Tue Mar  3 14:34:12 CET 2026
#@# CA Normalize Tue Mar  3 14:34:12 CET 2026
#@# CA Reg Tue Mar  3 14:35:10 CET 2026
#@# SubCort Seg Tue Mar  3 15:25:22 CET 2026
#@# CC Seg Tue Mar  3 15:57:00 CET 2026
#@# Merge ASeg Tue Mar  3 15:57:39 CET 2026
#@# Intensity Normalization2 Tue Mar  3 15:57:39 CET 2026
#@# Mask BFS Tue Mar  3 15:59:36 CET 2026
#@# WM Segmentation Tue Mar  3 15:59:37 CET 2026
#@# Fill Tue Mar  3 16:01:53 CET 2026
recon-all -s sub-v1s20x0050331_ses-1 finished without error at Tue Mar  3 16:02:55 CET 2026



#New# invocation of recon-all 



status file for recon-all
Tue Mar  3 17:05:31 CET 2026
#@# white curv lh Tue Mar  3 17:05:31 CET 2026
#@# white area lh Tue Mar  3 17:05:31 CET 2026
#@# pial curv lh Tue Mar  3 17:05:31 CET 2026
#@# pial area lh Tue Mar  3 17:05:31 CET 2026
#@# thickness lh Tue Mar  3 17:05:31 CET 2026
#@# area and vertex vol lh Tue Mar  3 17:05:31 CET 2026
#@# white curv rh Tue Mar  3 17:05:31 CET 2026
#@# white area rh Tue Mar  3 17:05:31 CET 2026
#@# pial curv rh Tue Mar  3 17:05:31 CET 2026
#@# pial area rh Tue Mar  3 17:05:31 CET 2026
#@# thickness rh Tue Mar  3 17:05:31 CET 2026
#@# area and vertex vol rh Tue Mar  3 17:05:31 CET 2026
#@# Cortical ribbon mask Tue Mar  3 17:05:31 CET 2026
recon-all -s sub-v1s20x0050331_ses-1 finished without error at Tue Mar  3 17:11:15 CET 2026



#New# invocation of recon-all 



status file for recon-all
Tue Mar  3 17:20:03 CET 2026
#@# white curv lh Tue Mar  3 17:20:03 CET 2026
#@# white area lh Tue Mar  3 17:20:03 CET 2026
#@# pial curv lh Tue Mar  3 17:20:03 CET 2026
#@# pial area lh Tue Mar  3 17:20:04 CET 2026
#@# thickness lh Tue Mar  3 17:20:04 CET 2026
#@# area and vertex vol lh Tue Mar  3 17:20:04 CET 2026
#@# white curv rh Tue Mar  3 17:20:04 CET 2026
#@# white area rh Tue Mar  3 17:20:04 CET 2026
#@# pial curv rh Tue Mar  3 17:20:04 CET 2026
#@# pial area rh Tue Mar  3 17:20:04 CET 2026
#@# thickness rh Tue Mar  3 17:20:04 CET 2026
#@# area and vertex vol rh Tue Mar  3 17:20:04 CET 2026
#@# Curvature Stats lh Tue Mar  3 17:20:04 CET 2026
#@# Curvature Stats rh Tue Mar  3 17:20:07 CET 2026
#@# Relabel Hypointensities Tue Mar  3 17:20:09 CET 2026
#@# APas-to-ASeg Tue Mar  3 17:20:26 CET 2026
#@# AParc-to-ASeg aparc Tue Mar  3 17:20:36 CET 2026
#@# AParc-to-ASeg aparc.a2009s Tue Mar  3 17:21:19 CET 2026
#@# AParc-to-ASeg aparc.DKTatlas Tue Mar  3 17:22:03 CET 2026
#@# WMParc Tue Mar  3 17:22:47 CET 2026
#@# ASeg Stats Tue Mar  3 17:25:32 CET 2026
recon-all -s sub-v1s20x0050331_ses-1 finished without error at Tue Mar  3 17:26:02 CET 2026
