status file for recon-all
Fri Mar  6 23:00:47 CET 2026
#@# Tessellate rh Fri Mar  6 23:00:47 CET 2026
#@# Smooth1 rh Fri Mar  6 23:00:49 CET 2026
#@# Inflation1 rh Fri Mar  6 23:00:52 CET 2026
#@# QSphere rh Fri Mar  6 23:01:05 CET 2026
#@# Fix Topology rh Fri Mar  6 23:02:03 CET 2026
#@# Smooth2 rh Fri Mar  6 23:06:49 CET 2026
#@# Inflation2 rh Fri Mar  6 23:06:51 CET 2026
#@# Curv .H and .K rh Fri Mar  6 23:07:05 CET 2026
#@# Sphere rh Fri Mar  6 23:07:43 CET 2026
#@# Surf Reg rh Fri Mar  6 23:11:04 CET 2026
#@# Jacobian white rh Fri Mar  6 23:15:00 CET 2026
#@# AvgCurv rh Fri Mar  6 23:15:01 CET 2026
#@# Cortical Parc rh Fri Mar  6 23:15:01 CET 2026
#@# white curv rh Fri Mar  6 23:20:34 CET 2026
#@# white area rh Fri Mar  6 23:20:36 CET 2026
#@# pial curv rh Fri Mar  6 23:20:36 CET 2026
#@# pial area rh Fri Mar  6 23:20:38 CET 2026
#@# thickness rh Fri Mar  6 23:20:38 CET 2026
#@# area and vertex vol rh Fri Mar  6 23:20:58 CET 2026
#@# Curvature Stats rh Fri Mar  6 23:20:59 CET 2026
#@# Cortical Parc 2 rh Fri Mar  6 23:21:01 CET 2026
#@# Cortical Parc 3 rh Fri Mar  6 23:21:11 CET 2026
#@# WM/GM Contrast rh Fri Mar  6 23:21:19 CET 2026
recon-all -s sub-v1s12x0050134_ses-1 finished without error at Fri Mar  6 23:21:21 CET 2026



#New# invocation of recon-all 



status file for recon-all
Fri Mar  6 23:27:48 CET 2026
#@# white curv rh Fri Mar  6 23:27:48 CET 2026
#@# white area rh Fri Mar  6 23:27:48 CET 2026
#@# pial curv rh Fri Mar  6 23:27:48 CET 2026
#@# pial area rh Fri Mar  6 23:27:48 CET 2026
#@# thickness rh Fri Mar  6 23:27:48 CET 2026
#@# area and vertex vol rh Fri Mar  6 23:27:48 CET 2026
#@# Parcellation Stats rh Fri Mar  6 23:27:48 CET 2026
#@# Parcellation Stats 2 rh Fri Mar  6 23:28:04 CET 2026
#@# Parcellation Stats 3 rh Fri Mar  6 23:28:11 CET 2026
#@# BA_exvivo Labels rh Fri Mar  6 23:28:19 CET 2026
recon-all -s sub-v1s12x0050134_ses-1 finished without error at Fri Mar  6 23:30:26 CET 2026
