status file for recon-all
Tue Mar  3 09:16:11 CET 2026
#@# MotionCor Tue Mar  3 09:16:13 CET 2026
#@# Talairach Tue Mar  3 09:16:21 CET 2026
#@# Talairach Failure Detection Tue Mar  3 09:19:34 CET 2026
#@# Nu Intensity Correction Tue Mar  3 09:19:34 CET 2026
#@# Intensity Normalization Tue Mar  3 09:22:45 CET 2026
recon-all -s sub-v1s19x0051297_ses-1 finished without error at Tue Mar  3 09:24:50 CET 2026



#New# invocation of recon-all 



status file for recon-all
Tue Mar  3 09:34:30 CET 2026
#@# EM Registration Tue Mar  3 09:34:30 CET 2026
recon-all -s sub-v1s19x0051297_ses-1 finished without error at Tue Mar  3 09:36:49 CET 2026



#New# invocation of recon-all 



status file for recon-all
Tue Mar  3 09:36:52 CET 2026
#@# CA Normalize Tue Mar  3 09:36:52 CET 2026
#@# CA Reg Tue Mar  3 09:37:51 CET 2026
#@# SubCort Seg Tue Mar  3 10:26:23 CET 2026
#@# CC Seg Tue Mar  3 10:54:55 CET 2026
#@# Merge ASeg Tue Mar  3 10:56:22 CET 2026
#@# Intensity Normalization2 Tue Mar  3 10:56:22 CET 2026
#@# Mask BFS Tue Mar  3 10:58:31 CET 2026
#@# WM Segmentation Tue Mar  3 10:58:31 CET 2026
#@# Fill Tue Mar  3 11:00:33 CET 2026
recon-all -s sub-v1s19x0051297_ses-1 finished without error at Tue Mar  3 11:01:34 CET 2026



#New# invocation of recon-all 



status file for recon-all
Tue Mar  3 11:46:26 CET 2026
#@# white curv lh Tue Mar  3 11:46:26 CET 2026
#@# white area lh Tue Mar  3 11:46:26 CET 2026
#@# pial curv lh Tue Mar  3 11:46:26 CET 2026
#@# pial area lh Tue Mar  3 11:46:26 CET 2026
#@# thickness lh Tue Mar  3 11:46:26 CET 2026
#@# area and vertex vol lh Tue Mar  3 11:46:26 CET 2026
#@# white curv rh Tue Mar  3 11:46:26 CET 2026
#@# white area rh Tue Mar  3 11:46:26 CET 2026
#@# pial curv rh Tue Mar  3 11:46:26 CET 2026
#@# pial area rh Tue Mar  3 11:46:26 CET 2026
#@# thickness rh Tue Mar  3 11:46:26 CET 2026
#@# area and vertex vol rh Tue Mar  3 11:46:27 CET 2026
#@# Cortical ribbon mask Tue Mar  3 11:46:27 CET 2026
recon-all -s sub-v1s19x0051297_ses-1 finished without error at Tue Mar  3 11:50:37 CET 2026



#New# invocation of recon-all 



status file for recon-all
Tue Mar  3 11:58:54 CET 2026
#@# white curv lh Tue Mar  3 11:58:54 CET 2026
#@# white area lh Tue Mar  3 11:58:54 CET 2026
#@# pial curv lh Tue Mar  3 11:58:54 CET 2026
#@# pial area lh Tue Mar  3 11:58:54 CET 2026
#@# thickness lh Tue Mar  3 11:58:54 CET 2026
#@# area and vertex vol lh Tue Mar  3 11:58:54 CET 2026
#@# white curv rh Tue Mar  3 11:58:54 CET 2026
#@# white area rh Tue Mar  3 11:58:54 CET 2026
#@# pial curv rh Tue Mar  3 11:58:55 CET 2026
#@# pial area rh Tue Mar  3 11:58:55 CET 2026
#@# thickness rh Tue Mar  3 11:58:55 CET 2026
#@# area and vertex vol rh Tue Mar  3 11:58:55 CET 2026
#@# Curvature Stats lh Tue Mar  3 11:58:55 CET 2026
#@# Curvature Stats rh Tue Mar  3 11:58:57 CET 2026
#@# Relabel Hypointensities Tue Mar  3 11:59:00 CET 2026
#@# APas-to-ASeg Tue Mar  3 11:59:18 CET 2026
#@# AParc-to-ASeg aparc Tue Mar  3 11:59:27 CET 2026
#@# AParc-to-ASeg aparc.a2009s Tue Mar  3 12:00:14 CET 2026
#@# AParc-to-ASeg aparc.DKTatlas Tue Mar  3 12:01:02 CET 2026
#@# WMParc Tue Mar  3 12:01:50 CET 2026
#@# ASeg Stats Tue Mar  3 12:04:27 CET 2026
recon-all -s sub-v1s19x0051297_ses-1 finished without error at Tue Mar  3 12:04:57 CET 2026
