status file for recon-all
Mon Mar  2 17:43:48 CET 2026
#@# MotionCor Mon Mar  2 17:43:50 CET 2026
#@# Talairach Mon Mar  2 17:43:56 CET 2026
#@# Talairach Failure Detection Mon Mar  2 17:47:08 CET 2026
#@# Nu Intensity Correction Mon Mar  2 17:47:08 CET 2026
#@# Intensity Normalization Mon Mar  2 17:50:16 CET 2026
recon-all -s sub-v1s11x0050157_ses-1 finished without error at Mon Mar  2 17:51:32 CET 2026



#New# invocation of recon-all 



status file for recon-all
Mon Mar  2 18:00:40 CET 2026
#@# EM Registration Mon Mar  2 18:00:40 CET 2026
recon-all -s sub-v1s11x0050157_ses-1 finished without error at Mon Mar  2 18:03:00 CET 2026



#New# invocation of recon-all 



status file for recon-all
Mon Mar  2 18:03:02 CET 2026
#@# CA Normalize Mon Mar  2 18:03:02 CET 2026
#@# CA Reg Mon Mar  2 18:03:56 CET 2026
#@# SubCort Seg Mon Mar  2 18:56:28 CET 2026
#@# CC Seg Mon Mar  2 19:25:24 CET 2026
#@# Merge ASeg Mon Mar  2 19:26:06 CET 2026
#@# Intensity Normalization2 Mon Mar  2 19:26:06 CET 2026
#@# Mask BFS Mon Mar  2 19:28:10 CET 2026
#@# WM Segmentation Mon Mar  2 19:28:11 CET 2026
#@# Fill Mon Mar  2 19:30:14 CET 2026
recon-all -s sub-v1s11x0050157_ses-1 finished without error at Mon Mar  2 19:31:17 CET 2026



#New# invocation of recon-all 



status file for recon-all
Mon Mar  2 20:22:18 CET 2026
#@# white curv lh Mon Mar  2 20:22:18 CET 2026
#@# white area lh Mon Mar  2 20:22:18 CET 2026
#@# pial curv lh Mon Mar  2 20:22:18 CET 2026
#@# pial area lh Mon Mar  2 20:22:18 CET 2026
#@# thickness lh Mon Mar  2 20:22:18 CET 2026
#@# area and vertex vol lh Mon Mar  2 20:22:18 CET 2026
#@# white curv rh Mon Mar  2 20:22:18 CET 2026
#@# white area rh Mon Mar  2 20:22:18 CET 2026
#@# pial curv rh Mon Mar  2 20:22:18 CET 2026
#@# pial area rh Mon Mar  2 20:22:18 CET 2026
#@# thickness rh Mon Mar  2 20:22:18 CET 2026
#@# area and vertex vol rh Mon Mar  2 20:22:18 CET 2026
#@# Cortical ribbon mask Mon Mar  2 20:22:18 CET 2026
recon-all -s sub-v1s11x0050157_ses-1 finished without error at Mon Mar  2 20:29:30 CET 2026



#New# invocation of recon-all 



status file for recon-all
Mon Mar  2 20:37:58 CET 2026
#@# white curv lh Mon Mar  2 20:37:58 CET 2026
#@# white area lh Mon Mar  2 20:37:58 CET 2026
#@# pial curv lh Mon Mar  2 20:37:58 CET 2026
#@# pial area lh Mon Mar  2 20:37:58 CET 2026
#@# thickness lh Mon Mar  2 20:37:58 CET 2026
#@# area and vertex vol lh Mon Mar  2 20:37:58 CET 2026
#@# white curv rh Mon Mar  2 20:37:58 CET 2026
#@# white area rh Mon Mar  2 20:37:58 CET 2026
#@# pial curv rh Mon Mar  2 20:37:58 CET 2026
#@# pial area rh Mon Mar  2 20:37:58 CET 2026
#@# thickness rh Mon Mar  2 20:37:58 CET 2026
#@# area and vertex vol rh Mon Mar  2 20:37:58 CET 2026
#@# Curvature Stats lh Mon Mar  2 20:37:58 CET 2026
#@# Curvature Stats rh Mon Mar  2 20:38:01 CET 2026
#@# Relabel Hypointensities Mon Mar  2 20:38:04 CET 2026
#@# APas-to-ASeg Mon Mar  2 20:38:22 CET 2026
#@# AParc-to-ASeg aparc Mon Mar  2 20:38:31 CET 2026
#@# AParc-to-ASeg aparc.a2009s Mon Mar  2 20:39:29 CET 2026
#@# AParc-to-ASeg aparc.DKTatlas Mon Mar  2 20:40:27 CET 2026
#@# WMParc Mon Mar  2 20:41:26 CET 2026
#@# ASeg Stats Mon Mar  2 20:44:07 CET 2026
recon-all -s sub-v1s11x0050157_ses-1 finished without error at Mon Mar  2 20:44:38 CET 2026
