status file for recon-all
Mon Mar  2 19:57:18 CET 2026
#@# Tessellate rh Mon Mar  2 19:57:18 CET 2026
#@# Smooth1 rh Mon Mar  2 19:57:23 CET 2026
#@# Inflation1 rh Mon Mar  2 19:57:25 CET 2026
#@# QSphere rh Mon Mar  2 19:57:41 CET 2026
#@# Fix Topology rh Mon Mar  2 19:59:09 CET 2026
#@# Smooth2 rh Mon Mar  2 20:05:02 CET 2026
#@# Inflation2 rh Mon Mar  2 20:05:06 CET 2026
#@# Curv .H and .K rh Mon Mar  2 20:05:20 CET 2026
#@# Sphere rh Mon Mar  2 20:06:04 CET 2026
#@# Surf Reg rh Mon Mar  2 20:09:46 CET 2026
#@# Jacobian white rh Mon Mar  2 20:14:12 CET 2026
#@# AvgCurv rh Mon Mar  2 20:14:13 CET 2026
#@# Cortical Parc rh Mon Mar  2 20:14:14 CET 2026
#@# white curv rh Mon Mar  2 20:21:02 CET 2026
#@# white area rh Mon Mar  2 20:21:04 CET 2026
#@# pial curv rh Mon Mar  2 20:21:05 CET 2026
#@# pial area rh Mon Mar  2 20:21:06 CET 2026
#@# thickness rh Mon Mar  2 20:21:07 CET 2026
#@# area and vertex vol rh Mon Mar  2 20:21:39 CET 2026
#@# Curvature Stats rh Mon Mar  2 20:21:41 CET 2026
#@# Cortical Parc 2 rh Mon Mar  2 20:21:44 CET 2026
#@# Cortical Parc 3 rh Mon Mar  2 20:21:58 CET 2026
#@# WM/GM Contrast rh Mon Mar  2 20:22:09 CET 2026
recon-all -s sub-v1s11x0050157_ses-1 finished without error at Mon Mar  2 20:22:12 CET 2026



#New# invocation of recon-all 



status file for recon-all
Mon Mar  2 20:33:44 CET 2026
#@# white curv rh Mon Mar  2 20:33:44 CET 2026
#@# white area rh Mon Mar  2 20:33:44 CET 2026
#@# pial curv rh Mon Mar  2 20:33:44 CET 2026
#@# pial area rh Mon Mar  2 20:33:44 CET 2026
#@# thickness rh Mon Mar  2 20:33:44 CET 2026
#@# area and vertex vol rh Mon Mar  2 20:33:44 CET 2026
#@# Parcellation Stats rh Mon Mar  2 20:33:44 CET 2026
#@# Parcellation Stats 2 rh Mon Mar  2 20:34:08 CET 2026
#@# Parcellation Stats 3 rh Mon Mar  2 20:34:21 CET 2026
#@# BA_exvivo Labels rh Mon Mar  2 20:34:33 CET 2026
recon-all -s sub-v1s11x0050157_ses-1 finished without error at Mon Mar  2 20:37:50 CET 2026
